2026-10-09T19:02:15Z INFO Logging to /tmp/logs/update_2026-10-09T19-02-15Z.log.
2026-10-09T19:02:15Z INFO Update valid-nwb-file-to-number-of-datasets (base directory /tmp).
2026-10-09T19:02:16Z INFO Processing 750 items (111585 already recorded).
2026-10-09T19:02:18Z INFO [1/750] 860cefb1-47d4-496e-bd06-263fcba15831: 112 datasets; 2.3 s; peak memory 125 MiB.
2026-10-09T19:05:15Z INFO [2/750] 860d69a2-f662-4bec-b971-6077f6573a68: 260 datasets; 177.1 s; peak memory 300 MiB.
2026-10-09T19:05:17Z INFO [3/750] 860de36a-7d58-4473-bffa-650b77cf47c0: 48 datasets; 1.5 s; peak memory 300 MiB.
2026-10-09T19:05:23Z INFO [4/750] 860e0dee-570c-43d5-8068-679707b448b5: 244 datasets; 6.1 s; peak memory 301 MiB.
2026-10-09T19:05:40Z INFO [5/750] 860e44f9-a192-4a17-9cf4-c7648279f8b2: 574 datasets; 17.4 s; peak memory 301 MiB.
2026-10-09T19:05:46Z INFO [6/750] 860e7444-c895-41c7-accd-fbcea2fd8fb1: 229 datasets; 6.3 s; peak memory 301 MiB.
2026-10-09T19:05:48Z INFO [7/750] 860f178f-815b-4f52-bbdd-eba629db5e8e: 46 datasets; 1.2 s; peak memory 301 MiB.
2026-10-09T19:05:50Z INFO [8/750] 860fc48d-d65a-42a9-b9f0-7a50d0f228a4: 45 datasets; 1.9 s; peak memory 301 MiB.
2026-10-09T19:05:51Z INFO [9/750] 86106a8d-a1aa-4900-8abd-bb4cb88e54bb: 48 datasets; 1.5 s; peak memory 301 MiB.
2026-10-09T19:05:53Z INFO [10/750] 8611251c-2eb6-46bf-9a81-3ecee7ec324a: 112 datasets; 2.1 s; peak memory 301 MiB.
2026-10-09T19:05:55Z INFO [11/750] 86115201-96bc-4c16-93c6-484b0caf601b: 118 datasets; 1.9 s; peak memory 301 MiB.
2026-10-09T19:05:57Z INFO [12/750] 86119aac-bd81-4c12-adcb-2842fffa2d87: 60 datasets; 1.5 s; peak memory 301 MiB.
2026-10-09T19:06:08Z INFO [13/750] 8611d8a5-711b-47df-846a-30d47f0d91fa: 82 datasets; 11.5 s; peak memory 301 MiB.
2026-10-09T19:06:09Z INFO [14/750] 8611d9d5-854d-4cdd-a7f2-f163b0d9cb7c: 46 datasets; 1.2 s; peak memory 301 MiB.
2026-10-09T19:06:11Z INFO [15/750] 86126c79-69ca-4655-9917-6fe7fb8a106c: 41 datasets; 1.4 s; peak memory 302 MiB.
2026-10-09T19:06:12Z INFO [16/750] 8612c9cf-00a6-4e7f-890b-8ccb046e96a9: 48 datasets; 1.5 s; peak memory 302 MiB.
2026-10-09T19:06:14Z INFO [17/750] 86138d9b-6639-4e85-a535-16161dea2391: 48 datasets; 1.5 s; peak memory 302 MiB.
2026-10-09T19:06:16Z INFO [18/750] 8613bb9d-40a0-462a-82d0-b154ed25fea9: 110 datasets; 1.9 s; peak memory 302 MiB.
2026-10-09T19:06:17Z INFO [19/750] 8614a402-2ab5-482b-8d8d-ff22cdfa5110: 48 datasets; 1.5 s; peak memory 303 MiB.
2026-10-09T19:06:23Z INFO [20/750] 8614d263-cbc7-4fbd-bc00-69a8b1b927e5: 260 datasets; 6.4 s; peak memory 303 MiB.
2026-10-09T19:06:25Z INFO [21/750] 86157d7f-9319-4ff7-be5b-16f2fc21d493: 69 datasets; 1.8 s; peak memory 303 MiB.
2026-10-09T19:06:29Z INFO [22/750] 8615bd2c-77db-4cf9-80db-03cc883acb46: 156 datasets; 4.0 s; peak memory 303 MiB.
2026-10-09T19:06:31Z INFO [23/750] 86188803-f0c4-4516-aab2-69bf1fa7b68b: 112 datasets; 2.1 s; peak memory 303 MiB.
2026-10-09T19:06:44Z INFO [24/750] 86193729-1784-478f-a5cc-2d0ea4913e33: 396 datasets; 13.0 s; peak memory 303 MiB.
2026-10-09T19:06:46Z INFO [25/750] 8619657f-ff6f-4e5e-9fba-3ee8d9030de5: 114 datasets; 1.7 s; peak memory 303 MiB.
2026-10-09T19:06:48Z INFO [26/750] 86197ee5-bba4-4189-bd1c-47707c60456e: 46 datasets; 1.6 s; peak memory 304 MiB.
2026-10-09T19:06:51Z INFO [27/750] 861a23d4-4b27-4ddf-bfd6-48f757f88ca9: 53 datasets; 2.9 s; peak memory 304 MiB.
2026-10-09T19:06:52Z INFO [28/750] 861aaa28-ef7d-4fa7-bce9-db592ab8991f: 49 datasets; 1.7 s; peak memory 304 MiB.
2026-10-09T19:07:07Z INFO [29/750] 861afab1-66df-4a41-b4b7-f93fa8459bca: 829 datasets; 15.0 s; peak memory 304 MiB.
2026-10-09T19:07:10Z INFO [30/750] 861b82f9-e612-4e56-9fc0-679a614ab73c: 38 datasets; 3.0 s; peak memory 304 MiB.
2026-10-09T19:07:12Z INFO [31/750] 861bb50c-a32d-4782-ab4c-cae6dca79eee: 48 datasets; 1.5 s; peak memory 304 MiB.
2026-10-09T19:07:15Z INFO [32/750] 861bb97d-ef0f-4cfa-ae0a-0cd7375578e7: 168 datasets; 3.6 s; peak memory 304 MiB.
2026-10-09T19:07:16Z INFO [33/750] 861cb850-e6db-437b-84d6-ac2f69cb6d7a: 46 datasets; 1.2 s; peak memory 304 MiB.
2026-10-09T19:07:18Z INFO [34/750] 861ce178-073e-42ba-b885-48483c9e86ee: 56 datasets; 1.3 s; peak memory 304 MiB.
2026-10-09T19:09:50Z INFO [35/750] 861cf3df-fb45-4202-9afd-3e17ec095f17: 449 datasets; 152.0 s; peak memory 304 MiB.
2026-10-09T19:10:08Z INFO [36/750] 861e5c06-10d9-4c1a-abea-91a4c927627a: 288 datasets; 17.9 s; peak memory 304 MiB.
2026-10-09T19:10:09Z INFO [37/750] 861f93c4-4dca-47a0-a1c4-d140728abbd1: 116 datasets; 1.7 s; peak memory 304 MiB.
2026-10-09T19:10:13Z INFO [38/750] 861ffb2f-a0a4-48c2-bce0-e4c7563c6fd0: 114 datasets; 3.8 s; peak memory 304 MiB.
2026-10-09T19:10:14Z INFO [39/750] 862041cc-089c-4b04-ae9e-5644850d0188: 48 datasets; 1.5 s; peak memory 304 MiB.
2026-10-09T19:10:16Z INFO [40/750] 862093cf-46b2-4557-bdbf-bc16b006a570: 48 datasets; 1.8 s; peak memory 304 MiB.
2026-10-09T19:10:20Z INFO [41/750] 8620d2f7-6d05-4b67-8d44-c7d26f222e62: 156 datasets; 4.0 s; peak memory 304 MiB.
2026-10-09T19:10:23Z INFO [42/750] 8621c80f-f9d8-4434-b106-05a6e37d5821: 112 datasets; 2.3 s; peak memory 304 MiB.
2026-10-09T19:10:24Z INFO [43/750] 8621c92f-7361-46ae-bb67-82f6fc148927: 48 datasets; 1.6 s; peak memory 304 MiB.
2026-10-09T19:10:26Z INFO [44/750] 8621e956-1a9e-4c82-ab89-cc5df822730b: 52 datasets; 1.5 s; peak memory 304 MiB.
2026-10-09T19:10:37Z INFO [45/750] 86223b50-c7d7-4369-afb0-1d49582855ec: 106 datasets; 11.6 s; peak memory 304 MiB.
2026-10-09T19:10:40Z INFO [46/750] 8622d11f-74a1-4108-b3f9-2fd8c598a777: 57 datasets; 2.5 s; peak memory 304 MiB.
2026-10-09T19:10:41Z INFO [47/750] 8622e8ab-563a-484b-a60b-c29f45dd4de1: 60 datasets; 1.6 s; peak memory 304 MiB.
2026-10-09T19:10:43Z INFO [48/750] 86233d72-f8df-42c7-8d6c-da7d4a8b8878: 52 datasets; 1.6 s; peak memory 304 MiB.
2026-10-09T19:10:44Z INFO [49/750] 86239d13-2051-477e-82c5-19774a0ff83e: 47 datasets; 1.2 s; peak memory 304 MiB.
2026-10-09T19:10:46Z INFO [50/750] 8623cd2f-0af5-40ff-8019-3973f637a1a5: 41 datasets; 1.5 s; peak memory 304 MiB.
2026-10-09T19:10:46Z INFO [50/750] 8623cd2f-0af5-40ff-8019-3973f637a1a5: checkpointed 111635 new records.
2026-10-09T19:10:47Z INFO [51/750] 86240865-1592-4352-b2cf-5fc557cfc791: 56 datasets; 1.2 s; peak memory 304 MiB.
2026-10-09T19:10:49Z INFO [52/750] 862462fe-1df8-438c-b78b-1ca7966db04c: 194 datasets; 2.1 s; peak memory 304 MiB.
2026-10-09T19:11:00Z INFO [53/750] 862485d5-29ba-46a1-8b6f-f81870e74b26: 1053 datasets; 10.4 s; peak memory 304 MiB.
2026-10-09T19:11:02Z INFO [54/750] 86248763-0486-4a84-93b1-496586fc8940: 158 datasets; 2.5 s; peak memory 304 MiB.
2026-10-09T19:11:04Z INFO [55/750] 8624ac15-4673-458d-bd45-9695502d8139: 118 datasets; 1.9 s; peak memory 304 MiB.
2026-10-09T19:11:08Z INFO [56/750] 86256f07-4b59-4d64-b8ec-a779b176b08e: 90 datasets; 3.4 s; peak memory 304 MiB.
2026-10-09T19:11:09Z INFO [57/750] 86291850-0de3-4b02-b369-f9885a2495ae: 118 datasets; 1.8 s; peak memory 304 MiB.
2026-10-09T19:11:11Z INFO [58/750] 8629bd40-31f2-4454-9217-ee379b041a94: 116 datasets; 1.8 s; peak memory 304 MiB.
2026-10-09T19:11:13Z INFO [59/750] 8629dc0b-0d6c-41ec-ac77-5f93ded5279b: 69 datasets; 2.0 s; peak memory 304 MiB.
2026-10-09T19:11:15Z INFO [60/750] 862a2045-dbf1-49e7-b35d-f75804f3b0a4: 39 datasets; 1.5 s; peak memory 304 MiB.
2026-10-09T19:11:16Z INFO [61/750] 862a5608-33f5-42ed-9750-533f9d7b5d97: 69 datasets; 1.9 s; peak memory 304 MiB.
2026-10-09T19:11:23Z INFO [62/750] 862c7e4c-c0b8-45d3-ab3b-9c6c106a8edf: 479 datasets; 7.0 s; peak memory 304 MiB.
2026-10-09T19:11:25Z INFO [63/750] 862cae74-c6bc-499a-8f4c-e07b9b20fcf3: 48 datasets; 1.6 s; peak memory 304 MiB.
2026-10-09T19:11:26Z INFO [64/750] 862cea53-0633-4e50-83cd-63959038021f: 46 datasets; 1.4 s; peak memory 304 MiB.
2026-10-09T19:11:30Z INFO [65/750] 862d5c9d-ccd0-4719-85a3-9ada4fda4391: 115 datasets; 3.4 s; peak memory 304 MiB.
2026-10-09T19:11:31Z INFO [66/750] 862d63aa-3aba-4789-b2a5-7e0523f40ba8: 48 datasets; 1.4 s; peak memory 304 MiB.
2026-10-09T19:11:34Z INFO [67/750] 862e209d-d162-4d32-a513-70707c82abb4: 71 datasets; 2.8 s; peak memory 305 MiB.
2026-10-09T19:11:35Z INFO [68/750] 862e298f-4c65-459e-b532-749259188209: 63 datasets; 1.4 s; peak memory 305 MiB.
2026-10-09T19:11:39Z INFO [69/750] 862ed988-ef17-4832-aeb4-28591d280e7d: 38 datasets; 3.1 s; peak memory 305 MiB.
2026-10-09T19:11:41Z INFO [70/750] 862efc00-ad22-42f6-8d7d-347d2d55d642: 112 datasets; 2.0 s; peak memory 305 MiB.
2026-10-09T19:11:43Z INFO [71/750] 862f13a4-1456-4c4d-91ef-65be9445dfde: 121 datasets; 2.8 s; peak memory 305 MiB.
2026-10-09T19:12:08Z INFO [72/750] 862f1d0a-08a1-493e-beed-88432b21c689: 48 datasets; 24.2 s; peak memory 305 MiB.
2026-10-09T19:12:09Z INFO [73/750] 862f5b1a-5a4f-48af-b23a-9d87113897ae: 76 datasets; 1.9 s; peak memory 305 MiB.
2026-10-09T19:12:11Z INFO [74/750] 862f710c-8cd5-4056-b001-f03062fd4663: 48 datasets; 1.5 s; peak memory 305 MiB.
2026-10-09T19:16:12Z INFO [75/750] 862f9a3c-491d-4059-bd92-da910e402cb2: 20348 datasets; 240.8 s; peak memory 520 MiB.
2026-10-09T19:16:14Z INFO [76/750] 862fa25c-3b3a-4147-973c-cd5fa978566f: 117 datasets; 1.8 s; peak memory 520 MiB.
2026-10-09T19:16:16Z INFO [77/750] 862ff3f7-91d8-47ab-ab6a-a873a9a12e23: 70 datasets; 2.1 s; peak memory 520 MiB.
2026-10-09T19:16:18Z INFO [78/750] 86306bb6-5321-4957-b483-49763b296966: 117 datasets; 1.9 s; peak memory 520 MiB.
2026-10-09T19:16:19Z INFO [79/750] 8630c51b-5b6a-4cbb-8c57-53faaaaeb245: 48 datasets; 1.5 s; peak memory 520 MiB.
2026-10-09T19:16:22Z INFO [80/750] 8630fec7-bf6a-41f1-bcb4-fa188ebe4c68: 119 datasets; 2.8 s; peak memory 520 MiB.
2026-10-09T19:16:24Z INFO [81/750] 86317879-ab41-4c94-adbb-09e8537856d1: 62 datasets; 1.9 s; peak memory 520 MiB.
2026-10-09T19:16:26Z INFO [82/750] 8631c8d6-7630-419e-8913-1ff44ca908ea: 52 datasets; 2.1 s; peak memory 520 MiB.
2026-10-09T19:16:27Z INFO [83/750] 863261be-fdea-48b4-b5cd-de3e95177440: 132 datasets; 1.7 s; peak memory 520 MiB.
2026-10-09T19:16:29Z INFO [84/750] 8632afba-2c7b-4dff-95e5-243909602fcd: 112 datasets; 1.9 s; peak memory 520 MiB.
2026-10-09T19:16:31Z INFO [85/750] 86336e3f-cf11-4545-929b-3e37487761ee: 48 datasets; 1.5 s; peak memory 520 MiB.
2026-10-09T19:16:33Z INFO [86/750] 863374e8-f215-41a8-89d1-0b3e737f8b69: 112 datasets; 2.5 s; peak memory 520 MiB.
2026-10-09T19:16:36Z INFO [87/750] 86343724-5845-472a-9718-c330dcdc5b72: 112 datasets; 2.2 s; peak memory 520 MiB.
2026-10-09T19:16:55Z INFO [88/750] 8634f9e7-4b34-44a8-824b-1dcebe62f1f8: 786 datasets; 19.4 s; peak memory 520 MiB.
2026-10-09T19:16:56Z INFO [89/750] 86356e8d-7eb8-40e9-826e-bc42a1a509e1: 46 datasets; 1.2 s; peak memory 520 MiB.
2026-10-09T19:17:01Z INFO [90/750] 8635d36c-9998-4e66-bada-63fef25e39c0: 110 datasets; 4.7 s; peak memory 520 MiB.
2026-10-09T19:17:03Z INFO [91/750] 863635d3-0aaa-4c79-a0ed-9c7335f2e28e: 116 datasets; 1.8 s; peak memory 520 MiB.
2026-10-09T19:17:06Z INFO [92/750] 8636ffdc-dde7-4c25-adfc-95f0a60172b2: 100 datasets; 3.6 s; peak memory 520 MiB.
2026-10-09T19:17:08Z INFO [93/750] 8637f3b9-6ffc-4225-8b6b-a86833ac34cd: 118 datasets; 1.6 s; peak memory 520 MiB.
2026-10-09T19:17:10Z INFO [94/750] 8638b6f6-9d57-4dbd-8829-e385ddc21fad: 112 datasets; 2.4 s; peak memory 520 MiB.
2026-10-09T19:17:12Z INFO [95/750] 8638f874-f69f-428c-9b04-9300957dec77: 66 datasets; 2.1 s; peak memory 520 MiB.
2026-10-09T19:17:36Z INFO [96/750] 8638fb99-379c-40b5-b50e-9c8983461654: 48 datasets; 24.0 s; peak memory 520 MiB.
2026-10-09T19:17:46Z INFO [97/750] 863a1be0-352d-45d3-9ed7-02fa8e491357: 538 datasets; 9.1 s; peak memory 520 MiB.
2026-10-09T19:17:47Z INFO [98/750] 863ab8db-7d7d-4cd3-ad71-0dde228dd24b: 117 datasets; 1.8 s; peak memory 520 MiB.
2026-10-09T19:17:49Z INFO [99/750] 863b1005-fc41-4ec4-87d3-de46973f0aef: 117 datasets; 1.8 s; peak memory 520 MiB.
2026-10-09T19:17:51Z INFO [100/750] 863b1dc8-e32c-4181-b11d-aa7f746927f2: 48 datasets; 1.6 s; peak memory 520 MiB.
2026-10-09T19:17:51Z INFO [100/750] 863b1dc8-e32c-4181-b11d-aa7f746927f2: checkpointed 111685 new records.
2026-10-09T19:17:59Z INFO [101/750] 863b1e39-0b86-4553-a42c-0515c61c5b14: 196 datasets; 8.2 s; peak memory 520 MiB.
2026-10-09T19:18:01Z INFO [102/750] 863c91cc-8ceb-49e6-b043-874945d6e334: 48 datasets; 1.6 s; peak memory 520 MiB.
2026-10-09T19:18:03Z INFO [103/750] 863cdde2-8e70-4efe-98d4-4867bb44c601: 110 datasets; 2.1 s; peak memory 520 MiB.
2026-10-09T19:18:04Z INFO [104/750] 863d7423-3124-494d-a24c-5e6432eafaf5: 46 datasets; 1.2 s; peak memory 520 MiB.
2026-10-09T19:18:07Z INFO [105/750] 863d761c-4b33-4cf4-9eaa-cffad14ca13d: 69 datasets; 2.7 s; peak memory 520 MiB.
2026-10-09T19:18:08Z INFO [106/750] 8640250e-ac47-427b-9c7a-23ccde5996f5: 48 datasets; 1.4 s; peak memory 520 MiB.
2026-10-09T19:18:10Z INFO [107/750] 86404d7d-4309-40bb-ba87-636d86d3f1ea: 117 datasets; 2.0 s; peak memory 520 MiB.
2026-10-09T19:18:12Z INFO [108/750] 8640ae4e-4f52-49a2-933d-cfa05e5ac828: 118 datasets; 1.9 s; peak memory 520 MiB.
2026-10-09T19:18:13Z INFO [109/750] 8641c6f6-b47a-4d9a-8c9c-8b2e3ad96468: 48 datasets; 1.4 s; peak memory 520 MiB.
2026-10-09T19:18:15Z INFO [110/750] 8642e4b5-b878-41a3-9619-249cd59e5d20: 46 datasets; 1.1 s; peak memory 520 MiB.
2026-10-09T19:18:18Z INFO [111/750] 8643285d-27ae-4810-8147-22d5ffe544d3: 116 datasets; 3.6 s; peak memory 520 MiB.
2026-10-09T19:18:19Z INFO [112/750] 8643dc32-e2c5-4781-a785-52e003639a61: 49 datasets; 1.2 s; peak memory 520 MiB.
2026-10-09T19:18:22Z INFO [113/750] 8644620b-f7ff-4550-b185-6ec5a5d3600b: 74 datasets; 2.5 s; peak memory 520 MiB.
2026-10-09T19:18:23Z INFO [114/750] 86448aaa-c95b-461c-a631-18ebd16c5b68: 48 datasets; 1.5 s; peak memory 520 MiB.
2026-10-09T19:18:25Z INFO [115/750] 86450eea-824d-4cb7-b738-650600c646a4: 117 datasets; 1.8 s; peak memory 520 MiB.
2026-10-09T19:18:27Z INFO [116/750] 864512ea-846e-4bed-bef9-b2e4ae671720: 48 datasets; 1.6 s; peak memory 520 MiB.
2026-10-09T19:18:28Z INFO [117/750] 86451520-37ef-4433-ab9f-454dcecd24a2: 117 datasets; 1.7 s; peak memory 520 MiB.
2026-10-09T19:18:30Z INFO [118/750] 86455190-3720-4ee4-b3de-b63780209c3c: 35 datasets; 1.1 s; peak memory 520 MiB.
2026-10-09T19:18:31Z INFO [119/750] 86457dd0-857e-4ba1-9f09-94f0d4265716: 48 datasets; 1.5 s; peak memory 520 MiB.
2026-10-09T19:18:33Z INFO [120/750] 8645f010-fc68-4686-9b3f-18e941b2fd95: 66 datasets; 1.9 s; peak memory 520 MiB.
2026-10-09T19:18:34Z INFO [121/750] 8645f52c-fdd7-4b41-b766-6bdba1570fd5: 48 datasets; 1.5 s; peak memory 520 MiB.
2026-10-09T19:18:42Z INFO [122/750] 86470cde-ecb6-4c61-9588-9409c6d1ff79: 229 datasets; 7.0 s; peak memory 520 MiB.
2026-10-09T20:08:00Z INFO [123/750] 8647b4f8-055d-433d-94a0-2dc2c8aa5bcf: 216 datasets; 2958.3 s; peak memory 1151 MiB.
2026-10-09T20:08:02Z INFO [124/750] 86482500-8179-4534-86dd-2477ee795bbc: 117 datasets; 1.9 s; peak memory 1151 MiB.
2026-10-09T20:08:04Z INFO [125/750] 86493801-55b0-433a-b4bd-41752e6de0da: 79 datasets; 2.1 s; peak memory 1151 MiB.
2026-10-09T20:08:07Z INFO [126/750] 86494f6a-87b7-4d2b-88d4-3a890c1b9923: 158 datasets; 2.9 s; peak memory 1151 MiB.
2026-10-09T20:08:09Z INFO [127/750] 8649d8f7-ac22-4293-a008-1d492b94f88d: 112 datasets; 2.3 s; peak memory 1151 MiB.
2026-10-09T20:08:14Z INFO [128/750] 8649fada-2705-44a2-a2af-fc2206337de4: 287 datasets; 5.0 s; peak memory 1151 MiB.
2026-10-09T20:08:16Z INFO [129/750] 864a426c-e847-4d0c-9190-3bb15273d017: 48 datasets; 1.5 s; peak memory 1151 MiB.
2026-10-09T20:08:17Z INFO [130/750] 864aeff9-463f-424f-ac86-492c5e4b06d4: 48 datasets; 1.5 s; peak memory 1151 MiB.
2026-10-09T20:08:19Z INFO [131/750] 864b2817-55e8-4153-a5af-108b2586983a: 112 datasets; 2.4 s; peak memory 1151 MiB.
2026-10-09T20:08:21Z INFO [132/750] 864b9fd4-0ae9-499f-b5a3-c4ed514d4ac2: 48 datasets; 1.6 s; peak memory 1151 MiB.
2026-10-09T20:08:25Z INFO [133/750] 864c2107-82a9-4c0a-b841-dc0a77c28df4: 115 datasets; 3.4 s; peak memory 1151 MiB.
2026-10-09T20:08:26Z INFO [134/750] 864c521b-c87d-4113-87de-7e17ba3e5076: 53 datasets; 1.3 s; peak memory 1151 MiB.
2026-10-09T20:08:27Z INFO [135/750] 864c7941-773e-48c5-9760-93a1bccc5671: 48 datasets; 1.5 s; peak memory 1151 MiB.
2026-10-09T20:08:30Z INFO [136/750] 864d081b-4888-474d-b874-36931bcffef8: 66 datasets; 2.3 s; peak memory 1151 MiB.
2026-10-09T20:08:31Z INFO [137/750] 864d6484-86d6-4366-97ce-acad7d32bdfc: 48 datasets; 1.6 s; peak memory 1151 MiB.
2026-10-09T20:11:30Z INFO [138/750] 864da6ba-b924-4c79-8176-87b8efccc3eb: 257 datasets; 178.5 s; peak memory 1151 MiB.
2026-10-09T20:11:32Z INFO [139/750] 864f73e1-a131-476a-8d3c-b1d587c58fd3: 48 datasets; 1.8 s; peak memory 1151 MiB.
2026-10-09T20:11:34Z INFO [140/750] 864f88f3-7130-49c1-a8c4-0fdb9a6d31f2: 131 datasets; 2.3 s; peak memory 1151 MiB.
2026-10-09T20:11:36Z INFO [141/750] 864fc493-75df-4fa8-ada8-ba94ea36d2cc: 66 datasets; 2.6 s; peak memory 1151 MiB.
2026-10-09T20:11:38Z INFO [142/750] 86509386-281e-4bd5-ad02-eae5b17a8e22: 66 datasets; 2.1 s; peak memory 1151 MiB.
2026-10-09T20:22:11Z INFO [143/750] 86514d0a-d39a-4c0d-99b6-07718cdf5b3d: 99 datasets; 632.1 s; peak memory 1151 MiB.
2026-10-09T20:22:13Z INFO [144/750] 86516360-e9f4-4a2b-b33d-c498b87c45d4: 78 datasets; 2.5 s; peak memory 1151 MiB.
2026-10-09T20:22:15Z INFO [145/750] 8651f596-dd39-499f-bd00-8793b26d4b6a: 66 datasets; 2.1 s; peak memory 1151 MiB.
2026-10-09T20:22:17Z INFO [146/750] 86520130-3e9d-44de-b5da-724d942a0a9b: 64 datasets; 1.6 s; peak memory 1151 MiB.
2026-10-09T20:22:18Z INFO [147/750] 86523a3e-c2a7-4fe7-ada8-cd281c6af225: 117 datasets; 1.7 s; peak memory 1151 MiB.
2026-10-09T20:22:34Z INFO [148/750] 865261f8-2163-41a6-9b68-577a434efef5: 98 datasets; 15.9 s; peak memory 1151 MiB.
2026-10-09T20:22:38Z INFO [149/750] 8652b629-d869-483e-be16-68661877150d: 115 datasets; 3.5 s; peak memory 1151 MiB.
2026-10-09T20:22:39Z INFO [150/750] 86549f31-ee5b-4435-9fbe-250e76cfdc59: 55 datasets; 1.3 s; peak memory 1151 MiB.
2026-10-09T20:22:39Z INFO [150/750] 86549f31-ee5b-4435-9fbe-250e76cfdc59: checkpointed 111735 new records.
2026-10-09T20:22:43Z INFO [151/750] 8654a47e-ab00-494d-b684-16fef19e20a3: 168 datasets; 3.2 s; peak memory 1151 MiB.
2026-10-09T20:22:44Z INFO [152/750] 8654c956-f06e-41e6-8dc3-21988bc0f62d: 46 datasets; 1.1 s; peak memory 1151 MiB.
2026-10-09T20:22:46Z INFO [153/750] 86555709-3176-4250-882c-05daaa927aeb: 66 datasets; 2.1 s; peak memory 1151 MiB.
2026-10-09T20:22:48Z INFO [154/750] 86563016-9488-46d2-aade-6435b2c14b9e: 112 datasets; 2.1 s; peak memory 1151 MiB.
2026-10-09T20:22:49Z INFO [155/750] 8656d149-8dad-4d1b-b237-f12dd09112be: 56 datasets; 1.3 s; peak memory 1151 MiB.
2026-10-09T20:22:52Z INFO [156/750] 8656eed8-aef2-45bd-a2fb-563bdec13002: 81 datasets; 2.7 s; peak memory 1151 MiB.
2026-10-09T20:28:18Z INFO [157/750] 8657874e-f90f-4cc1-853b-2b195a7beefb: 62 datasets; 326.4 s; peak memory 1151 MiB.
2026-10-09T20:28:21Z INFO [158/750] 8657aab6-0c6b-4ce3-bd70-04c6cb43ca11: 85 datasets; 2.4 s; peak memory 1151 MiB.
2026-10-09T20:28:28Z INFO [159/750] 865a2e6c-eba5-4681-af9f-f76ba773d2f0: 229 datasets; 7.0 s; peak memory 1151 MiB.
2026-10-09T20:28:30Z INFO [160/750] 865bc196-60b8-4ad2-8939-ca9f3cf3d11f: 118 datasets; 1.9 s; peak memory 1151 MiB.
2026-10-09T20:28:31Z INFO [161/750] 865c7623-556d-49cb-b89e-09687841cda6: 37 datasets; 1.2 s; peak memory 1151 MiB.
2026-10-09T20:28:33Z INFO [162/750] 865cafa9-9943-4bec-b415-2259bb54ea50: 110 datasets; 2.1 s; peak memory 1151 MiB.
2026-10-09T20:28:36Z INFO [163/750] 865cfd24-4abf-4804-889a-db3afd0f8627: 115 datasets; 3.5 s; peak memory 1151 MiB.
2026-10-09T20:28:39Z INFO [164/750] 865de053-23d1-418e-bd3b-0345e251485d: 110 datasets; 2.2 s; peak memory 1151 MiB.
2026-10-09T20:28:40Z INFO [165/750] 865e814b-8023-4b4c-82b4-f8d764553bbc: 48 datasets; 1.6 s; peak memory 1151 MiB.
2026-10-09T20:28:42Z INFO [166/750] 865f095a-4426-4519-af9d-bdbe7b37254e: 52 datasets; 1.7 s; peak memory 1151 MiB.
2026-10-09T20:28:45Z INFO [167/750] 866080ea-b487-4740-b649-da1c58cd1bb6: 116 datasets; 3.4 s; peak memory 1151 MiB.
2026-10-09T20:28:48Z INFO [168/750] 8660a7e7-c334-4ea7-b8d3-61efc21b95e0: 119 datasets; 3.0 s; peak memory 1151 MiB.
2026-10-09T20:31:25Z INFO [169/750] 8660c099-dca8-429f-a7bb-9f0e3b70fcc9: 167 datasets; 156.5 s; peak memory 1151 MiB.
2026-10-09T20:31:26Z INFO [170/750] 866191c8-9f52-48bd-8932-535394fa7f09: 43 datasets; 1.5 s; peak memory 1151 MiB.
2026-10-09T20:31:28Z INFO [171/750] 8661e77e-99fc-4ca8-bc7e-4432e5b91586: 48 datasets; 1.5 s; peak memory 1151 MiB.
2026-10-09T20:31:29Z INFO [172/750] 8661f119-bd0d-4e32-bde7-684b32397143: 48 datasets; 1.4 s; peak memory 1151 MiB.
2026-10-09T20:31:32Z INFO [173/750] 86625e07-3db8-4c40-aa9d-e7ac99e18149: 71 datasets; 2.7 s; peak memory 1151 MiB.
2026-10-09T20:31:33Z INFO [174/750] 86636ad6-2c2f-43e6-8681-5dbab587dadb: 41 datasets; 1.3 s; peak memory 1151 MiB.
2026-10-09T20:31:36Z INFO [175/750] 86644d57-aabf-4238-ad82-5644110a4b55: 71 datasets; 2.5 s; peak memory 1151 MiB.
2026-10-09T20:31:37Z INFO [176/750] 86648c73-f842-4a1b-b882-f604ff87cfdf: 56 datasets; 1.2 s; peak memory 1151 MiB.
2026-10-09T20:31:39Z INFO [177/750] 8664ccc7-c08a-499a-89f1-4f83ac8126b9: 48 datasets; 1.6 s; peak memory 1151 MiB.
2026-10-09T20:31:40Z INFO [178/750] 8664ed9f-556c-49cb-878e-e7a3521ec1bc: 46 datasets; 1.6 s; peak memory 1151 MiB.
2026-10-09T20:31:42Z INFO [179/750] 86661e8f-59b7-4be0-85dd-fa238667b3b6: 66 datasets; 2.0 s; peak memory 1151 MiB.
2026-10-09T20:31:44Z INFO [180/750] 86666c19-4220-47d2-b997-f4c0001f8ca2: 48 datasets; 1.4 s; peak memory 1151 MiB.
2026-10-09T20:31:45Z INFO [181/750] 86685637-5131-4987-9fb3-7386e7c297fa: 117 datasets; 1.7 s; peak memory 1151 MiB.
2026-10-09T20:32:10Z INFO [182/750] 86688ce8-30a6-4bc3-9097-b15352ee868b: 48 datasets; 24.3 s; peak memory 1151 MiB.
2026-10-09T20:35:01Z INFO [183/750] 86692e7a-a502-4cc2-b95b-a1d6ae0b5aff: 14516 datasets; 171.2 s; peak memory 1151 MiB.
2026-10-09T20:35:02Z INFO [184/750] 8669a13d-c7f3-450b-8f7f-d498a1f2822f: 52 datasets; 1.6 s; peak memory 1151 MiB.
2026-10-09T20:35:05Z INFO [185/750] 8669d654-58a6-4a1c-a3af-ed156e807356: 112 datasets; 2.2 s; peak memory 1151 MiB.
2026-10-09T20:35:06Z INFO [186/750] 866a5c20-9d3e-454b-984d-244cfe961d31: 117 datasets; 1.7 s; peak memory 1151 MiB.
2026-10-09T20:35:17Z INFO [187/750] 866ac1f9-2839-4c79-902c-00ddeb5492bc: 11477 datasets; 10.8 s; peak memory 1151 MiB.
2026-10-09T20:35:19Z INFO [188/750] 866adb1c-a3d4-4426-b946-11894c19a8f2: 48 datasets; 1.7 s; peak memory 1151 MiB.
2026-10-09T20:35:22Z INFO [189/750] 866af229-24a1-446e-a756-a87bda6cb669: 71 datasets; 2.7 s; peak memory 1151 MiB.
2026-10-09T20:35:23Z INFO [190/750] 866baf1e-1eb2-4430-bc5e-2bceed055cc8: 52 datasets; 1.6 s; peak memory 1151 MiB.
2026-10-09T20:35:40Z INFO [191/750] 866bed14-1e6d-40d8-b9e6-c8a389d107a2: 836 datasets; 16.9 s; peak memory 1151 MiB.
2026-10-09T20:35:42Z INFO [192/750] 866c6245-466b-4c31-8423-30b670effbcc: 61 datasets; 1.4 s; peak memory 1151 MiB.
2026-10-09T20:35:43Z INFO [193/750] 866d50c2-c6b5-448d-9268-6654decf7803: 46 datasets; 1.2 s; peak memory 1151 MiB.
2026-10-09T20:36:50Z INFO [194/750] 866d8ec7-397d-414a-962b-06f6812c0a45: 75 datasets; 66.9 s; peak memory 1151 MiB.
2026-10-09T20:36:51Z INFO [195/750] 866e19b5-a8db-4832-bdcb-c6915c3c39f7: 48 datasets; 1.6 s; peak memory 1151 MiB.
2026-10-09T20:37:16Z INFO [196/750] 866e3905-d70d-4689-89e4-154a70b027e8: 48 datasets; 25.2 s; peak memory 1151 MiB.
2026-10-09T20:37:19Z INFO [197/750] 866e8c36-2522-4e46-97af-f5ef275c1eb8: 66 datasets; 2.3 s; peak memory 1151 MiB.
2026-10-09T20:37:20Z INFO [198/750] 866ee252-85d3-466f-9b0c-82ffe536cd11: 54 datasets; 1.3 s; peak memory 1151 MiB.
2026-10-09T20:37:22Z INFO [199/750] 866f18ee-6422-4681-a6fe-4abeb8e8cb4b: 38 datasets; 1.4 s; peak memory 1151 MiB.
2026-10-09T20:37:23Z INFO [200/750] 866fb75c-f191-4570-a4b1-94e9a0e400f6: 112 datasets; 1.9 s; peak memory 1151 MiB.
2026-10-09T20:37:24Z INFO [200/750] 866fb75c-f191-4570-a4b1-94e9a0e400f6: checkpointed 111785 new records.
2026-10-09T20:37:25Z INFO [201/750] 866fb9e8-be91-43f0-8546-a59351d26644: 48 datasets; 1.5 s; peak memory 1151 MiB.
2026-10-09T20:37:43Z INFO [202/750] 866fc8dc-86e6-48de-90de-abc3960f5470: 772 datasets; 17.9 s; peak memory 1151 MiB.
2026-10-09T20:37:50Z INFO [203/750] 866fe575-7cfe-494b-af26-d4aa32d6926d: 538 datasets; 6.8 s; peak memory 1151 MiB.
2026-10-09T20:42:56Z INFO [204/750] 86715b42-fe1e-49e7-a811-d08758aa2d55: 62 datasets; 306.1 s; peak memory 1151 MiB.
2026-10-09T20:42:58Z INFO [205/750] 8671871a-c3a1-4dbf-8ffb-9e9a2c586867: 117 datasets; 1.9 s; peak memory 1151 MiB.
2026-10-09T20:42:59Z INFO [206/750] 8671d6fc-7b4c-4356-be3d-d84940f2d2af: 37 datasets; 1.2 s; peak memory 1151 MiB.
2026-10-09T20:43:01Z INFO [207/750] 8673a389-bce3-4175-81e0-4347c40175a7: 48 datasets; 1.5 s; peak memory 1151 MiB.
2026-10-09T20:43:02Z INFO [208/750] 86749eb8-33fe-4bf3-beb2-3383d813372e: 117 datasets; 1.8 s; peak memory 1151 MiB.
2026-10-09T20:43:04Z INFO [209/750] 8674d9b4-3ffd-40c8-ad2c-a3a68c719b71: 69 datasets; 1.6 s; peak memory 1151 MiB.
2026-10-09T20:43:06Z INFO [210/750] 8675099e-420c-48cb-911a-39ff22df92b0: 112 datasets; 2.2 s; peak memory 1151 MiB.
2026-10-09T20:43:08Z INFO [211/750] 86751dee-2bd3-4f76-8da1-2b08ee6c01c1: 116 datasets; 1.8 s; peak memory 1151 MiB.
2026-10-09T20:43:27Z INFO [212/750] 86761986-8342-4cca-bd85-d53fc781cf0d: 1482 datasets; 19.0 s; peak memory 1151 MiB.
2026-10-09T20:43:29Z INFO [213/750] 86777e30-9b97-4fb9-807c-966ede8fa054: 48 datasets; 1.6 s; peak memory 1151 MiB.
2026-10-09T20:43:42Z INFO [214/750] 867789b3-30ae-4dad-a83b-15a308753ffd: 748 datasets; 13.0 s; peak memory 1151 MiB.
2026-10-09T20:43:48Z INFO [215/750] 86778ed6-af1d-4c3e-aae6-f435b376f13a: 192 datasets; 6.2 s; peak memory 1151 MiB.
2026-10-09T20:43:49Z INFO [216/750] 86786881-d992-46d3-8e19-24b5d45b5112: 39 datasets; 1.5 s; peak memory 1151 MiB.
2026-10-09T20:43:52Z INFO [217/750] 8678bed7-812e-43bb-9235-011c268c968d: 66 datasets; 2.5 s; peak memory 1151 MiB.
2026-10-09T20:43:54Z INFO [218/750] 867906fe-620c-4856-84cd-b1b5d4235f30: 48 datasets; 1.6 s; peak memory 1151 MiB.
2026-10-09T20:44:03Z INFO [219/750] 86791e4c-fcc6-4111-8e34-90b68070f835: 257 datasets; 9.2 s; peak memory 1151 MiB.
2026-10-09T20:44:05Z INFO [220/750] 867975af-531e-4439-8f46-44e4cdd63f05: 74 datasets; 2.0 s; peak memory 1151 MiB.
2026-10-09T20:44:06Z INFO [221/750] 8679e38e-8076-4980-9914-1213f09a0691: 48 datasets; 1.5 s; peak memory 1151 MiB.
2026-10-09T20:44:08Z INFO [222/750] 867a929a-d760-475d-8f8f-c0893b64bf82: 48 datasets; 1.5 s; peak memory 1151 MiB.
2026-10-09T20:44:34Z INFO [223/750] 867aba74-c65d-4c44-8e73-86190952bf2e: 48 datasets; 26.2 s; peak memory 1151 MiB.
2026-10-09T20:44:36Z INFO [224/750] 867d0b03-0025-4933-a99d-b0f6573a0f6a: 71 datasets; 2.3 s; peak memory 1151 MiB.
2026-10-09T20:44:49Z INFO [225/750] 867d2366-a215-4616-986e-19abaa81930a: 410 datasets; 12.9 s; peak memory 1151 MiB.
2026-10-09T20:44:51Z INFO [226/750] 867d4ed7-99ae-4cb2-92c4-0dfcfdf91979: 48 datasets; 1.5 s; peak memory 1151 MiB.
2026-10-09T20:44:52Z INFO [227/750] 867fb82b-bff5-4354-a6f3-1a932c193889: 53 datasets; 1.4 s; peak memory 1151 MiB.
2026-10-09T20:44:54Z INFO [228/750] 86803157-6343-4ed3-82b5-e06ad43ed040: 71 datasets; 2.0 s; peak memory 1151 MiB.
2026-10-09T20:44:56Z INFO [229/750] 8680d718-10aa-468f-98b2-45b48117b1a9: 117 datasets; 1.9 s; peak memory 1151 MiB.
2026-10-09T20:44:58Z INFO [230/750] 8680ea08-11c3-43ef-94af-dba5186ca0ce: 112 datasets; 2.3 s; peak memory 1151 MiB.
2026-10-09T20:45:00Z INFO [231/750] 8682faef-5f77-4e8d-a907-b39911658246: 63 datasets; 1.4 s; peak memory 1151 MiB.
2026-10-09T20:45:02Z INFO [232/750] 86836114-d545-4275-a678-68fa6785186a: 69 datasets; 2.0 s; peak memory 1151 MiB.
2026-10-09T20:45:04Z INFO [233/750] 86842aa2-1c63-4185-8396-60fdd34fea2f: 66 datasets; 2.1 s; peak memory 1151 MiB.
2026-10-09T20:45:05Z INFO [234/750] 8684682b-85d3-44b7-8db6-7593e2292884: 117 datasets; 1.7 s; peak memory 1151 MiB.
2026-10-09T20:45:08Z INFO [235/750] 86850b68-35d3-4188-8c59-d980e0c39fd4: 69 datasets; 2.2 s; peak memory 1151 MiB.
2026-10-09T20:45:15Z INFO [236/750] 86851ecc-7703-4eb4-9465-93cca69cdcc7: 49 datasets; 7.1 s; peak memory 1151 MiB.
2026-10-09T20:45:16Z INFO [237/750] 86859769-89ff-4ff4-9576-bbe4c3b77872: 48 datasets; 1.5 s; peak memory 1151 MiB.
2026-10-09T20:45:19Z INFO [238/750] 8685bdf0-160d-4ad0-ad4e-119ca62bf9d9: 101 datasets; 2.6 s; peak memory 1151 MiB.
2026-10-09T20:45:20Z INFO [239/750] 8685ca55-be69-4715-92a6-32268ed42885: 48 datasets; 1.4 s; peak memory 1151 MiB.
2026-10-09T20:48:11Z INFO [240/750] 8685edb4-5664-47d0-bec7-fc6a49f1be6a: 129 datasets; 171.0 s; peak memory 1151 MiB.
2026-10-09T20:48:13Z INFO [241/750] 868660c8-b8bf-4307-8e31-d7bb5c6fcc28: 117 datasets; 1.8 s; peak memory 1151 MiB.
2026-10-09T20:48:16Z INFO [242/750] 86873e50-1c34-4b8f-a05f-664fd1f15aef: 90 datasets; 3.3 s; peak memory 1151 MiB.
2026-10-09T20:48:18Z INFO [243/750] 8687463b-55b1-49a3-ac22-41ea2b30937c: 45 datasets; 1.2 s; peak memory 1151 MiB.
2026-10-09T20:48:20Z INFO [244/750] 8687cc3a-1708-4997-bfd4-7cb99c0205ca: 69 datasets; 2.2 s; peak memory 1151 MiB.
2026-10-09T20:48:36Z INFO [245/750] 86882817-d37d-4593-b2fd-b44ee4dff7e2: 847 datasets; 16.8 s; peak memory 1151 MiB.
2026-10-09T20:48:48Z INFO [246/750] 868899e1-68db-4b74-962b-147e13c440a2: 777 datasets; 11.3 s; peak memory 1151 MiB.
2026-10-09T20:48:50Z INFO [247/750] 86897472-7de0-4f69-acba-bae3a7d95d34: 114 datasets; 1.8 s; peak memory 1151 MiB.
2026-10-09T20:48:52Z INFO [248/750] 86898bec-d618-4143-9829-5f4962e59bb9: 112 datasets; 2.3 s; peak memory 1151 MiB.
2026-10-09T20:48:54Z INFO [249/750] 86898fc7-892f-44e3-a380-b4c864408a9a: 117 datasets; 1.9 s; peak memory 1151 MiB.
2026-10-09T20:48:55Z INFO [250/750] 8689eade-7447-486c-bba0-8ced120cf39e: 46 datasets; 1.3 s; peak memory 1151 MiB.
2026-10-09T20:48:55Z INFO [250/750] 8689eade-7447-486c-bba0-8ced120cf39e: checkpointed 111835 new records.
2026-10-09T20:48:57Z INFO [251/750] 868bf8fe-3216-4d45-bbff-9d0cbe2f4104: 39 datasets; 1.7 s; peak memory 1151 MiB.
2026-10-09T20:49:02Z INFO [252/750] 868c1b2b-bbd9-4f70-b326-c448471e138e: 346 datasets; 4.6 s; peak memory 1151 MiB.
2026-10-09T20:49:04Z INFO [253/750] 868c8fc9-92b6-41b6-ad61-73f0c3f09a80: 116 datasets; 2.1 s; peak memory 1151 MiB.
2026-10-09T20:49:05Z INFO [254/750] 868d6e15-bf6e-4f35-a1b9-da54f1b0d65c: 46 datasets; 1.5 s; peak memory 1151 MiB.
2026-10-09T20:49:08Z INFO [255/750] 868dfdca-6e76-4ee3-bb64-82270857b8c2: 38 datasets; 3.1 s; peak memory 1151 MiB.
2026-10-09T20:49:10Z INFO [256/750] 868f1bfa-b6a4-4597-a713-e09d9aa6d1f1: 84 datasets; 1.7 s; peak memory 1151 MiB.
2026-10-09T20:49:11Z INFO [257/750] 868f5b5d-f763-4210-b8b8-c52340a8bf07: 114 datasets; 1.4 s; peak memory 1151 MiB.
2026-10-09T20:49:14Z INFO [258/750] 868f5ba4-2a81-443a-8808-9d9e22316b80: 109 datasets; 2.7 s; peak memory 1151 MiB.
2026-10-09T20:49:30Z INFO [259/750] 868f666b-fc3c-4300-9301-12def7909d9f: 579 datasets; 15.7 s; peak memory 1151 MiB.
2026-10-09T20:49:31Z INFO [260/750] 869070b9-b299-4a99-a8b4-a715ca334792: 45 datasets; 1.3 s; peak memory 1151 MiB.
2026-10-09T20:49:40Z INFO [261/750] 8690baaa-c3a8-4715-93d6-b0d2fe5ad93d: 56 datasets; 9.3 s; peak memory 1151 MiB.
2026-10-09T20:49:42Z INFO [262/750] 8691bb7b-8a7f-4460-bcbd-3227a18efd48: 51 datasets; 1.8 s; peak memory 1151 MiB.
2026-10-09T20:49:44Z INFO [263/750] 8693a38a-7cc7-49bd-8e21-e6758c6abbbd: 118 datasets; 1.7 s; peak memory 1151 MiB.
2026-10-09T20:49:48Z INFO [264/750] 86940cd2-12ae-4ea6-9faa-4a93b3b271f6: 85 datasets; 3.8 s; peak memory 1151 MiB.
2026-10-09T20:49:50Z INFO [265/750] 86949030-4be7-4697-9d9f-5287a177d1b0: 51 datasets; 2.9 s; peak memory 1151 MiB.
2026-10-09T20:49:52Z INFO [266/750] 86949065-14f9-45e1-8ab5-8e38c4ceb2a7: 118 datasets; 1.8 s; peak memory 1151 MiB.
2026-10-09T20:49:54Z INFO [267/750] 8694daa3-9185-4ed3-9d2f-a53775a97b7f: 52 datasets; 1.7 s; peak memory 1151 MiB.
2026-10-09T20:49:55Z INFO [268/750] 86957669-bd38-4d0e-8c1f-210fdf7854cd: 48 datasets; 1.4 s; peak memory 1151 MiB.
2026-10-09T20:49:57Z INFO [269/750] 8695bf0c-7644-408d-9ca2-779f0ea750b0: 48 datasets; 1.5 s; peak memory 1151 MiB.
2026-10-09T20:49:59Z INFO [270/750] 8695e374-2ecb-45da-8e3c-ab7043bda460: 118 datasets; 1.7 s; peak memory 1151 MiB.
2026-10-09T20:50:02Z INFO [271/750] 8695f85e-e220-47d5-a3ce-3ce8c2ab4b5c: 41 datasets; 3.2 s; peak memory 1151 MiB.
2026-10-09T20:50:03Z INFO [272/750] 86963a2e-6665-4e89-9621-092c730a4e48: 48 datasets; 1.4 s; peak memory 1151 MiB.
2026-10-09T20:50:04Z INFO [273/750] 869681e0-c4e4-4153-8ce0-24092999d827: 57 datasets; 1.2 s; peak memory 1151 MiB.
2026-10-09T20:50:06Z INFO [274/750] 8696b92f-604b-42fc-a25f-186614d33c06: 84 datasets; 1.8 s; peak memory 1151 MiB.
2026-10-09T20:50:07Z INFO [275/750] 86974ddf-e319-4959-93b8-3873c2f61eff: 46 datasets; 1.1 s; peak memory 1151 MiB.
2026-10-09T20:50:09Z INFO [276/750] 86983615-db6a-4696-bd6d-53de744ecac3: 48 datasets; 1.6 s; peak memory 1151 MiB.
2026-10-09T20:50:11Z INFO [277/750] 8698bc6d-f974-4be6-ab1e-50c9564f1249: 117 datasets; 1.8 s; peak memory 1151 MiB.
2026-10-09T20:50:17Z INFO [278/750] 8699b431-5623-45a4-8232-ded3d9a22beb: 174 datasets; 6.6 s; peak memory 1151 MiB.
2026-10-09T20:50:19Z INFO [279/750] 869b0f56-2869-4b0c-be2f-80f7eb79c3f6: 46 datasets; 1.4 s; peak memory 1151 MiB.
2026-10-09T20:50:20Z INFO [280/750] 869b77de-2c33-4bf5-bc00-3410c5884382: 56 datasets; 1.2 s; peak memory 1151 MiB.
2026-10-09T20:50:22Z INFO [281/750] 869b80ca-e2ba-4133-88fe-8229155fdb54: 48 datasets; 1.5 s; peak memory 1151 MiB.
2026-10-09T20:50:58Z INFO [282/750] 869c3324-101f-49d6-a8be-84d8003589c2: 48 datasets; 36.1 s; peak memory 1151 MiB.
2026-10-09T20:50:59Z INFO [283/750] 869caa56-6ddd-489d-95b4-b957e6d37fa6: 48 datasets; 1.5 s; peak memory 1151 MiB.
2026-10-09T20:51:04Z INFO [284/750] 869d4d7d-64c9-40a7-89a9-457b264c3d36: 283 datasets; 5.3 s; peak memory 1151 MiB.
2026-10-09T20:51:06Z INFO [285/750] 869f0fb8-ed73-4166-9aa2-54b9a94d183f: 48 datasets; 1.7 s; peak memory 1151 MiB.
2026-10-09T20:51:08Z INFO [286/750] 869f380d-cdd1-4894-86cf-cfaa7300a305: 63 datasets; 1.6 s; peak memory 1151 MiB.
2026-10-09T20:51:12Z INFO [287/750] 869f9d8f-f889-49f6-afb9-d402bf8adc49: 48 datasets; 4.7 s; peak memory 1151 MiB.
2026-10-09T20:51:14Z INFO [288/750] 869fecd5-0d5c-4e8f-aa78-040674950068: 117 datasets; 1.8 s; peak memory 1151 MiB.
2026-10-09T20:51:16Z INFO [289/750] 86a0f45d-5cad-4710-9dbb-c6f370be2725: 48 datasets; 1.7 s; peak memory 1151 MiB.
2026-10-09T20:51:18Z INFO [290/750] 86a0f7c1-d0af-4001-9c9f-7cac579ff52d: 118 datasets; 1.8 s; peak memory 1151 MiB.
2026-10-09T20:51:19Z INFO [291/750] 86a148e1-2541-4a95-8b0f-c4cafc781d3c: 48 datasets; 1.6 s; peak memory 1151 MiB.
2026-10-09T20:51:21Z INFO [292/750] 86a37622-a51b-4592-b671-5563f13b9817: 117 datasets; 1.7 s; peak memory 1151 MiB.
2026-10-09T20:51:39Z INFO [293/750] 86a432f2-9608-4b54-b70b-4bb2531621a2: 1165 datasets; 17.9 s; peak memory 1151 MiB.
2026-10-09T20:52:05Z INFO [294/750] 86a59964-178c-4571-8906-836a2bf48e6a: 907 datasets; 25.7 s; peak memory 1151 MiB.
2026-10-09T20:52:06Z INFO [295/750] 86a607e7-850c-4a30-bfde-496e96a104a6: 48 datasets; 1.5 s; peak memory 1151 MiB.
2026-10-09T20:52:09Z INFO [296/750] 86a62174-b01c-4e91-8694-3af14aaf0abf: 38 datasets; 3.1 s; peak memory 1151 MiB.
2026-10-09T20:52:11Z INFO [297/750] 86a62ad3-bfa4-495f-861c-6b25562c1f25: 112 datasets; 2.1 s; peak memory 1151 MiB.
2026-10-09T20:52:13Z INFO [298/750] 86a73293-69c3-4f05-ad09-f6547f886ca3: 48 datasets; 1.5 s; peak memory 1151 MiB.
2026-10-09T20:52:15Z INFO [299/750] 86a76f2b-805f-4d46-928e-129843b02663: 117 datasets; 2.0 s; peak memory 1151 MiB.
2026-10-09T20:52:16Z INFO [300/750] 86a77f32-cb80-4e03-bb51-23e77d002691: 48 datasets; 1.5 s; peak memory 1151 MiB.
2026-10-09T20:52:16Z INFO [300/750] 86a77f32-cb80-4e03-bb51-23e77d002691: checkpointed 111885 new records.
2026-10-09T20:52:20Z INFO [301/750] 86a835f2-420a-4021-b726-dd58e0b8c8e7: 85 datasets; 3.8 s; peak memory 1151 MiB.
2026-10-09T20:52:23Z INFO [302/750] 86a8aa14-6ebf-4f64-8cbe-0abec5d06b96: 158 datasets; 3.2 s; peak memory 1151 MiB.
2026-10-09T20:52:25Z INFO [303/750] 86a8b813-da69-4659-9c99-36088b852cd4: 117 datasets; 1.8 s; peak memory 1151 MiB.
2026-10-09T20:52:27Z INFO [304/750] 86ab61c3-2a31-4396-8ed0-58c2cef40a1e: 59 datasets; 1.9 s; peak memory 1151 MiB.
2026-10-09T20:52:29Z INFO [305/750] 86ab9a7a-ac03-4bfa-9463-8c43bce4656a: 43 datasets; 1.6 s; peak memory 1151 MiB.
2026-10-09T20:52:31Z INFO [306/750] 86ac7b96-c14d-4ba0-bd88-c4cc77f0967b: 110 datasets; 2.1 s; peak memory 1151 MiB.
2026-10-09T20:52:35Z INFO [307/750] 86ad1e69-4cb6-4917-aa51-b35d76a24743: 116 datasets; 3.8 s; peak memory 1151 MiB.
2026-10-09T20:52:37Z INFO [308/750] 86ad555c-44db-47a8-bbc9-420a4b89e723: 110 datasets; 2.2 s; peak memory 1151 MiB.
2026-10-09T20:52:40Z INFO [309/750] 86ad9930-f183-4f6c-85cc-ec7ef72c7fad: 152 datasets; 3.2 s; peak memory 1151 MiB.
2026-10-09T20:52:49Z INFO [310/750] 86aebfc3-b21b-44d3-a601-4d8169b818d9: 472 datasets; 8.7 s; peak memory 1151 MiB.
2026-10-09T20:52:52Z INFO [311/750] 86af7bf6-4a35-458f-bfe5-648e67787e63: 38 datasets; 3.2 s; peak memory 1151 MiB.
2026-10-09T20:52:53Z INFO [312/750] 86afb860-a720-4484-90c6-da5fa76230af: 111 datasets; 1.5 s; peak memory 1151 MiB.
2026-10-09T20:52:55Z INFO [313/750] 86afebcc-3f17-4b7c-83d1-ed4af9c182b4: 117 datasets; 1.7 s; peak memory 1151 MiB.
2026-10-09T20:52:57Z INFO [314/750] 86b01709-d454-488f-a07d-49168c684ed8: 116 datasets; 1.8 s; peak memory 1151 MiB.
2026-10-09T20:52:58Z INFO [315/750] 86b0c8ae-7836-493c-a17c-2ff6707f7c74: 48 datasets; 1.7 s; peak memory 1151 MiB.
2026-10-09T20:53:03Z INFO [316/750] 86b181b4-2628-4604-b2a8-dd902244d457: 163 datasets; 4.1 s; peak memory 1151 MiB.
2026-10-09T20:53:09Z INFO [317/750] 86b21508-8090-4b4a-a09e-2ef91ee34e1c: 471 datasets; 6.0 s; peak memory 1151 MiB.
2026-10-09T20:53:11Z INFO [318/750] 86b28d41-a3c4-4822-b3cf-53b2288f3968: 112 datasets; 2.8 s; peak memory 1151 MiB.
2026-10-09T20:53:26Z INFO [319/750] 86b2def2-b986-4e6b-91a0-c37d674e303a: 251 datasets; 14.5 s; peak memory 1151 MiB.
2026-10-09T20:53:27Z INFO [320/750] 86b2df74-43a2-4f9b-bc0d-657d2a180328: 46 datasets; 1.1 s; peak memory 1151 MiB.
2026-10-09T20:53:29Z INFO [321/750] 86b392d4-b117-4f6b-8bce-1d53f7b5ff31: 118 datasets; 1.8 s; peak memory 1151 MiB.
2026-10-09T20:53:30Z INFO [322/750] 86b3c09b-001d-4e98-8467-6e9b80877961: 46 datasets; 1.6 s; peak memory 1151 MiB.
2026-10-09T20:53:32Z INFO [323/750] 86b471bd-c7d3-4282-9e36-9118a53c14ab: 48 datasets; 1.4 s; peak memory 1151 MiB.
2026-10-09T20:53:41Z INFO [324/750] 86b486f5-7a02-49e4-8c8e-e916708b9c13: 56 datasets; 9.4 s; peak memory 1151 MiB.
2026-10-09T20:53:43Z INFO [325/750] 86b49eb7-1425-46ed-b153-8caee4b00388: 112 datasets; 2.1 s; peak memory 1151 MiB.
2026-10-09T20:53:44Z INFO [326/750] 86b4a151-3c17-44b8-b67f-eac68d8f9acc: 46 datasets; 1.1 s; peak memory 1151 MiB.
2026-10-09T20:53:46Z INFO [327/750] 86b4ae08-9a51-4d7e-b5f3-66dee906b840: 77 datasets; 1.8 s; peak memory 1151 MiB.
2026-10-09T20:53:50Z INFO [328/750] 86b4ef0f-70bb-4172-9ab3-23019aca1dc1: 156 datasets; 4.1 s; peak memory 1151 MiB.
2026-10-09T20:53:51Z INFO [329/750] 86b6325e-1186-4bb6-9a9d-77fca1dd5f93: 56 datasets; 1.2 s; peak memory 1151 MiB.
2026-10-09T20:53:53Z INFO [330/750] 86b67837-3da2-4a6c-9ad9-19e274a6746a: 69 datasets; 2.1 s; peak memory 1151 MiB.
2026-10-09T20:53:56Z INFO [331/750] 86b68274-a520-4743-b44e-47cc26b4160a: 51 datasets; 3.0 s; peak memory 1151 MiB.
2026-10-09T20:53:59Z INFO [332/750] 86b699e0-4651-4bab-94ec-e0ac5a09ba63: 112 datasets; 2.3 s; peak memory 1151 MiB.
2026-10-09T20:54:17Z INFO [333/750] 86b7f4cb-68cf-4dd7-944b-552c55a43cdf: 765 datasets; 18.0 s; peak memory 1151 MiB.
2026-10-09T20:54:19Z INFO [334/750] 86b86266-bad6-4354-8c31-90c878a23472: 71 datasets; 2.5 s; peak memory 1151 MiB.
2026-10-09T20:54:21Z INFO [335/750] 86b90af3-48c1-4a40-8bda-096fb3ec53a3: 61 datasets; 2.0 s; peak memory 1151 MiB.
2026-10-09T20:54:34Z INFO [336/750] 86b961da-2871-4982-acd2-df96cbc6f7e8: 336 datasets; 12.6 s; peak memory 1151 MiB.
2026-10-09T20:54:36Z INFO [337/750] 86babd10-d0c3-42b5-ac04-22801aa7be83: 66 datasets; 2.3 s; peak memory 1151 MiB.
2026-10-09T20:54:39Z INFO [338/750] 86bc0a63-a1d1-4628-a420-29da467fdd40: 110 datasets; 2.8 s; peak memory 1151 MiB.
2026-10-09T20:54:58Z INFO [339/750] 86bc138f-dda5-46e0-847a-ed0aa37305f9: 903 datasets; 18.8 s; peak memory 1151 MiB.
2026-10-09T20:54:59Z INFO [340/750] 86bc15d9-b09a-4667-89cf-b2f2aa60ca13: 46 datasets; 1.5 s; peak memory 1151 MiB.
2026-10-09T20:55:01Z INFO [341/750] 86bc7df0-4f35-4f0b-bc93-98536c207526: 153 datasets; 2.0 s; peak memory 1151 MiB.
2026-10-09T20:55:03Z INFO [342/750] 86bdab6d-278a-4bfe-ac44-e54c25d51267: 65 datasets; 1.7 s; peak memory 1151 MiB.
2026-10-09T20:55:05Z INFO [343/750] 86bdc042-35b4-4222-a518-b3318950040c: 52 datasets; 1.8 s; peak memory 1151 MiB.
2026-10-09T20:55:06Z INFO [344/750] 86bdf017-11ff-4992-b39b-8fb0482bcf17: 46 datasets; 1.3 s; peak memory 1151 MiB.
2026-10-09T20:55:07Z INFO [345/750] 86be1008-b283-455e-beeb-c1223f01a2eb: 48 datasets; 1.5 s; peak memory 1151 MiB.
2026-10-09T20:55:09Z INFO [346/750] 86be191a-ef4e-40ec-bd67-009962f2e907: 59 datasets; 1.8 s; peak memory 1151 MiB.
2026-10-09T20:55:11Z INFO [347/750] 86bf0383-e6b7-4d6c-8d9f-69d855623a2c: 69 datasets; 2.1 s; peak memory 1151 MiB.
2026-10-09T20:55:14Z INFO [348/750] 86bf5bfa-8b01-4101-8cb3-f2468769315f: 141 datasets; 3.1 s; peak memory 1151 MiB.
2026-10-09T20:55:16Z INFO [349/750] 86c04438-6e72-4f50-afd2-02e826691319: 48 datasets; 1.5 s; peak memory 1151 MiB.
2026-10-09T20:55:17Z INFO [350/750] 86c0c380-2d07-4e19-a9bb-a0dd3bdd0b22: 63 datasets; 1.3 s; peak memory 1151 MiB.
2026-10-09T20:55:17Z INFO [350/750] 86c0c380-2d07-4e19-a9bb-a0dd3bdd0b22: checkpointed 111935 new records.
2026-10-09T20:55:19Z INFO [351/750] 86c1946d-92d8-4ca4-a625-a1b0c285d8d9: 48 datasets; 1.5 s; peak memory 1151 MiB.
2026-10-09T20:55:22Z INFO [352/750] 86c21a26-589e-4ef7-975f-f0d736824e08: 141 datasets; 3.0 s; peak memory 1151 MiB.
2026-10-09T20:55:24Z INFO [353/750] 86c2cd8a-2feb-4003-9a00-b1b7f3e6e079: 112 datasets; 1.9 s; peak memory 1151 MiB.
2026-10-09T20:55:25Z INFO [354/750] 86c38304-aa73-4f08-97d0-e13c237393ea: 48 datasets; 1.5 s; peak memory 1151 MiB.
2026-10-09T20:55:27Z INFO [355/750] 86c39424-b9ad-4378-8f50-5b860f04df1c: 109 datasets; 2.2 s; peak memory 1151 MiB.
2026-10-09T20:58:11Z INFO [356/750] 86c3bb8b-9010-4b91-87bb-a7ce7236c668: 129 datasets; 163.3 s; peak memory 1151 MiB.
2026-10-09T20:58:13Z INFO [357/750] 86c3c136-bf88-4aad-a4d2-3e0f06679288: 116 datasets; 1.7 s; peak memory 1151 MiB.
2026-10-09T20:58:14Z INFO [358/750] 86c42ce9-2cab-40d0-ac2e-5092509d2c02: 48 datasets; 1.6 s; peak memory 1151 MiB.
2026-10-09T20:58:48Z INFO [359/750] 86c4c92f-2940-465c-8b4e-d9bacd1aace8: 96 datasets; 33.5 s; peak memory 1151 MiB.
2026-10-09T20:58:50Z INFO [360/750] 86c596bd-3ebf-416d-b6fa-7ad8e910c548: 112 datasets; 2.1 s; peak memory 1151 MiB.
2026-10-09T20:59:06Z INFO [361/750] 86c5e373-3b84-453a-8433-65d15cd18a14: 446 datasets; 16.4 s; peak memory 1151 MiB.
2026-10-09T20:59:16Z INFO [362/750] 86c70fd9-0d1e-45a6-afbb-ff8add1a5276: 318 datasets; 10.0 s; peak memory 1151 MiB.
2026-10-09T20:59:18Z INFO [363/750] 86c7d4ef-7336-456d-ae0c-5fe31c1efff8: 118 datasets; 1.7 s; peak memory 1151 MiB.
2026-10-09T20:59:19Z INFO [364/750] 86c862e8-9601-4661-aca8-e2e6e83813e9: 106 datasets; 1.7 s; peak memory 1151 MiB.
2026-10-09T20:59:21Z INFO [365/750] 86c8bc56-6bb2-44e4-8b86-bae937406cdf: 66 datasets; 1.9 s; peak memory 1151 MiB.
2026-10-09T20:59:24Z INFO [366/750] 86c9ee24-05ae-40e6-8375-38745c4108db: 101 datasets; 2.3 s; peak memory 1151 MiB.
2026-10-09T20:59:40Z INFO [367/750] 86cc70be-d594-434d-bf83-124c5744d6aa: 1044 datasets; 16.0 s; peak memory 1151 MiB.
2026-10-09T20:59:42Z INFO [368/750] 86cc726f-fa6a-408f-a7cd-57f6a4ea6474: 62 datasets; 2.0 s; peak memory 1151 MiB.
2026-10-09T20:59:58Z INFO [369/750] 86cce842-5399-4d04-b19a-55ddc35b7c12: 59 datasets; 16.1 s; peak memory 1151 MiB.
2026-10-09T20:59:59Z INFO [370/750] 86cd2606-6d17-4c5c-ab30-48ff463c98c8: 41 datasets; 1.3 s; peak memory 1151 MiB.
2026-10-09T21:00:01Z INFO [371/750] 86cd5166-7c4b-4d92-823f-86093fd1cd02: 116 datasets; 1.7 s; peak memory 1151 MiB.
2026-10-09T21:00:15Z INFO [372/750] 86ce6205-2191-42a4-abfc-7d1f7434a105: 967 datasets; 13.8 s; peak memory 1151 MiB.
2026-10-09T21:00:18Z INFO [373/750] 86ce96f3-1490-4444-8237-d189a547fb41: 115 datasets; 3.4 s; peak memory 1151 MiB.
2026-10-09T21:00:27Z INFO [374/750] 86ceccc6-95f6-4aa8-a315-ca9afb0fefc3: 760 datasets; 9.2 s; peak memory 1151 MiB.
2026-10-09T21:00:29Z INFO [375/750] 86cf6f24-dca7-452c-b0cc-1b6be69fd1c5: 118 datasets; 2.1 s; peak memory 1151 MiB.
2026-10-09T21:00:43Z INFO [376/750] 86d04bc3-6b69-4527-91c0-3cc35046f8b3: 107 datasets; 13.8 s; peak memory 1151 MiB.
2026-10-09T21:00:46Z INFO [377/750] 86d0704f-36ae-42c7-a629-c081eb62ccd6: 70 datasets; 2.7 s; peak memory 1151 MiB.
2026-10-09T21:00:48Z INFO [378/750] 86d1d771-33ed-4c59-81a2-fa48b8cbe540: 112 datasets; 2.4 s; peak memory 1151 MiB.
2026-10-09T21:00:50Z INFO [379/750] 86d2940d-0ce9-42a8-b528-245702ecfe57: 77 datasets; 1.7 s; peak memory 1151 MiB.
2026-10-09T21:00:52Z INFO [380/750] 86d2a308-8b68-4d89-8e98-87ce228ccc38: 110 datasets; 2.0 s; peak memory 1151 MiB.
2026-10-09T21:00:54Z INFO [381/750] 86d2c1f1-94ff-4619-83ea-31fa9351b091: 48 datasets; 1.5 s; peak memory 1151 MiB.
2026-10-09T21:01:05Z INFO [382/750] 86d39b58-4d56-49e1-ab93-49a7028a98f6: 38 datasets; 10.9 s; peak memory 1151 MiB.
2026-10-09T21:01:07Z INFO [383/750] 86d3ea63-a2e0-410f-bfb8-f5cc017ef244: 62 datasets; 2.0 s; peak memory 1151 MiB.
2026-10-09T21:09:28Z INFO [384/750] 86d41604-5bd8-4860-8bc9-cf15253e5dca: 94 datasets; 501.6 s; peak memory 1151 MiB.
2026-10-09T21:09:30Z INFO [385/750] 86d4275b-acba-46da-8a59-f5e506bc114d: 48 datasets; 1.5 s; peak memory 1151 MiB.
2026-10-09T21:09:31Z INFO [386/750] 86d5118d-1e3d-4e80-857d-df24aeee7bd8: 48 datasets; 1.6 s; peak memory 1151 MiB.
2026-10-09T21:09:33Z INFO [387/750] 86d59f57-056c-4e57-85cc-c0301953b6cf: 117 datasets; 2.1 s; peak memory 1151 MiB.
2026-10-09T21:09:35Z INFO [388/750] 86d5bfba-e221-40a5-acda-e4d9b97f4653: 48 datasets; 1.5 s; peak memory 1151 MiB.
2026-10-09T21:09:46Z INFO [389/750] 86d686f2-7108-4f68-b5a1-c1f04b0bc266: 1053 datasets; 11.0 s; peak memory 1151 MiB.
2026-10-09T21:09:49Z INFO [390/750] 86d6bf09-0482-483d-a0d6-d3f6983daf67: 112 datasets; 2.6 s; peak memory 1151 MiB.
2026-10-09T21:09:50Z INFO [391/750] 86d7b3bd-c667-4d3d-bb51-804051517bf3: 46 datasets; 1.4 s; peak memory 1151 MiB.
2026-10-09T21:09:52Z INFO [392/750] 86d7d258-aabc-473a-937a-924c84eabee5: 65 datasets; 1.7 s; peak memory 1151 MiB.
2026-10-09T21:09:54Z INFO [393/750] 86d83f18-c4a5-44a0-b3fe-20829359b6bb: 116 datasets; 1.9 s; peak memory 1151 MiB.
2026-10-09T21:09:55Z INFO [394/750] 86d8e1bc-1336-46c4-bc57-0ee870c62be3: 46 datasets; 1.3 s; peak memory 1151 MiB.
2026-10-09T21:09:57Z INFO [395/750] 86d93485-f6d6-4eef-86a2-90c301e0d540: 112 datasets; 2.3 s; peak memory 1151 MiB.
2026-10-09T21:09:59Z INFO [396/750] 86d9669f-dd76-41eb-8691-447ca5409573: 46 datasets; 1.3 s; peak memory 1151 MiB.
2026-10-09T21:10:00Z INFO [397/750] 86d9c077-4b5f-4709-850d-512e928cb98f: 48 datasets; 1.5 s; peak memory 1151 MiB.
2026-10-09T21:10:03Z INFO [398/750] 86db9845-8ee3-4e5d-889d-655b4e1d9846: 41 datasets; 2.9 s; peak memory 1151 MiB.
2026-10-09T21:10:05Z INFO [399/750] 86db9e63-51f3-4245-a5bd-fb300cd4bd82: 69 datasets; 2.3 s; peak memory 1151 MiB.
2026-10-09T21:10:07Z INFO [400/750] 86dba063-8f16-4af3-aea1-5c7dbf575f69: 117 datasets; 1.6 s; peak memory 1151 MiB.
2026-10-09T21:10:07Z INFO [400/750] 86dba063-8f16-4af3-aea1-5c7dbf575f69: checkpointed 111985 new records.
2026-10-09T21:10:10Z INFO [401/750] 86dbb4fe-0052-4a00-a4c6-48365465bd06: 110 datasets; 2.7 s; peak memory 1151 MiB.
2026-10-09T21:10:12Z INFO [402/750] 86dbf004-2721-4c1c-8779-c313634019ed: 66 datasets; 2.4 s; peak memory 1151 MiB.
2026-10-09T21:10:13Z INFO [403/750] 86dcb3c5-1070-442f-b8ea-46c591f063cb: 56 datasets; 1.2 s; peak memory 1151 MiB.
2026-10-09T21:10:17Z INFO [404/750] 86dd12f7-032d-46c2-aeab-989aa75e5768: 108 datasets; 3.6 s; peak memory 1151 MiB.
2026-10-09T21:10:19Z INFO [405/750] 86de2ef6-10f5-4590-a81b-c78c3e589a10: 64 datasets; 2.0 s; peak memory 1151 MiB.
2026-10-09T21:10:21Z INFO [406/750] 86dee664-fef0-4937-b38e-3f90d198b689: 48 datasets; 1.6 s; peak memory 1151 MiB.
2026-10-09T21:10:22Z INFO [407/750] 86df493a-a53f-4d7d-b420-17220ce2c685: 48 datasets; 1.5 s; peak memory 1151 MiB.
2026-10-09T21:10:31Z INFO [408/750] 86e1c76f-6987-44fa-9622-9b929ec3408c: 538 datasets; 8.4 s; peak memory 1151 MiB.
2026-10-09T21:10:32Z INFO [409/750] 86e275dc-2f6d-4731-9e4d-7882b8eb1f69: 48 datasets; 1.6 s; peak memory 1151 MiB.
2026-10-09T21:10:35Z INFO [410/750] 86e3b5c6-765b-4633-8b2a-599fb6ba6216: 71 datasets; 2.5 s; peak memory 1151 MiB.
2026-10-09T21:11:37Z INFO [411/750] 86e4b0d6-a3da-4f41-9e2c-e8ce2e1ecca4: 87 datasets; 62.4 s; peak memory 1151 MiB.
2026-10-09T21:11:39Z INFO [412/750] 86e4f5e9-2475-4375-8992-f904790fae93: 69 datasets; 2.2 s; peak memory 1151 MiB.
2026-10-09T21:11:43Z INFO [413/750] 86e5011f-fc64-4588-a5a8-59e947e5c0d1: 115 datasets; 3.8 s; peak memory 1151 MiB.
2026-10-09T21:11:45Z INFO [414/750] 86e503d3-85d8-4228-ba5d-6d000dddfe5f: 116 datasets; 1.7 s; peak memory 1151 MiB.
2026-10-09T21:11:55Z INFO [415/750] 86e503db-0489-4d59-933b-0396eec99082: 43 datasets; 9.9 s; peak memory 1151 MiB.
2026-10-09T21:11:56Z INFO [416/750] 86e53b0e-9a9e-425b-812b-ba41726beedd: 46 datasets; 1.6 s; peak memory 1151 MiB.
2026-10-09T21:14:29Z INFO [417/750] 86e5c383-da84-4ed6-8d11-42e3a7d75c78: 260 datasets; 153.0 s; peak memory 1151 MiB.
2026-10-09T21:14:33Z INFO [418/750] 86e5e290-11d4-44aa-855f-28a83fb383c2: 123 datasets; 3.7 s; peak memory 1151 MiB.
2026-10-09T21:14:35Z INFO [419/750] 86e5f40f-0f41-40b8-acff-5cd16f51bab0: 67 datasets; 2.1 s; peak memory 1151 MiB.
2026-10-09T21:14:37Z INFO [420/750] 86e5f7e5-ace9-4c80-8e1d-5fcf39538a34: 112 datasets; 2.1 s; peak memory 1151 MiB.
2026-10-09T21:14:39Z INFO [421/750] 86e64da3-f045-4e9d-8feb-1c68e40430ca: 46 datasets; 1.6 s; peak memory 1151 MiB.
2026-10-09T21:14:40Z INFO [422/750] 86e6e925-abab-40c5-9cae-70fe8b256fb0: 48 datasets; 1.5 s; peak memory 1151 MiB.
2026-10-09T21:14:43Z INFO [423/750] 86e71438-8922-4378-9382-82e947e27133: 212 datasets; 2.7 s; peak memory 1151 MiB.
2026-10-09T21:14:45Z INFO [424/750] 86e77391-c479-4911-ab7e-81887ffe33c0: 57 datasets; 1.5 s; peak memory 1151 MiB.
2026-10-09T21:14:46Z INFO [425/750] 86e7bc55-5d5b-4fa2-a506-3e3d9284669f: 49 datasets; 1.7 s; peak memory 1151 MiB.
2026-10-09T21:14:48Z INFO [426/750] 86e8e7bd-ee6c-4ae8-b3dc-ddaf138b9eb9: 61 datasets; 1.5 s; peak memory 1151 MiB.
2026-10-09T21:14:50Z INFO [427/750] 86e9099c-e726-4255-a715-b57228a8bf20: 62 datasets; 2.1 s; peak memory 1151 MiB.
2026-10-09T21:14:52Z INFO [428/750] 86e9e684-b57c-4c33-bd6d-0de559f1ed5e: 117 datasets; 1.7 s; peak memory 1151 MiB.
2026-10-09T21:15:04Z INFO [429/750] 86ead751-9263-438e-af9c-f810128ddfb7: 710 datasets; 12.3 s; peak memory 1151 MiB.
2026-10-09T21:15:06Z INFO [430/750] 86ebbe63-b61d-4765-a650-62f772faf358: 48 datasets; 1.6 s; peak memory 1151 MiB.
2026-10-09T21:15:08Z INFO [431/750] 86ec57ec-b88a-4344-a179-fef2bfcaead7: 76 datasets; 2.2 s; peak memory 1151 MiB.
2026-10-09T21:15:09Z INFO [432/750] 86ed49d8-26e7-43dd-93a4-1394e34f181d: 38 datasets; 1.3 s; peak memory 1151 MiB.
2026-10-09T21:15:12Z INFO [433/750] 86ef59b0-6257-4927-98ad-23247617f23a: 38 datasets; 2.8 s; peak memory 1151 MiB.
2026-10-09T21:15:14Z INFO [434/750] 86f09a20-a273-4f6d-8446-bc5d938422f3: 112 datasets; 2.1 s; peak memory 1151 MiB.
2026-10-09T21:15:16Z INFO [435/750] 86f1a06c-75f3-40e6-b087-fdb077ac1cfe: 48 datasets; 1.6 s; peak memory 1151 MiB.
2026-10-09T21:15:17Z INFO [436/750] 86f1c12a-508f-46d7-85d4-fdf178bc0b0b: 46 datasets; 1.6 s; peak memory 1151 MiB.
2026-10-09T21:15:21Z INFO [437/750] 86f1e2ae-c658-4200-8b4a-b9e4c0f4a003: 152 datasets; 3.3 s; peak memory 1151 MiB.
2026-10-09T21:15:22Z INFO [438/750] 86f2383a-267b-4ad3-a6db-f4997ca13d6b: 130 datasets; 1.6 s; peak memory 1151 MiB.
2026-10-09T21:15:25Z INFO [439/750] 86f26c5f-3a41-4a68-8a75-dd4d06e37b9b: 71 datasets; 2.6 s; peak memory 1151 MiB.
2026-10-09T21:15:27Z INFO [440/750] 86f2a93e-b61f-4448-a1dd-402bdc3602aa: 114 datasets; 2.3 s; peak memory 1151 MiB.
2026-10-09T21:15:35Z INFO [441/750] 86f39804-2763-4ea2-9ef8-9e87e3480941: 174 datasets; 7.3 s; peak memory 1151 MiB.
2026-10-09T21:15:36Z INFO [442/750] 86f41db8-9bf4-4597-aec2-9a27b0b0ee86: 48 datasets; 1.5 s; peak memory 1151 MiB.
2026-10-09T21:15:39Z INFO [443/750] 86f425b2-3407-4dcb-b4c7-cd468e85ea17: 115 datasets; 3.5 s; peak memory 1151 MiB.
2026-10-09T21:15:42Z INFO [444/750] 86f4ee3c-caec-4100-a274-4bdb447841ad: 112 datasets; 2.3 s; peak memory 1151 MiB.
2026-10-09T21:20:35Z INFO [445/750] 86f5214a-d58f-47dc-b750-747859e95961: 292 datasets; 293.2 s; peak memory 1151 MiB.
2026-10-09T21:20:42Z INFO [446/750] 86f53f49-ab1b-4306-81e6-a606bb45fb6a: 43 datasets; 6.9 s; peak memory 1151 MiB.
2026-10-09T21:20:49Z INFO [447/750] 86f599e3-643c-4079-b042-9c45391847b5: 229 datasets; 7.2 s; peak memory 1151 MiB.
2026-10-09T21:20:52Z INFO [448/750] 86f676c5-7875-4d97-a2ef-4c2650ab1c3f: 53 datasets; 2.6 s; peak memory 1151 MiB.
2026-10-09T21:21:06Z INFO [449/750] 86f6e4f5-ef16-45be-9d32-c65803582c9b: 995 datasets; 14.0 s; peak memory 1151 MiB.
2026-10-09T21:21:07Z INFO [450/750] 86f76b5c-4b94-4820-b4d2-1afe881762e7: 46 datasets; 1.5 s; peak memory 1151 MiB.
2026-10-09T21:21:07Z INFO [450/750] 86f76b5c-4b94-4820-b4d2-1afe881762e7: checkpointed 112035 new records.
2026-10-09T21:21:15Z INFO [451/750] 86f7c592-37d1-4627-b202-a56ee0d3e264: 532 datasets; 7.7 s; peak memory 1151 MiB.
2026-10-09T21:21:17Z INFO [452/750] 86f81249-e531-480a-936d-e266e7f21e20: 48 datasets; 1.5 s; peak memory 1151 MiB.
2026-10-09T21:21:18Z INFO [453/750] 86f904c5-7fcd-4efb-ab5e-da92c63fc243: 117 datasets; 1.8 s; peak memory 1151 MiB.
2026-10-09T21:21:20Z INFO [454/750] 86f91f1c-6fee-4214-a5e2-06114ff64ad5: 77 datasets; 1.9 s; peak memory 1151 MiB.
2026-10-09T21:21:22Z INFO [455/750] 86f94bba-cc18-440f-9958-c5255396b77f: 65 datasets; 2.0 s; peak memory 1151 MiB.
2026-10-09T21:21:24Z INFO [456/750] 86f98c43-d0d7-4ee4-a91c-1194af3f504f: 51 datasets; 1.3 s; peak memory 1151 MiB.
2026-10-09T21:21:25Z INFO [457/750] 86f9d7a5-0b45-4260-b4d2-ffb0542b9a5c: 46 datasets; 1.4 s; peak memory 1151 MiB.
2026-10-09T21:21:27Z INFO [458/750] 86fa3dea-809f-4e56-98cf-d6b505b7cdee: 117 datasets; 1.9 s; peak memory 1151 MiB.
2026-10-09T21:21:29Z INFO [459/750] 86faa121-37e3-458e-a130-be2829554a34: 117 datasets; 1.8 s; peak memory 1151 MiB.
2026-10-09T21:21:31Z INFO [460/750] 86faba6a-bf98-4dac-bce4-12719fae43d1: 51 datasets; 2.0 s; peak memory 1151 MiB.
2026-10-09T21:21:33Z INFO [461/750] 86faca73-72e3-4968-a119-0d4737af4cc2: 117 datasets; 2.0 s; peak memory 1151 MiB.
2026-10-09T21:21:34Z INFO [462/750] 86fadb00-e6a9-4fbf-a865-e609e34c33bd: 48 datasets; 1.6 s; peak memory 1151 MiB.
2026-10-09T21:21:36Z INFO [463/750] 86fb7507-038b-4f19-a01d-bb9e29d95b7e: 33 datasets; 1.2 s; peak memory 1151 MiB.
2026-10-09T21:21:39Z INFO [464/750] 86fb8533-916c-45cc-a85f-37dc9ac6a205: 165 datasets; 3.3 s; peak memory 1151 MiB.
2026-10-09T21:21:41Z INFO [465/750] 86fbc58a-f159-4e4f-91d2-c4fc67519170: 69 datasets; 2.3 s; peak memory 1151 MiB.
2026-10-09T21:21:43Z INFO [466/750] 86fbd08e-0d5a-43fe-976f-76479b6aca88: 41 datasets; 1.4 s; peak memory 1151 MiB.
2026-10-09T21:21:46Z INFO [467/750] 86fc0b16-510a-4eb9-84bf-466af961152f: 119 datasets; 3.3 s; peak memory 1151 MiB.
2026-10-09T21:22:02Z INFO [468/750] 86fc570b-a92e-4df3-a74a-00b5f104fb9c: 4775 datasets; 15.7 s; peak memory 1151 MiB.
2026-10-09T21:22:03Z INFO [469/750] 86fcf4ac-8b84-4786-8b88-7d2e10c4a130: 38 datasets; 1.3 s; peak memory 1151 MiB.
2026-10-09T21:22:05Z INFO [470/750] 86fd0a9f-6366-4d66-830a-92b5f7c9df56: 71 datasets; 2.3 s; peak memory 1151 MiB.
2026-10-09T21:22:07Z INFO [471/750] 86fd1851-c650-4684-8150-12907e72b181: 48 datasets; 1.5 s; peak memory 1151 MiB.
2026-10-09T21:22:09Z INFO [472/750] 86fd1acc-6946-4dd8-a2eb-39d457e70bb4: 117 datasets; 2.0 s; peak memory 1151 MiB.
2026-10-09T21:22:10Z INFO [473/750] 86fd6ec5-bb1f-4a80-903b-456b77a411ad: 117 datasets; 1.7 s; peak memory 1151 MiB.
2026-10-09T21:22:12Z INFO [474/750] 86fd761c-4236-494a-9501-ef0fbc2cc7fd: 117 datasets; 1.7 s; peak memory 1151 MiB.
2026-10-09T21:22:14Z INFO [475/750] 86fe7a85-2bd6-4832-b2e3-ed65d9f82f3a: 117 datasets; 1.7 s; peak memory 1151 MiB.
2026-10-09T21:22:16Z INFO [476/750] 86ff1f8f-ed34-48b2-b476-be196183b7d5: 66 datasets; 2.2 s; peak memory 1151 MiB.
2026-10-09T21:22:17Z INFO [477/750] 86ff540a-12cc-486a-a7fc-cc30d7388f2f: 48 datasets; 1.4 s; peak memory 1151 MiB.
2026-10-09T21:22:32Z INFO [478/750] 86ffe7a8-72c6-49e4-a35a-d1e0b1dbb7e9: 3735 datasets; 14.4 s; peak memory 1151 MiB.
2026-10-09T21:22:47Z INFO [479/750] 87007cca-7269-40b7-8a0b-5482ab4144c8: 917 datasets; 15.3 s; peak memory 1151 MiB.
2026-10-09T21:22:51Z INFO [480/750] 87008ee1-8b96-4816-a110-fe484eb7ce3a: 115 datasets; 3.6 s; peak memory 1151 MiB.
2026-10-09T21:22:53Z INFO [481/750] 87009131-71d9-47c4-88ef-06efdeaf7bab: 118 datasets; 1.9 s; peak memory 1151 MiB.
2026-10-09T21:22:55Z INFO [482/750] 87013859-7e9e-49a3-bcd5-135cf8cb2a86: 71 datasets; 2.5 s; peak memory 1151 MiB.
2026-10-09T21:22:57Z INFO [483/750] 87015ec9-5267-45e9-8e31-96c243ea3d2c: 118 datasets; 2.2 s; peak memory 1151 MiB.
2026-10-09T21:22:59Z INFO [484/750] 87015ee6-8139-40bc-9ee0-972ebc11365a: 117 datasets; 2.0 s; peak memory 1151 MiB.
2026-10-09T21:23:01Z INFO [485/750] 87029419-8f2a-4573-8614-58c55eef64cd: 55 datasets; 1.3 s; peak memory 1151 MiB.
2026-10-09T21:23:02Z INFO [486/750] 870301f3-f6d8-427e-bdc7-4beef6d47c7e: 61 datasets; 1.4 s; peak memory 1151 MiB.
2026-10-09T21:23:03Z INFO [487/750] 8703784d-f115-45c9-8177-a3a5adba152f: 48 datasets; 1.5 s; peak memory 1151 MiB.
2026-10-09T21:23:05Z INFO [488/750] 8703fec1-b12f-4cc0-a122-d6ccff6bcb56: 117 datasets; 1.4 s; peak memory 1151 MiB.
2026-10-09T21:23:07Z INFO [489/750] 8704050c-8718-4eeb-a796-10c51beb134d: 117 datasets; 1.8 s; peak memory 1151 MiB.
2026-10-09T21:23:11Z INFO [490/750] 87043dc2-840e-4599-8b97-6133c6630e8d: 156 datasets; 4.1 s; peak memory 1151 MiB.
2026-10-09T21:23:31Z INFO [491/750] 87045423-47f8-49a1-b34c-02a9d8357e52: 61 datasets; 20.6 s; peak memory 1151 MiB.
2026-10-09T21:23:34Z INFO [492/750] 87049446-8bda-4474-b249-bfe610ac6d98: 289 datasets; 2.2 s; peak memory 1151 MiB.
2026-10-09T21:23:35Z INFO [493/750] 8706782e-52a4-4cb8-9093-a7efb8b00bb2: 116 datasets; 1.7 s; peak memory 1151 MiB.
2026-10-09T21:23:37Z INFO [494/750] 87073b82-9261-47fe-863e-aabf7bf9c6aa: 38 datasets; 1.3 s; peak memory 1151 MiB.
2026-10-09T21:23:53Z INFO [495/750] 870805fc-26fd-4a2d-b9d6-f3338f468d24: 98 datasets; 16.1 s; peak memory 1151 MiB.
2026-10-09T21:28:43Z INFO [496/750] 87087e88-0687-40e4-84c1-c786ad3152eb: 436 datasets; 290.5 s; peak memory 1151 MiB.
2026-10-09T21:28:45Z INFO [497/750] 87088e9d-031e-4da8-97ca-54b869e7f53e: 117 datasets; 1.9 s; peak memory 1151 MiB.
2026-10-09T21:28:47Z INFO [498/750] 8708cc0e-e85e-49fe-8653-e122bc15aecf: 47 datasets; 2.2 s; peak memory 1151 MiB.
2026-10-09T21:28:50Z INFO [499/750] 87093190-0b66-4f7d-8069-189b827733bf: 112 datasets; 2.3 s; peak memory 1151 MiB.
2026-10-09T21:28:51Z INFO [500/750] 8709a3c0-f500-4f83-9098-6e00053d680f: 52 datasets; 1.6 s; peak memory 1151 MiB.
2026-10-09T21:28:51Z INFO [500/750] 8709a3c0-f500-4f83-9098-6e00053d680f: checkpointed 112085 new records.
2026-10-09T21:28:54Z INFO [501/750] 8709af93-3155-4a5a-aa7d-aae5e5a366be: 110 datasets; 2.7 s; peak memory 1151 MiB.
2026-10-09T21:29:04Z INFO [502/750] 870ad0c8-c3f9-42f2-8bb9-49b8c74a2a75: 731 datasets; 10.5 s; peak memory 1151 MiB.
2026-10-09T21:29:07Z INFO [503/750] 870b2134-7232-4a78-8af8-98cbab6610c4: 71 datasets; 2.5 s; peak memory 1151 MiB.
2026-10-09T21:29:09Z INFO [504/750] 870b3d89-97a0-46e2-81cc-e4ba0923302a: 64 datasets; 1.5 s; peak memory 1151 MiB.
2026-10-09T21:29:10Z INFO [505/750] 870b53b1-e0be-45fc-ba53-18fcb7263aa0: 46 datasets; 1.3 s; peak memory 1151 MiB.
2026-10-09T21:29:12Z INFO [506/750] 870ba234-b398-4efd-ab34-9427732ec8bf: 112 datasets; 2.1 s; peak memory 1151 MiB.
2026-10-09T21:29:14Z INFO [507/750] 870bdff4-208a-4a99-b06f-f0125a8e144a: 117 datasets; 1.7 s; peak memory 1151 MiB.
2026-10-09T21:29:20Z INFO [508/750] 870c491e-0d0c-49a8-ab78-23fd6e02a55d: 464 datasets; 5.9 s; peak memory 1151 MiB.
2026-10-09T21:29:22Z INFO [509/750] 870ce5b5-d2bc-4678-8f49-877affb6b1c1: 112 datasets; 2.1 s; peak memory 1151 MiB.
2026-10-09T21:29:23Z INFO [510/750] 870d0305-5339-4e9d-9f8d-af0d0c197a3c: 70 datasets; 1.4 s; peak memory 1151 MiB.
2026-10-09T21:29:25Z INFO [511/750] 870d07cb-3919-4d0e-b637-626dee9ca136: 48 datasets; 1.4 s; peak memory 1151 MiB.
2026-10-09T21:29:45Z INFO [512/750] 870f312c-2293-4f84-bb77-64c8e515dd7d: 1310 datasets; 20.4 s; peak memory 1151 MiB.
2026-10-09T21:29:46Z INFO [513/750] 870f7a83-6938-4a5f-b1fe-05671b8ec4e9: 48 datasets; 1.5 s; peak memory 1151 MiB.
2026-10-09T21:29:49Z INFO [514/750] 87116c35-9bb7-4826-b93b-6ba3f17bbc91: 131 datasets; 2.2 s; peak memory 1151 MiB.
2026-10-09T21:29:51Z INFO [515/750] 87123743-e06a-49b7-9356-babe32d7d181: 71 datasets; 2.4 s; peak memory 1151 MiB.
2026-10-09T21:29:53Z INFO [516/750] 8712534e-b261-4609-a079-69b545fb1ce1: 71 datasets; 2.2 s; peak memory 1151 MiB.
2026-10-09T21:29:57Z INFO [517/750] 871284b8-57dd-422e-8769-f50bfdec9f8d: 116 datasets; 3.7 s; peak memory 1151 MiB.
2026-10-09T21:29:59Z INFO [518/750] 8713ae12-5dff-49e4-8fa8-17bf1e289376: 117 datasets; 1.7 s; peak memory 1151 MiB.
2026-10-09T21:30:00Z INFO [519/750] 87144661-2998-46cc-8fcb-13b27fc18cbe: 48 datasets; 1.6 s; peak memory 1151 MiB.
2026-10-09T21:30:13Z INFO [520/750] 8714ce53-672e-4b31-ada2-067f698e5765: 106 datasets; 12.3 s; peak memory 1151 MiB.
2026-10-09T21:30:23Z INFO [521/750] 8714df84-98a2-4ea8-bd76-433f043b022d: 9079 datasets; 10.2 s; peak memory 1151 MiB.
2026-10-09T21:30:25Z INFO [522/750] 87153b7b-fac6-4365-8914-c05e8e710f0f: 117 datasets; 1.9 s; peak memory 1151 MiB.
2026-10-09T21:30:26Z INFO [523/750] 87154a67-0074-4f5c-b193-a126d409c12d: 46 datasets; 1.1 s; peak memory 1151 MiB.
2026-10-09T21:30:35Z INFO [524/750] 87158d5c-5c14-47d4-8e10-d1f966fc12f0: 273 datasets; 9.1 s; peak memory 1151 MiB.
2026-10-09T21:30:37Z INFO [525/750] 87178ba7-a64c-496d-b034-14e02c28ecb5: 117 datasets; 1.9 s; peak memory 1151 MiB.
2026-10-09T21:30:48Z INFO [526/750] 8717a08b-006b-4ee4-bd60-9ef5595c871a: 908 datasets; 11.6 s; peak memory 1151 MiB.
2026-10-09T21:30:57Z INFO [527/750] 871806cf-223a-4cbf-a16b-2150029730a2: 765 datasets; 8.4 s; peak memory 1151 MiB.
2026-10-09T21:30:59Z INFO [528/750] 8718611a-a711-491f-aca7-f2776a4d4d24: 117 datasets; 1.8 s; peak memory 1151 MiB.
2026-10-09T21:31:01Z INFO [529/750] 8718ac5a-b190-493e-959d-ef8c12a1f0af: 109 datasets; 2.1 s; peak memory 1151 MiB.
2026-10-09T21:31:02Z INFO [530/750] 871919a8-4f41-485b-bbdb-a60b77091bb7: 48 datasets; 1.6 s; peak memory 1151 MiB.
2026-10-09T21:31:16Z INFO [531/750] 8719a3f3-af1b-4619-8ea6-5fec52e84123: 760 datasets; 14.1 s; peak memory 1151 MiB.
2026-10-09T21:31:18Z INFO [532/750] 8719c912-1523-4552-9139-2d1cdf739438: 121 datasets; 1.8 s; peak memory 1151 MiB.
2026-10-09T21:31:22Z INFO [533/750] 8719d633-b1b4-49dd-a702-b4184b6bfd04: 115 datasets; 3.3 s; peak memory 1151 MiB.
2026-10-09T21:31:23Z INFO [534/750] 871a6841-a591-4355-bed2-0943bd8d5ec8: 117 datasets; 1.8 s; peak memory 1151 MiB.
2026-10-09T21:31:27Z INFO [535/750] 871a830f-7ecc-4dd2-8a3d-a517eb8fb4b0: 101 datasets; 3.6 s; peak memory 1151 MiB.
2026-10-09T21:31:29Z INFO [536/750] 871c1bc9-673f-4178-8b68-1bc5c2d8b010: 110 datasets; 1.7 s; peak memory 1151 MiB.
2026-10-09T21:31:30Z INFO [537/750] 871cfdd5-fa4b-4bd6-9c6e-d51e037ba7ca: 117 datasets; 1.8 s; peak memory 1151 MiB.
2026-10-09T21:31:34Z INFO [538/750] 871d5ffe-fc68-499d-9630-311af6a2ad97: 90 datasets; 3.3 s; peak memory 1151 MiB.
2026-10-09T21:31:36Z INFO [539/750] 871dc1f8-e937-4707-abd4-0e7a6963a8d6: 45 datasets; 2.0 s; peak memory 1151 MiB.
2026-10-09T21:31:37Z INFO [540/750] 871f70dc-f6f1-45a9-b4c8-6c4a37a2afdf: 51 datasets; 1.5 s; peak memory 1151 MiB.
2026-10-09T21:31:39Z INFO [541/750] 871f9c90-79af-4c54-b8ab-1aa498484874: 118 datasets; 1.8 s; peak memory 1151 MiB.
2026-10-09T21:31:42Z INFO [542/750] 871ff50d-2cfc-4270-9ea7-587b354ac24f: 116 datasets; 3.5 s; peak memory 1151 MiB.
2026-10-09T21:31:44Z INFO [543/750] 87206891-363e-4bdb-977b-52e270f1967e: 46 datasets; 1.7 s; peak memory 1151 MiB.
2026-10-09T21:31:46Z INFO [544/750] 87213605-9670-4d30-a29b-c3ac9af47b62: 48 datasets; 1.5 s; peak memory 1151 MiB.
2026-10-09T21:31:52Z INFO [545/750] 8721568b-cffa-4036-8a83-fc6c34dc7407: 168 datasets; 6.5 s; peak memory 1151 MiB.
2026-10-09T21:31:54Z INFO [546/750] 872161a9-6543-4455-bef5-a148a3a48e14: 48 datasets; 1.5 s; peak memory 1151 MiB.
2026-10-09T21:31:55Z INFO [547/750] 87216a90-ff3b-4c6c-a5ff-7702a9be881c: 132 datasets; 1.8 s; peak memory 1151 MiB.
2026-10-09T21:31:57Z INFO [548/750] 8721af44-bb85-43c3-a4c4-f97afdb83079: 48 datasets; 1.5 s; peak memory 1151 MiB.
2026-10-09T21:31:58Z INFO [549/750] 8722913c-29d4-4c33-8a30-fc5129cd9b0a: 48 datasets; 1.4 s; peak memory 1151 MiB.
2026-10-09T21:32:00Z INFO [550/750] 8722c546-dcbb-489b-ba3a-b3db9cf8d25c: 48 datasets; 1.5 s; peak memory 1151 MiB.
2026-10-09T21:32:00Z INFO [550/750] 8722c546-dcbb-489b-ba3a-b3db9cf8d25c: checkpointed 112135 new records.
2026-10-09T21:32:07Z INFO [551/750] 87231680-c980-47b7-ad11-76ebda5849cc: 260 datasets; 6.4 s; peak memory 1151 MiB.
2026-10-09T21:32:08Z INFO [552/750] 8723353b-3582-457a-a26a-f0287dbbcff6: 128 datasets; 1.8 s; peak memory 1151 MiB.
2026-10-09T21:32:11Z INFO [553/750] 872352ea-0a6c-42b2-8647-ff39e226f2c9: 71 datasets; 2.6 s; peak memory 1151 MiB.
2026-10-09T21:32:13Z INFO [554/750] 8723c48d-ffa7-46d5-8112-249f6e71fe7e: 109 datasets; 2.0 s; peak memory 1151 MiB.
2026-10-09T21:32:14Z INFO [555/750] 87249d50-1627-4464-b278-2ce8b3a4d0d8: 35 datasets; 1.2 s; peak memory 1151 MiB.
2026-10-09T21:32:16Z INFO [556/750] 8724bed1-4dee-43b2-af2d-3e97d1bb9f2e: 118 datasets; 2.1 s; peak memory 1151 MiB.
2026-10-09T21:32:33Z INFO [557/750] 87251d65-abc7-4107-84b5-b23aaa8b8fbf: 792 datasets; 17.3 s; peak memory 1151 MiB.
2026-10-09T21:32:35Z INFO [558/750] 8725da8b-8c06-4ba8-9d35-462c31223f02: 49 datasets; 2.0 s; peak memory 1151 MiB.
2026-10-09T21:32:48Z INFO [559/750] 87264c47-f0c2-4a36-ac53-92b18c28f613: 755 datasets; 12.4 s; peak memory 1151 MiB.
2026-10-09T21:32:51Z INFO [560/750] 87265395-38bd-4476-9395-98aad1a08d9d: 116 datasets; 3.4 s; peak memory 1151 MiB.
2026-10-09T21:32:54Z INFO [561/750] 8726d7a0-6533-469e-9baf-93fe5fda6c8a: 71 datasets; 3.1 s; peak memory 1151 MiB.
2026-10-09T21:32:57Z INFO [562/750] 8726e88a-5503-4b5f-a901-608c0d548313: 112 datasets; 2.1 s; peak memory 1151 MiB.
2026-10-09T21:32:58Z INFO [563/750] 87270a79-faaa-45fa-bb83-d55e86286e37: 117 datasets; 1.8 s; peak memory 1151 MiB.
2026-10-09T21:33:00Z INFO [564/750] 87270bd9-5e1e-47f8-9e7f-70a1efbf3d86: 110 datasets; 2.1 s; peak memory 1151 MiB.
2026-10-09T21:33:18Z INFO [565/750] 8727a090-dc65-4373-9496-914fc30f110e: 1118 datasets; 18.0 s; peak memory 1151 MiB.
2026-10-09T21:33:22Z INFO [566/750] 8727b58d-60b6-46e9-a524-d1ad89cc5969: 115 datasets; 3.5 s; peak memory 1151 MiB.
2026-10-09T21:33:26Z INFO [567/750] 872817ec-78da-447b-a217-449ec9b08292: 170 datasets; 4.2 s; peak memory 1151 MiB.
2026-10-09T21:33:29Z INFO [568/750] 872904e0-748c-47ff-92c4-8fd8da737464: 91 datasets; 3.0 s; peak memory 1151 MiB.
2026-10-09T21:33:31Z INFO [569/750] 872a1110-e554-4df0-8822-4b9f50528ca1: 121 datasets; 1.7 s; peak memory 1151 MiB.
2026-10-09T21:33:33Z INFO [570/750] 872a4996-1e1b-4e6d-8a03-7db6f70e2817: 118 datasets; 1.8 s; peak memory 1151 MiB.
2026-10-09T21:33:40Z INFO [571/750] 872a7feb-5c08-48c9-aec0-0b9e90a27ecc: 229 datasets; 7.1 s; peak memory 1151 MiB.
2026-10-09T21:33:41Z INFO [572/750] 872ac57c-4b5d-4acb-a2ba-21918a2478ee: 45 datasets; 1.3 s; peak memory 1151 MiB.
2026-10-09T21:33:43Z INFO [573/750] 872c4cdf-15b0-4b73-9827-99f70785df9d: 110 datasets; 2.0 s; peak memory 1151 MiB.
2026-10-09T21:33:44Z INFO [574/750] 872d207d-e8e9-442d-a0ca-937e6b89a8f6: 48 datasets; 1.5 s; peak memory 1151 MiB.
2026-10-09T21:33:46Z INFO [575/750] 872d29ba-1215-4692-b054-798f105f54f1: 112 datasets; 1.9 s; peak memory 1151 MiB.
2026-10-09T21:33:49Z INFO [576/750] 872d8800-313c-4a8b-b177-b334fe6cc302: 69 datasets; 2.4 s; peak memory 1151 MiB.
2026-10-09T21:33:51Z INFO [577/750] 872d9eac-e8f2-41ac-9041-16e21818c43b: 112 datasets; 2.0 s; peak memory 1151 MiB.
2026-10-09T21:33:52Z INFO [578/750] 872db6d2-8596-4f25-98fe-6267c10a4b77: 48 datasets; 1.7 s; peak memory 1151 MiB.
2026-10-09T21:33:54Z INFO [579/750] 872dc71d-b887-4963-adb4-00098a18e4d4: 46 datasets; 1.4 s; peak memory 1151 MiB.
2026-10-09T21:33:56Z INFO [580/750] 872e3d72-48a8-485a-95f2-3687fbb4fef2: 112 datasets; 1.9 s; peak memory 1151 MiB.
2026-10-09T21:33:58Z INFO [581/750] 872f0f41-cd6c-49cd-a21a-5dd083bf1395: 111 datasets; 1.9 s; peak memory 1151 MiB.
2026-10-09T21:33:59Z INFO [582/750] 8730a216-234a-43e0-b05b-434c64eeedf7: 48 datasets; 1.5 s; peak memory 1151 MiB.
2026-10-09T21:34:01Z INFO [583/750] 873193ef-686c-4a33-87d7-9540f8395d68: 247 datasets; 2.2 s; peak memory 1151 MiB.
2026-10-09T21:34:03Z INFO [584/750] 87323a7a-4fd6-4cf6-9305-705951942e21: 48 datasets; 1.7 s; peak memory 1151 MiB.
2026-10-09T21:34:05Z INFO [585/750] 8732b760-ac74-4939-8769-882f058c6f7d: 46 datasets; 1.9 s; peak memory 1151 MiB.
2026-10-09T21:34:07Z INFO [586/750] 8732c817-7613-478e-b845-df8a34856c3d: 112 datasets; 2.2 s; peak memory 1151 MiB.
2026-10-09T21:34:09Z INFO [587/750] 8732c96e-2807-4548-8c6b-add105bb9a7c: 116 datasets; 1.8 s; peak memory 1151 MiB.
2026-10-09T21:34:11Z INFO [588/750] 8732de96-e86a-4413-aafb-c987fa66b492: 112 datasets; 2.3 s; peak memory 1151 MiB.
2026-10-09T21:34:12Z INFO [589/750] 8732e2e1-cf74-4f01-abdc-83969a4f2966: 45 datasets; 1.3 s; peak memory 1151 MiB.
2026-10-09T21:34:14Z INFO [590/750] 873386d4-bd7a-47a8-9e0d-c2b959942b01: 64 datasets; 2.0 s; peak memory 1151 MiB.
2026-10-09T21:34:16Z INFO [591/750] 8733b10e-2aa9-497d-9106-f459295be886: 117 datasets; 2.0 s; peak memory 1151 MiB.
2026-10-09T21:34:33Z INFO [592/750] 873521c3-e183-41d4-83ea-e8aa4e252107: 326 datasets; 16.8 s; peak memory 1151 MiB.
2026-10-09T21:34:38Z INFO [593/750] 873547d5-1eec-4bf3-9d25-33ab466ff106: 357 datasets; 5.1 s; peak memory 1151 MiB.
2026-10-09T21:34:51Z INFO [594/750] 87360459-d519-4607-a6aa-6c4c461013b6: 106 datasets; 12.3 s; peak memory 1151 MiB.
2026-10-09T21:34:52Z INFO [595/750] 87361956-ce64-49a5-8aac-482f6e75d055: 63 datasets; 1.4 s; peak memory 1151 MiB.
2026-10-09T21:34:54Z INFO [596/750] 87363498-635e-4df8-bd2c-c6ca69d44869: 69 datasets; 1.8 s; peak memory 1151 MiB.
2026-10-09T21:34:55Z INFO [597/750] 87366280-8132-4abf-987f-8480e77c8689: 38 datasets; 1.3 s; peak memory 1151 MiB.
2026-10-09T21:34:59Z INFO [598/750] 8736c8d8-c946-4ac9-b239-717a0a01ca74: 118 datasets; 3.6 s; peak memory 1151 MiB.
2026-10-09T21:35:00Z INFO [599/750] 87375060-87e8-4e60-b996-4973f385ef26: 61 datasets; 1.4 s; peak memory 1151 MiB.
2026-10-09T21:35:02Z INFO [600/750] 873885eb-9f40-4863-ae71-bae345ca7cf7: 118 datasets; 1.9 s; peak memory 1151 MiB.
2026-10-09T21:35:02Z INFO [600/750] 873885eb-9f40-4863-ae71-bae345ca7cf7: checkpointed 112185 new records.
2026-10-09T21:35:05Z INFO [601/750] 8738b74f-72d6-4771-afe9-47c4843653c1: 117 datasets; 2.4 s; peak memory 1151 MiB.
2026-10-09T21:35:07Z INFO [602/750] 8738f24c-efdd-4ce0-92dc-35df0de76e7b: 70 datasets; 2.7 s; peak memory 1151 MiB.
2026-10-09T21:35:09Z INFO [603/750] 8738fe64-3c4a-4fc8-876d-1a5559ad7d04: 112 datasets; 2.1 s; peak memory 1151 MiB.
2026-10-09T21:35:12Z INFO [604/750] 87393745-7034-470a-ba5c-cea460dc5f25: 110 datasets; 2.2 s; peak memory 1151 MiB.
2026-10-09T21:35:14Z INFO [605/750] 8739790e-e25c-4207-bdea-de9f140fd9c1: 110 datasets; 2.4 s; peak memory 1151 MiB.
2026-10-09T21:35:38Z INFO [606/750] 8739d016-7b4f-4288-ac54-75e0d365e8bd: 1499 datasets; 23.6 s; peak memory 1151 MiB.
2026-10-09T21:35:39Z INFO [607/750] 873a9a2e-dd60-48f1-9017-419644579621: 48 datasets; 1.5 s; peak memory 1151 MiB.
2026-10-09T21:35:40Z INFO [608/750] 873b6bd0-6731-40a5-9395-10f174e2a220: 48 datasets; 1.4 s; peak memory 1151 MiB.
2026-10-09T21:36:00Z INFO [609/750] 873c1f52-7e2e-499d-8185-866def28992c: 1339 datasets; 19.7 s; peak memory 1151 MiB.
2026-10-09T21:41:01Z INFO [610/750] 873c3356-f011-4070-b0bd-73939b5ee5c0: 472 datasets; 300.6 s; peak memory 1151 MiB.
2026-10-09T21:41:02Z INFO [611/750] 873c64e3-d5e3-4e1c-8d81-ec21d9aee46e: 52 datasets; 1.5 s; peak memory 1151 MiB.
2026-10-09T21:41:05Z INFO [612/750] 873d3b13-4e8a-497c-8bc7-c941b50e64fc: 70 datasets; 2.5 s; peak memory 1151 MiB.
2026-10-09T21:41:06Z INFO [613/750] 873da6d9-9c90-491d-a6e6-54914dbe7f5a: 57 datasets; 1.2 s; peak memory 1151 MiB.
2026-10-09T21:41:10Z INFO [614/750] 873de531-1a2e-4897-88a4-e503b8a10152: 80 datasets; 3.5 s; peak memory 1151 MiB.
2026-10-09T21:41:11Z INFO [615/750] 873e4941-294b-4479-88e1-07c9302b26ed: 48 datasets; 1.4 s; peak memory 1151 MiB.
2026-10-09T21:41:12Z INFO [616/750] 873ea181-39cd-4bdf-b3fc-c9760c459fae: 43 datasets; 1.4 s; peak memory 1151 MiB.
2026-10-09T21:41:16Z INFO [617/750] 873ef81e-fca5-4681-be02-6bcbf481b66e: 114 datasets; 3.8 s; peak memory 1151 MiB.
2026-10-09T21:41:18Z INFO [618/750] 873f713f-7784-4775-aece-18b5c61c9c03: 48 datasets; 1.4 s; peak memory 1151 MiB.
2026-10-09T21:41:19Z INFO [619/750] 873ff46f-3eba-4d45-a128-6f9222020110: 118 datasets; 1.6 s; peak memory 1151 MiB.
2026-10-09T21:41:21Z INFO [620/750] 87400f70-cb76-47d6-a16d-759b310947eb: 48 datasets; 1.5 s; peak memory 1151 MiB.
2026-10-09T21:41:22Z INFO [621/750] 874046a9-cb6c-400c-92d8-14bb6fc63007: 37 datasets; 1.2 s; peak memory 1151 MiB.
2026-10-09T21:41:24Z INFO [622/750] 87419ef9-ba05-463c-96b5-45bfe32fbd66: 118 datasets; 1.7 s; peak memory 1151 MiB.
2026-10-09T21:41:29Z INFO [623/750] 87429d3d-b462-4b2d-9864-d2a7ec3faf38: 168 datasets; 5.4 s; peak memory 1151 MiB.
2026-10-09T21:41:40Z INFO [624/750] 87448b0c-7089-49d3-a9ca-c5b2942fed97: 1053 datasets; 11.0 s; peak memory 1151 MiB.
2026-10-09T21:41:42Z INFO [625/750] 8745804a-21ad-484a-b340-190413cdd085: 110 datasets; 2.3 s; peak memory 1151 MiB.
2026-10-09T21:41:44Z INFO [626/750] 8746b537-e3e4-45f1-ab53-fe5d1f7d88ab: 72 datasets; 1.6 s; peak memory 1151 MiB.
2026-10-09T21:41:45Z INFO [627/750] 8748a8c8-b08e-4573-b570-b0895bb9006f: 57 datasets; 1.2 s; peak memory 1151 MiB.
2026-10-09T21:41:46Z INFO [628/750] 87491202-996a-42d0-a2a7-dc4df907e755: 48 datasets; 1.4 s; peak memory 1151 MiB.
2026-10-09T21:41:48Z INFO [629/750] 874a529b-14f6-4f31-bf27-bbe4798cddee: 79 datasets; 1.8 s; peak memory 1151 MiB.
2026-10-09T21:41:49Z INFO [630/750] 874a8070-b88a-4e97-843e-90e9e297ce33: 46 datasets; 1.2 s; peak memory 1151 MiB.
2026-10-09T21:41:53Z INFO [631/750] 874b70b4-cf6f-447e-8841-0e22f18e051c: 156 datasets; 4.0 s; peak memory 1151 MiB.
2026-10-09T21:42:13Z INFO [632/750] 874bd1a7-d6d6-49ab-bbea-5b804d6e1d25: 2000 datasets; 19.4 s; peak memory 1151 MiB.
2026-10-09T21:42:15Z INFO [633/750] 874ce49f-56b3-49a4-a91c-96e7e816fd39: 48 datasets; 1.6 s; peak memory 1151 MiB.
2026-10-09T21:42:17Z INFO [634/750] 874d2243-2b9e-4a25-94b3-5bf822d4cb87: 64 datasets; 2.1 s; peak memory 1151 MiB.
2026-10-09T21:42:18Z INFO [635/750] 874d5194-8470-4209-9e83-796609bc7b22: 116 datasets; 1.7 s; peak memory 1151 MiB.
2026-10-09T21:42:20Z INFO [636/750] 874d7692-774b-4f94-8dfe-32ccd9df6afb: 48 datasets; 1.6 s; peak memory 1151 MiB.
2026-10-09T21:42:22Z INFO [637/750] 874d8c47-b876-414c-8236-b396251466ff: 112 datasets; 2.2 s; peak memory 1151 MiB.
2026-10-09T21:42:23Z INFO [638/750] 874dfd54-46d1-4e53-97e4-bf44df03ac08: 46 datasets; 1.3 s; peak memory 1151 MiB.
2026-10-09T21:42:25Z INFO [639/750] 874e452c-dc4e-435d-987d-0b5a757dc7c5: 48 datasets; 1.2 s; peak memory 1151 MiB.
2026-10-09T21:42:26Z INFO [640/750] 874e5cb8-6db3-4e49-9c40-e0c732bbd2b9: 117 datasets; 1.8 s; peak memory 1151 MiB.
2026-10-09T21:42:30Z INFO [641/750] 874ea6f9-f6d7-4099-b202-df76d6f1b070: 123 datasets; 3.6 s; peak memory 1151 MiB.
2026-10-09T21:42:32Z INFO [642/750] 874f30f8-b2b6-48c1-8940-9a8d6a255784: 112 datasets; 2.1 s; peak memory 1151 MiB.
2026-10-09T21:42:33Z INFO [643/750] 874f37d3-3276-47c4-9cda-a25fcdd2950c: 48 datasets; 1.5 s; peak memory 1151 MiB.
2026-10-09T21:42:36Z INFO [644/750] 874f50b9-7baf-4dd9-85cf-58b2c1e38f48: 112 datasets; 2.3 s; peak memory 1151 MiB.
2026-10-09T21:42:43Z INFO [645/750] 874ff041-650b-4785-a6c8-62e69b0cae57: 229 datasets; 7.5 s; peak memory 1151 MiB.
2026-10-09T21:42:45Z INFO [646/750] 87506c15-85f4-41cd-a742-a4d00ed9e836: 38 datasets; 1.4 s; peak memory 1151 MiB.
2026-10-09T21:42:55Z INFO [647/750] 8750b01b-c63a-4fbb-8cd7-603b014b0f7f: 36 datasets; 10.0 s; peak memory 1151 MiB.
2026-10-09T21:42:58Z INFO [648/750] 8751e522-6dfd-4249-b850-0ee6f5cad1b6: 154 datasets; 3.4 s; peak memory 1151 MiB.
2026-10-09T21:43:00Z INFO [649/750] 8752c0e0-fe91-4f79-a393-2470339cb1ec: 66 datasets; 2.0 s; peak memory 1151 MiB.
2026-10-09T21:43:02Z INFO [650/750] 87549065-ce4a-4d07-82f9-19f652472c4f: 48 datasets; 1.6 s; peak memory 1151 MiB.
2026-10-09T21:43:02Z INFO [650/750] 87549065-ce4a-4d07-82f9-19f652472c4f: checkpointed 112235 new records.
2026-10-09T21:43:03Z INFO [651/750] 87551332-ad30-4173-91e1-4843c610336e: 48 datasets; 1.5 s; peak memory 1151 MiB.
2026-10-09T21:43:06Z INFO [652/750] 875557ed-71a9-4bac-9e87-abd906874b8d: 71 datasets; 2.6 s; peak memory 1151 MiB.
2026-10-09T21:43:07Z INFO [653/750] 87557030-efd9-4dc7-85e3-886ec2dac705: 48 datasets; 1.4 s; peak memory 1151 MiB.
2026-10-09T21:43:09Z INFO [654/750] 8755a240-6f25-4bee-bbf1-5ccbb4fc7b55: 48 datasets; 1.6 s; peak memory 1151 MiB.
2026-10-09T21:43:10Z INFO [655/750] 8755b7b5-79b5-4559-87b2-603af7d7d560: 48 datasets; 1.4 s; peak memory 1151 MiB.
2026-10-09T21:43:12Z INFO [656/750] 875636b3-1324-4d4f-b075-e6707e380cd9: 117 datasets; 1.8 s; peak memory 1151 MiB.
2026-10-09T21:43:19Z INFO [657/750] 875654e7-4adc-4e93-b503-2a4c3cb3cc49: 538 datasets; 6.7 s; peak memory 1151 MiB.
2026-10-09T21:43:21Z INFO [658/750] 875692f4-eebf-4d65-82fe-b8b6ec26c14e: 112 datasets; 2.4 s; peak memory 1151 MiB.
2026-10-09T21:43:24Z INFO [659/750] 87584a87-4b87-4f70-a085-4f11fbac8328: 53 datasets; 2.7 s; peak memory 1151 MiB.
2026-10-09T21:43:25Z INFO [660/750] 875919b8-8e76-49fe-bed6-02facdb04337: 63 datasets; 1.4 s; peak memory 1151 MiB.
2026-10-09T21:43:27Z INFO [661/750] 87596c4c-8c6f-485a-a245-fce276952d8b: 46 datasets; 2.1 s; peak memory 1151 MiB.
2026-10-09T21:43:29Z INFO [662/750] 8759b66c-da23-477c-8a41-7dffcd108dd3: 66 datasets; 2.0 s; peak memory 1151 MiB.
2026-10-09T21:43:35Z INFO [663/750] 875a9142-a3b1-4fbc-adf7-cf4f37ee8c91: 111 datasets; 5.3 s; peak memory 1151 MiB.
2026-10-09T21:43:36Z INFO [664/750] 875acba8-d261-4b73-a1d3-867568f7599b: 46 datasets; 1.2 s; peak memory 1151 MiB.
2026-10-09T21:43:37Z INFO [665/750] 875be197-2a25-4c84-a7a8-564a9a807836: 48 datasets; 1.5 s; peak memory 1151 MiB.
2026-10-09T21:43:39Z INFO [666/750] 875d5297-0532-4ab8-97a1-9a8fd0cbbeee: 58 datasets; 1.2 s; peak memory 1151 MiB.
2026-10-09T21:43:40Z INFO [667/750] 875d8c0e-ea68-484c-825c-5ce1dbf2238a: 48 datasets; 1.4 s; peak memory 1151 MiB.
2026-10-09T21:43:42Z INFO [668/750] 875de72f-3836-4d63-8d44-12329d26cd38: 48 datasets; 1.6 s; peak memory 1151 MiB.
2026-10-09T21:43:43Z INFO [669/750] 875e1e03-f73d-4d4e-b9c3-fbdc9c91d501: 46 datasets; 1.1 s; peak memory 1151 MiB.
2026-10-09T21:43:44Z INFO [670/750] 875e7ae9-8a8d-4691-ad1d-0666415fb6a7: 48 datasets; 1.4 s; peak memory 1151 MiB.
2026-10-09T21:43:57Z INFO [671/750] 875ecf44-d77f-450c-904a-876e0ac366be: 615 datasets; 12.6 s; peak memory 1151 MiB.
2026-10-09T21:43:59Z INFO [672/750] 875f59c5-7a45-4cf6-be83-99d204cee1a4: 101 datasets; 2.4 s; peak memory 1151 MiB.
2026-10-09T21:44:01Z INFO [673/750] 875f91e9-c5dd-48ee-8429-f1bc93236fd2: 118 datasets; 1.7 s; peak memory 1151 MiB.
2026-10-09T21:44:02Z INFO [674/750] 876028d2-0d83-43a8-85c0-0fb0b70df092: 67 datasets; 1.8 s; peak memory 1151 MiB.
2026-10-09T21:44:10Z INFO [675/750] 87605cdc-5007-405f-8999-3fddc2b96a51: 538 datasets; 7.2 s; peak memory 1151 MiB.
2026-10-09T21:44:12Z INFO [676/750] 8760f94d-f844-48e3-beb3-267347047605: 117 datasets; 1.9 s; peak memory 1151 MiB.
2026-10-09T21:45:38Z INFO [677/750] 8762323d-06af-47ca-97da-ba268884ceaa: 4800 datasets; 86.6 s; peak memory 1151 MiB.
2026-10-09T21:45:40Z INFO [678/750] 87627d45-a3b8-4386-ac48-843b14f2022d: 111 datasets; 2.2 s; peak memory 1151 MiB.
2026-10-09T21:45:48Z INFO [679/750] 876308af-22f1-4680-8335-a817aae20f7b: 461 datasets; 7.3 s; peak memory 1151 MiB.
2026-10-09T21:45:49Z INFO [680/750] 8763c949-9ff7-4cc0-80be-0ea223c7cc70: 37 datasets; 1.2 s; peak memory 1151 MiB.
2026-10-09T21:45:51Z INFO [681/750] 876419b4-cfeb-4d49-9a31-9c3167db400c: 62 datasets; 2.3 s; peak memory 1151 MiB.
2026-10-09T21:45:53Z INFO [682/750] 876475e6-a50c-411f-9012-b061da306d09: 118 datasets; 1.8 s; peak memory 1151 MiB.
2026-10-09T21:45:55Z INFO [683/750] 8766406f-bd20-490f-8c80-341c06b766d1: 117 datasets; 1.8 s; peak memory 1151 MiB.
2026-10-09T21:45:56Z INFO [684/750] 87679fe7-9dbc-4ed6-8826-c9d7c980efbc: 117 datasets; 1.7 s; peak memory 1151 MiB.
2026-10-09T21:45:58Z INFO [685/750] 87691d2d-3f3f-4bcc-85ec-0506e1f5e5f1: 117 datasets; 1.9 s; peak memory 1151 MiB.
2026-10-09T21:46:00Z INFO [686/750] 8769f54e-d540-4241-bb5b-0be90fdbdc0d: 46 datasets; 2.1 s; peak memory 1151 MiB.
2026-10-09T21:46:03Z INFO [687/750] 876a8574-26b6-45e4-a1de-ae7a0f75eb5b: 112 datasets; 2.2 s; peak memory 1151 MiB.
2026-10-09T21:46:05Z INFO [688/750] 876a9aed-c290-46e0-a3fd-2f7e6ff62b0a: 121 datasets; 2.9 s; peak memory 1151 MiB.
2026-10-09T21:46:07Z INFO [689/750] 876a9f7a-fec8-4b37-a918-4204a72398de: 41 datasets; 1.5 s; peak memory 1151 MiB.
2026-10-09T21:46:09Z INFO [690/750] 876b1f77-c9c8-4c86-9681-cd65dd2b5a55: 79 datasets; 1.9 s; peak memory 1151 MiB.
2026-10-09T21:46:18Z INFO [691/750] 876b5d19-70c4-4371-ab0e-f1bb2d58274e: 58 datasets; 9.1 s; peak memory 1151 MiB.
2026-10-09T21:46:19Z INFO [692/750] 876b776e-75bc-46e3-8f45-719880b17ea4: 46 datasets; 1.4 s; peak memory 1151 MiB.
2026-10-09T21:46:21Z INFO [693/750] 876c9fde-1c6f-4ea4-82ec-b14f7e2160fd: 48 datasets; 1.5 s; peak memory 1151 MiB.
2026-10-09T21:46:22Z INFO [694/750] 876e5995-102f-4740-b223-89ec0db3bb37: 38 datasets; 1.4 s; peak memory 1151 MiB.
2026-10-09T21:46:24Z INFO [695/750] 876ed93a-4a6c-4926-a635-6185fb6c196d: 117 datasets; 2.0 s; peak memory 1151 MiB.
2026-10-09T21:46:26Z INFO [696/750] 876f2c72-5be9-43af-8b29-33fef8707d4d: 48 datasets; 1.4 s; peak memory 1151 MiB.
2026-10-09T21:46:27Z INFO [697/750] 876f378b-cbe9-49eb-b72b-5090091752b7: 54 datasets; 1.2 s; peak memory 1151 MiB.
2026-10-09T21:46:29Z INFO [698/750] 876f7c72-a330-4127-91b5-e270e34a6722: 69 datasets; 2.3 s; peak memory 1151 MiB.
2026-10-09T21:46:31Z INFO [699/750] 877025a1-7642-49a4-a7d9-08f2bd1b7922: 45 datasets; 1.7 s; peak memory 1151 MiB.
2026-10-09T21:46:33Z INFO [700/750] 877070d5-2d3d-46fe-b07a-be799cbba511: 66 datasets; 2.1 s; peak memory 1151 MiB.
2026-10-09T21:46:33Z INFO [700/750] 877070d5-2d3d-46fe-b07a-be799cbba511: checkpointed 112285 new records.
2026-10-09T21:46:38Z INFO [701/750] 87716461-e73a-43ba-ac67-78db56b08730: 178 datasets; 4.9 s; peak memory 1151 MiB.
2026-10-09T21:46:40Z INFO [702/750] 8771ecdf-a557-4a42-9153-0850f7442b7b: 142 datasets; 1.7 s; peak memory 1151 MiB.
2026-10-09T21:46:41Z INFO [703/750] 8771ed9d-f4f3-4648-b79b-d8e89c1bf78a: 48 datasets; 1.5 s; peak memory 1151 MiB.
2026-10-09T21:46:43Z INFO [704/750] 8772d7ed-bdc0-4fc0-a15d-5b6d7e1b961a: 52 datasets; 1.5 s; peak memory 1151 MiB.
2026-10-09T21:46:45Z INFO [705/750] 8773e464-ca06-4bb2-9e49-3876f71db38b: 116 datasets; 1.8 s; peak memory 1151 MiB.
2026-10-09T21:46:46Z INFO [706/750] 87741b30-446a-44fb-a415-96c9e9835d91: 99 datasets; 1.5 s; peak memory 1151 MiB.
2026-10-09T22:13:10Z INFO [707/750] 87751d43-b044-445e-a8d9-d07b875af218: 118 datasets; 1583.6 s; peak memory 1249 MiB.
2026-10-09T22:13:12Z INFO [708/750] 877583cd-9628-4600-9b6d-bc36fcf2869a: 62 datasets; 1.9 s; peak memory 1249 MiB.
2026-10-09T22:13:13Z INFO [709/750] 8775e12f-345f-48a2-97c9-a151c570b55f: 117 datasets; 1.8 s; peak memory 1249 MiB.
2026-10-09T22:13:16Z INFO [710/750] 87766332-784d-47f0-a8dd-8141044c2d34: 112 datasets; 2.2 s; peak memory 1249 MiB.
2026-10-09T22:13:18Z INFO [711/750] 877694d3-b57c-4c43-8e3d-7e19130e937e: 71 datasets; 3.0 s; peak memory 1249 MiB.
2026-10-09T22:13:20Z INFO [712/750] 8777c2d0-cd45-4f8c-9632-105203dbdc35: 85 datasets; 1.8 s; peak memory 1249 MiB.
2026-10-09T22:13:27Z INFO [713/750] 87783c40-0406-4789-a17b-f4493a518c4f: 200 datasets; 6.9 s; peak memory 1249 MiB.
2026-10-09T22:13:29Z INFO [714/750] 8778ec75-f580-40a7-9310-0aec1dfcd15b: 59 datasets; 1.8 s; peak memory 1249 MiB.
2026-10-09T22:57:30Z INFO [715/750] 8778ed71-ad60-40a9-bbe1-75fe057a6f33: 216 datasets; 2641.2 s; peak memory 1255 MiB.
2026-10-09T22:57:53Z INFO [716/750] 877958f5-bbbe-47a8-939c-6d7faa6d702f: 48 datasets; 22.7 s; peak memory 1255 MiB.
2026-10-09T23:01:26Z INFO [717/750] 8779a485-698a-4e64-a37e-5202d0dc1945: 107 datasets; 212.9 s; peak memory 1279 MiB.
2026-10-09T23:01:29Z INFO [718/750] 877a5b25-c333-4a86-a385-dfd9c16c1834: 114 datasets; 3.5 s; peak memory 1279 MiB.
2026-10-09T23:01:31Z INFO [719/750] 877bbf6f-12c6-4210-b653-918db454c6ab: 45 datasets; 2.1 s; peak memory 1279 MiB.
2026-10-09T23:01:34Z INFO [720/750] 877c747e-aa1a-43cb-a8f2-73b5a831caef: 78 datasets; 2.4 s; peak memory 1279 MiB.
2026-10-09T23:01:36Z INFO [721/750] 877cf8ec-4db5-46ac-8d10-9d79c232436d: 48 datasets; 1.6 s; peak memory 1279 MiB.
2026-10-09T23:01:55Z INFO [722/750] 877d396a-adb0-4e7c-a8ed-5268b8874424: 903 datasets; 19.9 s; peak memory 1279 MiB.
2026-10-09T23:01:57Z INFO [723/750] 877d7bee-8eb6-4801-b2d3-01bdcc92a3bc: 46 datasets; 1.6 s; peak memory 1279 MiB.
2026-10-09T23:01:58Z INFO [724/750] 877dc129-29db-41de-b597-3ff70bfc105e: 119 datasets; 1.4 s; peak memory 1279 MiB.
2026-10-09T23:02:00Z INFO [725/750] 877dee4f-5855-471e-9d62-2339dd6cf848: 46 datasets; 1.4 s; peak memory 1279 MiB.
2026-10-09T23:02:02Z INFO [726/750] 877f3689-8938-40db-bc1a-2b1d6538ef87: 110 datasets; 1.7 s; peak memory 1279 MiB.
2026-10-09T23:02:03Z INFO [727/750] 877f4a6b-035a-47dc-a2df-4518d6f4d71f: 48 datasets; 1.6 s; peak memory 1279 MiB.
2026-10-09T23:02:15Z INFO [728/750] 87806e8b-a3de-4299-8669-7dcbe735e076: 794 datasets; 11.7 s; peak memory 1279 MiB.
2026-10-09T23:02:17Z INFO [729/750] 87807fbc-3382-492f-b0db-3a43f25bd70c: 48 datasets; 1.5 s; peak memory 1279 MiB.
2026-10-09T23:02:18Z INFO [730/750] 8780a04e-7958-4a33-80ce-e6f9baae6d81: 48 datasets; 1.5 s; peak memory 1279 MiB.
2026-10-09T23:02:41Z INFO [731/750] 8780e5ba-047d-460f-9383-e395b4a060b1: 1856 datasets; 23.0 s; peak memory 1279 MiB.
2026-10-09T23:02:44Z INFO [732/750] 87810655-987d-49dc-a3c3-3edd7e202fe9: 76 datasets; 2.7 s; peak memory 1279 MiB.
2026-10-09T23:02:46Z INFO [733/750] 878123b5-d809-48db-a7d9-ed0546c9462e: 112 datasets; 1.9 s; peak memory 1279 MiB.
2026-10-09T23:02:57Z INFO [734/750] 87812bec-6837-42f8-91bc-7a2d1de5f724: 233 datasets; 11.0 s; peak memory 1279 MiB.
2026-10-09T23:02:58Z INFO [735/750] 87821472-a7f7-4f47-936a-e0508e12b2f3: 112 datasets; 2.0 s; peak memory 1279 MiB.
2026-10-09T23:03:00Z INFO [736/750] 87824590-76b2-439f-b50f-254405ec56bf: 62 datasets; 2.0 s; peak memory 1279 MiB.
2026-10-09T23:03:07Z INFO [737/750] 87837ebd-0997-4e55-ace2-be478d6bc1a7: 223 datasets; 6.2 s; peak memory 1279 MiB.
2026-10-09T23:03:08Z INFO [738/750] 8783db48-07f4-4f59-9deb-ea09be2e9f59: 46 datasets; 1.2 s; peak memory 1279 MiB.
2026-10-09T23:03:10Z INFO [739/750] 87842088-5fcb-47d7-b080-c6cbc65b044f: 112 datasets; 2.1 s; peak memory 1279 MiB.
2026-10-09T23:03:11Z INFO [740/750] 8784b2b8-b84d-4e64-bd04-08bf7a192af5: 40 datasets; 1.5 s; peak memory 1279 MiB.
2026-10-09T23:03:13Z INFO [741/750] 8784d3ba-ac75-4e2a-be43-cbe5c007f223: 112 datasets; 2.0 s; peak memory 1279 MiB.
2026-10-09T23:03:15Z INFO [742/750] 87854233-2f43-421b-9416-3926f2768e3d: 64 datasets; 2.2 s; peak memory 1279 MiB.
2026-10-09T23:03:17Z INFO [743/750] 8785ea8b-d07f-4149-9052-0ce852c67062: 48 datasets; 1.6 s; peak memory 1279 MiB.
2026-10-09T23:03:18Z INFO [744/750] 8786b41c-5fd2-4fd4-9d73-1e80caee15e9: 46 datasets; 1.2 s; peak memory 1279 MiB.
2026-10-09T23:03:20Z INFO [745/750] 8786c302-1216-4cf7-9f15-8bf4f02ceb6d: 48 datasets; 1.5 s; peak memory 1279 MiB.
2026-10-09T23:03:21Z INFO [746/750] 8786e45a-6c09-4fd2-a496-9885ae67db3c: 48 datasets; 1.5 s; peak memory 1279 MiB.
2026-10-09T23:03:29Z INFO [747/750] 8786f193-8ba8-4150-bebe-84870033aa87: 497 datasets; 7.3 s; peak memory 1279 MiB.
2026-10-09T23:03:31Z INFO [748/750] 8787ace0-1329-4963-ae20-b892d207d943: 118 datasets; 2.0 s; peak memory 1279 MiB.
2026-10-09T23:03:38Z INFO [749/750] 8788296a-9d83-4a9e-92a3-c72b1c0700d8: 229 datasets; 7.5 s; peak memory 1279 MiB.
2026-10-09T23:03:41Z INFO [750/750] 8788d03b-366f-4a70-8491-3bd003eb661c: 102 datasets; 2.6 s; peak memory 1279 MiB.
2026-10-09T23:03:41Z INFO [750/750] 8788d03b-366f-4a70-8491-3bd003eb661c: checkpointed 112335 new records.
2026-10-09T23:03:41Z INFO Wrote 112335 records to /tmp/derivatives/valid_nwb_file_to_number_of_datasets.jsonl (750 new, 0 failed) in 241.4 min (peak memory 1279 MiB).
