2026-10-06T22:45:41Z INFO Logging to /tmp/logs/update_2026-10-06T22-45-41Z.log.
2026-10-06T22:45:41Z INFO Update valid-nwb-file-to-number-of-datasets (base directory /tmp).
2026-10-06T22:45:41Z INFO Processing 750 items (88335 already recorded).
2026-10-06T22:45:44Z INFO [1/750] 55caba33-d9d1-48ae-8f20-cf2ea5f59468: 156 datasets; 2.7 s; peak memory 115 MiB.
2026-10-06T22:45:45Z INFO [2/750] 55cabe0c-1b55-4acd-b869-9c76c9730a57: 48 datasets; 0.8 s; peak memory 115 MiB.
2026-10-06T22:45:45Z INFO [3/750] 55cb93e8-46a5-478f-a5b2-d207c88efcb0: 48 datasets; 0.8 s; peak memory 116 MiB.
2026-10-06T22:45:53Z INFO [4/750] 55cc5f37-4931-4d2d-89ea-e1f43c6f7278: 108 datasets; 7.3 s; peak memory 142 MiB.
2026-10-06T22:45:54Z INFO [5/750] 55cd1e74-6b1b-40a1-9ebd-2b86e96bbc30: 48 datasets; 0.9 s; peak memory 142 MiB.
2026-10-06T22:45:55Z INFO [6/750] 55cdf4c1-bce2-496d-982e-624a95e0c2d9: 117 datasets; 0.9 s; peak memory 142 MiB.
2026-10-06T22:45:56Z INFO [7/750] 55ce9270-a258-49f8-9d60-2d3a687025f8: 48 datasets; 1.1 s; peak memory 142 MiB.
2026-10-06T22:45:57Z INFO [8/750] 55cf1284-71ca-4965-8599-a1cba843c2b1: 112 datasets; 1.1 s; peak memory 143 MiB.
2026-10-06T22:45:58Z INFO [9/750] 55cfb3f9-c150-4434-82a2-36bafb67c677: 48 datasets; 0.9 s; peak memory 143 MiB.
2026-10-06T22:45:58Z INFO [10/750] 55d02335-7d57-4fe2-a0cc-42288ead118e: 52 datasets; 0.6 s; peak memory 143 MiB.
2026-10-06T22:46:00Z INFO [11/750] 55d0ffab-274b-4cb9-8fe8-28ea1025d04d: 99 datasets; 1.7 s; peak memory 143 MiB.
2026-10-06T22:46:08Z INFO [12/750] 55d19e32-0074-4b45-96bb-cd214c753c1f: 906 datasets; 8.5 s; peak memory 155 MiB.
2026-10-06T22:46:09Z INFO [13/750] 55d2e588-2114-4afb-ade7-e4ea0a3efc11: 48 datasets; 0.9 s; peak memory 155 MiB.
2026-10-06T22:46:10Z INFO [14/750] 55d2f867-2e59-4242-be52-96163a41068c: 117 datasets; 0.9 s; peak memory 156 MiB.
2026-10-06T22:46:11Z INFO [15/750] 55d34307-6ef6-4d48-9750-d138bb4a670f: 46 datasets; 0.7 s; peak memory 156 MiB.
2026-10-06T22:46:12Z INFO [16/750] 55d365ea-1bc6-4e2b-b77a-0cd78948ccf7: 118 datasets; 1.0 s; peak memory 156 MiB.
2026-10-06T22:46:13Z INFO [17/750] 55d3bd10-7621-45fa-83d4-40e3560b7caf: 237 datasets; 1.5 s; peak memory 156 MiB.
2026-10-06T22:46:14Z INFO [18/750] 55d3c7c2-2635-481b-8a71-f029bfbaedd5: 117 datasets; 0.9 s; peak memory 157 MiB.
2026-10-06T22:46:29Z INFO [19/750] 55d40255-8b25-43a0-b637-45fa7cf2f56d: 1112 datasets; 14.5 s; peak memory 177 MiB.
2026-10-06T22:46:30Z INFO [20/750] 55d4553d-73a5-40d0-a938-df58cd18bd02: 66 datasets; 1.1 s; peak memory 177 MiB.
2026-10-06T22:46:35Z INFO [21/750] 55d46605-6bbf-483c-a622-4a973b6a61bd: 196 datasets; 4.9 s; peak memory 177 MiB.
2026-10-06T22:46:36Z INFO [22/750] 55d4c005-3cd3-448e-93a7-73af24363e77: 48 datasets; 0.9 s; peak memory 177 MiB.
2026-10-06T22:46:42Z INFO [23/750] 55d4c952-3d8d-45ef-9789-0f85266afda9: 384 datasets; 6.3 s; peak memory 177 MiB.
2026-10-06T22:46:43Z INFO [24/750] 55d55c8f-7d79-4a82-a715-cedcd375358f: 116 datasets; 0.8 s; peak memory 177 MiB.
2026-10-06T22:46:44Z INFO [25/750] 55d7483c-6e37-49f3-877a-3a9ca25e3e82: 121 datasets; 1.3 s; peak memory 177 MiB.
2026-10-06T22:46:45Z INFO [26/750] 55d75d7a-13ac-48e0-b0bd-9715dd97ced5: 56 datasets; 0.6 s; peak memory 177 MiB.
2026-10-06T22:46:51Z INFO [27/750] 55d75ef5-691f-4d4d-b83a-85f6c619864e: 744 datasets; 6.1 s; peak memory 177 MiB.
2026-10-06T22:46:52Z INFO [28/750] 55d7b2bc-71a7-4423-a4cf-d3ec6212e02d: 48 datasets; 0.9 s; peak memory 177 MiB.
2026-10-06T22:46:53Z INFO [29/750] 55d80de5-5316-4c88-870f-de9f9a1b3eba: 112 datasets; 1.0 s; peak memory 177 MiB.
2026-10-06T22:46:54Z INFO [30/750] 55d877bf-1bfe-47ce-b9f5-909c6dd5feff: 110 datasets; 1.2 s; peak memory 177 MiB.
2026-10-06T22:46:55Z INFO [31/750] 55d8b428-9106-4c32-86c2-2512a3802488: 69 datasets; 1.0 s; peak memory 177 MiB.
2026-10-06T22:46:57Z INFO [32/750] 55d93b68-cd0f-4d0a-91f7-caf3e86b6330: 165 datasets; 1.7 s; peak memory 177 MiB.
2026-10-06T22:46:58Z INFO [33/750] 55d9687f-53ef-4665-874f-41ad15a89516: 112 datasets; 1.0 s; peak memory 177 MiB.
2026-10-06T22:46:59Z INFO [34/750] 55dac1cc-341a-469c-a384-b86b83a21807: 112 datasets; 1.1 s; peak memory 177 MiB.
2026-10-06T22:47:00Z INFO [35/750] 55dbe352-397d-4fd9-91ab-303a3eb50aef: 68 datasets; 1.0 s; peak memory 177 MiB.
2026-10-06T22:47:01Z INFO [36/750] 55dd2131-e70e-40c8-b1e5-2aeec0f287d3: 48 datasets; 0.9 s; peak memory 177 MiB.
2026-10-06T22:47:01Z INFO [37/750] 55ddf8af-4c1e-44b4-ac41-78fefd2abab8: 118 datasets; 0.8 s; peak memory 177 MiB.
2026-10-06T22:47:02Z INFO [38/750] 55de3873-df6b-44a2-9253-5435435bf455: 112 datasets; 1.0 s; peak memory 177 MiB.
2026-10-06T22:47:04Z INFO [39/750] 55de68d9-8dd7-437d-9ee6-6c1f1181e8a7: 110 datasets; 1.1 s; peak memory 177 MiB.
2026-10-06T22:47:04Z INFO [40/750] 55ded763-dc63-452c-8868-a07f457a1a96: 56 datasets; 0.5 s; peak memory 177 MiB.
2026-10-06T22:47:05Z INFO [41/750] 55df1689-a823-4a0f-ba20-138fe6565789: 48 datasets; 0.9 s; peak memory 177 MiB.
2026-10-06T22:47:05Z INFO [42/750] 55e01c61-4627-4919-b510-264097a40fcd: 55 datasets; 0.5 s; peak memory 177 MiB.
2026-10-06T22:47:23Z INFO [43/750] 55e053d7-ff6b-456b-8210-3ef9f477b938: 522 datasets; 17.8 s; peak memory 177 MiB.
2026-10-06T22:47:24Z INFO [44/750] 55e06630-8833-46ce-8b07-2d3aed21e25d: 46 datasets; 0.5 s; peak memory 177 MiB.
2026-10-06T22:47:30Z INFO [45/750] 55e0913b-1432-4c19-aa49-140c5ab23341: 5998 datasets; 6.3 s; peak memory 209 MiB.
2026-10-06T22:47:32Z INFO [46/750] 55e16123-ca44-45d5-8ba2-5d0deea55217: 110 datasets; 1.4 s; peak memory 209 MiB.
2026-10-06T22:47:35Z INFO [47/750] 55e291d7-9965-4bba-9e37-0f02ef429cda: 229 datasets; 3.3 s; peak memory 209 MiB.
2026-10-06T22:47:36Z INFO [48/750] 55e29b21-8daf-4514-bf4e-864a274da0e1: 117 datasets; 0.8 s; peak memory 209 MiB.
2026-10-06T22:47:37Z INFO [49/750] 55e3eaac-d897-49a2-995f-85a527c7cd3f: 112 datasets; 1.2 s; peak memory 209 MiB.
2026-10-06T22:47:38Z INFO [50/750] 55e44b61-d520-4724-b5c3-9980172ecfe3: 112 datasets; 1.0 s; peak memory 209 MiB.
2026-10-06T22:47:38Z INFO [50/750] 55e44b61-d520-4724-b5c3-9980172ecfe3: checkpointed 88385 records.
2026-10-06T22:47:40Z INFO [51/750] 55e4b27f-682a-4a9e-a468-3c077f19424e: 131 datasets; 1.6 s; peak memory 209 MiB.
2026-10-06T22:47:43Z INFO [52/750] 55e53fd9-116a-46e3-8b54-aba74ce34d0a: 541 datasets; 3.4 s; peak memory 209 MiB.
2026-10-06T22:47:44Z INFO [53/750] 55e5c4d1-4dfa-4895-8ca6-c318127edfb9: 48 datasets; 0.8 s; peak memory 209 MiB.
2026-10-06T22:47:45Z INFO [54/750] 55e6e2aa-58e2-42cd-a874-1da78f728a48: 76 datasets; 1.0 s; peak memory 209 MiB.
2026-10-06T22:47:46Z INFO [55/750] 55e714e9-81de-4f0f-9582-492f35033d51: 118 datasets; 0.9 s; peak memory 209 MiB.
2026-10-06T22:47:51Z INFO [56/750] 55e7fc28-2f15-4a0d-ab8d-d83b1728b0bb: 193 datasets; 5.6 s; peak memory 209 MiB.
2026-10-06T22:47:52Z INFO [57/750] 55e85e20-871a-4f19-a88d-8eff0c8ff617: 112 datasets; 1.1 s; peak memory 209 MiB.
2026-10-06T22:47:54Z INFO [58/750] 55e906a8-322f-4d8b-9aec-93cf9ef9e0c5: 156 datasets; 2.0 s; peak memory 209 MiB.
2026-10-06T22:47:55Z INFO [59/750] 55e973cb-2d8e-4ee6-bbf4-027281a92302: 48 datasets; 0.7 s; peak memory 209 MiB.
2026-10-06T22:47:56Z INFO [60/750] 55e9811a-d91b-4d08-bcb0-f09a4af704e4: 161 datasets; 0.6 s; peak memory 209 MiB.
2026-10-06T22:48:25Z INFO [61/750] 55e99931-7ad7-41e7-8a10-e6bc716eceac: 2906 datasets; 29.0 s; peak memory 230 MiB.
2026-10-06T22:48:25Z INFO [62/750] 55e9fb0f-e32a-4990-a3e3-de9d850b5f64: 46 datasets; 0.4 s; peak memory 230 MiB.
2026-10-06T22:48:26Z INFO [63/750] 55ec4302-b7ba-406d-a4f0-c7d73d3d4ac9: 112 datasets; 1.1 s; peak memory 230 MiB.
2026-10-06T22:48:39Z INFO [64/750] 55ed6ad3-914b-4cfb-bbf5-24e93666beca: 1684 datasets; 12.4 s; peak memory 230 MiB.
2026-10-06T22:48:40Z INFO [65/750] 55ee77a2-41d4-44fe-9558-f8b367ddd310: 116 datasets; 1.0 s; peak memory 230 MiB.
2026-10-06T22:48:40Z INFO [66/750] 55ee781f-7e66-440b-b403-263e4b343ecc: 41 datasets; 0.8 s; peak memory 230 MiB.
2026-10-06T22:48:41Z INFO [67/750] 55eec1ff-8c81-480a-9853-d1ce11a087de: 112 datasets; 1.1 s; peak memory 230 MiB.
2026-10-06T22:48:42Z INFO [68/750] 55ef69f3-be0c-44e5-ac87-547c03371bfb: 48 datasets; 0.8 s; peak memory 230 MiB.
2026-10-06T22:48:43Z INFO [69/750] 55ef95b3-17ba-47a0-852c-05da80edbcd7: 118 datasets; 1.0 s; peak memory 230 MiB.
2026-10-06T22:48:45Z INFO [70/750] 55efbffa-3392-41df-804f-9c1865beb9e2: 62 datasets; 1.4 s; peak memory 230 MiB.
2026-10-06T22:48:46Z INFO [71/750] 55f01f1c-8213-402f-88be-ffb5045b4183: 121 datasets; 1.5 s; peak memory 230 MiB.
2026-10-06T22:48:47Z INFO [72/750] 55f21d93-83db-4a7b-a6e2-4dc1520c5d32: 52 datasets; 0.9 s; peak memory 230 MiB.
2026-10-06T22:48:48Z INFO [73/750] 55f2327e-ee3c-4380-a559-b46fff1b1d2f: 112 datasets; 1.0 s; peak memory 230 MiB.
2026-10-06T22:48:49Z INFO [74/750] 55f23db4-b9ba-4ca9-901f-ce46492456fa: 112 datasets; 1.0 s; peak memory 230 MiB.
2026-10-06T22:48:52Z INFO [75/750] 55f27190-a22e-4f92-953c-25450c1ea810: 111 datasets; 3.3 s; peak memory 230 MiB.
2026-10-06T22:48:53Z INFO [76/750] 55f291f9-6013-4d5f-a053-8b28c12f2b65: 89 datasets; 0.9 s; peak memory 230 MiB.
2026-10-06T22:48:54Z INFO [77/750] 55f2bc85-1e7d-460b-b2e3-965029a7cc0a: 48 datasets; 0.6 s; peak memory 230 MiB.
2026-10-06T22:49:03Z INFO [78/750] 55f6692e-eddf-48fb-8c64-67559805b8e0: 1510 datasets; 9.2 s; peak memory 230 MiB.
2026-10-06T22:49:05Z INFO [79/750] 55f6dc0e-f770-41cf-8ee7-14344b46e026: 40 datasets; 1.4 s; peak memory 230 MiB.
2026-10-06T22:49:14Z INFO [80/750] 55f7b957-84ca-49c9-ac66-66483603fa06: 588 datasets; 9.7 s; peak memory 230 MiB.
2026-10-06T22:49:15Z INFO [81/750] 55f836a7-1cb1-4f90-9de1-445e58495b51: 46 datasets; 0.5 s; peak memory 230 MiB.
2026-10-06T22:49:16Z INFO [82/750] 55f87b03-0371-4e7b-a790-9ca69ca234ec: 204 datasets; 1.4 s; peak memory 230 MiB.
2026-10-06T22:49:20Z INFO [83/750] 55f8bbc6-41b1-4d08-9751-1cecad635b94: 56 datasets; 4.0 s; peak memory 230 MiB.
2026-10-06T22:49:21Z INFO [84/750] 55fa1529-5518-43e4-a829-c544b8f98491: 84 datasets; 0.7 s; peak memory 230 MiB.
2026-10-06T22:49:22Z INFO [85/750] 55fa9f50-8174-4cc6-8e76-27be035619a6: 71 datasets; 1.4 s; peak memory 230 MiB.
2026-10-06T22:49:25Z INFO [86/750] 55faaa82-8011-449b-9651-f7f87516fcb5: 233 datasets; 2.9 s; peak memory 230 MiB.
2026-10-06T22:49:27Z INFO [87/750] 55fabb89-c907-43bf-866f-03edb0367d9c: 82 datasets; 2.3 s; peak memory 230 MiB.
2026-10-06T22:49:29Z INFO [88/750] 55fb4e7a-ed20-4997-9ab8-c2565715b5ab: 71 datasets; 1.4 s; peak memory 230 MiB.
2026-10-06T22:49:30Z INFO [89/750] 55fbea05-4081-4f4e-b035-0b86fe741aa2: 117 datasets; 0.8 s; peak memory 230 MiB.
2026-10-06T22:49:31Z INFO [90/750] 55fc5321-7feb-4401-8317-16c3e15fb6a2: 48 datasets; 0.9 s; peak memory 230 MiB.
2026-10-06T22:50:05Z INFO [91/750] 55fc8476-3017-486c-87a4-b4faeb74fa8d: 55 datasets; 34.1 s; peak memory 230 MiB.
2026-10-06T22:50:06Z INFO [92/750] 55fc9761-5697-4d7d-a8e1-21242586583c: 138 datasets; 1.6 s; peak memory 230 MiB.
2026-10-06T22:50:07Z INFO [93/750] 55fd22cc-e266-4b01-8c77-fde2fff2289c: 57 datasets; 0.7 s; peak memory 230 MiB.
2026-10-06T22:50:09Z INFO [94/750] 55fe9928-63c4-4c64-b47a-128e8d3665ae: 115 datasets; 1.8 s; peak memory 230 MiB.
2026-10-06T22:50:10Z INFO [95/750] 55ff7b81-4618-4248-b4eb-4986fd94566e: 48 datasets; 0.8 s; peak memory 230 MiB.
2026-10-06T22:50:10Z INFO [96/750] 560001ca-9b7f-471b-96b9-bf43a2ffdeb4: 48 datasets; 0.8 s; peak memory 230 MiB.
2026-10-06T22:50:11Z INFO [97/750] 56006f63-ee6b-41ff-9b14-2add984374c9: 117 datasets; 0.7 s; peak memory 230 MiB.
2026-10-06T22:50:12Z INFO [98/750] 56015d0a-de5b-428e-b5c4-cf3d81ef59f9: 39 datasets; 0.9 s; peak memory 230 MiB.
2026-10-06T22:50:13Z INFO [99/750] 560256f3-bdfa-42ec-b442-53b37863df11: 112 datasets; 1.2 s; peak memory 230 MiB.
2026-10-06T22:50:14Z INFO [100/750] 5602bddd-1fc8-4a49-81aa-574ed40b3c64: 118 datasets; 0.8 s; peak memory 230 MiB.
2026-10-06T22:50:14Z INFO [100/750] 5602bddd-1fc8-4a49-81aa-574ed40b3c64: checkpointed 88435 records.
2026-10-06T22:50:15Z INFO [101/750] 56030d70-96bf-465e-ac4f-d7c6d6e0c0ea: 69 datasets; 1.1 s; peak memory 230 MiB.
2026-10-06T22:50:16Z INFO [102/750] 5603777d-d3e0-463a-bcc4-3e96e0691a0f: 117 datasets; 1.0 s; peak memory 230 MiB.
2026-10-06T22:50:17Z INFO [103/750] 56046419-e2b1-46b0-813f-1a96f6f63980: 48 datasets; 0.7 s; peak memory 230 MiB.
2026-10-06T22:50:18Z INFO [104/750] 560471ac-4c5a-484d-9614-606509bd88fc: 46 datasets; 0.7 s; peak memory 230 MiB.
2026-10-06T22:50:19Z INFO [105/750] 56049900-f1e0-4d22-ad57-186fcb5bacf6: 59 datasets; 0.9 s; peak memory 230 MiB.
2026-10-06T22:50:20Z INFO [106/750] 5604f4a1-8505-40e5-8d4b-421dd335f5a8: 112 datasets; 1.0 s; peak memory 230 MiB.
2026-10-06T22:50:21Z INFO [107/750] 56062575-6720-4bc1-a222-cdb3d8b9a0d5: 112 datasets; 1.0 s; peak memory 230 MiB.
2026-10-06T22:50:21Z INFO [108/750] 560655ec-bf74-481b-acad-6caa44ec8ca4: 52 datasets; 0.9 s; peak memory 230 MiB.
2026-10-06T22:50:23Z INFO [109/750] 5606779d-2e0e-4520-bc32-8f028317ed49: 71 datasets; 1.3 s; peak memory 230 MiB.
2026-10-06T22:50:23Z INFO [110/750] 5606a256-fab9-4dcd-89b5-8dedda7bff19: 48 datasets; 0.8 s; peak memory 230 MiB.
2026-10-06T22:50:27Z INFO [111/750] 5606df75-4dd1-44e0-a89f-96ef93836c21: 572 datasets; 3.5 s; peak memory 230 MiB.
2026-10-06T22:50:35Z INFO [112/750] 56074549-09c1-4d2b-bf1e-373141928c6d: 1032 datasets; 7.6 s; peak memory 230 MiB.
2026-10-06T22:50:56Z INFO [113/750] 56075350-3c48-40d3-9124-0f16810c50df: 48 datasets; 21.0 s; peak memory 230 MiB.
2026-10-06T22:50:56Z INFO [114/750] 56086a5c-352c-44e3-a97d-b9e9710e0182: 48 datasets; 0.8 s; peak memory 230 MiB.
2026-10-06T22:50:57Z INFO [115/750] 560a5cc4-f732-4b37-8942-f0926b912ece: 117 datasets; 0.9 s; peak memory 230 MiB.
2026-10-06T22:50:58Z INFO [116/750] 560aeadd-ff00-47ff-9d38-d00cef4e341d: 112 datasets; 1.1 s; peak memory 230 MiB.
2026-10-06T22:51:00Z INFO [117/750] 560c299f-0f51-4565-bc65-7d485c981b4b: 115 datasets; 1.7 s; peak memory 230 MiB.
2026-10-06T22:51:01Z INFO [118/750] 560ca3de-d43b-432d-912f-05e748acdcf2: 48 datasets; 0.7 s; peak memory 230 MiB.
2026-10-06T22:51:07Z INFO [119/750] 560cc881-e095-48aa-ba94-9c18466b190b: 1138 datasets; 6.2 s; peak memory 230 MiB.
2026-10-06T22:51:08Z INFO [120/750] 560cd706-886e-48f9-8c17-31682a4c63a4: 289 datasets; 1.0 s; peak memory 230 MiB.
2026-10-06T22:51:09Z INFO [121/750] 560d259f-5088-4964-afd9-c0cbdb52c7e3: 48 datasets; 0.8 s; peak memory 230 MiB.
2026-10-06T22:51:10Z INFO [122/750] 560d8e0a-6675-4061-8bf7-910c675f9337: 112 datasets; 1.1 s; peak memory 230 MiB.
2026-10-06T22:51:11Z INFO [123/750] 560edc46-d15b-4522-9732-5e510ab0db1c: 51 datasets; 0.5 s; peak memory 230 MiB.
2026-10-06T22:51:11Z INFO [124/750] 560ef2c4-ceda-4cde-a979-0e163f997367: 48 datasets; 0.8 s; peak memory 230 MiB.
2026-10-06T22:51:12Z INFO [125/750] 560fb12d-d8ba-4eac-8342-f55bea7df2af: 48 datasets; 1.1 s; peak memory 230 MiB.
2026-10-06T22:51:13Z INFO [126/750] 560fc48f-4076-4f28-be11-28ed79cb7280: 71 datasets; 1.0 s; peak memory 230 MiB.
2026-10-06T22:51:14Z INFO [127/750] 560fddeb-2c36-4ccd-a5af-9222037c8f07: 71 datasets; 1.0 s; peak memory 230 MiB.
2026-10-06T22:51:15Z INFO [128/750] 56107389-7392-479d-ab21-a03121fda52c: 77 datasets; 0.8 s; peak memory 230 MiB.
2026-10-06T22:51:16Z INFO [129/750] 56108565-00af-4592-b447-96d1edc6a814: 48 datasets; 0.7 s; peak memory 230 MiB.
2026-10-06T22:51:17Z INFO [130/750] 5610b4f6-6ef2-438f-9279-11a4601cf140: 71 datasets; 1.5 s; peak memory 230 MiB.
2026-10-06T22:51:18Z INFO [131/750] 5610e20d-219f-4de1-8282-9a8eed09a553: 119 datasets; 0.8 s; peak memory 230 MiB.
2026-10-06T22:51:20Z INFO [132/750] 56119c82-386b-45ec-90d0-58dcb2c77835: 168 datasets; 1.6 s; peak memory 230 MiB.
2026-10-06T22:51:21Z INFO [133/750] 5611cdb9-e1ee-4c3f-9f8d-b4e4bda8e0be: 117 datasets; 1.0 s; peak memory 230 MiB.
2026-10-06T22:51:22Z INFO [134/750] 56123c07-c4d4-4eb4-a410-ed0adac34e53: 48 datasets; 0.7 s; peak memory 230 MiB.
2026-10-06T22:51:27Z INFO [135/750] 5612a839-576c-4b44-8bad-623344cab028: 570 datasets; 5.3 s; peak memory 230 MiB.
2026-10-06T22:51:28Z INFO [136/750] 56156e99-6b8e-4483-9e2e-c7499115d7fd: 79 datasets; 0.8 s; peak memory 230 MiB.
2026-10-06T22:51:28Z INFO [137/750] 56169247-259b-48be-ac1b-8fbeae858b5b: 48 datasets; 0.7 s; peak memory 230 MiB.
2026-10-06T22:51:29Z INFO [138/750] 5616f829-6058-4f36-b265-d048bebda8be: 48 datasets; 0.8 s; peak memory 230 MiB.
2026-10-06T22:51:30Z INFO [139/750] 56176277-e8cb-43a0-8b33-cf9595fcb744: 48 datasets; 0.8 s; peak memory 230 MiB.
2026-10-06T22:51:31Z INFO [140/750] 5617d561-2b63-4492-b847-446f9fedd570: 117 datasets; 0.8 s; peak memory 230 MiB.
2026-10-06T22:51:32Z INFO [141/750] 56190214-aec7-4139-a1ef-1e779c0ad84e: 66 datasets; 1.6 s; peak memory 230 MiB.
2026-10-06T22:51:33Z INFO [142/750] 56191d89-07c8-46e3-9416-3c12e18e0dea: 117 datasets; 1.0 s; peak memory 230 MiB.
2026-10-06T22:51:34Z INFO [143/750] 56192940-3970-4eff-9be5-09e55a72f2bb: 46 datasets; 0.9 s; peak memory 230 MiB.
2026-10-06T22:51:39Z INFO [144/750] 56197e4f-1b13-4e16-a647-a921957e60f7: 551 datasets; 4.7 s; peak memory 230 MiB.
2026-10-06T22:51:43Z INFO [145/750] 561a8dd8-0738-4d94-bfc7-79a03ee65dc3: 229 datasets; 4.1 s; peak memory 230 MiB.
2026-10-06T22:51:44Z INFO [146/750] 561b427d-cf2e-4aa9-bf7f-b672cee1acea: 48 datasets; 0.8 s; peak memory 230 MiB.
2026-10-06T22:51:49Z INFO [147/750] 561c3fdc-a849-42e0-a417-89b618f31531: 862 datasets; 5.5 s; peak memory 230 MiB.
2026-10-06T22:51:50Z INFO [148/750] 561d1910-0943-41ec-b7fa-faac651fc8b9: 112 datasets; 1.0 s; peak memory 230 MiB.
2026-10-06T22:51:55Z INFO [149/750] 561d2109-092f-4d59-ab5c-f4606dc4da1f: 223 datasets; 4.2 s; peak memory 230 MiB.
2026-10-06T22:51:55Z INFO [150/750] 561dca4b-7390-4f01-9818-1bcf5d52b9cf: 114 datasets; 0.8 s; peak memory 230 MiB.
2026-10-06T22:51:55Z INFO [150/750] 561dca4b-7390-4f01-9818-1bcf5d52b9cf: checkpointed 88485 records.
2026-10-06T22:52:37Z INFO [151/750] 561e6a78-ed8e-4a1c-a2e1-fced296a1956: 52 datasets; 41.5 s; peak memory 232 MiB.
2026-10-06T22:52:41Z INFO [152/750] 561ee204-9d4c-4fd8-b160-0472f9b9d6f7: 257 datasets; 4.5 s; peak memory 232 MiB.
2026-10-06T22:52:42Z INFO [153/750] 561f2d3f-2939-405d-9a7f-16ea584b65e8: 45 datasets; 0.8 s; peak memory 232 MiB.
2026-10-06T22:52:43Z INFO [154/750] 56205a27-6673-4b58-ab11-cfd99776a24e: 48 datasets; 0.9 s; peak memory 232 MiB.
2026-10-06T22:52:44Z INFO [155/750] 562066e7-8541-4dd6-a251-4a2fbabab3ea: 48 datasets; 0.9 s; peak memory 232 MiB.
2026-10-06T22:52:45Z INFO [156/750] 56206f2d-abc3-4b8f-8f90-b0064ccb431a: 110 datasets; 1.0 s; peak memory 232 MiB.
2026-10-06T22:52:46Z INFO [157/750] 5620a46b-e563-4361-b03f-ef4d05c19cb1: 48 datasets; 0.9 s; peak memory 232 MiB.
2026-10-06T22:52:47Z INFO [158/750] 5620f806-3267-42d0-9d54-fe23e07cf9d9: 46 datasets; 0.6 s; peak memory 232 MiB.
2026-10-06T22:52:48Z INFO [159/750] 56221cb6-a5c4-45ff-9126-d7059abe9fa4: 71 datasets; 1.6 s; peak memory 232 MiB.
2026-10-06T22:52:49Z INFO [160/750] 56222879-e0cd-4735-b8b9-ccae325e78d1: 230 datasets; 1.1 s; peak memory 232 MiB.
2026-10-06T22:52:51Z INFO [161/750] 5623723f-e282-4f03-8c00-3b54086196ed: 155 datasets; 2.1 s; peak memory 232 MiB.
2026-10-06T22:52:52Z INFO [162/750] 56238d9f-b2a3-400a-af57-904f2494d1cd: 48 datasets; 0.8 s; peak memory 232 MiB.
2026-10-06T22:52:53Z INFO [163/750] 56239f31-7003-4ed2-b378-cf35fcb2e352: 117 datasets; 0.9 s; peak memory 232 MiB.
2026-10-06T22:52:54Z INFO [164/750] 5624a801-e3c0-4b1c-aa9a-3ce5a504664e: 42 datasets; 0.8 s; peak memory 232 MiB.
2026-10-06T22:52:54Z INFO [165/750] 5624d890-4664-435e-a3bc-5758bddd93ed: 46 datasets; 0.5 s; peak memory 232 MiB.
2026-10-06T22:52:55Z INFO [166/750] 56251d4a-5eda-44a1-8c4c-c1d14e88c7b2: 112 datasets; 1.1 s; peak memory 232 MiB.
2026-10-06T22:52:56Z INFO [167/750] 56269fe9-bf17-4c17-b6d0-55c6ce56785f: 52 datasets; 0.9 s; peak memory 232 MiB.
2026-10-06T22:52:57Z INFO [168/750] 5626dd90-ce4d-499c-a283-4836c4f9d546: 52 datasets; 0.9 s; peak memory 232 MiB.
2026-10-06T22:52:58Z INFO [169/750] 5629714d-fa9d-488f-992a-3b7eeed576f1: 117 datasets; 1.1 s; peak memory 232 MiB.
2026-10-06T22:53:00Z INFO [170/750] 5629b1ec-4578-4d71-8946-28cf93168ed0: 38 datasets; 1.6 s; peak memory 232 MiB.
2026-10-06T22:53:05Z INFO [171/750] 562a48f8-5c5f-426f-9d8d-1d55f4504b70: 5874 datasets; 4.8 s; peak memory 232 MiB.
2026-10-06T22:53:05Z INFO [172/750] 562b1288-e5b4-4c9c-a94e-f70ed6196085: 39 datasets; 0.8 s; peak memory 232 MiB.
2026-10-06T22:53:06Z INFO [173/750] 562b409f-e093-4bd9-863c-4e59bbff4de7: 117 datasets; 1.0 s; peak memory 232 MiB.
2026-10-06T22:53:11Z INFO [174/750] 562c4496-51a9-4796-b67b-e2b12815388c: 56 datasets; 4.3 s; peak memory 232 MiB.
2026-10-06T22:53:11Z INFO [175/750] 562d466e-aa75-4d9f-b0ff-f19e80cba4b0: 48 datasets; 0.8 s; peak memory 232 MiB.
2026-10-06T22:53:12Z INFO [176/750] 562dc3bb-be99-48aa-b294-68f9284d694d: 69 datasets; 0.9 s; peak memory 232 MiB.
2026-10-06T22:53:13Z INFO [177/750] 562fa1e0-fb33-4707-9722-ec3840c73dcb: 48 datasets; 0.7 s; peak memory 232 MiB.
2026-10-06T22:53:14Z INFO [178/750] 563053b9-8bc1-4030-8f99-f3b4957f368f: 46 datasets; 0.7 s; peak memory 232 MiB.
2026-10-06T22:53:15Z INFO [179/750] 56305923-35c1-44d6-ac96-caa01b9971ca: 117 datasets; 0.9 s; peak memory 232 MiB.
2026-10-06T22:53:25Z INFO [180/750] 5630fa68-99d3-40c2-988b-49a06e4d9000: 807 datasets; 10.4 s; peak memory 232 MiB.
2026-10-06T22:53:26Z INFO [181/750] 56310591-a880-45cd-a78f-d52ca0a45d9b: 48 datasets; 0.8 s; peak memory 232 MiB.
2026-10-06T22:53:27Z INFO [182/750] 5631949c-0e16-4fc3-8ea7-bf138a7e758e: 69 datasets; 1.1 s; peak memory 232 MiB.
2026-10-06T22:53:32Z INFO [183/750] 56321a19-40b8-4a09-b56a-5dd1c574ef28: 595 datasets; 4.6 s; peak memory 232 MiB.
2026-10-06T22:53:32Z INFO [184/750] 56324f3e-bb26-4035-b73d-501c50a8a9c7: 41 datasets; 0.6 s; peak memory 232 MiB.
2026-10-06T22:53:33Z INFO [185/750] 5634756f-daec-4cd4-bd2e-671380332a1b: 68 datasets; 1.1 s; peak memory 232 MiB.
2026-10-06T22:53:34Z INFO [186/750] 5634853b-155d-4046-b9aa-c605c338ced0: 89 datasets; 0.8 s; peak memory 232 MiB.
2026-10-06T22:53:38Z INFO [187/750] 56349fa5-d4f6-409c-a805-f29b9215a9d8: 208 datasets; 3.5 s; peak memory 232 MiB.
2026-10-06T22:53:41Z INFO [188/750] 5634f189-adfb-4a98-9039-cf5cdc64d03c: 455 datasets; 3.5 s; peak memory 232 MiB.
2026-10-06T22:53:42Z INFO [189/750] 563583a3-0b9a-4d36-920e-803616dd84e0: 46 datasets; 0.5 s; peak memory 232 MiB.
2026-10-06T22:53:45Z INFO [190/750] 5635ad8e-f355-45a5-9ab9-e6a8683a6dd9: 89 datasets; 3.4 s; peak memory 232 MiB.
2026-10-06T22:53:46Z INFO [191/750] 56370b52-3ea9-4bd9-9ff0-3a7cff07a4fa: 102 datasets; 1.3 s; peak memory 232 MiB.
2026-10-06T22:53:47Z INFO [192/750] 56380c34-b64c-4a0b-aa52-8530d108ea66: 117 datasets; 0.8 s; peak memory 232 MiB.
2026-10-06T22:53:48Z INFO [193/750] 56389d55-264d-4fed-a0b0-f2d2685f686a: 48 datasets; 0.8 s; peak memory 232 MiB.
2026-10-06T22:53:49Z INFO [194/750] 5638af94-8677-45a6-a52a-126299c20b6f: 38 datasets; 0.7 s; peak memory 232 MiB.
2026-10-06T22:53:50Z INFO [195/750] 56392d26-b23e-4824-a48f-846586af2678: 114 datasets; 1.8 s; peak memory 232 MiB.
2026-10-06T22:53:51Z INFO [196/750] 563a3bb6-d295-4855-a92d-4779268605bf: 112 datasets; 1.0 s; peak memory 232 MiB.
2026-10-06T22:53:52Z INFO [197/750] 563adb63-4b19-465a-9e04-0c10c3b2ef34: 117 datasets; 1.0 s; peak memory 232 MiB.
2026-10-06T22:53:53Z INFO [198/750] 563b4ca8-2fc2-4694-9908-b3b0e9ca91ab: 48 datasets; 0.8 s; peak memory 232 MiB.
2026-10-06T22:53:57Z INFO [199/750] 563d685b-0578-40f0-bb66-d26835c79397: 257 datasets; 4.2 s; peak memory 232 MiB.
2026-10-06T22:53:59Z INFO [200/750] 563da09f-3641-473a-85b3-f6bcdb612033: 115 datasets; 1.9 s; peak memory 232 MiB.
2026-10-06T22:53:59Z INFO [200/750] 563da09f-3641-473a-85b3-f6bcdb612033: checkpointed 88535 records.
2026-10-06T22:54:00Z INFO [201/750] 563e33f9-fa5c-4b5e-a69d-4133079688fb: 84 datasets; 0.8 s; peak memory 232 MiB.
2026-10-06T22:54:01Z INFO [202/750] 563e49bd-411d-4705-bd19-d33166c19fff: 117 datasets; 0.9 s; peak memory 232 MiB.
2026-10-06T22:54:02Z INFO [203/750] 563e7e6c-d1d9-4c7c-9a94-c918226d4ba3: 48 datasets; 0.8 s; peak memory 232 MiB.
2026-10-06T22:54:03Z INFO [204/750] 563e96bf-b5e9-415d-acc4-e78b23bc8438: 48 datasets; 0.7 s; peak memory 232 MiB.
2026-10-06T22:54:12Z INFO [205/750] 563fa3e2-db42-41d7-a0ac-d7ba942717c4: 1266 datasets; 9.2 s; peak memory 232 MiB.
2026-10-06T22:54:13Z INFO [206/750] 563fcf9b-51fd-4e4d-a88d-5d9b073e914e: 69 datasets; 1.2 s; peak memory 232 MiB.
2026-10-06T22:54:18Z INFO [207/750] 563fff57-dd18-43fb-b966-5e153621416b: 544 datasets; 4.7 s; peak memory 232 MiB.
2026-10-06T22:54:18Z INFO [208/750] 56407ded-1c09-4a9e-9ac0-31800c469834: 117 datasets; 0.7 s; peak memory 232 MiB.
2026-10-06T22:58:10Z INFO [209/750] 5640e425-5281-4e0b-9c1c-73a85a14cc58: 292 datasets; 231.9 s; peak memory 431 MiB.
2026-10-06T22:58:11Z INFO [210/750] 5640f1c7-a1a4-4517-b27d-4f0a78f458ea: 48 datasets; 0.9 s; peak memory 431 MiB.
2026-10-06T22:58:12Z INFO [211/750] 5640f615-7ac8-44d1-b716-31cd048dafd4: 48 datasets; 0.8 s; peak memory 431 MiB.
2026-10-06T22:58:50Z INFO [212/750] 5642287a-cb09-420d-b63c-5a5fa058d7c3: 13391 datasets; 38.5 s; peak memory 431 MiB.
2026-10-06T22:58:51Z INFO [213/750] 564242e4-600e-4aeb-87e6-15c7178eb860: 117 datasets; 0.8 s; peak memory 431 MiB.
2026-10-06T22:58:52Z INFO [214/750] 5642dd72-1068-4318-ac2d-39c8f9ad2ae0: 48 datasets; 1.0 s; peak memory 431 MiB.
2026-10-06T22:58:53Z INFO [215/750] 56435068-67c9-4b26-8f0f-dc08ad3347d5: 66 datasets; 1.1 s; peak memory 431 MiB.
2026-10-06T22:58:54Z INFO [216/750] 564405b9-edf5-4e90-ac1a-4e7e564efd10: 117 datasets; 0.7 s; peak memory 431 MiB.
2026-10-06T22:59:05Z INFO [217/750] 564556c4-a212-427e-997a-ade5d1b7e821: 106 datasets; 10.6 s; peak memory 431 MiB.
2026-10-06T22:59:06Z INFO [218/750] 5646417b-e404-45f8-bafd-e19ebef279bb: 74 datasets; 1.0 s; peak memory 431 MiB.
2026-10-06T22:59:16Z INFO [219/750] 5646726b-bb5b-44e1-b0d8-952b9e845cf7: 773 datasets; 10.1 s; peak memory 431 MiB.
2026-10-06T22:59:27Z INFO [220/750] 5646966b-b522-42a1-8a27-d3f3f3c55e6b: 5681 datasets; 11.4 s; peak memory 431 MiB.
2026-10-06T22:59:28Z INFO [221/750] 56471acd-519c-45b1-8fbd-5f327fe4e3dc: 107 datasets; 0.8 s; peak memory 431 MiB.
2026-10-06T22:59:29Z INFO [222/750] 56472f6a-841a-4f99-afe1-ffead5f7187b: 42 datasets; 0.8 s; peak memory 431 MiB.
2026-10-06T22:59:38Z INFO [223/750] 56473e22-faf9-4cb6-bcf9-e2509284f885: 1528 datasets; 9.1 s; peak memory 431 MiB.
2026-10-06T22:59:39Z INFO [224/750] 5647a0de-a56c-416e-9128-fc8046004b27: 117 datasets; 0.9 s; peak memory 431 MiB.
2026-10-06T22:59:40Z INFO [225/750] 5647abe1-2f7d-46ae-8df1-63070246ae92: 113 datasets; 1.6 s; peak memory 431 MiB.
2026-10-06T22:59:41Z INFO [226/750] 5647ba25-361e-4afd-bf6a-32683e5b4d0f: 118 datasets; 0.8 s; peak memory 431 MiB.
2026-10-06T22:59:42Z INFO [227/750] 56490e63-084e-4c1c-8905-a937f7dae792: 48 datasets; 0.8 s; peak memory 431 MiB.
2026-10-06T22:59:43Z INFO [228/750] 564b28a8-5071-446f-86e2-09db9ed3d0ed: 48 datasets; 0.9 s; peak memory 431 MiB.
2026-10-06T22:59:44Z INFO [229/750] 564bfd56-06b4-4022-8458-6c7d6b38bf8d: 117 datasets; 0.9 s; peak memory 431 MiB.
2026-10-06T22:59:45Z INFO [230/750] 564c1f0d-f76c-4582-911a-a61dae6d5ac9: 62 datasets; 1.2 s; peak memory 431 MiB.
2026-10-06T22:59:46Z INFO [231/750] 564d4179-a379-4075-a3c9-c9b76e0f689e: 112 datasets; 0.9 s; peak memory 431 MiB.
2026-10-06T22:59:47Z INFO [232/750] 564d9bf3-e430-40bd-9161-48282a255b77: 145 datasets; 1.7 s; peak memory 431 MiB.
2026-10-06T22:59:48Z INFO [233/750] 564e04b5-67a2-4a75-b8a4-17d535232906: 112 datasets; 0.9 s; peak memory 431 MiB.
2026-10-06T22:59:49Z INFO [234/750] 564e533c-0738-4336-b38a-5e6b353cf7c3: 110 datasets; 0.8 s; peak memory 431 MiB.
2026-10-06T22:59:50Z INFO [235/750] 564e581a-0239-42c2-b81b-97270f71c92f: 62 datasets; 0.9 s; peak memory 431 MiB.
2026-10-06T22:59:51Z INFO [236/750] 564ee5d9-20e8-4a5e-a75d-43bfa4429d22: 38 datasets; 0.6 s; peak memory 431 MiB.
2026-10-06T22:59:52Z INFO [237/750] 564efe70-4e1b-4708-917c-202c30b1b3ca: 71 datasets; 1.5 s; peak memory 431 MiB.
2026-10-06T22:59:53Z INFO [238/750] 564f5611-252d-41d3-b045-645abb1073d9: 46 datasets; 0.5 s; peak memory 431 MiB.
2026-10-06T22:59:53Z INFO [239/750] 564f9231-3fef-4a22-87b4-7f207d045d62: 37 datasets; 0.6 s; peak memory 431 MiB.
2026-10-06T22:59:55Z INFO [240/750] 56515416-0a68-43b2-a052-60d7e71bafbc: 114 datasets; 1.9 s; peak memory 431 MiB.
2026-10-06T22:59:57Z INFO [241/750] 56527c3d-04b8-43ab-b058-3103947227ad: 191 datasets; 1.9 s; peak memory 431 MiB.
2026-10-06T22:59:58Z INFO [242/750] 5652886e-d486-4ea3-91e1-8884f470160a: 117 datasets; 0.8 s; peak memory 431 MiB.
2026-10-06T22:59:59Z INFO [243/750] 5653d8f8-6734-4797-8cc5-09cf975c944d: 50 datasets; 0.7 s; peak memory 431 MiB.
2026-10-06T23:00:00Z INFO [244/750] 5653dccc-f114-49c8-aa3c-b06326de3a6e: 38 datasets; 1.7 s; peak memory 431 MiB.
2026-10-06T23:00:01Z INFO [245/750] 5653e7c8-ac03-4c47-9ef2-b7181fddb4f1: 112 datasets; 1.0 s; peak memory 431 MiB.
2026-10-06T23:00:05Z INFO [246/750] 5654d331-5cbc-4c3f-8409-ba97f79b1f03: 229 datasets; 3.8 s; peak memory 431 MiB.
2026-10-06T23:00:06Z INFO [247/750] 565537d8-1688-4d02-825c-d24763dde5ae: 43 datasets; 0.7 s; peak memory 431 MiB.
2026-10-06T23:00:07Z INFO [248/750] 56554e31-03d9-4681-80a8-2ade1cb972ed: 48 datasets; 0.8 s; peak memory 431 MiB.
2026-10-06T23:00:07Z INFO [249/750] 56557c00-4c4f-4aa2-b351-6b3766146e5a: 48 datasets; 0.7 s; peak memory 431 MiB.
2026-10-06T23:00:08Z INFO [250/750] 565592ab-64cb-45c5-bf34-04d095bb058e: 112 datasets; 0.8 s; peak memory 431 MiB.
2026-10-06T23:00:08Z INFO [250/750] 565592ab-64cb-45c5-bf34-04d095bb058e: checkpointed 88585 records.
2026-10-06T23:00:16Z INFO [251/750] 5656e307-0450-45db-aa62-0a6182e0273c: 706 datasets; 8.1 s; peak memory 431 MiB.
2026-10-06T23:00:17Z INFO [252/750] 56576cfd-f85b-4a5f-bd1d-b256f06cf367: 35 datasets; 0.5 s; peak memory 431 MiB.
2026-10-06T23:00:18Z INFO [253/750] 5658495b-e45a-45c1-b0b8-f92c28459704: 48 datasets; 0.9 s; peak memory 431 MiB.
2026-10-06T23:00:19Z INFO [254/750] 56586bc2-586d-45a0-8b85-a4df66ddd013: 66 datasets; 1.1 s; peak memory 431 MiB.
2026-10-06T23:00:29Z INFO [255/750] 56586e26-585d-466c-8ae4-fde5d3e7de11: 728 datasets; 10.0 s; peak memory 431 MiB.
2026-10-06T23:00:30Z INFO [256/750] 5658c2e2-0463-4341-b41c-3967139dd6a0: 48 datasets; 0.7 s; peak memory 431 MiB.
2026-10-06T23:00:30Z INFO [257/750] 56599377-d1aa-4e63-97dc-11fb9ad70ba4: 37 datasets; 0.9 s; peak memory 431 MiB.
2026-10-06T23:00:31Z INFO [258/750] 565a16ab-6a92-430e-97cf-72770693fd71: 48 datasets; 0.8 s; peak memory 431 MiB.
2026-10-06T23:00:32Z INFO [259/750] 565a3a78-68cf-4584-b668-d3c3e34aa43d: 117 datasets; 0.7 s; peak memory 431 MiB.
2026-10-06T23:00:33Z INFO [260/750] 565b85d5-eeae-4b7f-b979-e0833d14daf0: 69 datasets; 1.4 s; peak memory 431 MiB.
2026-10-06T23:00:34Z INFO [261/750] 565bf72e-6542-4fac-acd1-18afb5f917bc: 69 datasets; 0.8 s; peak memory 431 MiB.
2026-10-06T23:00:38Z INFO [262/750] 565c4e96-dd40-4b7c-bde2-531e8c881ebb: 538 datasets; 3.9 s; peak memory 431 MiB.
2026-10-06T23:00:39Z INFO [263/750] 565c75ce-ef01-40c0-b6f4-1dca446a7b34: 57 datasets; 0.6 s; peak memory 431 MiB.
2026-10-06T23:00:57Z INFO [264/750] 565c9542-6bbd-4c8e-a134-f454806c32e6: 280 datasets; 18.7 s; peak memory 431 MiB.
2026-10-06T23:01:17Z INFO [265/750] 565d8c55-b5cf-46f8-b95b-d8e5f8764335: 48 datasets; 20.2 s; peak memory 431 MiB.
2026-10-06T23:01:21Z INFO [266/750] 565da62b-0bab-4d01-9151-cfa30c2779ae: 445 datasets; 3.7 s; peak memory 431 MiB.
2026-10-06T23:01:53Z INFO [267/750] 565df09d-ead6-4179-9f93-4ac32062b8a8: 58 datasets; 31.8 s; peak memory 431 MiB.
2026-10-06T23:02:01Z INFO [268/750] 565df8ec-2182-4f71-9ff2-1e4d9ff60c63: 49 datasets; 8.3 s; peak memory 431 MiB.
2026-10-06T23:02:03Z INFO [269/750] 565e35a6-d637-4bfe-9a48-0a90f858659d: 96 datasets; 1.9 s; peak memory 431 MiB.
2026-10-06T23:02:04Z INFO [270/750] 565e5f7a-996d-4df9-8841-a30f48a8725b: 48 datasets; 0.9 s; peak memory 431 MiB.
2026-10-06T23:02:05Z INFO [271/750] 565eb65d-55f6-4c7c-ab2d-78dc589cfb04: 116 datasets; 0.9 s; peak memory 431 MiB.
2026-10-06T23:02:05Z INFO [272/750] 565fccda-e75e-4955-94ab-6cc906036887: 46 datasets; 0.5 s; peak memory 431 MiB.
2026-10-06T23:02:06Z INFO [273/750] 565ff39f-a4fb-4001-b0a1-6e90be4acd75: 48 datasets; 0.9 s; peak memory 431 MiB.
2026-10-06T23:02:07Z INFO [274/750] 5660a66c-e5b6-4783-ada7-b5b001054ead: 117 datasets; 0.9 s; peak memory 431 MiB.
2026-10-06T23:02:08Z INFO [275/750] 56617cb1-77e9-4399-92ec-e980b1bfd97a: 70 datasets; 0.7 s; peak memory 431 MiB.
2026-10-06T23:02:09Z INFO [276/750] 566233e3-2a5d-402b-a386-f6c388f3d3c2: 117 datasets; 0.9 s; peak memory 431 MiB.
2026-10-06T23:02:10Z INFO [277/750] 5662e3f0-2f7e-426a-84f4-4700933cf52a: 42 datasets; 1.0 s; peak memory 431 MiB.
2026-10-06T23:02:11Z INFO [278/750] 56630b42-f4d7-4816-a4e2-3d4a045469f9: 118 datasets; 0.9 s; peak memory 431 MiB.
2026-10-06T23:02:11Z INFO [279/750] 56642d46-09c4-40b7-9cce-321607a598e9: 52 datasets; 0.6 s; peak memory 431 MiB.
2026-10-06T23:04:19Z INFO [280/750] 5664a880-b0d9-4828-9659-967e00fc4827: 260 datasets; 127.5 s; peak memory 431 MiB.
2026-10-06T23:04:20Z INFO [281/750] 5664ae7a-18f8-4aa7-9786-a427a8d8db84: 165 datasets; 1.6 s; peak memory 431 MiB.
2026-10-06T23:04:22Z INFO [282/750] 5664db3a-3a3f-436f-af11-00a5d620c18c: 51 datasets; 1.1 s; peak memory 431 MiB.
2026-10-06T23:04:30Z INFO [283/750] 5666289a-3d2a-4d0f-be22-25b26f65ce29: 98 datasets; 8.8 s; peak memory 431 MiB.
2026-10-06T23:04:31Z INFO [284/750] 56666e4e-a2a4-427b-bfa2-a90dc81a6332: 48 datasets; 0.8 s; peak memory 431 MiB.
2026-10-06T23:04:38Z INFO [285/750] 5666c72a-4a17-4e01-870c-9a26e3bef7ef: 752 datasets; 7.1 s; peak memory 431 MiB.
2026-10-06T23:08:39Z INFO [286/750] 566804b6-f97b-4ee7-927a-87549060f1aa: 283 datasets; 240.2 s; peak memory 434 MiB.
2026-10-06T23:08:39Z INFO [287/750] 566896cb-c716-4fa9-9279-5b125812a184: 56 datasets; 0.7 s; peak memory 434 MiB.
2026-10-06T23:08:40Z INFO [288/750] 5668a730-9372-4def-8737-ff5953023239: 39 datasets; 1.0 s; peak memory 434 MiB.
2026-10-06T23:08:41Z INFO [289/750] 5668cebc-536d-4c67-bcfc-659ec6aae102: 117 datasets; 0.9 s; peak memory 434 MiB.
2026-10-06T23:08:49Z INFO [290/750] 5668e3d1-8188-4d6d-96f1-6109230a0f72: 107 datasets; 7.5 s; peak memory 434 MiB.
2026-10-06T23:08:51Z INFO [291/750] 5669763b-3a9f-4f15-8c7d-764a7b236185: 84 datasets; 2.1 s; peak memory 434 MiB.
2026-10-06T23:09:12Z INFO [292/750] 56699a40-a659-4b6d-b27d-9d92e72345c2: 48 datasets; 21.5 s; peak memory 434 MiB.
2026-10-06T23:09:15Z INFO [293/750] 5669c36a-59a0-48ca-a1fd-371ba1ca3ccc: 90 datasets; 2.9 s; peak memory 434 MiB.
2026-10-06T23:09:23Z INFO [294/750] 5669d2bd-6d8b-4abf-8b44-db2a0822b5f4: 97 datasets; 7.9 s; peak memory 434 MiB.
2026-10-06T23:09:24Z INFO [295/750] 5669e6ae-70a9-4418-a471-2960ec2db35a: 52 datasets; 0.7 s; peak memory 434 MiB.
2026-10-06T23:09:25Z INFO [296/750] 566a384b-aa14-4f9b-991c-2e35e0411b4d: 48 datasets; 0.9 s; peak memory 434 MiB.
2026-10-06T23:09:25Z INFO [297/750] 566a54a2-f0b1-4b29-8ed1-b72d5677e090: 42 datasets; 0.8 s; peak memory 434 MiB.
2026-10-06T23:09:28Z INFO [298/750] 566a8bd5-5a98-46a7-a40d-9bd1a0b1c230: 80 datasets; 2.5 s; peak memory 434 MiB.
2026-10-06T23:09:29Z INFO [299/750] 566ae3d6-fe9d-4e76-b7ff-52c513474d21: 48 datasets; 0.8 s; peak memory 434 MiB.
2026-10-06T23:09:30Z INFO [300/750] 566af0b6-b2df-439b-a734-cbb5413a772f: 71 datasets; 1.1 s; peak memory 434 MiB.
2026-10-06T23:09:30Z INFO [300/750] 566af0b6-b2df-439b-a734-cbb5413a772f: checkpointed 88635 records.
2026-10-06T23:09:31Z INFO [301/750] 566b698b-8e1b-4b4f-983d-cf2927999069: 118 datasets; 0.9 s; peak memory 434 MiB.
2026-10-06T23:09:32Z INFO [302/750] 566c3bc8-0dc8-410f-a6b2-3e2e0172bc88: 46 datasets; 1.0 s; peak memory 434 MiB.
2026-10-06T23:09:33Z INFO [303/750] 566c9e4a-2f3c-448a-ac8c-399f6f9ff0b6: 112 datasets; 1.0 s; peak memory 434 MiB.
2026-10-06T23:09:34Z INFO [304/750] 566cd772-0499-4f19-bf7f-444a185687ab: 48 datasets; 0.7 s; peak memory 434 MiB.
2026-10-06T23:09:34Z INFO [305/750] 566d4c31-6066-4a67-81cd-ff4ad24df1f0: 54 datasets; 0.6 s; peak memory 434 MiB.
2026-10-06T23:09:39Z INFO [306/750] 566dd6bd-a059-45cf-aa3f-73bb9ed1d335: 193 datasets; 5.2 s; peak memory 434 MiB.
2026-10-06T23:09:40Z INFO [307/750] 566e40c8-8744-4496-ba4e-8b345763395d: 48 datasets; 0.8 s; peak memory 434 MiB.
2026-10-06T23:09:41Z INFO [308/750] 566ef90b-8334-46a2-ad26-cdd9944513ba: 101 datasets; 1.3 s; peak memory 434 MiB.
2026-10-06T23:09:50Z INFO [309/750] 566f3025-b2db-458d-bbf9-c4f2d1545fd2: 643 datasets; 8.3 s; peak memory 434 MiB.
2026-10-06T23:10:51Z INFO [310/750] 566f98f3-47ba-4723-9ac1-701ee1e9aa51: 49 datasets; 61.0 s; peak memory 434 MiB.
2026-10-06T23:10:52Z INFO [311/750] 566ff50f-e5f4-4b58-b432-6d337906ce8d: 38 datasets; 1.6 s; peak memory 434 MiB.
2026-10-06T23:10:53Z INFO [312/750] 5671956f-bb93-45f3-8eac-9f3ce83028af: 48 datasets; 1.2 s; peak memory 434 MiB.
2026-10-06T23:10:54Z INFO [313/750] 5672fd51-8bd9-4d62-9abd-0c96c52a4e28: 112 datasets; 0.9 s; peak memory 434 MiB.
2026-10-06T23:10:55Z INFO [314/750] 56730a9d-a30d-401b-bba3-0aad3cc3d517: 48 datasets; 1.0 s; peak memory 434 MiB.
2026-10-06T23:10:56Z INFO [315/750] 5673b206-c8d4-4772-8506-28bae426f0ed: 117 datasets; 0.9 s; peak memory 434 MiB.
2026-10-06T23:10:57Z INFO [316/750] 56744a4f-208c-4905-9ea5-31a948109793: 117 datasets; 0.9 s; peak memory 434 MiB.
2026-10-06T23:10:58Z INFO [317/750] 567466db-e3f9-4628-8dba-f94c4de68621: 83 datasets; 1.0 s; peak memory 434 MiB.
2026-10-06T23:11:00Z INFO [318/750] 5674de3d-aee5-4f9b-95b4-02d9fba8a275: 158 datasets; 1.4 s; peak memory 434 MiB.
2026-10-06T23:11:00Z INFO [319/750] 56760d38-76c4-43e9-871b-62a6d89688f2: 117 datasets; 0.9 s; peak memory 434 MiB.
2026-10-06T23:11:02Z INFO [320/750] 5676a990-9ea8-4b71-9158-8b3faf39c114: 119 datasets; 1.8 s; peak memory 434 MiB.
2026-10-06T23:11:03Z INFO [321/750] 56773c38-47c6-49cb-8fc0-f328f745ea94: 33 datasets; 0.6 s; peak memory 434 MiB.
2026-10-06T23:11:04Z INFO [322/750] 567798e7-da59-4606-8a3d-d69d7548a481: 38 datasets; 1.6 s; peak memory 434 MiB.
2026-10-06T23:11:05Z INFO [323/750] 5677a84a-5df5-498a-89b3-86e9eea3d638: 48 datasets; 0.8 s; peak memory 434 MiB.
2026-10-06T23:11:06Z INFO [324/750] 56783daa-919a-4f87-a53f-265960f34985: 48 datasets; 0.8 s; peak memory 434 MiB.
2026-10-06T23:11:17Z INFO [325/750] 5678d28f-99ce-4c89-8d57-e5b9a207664d: 1313 datasets; 10.4 s; peak memory 434 MiB.
2026-10-06T23:11:19Z INFO [326/750] 567a7bea-68ee-4cf9-b841-80f0e5ed97bc: 156 datasets; 2.1 s; peak memory 434 MiB.
2026-10-06T23:11:19Z INFO [327/750] 567ab7fb-2939-4fa7-80ea-1ad284cced5a: 117 datasets; 0.9 s; peak memory 434 MiB.
2026-10-06T23:11:20Z INFO [328/750] 567c87bd-fbc7-4117-9cb3-23b81e770127: 38 datasets; 0.8 s; peak memory 434 MiB.
2026-10-06T23:11:21Z INFO [329/750] 567cf8c7-20d2-40c5-9d2e-1551ebc86b5b: 48 datasets; 0.9 s; peak memory 434 MiB.
2026-10-06T23:11:22Z INFO [330/750] 567d46c7-fb2f-408a-a892-2a43ab896760: 66 datasets; 1.1 s; peak memory 434 MiB.
2026-10-06T23:11:24Z INFO [331/750] 567da1ad-219e-40d3-a94a-a929d4cd5262: 38 datasets; 1.9 s; peak memory 434 MiB.
2026-10-06T23:11:26Z INFO [332/750] 567db801-2602-4d5b-bf52-47ecbd428519: 84 datasets; 1.9 s; peak memory 434 MiB.
2026-10-06T23:11:27Z INFO [333/750] 567dea6c-aeb2-40a3-aaec-c833350ff810: 62 datasets; 0.6 s; peak memory 434 MiB.
2026-10-06T23:11:32Z INFO [334/750] 567e35a5-9cf3-4d58-ac16-c5d76319f5fb: 46 datasets; 5.2 s; peak memory 434 MiB.
2026-10-06T23:12:15Z INFO [335/750] 567e6063-e706-40d3-a117-d7ad8a78171f: 55 datasets; 43.4 s; peak memory 434 MiB.
2026-10-06T23:12:16Z INFO [336/750] 567ea9e9-0105-4d78-9906-9aaeb0baeded: 76 datasets; 1.1 s; peak memory 434 MiB.
2026-10-06T23:12:17Z INFO [337/750] 567f0d15-2661-449a-8b8b-9069924ea5d9: 117 datasets; 0.8 s; peak memory 434 MiB.
2026-10-06T23:12:18Z INFO [338/750] 567f5281-1ffb-45b7-86e6-0b11d0e7ee66: 76 datasets; 0.9 s; peak memory 434 MiB.
2026-10-06T23:12:25Z INFO [339/750] 567f768c-f96c-466e-8614-e39a7272d690: 1163 datasets; 7.2 s; peak memory 434 MiB.
2026-10-06T23:12:27Z INFO [340/750] 567fa8ea-0004-438a-87b0-1983223b62da: 112 datasets; 1.2 s; peak memory 434 MiB.
2026-10-06T23:12:30Z INFO [341/750] 567fd098-ab7d-4709-a9e9-165cfaf8fd08: 538 datasets; 3.9 s; peak memory 434 MiB.
2026-10-06T23:14:54Z INFO [342/750] 568167d5-f468-4f96-9fae-44f17f490213: 433 datasets; 143.6 s; peak memory 434 MiB.
2026-10-06T23:14:56Z INFO [343/750] 5681966b-0d91-4fc1-b395-6a1868401648: 70 datasets; 2.0 s; peak memory 434 MiB.
2026-10-06T23:14:57Z INFO [344/750] 5681ce86-7abf-4038-94da-af5726fb7ba4: 117 datasets; 1.0 s; peak memory 434 MiB.
2026-10-06T23:15:00Z INFO [345/750] 5681d666-b1f7-4a48-83ec-5a69fd750f9f: 772 datasets; 2.6 s; peak memory 434 MiB.
2026-10-06T23:15:02Z INFO [346/750] 56821d3d-3a54-4d60-a460-d0221d0f7c23: 119 datasets; 2.0 s; peak memory 434 MiB.
2026-10-06T23:15:06Z INFO [347/750] 5682d84d-0451-4b6f-aff7-ac73def11d92: 466 datasets; 3.8 s; peak memory 434 MiB.
2026-10-06T23:15:07Z INFO [348/750] 568327ef-fedf-4835-9a7b-31b9d25f9a03: 66 datasets; 1.2 s; peak memory 434 MiB.
2026-10-06T23:15:08Z INFO [349/750] 56837450-2b30-4af5-bfc7-ebafd65f7ac9: 71 datasets; 1.7 s; peak memory 434 MiB.
2026-10-06T23:15:09Z INFO [350/750] 56837cbe-1230-47cb-aff7-4d99fe3868dd: 48 datasets; 0.9 s; peak memory 434 MiB.
2026-10-06T23:15:09Z INFO [350/750] 56837cbe-1230-47cb-aff7-4d99fe3868dd: checkpointed 88685 records.
2026-10-06T23:15:10Z INFO [351/750] 56838d47-4392-454d-89cf-a4a3a284d678: 66 datasets; 1.0 s; peak memory 434 MiB.
2026-10-06T23:15:11Z INFO [352/750] 5683e8b9-e102-40bd-96f9-1756cf74fdd9: 52 datasets; 0.6 s; peak memory 434 MiB.
2026-10-06T23:15:19Z INFO [353/750] 56849213-4255-45e7-ba06-330c5709fa5b: 869 datasets; 8.1 s; peak memory 434 MiB.
2026-10-06T23:15:20Z INFO [354/750] 56849bdc-bc43-464e-9d6e-b507e82cb465: 118 datasets; 0.9 s; peak memory 434 MiB.
2026-10-06T23:15:21Z INFO [355/750] 568520d0-57b9-4b89-8746-3777d944988b: 47 datasets; 0.7 s; peak memory 434 MiB.
2026-10-06T23:15:22Z INFO [356/750] 5685c03c-a32b-483e-8667-0158ede60a1f: 66 datasets; 1.6 s; peak memory 434 MiB.
2026-10-06T23:15:23Z INFO [357/750] 56862331-e412-4840-9598-65a1550cbea9: 112 datasets; 1.1 s; peak memory 434 MiB.
2026-10-06T23:15:25Z INFO [358/750] 568656e1-6e60-467d-81a8-195fa6045c6e: 154 datasets; 1.7 s; peak memory 434 MiB.
2026-10-06T23:15:26Z INFO [359/750] 5687a5ea-4564-40a9-9cab-21b6700a89f0: 117 datasets; 0.9 s; peak memory 434 MiB.
2026-10-06T23:15:27Z INFO [360/750] 5687f47a-042e-4b62-957c-acced6d8eabd: 117 datasets; 1.0 s; peak memory 434 MiB.
2026-10-06T23:15:30Z INFO [361/750] 56888fe5-99a2-491c-833e-8be16fc34c29: 156 datasets; 2.8 s; peak memory 434 MiB.
2026-10-06T23:15:31Z INFO [362/750] 56889974-a7de-4e61-930e-0bc83ebf3d49: 118 datasets; 0.9 s; peak memory 434 MiB.
2026-10-06T23:15:31Z INFO [363/750] 5688ccb8-0cf1-423d-be9a-f3db32e1aeb5: 36 datasets; 0.8 s; peak memory 434 MiB.
2026-10-06T23:15:42Z INFO [364/750] 56891f68-a511-4bb9-8e5b-56292bf55448: 357 datasets; 10.4 s; peak memory 434 MiB.
2026-10-06T23:15:49Z INFO [365/750] 56894766-5d9a-4b00-b441-dd4e2d21b82e: 1140 datasets; 7.6 s; peak memory 434 MiB.
2026-10-06T23:15:50Z INFO [366/750] 568a3d05-a6ba-4af8-bd04-e0d0c18ef858: 117 datasets; 1.0 s; peak memory 434 MiB.
2026-10-06T23:15:52Z INFO [367/750] 568a64f2-81b3-419a-8922-8ecb4e2434c5: 71 datasets; 1.9 s; peak memory 434 MiB.
2026-10-06T23:15:53Z INFO [368/750] 568bb538-1ac4-4111-9232-3c7568944f41: 46 datasets; 0.8 s; peak memory 434 MiB.
2026-10-06T23:15:56Z INFO [369/750] 568ce699-42e4-456e-94cb-e75544dc3eed: 51 datasets; 2.3 s; peak memory 434 MiB.
2026-10-06T23:16:06Z INFO [370/750] 568d1775-43f3-426b-b412-775f2aaabce9: 196 datasets; 11.0 s; peak memory 434 MiB.
2026-10-06T23:16:07Z INFO [371/750] 568d26e8-abe7-4b49-956e-2e4401736fdf: 41 datasets; 0.6 s; peak memory 434 MiB.
2026-10-06T23:16:08Z INFO [372/750] 568d8ddc-aedc-4631-9ca1-a431784976d4: 48 datasets; 0.8 s; peak memory 434 MiB.
2026-10-06T23:16:17Z INFO [373/750] 568e3bb1-bf1c-44f3-bf1f-740a79c7cb31: 751 datasets; 9.1 s; peak memory 434 MiB.
2026-10-06T23:16:18Z INFO [374/750] 568ea9cd-c705-4c8e-b58c-4e2d3427d160: 48 datasets; 0.7 s; peak memory 434 MiB.
2026-10-06T23:16:18Z INFO [375/750] 568ebb32-9d5d-49e7-9e84-b37571b46a29: 48 datasets; 0.8 s; peak memory 434 MiB.
2026-10-06T23:16:19Z INFO [376/750] 568ed36b-5e62-49ce-9adf-adb6ce3d2458: 77 datasets; 1.0 s; peak memory 434 MiB.
2026-10-06T23:16:36Z INFO [377/750] 568f4af6-4c40-4ea5-a06e-6b8e6f3920e5: 6532 datasets; 16.4 s; peak memory 434 MiB.
2026-10-06T23:16:41Z INFO [378/750] 568f6f7c-9f7a-4a5d-88a9-3035d3e5e2d9: 1053 datasets; 5.1 s; peak memory 434 MiB.
2026-10-06T23:16:46Z INFO [379/750] 568fde0a-dc90-4b54-be9f-e13c01845f47: 706 datasets; 4.8 s; peak memory 434 MiB.
2026-10-06T23:16:53Z INFO [380/750] 5690b13b-1678-4f56-b942-5fe210b1adad: 44 datasets; 7.6 s; peak memory 434 MiB.
2026-10-06T23:16:54Z INFO [381/750] 5691d1f2-6341-47e1-b666-127dc5d24aac: 46 datasets; 0.7 s; peak memory 434 MiB.
2026-10-06T23:16:55Z INFO [382/750] 56920ee3-e059-4a4a-a93e-8b2159a5ad91: 112 datasets; 1.0 s; peak memory 434 MiB.
2026-10-06T23:16:56Z INFO [383/750] 569270b3-6f49-4a1d-96fa-507eaf59fc1e: 114 datasets; 0.7 s; peak memory 434 MiB.
2026-10-06T23:17:04Z INFO [384/750] 569357c8-2b0c-4dc1-ada7-d74c3e04e1f9: 966 datasets; 7.8 s; peak memory 434 MiB.
2026-10-06T23:17:06Z INFO [385/750] 569485d4-afda-495d-83e5-6d5bf118cd9b: 156 datasets; 2.6 s; peak memory 434 MiB.
2026-10-06T23:19:10Z INFO [386/750] 56978a51-44f2-402d-92c1-92656fdc91af: 260 datasets; 124.0 s; peak memory 434 MiB.
2026-10-06T23:19:11Z INFO [387/750] 5697a8f5-97c2-4099-b6a8-a0df335a2df7: 59 datasets; 0.8 s; peak memory 434 MiB.
2026-10-06T23:19:18Z INFO [388/750] 569812a5-8429-4827-9a83-8e4636ae5890: 1089 datasets; 7.2 s; peak memory 434 MiB.
2026-10-06T23:19:22Z INFO [389/750] 5698176d-2dc8-4117-9c20-ee7d885f67b3: 223 datasets; 3.8 s; peak memory 434 MiB.
2026-10-06T23:19:24Z INFO [390/750] 569888ea-5b1b-4fd6-ae48-f9e52599844d: 87 datasets; 1.6 s; peak memory 434 MiB.
2026-10-06T23:21:37Z INFO [391/750] 5698c2eb-f309-49c4-a8fa-c9e507b7ebd1: 167 datasets; 133.3 s; peak memory 434 MiB.
2026-10-06T23:21:38Z INFO [392/750] 5698ed70-b2d5-4e49-b5ab-347d8ab89e50: 118 datasets; 1.0 s; peak memory 434 MiB.
2026-10-06T23:22:18Z INFO [393/750] 56993e2c-48d9-4c81-91d4-20bba0f8e216: 55 datasets; 40.1 s; peak memory 434 MiB.
2026-10-06T23:22:26Z INFO [394/750] 569b5489-3e15-435a-a649-d2e958720188: 861 datasets; 8.1 s; peak memory 434 MiB.
2026-10-06T23:22:28Z INFO [395/750] 569d8649-1653-4ccb-b21c-e77deec7ff07: 116 datasets; 2.0 s; peak memory 434 MiB.
2026-10-06T23:22:32Z INFO [396/750] 569e209b-969a-49f9-8852-5306a84401f5: 437 datasets; 3.8 s; peak memory 434 MiB.
2026-10-06T23:22:41Z INFO [397/750] 569e4a56-8a56-4103-a80d-0a2c6b857408: 369 datasets; 8.8 s; peak memory 434 MiB.
2026-10-06T23:22:42Z INFO [398/750] 569e7035-7172-48bb-9118-abb9db06ef2b: 71 datasets; 1.1 s; peak memory 434 MiB.
2026-10-06T23:22:43Z INFO [399/750] 569fa978-c361-4492-919a-76fa6eb9ce3a: 77 datasets; 0.9 s; peak memory 434 MiB.
2026-10-06T23:22:44Z INFO [400/750] 56a05c48-d182-4c8d-a1ca-83c304d25f43: 66 datasets; 1.3 s; peak memory 434 MiB.
2026-10-06T23:22:44Z INFO [400/750] 56a05c48-d182-4c8d-a1ca-83c304d25f43: checkpointed 88735 records.
2026-10-06T23:22:46Z INFO [401/750] 56a2ccdb-dc31-4d0a-afdc-f1543f6c16b9: 66 datasets; 1.7 s; peak memory 434 MiB.
2026-10-06T23:22:59Z INFO [402/750] 56a2e3de-0d70-4430-b347-6fbe939a4228: 324 datasets; 13.2 s; peak memory 434 MiB.
2026-10-06T23:23:03Z INFO [403/750] 56a33c65-943c-4cc0-82ae-c863b4596bbe: 538 datasets; 4.2 s; peak memory 434 MiB.
2026-10-06T23:23:06Z INFO [404/750] 56a43304-a3fa-45c8-899b-3744efefd9d5: 156 datasets; 2.3 s; peak memory 434 MiB.
2026-10-06T23:23:07Z INFO [405/750] 56a46d83-334d-4927-84cd-5132572fdb6c: 71 datasets; 1.2 s; peak memory 434 MiB.
2026-10-06T23:23:12Z INFO [406/750] 56a4e480-d575-427d-ab40-324b394bf18b: 3319 datasets; 5.2 s; peak memory 434 MiB.
2026-10-06T23:23:13Z INFO [407/750] 56a4ef98-a6f0-4377-8a23-373fba80b153: 69 datasets; 1.3 s; peak memory 434 MiB.
2026-10-06T23:23:16Z INFO [408/750] 56a5cf5d-b437-4c97-94fe-4203ed26c4c1: 85 datasets; 2.5 s; peak memory 434 MiB.
2026-10-06T23:23:16Z INFO [409/750] 56a5d6c1-ea7d-4527-b532-41c9e05536dc: 48 datasets; 0.7 s; peak memory 434 MiB.
2026-10-06T23:23:17Z INFO [410/750] 56a6a275-80a3-4b0c-b6c9-586e7562731d: 112 datasets; 1.0 s; peak memory 434 MiB.
2026-10-06T23:23:18Z INFO [411/750] 56a8334a-2dc0-4086-90b3-ed99d41f5fdb: 48 datasets; 0.9 s; peak memory 434 MiB.
2026-10-06T23:23:19Z INFO [412/750] 56a87377-d7e5-47cf-96dc-078d0833062b: 46 datasets; 0.7 s; peak memory 434 MiB.
2026-10-06T23:23:31Z INFO [413/750] 56aaed5b-9e82-4ff9-b319-64149c3f3cd3: 7927 datasets; 11.8 s; peak memory 434 MiB.
2026-10-06T23:23:32Z INFO [414/750] 56ab317b-0417-4174-9373-adf886dd3f55: 112 datasets; 0.8 s; peak memory 434 MiB.
2026-10-06T23:23:36Z INFO [415/750] 56ad0fda-26a7-4233-b668-44435421e9ed: 229 datasets; 3.9 s; peak memory 434 MiB.
2026-10-06T23:23:36Z INFO [416/750] 56ad969b-41bc-4a96-93a0-a7254323d5de: 48 datasets; 0.9 s; peak memory 434 MiB.
2026-10-06T23:23:39Z INFO [417/750] 56adbc5c-9f56-4898-826b-be2debfea346: 156 datasets; 2.3 s; peak memory 434 MiB.
2026-10-06T23:23:40Z INFO [418/750] 56ade0ef-b5df-4e2f-8962-bd2b52333b37: 112 datasets; 0.9 s; peak memory 434 MiB.
2026-10-06T23:23:40Z INFO [419/750] 56af71bc-18b1-4732-afc5-12c73e06ed15: 57 datasets; 0.6 s; peak memory 434 MiB.
2026-10-06T23:23:41Z INFO [420/750] 56afa85e-bc00-45a3-8d76-1903a300af97: 113 datasets; 1.0 s; peak memory 434 MiB.
2026-10-06T23:23:42Z INFO [421/750] 56b04a6a-2886-4a39-8625-69c6378e70e3: 48 datasets; 0.9 s; peak memory 434 MiB.
2026-10-06T23:23:43Z INFO [422/750] 56b09b62-f2e4-4b49-b719-12a311c61c93: 112 datasets; 1.1 s; peak memory 434 MiB.
2026-10-06T23:23:44Z INFO [423/750] 56b11d68-228b-4bb6-9504-2162f809744f: 48 datasets; 0.7 s; peak memory 434 MiB.
2026-10-06T23:23:53Z INFO [424/750] 56b122d7-85d7-4f5c-96bc-5372ca17a15a: 1626 datasets; 9.4 s; peak memory 434 MiB.
2026-10-06T23:24:00Z INFO [425/750] 56b1f1ff-b9c5-4464-bfed-879bd0d93881: 557 datasets; 7.1 s; peak memory 434 MiB.
2026-10-06T23:24:02Z INFO [426/750] 56b3bdaa-966b-44d9-8c27-39288c8adf4b: 38 datasets; 1.7 s; peak memory 434 MiB.
2026-10-06T23:24:05Z INFO [427/750] 56b4961c-71c7-498c-9d8d-5eb5238c0853: 538 datasets; 3.3 s; peak memory 434 MiB.
2026-10-06T23:24:06Z INFO [428/750] 56b5802c-fcce-47ba-a355-e9b386766100: 117 datasets; 1.0 s; peak memory 434 MiB.
2026-10-06T23:24:12Z INFO [429/750] 56b592bf-da44-4970-9e66-ded08e1314bb: 336 datasets; 6.0 s; peak memory 434 MiB.
2026-10-06T23:24:19Z INFO [430/750] 56b5a5d9-43fe-494c-bcf9-d9db40e7e4db: 703 datasets; 6.8 s; peak memory 434 MiB.
2026-10-06T23:24:24Z INFO [431/750] 56b5affc-0515-48b5-9128-f79b483c4bef: 44 datasets; 4.6 s; peak memory 434 MiB.
2026-10-06T23:24:25Z INFO [432/750] 56b5c54d-2ccd-44f0-a7e6-31eecb45395b: 48 datasets; 0.9 s; peak memory 434 MiB.
2026-10-06T23:28:34Z INFO [433/750] 56b62d07-5d55-4eac-9a4b-9a25f203e699: 472 datasets; 249.5 s; peak memory 439 MiB.
2026-10-06T23:28:36Z INFO [434/750] 56b71ca9-cea0-484e-9206-b57fac03a640: 70 datasets; 2.1 s; peak memory 439 MiB.
2026-10-06T23:35:30Z INFO [435/750] 56b72d5a-a628-4851-886b-04ca9d3ab6e4: 96 datasets; 413.8 s; peak memory 1121 MiB.
2026-10-06T23:35:32Z INFO [436/750] 56b74fde-58b1-4f02-b84d-2e4a04d58cf2: 186 datasets; 1.9 s; peak memory 1121 MiB.
2026-10-06T23:35:33Z INFO [437/750] 56b77554-d02b-4fba-9738-9582d68805f1: 110 datasets; 0.9 s; peak memory 1121 MiB.
2026-10-06T23:35:38Z INFO [438/750] 56b80624-227e-4890-8eb3-3c7b76e85bd0: 196 datasets; 5.6 s; peak memory 1121 MiB.
2026-10-06T23:35:40Z INFO [439/750] 56b8dcf2-7e22-44e4-98d6-56ba47472155: 68 datasets; 1.8 s; peak memory 1121 MiB.
2026-10-06T23:35:41Z INFO [440/750] 56ba1f2d-9859-4b9c-9fd4-c6612d4c13cc: 37 datasets; 0.5 s; peak memory 1121 MiB.
2026-10-06T23:39:31Z INFO [441/750] 56ba4f5c-fc96-4c49-8f62-d439f92c70cf: 264 datasets; 230.2 s; peak memory 1121 MiB.
2026-10-06T23:39:31Z INFO [442/750] 56bb9f76-063d-4b49-93a3-9b76443d48dd: 46 datasets; 0.5 s; peak memory 1121 MiB.
2026-10-06T23:39:35Z INFO [443/750] 56bc0a91-81ac-486b-84b4-9b6bb263d5ae: 225 datasets; 3.9 s; peak memory 1121 MiB.
2026-10-06T23:39:36Z INFO [444/750] 56bc31c0-5434-4269-a3a1-f7e638ec7a5f: 117 datasets; 1.0 s; peak memory 1121 MiB.
2026-10-06T23:39:37Z INFO [445/750] 56bc3f15-bbd0-4a3a-8453-82b8fd8f311d: 48 datasets; 0.7 s; peak memory 1121 MiB.
2026-10-06T23:39:38Z INFO [446/750] 56bcbd23-11c7-4e55-81e5-026e66613cbe: 112 datasets; 1.0 s; peak memory 1121 MiB.
2026-10-06T23:39:39Z INFO [447/750] 56bd044d-ef46-4949-9902-a62f395c2578: 48 datasets; 1.0 s; peak memory 1121 MiB.
2026-10-06T23:39:40Z INFO [448/750] 56bde432-aa1a-4c11-9c3e-29ca8034e49e: 48 datasets; 0.8 s; peak memory 1121 MiB.
2026-10-06T23:39:41Z INFO [449/750] 56bdf113-a780-4bff-8583-13e6635f5520: 38 datasets; 1.6 s; peak memory 1121 MiB.
2026-10-06T23:39:42Z INFO [450/750] 56bedd68-9c01-42fa-a4fa-c0377e0f0561: 71 datasets; 1.0 s; peak memory 1121 MiB.
2026-10-06T23:39:43Z INFO [450/750] 56bedd68-9c01-42fa-a4fa-c0377e0f0561: checkpointed 88785 records.
2026-10-06T23:39:43Z INFO [451/750] 56bfa0cb-6aba-4489-908b-1ec2b115282a: 117 datasets; 0.8 s; peak memory 1121 MiB.
2026-10-06T23:39:44Z INFO [452/750] 56bff71f-42af-4bf5-835c-01a08f85b114: 118 datasets; 0.9 s; peak memory 1121 MiB.
2026-10-06T23:39:45Z INFO [453/750] 56c053c8-48c0-4185-9ad5-66e39631ded9: 76 datasets; 0.9 s; peak memory 1121 MiB.
2026-10-06T23:39:46Z INFO [454/750] 56c06bb6-f735-4163-945a-52f0d1a7da70: 61 datasets; 0.6 s; peak memory 1121 MiB.
2026-10-06T23:39:47Z INFO [455/750] 56c1182f-ec6a-4c79-b66f-af0c7fb6ea91: 117 datasets; 0.8 s; peak memory 1121 MiB.
2026-10-06T23:39:48Z INFO [456/750] 56c13b47-a535-4a20-8542-d9d7fb2d4921: 66 datasets; 1.6 s; peak memory 1121 MiB.
2026-10-06T23:39:49Z INFO [457/750] 56c18735-33da-4e4e-9c84-16e7e20dd44b: 109 datasets; 1.2 s; peak memory 1121 MiB.
2026-10-06T23:39:50Z INFO [458/750] 56c217ca-2fce-428c-b15a-67d55536bda4: 112 datasets; 0.7 s; peak memory 1121 MiB.
2026-10-06T23:39:52Z INFO [459/750] 56c31a1f-a6fb-4b73-ab7d-98fb5ef9a553: 154 datasets; 1.8 s; peak memory 1121 MiB.
2026-10-06T23:39:53Z INFO [460/750] 56c32a72-d85c-42c1-b7fa-7d297aae8388: 48 datasets; 0.8 s; peak memory 1121 MiB.
2026-10-06T23:40:21Z INFO [461/750] 56c37701-0e3c-4ab8-8982-d2dedda2b6e9: 5426 datasets; 27.8 s; peak memory 1121 MiB.
2026-10-06T23:40:21Z INFO [462/750] 56c46bf5-e7d1-44ea-bdc3-00ad217969c7: 39 datasets; 0.8 s; peak memory 1121 MiB.
2026-10-06T23:40:22Z INFO [463/750] 56c48c5e-1180-42ab-8abc-298227f8de28: 289 datasets; 0.9 s; peak memory 1121 MiB.
2026-10-06T23:40:24Z INFO [464/750] 56c4b4cc-8b58-4ba0-89e4-f01a940815f7: 156 datasets; 2.1 s; peak memory 1121 MiB.
2026-10-06T23:40:25Z INFO [465/750] 56c4eec9-def0-49a2-a927-c7a205450f0e: 112 datasets; 1.0 s; peak memory 1121 MiB.
2026-10-06T23:40:26Z INFO [466/750] 56c558df-6818-42b7-a7b9-52a208ec4ffc: 170 datasets; 0.8 s; peak memory 1121 MiB.
2026-10-06T23:44:16Z INFO [467/750] 56c593c9-916e-47d3-916d-447fef0d0c8c: 292 datasets; 229.6 s; peak memory 1121 MiB.
2026-10-06T23:44:17Z INFO [468/750] 56c5c8c9-1723-444b-8d4d-372a728746b1: 48 datasets; 1.0 s; peak memory 1121 MiB.
2026-10-06T23:44:18Z INFO [469/750] 56c637a8-084b-47e5-9c72-ee91b97e5bec: 48 datasets; 0.8 s; peak memory 1121 MiB.
2026-10-06T23:44:19Z INFO [470/750] 56c63bb3-d944-4657-9ac2-eeb496423c68: 112 datasets; 1.3 s; peak memory 1121 MiB.
2026-10-06T23:44:23Z INFO [471/750] 56c67489-d366-4145-8b4b-2af59f93d6c6: 200 datasets; 3.8 s; peak memory 1121 MiB.
2026-10-06T23:44:24Z INFO [472/750] 56c83a76-e933-4ebb-9f95-7e7f20d9ebaf: 48 datasets; 0.9 s; peak memory 1121 MiB.
2026-10-06T23:44:25Z INFO [473/750] 56c8a859-47cd-45ba-a2b3-10a346f1113e: 112 datasets; 1.0 s; peak memory 1121 MiB.
2026-10-06T23:44:25Z INFO [474/750] 56c8e682-8887-4be7-9892-0ffdd8a61c1e: 51 datasets; 0.6 s; peak memory 1121 MiB.
2026-10-06T23:44:26Z INFO [475/750] 56c90cb2-d7af-42bf-947a-42ed18657ba5: 48 datasets; 0.8 s; peak memory 1121 MiB.
2026-10-06T23:44:27Z INFO [476/750] 56c91f7b-c369-46fc-aaf4-b46d6dbd5b74: 116 datasets; 1.0 s; peak memory 1121 MiB.
2026-10-06T23:44:28Z INFO [477/750] 56c92669-a42a-401f-a2e1-2e3c39967437: 112 datasets; 1.1 s; peak memory 1121 MiB.
2026-10-06T23:44:33Z INFO [478/750] 56ca70a8-8798-4675-8abf-a0b4c34837d9: 56 datasets; 5.0 s; peak memory 1121 MiB.
2026-10-06T23:44:34Z INFO [479/750] 56caa94f-5820-4166-9f7b-eea120a0c576: 118 datasets; 0.8 s; peak memory 1121 MiB.
2026-10-06T23:44:40Z INFO [480/750] 56cab213-4bad-4d8a-8eaa-d09bec663964: 391 datasets; 6.0 s; peak memory 1121 MiB.
2026-10-06T23:44:41Z INFO [481/750] 56cb211f-35a5-49bb-bac9-24b35a4d01dc: 48 datasets; 0.7 s; peak memory 1121 MiB.
2026-10-06T23:44:41Z INFO [482/750] 56cb6c74-2027-4dd4-879b-c50a4f8609db: 46 datasets; 0.6 s; peak memory 1121 MiB.
2026-10-06T23:44:42Z INFO [483/750] 56cb9b45-4847-40b6-a929-15865e64b2f3: 48 datasets; 0.7 s; peak memory 1121 MiB.
2026-10-06T23:44:43Z INFO [484/750] 56cbac83-4484-4d28-a28e-487ba552d32c: 118 datasets; 0.8 s; peak memory 1121 MiB.
2026-10-06T23:44:44Z INFO [485/750] 56cc4646-9073-49cc-8ff4-3b735d38c9c5: 66 datasets; 1.0 s; peak memory 1121 MiB.
2026-10-06T23:44:45Z INFO [486/750] 56cc58c3-62c4-4a26-96a6-ac964ae3a24d: 131 datasets; 1.1 s; peak memory 1121 MiB.
2026-10-06T23:44:46Z INFO [487/750] 56cc60d5-7646-4621-a819-f6c3ccce1867: 48 datasets; 0.7 s; peak memory 1121 MiB.
2026-10-06T23:44:47Z INFO [488/750] 56cc831c-e975-435a-b65d-84591be200a3: 48 datasets; 0.7 s; peak memory 1121 MiB.
2026-10-06T23:44:48Z INFO [489/750] 56ccbfe3-298a-4990-9460-27ddb572a69a: 114 datasets; 1.8 s; peak memory 1121 MiB.
2026-10-06T23:44:49Z INFO [490/750] 56cd73f7-ab39-4c39-9d9c-7ba45f83315e: 38 datasets; 0.6 s; peak memory 1121 MiB.
2026-10-06T23:44:53Z INFO [491/750] 56ce10df-716d-4a8e-9887-b6c0f2013cf7: 569 datasets; 4.1 s; peak memory 1121 MiB.
2026-10-06T23:44:54Z INFO [492/750] 56cfa255-2c7a-42a9-8cdc-ba0d5f76cd08: 69 datasets; 1.2 s; peak memory 1121 MiB.
2026-10-06T23:44:56Z INFO [493/750] 56d0045a-b12b-45cf-bef1-425f8ee7b44a: 156 datasets; 2.1 s; peak memory 1121 MiB.
2026-10-06T23:44:57Z INFO [494/750] 56d07ada-e3f7-483b-aa4b-5ea7f03e5a11: 48 datasets; 0.7 s; peak memory 1121 MiB.
2026-10-06T23:44:58Z INFO [495/750] 56d220b0-957d-4815-8886-e5fe98a50683: 52 datasets; 0.8 s; peak memory 1121 MiB.
2026-10-06T23:44:59Z INFO [496/750] 56d318c3-1224-40f5-b816-44743a7293f4: 116 datasets; 0.7 s; peak memory 1121 MiB.
2026-10-06T23:44:59Z INFO [497/750] 56d335da-b9d9-4f3d-9c02-965e7015a4ed: 46 datasets; 0.6 s; peak memory 1121 MiB.
2026-10-06T23:45:48Z INFO [498/750] 56d33fbe-8409-47db-ba6a-2311c79d4311: 111 datasets; 48.7 s; peak memory 1121 MiB.
2026-10-06T23:45:49Z INFO [499/750] 56d38690-46c4-43d3-91f3-879a28be837e: 48 datasets; 0.7 s; peak memory 1121 MiB.
2026-10-06T23:45:50Z INFO [500/750] 56d3a51d-0df8-4bd8-ae4b-c8dd0bee5cfe: 66 datasets; 1.2 s; peak memory 1121 MiB.
2026-10-06T23:45:50Z INFO [500/750] 56d3a51d-0df8-4bd8-ae4b-c8dd0bee5cfe: checkpointed 88835 records.
2026-10-06T23:45:51Z INFO [501/750] 56d3dccd-a86c-4614-8d8b-f40c80fc277d: 112 datasets; 1.0 s; peak memory 1121 MiB.
2026-10-06T23:45:52Z INFO [502/750] 56d4b85c-43dd-45af-a8ae-004faac5bc87: 62 datasets; 1.3 s; peak memory 1121 MiB.
2026-10-06T23:45:53Z INFO [503/750] 56d54079-497c-4050-8fcc-bb6f0b0311f3: 72 datasets; 0.8 s; peak memory 1121 MiB.
2026-10-06T23:45:55Z INFO [504/750] 56d59212-fa22-4e59-ad4f-b073d9fd0a5c: 115 datasets; 2.0 s; peak memory 1121 MiB.
2026-10-06T23:45:56Z INFO [505/750] 56d5b1e3-0618-478d-a13c-9bf218e0b0cf: 48 datasets; 0.8 s; peak memory 1121 MiB.
2026-10-06T23:45:57Z INFO [506/750] 56d5e15a-3479-4462-b30c-96e95f842e70: 66 datasets; 1.0 s; peak memory 1121 MiB.
2026-10-06T23:45:58Z INFO [507/750] 56d6471c-28be-48ad-9272-e27b1e976529: 118 datasets; 1.4 s; peak memory 1121 MiB.
2026-10-06T23:45:59Z INFO [508/750] 56d688bb-d912-4251-826b-a5069a46b6f0: 35 datasets; 0.4 s; peak memory 1121 MiB.
2026-10-06T23:46:00Z INFO [509/750] 56d695fb-d111-47b0-9f7d-476011db88ad: 66 datasets; 1.2 s; peak memory 1121 MiB.
2026-10-06T23:46:02Z INFO [510/750] 56d6d64e-e311-4d07-86b3-a1a15f50200c: 157 datasets; 1.7 s; peak memory 1121 MiB.
2026-10-06T23:46:12Z INFO [511/750] 56d739c3-4463-4435-986f-48909c8e866a: 38 datasets; 10.5 s; peak memory 1121 MiB.
2026-10-06T23:46:13Z INFO [512/750] 56d85df1-3419-40cb-8505-3dc141766a03: 48 datasets; 1.0 s; peak memory 1121 MiB.
2026-10-06T23:46:23Z INFO [513/750] 56d880c6-d0cc-4f34-8f42-a185b405297e: 966 datasets; 9.8 s; peak memory 1121 MiB.
2026-10-06T23:46:25Z INFO [514/750] 56d8d4b3-c711-4ee6-831b-052d602a190f: 101 datasets; 1.4 s; peak memory 1121 MiB.
2026-10-06T23:46:30Z INFO [515/750] 56d9509c-20af-4c58-843a-dc6ab78517de: 11485 datasets; 5.5 s; peak memory 1121 MiB.
2026-10-06T23:48:31Z INFO [516/750] 56d9987e-7b79-4d59-8dd6-23dfe99e2661: 167 datasets; 120.9 s; peak memory 1121 MiB.
2026-10-06T23:48:32Z INFO [517/750] 56dbf592-66d2-43a4-94b2-8e85525bf998: 116 datasets; 0.9 s; peak memory 1121 MiB.
2026-10-06T23:48:34Z INFO [518/750] 56dc1118-c845-4958-aac9-d8f253766048: 51 datasets; 1.8 s; peak memory 1121 MiB.
2026-10-06T23:48:35Z INFO [519/750] 56dc6315-ecb2-4649-80e6-989aad874004: 48 datasets; 1.1 s; peak memory 1121 MiB.
2026-10-06T23:48:35Z INFO [520/750] 56dcf9d5-4d12-4eec-bc35-2f2629c07c7d: 46 datasets; 0.6 s; peak memory 1121 MiB.
2026-10-06T23:48:39Z INFO [521/750] 56ddd45f-5e6a-4520-8154-1eef14512eba: 225 datasets; 3.3 s; peak memory 1121 MiB.
2026-10-06T23:48:39Z INFO [522/750] 56de3c0e-d859-4b02-ae4b-bfa7d4982607: 48 datasets; 0.8 s; peak memory 1121 MiB.
2026-10-06T23:48:40Z INFO [523/750] 56df051f-c4a7-4d4c-8143-e6d230d20b77: 38 datasets; 0.7 s; peak memory 1121 MiB.
2026-10-06T23:48:41Z INFO [524/750] 56e047ca-19b7-4a26-864d-8476b1221f73: 112 datasets; 1.0 s; peak memory 1121 MiB.
2026-10-06T23:48:43Z INFO [525/750] 56e0eb5b-2da4-48ef-a0bb-a98e3a6c70de: 71 datasets; 1.8 s; peak memory 1121 MiB.
2026-10-06T23:48:44Z INFO [526/750] 56e0f6a2-26e9-4b9e-93a8-25bb0e5c7ed4: 48 datasets; 0.9 s; peak memory 1121 MiB.
2026-10-06T23:48:45Z INFO [527/750] 56e20c9f-d3fe-4fb2-a33b-76228caedb11: 48 datasets; 0.9 s; peak memory 1121 MiB.
2026-10-06T23:48:46Z INFO [528/750] 56e277f1-cf2e-4a94-8770-21977c1c27ac: 116 datasets; 0.9 s; peak memory 1121 MiB.
2026-10-06T23:48:47Z INFO [529/750] 56e2f7c1-ff5b-4cbf-b5df-3c1f3742305d: 69 datasets; 1.0 s; peak memory 1121 MiB.
2026-10-06T23:48:47Z INFO [530/750] 56e328ce-7249-45a1-9846-1bf8bec6d5d3: 48 datasets; 0.8 s; peak memory 1121 MiB.
2026-10-06T23:48:48Z INFO [531/750] 56e48be0-6431-4557-a018-cab2673398fe: 117 datasets; 0.9 s; peak memory 1121 MiB.
2026-10-06T23:48:49Z INFO [532/750] 56e4e12a-5afe-4da1-aafa-1f11aa1a53e5: 48 datasets; 0.8 s; peak memory 1121 MiB.
2026-10-06T23:48:50Z INFO [533/750] 56e4fc8a-11fd-44bf-a4f7-e46d4af71a07: 46 datasets; 0.8 s; peak memory 1121 MiB.
2026-10-06T23:48:51Z INFO [534/750] 56e50ff6-139b-4bbd-80b4-3412bcb3dcb6: 60 datasets; 0.9 s; peak memory 1121 MiB.
2026-10-06T23:48:53Z INFO [535/750] 56e5d655-871b-4d30-ad2f-23ed086c6b21: 101 datasets; 2.1 s; peak memory 1121 MiB.
2026-10-06T23:48:54Z INFO [536/750] 56e60f45-85ce-4607-8f0d-ba51ba1eb35f: 60 datasets; 1.0 s; peak memory 1121 MiB.
2026-10-06T23:49:02Z INFO [537/750] 56e6bc45-5ffe-4e5d-8ca1-8bd294fa535a: 2995 datasets; 8.3 s; peak memory 1121 MiB.
2026-10-06T23:49:06Z INFO [538/750] 56e6f480-bec7-497c-b1c1-6d9d4a1650b9: 538 datasets; 3.6 s; peak memory 1121 MiB.
2026-10-06T23:49:08Z INFO [539/750] 56e741c0-8ca2-4fe1-bbb6-b0c8fdb59474: 156 datasets; 2.3 s; peak memory 1121 MiB.
2026-10-06T23:49:09Z INFO [540/750] 56e78c01-9106-4edf-b4b5-294d9baa3566: 110 datasets; 1.0 s; peak memory 1121 MiB.
2026-10-06T23:49:10Z INFO [541/750] 56e7c4e0-de0a-4c69-8bb0-21f7250c823a: 57 datasets; 1.3 s; peak memory 1121 MiB.
2026-10-06T23:49:12Z INFO [542/750] 56eac030-c8f3-4e29-95f8-da2ffb624ce9: 199 datasets; 2.2 s; peak memory 1121 MiB.
2026-10-06T23:49:14Z INFO [543/750] 56eca77a-49d0-47fc-ba57-cdee5dcf2e9f: 119 datasets; 1.4 s; peak memory 1121 MiB.
2026-10-06T23:49:15Z INFO [544/750] 56ed808b-9273-4d46-b71a-82aa06f0b1b4: 289 datasets; 0.9 s; peak memory 1121 MiB.
2026-10-06T23:49:16Z INFO [545/750] 56edcafb-c828-46e9-9b57-491cd2db8e5e: 123 datasets; 1.6 s; peak memory 1121 MiB.
2026-10-06T23:49:36Z INFO [546/750] 56ee1a84-7066-4916-9906-f874d2ebe2d0: 49 datasets; 19.5 s; peak memory 1121 MiB.
2026-10-06T23:49:37Z INFO [547/750] 56ee4dc3-bcba-4c71-85ba-c72c4f4c71de: 117 datasets; 0.8 s; peak memory 1121 MiB.
2026-10-06T23:49:38Z INFO [548/750] 56ee6d5a-b688-49a0-a2af-41a4e9009f37: 170 datasets; 0.8 s; peak memory 1121 MiB.
2026-10-06T23:49:39Z INFO [549/750] 56eeab5b-d42f-45f2-bf08-c6e8ec62b0a8: 66 datasets; 1.1 s; peak memory 1121 MiB.
2026-10-06T23:49:40Z INFO [550/750] 56ef0d30-990e-4ac3-a15b-f493534698e8: 38 datasets; 1.6 s; peak memory 1121 MiB.
2026-10-06T23:49:40Z INFO [550/750] 56ef0d30-990e-4ac3-a15b-f493534698e8: checkpointed 88885 records.
2026-10-06T23:49:41Z INFO [551/750] 56ef2b2b-b261-4e1f-876e-f2c58c6b35df: 117 datasets; 0.8 s; peak memory 1121 MiB.
2026-10-06T23:49:54Z INFO [552/750] 56f19359-c602-4827-baf0-50b40c04073a: 809 datasets; 12.8 s; peak memory 1121 MiB.
2026-10-06T23:50:01Z INFO [553/750] 56f2510b-311e-4090-89d3-ce224f1d3d1c: 86 datasets; 7.4 s; peak memory 1121 MiB.
2026-10-06T23:50:02Z INFO [554/750] 56f35667-fc4e-4d92-a0cb-2973239a6cb8: 116 datasets; 0.8 s; peak memory 1121 MiB.
2026-10-06T23:50:03Z INFO [555/750] 56f36009-79e1-4470-8ba2-53f426e33649: 48 datasets; 0.6 s; peak memory 1121 MiB.
2026-10-06T23:50:04Z INFO [556/750] 56f3f308-4547-4729-a69c-aa557842318c: 92 datasets; 0.8 s; peak memory 1121 MiB.
2026-10-06T23:50:04Z INFO [557/750] 56f50db0-5267-4437-872c-abbb3f3a57bc: 118 datasets; 0.8 s; peak memory 1121 MiB.
2026-10-06T23:50:05Z INFO [558/750] 56f56e06-e1d4-4395-8a39-5e9b4d4e6cdc: 118 datasets; 0.8 s; peak memory 1121 MiB.
2026-10-06T23:50:06Z INFO [559/750] 56f58733-eb28-4370-8d98-4bbd5023ce09: 37 datasets; 0.6 s; peak memory 1121 MiB.
2026-10-06T23:50:07Z INFO [560/750] 56f6a61f-455a-43c0-8369-63b6b7c3745c: 48 datasets; 0.8 s; peak memory 1121 MiB.
2026-10-06T23:50:11Z INFO [561/750] 56f6fb16-549c-41f6-8d55-0a15fe943550: 200 datasets; 4.2 s; peak memory 1121 MiB.
2026-10-06T23:50:14Z INFO [562/750] 56f6ff62-5268-435e-b228-7810c2484720: 538 datasets; 3.4 s; peak memory 1121 MiB.
2026-10-06T23:50:15Z INFO [563/750] 56f8c002-bc66-443d-944b-3554bc539632: 52 datasets; 0.9 s; peak memory 1121 MiB.
2026-10-06T23:50:16Z INFO [564/750] 56f8efd5-c6a2-414e-a4cc-4058843ef763: 52 datasets; 1.0 s; peak memory 1121 MiB.
2026-10-06T23:50:17Z INFO [565/750] 56f933eb-6299-4d1e-8a32-4dd37120ef80: 71 datasets; 1.0 s; peak memory 1121 MiB.
2026-10-06T23:50:18Z INFO [566/750] 56f97a18-8ca4-469c-b95e-10baa3d63e99: 46 datasets; 0.8 s; peak memory 1121 MiB.
2026-10-06T23:50:20Z INFO [567/750] 56f98160-a008-4caf-90d6-34a1eaea3bf6: 38 datasets; 1.6 s; peak memory 1121 MiB.
2026-10-06T23:50:25Z INFO [568/750] 56fa4901-97c2-4a13-81bf-1b1523b6b77b: 56 datasets; 5.1 s; peak memory 1121 MiB.
2026-10-06T23:50:40Z INFO [569/750] 56fab40c-6bdb-4bdc-8642-7d46fd050d49: 929 datasets; 15.5 s; peak memory 1121 MiB.
2026-10-06T23:50:41Z INFO [570/750] 56fbf8bc-5bae-4d63-b2aa-aa721f9af801: 48 datasets; 0.8 s; peak memory 1121 MiB.
2026-10-06T23:50:42Z INFO [571/750] 56fc7e13-0a4e-409b-99e3-e1b04c305d99: 48 datasets; 0.9 s; peak memory 1121 MiB.
2026-10-06T23:50:43Z INFO [572/750] 56fcc7cd-e45e-4ec0-8b89-1f2ceb9dd79e: 289 datasets; 1.0 s; peak memory 1121 MiB.
2026-10-06T23:50:44Z INFO [573/750] 56fd07d0-691f-4745-9473-810720e60d40: 52 datasets; 0.9 s; peak memory 1121 MiB.
2026-10-06T23:50:45Z INFO [574/750] 56fd135f-40c5-44df-b012-a1b770427397: 90 datasets; 1.8 s; peak memory 1121 MiB.
2026-10-06T23:50:46Z INFO [575/750] 56fe959e-3358-40f2-a064-076fee66051a: 42 datasets; 0.8 s; peak memory 1121 MiB.
2026-10-06T23:50:47Z INFO [576/750] 56ff2ccf-354f-46e4-818b-471518e30ed6: 48 datasets; 0.8 s; peak memory 1121 MiB.
2026-10-06T23:51:12Z INFO [577/750] 56ff2e5f-ee2e-44af-bed6-2a58e99ac85b: 5228 datasets; 25.1 s; peak memory 1121 MiB.
2026-10-06T23:51:13Z INFO [578/750] 56ff6343-836f-4648-907b-53ff2563b65a: 48 datasets; 0.8 s; peak memory 1121 MiB.
2026-10-06T23:51:14Z INFO [579/750] 56ffaa62-7bcd-4004-8c59-2f14a4a4ee53: 112 datasets; 1.1 s; peak memory 1121 MiB.
2026-10-06T23:51:15Z INFO [580/750] 57000853-88bb-4fcc-8520-9bd43f9ba393: 66 datasets; 1.1 s; peak memory 1121 MiB.
2026-10-06T23:51:17Z INFO [581/750] 570050cb-3150-4029-b010-f01623642ee0: 66 datasets; 1.3 s; peak memory 1121 MiB.
2026-10-06T23:51:17Z INFO [582/750] 57017e03-b213-48ed-a69e-5762571293c2: 37 datasets; 0.6 s; peak memory 1121 MiB.
2026-10-06T23:51:18Z INFO [583/750] 5702f7aa-608f-43fc-b566-7e635e0b9f5c: 71 datasets; 1.1 s; peak memory 1121 MiB.
2026-10-06T23:51:30Z INFO [584/750] 5703af4e-0741-457a-9a6d-268b644eab1d: 672 datasets; 11.8 s; peak memory 1121 MiB.
2026-10-06T23:51:31Z INFO [585/750] 5703efd1-f22f-4d8c-9bb6-a3311656bc98: 48 datasets; 0.6 s; peak memory 1121 MiB.
2026-10-06T23:51:31Z INFO [586/750] 570499db-5e7b-484f-9b08-5c50234697da: 46 datasets; 0.7 s; peak memory 1121 MiB.
2026-10-06T23:51:33Z INFO [587/750] 5704a53e-381d-40b7-92cc-4aca760e2ca3: 62 datasets; 1.3 s; peak memory 1121 MiB.
2026-10-06T23:51:33Z INFO [588/750] 57050382-bb6e-42f4-bb97-19b1793b07ef: 63 datasets; 0.6 s; peak memory 1121 MiB.
2026-10-06T23:51:34Z INFO [589/750] 57052b46-c640-4c0b-a27e-3e81401308ca: 45 datasets; 0.5 s; peak memory 1121 MiB.
2026-10-06T23:51:35Z INFO [590/750] 57067e16-cd37-4ee3-9945-614141209b7c: 56 datasets; 0.7 s; peak memory 1121 MiB.
2026-10-06T23:51:36Z INFO [591/750] 5706e67b-9180-48ae-87d9-efe9fd07a5f8: 115 datasets; 1.8 s; peak memory 1121 MiB.
2026-10-06T23:51:37Z INFO [592/750] 570a8071-ae96-4716-a3f1-f1cfaa556463: 84 datasets; 0.8 s; peak memory 1121 MiB.
2026-10-06T23:51:38Z INFO [593/750] 570a8900-b727-49c6-8007-cc2933cf3ba3: 48 datasets; 1.0 s; peak memory 1121 MiB.
2026-10-06T23:51:39Z INFO [594/750] 570b6813-3029-45be-957e-eb0acc792801: 112 datasets; 1.3 s; peak memory 1121 MiB.
2026-10-06T23:51:40Z INFO [595/750] 570b8423-b2d6-4241-b279-9bc6f89d28b8: 48 datasets; 0.8 s; peak memory 1121 MiB.
2026-10-06T23:51:56Z INFO [596/750] 570be990-89d3-4ff1-a3bb-e17ac353d487: 273 datasets; 15.4 s; peak memory 1121 MiB.
2026-10-06T23:51:56Z INFO [597/750] 570c553d-f1fe-4698-be4a-fb6dd1cbc32e: 36 datasets; 0.7 s; peak memory 1121 MiB.
2026-10-06T23:51:57Z INFO [598/750] 570dc14d-5961-4abd-ba60-339546ed73a6: 51 datasets; 0.9 s; peak memory 1121 MiB.
2026-10-06T23:51:58Z INFO [599/750] 570ddc82-47e2-48be-aa34-9c69296cbf4d: 48 datasets; 0.9 s; peak memory 1121 MiB.
2026-10-06T23:51:59Z INFO [600/750] 570e5fce-ba72-41a0-9e78-6a9ed6c7a999: 56 datasets; 0.8 s; peak memory 1121 MiB.
2026-10-06T23:51:59Z INFO [600/750] 570e5fce-ba72-41a0-9e78-6a9ed6c7a999: checkpointed 88935 records.
2026-10-06T23:52:00Z INFO [601/750] 570ece07-4862-4bdf-b810-1d20dea9f0fb: 59 datasets; 1.0 s; peak memory 1121 MiB.
2026-10-06T23:52:01Z INFO [602/750] 570eff16-468a-4526-935e-efb903e29c35: 117 datasets; 0.8 s; peak memory 1121 MiB.
2026-10-06T23:52:02Z INFO [603/750] 570f1107-1282-4e0f-ae3a-5f0892c14c76: 51 datasets; 1.0 s; peak memory 1121 MiB.
2026-10-06T23:52:06Z INFO [604/750] 570f68aa-4763-4976-87e9-f4aae2280113: 196 datasets; 4.4 s; peak memory 1121 MiB.
2026-10-06T23:52:07Z INFO [605/750] 57114a6b-a1da-470d-9d40-114775e98800: 48 datasets; 0.9 s; peak memory 1121 MiB.
2026-10-06T23:52:09Z INFO [606/750] 57116c24-4532-4110-a5e7-5edc9c27fb53: 54 datasets; 1.5 s; peak memory 1121 MiB.
2026-10-06T23:52:09Z INFO [607/750] 5711a7ef-1425-429b-9746-ecd69f1fdddb: 42 datasets; 0.7 s; peak memory 1121 MiB.
2026-10-06T23:52:15Z INFO [608/750] 57136920-ebb4-45f2-99ff-d13931041edb: 56 datasets; 5.3 s; peak memory 1121 MiB.
2026-10-06T23:52:22Z INFO [609/750] 5714a168-77cf-4748-b654-d9dd677b6f04: 108 datasets; 7.0 s; peak memory 1121 MiB.
2026-10-06T23:52:23Z INFO [610/750] 5716b733-1b18-4ec6-b019-8dd5b30e83dc: 59 datasets; 1.0 s; peak memory 1121 MiB.
2026-10-06T23:52:24Z INFO [611/750] 5716bd2e-195c-4b99-beee-1a5c39d2cad9: 112 datasets; 1.1 s; peak memory 1121 MiB.
2026-10-06T23:52:25Z INFO [612/750] 5717b32b-b580-40cd-a585-cc79987fee29: 69 datasets; 1.2 s; peak memory 1121 MiB.
2026-10-06T23:52:25Z INFO [613/750] 5717e725-4053-4114-9e40-1435dfc61097: 46 datasets; 0.6 s; peak memory 1121 MiB.
2026-10-06T23:52:26Z INFO [614/750] 5717f855-5368-43ca-abc8-a87117279d78: 67 datasets; 0.8 s; peak memory 1121 MiB.
2026-10-06T23:52:30Z INFO [615/750] 57189736-c4ba-430c-94a7-a385ac914fc1: 229 datasets; 3.7 s; peak memory 1121 MiB.
2026-10-06T23:52:31Z INFO [616/750] 5718ef13-3961-4155-915f-53542c1a4298: 118 datasets; 0.9 s; peak memory 1121 MiB.
2026-10-06T23:52:31Z INFO [617/750] 5719b4b2-8d70-4cd5-951d-628c4a0f7c1c: 46 datasets; 0.4 s; peak memory 1121 MiB.
2026-10-06T23:52:32Z INFO [618/750] 571a541f-7992-4e14-bd27-806489e64b30: 117 datasets; 0.9 s; peak memory 1121 MiB.
2026-10-06T23:52:33Z INFO [619/750] 571acab9-aabf-4a66-8656-34c34ae29583: 41 datasets; 0.7 s; peak memory 1121 MiB.
2026-10-06T23:52:34Z INFO [620/750] 571ba3a2-4b96-424c-8be9-1e34aac9166e: 85 datasets; 0.8 s; peak memory 1121 MiB.
2026-10-06T23:52:34Z INFO [621/750] 571bb10d-cf81-4a70-bde1-6448d45d73ad: 35 datasets; 0.6 s; peak memory 1121 MiB.
2026-10-06T23:52:35Z INFO [622/750] 571c176e-9983-4f4d-9d93-c57bf7fb6d00: 51 datasets; 0.8 s; peak memory 1121 MiB.
2026-10-06T23:52:38Z INFO [623/750] 571dd138-e30f-446e-b8e9-1a59458bad65: 50 datasets; 2.9 s; peak memory 1121 MiB.
2026-10-06T23:52:39Z INFO [624/750] 571df99c-3b34-44ed-a2c2-841bcf6f18ac: 56 datasets; 0.6 s; peak memory 1121 MiB.
2026-10-06T23:52:40Z INFO [625/750] 571f14c9-0e98-4a4f-bda0-34283b70310f: 48 datasets; 0.9 s; peak memory 1121 MiB.
2026-10-06T23:52:42Z INFO [626/750] 571f482a-9ab7-4434-bd21-1e24da77b381: 153 datasets; 2.0 s; peak memory 1121 MiB.
2026-10-06T23:52:47Z INFO [627/750] 571faae3-d100-4940-ace8-463562e8a77e: 200 datasets; 5.7 s; peak memory 1121 MiB.
2026-10-06T23:52:49Z INFO [628/750] 57201614-9c4d-41f1-8d66-659e925c5402: 119 datasets; 1.5 s; peak memory 1121 MiB.
2026-10-06T23:52:50Z INFO [629/750] 572016ea-4454-4a22-9547-abdaa0a036ff: 112 datasets; 1.0 s; peak memory 1121 MiB.
2026-10-06T23:52:51Z INFO [630/750] 5720646b-17d4-455f-b9bc-356d584faa30: 62 datasets; 0.7 s; peak memory 1121 MiB.
2026-10-06T23:52:54Z INFO [631/750] 5720e5ca-a129-4bd9-9ff1-834f244874c6: 534 datasets; 3.8 s; peak memory 1121 MiB.
2026-10-06T23:52:57Z INFO [632/750] 5720e757-abce-4e5a-aa19-ea6211731d90: 323 datasets; 2.3 s; peak memory 1121 MiB.
2026-10-06T23:52:58Z INFO [633/750] 57210c01-90c4-45b2-9f80-9b8480ce1b2b: 77 datasets; 1.3 s; peak memory 1121 MiB.
2026-10-06T23:52:59Z INFO [634/750] 57217bd7-6d82-4902-a20b-9675e83baaa7: 85 datasets; 1.5 s; peak memory 1121 MiB.
2026-10-06T23:53:00Z INFO [635/750] 572259ca-6435-41d1-9ab2-6a1534bb9afc: 48 datasets; 1.0 s; peak memory 1121 MiB.
2026-10-06T23:53:02Z INFO [636/750] 5722dc45-dbcb-49d6-8e0a-8f27c20947bf: 84 datasets; 1.4 s; peak memory 1121 MiB.
2026-10-06T23:53:02Z INFO [637/750] 5723e765-a31f-4123-9450-c7ebc1915518: 46 datasets; 0.5 s; peak memory 1121 MiB.
2026-10-06T23:53:03Z INFO [638/750] 5726340a-b01f-491e-a101-f03a473b23ed: 71 datasets; 1.1 s; peak memory 1121 MiB.
2026-10-06T23:53:16Z INFO [639/750] 5726fc7d-e6c0-48fd-84df-301fb358df80: 936 datasets; 12.7 s; peak memory 1121 MiB.
2026-10-06T23:53:18Z INFO [640/750] 57275aca-11a6-4dc3-af0b-d71e7a69b1d3: 152 datasets; 1.7 s; peak memory 1121 MiB.
2026-10-06T23:53:19Z INFO [641/750] 57279820-f420-4414-b5b8-4affe536a0e5: 117 datasets; 0.8 s; peak memory 1121 MiB.
2026-10-06T23:53:19Z INFO [642/750] 5727f3f4-2489-493f-8d50-17e5b23a5e86: 48 datasets; 0.8 s; peak memory 1121 MiB.
2026-10-06T23:53:21Z INFO [643/750] 5729d859-1f3b-4025-8443-a0e5c0274331: 112 datasets; 1.1 s; peak memory 1121 MiB.
2026-10-06T23:53:21Z INFO [644/750] 572a76b4-afd2-4e2b-aba3-6c32ab873b5b: 38 datasets; 0.7 s; peak memory 1121 MiB.
2026-10-06T23:53:26Z INFO [645/750] 572accaf-18a7-45cb-971f-b3c5b0e990dc: 758 datasets; 5.2 s; peak memory 1121 MiB.
2026-10-06T23:53:30Z INFO [646/750] 572bea91-01fd-4fdf-be62-6fa7469b721e: 612 datasets; 3.7 s; peak memory 1121 MiB.
2026-10-06T23:53:31Z INFO [647/750] 572c58c5-14d8-4f57-b183-c079a4e5eb2d: 152 datasets; 1.4 s; peak memory 1121 MiB.
2026-10-06T23:53:32Z INFO [648/750] 572d3101-3216-46c9-9f70-37316b2a1d04: 48 datasets; 0.7 s; peak memory 1121 MiB.
2026-10-06T23:53:33Z INFO [649/750] 572d8092-6ac2-4033-814f-7e75639b9b4e: 56 datasets; 0.7 s; peak memory 1121 MiB.
2026-10-06T23:53:42Z INFO [650/750] 572e10ca-35ad-4bf3-87e6-5ba9fedbf108: 1012 datasets; 9.2 s; peak memory 1121 MiB.
2026-10-06T23:53:42Z INFO [650/750] 572e10ca-35ad-4bf3-87e6-5ba9fedbf108: checkpointed 88985 records.
2026-10-06T23:53:43Z INFO [651/750] 572e2314-f3a0-4fdb-805d-4045ba7f10b2: 116 datasets; 0.8 s; peak memory 1121 MiB.
2026-10-06T23:54:02Z INFO [652/750] 5730fd76-f1b6-4ba0-a81b-fa9052868c2c: 1314 datasets; 19.3 s; peak memory 1121 MiB.
2026-10-06T23:54:04Z INFO [653/750] 57312362-d2cf-4f5d-b327-14db080bd047: 98 datasets; 1.7 s; peak memory 1121 MiB.
2026-10-06T23:54:30Z INFO [654/750] 5733098b-f046-4d26-a1d1-cdef30220f82: 1121 datasets; 26.5 s; peak memory 1121 MiB.
2026-10-06T23:54:31Z INFO [655/750] 57341c32-6ba0-48df-83a0-36936b0bd2c0: 48 datasets; 1.0 s; peak memory 1121 MiB.
2026-10-06T23:54:37Z INFO [656/750] 57344499-bdcc-4122-9d91-c91c6b8dfcbc: 339 datasets; 5.6 s; peak memory 1121 MiB.
2026-10-06T23:54:38Z INFO [657/750] 573490d3-3b8d-4d01-af3c-8acaeddd1673: 48 datasets; 0.9 s; peak memory 1121 MiB.
2026-10-06T23:54:39Z INFO [658/750] 57354665-f676-4ca2-a2dc-24e44f709b29: 48 datasets; 0.8 s; peak memory 1121 MiB.
2026-10-06T23:54:39Z INFO [659/750] 5737868c-4a41-4060-b5da-0e1ac71a4d52: 51 datasets; 0.7 s; peak memory 1121 MiB.
2026-10-06T23:54:44Z INFO [660/750] 5737c917-cbc2-432d-8654-a594ed63d3d1: 569 datasets; 4.3 s; peak memory 1121 MiB.
2026-10-06T23:54:45Z INFO [661/750] 57394d30-0fbe-44e1-9d7f-19fd75338444: 112 datasets; 0.9 s; peak memory 1121 MiB.
2026-10-06T23:54:46Z INFO [662/750] 57396bdb-24fc-4506-a7f8-d9bd81abdbd4: 112 datasets; 1.3 s; peak memory 1121 MiB.
2026-10-06T23:54:47Z INFO [663/750] 573afcf2-150b-4e44-bfe1-21f395ad555e: 37 datasets; 0.7 s; peak memory 1121 MiB.
2026-10-06T23:54:49Z INFO [664/750] 573b1256-d2e1-4b56-8dac-1f05d6d06e16: 71 datasets; 1.8 s; peak memory 1121 MiB.
2026-10-06T23:54:49Z INFO [665/750] 573b1b19-1699-48b0-8c01-ffa0dfe55601: 116 datasets; 0.9 s; peak memory 1121 MiB.
2026-10-06T23:54:51Z INFO [666/750] 573b423e-0472-4a93-807c-7391b8c1c90f: 118 datasets; 1.9 s; peak memory 1121 MiB.
2026-10-06T23:54:52Z INFO [667/750] 573b93e3-9c4a-49b7-a6d9-a7b3dae3dd7e: 48 datasets; 0.8 s; peak memory 1121 MiB.
2026-10-06T23:54:53Z INFO [668/750] 573bba73-6ae1-402d-a44d-00a2874b5a8b: 118 datasets; 0.7 s; peak memory 1121 MiB.
2026-10-06T23:54:54Z INFO [669/750] 573cbf20-f710-4700-a1c8-3fac2ca6416b: 42 datasets; 0.8 s; peak memory 1121 MiB.
2026-10-06T23:54:56Z INFO [670/750] 573d6146-0e65-422c-9383-97784aee739f: 242 datasets; 2.7 s; peak memory 1121 MiB.
2026-10-06T23:54:57Z INFO [671/750] 573d9368-5143-4f5a-84b4-a82f9543fbbd: 117 datasets; 0.9 s; peak memory 1121 MiB.
2026-10-06T23:54:58Z INFO [672/750] 573e25e8-aa4d-4a9c-85f5-a20ccd8cce6d: 50 datasets; 0.8 s; peak memory 1121 MiB.
2026-10-06T23:54:59Z INFO [673/750] 573e9639-55fb-4bfe-a83f-4efaade1a105: 48 datasets; 0.8 s; peak memory 1121 MiB.
2026-10-06T23:55:00Z INFO [674/750] 573f403e-effa-4a7f-bb43-d0df0dd0271d: 116 datasets; 1.0 s; peak memory 1121 MiB.
2026-10-06T23:55:01Z INFO [675/750] 573f6551-9359-42e8-9b2e-1f457f1efc3d: 52 datasets; 0.9 s; peak memory 1121 MiB.
2026-10-06T23:55:02Z INFO [676/750] 573f9b41-e81e-45ea-9b0f-1f85788689b8: 52 datasets; 0.9 s; peak memory 1121 MiB.
2026-10-06T23:55:03Z INFO [677/750] 57407448-3cc2-413d-bf16-09c34a40bfe3: 117 datasets; 0.8 s; peak memory 1121 MiB.
2026-10-06T23:55:10Z INFO [678/750] 574108d7-e73f-46da-a595-c01019c54af2: 607 datasets; 7.3 s; peak memory 1121 MiB.
2026-10-06T23:55:12Z INFO [679/750] 57418b41-5038-4df2-93fc-2b2e8cf0270e: 71 datasets; 1.8 s; peak memory 1121 MiB.
2026-10-06T23:55:31Z INFO [680/750] 57422f42-6b02-42d6-a809-4367d2a843a5: 48 datasets; 19.6 s; peak memory 1121 MiB.
2026-10-06T23:55:32Z INFO [681/750] 57423df9-fa09-4425-9984-533f3dacf7af: 48 datasets; 0.8 s; peak memory 1121 MiB.
2026-10-06T23:55:33Z INFO [682/750] 574248ea-f5bf-41d4-b24c-f94db630bd44: 112 datasets; 1.1 s; peak memory 1121 MiB.
2026-10-06T23:55:34Z INFO [683/750] 5742970a-b7d7-449b-8132-b26f7eb42654: 112 datasets; 1.1 s; peak memory 1121 MiB.
2026-10-06T23:55:35Z INFO [684/750] 574419f9-c643-4a9b-87c0-871425ac7852: 48 datasets; 0.9 s; peak memory 1121 MiB.
2026-10-06T23:56:10Z INFO [685/750] 57452b80-671a-46bf-a981-2e0a3c8e7a14: 627 datasets; 34.4 s; peak memory 1121 MiB.
2026-10-06T23:56:10Z INFO [686/750] 57455a3a-8f98-4972-93f4-a03c1c1ccf3d: 117 datasets; 0.7 s; peak memory 1121 MiB.
2026-10-06T23:56:11Z INFO [687/750] 5745772b-dc18-4feb-9f41-08bd579fe97b: 117 datasets; 0.9 s; peak memory 1121 MiB.
2026-10-06T23:56:12Z INFO [688/750] 574631a7-156d-4693-9054-cae38d4e8832: 52 datasets; 0.8 s; peak memory 1121 MiB.
2026-10-06T23:56:13Z INFO [689/750] 5747f29e-1175-48cb-87b8-cc6ec90abb9a: 69 datasets; 0.9 s; peak memory 1121 MiB.
2026-10-06T23:56:14Z INFO [690/750] 5748e786-745d-4bff-91c4-20c7e43baa7d: 115 datasets; 0.9 s; peak memory 1121 MiB.
2026-10-06T23:56:16Z INFO [691/750] 57490b83-e536-4072-aa4b-7a50b0054d89: 186 datasets; 1.9 s; peak memory 1121 MiB.
2026-10-06T23:56:17Z INFO [692/750] 57498d28-2f92-48b2-94f7-e5fa0a6a7f92: 112 datasets; 1.1 s; peak memory 1121 MiB.
2026-10-06T23:56:28Z INFO [693/750] 5749a871-83ba-40d8-85bf-b8ec3a4d10b6: 44 datasets; 11.6 s; peak memory 1121 MiB.
2026-10-06T23:57:05Z INFO [694/750] 5749c352-2776-4570-bf82-63ab4683abc2: 4842 datasets; 36.8 s; peak memory 1121 MiB.
2026-10-06T23:57:12Z INFO [695/750] 574a020e-6cd0-44e8-bc27-5f63b47cc583: 744 datasets; 7.1 s; peak memory 1121 MiB.
2026-10-06T23:57:13Z INFO [696/750] 574ad3a8-a212-471f-b3c2-f46293c283da: 48 datasets; 0.8 s; peak memory 1121 MiB.
2026-10-06T23:57:21Z INFO [697/750] 574b278c-4751-4616-8381-864e8f0be6a7: 1349 datasets; 7.9 s; peak memory 1121 MiB.
2026-10-06T23:57:22Z INFO [698/750] 574bef35-b207-4d43-9d8e-ce6ded6b0780: 70 datasets; 1.0 s; peak memory 1121 MiB.
2026-10-07T00:00:52Z INFO [699/750] 574bf8aa-7cae-4d9d-8a2f-4822bffbd4d7: 55 datasets; 210.0 s; peak memory 1121 MiB.
2026-10-07T00:01:06Z INFO [700/750] 574c5c01-83d5-43c8-9790-31ec8a73570a: 816 datasets; 14.1 s; peak memory 1121 MiB.
2026-10-07T00:01:06Z INFO [700/750] 574c5c01-83d5-43c8-9790-31ec8a73570a: checkpointed 89035 records.
2026-10-07T00:01:07Z INFO [701/750] 574cd86f-9c76-4686-b58a-11d947de9c72: 48 datasets; 0.9 s; peak memory 1121 MiB.
2026-10-07T00:01:15Z INFO [702/750] 574ce70b-1981-40a6-8ce0-66fe32f41a5c: 953 datasets; 7.9 s; peak memory 1121 MiB.
2026-10-07T00:01:16Z INFO [703/750] 574d1ade-3af5-4bac-8e4d-9fcf8e24b472: 38 datasets; 0.7 s; peak memory 1121 MiB.
2026-10-07T00:01:21Z INFO [704/750] 574d3a55-d7fd-4d51-a952-f2e236543862: 652 datasets; 5.0 s; peak memory 1121 MiB.
2026-10-07T00:01:21Z INFO [705/750] 574d7f29-ed89-4a65-afcb-d45727a94644: 38 datasets; 0.8 s; peak memory 1121 MiB.
2026-10-07T00:01:26Z INFO [706/750] 574d8c46-9f3a-4c2a-8e58-8f9d94df8105: 106 datasets; 4.7 s; peak memory 1121 MiB.
2026-10-07T00:01:27Z INFO [707/750] 574e044d-250a-47f6-b36c-be2f86ccbcde: 117 datasets; 1.0 s; peak memory 1121 MiB.
2026-10-07T00:01:28Z INFO [708/750] 574e2aab-d453-4d8a-9dd7-d4813f39f6fe: 83 datasets; 1.2 s; peak memory 1121 MiB.
2026-10-07T00:01:29Z INFO [709/750] 574e2f96-e9f1-4f30-bd0a-3ac6b42e67ac: 68 datasets; 0.8 s; peak memory 1121 MiB.
2026-10-07T00:01:30Z INFO [710/750] 574e5f94-151e-4fcd-84eb-8e37dbfbcbad: 116 datasets; 0.8 s; peak memory 1121 MiB.
2026-10-07T00:01:30Z INFO [711/750] 574e8e91-6d4e-4ce8-8d13-ede1f3c481cc: 46 datasets; 0.5 s; peak memory 1121 MiB.
2026-10-07T00:01:31Z INFO [712/750] 574e9c66-7835-4d76-8521-5192d98edc28: 84 datasets; 0.9 s; peak memory 1121 MiB.
2026-10-07T00:01:32Z INFO [713/750] 574f9b85-9898-47b7-89c7-127af72a8a5a: 117 datasets; 0.9 s; peak memory 1121 MiB.
2026-10-07T00:01:33Z INFO [714/750] 5750124b-6672-4c31-9ffd-c1de71742acd: 52 datasets; 0.9 s; peak memory 1121 MiB.
2026-10-07T00:01:34Z INFO [715/750] 57516bd2-212b-4fef-af7a-3d111c8270c1: 46 datasets; 0.5 s; peak memory 1121 MiB.
2026-10-07T00:01:39Z INFO [716/750] 5751ea08-782d-4f80-8678-f5431b84b629: 79 datasets; 5.1 s; peak memory 1121 MiB.
2026-10-07T00:01:40Z INFO [717/750] 57522f47-4d1c-4009-a6b3-7825f8c602b6: 33 datasets; 0.8 s; peak memory 1121 MiB.
2026-10-07T00:01:40Z INFO [718/750] 5752ac2e-1cae-46cc-9176-97051b2d1e02: 48 datasets; 0.9 s; peak memory 1121 MiB.
2026-10-07T00:05:01Z INFO [719/750] 5752b14d-8403-4679-891e-867ff37b6290: 91 datasets; 200.3 s; peak memory 1121 MiB.
2026-10-07T00:05:02Z INFO [720/750] 57530bfa-7373-40b7-ab3d-1e3fee6dcac6: 48 datasets; 0.9 s; peak memory 1121 MiB.
2026-10-07T00:05:04Z INFO [721/750] 57531764-9223-425d-bf08-47d10284961c: 46 datasets; 2.6 s; peak memory 1121 MiB.
2026-10-07T00:05:06Z INFO [722/750] 57531d3d-34fb-4701-b485-578cbd13696b: 53 datasets; 1.6 s; peak memory 1121 MiB.
2026-10-07T00:05:08Z INFO [723/750] 57545fc0-6891-45df-bf6f-b8195eaf5d5e: 119 datasets; 1.7 s; peak memory 1121 MiB.
2026-10-07T00:05:10Z INFO [724/750] 575540bd-9870-45a7-906b-6a744bf0b601: 115 datasets; 2.1 s; peak memory 1121 MiB.
2026-10-07T00:05:11Z INFO [725/750] 5755c76e-c226-47e2-a034-ef4cb51a4399: 83 datasets; 1.1 s; peak memory 1121 MiB.
2026-10-07T00:05:12Z INFO [726/750] 5755e09a-f664-4c20-8897-5c0e1e70c8ac: 116 datasets; 1.1 s; peak memory 1121 MiB.
2026-10-07T00:05:14Z INFO [727/750] 5756d3d3-99a1-4136-b7f9-18ba48fc3d42: 150 datasets; 2.4 s; peak memory 1121 MiB.
2026-10-07T00:05:16Z INFO [728/750] 5756db38-6a6f-493f-b1f8-c2d989a2cc8d: 71 datasets; 1.7 s; peak memory 1121 MiB.
2026-10-07T00:05:17Z INFO [729/750] 57576caf-72e0-491b-a0ee-580e376e6c02: 118 datasets; 0.9 s; peak memory 1121 MiB.
2026-10-07T00:05:18Z INFO [730/750] 57578574-eb4d-4b9d-9a90-542e83638de0: 86 datasets; 1.3 s; peak memory 1121 MiB.
2026-10-07T00:05:19Z INFO [731/750] 57590f25-f3b8-49db-8b2d-4cd39f42465c: 48 datasets; 1.0 s; peak memory 1121 MiB.
2026-10-07T01:02:54Z INFO [732/750] 57594d59-35fe-4f38-aded-333534cd01f0: 296 datasets; 3454.9 s; peak memory 1210 MiB.
2026-10-07T01:02:55Z INFO [733/750] 57596295-0e5d-43a3-b52a-7e6389227a03: 48 datasets; 0.9 s; peak memory 1210 MiB.
2026-10-07T01:02:56Z INFO [734/750] 5759e74b-3a7d-4d70-bd20-486f0e3b2979: 48 datasets; 0.8 s; peak memory 1210 MiB.
2026-10-07T01:02:57Z INFO [735/750] 575a04b8-31d2-4f5e-bc25-8e3e55930171: 116 datasets; 1.0 s; peak memory 1210 MiB.
2026-10-07T01:05:23Z INFO [736/750] 575aa2e7-b98c-448e-85c8-e230c0e332f3: 241 datasets; 145.9 s; peak memory 1210 MiB.
2026-10-07T01:05:30Z INFO [737/750] 575abab3-73d9-4f4c-85c7-a936dd3644cd: 11477 datasets; 7.3 s; peak memory 1210 MiB.
2026-10-07T01:05:31Z INFO [738/750] 575af79b-7828-47e2-af0e-1f71b6410eff: 69 datasets; 1.3 s; peak memory 1210 MiB.
2026-10-07T01:05:32Z INFO [739/750] 575bb6aa-e9ef-4b3d-b0a9-d3bca0a95643: 112 datasets; 1.1 s; peak memory 1210 MiB.
2026-10-07T01:05:46Z INFO [740/750] 575bbfdc-62c2-4649-9292-1d648c7125a6: 258 datasets; 13.4 s; peak memory 1210 MiB.
2026-10-07T01:05:47Z INFO [741/750] 575c36aa-e414-49a5-99c8-90452cf92152: 48 datasets; 0.9 s; peak memory 1210 MiB.
2026-10-07T01:05:49Z INFO [742/750] 575c421a-b743-426c-9f9f-e5d0f964ccb0: 157 datasets; 2.2 s; peak memory 1210 MiB.
2026-10-07T01:05:50Z INFO [743/750] 575c5adf-2b89-444e-a7fa-b58b31708942: 48 datasets; 0.8 s; peak memory 1210 MiB.
2026-10-07T01:05:51Z INFO [744/750] 575d1a8a-17e6-4bc1-ac3e-8add185fb1b1: 117 datasets; 1.1 s; peak memory 1210 MiB.
2026-10-07T01:05:56Z INFO [745/750] 575d2612-cbf5-4b8e-bdeb-7f933ed94397: 339 datasets; 5.8 s; peak memory 1210 MiB.
2026-10-07T01:05:57Z INFO [746/750] 575dad93-bbf0-4082-b0f7-fd61d13ad6df: 47 datasets; 0.8 s; peak memory 1210 MiB.
2026-10-07T01:05:58Z INFO [747/750] 575dbab6-c9d7-492b-b36b-667aaa39acbb: 48 datasets; 0.8 s; peak memory 1210 MiB.
2026-10-07T01:06:03Z INFO [748/750] 575eac9d-836c-4acf-9c9f-01a9cd40b208: 218 datasets; 5.1 s; peak memory 1210 MiB.
2026-10-07T01:06:05Z INFO [749/750] 575eafc4-5632-44f5-aa6e-d23e0f1722d9: 118 datasets; 2.0 s; peak memory 1210 MiB.
2026-10-07T01:06:06Z INFO [750/750] 576022a2-b7dd-4b21-bf10-e4a2e3df8b10: 52 datasets; 0.9 s; peak memory 1210 MiB.
2026-10-07T01:06:06Z INFO [750/750] 576022a2-b7dd-4b21-bf10-e4a2e3df8b10: checkpointed 89085 records.
2026-10-07T01:06:06Z INFO Wrote 89085 records to /tmp/derivatives/valid_nwb_file_to_number_of_datasets.jsonl (750 new, 0 failed) in 140.4 min (peak memory 1210 MiB).
