2026-09-28T13:32:46Z INFO Logging to /tmp/logs/update_2026-09-28T13-32-46Z.log.
2026-09-28T13:32:46Z INFO Update valid-nwb-file-to-number-of-datasets (base directory /tmp).
2026-09-28T13:32:46Z INFO Processing 378 items (60230 already recorded).
2026-09-28T13:32:52Z INFO [1/378] 054bc9d6-9835-43c2-91a0-c060a9605ee6: 300 datasets; 5.8 s; peak memory 109 MiB.
2026-09-28T13:32:58Z INFO [2/378] 071d5795-5830-4d4e-a0b4-b6a26756d30f: 300 datasets; 6.4 s; peak memory 111 MiB.
2026-09-28T13:33:04Z INFO [3/378] 07b5e410-2894-4ac0-9b49-dc9b83aca4b5: 304 datasets; 6.1 s; peak memory 112 MiB.
2026-09-28T13:34:59Z INFO [4/378] 1bbcf749-897c-4a6a-94e2-2118e26909eb: 190 datasets; 115.1 s; peak memory 264 MiB.
2026-09-28T13:35:00Z INFO [5/378] 1bbebdfb-e41d-4e73-b907-4eedf2f78557: 48 datasets; 0.9 s; peak memory 264 MiB.
2026-09-28T13:35:08Z INFO [6/378] 1bbf66cf-7300-4456-80a6-b0afdbf93293: 82 datasets; 7.8 s; peak memory 264 MiB.
2026-09-28T13:35:10Z INFO [7/378] 1bbfd89e-2452-4f6e-ad95-a08cef68d447: 131 datasets; 1.8 s; peak memory 264 MiB.
2026-09-28T13:35:26Z INFO [8/378] 1bc1b1ac-f4db-4141-961f-332f081589f5: 522 datasets; 15.9 s; peak memory 264 MiB.
2026-09-28T13:35:26Z INFO [9/378] 1bc1b9c5-d653-43e0-b96c-ba4dba09e6e9: 46 datasets; 0.5 s; peak memory 264 MiB.
2026-09-28T13:41:13Z INFO [10/378] 1bc2c516-c0c1-44d1-9a8d-7ecf005fa76e: 1400 datasets; 347.4 s; peak memory 960 MiB.
2026-09-28T13:41:15Z INFO [11/378] 1bc3a505-5802-4b99-b92a-c3749d663cf0: 112 datasets; 1.4 s; peak memory 960 MiB.
2026-09-28T13:41:16Z INFO [12/378] 1bc3d8c7-c33d-47f1-953e-0bb43adc45a1: 48 datasets; 1.0 s; peak memory 960 MiB.
2026-09-28T13:41:17Z INFO [13/378] 1bc3ee46-1a42-416d-90ea-5e99f3f93505: 117 datasets; 1.5 s; peak memory 960 MiB.
2026-09-28T13:41:26Z INFO [14/378] 1bc427f5-ae7b-4fe2-80db-4c9b530db768: 772 datasets; 8.9 s; peak memory 960 MiB.
2026-09-28T13:41:27Z INFO [15/378] 1bc4c40d-3f54-4d45-9577-6cc59f4872a0: 84 datasets; 1.1 s; peak memory 960 MiB.
2026-09-28T13:41:28Z INFO [16/378] 1bc52b51-59ee-4a56-b01d-b3f23c964af9: 116 datasets; 1.2 s; peak memory 960 MiB.
2026-09-28T13:41:35Z INFO [17/378] 1bc66aba-b052-4dc0-b0d7-208eb09ad39e: 38 datasets; 6.4 s; peak memory 960 MiB.
2026-09-28T13:41:36Z INFO [18/378] 1bc69b06-03cc-436e-965d-cc61f26e6edc: 112 datasets; 1.1 s; peak memory 960 MiB.
2026-09-28T13:41:40Z INFO [19/378] 1bc74792-aa62-442b-bc16-2b4b34210fad: 538 datasets; 3.9 s; peak memory 960 MiB.
2026-09-28T13:43:29Z INFO [20/378] 1bc7694a-7273-4e54-b2a5-c153471e1818: 269 datasets; 108.8 s; peak memory 960 MiB.
2026-09-28T13:43:30Z INFO [21/378] 1bc76bba-a11d-408f-bc12-fa9452407852: 71 datasets; 1.6 s; peak memory 960 MiB.
2026-09-28T13:43:32Z INFO [22/378] 1bc80044-f753-4687-8118-460e5b7ce81f: 110 datasets; 1.2 s; peak memory 960 MiB.
2026-09-28T13:43:33Z INFO [23/378] 1bc8277b-2d7f-46a0-8296-e494337af2a8: 76 datasets; 1.8 s; peak memory 960 MiB.
2026-09-28T13:43:34Z INFO [24/378] 1bc8ea6a-b9d0-4660-a2e6-bf140c8823aa: 38 datasets; 0.8 s; peak memory 960 MiB.
2026-09-28T13:43:35Z INFO [25/378] 1bc94f1e-9420-4620-9e4c-8a11f12d86ac: 48 datasets; 0.9 s; peak memory 960 MiB.
2026-09-28T13:43:39Z INFO [26/378] 1bc9d481-697e-4889-b3f1-87002fa6a76e: 225 datasets; 4.4 s; peak memory 960 MiB.
2026-09-28T13:43:40Z INFO [27/378] 1bca0246-a688-436f-809e-9c079698c3a7: 48 datasets; 0.9 s; peak memory 960 MiB.
2026-09-28T13:43:43Z INFO [28/378] 1bca7a69-8267-41af-8f10-7e0e2cc75959: 628 datasets; 2.2 s; peak memory 960 MiB.
2026-09-28T13:43:50Z INFO [29/378] 1bca8a3d-3489-45b7-8570-0970de6092bf: 244 datasets; 7.6 s; peak memory 960 MiB.
2026-09-28T13:43:55Z INFO [30/378] 1bcad460-6653-4ada-a79f-da3d80887ceb: 225 datasets; 4.4 s; peak memory 960 MiB.
2026-09-28T13:44:00Z INFO [31/378] 1bcc4dfd-34f5-4e1e-b5a0-591494782ddc: 615 datasets; 5.0 s; peak memory 960 MiB.
2026-09-28T13:44:00Z INFO [32/378] 1bcdc288-8e58-4f65-ba2a-4f44ba48eb76: 48 datasets; 0.8 s; peak memory 960 MiB.
2026-09-28T13:44:07Z INFO [33/378] 1bcdd97f-b4f4-4815-b4ef-8fb3e3f673c0: 799 datasets; 6.4 s; peak memory 960 MiB.
2026-09-28T13:44:08Z INFO [34/378] 1bce13a4-dec1-44cb-bad5-ab7eb40c7d3b: 117 datasets; 0.8 s; peak memory 960 MiB.
2026-09-28T13:44:12Z INFO [35/378] 1bce71c6-78e6-474a-83f7-1f668c5d8c28: 722 datasets; 4.7 s; peak memory 960 MiB.
2026-09-28T13:44:13Z INFO [36/378] 1bcf2b7a-94b5-41f2-833b-a65a71484a13: 112 datasets; 1.1 s; peak memory 960 MiB.
2026-09-28T13:44:31Z INFO [37/378] 1bcf5f93-e4cf-4127-87c4-91fa3600d951: 1858 datasets; 18.1 s; peak memory 960 MiB.
2026-09-28T13:44:43Z INFO [38/378] 1bcfb926-6d0d-45b7-9612-463f735a433f: 1496 datasets; 11.1 s; peak memory 960 MiB.
2026-09-28T13:44:43Z INFO [39/378] 1bd03718-ef33-4cda-a0c9-86049710ea69: 48 datasets; 0.8 s; peak memory 960 MiB.
2026-09-28T13:44:44Z INFO [40/378] 1bd0403f-00f1-435b-b58f-9b9dae1400ad: 117 datasets; 1.0 s; peak memory 960 MiB.
2026-09-28T13:44:45Z INFO [41/378] 1bd083e3-6dfb-4d64-927a-eca2d1db6f47: 48 datasets; 1.0 s; peak memory 960 MiB.
2026-09-28T13:44:46Z INFO [42/378] 1bd08d25-2f70-48e2-84d1-de68a625824c: 42 datasets; 1.0 s; peak memory 960 MiB.
2026-09-28T13:44:48Z INFO [43/378] 1bd13e7f-dbfd-4832-9e33-db6ceb6cea7a: 112 datasets; 1.2 s; peak memory 960 MiB.
2026-09-28T13:44:50Z INFO [44/378] 1bd1a139-ab45-403a-af4a-252dc505d3fa: 46 datasets; 1.9 s; peak memory 960 MiB.
2026-09-28T13:45:29Z INFO [45/378] 1bd1a4cd-56ee-40dc-a594-3b769beaf415: 55 datasets; 38.9 s; peak memory 960 MiB.
2026-09-28T13:45:29Z INFO [46/378] 1bd1c4b3-0dd7-44e3-8d8a-18502991ffe0: 45 datasets; 0.8 s; peak memory 960 MiB.
2026-09-28T13:45:30Z INFO [47/378] 1bd23083-84cf-4505-b108-975854d6301e: 48 datasets; 1.0 s; peak memory 960 MiB.
2026-09-28T13:45:31Z INFO [48/378] 1bd25a4f-3822-49c0-a1a6-31a5be33a557: 112 datasets; 0.9 s; peak memory 960 MiB.
2026-09-28T13:45:32Z INFO [49/378] 1bd26f95-4513-4cd7-8eb3-6acccb0133fd: 46 datasets; 0.7 s; peak memory 960 MiB.
2026-09-28T13:45:33Z INFO [50/378] 1bd2a520-bfb6-432d-b054-8620eebb7eb1: 117 datasets; 1.0 s; peak memory 960 MiB.
2026-09-28T13:45:33Z INFO [50/378] 1bd2a520-bfb6-432d-b054-8620eebb7eb1: checkpointed 60280 records.
2026-09-28T13:45:38Z INFO [51/378] 1bd32a51-6830-4d12-8f19-35d8b764d666: 56 datasets; 5.1 s; peak memory 960 MiB.
2026-09-28T13:45:39Z INFO [52/378] 1bd47cf1-317e-4c0a-a893-52c489b38bcb: 48 datasets; 1.0 s; peak memory 960 MiB.
2026-09-28T13:45:40Z INFO [53/378] 1bd48f54-5cc4-4731-b05f-5c165b5f0d39: 111 datasets; 1.1 s; peak memory 960 MiB.
2026-09-28T13:45:43Z INFO [54/378] 1bd4974e-66e9-4977-98f4-4e1837b29041: 386 datasets; 2.8 s; peak memory 960 MiB.
2026-09-28T13:45:44Z INFO [55/378] 1bd4f42c-42a5-4978-a0b9-a60670cfd794: 112 datasets; 1.4 s; peak memory 960 MiB.
2026-09-28T13:45:45Z INFO [56/378] 1bd51f15-a173-43f8-8c77-0459ba66f5ab: 39 datasets; 0.8 s; peak memory 960 MiB.
2026-09-28T13:45:46Z INFO [57/378] 1bd537f2-f979-4825-ac17-0824489fa4ca: 62 datasets; 1.0 s; peak memory 960 MiB.
2026-09-28T13:45:47Z INFO [58/378] 1bd5fbc0-7265-44a0-9739-cfa3c81ad66f: 117 datasets; 1.2 s; peak memory 960 MiB.
2026-09-28T13:45:52Z INFO [59/378] 1bd640be-0c2a-47c5-84ab-6df3d69e9012: 1619 datasets; 4.3 s; peak memory 960 MiB.
2026-09-28T13:45:53Z INFO [60/378] 1bd67373-e621-4fa1-9c19-c965c2db79a5: 71 datasets; 1.6 s; peak memory 960 MiB.
2026-09-28T13:45:54Z INFO [61/378] 1bd6addd-a512-4fdb-badd-bb96f60880cd: 48 datasets; 0.8 s; peak memory 960 MiB.
2026-09-28T13:45:55Z INFO [62/378] 1bd700c7-73c7-4646-95fc-30e67519c5f4: 46 datasets; 0.9 s; peak memory 960 MiB.
2026-09-28T13:45:56Z INFO [63/378] 1bd93e6b-a1b2-4323-a4ed-7136e4341578: 48 datasets; 1.0 s; peak memory 960 MiB.
2026-09-28T13:46:09Z INFO [64/378] 1bda1058-91c0-4900-9080-fc449ee27cf5: 41 datasets; 12.6 s; peak memory 960 MiB.
2026-09-28T13:47:56Z INFO [65/378] 1bdb68be-4774-419b-98f8-f7571eab3ae6: 148 datasets; 107.5 s; peak memory 960 MiB.
2026-09-28T13:47:58Z INFO [66/378] 1bdb7ab9-87fe-4559-94b2-4a1100bd8deb: 136 datasets; 1.6 s; peak memory 960 MiB.
2026-09-28T13:47:58Z INFO [67/378] 1bdc1626-6dc9-4ba2-87ae-fb44a94d174e: 49 datasets; 0.8 s; peak memory 960 MiB.
2026-09-28T13:48:00Z INFO [68/378] 1bdc2eba-1361-4124-a54a-a4061e99e17e: 193 datasets; 1.9 s; peak memory 960 MiB.
2026-09-28T13:48:01Z INFO [69/378] 1bde2eca-3527-4d64-933d-8f798dc20b6e: 51 datasets; 0.7 s; peak memory 960 MiB.
2026-09-28T13:48:06Z INFO [70/378] 1bdee4de-31a1-4aa1-bf7a-b65e24bccb68: 56 datasets; 4.6 s; peak memory 960 MiB.
2026-09-28T13:48:07Z INFO [71/378] 1bdf1c77-5b78-4a06-9801-3793f651bf8f: 66 datasets; 1.5 s; peak memory 960 MiB.
2026-09-28T13:48:08Z INFO [72/378] 1bdf9c6a-7b6d-4b29-b45b-01d77a2bbea5: 48 datasets; 0.8 s; peak memory 960 MiB.
2026-09-28T13:48:14Z INFO [73/378] 1be0092f-c43a-4427-8a7a-e941be7078d8: 11477 datasets; 5.9 s; peak memory 960 MiB.
2026-09-28T13:48:15Z INFO [74/378] 1be01043-1f87-4dfc-ac59-7876fe8123c0: 110 datasets; 1.2 s; peak memory 960 MiB.
2026-09-28T13:48:16Z INFO [75/378] 1be06e16-9540-42c0-ac1f-7015f950bc3f: 112 datasets; 1.2 s; peak memory 960 MiB.
2026-09-28T13:48:17Z INFO [76/378] 1be0a97b-fd40-4033-9f39-2fd589b44f10: 118 datasets; 1.0 s; peak memory 960 MiB.
2026-09-28T13:48:18Z INFO [77/378] 1be0d48b-e15e-4275-b77a-9d14e81b635e: 46 datasets; 0.7 s; peak memory 960 MiB.
2026-09-28T13:48:38Z INFO [78/378] 1be0e9d6-2875-48b4-9e08-a62de51bae1b: 48 datasets; 19.6 s; peak memory 960 MiB.
2026-09-28T13:48:39Z INFO [79/378] 1be1a199-9931-4cd6-aa2f-ea58e51fa491: 117 datasets; 1.0 s; peak memory 960 MiB.
2026-09-28T13:48:45Z INFO [80/378] 1be219d0-f811-4e93-94ed-b9c61b09bfdd: 1808 datasets; 6.5 s; peak memory 960 MiB.
2026-09-28T13:48:46Z INFO [81/378] 1be24ae5-ca73-409a-98e0-d9e070407b85: 116 datasets; 1.1 s; peak memory 960 MiB.
2026-09-28T13:48:47Z INFO [82/378] 1be2b9be-26fc-4e1f-bb27-de2766c2c12e: 112 datasets; 1.2 s; peak memory 960 MiB.
2026-09-28T13:48:48Z INFO [83/378] 1be33111-0a28-43eb-b6ac-aaea86b130cb: 112 datasets; 1.0 s; peak memory 960 MiB.
2026-09-28T13:48:49Z INFO [84/378] 1be4a2ca-280f-47b5-bab7-765fb8295760: 72 datasets; 1.0 s; peak memory 960 MiB.
2026-09-28T13:48:50Z INFO [85/378] 1be4e1c8-b379-4621-8170-23c74e742371: 48 datasets; 0.9 s; peak memory 960 MiB.
2026-09-28T13:50:48Z INFO [86/378] 1be5ac15-7b72-47a8-9ea9-c5a7c716ce1d: 414 datasets; 117.8 s; peak memory 960 MiB.
2026-09-28T13:50:49Z INFO [87/378] 1be5be7e-11a4-4c12-ab04-203f2982e4e9: 73 datasets; 1.2 s; peak memory 960 MiB.
2026-09-28T13:50:53Z INFO [88/378] 1be68891-8bee-4d20-b967-794e9e2a10fc: 534 datasets; 3.4 s; peak memory 960 MiB.
2026-09-28T13:50:53Z INFO [89/378] 1be72235-7cde-49c2-ab2f-475299ac4561: 56 datasets; 0.7 s; peak memory 960 MiB.
2026-09-28T13:50:55Z INFO [90/378] 1be77a20-9759-4b2d-9664-61eebb5c1a57: 38 datasets; 1.7 s; peak memory 960 MiB.
2026-09-28T13:50:56Z INFO [91/378] 1be7a3d7-69d2-4d80-a3a5-536b30aca0f6: 117 datasets; 1.0 s; peak memory 960 MiB.
2026-09-28T13:51:19Z INFO [92/378] 1be7c9da-1ab4-4ab3-a061-635fab707d3b: 893 datasets; 23.2 s; peak memory 960 MiB.
2026-09-28T13:51:20Z INFO [93/378] 1be7fed8-2a66-4c0e-bd07-27fb23a8628d: 48 datasets; 1.0 s; peak memory 960 MiB.
2026-09-28T13:51:22Z INFO [94/378] 1be8a1c4-6187-4f13-8833-84e738469c89: 64 datasets; 1.3 s; peak memory 960 MiB.
2026-09-28T13:51:24Z INFO [95/378] 1be8c1ab-f206-4b9f-9485-87a112f27ebd: 115 datasets; 2.2 s; peak memory 960 MiB.
2026-09-28T13:51:25Z INFO [96/378] 1be9967d-e90b-462a-8c5b-765722b10f9d: 48 datasets; 0.9 s; peak memory 960 MiB.
2026-09-28T13:51:26Z INFO [97/378] 1bea9ad8-4985-4f97-a3d6-00a66e0093c8: 48 datasets; 0.9 s; peak memory 960 MiB.
2026-09-28T13:51:43Z INFO [98/378] 1beb74bf-155d-4b2f-bdb7-a23d0b9e31b3: 48 datasets; 17.6 s; peak memory 960 MiB.
2026-09-28T13:51:44Z INFO [99/378] 1bebb1f4-3266-44d8-803c-0b4d43a4ba84: 117 datasets; 1.1 s; peak memory 960 MiB.
2026-09-28T13:51:45Z INFO [100/378] 1bec8b77-8969-42e0-b33a-59b00955c358: 46 datasets; 0.6 s; peak memory 960 MiB.
2026-09-28T13:51:45Z INFO [100/378] 1bec8b77-8969-42e0-b33a-59b00955c358: checkpointed 60330 records.
2026-09-28T13:51:46Z INFO [101/378] 1becb849-f94f-42e2-bfb9-f71900b283bf: 116 datasets; 0.9 s; peak memory 960 MiB.
2026-09-28T13:51:47Z INFO [102/378] 1bedfd6d-08e9-46eb-a8b1-0367de0039a9: 48 datasets; 0.8 s; peak memory 960 MiB.
2026-09-28T13:51:48Z INFO [103/378] 1bee13f0-a0fa-4f30-9f9a-7eaeb7dcb160: 112 datasets; 1.3 s; peak memory 960 MiB.
2026-09-28T13:51:49Z INFO [104/378] 1bee6048-ddea-43e7-9335-954e86462ce8: 131 datasets; 1.4 s; peak memory 960 MiB.
2026-09-28T13:51:50Z INFO [105/378] 1bee8813-b286-48b5-9fc9-1449c83c8c4c: 48 datasets; 0.8 s; peak memory 960 MiB.
2026-09-28T13:51:51Z INFO [106/378] 1beef897-89e4-4b88-a0d1-0b1c45f7347d: 112 datasets; 1.0 s; peak memory 960 MiB.
2026-09-28T13:51:56Z INFO [107/378] 1bef608b-b6c6-4c06-83d4-e2218a399032: 229 datasets; 4.9 s; peak memory 960 MiB.
2026-09-28T13:52:00Z INFO [108/378] 1bef6b27-1c5f-4ebc-b4ae-4289f7b7adc6: 219 datasets; 3.7 s; peak memory 960 MiB.
2026-09-28T13:52:01Z INFO [109/378] 1bef9d4f-e5fc-4a98-a341-6248f5292cc9: 66 datasets; 1.3 s; peak memory 960 MiB.
2026-09-28T13:52:07Z INFO [110/378] 1bf06285-3652-4279-a8e2-05d4b0520093: 339 datasets; 5.2 s; peak memory 960 MiB.
2026-09-28T13:52:08Z INFO [111/378] 1bf15460-7433-41d4-a1c6-50073b34c68b: 48 datasets; 1.0 s; peak memory 960 MiB.
2026-09-28T13:52:08Z INFO [112/378] 1bf15947-e59c-4562-a7e3-b6cb7fa1534b: 48 datasets; 0.8 s; peak memory 960 MiB.
2026-09-28T13:52:10Z INFO [113/378] 1bf166fa-3fce-4501-8d64-e209ccd1596b: 71 datasets; 1.3 s; peak memory 960 MiB.
2026-09-28T13:52:10Z INFO [114/378] 1bf1729c-0475-426e-9e48-0525912aab92: 52 datasets; 0.7 s; peak memory 960 MiB.
2026-09-28T13:52:11Z INFO [115/378] 1bf2fc35-f7c7-4a5a-8925-87f20db8dba6: 48 datasets; 0.7 s; peak memory 960 MiB.
2026-09-28T13:52:13Z INFO [116/378] 1bf3b22a-eb4c-4f0a-89e4-ec249496c1bf: 116 datasets; 1.9 s; peak memory 960 MiB.
2026-09-28T13:52:14Z INFO [117/378] 1bf47b8f-31c1-45c8-a908-cca7143d9d0e: 48 datasets; 0.8 s; peak memory 960 MiB.
2026-09-28T13:52:16Z INFO [118/378] 1bf4b48e-48e7-46a5-a08c-44bcb1debcad: 301 datasets; 1.9 s; peak memory 960 MiB.
2026-09-28T13:52:27Z INFO [119/378] 1bf50be4-9079-49fb-bc16-0317d3c0cc40: 106 datasets; 11.2 s; peak memory 960 MiB.
2026-09-28T13:52:28Z INFO [120/378] 1bf599bf-3e7f-4c71-900c-2de316f68378: 66 datasets; 1.2 s; peak memory 960 MiB.
2026-09-28T13:52:30Z INFO [121/378] 1bf5d4f4-9b93-4e01-972c-76b93c2bc79e: 114 datasets; 1.8 s; peak memory 960 MiB.
2026-09-28T13:52:31Z INFO [122/378] 1bf6fb48-474f-4731-a365-d02a7f76219f: 117 datasets; 1.2 s; peak memory 960 MiB.
2026-09-28T13:52:32Z INFO [123/378] 1bf799a6-20e1-4bcf-b1a4-e4d6902f0304: 48 datasets; 0.6 s; peak memory 960 MiB.
2026-09-28T13:52:33Z INFO [124/378] 1bf845bf-dbde-40c2-972b-e749db753f31: 112 datasets; 1.0 s; peak memory 960 MiB.
2026-09-28T13:52:34Z INFO [125/378] 1bf8b134-a8c0-476e-a4fe-be4feba1a3b2: 48 datasets; 0.8 s; peak memory 960 MiB.
2026-09-28T13:54:18Z INFO [126/378] 1bf90d6e-ed43-4fb5-9ea9-556177642fbf: 173 datasets; 104.5 s; peak memory 960 MiB.
2026-09-28T13:54:19Z INFO [127/378] 1bf9325b-b63d-4f23-9043-0bd6c8d5675f: 41 datasets; 1.0 s; peak memory 960 MiB.
2026-09-28T13:54:20Z INFO [128/378] 1bf9a573-63b4-4aa1-8081-96946c5a043c: 46 datasets; 0.6 s; peak memory 960 MiB.
2026-09-28T13:54:25Z INFO [129/378] 1bfa0485-3d5e-46ac-801a-22dfb44613f8: 229 datasets; 5.0 s; peak memory 960 MiB.
2026-09-28T13:54:25Z INFO [130/378] 1bfa0979-2a35-4c28-8670-c43f4df4a73a: 116 datasets; 0.9 s; peak memory 960 MiB.
2026-09-28T13:54:27Z INFO [131/378] 1bfaa9b4-0e6f-497a-a36c-57880368a5f9: 112 datasets; 1.2 s; peak memory 960 MiB.
2026-09-28T13:54:27Z INFO [132/378] 1bfab03a-6718-43da-99cb-6446431c9d89: 48 datasets; 0.8 s; peak memory 960 MiB.
2026-09-28T13:54:28Z INFO [133/378] 1bfb5c30-90d7-4a11-84a9-a486c2a49fc0: 48 datasets; 0.9 s; peak memory 960 MiB.
2026-09-28T13:54:29Z INFO [134/378] 1bfbf964-98c2-45b6-a37a-90089f538f50: 48 datasets; 0.7 s; peak memory 960 MiB.
2026-09-28T13:54:30Z INFO [135/378] 1bfbfd10-c0ad-44ec-889c-14a129cc38e8: 48 datasets; 0.8 s; peak memory 960 MiB.
2026-09-28T13:54:31Z INFO [136/378] 1bfc038a-c926-43ae-b095-e454d28c7fbf: 48 datasets; 0.7 s; peak memory 960 MiB.
2026-09-28T13:54:31Z INFO [137/378] 1bfc1dbf-3e25-44fc-87d8-726b8dcdbd68: 46 datasets; 0.6 s; peak memory 960 MiB.
2026-09-28T13:54:34Z INFO [138/378] 1bfc5b93-c559-445c-9ecc-9424629eac82: 233 datasets; 3.0 s; peak memory 960 MiB.
2026-09-28T13:54:38Z INFO [139/378] 1bfc9a62-ecd7-40a9-a1e4-e3d2a279ddad: 200 datasets; 3.9 s; peak memory 960 MiB.
2026-09-28T13:54:39Z INFO [140/378] 1bff44ed-2004-450c-96ee-33859ad0c372: 48 datasets; 0.8 s; peak memory 960 MiB.
2026-09-28T13:54:40Z INFO [141/378] 1bffaae9-dd62-45a1-b6ae-f697b35646ca: 118 datasets; 1.7 s; peak memory 960 MiB.
2026-09-28T13:54:42Z INFO [142/378] 1bffce82-9052-49ec-8645-c1bce7dc630e: 118 datasets; 1.1 s; peak memory 960 MiB.
2026-09-28T13:54:42Z INFO [143/378] 1bffddd9-6d2b-4f3a-82c8-424f7694f9cd: 48 datasets; 0.9 s; peak memory 960 MiB.
2026-09-28T13:54:44Z INFO [144/378] 1c006de6-889e-49d1-9990-47185f384e2a: 90 datasets; 1.8 s; peak memory 960 MiB.
2026-09-28T13:54:46Z INFO [145/378] 1c010a3a-7241-4cc3-8ef4-9d697d639e8e: 101 datasets; 1.4 s; peak memory 960 MiB.
2026-09-28T13:54:47Z INFO [146/378] 1c01351c-1314-4c71-a3ae-6484afe6c1ec: 112 datasets; 1.1 s; peak memory 960 MiB.
2026-09-28T13:54:48Z INFO [147/378] 1c01ad48-90cd-43b4-8327-6c7a0a2a8ee6: 71 datasets; 0.9 s; peak memory 960 MiB.
2026-09-28T13:54:48Z INFO [148/378] 1c021c2b-76ed-4f3d-aa05-3a318034a8b8: 55 datasets; 0.6 s; peak memory 960 MiB.
2026-09-28T13:54:49Z INFO [149/378] 1c03b056-6b9b-45c1-9be8-01582357392f: 64 datasets; 1.1 s; peak memory 960 MiB.
2026-09-28T13:54:52Z INFO [150/378] 1c04836a-d407-44c0-8ff3-8154784f82bb: 156 datasets; 2.5 s; peak memory 960 MiB.
2026-09-28T13:54:52Z INFO [150/378] 1c04836a-d407-44c0-8ff3-8154784f82bb: checkpointed 60380 records.
2026-09-28T13:54:53Z INFO [151/378] 1c048859-499a-44ba-8260-d4e85b236043: 68 datasets; 0.7 s; peak memory 960 MiB.
2026-09-28T13:54:54Z INFO [152/378] 1c04dcc0-eb4d-41f1-bf11-43521ea127f5: 71 datasets; 1.8 s; peak memory 960 MiB.
2026-09-28T13:54:55Z INFO [153/378] 1c055302-486c-496c-a626-e27d62b48698: 48 datasets; 1.1 s; peak memory 960 MiB.
2026-09-28T13:54:56Z INFO [154/378] 1c0560ef-b7e3-4f46-88ca-9edc6282820e: 114 datasets; 0.7 s; peak memory 960 MiB.
2026-09-28T13:54:58Z INFO [155/378] 1c058407-f2ff-4091-ae50-9207e5eb16c5: 112 datasets; 1.4 s; peak memory 960 MiB.
2026-09-28T13:55:01Z INFO [156/378] 1c058bd2-23b5-430d-8aa9-2f96c0ae05f3: 534 datasets; 3.6 s; peak memory 960 MiB.
2026-09-28T13:55:02Z INFO [157/378] 1c05b4af-74ff-4644-a7ba-c64c03c811e6: 117 datasets; 0.9 s; peak memory 960 MiB.
2026-09-28T13:55:04Z INFO [158/378] 1c05c88b-5015-4b9e-9632-0f8c926c0d7e: 157 datasets; 2.2 s; peak memory 960 MiB.
2026-09-28T13:55:05Z INFO [159/378] 1c0716d6-fab2-4d75-b445-4dd6f2b3b9a1: 48 datasets; 1.0 s; peak memory 960 MiB.
2026-09-28T13:55:07Z INFO [160/378] 1c078f36-e9aa-46d2-bbd6-16f81fca9796: 71 datasets; 1.6 s; peak memory 960 MiB.
2026-09-28T13:55:08Z INFO [161/378] 1c08318b-3c2e-4510-83b9-5ab5593313db: 48 datasets; 0.9 s; peak memory 960 MiB.
2026-09-28T13:55:09Z INFO [162/378] 1c0962e0-64ae-4e0a-a074-77d0521dcd8d: 118 datasets; 1.2 s; peak memory 960 MiB.
2026-09-28T13:55:10Z INFO [163/378] 1c09e76c-6bb0-4142-ae75-829ad6f284b0: 48 datasets; 0.9 s; peak memory 960 MiB.
2026-09-28T13:55:11Z INFO [164/378] 1c0a30f9-4fc5-4a5f-8b44-33d12f46fd09: 118 datasets; 1.0 s; peak memory 960 MiB.
2026-09-28T13:55:15Z INFO [165/378] 1c0a8f82-aa8b-4487-996a-c72df923f65b: 538 datasets; 3.8 s; peak memory 960 MiB.
2026-09-28T13:55:15Z INFO [166/378] 1c0aad15-751d-4216-a265-bc433efc6923: 46 datasets; 0.5 s; peak memory 960 MiB.
2026-09-28T13:55:16Z INFO [167/378] 1c0b9639-6ced-48c5-9ff8-296b0cce34f4: 275 datasets; 1.0 s; peak memory 960 MiB.
2026-09-28T13:55:18Z INFO [168/378] 1c0bc72e-2f21-41b1-a6f5-ebe1379b3e09: 113 datasets; 1.3 s; peak memory 960 MiB.
2026-09-28T13:55:30Z INFO [169/378] 1c0cb24a-5b55-4037-ad58-cf060ae8d5ef: 761 datasets; 12.1 s; peak memory 960 MiB.
2026-09-28T13:55:35Z INFO [170/378] 1c0cb55a-d376-411c-a591-b99a0c4f4ee0: 538 datasets; 4.8 s; peak memory 960 MiB.
2026-09-28T13:55:35Z INFO [171/378] 1c0cfe52-105c-45da-b37e-13f5ff9284b8: 118 datasets; 0.9 s; peak memory 960 MiB.
2026-09-28T13:55:36Z INFO [172/378] 1c0d0271-f79b-452b-a79b-5a321737692f: 48 datasets; 1.0 s; peak memory 960 MiB.
2026-09-28T13:55:37Z INFO [173/378] 1c0e99a5-8451-4709-a50e-4a6c2b40a966: 48 datasets; 0.8 s; peak memory 960 MiB.
2026-09-28T13:55:52Z INFO [174/378] 1c0ec853-8e61-41aa-a197-1f14315c05d5: 1224 datasets; 14.5 s; peak memory 960 MiB.
2026-09-28T13:55:53Z INFO [175/378] 1c0f2cad-80e9-4bcd-a8b5-1bb8e3456189: 110 datasets; 1.3 s; peak memory 960 MiB.
2026-09-28T13:55:54Z INFO [176/378] 1c0f80c9-7fba-4ca8-a0c0-ca85047c4587: 48 datasets; 0.7 s; peak memory 960 MiB.
2026-09-28T13:55:55Z INFO [177/378] 1c0fb08f-3ace-4318-bdfb-e1f87f4f8f29: 71 datasets; 1.5 s; peak memory 960 MiB.
2026-09-28T13:55:56Z INFO [178/378] 1c1075ac-200d-4daa-a717-f4da4a378f0c: 117 datasets; 1.0 s; peak memory 960 MiB.
2026-09-28T13:55:57Z INFO [179/378] 1c11119c-2450-457f-85f8-403897f7f6cb: 52 datasets; 0.5 s; peak memory 960 MiB.
2026-09-28T13:55:58Z INFO [180/378] 1c12ba78-d442-4a12-9818-3be45e528b24: 112 datasets; 1.6 s; peak memory 960 MiB.
2026-09-28T13:55:59Z INFO [181/378] 1c12c754-bc4f-4a9b-99a1-b40913052a23: 48 datasets; 0.8 s; peak memory 960 MiB.
2026-09-28T13:56:00Z INFO [182/378] 1c134897-eec8-426c-b6b1-7feaa0261d42: 117 datasets; 1.2 s; peak memory 960 MiB.
2026-09-28T13:56:05Z INFO [183/378] 1c134fa6-a84d-448b-b61b-813f1c634b3c: 231 datasets; 4.2 s; peak memory 960 MiB.
2026-09-28T13:56:06Z INFO [184/378] 1c134fed-9204-4c52-a3ec-dfee69fede6c: 117 datasets; 0.9 s; peak memory 960 MiB.
2026-09-28T13:56:07Z INFO [185/378] 1c13908c-954a-485a-8145-95050890eecc: 66 datasets; 1.2 s; peak memory 960 MiB.
2026-09-28T13:56:08Z INFO [186/378] 1c139e77-66b6-45d2-96df-8d77e5a09e2d: 68 datasets; 1.5 s; peak memory 960 MiB.
2026-09-28T13:56:09Z INFO [187/378] 1c140209-eced-40fd-a7d3-b2af0cf8c522: 48 datasets; 0.9 s; peak memory 960 MiB.
2026-09-28T13:56:10Z INFO [188/378] 1c1415ee-df44-43ed-b400-e074bf50c2a1: 117 datasets; 0.8 s; peak memory 960 MiB.
2026-09-28T13:56:11Z INFO [189/378] 1c14588c-8304-4d3e-8e61-2c5ae5f6ff15: 72 datasets; 1.0 s; peak memory 960 MiB.
2026-09-28T13:56:12Z INFO [190/378] 1c150deb-1c26-4464-9830-022f334cb2a1: 112 datasets; 1.1 s; peak memory 960 MiB.
2026-09-28T13:56:13Z INFO [191/378] 1c155735-0557-4dae-9beb-3f0717342d0c: 48 datasets; 0.9 s; peak memory 960 MiB.
2026-09-28T13:56:14Z INFO [192/378] 1c156102-d03e-4590-bcf8-cdcd05d3e244: 48 datasets; 0.8 s; peak memory 960 MiB.
2026-09-28T13:56:15Z INFO [193/378] 1c159827-cdc9-46eb-810c-59e0ae17731f: 67 datasets; 1.0 s; peak memory 960 MiB.
2026-09-28T13:56:21Z INFO [194/378] 1c15a9c0-236a-496a-a4e7-5eb70207d946: 1070 datasets; 6.7 s; peak memory 960 MiB.
2026-09-28T13:56:22Z INFO [195/378] 1c169484-27b2-4f8f-8427-3506680a9a64: 117 datasets; 1.0 s; peak memory 960 MiB.
2026-09-28T13:56:29Z INFO [196/378] 1c1748b4-7792-4096-bcad-57803c9ee5c0: 97 datasets; 7.0 s; peak memory 960 MiB.
2026-09-28T13:56:30Z INFO [197/378] 1c1806b5-7f8e-4a77-9389-3012f35baf10: 48 datasets; 0.8 s; peak memory 960 MiB.
2026-09-28T13:56:31Z INFO [198/378] 1c181064-1af9-4fb6-83ce-7b71f83e8ca5: 61 datasets; 1.0 s; peak memory 960 MiB.
2026-09-28T13:56:32Z INFO [199/378] 1c189f93-8564-4c7b-aff1-10f1e45f5ba8: 57 datasets; 0.6 s; peak memory 960 MiB.
2026-09-28T13:56:33Z INFO [200/378] 1c18a120-a1a6-4952-8cb0-737e829fd29b: 118 datasets; 1.0 s; peak memory 960 MiB.
2026-09-28T13:56:33Z INFO [200/378] 1c18a120-a1a6-4952-8cb0-737e829fd29b: checkpointed 60430 records.
2026-09-28T13:56:34Z INFO [201/378] 1c19c3b2-d2ae-45ac-909b-8fa8eed03029: 116 datasets; 0.9 s; peak memory 960 MiB.
2026-09-28T13:56:35Z INFO [202/378] 1c19db43-16c3-48f4-a54b-3ae5ac105c5b: 165 datasets; 1.6 s; peak memory 960 MiB.
2026-09-28T13:56:36Z INFO [203/378] 1c1a6aac-e3ae-4ea4-858f-840dad50f5ce: 46 datasets; 0.6 s; peak memory 960 MiB.
2026-09-28T13:56:49Z INFO [204/378] 1c1a74cc-42d0-4d55-8de7-3a54a953ef65: 8617 datasets; 13.1 s; peak memory 960 MiB.
2026-09-28T13:56:50Z INFO [205/378] 1c1a7e4e-61ef-4d2e-b39d-60b6c62488c0: 68 datasets; 0.9 s; peak memory 960 MiB.
2026-09-28T13:56:51Z INFO [206/378] 1c1a862f-c3b3-4292-8bfa-e58cadf3e3f3: 48 datasets; 0.8 s; peak memory 960 MiB.
2026-09-28T13:56:51Z INFO [207/378] 1c1b48f8-c936-474a-a588-77d1713d1405: 42 datasets; 0.7 s; peak memory 960 MiB.
2026-09-28T13:56:52Z INFO [208/378] 1c1c6601-9eb1-4075-aacf-80d8d4426f32: 45 datasets; 1.1 s; peak memory 960 MiB.
2026-09-28T13:56:53Z INFO [209/378] 1c1ca16f-784c-4b93-bdad-e751df5611d2: 116 datasets; 0.8 s; peak memory 960 MiB.
2026-09-28T13:56:54Z INFO [210/378] 1c1d837d-0df4-4052-8d6a-4d1d436fdea9: 45 datasets; 0.6 s; peak memory 960 MiB.
2026-09-28T13:56:55Z INFO [211/378] 1c1d8590-3f83-4617-af05-ac34314f5330: 69 datasets; 0.9 s; peak memory 960 MiB.
2026-09-28T13:56:56Z INFO [212/378] 1c1f18b1-ffc3-492d-8a05-4ac145784147: 112 datasets; 1.0 s; peak memory 960 MiB.
2026-09-28T13:56:57Z INFO [213/378] 1c1f9c2a-9834-49f7-89c8-ddfba814c90d: 51 datasets; 1.0 s; peak memory 960 MiB.
2026-09-28T13:57:01Z INFO [214/378] 1c207a48-ff5e-4f3b-895f-6d893cc49770: 193 datasets; 4.2 s; peak memory 960 MiB.
2026-09-28T13:57:02Z INFO [215/378] 1c209bb6-dcdc-4b3e-ab1b-dcfa8b8514bc: 48 datasets; 0.8 s; peak memory 960 MiB.
2026-09-28T13:57:11Z INFO [216/378] 1c20c859-e9ad-4993-96d1-9183b8246017: 596 datasets; 8.8 s; peak memory 960 MiB.
2026-09-28T13:57:11Z INFO [217/378] 1c20d04b-4ea6-48bc-a152-ee94a43c6b7f: 114 datasets; 0.8 s; peak memory 960 MiB.
2026-09-28T13:57:12Z INFO [218/378] 1c2112c5-155a-4f83-929f-2d565b058043: 117 datasets; 1.0 s; peak memory 960 MiB.
2026-09-28T13:57:13Z INFO [219/378] 1c213d30-563b-49c5-b6fd-6f35011c2417: 81 datasets; 1.0 s; peak memory 960 MiB.
2026-09-28T13:57:15Z INFO [220/378] 1c217012-1762-4eac-9931-a81c7e8074c4: 114 datasets; 1.7 s; peak memory 960 MiB.
2026-09-28T13:57:18Z INFO [221/378] 1c2184d4-2cfb-42c7-a493-d4a4d96fa7e4: 224 datasets; 3.2 s; peak memory 960 MiB.
2026-09-28T13:57:19Z INFO [222/378] 1c221cd0-b523-4504-ae75-0aa36b97e6ee: 48 datasets; 0.8 s; peak memory 960 MiB.
2026-09-28T13:57:20Z INFO [223/378] 1c234c28-e4d9-4853-ae41-367e1fa5e554: 62 datasets; 1.1 s; peak memory 960 MiB.
2026-09-28T13:57:21Z INFO [224/378] 1c2357b1-e3fb-4f38-970b-3fc4ad1cad36: 48 datasets; 0.9 s; peak memory 960 MiB.
2026-09-28T13:57:22Z INFO [225/378] 1c2382a9-1d81-492f-8cbf-37c40f9ab5a5: 48 datasets; 0.9 s; peak memory 960 MiB.
2026-09-28T13:57:23Z INFO [226/378] 1c23cdb9-5c6a-4749-aeba-aa0206e38dd4: 69 datasets; 1.1 s; peak memory 960 MiB.
2026-09-28T13:57:24Z INFO [227/378] 1c24d80c-01d8-44d4-bbb4-a194e70d47f3: 48 datasets; 1.0 s; peak memory 960 MiB.
2026-09-28T13:57:25Z INFO [228/378] 1c251178-5e90-4221-a407-5bc5bb55949a: 66 datasets; 1.5 s; peak memory 960 MiB.
2026-09-28T13:59:06Z INFO [229/378] 1c255894-69ad-45b8-aa55-df2e13b7964c: 430 datasets; 100.2 s; peak memory 960 MiB.
2026-09-28T13:59:07Z INFO [230/378] 1c25d8b4-e74b-414e-a543-924f261c845d: 48 datasets; 0.9 s; peak memory 960 MiB.
2026-09-28T13:59:08Z INFO [231/378] 1c266f35-24dd-4079-9540-a33ad033e574: 62 datasets; 1.3 s; peak memory 960 MiB.
2026-09-28T13:59:09Z INFO [232/378] 1c270974-347a-4c2b-bcbd-143921ba245b: 48 datasets; 0.9 s; peak memory 960 MiB.
2026-09-28T13:59:10Z INFO [233/378] 1c27479a-667b-4536-9349-8d15250d7e13: 48 datasets; 0.9 s; peak memory 960 MiB.
2026-09-28T13:59:13Z INFO [234/378] 1c29da56-d2f6-41fc-aa2c-e64ae58bd2e9: 541 datasets; 3.7 s; peak memory 960 MiB.
2026-09-28T13:59:15Z INFO [235/378] 1c29e24e-e8d7-4d86-b6b0-3106249e1a24: 118 datasets; 1.1 s; peak memory 960 MiB.
2026-09-28T13:59:15Z INFO [236/378] 1c2a5626-b835-4456-8872-e05aef247325: 112 datasets; 0.9 s; peak memory 960 MiB.
2026-09-28T13:59:16Z INFO [237/378] 1c2ad790-31c2-423d-b512-06eda41727c9: 42 datasets; 0.8 s; peak memory 960 MiB.
2026-09-28T13:59:17Z INFO [238/378] 1c2ae0aa-a473-44da-a956-dae99a71bdf9: 117 datasets; 1.0 s; peak memory 960 MiB.
2026-09-28T13:59:19Z INFO [239/378] 1c2b8243-6135-408c-b351-a9e2340dd824: 114 datasets; 2.0 s; peak memory 960 MiB.
2026-09-28T13:59:20Z INFO [240/378] 1c2c8575-7356-45aa-b558-2de721061fc9: 118 datasets; 0.9 s; peak memory 960 MiB.
2026-09-28T13:59:21Z INFO [241/378] 1c2d808d-f4af-4c6b-a14d-23bfa609daaa: 117 datasets; 0.9 s; peak memory 960 MiB.
2026-09-28T13:59:22Z INFO [242/378] 1c2dddd2-9bf8-49a3-843e-f1f21272196b: 102 datasets; 1.4 s; peak memory 960 MiB.
2026-09-28T13:59:23Z INFO [243/378] 1c2e67d3-9546-4a13-a3d0-94cb757c8715: 48 datasets; 0.8 s; peak memory 960 MiB.
2026-09-28T13:59:24Z INFO [244/378] 1c2f38a3-74d0-4f04-82ec-c3ee1d68e1ab: 54 datasets; 0.8 s; peak memory 960 MiB.
2026-09-28T13:59:25Z INFO [245/378] 1c2f4794-e6b2-4ef3-b5d1-784138545703: 48 datasets; 0.9 s; peak memory 960 MiB.
2026-09-28T13:59:26Z INFO [246/378] 1c2f47b3-d235-4c24-bf31-d867b0c41d7c: 71 datasets; 1.1 s; peak memory 960 MiB.
2026-09-28T13:59:28Z INFO [247/378] 1c2fff6f-f3a7-43fb-b7e2-a33218d41614: 123 datasets; 1.5 s; peak memory 960 MiB.
2026-09-28T13:59:29Z INFO [248/378] 1c3006f9-9c52-4294-ac87-29c95310a786: 71 datasets; 1.2 s; peak memory 960 MiB.
2026-09-28T13:59:30Z INFO [249/378] 1c308aea-4b5a-4d7d-840d-a969544cbbab: 112 datasets; 0.9 s; peak memory 960 MiB.
2026-09-28T13:59:31Z INFO [250/378] 1c30d534-4fe9-4596-acf2-f0b704be86d7: 52 datasets; 1.0 s; peak memory 960 MiB.
2026-09-28T13:59:31Z INFO [250/378] 1c30d534-4fe9-4596-acf2-f0b704be86d7: checkpointed 60480 records.
2026-09-28T13:59:36Z INFO [251/378] 1c30ddf3-a47f-430c-8b90-2734115af213: 200 datasets; 5.1 s; peak memory 960 MiB.
2026-09-28T13:59:44Z INFO [252/378] 1c32299f-2fe5-43af-9c65-8f1b7d7cae74: 961 datasets; 8.1 s; peak memory 960 MiB.
2026-09-28T13:59:45Z INFO [253/378] 1c32bf3e-cc4e-4544-a937-6ef3a99f9876: 48 datasets; 0.7 s; peak memory 960 MiB.
2026-09-28T13:59:46Z INFO [254/378] 1c3460e2-0933-4df4-a210-0f5834d4fda0: 112 datasets; 1.1 s; peak memory 960 MiB.
2026-09-28T13:59:47Z INFO [255/378] 1c34d378-508e-42b0-9f7b-ba9b31505c11: 48 datasets; 0.8 s; peak memory 960 MiB.
2026-09-28T13:59:48Z INFO [256/378] 1c35d82e-537a-475b-aff9-2d2f214a7952: 113 datasets; 1.3 s; peak memory 960 MiB.
2026-09-28T13:59:49Z INFO [257/378] 1c35eb92-efc6-412e-8706-7fc7ac5ddf53: 79 datasets; 1.1 s; peak memory 960 MiB.
2026-09-28T13:59:50Z INFO [258/378] 1c361c94-2662-4d32-9c0d-9e96d4d2b64d: 57 datasets; 0.9 s; peak memory 960 MiB.
2026-09-28T14:01:39Z INFO [259/378] 1c367d19-0a22-4a3b-b3e5-5043cc6fafe7: 167 datasets; 109.1 s; peak memory 960 MiB.
2026-09-28T14:01:40Z INFO [260/378] 1c36ff54-e930-45ac-b17d-399a1a1db08d: 45 datasets; 0.7 s; peak memory 960 MiB.
2026-09-28T14:01:41Z INFO [261/378] 1c370c95-f9a1-48df-839e-fe0f6cf2b1fe: 52 datasets; 1.0 s; peak memory 960 MiB.
2026-09-28T14:01:43Z INFO [262/378] 1c375bf4-414d-4e49-ab06-2d81f96a0b6a: 114 datasets; 2.5 s; peak memory 960 MiB.
2026-09-28T14:01:44Z INFO [263/378] 1c37b5f5-68fc-4be6-92d6-aeb57d359657: 48 datasets; 0.9 s; peak memory 960 MiB.
2026-09-28T14:01:45Z INFO [264/378] 1c39889d-2ec5-4dc5-85f5-f9a00b016c34: 68 datasets; 1.0 s; peak memory 960 MiB.
2026-09-28T14:01:46Z INFO [265/378] 1c39bb0c-d6a0-4938-8098-47fd169d6d2b: 46 datasets; 0.6 s; peak memory 960 MiB.
2026-09-28T14:01:47Z INFO [266/378] 1c3a0514-4180-4351-a47a-919706a03fee: 62 datasets; 1.3 s; peak memory 960 MiB.
2026-09-28T14:01:48Z INFO [267/378] 1c3a7dc4-0f5b-4dd8-89a2-44447066cacf: 117 datasets; 1.0 s; peak memory 960 MiB.
2026-09-28T14:01:50Z INFO [268/378] 1c3a9bee-e82d-4e5a-b3aa-927d81db7bc7: 186 datasets; 2.3 s; peak memory 960 MiB.
2026-09-28T14:03:45Z INFO [269/378] 1c3aa950-3b93-4969-82fd-e4c9bb04e963: 254 datasets; 114.4 s; peak memory 960 MiB.
2026-09-28T14:03:53Z INFO [270/378] 1c3b4c79-7c72-4874-8c07-e893998d9a0e: 396 datasets; 8.0 s; peak memory 960 MiB.
2026-09-28T14:03:54Z INFO [271/378] 1c3bc8f4-7aa5-4366-a6e6-2716edabb490: 66 datasets; 0.9 s; peak memory 960 MiB.
2026-09-28T14:03:54Z INFO [272/378] 1c3c7e47-56e5-4890-b9de-262b59c9ffc2: 118 datasets; 0.9 s; peak memory 960 MiB.
2026-09-28T14:03:59Z INFO [273/378] 1c3cfe78-a760-45a7-8836-b6be69c08f49: 479 datasets; 4.3 s; peak memory 960 MiB.
2026-09-28T14:04:00Z INFO [274/378] 1c3d204e-6d87-4b92-b744-0e343a1ada99: 117 datasets; 1.0 s; peak memory 960 MiB.
2026-09-28T14:04:01Z INFO [275/378] 1c3d8dce-7a77-4f08-abd9-66d54c54c143: 112 datasets; 1.0 s; peak memory 960 MiB.
2026-09-28T14:04:02Z INFO [276/378] 1c3e8881-4d8c-481d-b27c-9193a782ebf5: 49 datasets; 0.9 s; peak memory 960 MiB.
2026-09-28T14:04:02Z INFO [277/378] 1c3ebb8c-3ec6-400d-ad31-f28a91eaa425: 57 datasets; 0.7 s; peak memory 960 MiB.
2026-09-28T14:04:03Z INFO [278/378] 1c3efcea-df63-4f34-b905-0574a47b730a: 48 datasets; 0.8 s; peak memory 960 MiB.
2026-09-28T14:04:04Z INFO [279/378] 1c4106cc-8d88-43fe-95e6-87967dee9656: 110 datasets; 1.1 s; peak memory 960 MiB.
2026-09-28T14:04:05Z INFO [280/378] 1c4175a5-eada-45ba-96cb-3469c6b69a20: 48 datasets; 0.7 s; peak memory 960 MiB.
2026-09-28T14:04:06Z INFO [281/378] 1c419371-e258-48ca-9d8d-b5eea10c5713: 112 datasets; 1.0 s; peak memory 960 MiB.
2026-09-28T14:04:07Z INFO [282/378] 1c427bd4-b3a0-417c-a297-0e2dc45579a4: 46 datasets; 0.8 s; peak memory 960 MiB.
2026-09-28T14:04:07Z INFO [283/378] 1c42ed09-5003-4e18-9420-43c7a9ef3109: 45 datasets; 0.6 s; peak memory 960 MiB.
2026-09-28T14:04:08Z INFO [284/378] 1c434c8d-aef9-47a9-8aa7-7516a044cd65: 70 datasets; 1.0 s; peak memory 960 MiB.
2026-09-28T14:04:10Z INFO [285/378] 1c443cff-58a3-4554-ac43-c0dad9131597: 71 datasets; 1.5 s; peak memory 960 MiB.
2026-09-28T14:04:11Z INFO [286/378] 1c449cd7-b043-448e-8336-fc4b2494144b: 76 datasets; 1.0 s; peak memory 960 MiB.
2026-09-28T14:04:13Z INFO [287/378] 1c451cba-f5bf-4f5d-9475-2051c594c2e3: 138 datasets; 1.9 s; peak memory 960 MiB.
2026-09-28T14:04:14Z INFO [288/378] 1c453bce-c3c3-4630-b278-26e5defa964b: 48 datasets; 0.8 s; peak memory 960 MiB.
2026-09-28T14:04:15Z INFO [289/378] 1c45c7e7-bc87-4f36-bca5-cc3836be673b: 117 datasets; 1.2 s; peak memory 960 MiB.
2026-09-28T14:04:18Z INFO [290/378] 1c4628b6-7183-4f92-bef8-e95eeb911219: 428 datasets; 2.9 s; peak memory 960 MiB.
2026-09-28T14:04:18Z INFO [291/378] 1c4695da-827f-4a23-8f7d-e9665f1797b3: 46 datasets; 0.7 s; peak memory 960 MiB.
2026-09-28T14:04:19Z INFO [292/378] 1c46fa13-9c6c-4d2b-9042-6abcbd18d78b: 48 datasets; 0.8 s; peak memory 960 MiB.
2026-09-28T14:04:21Z INFO [293/378] 1c46ff72-7230-449f-895a-13fa72d67866: 138 datasets; 1.8 s; peak memory 960 MiB.
2026-09-28T14:04:22Z INFO [294/378] 1c482057-562a-4454-8fe8-09003e338680: 48 datasets; 0.7 s; peak memory 960 MiB.
2026-09-28T14:04:23Z INFO [295/378] 1c48375f-3e7a-432a-a8f7-db96191f3175: 117 datasets; 1.0 s; peak memory 960 MiB.
2026-09-28T14:04:24Z INFO [296/378] 1c49563a-d22d-4c0c-936f-12d47327c986: 112 datasets; 1.1 s; peak memory 960 MiB.
2026-09-28T14:04:25Z INFO [297/378] 1c4a0e0a-d3b3-48a3-bd63-2b0a965274f1: 48 datasets; 0.7 s; peak memory 960 MiB.
2026-09-28T14:04:26Z INFO [298/378] 1c4cea3f-3874-4da9-b743-45cd4f73f5f2: 48 datasets; 1.0 s; peak memory 960 MiB.
2026-09-28T14:04:27Z INFO [299/378] 1c4d4036-0f6c-43c1-82f0-73cc952de0ff: 118 datasets; 1.3 s; peak memory 960 MiB.
2026-09-28T14:04:28Z INFO [300/378] 1c4ef482-37d5-4b3c-931b-d8536118a050: 152 datasets; 1.6 s; peak memory 960 MiB.
2026-09-28T14:04:28Z INFO [300/378] 1c4ef482-37d5-4b3c-931b-d8536118a050: checkpointed 60530 records.
2026-09-28T14:04:29Z INFO [301/378] 1c4ef752-af7c-45e8-b41f-edc0cbb59288: 48 datasets; 0.8 s; peak memory 960 MiB.
2026-09-28T14:04:38Z INFO [302/378] 1c4f5b38-1181-4354-8376-b675678e3386: 887 datasets; 8.9 s; peak memory 960 MiB.
2026-09-28T14:04:39Z INFO [303/378] 1c4fe9fb-5cde-4e24-9d8c-576ce203ae93: 48 datasets; 0.9 s; peak memory 960 MiB.
2026-09-28T14:04:40Z INFO [304/378] 1c507242-7219-45f3-90f6-1e32c90db35a: 117 datasets; 0.9 s; peak memory 960 MiB.
2026-09-28T14:04:41Z INFO [305/378] 1c521598-dbb5-4249-80e5-ce2b4bf0d705: 69 datasets; 1.2 s; peak memory 960 MiB.
2026-09-28T14:04:42Z INFO [306/378] 1c5234b9-5ca7-46fa-83e1-7cc08d16cd11: 117 datasets; 1.0 s; peak memory 960 MiB.
2026-09-28T14:04:43Z INFO [307/378] 1c528ed7-296b-4312-80b8-82fff1e8608a: 46 datasets; 0.6 s; peak memory 960 MiB.
2026-09-28T14:06:04Z INFO [308/378] 1c538be5-ef7e-4ad2-b04f-118cee101e62: 11654 datasets; 81.6 s; peak memory 960 MiB.
2026-09-28T14:06:08Z INFO [309/378] 1c53c3e9-6086-4ea4-baa5-4ffec0361ee0: 926 datasets; 4.1 s; peak memory 960 MiB.
2026-09-28T14:06:10Z INFO [310/378] 1c543a71-350c-4ba7-a4f5-0b9d98df996c: 146 datasets; 2.0 s; peak memory 960 MiB.
2026-09-28T14:06:11Z INFO [311/378] 1c545159-e83a-4547-93d5-475ebd74d25d: 118 datasets; 1.0 s; peak memory 960 MiB.
2026-09-28T14:08:01Z INFO [312/378] 1c546033-98a4-4d16-9ce8-f08158c1f5e9: 433 datasets; 110.0 s; peak memory 960 MiB.
2026-09-28T14:08:02Z INFO [313/378] 1c5577b5-f122-4f28-be13-5ab76c0a683a: 48 datasets; 1.0 s; peak memory 960 MiB.
2026-09-28T14:08:05Z INFO [314/378] 1c56911a-5c14-48c3-a468-c71947e2039e: 114 datasets; 2.3 s; peak memory 960 MiB.
2026-09-28T14:08:06Z INFO [315/378] 1c56b5f6-7c1d-4bf7-94ed-407767d86e8c: 48 datasets; 0.9 s; peak memory 960 MiB.
2026-09-28T14:08:15Z INFO [316/378] 1c56e60f-355d-445a-8b4c-6772c9cc5537: 106 datasets; 9.2 s; peak memory 960 MiB.
2026-09-28T14:08:16Z INFO [317/378] 1c572678-a0aa-40d6-86a5-fdadefd000f2: 71 datasets; 1.1 s; peak memory 960 MiB.
2026-09-28T14:08:17Z INFO [318/378] 1c57792d-6b45-4cce-81f4-5d75dda3c5a3: 48 datasets; 0.8 s; peak memory 960 MiB.
2026-09-28T14:08:18Z INFO [319/378] 1c57de1c-1e9f-4974-abf7-a47c2032139f: 48 datasets; 0.9 s; peak memory 960 MiB.
2026-09-28T14:08:18Z INFO [320/378] 1c58ae4e-e873-45e0-8e42-48738078f8f9: 48 datasets; 0.8 s; peak memory 960 MiB.
2026-09-28T14:08:20Z INFO [321/378] 1c58c83f-5ef5-4dba-8c4b-594bd2c08930: 112 datasets; 1.2 s; peak memory 960 MiB.
2026-09-28T14:08:31Z INFO [322/378] 1c58d795-4fde-45ef-9429-86f022228eab: 446 datasets; 11.0 s; peak memory 960 MiB.
2026-09-28T14:08:32Z INFO [323/378] 1c591497-10e7-413f-b759-e9bc183d35ea: 118 datasets; 1.1 s; peak memory 960 MiB.
2026-09-28T14:08:33Z INFO [324/378] 1c5ac22d-47c6-4227-9d40-852c11166133: 66 datasets; 1.3 s; peak memory 960 MiB.
2026-09-28T14:08:35Z INFO [325/378] 1c5ae29d-15e7-4cc1-9e43-81b5aae38a86: 123 datasets; 2.0 s; peak memory 960 MiB.
2026-09-28T14:08:36Z INFO [326/378] 1c5b3d9d-0e53-4e71-8c33-9d544dcba374: 38 datasets; 0.6 s; peak memory 960 MiB.
2026-09-28T14:08:37Z INFO [327/378] 1c5b7589-a021-4140-a101-0caea5d98008: 115 datasets; 1.6 s; peak memory 960 MiB.
2026-09-28T14:08:39Z INFO [328/378] 1c5bdb3e-decf-4a54-8751-91316c677a7a: 93 datasets; 1.2 s; peak memory 960 MiB.
2026-09-28T14:08:39Z INFO [329/378] 1c5cfd0c-5190-4782-92d1-f557d2167081: 48 datasets; 0.9 s; peak memory 960 MiB.
2026-09-28T14:08:40Z INFO [330/378] 1c5d1fe3-6714-4890-92df-a688d0375e8c: 118 datasets; 0.9 s; peak memory 960 MiB.
2026-09-28T14:08:50Z INFO [331/378] 1c5d9e70-cf76-4917-9ebf-357cec883a3e: 1024 datasets; 9.5 s; peak memory 960 MiB.
2026-09-28T14:08:51Z INFO [332/378] 1c5daefe-58b6-44de-8df1-2d6af8f9e2cf: 68 datasets; 1.6 s; peak memory 960 MiB.
2026-09-28T14:08:52Z INFO [333/378] 1c5dd05b-6c33-4575-a3dd-1a4cd264f89e: 48 datasets; 0.9 s; peak memory 960 MiB.
2026-09-28T14:08:53Z INFO [334/378] 1c5e086d-a5ee-4caa-84dc-7d0670667dbb: 48 datasets; 0.9 s; peak memory 960 MiB.
2026-09-28T14:08:54Z INFO [335/378] 1c5fb28c-2af9-4708-aa60-929cc22c8414: 117 datasets; 1.1 s; peak memory 960 MiB.
2026-09-28T14:08:55Z INFO [336/378] 1c5fe11b-f99c-4e29-86f2-123d31715c35: 57 datasets; 0.6 s; peak memory 960 MiB.
2026-09-28T14:08:56Z INFO [337/378] 1c600a03-6b47-4e32-9c47-4065b5266acf: 46 datasets; 0.9 s; peak memory 960 MiB.
2026-09-28T14:08:59Z INFO [338/378] 1c622626-48fa-4efd-b3a2-19ad9009cdb8: 238 datasets; 3.5 s; peak memory 960 MiB.
2026-09-28T14:09:02Z INFO [339/378] 1c626c7a-97a1-4699-8302-f088e16fcc88: 156 datasets; 2.3 s; peak memory 960 MiB.
2026-09-28T14:09:02Z INFO [340/378] 1c6272ec-ba39-4114-a820-4e3eb0d13573: 118 datasets; 0.8 s; peak memory 960 MiB.
2026-09-28T14:09:04Z INFO [341/378] 1c62f3d7-453d-4130-8ff7-e5e6e3f41d22: 117 datasets; 1.2 s; peak memory 960 MiB.
2026-09-28T14:09:05Z INFO [342/378] 1c62f4b1-cf37-4909-8628-5f328287b2f2: 117 datasets; 1.0 s; peak memory 960 MiB.
2026-09-28T14:09:06Z INFO [343/378] 1c631203-7cfd-4fb9-bef9-48de4f99f43c: 112 datasets; 1.3 s; peak memory 960 MiB.
2026-09-28T14:09:07Z INFO [344/378] 1c6376f4-1947-4866-b18e-d9efd5c744af: 48 datasets; 1.0 s; peak memory 960 MiB.
2026-09-28T14:09:08Z INFO [345/378] 1c64433b-ee00-4f95-8020-747aab5bf6df: 117 datasets; 1.1 s; peak memory 960 MiB.
2026-09-28T14:09:17Z INFO [346/378] 1c64c940-b313-41ce-b573-25b87ca1319e: 778 datasets; 8.6 s; peak memory 960 MiB.
2026-09-28T14:09:28Z INFO [347/378] 1c64e748-7c07-4172-869e-d71563d798b5: 955 datasets; 11.2 s; peak memory 960 MiB.
2026-09-28T14:09:29Z INFO [348/378] 1c64fdfd-ca84-4b17-8d29-a48117bd61c3: 48 datasets; 0.9 s; peak memory 960 MiB.
2026-09-28T14:09:29Z INFO [349/378] 1c65afb3-7ee9-41e4-9894-4bc848f0d72f: 116 datasets; 0.9 s; peak memory 960 MiB.
2026-09-28T14:09:30Z INFO [350/378] 1c65faf2-61ea-48c2-bc9a-1b61befb8e3b: 46 datasets; 0.9 s; peak memory 960 MiB.
2026-09-28T14:09:31Z INFO [350/378] 1c65faf2-61ea-48c2-bc9a-1b61befb8e3b: checkpointed 60580 records.
2026-09-28T14:09:31Z INFO [351/378] 1c665b8c-26c3-4eef-aa1e-191df2687144: 112 datasets; 0.9 s; peak memory 960 MiB.
2026-09-28T14:09:35Z INFO [352/378] 1c66c883-2f76-4abf-ac30-7616b7befa1c: 500 datasets; 3.8 s; peak memory 960 MiB.
2026-09-28T14:09:36Z INFO [353/378] 1c68b54c-1d0e-4b59-9b81-d951a9f0eb78: 52 datasets; 0.9 s; peak memory 960 MiB.
2026-09-28T14:09:37Z INFO [354/378] 1c69e5db-c6ba-4109-8fd7-6381ac9ffeea: 56 datasets; 0.7 s; peak memory 960 MiB.
2026-09-28T14:09:48Z INFO [355/378] 1c6ba084-4eb0-47bf-8b66-56d9fcce22d5: 1002 datasets; 11.2 s; peak memory 960 MiB.
2026-09-28T14:09:49Z INFO [356/378] 1c6c2284-7cc6-45c2-8b5c-02e96ebf63b6: 117 datasets; 1.1 s; peak memory 960 MiB.
2026-09-28T14:09:50Z INFO [357/378] 1c6c7359-e68e-4b9b-ad47-d1e3497a6677: 53 datasets; 0.6 s; peak memory 960 MiB.
2026-09-28T14:09:55Z INFO [358/378] 1c6d601f-3b8e-42da-862c-5accdf7bc38e: 266 datasets; 5.6 s; peak memory 960 MiB.
2026-09-28T14:09:56Z INFO [359/378] 1c6d6569-0fed-4307-adef-06eaa1b8a630: 51 datasets; 0.7 s; peak memory 960 MiB.
2026-09-28T14:09:57Z INFO [360/378] 1c6dcb4f-29ef-4a70-b0c2-e42e980f37d8: 275 datasets; 1.0 s; peak memory 960 MiB.
2026-09-28T14:10:00Z INFO [361/378] 1c6dcd76-2799-41ed-b1e5-8646e42497ba: 99 datasets; 2.7 s; peak memory 960 MiB.
2026-09-28T14:10:01Z INFO [362/378] 1c6e712f-6b12-4a13-afce-746c6c4ad767: 118 datasets; 1.0 s; peak memory 960 MiB.
2026-09-28T14:10:02Z INFO [363/378] 1c6f4a8e-0319-41ac-bfcf-bf8cb22459cb: 112 datasets; 1.2 s; peak memory 960 MiB.
2026-09-28T14:10:03Z INFO [364/378] 1c6fb513-e6c8-4e6b-9682-7295cfd54bb6: 112 datasets; 1.4 s; peak memory 960 MiB.
2026-09-28T14:10:04Z INFO [365/378] 1c705275-4abd-4ac8-9564-be3f394a4d04: 71 datasets; 1.0 s; peak memory 960 MiB.
2026-09-28T14:10:05Z INFO [366/378] 1c7061d5-1f00-4c15-8ff9-07b10297c0c4: 52 datasets; 0.8 s; peak memory 960 MiB.
2026-09-28T14:10:08Z INFO [367/378] 1c716ceb-8b98-4d05-8441-86d8cc352515: 38 datasets; 2.5 s; peak memory 960 MiB.
2026-09-28T14:10:09Z INFO [368/378] 1c71f9ce-1bba-42c3-baf5-91898067b821: 110 datasets; 1.3 s; peak memory 960 MiB.
2026-09-28T14:10:10Z INFO [369/378] 1c720772-0d54-4d96-bf06-dde08e9e1a80: 65 datasets; 1.5 s; peak memory 960 MiB.
2026-09-28T14:10:12Z INFO [370/378] 1c723520-a60f-41d5-aa97-9bfdbd10ec51: 110 datasets; 1.5 s; peak memory 960 MiB.
2026-09-28T14:10:13Z INFO [371/378] 1c73712a-a158-42f2-bb13-d403a2468e41: 45 datasets; 0.8 s; peak memory 960 MiB.
2026-09-28T14:10:14Z INFO [372/378] 1c73a288-db31-42f5-9764-c9d8ee8c7dd2: 118 datasets; 1.1 s; peak memory 960 MiB.
2026-09-28T14:10:14Z INFO [373/378] 1c73d78e-32fd-4703-bf56-a11313236d7d: 50 datasets; 0.7 s; peak memory 960 MiB.
2026-09-28T14:10:17Z INFO [374/378] 1c740fba-3b5d-4453-a31b-2364800236b7: 348 datasets; 2.5 s; peak memory 960 MiB.
2026-09-28T14:11:26Z INFO [375/378] 1c741a55-f433-4c42-b3bd-c089b6d7d5ea: 49 datasets; 69.0 s; peak memory 960 MiB.
2026-09-28T14:13:13Z INFO [376/378] 1c747991-f251-4dac-bf32-4d1c32a5af3a: 430 datasets; 107.0 s; peak memory 960 MiB.
2026-09-28T14:13:14Z INFO [377/378] 1c74a179-9c7a-4034-a94b-357dd88b1b5d: 84 datasets; 0.8 s; peak memory 960 MiB.
2026-09-28T14:13:14Z INFO [378/378] 1c74da12-5946-46e1-af9d-4252c584a68b: 54 datasets; 0.5 s; peak memory 960 MiB.
2026-09-28T14:13:14Z INFO Wrote 60608 records to /tmp/derivatives/valid_nwb_file_to_number_of_datasets.jsonl (378 new, 0 failed) in 40.5 min (peak memory 960 MiB).
