2026-10-03T17:14:17Z INFO Logging to /tmp/logs/update_2026-10-03T17-14-17Z.log.
2026-10-03T17:14:17Z INFO Update valid-nwb-file-to-number-of-datasets (base directory /tmp).
2026-10-03T17:14:18Z INFO Processing 750 items (68086 already recorded).
2026-10-03T17:14:19Z INFO [1/750] 2bc93694-99dc-4f51-991d-9b16765c06a8: 64 datasets; 1.3 s; peak memory 103 MiB.
2026-10-03T17:14:19Z INFO [2/750] 2bc95cdf-5903-4512-83e5-26beb6b7cd79: 45 datasets; 0.6 s; peak memory 104 MiB.
2026-10-03T17:14:20Z INFO [3/750] 2bc9a494-068a-413e-b8c1-30c2ba63ec3b: 48 datasets; 0.8 s; peak memory 104 MiB.
2026-10-03T17:14:21Z INFO [4/750] 2bc9fba3-519f-4b83-826e-ab6020515511: 57 datasets; 0.6 s; peak memory 104 MiB.
2026-10-03T17:14:29Z INFO [5/750] 2bca3b50-34a1-4952-9da6-cad4f21673fc: 240 datasets; 8.1 s; peak memory 135 MiB.
2026-10-03T17:14:30Z INFO [6/750] 2bca547a-8fcf-4fa3-be82-b51d0b261393: 68 datasets; 0.8 s; peak memory 135 MiB.
2026-10-03T17:14:31Z INFO [7/750] 2bca764d-6fe1-4c20-bd09-82a76fc681a2: 70 datasets; 1.4 s; peak memory 135 MiB.
2026-10-03T17:14:32Z INFO [8/750] 2bcaba44-9ac5-4719-b979-450c849e899a: 117 datasets; 0.7 s; peak memory 135 MiB.
2026-10-03T17:14:33Z INFO [9/750] 2bcc52b2-de34-4239-ac17-7b5ec4436171: 48 datasets; 0.7 s; peak memory 135 MiB.
2026-10-03T17:14:34Z INFO [10/750] 2bccb1c0-75eb-498d-90e1-29c72a629f4b: 118 datasets; 1.5 s; peak memory 135 MiB.
2026-10-03T17:14:35Z INFO [11/750] 2bcdee47-d420-428b-a5a1-ef1e67012e90: 117 datasets; 0.7 s; peak memory 135 MiB.
2026-10-03T17:14:36Z INFO [12/750] 2bce6d87-5de0-4e78-a6f0-ef11df959cb2: 117 datasets; 0.8 s; peak memory 135 MiB.
2026-10-03T17:14:37Z INFO [13/750] 2bce7796-5258-458c-a159-9839b5250073: 48 datasets; 0.8 s; peak memory 135 MiB.
2026-10-03T17:14:38Z INFO [14/750] 2bcfb4fe-8a30-44fb-b9a0-007968e28595: 86 datasets; 1.0 s; peak memory 136 MiB.
2026-10-03T17:14:38Z INFO [15/750] 2bd07aa8-a9e9-42bf-ad3b-67171900366a: 60 datasets; 0.9 s; peak memory 136 MiB.
2026-10-03T17:14:39Z INFO [16/750] 2bd0a799-5fad-474f-812e-bffe03bdd353: 61 datasets; 0.8 s; peak memory 136 MiB.
2026-10-03T17:14:40Z INFO [17/750] 2bd1a843-98dd-473f-99a1-16a9e7105c54: 48 datasets; 0.8 s; peak memory 136 MiB.
2026-10-03T17:14:41Z INFO [18/750] 2bd1e2a3-89af-4c50-982f-567402aebd2f: 46 datasets; 0.5 s; peak memory 136 MiB.
2026-10-03T17:14:42Z INFO [19/750] 2bd26136-730f-4609-a497-4505294fe1fa: 90 datasets; 1.7 s; peak memory 137 MiB.
2026-10-03T17:14:43Z INFO [20/750] 2bd37b50-eeda-447d-a6a6-1c88a27fb12f: 48 datasets; 0.7 s; peak memory 137 MiB.
2026-10-03T17:14:44Z INFO [21/750] 2bd37f4c-d354-4dfa-981c-648bd71ed473: 48 datasets; 0.6 s; peak memory 137 MiB.
2026-10-03T17:14:53Z INFO [22/750] 2bd3ad1c-e93d-4095-a2b4-8b18d839218b: 741 datasets; 9.3 s; peak memory 149 MiB.
2026-10-03T17:14:56Z INFO [23/750] 2bd4cc40-b324-45fd-9442-d99b5173d392: 172 datasets; 2.9 s; peak memory 149 MiB.
2026-10-03T17:14:56Z INFO [24/750] 2bd5088c-b486-4071-9dcb-44dbe9e47b5e: 48 datasets; 0.6 s; peak memory 149 MiB.
2026-10-03T17:14:59Z INFO [25/750] 2bd68d7f-af11-4853-bebf-0082a1665514: 399 datasets; 2.2 s; peak memory 150 MiB.
2026-10-03T17:14:59Z INFO [26/750] 2bd73888-75ea-429b-bbbe-9469d3dd87ff: 48 datasets; 0.6 s; peak memory 150 MiB.
2026-10-03T17:15:01Z INFO [27/750] 2bd7cefd-7326-4963-bd79-fdd5230e1017: 70 datasets; 1.3 s; peak memory 150 MiB.
2026-10-03T17:15:01Z INFO [28/750] 2bd81c73-21bd-48b0-9a3b-77992c73e647: 48 datasets; 0.8 s; peak memory 150 MiB.
2026-10-03T17:15:02Z INFO [29/750] 2bd91a4e-1494-4be1-9e8e-c5cc3664d5ac: 112 datasets; 0.9 s; peak memory 150 MiB.
2026-10-03T17:15:04Z INFO [30/750] 2bd95c21-2c49-4a45-9842-5aa32d95861e: 71 datasets; 1.5 s; peak memory 150 MiB.
2026-10-03T17:15:05Z INFO [31/750] 2bda3aac-ecfa-43b8-9cce-1fd8c46c5f65: 92 datasets; 1.0 s; peak memory 150 MiB.
2026-10-03T17:15:12Z INFO [32/750] 2bdb07af-3de6-4eae-987e-4dd3df0d37e2: 409 datasets; 7.6 s; peak memory 150 MiB.
2026-10-03T17:15:13Z INFO [33/750] 2bdb2202-dbdb-46f4-b949-6eac142de844: 33 datasets; 0.7 s; peak memory 150 MiB.
2026-10-03T17:15:14Z INFO [34/750] 2bdb3434-6d70-4e96-af9b-c14acc8f0a51: 47 datasets; 0.6 s; peak memory 150 MiB.
2026-10-03T17:15:15Z INFO [35/750] 2bdbb420-a3e8-48e0-9998-9ee3728578ff: 116 datasets; 1.0 s; peak memory 150 MiB.
2026-10-03T17:15:20Z INFO [36/750] 2bdd6fc6-90df-40b2-8c82-7fe5b1cebefd: 746 datasets; 5.2 s; peak memory 150 MiB.
2026-10-03T17:15:21Z INFO [37/750] 2bdda4b9-42f8-427d-a466-34f2936f7bfe: 116 datasets; 0.9 s; peak memory 150 MiB.
2026-10-03T17:15:22Z INFO [38/750] 2bde3f67-420c-45b1-971d-68dd79612f30: 117 datasets; 0.8 s; peak memory 150 MiB.
2026-10-03T17:15:22Z INFO [39/750] 2bdecf42-6935-4f4e-8362-99f4eecaddce: 48 datasets; 0.7 s; peak memory 150 MiB.
2026-10-03T17:15:23Z INFO [40/750] 2bdf6d21-34ee-4e89-87ae-c0cc8ddb98bf: 69 datasets; 0.9 s; peak memory 150 MiB.
2026-10-03T17:15:25Z INFO [41/750] 2be0f1bc-7e73-403c-83c2-c7ed9ef8581d: 119 datasets; 1.9 s; peak memory 150 MiB.
2026-10-03T17:15:26Z INFO [42/750] 2be1700a-a0ca-44f7-ad3c-14e902964ceb: 48 datasets; 0.8 s; peak memory 150 MiB.
2026-10-03T17:15:27Z INFO [43/750] 2be24d69-23eb-45cd-81e1-21413b23cecb: 116 datasets; 0.9 s; peak memory 150 MiB.
2026-10-03T17:15:28Z INFO [44/750] 2be251ef-29de-4b35-a841-8f1dac93ee7b: 118 datasets; 0.9 s; peak memory 150 MiB.
2026-10-03T17:15:28Z INFO [45/750] 2be27c5f-3ddb-453d-b3b9-6eb4e4b18cf2: 48 datasets; 0.7 s; peak memory 150 MiB.
2026-10-03T17:15:33Z INFO [46/750] 2be293a5-f874-465a-a410-8a3acb91412d: 3274 datasets; 4.4 s; peak memory 164 MiB.
2026-10-03T17:15:33Z INFO [47/750] 2be2a505-15a0-4cbd-91b1-da72889228f5: 51 datasets; 0.7 s; peak memory 164 MiB.
2026-10-03T17:15:34Z INFO [48/750] 2be2c31b-5cac-4983-b3ff-26dd6b87206e: 48 datasets; 0.9 s; peak memory 164 MiB.
2026-10-03T17:15:35Z INFO [49/750] 2be2ed00-2e88-47c1-ad96-7551f6210004: 116 datasets; 0.9 s; peak memory 164 MiB.
2026-10-03T17:15:36Z INFO [50/750] 2be37968-900d-403c-8a67-961a575d45f9: 57 datasets; 0.6 s; peak memory 164 MiB.
2026-10-03T17:15:36Z INFO [50/750] 2be37968-900d-403c-8a67-961a575d45f9: checkpointed 68136 records.
2026-10-03T17:15:37Z INFO [51/750] 2be49675-1beb-4a37-9865-910d4fab5a7b: 289 datasets; 0.9 s; peak memory 164 MiB.
2026-10-03T17:15:48Z INFO [52/750] 2be50342-2ca6-4178-ac0c-71ee7dad891d: 288 datasets; 11.5 s; peak memory 164 MiB.
2026-10-03T17:15:50Z INFO [53/750] 2be577f9-c463-4c3a-b715-f06dade0f7b4: 116 datasets; 1.6 s; peak memory 164 MiB.
2026-10-03T17:15:53Z INFO [54/750] 2be58a7c-1fa0-4a7b-ab84-97c030e0aa15: 435 datasets; 2.9 s; peak memory 164 MiB.
2026-10-03T17:15:54Z INFO [55/750] 2be5c729-a123-41dd-bd18-4fe83e122d7f: 117 datasets; 0.8 s; peak memory 165 MiB.
2026-10-03T17:15:54Z INFO [56/750] 2be642d6-7d8f-486a-acda-cb7733f44eac: 68 datasets; 0.8 s; peak memory 165 MiB.
2026-10-03T17:15:55Z INFO [57/750] 2be6b404-8bc6-4f4b-9048-2694e3fc66ad: 48 datasets; 0.7 s; peak memory 165 MiB.
2026-10-03T17:15:56Z INFO [58/750] 2be6e9aa-1ebf-4ac9-8d48-13a9c7f96770: 117 datasets; 0.8 s; peak memory 165 MiB.
2026-10-03T17:15:56Z INFO [59/750] 2be772bb-d634-4312-9b43-e71bb47a1141: 46 datasets; 0.6 s; peak memory 165 MiB.
2026-10-03T17:15:57Z INFO [60/750] 2be7905f-93cf-4862-9aff-323df0bf7992: 112 datasets; 0.9 s; peak memory 165 MiB.
2026-10-03T17:15:59Z INFO [61/750] 2be7ab76-fd6c-42d2-83e1-a407aab9419f: 53 datasets; 1.3 s; peak memory 165 MiB.
2026-10-03T17:15:59Z INFO [62/750] 2be7c59c-7668-4606-afa4-8a0a6fdb24cc: 118 datasets; 0.8 s; peak memory 165 MiB.
2026-10-03T17:16:00Z INFO [63/750] 2be8939f-19de-4d94-b6da-66a3e3372a1f: 45 datasets; 0.6 s; peak memory 165 MiB.
2026-10-03T17:16:01Z INFO [64/750] 2be97537-fc7d-4175-8fb9-153ac5d7639a: 48 datasets; 0.8 s; peak memory 165 MiB.
2026-10-03T17:16:02Z INFO [65/750] 2be9e151-b63f-4f8d-8bfb-228801c68c20: 38 datasets; 1.6 s; peak memory 165 MiB.
2026-10-03T17:16:03Z INFO [66/750] 2bea9b39-a78f-44b0-8160-5bf99d6187a6: 56 datasets; 0.5 s; peak memory 165 MiB.
2026-10-03T17:16:04Z INFO [67/750] 2beaab58-42c0-4730-a568-bf18d0927b42: 76 datasets; 1.6 s; peak memory 165 MiB.
2026-10-03T17:16:05Z INFO [68/750] 2beaef83-69ac-46cb-8646-58d43ef1940f: 48 datasets; 0.8 s; peak memory 165 MiB.
2026-10-03T17:16:06Z INFO [69/750] 2beb09fc-ae77-44cf-b8a3-e524b7167bbc: 118 datasets; 1.1 s; peak memory 165 MiB.
2026-10-03T17:16:09Z INFO [70/750] 2beb34cb-36ae-4d17-8620-10157afe92e1: 174 datasets; 3.1 s; peak memory 165 MiB.
2026-10-03T17:16:10Z INFO [71/750] 2beb6a07-e7fa-472e-bac3-b9f956501268: 116 datasets; 0.8 s; peak memory 165 MiB.
2026-10-03T17:16:11Z INFO [72/750] 2bec8fe7-ed1d-4e5c-b1e3-a712f7e81c26: 117 datasets; 0.9 s; peak memory 165 MiB.
2026-10-03T17:16:12Z INFO [73/750] 2becc1f1-831f-414d-a1a8-7aa770d1e264: 39 datasets; 0.8 s; peak memory 165 MiB.
2026-10-03T17:18:58Z INFO [74/750] 2bed4faa-2245-4ff5-a77d-464cae417273: 62 datasets; 166.3 s; peak memory 383 MiB.
2026-10-03T17:19:01Z INFO [75/750] 2bed5044-e555-4754-a9c4-7259f3906612: 534 datasets; 3.3 s; peak memory 383 MiB.
2026-10-03T17:19:09Z INFO [76/750] 2bee444d-af30-4e0e-9ce2-e6babf4feb53: 1533 datasets; 7.9 s; peak memory 383 MiB.
2026-10-03T17:19:17Z INFO [77/750] 2bee9209-755d-4984-a4d4-79ac2ee7d4e7: 369 datasets; 7.4 s; peak memory 383 MiB.
2026-10-03T17:19:17Z INFO [78/750] 2beecf27-6db4-4ba0-b466-803e3dc5d068: 48 datasets; 0.9 s; peak memory 383 MiB.
2026-10-03T17:19:18Z INFO [79/750] 2bef78ac-84a9-485b-9afd-854fb8c5f5d4: 48 datasets; 0.8 s; peak memory 383 MiB.
2026-10-03T17:19:19Z INFO [80/750] 2bf0b85b-8f4d-41ed-a5a0-067af87b8a87: 54 datasets; 0.7 s; peak memory 383 MiB.
2026-10-03T17:19:21Z INFO [81/750] 2bf0da9b-c62f-441a-bd81-2bd5fcfbb25b: 51 datasets; 1.6 s; peak memory 383 MiB.
2026-10-03T17:19:21Z INFO [82/750] 2bf11704-6191-41c1-9792-7b32070ea7ff: 38 datasets; 0.8 s; peak memory 383 MiB.
2026-10-03T17:19:23Z INFO [83/750] 2bf1a8f5-16b2-4dce-b5bd-f0cba57d7bab: 112 datasets; 1.2 s; peak memory 383 MiB.
2026-10-03T17:19:23Z INFO [84/750] 2bf1e051-7b2b-4521-8257-e5141b12e4e7: 119 datasets; 0.8 s; peak memory 383 MiB.
2026-10-03T17:19:24Z INFO [85/750] 2bf2afe1-daf9-434c-88cb-5e38b02f4c51: 112 datasets; 0.8 s; peak memory 383 MiB.
2026-10-03T17:19:25Z INFO [86/750] 2bf2baeb-2151-4c36-bbe7-f89b7ef85a9a: 117 datasets; 0.9 s; peak memory 383 MiB.
2026-10-03T17:19:26Z INFO [87/750] 2bf2f49c-c949-489b-8d26-fec016b68924: 102 datasets; 1.1 s; peak memory 383 MiB.
2026-10-03T17:19:27Z INFO [88/750] 2bf39bce-0919-46a2-8f04-cdb39c066fd0: 50 datasets; 0.5 s; peak memory 383 MiB.
2026-10-03T17:19:44Z INFO [89/750] 2bf49ee9-735e-42b0-8562-abc1304a04a4: 48 datasets; 17.7 s; peak memory 383 MiB.
2026-10-03T17:19:45Z INFO [90/750] 2bf4fa09-6d0c-45f4-94cb-ec1929db0233: 116 datasets; 0.8 s; peak memory 383 MiB.
2026-10-03T17:21:31Z INFO [91/750] 2bf5d067-a56d-426c-85b5-a2495441c01c: 190 datasets; 105.9 s; peak memory 383 MiB.
2026-10-03T17:21:32Z INFO [92/750] 2bf67f03-0d3c-4c68-b2d8-80799597bbbf: 48 datasets; 0.8 s; peak memory 383 MiB.
2026-10-03T17:21:33Z INFO [93/750] 2bf73228-114c-45e6-9c04-86af6dbb41ff: 48 datasets; 0.7 s; peak memory 383 MiB.
2026-10-03T17:21:34Z INFO [94/750] 2bf7e578-354e-453c-acce-8da73e4354dc: 66 datasets; 0.9 s; peak memory 383 MiB.
2026-10-03T17:21:34Z INFO [95/750] 2bf834a2-7b32-4f49-968e-1dac4bcf4fd8: 116 datasets; 0.8 s; peak memory 383 MiB.
2026-10-03T17:21:35Z INFO [96/750] 2bf8fd72-85f2-453b-92d0-a2c7b2979b8a: 112 datasets; 0.9 s; peak memory 383 MiB.
2026-10-03T17:21:45Z INFO [97/750] 2bfa9852-a47a-4483-8252-a4c1ed45ef7d: 1542 datasets; 9.8 s; peak memory 383 MiB.
2026-10-03T17:21:50Z INFO [98/750] 2bfb51d0-1496-4082-b88a-275bf223e274: 825 datasets; 4.7 s; peak memory 383 MiB.
2026-10-03T17:21:51Z INFO [99/750] 2bfbc0fd-d969-4663-a758-27dbaf258480: 112 datasets; 0.9 s; peak memory 383 MiB.
2026-10-03T17:22:12Z INFO [100/750] 2bfc8cda-b968-4e53-9b57-54bcfb578c5a: 13112 datasets; 21.9 s; peak memory 383 MiB.
2026-10-03T17:22:13Z INFO [100/750] 2bfc8cda-b968-4e53-9b57-54bcfb578c5a: checkpointed 68186 records.
2026-10-03T17:22:13Z INFO [101/750] 2bfc9112-1552-43c7-be2e-35fa0fc9e0ae: 52 datasets; 0.8 s; peak memory 383 MiB.
2026-10-03T17:22:14Z INFO [102/750] 2bfc99e6-cc47-4b0d-85f3-05cd6194379f: 121 datasets; 0.8 s; peak memory 383 MiB.
2026-10-03T17:22:15Z INFO [103/750] 2bfcc756-902f-465a-a3b0-949c3509b71d: 46 datasets; 0.7 s; peak memory 383 MiB.
2026-10-03T17:22:15Z INFO [104/750] 2bfcdc3e-68a2-44eb-a183-16430b35b550: 46 datasets; 0.6 s; peak memory 383 MiB.
2026-10-03T17:22:16Z INFO [105/750] 2bfd0324-e2ca-4d71-a5c4-c8d7b213d00f: 62 datasets; 1.0 s; peak memory 383 MiB.
2026-10-03T17:22:18Z INFO [106/750] 2bfd9541-3124-4077-a64f-682fbecb6ade: 74 datasets; 1.2 s; peak memory 383 MiB.
2026-10-03T17:22:18Z INFO [107/750] 2bfdce51-1412-4d0e-8b3b-f4e5bc04a54a: 46 datasets; 0.5 s; peak memory 383 MiB.
2026-10-03T17:22:19Z INFO [108/750] 2bfe15d0-3f80-4bac-9706-53e121c8f71e: 37 datasets; 0.5 s; peak memory 383 MiB.
2026-10-03T17:22:22Z INFO [109/750] 2bfe2d94-bba5-4f4b-82ed-2412ef17acfd: 538 datasets; 3.1 s; peak memory 383 MiB.
2026-10-03T17:27:31Z INFO [110/750] 2bfeedf1-6d46-40b1-9019-d3053867f2b8: 94 datasets; 309.5 s; peak memory 713 MiB.
2026-10-03T17:27:39Z INFO [111/750] 2bff5949-f836-4090-b87a-220c15526acd: 11485 datasets; 7.5 s; peak memory 713 MiB.
2026-10-03T17:27:39Z INFO [112/750] 2bffa58d-da9f-4121-82e2-0517e18e12c9: 46 datasets; 0.6 s; peak memory 713 MiB.
2026-10-03T17:27:40Z INFO [113/750] 2c054aa9-38a4-4e75-b937-c67b62b18d43: 48 datasets; 0.8 s; peak memory 713 MiB.
2026-10-03T17:27:41Z INFO [114/750] 2c05e01e-d40f-413b-a76b-43459b449593: 39 datasets; 0.7 s; peak memory 713 MiB.
2026-10-03T17:27:42Z INFO [115/750] 2c067cba-5369-47a6-bc57-4d220d57f9c6: 112 datasets; 1.0 s; peak memory 713 MiB.
2026-10-03T17:27:54Z INFO [116/750] 2c0888c3-1d70-4dd7-9fc3-04d08c849ebb: 1771 datasets; 11.8 s; peak memory 713 MiB.
2026-10-03T17:27:55Z INFO [117/750] 2c09060f-c48c-4d32-bc13-23950ae04b10: 71 datasets; 1.6 s; peak memory 713 MiB.
2026-10-03T17:27:57Z INFO [118/750] 2c0a9392-6801-4e5c-882a-f74f14b3a1db: 156 datasets; 2.0 s; peak memory 713 MiB.
2026-10-03T17:27:58Z INFO [119/750] 2c0acd2f-13bf-4d11-82b2-488e5cc50afe: 48 datasets; 0.7 s; peak memory 713 MiB.
2026-10-03T17:27:59Z INFO [120/750] 2c0b6ad5-c9f9-4263-90af-6ed208a3aa8e: 46 datasets; 0.6 s; peak memory 713 MiB.
2026-10-03T17:28:00Z INFO [121/750] 2c0c1430-6a4f-45f1-8cfc-5f30bee7a830: 85 datasets; 1.1 s; peak memory 713 MiB.
2026-10-03T17:28:04Z INFO [122/750] 2c0c48c7-28bc-4d93-aa9f-93c6b5c75405: 549 datasets; 3.9 s; peak memory 713 MiB.
2026-10-03T17:28:04Z INFO [123/750] 2c0d1ff3-6e9a-4b1d-8f14-bbdad485453e: 50 datasets; 0.5 s; peak memory 713 MiB.
2026-10-03T17:28:05Z INFO [124/750] 2c0dab7d-1a24-4ba5-876c-b594e9975322: 112 datasets; 1.1 s; peak memory 713 MiB.
2026-10-03T17:28:07Z INFO [125/750] 2c0dd670-a596-4b2b-a689-f7f7fe50fafa: 70 datasets; 1.8 s; peak memory 713 MiB.
2026-10-03T17:28:09Z INFO [126/750] 2c0f22e2-aaf8-4f4f-bc6d-a7dffade6ce1: 90 datasets; 2.4 s; peak memory 713 MiB.
2026-10-03T17:28:14Z INFO [127/750] 2c0f9970-953e-415f-837c-e3d79254353f: 266 datasets; 4.1 s; peak memory 713 MiB.
2026-10-03T17:28:14Z INFO [128/750] 2c0fe0b1-c98e-47b5-9170-e61a185a55b8: 117 datasets; 0.8 s; peak memory 713 MiB.
2026-10-03T17:28:15Z INFO [129/750] 2c105262-fc9b-42f9-b2a4-f307828fbd7a: 69 datasets; 0.9 s; peak memory 713 MiB.
2026-10-03T17:28:17Z INFO [130/750] 2c105641-fa55-4aa2-8296-d178774d51ae: 66 datasets; 1.3 s; peak memory 713 MiB.
2026-10-03T17:28:20Z INFO [131/750] 2c105b23-53d9-40bf-829d-0049b68e470a: 229 datasets; 3.1 s; peak memory 713 MiB.
2026-10-03T17:28:20Z INFO [132/750] 2c10817c-6496-4326-acd6-ff6320167ef2: 48 datasets; 0.7 s; peak memory 713 MiB.
2026-10-03T17:28:22Z INFO [133/750] 2c10f8b3-0e99-4e5c-80a8-23ac142938b9: 118 datasets; 1.0 s; peak memory 713 MiB.
2026-10-03T17:28:22Z INFO [134/750] 2c1122b6-7a8d-4844-984e-9db141c491d3: 118 datasets; 0.8 s; peak memory 713 MiB.
2026-10-03T17:28:23Z INFO [135/750] 2c11fa38-8bff-488e-ad62-df6cffde320b: 112 datasets; 1.2 s; peak memory 713 MiB.
2026-10-03T17:28:24Z INFO [136/750] 2c123277-6bd8-4f63-a41c-b47681ce632e: 48 datasets; 0.7 s; peak memory 713 MiB.
2026-10-03T17:28:25Z INFO [137/750] 2c12507b-8f61-4b79-bc63-0eb9f6db2ebe: 48 datasets; 0.6 s; peak memory 713 MiB.
2026-10-03T17:28:26Z INFO [138/750] 2c1311ac-7870-442c-a12f-0430753833eb: 112 datasets; 0.8 s; peak memory 713 MiB.
2026-10-03T17:28:27Z INFO [139/750] 2c1390a5-515d-4ffa-a155-9e719b757dc9: 119 datasets; 1.4 s; peak memory 713 MiB.
2026-10-03T17:28:28Z INFO [140/750] 2c13a847-a889-4b16-9121-aa9e51bb65fb: 74 datasets; 1.1 s; peak memory 713 MiB.
2026-10-03T17:28:31Z INFO [141/750] 2c13b660-c3b8-4741-8c70-f94cc293cebe: 92 datasets; 2.8 s; peak memory 713 MiB.
2026-10-03T17:28:32Z INFO [142/750] 2c140a45-b116-4ec5-927c-5990fb233199: 71 datasets; 1.5 s; peak memory 713 MiB.
2026-10-03T17:28:38Z INFO [143/750] 2c14a83e-dc58-4eb0-a4c4-42fa45523148: 662 datasets; 5.4 s; peak memory 713 MiB.
2026-10-03T17:28:39Z INFO [144/750] 2c14da3c-4718-4c32-abfe-4d031378138a: 78 datasets; 1.2 s; peak memory 713 MiB.
2026-10-03T17:28:45Z INFO [145/750] 2c151398-0a0f-4960-ab26-92f723cd7be6: 727 datasets; 6.0 s; peak memory 713 MiB.
2026-10-03T17:28:46Z INFO [146/750] 2c159da4-1138-4fdc-b330-cf433c132f9e: 48 datasets; 0.6 s; peak memory 713 MiB.
2026-10-03T17:28:50Z INFO [147/750] 2c169051-4bdd-4900-b9a9-9586fe3327cb: 665 datasets; 4.0 s; peak memory 713 MiB.
2026-10-03T17:28:51Z INFO [148/750] 2c171f59-978a-49ad-9f81-410281d66a60: 71 datasets; 1.0 s; peak memory 713 MiB.
2026-10-03T17:28:52Z INFO [149/750] 2c18a41c-a960-4c80-89f1-97b92ec68140: 117 datasets; 0.9 s; peak memory 713 MiB.
2026-10-03T17:28:53Z INFO [150/750] 2c18db9a-0d87-43fa-948a-ab3d04eb1112: 112 datasets; 1.1 s; peak memory 713 MiB.
2026-10-03T17:28:53Z INFO [150/750] 2c18db9a-0d87-43fa-948a-ab3d04eb1112: checkpointed 68236 records.
2026-10-03T17:28:53Z INFO [151/750] 2c1a0ec1-8c0f-4638-a0a5-7fcc3467d052: 59 datasets; 0.7 s; peak memory 713 MiB.
2026-10-03T17:28:54Z INFO [152/750] 2c1a2943-7992-4b51-aaa7-2ae80a8fcfe6: 118 datasets; 1.0 s; peak memory 713 MiB.
2026-10-03T17:28:55Z INFO [153/750] 2c1b08d9-7426-494e-863f-e47b53b4d765: 116 datasets; 0.8 s; peak memory 713 MiB.
2026-10-03T17:29:00Z INFO [154/750] 2c1b623e-bd3a-4d90-ade7-affed136dfa8: 555 datasets; 4.7 s; peak memory 713 MiB.
2026-10-03T17:29:02Z INFO [155/750] 2c1b716a-a32c-452e-8d9f-c51660e8c02c: 80 datasets; 1.9 s; peak memory 713 MiB.
2026-10-03T17:29:03Z INFO [156/750] 2c1be066-8e7a-4622-b5b3-532d455108a4: 230 datasets; 0.9 s; peak memory 713 MiB.
2026-10-03T17:29:05Z INFO [157/750] 2c1c8ca9-66a7-4ed7-b607-c85ab923f32f: 389 datasets; 2.2 s; peak memory 713 MiB.
2026-10-03T17:29:06Z INFO [158/750] 2c1d6186-847a-4bd4-b9f6-a8e89e5629f0: 118 datasets; 0.7 s; peak memory 713 MiB.
2026-10-03T17:29:07Z INFO [159/750] 2c1d6292-6151-4d9c-9310-da9fb2c5007d: 50 datasets; 0.9 s; peak memory 713 MiB.
2026-10-03T17:29:13Z INFO [160/750] 2c1e61d3-9e29-4bb5-8e9c-96c11d18a65c: 753 datasets; 6.4 s; peak memory 713 MiB.
2026-10-03T17:29:14Z INFO [161/750] 2c1edc25-bffd-4b6d-ab01-f1e85600f0cf: 48 datasets; 0.7 s; peak memory 713 MiB.
2026-10-03T17:29:15Z INFO [162/750] 2c1ee58c-8894-4b59-bb94-3c31e673b0d0: 117 datasets; 0.8 s; peak memory 713 MiB.
2026-10-03T17:29:16Z INFO [163/750] 2c236dd8-892b-444a-bf15-4bf523f06df0: 112 datasets; 1.0 s; peak memory 713 MiB.
2026-10-03T17:29:18Z INFO [164/750] 2c24083a-38f4-4a1a-8109-60abd9023a0d: 156 datasets; 2.2 s; peak memory 713 MiB.
2026-10-03T17:29:19Z INFO [165/750] 2c258102-a2a0-4705-9039-9e94a224e2a8: 69 datasets; 1.0 s; peak memory 713 MiB.
2026-10-03T17:29:23Z INFO [166/750] 2c25bfa9-8141-4b89-8053-b2b6b4013183: 538 datasets; 3.9 s; peak memory 713 MiB.
2026-10-03T17:29:31Z INFO [167/750] 2c25cf2b-0f5e-443d-88e6-e14256b59213: 940 datasets; 8.3 s; peak memory 713 MiB.
2026-10-03T17:29:32Z INFO [168/750] 2c25e2ce-aeef-4ab3-b2dd-5f9f51da0750: 48 datasets; 0.7 s; peak memory 713 MiB.
2026-10-03T17:29:32Z INFO [169/750] 2c2654bc-356b-4f5c-8ac1-3b45003bef99: 52 datasets; 0.7 s; peak memory 713 MiB.
2026-10-03T17:29:41Z INFO [170/750] 2c2743e2-f9bb-4a12-88a9-4b23080d03e5: 233 datasets; 8.7 s; peak memory 713 MiB.
2026-10-03T17:29:43Z INFO [171/750] 2c278417-949c-4c27-857e-ff932dc1fff6: 38 datasets; 1.7 s; peak memory 713 MiB.
2026-10-03T17:29:44Z INFO [172/750] 2c27c2e3-e8cb-4ee5-8f81-7a181b0fd58f: 117 datasets; 0.8 s; peak memory 713 MiB.
2026-10-03T17:29:44Z INFO [173/750] 2c280d77-6226-4635-8de4-7bceb89904ac: 42 datasets; 0.7 s; peak memory 713 MiB.
2026-10-03T17:30:17Z INFO [174/750] 2c282585-42ad-4344-b2c6-86dddd74a281: 55 datasets; 32.1 s; peak memory 713 MiB.
2026-10-03T17:30:18Z INFO [175/750] 2c28971e-2b9c-45ec-a171-8b8b311c69aa: 69 datasets; 1.0 s; peak memory 713 MiB.
2026-10-03T17:30:18Z INFO [176/750] 2c290f3e-e1f1-4023-9322-c5b429333bec: 110 datasets; 0.8 s; peak memory 713 MiB.
2026-10-03T17:30:19Z INFO [177/750] 2c2a5fd0-80dc-41e2-8810-4ff47379ef78: 48 datasets; 0.7 s; peak memory 713 MiB.
2026-10-03T17:30:20Z INFO [178/750] 2c2a8634-e73e-45ca-b1a2-9660965e9757: 49 datasets; 0.8 s; peak memory 713 MiB.
2026-10-03T17:30:22Z INFO [179/750] 2c2ad145-cecf-4ae9-a27a-a04058181c79: 281 datasets; 1.9 s; peak memory 713 MiB.
2026-10-03T17:30:22Z INFO [180/750] 2c2bc943-1968-4253-8235-cbf649cb3e14: 48 datasets; 0.7 s; peak memory 713 MiB.
2026-10-03T17:30:30Z INFO [181/750] 2c2bd112-7752-4970-8739-d59aa24b144f: 1162 datasets; 7.7 s; peak memory 713 MiB.
2026-10-03T17:30:31Z INFO [182/750] 2c2bd5be-9104-4d26-8216-40929257bebc: 69 datasets; 0.9 s; peak memory 713 MiB.
2026-10-03T17:30:32Z INFO [183/750] 2c2d3c96-ba04-4d0e-8cba-cffcfa49803d: 38 datasets; 0.7 s; peak memory 713 MiB.
2026-10-03T17:30:32Z INFO [184/750] 2c2d8ef4-2225-4032-a57d-ad1c429f8224: 48 datasets; 0.7 s; peak memory 713 MiB.
2026-10-03T17:30:44Z INFO [185/750] 2c2da062-a40e-48af-af28-e9163b7e3f83: 259 datasets; 11.3 s; peak memory 713 MiB.
2026-10-03T17:30:44Z INFO [186/750] 2c2db6c2-fcde-4335-8574-ac7b6f262793: 117 datasets; 0.8 s; peak memory 713 MiB.
2026-10-03T17:30:46Z INFO [187/750] 2c2e4acb-1ce8-4c63-ae32-af3a73a46f4d: 38 datasets; 1.6 s; peak memory 713 MiB.
2026-10-03T17:30:47Z INFO [188/750] 2c2f4765-65c9-4961-a3f0-f697828c0c0d: 116 datasets; 0.7 s; peak memory 713 MiB.
2026-10-03T17:30:47Z INFO [189/750] 2c2fbf2b-35ab-4aac-8622-fb41913d29a5: 46 datasets; 0.5 s; peak memory 713 MiB.
2026-10-03T17:31:19Z INFO [190/750] 2c2ffd5c-1702-4071-882e-c8d089c03b49: 18946 datasets; 31.1 s; peak memory 713 MiB.
2026-10-03T17:31:19Z INFO [191/750] 2c300631-79ea-4ea0-ba67-84b04f38a950: 63 datasets; 0.6 s; peak memory 713 MiB.
2026-10-03T17:31:20Z INFO [192/750] 2c303878-5b4c-4414-a907-81ce10b57d36: 46 datasets; 0.5 s; peak memory 713 MiB.
2026-10-03T17:31:21Z INFO [193/750] 2c319fd6-3215-4623-af9d-02a90abeb708: 53 datasets; 1.3 s; peak memory 713 MiB.
2026-10-03T17:31:25Z INFO [194/750] 2c31b64a-572d-457a-b9d3-4771fe8ad487: 538 datasets; 4.4 s; peak memory 713 MiB.
2026-10-03T17:31:26Z INFO [195/750] 2c328927-be59-4fc3-b60a-64a15444b239: 72 datasets; 0.7 s; peak memory 713 MiB.
2026-10-03T17:31:27Z INFO [196/750] 2c32b60c-314f-44f2-944d-00e509e0f5ca: 118 datasets; 0.8 s; peak memory 713 MiB.
2026-10-03T17:31:27Z INFO [197/750] 2c33c05e-3a6b-472a-b35b-3fd42e92de0c: 33 datasets; 0.5 s; peak memory 713 MiB.
2026-10-03T17:31:28Z INFO [198/750] 2c34656d-6f4d-4b7c-8d2e-90cb67f79009: 117 datasets; 0.8 s; peak memory 713 MiB.
2026-10-03T17:31:30Z INFO [199/750] 2c34d430-f2aa-4cbe-a7cd-ce7126204be6: 49 datasets; 1.5 s; peak memory 713 MiB.
2026-10-03T17:31:31Z INFO [200/750] 2c34e541-37ae-419e-99f2-9a70ad504277: 112 datasets; 0.9 s; peak memory 713 MiB.
2026-10-03T17:31:31Z INFO [200/750] 2c34e541-37ae-419e-99f2-9a70ad504277: checkpointed 68286 records.
2026-10-03T17:31:32Z INFO [201/750] 2c35cb54-5706-4256-9e00-55d50a7b27f5: 71 datasets; 1.2 s; peak memory 713 MiB.
2026-10-03T17:31:33Z INFO [202/750] 2c35debf-38b6-4e4f-af97-63968217d268: 70 datasets; 1.2 s; peak memory 713 MiB.
2026-10-03T17:31:38Z INFO [203/750] 2c35f9d5-8eed-465f-b039-b9e3b3dfa1d6: 503 datasets; 4.5 s; peak memory 713 MiB.
2026-10-03T17:31:39Z INFO [204/750] 2c36180b-cc4d-46e3-b781-d86c4208242f: 56 datasets; 0.8 s; peak memory 713 MiB.
2026-10-03T17:31:39Z INFO [205/750] 2c36b426-e0fd-4e83-b147-12e03664cb26: 48 datasets; 0.7 s; peak memory 713 MiB.
2026-10-03T17:31:40Z INFO [206/750] 2c37e0f7-16ec-49b8-b73b-ae9b1640f818: 112 datasets; 1.1 s; peak memory 713 MiB.
2026-10-03T17:31:41Z INFO [207/750] 2c37efd7-9cea-4992-a64a-9331a4df15b6: 52 datasets; 0.9 s; peak memory 713 MiB.
2026-10-03T17:31:43Z INFO [208/750] 2c383bb5-db85-4dab-898a-0629a1137100: 66 datasets; 1.4 s; peak memory 713 MiB.
2026-10-03T17:31:44Z INFO [209/750] 2c398142-4581-497f-a301-45ec8ca2b627: 116 datasets; 0.9 s; peak memory 713 MiB.
2026-10-03T17:31:44Z INFO [210/750] 2c3a8da2-938d-4805-b187-0483654b558c: 48 datasets; 0.7 s; peak memory 713 MiB.
2026-10-03T17:31:45Z INFO [211/750] 2c3ba635-f8bd-4200-9d48-281fae5a86ff: 48 datasets; 0.8 s; peak memory 713 MiB.
2026-10-03T17:31:46Z INFO [212/750] 2c3c7fdd-535b-47b7-80c3-400a03a7c669: 112 datasets; 1.0 s; peak memory 713 MiB.
2026-10-03T17:31:47Z INFO [213/750] 2c3e7db3-9f2a-46b4-93a8-1b5f74be0df8: 116 datasets; 0.7 s; peak memory 713 MiB.
2026-10-03T17:31:51Z INFO [214/750] 2c3e8a87-afb4-417a-ac03-0f7e5d35617e: 565 datasets; 4.2 s; peak memory 713 MiB.
2026-10-03T17:31:57Z INFO [215/750] 2c3e9ed9-b996-4c0f-ba64-080d8b16680f: 1034 datasets; 6.4 s; peak memory 713 MiB.
2026-10-03T17:31:59Z INFO [216/750] 2c3ee816-6db8-4a4c-a18e-6e44343806c3: 156 datasets; 1.8 s; peak memory 713 MiB.
2026-10-03T17:32:00Z INFO [217/750] 2c3f3828-80a4-4494-be41-77af6cf80ee1: 117 datasets; 0.8 s; peak memory 713 MiB.
2026-10-03T17:32:02Z INFO [218/750] 2c3fadbc-a556-421e-96b0-644978a45b4a: 103 datasets; 1.7 s; peak memory 713 MiB.
2026-10-03T17:32:03Z INFO [219/750] 2c40168a-4371-4c40-8b9d-796ca1d7ea81: 112 datasets; 1.0 s; peak memory 713 MiB.
2026-10-03T17:32:04Z INFO [220/750] 2c40f8a5-1fc5-451f-9724-1a429b362bde: 303 datasets; 1.0 s; peak memory 713 MiB.
2026-10-03T17:32:04Z INFO [221/750] 2c4119ab-ca0a-40db-87db-1aca95ad68e9: 56 datasets; 0.6 s; peak memory 713 MiB.
2026-10-03T17:32:05Z INFO [222/750] 2c4201a7-ea3b-4d00-ac15-3d96fb5147ac: 116 datasets; 0.9 s; peak memory 713 MiB.
2026-10-03T17:32:06Z INFO [223/750] 2c4266a0-22f8-448f-9c20-baf05fdcedee: 69 datasets; 0.9 s; peak memory 713 MiB.
2026-10-03T17:32:17Z INFO [224/750] 2c4267b1-e221-4a29-aa03-3da0ae6bfc89: 1995 datasets; 11.1 s; peak memory 713 MiB.
2026-10-03T17:32:18Z INFO [225/750] 2c439c8f-b6b2-4964-9fea-ddf95556779a: 48 datasets; 0.7 s; peak memory 713 MiB.
2026-10-03T17:32:19Z INFO [226/750] 2c43fc66-41e8-4939-9695-957cc95f3d2e: 38 datasets; 0.6 s; peak memory 713 MiB.
2026-10-03T17:32:28Z INFO [227/750] 2c4529a5-54d4-4137-a203-0234da6e8b72: 44 datasets; 9.3 s; peak memory 713 MiB.
2026-10-03T17:32:29Z INFO [228/750] 2c45890a-1d25-4571-8eae-ae35f7e59fd0: 66 datasets; 0.9 s; peak memory 713 MiB.
2026-10-03T17:33:02Z INFO [229/750] 2c45f7f6-4385-4674-b286-7136c27a6cff: 106 datasets; 33.4 s; peak memory 713 MiB.
2026-10-03T17:33:04Z INFO [230/750] 2c4623d0-7eeb-4ccc-b67b-40dd89cd5861: 115 datasets; 2.2 s; peak memory 713 MiB.
2026-10-03T17:33:06Z INFO [231/750] 2c468648-ec02-4735-bf64-3d43fcf7ef4f: 298 datasets; 1.9 s; peak memory 713 MiB.
2026-10-03T17:33:07Z INFO [232/750] 2c479f9a-e2e6-4b3b-9f25-de6aa179b849: 70 datasets; 0.6 s; peak memory 713 MiB.
2026-10-03T17:33:07Z INFO [233/750] 2c47b898-6e96-4090-8b5b-0af5335bbe68: 48 datasets; 0.6 s; peak memory 713 MiB.
2026-10-03T17:33:17Z INFO [234/750] 2c4807cb-2668-4be8-bf2b-f8a586885a03: 769 datasets; 9.3 s; peak memory 713 MiB.
2026-10-03T17:33:18Z INFO [235/750] 2c487df3-a7e7-46f7-acc6-c85839a66ee3: 82 datasets; 1.0 s; peak memory 713 MiB.
2026-10-03T17:33:20Z INFO [236/750] 2c4958e7-dc43-4acd-82cd-7a6755eaf9d7: 505 datasets; 2.8 s; peak memory 713 MiB.
2026-10-03T17:33:21Z INFO [237/750] 2c496555-5ca8-434a-94a3-94b4f15900d6: 38 datasets; 0.6 s; peak memory 713 MiB.
2026-10-03T17:33:23Z INFO [238/750] 2c497f3f-c0f5-4559-92c0-401ab1945008: 115 datasets; 1.9 s; peak memory 713 MiB.
2026-10-03T17:33:24Z INFO [239/750] 2c49a6ff-f8e8-4031-9108-cf85b53198b9: 48 datasets; 0.7 s; peak memory 713 MiB.
2026-10-03T17:33:24Z INFO [240/750] 2c4a1787-9e0c-4136-9db4-0c4c5f019664: 117 datasets; 0.7 s; peak memory 713 MiB.
2026-10-03T17:33:26Z INFO [241/750] 2c4a2416-0501-4f2f-9d43-0560fa30d389: 117 datasets; 1.2 s; peak memory 713 MiB.
2026-10-03T17:33:32Z INFO [242/750] 2c4a4038-285f-4048-978b-6c66af186d10: 809 datasets; 6.2 s; peak memory 713 MiB.
2026-10-03T17:33:36Z INFO [243/750] 2c4ce994-bf58-45a8-8979-a976041f1648: 193 datasets; 4.3 s; peak memory 713 MiB.
2026-10-03T17:33:37Z INFO [244/750] 2c4cf9cd-5ed0-4904-8533-f2a70ddccf11: 66 datasets; 1.1 s; peak memory 713 MiB.
2026-10-03T17:33:44Z INFO [245/750] 2c4d3b92-e022-47d7-b752-1c2a2462f144: 807 datasets; 7.2 s; peak memory 713 MiB.
2026-10-03T17:33:47Z INFO [246/750] 2c4dae78-e7f0-4b49-a2a0-40ced2e9ea2f: 372 datasets; 2.6 s; peak memory 713 MiB.
2026-10-03T17:34:00Z INFO [247/750] 2c4db669-7eec-4cff-bb61-60cbe44d7e0e: 567 datasets; 13.6 s; peak memory 713 MiB.
2026-10-03T17:34:01Z INFO [248/750] 2c4ee85f-10f6-4d0c-b0fc-baff56b8730c: 116 datasets; 0.8 s; peak memory 713 MiB.
2026-10-03T17:34:05Z INFO [249/750] 2c4f28f7-0a5e-4ef7-b57c-e55704609254: 229 datasets; 3.4 s; peak memory 713 MiB.
2026-10-03T17:34:05Z INFO [250/750] 2c4f50e2-102d-44ba-a8b7-490db84b3eb3: 64 datasets; 0.7 s; peak memory 713 MiB.
2026-10-03T17:34:05Z INFO [250/750] 2c4f50e2-102d-44ba-a8b7-490db84b3eb3: checkpointed 68336 records.
2026-10-03T17:34:06Z INFO [251/750] 2c4f5e99-5c3e-44bc-a16d-eb22b6c88850: 117 datasets; 0.9 s; peak memory 713 MiB.
2026-10-03T17:34:07Z INFO [252/750] 2c4f9861-aec9-4ecd-96a4-a7832eec48fb: 69 datasets; 0.8 s; peak memory 713 MiB.
2026-10-03T17:34:08Z INFO [253/750] 2c4fd32c-2ba9-4ea1-a706-786c27f5ff28: 118 datasets; 0.8 s; peak memory 713 MiB.
2026-10-03T17:34:14Z INFO [254/750] 2c503fda-512d-4ccf-b341-1ae50ea7a5e4: 975 datasets; 6.4 s; peak memory 713 MiB.
2026-10-03T17:34:15Z INFO [255/750] 2c510cba-c832-476b-8e8a-8c8b96d4d7fa: 48 datasets; 0.7 s; peak memory 713 MiB.
2026-10-03T17:34:16Z INFO [256/750] 2c51d993-8c2c-4521-9806-eee7c7d1ed42: 48 datasets; 0.6 s; peak memory 713 MiB.
2026-10-03T17:34:17Z INFO [257/750] 2c53bde3-80c9-44ff-916f-a984565e9ecd: 48 datasets; 0.7 s; peak memory 713 MiB.
2026-10-03T17:34:17Z INFO [258/750] 2c5557d4-5d6f-47c6-b713-1e79c3b29a64: 117 datasets; 0.9 s; peak memory 713 MiB.
2026-10-03T17:34:18Z INFO [259/750] 2c559b03-ddcd-4b63-87bf-fe61b3702036: 117 datasets; 0.7 s; peak memory 713 MiB.
2026-10-03T17:34:19Z INFO [260/750] 2c55ab43-6fe7-4ae5-9b2c-0e1379ecb78b: 48 datasets; 0.8 s; peak memory 713 MiB.
2026-10-03T17:34:20Z INFO [261/750] 2c55efb8-39e1-49a7-a00a-42e97e53b059: 112 datasets; 0.9 s; peak memory 713 MiB.
2026-10-03T17:34:24Z INFO [262/750] 2c564087-d900-4805-9c05-f01ffb62653e: 516 datasets; 4.6 s; peak memory 713 MiB.
2026-10-03T17:34:25Z INFO [263/750] 2c5756f4-e138-48f3-910c-964a4db3dacb: 118 datasets; 0.7 s; peak memory 713 MiB.
2026-10-03T17:34:26Z INFO [264/750] 2c577719-1298-4452-84ef-bfed6f49715d: 70 datasets; 1.0 s; peak memory 713 MiB.
2026-10-03T17:34:27Z INFO [265/750] 2c5786e1-b163-45d9-be85-6606ea2b7b05: 46 datasets; 0.5 s; peak memory 713 MiB.
2026-10-03T17:34:28Z INFO [266/750] 2c57916e-c950-469b-928a-e787b389fc34: 66 datasets; 1.0 s; peak memory 713 MiB.
2026-10-03T17:34:28Z INFO [267/750] 2c57b035-34c4-42a5-8b00-fa34c848142a: 48 datasets; 0.7 s; peak memory 713 MiB.
2026-10-03T17:34:29Z INFO [268/750] 2c57e7af-705f-47b5-af21-8f3b68611622: 78 datasets; 0.7 s; peak memory 713 MiB.
2026-10-03T17:34:30Z INFO [269/750] 2c583fd7-a69b-4d92-bb22-fadd691329fa: 117 datasets; 0.8 s; peak memory 713 MiB.
2026-10-03T17:34:30Z INFO [270/750] 2c584ac1-36cc-4c87-a2ee-754a2c774e48: 52 datasets; 0.5 s; peak memory 713 MiB.
2026-10-03T17:34:31Z INFO [271/750] 2c5856b6-31fd-464d-a5c6-02b87e3999ab: 59 datasets; 0.8 s; peak memory 713 MiB.
2026-10-03T17:34:32Z INFO [272/750] 2c586315-e000-4c47-8c7e-a250bd9691ca: 56 datasets; 0.6 s; peak memory 713 MiB.
2026-10-03T17:34:33Z INFO [273/750] 2c59611e-7619-438d-80d0-2bd26f4ec763: 119 datasets; 1.4 s; peak memory 713 MiB.
2026-10-03T17:34:34Z INFO [274/750] 2c5997bd-d6e5-4e88-8862-f65e0df88cca: 112 datasets; 1.0 s; peak memory 713 MiB.
2026-10-03T17:34:35Z INFO [275/750] 2c5a1ee3-97b4-4ac0-8d73-db26ef37864a: 48 datasets; 0.8 s; peak memory 713 MiB.
2026-10-03T17:34:44Z INFO [276/750] 2c5abe7b-0807-4416-8b11-ea24cbd1fa03: 288 datasets; 8.9 s; peak memory 713 MiB.
2026-10-03T17:34:44Z INFO [277/750] 2c5b5d4c-1035-46e7-ae14-236a7067e933: 48 datasets; 0.7 s; peak memory 713 MiB.
2026-10-03T17:34:45Z INFO [278/750] 2c5b80a3-d01a-40ad-80e1-cb66f4d89d29: 61 datasets; 0.6 s; peak memory 713 MiB.
2026-10-03T17:34:45Z INFO [279/750] 2c5c2f13-18bf-4aa0-b049-6437ee099f64: 46 datasets; 0.4 s; peak memory 713 MiB.
2026-10-03T17:34:46Z INFO [280/750] 2c5ca2d0-b484-41e6-a771-98b488b9317f: 66 datasets; 0.9 s; peak memory 713 MiB.
2026-10-03T17:36:23Z INFO [281/750] 2c5f197e-fa49-4b8d-888d-4f7963851076: 167 datasets; 96.9 s; peak memory 713 MiB.
2026-10-03T17:36:24Z INFO [282/750] 2c5f3fa3-b1cb-4168-b7d3-ae3286ffd1e4: 48 datasets; 0.7 s; peak memory 713 MiB.
2026-10-03T17:36:29Z INFO [283/750] 2c600517-e3a6-4cba-b025-c83195fa4f5d: 818 datasets; 5.3 s; peak memory 713 MiB.
2026-10-03T17:36:32Z INFO [284/750] 2c61d415-f073-473a-850d-af1bc821ff39: 156 datasets; 2.1 s; peak memory 713 MiB.
2026-10-03T17:36:32Z INFO [285/750] 2c6420e9-35da-4c31-a56e-958c116fc7cf: 48 datasets; 0.8 s; peak memory 713 MiB.
2026-10-03T17:36:33Z INFO [286/750] 2c656a8e-3e90-46e0-a008-088d53654b97: 48 datasets; 0.8 s; peak memory 713 MiB.
2026-10-03T17:36:35Z INFO [287/750] 2c65795f-d24f-4694-9052-3c4622b5f5c9: 334 datasets; 2.2 s; peak memory 713 MiB.
2026-10-03T17:36:43Z INFO [288/750] 2c672913-9493-4c89-a5c5-17323917de4b: 711 datasets; 7.9 s; peak memory 713 MiB.
2026-10-03T17:36:44Z INFO [289/750] 2c6789b6-56a2-4a23-b09a-644d8db90e85: 71 datasets; 1.0 s; peak memory 713 MiB.
2026-10-03T17:36:45Z INFO [290/750] 2c679df8-bec8-4f95-9234-dc35dd9323e2: 64 datasets; 0.9 s; peak memory 713 MiB.
2026-10-03T17:36:48Z INFO [291/750] 2c684549-fbfa-4019-bca8-f5a7f22311b8: 111 datasets; 2.6 s; peak memory 713 MiB.
2026-10-03T17:36:49Z INFO [292/750] 2c689e83-c7ae-4dd5-aeaa-fbc5dc1c62b8: 117 datasets; 0.9 s; peak memory 713 MiB.
2026-10-03T17:36:50Z INFO [293/750] 2c68affe-ace4-4a60-aedc-fbfec7ed6c73: 113 datasets; 1.0 s; peak memory 713 MiB.
2026-10-03T17:36:51Z INFO [294/750] 2c694f92-7254-4491-9ecf-9f6e7f41e5ea: 110 datasets; 1.0 s; peak memory 713 MiB.
2026-10-03T17:36:52Z INFO [295/750] 2c69c533-9bcb-4a61-8192-e004c246cbea: 117 datasets; 1.0 s; peak memory 713 MiB.
2026-10-03T17:36:52Z INFO [296/750] 2c6a7ed1-22df-46d0-9764-351cf02f1b4a: 46 datasets; 0.5 s; peak memory 713 MiB.
2026-10-03T17:36:53Z INFO [297/750] 2c6b3e5c-1314-49ff-99eb-686a35aa25d5: 112 datasets; 0.9 s; peak memory 713 MiB.
2026-10-03T17:36:54Z INFO [298/750] 2c6c7eba-db73-41a9-be3a-434539905571: 48 datasets; 0.7 s; peak memory 713 MiB.
2026-10-03T17:36:55Z INFO [299/750] 2c6cee21-6cad-44e2-8548-758d8a7afc87: 71 datasets; 1.6 s; peak memory 713 MiB.
2026-10-03T17:36:56Z INFO [300/750] 2c6d4c6c-06de-478d-be66-2492d94e7c1b: 110 datasets; 1.1 s; peak memory 713 MiB.
2026-10-03T17:36:56Z INFO [300/750] 2c6d4c6c-06de-478d-be66-2492d94e7c1b: checkpointed 68386 records.
2026-10-03T17:36:57Z INFO [301/750] 2c6d6389-1097-4bb8-b443-4189f9d9e002: 48 datasets; 0.6 s; peak memory 713 MiB.
2026-10-03T17:37:27Z INFO [302/750] 2c6d85f8-b6ba-4481-bb1d-fd001519de59: 52 datasets; 30.3 s; peak memory 713 MiB.
2026-10-03T17:37:29Z INFO [303/750] 2c6dca28-8ffb-481c-90f0-d36b68fe6ec2: 116 datasets; 1.7 s; peak memory 713 MiB.
2026-10-03T17:37:30Z INFO [304/750] 2c6df0c8-aded-4daf-a440-c562ec743539: 112 datasets; 0.8 s; peak memory 713 MiB.
2026-10-03T17:37:31Z INFO [305/750] 2c6f028c-30b1-4b59-aec9-dc244d22561d: 48 datasets; 0.7 s; peak memory 713 MiB.
2026-10-03T17:37:32Z INFO [306/750] 2c6f16c9-14e8-4989-9337-9271802814e5: 119 datasets; 1.6 s; peak memory 713 MiB.
2026-10-03T17:37:33Z INFO [307/750] 2c6f9304-29bc-4516-a7d7-c52f6ccef2c9: 112 datasets; 0.7 s; peak memory 713 MiB.
2026-10-03T17:37:34Z INFO [308/750] 2c70255a-d24e-4695-bf49-905c9d1a3766: 90 datasets; 1.6 s; peak memory 713 MiB.
2026-10-03T17:37:35Z INFO [309/750] 2c702687-2fb1-42e9-9d09-537031745464: 48 datasets; 0.7 s; peak memory 713 MiB.
2026-10-03T17:37:41Z INFO [310/750] 2c706aeb-193e-4b5c-ac49-7982ada1eb47: 1270 datasets; 6.1 s; peak memory 713 MiB.
2026-10-03T17:37:42Z INFO [311/750] 2c70debc-8cd2-4e8f-8e21-d50de2bdc54b: 117 datasets; 0.9 s; peak memory 713 MiB.
2026-10-03T17:37:43Z INFO [312/750] 2c711963-f50e-4489-9a36-f7f3e2d2290d: 117 datasets; 0.8 s; peak memory 713 MiB.
2026-10-03T17:37:44Z INFO [313/750] 2c72c310-4eef-4cf0-a07f-3c3cff8742e9: 83 datasets; 1.2 s; peak memory 713 MiB.
2026-10-03T17:37:46Z INFO [314/750] 2c73465d-67b4-44df-b701-c8a217b7bcc2: 49 datasets; 1.3 s; peak memory 713 MiB.
2026-10-03T17:37:53Z INFO [315/750] 2c739b94-076a-484a-8fcc-9d15e490f603: 98 datasets; 7.3 s; peak memory 713 MiB.
2026-10-03T17:37:54Z INFO [316/750] 2c757500-0a38-4e7c-a340-5d1679f90a9d: 59 datasets; 0.9 s; peak memory 713 MiB.
2026-10-03T17:37:54Z INFO [317/750] 2c766f80-75d6-4a55-b8b7-c3b61293b26d: 48 datasets; 0.8 s; peak memory 713 MiB.
2026-10-03T17:37:55Z INFO [318/750] 2c76ea51-f0ee-4661-9585-bd7c5ed6fd47: 45 datasets; 0.5 s; peak memory 713 MiB.
2026-10-03T17:37:59Z INFO [319/750] 2c76f0fb-f1c6-4254-a987-e6781e4d0411: 38 datasets; 4.4 s; peak memory 713 MiB.
2026-10-03T17:38:00Z INFO [320/750] 2c772f75-a25a-4952-9171-e1e0a9522ca8: 48 datasets; 0.7 s; peak memory 713 MiB.
2026-10-03T17:38:01Z INFO [321/750] 2c7739c1-345c-47fa-b17c-cf7f45cceedd: 117 datasets; 0.8 s; peak memory 713 MiB.
2026-10-03T17:38:02Z INFO [322/750] 2c77f392-da64-462f-99a9-7d58b10702be: 143 datasets; 1.5 s; peak memory 713 MiB.
2026-10-03T17:38:03Z INFO [323/750] 2c77fac9-ebcf-4078-a82b-2260bf8ed2fa: 116 datasets; 0.8 s; peak memory 713 MiB.
2026-10-03T17:39:00Z INFO [324/750] 2c788c06-6bcf-4e03-913b-2230f1ff55bf: 11843 datasets; 56.6 s; peak memory 713 MiB.
2026-10-03T17:39:01Z INFO [325/750] 2c790782-ab38-4ea9-bba0-e654955f5953: 52 datasets; 0.8 s; peak memory 713 MiB.
2026-10-03T17:39:02Z INFO [326/750] 2c79de34-8dbf-42b5-8a59-e2ed64d89ca0: 66 datasets; 1.0 s; peak memory 713 MiB.
2026-10-03T17:39:02Z INFO [327/750] 2c7a3608-478c-41ea-b9e9-451702d41cc4: 48 datasets; 0.6 s; peak memory 713 MiB.
2026-10-03T17:39:03Z INFO [328/750] 2c7afe41-30ff-4ced-b3c5-f29df5897e8b: 116 datasets; 0.8 s; peak memory 713 MiB.
2026-10-03T17:39:04Z INFO [329/750] 2c7b00e6-5cc2-48b2-b6d3-c3d6b39baf07: 71 datasets; 1.2 s; peak memory 713 MiB.
2026-10-03T17:39:05Z INFO [330/750] 2c7b853b-5f2b-4ab6-9137-8771c1371de8: 112 datasets; 0.9 s; peak memory 713 MiB.
2026-10-03T17:39:06Z INFO [331/750] 2c7b88e7-4d37-4b26-b531-6efb48435fc6: 46 datasets; 0.5 s; peak memory 713 MiB.
2026-10-03T17:39:07Z INFO [332/750] 2c7c3b12-0fdc-482c-b93b-f7df0e0caffb: 112 datasets; 1.0 s; peak memory 713 MiB.
2026-10-03T17:39:10Z INFO [333/750] 2c7c6b2a-1660-4068-ac7b-a6409d7bcccd: 478 datasets; 2.9 s; peak memory 713 MiB.
2026-10-03T17:39:10Z INFO [334/750] 2c7cd48a-4471-415d-8cea-bd129f1bdd35: 117 datasets; 0.8 s; peak memory 713 MiB.
2026-10-03T17:39:13Z INFO [335/750] 2c7def6b-2f60-4f6e-ab81-8ea8a774eb87: 184 datasets; 2.4 s; peak memory 713 MiB.
2026-10-03T17:39:13Z INFO [336/750] 2c7eb346-550a-4fe0-a823-814f29f92d26: 48 datasets; 0.7 s; peak memory 713 MiB.
2026-10-03T17:39:15Z INFO [337/750] 2c80310c-015e-4caa-ae25-842264d1811a: 53 datasets; 1.1 s; peak memory 713 MiB.
2026-10-03T17:40:18Z INFO [338/750] 2c80601b-30d3-451c-a121-b192b7699a3a: 18170 datasets; 63.5 s; peak memory 713 MiB.
2026-10-03T17:40:21Z INFO [339/750] 2c80a4ca-71f2-4354-91a6-c2dde16e34e9: 480 datasets; 3.3 s; peak memory 713 MiB.
2026-10-03T17:40:23Z INFO [340/750] 2c8156a4-0aa6-4600-a7c4-d870067c4bc2: 112 datasets; 1.2 s; peak memory 713 MiB.
2026-10-03T17:40:23Z INFO [341/750] 2c815d50-088a-410f-a241-9946aa22e637: 48 datasets; 0.7 s; peak memory 713 MiB.
2026-10-03T17:41:52Z INFO [342/750] 2c82b9e5-ec4d-4c30-a534-9d6397341085: 261 datasets; 88.7 s; peak memory 713 MiB.
2026-10-03T17:42:39Z INFO [343/750] 2c839593-d391-4018-9939-9e973e35d02b: 92 datasets; 47.2 s; peak memory 713 MiB.
2026-10-03T17:42:40Z INFO [344/750] 2c83fcc1-9fda-4b43-a560-43a5032ae7b9: 117 datasets; 0.8 s; peak memory 713 MiB.
2026-10-03T17:42:41Z INFO [345/750] 2c8424e4-a263-4233-b032-eeaf65459a43: 46 datasets; 0.6 s; peak memory 713 MiB.
2026-10-03T17:42:43Z INFO [346/750] 2c843e6f-2f60-45ff-8f9c-400a300b0132: 46 datasets; 2.7 s; peak memory 713 MiB.
2026-10-03T17:42:44Z INFO [347/750] 2c845952-4a5d-47a9-949e-8beb47600507: 117 datasets; 0.8 s; peak memory 713 MiB.
2026-10-03T17:42:45Z INFO [348/750] 2c8467e4-6747-42f5-8726-16927969b626: 155 datasets; 1.2 s; peak memory 713 MiB.
2026-10-03T17:42:46Z INFO [349/750] 2c849f66-0e21-44df-a43e-f31c4c040c0e: 46 datasets; 0.7 s; peak memory 713 MiB.
2026-10-03T17:42:46Z INFO [350/750] 2c851bd5-be25-4a68-8e7a-8d63d9991888: 46 datasets; 0.5 s; peak memory 713 MiB.
2026-10-03T17:42:47Z INFO [350/750] 2c851bd5-be25-4a68-8e7a-8d63d9991888: checkpointed 68436 records.
2026-10-03T17:43:03Z INFO [351/750] 2c856987-602e-44f2-86ff-508645507481: 48 datasets; 16.8 s; peak memory 713 MiB.
2026-10-03T17:43:04Z INFO [352/750] 2c863ed5-872c-4971-bde6-7f2f6b2a7d6a: 48 datasets; 0.6 s; peak memory 713 MiB.
2026-10-03T17:43:14Z INFO [353/750] 2c877525-75a5-4037-ae85-6747d7a6df8c: 370 datasets; 10.0 s; peak memory 713 MiB.
2026-10-03T17:43:15Z INFO [354/750] 2c87aa6a-6be9-4a95-ac44-1d1c95088c7e: 66 datasets; 1.1 s; peak memory 713 MiB.
2026-10-03T17:43:16Z INFO [355/750] 2c886487-5379-4f9a-b863-1aaa1825b728: 116 datasets; 0.6 s; peak memory 713 MiB.
2026-10-03T17:43:16Z INFO [356/750] 2c88a833-8319-4baa-98e9-c4f24607bb94: 56 datasets; 0.6 s; peak memory 713 MiB.
2026-10-03T17:43:17Z INFO [357/750] 2c88ea8d-a8c7-4137-be1a-2def3238cc18: 57 datasets; 0.5 s; peak memory 713 MiB.
2026-10-03T17:43:18Z INFO [358/750] 2c891ac8-1b0f-4ca1-9b2b-71ba7df75bb0: 116 datasets; 1.1 s; peak memory 713 MiB.
2026-10-03T17:43:18Z INFO [359/750] 2c89ea36-c27c-4cca-bd25-919bae42e7f9: 55 datasets; 0.5 s; peak memory 713 MiB.
2026-10-03T17:43:19Z INFO [360/750] 2c8a221f-8dc1-45ec-8765-b3e09f9656eb: 65 datasets; 0.7 s; peak memory 713 MiB.
2026-10-03T17:43:23Z INFO [361/750] 2c8a72ee-16d1-4ec1-b461-bf6257cd76b4: 229 datasets; 3.7 s; peak memory 713 MiB.
2026-10-03T17:43:24Z INFO [362/750] 2c8ae61b-161c-4ee7-b629-a3be981f1674: 109 datasets; 0.9 s; peak memory 713 MiB.
2026-10-03T17:43:25Z INFO [363/750] 2c8bae2c-0237-4188-8ab8-43a829645173: 118 datasets; 0.9 s; peak memory 713 MiB.
2026-10-03T17:43:28Z INFO [364/750] 2c8ce069-3326-43af-b155-fb63a8b7ce85: 229 datasets; 3.2 s; peak memory 713 MiB.
2026-10-03T17:43:29Z INFO [365/750] 2c8d1a67-bf74-49ba-92e7-2c510d039555: 118 datasets; 0.8 s; peak memory 713 MiB.
2026-10-03T17:43:29Z INFO [366/750] 2c8d731b-62cc-4988-af73-0174e9f41daf: 37 datasets; 0.6 s; peak memory 713 MiB.
2026-10-03T17:43:31Z INFO [367/750] 2c8e339f-2410-403e-8dfc-ff79547f8483: 138 datasets; 2.0 s; peak memory 713 MiB.
2026-10-03T17:43:39Z INFO [368/750] 2c8e5476-42aa-4c7b-b58f-a44ff83cad45: 278 datasets; 8.0 s; peak memory 713 MiB.
2026-10-03T17:43:40Z INFO [369/750] 2c8ed00e-902f-4551-b71b-3151f41e0ecc: 112 datasets; 0.7 s; peak memory 713 MiB.
2026-10-03T17:43:42Z INFO [370/750] 2c8f1056-6d20-480f-ac11-f6c195286d51: 38 datasets; 1.7 s; peak memory 713 MiB.
2026-10-03T17:43:43Z INFO [371/750] 2c8f130f-8fcf-4323-993a-210ccdc1608e: 83 datasets; 1.2 s; peak memory 713 MiB.
2026-10-03T17:43:44Z INFO [372/750] 2c8fad95-eda6-462b-b948-120fb22d941c: 158 datasets; 1.4 s; peak memory 713 MiB.
2026-10-03T17:43:45Z INFO [373/750] 2c8fc688-62e6-42e9-b254-132d89dd8567: 144 datasets; 1.1 s; peak memory 713 MiB.
2026-10-03T17:43:46Z INFO [374/750] 2c8fc860-3e75-4d05-b056-53f04c82abac: 52 datasets; 0.8 s; peak memory 713 MiB.
2026-10-03T17:43:47Z INFO [375/750] 2c903d95-1635-4e47-8e36-2fd996008b36: 48 datasets; 0.8 s; peak memory 713 MiB.
2026-10-03T17:43:48Z INFO [376/750] 2c908520-a000-4d96-a9e2-df4c8bb41e58: 110 datasets; 0.8 s; peak memory 713 MiB.
2026-10-03T17:43:51Z INFO [377/750] 2c9114bf-27fd-4dc8-bfbb-5b9ac2235b55: 229 datasets; 3.1 s; peak memory 713 MiB.
2026-10-03T17:43:51Z INFO [378/750] 2c912f19-aaa4-473c-a70a-538a11355f04: 48 datasets; 0.7 s; peak memory 713 MiB.
2026-10-03T17:43:52Z INFO [379/750] 2c918cd5-7829-411b-91bb-da00bcadb078: 48 datasets; 0.7 s; peak memory 713 MiB.
2026-10-03T17:43:53Z INFO [380/750] 2c918ea9-a715-48d9-9776-7405bcc939d4: 66 datasets; 1.1 s; peak memory 713 MiB.
2026-10-03T17:43:59Z INFO [381/750] 2c91f812-875e-4c1c-b0e0-3183aeeef886: 54 datasets; 5.5 s; peak memory 713 MiB.
2026-10-03T17:44:00Z INFO [382/750] 2c92d4e0-a90f-4635-a1d4-614fea2d3dca: 48 datasets; 0.7 s; peak memory 713 MiB.
2026-10-03T17:44:01Z INFO [383/750] 2c92f227-4ffd-4e42-b681-d616f5e244e8: 99 datasets; 1.2 s; peak memory 713 MiB.
2026-10-03T17:44:02Z INFO [384/750] 2c93c63a-9775-4a2b-bb84-0a9e92b9b6ca: 131 datasets; 1.3 s; peak memory 713 MiB.
2026-10-03T17:44:03Z INFO [385/750] 2c948f31-78ed-43b1-81e3-a6d0e7ec6e36: 116 datasets; 0.8 s; peak memory 713 MiB.
2026-10-03T17:44:04Z INFO [386/750] 2c95981e-397e-46d8-b23c-2fdddbbe2a00: 112 datasets; 1.0 s; peak memory 713 MiB.
2026-10-03T17:44:11Z INFO [387/750] 2c95c693-3ac7-4c52-96c7-43ee0663841c: 946 datasets; 7.7 s; peak memory 713 MiB.
2026-10-03T17:44:21Z INFO [388/750] 2c96b564-7216-4dfe-aea3-ddd9a4f7bc76: 1610 datasets; 9.7 s; peak memory 713 MiB.
2026-10-03T17:44:22Z INFO [389/750] 2c96d7f1-cd53-4b8a-9a8a-5fbbc5b67606: 48 datasets; 0.8 s; peak memory 713 MiB.
2026-10-03T17:44:23Z INFO [390/750] 2c96e527-01f8-48e8-bcf7-567fcd7331e7: 38 datasets; 0.6 s; peak memory 713 MiB.
2026-10-03T17:44:24Z INFO [391/750] 2c975c9a-98ba-49cc-a157-f96036dfabbf: 154 datasets; 1.9 s; peak memory 713 MiB.
2026-10-03T17:44:26Z INFO [392/750] 2c976d13-e78d-4bda-9c07-b4ef1c803ce7: 112 datasets; 1.1 s; peak memory 713 MiB.
2026-10-03T17:44:26Z INFO [393/750] 2c978186-9255-4ba2-b4ba-5eca52cd592b: 112 datasets; 0.9 s; peak memory 713 MiB.
2026-10-03T17:44:27Z INFO [394/750] 2c98c191-a1aa-4e68-be54-61de28d3b7e9: 48 datasets; 0.7 s; peak memory 713 MiB.
2026-10-03T17:44:28Z INFO [395/750] 2c997c12-0948-4d22-bcf1-e8f44f30b25c: 117 datasets; 0.7 s; peak memory 713 MiB.
2026-10-03T17:44:29Z INFO [396/750] 2c9a5355-a76a-48c8-9706-c6ad9337881e: 48 datasets; 0.7 s; peak memory 713 MiB.
2026-10-03T17:44:29Z INFO [397/750] 2c9acf82-1fbd-48f8-baeb-ed304cedce4c: 39 datasets; 0.7 s; peak memory 713 MiB.
2026-10-03T17:44:30Z INFO [398/750] 2c9add55-45b6-4e04-87ba-42cc01af4428: 42 datasets; 0.7 s; peak memory 713 MiB.
2026-10-03T17:44:31Z INFO [399/750] 2c9bc67b-6ba0-4639-83ff-621f34f8d3f8: 66 datasets; 1.4 s; peak memory 713 MiB.
2026-10-03T17:44:32Z INFO [400/750] 2c9ce6f8-3507-412b-83e8-85a9a4a25e65: 66 datasets; 0.8 s; peak memory 713 MiB.
2026-10-03T17:44:32Z INFO [400/750] 2c9ce6f8-3507-412b-83e8-85a9a4a25e65: checkpointed 68486 records.
2026-10-03T17:44:34Z INFO [401/750] 2c9eaef3-2959-4f4f-8a5f-ba7cdabe0515: 71 datasets; 1.6 s; peak memory 713 MiB.
2026-10-03T17:44:39Z INFO [402/750] 2c9eeb82-cf57-452a-8b2e-64397f94886d: 709 datasets; 5.2 s; peak memory 713 MiB.
2026-10-03T17:44:40Z INFO [403/750] 2c9f0d18-4ec4-444a-890b-32f9a258d9e7: 48 datasets; 0.7 s; peak memory 713 MiB.
2026-10-03T17:44:41Z INFO [404/750] 2c9f2c9c-b353-465c-bf01-0c5e2ab33ca4: 101 datasets; 1.3 s; peak memory 713 MiB.
2026-10-03T17:44:43Z INFO [405/750] 2c9f7486-3595-4792-a5c3-7e98b1249cde: 228 datasets; 2.2 s; peak memory 713 MiB.
2026-10-03T17:44:44Z INFO [406/750] 2ca0d224-0550-49eb-9e76-009d4e11bbc2: 51 datasets; 0.5 s; peak memory 713 MiB.
2026-10-03T17:44:46Z INFO [407/750] 2ca1b550-5143-4572-be18-15d0bdfa454a: 38 datasets; 1.8 s; peak memory 713 MiB.
2026-10-03T17:44:46Z INFO [408/750] 2ca1f8fb-e6b9-49c3-a8c6-866d92912551: 116 datasets; 0.7 s; peak memory 713 MiB.
2026-10-03T17:44:54Z INFO [409/750] 2ca20535-efd3-462a-9ee5-a69ae302ffb0: 97 datasets; 7.3 s; peak memory 713 MiB.
2026-10-03T17:44:55Z INFO [410/750] 2ca24d5e-fa4b-4af9-a6cc-225237426e95: 64 datasets; 1.2 s; peak memory 713 MiB.
2026-10-03T17:44:56Z INFO [411/750] 2ca2a97d-2f1b-41c2-a35b-7ba2fd2d0dd4: 71 datasets; 1.4 s; peak memory 713 MiB.
2026-10-03T17:44:57Z INFO [412/750] 2ca337ca-ec87-42c0-a775-fe6a805af894: 76 datasets; 0.7 s; peak memory 713 MiB.
2026-10-03T17:44:58Z INFO [413/750] 2ca3df3d-e736-413f-9839-3e49b73433dc: 76 datasets; 0.9 s; peak memory 713 MiB.
2026-10-03T17:45:10Z INFO [414/750] 2ca44aef-f9cc-469b-97ce-55ef61a28720: 5895 datasets; 12.2 s; peak memory 713 MiB.
2026-10-03T17:45:14Z INFO [415/750] 2ca47f59-c04f-46cc-8163-213a21c7b61b: 4744 datasets; 4.1 s; peak memory 713 MiB.
2026-10-03T17:45:16Z INFO [416/750] 2ca59b40-12bd-40ba-a84f-559ac96c249c: 156 datasets; 1.8 s; peak memory 713 MiB.
2026-10-03T17:45:17Z INFO [417/750] 2ca5d7f1-6fae-455a-bfee-04e49cabe7fe: 48 datasets; 0.7 s; peak memory 713 MiB.
2026-10-03T17:45:17Z INFO [418/750] 2ca83a4c-ac43-4980-976a-f59961bf5108: 117 datasets; 0.8 s; peak memory 713 MiB.
2026-10-03T17:45:19Z INFO [419/750] 2caae102-382d-4b7b-a492-2c336a978687: 87 datasets; 1.6 s; peak memory 713 MiB.
2026-10-03T17:45:20Z INFO [420/750] 2cab5f4a-0798-4c4a-80ac-3d0202677b07: 50 datasets; 0.6 s; peak memory 713 MiB.
2026-10-03T17:45:20Z INFO [421/750] 2cac8599-062b-4d0d-968e-84299659d00b: 112 datasets; 0.6 s; peak memory 713 MiB.
2026-10-03T17:45:21Z INFO [422/750] 2cadbf40-dc9d-4e90-a81e-f3f3a9af2e64: 117 datasets; 0.7 s; peak memory 713 MiB.
2026-10-03T17:45:22Z INFO [423/750] 2cae1bcb-c332-464a-a482-ba16d03e5f1a: 46 datasets; 0.9 s; peak memory 713 MiB.
2026-10-03T17:45:24Z INFO [424/750] 2caebafe-379a-40f8-9e04-dafbaf01554c: 85 datasets; 1.9 s; peak memory 713 MiB.
2026-10-03T17:45:28Z INFO [425/750] 2cafc8a5-e897-4609-acb6-bb58e78b0868: 193 datasets; 4.2 s; peak memory 713 MiB.
2026-10-03T17:45:29Z INFO [426/750] 2cb044cb-bbaa-4a82-90b7-6e13803b52dd: 56 datasets; 0.6 s; peak memory 713 MiB.
2026-10-03T17:45:30Z INFO [427/750] 2cb067bd-6874-4abb-8b10-448ff43e14aa: 71 datasets; 1.3 s; peak memory 713 MiB.
2026-10-03T17:45:31Z INFO [428/750] 2cb08da0-3a43-4e11-ba7b-9c4b2b451621: 113 datasets; 1.1 s; peak memory 713 MiB.
2026-10-03T17:45:32Z INFO [429/750] 2cb0a196-75a5-4aca-b9e6-0a72591d38d4: 71 datasets; 1.1 s; peak memory 713 MiB.
2026-10-03T17:45:37Z INFO [430/750] 2cb1fa9a-4aad-4cc2-bbb0-be72f145198b: 193 datasets; 4.8 s; peak memory 713 MiB.
2026-10-03T17:45:38Z INFO [431/750] 2cb3abd4-6f40-4eee-b16a-b3485784958c: 68 datasets; 0.9 s; peak memory 713 MiB.
2026-10-03T17:45:38Z INFO [432/750] 2cb417d8-6d9a-4ee6-8bf2-9f6f9e1a9f62: 45 datasets; 0.5 s; peak memory 713 MiB.
2026-10-03T17:45:39Z INFO [433/750] 2cb49390-a4b2-4ff0-9790-789ffed5e2b9: 63 datasets; 0.6 s; peak memory 713 MiB.
2026-10-03T17:45:45Z INFO [434/750] 2cb4e092-dee3-44a5-9544-d1b3054c5558: 108 datasets; 5.9 s; peak memory 713 MiB.
2026-10-03T17:45:46Z INFO [435/750] 2cb621f6-156d-4ea9-96e9-80d207947423: 116 datasets; 0.7 s; peak memory 713 MiB.
2026-10-03T17:45:48Z INFO [436/750] 2cb65944-ead6-4ec5-a1ae-decec17918b7: 156 datasets; 2.0 s; peak memory 713 MiB.
2026-10-03T17:45:48Z INFO [437/750] 2cb75ecc-8e4d-46e0-9845-5aa83a614489: 118 datasets; 0.8 s; peak memory 713 MiB.
2026-10-03T17:45:49Z INFO [438/750] 2cb82625-bf14-4e8c-98ba-2a8aef9ce3dd: 48 datasets; 0.7 s; peak memory 713 MiB.
2026-10-03T17:45:50Z INFO [439/750] 2cb89f68-8597-4b6e-ad74-4f08426e578d: 116 datasets; 0.8 s; peak memory 713 MiB.
2026-10-03T17:45:51Z INFO [440/750] 2cb8cdbe-7fe1-4f19-bc13-8c9bc3a6fcc1: 46 datasets; 0.6 s; peak memory 713 MiB.
2026-10-03T17:46:03Z INFO [441/750] 2cb90397-d53f-451d-897e-d059fb8e5775: 942 datasets; 12.0 s; peak memory 713 MiB.
2026-10-03T17:46:04Z INFO [442/750] 2cba6976-c875-4c7f-8bad-326afb27562e: 69 datasets; 1.1 s; peak memory 713 MiB.
2026-10-03T17:46:05Z INFO [443/750] 2cbb1eb6-64bc-428d-825a-74ed06888d52: 78 datasets; 1.6 s; peak memory 713 MiB.
2026-10-03T17:46:16Z INFO [444/750] 2cbb84a7-2eaf-47c9-8778-d37eda7bf61f: 431 datasets; 10.8 s; peak memory 713 MiB.
2026-10-03T17:46:17Z INFO [445/750] 2cbc5d09-445d-4f5e-9c03-521e729d9437: 35 datasets; 0.5 s; peak memory 713 MiB.
2026-10-03T17:46:17Z INFO [446/750] 2cbc6001-da97-4b6f-b55b-4dd2394ef613: 21 datasets; 0.5 s; peak memory 713 MiB.
2026-10-03T17:46:24Z INFO [447/750] 2cbd1a83-09b1-40d4-b2e8-2861f39d219e: 805 datasets; 6.4 s; peak memory 713 MiB.
2026-10-03T17:46:24Z INFO [448/750] 2cbd9453-019c-40fd-844b-67ca7faf187e: 48 datasets; 0.6 s; peak memory 713 MiB.
2026-10-03T17:46:25Z INFO [449/750] 2cbdc28a-5d33-40a8-b4ff-453d9439360e: 42 datasets; 0.8 s; peak memory 713 MiB.
2026-10-03T17:46:26Z INFO [450/750] 2cbf5663-7f94-4979-a644-699f7ee326cc: 247 datasets; 0.9 s; peak memory 713 MiB.
2026-10-03T17:46:26Z INFO [450/750] 2cbf5663-7f94-4979-a644-699f7ee326cc: checkpointed 68536 records.
2026-10-03T17:46:28Z INFO [451/750] 2cbf7c3b-c83c-49e7-bce5-61199282ad70: 156 datasets; 1.8 s; peak memory 713 MiB.
2026-10-03T17:46:31Z INFO [452/750] 2cbf86c9-2a5d-4be2-a2fe-27708effd578: 254 datasets; 3.0 s; peak memory 713 MiB.
2026-10-03T17:46:32Z INFO [453/750] 2cc04658-9b58-474f-9b5b-0a1e41e9c96b: 112 datasets; 1.2 s; peak memory 713 MiB.
2026-10-03T17:46:33Z INFO [454/750] 2cc189b6-33e1-4c90-b399-e37977c478c7: 131 datasets; 1.0 s; peak memory 713 MiB.
2026-10-03T17:46:34Z INFO [455/750] 2cc2f5d5-0371-4237-957c-fed3ea3f2fc6: 48 datasets; 0.7 s; peak memory 713 MiB.
2026-10-03T17:46:34Z INFO [456/750] 2cc3dc8f-f4a6-4ed5-aa5f-81b52561be3f: 116 datasets; 0.8 s; peak memory 713 MiB.
2026-10-03T17:46:35Z INFO [457/750] 2cc3eae0-b88c-4529-9d95-549c002781fd: 48 datasets; 0.7 s; peak memory 713 MiB.
2026-10-03T17:46:36Z INFO [458/750] 2cc44d60-75b8-4e1a-ab85-2965416f7e06: 46 datasets; 0.9 s; peak memory 713 MiB.
2026-10-03T17:46:37Z INFO [459/750] 2cc4b8cc-340a-4ce5-95c7-dfb2fb6a6986: 64 datasets; 0.8 s; peak memory 713 MiB.
2026-10-03T17:46:38Z INFO [460/750] 2cc5a632-dcae-4b7a-bd0b-0229b912c946: 119 datasets; 1.3 s; peak memory 713 MiB.
2026-10-03T17:46:39Z INFO [461/750] 2cc5dcf8-823f-473b-916f-8cc517a6f54b: 112 datasets; 0.9 s; peak memory 713 MiB.
2026-10-03T17:46:41Z INFO [462/750] 2cc6fe6a-77cb-4af6-9a46-42eeb334c318: 38 datasets; 1.6 s; peak memory 713 MiB.
2026-10-03T17:46:41Z INFO [463/750] 2cc7062f-5717-4c63-b075-54cda811bcdd: 48 datasets; 0.7 s; peak memory 713 MiB.
2026-10-03T17:46:47Z INFO [464/750] 2cc78c70-029d-4ea5-8e19-06c2f58e675f: 410 datasets; 5.9 s; peak memory 713 MiB.
2026-10-03T17:46:48Z INFO [465/750] 2cc7e655-562c-49d8-b6aa-de6dc863cbd4: 66 datasets; 1.2 s; peak memory 713 MiB.
2026-10-03T17:46:54Z INFO [466/750] 2cc81e9c-c0c1-4ff0-9fd4-a9c04ae0480d: 1409 datasets; 5.2 s; peak memory 713 MiB.
2026-10-03T17:46:54Z INFO [467/750] 2cc84b41-3a2a-4aae-9326-6669b773db7b: 84 datasets; 0.8 s; peak memory 713 MiB.
2026-10-03T17:46:56Z INFO [468/750] 2cc8a0f9-5313-4032-af15-70de09467845: 138 datasets; 1.5 s; peak memory 713 MiB.
2026-10-03T17:46:56Z INFO [469/750] 2cc8e902-ef28-45ce-82b8-d7249e0b8d7b: 46 datasets; 0.5 s; peak memory 713 MiB.
2026-10-03T17:46:58Z INFO [470/750] 2cc9b71c-7828-4a65-8202-340cd77fff4b: 110 datasets; 1.2 s; peak memory 713 MiB.
2026-10-03T17:46:58Z INFO [471/750] 2cca1067-d7f9-4d36-81d2-f819cf48a428: 118 datasets; 0.7 s; peak memory 713 MiB.
2026-10-03T17:46:59Z INFO [472/750] 2cca1e54-dd71-4d39-a046-c93c0b07ed7c: 50 datasets; 0.9 s; peak memory 713 MiB.
2026-10-03T17:47:00Z INFO [473/750] 2cca9e55-e949-4d62-9ea2-febf83bb7083: 117 datasets; 0.8 s; peak memory 713 MiB.
2026-10-03T17:47:01Z INFO [474/750] 2ccb17c8-294e-4fd6-a945-8f54040358b7: 118 datasets; 0.8 s; peak memory 713 MiB.
2026-10-03T17:47:02Z INFO [475/750] 2ccb22e7-ee24-48d1-9d3b-7c223a5af4c8: 62 datasets; 0.9 s; peak memory 713 MiB.
2026-10-03T17:47:03Z INFO [476/750] 2ccb9d42-8e13-4442-ae56-5f229eedef8e: 69 datasets; 0.9 s; peak memory 713 MiB.
2026-10-03T17:47:04Z INFO [477/750] 2ccbafab-77fe-44c3-a032-4b586616d8d9: 109 datasets; 0.9 s; peak memory 713 MiB.
2026-10-03T17:47:04Z INFO [478/750] 2ccc40bd-1104-441f-9f85-d9579bd30e0c: 47 datasets; 0.5 s; peak memory 713 MiB.
2026-10-03T17:47:07Z INFO [479/750] 2ccc6247-eb44-409f-b185-6f69b1730e50: 242 datasets; 2.7 s; peak memory 713 MiB.
2026-10-03T17:47:08Z INFO [480/750] 2ccd0f50-6d02-44ac-91f0-1d06d8a3540f: 53 datasets; 1.0 s; peak memory 713 MiB.
2026-10-03T17:47:09Z INFO [481/750] 2ccdb6d0-74ef-45e4-9efa-99d78eb96671: 118 datasets; 0.9 s; peak memory 713 MiB.
2026-10-03T17:47:10Z INFO [482/750] 2ccdc7cd-b575-43e7-bf28-3bd19e511972: 141 datasets; 1.6 s; peak memory 713 MiB.
2026-10-03T17:47:15Z INFO [483/750] 2cce6631-ff0b-4619-bbde-ee01b98f4711: 298 datasets; 4.5 s; peak memory 713 MiB.
2026-10-03T17:47:17Z INFO [484/750] 2cce9a29-6e79-4e5b-9de7-7e7d4879e6b5: 184 datasets; 2.3 s; peak memory 713 MiB.
2026-10-03T17:47:25Z INFO [485/750] 2ccf1061-0ac0-4a80-8266-9768b466d7f6: 5354 datasets; 8.2 s; peak memory 713 MiB.
2026-10-03T17:47:26Z INFO [486/750] 2cd0bf9f-e1fd-4035-b344-2ddef403e52c: 58 datasets; 0.6 s; peak memory 713 MiB.
2026-10-03T17:47:27Z INFO [487/750] 2cd14d92-2263-4955-86ca-8dea3e72c36c: 117 datasets; 0.8 s; peak memory 713 MiB.
2026-10-03T17:47:28Z INFO [488/750] 2cd160ef-0f4e-490f-aed0-306f768f6685: 52 datasets; 0.8 s; peak memory 713 MiB.
2026-10-03T17:47:31Z INFO [489/750] 2cd2dead-bde5-48fb-8d6c-08d8369b2bc0: 608 datasets; 3.8 s; peak memory 713 MiB.
2026-10-03T17:47:32Z INFO [490/750] 2cd51bc0-7231-408e-9088-0fa7af777311: 46 datasets; 0.5 s; peak memory 713 MiB.
2026-10-03T17:47:32Z INFO [491/750] 2cd54794-c6f9-4a37-9c46-f402bd720c81: 60 datasets; 0.6 s; peak memory 713 MiB.
2026-10-03T17:47:33Z INFO [492/750] 2cd58836-58a8-414d-9880-8ecc41173a94: 118 datasets; 0.9 s; peak memory 713 MiB.
2026-10-03T17:47:34Z INFO [493/750] 2cd5da1f-95a1-4ba6-a2b6-8f2eebd352e0: 46 datasets; 0.5 s; peak memory 713 MiB.
2026-10-03T17:47:34Z INFO [494/750] 2cd655b8-004d-4baf-ab17-89c63d2ab4d3: 68 datasets; 0.6 s; peak memory 713 MiB.
2026-10-03T17:47:35Z INFO [495/750] 2cd6d834-a6d6-47d3-b9a5-c2e627df8ca5: 117 datasets; 0.8 s; peak memory 713 MiB.
2026-10-03T17:47:36Z INFO [496/750] 2cd6e2fa-29eb-4cdb-8305-531d0bb64a69: 52 datasets; 0.8 s; peak memory 713 MiB.
2026-10-03T17:47:40Z INFO [497/750] 2cd7298d-6cf4-4b18-a50e-1b34d7b35674: 449 datasets; 3.6 s; peak memory 713 MiB.
2026-10-03T17:47:40Z INFO [498/750] 2cd7a123-b9af-414d-b806-c1cbd6db6049: 110 datasets; 0.9 s; peak memory 713 MiB.
2026-10-03T17:47:42Z INFO [499/750] 2cd85331-31c1-488a-b90f-45ceedc1d476: 155 datasets; 1.4 s; peak memory 713 MiB.
2026-10-03T17:47:42Z INFO [500/750] 2cd8e361-0489-4f11-9f64-b7723b1efe9e: 38 datasets; 0.5 s; peak memory 713 MiB.
2026-10-03T17:47:42Z INFO [500/750] 2cd8e361-0489-4f11-9f64-b7723b1efe9e: checkpointed 68586 records.
2026-10-03T17:47:43Z INFO [501/750] 2cd8e8ee-db9f-4ae6-aa64-042feefb9318: 38 datasets; 0.6 s; peak memory 713 MiB.
2026-10-03T17:47:45Z INFO [502/750] 2cd8f4c0-104f-4019-b783-2c6969be1607: 138 datasets; 1.7 s; peak memory 713 MiB.
2026-10-03T17:47:46Z INFO [503/750] 2cd9778b-6944-46af-8c67-a590a97551df: 92 datasets; 0.8 s; peak memory 713 MiB.
2026-10-03T17:47:47Z INFO [504/750] 2cdac48f-2330-4dc2-a213-02a143dae649: 116 datasets; 1.0 s; peak memory 713 MiB.
2026-10-03T17:47:54Z INFO [505/750] 2cdb2bb7-e7d1-4a2a-9c52-147f02eaf05c: 965 datasets; 7.8 s; peak memory 713 MiB.
2026-10-03T17:50:56Z INFO [506/750] 2cdb4c6a-7bd6-4999-a1e4-c760607e47e6: 292 datasets; 181.5 s; peak memory 713 MiB.
2026-10-03T17:50:57Z INFO [507/750] 2cdbc12f-f863-4afe-bef8-cc253dde2267: 118 datasets; 1.3 s; peak memory 713 MiB.
2026-10-03T17:50:59Z INFO [508/750] 2cdc0a8e-314c-4571-8030-2993ff5f7daf: 115 datasets; 1.7 s; peak memory 713 MiB.
2026-10-03T17:51:04Z INFO [509/750] 2cdce245-a653-4c04-84e6-3f632579d3a0: 339 datasets; 5.4 s; peak memory 713 MiB.
2026-10-03T17:51:05Z INFO [510/750] 2cdce400-7e18-4819-b7a7-f16959080b23: 48 datasets; 0.7 s; peak memory 713 MiB.
2026-10-03T17:51:06Z INFO [511/750] 2cdd8e3b-a85e-47ef-890d-6363844f99ba: 112 datasets; 1.2 s; peak memory 713 MiB.
2026-10-03T17:51:07Z INFO [512/750] 2cdda551-6b5d-41b8-a4f7-335dca4b6771: 48 datasets; 0.7 s; peak memory 713 MiB.
2026-10-03T17:51:08Z INFO [513/750] 2cde5e00-910f-454f-8152-b3fa022214a6: 101 datasets; 1.2 s; peak memory 713 MiB.
2026-10-03T17:51:09Z INFO [514/750] 2cde89b5-4aac-4b43-b3ef-60c01ca242ca: 61 datasets; 1.0 s; peak memory 713 MiB.
2026-10-03T17:51:10Z INFO [515/750] 2cdf2e9a-1b3c-42c3-adde-0af9e35ad2d0: 48 datasets; 0.9 s; peak memory 713 MiB.
2026-10-03T17:51:20Z INFO [516/750] 2cdf6497-ccd6-4100-a379-9257deb0b443: 1341 datasets; 10.1 s; peak memory 713 MiB.
2026-10-03T17:51:23Z INFO [517/750] 2cdf7e18-16d5-46a1-a503-6eaec426fbcf: 111 datasets; 2.8 s; peak memory 713 MiB.
2026-10-03T17:51:24Z INFO [518/750] 2cdfe01f-69a8-4a53-ae38-415921896c1d: 48 datasets; 0.8 s; peak memory 713 MiB.
2026-10-03T17:51:24Z INFO [519/750] 2cdfedd6-148d-44fb-8dfe-2274ada68598: 52 datasets; 0.8 s; peak memory 713 MiB.
2026-10-03T17:51:25Z INFO [520/750] 2ce15091-ce4e-46ed-8285-56edc6faff26: 112 datasets; 0.8 s; peak memory 713 MiB.
2026-10-03T17:51:35Z INFO [521/750] 2ce1a58e-360b-4d8b-bfa0-7eabd08b2b0a: 1283 datasets; 9.5 s; peak memory 713 MiB.
2026-10-03T17:51:35Z INFO [522/750] 2ce20afb-a5a5-423a-9839-6086875434f8: 35 datasets; 0.6 s; peak memory 713 MiB.
2026-10-03T17:51:36Z INFO [523/750] 2ce26199-50ae-403c-8eb7-ab0c9f92c4fb: 63 datasets; 0.6 s; peak memory 713 MiB.
2026-10-03T17:51:40Z INFO [524/750] 2ce3bfde-eb3e-4749-bc03-7a38df008075: 581 datasets; 4.0 s; peak memory 713 MiB.
2026-10-03T17:51:41Z INFO [525/750] 2ce40829-f246-45de-9131-5afdd111698f: 71 datasets; 0.7 s; peak memory 713 MiB.
2026-10-03T17:51:42Z INFO [526/750] 2ce63ab3-2533-4411-9778-f30fe40deaf4: 69 datasets; 1.1 s; peak memory 713 MiB.
2026-10-03T17:51:43Z INFO [527/750] 2ce6f140-447d-4ab2-8f87-2ef9da32740e: 71 datasets; 1.0 s; peak memory 713 MiB.
2026-10-03T17:51:44Z INFO [528/750] 2ce92ea2-0e6a-419b-9ede-9cdb825465a6: 112 datasets; 1.0 s; peak memory 713 MiB.
2026-10-03T17:51:45Z INFO [529/750] 2ce96097-2822-4e52-b4a6-b8984d71f854: 38 datasets; 1.3 s; peak memory 713 MiB.
2026-10-03T17:51:46Z INFO [530/750] 2cea6229-8ae3-4301-83b7-5596ab14c468: 117 datasets; 1.1 s; peak memory 713 MiB.
2026-10-03T17:51:50Z INFO [531/750] 2cea7726-2703-4aa1-ab74-166e9c7f2c72: 384 datasets; 3.6 s; peak memory 713 MiB.
2026-10-03T17:51:55Z INFO [532/750] 2ceae34a-d322-4485-ae8b-095e7bd1f4cb: 758 datasets; 5.6 s; peak memory 713 MiB.
2026-10-03T17:51:56Z INFO [533/750] 2ceaf06a-af7d-4e5a-8246-8dc5a68a2911: 118 datasets; 1.0 s; peak memory 713 MiB.
2026-10-03T17:51:57Z INFO [534/750] 2ceb2bce-48ba-41e1-846e-156263968510: 52 datasets; 0.8 s; peak memory 713 MiB.
2026-10-03T17:51:59Z INFO [535/750] 2ceb3a4d-624f-4c92-8415-d720f2e3f6c2: 114 datasets; 2.0 s; peak memory 713 MiB.
2026-10-03T17:52:00Z INFO [536/750] 2ceb9bd4-dcc5-4663-bd24-22d3056187f0: 71 datasets; 0.9 s; peak memory 713 MiB.
2026-10-03T17:52:01Z INFO [537/750] 2cebb51b-5b2b-4655-b23a-caa5e13a250a: 48 datasets; 0.8 s; peak memory 713 MiB.
2026-10-03T17:52:02Z INFO [538/750] 2cec0752-da10-48ee-bcae-0e47e4e65eac: 117 datasets; 0.9 s; peak memory 713 MiB.
2026-10-03T17:52:04Z INFO [539/750] 2cec307c-d814-430b-b0ca-8163107d485c: 170 datasets; 1.9 s; peak memory 713 MiB.
2026-10-03T17:52:05Z INFO [540/750] 2cecc776-ba17-417f-8cb9-8c6621c57f38: 118 datasets; 0.9 s; peak memory 713 MiB.
2026-10-03T17:52:06Z INFO [541/750] 2cece7d4-28dd-48d6-8fa4-d8e3f1800b73: 116 datasets; 1.8 s; peak memory 713 MiB.
2026-10-03T17:52:08Z INFO [542/750] 2cecefb7-fd74-416c-bb78-ce17e3eb52fa: 84 datasets; 1.7 s; peak memory 713 MiB.
2026-10-03T17:52:09Z INFO [543/750] 2cecf042-0c5f-4a02-92da-ada6b45d81b2: 38 datasets; 0.6 s; peak memory 713 MiB.
2026-10-03T17:52:10Z INFO [544/750] 2ced41d1-b187-477c-9050-b8843509bc9f: 112 datasets; 0.8 s; peak memory 713 MiB.
2026-10-03T17:52:15Z INFO [545/750] 2ced6e25-0882-425d-bfa2-f516379fd0c9: 9087 datasets; 5.4 s; peak memory 713 MiB.
2026-10-03T17:52:17Z INFO [546/750] 2cee3d78-b490-4801-a6fe-ccbb46acb0bb: 502 datasets; 2.0 s; peak memory 713 MiB.
2026-10-03T17:52:18Z INFO [547/750] 2cee8c3d-04fc-453a-a06b-4825dc7acac9: 48 datasets; 0.8 s; peak memory 713 MiB.
2026-10-03T17:52:18Z INFO [548/750] 2ceefb7e-fdb8-4f3c-8b41-3155db17bf89: 48 datasets; 0.8 s; peak memory 713 MiB.
2026-10-03T17:52:19Z INFO [549/750] 2cef7ac0-3c03-4e5e-8025-f01a90a656c5: 45 datasets; 0.5 s; peak memory 713 MiB.
2026-10-03T17:52:20Z INFO [550/750] 2cefb839-2085-4fc5-aa8d-74c3975f763e: 38 datasets; 1.5 s; peak memory 713 MiB.
2026-10-03T17:52:21Z INFO [550/750] 2cefb839-2085-4fc5-aa8d-74c3975f763e: checkpointed 68636 records.
2026-10-03T17:52:21Z INFO [551/750] 2cf021aa-b8ef-4b9a-a31e-c7c0d14749e2: 48 datasets; 0.7 s; peak memory 713 MiB.
2026-10-03T17:52:22Z INFO [552/750] 2cf1de10-9575-4d50-821b-6c4f0539da3c: 118 datasets; 0.7 s; peak memory 713 MiB.
2026-10-03T17:52:23Z INFO [553/750] 2cf2364f-98d2-4998-8c5c-6f499c1dca21: 112 datasets; 0.9 s; peak memory 713 MiB.
2026-10-03T17:52:24Z INFO [554/750] 2cf2d3eb-c27c-4f44-b7d4-f669e38b6aeb: 121 datasets; 1.3 s; peak memory 713 MiB.
2026-10-03T17:52:28Z INFO [555/750] 2cf30a33-7625-4689-abcc-9782c13af508: 82 datasets; 3.7 s; peak memory 713 MiB.
2026-10-03T17:52:31Z INFO [556/750] 2cf32440-86d1-49e9-ad93-cf738aad5814: 544 datasets; 3.5 s; peak memory 713 MiB.
2026-10-03T17:52:32Z INFO [557/750] 2cf36d66-3b60-47b1-a6fa-eb4fedbd1628: 112 datasets; 0.9 s; peak memory 713 MiB.
2026-10-03T17:52:33Z INFO [558/750] 2cf3920d-f611-4381-966b-5f508ecb0c9b: 48 datasets; 0.7 s; peak memory 713 MiB.
2026-10-03T17:52:34Z INFO [559/750] 2cf3d653-a0fd-4123-8e48-a478a62ebd2c: 116 datasets; 0.8 s; peak memory 713 MiB.
2026-10-03T17:52:34Z INFO [560/750] 2cf3d6e4-97aa-4707-aa1c-a6aff79c605b: 56 datasets; 0.5 s; peak memory 713 MiB.
2026-10-03T17:52:56Z INFO [561/750] 2cf445bd-6ba2-49f1-ac73-f1bdf7b5407a: 48 datasets; 21.6 s; peak memory 713 MiB.
2026-10-03T17:52:57Z INFO [562/750] 2cf4758c-dc85-4f42-8295-683f3547cb53: 112 datasets; 1.0 s; peak memory 713 MiB.
2026-10-03T17:52:59Z INFO [563/750] 2cf4fcf7-98bb-4f3c-8b1f-017652cb5653: 156 datasets; 1.9 s; peak memory 713 MiB.
2026-10-03T17:53:00Z INFO [564/750] 2cf5b78c-7215-465e-9ec7-731638cc357f: 48 datasets; 0.8 s; peak memory 713 MiB.
2026-10-03T17:53:05Z INFO [565/750] 2cf5e7ff-acd0-46bd-ae4b-782982573354: 244 datasets; 5.0 s; peak memory 713 MiB.
2026-10-03T17:53:06Z INFO [566/750] 2cf6da45-f2b4-4b78-abb5-673b327bb5db: 71 datasets; 1.5 s; peak memory 713 MiB.
2026-10-03T17:53:08Z INFO [567/750] 2cf74a7c-e97b-4882-a8ec-c6c296ece1c4: 118 datasets; 1.7 s; peak memory 713 MiB.
2026-10-03T17:53:14Z INFO [568/750] 2cf76396-bb9f-4125-9fef-caa8ff198074: 11477 datasets; 5.9 s; peak memory 713 MiB.
2026-10-03T17:53:14Z INFO [569/750] 2cf9fcad-953f-4580-839a-1a40a28c7d62: 47 datasets; 0.6 s; peak memory 713 MiB.
2026-10-03T17:53:15Z INFO [570/750] 2cfa14e2-6b7c-4d81-80a2-55422cfd354f: 118 datasets; 0.8 s; peak memory 713 MiB.
2026-10-03T17:53:15Z INFO [571/750] 2cfa339a-8273-4cfc-adcd-aea831df7f56: 46 datasets; 0.5 s; peak memory 713 MiB.
2026-10-03T17:53:17Z INFO [572/750] 2cfa4afc-9694-44aa-bc54-8eca64ecac59: 102 datasets; 1.3 s; peak memory 713 MiB.
2026-10-03T17:53:18Z INFO [573/750] 2cfa55a9-1a5d-4218-97db-50e2f1a48029: 64 datasets; 1.3 s; peak memory 713 MiB.
2026-10-03T17:53:19Z INFO [574/750] 2cfa62f9-944b-41e9-816b-0971118c61b0: 48 datasets; 0.8 s; peak memory 713 MiB.
2026-10-03T17:53:19Z INFO [575/750] 2cfb936e-2632-4268-8bf6-cc8c2f75f65f: 48 datasets; 0.6 s; peak memory 713 MiB.
2026-10-03T17:53:20Z INFO [576/750] 2cfbd8d7-6b3a-4db1-9fbe-7b4a3b193e05: 112 datasets; 0.8 s; peak memory 713 MiB.
2026-10-03T17:53:21Z INFO [577/750] 2cfbe34d-60c4-46ff-b7c4-99cd0e3bdab3: 116 datasets; 0.8 s; peak memory 713 MiB.
2026-10-03T17:53:25Z INFO [578/750] 2cfd4491-5652-424e-9046-ac9eda9b3a1e: 560 datasets; 4.0 s; peak memory 713 MiB.
2026-10-03T17:53:26Z INFO [579/750] 2cfd9780-dc37-4289-a469-b927dfcb6007: 112 datasets; 1.0 s; peak memory 713 MiB.
2026-10-03T17:53:41Z INFO [580/750] 2cfdd52b-f1cf-4b4d-be01-e03953fe44d0: 87 datasets; 15.1 s; peak memory 713 MiB.
2026-10-03T17:53:43Z INFO [581/750] 2cfe05e3-534c-441e-bd06-4e07d4577c5f: 186 datasets; 1.9 s; peak memory 713 MiB.
2026-10-03T17:53:44Z INFO [582/750] 2cfe201b-76a5-4c87-acdd-873bf3946fb0: 45 datasets; 0.5 s; peak memory 713 MiB.
2026-10-03T17:53:47Z INFO [583/750] 2cfe23f9-12a8-4c16-9471-bca75cfe49d7: 229 datasets; 3.5 s; peak memory 713 MiB.
2026-10-03T17:53:48Z INFO [584/750] 2cff1b07-848c-4bd8-b3ba-dcd19eacad93: 57 datasets; 0.6 s; peak memory 713 MiB.
2026-10-03T17:53:50Z INFO [585/750] 2cff9384-7985-4252-b988-b02948a894bb: 157 datasets; 2.2 s; peak memory 713 MiB.
2026-10-03T17:53:52Z INFO [586/750] 2cffb9e5-c687-4b4a-8fc3-03e18f64b1c3: 84 datasets; 1.7 s; peak memory 713 MiB.
2026-10-03T17:53:52Z INFO [587/750] 2d017446-76d8-4ae0-9adc-485966aa0052: 41 datasets; 0.5 s; peak memory 713 MiB.
2026-10-03T17:53:53Z INFO [588/750] 2d02a755-fa51-44b1-9a14-5a667415d4f5: 118 datasets; 0.8 s; peak memory 713 MiB.
2026-10-03T17:53:54Z INFO [589/750] 2d031813-bb67-4d3f-8207-39220b2df67e: 48 datasets; 0.7 s; peak memory 713 MiB.
2026-10-03T17:53:54Z INFO [590/750] 2d03235c-1ace-4e7e-aa67-adad632270d6: 117 datasets; 0.7 s; peak memory 713 MiB.
2026-10-03T17:53:55Z INFO [591/750] 2d035bb4-95e7-4553-aee0-f099bd775619: 118 datasets; 0.7 s; peak memory 713 MiB.
2026-10-03T17:53:56Z INFO [592/750] 2d045971-e132-4457-a650-3e842c68f700: 112 datasets; 1.1 s; peak memory 713 MiB.
2026-10-03T17:54:02Z INFO [593/750] 2d04612e-30bc-4779-9301-54d9767e340b: 795 datasets; 5.9 s; peak memory 713 MiB.
2026-10-03T17:54:03Z INFO [594/750] 2d0517e0-6c09-4068-91c3-0788b60af21e: 48 datasets; 0.7 s; peak memory 713 MiB.
2026-10-03T17:54:04Z INFO [595/750] 2d05b461-5f4b-4b3a-8f49-30cc26bf44f7: 117 datasets; 0.9 s; peak memory 713 MiB.
2026-10-03T17:54:05Z INFO [596/750] 2d06c2ca-9da3-4f73-9cb4-77b4c5907223: 69 datasets; 0.9 s; peak memory 713 MiB.
2026-10-03T17:54:08Z INFO [597/750] 2d07097b-a192-4450-8e61-2b1ece405b4c: 362 datasets; 3.8 s; peak memory 713 MiB.
2026-10-03T17:54:09Z INFO [598/750] 2d078f92-6e76-4216-8aa7-28a5782f0505: 109 datasets; 1.1 s; peak memory 713 MiB.
2026-10-03T17:55:56Z INFO [599/750] 2d0885e5-608c-44b9-900e-ba1be0c8256b: 254 datasets; 106.6 s; peak memory 713 MiB.
2026-10-03T17:56:23Z INFO [600/750] 2d091757-9736-4d01-b828-e656063a661a: 52 datasets; 26.6 s; peak memory 713 MiB.
2026-10-03T17:56:23Z INFO [600/750] 2d091757-9736-4d01-b828-e656063a661a: checkpointed 68686 records.
2026-10-03T17:56:24Z INFO [601/750] 2d09d017-ae69-4b17-9cda-c48e4ec13ff0: 48 datasets; 0.9 s; peak memory 713 MiB.
2026-10-03T17:56:25Z INFO [602/750] 2d0aa1d9-df6a-42cb-b626-4aa93f3fdeb5: 66 datasets; 1.2 s; peak memory 713 MiB.
2026-10-03T17:56:26Z INFO [603/750] 2d0ad800-6141-49e8-8b92-7b0bc7f5a52d: 48 datasets; 0.7 s; peak memory 713 MiB.
2026-10-03T17:56:26Z INFO [604/750] 2d0aee44-efbd-40f7-8820-4681ece3f83f: 41 datasets; 0.7 s; peak memory 713 MiB.
2026-10-03T17:56:31Z INFO [605/750] 2d0b25aa-d0f1-4e4a-af70-6c7c7aafb42f: 303 datasets; 5.1 s; peak memory 713 MiB.
2026-10-03T17:56:32Z INFO [606/750] 2d0bbc68-9cd1-402d-b392-19efd7ed64df: 48 datasets; 0.7 s; peak memory 713 MiB.
2026-10-03T17:56:33Z INFO [607/750] 2d0bf6be-222c-48a5-8184-901699404896: 46 datasets; 0.6 s; peak memory 713 MiB.
2026-10-03T17:56:33Z INFO [608/750] 2d0c98d0-1e1e-4c02-af42-66bf4686cc00: 48 datasets; 0.7 s; peak memory 713 MiB.
2026-10-03T17:56:44Z INFO [609/750] 2d0d301e-d97e-4e7b-b61d-1f2ff7dc75aa: 6147 datasets; 10.6 s; peak memory 713 MiB.
2026-10-03T17:56:45Z INFO [610/750] 2d0e6ecf-d7ea-4740-9e1d-548a8363149c: 112 datasets; 1.2 s; peak memory 713 MiB.
2026-10-03T17:56:46Z INFO [611/750] 2d0e80ff-437e-4af9-a96e-01129e0b19df: 63 datasets; 0.7 s; peak memory 713 MiB.
2026-10-03T17:56:50Z INFO [612/750] 2d0eac77-1c1f-47f7-b555-0a05ce549183: 538 datasets; 3.9 s; peak memory 713 MiB.
2026-10-03T17:56:51Z INFO [613/750] 2d0efc46-ac9b-4fb8-8319-cf67e46e6625: 49 datasets; 0.8 s; peak memory 713 MiB.
2026-10-03T17:56:51Z INFO [614/750] 2d0f2e09-49e8-4827-8f5d-a3e395c22d29: 48 datasets; 0.8 s; peak memory 713 MiB.
2026-10-03T17:56:52Z INFO [615/750] 2d0f4158-5b8c-4291-bef3-6533394baf9c: 68 datasets; 0.7 s; peak memory 713 MiB.
2026-10-03T17:56:53Z INFO [616/750] 2d0fa663-d1f6-4cac-80d1-8fec5b3590fd: 48 datasets; 0.7 s; peak memory 713 MiB.
2026-10-03T17:56:54Z INFO [617/750] 2d0fdf92-a790-4faf-ae23-7b612421cbab: 118 datasets; 0.8 s; peak memory 713 MiB.
2026-10-03T17:56:54Z INFO [618/750] 2d102473-fb55-4edd-bd53-bd4f7ee012ff: 112 datasets; 0.8 s; peak memory 713 MiB.
2026-10-03T17:56:58Z INFO [619/750] 2d10ede2-db79-4324-8b37-1cd541286927: 152 datasets; 3.5 s; peak memory 713 MiB.
2026-10-03T17:57:02Z INFO [620/750] 2d1100a2-937f-49cc-8606-6aef76218ee2: 538 datasets; 3.6 s; peak memory 713 MiB.
2026-10-03T17:57:03Z INFO [621/750] 2d11266f-b942-4f33-a88d-f212aa0e15e1: 112 datasets; 1.0 s; peak memory 713 MiB.
2026-10-03T17:57:03Z INFO [622/750] 2d11d39d-69b2-419f-820b-491f63d82241: 117 datasets; 0.8 s; peak memory 713 MiB.
2026-10-03T17:57:04Z INFO [623/750] 2d11ddff-84eb-4041-b0c5-1d67f301c08b: 48 datasets; 0.6 s; peak memory 713 MiB.
2026-10-03T17:57:05Z INFO [624/750] 2d1206cb-8cc0-4ac5-a518-d001e3af4fcf: 112 datasets; 1.0 s; peak memory 713 MiB.
2026-10-03T17:57:06Z INFO [625/750] 2d13a622-da35-451a-a87f-b4d17506bb24: 50 datasets; 0.5 s; peak memory 713 MiB.
2026-10-03T17:57:11Z INFO [626/750] 2d13e5fe-efe3-4021-94f1-3deab337b407: 11473 datasets; 5.7 s; peak memory 713 MiB.
2026-10-03T17:57:12Z INFO [627/750] 2d13f667-0a4c-4236-994d-4580cfc6fb19: 117 datasets; 0.8 s; peak memory 713 MiB.
2026-10-03T17:57:13Z INFO [628/750] 2d145360-da34-4895-99a7-ef6947412b66: 61 datasets; 1.1 s; peak memory 713 MiB.
2026-10-03T17:57:26Z INFO [629/750] 2d14cd7a-25c0-43e0-a832-82737a9fdbfa: 41 datasets; 12.4 s; peak memory 713 MiB.
2026-10-03T17:57:26Z INFO [630/750] 2d14e0a5-699d-43fc-a1be-59a7dcbf3e40: 48 datasets; 0.7 s; peak memory 713 MiB.
2026-10-03T17:57:29Z INFO [631/750] 2d14ee4f-7ae1-4de3-b7e6-0df4c02fe7a7: 156 datasets; 2.3 s; peak memory 713 MiB.
2026-10-03T17:57:29Z INFO [632/750] 2d14fb87-a7d1-4fc5-8733-7d4814c5271c: 112 datasets; 0.8 s; peak memory 713 MiB.
2026-10-03T17:57:35Z INFO [633/750] 2d14fdcf-1ad8-47a6-8a8b-5e5e98baff95: 11477 datasets; 5.8 s; peak memory 713 MiB.
2026-10-03T17:57:37Z INFO [634/750] 2d181d1d-58ef-44c5-9c57-84fb10f79d35: 90 datasets; 1.7 s; peak memory 713 MiB.
2026-10-03T17:57:38Z INFO [635/750] 2d186bc8-fd9c-473d-868d-c44a4d7cc34c: 112 datasets; 1.0 s; peak memory 713 MiB.
2026-10-03T17:57:40Z INFO [636/750] 2d1871cf-ff58-4383-864a-36f4fa3d0191: 156 datasets; 1.8 s; peak memory 713 MiB.
2026-10-03T17:57:40Z INFO [637/750] 2d198425-db66-4af9-9d13-0e81a97ebedc: 117 datasets; 0.7 s; peak memory 713 MiB.
2026-10-03T17:57:42Z INFO [638/750] 2d1a10b6-c55b-4ca3-8d17-e462b8613ab7: 71 datasets; 1.7 s; peak memory 713 MiB.
2026-10-03T17:57:43Z INFO [639/750] 2d1bcf0a-11c6-4873-8745-5a1fc956d939: 93 datasets; 1.0 s; peak memory 713 MiB.
2026-10-03T17:57:44Z INFO [640/750] 2d1c663f-a3fb-43d8-a97c-952d43591ee3: 112 datasets; 0.9 s; peak memory 713 MiB.
2026-10-03T17:57:45Z INFO [641/750] 2d1cb80a-f678-4921-aa20-c0cc926943fb: 119 datasets; 1.5 s; peak memory 713 MiB.
2026-10-03T17:57:46Z INFO [642/750] 2d1cf7fb-e8f3-4047-bb1f-054337653174: 72 datasets; 0.8 s; peak memory 713 MiB.
2026-10-03T17:57:47Z INFO [643/750] 2d1d1235-9bf9-4748-9fef-ec7700bba716: 117 datasets; 0.9 s; peak memory 713 MiB.
2026-10-03T17:57:48Z INFO [644/750] 2d1db673-443e-46f8-aceb-6dc7dc4d1842: 130 datasets; 0.7 s; peak memory 713 MiB.
2026-10-03T17:57:48Z INFO [645/750] 2d1dda1c-dec0-40d8-a04f-95441109866e: 48 datasets; 0.7 s; peak memory 713 MiB.
2026-10-03T17:57:50Z INFO [646/750] 2d1e94c9-6403-4c46-9e4f-262ce369b739: 70 datasets; 1.3 s; peak memory 713 MiB.
2026-10-03T17:59:15Z INFO [647/750] 2d1ec365-b793-4ffc-b074-a417f57857dc: 55 datasets; 85.4 s; peak memory 713 MiB.
2026-10-03T17:59:16Z INFO [648/750] 2d1ed250-2f70-4143-91a9-41284b23d573: 48 datasets; 0.6 s; peak memory 713 MiB.
2026-10-03T17:59:22Z INFO [649/750] 2d1f1f0e-9748-45ac-a65d-31eca86be44e: 11477 datasets; 6.2 s; peak memory 713 MiB.
2026-10-03T17:59:23Z INFO [650/750] 2d1f4659-618c-408b-b699-d0ff5eed5234: 47 datasets; 0.6 s; peak memory 713 MiB.
2026-10-03T17:59:23Z INFO [650/750] 2d1f4659-618c-408b-b699-d0ff5eed5234: checkpointed 68736 records.
2026-10-03T17:59:23Z INFO [651/750] 2d1fcd60-dfcf-452c-ac26-a846cdedf6e7: 52 datasets; 0.6 s; peak memory 713 MiB.
2026-10-03T17:59:24Z INFO [652/750] 2d1febda-de85-455c-b005-4a3e931c1dfd: 118 datasets; 0.8 s; peak memory 713 MiB.
2026-10-03T17:59:25Z INFO [653/750] 2d20af1c-ccf6-4dc8-a775-3cb15aa2caac: 261 datasets; 1.0 s; peak memory 713 MiB.
2026-10-03T17:59:26Z INFO [654/750] 2d20b5fc-c327-4f9c-90d9-266390cff4a0: 45 datasets; 0.5 s; peak memory 713 MiB.
2026-10-03T17:59:26Z INFO [655/750] 2d20b933-d4b9-4371-8e21-574c5a7ad43d: 64 datasets; 0.8 s; peak memory 713 MiB.
2026-10-03T17:59:27Z INFO [656/750] 2d20c3df-592e-434c-a28b-18bd5bacc3c7: 112 datasets; 0.8 s; peak memory 713 MiB.
2026-10-03T17:59:28Z INFO [657/750] 2d218208-f03a-4c75-b3a5-f19d90f10374: 46 datasets; 0.4 s; peak memory 713 MiB.
2026-10-03T17:59:29Z INFO [658/750] 2d21afad-5d96-4f83-b9df-e4c2df73cc9b: 84 datasets; 1.1 s; peak memory 713 MiB.
2026-10-03T17:59:30Z INFO [659/750] 2d22cd8a-0603-4621-9e6d-a3516188d391: 78 datasets; 1.1 s; peak memory 713 MiB.
2026-10-03T17:59:31Z INFO [660/750] 2d23098c-8dc1-4295-9491-e2e9320f4d69: 48 datasets; 0.7 s; peak memory 713 MiB.
2026-10-03T17:59:31Z INFO [661/750] 2d23a9c3-5446-4424-b9db-b7254ab10233: 48 datasets; 0.6 s; peak memory 713 MiB.
2026-10-03T17:59:32Z INFO [662/750] 2d23ca9b-77c1-4d0b-982d-5b3f2b573a2b: 48 datasets; 0.7 s; peak memory 713 MiB.
2026-10-03T17:59:36Z INFO [663/750] 2d23e484-a649-4651-9e25-973ac7a0904d: 196 datasets; 4.5 s; peak memory 713 MiB.
2026-10-03T17:59:37Z INFO [664/750] 2d240ec9-da73-4c0b-8071-7afa7bb254a2: 117 datasets; 0.8 s; peak memory 713 MiB.
2026-10-03T17:59:38Z INFO [665/750] 2d241f10-6e9c-4354-b6f5-110cee25edb0: 45 datasets; 0.7 s; peak memory 713 MiB.
2026-10-03T17:59:38Z INFO [666/750] 2d250964-4518-4443-883c-127c25297ed4: 45 datasets; 0.6 s; peak memory 713 MiB.
2026-10-03T17:59:39Z INFO [667/750] 2d251980-6ae4-4ba1-aca9-f4123ba464d9: 116 datasets; 0.8 s; peak memory 713 MiB.
2026-10-03T17:59:40Z INFO [668/750] 2d25419d-0a91-40a0-829a-730b1d2015a5: 46 datasets; 0.7 s; peak memory 713 MiB.
2026-10-03T17:59:41Z INFO [669/750] 2d2549a1-eb65-48c7-9286-d66c827279b6: 38 datasets; 0.6 s; peak memory 713 MiB.
2026-10-03T17:59:41Z INFO [670/750] 2d25757a-f80d-42f1-9a87-c4f2ef17e116: 48 datasets; 0.7 s; peak memory 713 MiB.
2026-10-03T17:59:42Z INFO [671/750] 2d263388-5ead-47ca-ac7e-847481629c2e: 48 datasets; 0.9 s; peak memory 713 MiB.
2026-10-03T17:59:43Z INFO [672/750] 2d268291-6f71-499a-9749-2aadb65351ad: 72 datasets; 0.8 s; peak memory 713 MiB.
2026-10-03T17:59:44Z INFO [673/750] 2d26d224-a9e9-4b42-a9a2-4c3a6bb0864a: 63 datasets; 0.6 s; peak memory 713 MiB.
2026-10-03T17:59:45Z INFO [674/750] 2d2752ab-4cdc-4a1e-bcc0-2e113af8683e: 112 datasets; 1.0 s; peak memory 713 MiB.
2026-10-03T17:59:45Z INFO [675/750] 2d276556-0eb6-43d2-ab03-2106edacdc25: 44 datasets; 0.7 s; peak memory 713 MiB.
2026-10-03T17:59:46Z INFO [676/750] 2d28479f-7ef3-4c44-8279-4568120f6cb2: 117 datasets; 0.8 s; peak memory 713 MiB.
2026-10-03T17:59:53Z INFO [677/750] 2d28a621-c898-4211-b680-24b4d9872d85: 873 datasets; 6.7 s; peak memory 713 MiB.
2026-10-03T17:59:54Z INFO [678/750] 2d28d49e-63d5-4402-9cd2-6f783e4e6193: 112 datasets; 0.8 s; peak memory 713 MiB.
2026-10-03T17:59:55Z INFO [679/750] 2d28fad8-1300-44d0-a48e-65233f770852: 87 datasets; 1.4 s; peak memory 713 MiB.
2026-10-03T17:59:56Z INFO [680/750] 2d29464a-5005-4f3c-b506-c9a2e8cdb3da: 112 datasets; 0.6 s; peak memory 713 MiB.
2026-10-03T17:59:56Z INFO [681/750] 2d29683f-1bbe-4188-b716-dae98600fc71: 114 datasets; 0.6 s; peak memory 713 MiB.
2026-10-03T17:59:59Z INFO [682/750] 2d298808-6dde-4ebb-bedd-fa2de1e683d2: 260 datasets; 2.9 s; peak memory 713 MiB.
2026-10-03T18:00:00Z INFO [683/750] 2d2a71e5-4c1f-4f87-99db-405a35412b99: 65 datasets; 0.8 s; peak memory 713 MiB.
2026-10-03T18:00:01Z INFO [684/750] 2d2c9cb5-3cd2-4578-a6c6-4c795fe3212c: 48 datasets; 0.7 s; peak memory 713 MiB.
2026-10-03T18:00:01Z INFO [685/750] 2d2e0e63-4aea-4b54-9a57-60d6ef734cb0: 46 datasets; 0.7 s; peak memory 713 MiB.
2026-10-03T18:00:04Z INFO [686/750] 2d2e1324-205f-4cae-b2d9-f6c1e75c5eb8: 48 datasets; 2.4 s; peak memory 713 MiB.
2026-10-03T18:00:05Z INFO [687/750] 2d3035f5-79fd-416c-9b70-bcf2c3d69ac4: 48 datasets; 0.8 s; peak memory 713 MiB.
2026-10-03T18:00:14Z INFO [688/750] 2d30c534-a1bf-46b1-aa4b-5d11e26c65ac: 1001 datasets; 9.6 s; peak memory 713 MiB.
2026-10-03T18:00:15Z INFO [689/750] 2d31360f-43c0-481a-bfd9-4656ac806579: 48 datasets; 0.7 s; peak memory 713 MiB.
2026-10-03T18:00:19Z INFO [690/750] 2d31ad07-8a25-4e2c-8668-8d06d9cbefd6: 712 datasets; 4.6 s; peak memory 713 MiB.
2026-10-03T18:00:20Z INFO [691/750] 2d3336b3-32ac-48de-9c21-633f9fd1688d: 117 datasets; 0.7 s; peak memory 713 MiB.
2026-10-03T18:00:21Z INFO [692/750] 2d346445-2eb5-4ace-a04b-e33ba453ff78: 114 datasets; 0.7 s; peak memory 713 MiB.
2026-10-03T18:00:22Z INFO [693/750] 2d346c88-2967-4343-a5f1-0c5ae76aab0d: 48 datasets; 0.8 s; peak memory 713 MiB.
2026-10-03T18:00:22Z INFO [694/750] 2d34fd3e-7dc0-4988-97d9-e4f60dc24c2d: 48 datasets; 0.7 s; peak memory 713 MiB.
2026-10-03T18:00:23Z INFO [695/750] 2d35f9d2-7088-4515-93a7-ea2506dbbd47: 112 datasets; 0.9 s; peak memory 713 MiB.
2026-10-03T18:00:26Z INFO [696/750] 2d361fb3-d3d1-46e1-af46-7a8468f6904b: 362 datasets; 2.6 s; peak memory 713 MiB.
2026-10-03T18:00:27Z INFO [697/750] 2d365534-aac6-4948-92fa-05b545a18d67: 71 datasets; 1.4 s; peak memory 713 MiB.
2026-10-03T18:00:29Z INFO [698/750] 2d3796e3-5288-4c5a-9ae3-1ad16d448d97: 118 datasets; 1.5 s; peak memory 713 MiB.
2026-10-03T18:00:30Z INFO [699/750] 2d3842cd-40d9-4928-9198-740bccded438: 48 datasets; 0.8 s; peak memory 713 MiB.
2026-10-03T18:00:49Z INFO [700/750] 2d39b1c1-7753-4351-9f08-276c0e587001: 48 datasets; 19.3 s; peak memory 713 MiB.
2026-10-03T18:00:49Z INFO [700/750] 2d39b1c1-7753-4351-9f08-276c0e587001: checkpointed 68786 records.
2026-10-03T18:02:57Z INFO [701/750] 2d3adb33-afd2-4c07-9557-25d0c4fd01da: 167 datasets; 127.5 s; peak memory 713 MiB.
2026-10-03T18:02:57Z INFO [702/750] 2d3b6d30-ec07-42b0-b637-d06bf509bffa: 48 datasets; 0.8 s; peak memory 713 MiB.
2026-10-03T18:02:59Z INFO [703/750] 2d3b6d7a-a32f-4aba-ae4d-ede571c223e2: 66 datasets; 1.3 s; peak memory 713 MiB.
2026-10-03T18:03:00Z INFO [704/750] 2d3cd9ad-eb71-4613-90d1-e735c4767e01: 69 datasets; 1.1 s; peak memory 713 MiB.
2026-10-03T18:03:01Z INFO [705/750] 2d3f6914-ed6c-42c2-a504-e71c3e459e4d: 117 datasets; 1.0 s; peak memory 713 MiB.
2026-10-03T18:03:06Z INFO [706/750] 2d3fba8f-989e-411a-a749-aa5c8b14adea: 336 datasets; 5.4 s; peak memory 713 MiB.
2026-10-03T18:03:07Z INFO [707/750] 2d40be17-d764-4e28-b497-fcc15e404007: 117 datasets; 0.9 s; peak memory 713 MiB.
2026-10-03T18:03:08Z INFO [708/750] 2d4106f1-72ee-496d-b091-67b96842b768: 48 datasets; 0.8 s; peak memory 713 MiB.
2026-10-03T18:03:17Z INFO [709/750] 2d416a91-7fd3-4054-a6b8-1c6c74e06b66: 38 datasets; 9.3 s; peak memory 713 MiB.
2026-10-03T18:03:18Z INFO [710/750] 2d4277e6-6a01-4c1e-a223-df636f41628e: 52 datasets; 0.6 s; peak memory 713 MiB.
2026-10-03T18:03:22Z INFO [711/750] 2d44a93c-3ba2-4e7f-831b-3d6048886f09: 871 datasets; 3.8 s; peak memory 713 MiB.
2026-10-03T18:03:23Z INFO [712/750] 2d450970-d49d-424c-9e1b-068c5e62aeef: 112 datasets; 0.9 s; peak memory 713 MiB.
2026-10-03T18:03:23Z INFO [713/750] 2d4521d1-24d8-4aa2-a40c-f1ab7dd9b6d1: 117 datasets; 0.9 s; peak memory 713 MiB.
2026-10-03T18:03:25Z INFO [714/750] 2d45334e-b009-4429-86ab-fabed0f72553: 84 datasets; 1.1 s; peak memory 713 MiB.
2026-10-03T18:03:25Z INFO [715/750] 2d4545d5-515f-48d7-ab2c-0354e6538486: 46 datasets; 0.6 s; peak memory 713 MiB.
2026-10-03T18:03:26Z INFO [716/750] 2d4648fd-f493-43ac-a74b-310bb0a48b25: 48 datasets; 0.7 s; peak memory 713 MiB.
2026-10-03T18:03:36Z INFO [717/750] 2d475d56-f520-432c-8336-f06db95a1801: 769 datasets; 9.8 s; peak memory 713 MiB.
2026-10-03T18:03:55Z INFO [718/750] 2d47e09a-2542-49b7-aab0-d12510c9cf01: 48 datasets; 19.3 s; peak memory 713 MiB.
2026-10-03T18:03:59Z INFO [719/750] 2d48584b-6c2a-4852-8007-a163c687d4c3: 538 datasets; 3.7 s; peak memory 713 MiB.
2026-10-03T18:03:59Z INFO [720/750] 2d48681b-61ae-48e9-8474-8e98bd529350: 48 datasets; 0.7 s; peak memory 713 MiB.
2026-10-03T18:04:05Z INFO [721/750] 2d48e2de-458c-4c7a-871f-d53c67058b90: 46 datasets; 5.7 s; peak memory 713 MiB.
2026-10-03T18:04:06Z INFO [722/750] 2d4947b1-b809-4208-84ee-b0171a68aa79: 69 datasets; 1.1 s; peak memory 713 MiB.
2026-10-03T18:04:08Z INFO [723/750] 2d495798-c695-4923-a0a4-f3f86c15fbb4: 138 datasets; 1.9 s; peak memory 713 MiB.
2026-10-03T18:04:09Z INFO [724/750] 2d4a1c59-3d63-496d-922e-62d49a8858f6: 77 datasets; 0.8 s; peak memory 713 MiB.
2026-10-03T18:04:13Z INFO [725/750] 2d4ce5f9-f2a2-4f15-a1ef-0898314d8072: 3547 datasets; 4.2 s; peak memory 713 MiB.
2026-10-03T18:04:15Z INFO [726/750] 2d4d050a-4d9f-4085-85ba-2c16dbe181c1: 117 datasets; 1.4 s; peak memory 713 MiB.
2026-10-03T18:04:15Z INFO [727/750] 2d4d052e-1148-41ca-96dc-6ae487120ee5: 48 datasets; 0.7 s; peak memory 713 MiB.
2026-10-03T18:04:16Z INFO [728/750] 2d4ea120-f3a0-41f7-8d7b-1124846b1c35: 48 datasets; 1.0 s; peak memory 713 MiB.
2026-10-03T18:04:22Z INFO [729/750] 2d4eecaa-118e-410d-b07e-2fc13cb033e4: 9079 datasets; 5.8 s; peak memory 713 MiB.
2026-10-03T18:04:24Z INFO [730/750] 2d4f590d-9c89-41da-a3f9-9c60076f5a61: 115 datasets; 1.8 s; peak memory 713 MiB.
2026-10-03T18:04:25Z INFO [731/750] 2d50ac27-e720-4516-ab79-7f063e6a3707: 112 datasets; 1.0 s; peak memory 713 MiB.
2026-10-03T18:04:30Z INFO [732/750] 2d513b09-b4e2-4af0-9f28-a40d0b0a1b81: 790 datasets; 5.0 s; peak memory 713 MiB.
2026-10-03T18:04:31Z INFO [733/750] 2d519f45-db0e-4684-bdef-6d003140d588: 275 datasets; 1.4 s; peak memory 713 MiB.
2026-10-03T18:04:32Z INFO [734/750] 2d51ddc9-17f2-4e95-9b5f-388c8efb9fcc: 57 datasets; 0.6 s; peak memory 713 MiB.
2026-10-03T18:04:35Z INFO [735/750] 2d51ef85-d77e-473c-94fa-8ec4e7eed499: 168 datasets; 3.4 s; peak memory 713 MiB.
2026-10-03T18:04:46Z INFO [736/750] 2d52fe9c-bffe-4b54-95c9-b2f6089f9b5e: 432 datasets; 10.9 s; peak memory 713 MiB.
2026-10-03T18:04:47Z INFO [737/750] 2d5342d4-6546-4088-b355-18a52be3f177: 56 datasets; 0.6 s; peak memory 713 MiB.
2026-10-03T18:04:48Z INFO [738/750] 2d5381d7-1613-4638-911f-32556eef86f3: 71 datasets; 1.1 s; peak memory 713 MiB.
2026-10-03T18:04:49Z INFO [739/750] 2d53efc5-5dd6-4b03-b9f4-63106c66d4b9: 48 datasets; 0.7 s; peak memory 713 MiB.
2026-10-03T18:04:49Z INFO [740/750] 2d547f30-5d58-4441-bbd6-ed7fd2e02767: 48 datasets; 0.7 s; peak memory 713 MiB.
2026-10-03T18:04:50Z INFO [741/750] 2d548063-4aa9-4696-a6b4-869a75d9152a: 117 datasets; 0.8 s; peak memory 713 MiB.
2026-10-03T18:04:54Z INFO [742/750] 2d5528cd-1ca0-4ccc-af10-81f55c5442aa: 288 datasets; 4.2 s; peak memory 713 MiB.
2026-10-03T18:04:55Z INFO [743/750] 2d567626-b91d-456c-944f-08a46e5b8c2e: 69 datasets; 0.8 s; peak memory 713 MiB.
2026-10-03T18:04:57Z INFO [744/750] 2d583444-df7f-4ef9-94a8-f29dab577ee8: 68 datasets; 1.4 s; peak memory 713 MiB.
2026-10-03T18:04:58Z INFO [745/750] 2d5858b1-09a7-42e0-92d2-6ff27a996f25: 112 datasets; 1.2 s; peak memory 713 MiB.
2026-10-03T18:04:59Z INFO [746/750] 2d58dd86-1773-46e6-9f8f-90e18b9815b0: 123 datasets; 1.6 s; peak memory 713 MiB.
2026-10-03T18:05:01Z INFO [747/750] 2d594445-ce60-4558-9845-477bca097f29: 112 datasets; 1.1 s; peak memory 713 MiB.
2026-10-03T18:05:02Z INFO [748/750] 2d59ed9d-4c21-4835-a29a-e37523575f36: 54 datasets; 1.0 s; peak memory 713 MiB.
2026-10-03T18:05:02Z INFO [749/750] 2d5a31b3-fed5-4dda-ae22-3f183fb96699: 48 datasets; 0.8 s; peak memory 713 MiB.
2026-10-03T18:05:06Z INFO [750/750] 2d5a56a5-72aa-4c9e-9d16-667a532d9064: 223 datasets; 3.4 s; peak memory 713 MiB.
2026-10-03T18:05:06Z INFO [750/750] 2d5a56a5-72aa-4c9e-9d16-667a532d9064: checkpointed 68836 records.
2026-10-03T18:05:06Z INFO Wrote 68836 records to /tmp/derivatives/valid_nwb_file_to_number_of_datasets.jsonl (750 new, 0 failed) in 50.8 min (peak memory 713 MiB).
