2026-09-16T21:10:18Z INFO Logging to /tmp/logs/update_2026-09-16T21-10-18Z.log.
2026-09-16T21:10:18Z INFO Update valid-nwb-file-to-number-of-datasets (base directory /tmp).
2026-09-16T21:10:18Z INFO Processing 361 items (47669 already recorded).
2026-09-16T21:10:21Z INFO [1/361] 018973b6-23dc-4a53-8db8-44856b772844: 38 datasets; 2.9 s; peak memory 97 MiB.
2026-09-16T21:10:22Z INFO [2/361] 018994b4-0bd4-437f-9c71-0b9d1d939f5f: 48 datasets; 1.2 s; peak memory 98 MiB.
2026-09-16T21:12:27Z INFO [3/361] 018a6d2e-7f61-484f-b6d5-48e40722dbd8: 449 datasets; 124.9 s; peak memory 253 MiB.
2026-09-16T21:12:28Z INFO [4/361] 018af6a9-1e58-4192-acca-db6145be1283: 52 datasets; 1.3 s; peak memory 253 MiB.
2026-09-16T21:12:30Z INFO [5/361] 018bedf4-f044-4e26-ae49-b5db7d74c3e7: 118 datasets; 2.2 s; peak memory 253 MiB.
2026-09-16T21:12:32Z INFO [6/361] 018bef29-6273-45f1-a641-4c07a508bfc7: 110 datasets; 1.7 s; peak memory 254 MiB.
2026-09-16T21:12:38Z INFO [7/361] 018c102d-1a21-4b98-80bd-2f26888768a1: 538 datasets; 5.8 s; peak memory 254 MiB.
2026-09-16T21:12:39Z INFO [8/361] 018d2e07-5483-4e5f-bac9-c634ba67c007: 48 datasets; 1.2 s; peak memory 254 MiB.
2026-09-16T21:12:40Z INFO [9/361] 018db095-a0bb-47a4-952a-ec6ac50c46f4: 117 datasets; 1.4 s; peak memory 254 MiB.
2026-09-16T21:12:42Z INFO [10/361] 018e64d4-ec2e-4818-9a48-076f7143570e: 116 datasets; 1.4 s; peak memory 254 MiB.
2026-09-16T21:12:45Z INFO [11/361] 018f9274-1cf6-4abc-a1a0-cf219ad95b7d: 156 datasets; 3.3 s; peak memory 254 MiB.
2026-09-16T21:12:48Z INFO [12/361] 0192becd-daef-43b6-86de-fe0d3746a06b: 114 datasets; 3.0 s; peak memory 254 MiB.
2026-09-16T21:12:59Z INFO [13/361] 0193617c-ea14-4be8-a0a5-f3afe5bf0c7c: 410 datasets; 10.9 s; peak memory 254 MiB.
2026-09-16T21:13:00Z INFO [14/361] 01939228-e558-47f4-9d4a-f11198ef602a: 48 datasets; 1.2 s; peak memory 254 MiB.
2026-09-16T21:13:02Z INFO [15/361] 0193a55b-ae7d-4286-b1d8-5b01d2f09934: 112 datasets; 2.0 s; peak memory 254 MiB.
2026-09-16T21:13:03Z INFO [16/361] 01945961-5cc0-49c6-9784-77e1e9028668: 48 datasets; 1.2 s; peak memory 254 MiB.
2026-09-16T21:13:05Z INFO [17/361] 01947fdb-4099-485a-861b-aa1bb9c3cd1e: 170 datasets; 1.6 s; peak memory 255 MiB.
2026-09-16T21:13:06Z INFO [18/361] 0194bb9e-491e-47f8-a40f-0b5215aae072: 48 datasets; 1.2 s; peak memory 255 MiB.
2026-09-16T21:13:07Z INFO [19/361] 01958900-163b-4d62-842a-707822d1007e: 48 datasets; 1.2 s; peak memory 255 MiB.
2026-09-16T21:13:10Z INFO [20/361] 0195d19a-7945-4663-8535-0ca4fbeddb4c: 38 datasets; 2.6 s; peak memory 255 MiB.
2026-09-16T21:13:11Z INFO [21/361] 01964398-131f-4b08-8c5b-addd326a090b: 77 datasets; 1.4 s; peak memory 256 MiB.
2026-09-16T21:13:13Z INFO [22/361] 01964782-2208-4457-98c9-00e592d80173: 48 datasets; 1.2 s; peak memory 256 MiB.
2026-09-16T21:13:23Z INFO [23/361] 0196a80d-d4ae-4da7-a3d5-e0e241c23c4d: 223 datasets; 10.6 s; peak memory 256 MiB.
2026-09-16T21:13:40Z INFO [24/361] 0196c315-ee01-4c53-b23c-95816b98fbf9: 1140 datasets; 16.8 s; peak memory 256 MiB.
2026-09-16T21:13:46Z INFO [25/361] 0196c777-d343-4e0e-a349-af071769b7be: 193 datasets; 6.4 s; peak memory 256 MiB.
2026-09-16T21:13:48Z INFO [26/361] 01971bc4-1a70-459b-a056-60f76d4b3186: 117 datasets; 1.4 s; peak memory 256 MiB.
2026-09-16T21:13:49Z INFO [27/361] 01976b17-2dd3-415c-aca9-958f920a5007: 46 datasets; 1.0 s; peak memory 256 MiB.
2026-09-16T21:13:50Z INFO [28/361] 0197b3cd-827d-42aa-9644-7ef8c39f4503: 70 datasets; 1.8 s; peak memory 256 MiB.
2026-09-16T21:14:02Z INFO [29/361] 019859be-be94-4d9e-81f0-50314734ad07: 644 datasets; 11.6 s; peak memory 256 MiB.
2026-09-16T21:15:03Z INFO [30/361] 01998551-cd9a-44cc-b2b5-297af7aebcdd: 111 datasets; 60.6 s; peak memory 257 MiB.
2026-09-16T21:15:04Z INFO [31/361] 019a4fa9-4157-4efd-877a-0cc055328668: 50 datasets; 1.1 s; peak memory 257 MiB.
2026-09-16T21:15:05Z INFO [32/361] 019abf0d-3097-4a41-ae90-1ce0f1a07df2: 49 datasets; 1.4 s; peak memory 257 MiB.
2026-09-16T21:15:25Z INFO [33/361] 019b6009-e0ae-40a2-ad7f-5e9fc62a1d84: 3742 datasets; 19.6 s; peak memory 257 MiB.
2026-09-16T21:17:34Z INFO [34/361] 019c40b2-c740-4a74-b297-7ec1dd008b7d: 167 datasets; 128.8 s; peak memory 281 MiB.
2026-09-16T21:17:40Z INFO [35/361] 019e25ef-59eb-489a-8d5d-ce9dd5758f0f: 496 datasets; 6.0 s; peak memory 281 MiB.
2026-09-16T21:17:42Z INFO [36/361] 019fac19-f9d3-424a-95eb-51708621a9ba: 157 datasets; 2.9 s; peak memory 281 MiB.
2026-09-16T21:17:44Z INFO [37/361] 01a00d0e-26f0-4a86-8545-567d4e373828: 65 datasets; 1.6 s; peak memory 281 MiB.
2026-09-16T21:17:46Z INFO [38/361] 01a047e1-469b-462c-a104-ba25df64a484: 46 datasets; 1.6 s; peak memory 281 MiB.
2026-09-16T21:17:50Z INFO [39/361] 01a10350-5def-41fa-ba4a-1cd9f453e43f: 150 datasets; 4.0 s; peak memory 281 MiB.
2026-09-16T21:17:51Z INFO [40/361] 01a2535b-7ee4-4c29-8d96-7d653ea2ef56: 46 datasets; 1.3 s; peak memory 281 MiB.
2026-09-16T21:17:52Z INFO [41/361] 01a330d8-1049-45ad-b2b4-242d32c26da7: 48 datasets; 1.1 s; peak memory 281 MiB.
2026-09-16T21:17:54Z INFO [42/361] 01a39d18-954e-423b-a6fb-e44d6945fc71: 112 datasets; 1.9 s; peak memory 281 MiB.
2026-09-16T21:17:56Z INFO [43/361] 01a3f041-a8b0-419e-95da-8c6a9d490d14: 112 datasets; 1.9 s; peak memory 281 MiB.
2026-09-16T21:17:57Z INFO [44/361] 01a47967-b0ff-4146-8f1b-143ba91c1116: 62 datasets; 1.6 s; peak memory 281 MiB.
2026-09-16T21:17:58Z INFO [45/361] 01a58631-8cd1-46ce-8009-bef057f867c5: 46 datasets; 1.0 s; peak memory 281 MiB.
2026-09-16T21:18:00Z INFO [46/361] 01a713fb-078a-45f9-9a41-40bd36f506b2: 41 datasets; 1.1 s; peak memory 281 MiB.
2026-09-16T21:18:01Z INFO [47/361] 01a83c41-b631-4f45-9285-a334cc0df133: 66 datasets; 1.7 s; peak memory 281 MiB.
2026-09-16T21:18:02Z INFO [48/361] 01a932cd-ee2b-4ac2-8771-eaa8890a7d82: 54 datasets; 1.0 s; peak memory 281 MiB.
2026-09-16T21:18:25Z INFO [49/361] 01a987ae-2490-4bb4-b706-578096b2f435: 922 datasets; 23.3 s; peak memory 281 MiB.
2026-09-16T21:18:28Z INFO [50/361] 01a9ee05-aeb8-46c4-847c-4c65595902e6: 83 datasets; 2.4 s; peak memory 281 MiB.
2026-09-16T21:18:28Z INFO [50/361] 01a9ee05-aeb8-46c4-847c-4c65595902e6: checkpointed 47719 records.
2026-09-16T21:18:31Z INFO [51/361] 01aa8dfe-9b3f-4c3d-8166-e42e197c8534: 71 datasets; 2.5 s; peak memory 281 MiB.
2026-09-16T21:18:32Z INFO [52/361] 01aa8f28-e0b1-4bda-9a75-f7b312ff7fbe: 59 datasets; 1.6 s; peak memory 281 MiB.
2026-09-16T21:18:34Z INFO [53/361] 01aab354-09b5-4d5c-8537-c5b7522fb482: 112 datasets; 1.7 s; peak memory 281 MiB.
2026-09-16T21:18:37Z INFO [54/361] 01abb95d-effe-4b41-868d-d4d6d6b5b704: 165 datasets; 2.8 s; peak memory 281 MiB.
2026-09-16T21:18:40Z INFO [55/361] 01abe7a1-48e1-42c7-bd39-14c2b46c89b9: 99 datasets; 3.2 s; peak memory 281 MiB.
2026-09-16T21:18:41Z INFO [56/361] 01abe883-c101-4128-b885-9ed7b772a288: 41 datasets; 1.1 s; peak memory 281 MiB.
2026-09-16T21:18:43Z INFO [57/361] 01ac90d3-2605-47e1-9091-96b2541e267a: 71 datasets; 1.9 s; peak memory 281 MiB.
2026-09-16T21:18:45Z INFO [58/361] 01add43d-9ec3-499f-89d5-744a9fd8fb37: 71 datasets; 2.0 s; peak memory 281 MiB.
2026-09-16T21:18:46Z INFO [59/361] 01adf9fe-3a64-4d76-8033-83d6cdcdaa90: 48 datasets; 1.2 s; peak memory 281 MiB.
2026-09-16T21:18:47Z INFO [60/361] 01adfa22-2213-45be-ab22-111a2aac89d1: 59 datasets; 1.5 s; peak memory 281 MiB.
2026-09-16T21:18:49Z INFO [61/361] 01ae2905-0556-4c17-b8c8-3b5c22119799: 46 datasets; 1.2 s; peak memory 281 MiB.
2026-09-16T21:18:51Z INFO [62/361] 01ae8d9d-81f6-45b1-a088-bf14dd4dabf0: 112 datasets; 2.1 s; peak memory 281 MiB.
2026-09-16T21:18:52Z INFO [63/361] 01afdb71-8b1f-40fa-bdab-5605c2d19770: 116 datasets; 1.4 s; peak memory 281 MiB.
2026-09-16T21:18:58Z INFO [64/361] 01b1aad4-fc19-4ec3-8d81-1223df34112e: 225 datasets; 5.5 s; peak memory 281 MiB.
2026-09-16T21:18:59Z INFO [65/361] 01b232bc-1be7-4a5f-a34a-528599105834: 48 datasets; 1.2 s; peak memory 281 MiB.
2026-09-16T21:19:00Z INFO [66/361] 01b2760b-aa16-43ae-aaec-e3f04cd41bf2: 48 datasets; 1.2 s; peak memory 281 MiB.
2026-09-16T21:19:02Z INFO [67/361] 01b2b255-3c06-4760-99a6-5b176bd42413: 116 datasets; 1.5 s; peak memory 281 MiB.
2026-09-16T21:19:03Z INFO [68/361] 01b38848-b706-4835-8e84-05cc2f9d36f4: 69 datasets; 1.5 s; peak memory 281 MiB.
2026-09-16T21:19:16Z INFO [69/361] 01b3ae7d-5c01-4696-84e3-68e2c40e8d8e: 106 datasets; 12.4 s; peak memory 281 MiB.
2026-09-16T21:19:17Z INFO [70/361] 01b40f4f-b6f1-4828-9ec5-27ce0ab772aa: 146 datasets; 1.3 s; peak memory 281 MiB.
2026-09-16T21:19:18Z INFO [71/361] 01b4114b-b786-451d-9c38-259e0d1958d1: 117 datasets; 1.4 s; peak memory 281 MiB.
2026-09-16T21:19:19Z INFO [72/361] 01b43055-a9a0-4948-8929-dec1e26d14f3: 50 datasets; 1.2 s; peak memory 281 MiB.
2026-09-16T21:19:21Z INFO [73/361] 01b6018f-56c4-4ef2-b157-dd333269f38f: 62 datasets; 1.5 s; peak memory 281 MiB.
2026-09-16T21:19:23Z INFO [74/361] 01b63eb4-e883-466a-8c0d-0742e4cb3fb4: 102 datasets; 2.0 s; peak memory 281 MiB.
2026-09-16T21:19:24Z INFO [75/361] 01b68123-c763-4221-b703-b8a31dd86563: 62 datasets; 1.5 s; peak memory 281 MiB.
2026-09-16T21:19:27Z INFO [76/361] 01b6a673-3869-47e2-90cd-6452203ff028: 115 datasets; 2.8 s; peak memory 281 MiB.
2026-09-16T21:19:33Z INFO [77/361] 01b6cd71-bff4-46be-8e45-7cada00621cb: 196 datasets; 6.4 s; peak memory 281 MiB.
2026-09-16T21:19:39Z INFO [78/361] 01b70917-af8d-478f-ad35-8e6ef90347ee: 710 datasets; 5.9 s; peak memory 281 MiB.
2026-09-16T21:21:35Z INFO [79/361] 01b78bc1-0851-4914-b6e0-48ae2bb99159: 55 datasets; 116.2 s; peak memory 314 MiB.
2026-09-16T21:21:37Z INFO [80/361] 01b802a8-cbca-4276-be75-55a78919f828: 116 datasets; 1.5 s; peak memory 314 MiB.
2026-09-16T21:21:55Z INFO [81/361] 01b9ac09-0848-4f03-9c3e-be2e042650f5: 44 datasets; 17.6 s; peak memory 314 MiB.
2026-09-16T21:21:56Z INFO [82/361] 01bb6273-bba2-4b36-abbd-e9457b21bbdd: 116 datasets; 1.7 s; peak memory 314 MiB.
2026-09-16T21:21:58Z INFO [83/361] 01bba655-c0d3-401f-b12a-0d9ff207234b: 62 datasets; 1.6 s; peak memory 314 MiB.
2026-09-16T21:21:59Z INFO [84/361] 01bd39d9-b86b-4f75-9319-b5aa3074a163: 73 datasets; 1.3 s; peak memory 314 MiB.
2026-09-16T21:22:00Z INFO [85/361] 01bd448f-3e12-4e14-a5cf-8e7b9180f33f: 117 datasets; 1.4 s; peak memory 314 MiB.
2026-09-16T21:22:02Z INFO [86/361] 01bd830d-5a6d-44cb-9c97-b937d23c73a4: 49 datasets; 1.4 s; peak memory 314 MiB.
2026-09-16T21:22:04Z INFO [87/361] 01be92f1-45b7-483b-a3d4-3a333461426a: 90 datasets; 2.5 s; peak memory 314 MiB.
2026-09-16T21:22:06Z INFO [88/361] 01bee568-ec33-4708-bb54-bf0e650d97ab: 48 datasets; 1.2 s; peak memory 314 MiB.
2026-09-16T21:22:07Z INFO [89/361] 01bf3d90-8875-433d-a884-7430a88652b7: 112 datasets; 1.6 s; peak memory 314 MiB.
2026-09-16T21:22:09Z INFO [90/361] 01c01afb-3ec0-4c5e-8bb2-cf3a30237342: 112 datasets; 2.1 s; peak memory 314 MiB.
2026-09-16T21:22:10Z INFO [91/361] 01c0f04e-cd29-4087-adf7-5d26c3abe03e: 48 datasets; 1.1 s; peak memory 314 MiB.
2026-09-16T21:22:12Z INFO [92/361] 01c20aac-3915-486f-b721-510ff13167c0: 71 datasets; 1.4 s; peak memory 314 MiB.
2026-09-16T21:22:14Z INFO [93/361] 01c24560-d396-460d-ba7b-0c9119b98e45: 78 datasets; 1.9 s; peak memory 314 MiB.
2026-09-16T21:22:15Z INFO [94/361] 01c421db-a4a2-4db0-aabc-f7b1d16ef95d: 48 datasets; 1.1 s; peak memory 314 MiB.
2026-09-16T21:22:16Z INFO [95/361] 01c443bd-2ff6-40f6-b012-0fc541e09263: 117 datasets; 1.5 s; peak memory 314 MiB.
2026-09-16T21:22:18Z INFO [96/361] 01c44992-1870-4c73-b5e6-e135d6dc4b35: 118 datasets; 1.5 s; peak memory 314 MiB.
2026-09-16T21:22:33Z INFO [97/361] 01c46ec7-0d31-4aa7-9e3a-c94405140fc3: 882 datasets; 15.4 s; peak memory 314 MiB.
2026-09-16T21:22:35Z INFO [98/361] 01c47b93-9598-430f-993b-ea5720723267: 117 datasets; 1.5 s; peak memory 314 MiB.
2026-09-16T21:22:36Z INFO [99/361] 01c498ce-bffb-4d49-bb48-db3eb0dcde5f: 33 datasets; 1.0 s; peak memory 314 MiB.
2026-09-16T21:22:38Z INFO [100/361] 01c4aa21-76ee-43d0-abd1-415ba96e313c: 42 datasets; 1.9 s; peak memory 314 MiB.
2026-09-16T21:22:38Z INFO [100/361] 01c4aa21-76ee-43d0-abd1-415ba96e313c: checkpointed 47769 records.
2026-09-16T21:22:41Z INFO [101/361] 01c4b069-ad1e-4d3b-b02b-206a642b514b: 115 datasets; 2.8 s; peak memory 314 MiB.
2026-09-16T21:22:58Z INFO [102/361] 01c543b6-b59f-451d-9fd3-bbbbdaaea2d6: 5633 datasets; 17.3 s; peak memory 314 MiB.
2026-09-16T21:22:59Z INFO [103/361] 01c5daf5-feda-4793-aa5d-3807964f74d3: 117 datasets; 1.5 s; peak memory 314 MiB.
2026-09-16T21:23:01Z INFO [104/361] 01c6c53f-8109-4f36-8167-4d1c874384e7: 64 datasets; 1.8 s; peak memory 314 MiB.
2026-09-16T21:23:02Z INFO [105/361] 01c6c8fb-54d1-4bb7-ba6f-396b0c42ffaa: 48 datasets; 1.2 s; peak memory 314 MiB.
2026-09-16T21:23:11Z INFO [106/361] 01c6e4d5-0816-4dc4-9675-14d94eae3e35: 719 datasets; 8.9 s; peak memory 314 MiB.
2026-09-16T21:23:13Z INFO [107/361] 01c7ab41-6356-4117-844c-25d18b4a94c8: 48 datasets; 1.3 s; peak memory 314 MiB.
2026-09-16T21:23:13Z INFO [108/361] 01c88a1e-bbe8-4e95-bf8d-c616f95ecd2a: 33 datasets; 0.9 s; peak memory 314 MiB.
2026-09-16T21:23:15Z INFO [109/361] 01c8a192-cfc4-4b19-a8f0-df98f0bc3ff8: 48 datasets; 1.1 s; peak memory 314 MiB.
2026-09-16T21:23:16Z INFO [110/361] 01cc5397-7946-470d-bb79-62d184466e81: 112 datasets; 1.6 s; peak memory 314 MiB.
2026-09-16T21:23:17Z INFO [111/361] 01cc627c-111c-4a33-9fa2-680d1b025792: 62 datasets; 1.0 s; peak memory 314 MiB.
2026-09-16T21:23:19Z INFO [112/361] 01cd083b-07f2-48aa-8fe5-40c751622fb7: 61 datasets; 1.5 s; peak memory 314 MiB.
2026-09-16T21:23:20Z INFO [113/361] 01cd0c14-ee71-41ae-9b87-8e233165df4b: 48 datasets; 1.2 s; peak memory 314 MiB.
2026-09-16T21:23:25Z INFO [114/361] 01cddea8-0a84-4011-88d0-e4dfbc279bfe: 459 datasets; 4.8 s; peak memory 314 MiB.
2026-09-16T21:23:26Z INFO [115/361] 01ce65ed-fa55-40e2-a674-99d8fba208dd: 112 datasets; 1.8 s; peak memory 314 MiB.
2026-09-16T21:23:28Z INFO [116/361] 01ce9b33-cdfe-45e0-906a-464a68f6c7fb: 112 datasets; 1.7 s; peak memory 314 MiB.
2026-09-16T21:23:44Z INFO [117/361] 01cefff8-4056-4309-a8cf-44827762a9d9: 560 datasets; 15.6 s; peak memory 314 MiB.
2026-09-16T21:23:45Z INFO [118/361] 01cf0a15-2795-4e7f-8d12-98becc478054: 152 datasets; 1.6 s; peak memory 314 MiB.
2026-09-16T21:23:47Z INFO [119/361] 01cf1926-4040-461d-93c0-517f723625a3: 62 datasets; 1.5 s; peak memory 314 MiB.
2026-09-16T21:23:49Z INFO [120/361] 01cf69f9-54b5-4bfa-acb1-4f3da6006ef5: 64 datasets; 1.6 s; peak memory 314 MiB.
2026-09-16T21:24:03Z INFO [121/361] 01cfb219-0156-4c42-acc1-f15e272a930a: 669 datasets; 14.9 s; peak memory 314 MiB.
2026-09-16T21:24:08Z INFO [122/361] 01cfcb4c-98b2-46ef-a5e9-5dbcb40bd320: 2134 datasets; 4.8 s; peak memory 314 MiB.
2026-09-16T21:24:11Z INFO [123/361] 01d1715b-5fc9-4c1a-b950-9915ab358df2: 38 datasets; 2.6 s; peak memory 314 MiB.
2026-09-16T21:24:12Z INFO [124/361] 01d2159a-7237-43e7-b8ef-2c5d88510ea4: 63 datasets; 1.2 s; peak memory 314 MiB.
2026-09-16T21:24:13Z INFO [125/361] 01d23a42-5bf4-4a0f-b4ca-1bcd2f4a10bf: 48 datasets; 1.2 s; peak memory 314 MiB.
2026-09-16T21:24:15Z INFO [126/361] 01d26fa8-5207-4f98-955a-cfb48e1b85ae: 112 datasets; 2.0 s; peak memory 314 MiB.
2026-09-16T21:24:22Z INFO [127/361] 01d35f87-479a-455c-96bb-a0c36c4c9c21: 193 datasets; 6.6 s; peak memory 314 MiB.
2026-09-16T21:26:25Z INFO [128/361] 01d373c1-9f8d-4e8d-877a-c4133e72903c: 190 datasets; 123.3 s; peak memory 314 MiB.
2026-09-16T21:26:27Z INFO [129/361] 01d3953c-bd16-451d-9dd2-a7457134d000: 69 datasets; 2.0 s; peak memory 314 MiB.
2026-09-16T21:26:34Z INFO [130/361] 01d3d972-007e-46a0-94fe-2dd1fb9f57e5: 530 datasets; 6.8 s; peak memory 314 MiB.
2026-09-16T21:26:35Z INFO [131/361] 01d3e5f9-cf74-4093-ba37-3e37fad3ce2b: 118 datasets; 1.4 s; peak memory 314 MiB.
2026-09-16T21:26:37Z INFO [132/361] 01d40d36-b792-4984-895a-8a54da5b4047: 112 datasets; 1.7 s; peak memory 314 MiB.
2026-09-16T21:26:43Z INFO [133/361] 01d56715-da05-4379-9e81-e9cd766b1df6: 222 datasets; 5.9 s; peak memory 314 MiB.
2026-09-16T21:26:45Z INFO [134/361] 01d6cc77-cea1-4aac-b8ed-1b13d9540ac0: 66 datasets; 2.2 s; peak memory 314 MiB.
2026-09-16T21:26:47Z INFO [135/361] 01d75056-a99a-4791-a182-bd8651f2e705: 66 datasets; 1.9 s; peak memory 314 MiB.
2026-09-16T21:26:50Z INFO [136/361] 01d82f9e-6a1f-49ec-9ad0-1d3c9842602f: 115 datasets; 3.0 s; peak memory 314 MiB.
2026-09-16T21:26:51Z INFO [137/361] 01d966c6-8e7e-47df-bfdc-55b828398f51: 117 datasets; 1.6 s; peak memory 314 MiB.
2026-09-16T21:26:53Z INFO [138/361] 01d9ec8b-7750-41ee-b3d3-f7c4483ace88: 47 datasets; 1.3 s; peak memory 314 MiB.
2026-09-16T21:26:54Z INFO [139/361] 01da1d11-ee46-47bd-a9f8-a1aba09dd5c8: 48 datasets; 1.1 s; peak memory 314 MiB.
2026-09-16T21:26:56Z INFO [140/361] 01db49f2-a069-4993-8cd4-e132d56e918c: 112 datasets; 1.9 s; peak memory 314 MiB.
2026-09-16T21:27:05Z INFO [141/361] 01dba8c4-bb09-4d7c-8ac5-4d1b75eb754c: 233 datasets; 9.2 s; peak memory 314 MiB.
2026-09-16T21:27:06Z INFO [142/361] 01dbab67-ffec-405d-ad86-9004848fb989: 48 datasets; 1.2 s; peak memory 314 MiB.
2026-09-16T21:27:13Z INFO [143/361] 01dbecbf-f48c-4dc6-b13c-99bcb330fee2: 200 datasets; 6.5 s; peak memory 314 MiB.
2026-09-16T21:27:14Z INFO [144/361] 01dcb018-0718-4a80-a33c-5cbe545e1416: 48 datasets; 1.2 s; peak memory 314 MiB.
2026-09-16T21:27:15Z INFO [145/361] 01dcc649-90d3-41c6-ad9f-55daaedc0a49: 38 datasets; 1.1 s; peak memory 314 MiB.
2026-09-16T21:27:36Z INFO [146/361] 01dd13d5-d04a-4666-81ff-525e6d8ea957: 48 datasets; 20.7 s; peak memory 314 MiB.
2026-09-16T21:27:37Z INFO [147/361] 01dd4bd1-3c53-4a20-8bc4-ffee84a816f4: 152 datasets; 1.8 s; peak memory 314 MiB.
2026-09-16T21:27:41Z INFO [148/361] 01ddc88f-20dd-4676-9499-0367d329eb6e: 38 datasets; 3.5 s; peak memory 314 MiB.
2026-09-16T21:27:47Z INFO [149/361] 01dde307-ca96-416f-9b45-57a80469dde8: 538 datasets; 5.8 s; peak memory 314 MiB.
2026-09-16T21:27:48Z INFO [150/361] 01ddfc53-b6bb-4a19-994f-edff9c47263e: 48 datasets; 1.2 s; peak memory 314 MiB.
2026-09-16T21:27:48Z INFO [150/361] 01ddfc53-b6bb-4a19-994f-edff9c47263e: checkpointed 47819 records.
2026-09-16T21:27:49Z INFO [151/361] 01de80e8-4efd-4e25-83d2-ff9cc98a42e7: 117 datasets; 1.4 s; peak memory 314 MiB.
2026-09-16T21:27:51Z INFO [152/361] 01dec86b-f2a7-442d-b42b-3ff501e93276: 50 datasets; 1.1 s; peak memory 314 MiB.
2026-09-16T21:27:52Z INFO [153/361] 01decf8f-dd7f-47c3-8a18-9e202b8ad2e8: 51 datasets; 1.5 s; peak memory 314 MiB.
2026-09-16T21:27:55Z INFO [154/361] 01dfaa5a-b260-475d-adb3-6639e665d174: 71 datasets; 2.6 s; peak memory 314 MiB.
2026-09-16T21:28:03Z INFO [155/361] 01e1eb7f-3461-429e-baa4-e800d2b01196: 627 datasets; 8.4 s; peak memory 314 MiB.
2026-09-16T21:28:11Z INFO [156/361] 01e1ec82-e7cd-4d1d-ae22-089c16bdefe8: 608 datasets; 8.0 s; peak memory 314 MiB.
2026-09-16T21:28:14Z INFO [157/361] 01e28f5c-77ea-42b8-9a43-752d11842a55: 80 datasets; 3.0 s; peak memory 314 MiB.
2026-09-16T21:28:16Z INFO [158/361] 01e2a106-cc37-49f9-b814-a5f2679e38ae: 118 datasets; 1.5 s; peak memory 314 MiB.
2026-09-16T21:28:17Z INFO [159/361] 01e2a9a8-2123-460c-b050-be35c88db2da: 112 datasets; 1.8 s; peak memory 314 MiB.
2026-09-16T21:28:18Z INFO [160/361] 01e2e0b4-a5fc-41cd-bd7a-2b2051dbd210: 56 datasets; 1.0 s; peak memory 314 MiB.
2026-09-16T21:28:19Z INFO [161/361] 01e3e6ff-7312-4932-8fc7-5d8d5b57b7c0: 47 datasets; 1.0 s; peak memory 314 MiB.
2026-09-16T21:28:22Z INFO [162/361] 01e4960e-0e71-4352-8455-03619c1791ea: 82 datasets; 2.8 s; peak memory 314 MiB.
2026-09-16T21:28:38Z INFO [163/361] 01e4d96d-ca50-4abb-9c6a-c22dac0d4381: 38 datasets; 16.3 s; peak memory 314 MiB.
2026-09-16T21:29:01Z INFO [164/361] 01e5caf3-97ed-45e9-9301-de5480987e34: 48 datasets; 22.3 s; peak memory 314 MiB.
2026-09-16T21:29:02Z INFO [165/361] 01e6d1aa-3869-4fe7-a5b2-a24f5084aade: 112 datasets; 1.9 s; peak memory 314 MiB.
2026-09-16T21:29:04Z INFO [166/361] 01e732fd-5b78-4082-92eb-84654e6d4f5c: 48 datasets; 1.1 s; peak memory 314 MiB.
2026-09-16T21:29:06Z INFO [167/361] 01e739e9-a40b-4b38-ab4d-722852972c70: 115 datasets; 2.9 s; peak memory 314 MiB.
2026-09-16T21:29:22Z INFO [168/361] 01e800cb-fa40-4dd8-a5ce-fe7c9b8feb50: 432 datasets; 15.9 s; peak memory 314 MiB.
2026-09-16T21:29:24Z INFO [169/361] 01e817b7-b6f5-47ad-9881-ed2752d3f81b: 48 datasets; 1.2 s; peak memory 314 MiB.
2026-09-16T21:29:25Z INFO [170/361] 01e842e6-9300-4893-bf5a-cdf5c3d144f9: 48 datasets; 1.1 s; peak memory 314 MiB.
2026-09-16T21:29:26Z INFO [171/361] 01e876b1-7e62-45a5-b5aa-c8ac85bb5a4a: 48 datasets; 1.2 s; peak memory 314 MiB.
2026-09-16T21:29:27Z INFO [172/361] 01e89a2e-91aa-4ffc-9dc7-42b827366595: 48 datasets; 1.2 s; peak memory 314 MiB.
2026-09-16T21:29:29Z INFO [173/361] 01e97c2d-5bbe-46a7-aef7-fa53c1bca24c: 79 datasets; 1.6 s; peak memory 314 MiB.
2026-09-16T21:29:40Z INFO [174/361] 01e97ef0-29db-41a1-a7b4-759090b8699e: 643 datasets; 11.0 s; peak memory 314 MiB.
2026-09-16T21:29:41Z INFO [175/361] 01e9935f-f732-4426-a107-de64be9cd4cf: 116 datasets; 1.4 s; peak memory 314 MiB.
2026-09-16T21:29:42Z INFO [176/361] 01e9ee3e-efd0-4f7b-bdfb-4f329d869e45: 48 datasets; 1.2 s; peak memory 314 MiB.
2026-09-16T21:29:43Z INFO [177/361] 01ea40f6-1b3a-4f4b-a06c-aa52166c70de: 41 datasets; 1.1 s; peak memory 314 MiB.
2026-09-16T21:30:03Z INFO [178/361] 01ea770b-13f9-4d63-b4e2-441537cecae8: 1020 datasets; 19.5 s; peak memory 314 MiB.
2026-09-16T21:30:04Z INFO [179/361] 01eb4937-a7b9-442b-92f1-3f7ef62ced21: 117 datasets; 1.4 s; peak memory 314 MiB.
2026-09-16T21:30:10Z INFO [180/361] 01eb513e-a21b-465b-94c5-70df6bde39c3: 229 datasets; 5.7 s; peak memory 314 MiB.
2026-09-16T21:31:03Z INFO [181/361] 01eb69f6-5d1d-4afa-acd8-0a16cec7dc5d: 2188 datasets; 53.3 s; peak memory 314 MiB.
2026-09-16T21:31:05Z INFO [182/361] 01eb7909-29d9-41de-aae0-02d41974f4f5: 117 datasets; 1.5 s; peak memory 314 MiB.
2026-09-16T21:31:06Z INFO [183/361] 01eba086-3165-4b39-9fbe-8b2515c29ff0: 48 datasets; 1.2 s; peak memory 314 MiB.
2026-09-16T21:31:07Z INFO [184/361] 01ebd676-ae68-4caa-a4ff-57bc794ba8f6: 46 datasets; 0.9 s; peak memory 314 MiB.
2026-09-16T21:31:09Z INFO [185/361] 01ec4f42-7f36-4360-adfc-3549f27806ce: 111 datasets; 1.5 s; peak memory 314 MiB.
2026-09-16T21:31:20Z INFO [186/361] 01ec51b1-7c42-4f54-ba52-864cccec6ee7: 410 datasets; 11.1 s; peak memory 314 MiB.
2026-09-16T21:31:21Z INFO [187/361] 01ecdc69-c753-49b5-b0c3-8bd0cd5c0556: 117 datasets; 1.5 s; peak memory 314 MiB.
2026-09-16T21:31:22Z INFO [188/361] 01ed7d4e-710e-49d0-8c0f-804bbca70236: 114 datasets; 1.2 s; peak memory 314 MiB.
2026-09-16T21:31:23Z INFO [189/361] 01ee0166-eb0d-4c07-99b6-5a6e9d99ad37: 46 datasets; 1.0 s; peak memory 314 MiB.
2026-09-16T21:31:24Z INFO [190/361] 01ee39e8-1db6-4271-9e13-15b1c9ec3842: 46 datasets; 0.9 s; peak memory 314 MiB.
2026-09-16T21:31:26Z INFO [191/361] 01ee4cc0-f4aa-49b7-a61c-52115b6a35ad: 117 datasets; 1.7 s; peak memory 314 MiB.
2026-09-16T21:31:32Z INFO [192/361] 01ef3e50-3d0e-4d65-a856-479b6f0f260c: 203 datasets; 5.7 s; peak memory 314 MiB.
2026-09-16T21:31:34Z INFO [193/361] 01ef6e3e-fe97-4130-b0e4-c6af194eb11d: 118 datasets; 2.6 s; peak memory 314 MiB.
2026-09-16T21:31:36Z INFO [194/361] 01ef7f09-0476-490f-9834-5df2f5d872ba: 53 datasets; 1.6 s; peak memory 314 MiB.
2026-09-16T21:31:37Z INFO [195/361] 01f025eb-0c91-403b-8778-11df54222152: 69 datasets; 1.5 s; peak memory 314 MiB.
2026-09-16T21:31:39Z INFO [196/361] 01f04582-2adc-44b3-8d63-a799f15d9c34: 117 datasets; 1.3 s; peak memory 314 MiB.
2026-09-16T21:32:00Z INFO [197/361] 01f0ca66-b0fd-4dc2-a9e3-5f768240999c: 48 datasets; 21.4 s; peak memory 314 MiB.
2026-09-16T21:32:06Z INFO [198/361] 01f18173-0b58-4d78-b1b9-eaee5bd1ce42: 225 datasets; 6.3 s; peak memory 314 MiB.
2026-09-16T21:32:08Z INFO [199/361] 01f1fe5d-f618-48ab-a746-4d9993d5c801: 116 datasets; 1.4 s; peak memory 314 MiB.
2026-09-16T21:32:09Z INFO [200/361] 01f2d409-6235-41b8-9f74-9f58711ae411: 37 datasets; 0.9 s; peak memory 314 MiB.
2026-09-16T21:32:09Z INFO [200/361] 01f2d409-6235-41b8-9f74-9f58711ae411: checkpointed 47869 records.
2026-09-16T21:32:28Z INFO [201/361] 01f37333-8ac6-4f47-b4fc-58f80f85b4a7: 1689 datasets; 19.1 s; peak memory 314 MiB.
2026-09-16T21:32:29Z INFO [202/361] 01f38d04-3a46-48a7-8e3a-7d50fa08f362: 48 datasets; 1.2 s; peak memory 314 MiB.
2026-09-16T21:34:10Z INFO [203/361] 01f3d4cb-344e-425f-8d3c-66c8ff1aa73e: 55 datasets; 100.7 s; peak memory 314 MiB.
2026-09-16T21:34:13Z INFO [204/361] 01f431a7-3637-4cbb-9192-8fb174f7aff0: 115 datasets; 2.8 s; peak memory 314 MiB.
2026-09-16T21:34:15Z INFO [205/361] 01f45287-02e7-4261-aa40-459953d232f0: 112 datasets; 1.9 s; peak memory 314 MiB.
2026-09-16T21:34:16Z INFO [206/361] 01f492b3-e3a0-4e96-9f47-de4a028504cf: 60 datasets; 1.5 s; peak memory 314 MiB.
2026-09-16T21:34:19Z INFO [207/361] 01f4e554-43ef-4c65-b8c7-e93be0724edd: 116 datasets; 2.9 s; peak memory 314 MiB.
2026-09-16T21:34:24Z INFO [208/361] 01f576c2-aa5d-49ed-8810-5c07e23f39a2: 457 datasets; 4.9 s; peak memory 314 MiB.
2026-09-16T21:34:28Z INFO [209/361] 01f57f70-b30e-4aaf-a769-a7a1c22d3670: 90 datasets; 3.9 s; peak memory 314 MiB.
2026-09-16T21:34:29Z INFO [210/361] 01f6afa1-149d-4717-bdcb-6b0dd4c32354: 66 datasets; 1.7 s; peak memory 314 MiB.
2026-09-16T21:34:30Z INFO [211/361] 01f6eea8-5fae-4c76-bde4-6537c882f4b0: 37 datasets; 0.9 s; peak memory 314 MiB.
2026-09-16T21:34:31Z INFO [212/361] 01f7c7d5-75d8-4aa2-b8c1-245ab298a704: 46 datasets; 1.1 s; peak memory 314 MiB.
2026-09-16T21:34:33Z INFO [213/361] 01f8895d-2c37-4156-b2c5-26c10d319ef3: 118 datasets; 1.5 s; peak memory 314 MiB.
2026-09-16T21:34:34Z INFO [214/361] 01f8cf1c-b84d-437b-9acb-8c002f012939: 46 datasets; 1.2 s; peak memory 314 MiB.
2026-09-16T21:34:36Z INFO [215/361] 01f9f7a6-057c-44ea-8a24-7ed9926d39cd: 66 datasets; 2.2 s; peak memory 314 MiB.
2026-09-16T21:34:38Z INFO [216/361] 01fa0c90-3ca5-4bca-bd2a-398d12002348: 66 datasets; 1.6 s; peak memory 314 MiB.
2026-09-16T21:35:36Z INFO [217/361] 01fa3e1e-0cc7-42d2-b29f-4b4515d64b3c: 118 datasets; 58.4 s; peak memory 314 MiB.
2026-09-16T21:35:38Z INFO [218/361] 01fb16ad-47a0-4b78-9fd3-1dfcdb8373ea: 112 datasets; 2.0 s; peak memory 314 MiB.
2026-09-16T21:35:40Z INFO [219/361] 01fcc753-dcff-4d51-bdcd-517a4fa5a06a: 117 datasets; 1.5 s; peak memory 314 MiB.
2026-09-16T21:37:56Z INFO [220/361] 01fcd800-f2e6-4d59-b793-9da1287e83e1: 69 datasets; 135.7 s; peak memory 314 MiB.
2026-09-16T21:37:57Z INFO [221/361] 01fd2952-63c5-4855-8960-d991ba6fd96c: 48 datasets; 1.3 s; peak memory 314 MiB.
2026-09-16T21:37:58Z INFO [222/361] 01fd37f4-6af9-46cd-9457-1eeaa3addd6e: 44 datasets; 1.0 s; peak memory 314 MiB.
2026-09-16T21:37:59Z INFO [223/361] 01fe967a-5a98-4aef-a975-105f1080673a: 60 datasets; 1.3 s; peak memory 314 MiB.
2026-09-16T21:38:09Z INFO [224/361] 01fecb69-389a-4e48-9857-c3cf8e478dd4: 11477 datasets; 9.5 s; peak memory 314 MiB.
2026-09-16T21:38:10Z INFO [225/361] 0200159b-5cef-4f6f-a19e-da04194b688f: 112 datasets; 1.6 s; peak memory 314 MiB.
2026-09-16T21:38:11Z INFO [226/361] 02002359-552d-40c1-95b3-1b1c9df991c6: 46 datasets; 1.0 s; peak memory 314 MiB.
2026-09-16T21:38:19Z INFO [227/361] 020072db-36d6-44cc-a0c5-9a11304345be: 41 datasets; 7.9 s; peak memory 314 MiB.
2026-09-16T21:38:21Z INFO [228/361] 0200e900-6fed-484b-a901-55d241443864: 118 datasets; 1.5 s; peak memory 314 MiB.
2026-09-16T21:38:30Z INFO [229/361] 02013b4b-5642-48c7-ab6f-839d5e1877c4: 811 datasets; 9.2 s; peak memory 314 MiB.
2026-09-16T21:38:38Z INFO [230/361] 02013d9e-52bd-4a4e-a51a-7d36bd4e63d6: 56 datasets; 8.1 s; peak memory 314 MiB.
2026-09-16T21:38:40Z INFO [231/361] 02018c69-d2de-4dab-9878-774fcb8cab7c: 261 datasets; 1.8 s; peak memory 314 MiB.
2026-09-16T21:38:41Z INFO [232/361] 0201c128-f439-420a-a618-0ae9a439724f: 48 datasets; 1.2 s; peak memory 314 MiB.
2026-09-16T21:38:42Z INFO [233/361] 020205b2-c64f-4ea9-81d0-39d8bbe39d73: 48 datasets; 1.1 s; peak memory 314 MiB.
2026-09-16T21:38:43Z INFO [234/361] 02026466-ada5-432e-a1bb-a0a471ff2712: 48 datasets; 1.2 s; peak memory 314 MiB.
2026-09-16T21:38:53Z INFO [235/361] 0202d809-0b81-4d6a-b5d1-14427511a493: 804 datasets; 9.6 s; peak memory 314 MiB.
2026-09-16T21:38:54Z INFO [236/361] 0202e9fb-450c-4da1-bf7c-ceb782960a0f: 48 datasets; 1.2 s; peak memory 314 MiB.
2026-09-16T21:40:46Z INFO [237/361] 0203c1f4-b206-4701-b178-059324565f31: 250 datasets; 112.3 s; peak memory 362 MiB.
2026-09-16T21:40:48Z INFO [238/361] 0204dc1b-d5be-447e-a66a-c2e85d7ff02b: 117 datasets; 1.3 s; peak memory 362 MiB.
2026-09-16T21:40:49Z INFO [239/361] 0206cb4c-0d32-49ae-94cc-fc49159fe548: 65 datasets; 1.3 s; peak memory 362 MiB.
2026-09-16T21:40:50Z INFO [240/361] 0206e05a-84f3-4276-8ca8-42c63dc0fd3d: 45 datasets; 1.0 s; peak memory 362 MiB.
2026-09-16T21:40:51Z INFO [241/361] 0206e0b8-3993-4b25-ba45-81e6ddf48e29: 48 datasets; 1.2 s; peak memory 362 MiB.
2026-09-16T21:40:52Z INFO [242/361] 0209714e-5ea9-4cc1-b8d8-0605118a4f07: 46 datasets; 1.3 s; peak memory 362 MiB.
2026-09-16T21:40:55Z INFO [243/361] 02099db8-dc9a-4f06-bc2c-cb80aeebc57f: 118 datasets; 2.2 s; peak memory 362 MiB.
2026-09-16T21:40:56Z INFO [244/361] 020ac9fa-db6c-48e7-a442-d430acd488dc: 117 datasets; 1.4 s; peak memory 362 MiB.
2026-09-16T21:40:57Z INFO [245/361] 020b2974-3364-46f3-9e4a-5a1dc31dd549: 117 datasets; 1.4 s; peak memory 362 MiB.
2026-09-16T21:40:59Z INFO [246/361] 020b3a38-0a03-40d9-891a-039e2589e51e: 115 datasets; 1.5 s; peak memory 362 MiB.
2026-09-16T21:41:00Z INFO [247/361] 020c9347-39d5-454c-ab0d-17ebbdfa8336: 60 datasets; 1.5 s; peak memory 362 MiB.
2026-09-16T21:41:07Z INFO [248/361] 020d84ca-4c32-4c98-8345-35c3d13dd1b5: 196 datasets; 6.6 s; peak memory 362 MiB.
2026-09-16T21:41:09Z INFO [249/361] 020dd284-1b36-4959-affe-dc24f26f447e: 66 datasets; 1.7 s; peak memory 362 MiB.
2026-09-16T21:41:10Z INFO [250/361] 020e2949-5097-4f2d-9924-058b328dff84: 42 datasets; 1.2 s; peak memory 362 MiB.
2026-09-16T21:41:10Z INFO [250/361] 020e2949-5097-4f2d-9924-058b328dff84: checkpointed 47919 records.
2026-09-16T21:41:12Z INFO [251/361] 020e377b-013e-4d90-8e52-992b6f090f36: 118 datasets; 2.4 s; peak memory 362 MiB.
2026-09-16T21:41:14Z INFO [252/361] 020f33a0-a509-4021-8ada-4c83d2d3cd23: 112 datasets; 1.7 s; peak memory 362 MiB.
2026-09-16T21:41:16Z INFO [253/361] 020fb2c7-1e4e-4188-ad5f-328941671a23: 112 datasets; 1.9 s; peak memory 362 MiB.
2026-09-16T21:41:18Z INFO [254/361] 021078ad-6fe0-45e4-9fb6-4404fc7ea904: 112 datasets; 1.8 s; peak memory 362 MiB.
2026-09-16T21:41:19Z INFO [255/361] 02116997-1d31-45c8-9613-0daca1846bbb: 53 datasets; 1.0 s; peak memory 362 MiB.
2026-09-16T21:41:20Z INFO [256/361] 0211b58a-7025-4833-a441-6aba113c9c6b: 48 datasets; 1.2 s; peak memory 362 MiB.
2026-09-16T21:41:21Z INFO [257/361] 0211ccb0-e683-40ce-9016-5489dc082535: 110 datasets; 1.4 s; peak memory 362 MiB.
2026-09-16T21:41:23Z INFO [258/361] 021271f6-7aed-447a-baae-7a5060f502e4: 48 datasets; 1.2 s; peak memory 362 MiB.
2026-09-16T21:41:24Z INFO [259/361] 0212cdb4-e383-43dd-bb19-9fc006551315: 112 datasets; 1.8 s; peak memory 362 MiB.
2026-09-16T21:41:26Z INFO [260/361] 02131dd5-b976-456f-9743-660b1b7b7d00: 112 datasets; 1.4 s; peak memory 362 MiB.
2026-09-16T21:41:31Z INFO [261/361] 02134707-6800-4572-97a5-732cd4d9c309: 225 datasets; 5.4 s; peak memory 362 MiB.
2026-09-16T21:41:33Z INFO [262/361] 0213673b-eddc-4db0-8c07-1e477bb8b66a: 116 datasets; 1.5 s; peak memory 362 MiB.
2026-09-16T21:41:34Z INFO [263/361] 021388a2-19e0-4b6b-945d-2ee0d3a39930: 110 datasets; 1.8 s; peak memory 362 MiB.
2026-09-16T21:41:36Z INFO [264/361] 021433c3-33a4-4860-aafc-5f2a9650e89f: 77 datasets; 1.4 s; peak memory 362 MiB.
2026-09-16T21:41:37Z INFO [265/361] 0214ab45-a5da-4d07-9748-838f3ec9b46b: 46 datasets; 0.9 s; peak memory 362 MiB.
2026-09-16T21:41:40Z INFO [266/361] 021553cd-c5da-4b33-9019-0abf92c9af28: 115 datasets; 3.0 s; peak memory 362 MiB.
2026-09-16T21:42:03Z INFO [267/361] 0215df30-d9e8-4e30-aa42-fc63febd68a0: 48 datasets; 23.1 s; peak memory 362 MiB.
2026-09-16T21:42:04Z INFO [268/361] 02162606-2fd4-49f1-a967-4aa1b8e7f3c5: 84 datasets; 1.5 s; peak memory 362 MiB.
2026-09-16T21:42:05Z INFO [269/361] 0217144a-17da-4ce6-baa4-1b74b9bc1d33: 45 datasets; 1.0 s; peak memory 362 MiB.
2026-09-16T21:42:07Z INFO [270/361] 0217599f-e8df-4d9c-a471-b139a575195f: 110 datasets; 1.3 s; peak memory 362 MiB.
2026-09-16T21:42:15Z INFO [271/361] 0218437c-a7c5-4969-b886-b9c7ced671ae: 588 datasets; 8.2 s; peak memory 362 MiB.
2026-09-16T21:42:16Z INFO [272/361] 02192944-f638-4616-9e45-6b7438119c8f: 46 datasets; 1.2 s; peak memory 362 MiB.
2026-09-16T21:42:17Z INFO [273/361] 0219635a-c536-4dd6-906e-ce90231ac0d1: 48 datasets; 1.2 s; peak memory 362 MiB.
2026-09-16T21:42:18Z INFO [274/361] 0219a005-d38e-4491-a5da-fdad94f99c02: 48 datasets; 1.1 s; peak memory 362 MiB.
2026-09-16T21:42:26Z INFO [275/361] 0219aecc-9f52-48e2-9e9f-405debad6534: 3796 datasets; 7.3 s; peak memory 362 MiB.
2026-09-16T21:42:27Z INFO [276/361] 021a3fa8-1ba3-45a4-ba50-015ffa00ff89: 117 datasets; 1.4 s; peak memory 362 MiB.
2026-09-16T21:42:29Z INFO [277/361] 021a63dc-c8ba-4116-998c-dcfe2029b5b5: 112 datasets; 2.0 s; peak memory 362 MiB.
2026-09-16T21:42:35Z INFO [278/361] 021ba67d-f6c1-4b2a-aace-2ef31436dc12: 200 datasets; 6.3 s; peak memory 362 MiB.
2026-09-16T21:42:56Z INFO [279/361] 021c0c00-71bc-4a70-88f1-1058f89da08d: 48 datasets; 20.6 s; peak memory 362 MiB.
2026-09-16T21:42:58Z INFO [280/361] 021c7269-7dfa-439a-86b3-e0942494b823: 112 datasets; 1.9 s; peak memory 362 MiB.
2026-09-16T21:45:14Z INFO [281/361] 021f8583-dafb-49e9-bb86-767bdd6d36cd: 118 datasets; 135.8 s; peak memory 362 MiB.
2026-09-16T21:45:18Z INFO [282/361] 02200e9e-efac-4fa7-ab06-e93e672eb6c1: 53 datasets; 4.5 s; peak memory 362 MiB.
2026-09-16T21:45:21Z INFO [283/361] 022066a5-3000-4262-b90e-0f55e59c39be: 116 datasets; 3.2 s; peak memory 362 MiB.
2026-09-16T21:45:32Z INFO [284/361] 02214a03-32bd-48d4-b7f4-5bf97b00a1df: 369 datasets; 10.9 s; peak memory 362 MiB.
2026-09-16T21:45:52Z INFO [285/361] 02217475-9830-4f02-b35c-a6dccc8e8aa8: 987 datasets; 19.7 s; peak memory 362 MiB.
2026-09-16T21:45:53Z INFO [286/361] 0221f874-5c13-480d-ac4d-5099d8a85b7a: 48 datasets; 1.1 s; peak memory 362 MiB.
2026-09-16T21:45:54Z INFO [287/361] 02244ba2-685c-4ac0-baf5-0f61ebef75d3: 116 datasets; 1.3 s; peak memory 362 MiB.
2026-09-16T21:45:56Z INFO [288/361] 02253495-3c34-47ab-9121-d3e74909f5c9: 59 datasets; 1.5 s; peak memory 362 MiB.
2026-09-16T21:45:57Z INFO [289/361] 0225c5b9-3b9a-4af2-8765-009a3a65b30c: 21 datasets; 0.9 s; peak memory 362 MiB.
2026-09-16T21:45:58Z INFO [290/361] 0225e258-b1f5-4649-aa11-b50389972297: 118 datasets; 1.5 s; peak memory 362 MiB.
2026-09-16T21:45:59Z INFO [291/361] 022611a0-c9b5-49b0-9e63-877d2c228171: 48 datasets; 1.2 s; peak memory 362 MiB.
2026-09-16T21:46:01Z INFO [292/361] 02262a07-b9e8-473e-8c77-79d24e0bd5af: 66 datasets; 1.9 s; peak memory 362 MiB.
2026-09-16T21:46:04Z INFO [293/361] 02268c7b-9fa3-4c41-bdf3-81b04989e0c0: 119 datasets; 2.4 s; peak memory 362 MiB.
2026-09-16T21:46:05Z INFO [294/361] 0226bdce-75ce-43b2-92e0-39000dbd3c81: 117 datasets; 1.6 s; peak memory 362 MiB.
2026-09-16T21:46:07Z INFO [295/361] 02286594-b159-455b-9d4b-4cda00f62a37: 117 datasets; 1.5 s; peak memory 362 MiB.
2026-09-16T21:46:08Z INFO [296/361] 0228e127-31ef-493c-9ab6-7ed874426dbb: 48 datasets; 1.2 s; peak memory 362 MiB.
2026-09-16T21:46:09Z INFO [297/361] 0229b01d-c981-45d9-b461-26e6da04a154: 121 datasets; 1.3 s; peak memory 362 MiB.
2026-09-16T21:46:11Z INFO [298/361] 022a2b7a-8cb7-4514-9afc-8df0d20dbd15: 45 datasets; 1.5 s; peak memory 362 MiB.
2026-09-16T21:46:12Z INFO [299/361] 022c682c-f4af-4c60-a4f8-e9217c1c62a2: 50 datasets; 1.4 s; peak memory 362 MiB.
2026-09-16T21:46:14Z INFO [300/361] 022e1f46-b049-4c83-9a3c-3bbdd4a41077: 112 datasets; 1.8 s; peak memory 362 MiB.
2026-09-16T21:46:14Z INFO [300/361] 022e1f46-b049-4c83-9a3c-3bbdd4a41077: checkpointed 47969 records.
2026-09-16T21:46:16Z INFO [301/361] 022e8135-8686-48f0-b454-2668124ca593: 53 datasets; 2.0 s; peak memory 362 MiB.
2026-09-16T21:46:17Z INFO [302/361] 022ec9c5-ec21-4513-bcd3-2e835e4cd506: 46 datasets; 1.1 s; peak memory 362 MiB.
2026-09-16T21:46:19Z INFO [303/361] 022f150d-16e8-45d4-97b4-6181d63fd51f: 66 datasets; 1.6 s; peak memory 362 MiB.
2026-09-16T21:47:11Z INFO [304/361] 022f339d-9d26-426b-9ef1-ca63eb47d5ad: 403 datasets; 52.1 s; peak memory 362 MiB.
2026-09-16T21:47:13Z INFO [305/361] 022f8eb4-53ae-4af9-9bdc-674aae1edb51: 112 datasets; 1.7 s; peak memory 362 MiB.
2026-09-16T21:47:14Z INFO [306/361] 02309b5a-860c-4df0-a7be-857ff5d255b5: 118 datasets; 1.4 s; peak memory 362 MiB.
2026-09-16T21:47:15Z INFO [307/361] 0230eb57-d071-4bcc-9a22-6834afa40a85: 48 datasets; 1.3 s; peak memory 362 MiB.
2026-09-16T21:47:16Z INFO [308/361] 02311f29-addb-49c5-98a6-c442fb85b402: 46 datasets; 0.9 s; peak memory 362 MiB.
2026-09-16T21:47:18Z INFO [309/361] 02314e29-612a-4dc3-a24e-5af89266b939: 71 datasets; 2.1 s; peak memory 362 MiB.
2026-09-16T21:47:20Z INFO [310/361] 0231748a-c88e-46b1-a553-bfae358aeb70: 117 datasets; 1.4 s; peak memory 362 MiB.
2026-09-16T21:47:21Z INFO [311/361] 02328483-d31b-4de9-888a-574b619d2c97: 48 datasets; 1.2 s; peak memory 362 MiB.
2026-09-16T21:47:22Z INFO [312/361] 0232c59a-ac44-447d-9063-ad2a1856fa92: 46 datasets; 1.0 s; peak memory 362 MiB.
2026-09-16T21:47:23Z INFO [313/361] 0232edf3-d4db-44e4-ac0b-bca8596ed8c4: 48 datasets; 1.2 s; peak memory 362 MiB.
2026-09-16T21:47:25Z INFO [314/361] 0234fc59-3c5a-4238-8e00-b8639b27b2a8: 117 datasets; 1.4 s; peak memory 362 MiB.
2026-09-16T21:47:26Z INFO [315/361] 023522fa-48b1-4c9e-9a8b-37fb699f601f: 52 datasets; 1.3 s; peak memory 362 MiB.
2026-09-16T21:47:34Z INFO [316/361] 02353ebe-f8dc-4283-925c-03fcd22d8178: 56 datasets; 7.8 s; peak memory 362 MiB.
2026-09-16T21:47:35Z INFO [317/361] 023567f7-ce9d-4898-b402-2a07c9a0c61a: 112 datasets; 1.5 s; peak memory 362 MiB.
2026-09-16T21:56:01Z INFO [318/361] 02366416-a104-4f5a-9322-49a59a543094: 99 datasets; 505.3 s; peak memory 1188 MiB.
2026-09-16T21:56:02Z INFO [319/361] 02384071-60ea-4822-9424-8f6d5d102b9c: 66 datasets; 1.7 s; peak memory 1188 MiB.
2026-09-16T21:59:48Z INFO [320/361] 02384416-3bd6-4b38-bdd6-0b113df75307: 436 datasets; 225.5 s; peak memory 1188 MiB.
2026-09-16T21:59:55Z INFO [321/361] 02391096-53ee-4f1f-b0fc-949452447198: 538 datasets; 7.3 s; peak memory 1188 MiB.
2026-09-16T21:59:57Z INFO [322/361] 02399f2b-f3b5-4150-95bb-24db73e74493: 116 datasets; 1.5 s; peak memory 1188 MiB.
2026-09-16T22:00:00Z INFO [323/361] 023aa742-1af9-4e46-93e9-7acf2d5d6259: 117 datasets; 3.8 s; peak memory 1188 MiB.
2026-09-16T22:00:05Z INFO [324/361] 023ab37d-1bd1-44e0-88df-a0ef3acba32d: 53 datasets; 4.5 s; peak memory 1188 MiB.
2026-09-16T22:00:06Z INFO [325/361] 023accbf-1eec-4548-9a9e-d33bd5d81eba: 117 datasets; 1.5 s; peak memory 1188 MiB.
2026-09-16T22:00:09Z INFO [326/361] 023b8db2-1a14-44b5-9772-62a39003552d: 101 datasets; 2.8 s; peak memory 1188 MiB.
2026-09-16T22:00:11Z INFO [327/361] 023be53b-62a9-4348-8491-a5635f7b2c8a: 112 datasets; 1.6 s; peak memory 1188 MiB.
2026-09-16T22:00:12Z INFO [328/361] 023cd4ec-9f12-4acc-a100-31fc438c60a9: 86 datasets; 1.2 s; peak memory 1188 MiB.
2026-09-16T22:00:29Z INFO [329/361] 023d394c-5b65-49f8-b2dc-e848e442157a: 1132 datasets; 16.7 s; peak memory 1188 MiB.
2026-09-16T22:00:30Z INFO [330/361] 023de8d7-011a-49df-ab78-450790e357e5: 48 datasets; 1.2 s; peak memory 1188 MiB.
2026-09-16T22:00:32Z INFO [331/361] 023e2f62-a1b6-46e0-bf97-a552e16263cb: 112 datasets; 1.7 s; peak memory 1188 MiB.
2026-09-16T22:00:33Z INFO [332/361] 023ed86e-9ccc-4f5e-89d4-75f8f3f61647: 52 datasets; 1.3 s; peak memory 1188 MiB.
2026-09-16T22:00:35Z INFO [333/361] 023f13e6-5a20-46e4-90d3-bd40165f0b3e: 41 datasets; 2.4 s; peak memory 1188 MiB.
2026-09-16T22:00:53Z INFO [334/361] 023f6326-2c0c-4725-a2c8-4b3583889d50: 44 datasets; 17.4 s; peak memory 1188 MiB.
2026-09-16T22:00:54Z INFO [335/361] 023fef0f-fd7e-41ea-89be-fe513f8a92c9: 66 datasets; 1.7 s; peak memory 1188 MiB.
2026-09-16T22:00:56Z INFO [336/361] 023ff1ca-0551-4307-b268-d50aeab24783: 48 datasets; 1.1 s; peak memory 1188 MiB.
2026-09-16T22:00:58Z INFO [337/361] 02407b32-7320-4fd5-8859-34ac126b314b: 53 datasets; 2.7 s; peak memory 1188 MiB.
2026-09-16T22:00:59Z INFO [338/361] 02411261-31e4-4c48-bff0-ad538f6f2bd4: 56 datasets; 1.0 s; peak memory 1188 MiB.
2026-09-16T22:01:01Z INFO [339/361] 02422670-f4fb-4366-98ee-9d194ca98183: 66 datasets; 1.7 s; peak memory 1188 MiB.
2026-09-16T22:01:03Z INFO [340/361] 024319c7-263e-4d84-a82e-9c902772332c: 112 datasets; 1.7 s; peak memory 1188 MiB.
2026-09-16T22:01:04Z INFO [341/361] 02439c1d-d548-4c8f-ab65-d050373789d2: 66 datasets; 1.7 s; peak memory 1188 MiB.
2026-09-16T22:01:06Z INFO [342/361] 0244990f-1c79-4fcb-af48-11e466967bf9: 48 datasets; 1.2 s; peak memory 1188 MiB.
2026-09-16T22:01:22Z INFO [343/361] 02452938-7c44-4f8f-a7a7-4be1b8af13be: 278 datasets; 16.7 s; peak memory 1188 MiB.
2026-09-16T22:01:23Z INFO [344/361] 0245bdf4-38ea-4c16-83c6-79ce769c0b53: 48 datasets; 1.2 s; peak memory 1188 MiB.
2026-09-16T22:01:25Z INFO [345/361] 0245e7c2-2f04-42a1-9302-4ff778105167: 48 datasets; 1.2 s; peak memory 1188 MiB.
2026-09-16T22:01:33Z INFO [346/361] 0246d73f-65cd-43ac-bfce-54c34aaad5f4: 41 datasets; 8.7 s; peak memory 1188 MiB.
2026-09-16T22:01:35Z INFO [347/361] 0247201e-6f40-485e-96d0-1f8d1540f624: 49 datasets; 1.2 s; peak memory 1188 MiB.
2026-09-16T22:01:36Z INFO [348/361] 024735c1-6631-4c96-8aa1-cf2fbbd0b10c: 66 datasets; 1.7 s; peak memory 1188 MiB.
2026-09-16T22:01:38Z INFO [349/361] 0248d9ba-aa14-4dd5-85f9-38b106897ba6: 84 datasets; 1.6 s; peak memory 1188 MiB.
2026-09-16T22:01:39Z INFO [350/361] 0248ebf7-dd32-4621-adbc-62b03bf0da27: 57 datasets; 1.1 s; peak memory 1188 MiB.
2026-09-16T22:01:39Z INFO [350/361] 0248ebf7-dd32-4621-adbc-62b03bf0da27: checkpointed 48019 records.
2026-09-16T22:01:40Z INFO [351/361] 0249de9b-bb18-44b3-9ef6-0ac2f47a2505: 48 datasets; 1.2 s; peak memory 1188 MiB.
2026-09-16T22:01:50Z INFO [352/361] 024a433d-a791-4d22-95ef-d8ee83418dec: 798 datasets; 9.8 s; peak memory 1188 MiB.
2026-09-16T22:01:55Z INFO [353/361] 024aeec4-c011-4e7a-bbc3-cc2a56f81abe: 490 datasets; 5.1 s; peak memory 1188 MiB.
2026-09-16T22:01:56Z INFO [354/361] 024af1bc-a710-4b93-8f36-403e5a9050c9: 48 datasets; 1.2 s; peak memory 1188 MiB.
2026-09-16T22:01:58Z INFO [355/361] 024b57be-36e6-4381-8014-ebfdbd3672f7: 33 datasets; 1.2 s; peak memory 1188 MiB.
2026-09-16T22:02:15Z INFO [356/361] 024c16ec-2d6b-4f08-98d7-ea9cbe98a7e9: 8045 datasets; 17.8 s; peak memory 1188 MiB.
2026-09-16T22:02:16Z INFO [357/361] 024c8ff9-866c-40a0-bfc1-3f31ba9e8506: 38 datasets; 1.1 s; peak memory 1188 MiB.
2026-09-16T22:02:18Z INFO [358/361] 024c929f-ae68-47de-90a0-2a31d64822b0: 52 datasets; 1.4 s; peak memory 1188 MiB.
2026-09-16T22:02:20Z INFO [359/361] 024c9e5b-e169-4639-8951-7a0a7960e4e7: 112 datasets; 2.2 s; peak memory 1188 MiB.
2026-09-16T22:02:21Z INFO [360/361] 024cd809-fee8-45f9-b486-e268805d2d2f: 57 datasets; 1.0 s; peak memory 1188 MiB.
2026-09-16T22:02:24Z INFO [361/361] 024e6a13-f90b-42ee-92ed-e841997a105d: 123 datasets; 3.0 s; peak memory 1188 MiB.
2026-09-16T22:02:24Z INFO Wrote 48030 records to /tmp/derivatives/valid_nwb_file_to_number_of_datasets.jsonl (361 new, 0 failed) in 52.1 min (peak memory 1188 MiB).
