2026-09-29T12:34:30Z INFO Logging to /tmp/logs/update_2026-09-29T12-34-30Z.log.
2026-09-29T12:34:30Z INFO Update valid-nwb-file-to-number-of-datasets (base directory /tmp).
2026-09-29T12:34:30Z INFO Processing 377 items (60990 already recorded).
2026-09-29T12:34:39Z INFO [1/377] 1d44a3ae-479b-4e13-b434-9489fbae9f35: 768 datasets; 9.2 s; peak memory 134 MiB.
2026-09-29T12:34:48Z INFO [2/377] 1d44fa15-0395-4ad7-97ad-13986f2aa8ef: 396 datasets; 9.0 s; peak memory 134 MiB.
2026-09-29T12:34:50Z INFO [3/377] 1d453077-bb37-4f8f-a7a8-61e53e1564f9: 62 datasets; 1.4 s; peak memory 135 MiB.
2026-09-29T12:34:51Z INFO [4/377] 1d454e59-2964-4acf-9d84-c1d1b66923d3: 117 datasets; 1.4 s; peak memory 135 MiB.
2026-09-29T12:35:01Z INFO [5/377] 1d456034-4aff-4345-9946-71c6f99830bf: 885 datasets; 10.1 s; peak memory 142 MiB.
2026-09-29T12:35:02Z INFO [6/377] 1d4617e9-adc4-48e5-ae5e-f7f174c041f3: 117 datasets; 1.2 s; peak memory 142 MiB.
2026-09-29T12:35:05Z INFO [7/377] 1d476db8-8e11-452c-a5ef-2850ed06c707: 150 datasets; 3.0 s; peak memory 142 MiB.
2026-09-29T12:35:07Z INFO [8/377] 1d478925-3cb8-4ff4-9a10-6f802c0f4f8d: 117 datasets; 1.3 s; peak memory 142 MiB.
2026-09-29T12:35:16Z INFO [9/377] 1d47d22e-e5f4-475d-b746-da92bed98827: 738 datasets; 9.1 s; peak memory 143 MiB.
2026-09-29T12:35:17Z INFO [10/377] 1d48634e-988b-4d28-8534-ac36e42565ac: 48 datasets; 1.0 s; peak memory 143 MiB.
2026-09-29T12:35:18Z INFO [11/377] 1d48874d-84b7-4237-844e-126fb9b4122f: 48 datasets; 1.0 s; peak memory 143 MiB.
2026-09-29T12:35:19Z INFO [12/377] 1d498940-4565-411f-aa2e-c86414777a66: 112 datasets; 1.3 s; peak memory 143 MiB.
2026-09-29T12:35:20Z INFO [13/377] 1d49f01a-23ba-49ba-bfda-31883025b36a: 52 datasets; 1.1 s; peak memory 143 MiB.
2026-09-29T12:35:35Z INFO [14/377] 1d4a0329-c297-4991-b349-28fb9687ac17: 428 datasets; 14.9 s; peak memory 143 MiB.
2026-09-29T12:35:36Z INFO [15/377] 1d4a1fcd-b71d-4bcc-ad11-dfbd27d513e4: 46 datasets; 0.8 s; peak memory 143 MiB.
2026-09-29T12:35:37Z INFO [16/377] 1d4c50ae-a428-4b17-a66a-0785b081b942: 48 datasets; 1.0 s; peak memory 143 MiB.
2026-09-29T12:35:39Z INFO [17/377] 1d4c9793-e5e3-442f-8d84-3775d4805963: 80 datasets; 2.2 s; peak memory 143 MiB.
2026-09-29T12:35:40Z INFO [18/377] 1d4d119a-5229-4cc9-966f-0b7a5302550f: 112 datasets; 1.2 s; peak memory 143 MiB.
2026-09-29T12:35:42Z INFO [19/377] 1d4d62e5-fe10-4b73-b17e-0bf47be44f55: 71 datasets; 1.8 s; peak memory 144 MiB.
2026-09-29T12:35:47Z INFO [20/377] 1d4da3bb-34bf-4ec7-b052-c1420add6a55: 90 datasets; 4.8 s; peak memory 144 MiB.
2026-09-29T12:35:51Z INFO [21/377] 1d4e888e-af95-4f16-b92f-41d5834d9652: 538 datasets; 4.3 s; peak memory 144 MiB.
2026-09-29T12:35:53Z INFO [22/377] 1d4eeef9-bb18-44ef-920b-4dce85a44248: 45 datasets; 1.5 s; peak memory 144 MiB.
2026-09-29T12:35:54Z INFO [23/377] 1d4f9153-9f20-4ebe-bfa3-ae4b8b30552e: 118 datasets; 1.5 s; peak memory 144 MiB.
2026-09-29T12:35:56Z INFO [24/377] 1d503377-533b-43da-8710-e2b7458fe0c2: 112 datasets; 1.5 s; peak memory 144 MiB.
2026-09-29T12:35:57Z INFO [25/377] 1d50b4f2-a50e-4573-be6e-bbb40ed62064: 42 datasets; 1.0 s; peak memory 144 MiB.
2026-09-29T12:35:58Z INFO [26/377] 1d50ba69-99ca-414f-83e2-0d30f0606463: 112 datasets; 1.6 s; peak memory 144 MiB.
2026-09-29T12:36:00Z INFO [27/377] 1d50e425-9df2-478f-b431-526d7275c551: 117 datasets; 1.3 s; peak memory 144 MiB.
2026-09-29T12:36:05Z INFO [28/377] 1d515f8c-344a-492d-86dd-600f06b03eca: 534 datasets; 5.5 s; peak memory 144 MiB.
2026-09-29T12:36:07Z INFO [29/377] 1d5183b7-69e9-4adc-b2b6-47288535cb7a: 66 datasets; 1.4 s; peak memory 144 MiB.
2026-09-29T12:49:48Z INFO [30/377] 1d518d67-4c86-4e2f-8955-6e2c44407f86: 216 datasets; 821.6 s; peak memory 1084 MiB.
2026-09-29T12:49:49Z INFO [31/377] 1d51a60a-2213-444c-a7c9-bb30dde9344f: 48 datasets; 1.0 s; peak memory 1084 MiB.
2026-09-29T12:49:51Z INFO [32/377] 1d525b39-05e9-4738-9cea-f2dd2449df23: 84 datasets; 1.5 s; peak memory 1084 MiB.
2026-09-29T12:49:52Z INFO [33/377] 1d526fd7-558a-4658-a059-bd4672bda0c5: 38 datasets; 0.9 s; peak memory 1084 MiB.
2026-09-29T12:49:53Z INFO [34/377] 1d52d4e1-e0d8-4daa-90f3-d2c1013668e4: 64 datasets; 1.6 s; peak memory 1084 MiB.
2026-09-29T12:49:54Z INFO [35/377] 1d53324e-3bc2-47f5-91f2-3af51f4179e3: 117 datasets; 1.1 s; peak memory 1084 MiB.
2026-09-29T12:49:55Z INFO [36/377] 1d53a1d9-cc90-46a7-bfd7-0c92362ffe2c: 44 datasets; 0.8 s; peak memory 1084 MiB.
2026-09-29T12:49:56Z INFO [37/377] 1d54360b-1b7f-41a9-8465-0d126836641f: 52 datasets; 1.2 s; peak memory 1084 MiB.
2026-09-29T12:49:57Z INFO [38/377] 1d54b24d-5e5b-4e99-bd46-b80fc64b6cf4: 48 datasets; 0.9 s; peak memory 1084 MiB.
2026-09-29T12:49:58Z INFO [39/377] 1d54b7c3-c774-4e44-87de-8e3ba1cb1f98: 48 datasets; 0.9 s; peak memory 1084 MiB.
2026-09-29T12:50:00Z INFO [40/377] 1d5597b7-03ad-404e-833e-f33315c6bdf7: 70 datasets; 1.4 s; peak memory 1084 MiB.
2026-09-29T12:50:01Z INFO [41/377] 1d55ac2f-9fa9-4234-9d3d-56b4a8d7b319: 116 datasets; 1.2 s; peak memory 1084 MiB.
2026-09-29T12:50:02Z INFO [42/377] 1d55f9e4-f2a5-4870-88da-666cc14bc447: 48 datasets; 1.0 s; peak memory 1084 MiB.
2026-09-29T12:50:03Z INFO [43/377] 1d573d6a-d9ac-4c72-885d-0cfba135999a: 69 datasets; 1.4 s; peak memory 1084 MiB.
2026-09-29T12:50:17Z INFO [44/377] 1d57b654-76ac-4b77-8132-72d3568cde39: 2174 datasets; 13.6 s; peak memory 1084 MiB.
2026-09-29T12:50:23Z INFO [45/377] 1d57be3d-0f67-4df0-8608-673de9d3651a: 56 datasets; 6.6 s; peak memory 1084 MiB.
2026-09-29T12:50:26Z INFO [46/377] 1d582b01-0c9e-4348-aaa1-d11cb8738b21: 116 datasets; 2.8 s; peak memory 1084 MiB.
2026-09-29T12:50:28Z INFO [47/377] 1d58387d-ad61-47a7-9628-49e77e8f9999: 112 datasets; 1.5 s; peak memory 1084 MiB.
2026-09-29T12:50:29Z INFO [48/377] 1d589199-d5ce-4363-8935-5a28fc206651: 52 datasets; 0.9 s; peak memory 1084 MiB.
2026-09-29T12:50:30Z INFO [49/377] 1d59ff0e-12af-4c06-8483-d36b2fde10fb: 117 datasets; 1.3 s; peak memory 1084 MiB.
2026-09-29T12:50:31Z INFO [50/377] 1d5a96fd-3a83-43e7-b4a9-b937df250744: 46 datasets; 1.1 s; peak memory 1084 MiB.
2026-09-29T12:50:31Z INFO [50/377] 1d5a96fd-3a83-43e7-b4a9-b937df250744: checkpointed 61040 records.
2026-09-29T12:50:32Z INFO [51/377] 1d5aa35e-672b-4c42-b9ce-b964fbbf98fb: 48 datasets; 1.0 s; peak memory 1084 MiB.
2026-09-29T12:50:33Z INFO [52/377] 1d5abe7b-ed61-47f6-84a4-9ebb5fb3cc74: 62 datasets; 1.3 s; peak memory 1084 MiB.
2026-09-29T12:50:35Z INFO [53/377] 1d5be81a-20c2-44ef-85f2-53c2c9454bd2: 53 datasets; 1.2 s; peak memory 1084 MiB.
2026-09-29T12:50:35Z INFO [54/377] 1d5cfe53-3ca5-4b82-8150-07ee1228d79b: 46 datasets; 0.8 s; peak memory 1084 MiB.
2026-09-29T12:50:37Z INFO [55/377] 1d5d07fa-2060-4962-970c-8f8dd80255fe: 119 datasets; 2.1 s; peak memory 1084 MiB.
2026-09-29T12:50:40Z INFO [56/377] 1d5d5054-c764-46dc-b7ca-a6ad5b8de16c: 150 datasets; 2.6 s; peak memory 1084 MiB.
2026-09-29T12:50:41Z INFO [57/377] 1d5d6811-565c-4e85-8144-166ad80df624: 77 datasets; 1.3 s; peak memory 1084 MiB.
2026-09-29T12:50:43Z INFO [58/377] 1d5eaaec-3dd9-427b-8dd7-ae0a10167bdf: 70 datasets; 1.5 s; peak memory 1084 MiB.
2026-09-29T12:50:44Z INFO [59/377] 1d5ec7ea-301a-49b1-a68e-5f3dcda1ca96: 46 datasets; 0.8 s; peak memory 1084 MiB.
2026-09-29T12:50:45Z INFO [60/377] 1d5ed6c0-2523-45ef-b1a9-8e20e3bbd6ec: 117 datasets; 1.1 s; peak memory 1084 MiB.
2026-09-29T12:50:46Z INFO [61/377] 1d5f8e7f-4c56-4b21-aa2e-1c89e78beaa4: 48 datasets; 1.1 s; peak memory 1084 MiB.
2026-09-29T12:50:47Z INFO [62/377] 1d5fb413-f8a4-4f1a-bd07-420c8fbe85d3: 48 datasets; 1.1 s; peak memory 1084 MiB.
2026-09-29T12:50:48Z INFO [63/377] 1d613cf1-8fb7-4caa-bf93-73f06c2085eb: 112 datasets; 1.4 s; peak memory 1084 MiB.
2026-09-29T12:50:49Z INFO [64/377] 1d62399a-415d-457b-9b1d-60660973584a: 52 datasets; 1.0 s; peak memory 1084 MiB.
2026-09-29T12:50:55Z INFO [65/377] 1d62ddea-b5fd-4bba-8a82-1aec2dd8feee: 515 datasets; 5.4 s; peak memory 1084 MiB.
2026-09-29T12:50:56Z INFO [66/377] 1d633ead-e611-483a-9062-98085250f740: 112 datasets; 1.3 s; peak memory 1084 MiB.
2026-09-29T12:51:01Z INFO [67/377] 1d635f26-413f-48cb-baa9-7c43a9b23390: 229 datasets; 5.1 s; peak memory 1084 MiB.
2026-09-29T12:51:03Z INFO [68/377] 1d63f825-ec5e-4c41-a1e0-5e09e6eba7fe: 112 datasets; 1.3 s; peak memory 1084 MiB.
2026-09-29T12:51:11Z INFO [69/377] 1d6454fa-e661-4c04-98f1-2f9a4749afe3: 728 datasets; 8.5 s; peak memory 1084 MiB.
2026-09-29T12:51:13Z INFO [70/377] 1d649f55-5c71-4292-84cd-1fb4614b0807: 118 datasets; 1.4 s; peak memory 1084 MiB.
2026-09-29T12:51:14Z INFO [71/377] 1d64e925-162b-442e-9f18-808c0bd99b86: 116 datasets; 1.3 s; peak memory 1084 MiB.
2026-09-29T12:51:37Z INFO [72/377] 1d6521e5-3a7d-4459-8693-65511343ef12: 48 datasets; 22.7 s; peak memory 1084 MiB.
2026-09-29T12:51:37Z INFO [73/377] 1d673d62-f186-4e45-9c08-85ee5a4ce2cb: 38 datasets; 0.9 s; peak memory 1084 MiB.
2026-09-29T12:51:39Z INFO [74/377] 1d6808b8-36b2-4b63-94c1-0404eeb82a91: 158 datasets; 2.1 s; peak memory 1084 MiB.
2026-09-29T12:51:41Z INFO [75/377] 1d688865-bffe-41db-8e72-0430a00aa6ca: 119 datasets; 1.8 s; peak memory 1084 MiB.
2026-09-29T12:51:42Z INFO [76/377] 1d68a9b4-effd-4fff-8993-25aef963692b: 41 datasets; 0.9 s; peak memory 1084 MiB.
2026-09-29T12:51:43Z INFO [77/377] 1d68bcbf-30c7-42bc-b1cb-b909a0974213: 48 datasets; 1.0 s; peak memory 1084 MiB.
2026-09-29T12:51:45Z INFO [78/377] 1d68f6e6-f25a-4927-8156-d420bcb20340: 158 datasets; 1.9 s; peak memory 1084 MiB.
2026-09-29T12:51:48Z INFO [79/377] 1d69f860-3cd4-4e53-a521-f9ba4b2e5a77: 186 datasets; 2.3 s; peak memory 1084 MiB.
2026-09-29T12:51:56Z INFO [80/377] 1d6a05ce-8c45-45af-af5d-425c2eb7e1ce: 336 datasets; 8.0 s; peak memory 1084 MiB.
2026-09-29T12:51:57Z INFO [81/377] 1d6a6751-e7e5-416d-a077-82ba6cd0feb6: 230 datasets; 1.3 s; peak memory 1084 MiB.
2026-09-29T12:51:58Z INFO [82/377] 1d6b1aac-87e2-4c9c-88a9-1b3e2a2b65b7: 61 datasets; 1.0 s; peak memory 1084 MiB.
2026-09-29T12:51:59Z INFO [83/377] 1d6b2d1b-e5ff-4ec0-a7a0-b930cbda61f4: 117 datasets; 1.3 s; peak memory 1084 MiB.
2026-09-29T12:52:22Z INFO [84/377] 1d6b46c3-4536-4075-9e6b-542953d615d4: 48 datasets; 22.4 s; peak memory 1084 MiB.
2026-09-29T12:54:37Z INFO [85/377] 1d6ba10e-2a82-4c7d-8e52-0f58f48fde45: 260 datasets; 135.5 s; peak memory 1084 MiB.
2026-09-29T12:54:45Z INFO [86/377] 1d6be3eb-9563-494b-bff8-272e81e5fdd8: 339 datasets; 8.2 s; peak memory 1084 MiB.
2026-09-29T12:54:47Z INFO [87/377] 1d6c511a-c333-431d-95af-9d761a3b3500: 112 datasets; 1.5 s; peak memory 1084 MiB.
2026-09-29T12:54:48Z INFO [88/377] 1d6c6e84-0d2f-4f30-9f61-87cc73616120: 116 datasets; 1.2 s; peak memory 1084 MiB.
2026-09-29T12:54:56Z INFO [89/377] 1d6cac8d-ca41-4927-a2fc-7c73303f580b: 757 datasets; 8.3 s; peak memory 1084 MiB.
2026-09-29T12:55:02Z INFO [90/377] 1d6d925d-24f5-48f2-aaf9-6d7f02aa047b: 196 datasets; 5.8 s; peak memory 1084 MiB.
2026-09-29T12:55:03Z INFO [91/377] 1d6e8847-ba26-44a3-be5c-140dfb41762f: 66 datasets; 1.4 s; peak memory 1084 MiB.
2026-09-29T12:55:05Z INFO [92/377] 1d6eaa52-34cb-49fe-ad33-54753b54c6a9: 119 datasets; 1.9 s; peak memory 1084 MiB.
2026-09-29T12:55:07Z INFO [93/377] 1d70c231-a433-4648-8b66-61cde326a7f6: 112 datasets; 1.3 s; peak memory 1084 MiB.
2026-09-29T12:55:15Z INFO [94/377] 1d710ca9-ef93-41fb-adf3-4aa2b274da03: 336 datasets; 8.4 s; peak memory 1084 MiB.
2026-09-29T12:55:16Z INFO [95/377] 1d718573-2b50-43b2-a559-27783ab81deb: 48 datasets; 1.0 s; peak memory 1084 MiB.
2026-09-29T12:55:17Z INFO [96/377] 1d72dd64-4218-413a-a922-79ff847f9e2b: 51 datasets; 1.3 s; peak memory 1084 MiB.
2026-09-29T12:55:22Z INFO [97/377] 1d734781-d93d-4e77-aaf8-9a2127f0be7b: 225 datasets; 4.9 s; peak memory 1084 MiB.
2026-09-29T12:55:23Z INFO [98/377] 1d7358cb-c5c1-4f46-bb69-d50606c6d880: 48 datasets; 1.0 s; peak memory 1084 MiB.
2026-09-29T12:55:25Z INFO [99/377] 1d73ae6f-0546-44a3-a79e-09e5b0a2c3c3: 117 datasets; 1.3 s; peak memory 1084 MiB.
2026-09-29T12:55:26Z INFO [100/377] 1d73f19f-060f-4c67-a764-e2e6ceeb6b48: 46 datasets; 1.1 s; peak memory 1084 MiB.
2026-09-29T12:55:26Z INFO [100/377] 1d73f19f-060f-4c67-a764-e2e6ceeb6b48: checkpointed 61090 records.
2026-09-29T12:55:31Z INFO [101/377] 1d7427ef-c71b-4525-ac37-400653099061: 462 datasets; 4.8 s; peak memory 1084 MiB.
2026-09-29T12:55:32Z INFO [102/377] 1d750540-a536-470c-9575-b7a49dd8ade8: 74 datasets; 1.2 s; peak memory 1084 MiB.
2026-09-29T12:55:33Z INFO [103/377] 1d7508e8-9fa6-485c-92c3-ced520d94e70: 21 datasets; 0.9 s; peak memory 1084 MiB.
2026-09-29T12:55:34Z INFO [104/377] 1d753699-cd5b-4de3-a919-0c087b2da245: 48 datasets; 1.1 s; peak memory 1084 MiB.
2026-09-29T12:55:35Z INFO [105/377] 1d756f1c-edc2-4a8c-920c-b7abb0ebea9e: 112 datasets; 1.4 s; peak memory 1084 MiB.
2026-09-29T12:55:36Z INFO [106/377] 1d7576d3-a947-4784-aa96-8f90df09ffa1: 41 datasets; 0.9 s; peak memory 1084 MiB.
2026-09-29T12:55:37Z INFO [107/377] 1d75a502-223e-45db-b46c-e37a350028f6: 52 datasets; 1.1 s; peak memory 1084 MiB.
2026-09-29T12:55:38Z INFO [108/377] 1d76f3df-aab6-4f04-9e58-f509fcf6d77d: 48 datasets; 1.1 s; peak memory 1084 MiB.
2026-09-29T12:55:39Z INFO [109/377] 1d77ac9a-804c-4035-8e87-6ee78cd5108b: 57 datasets; 0.8 s; peak memory 1084 MiB.
2026-09-29T12:55:40Z INFO [110/377] 1d784572-d1e1-41cf-b6ea-fbd60982c115: 116 datasets; 1.3 s; peak memory 1084 MiB.
2026-09-29T12:55:42Z INFO [111/377] 1d78aa67-90f3-4e8d-a10d-bcf8e75d221a: 71 datasets; 1.8 s; peak memory 1084 MiB.
2026-09-29T12:55:45Z INFO [112/377] 1d790c5e-8270-4575-b921-13c12ee5f5d3: 99 datasets; 2.6 s; peak memory 1084 MiB.
2026-09-29T12:55:49Z INFO [113/377] 1d7a21d6-2013-4628-a9a1-86454cef8172: 541 datasets; 4.3 s; peak memory 1084 MiB.
2026-09-29T12:55:56Z INFO [114/377] 1d7b8279-14b8-409b-90e4-6f4bb5c93e49: 744 datasets; 7.2 s; peak memory 1084 MiB.
2026-09-29T12:56:10Z INFO [115/377] 1d7bc871-fc6f-421c-9bc2-92ef2b5d6b27: 38 datasets; 13.7 s; peak memory 1084 MiB.
2026-09-29T12:56:11Z INFO [116/377] 1d7c5296-d093-4d98-85a4-6883f1702b21: 41 datasets; 1.0 s; peak memory 1084 MiB.
2026-09-29T12:56:12Z INFO [117/377] 1d7c8be6-eae1-4f51-a3d8-a241f8cd0289: 67 datasets; 1.1 s; peak memory 1084 MiB.
2026-09-29T12:56:18Z INFO [118/377] 1d7ce8c9-b150-43a5-9a9e-8c9251bdfef9: 671 datasets; 6.2 s; peak memory 1084 MiB.
2026-09-29T12:56:21Z INFO [119/377] 1d7dc8bf-c7cd-46fe-9c16-eb76a1228680: 98 datasets; 2.1 s; peak memory 1084 MiB.
2026-09-29T12:56:26Z INFO [120/377] 1d7e8344-7099-47f0-932e-f4c7621152c0: 564 datasets; 5.9 s; peak memory 1084 MiB.
2026-09-29T12:56:32Z INFO [121/377] 1d7f318a-9d8f-4416-b44f-c54f5747176c: 538 datasets; 5.5 s; peak memory 1084 MiB.
2026-09-29T12:56:34Z INFO [122/377] 1d7f4c7e-4395-494c-b7b4-b25090992267: 112 datasets; 1.6 s; peak memory 1084 MiB.
2026-09-29T12:56:35Z INFO [123/377] 1d7fc91b-a00c-4050-8570-e37b2aea8d5a: 117 datasets; 1.3 s; peak memory 1084 MiB.
2026-09-29T12:56:36Z INFO [124/377] 1d7fdf30-2284-4329-ac16-59307d54401b: 48 datasets; 1.0 s; peak memory 1084 MiB.
2026-09-29T12:56:37Z INFO [125/377] 1d819d78-4596-41ec-8f1f-951d8b852c4c: 48 datasets; 1.1 s; peak memory 1084 MiB.
2026-09-29T12:56:40Z INFO [126/377] 1d81de90-bb86-4ce8-a400-98591f8707a4: 404 datasets; 3.4 s; peak memory 1084 MiB.
2026-09-29T12:56:45Z INFO [127/377] 1d81e01f-a073-4bf5-8553-677acac0af01: 229 datasets; 4.4 s; peak memory 1084 MiB.
2026-09-29T12:56:46Z INFO [128/377] 1d81ea64-9404-465c-98ce-12708cb97a0e: 48 datasets; 1.0 s; peak memory 1084 MiB.
2026-09-29T12:56:47Z INFO [129/377] 1d81f79f-fb05-436f-ae97-ace540520119: 289 datasets; 1.4 s; peak memory 1084 MiB.
2026-09-29T12:56:48Z INFO [130/377] 1d823e46-f223-491b-ae52-d65b867a0ec8: 117 datasets; 1.2 s; peak memory 1084 MiB.
2026-09-29T12:56:50Z INFO [131/377] 1d82aba8-f176-4b47-a2d4-36910693b048: 50 datasets; 1.2 s; peak memory 1084 MiB.
2026-09-29T12:56:50Z INFO [132/377] 1d83799b-0815-4e35-9ec1-dd5f20ffe031: 46 datasets; 0.7 s; peak memory 1084 MiB.
2026-09-29T12:56:52Z INFO [133/377] 1d85a177-5b31-45a0-9feb-5372c32e75d3: 109 datasets; 1.3 s; peak memory 1084 MiB.
2026-09-29T12:57:00Z INFO [134/377] 1d86df76-3bb3-421c-9d95-02f6db042fc2: 1297 datasets; 8.5 s; peak memory 1084 MiB.
2026-09-29T12:57:27Z INFO [135/377] 1d87237c-2ee0-4212-9731-c27125634745: 8692 datasets; 27.0 s; peak memory 1084 MiB.
2026-09-29T12:57:29Z INFO [136/377] 1d87bd32-315a-4f1e-9e74-24f3fcdeb4e1: 64 datasets; 1.5 s; peak memory 1084 MiB.
2026-09-29T12:57:31Z INFO [137/377] 1d889599-abfa-4f1a-865f-b499c9c695d1: 118 datasets; 2.4 s; peak memory 1084 MiB.
2026-09-29T12:57:36Z INFO [138/377] 1d88a99f-53be-4b78-963b-c308836ef1bb: 229 datasets; 4.9 s; peak memory 1084 MiB.
2026-09-29T12:57:37Z INFO [139/377] 1d892e63-8c7a-4aad-997b-f197d88dfc33: 117 datasets; 1.2 s; peak memory 1084 MiB.
2026-09-29T12:57:38Z INFO [140/377] 1d898af5-0699-414b-a3ed-f3f85b52093b: 117 datasets; 1.2 s; peak memory 1084 MiB.
2026-09-29T12:57:41Z INFO [141/377] 1d89953a-09a8-4fe8-b454-224d06bc6454: 115 datasets; 2.4 s; peak memory 1084 MiB.
2026-09-29T12:57:42Z INFO [142/377] 1d89bdbe-4576-470c-96a2-43d3e05e1214: 48 datasets; 0.9 s; peak memory 1084 MiB.
2026-09-29T12:57:47Z INFO [143/377] 1d8a6b60-df0b-4d89-8f81-d5279d9b9ebe: 229 datasets; 5.5 s; peak memory 1084 MiB.
2026-09-29T12:57:55Z INFO [144/377] 1d8aafbf-7db6-4c50-ac40-c6a4033fca39: 346 datasets; 7.8 s; peak memory 1084 MiB.
2026-09-29T12:57:56Z INFO [145/377] 1d8b3392-c817-48f3-b58f-8901b2398599: 68 datasets; 1.3 s; peak memory 1084 MiB.
2026-09-29T12:57:58Z INFO [146/377] 1d8c46cd-a534-47fb-ac14-4292b0621026: 38 datasets; 2.2 s; peak memory 1084 MiB.
2026-09-29T12:57:59Z INFO [147/377] 1d8d788d-09ae-4613-ac06-303d771f51f7: 58 datasets; 0.9 s; peak memory 1084 MiB.
2026-09-29T12:58:01Z INFO [148/377] 1d8d98bd-ff4e-47e8-98f0-4347af4fe947: 118 datasets; 1.3 s; peak memory 1084 MiB.
2026-09-29T12:58:11Z INFO [149/377] 1d8e1cdd-d996-4f9c-82c7-7ca9fa521f40: 97 datasets; 10.4 s; peak memory 1084 MiB.
2026-09-29T12:58:13Z INFO [150/377] 1d902be6-6e3b-4d38-aca0-a4c72da61d12: 115 datasets; 2.5 s; peak memory 1084 MiB.
2026-09-29T12:58:14Z INFO [150/377] 1d902be6-6e3b-4d38-aca0-a4c72da61d12: checkpointed 61140 records.
2026-09-29T12:58:15Z INFO [151/377] 1d91d1d9-aa2d-48bc-ab77-154150399974: 117 datasets; 1.2 s; peak memory 1084 MiB.
2026-09-29T12:58:16Z INFO [152/377] 1d91f15a-ce18-498d-9ab8-15b054035454: 46 datasets; 0.8 s; peak memory 1084 MiB.
2026-09-29T12:58:17Z INFO [153/377] 1d92799d-a045-40df-917b-9db4a38c1e19: 112 datasets; 1.3 s; peak memory 1084 MiB.
2026-09-29T12:58:18Z INFO [154/377] 1d92b611-877e-471a-9698-fa22ddcd7c99: 121 datasets; 1.0 s; peak memory 1084 MiB.
2026-09-29T12:58:19Z INFO [155/377] 1d933906-c5cb-47db-9e14-0ed0c37e90b5: 52 datasets; 1.0 s; peak memory 1084 MiB.
2026-09-29T12:58:20Z INFO [156/377] 1d935650-db01-4edc-804c-1cd17d008d1e: 118 datasets; 1.3 s; peak memory 1084 MiB.
2026-09-29T12:58:21Z INFO [157/377] 1d93dcfd-a984-4260-b382-c31455397f26: 69 datasets; 1.4 s; peak memory 1084 MiB.
2026-09-29T12:58:23Z INFO [158/377] 1d94126b-f500-4111-bc6c-ed29c8de16b4: 112 datasets; 1.4 s; peak memory 1084 MiB.
2026-09-29T12:58:25Z INFO [159/377] 1d94c5c0-36a6-459e-a7cb-8292142ea45d: 110 datasets; 1.8 s; peak memory 1084 MiB.
2026-09-29T12:58:26Z INFO [160/377] 1d94f1aa-3a08-425e-b52a-71977babf1b3: 46 datasets; 0.8 s; peak memory 1084 MiB.
2026-09-29T12:58:27Z INFO [161/377] 1d94f728-3a5b-420c-8da3-9c147c728986: 117 datasets; 1.3 s; peak memory 1084 MiB.
2026-09-29T13:00:26Z INFO [162/377] 1d956344-61d2-44fe-8384-5cf6c42c88ff: 269 datasets; 118.8 s; peak memory 1084 MiB.
2026-09-29T13:00:27Z INFO [163/377] 1d95f47a-90be-4b87-bf0a-84f674179b21: 60 datasets; 1.2 s; peak memory 1084 MiB.
2026-09-29T13:00:28Z INFO [164/377] 1d96506f-15a1-4a25-be47-fa72c7f12846: 48 datasets; 1.0 s; peak memory 1084 MiB.
2026-09-29T13:00:29Z INFO [165/377] 1d9790f4-3ead-403e-a871-47412101d81d: 49 datasets; 1.3 s; peak memory 1084 MiB.
2026-09-29T13:00:31Z INFO [166/377] 1d97efd3-152b-471d-9033-2e08589b8fe3: 71 datasets; 1.7 s; peak memory 1084 MiB.
2026-09-29T13:00:32Z INFO [167/377] 1d98b9ba-16d7-48d0-8ed1-37c0f03b68c7: 70 datasets; 1.6 s; peak memory 1084 MiB.
2026-09-29T13:00:34Z INFO [168/377] 1d9908f5-fbb6-4bfe-8a47-5c57a4be4a64: 117 datasets; 1.3 s; peak memory 1084 MiB.
2026-09-29T13:00:35Z INFO [169/377] 1d996bc2-de44-43f9-baf6-3277d5a6e05c: 48 datasets; 1.0 s; peak memory 1084 MiB.
2026-09-29T13:00:45Z INFO [170/377] 1d9ad242-b3ba-4538-9e03-1a1b3359f9b7: 1328 datasets; 10.1 s; peak memory 1084 MiB.
2026-09-29T13:00:59Z INFO [171/377] 1d9b02df-c3df-4e6e-b12d-71972b1e973a: 1108 datasets; 14.0 s; peak memory 1084 MiB.
2026-09-29T13:01:00Z INFO [172/377] 1d9b96fd-631d-4949-9ca7-89345836eb37: 62 datasets; 1.1 s; peak memory 1084 MiB.
2026-09-29T13:01:01Z INFO [173/377] 1d9befb5-79e1-4aff-b99e-f799ea31b19c: 117 datasets; 1.3 s; peak memory 1084 MiB.
2026-09-29T13:01:09Z INFO [174/377] 1d9c6081-9f6c-404d-a5b2-d6847dc473e1: 538 datasets; 8.2 s; peak memory 1084 MiB.
2026-09-29T13:01:11Z INFO [175/377] 1d9c6a09-ede2-4f3f-bb90-ff77e6555b23: 62 datasets; 1.5 s; peak memory 1084 MiB.
2026-09-29T13:01:12Z INFO [176/377] 1d9cd60a-2d9f-47dc-8a3a-8c29006120c8: 112 datasets; 1.5 s; peak memory 1084 MiB.
2026-09-29T13:01:27Z INFO [177/377] 1d9ce6c5-6b74-4ea3-84d0-bef08402f465: 676 datasets; 14.5 s; peak memory 1084 MiB.
2026-09-29T13:01:28Z INFO [178/377] 1d9d1445-1930-4860-80ef-cf9ef614e3c5: 48 datasets; 1.0 s; peak memory 1084 MiB.
2026-09-29T13:01:29Z INFO [179/377] 1d9d6405-d307-4dad-8cbb-68536afee9e6: 112 datasets; 1.1 s; peak memory 1084 MiB.
2026-09-29T13:01:30Z INFO [180/377] 1d9e8652-b927-44dc-82d3-26b3e911ecb6: 48 datasets; 1.2 s; peak memory 1084 MiB.
2026-09-29T13:03:43Z INFO [181/377] 1d9e970b-8c15-471e-bf25-9d39bcad9cf4: 167 datasets; 133.1 s; peak memory 1084 MiB.
2026-09-29T13:03:57Z INFO [182/377] 1d9f7668-c1d8-4203-8ae6-77548994a2a6: 697 datasets; 13.8 s; peak memory 1084 MiB.
2026-09-29T13:03:58Z INFO [183/377] 1da02dbb-09d5-45d9-bd29-0b48fcb70480: 48 datasets; 1.2 s; peak memory 1084 MiB.
2026-09-29T13:03:59Z INFO [184/377] 1da089ed-ea48-417c-b7ed-48853073a0b0: 48 datasets; 1.0 s; peak memory 1084 MiB.
2026-09-29T13:04:01Z INFO [185/377] 1da0ab11-0640-44cf-bc1d-7eb871de8577: 69 datasets; 1.4 s; peak memory 1084 MiB.
2026-09-29T13:04:02Z INFO [186/377] 1da0cf91-e2cd-4e63-88a1-a0cb8875517a: 112 datasets; 1.2 s; peak memory 1084 MiB.
2026-09-29T13:04:07Z INFO [187/377] 1da25bc1-a39a-4c4d-a4c5-452a00d416c2: 538 datasets; 5.4 s; peak memory 1084 MiB.
2026-09-29T13:04:15Z INFO [188/377] 1da279fe-62a5-46ff-b88b-7c880466ad9a: 867 datasets; 8.2 s; peak memory 1084 MiB.
2026-09-29T13:04:25Z INFO [189/377] 1da2ddec-0bd6-4a74-b981-90d3504b4e62: 772 datasets; 9.3 s; peak memory 1084 MiB.
2026-09-29T13:04:26Z INFO [190/377] 1da33e6a-f58e-4f5a-80be-f623fc707a8d: 46 datasets; 0.8 s; peak memory 1084 MiB.
2026-09-29T13:04:27Z INFO [191/377] 1da4db93-bf2e-4724-90f8-13a5e8ea1012: 48 datasets; 1.0 s; peak memory 1084 MiB.
2026-09-29T13:06:37Z INFO [192/377] 1da5be43-6c13-4a71-b322-21bbd672b67c: 62 datasets; 130.6 s; peak memory 1084 MiB.
2026-09-29T13:06:38Z INFO [193/377] 1da68a17-aded-4de8-ac46-dbbd484ebcde: 116 datasets; 1.2 s; peak memory 1084 MiB.
2026-09-29T13:06:41Z INFO [194/377] 1da7766e-d2a2-4cb7-9e3c-6f1f5e8c59d8: 115 datasets; 2.5 s; peak memory 1084 MiB.
2026-09-29T13:06:42Z INFO [195/377] 1da7cc59-7346-45c8-a48d-3998570e7e9e: 118 datasets; 1.3 s; peak memory 1084 MiB.
2026-09-29T13:06:45Z INFO [196/377] 1da7e589-8987-46cb-96dc-19ee6916b975: 156 datasets; 3.0 s; peak memory 1084 MiB.
2026-09-29T13:06:51Z INFO [197/377] 1da7ed1d-1800-4066-b03d-194ce509a9d9: 576 datasets; 5.6 s; peak memory 1084 MiB.
2026-09-29T13:06:52Z INFO [198/377] 1da81064-c71c-4d01-be78-723e0074b1c2: 117 datasets; 1.3 s; peak memory 1084 MiB.
2026-09-29T13:06:53Z INFO [199/377] 1da868d1-2622-49ec-91ec-80e2096fc04d: 48 datasets; 1.1 s; peak memory 1084 MiB.
2026-09-29T13:07:03Z INFO [200/377] 1da8b38b-5d41-4dfe-9525-61f85bb39c89: 8080 datasets; 10.3 s; peak memory 1084 MiB.
2026-09-29T13:07:04Z INFO [200/377] 1da8b38b-5d41-4dfe-9525-61f85bb39c89: checkpointed 61190 records.
2026-09-29T13:07:06Z INFO [201/377] 1da9a708-d0f6-44bf-aab8-6dd09170777e: 115 datasets; 2.4 s; peak memory 1084 MiB.
2026-09-29T13:07:07Z INFO [202/377] 1da9f0d1-9994-4892-b416-b06ca8afb321: 48 datasets; 1.1 s; peak memory 1084 MiB.
2026-09-29T13:07:09Z INFO [203/377] 1daa4d84-d052-4e8f-a481-aa515f8714a1: 118 datasets; 1.5 s; peak memory 1084 MiB.
2026-09-29T13:15:43Z INFO [204/377] 1daa510b-af8a-4fbe-bd8e-32dc5f0b944f: 109 datasets; 514.7 s; peak memory 1147 MiB.
2026-09-29T13:15:44Z INFO [205/377] 1dab5281-63bf-4955-b4db-3541076e9628: 48 datasets; 1.1 s; peak memory 1147 MiB.
2026-09-29T13:15:45Z INFO [206/377] 1dab7faa-0f50-4a48-b290-e5224331ced3: 46 datasets; 0.8 s; peak memory 1147 MiB.
2026-09-29T13:15:46Z INFO [207/377] 1dac599f-471e-4975-9343-31004e41ec25: 48 datasets; 1.1 s; peak memory 1147 MiB.
2026-09-29T13:15:51Z INFO [208/377] 1dad1f81-34b9-4d72-9905-5e4d695b8faa: 521 datasets; 4.9 s; peak memory 1147 MiB.
2026-09-29T13:30:18Z INFO [209/377] 1dad4e80-3660-4017-a079-40aff450866f: 45 datasets; 866.8 s; peak memory 1147 MiB.
2026-09-29T13:30:19Z INFO [210/377] 1dad5899-f742-4f37-818a-f1a571c5c7a5: 48 datasets; 1.1 s; peak memory 1147 MiB.
2026-09-29T13:30:20Z INFO [211/377] 1dadb1a5-4e3b-42b5-99ab-d048305da156: 62 datasets; 1.1 s; peak memory 1147 MiB.
2026-09-29T13:30:21Z INFO [212/377] 1dadc056-6e41-40e2-a000-f8fba6a23ee6: 110 datasets; 1.2 s; peak memory 1147 MiB.
2026-09-29T13:30:22Z INFO [213/377] 1dadfc09-3571-466a-903d-8967a67f4262: 118 datasets; 1.2 s; peak memory 1147 MiB.
2026-09-29T13:30:23Z INFO [214/377] 1daec292-d9bb-4aed-b851-78d7af34e7d6: 48 datasets; 1.1 s; peak memory 1147 MiB.
2026-09-29T13:30:25Z INFO [215/377] 1dafe7db-1f6b-4c8d-aabc-23c92f3acb72: 117 datasets; 1.1 s; peak memory 1147 MiB.
2026-09-29T13:30:26Z INFO [216/377] 1db00230-eeaf-48b1-872e-17589f693e5a: 66 datasets; 1.4 s; peak memory 1147 MiB.
2026-09-29T13:30:27Z INFO [217/377] 1db0293e-ebd7-4f03-998f-727f1dde3501: 118 datasets; 1.1 s; peak memory 1147 MiB.
2026-09-29T13:30:28Z INFO [218/377] 1db104b5-f819-4537-981e-3e27cfd89282: 117 datasets; 1.2 s; peak memory 1147 MiB.
2026-09-29T13:30:29Z INFO [219/377] 1db180d6-095f-442b-8329-ec7748e31ee4: 48 datasets; 1.1 s; peak memory 1147 MiB.
2026-09-29T13:30:34Z INFO [220/377] 1db38ba7-77fb-4747-b60c-75d11305f65f: 271 datasets; 4.2 s; peak memory 1147 MiB.
2026-09-29T13:30:35Z INFO [221/377] 1db3be7c-04ef-4d5f-922a-1c31c3657006: 117 datasets; 1.2 s; peak memory 1147 MiB.
2026-09-29T13:30:36Z INFO [222/377] 1db68184-d2e1-46c8-8bb2-48483bf6e391: 62 datasets; 1.6 s; peak memory 1147 MiB.
2026-09-29T13:30:37Z INFO [223/377] 1db6f60c-61be-4beb-a472-ed49816a2d3d: 51 datasets; 1.0 s; peak memory 1147 MiB.
2026-09-29T13:30:38Z INFO [224/377] 1db757be-5a74-42a2-9aae-01d27b83832f: 48 datasets; 1.0 s; peak memory 1147 MiB.
2026-09-29T13:30:41Z INFO [225/377] 1db84ccb-657e-4174-9b26-157044f25645: 115 datasets; 2.2 s; peak memory 1147 MiB.
2026-09-29T13:30:41Z INFO [226/377] 1db8a8f7-4691-4cb8-997f-086bd0664e37: 48 datasets; 0.9 s; peak memory 1147 MiB.
2026-09-29T13:30:43Z INFO [227/377] 1db8de94-0672-4ab5-b084-33df3274d60f: 116 datasets; 1.2 s; peak memory 1147 MiB.
2026-09-29T13:30:44Z INFO [228/377] 1dba8211-3af1-4c97-b672-bd868102e7e6: 53 datasets; 1.8 s; peak memory 1147 MiB.
2026-09-29T13:30:47Z INFO [229/377] 1dbaa11a-73b8-4184-900a-686cf560fe28: 156 datasets; 2.8 s; peak memory 1147 MiB.
2026-09-29T13:30:50Z INFO [230/377] 1dbb0207-31d5-4549-bb19-eae1b57c7494: 85 datasets; 3.0 s; peak memory 1147 MiB.
2026-09-29T13:31:44Z INFO [231/377] 1dbb24ef-8e74-48d4-a07a-dee8090f9fb5: 4579 datasets; 53.8 s; peak memory 1147 MiB.
2026-09-29T13:31:45Z INFO [232/377] 1dbcc9aa-baa9-4ffb-b34a-3d845ecc801a: 116 datasets; 1.2 s; peak memory 1147 MiB.
2026-09-29T13:31:48Z INFO [233/377] 1dbe1169-c952-4fc9-914d-8e1a6cd02687: 123 datasets; 2.4 s; peak memory 1147 MiB.
2026-09-29T13:31:48Z INFO [234/377] 1dbe7250-2e1c-46ae-84c2-7a42e26e176a: 48 datasets; 1.0 s; peak memory 1147 MiB.
2026-09-29T13:31:52Z INFO [235/377] 1dbf074d-1a00-4c86-b5df-2ac4710ed7ba: 363 datasets; 3.4 s; peak memory 1147 MiB.
2026-09-29T13:31:53Z INFO [236/377] 1dbf96de-8f98-46d5-ba1b-082cd535324f: 110 datasets; 1.3 s; peak memory 1147 MiB.
2026-09-29T13:31:55Z INFO [237/377] 1dbf98da-8d10-4894-a412-f820b59ac1f7: 69 datasets; 1.5 s; peak memory 1147 MiB.
2026-09-29T13:31:57Z INFO [238/377] 1dc18584-95d6-46a8-9e3b-ac56230c97b7: 38 datasets; 2.3 s; peak memory 1147 MiB.
2026-09-29T13:31:58Z INFO [239/377] 1dc186c1-8ff9-4801-9e77-1a8e8cd91416: 275 datasets; 1.4 s; peak memory 1147 MiB.
2026-09-29T13:31:59Z INFO [240/377] 1dc1a23b-df98-4597-8ade-705c829a1ecb: 39 datasets; 1.0 s; peak memory 1147 MiB.
2026-09-29T13:32:05Z INFO [241/377] 1dc1dad9-3d72-4343-9bf8-0d2a007d34c0: 513 datasets; 5.4 s; peak memory 1147 MiB.
2026-09-29T13:32:06Z INFO [242/377] 1dc1eb3c-e4f0-417c-b88f-de6cd3d34e48: 117 datasets; 1.3 s; peak memory 1147 MiB.
2026-09-29T13:32:07Z INFO [243/377] 1dc22adb-39d4-4e28-9dcc-a03df621ef08: 48 datasets; 1.0 s; peak memory 1147 MiB.
2026-09-29T13:32:08Z INFO [244/377] 1dc24d72-0d0f-43c8-8b24-8bae85931528: 53 datasets; 1.0 s; peak memory 1147 MiB.
2026-09-29T13:32:09Z INFO [245/377] 1dc2e9a9-ae6d-471e-b7b7-4b684731b3de: 63 datasets; 0.9 s; peak memory 1147 MiB.
2026-09-29T13:32:12Z INFO [246/377] 1dc357df-f832-4bb7-98f9-047807f980bc: 151 datasets; 2.7 s; peak memory 1147 MiB.
2026-09-29T13:32:27Z INFO [247/377] 1dc372e0-ee9d-4cc6-9f58-1089e6dbf2ed: 44 datasets; 15.2 s; peak memory 1147 MiB.
2026-09-29T13:32:38Z INFO [248/377] 1dc389f7-c2ef-43b6-935a-ba75dcee8b6e: 756 datasets; 11.1 s; peak memory 1147 MiB.
2026-09-29T13:32:39Z INFO [249/377] 1dc45975-bae1-4c65-919b-714fdf606de2: 112 datasets; 1.4 s; peak memory 1147 MiB.
2026-09-29T13:32:41Z INFO [250/377] 1dc48393-fa5d-4ba0-b5b2-c731e754a7d7: 117 datasets; 1.1 s; peak memory 1147 MiB.
2026-09-29T13:32:41Z INFO [250/377] 1dc48393-fa5d-4ba0-b5b2-c731e754a7d7: checkpointed 61240 records.
2026-09-29T13:32:47Z INFO [251/377] 1dc4c9fd-62e8-47d9-9fb0-ffb6ccee6c82: 412 datasets; 6.7 s; peak memory 1147 MiB.
2026-09-29T13:32:50Z INFO [252/377] 1dc4e6cf-cc9d-46e1-92b5-eb659429682a: 115 datasets; 2.6 s; peak memory 1147 MiB.
2026-09-29T13:32:51Z INFO [253/377] 1dc5c5d8-16a0-41f1-bc89-08fd22640bc3: 46 datasets; 1.0 s; peak memory 1147 MiB.
2026-09-29T13:32:52Z INFO [254/377] 1dc5e9cc-9ba5-4b90-ae9a-1553a5c8b7cc: 117 datasets; 1.2 s; peak memory 1147 MiB.
2026-09-29T13:32:54Z INFO [255/377] 1dc6e51f-b75d-47fb-85d5-3a92b25dc2c2: 71 datasets; 1.6 s; peak memory 1147 MiB.
2026-09-29T13:32:55Z INFO [256/377] 1dc6fa63-b60c-4f5c-a8c5-198e898243d8: 116 datasets; 1.1 s; peak memory 1147 MiB.
2026-09-29T13:34:19Z INFO [257/377] 1dc70f18-fb71-4bd0-9214-d7564c11619d: 9755 datasets; 84.0 s; peak memory 1147 MiB.
2026-09-29T13:34:23Z INFO [258/377] 1dc7342e-a57b-431a-8452-99eede7e142d: 229 datasets; 4.4 s; peak memory 1147 MiB.
2026-09-29T13:34:24Z INFO [259/377] 1dc7caf1-875b-43a3-b507-8dbd6cb78a26: 48 datasets; 1.1 s; peak memory 1147 MiB.
2026-09-29T13:34:25Z INFO [260/377] 1dc8151f-89fe-426b-928e-e8c7e036f037: 117 datasets; 1.1 s; peak memory 1147 MiB.
2026-09-29T13:34:26Z INFO [261/377] 1dc982a8-e200-44e2-9761-a48f67ce3cce: 65 datasets; 1.0 s; peak memory 1147 MiB.
2026-09-29T13:34:28Z INFO [262/377] 1dc989b1-af97-45b2-a42d-d36345e41227: 117 datasets; 1.2 s; peak memory 1147 MiB.
2026-09-29T13:37:24Z INFO [263/377] 1dc9c469-60ac-44ac-a078-35c245b135f1: 99 datasets; 176.0 s; peak memory 1147 MiB.
2026-09-29T13:37:25Z INFO [264/377] 1dca1073-fdae-41e7-aae9-6854e4e2d202: 37 datasets; 1.0 s; peak memory 1147 MiB.
2026-09-29T13:37:27Z INFO [265/377] 1dcb4083-0308-4a14-b7cb-5ffd02b024b9: 152 datasets; 2.4 s; peak memory 1147 MiB.
2026-09-29T13:37:32Z INFO [266/377] 1dcc97f7-d376-4382-8f2d-74639eb18400: 538 datasets; 4.7 s; peak memory 1147 MiB.
2026-09-29T13:37:34Z INFO [267/377] 1dcc9d00-8d64-4acd-843f-34988cef12b5: 192 datasets; 2.7 s; peak memory 1147 MiB.
2026-09-29T13:37:37Z INFO [268/377] 1dcc9d95-4fc4-4e3f-b332-24d8cedf2cb9: 85 datasets; 3.0 s; peak memory 1147 MiB.
2026-09-29T13:37:42Z INFO [269/377] 1dcd89c6-bc8c-4473-8e24-0a09d7261170: 1036 datasets; 4.7 s; peak memory 1147 MiB.
2026-09-29T13:37:43Z INFO [270/377] 1dceb257-5b25-47ee-a26c-7c005c9edac4: 118 datasets; 1.1 s; peak memory 1147 MiB.
2026-09-29T13:37:44Z INFO [271/377] 1dceba6a-1772-45e5-b5cc-76ed4ee1f72d: 48 datasets; 1.0 s; peak memory 1147 MiB.
2026-09-29T13:37:46Z INFO [272/377] 1dcf4f9b-98dd-461c-aa6c-8c05b46193d7: 52 datasets; 1.3 s; peak memory 1147 MiB.
2026-09-29T13:37:46Z INFO [273/377] 1dcf5961-4d48-4044-87ab-f682216ca46d: 47 datasets; 0.9 s; peak memory 1147 MiB.
2026-09-29T13:37:48Z INFO [274/377] 1dcf59c8-f74b-419a-b455-9e55016e7755: 66 datasets; 1.4 s; peak memory 1147 MiB.
2026-09-29T13:38:10Z INFO [275/377] 1dcf8bd2-0a79-4046-9523-0740794bf6e1: 48 datasets; 21.8 s; peak memory 1147 MiB.
2026-09-29T13:38:21Z INFO [276/377] 1dcf8d9e-d746-473e-bde8-bc277cfa0f3b: 689 datasets; 11.6 s; peak memory 1147 MiB.
2026-09-29T13:38:32Z INFO [277/377] 1dd1a439-db4b-47ab-bb03-126642380907: 371 datasets; 10.7 s; peak memory 1147 MiB.
2026-09-29T13:38:37Z INFO [278/377] 1dd1b867-baaa-4fec-ac58-67e13e5b224b: 106 datasets; 5.2 s; peak memory 1147 MiB.
2026-09-29T13:38:38Z INFO [279/377] 1dd22b19-ca7e-42ae-8a1e-480b6ff4baab: 48 datasets; 1.0 s; peak memory 1147 MiB.
2026-09-29T13:38:39Z INFO [280/377] 1dd240c1-5a78-4a70-b656-93428d8ead19: 46 datasets; 0.8 s; peak memory 1147 MiB.
2026-09-29T13:38:41Z INFO [281/377] 1dd3b9ed-f002-4a45-8096-e9d187769108: 114 datasets; 2.4 s; peak memory 1147 MiB.
2026-09-29T13:38:43Z INFO [282/377] 1dd561af-0d9b-421c-81f4-dcb54ec87a2c: 117 datasets; 1.4 s; peak memory 1147 MiB.
2026-09-29T13:38:44Z INFO [283/377] 1dd56bf1-c687-4dc8-a69a-e0f652b1b9c4: 112 datasets; 1.3 s; peak memory 1147 MiB.
2026-09-29T13:38:45Z INFO [284/377] 1dd57812-1967-407c-a371-6c15b963eca8: 113 datasets; 1.2 s; peak memory 1147 MiB.
2026-09-29T13:38:46Z INFO [285/377] 1dd60ac8-16c1-4194-bcf9-e2482d971429: 118 datasets; 1.2 s; peak memory 1147 MiB.
2026-09-29T13:39:03Z INFO [286/377] 1dd84b50-4393-495f-a1cc-ccbe6de354da: 1109 datasets; 16.7 s; peak memory 1147 MiB.
2026-09-29T13:39:04Z INFO [287/377] 1dd8cd25-636d-4043-bcb0-790efee6aa32: 46 datasets; 0.8 s; peak memory 1147 MiB.
2026-09-29T13:39:07Z INFO [288/377] 1dd9cdfa-769e-4915-b2bc-fd500c4dc596: 80 datasets; 2.8 s; peak memory 1147 MiB.
2026-09-29T13:39:08Z INFO [289/377] 1dda8ab2-f97b-4053-8f8e-d83b2400823f: 52 datasets; 1.2 s; peak memory 1147 MiB.
2026-09-29T13:39:09Z INFO [290/377] 1ddaaa7a-c34a-4680-8496-0c63cbd077b4: 71 datasets; 1.4 s; peak memory 1147 MiB.
2026-09-29T13:39:11Z INFO [291/377] 1ddac4f9-9a62-4373-9813-6e92fb50afd0: 118 datasets; 1.3 s; peak memory 1147 MiB.
2026-09-29T13:39:18Z INFO [292/377] 1ddae124-56e9-438e-825a-b6247f9cdfc9: 971 datasets; 7.2 s; peak memory 1147 MiB.
2026-09-29T13:39:20Z INFO [293/377] 1ddafc25-b3da-4fd4-89ef-6a7ce23dd617: 71 datasets; 2.1 s; peak memory 1147 MiB.
2026-09-29T13:39:21Z INFO [294/377] 1ddc4dcf-b92c-4d4c-b3b2-ccedbcd8df7b: 48 datasets; 1.0 s; peak memory 1147 MiB.
2026-09-29T13:39:23Z INFO [295/377] 1ddcd323-eda3-4075-bf86-de19c987d029: 93 datasets; 1.6 s; peak memory 1147 MiB.
2026-09-29T13:39:24Z INFO [296/377] 1dddbc1f-4d82-4c47-8520-0249f370b03b: 64 datasets; 1.4 s; peak memory 1147 MiB.
2026-09-29T13:39:25Z INFO [297/377] 1dde0497-cc44-49e9-b550-e187e171d961: 48 datasets; 1.1 s; peak memory 1147 MiB.
2026-09-29T13:39:26Z INFO [298/377] 1dde2260-fbfa-4675-a101-4a7703473d88: 36 datasets; 0.9 s; peak memory 1147 MiB.
2026-09-29T13:39:48Z INFO [299/377] 1dde658c-382f-4302-9df6-816c871815c6: 1235 datasets; 22.3 s; peak memory 1147 MiB.
2026-09-29T13:39:51Z INFO [300/377] 1ddf412f-83b5-49d4-8f2e-b280c8897197: 85 datasets; 2.9 s; peak memory 1147 MiB.
2026-09-29T13:39:51Z INFO [300/377] 1ddf412f-83b5-49d4-8f2e-b280c8897197: checkpointed 61290 records.
2026-09-29T13:39:59Z INFO [301/377] 1ddf4ab0-d990-4d77-ae84-9def4c852722: 549 datasets; 8.1 s; peak memory 1147 MiB.
2026-09-29T13:40:06Z INFO [302/377] 1ddfd9fa-a83f-411b-8dfc-6654eef85f56: 56 datasets; 6.5 s; peak memory 1147 MiB.
2026-09-29T13:40:16Z INFO [303/377] 1ddfe9dc-c09e-439e-a47d-de05dcd317c8: 371 datasets; 9.7 s; peak memory 1147 MiB.
2026-09-29T13:40:16Z INFO [304/377] 1de0ef30-5dcf-4e26-b423-7b348464e5ac: 58 datasets; 0.9 s; peak memory 1147 MiB.
2026-09-29T13:40:18Z INFO [305/377] 1de15a59-4601-4878-9f72-da064402a080: 48 datasets; 1.1 s; peak memory 1147 MiB.
2026-09-29T13:40:19Z INFO [306/377] 1de1befa-a40a-4e11-b293-73f285dacd3b: 48 datasets; 1.0 s; peak memory 1147 MiB.
2026-09-29T13:40:26Z INFO [307/377] 1de1c19c-8bfa-48d8-9bd6-aa7d770b7cea: 11477 datasets; 7.6 s; peak memory 1147 MiB.
2026-09-29T13:40:28Z INFO [308/377] 1de1ee20-fd3b-410f-9e10-7ab5b3d8ef23: 83 datasets; 1.4 s; peak memory 1147 MiB.
2026-09-29T13:40:29Z INFO [309/377] 1de2a8fd-c7d1-4045-b9bb-3750a447f765: 66 datasets; 1.4 s; peak memory 1147 MiB.
2026-09-29T13:40:30Z INFO [310/377] 1de2eb69-97ea-444c-8e29-5e70b4b20e2a: 117 datasets; 1.1 s; peak memory 1147 MiB.
2026-09-29T13:40:31Z INFO [311/377] 1de31f8d-d9ba-4109-b3f5-5902b32bab3c: 121 datasets; 1.1 s; peak memory 1147 MiB.
2026-09-29T13:40:32Z INFO [312/377] 1de3da57-41d3-4cc5-92fd-03e4b841fe28: 71 datasets; 1.2 s; peak memory 1147 MiB.
2026-09-29T13:40:45Z INFO [313/377] 1de4488c-b72c-4eb3-b148-70d85a8dc8e7: 1041 datasets; 12.3 s; peak memory 1147 MiB.
2026-09-29T13:44:38Z INFO [314/377] 1de4692f-c260-4e09-bb1b-48ec5ffdb261: 292 datasets; 233.1 s; peak memory 1147 MiB.
2026-09-29T13:44:43Z INFO [315/377] 1de4cc25-2609-4fa9-ae36-be251c09a03a: 208 datasets; 5.1 s; peak memory 1147 MiB.
2026-09-29T13:44:44Z INFO [316/377] 1de4cdcb-2574-4cef-8ca5-d6f3d3724481: 69 datasets; 1.6 s; peak memory 1147 MiB.
2026-09-29T13:44:47Z INFO [317/377] 1de4de4f-a483-48c8-a599-a52127c7119c: 154 datasets; 2.6 s; peak memory 1147 MiB.
2026-09-29T13:44:48Z INFO [318/377] 1de4eb28-fd98-4252-8e46-3f184983ca05: 50 datasets; 1.1 s; peak memory 1147 MiB.
2026-09-29T13:47:06Z INFO [319/377] 1de52f8c-84f0-4f6c-9e7f-913b146e2c57: 54 datasets; 137.4 s; peak memory 1147 MiB.
2026-09-29T13:47:07Z INFO [320/377] 1de52fca-94ad-497b-b040-c5d50d2b5ddf: 48 datasets; 1.0 s; peak memory 1147 MiB.
2026-09-29T13:47:10Z INFO [321/377] 1de59614-bf2c-4c14-8d35-4dbf4e6666eb: 90 datasets; 2.9 s; peak memory 1147 MiB.
2026-09-29T13:47:11Z INFO [322/377] 1de5cd23-f92b-4f0e-be96-eddec7c11f2a: 64 datasets; 1.5 s; peak memory 1147 MiB.
2026-09-29T13:47:12Z INFO [323/377] 1de65eef-f198-4d06-8da5-d4de3b8c9c7b: 117 datasets; 1.2 s; peak memory 1147 MiB.
2026-09-29T13:47:20Z INFO [324/377] 1de696d2-1685-4ce6-83aa-79aa44ed999e: 588 datasets; 7.2 s; peak memory 1147 MiB.
2026-09-29T13:47:21Z INFO [325/377] 1de6a973-830b-4b3c-9d78-820c5d7d14bb: 49 datasets; 1.3 s; peak memory 1147 MiB.
2026-09-29T13:47:22Z INFO [326/377] 1de78b63-27f1-4fbd-b25f-73745cfd1df9: 48 datasets; 1.0 s; peak memory 1147 MiB.
2026-09-29T13:48:20Z INFO [327/377] 1de7a298-0e83-49f3-9c54-f01dbd905902: 75 datasets; 57.7 s; peak memory 1147 MiB.
2026-09-29T13:48:21Z INFO [328/377] 1de85b31-09cf-42db-873a-1d74f7409b56: 112 datasets; 1.5 s; peak memory 1147 MiB.
2026-09-29T13:49:08Z INFO [329/377] 1de897d7-698f-43f9-b740-b2df8909a4f1: 52 datasets; 47.0 s; peak memory 1147 MiB.
2026-09-29T13:49:09Z INFO [330/377] 1de9f3d0-50e2-41d1-a7ae-efed2cb5ddd3: 48 datasets; 1.0 s; peak memory 1147 MiB.
2026-09-29T13:49:10Z INFO [331/377] 1dea9d9a-b1a0-4a50-93fc-d1363b9aa4b5: 63 datasets; 1.0 s; peak memory 1147 MiB.
2026-09-29T13:49:11Z INFO [332/377] 1deb7667-7e53-436a-bb28-5cc1594f577c: 117 datasets; 1.2 s; peak memory 1147 MiB.
2026-09-29T13:49:14Z INFO [333/377] 1decaf6d-4955-47c7-9c3b-bc11f2bdf8e7: 50 datasets; 3.4 s; peak memory 1147 MiB.
2026-09-29T13:49:16Z INFO [334/377] 1ded849b-0015-4649-b9c4-74e918da6d0b: 117 datasets; 1.3 s; peak memory 1147 MiB.
2026-09-29T13:49:17Z INFO [335/377] 1ded84a8-3625-4f6e-8ef4-932a085096b0: 64 datasets; 1.4 s; peak memory 1147 MiB.
2026-09-29T13:49:20Z INFO [336/377] 1df06060-5dfd-40ab-8e0e-b820b483a27f: 100 datasets; 2.5 s; peak memory 1147 MiB.
2026-09-29T13:49:21Z INFO [337/377] 1df0de7a-b1dc-433b-9a07-78abb2451c14: 62 datasets; 1.4 s; peak memory 1147 MiB.
2026-09-29T13:49:22Z INFO [338/377] 1df1b164-80da-4b4d-8041-1ad2011369bf: 116 datasets; 1.3 s; peak memory 1147 MiB.
2026-09-29T13:49:24Z INFO [339/377] 1df2832e-ede5-43a3-9461-e1e8be5397f8: 52 datasets; 1.1 s; peak memory 1147 MiB.
2026-09-29T13:49:28Z INFO [340/377] 1df2baf3-692b-41cd-a469-b6d218adeca5: 417 datasets; 4.5 s; peak memory 1147 MiB.
2026-09-29T13:49:29Z INFO [341/377] 1df30151-791b-4d5e-894c-25955cb38d46: 116 datasets; 1.2 s; peak memory 1147 MiB.
2026-09-29T13:49:30Z INFO [342/377] 1df33b65-943a-4c09-841f-9305f5fbaa12: 46 datasets; 1.0 s; peak memory 1147 MiB.
2026-09-29T13:49:31Z INFO [343/377] 1df4c501-204a-4da0-8e8c-370617134d44: 48 datasets; 0.9 s; peak memory 1147 MiB.
2026-09-29T13:49:33Z INFO [344/377] 1df5ba14-2678-4268-af4d-56ddf2eae9c4: 62 datasets; 1.4 s; peak memory 1147 MiB.
2026-09-29T13:49:34Z INFO [345/377] 1df5f154-b893-4a94-aee0-c0c07b91267d: 110 datasets; 1.6 s; peak memory 1147 MiB.
2026-09-29T13:49:36Z INFO [346/377] 1df64e60-6e83-4bfd-b910-14fda906464a: 112 datasets; 1.4 s; peak memory 1147 MiB.
2026-09-29T13:49:37Z INFO [347/377] 1df6ae16-7cef-4747-b0bc-8177698693dc: 77 datasets; 1.3 s; peak memory 1147 MiB.
2026-09-29T13:49:44Z INFO [348/377] 1df961e3-5a8e-4287-8678-bc96c47d5c1f: 9079 datasets; 7.4 s; peak memory 1147 MiB.
2026-09-29T13:49:52Z INFO [349/377] 1df9ac5f-4839-4b2d-b3e1-211db6832404: 753 datasets; 7.8 s; peak memory 1147 MiB.
2026-09-29T13:49:53Z INFO [350/377] 1dfa1144-24bb-4e8c-8d12-4d156cce8c2e: 48 datasets; 1.0 s; peak memory 1147 MiB.
2026-09-29T13:49:53Z INFO [350/377] 1dfa1144-24bb-4e8c-8d12-4d156cce8c2e: checkpointed 61340 records.
2026-09-29T13:49:55Z INFO [351/377] 1dfae295-4f4b-4cd3-8f7f-7f5097655b2e: 66 datasets; 1.9 s; peak memory 1147 MiB.
2026-09-29T13:49:56Z INFO [352/377] 1dfc4e61-a5fd-46cb-8e86-817a1d19ef89: 68 datasets; 1.2 s; peak memory 1147 MiB.
2026-09-29T13:49:57Z INFO [353/377] 1dfd661a-1571-446f-b7d4-3d75079050da: 48 datasets; 1.0 s; peak memory 1147 MiB.
2026-09-29T13:49:58Z INFO [354/377] 1dfe2c21-6518-438f-ab02-5394a32ad797: 50 datasets; 0.9 s; peak memory 1147 MiB.
2026-09-29T13:49:59Z INFO [355/377] 1dfe90ff-50f2-40d7-b52a-6da95f550fb8: 46 datasets; 0.7 s; peak memory 1147 MiB.
2026-09-29T13:50:00Z INFO [356/377] 1dfee4d9-0a7a-4265-97e6-3074997bc5ff: 48 datasets; 1.0 s; peak memory 1147 MiB.
2026-09-29T13:50:03Z INFO [357/377] 1dff7cc3-2dcf-4ba1-a603-c7c911b69b58: 156 datasets; 2.8 s; peak memory 1147 MiB.
2026-09-29T13:50:06Z INFO [358/377] 1dff7fdb-1206-4e5f-ae77-d75f68e6f6d0: 303 datasets; 3.3 s; peak memory 1147 MiB.
2026-09-29T13:50:08Z INFO [359/377] 1e005f20-2caf-48ff-8a62-1b3d99176fb6: 69 datasets; 1.6 s; peak memory 1147 MiB.
2026-09-29T13:50:09Z INFO [360/377] 1e0068a8-e463-4361-8117-46021336ee02: 112 datasets; 1.3 s; peak memory 1147 MiB.
2026-09-29T13:50:13Z INFO [361/377] 1e0082be-043c-4b62-a58e-8ad405365f3b: 206 datasets; 3.5 s; peak memory 1147 MiB.
2026-09-29T13:50:14Z INFO [362/377] 1e018c19-f223-4cec-b9a2-462056e52588: 48 datasets; 1.1 s; peak memory 1147 MiB.
2026-09-29T13:50:15Z INFO [363/377] 1e01dab4-7705-4b13-8db3-0a9f20d4dc10: 112 datasets; 1.5 s; peak memory 1147 MiB.
2026-09-29T13:50:17Z INFO [364/377] 1e028e7a-ccca-454c-9e6c-9e9e73ec5baf: 119 datasets; 1.8 s; peak memory 1147 MiB.
2026-09-29T13:50:19Z INFO [365/377] 1e0309fe-ae6f-421d-acb1-06fe7f1be15e: 119 datasets; 2.0 s; peak memory 1147 MiB.
2026-09-29T13:50:20Z INFO [366/377] 1e0358df-afcc-4dcc-b724-fb1e3cddf537: 48 datasets; 0.9 s; peak memory 1147 MiB.
2026-09-29T13:50:22Z INFO [367/377] 1e03f127-7796-4312-acb8-b61ae5bb8c20: 118 datasets; 1.8 s; peak memory 1147 MiB.
2026-09-29T13:50:23Z INFO [368/377] 1e057bc6-090d-4679-9e15-82fff5d08662: 38 datasets; 0.9 s; peak memory 1147 MiB.
2026-09-29T13:50:37Z INFO [369/377] 1e05f77e-a420-4bf1-aa89-f5076e431755: 41 datasets; 14.7 s; peak memory 1147 MiB.
2026-09-29T13:50:39Z INFO [370/377] 1e073306-1753-4c26-9958-18569e3fd2a6: 112 datasets; 1.3 s; peak memory 1147 MiB.
2026-09-29T13:50:40Z INFO [371/377] 1e07e26c-470d-43bb-87a9-08a0ab511450: 66 datasets; 1.4 s; peak memory 1147 MiB.
2026-09-29T13:50:41Z INFO [372/377] 1e0801d2-dad6-46ef-a2ee-cb6f3863f8b8: 48 datasets; 1.0 s; peak memory 1147 MiB.
2026-09-29T13:50:44Z INFO [373/377] 1e08172d-1110-4492-8d5c-7d6e416023d4: 156 datasets; 2.8 s; peak memory 1147 MiB.
2026-09-29T13:50:45Z INFO [374/377] 1e086a42-8857-4a8c-af30-7907a0a0320e: 110 datasets; 1.3 s; peak memory 1147 MiB.
2026-09-29T13:50:46Z INFO [375/377] 1e08a14a-3b85-49c7-a40d-9dada025a610: 48 datasets; 0.9 s; peak memory 1147 MiB.
2026-09-29T13:50:48Z INFO [376/377] 1e093b21-c479-47fb-8656-e059813c448e: 112 datasets; 1.6 s; peak memory 1147 MiB.
2026-09-29T13:50:49Z INFO [377/377] 1e0a9ec6-bf63-40c7-b13a-557ad0328397: 101 datasets; 1.1 s; peak memory 1147 MiB.
2026-09-29T13:50:49Z INFO Wrote 61367 records to /tmp/derivatives/valid_nwb_file_to_number_of_datasets.jsonl (377 new, 0 failed) in 76.3 min (peak memory 1147 MiB).
