2026-09-19T15:45:11Z INFO Logging to /tmp/logs/update_2026-09-19T15-45-11Z.log.
2026-09-19T15:45:11Z INFO Update valid-nwb-file-to-number-of-datasets (base directory /tmp).
2026-09-19T15:45:12Z INFO Processing 350 items (50643 already recorded).
2026-09-19T15:45:13Z INFO [1/350] 07d17707-5744-457b-9ada-c38a3b701d6c: 46 datasets; 1.5 s; peak memory 97 MiB.
2026-09-19T15:45:30Z INFO [2/350] 07d2197b-1d21-43a6-b02d-b63e90d90766: 866 datasets; 16.7 s; peak memory 145 MiB.
2026-09-19T15:45:31Z INFO [3/350] 07d22923-b0e5-4a9c-97e9-2fc09c8a851d: 45 datasets; 0.9 s; peak memory 146 MiB.
2026-09-19T15:45:32Z INFO [4/350] 07d3e160-9547-441c-a219-7fa1f0401bca: 118 datasets; 1.4 s; peak memory 146 MiB.
2026-09-19T15:45:33Z INFO [5/350] 07d5c3dd-008b-4d8b-a3bd-3cc9e32876c1: 48 datasets; 1.1 s; peak memory 146 MiB.
2026-09-19T15:53:40Z INFO [6/350] 07d636ff-4a82-47b8-a05f-bc9d57ab031a: 99 datasets; 487.2 s; peak memory 1075 MiB.
2026-09-19T15:53:42Z INFO [7/350] 07d72b1a-53bb-4c15-8579-dd0ec755c8c7: 170 datasets; 1.5 s; peak memory 1075 MiB.
2026-09-19T15:53:43Z INFO [8/350] 07d76209-673e-4969-a6fb-db8e1639ea9b: 48 datasets; 1.2 s; peak memory 1075 MiB.
2026-09-19T15:53:45Z INFO [9/350] 07d78a42-a69e-4cd7-b94a-84bca52920f6: 117 datasets; 1.5 s; peak memory 1075 MiB.
2026-09-19T15:53:46Z INFO [10/350] 07d800de-accc-4516-bed8-053b2efd1dab: 113 datasets; 1.3 s; peak memory 1075 MiB.
2026-09-19T15:53:48Z INFO [11/350] 07d82d14-e18d-4df1-88fd-3546be871c28: 90 datasets; 2.5 s; peak memory 1075 MiB.
2026-09-19T15:53:50Z INFO [12/350] 07d89457-0889-49cc-8d3e-c540afd2b0eb: 117 datasets; 1.5 s; peak memory 1075 MiB.
2026-09-19T15:53:51Z INFO [13/350] 07d8c794-78a7-4241-ab34-d74b6d98883a: 117 datasets; 1.5 s; peak memory 1075 MiB.
2026-09-19T15:53:53Z INFO [14/350] 07d92147-0431-40fc-8b4f-c448106197a0: 118 datasets; 1.4 s; peak memory 1075 MiB.
2026-09-19T15:53:54Z INFO [15/350] 07d9471c-523e-4d42-980d-beb5439c92ad: 66 datasets; 1.6 s; peak memory 1075 MiB.
2026-09-19T15:53:56Z INFO [16/350] 07d949ed-2203-4956-981c-4d6357414808: 48 datasets; 1.2 s; peak memory 1075 MiB.
2026-09-19T15:53:57Z INFO [17/350] 07dafa4b-a16c-4116-8d3e-bc08f249d790: 66 datasets; 1.2 s; peak memory 1075 MiB.
2026-09-19T15:53:58Z INFO [18/350] 07dc4dd1-383d-4379-b0cd-89ba6fb8fc63: 48 datasets; 1.1 s; peak memory 1075 MiB.
2026-09-19T15:54:00Z INFO [19/350] 07dc863e-32f2-4620-ba8f-1232141d821a: 112 datasets; 1.7 s; peak memory 1075 MiB.
2026-09-19T15:54:01Z INFO [20/350] 07dc8987-4d71-40f4-9b47-04ee0c8d0393: 48 datasets; 1.1 s; peak memory 1075 MiB.
2026-09-19T15:54:02Z INFO [21/350] 07de49c0-dc3b-40b7-a974-d9403eb574f0: 61 datasets; 1.5 s; peak memory 1075 MiB.
2026-09-19T15:54:04Z INFO [22/350] 07de4be5-3529-4981-b5f9-16328436f245: 112 datasets; 1.9 s; peak memory 1075 MiB.
2026-09-19T15:54:05Z INFO [23/350] 07de9bf1-1556-4866-8e1e-665234b7ef72: 41 datasets; 1.0 s; peak memory 1075 MiB.
2026-09-19T15:54:07Z INFO [24/350] 07df0097-8762-4eb3-bd27-3aafdf55680e: 118 datasets; 1.5 s; peak memory 1075 MiB.
2026-09-19T15:54:08Z INFO [25/350] 07df80ab-264b-49b0-b6da-c30e4ad97140: 48 datasets; 1.2 s; peak memory 1075 MiB.
2026-09-19T15:54:09Z INFO [26/350] 07dff4fc-3a00-489c-aa50-e31507f687e1: 48 datasets; 1.1 s; peak memory 1075 MiB.
2026-09-19T15:54:12Z INFO [27/350] 07e0b373-1974-4570-a650-5981a198b6c6: 116 datasets; 2.8 s; peak memory 1075 MiB.
2026-09-19T15:54:13Z INFO [28/350] 07e1d576-e25d-4b5b-b07c-c6b26284059d: 66 datasets; 1.6 s; peak memory 1075 MiB.
2026-09-19T15:54:14Z INFO [29/350] 07e1f175-b3ca-4477-9a15-7b50829e7e73: 46 datasets; 0.9 s; peak memory 1075 MiB.
2026-09-19T15:54:31Z INFO [30/350] 07e2cccb-f64e-427d-8c86-ab646a03a77b: 847 datasets; 17.1 s; peak memory 1075 MiB.
2026-09-19T15:54:33Z INFO [31/350] 07e2fb62-535f-4870-b7d0-5b1c88b88901: 117 datasets; 1.4 s; peak memory 1075 MiB.
2026-09-19T15:54:34Z INFO [32/350] 07e3c1ab-21bd-43f3-9584-d7d988a1ede0: 84 datasets; 1.3 s; peak memory 1075 MiB.
2026-09-19T15:54:38Z INFO [33/350] 07e4474a-801d-435c-8b5d-5c8926048295: 224 datasets; 4.5 s; peak memory 1075 MiB.
2026-09-19T15:54:41Z INFO [34/350] 07e45041-7eb1-4427-938d-a63ac89a3b5e: 80 datasets; 2.7 s; peak memory 1075 MiB.
2026-09-19T15:54:42Z INFO [35/350] 07e505b4-debc-4db9-b476-3388db0314d8: 48 datasets; 1.1 s; peak memory 1075 MiB.
2026-09-19T15:54:49Z INFO [36/350] 07e518af-439f-4112-bf68-4764b1d86fad: 534 datasets; 7.0 s; peak memory 1075 MiB.
2026-09-19T15:54:51Z INFO [37/350] 07e5b1e6-01a0-4811-9c57-4c633b1cd84d: 62 datasets; 1.4 s; peak memory 1075 MiB.
2026-09-19T15:54:58Z INFO [38/350] 07e64ed6-b2fd-4469-8528-4cf0fc5466ab: 257 datasets; 7.0 s; peak memory 1075 MiB.
2026-09-19T15:54:59Z INFO [39/350] 07e6f002-14c9-47cc-9e5d-0bdee9f9b589: 70 datasets; 1.8 s; peak memory 1075 MiB.
2026-09-19T15:55:01Z INFO [40/350] 07e70197-73a4-43ee-9fa5-3491e7e1a104: 118 datasets; 1.4 s; peak memory 1075 MiB.
2026-09-19T15:55:02Z INFO [41/350] 07e75673-9c3f-4571-acf6-cf8bd7f90f25: 119 datasets; 1.2 s; peak memory 1075 MiB.
2026-09-19T15:55:03Z INFO [42/350] 07e76d27-3d61-4007-8967-69b30a52e12d: 118 datasets; 1.4 s; peak memory 1075 MiB.
2026-09-19T15:55:05Z INFO [43/350] 07e7d6d0-9535-43d3-b53a-d4db6c09e785: 49 datasets; 1.6 s; peak memory 1075 MiB.
2026-09-19T15:55:08Z INFO [44/350] 07e826bd-fee8-4ce0-993c-18c5cab33cd1: 93 datasets; 2.7 s; peak memory 1075 MiB.
2026-09-19T15:55:09Z INFO [45/350] 07e8ad70-c4e7-4ccd-9897-b2c47e1f61b6: 48 datasets; 1.2 s; peak memory 1075 MiB.
2026-09-19T15:55:10Z INFO [46/350] 07e8eb04-462d-4275-a79a-4c15e5bd0d8d: 39 datasets; 1.2 s; peak memory 1075 MiB.
2026-09-19T15:55:12Z INFO [47/350] 07e903fb-1af1-4317-b009-16df83a10696: 69 datasets; 1.9 s; peak memory 1075 MiB.
2026-09-19T15:55:13Z INFO [48/350] 07e907be-401d-40fe-bb53-a76b8953fdb5: 46 datasets; 0.9 s; peak memory 1075 MiB.
2026-09-19T15:55:16Z INFO [49/350] 07ea84c1-7089-4d42-a37a-a9b7b0c2d440: 116 datasets; 2.7 s; peak memory 1075 MiB.
2026-09-19T15:55:32Z INFO [50/350] 07eb2d3c-bb67-4d61-b06c-988dc383a726: 1269 datasets; 16.7 s; peak memory 1075 MiB.
2026-09-19T15:55:32Z INFO [50/350] 07eb2d3c-bb67-4d61-b06c-988dc383a726: checkpointed 50693 records.
2026-09-19T15:55:35Z INFO [51/350] 07eb9911-5289-4da5-b5b8-aeba15b96efb: 115 datasets; 2.7 s; peak memory 1075 MiB.
2026-09-19T15:55:36Z INFO [52/350] 07ebb593-b3e4-48d8-aa58-a8541f7922bc: 117 datasets; 1.3 s; peak memory 1075 MiB.
2026-09-19T15:55:39Z INFO [53/350] 07ebf50a-ceb4-41a2-ac5a-d51d4529daf7: 38 datasets; 2.5 s; peak memory 1075 MiB.
2026-09-19T15:55:41Z INFO [54/350] 07ebfaf9-8b60-45bf-b8ff-12e1087da13a: 112 datasets; 1.9 s; peak memory 1075 MiB.
2026-09-19T15:55:43Z INFO [55/350] 07ecaebe-a334-4d64-a85b-1dd78e7fb73f: 57 datasets; 1.8 s; peak memory 1075 MiB.
2026-09-19T15:55:44Z INFO [56/350] 07ed5dc5-81b4-4957-93d4-26428a7babe0: 48 datasets; 1.1 s; peak memory 1075 MiB.
2026-09-19T15:55:52Z INFO [57/350] 07ef4b1c-90f6-4345-9025-06878e70670e: 863 datasets; 8.2 s; peak memory 1075 MiB.
2026-09-19T15:55:53Z INFO [58/350] 07f02a84-aebc-4588-b537-a99d05bd8b10: 48 datasets; 1.1 s; peak memory 1075 MiB.
2026-09-19T15:55:54Z INFO [59/350] 07f0f647-32c1-49f0-a7e2-81eb834ac508: 48 datasets; 1.1 s; peak memory 1075 MiB.
2026-09-19T15:55:56Z INFO [60/350] 07f1136e-f3c6-42fd-a7e4-53f1bff64be9: 69 datasets; 1.6 s; peak memory 1075 MiB.
2026-09-19T15:55:57Z INFO [61/350] 07f2c8e2-eb28-4219-a83e-a6256d46b474: 48 datasets; 1.2 s; peak memory 1075 MiB.
2026-09-19T15:56:04Z INFO [62/350] 07f2f848-5262-4cee-85d0-9556db362562: 359 datasets; 7.0 s; peak memory 1075 MiB.
2026-09-19T15:56:05Z INFO [63/350] 07f30b13-1443-48db-95c7-d5510de45431: 48 datasets; 1.1 s; peak memory 1075 MiB.
2026-09-19T15:56:06Z INFO [64/350] 07f3b583-be25-4b98-bcce-6279aac566b0: 48 datasets; 1.1 s; peak memory 1075 MiB.
2026-09-19T15:57:41Z INFO [65/350] 07f3f550-df6f-40fe-abea-7493f0da06d7: 32890 datasets; 94.4 s; peak memory 1075 MiB.
2026-09-19T15:57:50Z INFO [66/350] 07f74c99-e6bc-4868-afa4-30226bde41d1: 601 datasets; 9.6 s; peak memory 1075 MiB.
2026-09-19T15:57:52Z INFO [67/350] 07f7d912-0a12-4fc3-8355-1e6cc7adb494: 117 datasets; 1.6 s; peak memory 1075 MiB.
2026-09-19T15:57:53Z INFO [68/350] 07fb9187-a390-46d4-87c8-077763ed1eed: 51 datasets; 1.5 s; peak memory 1075 MiB.
2026-09-19T15:57:55Z INFO [69/350] 07fbc92b-fba0-4eb8-b5cd-9bc6b961097d: 48 datasets; 1.1 s; peak memory 1075 MiB.
2026-09-19T15:57:56Z INFO [70/350] 07fd759d-508c-4f3d-b906-caab5c47a39c: 116 datasets; 1.4 s; peak memory 1075 MiB.
2026-09-19T15:57:57Z INFO [71/350] 07fd924a-c534-4a6a-8fea-83394ee01afe: 117 datasets; 1.4 s; peak memory 1075 MiB.
2026-09-19T15:57:59Z INFO [72/350] 07fe2dca-3376-46c3-ad79-3b4f123f6739: 64 datasets; 1.6 s; peak memory 1075 MiB.
2026-09-19T15:58:00Z INFO [73/350] 07fed5a8-9827-466a-beea-df7106de8f08: 38 datasets; 1.1 s; peak memory 1075 MiB.
2026-09-19T15:58:01Z INFO [74/350] 07fee020-4ab6-48c8-80a5-7b5c30c71c95: 48 datasets; 1.1 s; peak memory 1075 MiB.
2026-09-19T15:58:03Z INFO [75/350] 07fee773-c6fe-4b56-a6c4-06ecd0c627c6: 117 datasets; 1.4 s; peak memory 1075 MiB.
2026-09-19T15:58:05Z INFO [76/350] 08003c3a-1333-45fc-b7c7-b2fab1fd65af: 71 datasets; 2.2 s; peak memory 1075 MiB.
2026-09-19T15:58:07Z INFO [77/350] 08019fea-def9-446f-bbb2-b2d4867bc00c: 69 datasets; 1.9 s; peak memory 1075 MiB.
2026-09-19T15:58:08Z INFO [78/350] 0801ce9e-82aa-4d0d-be44-22680fe8ca7b: 48 datasets; 1.2 s; peak memory 1075 MiB.
2026-09-19T16:12:35Z INFO [79/350] 0801d996-200e-4173-ab49-d1784427e96a: 78 datasets; 867.7 s; peak memory 1200 MiB.
2026-09-19T16:12:38Z INFO [80/350] 0803134f-aacb-483c-9724-e1fe7995299f: 71 datasets; 2.0 s; peak memory 1200 MiB.
2026-09-19T16:12:39Z INFO [81/350] 080342d4-babe-474d-99c6-ccfd841f5d6f: 117 datasets; 1.3 s; peak memory 1200 MiB.
2026-09-19T16:12:53Z INFO [82/350] 0803f0db-3d31-4b2f-aece-71803269eae5: 1033 datasets; 13.9 s; peak memory 1200 MiB.
2026-09-19T16:12:54Z INFO [83/350] 0804f126-530b-411d-aa4a-0dddfeaca02c: 117 datasets; 1.3 s; peak memory 1200 MiB.
2026-09-19T16:12:57Z INFO [84/350] 08051056-e302-4ef2-a443-655a4477e14d: 152 datasets; 3.2 s; peak memory 1200 MiB.
2026-09-19T16:12:59Z INFO [85/350] 080529a9-19ac-43b6-bbe3-f8366272b6f4: 117 datasets; 1.4 s; peak memory 1200 MiB.
2026-09-19T16:13:00Z INFO [86/350] 0805672a-40dd-4c53-b52d-c86ea274ad5a: 110 datasets; 1.4 s; peak memory 1200 MiB.
2026-09-19T16:13:02Z INFO [87/350] 0805c11d-f43e-43b3-8691-062ab10d868b: 71 datasets; 1.7 s; peak memory 1200 MiB.
2026-09-19T16:13:03Z INFO [88/350] 0805d91f-7ead-4ecc-9341-d6d0dc39c2fe: 45 datasets; 1.6 s; peak memory 1200 MiB.
2026-09-19T16:13:05Z INFO [89/350] 08061bde-a899-40bf-94e7-2801e159a324: 112 datasets; 1.8 s; peak memory 1200 MiB.
2026-09-19T16:13:06Z INFO [90/350] 080677c9-0e9e-4085-afd6-e5e0379510b9: 43 datasets; 1.0 s; peak memory 1200 MiB.
2026-09-19T16:13:23Z INFO [91/350] 0806e88b-a662-48d2-99c0-198ba61b2d09: 901 datasets; 16.8 s; peak memory 1200 MiB.
2026-09-19T16:13:24Z INFO [92/350] 0806f6cc-3e86-4d27-82bd-365f0314daef: 48 datasets; 1.2 s; peak memory 1200 MiB.
2026-09-19T16:13:26Z INFO [93/350] 08081105-376d-4f04-97fa-635a61414dbf: 112 datasets; 1.5 s; peak memory 1200 MiB.
2026-09-19T16:13:27Z INFO [94/350] 08087f22-0755-4995-901e-c02ce50d9c3d: 48 datasets; 1.1 s; peak memory 1200 MiB.
2026-09-19T16:13:29Z INFO [95/350] 080a226e-9217-4c85-85b7-53898c34fbb2: 112 datasets; 1.9 s; peak memory 1200 MiB.
2026-09-19T16:13:30Z INFO [96/350] 080a98e2-a363-48b4-9aee-31e536bab336: 48 datasets; 1.1 s; peak memory 1200 MiB.
2026-09-19T16:15:17Z INFO [97/350] 080aa351-1c73-4eaf-9717-46c9606231d8: 246 datasets; 107.7 s; peak memory 1200 MiB.
2026-09-19T16:15:18Z INFO [98/350] 080acf58-96ec-4d5c-be12-b31315708868: 50 datasets; 1.0 s; peak memory 1200 MiB.
2026-09-19T16:15:20Z INFO [99/350] 080b32b7-3194-4696-9f49-0f7148b9d7e0: 83 datasets; 1.7 s; peak memory 1200 MiB.
2026-09-19T16:15:21Z INFO [100/350] 080b7fc5-06bd-478d-b62f-81d300a2985b: 81 datasets; 1.4 s; peak memory 1200 MiB.
2026-09-19T16:15:22Z INFO [100/350] 080b7fc5-06bd-478d-b62f-81d300a2985b: checkpointed 50743 records.
2026-09-19T16:15:23Z INFO [101/350] 080cbd29-5b4f-42f9-b5c8-b2792b68de76: 48 datasets; 1.1 s; peak memory 1200 MiB.
2026-09-19T16:15:26Z INFO [102/350] 080e37b1-20e7-48f1-8e75-969cc5cc9c46: 119 datasets; 3.0 s; peak memory 1200 MiB.
2026-09-19T16:15:27Z INFO [103/350] 080ead08-120d-43c9-9460-ff5772c1ea53: 64 datasets; 1.2 s; peak memory 1200 MiB.
2026-09-19T16:15:31Z INFO [104/350] 080ec6f5-5705-4391-b209-cd3b5657f0f9: 251 datasets; 4.4 s; peak memory 1200 MiB.
2026-09-19T16:15:33Z INFO [105/350] 0810b615-6e7d-4e79-81a1-de868a74b958: 69 datasets; 1.8 s; peak memory 1200 MiB.
2026-09-19T16:15:34Z INFO [106/350] 0810e050-29c7-4501-8fb3-4c737589ea17: 46 datasets; 1.1 s; peak memory 1200 MiB.
2026-09-19T16:15:36Z INFO [107/350] 081191fc-269a-4a6f-ab4e-3e71257f8bd4: 62 datasets; 1.5 s; peak memory 1200 MiB.
2026-09-19T16:15:37Z INFO [108/350] 0812ce55-2a30-4f18-8133-0ec569f0a3d3: 48 datasets; 1.1 s; peak memory 1200 MiB.
2026-09-19T16:15:38Z INFO [109/350] 08131d7e-a6f5-44fd-87ab-7cfa5b9b21f2: 48 datasets; 1.1 s; peak memory 1200 MiB.
2026-09-19T16:15:39Z INFO [110/350] 081344fb-2bb5-44bd-87d2-e67394d577ea: 59 datasets; 1.4 s; peak memory 1200 MiB.
2026-09-19T16:15:41Z INFO [111/350] 0813dd3d-70fd-4dd3-9052-13d42be479fb: 112 datasets; 1.5 s; peak memory 1200 MiB.
2026-09-19T16:17:29Z INFO [112/350] 08149513-bea4-48b6-a6b7-79940fa07c5e: 250 datasets; 108.3 s; peak memory 1200 MiB.
2026-09-19T16:17:48Z INFO [113/350] 08150ad1-efaf-4b5c-9fd3-ba1c83185380: 59 datasets; 18.8 s; peak memory 1200 MiB.
2026-09-19T16:17:50Z INFO [114/350] 08165ee6-c991-4307-b32c-13f98c44dc1e: 118 datasets; 1.6 s; peak memory 1200 MiB.
2026-09-19T16:17:51Z INFO [115/350] 08174b5b-903c-4041-820f-52cf629cc935: 117 datasets; 1.5 s; peak memory 1200 MiB.
2026-09-19T16:17:53Z INFO [116/350] 08175b64-1c9b-43ba-9109-caa65b9ba036: 118 datasets; 1.5 s; peak memory 1200 MiB.
2026-09-19T16:17:54Z INFO [117/350] 081784e5-d2ca-4865-be9a-9ddde39cc092: 48 datasets; 1.1 s; peak memory 1200 MiB.
2026-09-19T16:17:57Z INFO [118/350] 081787e2-0e0b-417f-a472-56882167d23c: 333 datasets; 3.1 s; peak memory 1200 MiB.
2026-09-19T16:18:11Z INFO [119/350] 08180f7e-aa56-4676-ae1b-37c014b5263e: 483 datasets; 14.1 s; peak memory 1200 MiB.
2026-09-19T16:18:12Z INFO [120/350] 08193ff6-e391-4b6d-a676-ffb58b6be250: 54 datasets; 1.0 s; peak memory 1200 MiB.
2026-09-19T16:18:13Z INFO [121/350] 0819a3d2-0b3c-44c3-b2ad-ab25790bfa90: 112 datasets; 1.7 s; peak memory 1200 MiB.
2026-09-19T16:18:19Z INFO [122/350] 081ad8f9-bc93-4b86-8bf7-b02f339320bc: 448 datasets; 5.7 s; peak memory 1200 MiB.
2026-09-19T16:18:20Z INFO [123/350] 081af579-2479-4631-9ddb-3bfd97411b78: 39 datasets; 1.1 s; peak memory 1200 MiB.
2026-09-19T16:18:25Z INFO [124/350] 081b1b22-fc7f-4804-bd67-7e94ebd48f92: 501 datasets; 5.1 s; peak memory 1200 MiB.
2026-09-19T16:18:26Z INFO [125/350] 081d052a-06c6-4443-be9e-f5fd212249d8: 46 datasets; 1.0 s; peak memory 1200 MiB.
2026-09-19T16:18:27Z INFO [126/350] 081d4da0-1554-4087-9bc2-ebb181101808: 48 datasets; 1.2 s; peak memory 1200 MiB.
2026-09-19T16:18:33Z INFO [127/350] 081d52ff-55a5-45dd-8ce7-40f8d95c9303: 255 datasets; 5.5 s; peak memory 1200 MiB.
2026-09-19T16:18:34Z INFO [128/350] 081e054f-a0b2-43f9-b7e0-a8113c836904: 48 datasets; 1.1 s; peak memory 1200 MiB.
2026-09-19T16:18:37Z INFO [129/350] 081e208b-589b-40c5-9894-7d304c15154f: 38 datasets; 2.5 s; peak memory 1200 MiB.
2026-09-19T16:18:38Z INFO [130/350] 081eaa70-1eda-46ba-8fec-942d6c99f28f: 58 datasets; 1.0 s; peak memory 1200 MiB.
2026-09-19T16:18:44Z INFO [131/350] 081fe5d1-47bd-4403-9198-61671c5fdbab: 238 datasets; 6.0 s; peak memory 1200 MiB.
2026-09-19T16:18:45Z INFO [132/350] 082190f4-0345-46c1-8f04-883b667a41bb: 233 datasets; 1.8 s; peak memory 1200 MiB.
2026-09-19T16:18:46Z INFO [133/350] 0821ce7e-c349-4eff-b34a-73fa7fec66ac: 46 datasets; 1.0 s; peak memory 1200 MiB.
2026-09-19T16:18:47Z INFO [134/350] 08236bc0-1957-4931-9bb9-3e9a930c88c5: 55 datasets; 0.9 s; peak memory 1200 MiB.
2026-09-19T16:18:48Z INFO [135/350] 082375b8-6d25-46b4-a637-0ce12e82c9bb: 48 datasets; 1.1 s; peak memory 1200 MiB.
2026-09-19T16:19:08Z INFO [136/350] 082606e0-1cf7-4f4a-9d76-4eac5fbfda6e: 48 datasets; 19.8 s; peak memory 1200 MiB.
2026-09-19T16:19:10Z INFO [137/350] 08262afa-18e2-4028-8702-bf74912e2e9d: 112 datasets; 1.8 s; peak memory 1200 MiB.
2026-09-19T16:22:36Z INFO [138/350] 08264c96-013b-43a6-b652-edca3ed9a5c6: 280 datasets; 205.5 s; peak memory 1200 MiB.
2026-09-19T16:22:40Z INFO [139/350] 08266599-6916-4cbd-bdc2-6468cb5072cd: 38 datasets; 4.3 s; peak memory 1200 MiB.
2026-09-19T16:22:42Z INFO [140/350] 08268f2d-e7f3-4c75-8a67-dd0c8ec5cc8b: 70 datasets; 1.9 s; peak memory 1200 MiB.
2026-09-19T16:22:48Z INFO [141/350] 082690b6-f31e-456f-b595-f3c37dedccc2: 208 datasets; 6.0 s; peak memory 1200 MiB.
2026-09-19T16:22:49Z INFO [142/350] 08277a88-ef49-4bd3-8aec-621e586b01f1: 117 datasets; 1.4 s; peak memory 1200 MiB.
2026-09-19T16:22:50Z INFO [143/350] 0827afc9-2725-47d7-8f67-c6628bfc115e: 48 datasets; 1.2 s; peak memory 1200 MiB.
2026-09-19T16:22:52Z INFO [144/350] 0827c30c-bbca-4ef3-b763-92013028b9b3: 116 datasets; 1.4 s; peak memory 1200 MiB.
2026-09-19T16:22:55Z INFO [145/350] 08280e9b-05fa-4e85-9e0b-a36b0c1d2dfc: 156 datasets; 3.2 s; peak memory 1200 MiB.
2026-09-19T16:22:56Z INFO [146/350] 082896b3-bf57-48f2-a34d-bdbdc98c2480: 59 datasets; 1.4 s; peak memory 1200 MiB.
2026-09-19T16:22:58Z INFO [147/350] 0828f847-62e9-443f-8241-3960985ddab3: 46 datasets; 1.4 s; peak memory 1200 MiB.
2026-09-19T16:22:59Z INFO [148/350] 082a00dc-ceb2-4891-981c-c75a912b4452: 116 datasets; 1.4 s; peak memory 1200 MiB.
2026-09-19T16:23:32Z INFO [149/350] 082ab6a7-dfd2-4a12-b50e-d06b62258e6b: 93 datasets; 32.5 s; peak memory 1200 MiB.
2026-09-19T16:23:33Z INFO [150/350] 082b0e8f-ec6f-4ca3-b32c-c5bca6dbeb19: 116 datasets; 1.4 s; peak memory 1200 MiB.
2026-09-19T16:23:33Z INFO [150/350] 082b0e8f-ec6f-4ca3-b32c-c5bca6dbeb19: checkpointed 50793 records.
2026-09-19T16:23:34Z INFO [151/350] 082c42a6-b978-4994-815e-ca3e6e30490b: 46 datasets; 0.9 s; peak memory 1200 MiB.
2026-09-19T16:23:36Z INFO [152/350] 082d6847-b952-43fc-852f-2edf7ff8f529: 62 datasets; 1.6 s; peak memory 1200 MiB.
2026-09-19T16:23:37Z INFO [153/350] 082e3dce-cdef-457b-89a7-aa9c1c018b96: 114 datasets; 1.2 s; peak memory 1200 MiB.
2026-09-19T16:23:38Z INFO [154/350] 082e9caf-4a3f-406a-849d-8dfa756c43ab: 62 datasets; 1.5 s; peak memory 1200 MiB.
2026-09-19T16:23:40Z INFO [155/350] 0830fd8e-81ac-4418-ac84-fbf3e55a3bc5: 116 datasets; 1.3 s; peak memory 1200 MiB.
2026-09-19T16:23:41Z INFO [156/350] 08313b66-cc4c-4431-b42d-613d7213c2fa: 112 datasets; 1.5 s; peak memory 1200 MiB.
2026-09-19T16:23:44Z INFO [157/350] 0831be94-6742-49b2-97ef-73f3c6d705f0: 156 datasets; 3.2 s; peak memory 1200 MiB.
2026-09-19T16:23:46Z INFO [158/350] 0832b254-d218-4df2-8eae-5b5b0d865636: 48 datasets; 1.1 s; peak memory 1200 MiB.
2026-09-19T16:24:10Z INFO [159/350] 0832b661-39a4-42e1-b11f-0d90f4a57aaf: 1133 datasets; 24.8 s; peak memory 1200 MiB.
2026-09-19T16:25:55Z INFO [160/350] 0832e9d8-b429-4259-a565-d8b5df4416d7: 280 datasets; 104.1 s; peak memory 1200 MiB.
2026-09-19T16:25:56Z INFO [161/350] 083326cd-a7c4-4b22-9a89-b14b5d0934c1: 116 datasets; 1.6 s; peak memory 1200 MiB.
2026-09-19T16:25:57Z INFO [162/350] 0833faa8-c63a-40bb-b240-7263322c6b7e: 48 datasets; 1.2 s; peak memory 1200 MiB.
2026-09-19T16:26:05Z INFO [163/350] 083482c9-7bad-43d6-baf5-9572811ec3eb: 684 datasets; 7.3 s; peak memory 1200 MiB.
2026-09-19T16:26:06Z INFO [164/350] 0834f6c2-52dc-4745-9f79-db8f2ff07290: 110 datasets; 1.7 s; peak memory 1200 MiB.
2026-09-19T16:26:08Z INFO [165/350] 08352103-8948-461d-9dd7-9166910ae157: 56 datasets; 1.2 s; peak memory 1200 MiB.
2026-09-19T16:26:09Z INFO [166/350] 083692fc-1fea-4eb8-9be5-603b57ea4980: 60 datasets; 1.3 s; peak memory 1200 MiB.
2026-09-19T16:26:11Z INFO [167/350] 0837fd5e-63a1-416d-bfd3-842e6575fc9c: 230 datasets; 1.7 s; peak memory 1200 MiB.
2026-09-19T16:26:12Z INFO [168/350] 083821f9-dfc5-4b68-a104-360c62f58ab2: 57 datasets; 1.0 s; peak memory 1200 MiB.
2026-09-19T16:26:13Z INFO [169/350] 083930a1-7c44-4b9f-927a-c88f5c9753d9: 52 datasets; 1.3 s; peak memory 1200 MiB.
2026-09-19T16:26:19Z INFO [170/350] 08396947-a7a8-4fdb-a390-60fa95c710da: 395 datasets; 6.4 s; peak memory 1200 MiB.
2026-09-19T16:26:21Z INFO [171/350] 0839db21-0e88-4074-aaec-093a642d860c: 64 datasets; 1.3 s; peak memory 1200 MiB.
2026-09-19T16:26:23Z INFO [172/350] 083aafdb-e9ff-43da-ba8f-98b6a0c17086: 97 datasets; 2.1 s; peak memory 1200 MiB.
2026-09-19T16:26:24Z INFO [173/350] 083ab9dc-6cd1-4b12-bf03-ebae44f9b8ba: 46 datasets; 1.3 s; peak memory 1200 MiB.
2026-09-19T16:26:26Z INFO [174/350] 083ac552-a1ac-4a3b-96ea-0876689eb6b6: 118 datasets; 2.2 s; peak memory 1200 MiB.
2026-09-19T16:26:28Z INFO [175/350] 083bcd58-db48-4b76-ad5f-736afa695e63: 71 datasets; 1.8 s; peak memory 1200 MiB.
2026-09-19T16:26:30Z INFO [176/350] 083be9a7-401e-4536-9a1c-8cc9d606bbc6: 66 datasets; 1.5 s; peak memory 1200 MiB.
2026-09-19T16:26:31Z INFO [177/350] 083c0404-edc3-4da8-bc14-3c5986e847bc: 48 datasets; 1.2 s; peak memory 1200 MiB.
2026-09-19T16:26:32Z INFO [178/350] 083c2c1e-e630-4501-a96a-41388a2dab29: 112 datasets; 1.8 s; peak memory 1200 MiB.
2026-09-19T16:26:34Z INFO [179/350] 083c49a4-31c9-444e-9961-8adfcc9fa677: 45 datasets; 1.6 s; peak memory 1200 MiB.
2026-09-19T16:26:35Z INFO [180/350] 083c57f8-4ac9-4b8b-a5c5-3c6a77840445: 118 datasets; 1.3 s; peak memory 1200 MiB.
2026-09-19T16:26:55Z INFO [181/350] 083c6372-caed-47dc-bf6f-5517fb58dc09: 48 datasets; 19.2 s; peak memory 1200 MiB.
2026-09-19T16:26:56Z INFO [182/350] 083c712e-ea43-4b92-93ed-97db2600fa5e: 117 datasets; 1.5 s; peak memory 1200 MiB.
2026-09-19T16:27:04Z INFO [183/350] 083db097-5baa-4fdd-a3ff-e3aec1453038: 544 datasets; 8.3 s; peak memory 1200 MiB.
2026-09-19T16:27:07Z INFO [184/350] 083dd16d-4475-4c64-b3b8-e35070373c6c: 115 datasets; 2.7 s; peak memory 1200 MiB.
2026-09-19T16:27:09Z INFO [185/350] 083ea5f6-8655-4207-af80-e6a2a04974d9: 66 datasets; 1.9 s; peak memory 1200 MiB.
2026-09-19T16:27:10Z INFO [186/350] 083ebe00-b2a5-4aa9-a966-4d2798cf30a7: 52 datasets; 1.0 s; peak memory 1200 MiB.
2026-09-19T16:27:11Z INFO [187/350] 083ec7b4-e6e1-4aa2-991d-3a92a61f8f30: 118 datasets; 1.4 s; peak memory 1200 MiB.
2026-09-19T16:27:12Z INFO [188/350] 083fec26-5e52-4402-8bd8-b55ad4aef7ef: 46 datasets; 0.9 s; peak memory 1200 MiB.
2026-09-19T16:27:15Z INFO [189/350] 0840e52f-3a6c-49cc-810b-5e7898dcf14d: 98 datasets; 2.5 s; peak memory 1200 MiB.
2026-09-19T16:27:16Z INFO [190/350] 0840f57d-46a3-4c22-ac3e-ffd049a22016: 121 datasets; 1.2 s; peak memory 1200 MiB.
2026-09-19T16:27:17Z INFO [191/350] 08411fba-2f6a-4c95-9cd1-b0e93b2b7b78: 48 datasets; 1.2 s; peak memory 1200 MiB.
2026-09-19T16:27:18Z INFO [192/350] 084133c5-cfd0-4d0a-9cc8-0275edccc01b: 48 datasets; 1.1 s; peak memory 1200 MiB.
2026-09-19T16:27:19Z INFO [193/350] 084259b1-7912-4c0f-9c90-bfe6bc29d85f: 48 datasets; 1.1 s; peak memory 1200 MiB.
2026-09-19T16:28:12Z INFO [194/350] 0842b78d-1f28-48bb-9b5d-d64292d6a940: 3780 datasets; 52.3 s; peak memory 1200 MiB.
2026-09-19T16:28:13Z INFO [195/350] 0842c0dc-7b86-461e-b8d5-39edc50a5efd: 48 datasets; 1.2 s; peak memory 1200 MiB.
2026-09-19T16:28:14Z INFO [196/350] 0843e424-0914-41d8-9bcc-f756ee3c79eb: 77 datasets; 1.4 s; peak memory 1200 MiB.
2026-09-19T16:30:07Z INFO [197/350] 08456541-810b-407f-a64b-0bd2995e9851: 5606 datasets; 112.6 s; peak memory 1200 MiB.
2026-09-19T16:30:08Z INFO [198/350] 084643a5-8afa-450e-b7d0-df814186b692: 48 datasets; 1.2 s; peak memory 1200 MiB.
2026-09-19T16:30:10Z INFO [199/350] 0846a134-4f37-4c31-8f63-f35def8371ff: 69 datasets; 1.6 s; peak memory 1200 MiB.
2026-09-19T16:30:11Z INFO [200/350] 0848ae2e-1ec8-44b1-b5d6-ca7d0ae40956: 48 datasets; 1.1 s; peak memory 1200 MiB.
2026-09-19T16:30:11Z INFO [200/350] 0848ae2e-1ec8-44b1-b5d6-ca7d0ae40956: checkpointed 50843 records.
2026-09-19T16:30:12Z INFO [201/350] 0849fdce-5507-43b0-9543-7af2f6444037: 46 datasets; 1.2 s; peak memory 1200 MiB.
2026-09-19T16:30:14Z INFO [202/350] 084a4b87-bb16-4132-8e0c-b65a16585c23: 72 datasets; 1.3 s; peak memory 1200 MiB.
2026-09-19T16:30:17Z INFO [203/350] 084b43e9-8b49-4a6f-a0a8-25b27e123f57: 92 datasets; 3.7 s; peak memory 1200 MiB.
2026-09-19T16:30:19Z INFO [204/350] 084bdb91-d031-4578-bf3b-d3bfc56b50c3: 78 datasets; 1.9 s; peak memory 1200 MiB.
2026-09-19T16:30:21Z INFO [205/350] 084cd87c-7542-4df9-97f4-4e848ff87592: 66 datasets; 2.3 s; peak memory 1200 MiB.
2026-09-19T16:30:23Z INFO [206/350] 084e74e7-3a9b-49d6-af0a-f8704e496f7e: 109 datasets; 1.9 s; peak memory 1200 MiB.
2026-09-19T16:32:21Z INFO [207/350] 084f8791-c6eb-4bab-bcf0-03e7543ba75c: 241 datasets; 117.7 s; peak memory 1200 MiB.
2026-09-19T16:32:22Z INFO [208/350] 08508c48-97e8-408b-b089-e54c0e9a102a: 117 datasets; 1.4 s; peak memory 1200 MiB.
2026-09-19T16:32:23Z INFO [209/350] 0850c1d7-583f-4f98-9e96-b3a0af3ddb59: 48 datasets; 1.1 s; peak memory 1200 MiB.
2026-09-19T16:32:25Z INFO [210/350] 0850d534-7ac2-418c-85cf-d97575b28dd9: 48 datasets; 1.1 s; peak memory 1200 MiB.
2026-09-19T16:35:53Z INFO [211/350] 0851449d-9357-4a2a-b768-bfa498d6c058: 436 datasets; 208.8 s; peak memory 1200 MiB.
2026-09-19T16:36:12Z INFO [212/350] 08546680-1b45-456c-b901-27a232faa327: 48 datasets; 18.8 s; peak memory 1200 MiB.
2026-09-19T16:36:14Z INFO [213/350] 0854f638-5069-4ff0-871a-bb892b11a307: 49 datasets; 1.7 s; peak memory 1200 MiB.
2026-09-19T16:36:15Z INFO [214/350] 0855a493-b6cd-4526-adbe-f5f4142f67c3: 117 datasets; 1.3 s; peak memory 1200 MiB.
2026-09-19T16:36:16Z INFO [215/350] 08562c1f-de74-449b-892b-7c64be6fa638: 44 datasets; 1.2 s; peak memory 1200 MiB.
2026-09-19T16:36:18Z INFO [216/350] 085680d0-924c-466b-9510-7575878cf8a4: 64 datasets; 1.2 s; peak memory 1200 MiB.
2026-09-19T16:36:19Z INFO [217/350] 0856c943-53dc-4173-bcc2-44da8e0c0420: 48 datasets; 1.3 s; peak memory 1200 MiB.
2026-09-19T16:36:20Z INFO [218/350] 08572212-0637-4062-acb0-34daa980ff60: 48 datasets; 1.2 s; peak memory 1200 MiB.
2026-09-19T16:36:27Z INFO [219/350] 08577c5e-62b9-4d5d-bd35-a5ecac23e5b1: 648 datasets; 6.8 s; peak memory 1200 MiB.
2026-09-19T16:42:15Z INFO [220/350] 08581645-e025-4233-b25f-99b34eab000a: 99 datasets; 348.0 s; peak memory 1378 MiB.
2026-09-19T16:42:17Z INFO [221/350] 08585448-e905-44f6-a315-bdbd868b0db1: 38 datasets; 1.8 s; peak memory 1378 MiB.
2026-09-19T16:42:37Z INFO [222/350] 08588b60-e8e3-4342-a940-61a4a75d876c: 1119 datasets; 20.0 s; peak memory 1378 MiB.
2026-09-19T16:42:38Z INFO [223/350] 08592037-0814-44a8-931e-2face22a1504: 48 datasets; 1.2 s; peak memory 1378 MiB.
2026-09-19T16:42:50Z INFO [224/350] 085967d9-163d-43c6-91f5-0242c20af7e9: 4355 datasets; 12.2 s; peak memory 1378 MiB.
2026-09-19T16:42:51Z INFO [225/350] 0859d901-2918-4fd6-bee6-6669eca64ee6: 48 datasets; 1.2 s; peak memory 1378 MiB.
2026-09-19T16:42:52Z INFO [226/350] 085a084d-e211-4fc0-ade7-59226764511b: 41 datasets; 1.0 s; peak memory 1378 MiB.
2026-09-19T16:42:57Z INFO [227/350] 085a84d4-2bb3-4430-9f83-071ab914ade9: 442 datasets; 4.6 s; peak memory 1378 MiB.
2026-09-19T16:43:08Z INFO [228/350] 085af9e9-e4e6-432d-9ce2-7f20a5a99883: 66 datasets; 10.8 s; peak memory 1378 MiB.
2026-09-19T16:43:09Z INFO [229/350] 085b7acd-417a-43aa-ba17-40551f615bb6: 48 datasets; 1.2 s; peak memory 1378 MiB.
2026-09-19T16:43:10Z INFO [230/350] 085b81e6-66a0-413d-ab80-17c60c109094: 48 datasets; 1.2 s; peak memory 1378 MiB.
2026-09-19T16:43:13Z INFO [231/350] 085ba533-68b9-48c5-b453-ed69bf5dcce1: 116 datasets; 2.7 s; peak memory 1378 MiB.
2026-09-19T16:43:20Z INFO [232/350] 085bc4d9-3d38-4669-ae0f-6d7104c05a54: 538 datasets; 7.0 s; peak memory 1378 MiB.
2026-09-19T16:43:21Z INFO [233/350] 085bd822-eb66-4ef2-80ad-61bb321abcfc: 52 datasets; 1.2 s; peak memory 1378 MiB.
2026-09-19T16:43:22Z INFO [234/350] 085c7af4-dcfb-4ccd-8eec-3b77e576efb1: 45 datasets; 0.9 s; peak memory 1378 MiB.
2026-09-19T16:43:28Z INFO [235/350] 085d1aff-d038-4f5c-a43b-b5a59f28389d: 480 datasets; 5.8 s; peak memory 1378 MiB.
2026-09-19T16:43:29Z INFO [236/350] 085d3a3f-46f0-4d6e-bbd5-9385d361a5b7: 56 datasets; 1.2 s; peak memory 1378 MiB.
2026-09-19T16:43:30Z INFO [237/350] 085d75d3-ba20-4f27-bad8-b5fc69dd3989: 48 datasets; 1.1 s; peak memory 1378 MiB.
2026-09-19T16:43:31Z INFO [238/350] 085e0912-7582-4657-a4d5-4420a861e2d3: 48 datasets; 1.2 s; peak memory 1378 MiB.
2026-09-19T16:43:33Z INFO [239/350] 085e27e5-a55e-46c6-8d06-0600174df3ce: 112 datasets; 1.7 s; peak memory 1378 MiB.
2026-09-19T16:43:34Z INFO [240/350] 08601abc-0894-4262-90f5-7a9a0f50a90e: 116 datasets; 1.3 s; peak memory 1378 MiB.
2026-09-19T16:43:42Z INFO [241/350] 086021f7-abcb-4ca0-b59e-f011ccd7fd1f: 860 datasets; 7.8 s; peak memory 1378 MiB.
2026-09-19T16:43:43Z INFO [242/350] 0860cdfe-71d8-4bab-9018-5a8f93164b7f: 48 datasets; 1.2 s; peak memory 1378 MiB.
2026-09-19T16:43:54Z INFO [243/350] 08612c35-2f46-4955-8a13-94f862d9a9e7: 1041 datasets; 10.8 s; peak memory 1378 MiB.
2026-09-19T16:43:59Z INFO [244/350] 08620ba7-4d2a-4d05-9ed3-25d7112ba8c7: 481 datasets; 4.6 s; peak memory 1378 MiB.
2026-09-19T16:44:01Z INFO [245/350] 08628895-2298-4bf9-9eb4-2922bba0dbd6: 119 datasets; 2.5 s; peak memory 1378 MiB.
2026-09-19T16:44:05Z INFO [246/350] 0862b0a3-68c0-40f7-b1ec-be48d8a680ae: 133 datasets; 3.5 s; peak memory 1378 MiB.
2026-09-19T16:44:22Z INFO [247/350] 0862eb5d-4f8e-42fc-accb-365b0f120bcc: 48 datasets; 17.5 s; peak memory 1378 MiB.
2026-09-19T16:44:23Z INFO [248/350] 08639f3a-4a96-48a2-8a5c-5acadbdb24f2: 33 datasets; 0.9 s; peak memory 1378 MiB.
2026-09-19T16:44:25Z INFO [249/350] 0863a666-dfa7-4810-b3b7-7b3b93a34aac: 82 datasets; 1.8 s; peak memory 1378 MiB.
2026-09-19T16:44:26Z INFO [250/350] 0863c48f-7099-4db3-9ad4-3c78ede17ce6: 48 datasets; 1.1 s; peak memory 1378 MiB.
2026-09-19T16:44:26Z INFO [250/350] 0863c48f-7099-4db3-9ad4-3c78ede17ce6: checkpointed 50893 records.
2026-09-19T16:44:48Z INFO [251/350] 0863e5b4-745c-4792-9276-1c2ed0ca78fa: 1494 datasets; 22.3 s; peak memory 1378 MiB.
2026-09-19T16:44:49Z INFO [252/350] 086481c7-038e-4abf-ba63-f2c285ee9ec5: 101 datasets; 1.3 s; peak memory 1378 MiB.
2026-09-19T16:44:53Z INFO [253/350] 0864937a-2440-4dc0-98f4-437e8f705175: 156 datasets; 3.5 s; peak memory 1378 MiB.
2026-09-19T16:45:08Z INFO [254/350] 0866e7a7-bbc2-43bc-b6d5-e1ee96ea0e93: 38 datasets; 14.7 s; peak memory 1378 MiB.
2026-09-19T16:45:09Z INFO [255/350] 08675b4a-2eee-43ed-9eaf-d9ffb70caaf4: 48 datasets; 1.2 s; peak memory 1378 MiB.
2026-09-19T16:45:12Z INFO [256/350] 086787bf-bc93-42da-9dff-3faf8d736ef4: 156 datasets; 3.2 s; peak memory 1378 MiB.
2026-09-19T16:45:14Z INFO [257/350] 086796a4-f51f-4b1a-b6eb-750dd846f39e: 69 datasets; 1.9 s; peak memory 1378 MiB.
2026-09-19T16:45:15Z INFO [258/350] 086874c4-3161-4b64-860a-3444212eedf2: 118 datasets; 1.5 s; peak memory 1378 MiB.
2026-09-19T16:45:16Z INFO [259/350] 0868916a-9606-4ac5-996e-da13a2a8e8ca: 54 datasets; 0.9 s; peak memory 1378 MiB.
2026-09-19T16:45:18Z INFO [260/350] 0868e6f1-b31c-49e9-adf7-11e4efa26d05: 118 datasets; 1.5 s; peak memory 1378 MiB.
2026-09-19T16:45:19Z INFO [261/350] 08691344-f63b-41f2-9949-d5538bbdb99d: 48 datasets; 1.1 s; peak memory 1378 MiB.
2026-09-19T16:45:20Z INFO [262/350] 086952c4-c683-4d5b-8719-2cd5f8afc16a: 48 datasets; 1.0 s; peak memory 1378 MiB.
2026-09-19T16:45:21Z INFO [263/350] 086a9eed-3573-47f5-8b14-ef9e7e8483b5: 52 datasets; 0.9 s; peak memory 1378 MiB.
2026-09-19T16:45:23Z INFO [264/350] 086af144-27ed-450c-aad1-9d815772858f: 119 datasets; 2.7 s; peak memory 1378 MiB.
2026-09-19T16:55:59Z INFO [265/350] 086b6088-6954-47b1-b835-d1b3414ba46d: 357 datasets; 635.8 s; peak memory 1378 MiB.
2026-09-19T17:01:56Z INFO [266/350] 086b92ea-00aa-4e58-8e7b-1537e6dac87c: 1100 datasets; 356.7 s; peak memory 1378 MiB.
2026-09-19T17:02:09Z INFO [267/350] 086c1f1a-da4b-4888-8099-3ddfa84bdf43: 5681 datasets; 13.2 s; peak memory 1378 MiB.
2026-09-19T17:02:10Z INFO [268/350] 086c49d3-7dd9-4824-9583-62cfdbd516ff: 48 datasets; 1.1 s; peak memory 1378 MiB.
2026-09-19T17:02:12Z INFO [269/350] 086cfd36-4084-430f-9613-3963b821d613: 113 datasets; 1.3 s; peak memory 1378 MiB.
2026-09-19T17:02:14Z INFO [270/350] 086d37e7-133f-4151-b04c-28ff77841195: 112 datasets; 2.0 s; peak memory 1378 MiB.
2026-09-19T17:02:17Z INFO [271/350] 086e2efc-30ee-4b9b-8385-8825e3fe7817: 156 datasets; 3.2 s; peak memory 1378 MiB.
2026-09-19T17:02:18Z INFO [272/350] 086eb53b-0dd8-480c-ae50-7ef3957f05db: 48 datasets; 1.2 s; peak memory 1378 MiB.
2026-09-19T17:02:19Z INFO [273/350] 086f77da-655f-409f-a5ce-6d160777122a: 117 datasets; 1.3 s; peak memory 1378 MiB.
2026-09-19T17:02:24Z INFO [274/350] 086fbe9f-c68c-4cf7-86da-4b2854c6d303: 229 datasets; 5.0 s; peak memory 1378 MiB.
2026-09-19T17:02:26Z INFO [275/350] 0870698b-c406-44ce-9cd0-032d0d57cc30: 66 datasets; 1.7 s; peak memory 1378 MiB.
2026-09-19T17:02:28Z INFO [276/350] 0871a2ff-6149-448d-8166-0916cc45a4ac: 41 datasets; 2.1 s; peak memory 1378 MiB.
2026-09-19T17:02:29Z INFO [277/350] 0872463d-162b-471d-a5a4-939bedebfed1: 48 datasets; 1.1 s; peak memory 1378 MiB.
2026-09-19T17:03:09Z INFO [278/350] 08732e72-2f97-46a2-a0f3-482584639c41: 52 datasets; 39.2 s; peak memory 1378 MiB.
2026-09-19T17:03:10Z INFO [279/350] 0873a844-b710-45a9-b46e-8375cc42632d: 46 datasets; 0.9 s; peak memory 1378 MiB.
2026-09-19T17:03:11Z INFO [280/350] 0873cb9d-fd27-4909-8e5d-d9bd0de74c73: 54 datasets; 1.0 s; peak memory 1378 MiB.
2026-09-19T17:03:16Z INFO [281/350] 0873d051-0906-4665-bd82-2434715fba50: 538 datasets; 5.8 s; peak memory 1378 MiB.
2026-09-19T17:03:18Z INFO [282/350] 08742473-5055-4fbf-afcf-ac1c9ad243fb: 52 datasets; 1.4 s; peak memory 1378 MiB.
2026-09-19T17:03:19Z INFO [283/350] 08748d8d-1df1-43ae-a69e-3652ec074015: 48 datasets; 1.2 s; peak memory 1378 MiB.
2026-09-19T17:03:21Z INFO [284/350] 08752efc-6722-429e-8861-755304d609da: 78 datasets; 2.0 s; peak memory 1378 MiB.
2026-09-19T17:03:23Z INFO [285/350] 08757455-0ed1-4e96-9e99-335b7a432fd7: 152 datasets; 2.4 s; peak memory 1378 MiB.
2026-09-19T17:03:24Z INFO [286/350] 087590d2-1b60-4e7a-ad98-042739dcc7f2: 48 datasets; 1.2 s; peak memory 1378 MiB.
2026-09-19T17:03:26Z INFO [287/350] 0876948f-ee2f-46a9-9bf1-937c98abffd5: 69 datasets; 2.0 s; peak memory 1378 MiB.
2026-09-19T17:03:28Z INFO [288/350] 0876cb6d-f6cb-4139-96f0-e655421e117a: 64 datasets; 1.6 s; peak memory 1378 MiB.
2026-09-19T17:03:29Z INFO [289/350] 08775010-30f5-43f9-bafd-41dd77dbd605: 41 datasets; 1.1 s; peak memory 1378 MiB.
2026-09-19T17:03:30Z INFO [290/350] 0878eb4e-c1ef-466b-a96d-05274c4f8145: 48 datasets; 1.1 s; peak memory 1378 MiB.
2026-09-19T17:03:33Z INFO [291/350] 0879f324-2be6-415b-b336-ff4ff005795c: 38 datasets; 2.5 s; peak memory 1378 MiB.
2026-09-19T17:03:34Z INFO [292/350] 087ac878-59ff-4a0b-903b-3a3d80b8fa54: 117 datasets; 1.5 s; peak memory 1378 MiB.
2026-09-19T17:03:37Z INFO [293/350] 087bad21-39f4-41d5-859c-1b0e7a98a969: 168 datasets; 2.8 s; peak memory 1378 MiB.
2026-09-19T17:03:38Z INFO [294/350] 087bc19b-9523-467b-892c-22db32d1a651: 46 datasets; 1.2 s; peak memory 1378 MiB.
2026-09-19T17:03:51Z INFO [295/350] 087c48ce-b7e0-46c5-aec8-660fec3e463d: 995 datasets; 13.0 s; peak memory 1378 MiB.
2026-09-19T17:03:53Z INFO [296/350] 087c4d3e-aa9f-410e-aeb0-4070a11d21f2: 118 datasets; 1.5 s; peak memory 1378 MiB.
2026-09-19T17:03:56Z INFO [297/350] 087c7cf1-303b-4ed1-a474-02557b85f85b: 245 datasets; 3.5 s; peak memory 1378 MiB.
2026-09-19T17:04:03Z INFO [298/350] 087cdd6f-f2f3-4d89-8c53-07dc2c875ab0: 298 datasets; 6.7 s; peak memory 1378 MiB.
2026-09-19T17:04:05Z INFO [299/350] 087d3d63-e366-4b67-8aa6-86cbdf7a0ecc: 46 datasets; 1.5 s; peak memory 1378 MiB.
2026-09-19T17:04:06Z INFO [300/350] 087d6a4b-c786-4e5f-ba8c-5acdfbddc99b: 63 datasets; 1.2 s; peak memory 1378 MiB.
2026-09-19T17:04:06Z INFO [300/350] 087d6a4b-c786-4e5f-ba8c-5acdfbddc99b: checkpointed 50943 records.
2026-09-19T17:04:21Z INFO [301/350] 087f170b-7ca1-4e9b-bc72-7fe81ae83355: 38 datasets; 14.8 s; peak memory 1378 MiB.
2026-09-19T17:04:22Z INFO [302/350] 08802ec1-0619-49d9-9878-cd38826196ed: 48 datasets; 1.2 s; peak memory 1378 MiB.
2026-09-19T17:04:23Z INFO [303/350] 08808770-b630-4ccc-a688-bdde96686bc1: 68 datasets; 1.5 s; peak memory 1378 MiB.
2026-09-19T17:04:25Z INFO [304/350] 0880efa9-7283-44ef-83e7-d7b80f6f3ebc: 52 datasets; 1.4 s; peak memory 1378 MiB.
2026-09-19T17:04:26Z INFO [305/350] 088107a6-de5a-4573-ac35-4183eff0f4b1: 48 datasets; 1.2 s; peak memory 1378 MiB.
2026-09-19T17:04:27Z INFO [306/350] 0881661a-6a2a-472e-a928-d086f726dfed: 48 datasets; 1.1 s; peak memory 1378 MiB.
2026-09-19T17:04:29Z INFO [307/350] 08819f75-93a6-4f04-b4bb-c8c1da9d6a76: 110 datasets; 1.7 s; peak memory 1378 MiB.
2026-09-19T17:04:30Z INFO [308/350] 0881c86a-c9d3-4673-8afd-d9d51d463f54: 72 datasets; 1.3 s; peak memory 1378 MiB.
2026-09-19T17:04:33Z INFO [309/350] 08848ff0-174c-4531-b25f-fcd5661baaec: 156 datasets; 3.4 s; peak memory 1378 MiB.
2026-09-19T17:04:34Z INFO [310/350] 08853029-c49e-40dc-967c-d7454a1b6d7f: 48 datasets; 1.1 s; peak memory 1378 MiB.
2026-09-19T17:04:36Z INFO [311/350] 08856356-e407-49b3-a3a0-e14b1a9e36fd: 112 datasets; 1.5 s; peak memory 1378 MiB.
2026-09-19T17:04:37Z INFO [312/350] 0886dc3c-bfe1-43c5-9ea3-4e0c278523cf: 45 datasets; 1.0 s; peak memory 1378 MiB.
2026-09-19T17:04:38Z INFO [313/350] 08874d28-3b3c-441f-9c65-a98c64498f19: 48 datasets; 1.1 s; peak memory 1378 MiB.
2026-09-19T17:05:09Z INFO [314/350] 08877778-c6ef-48fe-bc6d-13cf3717b3ff: 1828 datasets; 31.4 s; peak memory 1378 MiB.
2026-09-19T17:05:11Z INFO [315/350] 0887f3d9-68c9-4ffd-a827-85a2e688667f: 61 datasets; 1.5 s; peak memory 1378 MiB.
2026-09-19T17:05:14Z INFO [316/350] 088812b0-2074-4445-95dd-bbce2ae38cee: 115 datasets; 2.8 s; peak memory 1378 MiB.
2026-09-19T17:05:15Z INFO [317/350] 08886b66-d106-49a4-b3eb-c50d4b80ef09: 62 datasets; 1.5 s; peak memory 1378 MiB.
2026-09-19T17:05:18Z INFO [318/350] 0889083e-7330-4927-8071-498c4e7a86f2: 115 datasets; 2.9 s; peak memory 1378 MiB.
2026-09-19T17:05:23Z INFO [319/350] 0889fd27-bd5d-49aa-9f32-5528b1e403bd: 386 datasets; 4.5 s; peak memory 1378 MiB.
2026-09-19T17:05:25Z INFO [320/350] 088a08ba-dfd2-44ab-b283-67e45410b337: 71 datasets; 2.3 s; peak memory 1378 MiB.
2026-09-19T17:05:32Z INFO [321/350] 088b2e17-4681-404f-8ddc-0c62d12de727: 538 datasets; 7.0 s; peak memory 1378 MiB.
2026-09-19T17:05:41Z INFO [322/350] 088b7053-4607-4d78-8f7c-036d564ab99c: 106 datasets; 9.3 s; peak memory 1378 MiB.
2026-09-19T17:05:42Z INFO [323/350] 088b94d1-c454-481d-9c63-8edad557a88f: 48 datasets; 1.2 s; peak memory 1378 MiB.
2026-09-19T17:05:45Z INFO [324/350] 088be3c1-652a-42a8-9c8f-07a89ee15cf7: 111 datasets; 2.4 s; peak memory 1378 MiB.
2026-09-19T17:07:39Z INFO [325/350] 088bf4ee-5fb1-4323-9b96-12a7b6b5a84a: 5606 datasets; 113.9 s; peak memory 1378 MiB.
2026-09-19T17:07:44Z INFO [326/350] 088c58a9-ca43-4d0f-b2d1-fa180aff20f2: 537 datasets; 5.4 s; peak memory 1378 MiB.
2026-09-19T17:07:45Z INFO [327/350] 088cafa5-7189-4afd-acd1-a46b4247942a: 48 datasets; 1.1 s; peak memory 1378 MiB.
2026-09-19T17:07:48Z INFO [328/350] 088d7e76-b133-41a3-a1b9-f3bb33c3bf90: 38 datasets; 2.6 s; peak memory 1378 MiB.
2026-09-19T17:07:49Z INFO [329/350] 088d8801-acd5-4147-8d07-9121a58c2b3c: 45 datasets; 1.0 s; peak memory 1378 MiB.
2026-09-19T17:07:50Z INFO [330/350] 088dbff0-da24-45f2-8fe8-5f2718efb459: 48 datasets; 1.2 s; peak memory 1378 MiB.
2026-09-19T17:07:51Z INFO [331/350] 088de939-7ef0-4f02-9a1f-165d4d93f24a: 113 datasets; 1.6 s; peak memory 1378 MiB.
2026-09-19T17:07:53Z INFO [332/350] 088dfbec-7866-4c22-a75a-412e636f6c09: 117 datasets; 1.4 s; peak memory 1378 MiB.
2026-09-19T17:07:54Z INFO [333/350] 088ef7d1-de28-42f0-a15f-a5535fa2c16b: 112 datasets; 1.5 s; peak memory 1378 MiB.
2026-09-19T17:07:57Z INFO [334/350] 088efccf-16a9-47c6-a80f-1e511cb8e83b: 71 datasets; 2.2 s; peak memory 1378 MiB.
2026-09-19T17:07:58Z INFO [335/350] 088fcb7e-b6fb-4425-b640-12d923efc2d5: 66 datasets; 1.7 s; peak memory 1378 MiB.
2026-09-19T17:10:01Z INFO [336/350] 08904cbc-4e4c-458c-b66c-3a51955b5781: 433 datasets; 123.0 s; peak memory 1378 MiB.
2026-09-19T17:10:03Z INFO [337/350] 0890ac2d-a7ab-46b5-90a4-9762ff4f5029: 71 datasets; 2.1 s; peak memory 1378 MiB.
2026-09-19T17:10:05Z INFO [338/350] 0890f015-98fa-4c49-a45e-1d6a502e3973: 69 datasets; 1.4 s; peak memory 1378 MiB.
2026-09-19T17:10:06Z INFO [339/350] 08912f06-255e-4406-b62d-1c4d7bcc1a6b: 48 datasets; 1.2 s; peak memory 1378 MiB.
2026-09-19T17:11:57Z INFO [340/350] 0891772c-1679-44c8-b271-3035d93a0a90: 167 datasets; 111.0 s; peak memory 1378 MiB.
2026-09-19T17:11:58Z INFO [341/350] 08929bd3-7ca1-4e58-a83d-523165a7d614: 46 datasets; 1.3 s; peak memory 1378 MiB.
2026-09-19T17:11:59Z INFO [342/350] 089339b7-e8b0-4df8-844b-59c714b07339: 48 datasets; 1.2 s; peak memory 1378 MiB.
2026-09-19T17:12:01Z INFO [343/350] 08947353-5d9a-4f7a-b919-4de4cc4f8f12: 46 datasets; 1.1 s; peak memory 1378 MiB.
2026-09-19T17:12:11Z INFO [344/350] 08949c62-f680-45a5-9dab-17fda8748684: 783 datasets; 10.7 s; peak memory 1378 MiB.
2026-09-19T17:12:14Z INFO [345/350] 089506e2-a880-460b-bbdb-4b17a6751014: 115 datasets; 2.8 s; peak memory 1378 MiB.
2026-09-19T17:12:16Z INFO [346/350] 089530d6-1f40-447f-a055-de9e1e0c394a: 66 datasets; 1.6 s; peak memory 1378 MiB.
2026-09-19T17:12:17Z INFO [347/350] 08953f97-0ffd-40a4-8506-00d76f981abd: 48 datasets; 1.2 s; peak memory 1378 MiB.
2026-09-19T17:12:18Z INFO [348/350] 089632d7-9fa1-421f-bca3-0a9b65220580: 117 datasets; 1.4 s; peak memory 1378 MiB.
2026-09-19T17:12:20Z INFO [349/350] 0897192f-8423-48c4-8e42-32c045d17606: 112 datasets; 1.5 s; peak memory 1378 MiB.
2026-09-19T17:12:25Z INFO [350/350] 089818f0-fe37-459d-aadb-29647ad67fb7: 225 datasets; 5.5 s; peak memory 1378 MiB.
2026-09-19T17:12:25Z INFO [350/350] 089818f0-fe37-459d-aadb-29647ad67fb7: checkpointed 50993 records.
2026-09-19T17:12:25Z INFO Wrote 50993 records to /tmp/derivatives/valid_nwb_file_to_number_of_datasets.jsonl (350 new, 0 failed) in 87.2 min (peak memory 1378 MiB).
