2026-10-07T22:54:19Z INFO Logging to /tmp/logs/update_2026-10-07T22-54-19Z.log.
2026-10-07T22:54:19Z INFO Update valid-nwb-file-to-number-of-datasets (base directory /tmp).
2026-10-07T22:54:19Z INFO Processing 750 items (95085 already recorded).
2026-10-07T22:54:21Z INFO [1/750] 63de1c6c-a72c-4b9f-8363-550cc86f8c02: 48 datasets; 1.7 s; peak memory 111 MiB.
2026-10-07T22:54:23Z INFO [2/750] 63dea9d4-7e0f-49f6-aaad-d8837375d267: 64 datasets; 2.3 s; peak memory 113 MiB.
2026-10-07T22:54:25Z INFO [3/750] 63dec835-cd47-4a7a-910d-41ff90b896b2: 112 datasets; 2.0 s; peak memory 116 MiB.
2026-10-07T22:54:27Z INFO [4/750] 63dee178-94e6-41ea-9afd-f84253e97053: 57 datasets; 1.2 s; peak memory 117 MiB.
2026-10-07T22:54:35Z INFO [5/750] 63df65a0-fe08-4558-adc5-00d3828d7e07: 537 datasets; 8.3 s; peak memory 127 MiB.
2026-10-07T22:54:49Z INFO [6/750] 63e02cb9-a2fc-4bf0-bf4c-e3c37bbaa4b7: 1036 datasets; 14.4 s; peak memory 149 MiB.
2026-10-07T22:54:51Z INFO [7/750] 63e24676-4fc8-49b5-b48c-37be5fccf512: 48 datasets; 1.3 s; peak memory 149 MiB.
2026-10-07T22:54:58Z INFO [8/750] 63e2e48d-4330-4618-bda6-e84f5067d868: 538 datasets; 7.5 s; peak memory 149 MiB.
2026-10-07T22:55:00Z INFO [9/750] 63e2e821-2104-4fcd-9388-42c6bc6f24d6: 112 datasets; 1.9 s; peak memory 149 MiB.
2026-10-07T22:55:02Z INFO [10/750] 63e4ae54-b0de-4265-924e-977100c9a010: 289 datasets; 2.0 s; peak memory 149 MiB.
2026-10-07T22:55:04Z INFO [11/750] 63e51828-cc5c-42be-897a-88efe19a770c: 71 datasets; 2.3 s; peak memory 149 MiB.
2026-10-07T22:55:18Z INFO [12/750] 63e6af1c-54c4-430d-bedd-d46b57b618f0: 665 datasets; 13.5 s; peak memory 155 MiB.
2026-10-07T22:55:19Z INFO [13/750] 63e7b347-6b99-42b2-9ca0-ae3ea1806d9d: 48 datasets; 1.3 s; peak memory 155 MiB.
2026-10-07T22:55:21Z INFO [14/750] 63e7f9ce-f02b-49b7-93d5-03df2593ed50: 118 datasets; 1.4 s; peak memory 156 MiB.
2026-10-07T22:55:23Z INFO [15/750] 63e85c69-3a82-4ecc-b377-f059b6db785e: 38 datasets; 2.2 s; peak memory 156 MiB.
2026-10-07T22:55:24Z INFO [16/750] 63e87c12-4e9a-4b3d-95ce-88fbb80ffdb4: 48 datasets; 1.4 s; peak memory 156 MiB.
2026-10-07T22:55:25Z INFO [17/750] 63e8dbbf-2073-45d3-933a-02c64739a7d6: 48 datasets; 1.2 s; peak memory 156 MiB.
2026-10-07T22:55:28Z INFO [18/750] 63e8de9b-fc56-42c2-82fb-0c5e72e67e17: 51 datasets; 2.5 s; peak memory 157 MiB.
2026-10-07T22:55:29Z INFO [19/750] 63e9971d-5f01-4462-bfa8-deed566036f9: 110 datasets; 1.6 s; peak memory 157 MiB.
2026-10-07T22:55:31Z INFO [20/750] 63ea6ee9-4abe-4f16-abdc-87e0d99bd869: 84 datasets; 1.9 s; peak memory 157 MiB.
2026-10-07T22:55:36Z INFO [21/750] 63ea8637-aeb9-4f41-937c-c4c24d6be088: 111 datasets; 4.7 s; peak memory 157 MiB.
2026-10-07T22:55:37Z INFO [22/750] 63eb5019-b478-4cbb-a7f4-fcdaa0cf200a: 48 datasets; 1.4 s; peak memory 157 MiB.
2026-10-07T22:55:41Z INFO [23/750] 63eb8f49-4969-4f93-a7e2-17acfabdb871: 156 datasets; 3.4 s; peak memory 157 MiB.
2026-10-07T22:55:42Z INFO [24/750] 63ec5dae-8cc5-4007-9308-db4c686847ee: 48 datasets; 1.2 s; peak memory 157 MiB.
2026-10-07T22:55:56Z INFO [25/750] 63edd9fb-6c3e-4ac8-8ecc-c31d3aac619b: 578 datasets; 13.9 s; peak memory 157 MiB.
2026-10-07T22:55:57Z INFO [26/750] 63efe479-eb4d-42a7-8f92-fc30ec5bb214: 117 datasets; 1.6 s; peak memory 157 MiB.
2026-10-07T22:55:59Z INFO [27/750] 63f02654-4e0d-436d-9bc8-7e52f1bbb877: 48 datasets; 1.3 s; peak memory 157 MiB.
2026-10-07T22:56:00Z INFO [28/750] 63f0386f-595e-485b-9168-c46396e435e2: 48 datasets; 1.3 s; peak memory 157 MiB.
2026-10-07T22:56:01Z INFO [29/750] 63f05d81-4169-400c-8bdd-f31932b9f1b5: 48 datasets; 1.4 s; peak memory 157 MiB.
2026-10-07T22:56:03Z INFO [30/750] 63f067bb-35c0-4652-8885-e41a6688994c: 66 datasets; 1.5 s; peak memory 157 MiB.
2026-10-07T22:56:04Z INFO [31/750] 63f0c571-fc1d-440a-ad4e-ef4707ac3ce2: 41 datasets; 1.2 s; peak memory 157 MiB.
2026-10-07T22:56:06Z INFO [32/750] 63f17ff9-e300-4af0-a383-cfe5d36ea0d6: 71 datasets; 2.2 s; peak memory 157 MiB.
2026-10-07T22:56:08Z INFO [33/750] 63f1873c-d40f-4089-a0f9-ad31afc6c785: 48 datasets; 1.3 s; peak memory 157 MiB.
2026-10-07T22:56:09Z INFO [34/750] 63f285ad-d9f1-4919-bd2d-8894e5b01612: 112 datasets; 1.7 s; peak memory 157 MiB.
2026-10-07T22:56:21Z INFO [35/750] 63f2a911-aede-4edc-bd03-0bd97dfc40e2: 1270 datasets; 11.7 s; peak memory 157 MiB.
2026-10-07T22:56:22Z INFO [36/750] 63f38238-e9e5-4b57-baeb-3bcbe5891f63: 48 datasets; 1.2 s; peak memory 157 MiB.
2026-10-07T22:56:31Z INFO [37/750] 63f3acfc-9c8e-4760-ab9b-daaa1349cd73: 2375 datasets; 9.1 s; peak memory 157 MiB.
2026-10-07T22:56:33Z INFO [38/750] 63f3b074-7938-4603-a232-676daf401301: 69 datasets; 1.5 s; peak memory 157 MiB.
2026-10-07T22:56:40Z INFO [39/750] 63f5403f-c508-4e1a-84b2-0063e50d4151: 541 datasets; 7.6 s; peak memory 157 MiB.
2026-10-07T22:56:43Z INFO [40/750] 63f65bdd-acc6-4568-9ee1-9103a77a0924: 115 datasets; 3.0 s; peak memory 157 MiB.
2026-10-07T22:56:45Z INFO [41/750] 63f6a1da-c360-4ec9-9496-29ecba1866e3: 48 datasets; 1.3 s; peak memory 157 MiB.
2026-10-07T22:56:46Z INFO [42/750] 63f7629c-cc60-432f-8949-572490db44ff: 117 datasets; 1.4 s; peak memory 157 MiB.
2026-10-07T22:56:48Z INFO [43/750] 63f79eac-7529-4c07-b012-fb0ad300d55f: 111 datasets; 2.1 s; peak memory 157 MiB.
2026-10-07T22:56:50Z INFO [44/750] 63f84489-7676-485f-9641-4c9787413aa1: 74 datasets; 1.7 s; peak memory 157 MiB.
2026-10-07T22:56:52Z INFO [45/750] 63f948c4-b80f-4d05-b24b-74d8bdfe8cc7: 112 datasets; 1.8 s; peak memory 157 MiB.
2026-10-07T22:56:54Z INFO [46/750] 63f959d5-b574-435f-a4cc-216b0b9dfdc6: 59 datasets; 1.8 s; peak memory 157 MiB.
2026-10-07T22:56:56Z INFO [47/750] 63f9f83c-a3e7-46c8-afb9-2025a65e8f90: 110 datasets; 2.3 s; peak memory 157 MiB.
2026-10-07T22:56:58Z INFO [48/750] 63fc2dcd-bb89-43f9-a916-4c010186d618: 66 datasets; 2.1 s; peak memory 157 MiB.
2026-10-07T22:59:37Z INFO [49/750] 63fc53a3-162a-4af7-a3a6-6fab5c171cf4: 433 datasets; 158.8 s; peak memory 301 MiB.
2026-10-07T22:59:39Z INFO [50/750] 63fd22e4-d8f8-4566-b94b-0489d2b5aaa9: 83 datasets; 2.0 s; peak memory 301 MiB.
2026-10-07T22:59:39Z INFO [50/750] 63fd22e4-d8f8-4566-b94b-0489d2b5aaa9: checkpointed 95135 records.
2026-10-07T22:59:41Z INFO [51/750] 63fd3bce-72ff-41ab-926b-c4eca228ea34: 66 datasets; 2.0 s; peak memory 301 MiB.
2026-10-07T22:59:43Z INFO [52/750] 63fd7f40-ddd5-4bbd-8758-43d5431dd7ed: 71 datasets; 2.0 s; peak memory 301 MiB.
2026-10-07T23:02:36Z INFO [53/750] 63fdba9e-c206-4a4a-b7fc-7379dc60b8a5: 413 datasets; 172.9 s; peak memory 308 MiB.
2026-10-07T23:02:37Z INFO [54/750] 63fdfd0c-5f8f-4beb-a183-a93a4d5c0088: 117 datasets; 1.7 s; peak memory 308 MiB.
2026-10-07T23:02:39Z INFO [55/750] 63feda6f-8bde-4c66-b4b5-d4c597e12bc7: 45 datasets; 1.5 s; peak memory 308 MiB.
2026-10-07T23:02:40Z INFO [56/750] 63ff1416-3c27-42db-a43e-c5387aa742b3: 48 datasets; 1.4 s; peak memory 308 MiB.
2026-10-07T23:02:41Z INFO [57/750] 63ff8c8c-b077-4a9d-ac90-0a02f871f4f4: 51 datasets; 1.1 s; peak memory 308 MiB.
2026-10-07T23:02:42Z INFO [58/750] 63ffc4cf-3a9c-4277-a9ac-9f9fce985c9c: 45 datasets; 1.0 s; peak memory 308 MiB.
2026-10-07T23:02:44Z INFO [59/750] 63fff159-0c10-4e23-a11e-73c0b075cab7: 69 datasets; 1.5 s; peak memory 308 MiB.
2026-10-07T23:02:46Z INFO [60/750] 6402f0d3-5cad-418f-b9a7-4c23ab56302e: 71 datasets; 2.3 s; peak memory 308 MiB.
2026-10-07T23:02:48Z INFO [61/750] 6403558b-da61-4d94-9ae0-d6710c4e34e3: 52 datasets; 1.4 s; peak memory 308 MiB.
2026-10-07T23:02:49Z INFO [62/750] 64048cc4-dbeb-4fe4-a98b-f198642eff32: 112 datasets; 1.8 s; peak memory 308 MiB.
2026-10-07T23:02:51Z INFO [63/750] 6404ee8d-b821-4b6f-8676-5642cc7da523: 70 datasets; 1.9 s; peak memory 308 MiB.
2026-10-07T23:02:53Z INFO [64/750] 64050823-96dc-46f0-9202-8f398ae1aef4: 48 datasets; 1.2 s; peak memory 308 MiB.
2026-10-07T23:02:54Z INFO [65/750] 640569af-0229-4809-9786-85c1b9c1fcbd: 48 datasets; 1.3 s; peak memory 308 MiB.
2026-10-07T23:02:55Z INFO [66/750] 6405a94e-48ed-4550-8a03-c39a0cea65d8: 48 datasets; 1.2 s; peak memory 308 MiB.
2026-10-07T23:03:01Z INFO [67/750] 640660d9-88e0-4cb8-9dfd-a92d123c2daa: 229 datasets; 5.8 s; peak memory 308 MiB.
2026-10-07T23:03:02Z INFO [68/750] 6406ce61-33db-4bc8-a9b9-81158d746907: 37 datasets; 1.1 s; peak memory 308 MiB.
2026-10-07T23:03:03Z INFO [69/750] 64073223-a29a-447c-971d-34c58f5e690b: 117 datasets; 1.5 s; peak memory 308 MiB.
2026-10-07T23:03:05Z INFO [70/750] 64074793-ce8d-4870-84aa-a72bd3218b48: 48 datasets; 1.3 s; peak memory 308 MiB.
2026-10-07T23:03:07Z INFO [71/750] 640781ee-fb81-4ad1-abd8-60b4b9723509: 71 datasets; 2.6 s; peak memory 308 MiB.
2026-10-07T23:03:09Z INFO [72/750] 6407c5ca-a134-4a07-94d2-1ae67f78edc9: 112 datasets; 2.0 s; peak memory 308 MiB.
2026-10-07T23:03:11Z INFO [73/750] 6407e8d4-8936-4f6f-a8c8-150fb1acf988: 66 datasets; 1.7 s; peak memory 308 MiB.
2026-10-07T23:03:48Z INFO [74/750] 64080cea-d21d-40fe-bd62-88e58eb8cca9: 1173 datasets; 36.7 s; peak memory 308 MiB.
2026-10-07T23:03:49Z INFO [75/750] 64082e62-a5a6-4104-9d85-1ffd6adf75d3: 117 datasets; 1.3 s; peak memory 308 MiB.
2026-10-07T23:03:55Z INFO [76/750] 6408a8c9-aadc-4aa6-a772-f4efae31ca93: 296 datasets; 6.0 s; peak memory 308 MiB.
2026-10-07T23:03:56Z INFO [77/750] 6408b335-f496-4ea0-8405-29775612444b: 48 datasets; 1.3 s; peak memory 308 MiB.
2026-10-07T23:03:58Z INFO [78/750] 6408ba99-cfd3-40f9-b14a-94e7ef431d27: 48 datasets; 1.3 s; peak memory 308 MiB.
2026-10-07T23:03:59Z INFO [79/750] 6409ff57-694c-41e9-bbfc-c25bdd54277b: 116 datasets; 1.5 s; peak memory 308 MiB.
2026-10-07T23:04:01Z INFO [80/750] 640a720a-ea74-41f5-ba0c-fe3ea933d732: 69 datasets; 2.1 s; peak memory 308 MiB.
2026-10-07T23:04:03Z INFO [81/750] 640a7901-c82b-47ee-9b49-3cc0aea127b3: 48 datasets; 1.3 s; peak memory 308 MiB.
2026-10-07T23:04:04Z INFO [82/750] 640abc1d-4901-44f1-bc41-5ff0b0215dbf: 48 datasets; 1.3 s; peak memory 308 MiB.
2026-10-07T23:04:07Z INFO [83/750] 640acb41-aa91-49e3-b12d-8235d3895806: 38 datasets; 3.0 s; peak memory 308 MiB.
2026-10-07T23:04:10Z INFO [84/750] 640ae1a5-a4eb-4cbf-a7e7-842e9ba3fd55: 118 datasets; 2.6 s; peak memory 308 MiB.
2026-10-07T23:04:11Z INFO [85/750] 640bc5a9-b960-4201-8436-498d83e5a8bd: 48 datasets; 1.4 s; peak memory 308 MiB.
2026-10-07T23:04:12Z INFO [86/750] 640c3872-7035-4cec-8b92-722a2e833b43: 46 datasets; 0.9 s; peak memory 308 MiB.
2026-10-07T23:04:13Z INFO [87/750] 640d769c-8f86-4d60-964b-e9f5f8259d65: 48 datasets; 1.1 s; peak memory 308 MiB.
2026-10-07T23:04:15Z INFO [88/750] 640d85fb-c8ed-4090-9448-a8eee446f360: 116 datasets; 1.6 s; peak memory 308 MiB.
2026-10-07T23:04:17Z INFO [89/750] 640d88ce-572a-420c-a30a-765cc474a19a: 69 datasets; 1.9 s; peak memory 308 MiB.
2026-10-07T23:04:18Z INFO [90/750] 640dab29-26e9-4013-85b8-409e573fbaf4: 66 datasets; 1.7 s; peak memory 308 MiB.
2026-10-07T23:04:20Z INFO [91/750] 640ded9e-c759-408f-a7ab-a62b730e03cf: 117 datasets; 1.5 s; peak memory 308 MiB.
2026-10-07T23:04:22Z INFO [92/750] 640e2ec8-2271-4f55-98e7-147220c9cb33: 90 datasets; 2.8 s; peak memory 308 MiB.
2026-10-07T23:04:24Z INFO [93/750] 640f498b-a654-4ade-8c73-7e9e21d6f8b8: 116 datasets; 1.6 s; peak memory 308 MiB.
2026-10-07T23:04:25Z INFO [94/750] 640f6b84-2d6f-41f3-94c2-2c6d195a08c7: 48 datasets; 1.3 s; peak memory 308 MiB.
2026-10-07T23:04:27Z INFO [95/750] 640f9866-3702-4dd5-b968-554950c2f4b2: 48 datasets; 1.4 s; peak memory 308 MiB.
2026-10-07T23:04:28Z INFO [96/750] 640fc595-f6c2-4e45-bc43-cd9c6ad4a274: 46 datasets; 0.9 s; peak memory 308 MiB.
2026-10-07T23:04:29Z INFO [97/750] 64108834-8d28-4678-80df-85f764b87c63: 38 datasets; 1.2 s; peak memory 308 MiB.
2026-10-07T23:04:30Z INFO [98/750] 64110909-3cd6-4804-9abd-34b2befcdd40: 56 datasets; 1.1 s; peak memory 308 MiB.
2026-10-07T23:04:31Z INFO [99/750] 64117fc5-6a0f-4f08-8e13-183da142c660: 48 datasets; 1.4 s; peak memory 308 MiB.
2026-10-07T23:04:33Z INFO [100/750] 6411e3c4-4347-4720-8736-2a0b816a5544: 85 datasets; 1.6 s; peak memory 308 MiB.
2026-10-07T23:04:33Z INFO [100/750] 6411e3c4-4347-4720-8736-2a0b816a5544: checkpointed 95185 records.
2026-10-07T23:04:34Z INFO [101/750] 641260d1-beec-4cbb-baf3-63dba2f6bc41: 48 datasets; 1.2 s; peak memory 308 MiB.
2026-10-07T23:04:36Z INFO [102/750] 64129ae3-e69d-46b3-858b-aa2661320658: 48 datasets; 1.4 s; peak memory 308 MiB.
2026-10-07T23:04:37Z INFO [103/750] 64136f9b-0b9a-49db-ae72-a9e4096555c4: 118 datasets; 1.5 s; peak memory 308 MiB.
2026-10-07T23:05:26Z INFO [104/750] 6413cc30-4c6a-4615-b5a8-9a0c4171f76b: 2906 datasets; 49.2 s; peak memory 308 MiB.
2026-10-07T23:05:28Z INFO [105/750] 64149434-0dda-4a10-921a-7423e886eb25: 46 datasets; 1.2 s; peak memory 308 MiB.
2026-10-07T23:05:48Z INFO [106/750] 6415c5c8-951d-4211-a32e-df3b46bfc3a1: 934 datasets; 20.3 s; peak memory 308 MiB.
2026-10-07T23:05:51Z INFO [107/750] 6415f15b-2006-4046-bb14-19a875a67e2c: 82 datasets; 2.8 s; peak memory 308 MiB.
2026-10-07T23:05:52Z INFO [108/750] 641852b9-cc75-4c77-ab88-cccfd17d3110: 112 datasets; 1.6 s; peak memory 308 MiB.
2026-10-07T23:05:54Z INFO [109/750] 6419e39f-36a4-4f6d-8af4-69f598d693bd: 117 datasets; 1.5 s; peak memory 308 MiB.
2026-10-07T23:05:55Z INFO [110/750] 641b4a1b-e387-4516-aee8-28ce0f51ed87: 39 datasets; 1.4 s; peak memory 308 MiB.
2026-10-07T23:06:03Z INFO [111/750] 641b9d32-19d2-485a-81fb-b83deb677860: 257 datasets; 7.8 s; peak memory 308 MiB.
2026-10-07T23:06:04Z INFO [112/750] 641ba83c-b30e-4566-86ce-f8fe1c9a43da: 48 datasets; 1.3 s; peak memory 308 MiB.
2026-10-07T23:06:06Z INFO [113/750] 641c08e7-f1b8-490d-a749-01f30b65a71a: 113 datasets; 1.8 s; peak memory 308 MiB.
2026-10-07T23:06:17Z INFO [114/750] 641d0348-0d75-420d-a6d1-acbf3d5438d5: 391 datasets; 11.1 s; peak memory 308 MiB.
2026-10-07T23:06:19Z INFO [115/750] 641d4a0c-e417-4ed2-95a7-5dcfe4df9bf2: 117 datasets; 1.5 s; peak memory 308 MiB.
2026-10-07T23:06:21Z INFO [116/750] 641e0b08-3c53-4979-9716-dcca6e16a20b: 48 datasets; 1.9 s; peak memory 308 MiB.
2026-10-07T23:06:24Z INFO [117/750] 641f128e-aac5-4b1a-879c-ab9520bfdcd5: 71 datasets; 3.1 s; peak memory 308 MiB.
2026-10-07T23:06:25Z INFO [118/750] 641f2948-e1b4-4e2b-8301-03c686de0168: 48 datasets; 1.2 s; peak memory 308 MiB.
2026-10-07T23:06:26Z INFO [119/750] 641f4a81-9d9a-4cdc-b7e4-4635d1ed0eea: 117 datasets; 1.4 s; peak memory 308 MiB.
2026-10-07T23:06:28Z INFO [120/750] 641f6bde-fd78-4740-b235-1cbb81512692: 69 datasets; 1.6 s; peak memory 308 MiB.
2026-10-07T23:07:09Z INFO [121/750] 641fe82b-b773-44a2-b09f-d508dde635c6: 36 datasets; 41.3 s; peak memory 308 MiB.
2026-10-07T23:07:11Z INFO [122/750] 64217900-775a-4c1e-9b4f-7e51ab081d19: 116 datasets; 1.6 s; peak memory 308 MiB.
2026-10-07T23:07:13Z INFO [123/750] 64232218-8756-4dc9-9fbc-5eb32c0128c1: 71 datasets; 2.5 s; peak memory 308 MiB.
2026-10-07T23:07:15Z INFO [124/750] 6423a329-62fb-4c57-94b5-62f51aa73baf: 76 datasets; 1.2 s; peak memory 308 MiB.
2026-10-07T23:07:16Z INFO [125/750] 64241b54-6111-4811-898d-5d006a86a523: 117 datasets; 1.5 s; peak memory 308 MiB.
2026-10-07T23:07:17Z INFO [126/750] 642449ee-95a3-495e-a757-f81e15f1007a: 35 datasets; 1.1 s; peak memory 308 MiB.
2026-10-07T23:07:19Z INFO [127/750] 6424500a-3ed1-4431-a550-c83001aa573e: 48 datasets; 1.4 s; peak memory 308 MiB.
2026-10-07T23:07:21Z INFO [128/750] 64246ccd-fe3f-4a06-9c5d-01ed6f9b9765: 74 datasets; 2.0 s; peak memory 308 MiB.
2026-10-07T23:07:22Z INFO [129/750] 6424d6ef-1d92-40c2-ad00-1801b07e3c4e: 69 datasets; 1.8 s; peak memory 308 MiB.
2026-10-07T23:07:24Z INFO [130/750] 6424f578-4701-43d5-b067-98bbeb53ebb4: 64 datasets; 1.6 s; peak memory 308 MiB.
2026-10-07T23:07:27Z INFO [131/750] 64252455-aa80-407d-b1fd-abdbc7f9c695: 90 datasets; 2.9 s; peak memory 308 MiB.
2026-10-07T23:07:28Z INFO [132/750] 64274abd-f366-471d-90e9-524623c9d261: 48 datasets; 1.4 s; peak memory 308 MiB.
2026-10-07T23:07:30Z INFO [133/750] 6427a8d0-5099-41c1-b5ee-844d6a48c9d7: 112 datasets; 1.8 s; peak memory 308 MiB.
2026-10-07T23:07:32Z INFO [134/750] 6427b1c2-7a71-4a69-8d8e-0d61a9efdd9e: 112 datasets; 2.2 s; peak memory 308 MiB.
2026-10-07T23:07:34Z INFO [135/750] 6428445c-ce94-4565-adc2-aae34f3dd21f: 48 datasets; 1.3 s; peak memory 308 MiB.
2026-10-07T23:07:35Z INFO [136/750] 6428827d-58e6-49a2-9fb2-b0f6bf350f57: 117 datasets; 1.3 s; peak memory 308 MiB.
2026-10-07T23:07:45Z INFO [137/750] 6428c767-7c10-4d0d-9bab-40c883c6da57: 583 datasets; 10.4 s; peak memory 308 MiB.
2026-10-07T23:07:48Z INFO [138/750] 6428e85a-f0b2-49a9-a3cc-fc4525310dae: 38 datasets; 2.6 s; peak memory 308 MiB.
2026-10-07T23:07:50Z INFO [139/750] 642b6118-2c62-4d52-8345-3b1e634803e8: 49 datasets; 1.8 s; peak memory 308 MiB.
2026-10-07T23:07:51Z INFO [140/750] 642eb261-d08a-4cda-b002-eb07c202da87: 84 datasets; 1.3 s; peak memory 308 MiB.
2026-10-07T23:07:52Z INFO [141/750] 642efb05-76f3-4fe3-b9cd-82c500f8929f: 41 datasets; 1.4 s; peak memory 308 MiB.
2026-10-07T23:07:54Z INFO [142/750] 642f4ab8-d2d5-4372-93c1-ff1e2ef84413: 71 datasets; 1.9 s; peak memory 308 MiB.
2026-10-07T23:08:01Z INFO [143/750] 642f54e5-c5a0-4ebb-8c54-0f5ddc9bccf9: 461 datasets; 7.1 s; peak memory 308 MiB.
2026-10-07T23:08:03Z INFO [144/750] 642fab01-084e-435f-8c2a-867d1dc81741: 66 datasets; 1.8 s; peak memory 308 MiB.
2026-10-07T23:08:12Z INFO [145/750] 64307e4a-96a4-453c-b988-fe45c272428c: 56 datasets; 8.6 s; peak memory 308 MiB.
2026-10-07T23:08:13Z INFO [146/750] 643083c7-eeb1-421b-882c-a7ea5b51aadf: 117 datasets; 1.5 s; peak memory 308 MiB.
2026-10-07T23:08:18Z INFO [147/750] 6431256f-91d6-4aff-bc9d-84808e248dde: 460 datasets; 5.0 s; peak memory 308 MiB.
2026-10-07T23:08:21Z INFO [148/750] 64316afd-8a5d-4872-9dc9-c98ba1b0ceb2: 71 datasets; 2.3 s; peak memory 308 MiB.
2026-10-07T23:08:22Z INFO [149/750] 64330ccd-17a5-45c9-b9a1-1a006c8a484b: 117 datasets; 1.5 s; peak memory 308 MiB.
2026-10-07T23:08:24Z INFO [150/750] 6433c443-2cde-4442-bee6-bb7ecbc1413b: 118 datasets; 1.6 s; peak memory 308 MiB.
2026-10-07T23:08:24Z INFO [150/750] 6433c443-2cde-4442-bee6-bb7ecbc1413b: checkpointed 95235 records.
2026-10-07T23:08:25Z INFO [151/750] 6433ff6a-fad1-4803-812a-7fbc221fac55: 48 datasets; 1.2 s; peak memory 308 MiB.
2026-10-07T23:10:46Z INFO [152/750] 6434261c-4ab6-4dfd-aaa5-9d969b3fb3dd: 260 datasets; 140.8 s; peak memory 308 MiB.
2026-10-07T23:10:47Z INFO [153/750] 6434e320-2025-4804-a8f6-e0a5ff79805e: 48 datasets; 1.4 s; peak memory 308 MiB.
2026-10-07T23:10:51Z INFO [154/750] 6435262a-a629-461a-af8d-35b3922f2052: 156 datasets; 3.9 s; peak memory 308 MiB.
2026-10-07T23:10:53Z INFO [155/750] 64356626-8dac-48c1-808c-518b509199e0: 117 datasets; 1.5 s; peak memory 308 MiB.
2026-10-07T23:10:54Z INFO [156/750] 643575da-3864-45ae-ac20-1844efe9e12b: 106 datasets; 1.5 s; peak memory 308 MiB.
2026-10-07T23:10:56Z INFO [157/750] 643596fe-7b4a-4495-bef9-fefcf3da8a36: 62 datasets; 1.8 s; peak memory 308 MiB.
2026-10-07T23:10:57Z INFO [158/750] 6437a1af-48e4-40df-9f05-1951924748f5: 46 datasets; 1.3 s; peak memory 308 MiB.
2026-10-07T23:10:59Z INFO [159/750] 6437e2c8-d270-40a9-ab43-9e308c452aba: 117 datasets; 1.5 s; peak memory 308 MiB.
2026-10-07T23:11:00Z INFO [160/750] 6437f5e2-ab2b-47a4-9b5d-043f7727b70c: 92 datasets; 1.6 s; peak memory 308 MiB.
2026-10-07T23:11:18Z INFO [161/750] 64389356-ed28-4b5c-bec7-d4215eaaa743: 49 datasets; 17.6 s; peak memory 308 MiB.
2026-10-07T23:11:21Z INFO [162/750] 64391200-512d-4728-9da9-c69be3f35a43: 119 datasets; 3.0 s; peak memory 308 MiB.
2026-10-07T23:11:23Z INFO [163/750] 6439a54d-384d-4d21-af08-2a7902e20fd7: 84 datasets; 1.6 s; peak memory 308 MiB.
2026-10-07T23:11:24Z INFO [164/750] 643abc37-fd02-41a6-8ea4-60328b4480dc: 70 datasets; 1.8 s; peak memory 308 MiB.
2026-10-07T23:11:26Z INFO [165/750] 643ba236-4f7f-470a-82df-4bd0db2b0f31: 48 datasets; 1.4 s; peak memory 308 MiB.
2026-10-07T23:11:27Z INFO [166/750] 643bb4c8-cc5b-4bc8-9128-37f93957cda4: 54 datasets; 1.3 s; peak memory 308 MiB.
2026-10-07T23:11:28Z INFO [167/750] 643bd091-793f-4ed7-9724-2486f0835625: 48 datasets; 1.4 s; peak memory 308 MiB.
2026-10-07T23:11:31Z INFO [168/750] 643c147a-9764-4d05-878c-a495fc13a136: 90 datasets; 2.6 s; peak memory 308 MiB.
2026-10-07T23:11:32Z INFO [169/750] 643c25bf-867e-4437-8a0f-c8c971c08ccb: 52 datasets; 1.3 s; peak memory 308 MiB.
2026-10-07T23:11:34Z INFO [170/750] 643c7929-88a0-4ff6-8999-8c1719db62cd: 101 datasets; 2.0 s; peak memory 308 MiB.
2026-10-07T23:11:36Z INFO [171/750] 643caf8d-898b-4b07-ba59-41496c20b792: 57 datasets; 2.2 s; peak memory 308 MiB.
2026-10-07T23:11:38Z INFO [172/750] 643d7c3b-3d28-4edc-ad06-f8a99dfe304e: 52 datasets; 1.4 s; peak memory 308 MiB.
2026-10-07T23:11:40Z INFO [173/750] 643e32a4-43fd-42be-8dd1-497b14f37f7b: 110 datasets; 1.8 s; peak memory 308 MiB.
2026-10-07T23:11:42Z INFO [174/750] 643e3bdd-eb53-4f9f-83c3-9bff83f606c0: 62 datasets; 2.0 s; peak memory 308 MiB.
2026-10-07T23:11:43Z INFO [175/750] 643faea4-032b-479b-a738-80d100166d69: 48 datasets; 1.3 s; peak memory 308 MiB.
2026-10-07T23:11:44Z INFO [176/750] 643fde9d-6685-4712-ab13-4f6ea8d36d62: 48 datasets; 1.4 s; peak memory 308 MiB.
2026-10-07T23:11:47Z INFO [177/750] 6440410e-3c29-4709-b3ef-f8fe0d5b270d: 409 datasets; 2.6 s; peak memory 308 MiB.
2026-10-07T23:11:49Z INFO [178/750] 6440c085-f193-427e-908d-2ec15263b933: 46 datasets; 1.7 s; peak memory 308 MiB.
2026-10-07T23:11:50Z INFO [179/750] 64418abd-3125-4bde-b14a-1bfa17192a33: 112 datasets; 1.8 s; peak memory 308 MiB.
2026-10-07T23:11:52Z INFO [180/750] 6441e296-8419-468b-b726-2c6557d3a30d: 37 datasets; 1.1 s; peak memory 308 MiB.
2026-10-07T23:12:49Z INFO [181/750] 644210b7-2273-4199-9237-385f868867dc: 1041 datasets; 57.4 s; peak memory 308 MiB.
2026-10-07T23:12:52Z INFO [182/750] 644229ec-0d49-4caa-a09b-8298ef0a259b: 115 datasets; 3.5 s; peak memory 308 MiB.
2026-10-07T23:12:54Z INFO [183/750] 64437c8f-bfea-49a8-8a90-2960fe056c11: 113 datasets; 2.0 s; peak memory 308 MiB.
2026-10-07T23:12:56Z INFO [184/750] 6443816e-2391-4cef-9b91-eeb1188c2b0f: 79 datasets; 1.7 s; peak memory 308 MiB.
2026-10-07T23:12:57Z INFO [185/750] 64457b4b-e534-407f-972a-2cad9828eac3: 48 datasets; 1.2 s; peak memory 308 MiB.
2026-10-07T23:12:59Z INFO [186/750] 6445e11d-99ea-473d-b9bf-eb9950d92d71: 66 datasets; 1.9 s; peak memory 308 MiB.
2026-10-07T23:13:01Z INFO [187/750] 6446784c-3246-475d-9b4d-a4444ea326b4: 153 datasets; 1.7 s; peak memory 308 MiB.
2026-10-07T23:15:24Z INFO [188/750] 64473e0b-77c3-485b-b720-ec193f7e04ff: 394 datasets; 142.6 s; peak memory 308 MiB.
2026-10-07T23:15:26Z INFO [189/750] 6447a5b0-b15c-45e9-bfcf-42fd9fd67c2d: 102 datasets; 2.2 s; peak memory 308 MiB.
2026-10-07T23:15:40Z INFO [190/750] 64482c7f-6fda-4293-b46d-d8497f18fa8b: 984 datasets; 14.4 s; peak memory 308 MiB.
2026-10-07T23:15:42Z INFO [191/750] 644854cb-41fe-4ed0-b896-55ead389b3aa: 66 datasets; 1.9 s; peak memory 308 MiB.
2026-10-07T23:15:44Z INFO [192/750] 64489b3e-d0ad-4af4-a02e-df6e81f0de14: 118 datasets; 1.4 s; peak memory 308 MiB.
2026-10-07T23:15:45Z INFO [193/750] 6448ea7b-ef10-4782-aef8-33ae4262a097: 42 datasets; 1.5 s; peak memory 308 MiB.
2026-10-07T23:15:46Z INFO [194/750] 6449ac52-d6e2-4fc1-9708-908b047ee6a3: 54 datasets; 1.0 s; peak memory 308 MiB.
2026-10-07T23:15:47Z INFO [195/750] 644a4c17-99f1-4d8d-b7f2-2abcd6c0adab: 48 datasets; 1.2 s; peak memory 308 MiB.
2026-10-07T23:15:49Z INFO [196/750] 644b9e27-771f-4366-8f5d-f8cf50d915f0: 69 datasets; 1.6 s; peak memory 308 MiB.
2026-10-07T23:15:56Z INFO [197/750] 644ba49d-13e8-4f9c-840c-b88bf7a99dc0: 442 datasets; 7.0 s; peak memory 308 MiB.
2026-10-07T23:15:58Z INFO [198/750] 644bfea8-3dd3-47a7-b708-39d71f688d02: 275 datasets; 1.8 s; peak memory 308 MiB.
2026-10-07T23:15:59Z INFO [199/750] 644c7e86-fc3e-46d8-b9e9-b465989f6658: 112 datasets; 1.7 s; peak memory 308 MiB.
2026-10-07T23:16:01Z INFO [200/750] 644ccd7d-716d-4a6d-b140-723f7c3cfef8: 48 datasets; 1.2 s; peak memory 308 MiB.
2026-10-07T23:16:01Z INFO [200/750] 644ccd7d-716d-4a6d-b140-723f7c3cfef8: checkpointed 95285 records.
2026-10-07T23:16:04Z INFO [201/750] 644ce46f-216d-421d-bf5b-834fc08ff76c: 114 datasets; 2.9 s; peak memory 308 MiB.
2026-10-07T23:16:28Z INFO [202/750] 644da812-9350-46d7-82fa-0fdea47d338c: 1062 datasets; 24.4 s; peak memory 308 MiB.
2026-10-07T23:16:29Z INFO [203/750] 644e4405-11ca-4703-b4db-6a7a4df8df20: 57 datasets; 1.2 s; peak memory 308 MiB.
2026-10-07T23:16:42Z INFO [204/750] 644e913f-6fdd-4b7b-abea-a189bf1ae90d: 649 datasets; 12.9 s; peak memory 308 MiB.
2026-10-07T23:16:43Z INFO [205/750] 644f5920-949e-40fe-b796-7f620d17a6c4: 39 datasets; 1.3 s; peak memory 308 MiB.
2026-10-07T23:16:45Z INFO [206/750] 644ff90b-81f4-4027-9a6d-413e5e3ce03a: 113 datasets; 1.4 s; peak memory 308 MiB.
2026-10-07T23:16:46Z INFO [207/750] 64511ae7-1a91-4860-86ad-e21755edf5ee: 46 datasets; 1.3 s; peak memory 308 MiB.
2026-10-07T23:16:48Z INFO [208/750] 64513b68-658c-4430-9db1-da6205b4399b: 117 datasets; 1.6 s; peak memory 308 MiB.
2026-10-07T23:16:51Z INFO [209/750] 645150e3-07a7-4f5e-8f81-eec1f0d5d138: 39 datasets; 2.8 s; peak memory 308 MiB.
2026-10-07T23:16:52Z INFO [210/750] 64529c11-87f8-4bf9-8a11-8080d4d008d2: 63 datasets; 1.2 s; peak memory 308 MiB.
2026-10-07T23:16:53Z INFO [211/750] 6453202f-b02e-4a2e-8740-c0a3ce050195: 46 datasets; 1.2 s; peak memory 308 MiB.
2026-10-07T23:16:54Z INFO [212/750] 6453e37c-9285-4b24-9356-ef65c7a44e09: 45 datasets; 1.0 s; peak memory 308 MiB.
2026-10-07T23:16:56Z INFO [213/750] 6453f35f-0efd-4955-a44c-fd9704345017: 110 datasets; 2.1 s; peak memory 308 MiB.
2026-10-07T23:16:57Z INFO [214/750] 6456faa0-ac9a-4f7f-bc6c-310012c22c76: 46 datasets; 0.9 s; peak memory 308 MiB.
2026-10-07T23:16:58Z INFO [215/750] 6457310e-785a-457c-9950-f5f0897b1234: 48 datasets; 1.3 s; peak memory 308 MiB.
2026-10-07T23:16:59Z INFO [216/750] 6457e449-1c7f-4d95-8760-43339ab54328: 56 datasets; 1.0 s; peak memory 308 MiB.
2026-10-07T23:17:14Z INFO [217/750] 6458af20-2504-4a92-9ae5-110cbfc91406: 38 datasets; 15.2 s; peak memory 308 MiB.
2026-10-07T23:17:16Z INFO [218/750] 6459a9e8-4819-4892-affe-cd27fea2ea2e: 42 datasets; 1.2 s; peak memory 308 MiB.
2026-10-07T23:17:17Z INFO [219/750] 6459c720-f355-46de-8494-8a3c449787ae: 116 datasets; 1.4 s; peak memory 308 MiB.
2026-10-07T23:17:18Z INFO [220/750] 6459cec9-d9b1-4fd9-a207-d7a57287ebc3: 46 datasets; 1.1 s; peak memory 308 MiB.
2026-10-07T23:17:21Z INFO [221/750] 645a0808-00ca-4755-98ec-1feb0c22cc9b: 117 datasets; 2.6 s; peak memory 308 MiB.
2026-10-07T23:17:26Z INFO [222/750] 645a2442-2871-4614-98b8-b84cdb110a2f: 419 datasets; 4.9 s; peak memory 308 MiB.
2026-10-07T23:17:27Z INFO [223/750] 645a8d87-5fe6-4f6c-9498-0c210f2537d6: 42 datasets; 1.5 s; peak memory 308 MiB.
2026-10-07T23:17:38Z INFO [224/750] 645aa1d0-335c-4cc1-88af-2c68bd23baa9: 852 datasets; 11.3 s; peak memory 308 MiB.
2026-10-07T23:17:45Z INFO [225/750] 645ae2f1-3530-40ac-a521-5f481917647e: 551 datasets; 6.5 s; peak memory 308 MiB.
2026-10-07T23:17:47Z INFO [226/750] 645b274d-9bb2-4ba8-be3c-07d7f2da850a: 116 datasets; 1.5 s; peak memory 308 MiB.
2026-10-07T23:17:55Z INFO [227/750] 645b61ce-9ca0-4f06-a695-8aab825a0ba5: 297 datasets; 8.5 s; peak memory 308 MiB.
2026-10-07T23:17:56Z INFO [228/750] 645b6634-ac02-4920-97eb-4a2ba314d2c0: 48 datasets; 1.3 s; peak memory 308 MiB.
2026-10-07T23:17:58Z INFO [229/750] 645c932f-34fb-423c-8a63-8b5a31cbd60d: 117 datasets; 1.7 s; peak memory 308 MiB.
2026-10-07T23:18:00Z INFO [230/750] 645d1b1b-d17c-463b-a603-02cf7d913974: 69 datasets; 1.6 s; peak memory 308 MiB.
2026-10-07T23:18:01Z INFO [231/750] 645d4dc4-764d-4c85-91c3-29d49ed98f0e: 142 datasets; 1.7 s; peak memory 308 MiB.
2026-10-07T23:18:04Z INFO [232/750] 645da0d3-5479-4bae-831f-71a217a47880: 38 datasets; 2.6 s; peak memory 308 MiB.
2026-10-07T23:18:07Z INFO [233/750] 645dd120-2d8b-418b-90dc-bccb7f5b7203: 115 datasets; 3.0 s; peak memory 308 MiB.
2026-10-07T23:18:08Z INFO [234/750] 645dd3e0-444a-416c-b875-85ac190179a8: 42 datasets; 1.2 s; peak memory 308 MiB.
2026-10-07T23:18:10Z INFO [235/750] 645de013-ce68-4851-838b-48c97cbc58ca: 117 datasets; 1.7 s; peak memory 308 MiB.
2026-10-07T23:18:11Z INFO [236/750] 645e5011-adcc-49ad-9f83-1b4832cffeb1: 275 datasets; 1.8 s; peak memory 308 MiB.
2026-10-07T23:18:13Z INFO [237/750] 645e6d5d-b96e-4e7b-a5db-25030d3e4b4c: 118 datasets; 1.4 s; peak memory 308 MiB.
2026-10-07T23:18:16Z INFO [238/750] 645eb2da-37b0-40f0-bbc3-ea0dc7036ecd: 114 datasets; 3.3 s; peak memory 308 MiB.
2026-10-07T23:18:17Z INFO [239/750] 645ef676-6d70-4176-960d-c5f1261eb11c: 42 datasets; 1.1 s; peak memory 308 MiB.
2026-10-07T23:18:19Z INFO [240/750] 645f5269-549d-4be6-ad7f-91705067bb77: 48 datasets; 1.3 s; peak memory 308 MiB.
2026-10-07T23:18:21Z INFO [241/750] 645fbbd4-c421-4543-9368-844d1d3a99cf: 70 datasets; 2.0 s; peak memory 308 MiB.
2026-10-07T23:18:22Z INFO [242/750] 6460696b-9e2a-470c-987e-565882edba0b: 66 datasets; 1.7 s; peak memory 308 MiB.
2026-10-07T23:18:45Z INFO [243/750] 64617e07-7482-445a-a20b-59d08ff1ca52: 86 datasets; 23.0 s; peak memory 308 MiB.
2026-10-07T23:18:47Z INFO [244/750] 6461d12e-236b-44cb-912f-85178bf50974: 118 datasets; 1.6 s; peak memory 308 MiB.
2026-10-07T23:18:48Z INFO [245/750] 6463eaa4-e31d-46ae-8f68-fe269d4794cc: 49 datasets; 1.5 s; peak memory 308 MiB.
2026-10-07T23:18:50Z INFO [246/750] 64643b13-05cd-4df0-84d5-9497de36a6e8: 117 datasets; 1.5 s; peak memory 308 MiB.
2026-10-07T23:18:51Z INFO [247/750] 646668bd-bacd-4dbc-bbfc-418fcb7ac6d3: 53 datasets; 1.1 s; peak memory 308 MiB.
2026-10-07T23:18:52Z INFO [248/750] 646678f0-9edb-4849-9f08-b71362db23b7: 56 datasets; 1.0 s; peak memory 308 MiB.
2026-10-07T23:18:53Z INFO [249/750] 6466d136-def5-49dc-a244-1c8c9fd56827: 48 datasets; 1.3 s; peak memory 308 MiB.
2026-10-07T23:18:55Z INFO [250/750] 6467967e-00da-4464-a9da-0f3b934a8737: 48 datasets; 1.3 s; peak memory 308 MiB.
2026-10-07T23:18:55Z INFO [250/750] 6467967e-00da-4464-a9da-0f3b934a8737: checkpointed 95335 records.
2026-10-07T23:18:57Z INFO [251/750] 64680208-dc36-470b-8324-6cdf38abedb6: 66 datasets; 1.9 s; peak memory 308 MiB.
2026-10-07T23:19:13Z INFO [252/750] 64682df2-d84a-446c-9896-1d1770f20823: 555 datasets; 16.7 s; peak memory 308 MiB.
2026-10-07T23:19:15Z INFO [253/750] 64682e44-5245-4399-b6b9-18570007dc92: 48 datasets; 1.3 s; peak memory 308 MiB.
2026-10-07T23:19:23Z INFO [254/750] 646837d2-d41d-4a37-a15d-d8afbfbd30ef: 11477 datasets; 8.9 s; peak memory 308 MiB.
2026-10-07T23:19:25Z INFO [255/750] 646970a0-0488-4405-a44a-149e926a2cc3: 63 datasets; 1.1 s; peak memory 308 MiB.
2026-10-07T23:19:28Z INFO [256/750] 6469a4ea-ea1b-4b8b-bae0-a10d5f99ae23: 119 datasets; 3.1 s; peak memory 308 MiB.
2026-10-07T23:19:37Z INFO [257/750] 646b7f7e-67f3-46b6-bc30-770db6053c1d: 49 datasets; 9.5 s; peak memory 308 MiB.
2026-10-07T23:19:40Z INFO [258/750] 646c8eba-74c8-4c26-8ae0-a2a659d84580: 168 datasets; 2.8 s; peak memory 308 MiB.
2026-10-07T23:19:41Z INFO [259/750] 646d0fb8-6096-459b-a77c-3e4dc4781d0c: 70 datasets; 1.3 s; peak memory 308 MiB.
2026-10-07T23:19:43Z INFO [260/750] 646db5b5-1710-4a7f-8671-63fcf5b9d914: 48 datasets; 1.3 s; peak memory 308 MiB.
2026-10-07T23:20:07Z INFO [261/750] 646e40ec-ccd2-4486-b486-feac879b99ab: 48 datasets; 24.7 s; peak memory 308 MiB.
2026-10-07T23:20:09Z INFO [262/750] 646e6d68-7737-4f1c-a394-8f610d0e03dd: 48 datasets; 1.3 s; peak memory 308 MiB.
2026-10-07T23:20:10Z INFO [263/750] 646ea985-3ce1-4185-adc8-01fac08f053a: 112 datasets; 1.7 s; peak memory 308 MiB.
2026-10-07T23:20:14Z INFO [264/750] 646fa1c4-716c-4cfe-9dd5-535a8cda0ba9: 153 datasets; 3.6 s; peak memory 308 MiB.
2026-10-07T23:20:16Z INFO [265/750] 64717190-b2eb-4056-b204-262b5959733d: 39 datasets; 1.6 s; peak memory 308 MiB.
2026-10-07T23:20:17Z INFO [266/750] 64718d45-3d69-4607-914b-30b730566f63: 69 datasets; 1.8 s; peak memory 308 MiB.
2026-10-07T23:20:20Z INFO [267/750] 64719201-e947-4b19-914a-6bbc1a14e753: 71 datasets; 2.6 s; peak memory 308 MiB.
2026-10-07T23:20:22Z INFO [268/750] 6471fc2f-8eea-48c2-9da7-b214f002f1f6: 112 datasets; 1.9 s; peak memory 308 MiB.
2026-10-07T23:20:24Z INFO [269/750] 647230e0-85c8-49fb-81d1-aef3998cd320: 69 datasets; 2.0 s; peak memory 308 MiB.
2026-10-07T23:20:35Z INFO [270/750] 64724ec8-a43c-4345-bcf6-7497a8503929: 336 datasets; 10.7 s; peak memory 308 MiB.
2026-10-07T23:20:36Z INFO [271/750] 6473d309-bd01-4ada-8226-eb8fb7f28c69: 112 datasets; 1.8 s; peak memory 308 MiB.
2026-10-07T23:20:39Z INFO [272/750] 64744706-8ed2-4263-809f-c0c35f9bdda4: 115 datasets; 3.1 s; peak memory 308 MiB.
2026-10-07T23:20:41Z INFO [273/750] 64744929-338a-4b86-bfa9-0744deeed53a: 48 datasets; 1.3 s; peak memory 308 MiB.
2026-10-07T23:20:42Z INFO [274/750] 64744ed8-9d0d-4218-8713-8794a1324d30: 48 datasets; 1.3 s; peak memory 308 MiB.
2026-10-07T23:20:44Z INFO [275/750] 64746a88-1306-4d9c-8a46-0292d7241670: 66 datasets; 1.7 s; peak memory 308 MiB.
2026-10-07T23:21:31Z INFO [276/750] 64756f86-454f-48c9-95a8-1d53e0efbd98: 2906 datasets; 46.9 s; peak memory 308 MiB.
2026-10-07T23:22:31Z INFO [277/750] 64758770-9e6d-44bb-9f84-5dac9594c089: 52 datasets; 59.8 s; peak memory 327 MiB.
2026-10-07T23:22:32Z INFO [278/750] 6475a7bf-0f72-4f4d-83db-0c4babbd8d9b: 62 datasets; 1.4 s; peak memory 327 MiB.
2026-10-07T23:22:35Z INFO [279/750] 6475dd53-3ccf-43c1-8bbc-aae0b6e21a00: 118 datasets; 3.1 s; peak memory 327 MiB.
2026-10-07T23:22:37Z INFO [280/750] 6475f99f-ffca-4ca1-870d-2ef4ad03833f: 72 datasets; 1.6 s; peak memory 327 MiB.
2026-10-07T23:22:39Z INFO [281/750] 6476408b-2842-4602-8ffa-6ba75c55c248: 71 datasets; 2.4 s; peak memory 327 MiB.
2026-10-07T23:22:41Z INFO [282/750] 647800d7-e25e-448b-81eb-1265833a15ca: 71 datasets; 2.3 s; peak memory 327 MiB.
2026-10-07T23:22:43Z INFO [283/750] 6478840c-f27a-4e3a-b9a4-722a9f808dbc: 46 datasets; 1.4 s; peak memory 327 MiB.
2026-10-07T23:23:05Z INFO [284/750] 6478fe7a-e0bf-4383-83df-de1a609f6916: 48 datasets; 22.5 s; peak memory 327 MiB.
2026-10-07T23:23:09Z INFO [285/750] 647b22b7-e1ed-4634-aa75-b7f6a85c95f0: 163 datasets; 3.2 s; peak memory 327 MiB.
2026-10-07T23:23:11Z INFO [286/750] 647b396f-d792-456d-8ee8-baae7afe6ebf: 70 datasets; 2.0 s; peak memory 327 MiB.
2026-10-07T23:23:12Z INFO [287/750] 647b585b-058d-49c4-ae24-6d7135bd942a: 41 datasets; 1.2 s; peak memory 327 MiB.
2026-10-07T23:23:13Z INFO [288/750] 647bb15b-01ab-4e5b-b5ea-17740cac3bde: 48 datasets; 1.4 s; peak memory 327 MiB.
2026-10-07T23:23:15Z INFO [289/750] 647c8c78-52f5-4118-9ca4-260be131f2e1: 117 datasets; 1.5 s; peak memory 327 MiB.
2026-10-07T23:23:18Z INFO [290/750] 647c9eee-5979-4028-9c05-c0c61d7d2beb: 138 datasets; 3.3 s; peak memory 327 MiB.
2026-10-07T23:23:20Z INFO [291/750] 647e7f61-1e19-47ed-8e64-74fcaf4bb9e0: 71 datasets; 2.3 s; peak memory 327 MiB.
2026-10-07T23:23:21Z INFO [292/750] 647ed95e-3fcf-4d1c-8f36-48fca277494a: 39 datasets; 1.2 s; peak memory 327 MiB.
2026-10-07T23:23:23Z INFO [293/750] 647f003c-718d-4d51-8371-64250db7b3b3: 71 datasets; 1.5 s; peak memory 327 MiB.
2026-10-07T23:23:29Z INFO [294/750] 64805fa7-d282-4447-923d-1b5556ed94df: 229 datasets; 6.0 s; peak memory 327 MiB.
2026-10-07T23:24:31Z INFO [295/750] 64808b58-e6a8-4422-bd38-b70300909845: 52 datasets; 62.1 s; peak memory 330 MiB.
2026-10-07T23:24:34Z INFO [296/750] 6480b8dd-0f3d-4174-9f26-4219bda81052: 90 datasets; 2.7 s; peak memory 330 MiB.
2026-10-07T23:24:37Z INFO [297/750] 648139ff-a1dd-430f-a333-b74916e38d3a: 115 datasets; 3.0 s; peak memory 330 MiB.
2026-10-07T23:24:38Z INFO [298/750] 6481c921-f38d-4d1d-b143-4bac1aaa8cd3: 116 datasets; 1.6 s; peak memory 330 MiB.
2026-10-07T23:24:40Z INFO [299/750] 64828a8f-dcce-4738-89dd-45283c7e7f23: 118 datasets; 1.5 s; peak memory 330 MiB.
2026-10-07T23:24:41Z INFO [300/750] 6482bb27-fc10-4678-8553-c49f63baa07a: 112 datasets; 1.6 s; peak memory 330 MiB.
2026-10-07T23:24:42Z INFO [300/750] 6482bb27-fc10-4678-8553-c49f63baa07a: checkpointed 95385 records.
2026-10-07T23:24:44Z INFO [301/750] 6482bed8-3494-4a1b-b3bf-f39190ad9222: 131 datasets; 2.0 s; peak memory 330 MiB.
2026-10-07T23:24:51Z INFO [302/750] 6483b2fe-eb9a-4b70-9f9c-9189bc24bf99: 538 datasets; 7.6 s; peak memory 330 MiB.
2026-10-07T23:24:52Z INFO [303/750] 64842758-c7e2-461e-a507-f46503947c75: 48 datasets; 1.3 s; peak memory 330 MiB.
2026-10-07T23:24:54Z INFO [304/750] 6485cde5-5350-4c29-9b90-c52d0f3489ab: 112 datasets; 1.8 s; peak memory 330 MiB.
2026-10-07T23:24:57Z INFO [305/750] 6486af1b-aed2-45ba-bfc4-0471eaf30bb2: 119 datasets; 2.6 s; peak memory 330 MiB.
2026-10-07T23:24:58Z INFO [306/750] 6486fa42-dafc-4c0f-8439-4ba907606cca: 48 datasets; 1.2 s; peak memory 330 MiB.
2026-10-07T23:24:59Z INFO [307/750] 64890281-709e-4638-b50d-b59069a4aa81: 48 datasets; 1.2 s; peak memory 330 MiB.
2026-10-07T23:25:01Z INFO [308/750] 64896f66-7dce-407a-821a-8e4c39d42df5: 77 datasets; 1.6 s; peak memory 330 MiB.
2026-10-07T23:25:02Z INFO [309/750] 6489ab74-a52d-4fa2-ac0f-a484acfb743d: 118 datasets; 1.4 s; peak memory 330 MiB.
2026-10-07T23:25:24Z INFO [310/750] 648a0ba4-dbe6-4b8f-ae79-edbe82ca447b: 994 datasets; 21.9 s; peak memory 330 MiB.
2026-10-07T23:25:27Z INFO [311/750] 648a227a-cd87-4137-97b2-178d9d463d9b: 118 datasets; 2.5 s; peak memory 330 MiB.
2026-10-07T23:25:28Z INFO [312/750] 648cc69c-cb74-49d9-b58e-f50a1497770e: 48 datasets; 1.3 s; peak memory 330 MiB.
2026-10-07T23:25:29Z INFO [313/750] 648d034b-482b-4bb3-9cb7-bbb77d1cc0cc: 48 datasets; 1.3 s; peak memory 330 MiB.
2026-10-07T23:26:08Z INFO [314/750] 648dc379-5fa3-4a48-8888-65d2a4d93699: 6205 datasets; 38.8 s; peak memory 349 MiB.
2026-10-07T23:26:10Z INFO [315/750] 648e4af8-2a85-4fc4-94ab-b3e18d8e5bcd: 66 datasets; 1.7 s; peak memory 349 MiB.
2026-10-07T23:26:12Z INFO [316/750] 648ee921-8b9e-4c6e-b178-63ec031f6f2a: 121 datasets; 2.5 s; peak memory 349 MiB.
2026-10-07T23:26:14Z INFO [317/750] 648f190e-79db-4459-9c09-378981086d61: 116 datasets; 1.5 s; peak memory 349 MiB.
2026-10-07T23:26:35Z INFO [318/750] 649001c5-3d48-49d2-b3a5-60984cbbc1f8: 48 datasets; 21.8 s; peak memory 349 MiB.
2026-10-07T23:26:38Z INFO [319/750] 6491108d-1ed8-42a6-82e5-810b1a891834: 70 datasets; 2.4 s; peak memory 349 MiB.
2026-10-07T23:26:48Z INFO [320/750] 6491b857-097c-4ef3-95fa-c3d1ffb9fba1: 41 datasets; 10.2 s; peak memory 349 MiB.
2026-10-07T23:31:01Z INFO [321/750] 64922d7e-f573-4fac-9db9-f15ab17481c2: 283 datasets; 253.2 s; peak memory 509 MiB.
2026-10-07T23:31:04Z INFO [322/750] 649255fe-d15e-4795-8ffb-97d19f3b0602: 118 datasets; 3.0 s; peak memory 509 MiB.
2026-10-07T23:31:06Z INFO [323/750] 649257b2-2079-49dc-8b85-f385441a69fe: 48 datasets; 1.3 s; peak memory 509 MiB.
2026-10-07T23:31:07Z INFO [324/750] 6492b5a1-c103-4dff-831c-a867861ad956: 72 datasets; 1.3 s; peak memory 509 MiB.
2026-10-07T23:31:08Z INFO [325/750] 6492dc49-a0f9-482f-ba51-185407891483: 48 datasets; 1.2 s; peak memory 509 MiB.
2026-10-07T23:31:10Z INFO [326/750] 649399fa-72f2-402d-afa6-1bb27e24bdad: 275 datasets; 1.9 s; peak memory 509 MiB.
2026-10-07T23:31:12Z INFO [327/750] 64948d07-e27b-4739-9edf-1382ca111761: 49 datasets; 2.2 s; peak memory 509 MiB.
2026-10-07T23:31:34Z INFO [328/750] 64965a34-2f14-49c5-b008-252bafdccbd4: 48 datasets; 22.2 s; peak memory 509 MiB.
2026-10-07T23:31:45Z INFO [329/750] 6496fdb3-ed6f-4fb3-ab63-6cec9327f2c1: 410 datasets; 10.8 s; peak memory 509 MiB.
2026-10-07T23:31:46Z INFO [330/750] 64978c7c-c038-446a-a9e5-683955ca7c4b: 97 datasets; 1.3 s; peak memory 509 MiB.
2026-10-07T23:31:48Z INFO [331/750] 649bee7a-e519-4b53-a9b6-21e91981d761: 117 datasets; 1.5 s; peak memory 509 MiB.
2026-10-07T23:31:50Z INFO [332/750] 649bf385-7fe0-4055-9392-d0dc9730b7b3: 66 datasets; 1.8 s; peak memory 509 MiB.
2026-10-07T23:31:51Z INFO [333/750] 649c30b7-dd7e-4585-876f-6cff53094d8e: 51 datasets; 1.7 s; peak memory 509 MiB.
2026-10-07T23:31:53Z INFO [334/750] 649c916d-aa41-42c2-a7d3-cd54385076aa: 45 datasets; 1.6 s; peak memory 509 MiB.
2026-10-07T23:31:55Z INFO [335/750] 649cbd24-b23e-4a37-8380-5b1871188376: 66 datasets; 1.7 s; peak memory 509 MiB.
2026-10-07T23:32:19Z INFO [336/750] 649e02ea-6d85-4718-9bf1-064ed226bdc4: 48 datasets; 24.4 s; peak memory 509 MiB.
2026-10-07T23:32:21Z INFO [337/750] 649e2202-c670-4712-b6bc-f91717d84f30: 71 datasets; 2.3 s; peak memory 509 MiB.
2026-10-07T23:32:23Z INFO [338/750] 649f4cf4-0a38-4128-afd9-ef7ac3c18e1f: 62 datasets; 1.8 s; peak memory 509 MiB.
2026-10-07T23:32:26Z INFO [339/750] 649f50b7-75d4-4ab1-af6e-52cffdb5ee9a: 119 datasets; 2.5 s; peak memory 509 MiB.
2026-10-07T23:32:51Z INFO [340/750] 64a10c9e-3c9c-4bd6-9e30-777969e4ab76: 645 datasets; 25.2 s; peak memory 509 MiB.
2026-10-07T23:32:53Z INFO [341/750] 64a17c17-44c0-42b3-97ee-b3b49482ed66: 112 datasets; 2.2 s; peak memory 509 MiB.
2026-10-07T23:32:59Z INFO [342/750] 64a1e066-0e85-4d26-9407-e794f5bcde4f: 508 datasets; 5.9 s; peak memory 509 MiB.
2026-10-07T23:33:01Z INFO [343/750] 64a26bec-1df6-42e8-9a36-d6520c8ff232: 289 datasets; 1.7 s; peak memory 509 MiB.
2026-10-07T23:33:02Z INFO [344/750] 64a2b8c1-1212-4c27-861a-a598a851a9a5: 48 datasets; 1.2 s; peak memory 509 MiB.
2026-10-07T23:33:03Z INFO [345/750] 64a2ce4b-9b86-48f4-8286-6149fd0c9e90: 48 datasets; 1.2 s; peak memory 509 MiB.
2026-10-07T23:33:05Z INFO [346/750] 64a32097-fad5-4634-a97c-809a68fee460: 48 datasets; 1.3 s; peak memory 509 MiB.
2026-10-07T23:33:30Z INFO [347/750] 64a33e54-f5f7-4a8c-95f7-08f8eb58eef3: 930 datasets; 25.5 s; peak memory 509 MiB.
2026-10-07T23:33:31Z INFO [348/750] 64a3f20d-a8b3-4e3d-8fcd-3dbe44de8199: 52 datasets; 1.0 s; peak memory 509 MiB.
2026-10-07T23:33:39Z INFO [349/750] 64a44f35-b7c7-488e-9804-9afcd0ce2aa0: 219 datasets; 7.6 s; peak memory 509 MiB.
2026-10-07T23:33:40Z INFO [350/750] 64a46458-8228-4f17-900c-5ba4b051f5d3: 117 datasets; 1.6 s; peak memory 509 MiB.
2026-10-07T23:33:40Z INFO [350/750] 64a46458-8228-4f17-900c-5ba4b051f5d3: checkpointed 95435 records.
2026-10-07T23:33:42Z INFO [351/750] 64a49a60-01a8-4e8e-ac70-850ceb0ac885: 48 datasets; 1.3 s; peak memory 509 MiB.
2026-10-07T23:33:43Z INFO [352/750] 64a529e9-da4c-445a-836e-7ef388480952: 48 datasets; 1.2 s; peak memory 509 MiB.
2026-10-07T23:33:45Z INFO [353/750] 64a57380-0f5c-4414-b292-98b735167cf3: 112 datasets; 2.0 s; peak memory 509 MiB.
2026-10-07T23:33:48Z INFO [354/750] 64a57ed6-7d39-4881-8e76-a6e63dd905d9: 116 datasets; 3.2 s; peak memory 509 MiB.
2026-10-07T23:33:50Z INFO [355/750] 64a66408-23c9-4724-aca1-e7d73ab820ed: 66 datasets; 2.0 s; peak memory 509 MiB.
2026-10-07T23:33:52Z INFO [356/750] 64a6a418-94d4-4abe-a7af-de7e1382f3a4: 118 datasets; 2.3 s; peak memory 509 MiB.
2026-10-07T23:33:54Z INFO [357/750] 64a7a0dc-1dd3-4a28-9f4c-d6b5d9076c56: 85 datasets; 1.7 s; peak memory 509 MiB.
2026-10-07T23:33:55Z INFO [358/750] 64a7bd97-d202-47c3-bb38-947573725a50: 121 datasets; 1.2 s; peak memory 509 MiB.
2026-10-07T23:33:57Z INFO [359/750] 64a7f17d-1aaf-41a6-99b3-dae0b98fd415: 112 datasets; 2.0 s; peak memory 509 MiB.
2026-10-07T23:34:05Z INFO [360/750] 64a8a100-0ff2-4121-aa25-3de3a54f8d97: 38 datasets; 8.1 s; peak memory 509 MiB.
2026-10-07T23:34:20Z INFO [361/750] 64a90e30-020c-4fda-af33-741d125f0a96: 904 datasets; 14.3 s; peak memory 509 MiB.
2026-10-07T23:34:21Z INFO [362/750] 64a92552-2f18-4b2a-b72c-4ec16e839834: 117 datasets; 1.5 s; peak memory 509 MiB.
2026-10-07T23:34:23Z INFO [363/750] 64a9645c-b402-4b4a-899f-de216b5c3d1b: 112 datasets; 1.7 s; peak memory 509 MiB.
2026-10-07T23:34:26Z INFO [364/750] 64a98bea-0b77-4846-9049-e2e26f2a9a89: 116 datasets; 3.2 s; peak memory 509 MiB.
2026-10-07T23:34:28Z INFO [365/750] 64a9c0b7-f07c-4c80-acfc-36b1934ba200: 112 datasets; 1.7 s; peak memory 509 MiB.
2026-10-07T23:34:30Z INFO [366/750] 64aa2dcf-0747-4ad3-94c9-44f9a553c428: 101 datasets; 2.1 s; peak memory 509 MiB.
2026-10-07T23:34:31Z INFO [367/750] 64aa42b5-6fe2-4f77-b2dd-9bec7d02e51c: 46 datasets; 1.1 s; peak memory 509 MiB.
2026-10-07T23:34:40Z INFO [368/750] 64abd486-9b58-469d-b1da-cba8e3aba2e7: 749 datasets; 8.8 s; peak memory 509 MiB.
2026-10-07T23:34:41Z INFO [369/750] 64abf74a-9fb8-4c9c-84c1-017e7385db43: 48 datasets; 1.4 s; peak memory 509 MiB.
2026-10-07T23:34:43Z INFO [370/750] 64acdbb8-4b4c-4c9f-a0e8-5df14df8637c: 48 datasets; 1.3 s; peak memory 509 MiB.
2026-10-07T23:34:44Z INFO [371/750] 64ad1200-e19f-4c07-a600-7d20d075a149: 116 datasets; 1.5 s; peak memory 509 MiB.
2026-10-07T23:34:47Z INFO [372/750] 64ad4708-810e-4904-a570-7f2c25383a4b: 123 datasets; 3.0 s; peak memory 509 MiB.
2026-10-07T23:34:49Z INFO [373/750] 64ad9e3f-8be5-4f9e-9332-c58509870829: 71 datasets; 2.2 s; peak memory 509 MiB.
2026-10-07T23:34:51Z INFO [374/750] 64ade2ba-15c6-4388-b165-8038c301f64c: 71 datasets; 2.0 s; peak memory 509 MiB.
2026-10-07T23:34:52Z INFO [375/750] 64ae1a28-7ac4-4e17-9651-3659762bb34b: 46 datasets; 1.1 s; peak memory 509 MiB.
2026-10-07T23:34:56Z INFO [376/750] 64ae3cd6-40e4-430f-8e9b-d16d668bf73d: 168 datasets; 3.3 s; peak memory 509 MiB.
2026-10-07T23:34:57Z INFO [377/750] 64ae646f-f502-4482-9db3-062214df07c5: 50 datasets; 1.4 s; peak memory 509 MiB.
2026-10-07T23:34:58Z INFO [378/750] 64af1b1d-f050-4a5b-934a-602b89e8d50c: 54 datasets; 1.1 s; peak memory 509 MiB.
2026-10-07T23:35:00Z INFO [379/750] 64afd921-7bfe-4e95-8088-3cff00537d5f: 63 datasets; 1.4 s; peak memory 509 MiB.
2026-10-07T23:35:02Z INFO [380/750] 64b04443-2fa3-4a55-943b-0481b9c4214a: 71 datasets; 2.0 s; peak memory 509 MiB.
2026-10-07T23:35:06Z INFO [381/750] 64b0a15e-3d03-4557-ae67-41b8860c423c: 406 datasets; 4.7 s; peak memory 509 MiB.
2026-10-07T23:35:16Z INFO [382/750] 64b0bbc6-8a45-41d8-814e-1de81920bfb8: 602 datasets; 9.7 s; peak memory 509 MiB.
2026-10-07T23:35:17Z INFO [383/750] 64b0fd1f-52bb-4ff4-88c4-02b2d099e378: 60 datasets; 1.4 s; peak memory 509 MiB.
2026-10-07T23:35:19Z INFO [384/750] 64b128bb-7ea9-418d-9665-e18edd3bd56a: 48 datasets; 1.3 s; peak memory 509 MiB.
2026-10-07T23:35:20Z INFO [385/750] 64b14fe5-b5e4-4a6a-9e87-910e879b068b: 46 datasets; 0.9 s; peak memory 509 MiB.
2026-10-07T23:35:22Z INFO [386/750] 64b1b44e-abd9-4faf-a1d1-8abefa8ea79d: 64 datasets; 1.9 s; peak memory 509 MiB.
2026-10-07T23:35:24Z INFO [387/750] 64b255fa-11da-4c62-85e9-ba669d01ef24: 69 datasets; 2.0 s; peak memory 509 MiB.
2026-10-07T23:35:26Z INFO [388/750] 64b2e080-717a-4d74-be9b-295009a5aaf9: 112 datasets; 1.8 s; peak memory 509 MiB.
2026-10-07T23:35:27Z INFO [389/750] 64b3296f-932f-4bd4-9537-43f9973db7d3: 48 datasets; 1.2 s; peak memory 509 MiB.
2026-10-07T23:36:01Z INFO [390/750] 64b3514b-a3b7-46f9-9737-371f52295f66: 36 datasets; 33.9 s; peak memory 509 MiB.
2026-10-07T23:36:02Z INFO [391/750] 64b3657e-a6fa-42ae-b7db-b50aabe6a16a: 48 datasets; 1.2 s; peak memory 509 MiB.
2026-10-07T23:36:12Z INFO [392/750] 64b5d011-6c8b-4bb6-bbc9-4fe7c9e16113: 11485 datasets; 10.2 s; peak memory 509 MiB.
2026-10-07T23:36:14Z INFO [393/750] 64b63c14-8316-493d-b750-5c5be887776a: 117 datasets; 1.5 s; peak memory 509 MiB.
2026-10-07T23:36:14Z INFO [394/750] 64b6793c-f1e0-4502-ba62-b190250cfda9: 46 datasets; 1.0 s; peak memory 509 MiB.
2026-10-07T23:36:16Z INFO [395/750] 64b761c9-4eb3-4004-859f-35273156efb1: 48 datasets; 1.4 s; peak memory 509 MiB.
2026-10-07T23:36:17Z INFO [396/750] 64b8ef2f-3d9a-4e2a-a3d3-5585b5f04689: 64 datasets; 1.6 s; peak memory 509 MiB.
2026-10-07T23:36:19Z INFO [397/750] 64b9d799-32de-4f30-ae16-e2384113babb: 50 datasets; 1.7 s; peak memory 509 MiB.
2026-10-07T23:36:25Z INFO [398/750] 64ba6d55-81a1-4bb3-a98b-25551838bf99: 92 datasets; 6.0 s; peak memory 509 MiB.
2026-10-07T23:36:27Z INFO [399/750] 64bab918-3fa9-49a1-b0a8-9b82dbcd938c: 112 datasets; 2.2 s; peak memory 509 MiB.
2026-10-07T23:36:29Z INFO [400/750] 64bacdfe-a4e1-48d3-9a4e-b0760a8f76de: 117 datasets; 1.5 s; peak memory 509 MiB.
2026-10-07T23:36:29Z INFO [400/750] 64bacdfe-a4e1-48d3-9a4e-b0760a8f76de: checkpointed 95485 records.
2026-10-07T23:36:30Z INFO [401/750] 64bb197f-c761-4787-8254-ee3817610aec: 46 datasets; 0.9 s; peak memory 509 MiB.
2026-10-07T23:36:31Z INFO [402/750] 64bb5f1d-65b5-46a4-a19f-c2156e687448: 48 datasets; 1.2 s; peak memory 509 MiB.
2026-10-07T23:36:32Z INFO [403/750] 64bbcd5b-c0af-4820-9cc2-355f595dacfa: 56 datasets; 1.0 s; peak memory 509 MiB.
2026-10-07T23:36:33Z INFO [404/750] 64bce672-c205-47ba-a762-27036c4f8201: 46 datasets; 1.1 s; peak memory 509 MiB.
2026-10-07T23:36:41Z INFO [405/750] 64bd15a0-2b84-4467-8919-090dc2fa22a7: 257 datasets; 7.6 s; peak memory 509 MiB.
2026-10-07T23:36:43Z INFO [406/750] 64bd1f78-2c07-48b6-badc-edd2429500a6: 110 datasets; 2.7 s; peak memory 509 MiB.
2026-10-07T23:36:45Z INFO [407/750] 64be2941-f99e-485c-9eb4-a247203b3116: 48 datasets; 1.2 s; peak memory 509 MiB.
2026-10-07T23:36:46Z INFO [408/750] 64bed3b0-caee-41b9-9ac0-c3f2bb665a09: 48 datasets; 1.2 s; peak memory 509 MiB.
2026-10-07T23:36:48Z INFO [409/750] 64bf370e-2d64-4596-872e-22cc610273df: 110 datasets; 1.8 s; peak memory 509 MiB.
2026-10-07T23:37:10Z INFO [410/750] 64bf8268-a5b5-4e40-bf82-0cceb0134d5d: 48 datasets; 22.3 s; peak memory 509 MiB.
2026-10-07T23:37:21Z INFO [411/750] 64c04268-e60c-4781-9948-05d2a860c241: 347 datasets; 10.5 s; peak memory 509 MiB.
2026-10-07T23:37:22Z INFO [412/750] 64c066ec-84da-41fd-b0dd-60de12ffb2b5: 48 datasets; 1.2 s; peak memory 509 MiB.
2026-10-07T23:37:23Z INFO [413/750] 64c08588-2e0f-4a91-920d-f5a9f9dc8ce0: 46 datasets; 1.0 s; peak memory 509 MiB.
2026-10-07T23:37:24Z INFO [414/750] 64c09ff1-5d1b-40e2-8e82-867bf45a978e: 118 datasets; 1.6 s; peak memory 509 MiB.
2026-10-07T23:37:26Z INFO [415/750] 64c1b02a-9d83-4876-9628-d113c7bda228: 48 datasets; 1.2 s; peak memory 509 MiB.
2026-10-07T23:37:28Z INFO [416/750] 64c26334-453b-4c7c-83d8-6048d6d1d346: 275 datasets; 2.0 s; peak memory 509 MiB.
2026-10-07T23:37:29Z INFO [417/750] 64c2b0a9-f364-4fc3-b03a-4cdb98de048b: 117 datasets; 1.5 s; peak memory 509 MiB.
2026-10-07T23:37:39Z INFO [418/750] 64c3c245-e227-4a53-a58c-556c787f3376: 385 datasets; 9.6 s; peak memory 509 MiB.
2026-10-07T23:37:40Z INFO [419/750] 64c4be35-7787-4515-a2dc-93725ffb88ab: 51 datasets; 1.8 s; peak memory 509 MiB.
2026-10-07T23:37:42Z INFO [420/750] 64c5c9d0-69d2-4b95-97c2-7f06c404d205: 41 datasets; 1.2 s; peak memory 509 MiB.
2026-10-07T23:37:44Z INFO [421/750] 64c6dc37-d6ad-45d4-afa8-78cd87cde73d: 152 datasets; 2.3 s; peak memory 509 MiB.
2026-10-07T23:37:46Z INFO [422/750] 64c6ea24-daf7-4444-a50c-479bd9754914: 112 datasets; 1.8 s; peak memory 509 MiB.
2026-10-07T23:37:47Z INFO [423/750] 64c71c70-2640-43fb-bda4-9aa89a5090a8: 48 datasets; 1.2 s; peak memory 509 MiB.
2026-10-07T23:37:50Z INFO [424/750] 64c799eb-aa7e-4091-b347-5e9b89788a2f: 90 datasets; 2.9 s; peak memory 509 MiB.
2026-10-07T23:37:51Z INFO [425/750] 64c7dcb6-cef1-47b2-8365-334e1b5ce2d0: 38 datasets; 1.0 s; peak memory 509 MiB.
2026-10-07T23:37:52Z INFO [426/750] 64c8ac6f-edf2-4ed0-bdeb-3bf36cf88311: 48 datasets; 1.4 s; peak memory 509 MiB.
2026-10-07T23:38:10Z INFO [427/750] 64c969d9-2de3-4bb6-b7df-397c8df353bc: 1198 datasets; 17.5 s; peak memory 509 MiB.
2026-10-07T23:38:13Z INFO [428/750] 64c9f69e-674c-4abf-8fe9-6b5d1b7b199a: 114 datasets; 2.9 s; peak memory 509 MiB.
2026-10-07T23:38:14Z INFO [429/750] 64ca4207-620d-41ab-a540-547f88a08c3a: 48 datasets; 1.5 s; peak memory 509 MiB.
2026-10-07T23:38:16Z INFO [430/750] 64cb2f2b-9fa0-42c8-b039-4493796b1432: 69 datasets; 1.4 s; peak memory 509 MiB.
2026-10-07T23:38:17Z INFO [431/750] 64cb644a-4f0f-414d-880a-b758dd8b4187: 115 datasets; 1.5 s; peak memory 509 MiB.
2026-10-07T23:38:18Z INFO [432/750] 64cbe68d-36f7-40c8-a339-a2090230a914: 48 datasets; 1.4 s; peak memory 509 MiB.
2026-10-07T23:38:32Z INFO [433/750] 64ce324d-d6b9-4812-8a2d-1443b4e01210: 1437 datasets; 13.9 s; peak memory 509 MiB.
2026-10-07T23:38:38Z INFO [434/750] 64ce50a8-8257-4148-b4ac-7e0bb4ca9eef: 229 datasets; 5.8 s; peak memory 509 MiB.
2026-10-07T23:38:40Z INFO [435/750] 64ce5f47-f264-49e6-87d7-06128deef6c2: 112 datasets; 2.0 s; peak memory 509 MiB.
2026-10-07T23:38:42Z INFO [436/750] 64ceb47f-1607-44f4-8c32-7d2609b34511: 112 datasets; 1.4 s; peak memory 509 MiB.
2026-10-07T23:38:43Z INFO [437/750] 64cf3672-ea59-49ad-9f0a-9acffaccdc54: 48 datasets; 1.3 s; peak memory 509 MiB.
2026-10-07T23:38:44Z INFO [438/750] 64cf53a1-a455-403f-8058-9a985cca94c1: 118 datasets; 1.5 s; peak memory 509 MiB.
2026-10-07T23:38:47Z INFO [439/750] 64cf87a7-6d1a-41ac-8ca7-d6843d994ae4: 90 datasets; 2.8 s; peak memory 509 MiB.
2026-10-07T23:38:49Z INFO [440/750] 64d06bd7-c017-41ec-ba7d-fe30ee7067fb: 117 datasets; 1.6 s; peak memory 509 MiB.
2026-10-07T23:38:52Z INFO [441/750] 64d0e8d3-21bc-418e-b065-f7c3030baa49: 156 datasets; 3.4 s; peak memory 509 MiB.
2026-10-07T23:38:53Z INFO [442/750] 64d14008-b2ac-4486-bc8e-6af3b9063b0c: 62 datasets; 1.4 s; peak memory 509 MiB.
2026-10-07T23:38:54Z INFO [443/750] 64d14a6b-45ed-40b9-b772-f297e6a96188: 54 datasets; 1.0 s; peak memory 509 MiB.
2026-10-07T23:38:55Z INFO [444/750] 64d16b37-7c09-4488-b71f-990618c11ef2: 52 datasets; 1.0 s; peak memory 509 MiB.
2026-10-07T23:38:57Z INFO [445/750] 64d17ed9-54dd-4a37-9cb5-38140af4cbdc: 48 datasets; 1.3 s; peak memory 509 MiB.
2026-10-07T23:39:04Z INFO [446/750] 64d2337b-af7d-442b-a259-dc275caad990: 61 datasets; 7.5 s; peak memory 509 MiB.
2026-10-07T23:41:12Z INFO [447/750] 64d259dc-bf50-4881-bf0c-0294c1d92618: 39194 datasets; 127.6 s; peak memory 721 MiB.
2026-10-07T23:41:27Z INFO [448/750] 64d26841-08a1-4dfb-a845-e14eea9da7c5: 1138 datasets; 15.3 s; peak memory 721 MiB.
2026-10-07T23:41:28Z INFO [449/750] 64d4390d-e5f2-44cb-ab36-8703f4fc68d6: 48 datasets; 1.2 s; peak memory 721 MiB.
2026-10-07T23:41:30Z INFO [450/750] 64d44c6f-b53c-4288-88d7-bd9ca08e906a: 49 datasets; 1.4 s; peak memory 721 MiB.
2026-10-07T23:41:30Z INFO [450/750] 64d44c6f-b53c-4288-88d7-bd9ca08e906a: checkpointed 95535 records.
2026-10-07T23:41:31Z INFO [451/750] 64d45d32-c99f-447b-af6e-f5ba80112436: 48 datasets; 1.2 s; peak memory 721 MiB.
2026-10-07T23:41:32Z INFO [452/750] 64d4a205-d851-4946-8c66-47d77b328a06: 56 datasets; 1.0 s; peak memory 721 MiB.
2026-10-07T23:41:33Z INFO [453/750] 64d57657-b55a-4ab6-8cd7-d961fea82b47: 48 datasets; 1.2 s; peak memory 721 MiB.
2026-10-07T23:41:35Z INFO [454/750] 64d66b8c-370a-4ed4-be42-3db3e10ec5b2: 117 datasets; 1.5 s; peak memory 721 MiB.
2026-10-07T23:41:36Z INFO [455/750] 64d6de32-4b60-430b-a2e3-6e2eb37227d6: 21 datasets; 1.1 s; peak memory 721 MiB.
2026-10-07T23:41:38Z INFO [456/750] 64d6ffb5-ca87-4477-8826-b21e0843f694: 113 datasets; 1.7 s; peak memory 721 MiB.
2026-10-07T23:41:44Z INFO [457/750] 64d99943-63da-4952-87ed-d088f6c7a5e0: 196 datasets; 6.6 s; peak memory 721 MiB.
2026-10-07T23:41:46Z INFO [458/750] 64d9af4e-1343-479c-945c-dfd084d22667: 117 datasets; 1.6 s; peak memory 721 MiB.
2026-10-07T23:41:49Z INFO [459/750] 64da35ed-cf70-4b06-907a-52b905ff91a6: 118 datasets; 2.8 s; peak memory 721 MiB.
2026-10-07T23:41:50Z INFO [460/750] 64da4a80-e879-4e60-a178-4ff633ee561a: 48 datasets; 1.3 s; peak memory 721 MiB.
2026-10-07T23:41:51Z INFO [461/750] 64dbb29e-7589-417f-b1a6-480f4e81f44e: 48 datasets; 1.3 s; peak memory 721 MiB.
2026-10-07T23:41:52Z INFO [462/750] 64dc848a-59dc-4c0c-93ff-ebf0bb86524c: 46 datasets; 1.0 s; peak memory 721 MiB.
2026-10-07T23:41:55Z INFO [463/750] 64dd050b-705d-48d1-aa32-831f19cf2c3e: 152 datasets; 2.8 s; peak memory 721 MiB.
2026-10-07T23:41:56Z INFO [464/750] 64dd644e-1741-4ee5-91c1-6fae79b5e5f8: 48 datasets; 1.4 s; peak memory 721 MiB.
2026-10-07T23:41:58Z INFO [465/750] 64de4510-7400-4fb9-83bb-e99243064f4d: 59 datasets; 1.6 s; peak memory 721 MiB.
2026-10-07T23:42:08Z INFO [466/750] 64de4b38-b9fe-4ada-8891-894d61ce4109: 774 datasets; 10.4 s; peak memory 721 MiB.
2026-10-07T23:42:10Z INFO [467/750] 64dea5e7-df09-42f1-84bc-aecc51fc6cb4: 48 datasets; 1.2 s; peak memory 721 MiB.
2026-10-07T23:42:11Z INFO [468/750] 64ded2ae-72f3-40da-9226-736e052a751c: 66 datasets; 1.8 s; peak memory 721 MiB.
2026-10-07T23:42:13Z INFO [469/750] 64df9a0a-0dd4-4df4-84a2-52a18e224a1e: 71 datasets; 2.1 s; peak memory 721 MiB.
2026-10-07T23:42:15Z INFO [470/750] 64dfe0bb-9d0d-49ad-a7b2-5e09f0a67a54: 117 datasets; 1.8 s; peak memory 721 MiB.
2026-10-07T23:42:17Z INFO [471/750] 64e13ee0-16b6-43db-b8f4-ffdbaff9702d: 48 datasets; 1.3 s; peak memory 721 MiB.
2026-10-07T23:42:18Z INFO [472/750] 64e194c6-29c9-41b8-bc61-f0fb252e9990: 110 datasets; 1.7 s; peak memory 721 MiB.
2026-10-07T23:42:20Z INFO [473/750] 64e1caba-27de-4751-b9e2-146aef052cf3: 48 datasets; 1.4 s; peak memory 721 MiB.
2026-10-07T23:42:21Z INFO [474/750] 64e1f1a9-c75a-4d79-b7a8-adad0e0c85ab: 118 datasets; 1.4 s; peak memory 721 MiB.
2026-10-07T23:42:42Z INFO [475/750] 64e21c1a-527f-41cd-ac9d-19629acf4f8d: 48 datasets; 21.3 s; peak memory 721 MiB.
2026-10-07T23:42:44Z INFO [476/750] 64e26b8d-c6ba-4785-9431-a5423a8115c0: 48 datasets; 1.3 s; peak memory 721 MiB.
2026-10-07T23:42:45Z INFO [477/750] 64e2d404-dcec-4259-9871-c2a2e46ff92b: 90 datasets; 1.5 s; peak memory 721 MiB.
2026-10-07T23:42:48Z INFO [478/750] 64e2f592-679f-44cf-a562-ae931c28e3a6: 78 datasets; 2.8 s; peak memory 721 MiB.
2026-10-07T23:42:50Z INFO [479/750] 64e36898-5aef-4df7-bf28-8eb3b10ed16a: 49 datasets; 1.8 s; peak memory 721 MiB.
2026-10-07T23:42:53Z INFO [480/750] 64e38c03-0480-4f05-8baf-000491f3e6a2: 115 datasets; 3.4 s; peak memory 721 MiB.
2026-10-07T23:42:54Z INFO [481/750] 64e47f3e-15c6-495b-bf77-fc38f99122cb: 121 datasets; 1.1 s; peak memory 721 MiB.
2026-10-07T23:42:56Z INFO [482/750] 64e4963a-704d-430e-afdf-3cbd6ea57d7f: 117 datasets; 1.4 s; peak memory 721 MiB.
2026-10-07T23:42:57Z INFO [483/750] 64e4e302-ed40-414f-8dce-22857b705d9d: 62 datasets; 1.4 s; peak memory 721 MiB.
2026-10-07T23:43:06Z INFO [484/750] 64e52348-55b1-4070-962f-2435c0b8523a: 4822 datasets; 8.7 s; peak memory 721 MiB.
2026-10-07T23:43:07Z INFO [485/750] 64e6a153-4bb6-4bdc-9d09-0ab1d83ece98: 48 datasets; 1.3 s; peak memory 721 MiB.
2026-10-07T23:43:08Z INFO [486/750] 64e76fc1-ee40-434e-84fe-2593d6928387: 48 datasets; 1.3 s; peak memory 721 MiB.
2026-10-07T23:43:09Z INFO [487/750] 64e88e01-ce86-48bd-99a5-f554e5055ee0: 46 datasets; 0.9 s; peak memory 721 MiB.
2026-10-07T23:43:11Z INFO [488/750] 64ea407e-e43a-45ce-bb4b-e6e6f44ab620: 118 datasets; 1.5 s; peak memory 721 MiB.
2026-10-07T23:43:12Z INFO [489/750] 64eac474-0163-443d-a285-9bf621beb3f4: 52 datasets; 1.7 s; peak memory 721 MiB.
2026-10-07T23:43:14Z INFO [490/750] 64eb646f-a88e-435e-bedf-1787c93caf28: 113 datasets; 1.9 s; peak memory 721 MiB.
2026-10-07T23:43:21Z INFO [491/750] 64ed0950-b051-43df-91ef-3a02ceb22835: 468 datasets; 6.5 s; peak memory 721 MiB.
2026-10-07T23:43:22Z INFO [492/750] 64ed9306-aa36-4465-b531-35d471762f6b: 45 datasets; 1.3 s; peak memory 721 MiB.
2026-10-07T23:43:23Z INFO [493/750] 64edb2cf-4fef-451d-990c-6b8978b10586: 48 datasets; 1.3 s; peak memory 721 MiB.
2026-10-07T23:43:30Z INFO [494/750] 64edc1ce-1f28-4488-90dc-746c3311f3aa: 196 datasets; 7.2 s; peak memory 721 MiB.
2026-10-07T23:43:32Z INFO [495/750] 64edc57c-3f84-48b9-a992-cd52cc520751: 66 datasets; 2.0 s; peak memory 721 MiB.
2026-10-07T23:43:34Z INFO [496/750] 64eeb0bf-f90a-41c1-ad95-850b655566f9: 117 datasets; 1.4 s; peak memory 721 MiB.
2026-10-07T23:43:35Z INFO [497/750] 64eecbcd-b51c-4ed4-88bb-2c8838a543fd: 46 datasets; 1.3 s; peak memory 721 MiB.
2026-10-07T23:43:41Z INFO [498/750] 64efd8bc-7904-4828-9c61-61249ce21ff6: 229 datasets; 6.3 s; peak memory 721 MiB.
2026-10-07T23:43:44Z INFO [499/750] 64efda05-43df-4c55-801b-34e2cda36f56: 214 datasets; 2.8 s; peak memory 721 MiB.
2026-10-07T23:43:50Z INFO [500/750] 64f09410-0566-4102-bfe6-34b0fefdedaf: 229 datasets; 5.7 s; peak memory 721 MiB.
2026-10-07T23:43:50Z INFO [500/750] 64f09410-0566-4102-bfe6-34b0fefdedaf: checkpointed 95585 records.
2026-10-07T23:43:54Z INFO [501/750] 64f0de1b-88dc-4436-9213-2a7c79d4a160: 156 datasets; 3.7 s; peak memory 721 MiB.
2026-10-07T23:43:55Z INFO [502/750] 64f1439a-c7a9-4b08-936b-e691e6c86de7: 48 datasets; 1.3 s; peak memory 721 MiB.
2026-10-07T23:43:56Z INFO [503/750] 64f2566f-c0af-4cde-b708-6cffadf8191d: 48 datasets; 1.2 s; peak memory 721 MiB.
2026-10-07T23:43:58Z INFO [504/750] 64f2e157-167d-4924-81dc-6b38090068c5: 66 datasets; 2.0 s; peak memory 721 MiB.
2026-10-07T23:44:00Z INFO [505/750] 64f2eb1f-d57f-4fcc-aa6e-b35496ab4301: 66 datasets; 1.8 s; peak memory 722 MiB.
2026-10-07T23:44:13Z INFO [506/750] 64f30dc5-5b7e-436f-8921-29dac9148e98: 584 datasets; 12.7 s; peak memory 722 MiB.
2026-10-07T23:44:14Z INFO [507/750] 64f38f26-5cd5-4c37-b414-e8233f16f2bf: 118 datasets; 1.6 s; peak memory 722 MiB.
2026-10-07T23:44:16Z INFO [508/750] 64f3acdf-0033-48b8-ae6c-911f00ea39ee: 72 datasets; 1.5 s; peak memory 722 MiB.
2026-10-07T23:44:18Z INFO [509/750] 64f5d39e-0729-413c-afba-9d135374590f: 71 datasets; 2.0 s; peak memory 722 MiB.
2026-10-07T23:44:19Z INFO [510/750] 64f786e6-a9f2-4630-8ead-c37130749676: 48 datasets; 1.3 s; peak memory 722 MiB.
2026-10-07T23:44:20Z INFO [511/750] 64f793d8-1b84-43a0-854a-5cf348c5fc24: 48 datasets; 1.3 s; peak memory 722 MiB.
2026-10-07T23:44:22Z INFO [512/750] 64f8ede5-5cd3-4b41-b48d-bf3c1712e83a: 117 datasets; 1.5 s; peak memory 722 MiB.
2026-10-07T23:44:35Z INFO [513/750] 64f9131f-b8a5-4a3c-8b23-adcf8caea6f9: 97 datasets; 13.5 s; peak memory 722 MiB.
2026-10-07T23:44:38Z INFO [514/750] 64f9a07c-8436-4164-9c6c-8ef04283dbd1: 90 datasets; 3.1 s; peak memory 722 MiB.
2026-10-07T23:44:40Z INFO [515/750] 64fa1d6d-121b-47fa-b50e-b3195b6ef7de: 112 datasets; 1.9 s; peak memory 722 MiB.
2026-10-07T23:47:11Z INFO [516/750] 64fb89fb-dbbe-4870-a1c6-950771a578aa: 280 datasets; 150.5 s; peak memory 722 MiB.
2026-10-07T23:47:35Z INFO [517/750] 64fc060a-d057-4c46-85de-a8810e8fa7ac: 1085 datasets; 24.5 s; peak memory 722 MiB.
2026-10-07T23:47:38Z INFO [518/750] 64fc12c7-506d-43a0-9e96-570d99850466: 158 datasets; 2.6 s; peak memory 722 MiB.
2026-10-07T23:48:47Z INFO [519/750] 64fd21cc-c040-4de8-9b3e-dedd3630d554: 87 datasets; 69.0 s; peak memory 722 MiB.
2026-10-07T23:49:44Z INFO [520/750] 64fdbcb9-3f05-4093-b700-80eee17743cd: 52 datasets; 57.1 s; peak memory 722 MiB.
2026-10-07T23:49:58Z INFO [521/750] 64feb911-326f-4c90-b080-0043dc0be855: 797 datasets; 14.4 s; peak memory 722 MiB.
2026-10-07T23:49:59Z INFO [522/750] 64fee5a7-4c33-4ea3-beb9-fa596101ee19: 58 datasets; 1.0 s; peak memory 722 MiB.
2026-10-07T23:50:01Z INFO [523/750] 64ff928f-9cfc-41b3-a1df-f3e6f7105c17: 112 datasets; 1.7 s; peak memory 722 MiB.
2026-10-07T23:50:16Z INFO [524/750] 65000215-b393-4cc0-bc28-551dd9737d1e: 38 datasets; 15.3 s; peak memory 722 MiB.
2026-10-07T23:50:18Z INFO [525/750] 6500d6ab-29f0-4417-b9da-552af3026b1e: 48 datasets; 1.3 s; peak memory 722 MiB.
2026-10-07T23:50:19Z INFO [526/750] 65013a9b-3ca1-4546-911b-52e86852835d: 117 datasets; 1.7 s; peak memory 722 MiB.
2026-10-07T23:50:22Z INFO [527/750] 6501c75b-5278-4646-82e5-3ac4c0ca1e9f: 90 datasets; 2.6 s; peak memory 722 MiB.
2026-10-07T23:51:08Z INFO [528/750] 6502e9a6-85f0-4201-a5f2-cc7b218db268: 16289 datasets; 45.5 s; peak memory 722 MiB.
2026-10-07T23:51:09Z INFO [529/750] 6503a1b9-e98a-4589-92da-f861e461b186: 62 datasets; 1.7 s; peak memory 722 MiB.
2026-10-07T23:51:32Z INFO [530/750] 65042642-8257-495c-a025-795853b102ed: 48 datasets; 22.3 s; peak memory 722 MiB.
2026-10-07T23:51:44Z INFO [531/750] 6504a44d-72d2-4013-9aa5-d8e59a29bfc9: 410 datasets; 12.5 s; peak memory 722 MiB.
2026-10-07T23:51:45Z INFO [532/750] 6504fbdc-4c7c-426f-b9f1-6345ee59daf8: 48 datasets; 1.3 s; peak memory 722 MiB.
2026-10-07T23:51:47Z INFO [533/750] 65057421-854d-4b53-9ec4-61019d8903b3: 48 datasets; 1.3 s; peak memory 722 MiB.
2026-10-07T23:51:48Z INFO [534/750] 650610d6-7375-496f-9f01-97b2bdbbc38e: 47 datasets; 1.8 s; peak memory 722 MiB.
2026-10-07T23:51:51Z INFO [535/750] 65066b10-6443-45c9-be5e-9b92b88de388: 112 datasets; 2.1 s; peak memory 722 MiB.
2026-10-07T23:51:52Z INFO [536/750] 6506c870-e537-444f-9f5e-cce0e90f1ee3: 116 datasets; 1.7 s; peak memory 722 MiB.
2026-10-07T23:51:54Z INFO [537/750] 65076074-c642-433c-b335-5ba55e4a825d: 116 datasets; 1.6 s; peak memory 722 MiB.
2026-10-07T23:51:55Z INFO [538/750] 650796a1-ef0e-42f7-af08-1da93d1510b2: 46 datasets; 1.0 s; peak memory 722 MiB.
2026-10-07T23:52:05Z INFO [539/750] 65083347-118c-430d-8280-38e5ee7b67fb: 336 datasets; 9.9 s; peak memory 722 MiB.
2026-10-07T23:52:09Z INFO [540/750] 6508b6c4-7b33-4e50-bafd-10575c61d34b: 50 datasets; 4.2 s; peak memory 722 MiB.
2026-10-07T23:52:10Z INFO [541/750] 6508eb26-26de-4689-9404-949a8945876e: 48 datasets; 1.3 s; peak memory 722 MiB.
2026-10-07T23:52:11Z INFO [542/750] 65094e6d-8c4e-4e37-a0ae-f1b76ffac8c6: 48 datasets; 1.2 s; peak memory 722 MiB.
2026-10-07T23:54:11Z INFO [543/750] 6509ca0a-fd1b-490a-9134-6dbf8351c4fa: 15515 datasets; 119.5 s; peak memory 722 MiB.
2026-10-07T23:54:13Z INFO [544/750] 650a0185-1209-4058-ac2a-39285d8d9c4c: 112 datasets; 1.7 s; peak memory 722 MiB.
2026-10-07T23:54:14Z INFO [545/750] 650a2c25-0016-4520-94e4-4f7aa4f14be0: 64 datasets; 1.8 s; peak memory 722 MiB.
2026-10-07T23:54:15Z INFO [546/750] 650b6a13-3dc9-495e-aeb7-9af754f12fb2: 46 datasets; 1.0 s; peak memory 722 MiB.
2026-10-07T23:54:17Z INFO [547/750] 650b73ee-9f01-4043-9f06-b30550a47a8b: 52 datasets; 1.3 s; peak memory 722 MiB.
2026-10-07T23:54:18Z INFO [548/750] 650ba153-715b-4b13-88f2-6601bda6948d: 46 datasets; 0.9 s; peak memory 722 MiB.
2026-10-07T23:55:03Z INFO [549/750] 650bae84-6bd5-4283-9d8d-81af2ab0d966: 5003 datasets; 45.2 s; peak memory 722 MiB.
2026-10-07T23:55:04Z INFO [550/750] 650bf8b0-b37e-4384-8ccf-0f358beb985f: 46 datasets; 1.1 s; peak memory 722 MiB.
2026-10-07T23:55:04Z INFO [550/750] 650bf8b0-b37e-4384-8ccf-0f358beb985f: checkpointed 95635 records.
2026-10-07T23:55:05Z INFO [551/750] 650c20d5-a88d-4ee7-b434-60eba27dc6ed: 42 datasets; 1.2 s; peak memory 722 MiB.
2026-10-07T23:55:08Z INFO [552/750] 650c5ad0-2aa5-428d-9e9d-85ecf68760ef: 38 datasets; 2.9 s; peak memory 722 MiB.
2026-10-07T23:55:16Z INFO [553/750] 650d4ccf-2a78-44e1-8c6e-8658f4aeadfb: 599 datasets; 7.4 s; peak memory 722 MiB.
2026-10-07T23:55:17Z INFO [554/750] 650d7236-0cf9-4f24-8840-7eaa2c8f8beb: 117 datasets; 1.5 s; peak memory 722 MiB.
2026-10-07T23:55:22Z INFO [555/750] 650ddb71-d8b5-4e9e-9fcc-8f57ac3fba65: 313 datasets; 4.4 s; peak memory 722 MiB.
2026-10-07T23:55:24Z INFO [556/750] 650e1469-1a5e-4df2-86d1-9a01a7662f15: 112 datasets; 2.0 s; peak memory 722 MiB.
2026-10-07T23:55:45Z INFO [557/750] 650e4cc9-4e5c-4af2-a733-2b3fe987d876: 48 datasets; 21.8 s; peak memory 722 MiB.
2026-10-07T23:55:47Z INFO [558/750] 6510bd79-73f2-4a12-8964-3667478fb1eb: 48 datasets; 1.3 s; peak memory 722 MiB.
2026-10-07T23:55:48Z INFO [559/750] 6510e8a9-2e60-4d99-8f2d-f803d6f8cac0: 48 datasets; 1.3 s; peak memory 722 MiB.
2026-10-07T23:55:49Z INFO [560/750] 65112b9c-5581-4471-a588-68b187159875: 52 datasets; 1.3 s; peak memory 722 MiB.
2026-10-07T23:55:51Z INFO [561/750] 65119998-6574-49ad-accb-83d4a4c08286: 112 datasets; 2.0 s; peak memory 722 MiB.
2026-10-08T00:00:03Z INFO [562/750] 6511fe49-ab53-4a31-95e5-4ee6e0079386: 292 datasets; 251.7 s; peak memory 722 MiB.
2026-10-08T00:00:05Z INFO [563/750] 65121c6a-a7f7-4810-9194-f3ae8c546bbd: 71 datasets; 2.4 s; peak memory 722 MiB.
2026-10-08T00:04:40Z INFO [564/750] 65130b75-4940-4211-9607-ee857e5f1c69: 472 datasets; 275.0 s; peak memory 722 MiB.
2026-10-08T00:04:46Z INFO [565/750] 6513e5fd-cedf-4fbf-a989-751ab30fcb67: 223 datasets; 5.3 s; peak memory 722 MiB.
2026-10-08T00:04:50Z INFO [566/750] 6513e6d6-1dd6-4846-96b4-35660e1beef1: 48 datasets; 4.1 s; peak memory 722 MiB.
2026-10-08T00:04:51Z INFO [567/750] 65152746-0bc6-4069-bae7-d40f381378f3: 116 datasets; 1.7 s; peak memory 722 MiB.
2026-10-08T00:04:53Z INFO [568/750] 65153009-98d8-4b2d-b84c-67ac10702f5b: 112 datasets; 1.6 s; peak memory 722 MiB.
2026-10-08T00:04:55Z INFO [569/750] 6515aaa1-8e1f-4d0e-870e-b639ec8e1c2c: 116 datasets; 1.5 s; peak memory 722 MiB.
2026-10-08T00:04:56Z INFO [570/750] 6516004a-d7ed-4be3-b54e-2a8b2909a58e: 62 datasets; 1.8 s; peak memory 722 MiB.
2026-10-08T00:04:58Z INFO [571/750] 6516fd01-6bc4-4819-912e-92978eed147f: 59 datasets; 1.3 s; peak memory 722 MiB.
2026-10-08T00:04:59Z INFO [572/750] 65170e15-8fa0-4b31-8f7d-e2b7640cb9f6: 275 datasets; 1.8 s; peak memory 722 MiB.
2026-10-08T00:05:03Z INFO [573/750] 6518c3ad-7db4-4a20-bdc8-a1bd3ba83501: 168 datasets; 3.1 s; peak memory 722 MiB.
2026-10-08T00:05:05Z INFO [574/750] 65191a49-b0c4-4e35-b41f-a0f8e4dcbd35: 112 datasets; 2.1 s; peak memory 722 MiB.
2026-10-08T00:05:26Z INFO [575/750] 651a1c50-7e46-4922-a025-863d4e3f369d: 1826 datasets; 20.9 s; peak memory 722 MiB.
2026-10-08T00:05:27Z INFO [576/750] 651ab8fb-ac6d-4e9b-8089-9283da663ca5: 117 datasets; 1.6 s; peak memory 722 MiB.
2026-10-08T00:05:28Z INFO [577/750] 651b4e9d-7729-43cb-91d6-8cd8e3df8e44: 48 datasets; 1.3 s; peak memory 722 MiB.
2026-10-08T00:05:30Z INFO [578/750] 651bec30-44e3-440e-9515-411e56ed9890: 48 datasets; 1.4 s; peak memory 722 MiB.
2026-10-08T00:05:32Z INFO [579/750] 651cb2c4-de54-4e40-9541-04faf4082765: 110 datasets; 1.8 s; peak memory 722 MiB.
2026-10-08T00:05:33Z INFO [580/750] 651d8af8-880a-4974-b89f-2e4da74647a7: 48 datasets; 1.3 s; peak memory 722 MiB.
2026-10-08T00:05:34Z INFO [581/750] 651e1bc0-16ed-4ee1-b24f-27311db9f63c: 116 datasets; 1.4 s; peak memory 722 MiB.
2026-10-08T00:05:41Z INFO [582/750] 651e252d-7340-4d65-9046-cb142ff227e7: 200 datasets; 6.4 s; peak memory 722 MiB.
2026-10-08T00:05:42Z INFO [583/750] 651e3f5d-c84c-4343-891e-8dc872346177: 48 datasets; 1.3 s; peak memory 722 MiB.
2026-10-08T00:05:43Z INFO [584/750] 651ed7c5-753c-497e-a852-66b3e298bdf4: 35 datasets; 1.3 s; peak memory 722 MiB.
2026-10-08T00:05:48Z INFO [585/750] 651ef7f7-156c-4623-b2b3-bc47324b4283: 400 datasets; 4.9 s; peak memory 722 MiB.
2026-10-08T00:05:56Z INFO [586/750] 651f1555-291e-4029-b4b6-7b7423c3302f: 574 datasets; 7.9 s; peak memory 722 MiB.
2026-10-08T00:22:17Z INFO [587/750] 651f2eda-af11-4e13-8d5f-da61df4f4547: 114 datasets; 980.5 s; peak memory 1203 MiB.
2026-10-08T00:22:18Z INFO [588/750] 651fe511-1c5f-4185-969d-f98512029c09: 48 datasets; 1.3 s; peak memory 1203 MiB.
2026-10-08T00:22:25Z INFO [589/750] 651fec90-430c-4783-86ef-c8af245c33ce: 519 datasets; 6.8 s; peak memory 1203 MiB.
2026-10-08T00:22:26Z INFO [590/750] 6520480d-9f42-4493-9e6e-db057251c9a8: 112 datasets; 1.7 s; peak memory 1203 MiB.
2026-10-08T00:22:44Z INFO [591/750] 6520ba74-b435-4513-aad2-961c0ff89ea9: 38 datasets; 17.4 s; peak memory 1203 MiB.
2026-10-08T00:22:45Z INFO [592/750] 6520ddff-610e-4f8e-b23b-6b2a90536faf: 48 datasets; 1.3 s; peak memory 1203 MiB.
2026-10-08T00:22:47Z INFO [593/750] 65214c20-0414-4a80-b32f-dd0e538e69bc: 50 datasets; 1.7 s; peak memory 1203 MiB.
2026-10-08T00:22:49Z INFO [594/750] 65225960-612a-4814-832c-7c9b4d7a9257: 92 datasets; 2.4 s; peak memory 1203 MiB.
2026-10-08T00:22:51Z INFO [595/750] 652262fe-8a9d-490c-a1f4-a64b459e3326: 117 datasets; 1.7 s; peak memory 1203 MiB.
2026-10-08T00:22:53Z INFO [596/750] 65228af4-9874-4ddb-9388-b13aed6ecf62: 71 datasets; 2.0 s; peak memory 1203 MiB.
2026-10-08T00:22:54Z INFO [597/750] 6522b267-3bae-45e0-89a2-64a0768e4b08: 48 datasets; 1.3 s; peak memory 1203 MiB.
2026-10-08T00:22:58Z INFO [598/750] 652383b8-8fe0-4717-8b09-3b09a29e72ba: 90 datasets; 4.1 s; peak memory 1203 MiB.
2026-10-08T00:22:59Z INFO [599/750] 65238f35-ea10-4d28-9401-d62097075d46: 46 datasets; 1.0 s; peak memory 1203 MiB.
2026-10-08T00:23:00Z INFO [600/750] 6523d173-9c00-448b-82c3-e0fd5c6990e5: 52 datasets; 1.1 s; peak memory 1203 MiB.
2026-10-08T00:23:00Z INFO [600/750] 6523d173-9c00-448b-82c3-e0fd5c6990e5: checkpointed 95685 records.
2026-10-08T00:23:02Z INFO [601/750] 65252f1b-8b6d-47ae-9655-23780c831390: 64 datasets; 1.6 s; peak memory 1203 MiB.
2026-10-08T00:23:16Z INFO [602/750] 652741f5-9f7f-4bc9-8a11-dd8d4381c0f0: 864 datasets; 13.8 s; peak memory 1203 MiB.
2026-10-08T00:23:17Z INFO [603/750] 65289027-6ca5-4810-8fac-8112d1a758e2: 59 datasets; 1.6 s; peak memory 1203 MiB.
2026-10-08T00:23:19Z INFO [604/750] 6528aec3-6d0c-4378-a65f-81c5276d9044: 117 datasets; 1.7 s; peak memory 1203 MiB.
2026-10-08T00:23:22Z INFO [605/750] 6528e59f-1827-471a-96c1-1fccfa22b67a: 115 datasets; 2.9 s; peak memory 1203 MiB.
2026-10-08T00:23:36Z INFO [606/750] 65290f22-649a-4ebe-8ef7-0fcbea17faed: 3973 datasets; 13.6 s; peak memory 1203 MiB.
2026-10-08T00:23:37Z INFO [607/750] 652a3691-b012-4307-9595-d4ad246fc914: 35 datasets; 1.0 s; peak memory 1203 MiB.
2026-10-08T00:24:00Z INFO [608/750] 652aa7de-9cbd-40d3-a380-e9cf5dfb87ed: 48 datasets; 23.8 s; peak memory 1203 MiB.
2026-10-08T00:24:02Z INFO [609/750] 652b594d-9688-4deb-9847-f8447e2b4650: 48 datasets; 1.3 s; peak memory 1203 MiB.
2026-10-08T00:24:04Z INFO [610/750] 652c8985-db9b-4856-942c-a5d5cbe955fe: 38 datasets; 2.6 s; peak memory 1203 MiB.
2026-10-08T00:24:05Z INFO [611/750] 652c9eee-b331-47cc-8595-af6c50b5c855: 46 datasets; 0.9 s; peak memory 1203 MiB.
2026-10-08T00:24:07Z INFO [612/750] 652d2767-09dd-496e-b530-55aabcfcae3c: 52 datasets; 1.4 s; peak memory 1203 MiB.
2026-10-08T00:24:10Z INFO [613/750] 652da246-c94a-4abb-b194-4a52778a78f9: 118 datasets; 3.6 s; peak memory 1203 MiB.
2026-10-08T00:24:12Z INFO [614/750] 652ebd6c-5c23-412e-a1f3-cec5f6db697d: 49 datasets; 1.8 s; peak memory 1203 MiB.
2026-10-08T00:24:15Z INFO [615/750] 652f5dae-a306-4419-a238-5cc14e17e59c: 38 datasets; 2.6 s; peak memory 1203 MiB.
2026-10-08T00:24:17Z INFO [616/750] 652f8761-18e1-40fb-a466-fe49b18e8d65: 90 datasets; 2.8 s; peak memory 1203 MiB.
2026-10-08T00:24:19Z INFO [617/750] 652fa570-cf3a-4e97-b82b-243c50bbc230: 48 datasets; 1.4 s; peak memory 1203 MiB.
2026-10-08T00:24:20Z INFO [618/750] 652fc8c0-041d-4fb7-b44d-241cd3520771: 117 datasets; 1.6 s; peak memory 1203 MiB.
2026-10-08T00:24:22Z INFO [619/750] 65311187-468a-40a6-bc0c-b389a7a9e616: 48 datasets; 1.4 s; peak memory 1203 MiB.
2026-10-08T00:24:24Z INFO [620/750] 6531cd42-1439-4171-b948-7d56cce01828: 112 datasets; 2.2 s; peak memory 1203 MiB.
2026-10-08T00:24:25Z INFO [621/750] 65323e5f-1a2b-4829-8925-e8696b41ec6a: 116 datasets; 1.4 s; peak memory 1203 MiB.
2026-10-08T00:24:29Z INFO [622/750] 6532e678-fe93-465e-9f4b-88aeef74e494: 273 datasets; 4.2 s; peak memory 1203 MiB.
2026-10-08T00:27:06Z INFO [623/750] 6532fa69-5bdc-492b-ade0-c43b31118fc6: 129 datasets; 156.7 s; peak memory 1203 MiB.
2026-10-08T00:27:08Z INFO [624/750] 65331d8e-80ef-430c-b1e0-d7336a9f5a81: 48 datasets; 1.4 s; peak memory 1203 MiB.
2026-10-08T00:27:12Z INFO [625/750] 65340ae5-b35b-49f7-bc7d-4350b8a9ffd9: 300 datasets; 4.3 s; peak memory 1203 MiB.
2026-10-08T00:27:13Z INFO [626/750] 653525b5-ac8f-4ec8-a1c0-f65e003bbb1b: 59 datasets; 1.7 s; peak memory 1203 MiB.
2026-10-08T00:27:15Z INFO [627/750] 65363065-f0c5-4e3d-8cc9-40ad702059d9: 66 datasets; 1.9 s; peak memory 1203 MiB.
2026-10-08T00:27:17Z INFO [628/750] 65379c7a-8788-4da3-816e-c28cc2563978: 118 datasets; 1.6 s; peak memory 1203 MiB.
2026-10-08T00:27:26Z INFO [629/750] 65379e1c-9653-430a-a432-f84f0cb57ea4: 233 datasets; 9.4 s; peak memory 1203 MiB.
2026-10-08T00:27:30Z INFO [630/750] 653847e1-7910-43e7-9751-d052c0c99db7: 114 datasets; 3.3 s; peak memory 1203 MiB.
2026-10-08T00:27:31Z INFO [631/750] 6538e249-d0c6-4762-b392-04710e5e5e53: 48 datasets; 1.5 s; peak memory 1203 MiB.
2026-10-08T00:27:33Z INFO [632/750] 6538fc78-c1b6-4111-9303-66205d0ca83a: 48 datasets; 1.4 s; peak memory 1203 MiB.
2026-10-08T00:27:38Z INFO [633/750] 65395b29-525d-4435-ac48-42c68d632a63: 538 datasets; 5.8 s; peak memory 1203 MiB.
2026-10-08T00:27:40Z INFO [634/750] 65397236-8474-426f-a31f-29f9b786a9a1: 35 datasets; 1.1 s; peak memory 1203 MiB.
2026-10-08T00:27:41Z INFO [635/750] 653a2d91-56be-4ff6-afd2-9d0e2be93887: 118 datasets; 1.5 s; peak memory 1203 MiB.
2026-10-08T00:27:43Z INFO [636/750] 653a8fed-86ee-47c5-93f3-8d4583d2af68: 117 datasets; 1.8 s; peak memory 1203 MiB.
2026-10-08T00:27:59Z INFO [637/750] 653aa546-38a3-497f-918a-a9f6e148f6af: 1583 datasets; 15.7 s; peak memory 1203 MiB.
2026-10-08T00:28:00Z INFO [638/750] 653af4a9-60cf-4b06-882a-e907a332dea0: 48 datasets; 1.3 s; peak memory 1203 MiB.
2026-10-08T00:28:01Z INFO [639/750] 653b3c0b-17ea-4c4d-8e35-0cdc71715423: 117 datasets; 1.6 s; peak memory 1203 MiB.
2026-10-08T00:28:24Z INFO [640/750] 653b6b68-c91b-49cd-8d2c-4f38d9038f84: 48 datasets; 22.4 s; peak memory 1203 MiB.
2026-10-08T00:28:26Z INFO [641/750] 653bb801-dd7b-41d6-9432-f3e5c429a791: 112 datasets; 2.3 s; peak memory 1203 MiB.
2026-10-08T00:28:33Z INFO [642/750] 653c25c8-f69c-4ea2-8227-8af26829d080: 56 datasets; 6.6 s; peak memory 1203 MiB.
2026-10-08T00:28:34Z INFO [643/750] 653cb7e9-f4e3-47e2-8997-2531daae6d75: 76 datasets; 1.5 s; peak memory 1203 MiB.
2026-10-08T00:29:00Z INFO [644/750] 653cf085-454f-47bf-ad06-0b74f2e3ed97: 1133 datasets; 25.7 s; peak memory 1203 MiB.
2026-10-08T00:29:03Z INFO [645/750] 653d704a-b94e-4cf3-9091-15d9e6f6e022: 116 datasets; 3.3 s; peak memory 1203 MiB.
2026-10-08T00:29:06Z INFO [646/750] 653e08e9-b5fe-4eb1-9dba-da8fe012c988: 71 datasets; 2.7 s; peak memory 1203 MiB.
2026-10-08T00:29:08Z INFO [647/750] 65400fba-1056-4a90-8154-43789fb3a557: 112 datasets; 1.7 s; peak memory 1203 MiB.
2026-10-08T00:29:09Z INFO [648/750] 65405923-e0f8-4b26-a60a-25331d9a3df0: 48 datasets; 1.4 s; peak memory 1203 MiB.
2026-10-08T00:29:25Z INFO [649/750] 6540a3e2-a441-4026-b6ed-02c91eb7d609: 629 datasets; 16.3 s; peak memory 1203 MiB.
2026-10-08T00:29:27Z INFO [650/750] 6541286e-c934-4b79-9c8b-d3195fb34901: 48 datasets; 1.4 s; peak memory 1203 MiB.
2026-10-08T00:29:27Z INFO [650/750] 6541286e-c934-4b79-9c8b-d3195fb34901: checkpointed 95735 records.
2026-10-08T00:29:28Z INFO [651/750] 65413c19-2ddf-4397-a704-9eb628ce82bf: 57 datasets; 1.0 s; peak memory 1203 MiB.
2026-10-08T00:29:31Z INFO [652/750] 6541b6b8-ef70-4199-bdde-afdb1ef0a969: 71 datasets; 2.7 s; peak memory 1203 MiB.
2026-10-08T00:29:33Z INFO [653/750] 654225bf-3b66-4701-97cb-0bcc89e7bdd6: 70 datasets; 2.0 s; peak memory 1203 MiB.
2026-10-08T00:29:35Z INFO [654/750] 6542b07e-0ab5-4b60-a00b-d677c72a83c9: 71 datasets; 2.7 s; peak memory 1203 MiB.
2026-10-08T00:29:36Z INFO [655/750] 6543e8e9-71ec-4ebe-a43e-f2bb06927562: 77 datasets; 1.3 s; peak memory 1203 MiB.
2026-10-08T00:29:38Z INFO [656/750] 6545342a-fbe8-4da6-9e02-47d0f01466d8: 48 datasets; 1.3 s; peak memory 1203 MiB.
2026-10-08T00:29:39Z INFO [657/750] 6545460e-b6d0-4274-bdea-09416d51a3df: 39 datasets; 1.1 s; peak memory 1203 MiB.
2026-10-08T00:30:37Z INFO [658/750] 6546e39b-afc6-4ae5-a81b-22f70c813309: 52 datasets; 58.2 s; peak memory 1203 MiB.
2026-10-08T00:30:39Z INFO [659/750] 65470277-cd1d-448d-8145-1f78bc6d55ba: 68 datasets; 1.5 s; peak memory 1203 MiB.
2026-10-08T00:30:40Z INFO [660/750] 65472684-0179-4004-b49a-7614f0f765e8: 46 datasets; 1.2 s; peak memory 1203 MiB.
2026-10-08T00:30:41Z INFO [661/750] 65473215-7fbf-4004-a2ac-49c8654fbf18: 52 datasets; 1.6 s; peak memory 1203 MiB.
2026-10-08T00:30:45Z INFO [662/750] 6547b967-45d7-4656-b4cb-818500ad70c6: 117 datasets; 3.1 s; peak memory 1203 MiB.
2026-10-08T00:30:46Z INFO [663/750] 6548cdcb-b0d3-4e27-9c99-85832ca72ea7: 48 datasets; 1.2 s; peak memory 1203 MiB.
2026-10-08T00:30:47Z INFO [664/750] 6548cf46-f6f2-403c-9e46-b0e0160c0b58: 48 datasets; 1.4 s; peak memory 1203 MiB.
2026-10-08T00:30:48Z INFO [665/750] 65496dd5-71a0-4b33-83a2-63cec41a8ed4: 48 datasets; 1.3 s; peak memory 1203 MiB.
2026-10-08T00:30:57Z INFO [666/750] 654979d3-95a0-48b1-8cdf-788a205705dc: 11477 datasets; 8.6 s; peak memory 1203 MiB.
2026-10-08T00:30:58Z INFO [667/750] 654a014f-ebdc-4eb0-807c-9e88c3231f96: 58 datasets; 1.1 s; peak memory 1203 MiB.
2026-10-08T00:31:00Z INFO [668/750] 654a401d-bec5-4660-8d57-5671a73337b9: 112 datasets; 1.9 s; peak memory 1203 MiB.
2026-10-08T00:31:01Z INFO [669/750] 654c2d02-473c-401d-b845-2dc66f6d8d91: 48 datasets; 1.3 s; peak memory 1203 MiB.
2026-10-08T00:31:03Z INFO [670/750] 654c582c-f81b-4372-be33-fa3c044d5d74: 48 datasets; 1.4 s; peak memory 1203 MiB.
2026-10-08T00:31:04Z INFO [671/750] 654ccee1-9d62-4c89-8fc9-7f38fd187492: 50 datasets; 1.0 s; peak memory 1203 MiB.
2026-10-08T00:33:20Z INFO [672/750] 654d64cb-1dfe-466c-92d6-7604fba6b79f: 260 datasets; 136.1 s; peak memory 1203 MiB.
2026-10-08T00:33:44Z INFO [673/750] 654d9fb9-a175-4a85-b664-01bee8be5f09: 48 datasets; 24.0 s; peak memory 1203 MiB.
2026-10-08T00:33:45Z INFO [674/750] 654dd1dd-64fa-4472-bfab-4cf873c9506d: 66 datasets; 1.8 s; peak memory 1203 MiB.
2026-10-08T00:33:47Z INFO [675/750] 654de9de-3f92-4879-8e3d-a6705f2b587b: 112 datasets; 1.9 s; peak memory 1203 MiB.
2026-10-08T00:33:49Z INFO [676/750] 654ded4d-132b-4960-b2a7-e864436a63a3: 63 datasets; 1.4 s; peak memory 1203 MiB.
2026-10-08T00:33:51Z INFO [677/750] 654e2084-cc85-41ff-a84a-a603daf6feb2: 112 datasets; 2.0 s; peak memory 1203 MiB.
2026-10-08T00:34:08Z INFO [678/750] 654e8da1-034a-4d5b-8857-07d77e0f68ff: 622 datasets; 17.7 s; peak memory 1203 MiB.
2026-10-08T00:34:10Z INFO [679/750] 654f1cca-028b-4fe5-b39e-49d28276e021: 48 datasets; 1.3 s; peak memory 1203 MiB.
2026-10-08T00:34:11Z INFO [680/750] 654f1ff2-207f-4d46-adac-aaf8233baae6: 46 datasets; 1.3 s; peak memory 1203 MiB.
2026-10-08T00:34:13Z INFO [681/750] 654f90e0-dcd7-439f-83c6-ce73d6eb1f4c: 68 datasets; 1.6 s; peak memory 1203 MiB.
2026-10-08T00:34:14Z INFO [682/750] 6550197b-8790-4033-a5d7-ed98fa674826: 45 datasets; 1.0 s; peak memory 1203 MiB.
2026-10-08T00:35:02Z INFO [683/750] 65502f47-f1d4-49f9-83a1-20b76d5fb4d1: 52 datasets; 48.3 s; peak memory 1203 MiB.
2026-10-08T00:35:04Z INFO [684/750] 65523d59-f071-4a08-be33-5a7b85d1908b: 71 datasets; 2.6 s; peak memory 1203 MiB.
2026-10-08T00:35:08Z INFO [685/750] 655290aa-dc4c-43bc-8a72-17764c3aeb28: 138 datasets; 3.7 s; peak memory 1203 MiB.
2026-10-08T00:35:20Z INFO [686/750] 6552ce70-cc63-439e-8b6a-e209b39cd7a4: 396 datasets; 11.7 s; peak memory 1203 MiB.
2026-10-08T00:35:21Z INFO [687/750] 6552d906-bd05-4f27-9a01-8c292da23860: 112 datasets; 1.6 s; peak memory 1203 MiB.
2026-10-08T00:36:19Z INFO [688/750] 655413a1-31d1-41d4-97df-fc6769043bf3: 55 datasets; 57.2 s; peak memory 1203 MiB.
2026-10-08T00:36:50Z INFO [689/750] 655413fd-e938-49c9-83ac-9d96f1132644: 2000 datasets; 31.5 s; peak memory 1203 MiB.
2026-10-08T00:36:51Z INFO [690/750] 65548954-13f6-430d-9bab-22d8e999896a: 45 datasets; 1.1 s; peak memory 1203 MiB.
2026-10-08T00:36:53Z INFO [691/750] 6555bf90-3eaf-48bb-afc7-0c5035aa0881: 117 datasets; 1.5 s; peak memory 1203 MiB.
2026-10-08T00:36:54Z INFO [692/750] 6555cb94-070b-4b69-bdcf-80f33d4b4ee3: 117 datasets; 1.6 s; peak memory 1203 MiB.
2026-10-08T00:37:01Z INFO [693/750] 6556572c-a0d6-475f-9d68-cdad44b8297f: 238 datasets; 6.6 s; peak memory 1203 MiB.
2026-10-08T00:37:03Z INFO [694/750] 6556c00d-69ca-4c9d-9df1-a4706732a4f6: 112 datasets; 1.6 s; peak memory 1203 MiB.
2026-10-08T00:37:19Z INFO [695/750] 6556d13b-3148-45c6-bcbf-c5119438b0bf: 1196 datasets; 15.9 s; peak memory 1203 MiB.
2026-10-08T00:37:20Z INFO [696/750] 65598d06-bd43-4621-ab6c-62b32def1d6d: 50 datasets; 1.2 s; peak memory 1203 MiB.
2026-10-08T00:37:21Z INFO [697/750] 655a83e4-78be-4de3-a1d5-dbaa93503f08: 118 datasets; 1.6 s; peak memory 1203 MiB.
2026-10-08T00:37:24Z INFO [698/750] 655a8d7f-cf07-4b5e-ac65-e5e62fdb0c10: 73 datasets; 2.2 s; peak memory 1203 MiB.
2026-10-08T00:37:48Z INFO [699/750] 655af25e-85dd-4183-b93a-d316eff606a5: 48 datasets; 24.3 s; peak memory 1203 MiB.
2026-10-08T00:37:49Z INFO [700/750] 655b6a84-96a8-4405-9039-f2bb7a873247: 51 datasets; 1.0 s; peak memory 1203 MiB.
2026-10-08T00:37:49Z INFO [700/750] 655b6a84-96a8-4405-9039-f2bb7a873247: checkpointed 95785 records.
2026-10-08T00:37:50Z INFO [701/750] 655be490-79b6-4198-a7ba-ce6f7b8aba67: 48 datasets; 1.3 s; peak memory 1203 MiB.
2026-10-08T00:37:54Z INFO [702/750] 655d1ed1-e161-4779-b323-19576f14ff79: 116 datasets; 3.2 s; peak memory 1203 MiB.
2026-10-08T00:37:56Z INFO [703/750] 655d4914-39eb-4c3a-9032-9c9a42e1d00e: 66 datasets; 2.2 s; peak memory 1203 MiB.
2026-10-08T00:39:21Z INFO [704/750] 655d51ca-1030-4dee-9b6b-c359dd9cb889: 10817 datasets; 85.7 s; peak memory 1203 MiB.
2026-10-08T00:39:37Z INFO [705/750] 655d7417-b40c-4b72-9009-bcc9ae94032a: 5681 datasets; 15.6 s; peak memory 1203 MiB.
2026-10-08T00:39:38Z INFO [706/750] 655eb3e1-504d-4c6e-b001-d8160bf4a8af: 21 datasets; 1.0 s; peak memory 1203 MiB.
2026-10-08T00:39:39Z INFO [707/750] 655eb60a-ab80-4a35-9f5e-b3d627d71704: 46 datasets; 1.0 s; peak memory 1203 MiB.
2026-10-08T00:39:40Z INFO [708/750] 655ef8bf-9535-44e6-82ec-b4c816d1e10d: 61 datasets; 1.2 s; peak memory 1203 MiB.
2026-10-08T00:39:41Z INFO [709/750] 655faead-9d85-4b1d-9e69-b8e354855f85: 46 datasets; 1.1 s; peak memory 1203 MiB.
2026-10-08T00:39:43Z INFO [710/750] 65631c06-58f2-43b6-8e89-d6c07ba2e6e5: 48 datasets; 1.3 s; peak memory 1203 MiB.
2026-10-08T00:39:57Z INFO [711/750] 65637b27-68a4-409a-85c9-74290d4c4237: 6634 datasets; 14.0 s; peak memory 1203 MiB.
2026-10-08T00:39:58Z INFO [712/750] 6564347d-c1b4-4b57-b8c3-8b37c4571f32: 112 datasets; 1.8 s; peak memory 1203 MiB.
2026-10-08T00:40:00Z INFO [713/750] 65653c97-a5d5-47df-a26a-e4c91abb5ff1: 112 datasets; 2.0 s; peak memory 1203 MiB.
2026-10-08T00:40:01Z INFO [714/750] 6566a4fb-65bd-4407-a53c-780cc3a9904f: 46 datasets; 1.0 s; peak memory 1203 MiB.
2026-10-08T00:40:14Z INFO [715/750] 6567be46-39dd-49c8-80c3-4271295e9281: 669 datasets; 12.5 s; peak memory 1203 MiB.
2026-10-08T00:41:57Z INFO [716/750] 656a0d89-d3b9-4aad-8c35-90ea7b04ae18: 55 datasets; 102.8 s; peak memory 1203 MiB.
2026-10-08T00:41:58Z INFO [717/750] 656a1a1e-4e86-475d-b335-37c1af8bb0f3: 48 datasets; 1.3 s; peak memory 1203 MiB.
2026-10-08T00:42:00Z INFO [718/750] 656a7f01-8470-496d-a986-d8f5364a6007: 109 datasets; 2.1 s; peak memory 1203 MiB.
2026-10-08T00:42:03Z INFO [719/750] 656abdae-53bd-40ef-be3c-8822489da2c5: 115 datasets; 3.0 s; peak memory 1203 MiB.
2026-10-08T00:42:05Z INFO [720/750] 656b076b-c52b-40ae-9251-29ae8ee36d5d: 116 datasets; 1.5 s; peak memory 1203 MiB.
2026-10-08T00:42:08Z INFO [721/750] 656b4ea5-1109-4485-bd08-0abc45615867: 115 datasets; 2.9 s; peak memory 1203 MiB.
2026-10-08T00:42:09Z INFO [722/750] 656bc990-7847-4978-a326-7062228eed50: 35 datasets; 1.0 s; peak memory 1203 MiB.
2026-10-08T00:42:10Z INFO [723/750] 656be9df-92e4-4573-8190-cea32d6bde1d: 110 datasets; 1.7 s; peak memory 1203 MiB.
2026-10-08T00:42:13Z INFO [724/750] 656d096d-777a-48fc-a371-9ee6eccf502d: 121 datasets; 3.0 s; peak memory 1203 MiB.
2026-10-08T00:42:15Z INFO [725/750] 656e1686-ea84-4f89-b02a-cab91119bd72: 52 datasets; 1.3 s; peak memory 1203 MiB.
2026-10-08T00:42:18Z INFO [726/750] 656e67bb-8fa4-493a-a125-08a630e92b1b: 165 datasets; 3.0 s; peak memory 1203 MiB.
2026-10-08T00:42:19Z INFO [727/750] 656f5f78-bff7-4248-9b5b-be2f6a3a85e3: 118 datasets; 1.4 s; peak memory 1203 MiB.
2026-10-08T00:42:20Z INFO [728/750] 656f828f-c56a-40d4-916b-d7b463c7e090: 21 datasets; 1.0 s; peak memory 1203 MiB.
2026-10-08T00:42:27Z INFO [729/750] 656fc8a1-177e-45d1-8dc6-f949200bf676: 538 datasets; 7.4 s; peak memory 1203 MiB.
2026-10-08T00:42:29Z INFO [730/750] 656fd87a-ca7f-4cbf-acbd-c37f02b4c2e3: 48 datasets; 1.3 s; peak memory 1203 MiB.
2026-10-08T00:42:35Z INFO [731/750] 65703d30-2286-4b8e-b379-0968ddba886f: 174 datasets; 6.0 s; peak memory 1203 MiB.
2026-10-08T00:42:42Z INFO [732/750] 6570ffe4-8bf8-45c0-a714-fb8015f65f60: 231 datasets; 7.0 s; peak memory 1203 MiB.
2026-10-08T00:42:43Z INFO [733/750] 6571ad94-4e2e-4506-90f1-1cd5dd4eee4e: 117 datasets; 1.4 s; peak memory 1203 MiB.
2026-10-08T00:42:47Z INFO [734/750] 65722b24-87f4-48e9-be72-912cedb1c59a: 184 datasets; 4.3 s; peak memory 1203 MiB.
2026-10-08T00:42:49Z INFO [735/750] 65723245-ef61-455a-9333-ea9ed6ffa148: 85 datasets; 1.5 s; peak memory 1203 MiB.
2026-10-08T00:42:50Z INFO [736/750] 657324ce-b178-4690-a9e1-fe9233b353cc: 62 datasets; 1.7 s; peak memory 1203 MiB.
2026-10-08T00:42:59Z INFO [737/750] 657329dc-489f-4c08-ab18-6dc1812e5a91: 826 datasets; 9.1 s; peak memory 1203 MiB.
2026-10-08T00:43:02Z INFO [738/750] 6573a16f-4323-4bf9-8e74-a33bdc577752: 70 datasets; 2.3 s; peak memory 1203 MiB.
2026-10-08T00:43:03Z INFO [739/750] 6573a936-4ce0-4f6b-ba1d-fdc0e93cd690: 69 datasets; 1.7 s; peak memory 1203 MiB.
2026-10-08T00:43:05Z INFO [740/750] 6574275e-8b38-499b-8f15-21178973be99: 48 datasets; 1.3 s; peak memory 1203 MiB.
2026-10-08T00:43:06Z INFO [741/750] 65743317-3cc6-4a36-a8fd-d2a139921e0b: 48 datasets; 1.4 s; peak memory 1203 MiB.
2026-10-08T00:43:08Z INFO [742/750] 6574b7e4-23dd-447a-9b44-143451cfe33e: 48 datasets; 1.5 s; peak memory 1203 MiB.
2026-10-08T00:43:10Z INFO [743/750] 6575985c-7b1b-4eaf-92f0-24b36eb50ba0: 49 datasets; 2.1 s; peak memory 1203 MiB.
2026-10-08T00:43:22Z INFO [744/750] 6575d418-a8db-4ce5-bc4f-04c1ebb946dd: 943 datasets; 12.5 s; peak memory 1203 MiB.
2026-10-08T00:43:24Z INFO [745/750] 65773f6a-6ebe-413c-9e56-4a5b1446cbd0: 112 datasets; 1.7 s; peak memory 1203 MiB.
2026-10-08T00:43:25Z INFO [746/750] 6577ded2-0202-4eb0-b37f-47827b1873cf: 48 datasets; 1.2 s; peak memory 1203 MiB.
2026-10-08T00:43:26Z INFO [747/750] 6578ac2b-7a71-4d4d-a0f7-dc9c1caff2c9: 52 datasets; 1.4 s; peak memory 1203 MiB.
2026-10-08T00:43:28Z INFO [748/750] 6578bb4d-2975-4e43-8560-2948ff3ad299: 52 datasets; 1.3 s; peak memory 1203 MiB.
2026-10-08T00:43:29Z INFO [749/750] 6579b460-d173-464a-b10e-3ebc8368f3e4: 48 datasets; 1.5 s; peak memory 1203 MiB.
2026-10-08T00:43:31Z INFO [750/750] 657a4e22-83fb-4694-aba2-6e0a7af2843d: 38 datasets; 1.2 s; peak memory 1203 MiB.
2026-10-08T00:43:31Z INFO [750/750] 657a4e22-83fb-4694-aba2-6e0a7af2843d: checkpointed 95835 records.
2026-10-08T00:43:31Z INFO Wrote 95835 records to /tmp/derivatives/valid_nwb_file_to_number_of_datasets.jsonl (750 new, 0 failed) in 109.2 min (peak memory 1203 MiB).
