2026-09-26T00:28:52Z INFO Logging to /tmp/logs/update_2026-09-26T00-28-52Z.log.
2026-09-26T00:28:52Z INFO Update valid-nwb-file-to-number-of-datasets (base directory /tmp).
2026-09-26T00:28:53Z INFO Processing 364 items (57658 already recorded).
2026-09-26T00:28:54Z INFO [1/364] 166289b1-1841-471f-8b1b-cc6ffe4f0657: 69 datasets; 1.1 s; peak memory 99 MiB.
2026-09-26T00:28:55Z INFO [2/364] 166300cb-dcc4-4590-970f-1ce18be0bfe0: 48 datasets; 0.9 s; peak memory 100 MiB.
2026-09-26T00:28:55Z INFO [3/364] 16634c60-411d-4a71-8dcf-e1cf22276c88: 48 datasets; 0.7 s; peak memory 100 MiB.
2026-09-26T00:28:57Z INFO [4/364] 16669c01-7775-4408-8c26-12372b8ce80b: 163 datasets; 1.4 s; peak memory 105 MiB.
2026-09-26T00:28:58Z INFO [5/364] 16669ea7-db7b-469f-ab81-b30e9465ded8: 110 datasets; 0.9 s; peak memory 105 MiB.
2026-09-26T00:28:59Z INFO [6/364] 1666c000-1ef5-48da-ad71-91ce33c035ed: 69 datasets; 1.0 s; peak memory 106 MiB.
2026-09-26T00:28:59Z INFO [7/364] 16671267-1c7e-490f-a0cc-71c6784ff0b3: 112 datasets; 0.9 s; peak memory 106 MiB.
2026-09-26T00:29:00Z INFO [8/364] 166745c6-b2ab-4897-ba07-03e19445b8f9: 48 datasets; 0.7 s; peak memory 106 MiB.
2026-09-26T00:29:14Z INFO [9/364] 1667d2d5-2ea2-4782-b660-d405f40db54b: 48 datasets; 14.0 s; peak memory 120 MiB.
2026-09-26T00:29:15Z INFO [10/364] 16680492-9d06-4f07-9246-4cf213a95ff6: 48 datasets; 0.6 s; peak memory 120 MiB.
2026-09-26T00:29:16Z INFO [11/364] 1668acb4-4418-46a4-ae92-1f6b92d0e7a7: 71 datasets; 1.0 s; peak memory 120 MiB.
2026-09-26T00:29:17Z INFO [12/364] 1668e390-c2e4-4d97-92a8-f15559fad84a: 117 datasets; 0.8 s; peak memory 120 MiB.
2026-09-26T00:29:18Z INFO [13/364] 1668e946-7db6-4bef-83a2-6bf52dcd6a79: 87 datasets; 1.7 s; peak memory 120 MiB.
2026-09-26T00:29:22Z INFO [14/364] 166978b0-4e8d-42fc-8d13-b324898e9843: 196 datasets; 3.6 s; peak memory 120 MiB.
2026-09-26T00:29:22Z INFO [15/364] 166a26b4-0c47-498b-bafc-085ceb704438: 48 datasets; 0.6 s; peak memory 120 MiB.
2026-09-26T00:29:23Z INFO [16/364] 166a3a13-7620-463f-8292-f2d68ffd2fbe: 69 datasets; 1.0 s; peak memory 120 MiB.
2026-09-26T00:29:24Z INFO [17/364] 166c3323-9f5b-44d8-9229-352a5611443f: 112 datasets; 0.9 s; peak memory 120 MiB.
2026-09-26T00:29:26Z INFO [18/364] 166c47e2-27e2-4743-a356-b7266ec54e47: 191 datasets; 1.5 s; peak memory 120 MiB.
2026-09-26T00:29:27Z INFO [19/364] 166cdc45-9c67-4395-a0ba-ab53281ba89e: 66 datasets; 0.9 s; peak memory 120 MiB.
2026-09-26T00:29:27Z INFO [20/364] 166dc103-936e-4f4f-8c61-c16b0bc1cccb: 48 datasets; 0.7 s; peak memory 120 MiB.
2026-09-26T00:29:36Z INFO [21/364] 166dd388-a1e1-4289-a9dd-b3cd0de0a095: 47 datasets; 8.8 s; peak memory 120 MiB.
2026-09-26T00:29:38Z INFO [22/364] 166df5fa-b8c8-4ee9-8c82-c79261775529: 71 datasets; 1.3 s; peak memory 120 MiB.
2026-09-26T00:29:38Z INFO [23/364] 166e330e-ebae-4a7d-8af7-6609ecd467c7: 48 datasets; 0.7 s; peak memory 120 MiB.
2026-09-26T00:29:49Z INFO [24/364] 166ef629-5119-47b0-b908-346108f260eb: 38 datasets; 10.6 s; peak memory 131 MiB.
2026-09-26T00:29:54Z INFO [25/364] 166f1749-7aba-4bec-8e74-0bf6fd52d5d9: 851 datasets; 5.5 s; peak memory 131 MiB.
2026-09-26T00:29:55Z INFO [26/364] 166f772d-189d-4043-ad49-8a832706abba: 261 datasets; 0.9 s; peak memory 131 MiB.
2026-09-26T00:30:36Z INFO [27/364] 16701220-9fd6-4e43-ab87-a273f5a34afd: 26243 datasets; 40.5 s; peak memory 343 MiB.
2026-09-26T00:30:36Z INFO [28/364] 1671305d-5f06-4e92-88e4-c01df527f5f1: 112 datasets; 0.7 s; peak memory 343 MiB.
2026-09-26T00:30:37Z INFO [29/364] 1671930e-7f1a-4688-9d1b-a0228e6da5d2: 38 datasets; 0.7 s; peak memory 343 MiB.
2026-09-26T00:30:38Z INFO [30/364] 1671a889-dc1a-4aa4-9334-0c69b44cd4cc: 48 datasets; 0.7 s; peak memory 343 MiB.
2026-09-26T00:30:39Z INFO [31/364] 16720de1-9fec-4c34-88d2-855d1c113c2a: 152 datasets; 1.2 s; peak memory 343 MiB.
2026-09-26T00:30:51Z INFO [32/364] 16721c0d-d308-45bf-979f-e54ba9dc7dc6: 2983 datasets; 11.8 s; peak memory 343 MiB.
2026-09-26T00:30:54Z INFO [33/364] 167236f3-05e8-49a6-82ce-ecca510bbc47: 229 datasets; 3.3 s; peak memory 343 MiB.
2026-09-26T00:30:55Z INFO [34/364] 1672aaf4-f538-4dd5-96ba-97d90dcc0df5: 117 datasets; 0.6 s; peak memory 343 MiB.
2026-09-26T00:31:11Z INFO [35/364] 1672dfee-d6e5-49f4-a007-f0c86603bbcd: 8233 datasets; 16.2 s; peak memory 343 MiB.
2026-09-26T00:31:12Z INFO [36/364] 16730fdd-7eb0-464a-9e0e-07f8f8af69a8: 118 datasets; 0.6 s; peak memory 343 MiB.
2026-09-26T00:31:15Z INFO [37/364] 1673c516-371a-4306-a03c-eeef66e6c409: 60 datasets; 2.9 s; peak memory 343 MiB.
2026-09-26T00:31:16Z INFO [38/364] 1674f4d9-a6c0-42b9-93d2-f20eacf4309c: 69 datasets; 1.0 s; peak memory 343 MiB.
2026-09-26T00:31:16Z INFO [39/364] 1674fca4-111d-469d-8926-c8d71c0bd171: 46 datasets; 0.5 s; peak memory 343 MiB.
2026-09-26T00:31:17Z INFO [40/364] 167536fa-c470-4648-af07-1ecb7fc7c0b3: 64 datasets; 0.7 s; peak memory 343 MiB.
2026-09-26T00:31:17Z INFO [41/364] 167567aa-6a76-4a62-a0fe-7ca39ecf2f3d: 115 datasets; 0.6 s; peak memory 343 MiB.
2026-09-26T00:31:18Z INFO [42/364] 16757c84-a7f2-43ec-9ff7-4fa56e54bcd4: 50 datasets; 0.4 s; peak memory 343 MiB.
2026-09-26T00:31:18Z INFO [43/364] 1675c35a-e975-481c-a296-3829715bcffc: 39 datasets; 0.6 s; peak memory 343 MiB.
2026-09-26T00:31:19Z INFO [44/364] 16766822-138c-48c7-b34d-132f8d18d915: 112 datasets; 0.6 s; peak memory 343 MiB.
2026-09-26T00:31:20Z INFO [45/364] 1676a7fa-1e4d-454e-8abf-60bed478d3e1: 48 datasets; 0.6 s; peak memory 343 MiB.
2026-09-26T00:31:26Z INFO [46/364] 1676ad92-dd7f-4a57-9803-d525f0bfadf3: 106 datasets; 6.6 s; peak memory 343 MiB.
2026-09-26T00:31:27Z INFO [47/364] 16777f13-f984-474d-93b1-c3b831d8ae99: 46 datasets; 0.5 s; peak memory 343 MiB.
2026-09-26T00:31:28Z INFO [48/364] 1678433d-8748-465e-88ed-6d44aa043dd3: 57 datasets; 1.3 s; peak memory 343 MiB.
2026-09-26T00:31:29Z INFO [49/364] 16784e36-8f8e-43e8-b1f9-ca314f554c7d: 51 datasets; 0.9 s; peak memory 343 MiB.
2026-09-26T00:31:29Z INFO [50/364] 1678aee2-233e-4cda-a18a-7a3a53f1a544: 46 datasets; 0.6 s; peak memory 343 MiB.
2026-09-26T00:31:29Z INFO [50/364] 1678aee2-233e-4cda-a18a-7a3a53f1a544: checkpointed 57708 records.
2026-09-26T00:31:30Z INFO [51/364] 1678f78e-3ef5-403a-bd24-4cc1b26030a8: 48 datasets; 0.7 s; peak memory 343 MiB.
2026-09-26T00:31:31Z INFO [52/364] 167921c6-88a6-42f2-8a91-f4371348aa4d: 48 datasets; 0.7 s; peak memory 343 MiB.
2026-09-26T00:31:32Z INFO [53/364] 16792f1f-a7e3-4b36-a6eb-a5cb815255f8: 78 datasets; 1.1 s; peak memory 343 MiB.
2026-09-26T00:31:32Z INFO [54/364] 167944d0-cc77-4bcb-ab89-24f2cf81471f: 116 datasets; 0.6 s; peak memory 343 MiB.
2026-09-26T00:31:33Z INFO [55/364] 167994dd-f793-4138-8f53-e2cd25b68ae0: 65 datasets; 0.6 s; peak memory 344 MiB.
2026-09-26T00:31:34Z INFO [56/364] 1679c7aa-0c80-45ab-b9b4-471b7bef6f41: 46 datasets; 0.6 s; peak memory 344 MiB.
2026-09-26T00:31:35Z INFO [57/364] 167a0ae8-3a03-4aa4-a76a-b3457f76c249: 74 datasets; 1.3 s; peak memory 344 MiB.
2026-09-26T00:31:36Z INFO [58/364] 167a1c31-b4f3-4964-be70-b078be7f7baa: 64 datasets; 1.0 s; peak memory 344 MiB.
2026-09-26T00:31:37Z INFO [59/364] 167a71ea-c67e-42b1-b0ba-66c36cacc32f: 39 datasets; 0.6 s; peak memory 344 MiB.
2026-09-26T00:31:37Z INFO [60/364] 167ad10b-909e-4970-853c-dc0008e19c34: 74 datasets; 0.5 s; peak memory 344 MiB.
2026-09-26T00:31:38Z INFO [61/364] 167bb74f-cc97-40cd-a91c-7bc9ef3886f2: 116 datasets; 0.6 s; peak memory 344 MiB.
2026-09-26T00:31:39Z INFO [62/364] 167c3028-35a4-4ce2-a67f-ce51e39da5c1: 69 datasets; 1.1 s; peak memory 344 MiB.
2026-09-26T00:31:39Z INFO [63/364] 167c56b1-74e0-4e46-9afa-808a0de997d6: 117 datasets; 0.6 s; peak memory 344 MiB.
2026-09-26T00:31:40Z INFO [64/364] 167cd81b-5cf0-4546-a370-986a5c150372: 52 datasets; 0.3 s; peak memory 344 MiB.
2026-09-26T00:31:42Z INFO [65/364] 167cdbb4-e606-487f-976e-7e8840b9dac1: 366 datasets; 2.3 s; peak memory 344 MiB.
2026-09-26T00:31:43Z INFO [66/364] 167d1112-9299-4fe8-87a2-3422b69652ea: 112 datasets; 0.8 s; peak memory 344 MiB.
2026-09-26T00:31:43Z INFO [67/364] 167d52b3-d72a-4aef-a0d3-9e5f3c984ca9: 118 datasets; 0.6 s; peak memory 344 MiB.
2026-09-26T00:31:47Z INFO [68/364] 167d81ea-9a12-435d-bb4d-65766c6da074: 538 datasets; 3.5 s; peak memory 344 MiB.
2026-09-26T00:31:48Z INFO [69/364] 167ddabe-c750-4850-b042-198080530447: 112 datasets; 0.7 s; peak memory 344 MiB.
2026-09-26T00:31:49Z INFO [70/364] 167fad12-47f6-4f12-85b3-8ec73799b4b3: 116 datasets; 0.8 s; peak memory 344 MiB.
2026-09-26T00:31:49Z INFO [71/364] 1682f69f-5666-4e0e-8b35-1167c4f5009a: 41 datasets; 0.6 s; peak memory 344 MiB.
2026-09-26T00:31:57Z INFO [72/364] 16849685-3a07-42fd-88e1-e46647c25a7a: 432 datasets; 8.3 s; peak memory 344 MiB.
2026-09-26T00:31:58Z INFO [73/364] 168521e3-6eb7-4abf-92a1-95482eaf2d91: 50 datasets; 0.6 s; peak memory 344 MiB.
2026-09-26T00:32:03Z INFO [74/364] 16859ce6-14fc-43b9-93b8-42a55ebb40ad: 339 datasets; 4.8 s; peak memory 344 MiB.
2026-09-26T00:32:04Z INFO [75/364] 1685a1cc-1ce4-4f4f-8a48-9715f14b1488: 48 datasets; 0.7 s; peak memory 344 MiB.
2026-09-26T00:32:04Z INFO [76/364] 1685b646-453e-45ca-be33-42d0efe41977: 48 datasets; 0.6 s; peak memory 344 MiB.
2026-09-26T00:32:06Z INFO [77/364] 168619ca-3d18-46e9-915f-f32e0b61ccd6: 658 datasets; 1.8 s; peak memory 344 MiB.
2026-09-26T00:32:10Z INFO [78/364] 16871063-fc3e-441d-b47f-caf10b817bb6: 538 datasets; 3.7 s; peak memory 344 MiB.
2026-09-26T00:32:13Z INFO [79/364] 16873f28-3127-4e44-9f7e-d1f36b51e810: 229 datasets; 2.9 s; peak memory 344 MiB.
2026-09-26T00:32:14Z INFO [80/364] 1688b1cc-2b2d-425d-9e67-9182d119c5f5: 66 datasets; 1.1 s; peak memory 344 MiB.
2026-09-26T00:32:14Z INFO [81/364] 1688b4e0-6226-46e1-96c8-0ae574e8b946: 117 datasets; 0.7 s; peak memory 344 MiB.
2026-09-26T00:32:15Z INFO [82/364] 1688fc12-8585-4b87-aadd-6b607764750b: 110 datasets; 0.9 s; peak memory 344 MiB.
2026-09-26T00:32:16Z INFO [83/364] 16898dcf-7d59-4973-9ab5-cf64596297cf: 64 datasets; 0.6 s; peak memory 344 MiB.
2026-09-26T00:33:40Z INFO [84/364] 1689a548-4d0c-402d-ac1c-116e0ef07a8a: 280 datasets; 84.3 s; peak memory 344 MiB.
2026-09-26T00:33:41Z INFO [85/364] 1689d891-2d2b-4ec5-b23d-6e03437048fb: 112 datasets; 0.7 s; peak memory 344 MiB.
2026-09-26T00:33:42Z INFO [86/364] 168aa2c9-b236-4faf-9805-523b3195b934: 117 datasets; 0.6 s; peak memory 344 MiB.
2026-09-26T00:33:42Z INFO [87/364] 168ae5de-2425-42c6-837b-cd07301f0a9e: 112 datasets; 0.7 s; peak memory 344 MiB.
2026-09-26T00:36:31Z INFO [88/364] 168beec7-8831-4526-8377-263b285d4fcf: 453 datasets; 169.2 s; peak memory 423 MiB.
2026-09-26T00:36:33Z INFO [89/364] 168d258f-9a4a-4a55-9960-c1d4baef310e: 115 datasets; 1.5 s; peak memory 423 MiB.
2026-09-26T00:36:34Z INFO [90/364] 168d9c77-2002-48dd-9b65-e4dfb3a06500: 118 datasets; 0.9 s; peak memory 423 MiB.
2026-09-26T00:36:35Z INFO [91/364] 168e207a-1f72-449f-930a-f74c370978f0: 112 datasets; 0.8 s; peak memory 423 MiB.
2026-09-26T00:36:35Z INFO [92/364] 168e8638-ed45-4a7e-8ed1-c06f5e47f2d5: 48 datasets; 0.8 s; peak memory 423 MiB.
2026-09-26T00:36:36Z INFO [93/364] 168e9395-f49d-4206-aea8-ab044f1bcc81: 48 datasets; 0.7 s; peak memory 423 MiB.
2026-09-26T00:36:37Z INFO [94/364] 168f2ff0-7d6f-441e-8631-eeb1ee90b43d: 155 datasets; 1.0 s; peak memory 423 MiB.
2026-09-26T00:37:07Z INFO [95/364] 16912c78-c7dd-40ce-b135-b5dbadced021: 180 datasets; 29.6 s; peak memory 423 MiB.
2026-09-26T00:37:07Z INFO [96/364] 169201ed-5d1f-4719-9ec5-56024c1bafea: 48 datasets; 0.7 s; peak memory 423 MiB.
2026-09-26T00:37:22Z INFO [97/364] 1692cda1-57c6-4fef-8b7d-8aef7f0ba431: 48 datasets; 14.1 s; peak memory 423 MiB.
2026-09-26T00:40:29Z INFO [98/364] 16932f8e-827f-4eb3-b735-17b3bad6efae: 62 datasets; 187.8 s; peak memory 453 MiB.
2026-09-26T00:40:30Z INFO [99/364] 16933fec-c09b-437e-a1cc-d8c38c8608b7: 50 datasets; 0.6 s; peak memory 453 MiB.
2026-09-26T00:40:33Z INFO [100/364] 1693b920-f7ec-4d09-98fe-251f70590c24: 229 datasets; 3.1 s; peak memory 453 MiB.
2026-09-26T00:40:33Z INFO [100/364] 1693b920-f7ec-4d09-98fe-251f70590c24: checkpointed 57758 records.
2026-09-26T00:40:38Z INFO [101/364] 1693fe1d-1672-4fb7-8eaa-645c4ae37885: 678 datasets; 4.5 s; peak memory 453 MiB.
2026-09-26T00:44:35Z INFO [102/364] 1694aaf4-4ba3-473a-8672-af9bb263b9a7: 173 datasets; 237.2 s; peak memory 504 MiB.
2026-09-26T00:44:35Z INFO [103/364] 16963cae-7c64-462a-9481-a8cee0695239: 48 datasets; 0.6 s; peak memory 504 MiB.
2026-09-26T00:44:36Z INFO [104/364] 1696876e-93d6-4366-8a9d-6715ddf21d12: 48 datasets; 0.7 s; peak memory 504 MiB.
2026-09-26T00:44:37Z INFO [105/364] 1696ae56-a076-4e64-89f6-f00139966b0e: 48 datasets; 0.6 s; peak memory 504 MiB.
2026-09-26T00:44:38Z INFO [106/364] 1697cc9f-56fd-4908-bb75-026d9f63348a: 112 datasets; 0.9 s; peak memory 504 MiB.
2026-09-26T00:44:38Z INFO [107/364] 169886f2-c7b6-4c6d-a109-cc5678d869b1: 52 datasets; 0.5 s; peak memory 504 MiB.
2026-09-26T00:44:39Z INFO [108/364] 16989c88-2631-4c49-b787-eca3f30861a0: 104 datasets; 0.9 s; peak memory 504 MiB.
2026-09-26T00:44:40Z INFO [109/364] 16991f81-23b1-4675-b83e-318f397652a9: 48 datasets; 0.7 s; peak memory 504 MiB.
2026-09-26T00:44:40Z INFO [110/364] 16993431-283e-4795-8469-8908862d06d1: 56 datasets; 0.5 s; peak memory 504 MiB.
2026-09-26T00:44:41Z INFO [111/364] 16993ff8-af44-447c-933d-8c2d19f59f90: 46 datasets; 0.4 s; peak memory 504 MiB.
2026-09-26T00:44:42Z INFO [112/364] 169a480f-cd5d-42a3-a66a-cb0b6b8040d6: 170 datasets; 0.8 s; peak memory 504 MiB.
2026-09-26T00:44:42Z INFO [113/364] 169a52be-69c7-4693-8c60-e29f465b13cf: 48 datasets; 0.7 s; peak memory 504 MiB.
2026-09-26T00:44:43Z INFO [114/364] 169ac040-16b4-4962-83ef-0402b70957bc: 114 datasets; 0.6 s; peak memory 504 MiB.
2026-09-26T00:44:43Z INFO [115/364] 169bd98f-49a4-41f4-a7e1-c669e4bd3e5e: 56 datasets; 0.5 s; peak memory 504 MiB.
2026-09-26T00:44:51Z INFO [116/364] 169be166-06e8-450f-b1d5-1b5729eecf9e: 44 datasets; 7.8 s; peak memory 504 MiB.
2026-09-26T00:44:53Z INFO [117/364] 169d5b01-b742-4d9b-8cba-11c341fede94: 80 datasets; 1.4 s; peak memory 504 MiB.
2026-09-26T00:44:54Z INFO [118/364] 169d68e8-855f-490e-adc6-39d7a7bcd8ed: 118 datasets; 1.3 s; peak memory 504 MiB.
2026-09-26T00:45:04Z INFO [119/364] 169df90b-08a8-4411-a79f-d492ff2b4309: 1444 datasets; 9.7 s; peak memory 504 MiB.
2026-09-26T00:45:04Z INFO [120/364] 169e9089-101d-45d1-b541-f54b83e67bb1: 57 datasets; 0.5 s; peak memory 504 MiB.
2026-09-26T00:45:05Z INFO [121/364] 169f43d1-7601-47df-a939-c2ffd600f964: 118 datasets; 0.8 s; peak memory 504 MiB.
2026-09-26T00:45:05Z INFO [122/364] 16a0f595-79df-41de-9daf-0afe3af004b7: 46 datasets; 0.6 s; peak memory 504 MiB.
2026-09-26T00:45:06Z INFO [123/364] 16a16cf9-c2b3-48e9-93e4-b7518837bc63: 38 datasets; 1.1 s; peak memory 504 MiB.
2026-09-26T00:45:09Z INFO [124/364] 16a1f2e0-00a5-405e-b6fc-aa1624b7fe1f: 473 datasets; 2.4 s; peak memory 504 MiB.
2026-09-26T00:45:13Z INFO [125/364] 16a2a3b4-d973-48ed-81fa-a07d141eb8c4: 660 datasets; 4.0 s; peak memory 504 MiB.
2026-09-26T00:45:18Z INFO [126/364] 16a2a626-43bb-4154-935a-7a4fc82a368a: 11477 datasets; 4.9 s; peak memory 504 MiB.
2026-09-26T00:45:19Z INFO [127/364] 16a4cc06-ff3c-4ff7-ad4b-1a96043beaa7: 114 datasets; 1.4 s; peak memory 504 MiB.
2026-09-26T00:45:30Z INFO [128/364] 16a52a8b-3c45-4a57-acd9-360ef7f36cee: 899 datasets; 11.1 s; peak memory 504 MiB.
2026-09-26T00:45:31Z INFO [129/364] 16a677fb-edfc-4669-8b49-b5310cc0f939: 74 datasets; 1.0 s; peak memory 504 MiB.
2026-09-26T00:45:32Z INFO [130/364] 16a68d90-eec9-40ef-a569-274a9cab3310: 48 datasets; 0.7 s; peak memory 504 MiB.
2026-09-26T00:45:33Z INFO [131/364] 16a6dae9-51f5-4b44-a72c-65cf3702c3d3: 48 datasets; 0.7 s; peak memory 504 MiB.
2026-09-26T00:45:33Z INFO [132/364] 16a7053a-ff0c-4316-971d-9405da0a2be3: 46 datasets; 0.5 s; peak memory 504 MiB.
2026-09-26T00:45:35Z INFO [133/364] 16a77e90-a7d4-4c71-9392-05d46085d89d: 71 datasets; 1.4 s; peak memory 504 MiB.
2026-09-26T00:45:36Z INFO [134/364] 16a7f4f2-dbb1-406e-aca9-34535fefe530: 71 datasets; 1.1 s; peak memory 504 MiB.
2026-09-26T00:45:37Z INFO [135/364] 16a9728d-5a65-4d70-973f-bd678fd9b60d: 117 datasets; 0.8 s; peak memory 504 MiB.
2026-09-26T00:45:37Z INFO [136/364] 16a9bb69-9d27-41f9-a133-f0c15f4de157: 48 datasets; 0.6 s; peak memory 504 MiB.
2026-09-26T00:45:38Z INFO [137/364] 16aa682a-6077-453f-a7f2-c24c0ce180a4: 62 datasets; 0.8 s; peak memory 504 MiB.
2026-09-26T00:45:45Z INFO [138/364] 16aa73f3-fd83-492e-be7a-03447d9c6e6d: 965 datasets; 7.1 s; peak memory 504 MiB.
2026-09-26T00:45:50Z INFO [139/364] 16aaa9f4-483d-46c7-a292-dd11344664d4: 391 datasets; 4.7 s; peak memory 504 MiB.
2026-09-26T00:45:51Z INFO [140/364] 16abb126-b57a-458d-be22-d80748d35eee: 66 datasets; 1.1 s; peak memory 504 MiB.
2026-09-26T00:45:51Z INFO [141/364] 16abdfe6-505f-4049-8dc1-da6a1e0c6f60: 52 datasets; 0.6 s; peak memory 504 MiB.
2026-09-26T00:45:52Z INFO [142/364] 16ac06a1-1323-4a25-a2bf-083c9b6a2a35: 48 datasets; 0.7 s; peak memory 504 MiB.
2026-09-26T00:45:53Z INFO [143/364] 16ac07a8-9b1a-42e8-af99-2f699636f421: 302 datasets; 0.9 s; peak memory 504 MiB.
2026-09-26T00:45:54Z INFO [144/364] 16ac52b4-6811-440c-9ea4-fe787b9825b5: 113 datasets; 0.8 s; peak memory 504 MiB.
2026-09-26T00:46:04Z INFO [145/364] 16ac5aed-3eaf-4f31-a677-cb2dead7a5ab: 7414 datasets; 10.2 s; peak memory 504 MiB.
2026-09-26T00:46:05Z INFO [146/364] 16ac8a9e-2c5f-429e-a240-0cc3d44a2fd9: 70 datasets; 1.4 s; peak memory 504 MiB.
2026-09-26T00:46:07Z INFO [147/364] 16ace11e-2e77-43bc-9121-b0bde92a6132: 86 datasets; 1.5 s; peak memory 504 MiB.
2026-09-26T00:46:08Z INFO [148/364] 16ad69d2-a6cd-4c9d-a4fa-9a41d23f8ddf: 115 datasets; 1.5 s; peak memory 504 MiB.
2026-09-26T00:46:09Z INFO [149/364] 16ad8799-b9d0-45cc-a15b-0ab72906bc0e: 48 datasets; 0.6 s; peak memory 504 MiB.
2026-09-26T00:47:46Z INFO [150/364] 16ae7b7e-e21e-43d8-9593-1806b7973adc: 414 datasets; 96.4 s; peak memory 504 MiB.
2026-09-26T00:47:46Z INFO [150/364] 16ae7b7e-e21e-43d8-9593-1806b7973adc: checkpointed 57808 records.
2026-09-26T00:47:46Z INFO [151/364] 16aee368-1e2c-4b32-9d7f-c6e90e84c689: 64 datasets; 0.8 s; peak memory 504 MiB.
2026-09-26T00:47:47Z INFO [152/364] 16aeeec1-0b58-4e2c-baf0-aab90648c092: 35 datasets; 0.5 s; peak memory 504 MiB.
2026-09-26T00:47:48Z INFO [153/364] 16afcbc6-817b-4b0b-9ea7-6cba914a368d: 48 datasets; 0.7 s; peak memory 504 MiB.
2026-09-26T00:47:48Z INFO [154/364] 16b01afa-4b27-4410-b2ac-224fe96075fe: 48 datasets; 0.7 s; peak memory 504 MiB.
2026-09-26T00:47:49Z INFO [155/364] 16b0f0eb-5824-43bc-95b3-b838b8d993b7: 62 datasets; 1.0 s; peak memory 504 MiB.
2026-09-26T00:47:50Z INFO [156/364] 16b11de9-aba7-4610-993f-fd129ba40953: 64 datasets; 0.6 s; peak memory 504 MiB.
2026-09-26T00:47:53Z INFO [157/364] 16b2453a-4b9b-46bb-b827-62f01674c02a: 554 datasets; 3.3 s; peak memory 504 MiB.
2026-09-26T00:47:56Z INFO [158/364] 16b34087-bbe7-4b09-b4fb-3c5e8e24ffca: 616 datasets; 3.1 s; peak memory 504 MiB.
2026-09-26T00:47:58Z INFO [159/364] 16b421c3-ce42-49c1-94df-31ba55c638a0: 71 datasets; 1.2 s; peak memory 504 MiB.
2026-09-26T00:48:03Z INFO [160/364] 16b46d12-9f77-41b3-bf0d-cf2343734ee8: 4257 datasets; 5.9 s; peak memory 504 MiB.
2026-09-26T00:48:04Z INFO [161/364] 16b50cab-d6dd-456f-9814-56b2b2b7ea02: 54 datasets; 0.6 s; peak memory 504 MiB.
2026-09-26T00:48:05Z INFO [162/364] 16b73a32-5783-4b03-af4e-a1c1e8f33380: 117 datasets; 0.7 s; peak memory 504 MiB.
2026-09-26T00:48:05Z INFO [163/364] 16b7c3d1-33ec-4b8c-93a6-86bc9742604f: 48 datasets; 0.6 s; peak memory 504 MiB.
2026-09-26T00:48:06Z INFO [164/364] 16b7f424-6f21-49f0-88eb-9c4766c30491: 66 datasets; 1.0 s; peak memory 504 MiB.
2026-09-26T00:48:07Z INFO [165/364] 16b82375-68a1-4484-8101-9943a777cc44: 46 datasets; 0.5 s; peak memory 504 MiB.
2026-09-26T00:48:08Z INFO [166/364] 16b90e8e-b40a-4dfc-9dd4-e710316a1c54: 71 datasets; 1.2 s; peak memory 504 MiB.
2026-09-26T00:48:09Z INFO [167/364] 16ba30e0-eefa-4892-a2b0-2e1dd931840a: 56 datasets; 0.6 s; peak memory 504 MiB.
2026-09-26T00:48:09Z INFO [168/364] 16ba9593-2858-4afe-aa5c-8999a7f0e206: 52 datasets; 0.6 s; peak memory 504 MiB.
2026-09-26T00:48:10Z INFO [169/364] 16bae64b-028a-4422-a834-b3f4b90ebcf8: 56 datasets; 0.6 s; peak memory 504 MiB.
2026-09-26T00:48:10Z INFO [170/364] 16bbe59f-4ad9-4500-99c6-a3066457d354: 92 datasets; 0.6 s; peak memory 504 MiB.
2026-09-26T00:48:11Z INFO [171/364] 16bcc519-976c-4d4e-8eed-c1a04ce4ae76: 48 datasets; 0.5 s; peak memory 504 MiB.
2026-09-26T00:48:11Z INFO [172/364] 16bd0b4a-17c8-40d9-bf99-6832663544e3: 46 datasets; 0.4 s; peak memory 504 MiB.
2026-09-26T00:48:13Z INFO [173/364] 16bf2446-8c0f-466e-bb11-8e931ace2705: 90 datasets; 1.6 s; peak memory 504 MiB.
2026-09-26T00:48:20Z INFO [174/364] 16bf2c73-24cf-42ad-8a5e-f782e8390333: 262 datasets; 7.4 s; peak memory 504 MiB.
2026-09-26T00:48:27Z INFO [175/364] 16bfb91c-409b-40be-ad76-844cddf6c15b: 1076 datasets; 6.6 s; peak memory 504 MiB.
2026-09-26T00:48:28Z INFO [176/364] 16c0102e-bbb9-4b6d-9580-2b5aa8d50c94: 52 datasets; 0.6 s; peak memory 504 MiB.
2026-09-26T00:49:54Z INFO [177/364] 16c01f03-bfac-4824-a2d0-2ae887474de5: 167 datasets; 86.1 s; peak memory 504 MiB.
2026-09-26T00:49:54Z INFO [178/364] 16c020e5-4371-4833-b4eb-0a3ff423859c: 48 datasets; 0.7 s; peak memory 504 MiB.
2026-09-26T00:49:55Z INFO [179/364] 16c07316-fe2c-4d9e-830a-0e7a45c69d79: 48 datasets; 0.6 s; peak memory 504 MiB.
2026-09-26T00:49:56Z INFO [180/364] 16c17f6f-ec92-40b8-8000-fb305f61d4f0: 70 datasets; 0.9 s; peak memory 504 MiB.
2026-09-26T00:49:56Z INFO [181/364] 16c1b6a4-55f8-4e8e-a98c-c2481a55b00b: 48 datasets; 0.6 s; peak memory 504 MiB.
2026-09-26T00:49:57Z INFO [182/364] 16c23c14-94ec-42d5-93f9-7774421ffaaa: 117 datasets; 0.8 s; peak memory 504 MiB.
2026-09-26T00:49:59Z INFO [183/364] 16c23f1d-2296-47c6-8442-dd72a453dfcf: 50 datasets; 2.1 s; peak memory 504 MiB.
2026-09-26T00:50:04Z INFO [184/364] 16c2dc26-64f0-442a-9c44-10cb3aad1fce: 3095 datasets; 5.1 s; peak memory 504 MiB.
2026-09-26T00:50:05Z INFO [185/364] 16c40565-a4f7-4557-9d95-4147ae2cab64: 112 datasets; 0.8 s; peak memory 504 MiB.
2026-09-26T00:50:06Z INFO [186/364] 16c4487b-bef1-492d-b028-fc6377ab908e: 48 datasets; 0.6 s; peak memory 504 MiB.
2026-09-26T00:50:07Z INFO [187/364] 16c44dc6-7d86-4b3a-886d-3584d17aa3cd: 230 datasets; 0.8 s; peak memory 504 MiB.
2026-09-26T00:50:07Z INFO [188/364] 16c5f89f-fc3b-4d9f-84f6-f6798b5bb9b5: 116 datasets; 0.7 s; peak memory 504 MiB.
2026-09-26T00:50:24Z INFO [189/364] 16c619f7-2c31-4093-babf-1210265a6693: 48 datasets; 16.4 s; peak memory 504 MiB.
2026-09-26T00:53:06Z INFO [190/364] 16c6ae9f-b997-49a7-a2a2-310d791f07c5: 436 datasets; 162.1 s; peak memory 504 MiB.
2026-09-26T00:53:15Z INFO [191/364] 16c80807-22ed-420e-9539-f62410c31a66: 1256 datasets; 9.4 s; peak memory 504 MiB.
2026-09-26T00:53:16Z INFO [192/364] 16c85d77-175e-4ca5-af85-4328296370db: 121 datasets; 0.7 s; peak memory 504 MiB.
2026-09-26T00:53:17Z INFO [193/364] 16c8882d-31b7-4cbe-8d08-ba03e727716b: 68 datasets; 0.7 s; peak memory 504 MiB.
2026-09-26T00:53:18Z INFO [194/364] 16c8e77d-c596-4657-a624-8d8ccd11df57: 49 datasets; 1.1 s; peak memory 504 MiB.
2026-09-26T00:53:19Z INFO [195/364] 16c995a3-c7fa-4d71-b7fb-180f1a4c7c70: 71 datasets; 1.2 s; peak memory 504 MiB.
2026-09-26T00:53:20Z INFO [196/364] 16cab77f-9800-416d-af34-608dd257a296: 64 datasets; 0.8 s; peak memory 504 MiB.
2026-09-26T00:53:20Z INFO [197/364] 16cad92f-174e-4811-9882-42a3e6542086: 161 datasets; 0.5 s; peak memory 504 MiB.
2026-09-26T00:53:21Z INFO [198/364] 16caee7a-50aa-48f7-a368-6ce885138f2a: 48 datasets; 0.7 s; peak memory 504 MiB.
2026-09-26T00:53:21Z INFO [199/364] 16cb5531-5962-4fe8-a7b2-12cb692849d1: 46 datasets; 0.5 s; peak memory 504 MiB.
2026-09-26T00:53:22Z INFO [200/364] 16cbcb21-1471-4b8b-b215-ad6f827d820d: 48 datasets; 0.7 s; peak memory 504 MiB.
2026-09-26T00:53:22Z INFO [200/364] 16cbcb21-1471-4b8b-b215-ad6f827d820d: checkpointed 57858 records.
2026-09-26T00:53:25Z INFO [201/364] 16cbcf46-73ba-40dd-8b43-89f24c8f55bc: 229 datasets; 2.9 s; peak memory 504 MiB.
2026-09-26T00:53:26Z INFO [202/364] 16cc31d7-97ae-41be-a1d0-1ab56f384230: 48 datasets; 0.6 s; peak memory 504 MiB.
2026-09-26T00:53:30Z INFO [203/364] 16cc937f-7366-4b6a-9bc5-47c399185b56: 693 datasets; 4.2 s; peak memory 504 MiB.
2026-09-26T00:53:31Z INFO [204/364] 16cd10c9-2f73-41b1-ba58-0962f751c754: 48 datasets; 0.6 s; peak memory 504 MiB.
2026-09-26T00:53:31Z INFO [205/364] 16cd6846-e588-44c4-9062-79a0a99d3e4b: 48 datasets; 0.6 s; peak memory 504 MiB.
2026-09-26T00:53:32Z INFO [206/364] 16cd6d0a-8b37-40b0-8525-6a315ea6c5af: 117 datasets; 0.8 s; peak memory 504 MiB.
2026-09-26T00:53:33Z INFO [207/364] 16cf2e66-0c05-455c-925b-904dcff95f31: 69 datasets; 0.9 s; peak memory 504 MiB.
2026-09-26T00:53:34Z INFO [208/364] 16cf8175-dda5-4621-8042-447cd44efaee: 117 datasets; 0.7 s; peak memory 504 MiB.
2026-09-26T00:53:35Z INFO [209/364] 16cf8278-d84e-4206-a5d8-2e65d4833871: 133 datasets; 1.4 s; peak memory 504 MiB.
2026-09-26T00:53:36Z INFO [210/364] 16d16c3f-388e-4075-b78f-5c058fbed2a6: 52 datasets; 0.7 s; peak memory 504 MiB.
2026-09-26T00:53:37Z INFO [211/364] 16d1a4e2-1d51-46d4-95dc-9aa696b0cb0d: 66 datasets; 0.9 s; peak memory 504 MiB.
2026-09-26T00:53:37Z INFO [212/364] 16d24e47-7228-40b3-b081-a8776aad8348: 112 datasets; 0.8 s; peak memory 504 MiB.
2026-09-26T00:53:38Z INFO [213/364] 16d3abce-c247-4f30-9294-211bc8dfedda: 48 datasets; 0.7 s; peak memory 504 MiB.
2026-09-26T00:53:39Z INFO [214/364] 16d47a6b-4b58-482b-838a-67867df25ffa: 63 datasets; 0.5 s; peak memory 504 MiB.
2026-09-26T00:55:05Z INFO [215/364] 16d4ac88-aedb-4c0b-a762-6ca1a0fb554d: 413 datasets; 85.9 s; peak memory 504 MiB.
2026-09-26T00:55:05Z INFO [216/364] 16d592f6-1078-4aa6-b871-0a601dd7b64d: 48 datasets; 0.6 s; peak memory 504 MiB.
2026-09-26T00:55:06Z INFO [217/364] 16d5f608-fa8e-4964-92c7-8be5939fc28e: 48 datasets; 0.6 s; peak memory 504 MiB.
2026-09-26T00:55:07Z INFO [218/364] 16d61e15-87f1-4293-867b-1808103cd7dd: 68 datasets; 0.9 s; peak memory 504 MiB.
2026-09-26T00:55:08Z INFO [219/364] 16d6a818-c69c-4a9d-984d-293e199b7622: 158 datasets; 1.2 s; peak memory 504 MiB.
2026-09-26T00:55:09Z INFO [220/364] 16d6d903-dcd1-48eb-a4aa-5d6ba1869486: 48 datasets; 0.7 s; peak memory 504 MiB.
2026-09-26T00:55:10Z INFO [221/364] 16d6e97d-86dc-4528-a8f2-fa0b33f56e80: 261 datasets; 0.9 s; peak memory 504 MiB.
2026-09-26T00:55:13Z INFO [222/364] 16d778a8-cc41-4191-bb72-4b9dd7b8ef0f: 1640 datasets; 3.5 s; peak memory 504 MiB.
2026-09-26T00:55:14Z INFO [223/364] 16d7795d-58db-4228-b97d-4456d347f60e: 116 datasets; 0.9 s; peak memory 504 MiB.
2026-09-26T00:55:15Z INFO [224/364] 16d787e0-2cb8-455d-9d43-f72a71dfb74d: 63 datasets; 0.6 s; peak memory 504 MiB.
2026-09-26T00:55:15Z INFO [225/364] 16d7aacc-3400-406a-b849-57f0a64b6497: 52 datasets; 0.7 s; peak memory 504 MiB.
2026-09-26T00:55:16Z INFO [226/364] 16d7e374-ca84-4a4b-a8b2-eb23c4c7415b: 110 datasets; 0.9 s; peak memory 504 MiB.
2026-09-26T00:55:17Z INFO [227/364] 16d8fd0d-1e60-4253-ad56-89a9777ac2b3: 112 datasets; 0.8 s; peak memory 504 MiB.
2026-09-26T00:55:18Z INFO [228/364] 16d93e3d-3525-4e0e-9ef9-5b2471975a23: 71 datasets; 1.3 s; peak memory 504 MiB.
2026-09-26T00:55:19Z INFO [229/364] 16d94471-cacb-4a03-adda-c7cb52c3cab1: 66 datasets; 1.1 s; peak memory 504 MiB.
2026-09-26T00:55:20Z INFO [230/364] 16d96963-81ac-4217-bf86-929a68475f00: 46 datasets; 0.5 s; peak memory 504 MiB.
2026-09-26T00:55:21Z INFO [231/364] 16d9cf0d-382c-404a-8eaa-363836284c72: 117 datasets; 1.4 s; peak memory 504 MiB.
2026-09-26T00:55:22Z INFO [232/364] 16db6dd5-c77c-4b60-bdd3-ab891da06d5f: 275 datasets; 0.9 s; peak memory 504 MiB.
2026-09-26T00:55:23Z INFO [233/364] 16db90e5-57bf-4bff-9ef6-c578758f427c: 117 datasets; 0.8 s; peak memory 504 MiB.
2026-09-26T00:55:24Z INFO [234/364] 16dbfa46-dc76-4233-bed3-1679c1549508: 48 datasets; 0.7 s; peak memory 504 MiB.
2026-09-26T00:55:24Z INFO [235/364] 16ddc64e-50e8-45e0-a8eb-0f884129ce44: 48 datasets; 0.6 s; peak memory 504 MiB.
2026-09-26T00:55:28Z INFO [236/364] 16ddf177-7217-43f0-a72b-725024757f54: 193 datasets; 3.7 s; peak memory 504 MiB.
2026-09-26T00:55:46Z INFO [237/364] 16de2397-9120-4b57-b2c6-02984aafdb21: 36 datasets; 17.9 s; peak memory 504 MiB.
2026-09-26T00:55:47Z INFO [238/364] 16def6e8-1fb6-4004-81b8-3d9ff8747e9f: 289 datasets; 0.9 s; peak memory 504 MiB.
2026-09-26T00:55:49Z INFO [239/364] 16df89ea-502d-4003-8dfc-b829d5caf095: 156 datasets; 2.0 s; peak memory 504 MiB.
2026-09-26T00:55:49Z INFO [240/364] 16e079f9-e21e-4e2e-909a-1bf06223af7d: 48 datasets; 0.6 s; peak memory 504 MiB.
2026-09-26T00:55:56Z INFO [241/364] 16e17a8d-4d41-419b-b295-06522c3df631: 735 datasets; 6.5 s; peak memory 504 MiB.
2026-09-26T00:55:57Z INFO [242/364] 16e1bc5d-4824-492b-8763-2ce01bf98ba1: 70 datasets; 1.1 s; peak memory 504 MiB.
2026-09-26T00:55:58Z INFO [243/364] 16e28231-61b0-481a-9d9d-b552c90f7c18: 118 datasets; 0.7 s; peak memory 504 MiB.
2026-09-26T00:55:58Z INFO [244/364] 16e29c42-5ac6-4c0d-a08c-275b819a261d: 50 datasets; 0.6 s; peak memory 504 MiB.
2026-09-26T00:56:06Z INFO [245/364] 16e2b093-4250-4220-9b31-9869be4f783f: 288 datasets; 7.3 s; peak memory 504 MiB.
2026-09-26T00:56:14Z INFO [246/364] 16e4c3bc-f4f6-48ed-b123-4ea1054808ac: 997 datasets; 8.5 s; peak memory 504 MiB.
2026-09-26T00:56:15Z INFO [247/364] 16e5cf32-2c6b-4ac9-b681-426d98917065: 48 datasets; 0.6 s; peak memory 504 MiB.
2026-09-26T00:56:15Z INFO [248/364] 16e637f2-5dfa-4dc4-9117-5ae31a35147a: 48 datasets; 0.7 s; peak memory 504 MiB.
2026-09-26T00:56:16Z INFO [249/364] 16e643cb-6c76-4ca7-b718-d4ef6bfbc8f1: 112 datasets; 0.9 s; peak memory 504 MiB.
2026-09-26T00:56:17Z INFO [250/364] 16e69a3b-983e-4841-9ae9-86457bd88ef0: 119 datasets; 0.6 s; peak memory 504 MiB.
2026-09-26T00:56:17Z INFO [250/364] 16e69a3b-983e-4841-9ae9-86457bd88ef0: checkpointed 57908 records.
2026-09-26T00:56:18Z INFO [251/364] 16e7c07c-19b1-435e-832e-8178fc234c80: 117 datasets; 0.7 s; peak memory 504 MiB.
2026-09-26T00:56:28Z INFO [252/364] 16e7eb9e-99d8-4f16-99eb-e0e61c29f2a9: 1293 datasets; 10.8 s; peak memory 504 MiB.
2026-09-26T00:56:29Z INFO [253/364] 16e80ca8-07be-461a-9c50-070b89f499db: 48 datasets; 0.5 s; peak memory 504 MiB.
2026-09-26T00:56:29Z INFO [254/364] 16e81e36-b3a5-48c3-80eb-b8915361c5bd: 46 datasets; 0.4 s; peak memory 504 MiB.
2026-09-26T00:56:30Z INFO [255/364] 16e8cca0-140b-4cc0-a5f3-0aa7f5a8c79c: 117 datasets; 0.7 s; peak memory 504 MiB.
2026-09-26T00:56:31Z INFO [256/364] 16ea4fe6-d1aa-495a-a5f7-024722ca01d2: 66 datasets; 0.9 s; peak memory 504 MiB.
2026-09-26T00:56:32Z INFO [257/364] 16eb6ae8-137a-4acc-a079-5ddc9398abb4: 46 datasets; 0.7 s; peak memory 504 MiB.
2026-09-26T00:56:32Z INFO [258/364] 16eb7138-1f93-4d61-a9ae-fe479ca33a3b: 112 datasets; 0.7 s; peak memory 504 MiB.
2026-09-26T00:56:33Z INFO [259/364] 16ede2e0-0f09-4e1b-a324-1fd6ec9e79bb: 48 datasets; 0.6 s; peak memory 504 MiB.
2026-09-26T00:56:33Z INFO [260/364] 16eeb847-250b-4ace-b945-cf7808e25d79: 49 datasets; 0.5 s; peak memory 504 MiB.
2026-09-26T00:56:34Z INFO [261/364] 16eef399-f66e-4e5f-be03-f057c3e4ddf9: 46 datasets; 0.4 s; peak memory 504 MiB.
2026-09-26T00:56:35Z INFO [262/364] 16f08fdd-e5f4-4443-ac1b-6db452b6966a: 112 datasets; 0.9 s; peak memory 504 MiB.
2026-09-26T00:56:37Z INFO [263/364] 16f0df83-5c5f-483c-8931-44fbbfa1e553: 229 datasets; 2.8 s; peak memory 504 MiB.
2026-09-26T00:56:38Z INFO [264/364] 16f1cff3-d741-408b-85d4-d053b14f0db8: 66 datasets; 0.9 s; peak memory 504 MiB.
2026-09-26T00:56:39Z INFO [265/364] 16f22901-6602-4315-b000-a04ba27af32d: 118 datasets; 0.7 s; peak memory 504 MiB.
2026-09-26T00:56:40Z INFO [266/364] 16f2cb0b-adbb-4a47-a070-eaad1870c8b1: 118 datasets; 0.6 s; peak memory 504 MiB.
2026-09-26T00:56:41Z INFO [267/364] 16f33f21-5e81-489d-a9dc-084d0530b758: 115 datasets; 1.6 s; peak memory 504 MiB.
2026-09-26T00:56:42Z INFO [268/364] 16f446b7-ebaa-4fae-af14-d27e8f7bf9c7: 76 datasets; 0.6 s; peak memory 504 MiB.
2026-09-26T00:56:42Z INFO [269/364] 16f4671f-26e3-437a-a970-367c0be4cef4: 46 datasets; 0.3 s; peak memory 504 MiB.
2026-09-26T00:56:44Z INFO [270/364] 16f47af7-849f-485f-af66-c67e409c18b9: 184 datasets; 2.0 s; peak memory 504 MiB.
2026-09-26T00:56:46Z INFO [271/364] 16f52aa3-38e1-46da-8ba9-9cfd234b7ef6: 114 datasets; 1.7 s; peak memory 504 MiB.
2026-09-26T00:56:52Z INFO [272/364] 16f6461d-b7f0-41d1-94c5-39ea5c75b4d1: 108 datasets; 6.4 s; peak memory 504 MiB.
2026-09-26T00:56:53Z INFO [273/364] 16f66b04-b30e-428e-afdd-a1f99955be58: 289 datasets; 0.8 s; peak memory 504 MiB.
2026-09-26T00:56:57Z INFO [274/364] 16f7e9ff-9004-4578-aeb7-c1326d42efe2: 538 datasets; 3.6 s; peak memory 504 MiB.
2026-09-26T00:56:57Z INFO [275/364] 16f8367a-1052-4c1c-a7f1-eb1f095f9f09: 48 datasets; 0.6 s; peak memory 504 MiB.
2026-09-26T00:56:58Z INFO [276/364] 16f8cec3-9bab-42c3-ba5a-f107cc391f67: 48 datasets; 0.6 s; peak memory 504 MiB.
2026-09-26T00:56:59Z INFO [277/364] 16f90fcc-12ca-4751-9dc1-2149ba05bbe8: 117 datasets; 0.7 s; peak memory 504 MiB.
2026-09-26T00:57:00Z INFO [278/364] 16f9e56a-17c0-4f2d-a392-4bb485a83210: 138 datasets; 1.8 s; peak memory 504 MiB.
2026-09-26T00:57:01Z INFO [279/364] 16f9e809-b5e1-416e-9862-7d6a82af7d20: 70 datasets; 0.9 s; peak memory 504 MiB.
2026-09-26T00:57:09Z INFO [280/364] 16f9f41f-0113-44b2-80dd-01d923123b56: 941 datasets; 7.9 s; peak memory 504 MiB.
2026-09-26T00:57:11Z INFO [281/364] 16f9f73f-3126-4f24-9683-ce378efe026a: 38 datasets; 2.3 s; peak memory 504 MiB.
2026-09-26T00:57:13Z INFO [282/364] 16fa010d-e0c1-48fd-99b5-1279722bf410: 71 datasets; 1.4 s; peak memory 504 MiB.
2026-09-26T00:57:15Z INFO [283/364] 16fa029b-ab60-46e4-9e9c-28dd645c5b27: 133 datasets; 2.0 s; peak memory 504 MiB.
2026-09-26T00:57:16Z INFO [284/364] 16fa4f83-dc82-4ec2-a796-f944c3726b9a: 48 datasets; 0.7 s; peak memory 504 MiB.
2026-09-26T00:57:20Z INFO [285/364] 16fb1213-350d-4db4-971a-0e94fb57d72b: 776 datasets; 4.4 s; peak memory 504 MiB.
2026-09-26T00:57:24Z INFO [286/364] 16fb38f4-3f4b-4e96-97d3-2fa66fdc43c6: 816 datasets; 3.6 s; peak memory 504 MiB.
2026-09-26T00:57:24Z INFO [287/364] 16fb8007-aec4-45d9-b78d-dedb56c37d00: 45 datasets; 0.8 s; peak memory 504 MiB.
2026-09-26T00:57:25Z INFO [288/364] 16fc44e0-6966-491f-933f-cef16968da75: 48 datasets; 0.6 s; peak memory 504 MiB.
2026-09-26T00:57:26Z INFO [289/364] 16fd4e6c-c480-43ad-b426-f61c593adea4: 62 datasets; 0.9 s; peak memory 504 MiB.
2026-09-26T00:57:26Z INFO [290/364] 16fd70c6-a7ef-47eb-bd4a-6df522f3d67e: 48 datasets; 0.7 s; peak memory 504 MiB.
2026-09-26T00:57:27Z INFO [291/364] 16fdb0c0-f9e5-4d51-8f8e-5ca279baba3a: 53 datasets; 1.0 s; peak memory 504 MiB.
2026-09-26T00:57:28Z INFO [292/364] 16fdbd6a-e3b3-498a-9196-bcb990a52556: 41 datasets; 0.5 s; peak memory 504 MiB.
2026-09-26T00:58:28Z INFO [293/364] 16fe7e1e-c790-459e-9099-daed4010b0c3: 58 datasets; 59.8 s; peak memory 504 MiB.
2026-09-26T00:58:28Z INFO [294/364] 16ff3aea-778a-4b5d-ae23-5f1f4db21850: 118 datasets; 0.7 s; peak memory 504 MiB.
2026-09-26T00:58:32Z INFO [295/364] 16ffd493-2317-4c10-9c87-394c2df5db8a: 193 datasets; 4.0 s; peak memory 504 MiB.
2026-09-26T00:58:33Z INFO [296/364] 16fffe19-d6cd-4ad9-a9e8-30269dc13588: 46 datasets; 0.6 s; peak memory 504 MiB.
2026-09-26T00:58:34Z INFO [297/364] 17011937-0226-45e9-b0a9-579caba4ea29: 48 datasets; 0.8 s; peak memory 504 MiB.
2026-09-26T00:58:35Z INFO [298/364] 170184de-f5da-4c4c-9ae1-d7a0c7c2677d: 76 datasets; 0.9 s; peak memory 504 MiB.
2026-09-26T00:58:35Z INFO [299/364] 1701da6e-8645-4a86-958c-ceddfb0137fe: 113 datasets; 0.8 s; peak memory 504 MiB.
2026-09-26T00:58:36Z INFO [300/364] 17029fe3-8f60-40e7-9ddd-1035859daa16: 48 datasets; 0.7 s; peak memory 504 MiB.
2026-09-26T00:58:36Z INFO [300/364] 17029fe3-8f60-40e7-9ddd-1035859daa16: checkpointed 57958 records.
2026-09-26T00:58:37Z INFO [301/364] 1704fe19-0dcd-4f9a-bae0-d6213529cbbb: 117 datasets; 0.8 s; peak memory 504 MiB.
2026-09-26T00:58:39Z INFO [302/364] 17050b63-db6d-41d9-bf32-27cee314e462: 165 datasets; 1.5 s; peak memory 504 MiB.
2026-09-26T00:58:40Z INFO [303/364] 17055fb1-ca02-4958-86c1-86ed28876dff: 57 datasets; 1.3 s; peak memory 504 MiB.
2026-09-26T00:58:40Z INFO [304/364] 17068cf4-6744-4a9f-a446-9d420d85126a: 46 datasets; 0.4 s; peak memory 504 MiB.
2026-09-26T00:58:45Z INFO [305/364] 17081cf1-c2d7-4af3-802f-1d60ab0549e7: 312 datasets; 4.6 s; peak memory 504 MiB.
2026-09-26T00:58:52Z INFO [306/364] 1708ca32-6bcd-49e4-aa28-70e66147126a: 4439 datasets; 6.9 s; peak memory 504 MiB.
2026-09-26T00:58:52Z INFO [307/364] 17094b4b-415f-4d7a-aa3f-af21230de64b: 48 datasets; 0.5 s; peak memory 504 MiB.
2026-09-26T00:58:54Z INFO [308/364] 17098bc5-a014-40f7-95ae-97853ca6b46b: 114 datasets; 1.9 s; peak memory 504 MiB.
2026-09-26T00:58:55Z INFO [309/364] 170b8624-8516-487c-9ef9-9529362b156d: 112 datasets; 1.1 s; peak memory 504 MiB.
2026-09-26T00:58:56Z INFO [310/364] 170c1f24-1255-463b-b928-72009feed337: 118 datasets; 0.8 s; peak memory 504 MiB.
2026-09-26T00:58:57Z INFO [311/364] 170c5f6f-e9e5-4a8b-be87-4eba8e51a20c: 117 datasets; 0.7 s; peak memory 504 MiB.
2026-09-26T00:59:02Z INFO [312/364] 170d31a2-3418-4216-a82b-c20299e66d5c: 843 datasets; 5.1 s; peak memory 504 MiB.
2026-09-26T00:59:03Z INFO [313/364] 170f93e8-9674-4592-9b06-2b5d8435d432: 112 datasets; 1.3 s; peak memory 504 MiB.
2026-09-26T00:59:04Z INFO [314/364] 17100db0-b419-45ae-a347-21800721a944: 69 datasets; 0.8 s; peak memory 504 MiB.
2026-09-26T00:59:07Z INFO [315/364] 17109dc8-fcdc-417f-8aee-4f645f84fc77: 229 datasets; 3.2 s; peak memory 504 MiB.
2026-09-26T00:59:10Z INFO [316/364] 1710edf3-97d6-4efa-9865-c57a34183ab5: 200 datasets; 3.1 s; peak memory 504 MiB.
2026-09-26T00:59:11Z INFO [317/364] 171100c8-e4e8-4d63-ab03-865228e54cfd: 117 datasets; 0.7 s; peak memory 504 MiB.
2026-09-26T00:59:11Z INFO [318/364] 17113eae-9ef4-4536-8c96-a12423645bf0: 56 datasets; 0.5 s; peak memory 504 MiB.
2026-09-26T00:59:12Z INFO [319/364] 17115e37-7354-44f9-ace8-9cbff3061192: 118 datasets; 0.7 s; peak memory 504 MiB.
2026-09-26T00:59:12Z INFO [320/364] 171292b5-c2ee-4a9c-a1a2-ef02c2e6f145: 47 datasets; 0.4 s; peak memory 504 MiB.
2026-09-26T00:59:13Z INFO [321/364] 1712c77f-16e6-4a7f-b15c-5fa0217300be: 57 datasets; 0.4 s; peak memory 504 MiB.
2026-09-26T00:59:14Z INFO [322/364] 17131c89-7c3a-41c5-8f92-eb371f8f8afb: 49 datasets; 0.8 s; peak memory 504 MiB.
2026-09-26T00:59:22Z INFO [323/364] 17133e1c-056e-41db-9934-b24494781d57: 38 datasets; 8.7 s; peak memory 504 MiB.
2026-09-26T00:59:23Z INFO [324/364] 171397db-e006-4b58-9cf7-d8810b6f04f7: 48 datasets; 0.7 s; peak memory 504 MiB.
2026-09-26T00:59:24Z INFO [325/364] 17147897-4caa-49f1-90e8-654edc8a4b29: 112 datasets; 0.8 s; peak memory 504 MiB.
2026-09-26T00:59:24Z INFO [326/364] 17149afa-4cc8-4065-b139-b4a2808e8138: 48 datasets; 0.6 s; peak memory 504 MiB.
2026-09-26T00:59:25Z INFO [327/364] 1714b1aa-2494-4cfd-bb3d-f8a6950ef6c2: 51 datasets; 0.8 s; peak memory 504 MiB.
2026-09-26T00:59:26Z INFO [328/364] 1714f4ce-3812-4771-99e3-6ea5753c84f1: 102 datasets; 1.1 s; peak memory 504 MiB.
2026-09-26T00:59:34Z INFO [329/364] 17158e27-dcf4-4eca-8f41-21e74c9bade9: 106 datasets; 7.8 s; peak memory 504 MiB.
2026-09-26T00:59:36Z INFO [330/364] 1715a5bd-7b74-49df-bdaa-2d2019b5faee: 115 datasets; 1.5 s; peak memory 504 MiB.
2026-09-26T00:59:36Z INFO [331/364] 1716a054-38ea-41e6-ad84-ce8bdc47a376: 39 datasets; 0.6 s; peak memory 504 MiB.
2026-09-26T00:59:37Z INFO [332/364] 171840ed-4e94-4306-b6e4-e070ab3775d9: 66 datasets; 0.9 s; peak memory 504 MiB.
2026-09-26T00:59:38Z INFO [333/364] 17186424-f2e1-44fd-bebf-3f2e084da439: 84 datasets; 0.7 s; peak memory 504 MiB.
2026-09-26T00:59:38Z INFO [334/364] 17187e5b-e245-4a49-a096-b999bed0f326: 48 datasets; 0.5 s; peak memory 504 MiB.
2026-09-26T00:59:39Z INFO [335/364] 17193646-8dc3-4d4b-9f02-f248839bedec: 52 datasets; 0.6 s; peak memory 504 MiB.
2026-09-26T00:59:40Z INFO [336/364] 1719a697-9128-42af-aa5c-d6d14f4572b4: 118 datasets; 0.7 s; peak memory 504 MiB.
2026-09-26T00:59:40Z INFO [337/364] 171a0054-487a-491d-8040-69abee83dbbf: 117 datasets; 0.6 s; peak memory 504 MiB.
2026-09-26T00:59:41Z INFO [338/364] 171b88cd-5b76-40ce-9536-934574578c9a: 62 datasets; 0.9 s; peak memory 504 MiB.
2026-09-26T01:00:51Z INFO [339/364] 171c4bbf-d8df-40a9-8093-0a03dc44d11b: 241 datasets; 69.5 s; peak memory 504 MiB.
2026-09-26T01:00:51Z INFO [340/364] 171ca904-d97e-4a47-8b38-42f8e38dbdf0: 112 datasets; 0.8 s; peak memory 504 MiB.
2026-09-26T01:00:56Z INFO [341/364] 171d031e-5c9d-478e-a969-ba003a36e6cd: 47 datasets; 5.1 s; peak memory 504 MiB.
2026-09-26T01:00:58Z INFO [342/364] 171e489c-7ef0-4a69-9d57-7121588af18a: 156 datasets; 1.9 s; peak memory 504 MiB.
2026-09-26T01:00:59Z INFO [343/364] 171ec691-9ed0-4016-9a9d-9376032c104a: 56 datasets; 0.5 s; peak memory 504 MiB.
2026-09-26T01:01:00Z INFO [344/364] 171f0e82-fb45-4d84-b18f-9fca6e2c8b49: 117 datasets; 0.9 s; peak memory 504 MiB.
2026-09-26T01:01:00Z INFO [345/364] 171f4560-e698-4574-9556-edd93a013b81: 48 datasets; 0.6 s; peak memory 504 MiB.
2026-09-26T01:01:01Z INFO [346/364] 171fd9b3-2a95-46e5-84be-1a372ee1ad7f: 48 datasets; 0.7 s; peak memory 504 MiB.
2026-09-26T01:01:04Z INFO [347/364] 172043c8-e41c-4ee9-90b2-a6d6ee168c5c: 461 datasets; 3.2 s; peak memory 504 MiB.
2026-09-26T01:01:06Z INFO [348/364] 17208a1b-6da6-4dc5-81af-71179c2976cd: 71 datasets; 1.4 s; peak memory 504 MiB.
2026-09-26T01:01:07Z INFO [349/364] 1721c212-3163-479b-8a40-56ed13ee3515: 62 datasets; 1.0 s; peak memory 504 MiB.
2026-09-26T01:01:07Z INFO [350/364] 1721fc30-aa14-445b-ac63-b95985abc6cb: 48 datasets; 0.7 s; peak memory 504 MiB.
2026-09-26T01:01:07Z INFO [350/364] 1721fc30-aa14-445b-ac63-b95985abc6cb: checkpointed 58008 records.
2026-09-26T01:01:14Z INFO [351/364] 1722020f-21ab-4599-878f-0e255d5af4b3: 687 datasets; 6.2 s; peak memory 504 MiB.
2026-09-26T01:01:15Z INFO [352/364] 17221292-7ba5-4aaa-9a1b-5775ac9fbbb1: 115 datasets; 0.9 s; peak memory 504 MiB.
2026-09-26T01:01:59Z INFO [353/364] 17223b2a-4faa-4ae5-9133-0db64b3283a5: 75 datasets; 44.0 s; peak memory 504 MiB.
2026-09-26T01:02:00Z INFO [354/364] 17224634-aaae-4708-a49f-c2257f4fdcff: 114 datasets; 1.7 s; peak memory 504 MiB.
2026-09-26T01:02:01Z INFO [355/364] 17228ad9-3a4c-4a18-a1e0-f9303784ae22: 69 datasets; 0.9 s; peak memory 504 MiB.
2026-09-26T01:02:02Z INFO [356/364] 172306ee-bb05-4579-a3bb-b064cce18429: 51 datasets; 0.5 s; peak memory 504 MiB.
2026-09-26T01:02:04Z INFO [357/364] 172393e2-312b-4f1f-a9a4-78fc9140a34e: 156 datasets; 1.8 s; peak memory 504 MiB.
2026-09-26T01:02:04Z INFO [358/364] 1723e3df-9fb1-4bf2-b36d-0e38f3ee9bd5: 117 datasets; 0.7 s; peak memory 504 MiB.
2026-09-26T01:02:06Z INFO [359/364] 17241e2a-a8be-4db1-ad7b-bb0b0e09c58f: 111 datasets; 1.5 s; peak memory 504 MiB.
2026-09-26T01:04:43Z INFO [360/364] 17248d33-e3b6-4a4f-92ab-815cb69f1282: 55 datasets; 157.6 s; peak memory 620 MiB.
2026-09-26T01:04:44Z INFO [361/364] 17249c89-ea94-45d4-8cb6-fa83b8f0bda8: 112 datasets; 1.0 s; peak memory 620 MiB.
2026-09-26T01:04:45Z INFO [362/364] 1725975c-6aa2-402b-a469-d46b313a3e02: 46 datasets; 0.6 s; peak memory 620 MiB.
2026-09-26T01:04:46Z INFO [363/364] 1725f7b1-6fea-4109-968a-ac5adf30431e: 117 datasets; 0.7 s; peak memory 620 MiB.
2026-09-26T01:04:47Z INFO [364/364] 17260770-3a27-437f-b2e8-32d332b8e864: 72 datasets; 0.9 s; peak memory 620 MiB.
2026-09-26T01:04:47Z INFO Wrote 58022 records to /tmp/derivatives/valid_nwb_file_to_number_of_datasets.jsonl (364 new, 0 failed) in 35.9 min (peak memory 620 MiB).
