2026-10-09T04:35:07Z INFO Logging to /tmp/logs/update_2026-10-09T04-35-07Z.log.
2026-10-09T04:35:07Z INFO Update valid-nwb-file-to-number-of-datasets (base directory /tmp).
2026-10-09T04:35:07Z INFO Processing 750 items (106335 already recorded).
2026-10-09T04:35:09Z INFO [1/750] 7b4a92b7-1f48-4b35-9446-a5b8a37ae5f5: 70 datasets; 1.8 s; peak memory 120 MiB.
2026-10-09T04:35:11Z INFO [2/750] 7b4c4af0-dcac-41a5-9927-666f4efc8af1: 132 datasets; 2.2 s; peak memory 122 MiB.
2026-10-09T04:35:13Z INFO [3/750] 7b4dfc40-43a5-4162-8578-3595d5f6fce2: 110 datasets; 1.8 s; peak memory 124 MiB.
2026-10-09T04:35:19Z INFO [4/750] 7b4f787d-6387-49ce-89a8-5962245148db: 229 datasets; 6.2 s; peak memory 131 MiB.
2026-10-09T04:35:21Z INFO [5/750] 7b504b07-e42e-4fff-a10d-9106c1331f45: 110 datasets; 2.0 s; peak memory 131 MiB.
2026-10-09T04:35:24Z INFO [6/750] 7b5052d4-8e39-4ab7-b919-7c779ff1cd33: 168 datasets; 3.0 s; peak memory 132 MiB.
2026-10-09T04:35:27Z INFO [7/750] 7b507f38-3101-4f0a-a730-003f85bf0b76: 115 datasets; 3.0 s; peak memory 132 MiB.
2026-10-09T04:35:28Z INFO [8/750] 7b50b148-0a34-4594-b065-2338dcb96820: 56 datasets; 1.1 s; peak memory 132 MiB.
2026-10-09T04:35:30Z INFO [9/750] 7b50d205-fb9d-44e3-9c79-36f03bb622a2: 112 datasets; 2.0 s; peak memory 132 MiB.
2026-10-09T04:35:32Z INFO [10/750] 7b510875-5a18-4753-92ef-d788570cef2b: 74 datasets; 2.0 s; peak memory 132 MiB.
2026-10-09T04:35:33Z INFO [11/750] 7b511021-ab7b-40d5-a3a1-26052dcffdea: 48 datasets; 1.2 s; peak memory 132 MiB.
2026-10-09T04:35:35Z INFO [12/750] 7b51c30e-a032-45aa-a583-7434a26a72c1: 117 datasets; 1.6 s; peak memory 132 MiB.
2026-10-09T04:35:37Z INFO [13/750] 7b52474f-0fef-4592-9e1c-aa80d685c83e: 69 datasets; 2.0 s; peak memory 132 MiB.
2026-10-09T04:35:38Z INFO [14/750] 7b529b82-edde-4525-88f2-d98b1c6a4e62: 117 datasets; 1.4 s; peak memory 132 MiB.
2026-10-09T04:35:40Z INFO [15/750] 7b52b10d-3f2b-4e44-b168-339fe9e77e52: 46 datasets; 1.3 s; peak memory 132 MiB.
2026-10-09T04:35:41Z INFO [16/750] 7b52b303-ae06-42a0-b935-b5dc07dd327b: 116 datasets; 1.6 s; peak memory 133 MiB.
2026-10-09T04:35:43Z INFO [17/750] 7b53fb2f-09fc-451c-bf37-a5b666eba614: 112 datasets; 2.1 s; peak memory 133 MiB.
2026-10-09T04:35:45Z INFO [18/750] 7b542290-a8c1-4fe0-a33a-ffece39794a2: 69 datasets; 1.9 s; peak memory 133 MiB.
2026-10-09T04:35:47Z INFO [19/750] 7b54691b-7a8a-470b-bd99-3be25ca46a5b: 122 datasets; 1.5 s; peak memory 133 MiB.
2026-10-09T04:35:48Z INFO [20/750] 7b54bd93-d45f-4caf-9be3-a8d7053c3e13: 21 datasets; 1.1 s; peak memory 134 MiB.
2026-10-09T04:37:02Z INFO [21/750] 7b54fbf0-8ef0-4652-97ff-d1787b320ae9: 8225 datasets; 74.1 s; peak memory 277 MiB.
2026-10-09T04:37:04Z INFO [22/750] 7b556d22-3215-472a-b584-4c51906f0b63: 69 datasets; 1.6 s; peak memory 277 MiB.
2026-10-09T04:37:05Z INFO [23/750] 7b55b903-0782-4599-8b9d-787d7c85333b: 66 datasets; 1.7 s; peak memory 277 MiB.
2026-10-09T04:37:07Z INFO [24/750] 7b563de8-cb39-4989-bb85-566c4094cf6a: 48 datasets; 1.4 s; peak memory 277 MiB.
2026-10-09T04:37:09Z INFO [25/750] 7b565b82-e7e3-40c7-a902-3686529e2583: 66 datasets; 2.7 s; peak memory 277 MiB.
2026-10-09T04:37:11Z INFO [26/750] 7b56af5a-382f-43ec-a332-2c19384914e6: 112 datasets; 2.0 s; peak memory 277 MiB.
2026-10-09T04:37:15Z INFO [27/750] 7b56d3ed-51f2-4fc3-b019-6610b221b7d8: 67 datasets; 3.7 s; peak memory 277 MiB.
2026-10-09T04:37:17Z INFO [28/750] 7b571413-614c-4092-8fe8-aa1d9a29cfed: 117 datasets; 1.5 s; peak memory 277 MiB.
2026-10-09T04:47:25Z INFO [29/750] 7b58508d-56ab-4eaa-8c46-3617bc399254: 108 datasets; 608.2 s; peak memory 1157 MiB.
2026-10-09T04:47:32Z INFO [30/750] 7b590585-69b1-4946-95fb-d1dcacb9c0a7: 56 datasets; 7.6 s; peak memory 1157 MiB.
2026-10-09T04:47:36Z INFO [31/750] 7b5909d2-0fcb-4d1b-8ce9-6c7805448fc6: 156 datasets; 3.5 s; peak memory 1157 MiB.
2026-10-09T04:47:38Z INFO [32/750] 7b597b9e-8415-4127-b0c0-e46559cbf1f8: 62 datasets; 1.7 s; peak memory 1157 MiB.
2026-10-09T04:47:39Z INFO [33/750] 7b59942d-27bf-41be-95b7-30f7fdce3e78: 92 datasets; 1.6 s; peak memory 1157 MiB.
2026-10-09T04:47:40Z INFO [34/750] 7b599e76-9b70-4048-83e2-ed2fc7e4a5a9: 48 datasets; 1.3 s; peak memory 1157 MiB.
2026-10-09T04:47:42Z INFO [35/750] 7b59a380-b7ec-46fc-b43e-592cba3be6c6: 46 datasets; 1.4 s; peak memory 1157 MiB.
2026-10-09T04:47:45Z INFO [36/750] 7b5a7052-afa1-4dcd-91e6-cd0d4a345bee: 156 datasets; 3.5 s; peak memory 1157 MiB.
2026-10-09T04:47:47Z INFO [37/750] 7b5a9c7e-2d33-43d5-a521-6987b6746258: 48 datasets; 1.3 s; peak memory 1157 MiB.
2026-10-09T04:47:48Z INFO [38/750] 7b5b849c-ad25-4c90-b0eb-e684ff004ff4: 112 datasets; 1.6 s; peak memory 1157 MiB.
2026-10-09T04:47:49Z INFO [39/750] 7b5b8758-ff4e-4ae4-991f-c9c294406c91: 48 datasets; 1.2 s; peak memory 1157 MiB.
2026-10-09T04:47:51Z INFO [40/750] 7b5b975f-7d9a-476e-a157-215d11df6f0d: 67 datasets; 1.5 s; peak memory 1157 MiB.
2026-10-09T04:47:52Z INFO [41/750] 7b5c1faa-8581-4c79-bdfb-a6d9c5f2d46e: 48 datasets; 1.3 s; peak memory 1157 MiB.
2026-10-09T04:47:59Z INFO [42/750] 7b5c6475-31b4-4043-93b0-01fe24130ff4: 193 datasets; 6.5 s; peak memory 1157 MiB.
2026-10-09T04:48:00Z INFO [43/750] 7b5cad00-4b36-455c-baba-9c0820fcc9da: 50 datasets; 1.2 s; peak memory 1157 MiB.
2026-10-09T04:48:02Z INFO [44/750] 7b5cc1b9-8102-4149-b425-a45093af971d: 74 datasets; 2.1 s; peak memory 1157 MiB.
2026-10-09T04:48:03Z INFO [45/750] 7b5d3247-2c97-4a9b-aafb-790f3b449690: 51 datasets; 1.0 s; peak memory 1157 MiB.
2026-10-09T04:48:04Z INFO [46/750] 7b5dc3a4-d580-413c-8152-859abecdb931: 48 datasets; 1.3 s; peak memory 1157 MiB.
2026-10-09T04:48:06Z INFO [47/750] 7b5df16b-76ee-409e-8cbe-4083eea8304d: 112 datasets; 2.2 s; peak memory 1157 MiB.
2026-10-09T04:48:08Z INFO [48/750] 7b5e0839-b513-4a60-84de-d95717121e53: 117 datasets; 1.5 s; peak memory 1157 MiB.
2026-10-09T04:48:10Z INFO [49/750] 7b5e2d65-1948-4f03-ba17-e51fa2354428: 117 datasets; 1.6 s; peak memory 1157 MiB.
2026-10-09T04:48:13Z INFO [50/750] 7b5edfed-f841-437b-b260-8d2362e3d540: 209 datasets; 3.3 s; peak memory 1157 MiB.
2026-10-09T04:48:13Z INFO [50/750] 7b5edfed-f841-437b-b260-8d2362e3d540: checkpointed 106385 new records.
2026-10-09T04:48:15Z INFO [51/750] 7b5f1d76-d901-4743-b7b0-b48e77afdd13: 69 datasets; 1.6 s; peak memory 1157 MiB.
2026-10-09T04:48:16Z INFO [52/750] 7b5f83ff-ed4e-41c8-9152-b66aa1a9cf8c: 112 datasets; 1.5 s; peak memory 1157 MiB.
2026-10-09T04:48:18Z INFO [53/750] 7b5f85f4-f4ed-4a71-9fbb-4d4de6b12f3e: 118 datasets; 1.7 s; peak memory 1157 MiB.
2026-10-09T04:48:19Z INFO [54/750] 7b6064ea-7372-44c3-9921-cc06043f6f0d: 77 datasets; 1.6 s; peak memory 1157 MiB.
2026-10-09T04:48:21Z INFO [55/750] 7b60f0f1-3c25-4e57-ba04-bdff65e03fe4: 118 datasets; 1.5 s; peak memory 1157 MiB.
2026-10-09T04:48:22Z INFO [56/750] 7b614fba-c1ae-48a6-a701-a1d1f28f9229: 46 datasets; 1.0 s; peak memory 1157 MiB.
2026-10-09T04:48:23Z INFO [57/750] 7b61cfa2-599d-4f9c-b3c0-b2d35d12fd72: 117 datasets; 1.5 s; peak memory 1157 MiB.
2026-10-09T04:48:25Z INFO [58/750] 7b62e4e3-cb80-4f22-ae6b-4c15a26e502f: 58 datasets; 1.2 s; peak memory 1157 MiB.
2026-10-09T04:48:26Z INFO [59/750] 7b630b69-fec2-4677-9a99-9bb07d7cf5eb: 56 datasets; 1.2 s; peak memory 1157 MiB.
2026-10-09T04:48:27Z INFO [60/750] 7b6446f3-44f1-4a8b-9c3d-00869c0c4aac: 58 datasets; 1.0 s; peak memory 1157 MiB.
2026-10-09T04:48:33Z INFO [61/750] 7b64cf80-535b-4d3c-a4af-59a7f1cbb1b6: 655 datasets; 6.4 s; peak memory 1157 MiB.
2026-10-09T04:48:34Z INFO [62/750] 7b655d4b-0ed6-4f7a-9510-eee59308940d: 48 datasets; 1.2 s; peak memory 1157 MiB.
2026-10-09T04:48:56Z INFO [63/750] 7b657d2f-5088-4620-af9b-295b6f11ee84: 48 datasets; 21.7 s; peak memory 1157 MiB.
2026-10-09T04:48:57Z INFO [64/750] 7b65c660-3061-4154-885d-096dbd241b98: 46 datasets; 1.0 s; peak memory 1157 MiB.
2026-10-09T04:48:59Z INFO [65/750] 7b6601d9-17fc-4db0-8abe-d60a0c2c0b59: 84 datasets; 1.5 s; peak memory 1157 MiB.
2026-10-09T04:49:01Z INFO [66/750] 7b6706b0-7a8a-4d50-8167-cbacd069d864: 55 datasets; 2.0 s; peak memory 1157 MiB.
2026-10-09T04:49:02Z INFO [67/750] 7b677cb8-ff92-4b14-800b-8a6edceec017: 48 datasets; 1.4 s; peak memory 1157 MiB.
2026-10-09T04:49:03Z INFO [68/750] 7b67faab-7518-46f9-a9ca-9be1a023a3cf: 48 datasets; 1.2 s; peak memory 1157 MiB.
2026-10-09T04:49:05Z INFO [69/750] 7b68680b-00b0-4c3b-a86d-b0b997ac92c2: 117 datasets; 1.6 s; peak memory 1157 MiB.
2026-10-09T04:49:08Z INFO [70/750] 7b687ff2-9acc-4862-9aad-507855fd56ba: 114 datasets; 3.0 s; peak memory 1157 MiB.
2026-10-09T04:49:09Z INFO [71/750] 7b696511-3c7d-47c3-bf1b-bec327914e42: 48 datasets; 1.2 s; peak memory 1157 MiB.
2026-10-09T04:49:11Z INFO [72/750] 7b6a667c-aa2e-4f58-97d8-bdb72c60a2f5: 69 datasets; 2.0 s; peak memory 1157 MiB.
2026-10-09T04:49:13Z INFO [73/750] 7b6aeea7-296b-44ec-94c9-908b269c4827: 118 datasets; 1.5 s; peak memory 1157 MiB.
2026-10-09T04:49:14Z INFO [74/750] 7b6b1395-b4b0-4ce8-8b48-cf759eca64c2: 48 datasets; 1.3 s; peak memory 1157 MiB.
2026-10-09T04:49:24Z INFO [75/750] 7b6b7ec9-8a8e-4430-b63c-12be7ebb4b9b: 828 datasets; 10.0 s; peak memory 1157 MiB.
2026-10-09T04:49:30Z INFO [76/750] 7b6b9414-5db1-4850-8c9d-5d62df6a0885: 540 datasets; 6.1 s; peak memory 1157 MiB.
2026-10-09T04:49:31Z INFO [77/750] 7b6c232a-6b7e-489c-96e6-6529cbcb2187: 46 datasets; 1.0 s; peak memory 1157 MiB.
2026-10-09T04:49:32Z INFO [78/750] 7b6c2f08-5698-4a56-a327-d78fd38f1e1d: 53 datasets; 1.1 s; peak memory 1157 MiB.
2026-10-09T04:49:34Z INFO [79/750] 7b6d33e0-27dc-4feb-aaa2-72ea30f4b9d1: 71 datasets; 2.4 s; peak memory 1157 MiB.
2026-10-09T04:49:36Z INFO [80/750] 7b6d87e5-a1cb-4622-830b-46fc90effbf0: 69 datasets; 1.8 s; peak memory 1157 MiB.
2026-10-09T04:49:46Z INFO [81/750] 7b6d9d13-381f-44d1-8206-b926f346f47c: 757 datasets; 10.1 s; peak memory 1157 MiB.
2026-10-09T04:49:48Z INFO [82/750] 7b6db485-037f-4427-82cc-f935e28b3d36: 45 datasets; 1.6 s; peak memory 1157 MiB.
2026-10-09T04:49:52Z INFO [83/750] 7b6e4e1f-9de8-4e33-a284-2fbd8ac67c27: 153 datasets; 3.9 s; peak memory 1157 MiB.
2026-10-09T04:49:54Z INFO [84/750] 7b6e78a1-d724-40cd-bbdc-5aba1feb9623: 112 datasets; 1.7 s; peak memory 1157 MiB.
2026-10-09T04:49:55Z INFO [85/750] 7b701f97-9b79-4bba-b298-a1d65a406b64: 112 datasets; 1.8 s; peak memory 1157 MiB.
2026-10-09T04:50:01Z INFO [86/750] 7b7083b8-be6c-476f-ae36-7be9309e1a69: 537 datasets; 5.8 s; peak memory 1157 MiB.
2026-10-09T04:50:12Z INFO [87/750] 7b709e18-db33-4f6a-a185-1d51035da57e: 451 datasets; 10.8 s; peak memory 1157 MiB.
2026-10-09T04:50:13Z INFO [88/750] 7b712f03-ec8f-4186-b4f4-77e0f39afa94: 48 datasets; 1.3 s; peak memory 1157 MiB.
2026-10-09T04:50:15Z INFO [89/750] 7b7149c4-87a6-4075-a013-c61c5ff55d46: 122 datasets; 1.5 s; peak memory 1157 MiB.
2026-10-09T04:58:31Z INFO [90/750] 7b71dc6b-2284-45bd-b32c-516e0aed2ff0: 1322 datasets; 496.1 s; peak memory 1157 MiB.
2026-10-09T04:58:32Z INFO [91/750] 7b72dcea-ad19-4717-b113-5fad432b433a: 45 datasets; 1.2 s; peak memory 1157 MiB.
2026-10-09T04:58:35Z INFO [92/750] 7b72f13d-ffb0-4a46-bac0-06a84d1676aa: 38 datasets; 3.0 s; peak memory 1157 MiB.
2026-10-09T04:58:37Z INFO [93/750] 7b731fb1-7ee3-4659-afe8-f1fa443376e6: 71 datasets; 2.1 s; peak memory 1157 MiB.
2026-10-09T04:58:38Z INFO [94/750] 7b741650-28d1-4a18-b9ea-28e1687fc079: 48 datasets; 1.2 s; peak memory 1157 MiB.
2026-10-09T04:58:40Z INFO [95/750] 7b74a79b-639b-4c0d-ac0b-6d3818bdb5e6: 48 datasets; 1.3 s; peak memory 1157 MiB.
2026-10-09T04:58:46Z INFO [96/750] 7b7573a3-efa9-4fce-95df-5f938a1e6a69: 238 datasets; 6.7 s; peak memory 1157 MiB.
2026-10-09T04:58:48Z INFO [97/750] 7b75ac5f-929b-407a-b805-87d3e50d3354: 247 datasets; 1.8 s; peak memory 1157 MiB.
2026-10-09T04:58:52Z INFO [98/750] 7b7673de-e9e6-4b99-a9f5-afff20632f85: 85 datasets; 3.5 s; peak memory 1157 MiB.
2026-10-09T04:58:53Z INFO [99/750] 7b772e97-a6fe-4624-9854-bd18cb099e2a: 118 datasets; 1.5 s; peak memory 1157 MiB.
2026-10-09T04:58:54Z INFO [100/750] 7b7790a6-f0d8-4803-a2c2-6434bd49c9e4: 58 datasets; 1.0 s; peak memory 1157 MiB.
2026-10-09T04:58:54Z INFO [100/750] 7b7790a6-f0d8-4803-a2c2-6434bd49c9e4: checkpointed 106435 new records.
2026-10-09T05:03:14Z INFO [101/750] 7b781e02-97d9-47cb-9aa3-9853808b5c4d: 453 datasets; 259.6 s; peak memory 1157 MiB.
2026-10-09T05:03:16Z INFO [102/750] 7b784ac1-d119-4420-88a9-6041ddef407e: 66 datasets; 1.8 s; peak memory 1157 MiB.
2026-10-09T05:03:17Z INFO [103/750] 7b79644f-fdd3-440b-86da-99d6d7a83ddd: 48 datasets; 1.3 s; peak memory 1157 MiB.
2026-10-09T05:03:19Z INFO [104/750] 7b7ac7e9-5d32-4d9c-bb8e-831bc9983311: 48 datasets; 1.5 s; peak memory 1157 MiB.
2026-10-09T05:03:20Z INFO [105/750] 7b7b4e58-20be-4708-a6d1-5186ce9fd073: 77 datasets; 1.5 s; peak memory 1157 MiB.
2026-10-09T05:03:21Z INFO [106/750] 7b7c9fd2-9abc-41e4-9aca-47380c1fa81b: 46 datasets; 1.1 s; peak memory 1157 MiB.
2026-10-09T05:03:22Z INFO [107/750] 7b7d5242-a287-4a90-85d8-24681171dbbd: 48 datasets; 1.2 s; peak memory 1157 MiB.
2026-10-09T05:03:24Z INFO [108/750] 7b7d6585-af05-4a56-b648-ae01734ab243: 48 datasets; 1.4 s; peak memory 1157 MiB.
2026-10-09T05:03:26Z INFO [109/750] 7b7e2e7c-17cf-4075-bdaa-815926925c20: 49 datasets; 2.3 s; peak memory 1157 MiB.
2026-10-09T05:03:35Z INFO [110/750] 7b7ec123-c78f-493d-8a29-bdcf5ca452c9: 9087 datasets; 9.3 s; peak memory 1157 MiB.
2026-10-09T05:03:37Z INFO [111/750] 7b7ecbcd-0603-4eba-aa19-57b2f3f20790: 92 datasets; 1.3 s; peak memory 1157 MiB.
2026-10-09T05:03:38Z INFO [112/750] 7b7ef174-57e6-4836-b2b5-c077566a097c: 48 datasets; 1.5 s; peak memory 1157 MiB.
2026-10-09T05:03:39Z INFO [113/750] 7b7fb766-6617-4871-bdd3-4ac634b2f4e9: 52 datasets; 1.4 s; peak memory 1157 MiB.
2026-10-09T05:03:40Z INFO [114/750] 7b7fbdf2-67b7-45dd-9a30-02a5e637a891: 38 datasets; 1.1 s; peak memory 1157 MiB.
2026-10-09T05:03:41Z INFO [115/750] 7b7ffdd1-539b-44ad-8ef2-ba05f97e8239: 63 datasets; 0.9 s; peak memory 1157 MiB.
2026-10-09T05:03:49Z INFO [116/750] 7b8078c9-a3d0-4d96-9fd3-cf970a3ddc80: 2410 datasets; 8.0 s; peak memory 1157 MiB.
2026-10-09T05:03:51Z INFO [117/750] 7b80b569-7bcb-41da-858e-36040b6f788e: 117 datasets; 1.5 s; peak memory 1157 MiB.
2026-10-09T05:04:15Z INFO [118/750] 7b81cb3d-8c59-4445-bb9a-9869307803e2: 48 datasets; 24.1 s; peak memory 1157 MiB.
2026-10-09T05:04:17Z INFO [119/750] 7b822b70-03db-48e3-a7e8-26dba3fe1572: 116 datasets; 1.5 s; peak memory 1157 MiB.
2026-10-09T05:04:18Z INFO [120/750] 7b826b8f-5989-427b-8470-b326bd306448: 46 datasets; 1.2 s; peak memory 1157 MiB.
2026-10-09T05:04:19Z INFO [121/750] 7b8295c7-5a42-482c-a756-ded910a8c83c: 52 datasets; 1.3 s; peak memory 1157 MiB.
2026-10-09T05:04:23Z INFO [122/750] 7b833889-bf76-44d2-b30b-be1ed655d64a: 85 datasets; 3.4 s; peak memory 1157 MiB.
2026-10-09T05:04:32Z INFO [123/750] 7b83727a-76a3-4611-970b-bae567100657: 869 datasets; 9.9 s; peak memory 1157 MiB.
2026-10-09T05:04:34Z INFO [124/750] 7b83ab46-3e10-4bba-886a-520192728f04: 48 datasets; 1.3 s; peak memory 1157 MiB.
2026-10-09T05:04:35Z INFO [125/750] 7b843f3a-4695-4fc9-97b5-953f9b562326: 48 datasets; 1.4 s; peak memory 1157 MiB.
2026-10-09T05:07:14Z INFO [126/750] 7b855730-eccd-43a4-b758-68e5454e35f7: 414 datasets; 158.7 s; peak memory 1157 MiB.
2026-10-09T05:07:15Z INFO [127/750] 7b856a1a-bf46-486b-9756-c0c8f3e4f382: 48 datasets; 1.3 s; peak memory 1157 MiB.
2026-10-09T05:07:29Z INFO [128/750] 7b85c05d-7810-4569-94fb-2a0b2d69c153: 478 datasets; 13.5 s; peak memory 1157 MiB.
2026-10-09T05:07:36Z INFO [129/750] 7b86cb95-8d23-4316-b095-f5a3f47139c1: 599 datasets; 7.3 s; peak memory 1157 MiB.
2026-10-09T05:07:39Z INFO [130/750] 7b8704a7-b77e-41e6-9ea1-00abef7cc4fc: 116 datasets; 3.2 s; peak memory 1157 MiB.
2026-10-09T05:07:40Z INFO [131/750] 7b87356f-51ca-4811-81b3-89bcdbaa4690: 36 datasets; 1.1 s; peak memory 1157 MiB.
2026-10-09T05:07:41Z INFO [132/750] 7b87420c-e50c-4843-8bb0-ac2a18aa3af7: 39 datasets; 1.4 s; peak memory 1157 MiB.
2026-10-09T05:07:43Z INFO [133/750] 7b8795e6-4a47-4751-b589-7c9aa2ff1a12: 48 datasets; 1.3 s; peak memory 1157 MiB.
2026-10-09T05:07:44Z INFO [134/750] 7b88bcd8-8c6a-4ac8-bd9f-ec9d32483752: 52 datasets; 1.4 s; peak memory 1157 MiB.
2026-10-09T05:07:48Z INFO [135/750] 7b8a24a4-b5e9-46fc-8e76-5cc2ef17b151: 156 datasets; 3.7 s; peak memory 1157 MiB.
2026-10-09T05:07:49Z INFO [136/750] 7b8a698d-1f54-4b8c-ac7f-cbcc444883bf: 117 datasets; 1.5 s; peak memory 1157 MiB.
2026-10-09T05:08:09Z INFO [137/750] 7b8bcb91-31db-4ba6-92c7-8105f1e00c73: 1236 datasets; 20.0 s; peak memory 1157 MiB.
2026-10-09T05:08:11Z INFO [138/750] 7b8d7bb4-c22c-4fc1-82c9-ed1257d0b51e: 117 datasets; 1.6 s; peak memory 1157 MiB.
2026-10-09T05:08:13Z INFO [139/750] 7b8e50d4-6485-471e-9a15-95e2750775d6: 112 datasets; 1.8 s; peak memory 1157 MiB.
2026-10-09T05:08:15Z INFO [140/750] 7b8eb828-e8fb-4310-a45d-b6c512d87576: 70 datasets; 1.8 s; peak memory 1157 MiB.
2026-10-09T05:08:16Z INFO [141/750] 7b8f66aa-b9f3-4ed1-be1e-5f9ea18e15c7: 48 datasets; 1.2 s; peak memory 1157 MiB.
2026-10-09T05:08:18Z INFO [142/750] 7b8f6c86-f323-49e6-a086-c079494bf827: 66 datasets; 2.0 s; peak memory 1157 MiB.
2026-10-09T05:08:19Z INFO [143/750] 7b8faf38-1cea-45ed-942a-bf7ae91fd3de: 48 datasets; 1.3 s; peak memory 1157 MiB.
2026-10-09T05:08:21Z INFO [144/750] 7b8fbe0d-7d29-461f-8b4c-dacf41fd8f05: 112 datasets; 1.3 s; peak memory 1157 MiB.
2026-10-09T05:08:22Z INFO [145/750] 7b8fea6c-5095-425f-a0c2-dc712e2babb8: 112 datasets; 1.8 s; peak memory 1157 MiB.
2026-10-09T05:08:32Z INFO [146/750] 7b90168a-a65a-4752-aaba-9a7b0e4b85b3: 609 datasets; 9.9 s; peak memory 1157 MiB.
2026-10-09T05:08:40Z INFO [147/750] 7b919810-2d93-4bda-b9cb-02a2b647f887: 219 datasets; 8.1 s; peak memory 1157 MiB.
2026-10-09T05:08:42Z INFO [148/750] 7b92fbd2-0930-49e5-a7f0-50ff76da0cad: 48 datasets; 1.3 s; peak memory 1157 MiB.
2026-10-09T05:08:44Z INFO [149/750] 7b930cd7-cef0-40ec-bf34-8001e00e3312: 275 datasets; 2.0 s; peak memory 1157 MiB.
2026-10-09T05:10:58Z INFO [150/750] 7b9353a9-6d97-4b79-a978-099d7c8b4d74: 269 datasets; 134.4 s; peak memory 1157 MiB.
2026-10-09T05:10:58Z INFO [150/750] 7b9353a9-6d97-4b79-a978-099d7c8b4d74: checkpointed 106485 new records.
2026-10-09T05:11:23Z INFO [151/750] 7b935f4a-fbd2-438b-a377-960c982b91f6: 328 datasets; 24.5 s; peak memory 1157 MiB.
2026-10-09T05:11:24Z INFO [152/750] 7b937162-87c1-4e7b-aefd-b90ebfb79abb: 118 datasets; 1.5 s; peak memory 1157 MiB.
2026-10-09T05:11:46Z INFO [153/750] 7b939aa7-afbf-4b25-8311-b154ec5758ee: 48 datasets; 22.3 s; peak memory 1157 MiB.
2026-10-09T05:11:48Z INFO [154/750] 7b949699-c47f-4115-be55-680074db745b: 59 datasets; 1.8 s; peak memory 1157 MiB.
2026-10-09T05:11:50Z INFO [155/750] 7b94c90f-7a0a-4b81-a16a-4b5d22808e81: 42 datasets; 1.7 s; peak memory 1157 MiB.
2026-10-09T05:11:51Z INFO [156/750] 7b966e72-9b78-4204-a0cc-3eecdf25ee77: 48 datasets; 1.4 s; peak memory 1157 MiB.
2026-10-09T05:11:56Z INFO [157/750] 7b9678ec-031e-4949-96ba-4ef22a202cf3: 50 datasets; 4.2 s; peak memory 1157 MiB.
2026-10-09T05:11:57Z INFO [158/750] 7b96d345-2912-4730-8926-3fee982eb73c: 48 datasets; 1.5 s; peak memory 1157 MiB.
2026-10-09T05:11:58Z INFO [159/750] 7b972695-80c2-43e4-8551-ceae56f91f74: 46 datasets; 1.2 s; peak memory 1157 MiB.
2026-10-09T05:12:10Z INFO [160/750] 7b976979-ee42-4814-8c59-9f1515822578: 106 datasets; 11.6 s; peak memory 1157 MiB.
2026-10-09T05:12:11Z INFO [161/750] 7b978099-95a5-45fd-9530-3a50ca0a1308: 117 datasets; 1.6 s; peak memory 1157 MiB.
2026-10-09T05:12:13Z INFO [162/750] 7b990f70-1137-4465-a697-eddc12f4907d: 117 datasets; 1.6 s; peak memory 1157 MiB.
2026-10-09T05:14:33Z INFO [163/750] 7b997083-0cd8-474c-a1ca-cffd482b574a: 167 datasets; 140.2 s; peak memory 1157 MiB.
2026-10-09T05:14:36Z INFO [164/750] 7b9a2d6d-b924-44e1-af9c-24af23cde457: 126 datasets; 2.5 s; peak memory 1157 MiB.
2026-10-09T05:14:37Z INFO [165/750] 7b9aa12a-5de4-445b-87ab-91d3544dee50: 117 datasets; 1.8 s; peak memory 1157 MiB.
2026-10-09T05:14:39Z INFO [166/750] 7b9b46ba-1564-4e94-a68c-72763fc2e702: 112 datasets; 1.9 s; peak memory 1157 MiB.
2026-10-09T05:14:40Z INFO [167/750] 7b9b5b80-ff6b-4f36-82ef-dcee06493722: 45 datasets; 1.1 s; peak memory 1157 MiB.
2026-10-09T05:14:42Z INFO [168/750] 7b9c7fda-0341-418c-8ba0-ed614908da10: 48 datasets; 1.3 s; peak memory 1157 MiB.
2026-10-09T05:14:44Z INFO [169/750] 7b9ef97a-9b9c-4a91-9a13-64f509a557fb: 84 datasets; 1.9 s; peak memory 1157 MiB.
2026-10-09T05:14:45Z INFO [170/750] 7b9efd23-270c-45f7-b9bc-63dca6463d41: 117 datasets; 1.6 s; peak memory 1157 MiB.
2026-10-09T05:14:52Z INFO [171/750] 7b9f836f-fee5-4190-9fd9-d0662592ce97: 196 datasets; 7.2 s; peak memory 1157 MiB.
2026-10-09T05:14:54Z INFO [172/750] 7b9f8791-b8e9-4c6a-b01f-8f578ff802e9: 48 datasets; 1.3 s; peak memory 1157 MiB.
2026-10-09T05:14:55Z INFO [173/750] 7b9fd165-35cf-4158-9894-c653abbee71a: 48 datasets; 1.4 s; peak memory 1157 MiB.
2026-10-09T05:14:57Z INFO [174/750] 7ba0365b-3837-4ce4-bb22-f5adee34644d: 69 datasets; 1.7 s; peak memory 1157 MiB.
2026-10-09T05:14:59Z INFO [175/750] 7ba0d2f3-f772-4abb-b28a-9c4e4e86345a: 66 datasets; 2.4 s; peak memory 1157 MiB.
2026-10-09T05:15:01Z INFO [176/750] 7ba17e82-c4db-4a0d-bc5b-9560e24f11b1: 117 datasets; 1.5 s; peak memory 1157 MiB.
2026-10-09T05:15:02Z INFO [177/750] 7ba2923e-8c5a-4d3d-b7c1-a34c9fab8b9d: 48 datasets; 1.4 s; peak memory 1157 MiB.
2026-10-09T05:15:03Z INFO [178/750] 7ba382e6-76d0-4e82-af63-d9989689bbec: 68 datasets; 1.5 s; peak memory 1157 MiB.
2026-10-09T05:15:04Z INFO [179/750] 7ba50a5e-e208-4edd-9f44-864ff0f92fdf: 46 datasets; 1.0 s; peak memory 1157 MiB.
2026-10-09T05:15:07Z INFO [180/750] 7ba54ad4-b181-4c4e-9a3d-0ad9a7a8b5b6: 69 datasets; 2.1 s; peak memory 1157 MiB.
2026-10-09T05:15:08Z INFO [181/750] 7ba54c9b-df66-41e9-bcfe-60a2ed0432b9: 46 datasets; 1.1 s; peak memory 1157 MiB.
2026-10-09T05:15:09Z INFO [182/750] 7ba5af7e-f181-40f6-93f2-cfc0e6953067: 33 datasets; 1.0 s; peak memory 1157 MiB.
2026-10-09T05:15:10Z INFO [183/750] 7ba5d600-b9c7-42fd-ad02-8b1b483e606e: 39 datasets; 1.5 s; peak memory 1157 MiB.
2026-10-09T05:15:11Z INFO [184/750] 7ba672d2-1f97-4146-b85e-2498e70ddcd8: 38 datasets; 1.2 s; peak memory 1157 MiB.
2026-10-09T05:15:31Z INFO [185/750] 7ba6e58d-b424-4981-844f-94c305d1a02a: 816 datasets; 20.1 s; peak memory 1157 MiB.
2026-10-09T05:17:54Z INFO [186/750] 7ba72c0e-b48e-4969-b510-9c816ba1e4d8: 62 datasets; 142.8 s; peak memory 1157 MiB.
2026-10-09T05:17:56Z INFO [187/750] 7ba74bd3-0e74-4c15-9bf3-613727700f19: 118 datasets; 1.4 s; peak memory 1157 MiB.
2026-10-09T05:17:57Z INFO [188/750] 7ba7a36c-1625-4ac0-bc7a-aaf6256be453: 65 datasets; 1.7 s; peak memory 1157 MiB.
2026-10-09T05:17:59Z INFO [189/750] 7ba7b9c7-ddb2-4c77-9466-0b8fa4e5486c: 48 datasets; 1.3 s; peak memory 1157 MiB.
2026-10-09T05:18:00Z INFO [190/750] 7ba7cb5e-98cc-4e50-aad2-5b5be83e74fa: 48 datasets; 1.3 s; peak memory 1157 MiB.
2026-10-09T05:18:02Z INFO [191/750] 7ba967d2-16da-4e94-8694-d66948a62841: 112 datasets; 1.7 s; peak memory 1157 MiB.
2026-10-09T05:18:03Z INFO [192/750] 7ba992c1-a9ea-4728-95d0-f0652d226e57: 203 datasets; 1.3 s; peak memory 1157 MiB.
2026-10-09T05:20:46Z INFO [193/750] 7baa8728-a981-4d92-a33b-9d4ea1847324: 42137 datasets; 163.1 s; peak memory 1157 MiB.
2026-10-09T05:20:48Z INFO [194/750] 7baac2e0-8afc-44c6-8e6b-be5e1245d102: 48 datasets; 1.5 s; peak memory 1157 MiB.
2026-10-09T05:20:49Z INFO [195/750] 7bab7ec7-fbbd-4d78-998a-9b1f1d4d5711: 33 datasets; 1.1 s; peak memory 1157 MiB.
2026-10-09T05:21:12Z INFO [196/750] 7babaaf6-779e-4be7-b8ba-f0f6bac86b76: 1599 datasets; 23.8 s; peak memory 1157 MiB.
2026-10-09T05:21:30Z INFO [197/750] 7babb303-d6b1-411e-bce3-b7dc16a7c7bf: 38 datasets; 17.1 s; peak memory 1157 MiB.
2026-10-09T05:21:36Z INFO [198/750] 7babe7ba-c443-4615-809f-948c883e04af: 564 datasets; 6.2 s; peak memory 1157 MiB.
2026-10-09T05:21:38Z INFO [199/750] 7bac4186-8ab6-4631-bd03-f05914e634a1: 275 datasets; 1.9 s; peak memory 1157 MiB.
2026-10-09T05:21:39Z INFO [200/750] 7bace887-8794-4569-9100-34680831f7c7: 51 datasets; 1.0 s; peak memory 1157 MiB.
2026-10-09T05:21:39Z INFO [200/750] 7bace887-8794-4569-9100-34680831f7c7: checkpointed 106535 new records.
2026-10-09T05:21:41Z INFO [201/750] 7bae9502-da4a-4240-a25a-896e51199bb6: 62 datasets; 1.7 s; peak memory 1157 MiB.
2026-10-09T05:21:50Z INFO [202/750] 7bafc8a8-ea37-4d66-94bf-782dea13bc97: 394 datasets; 9.4 s; peak memory 1157 MiB.
2026-10-09T05:21:57Z INFO [203/750] 7bb0039c-f4fe-46b3-97d0-8f82a9a390cd: 229 datasets; 7.1 s; peak memory 1157 MiB.
2026-10-09T05:21:58Z INFO [204/750] 7bb14f93-1546-4f49-901e-759e35ab3dfe: 48 datasets; 1.2 s; peak memory 1157 MiB.
2026-10-09T05:22:09Z INFO [205/750] 7bb26bf6-e972-40d9-bc22-551b435146c1: 106 datasets; 10.4 s; peak memory 1157 MiB.
2026-10-09T05:22:10Z INFO [206/750] 7bb41920-21ec-4e70-b7e2-7ad0965e7140: 46 datasets; 1.4 s; peak memory 1157 MiB.
2026-10-09T05:22:12Z INFO [207/750] 7bb4f516-6d43-4c94-a292-cf8709b5a516: 112 datasets; 1.8 s; peak memory 1157 MiB.
2026-10-09T05:22:14Z INFO [208/750] 7bb5eef1-552c-49bf-9549-928f4da5320e: 117 datasets; 1.5 s; peak memory 1157 MiB.
2026-10-09T05:22:15Z INFO [209/750] 7bb62fea-7cb6-485b-9ad7-803b18bcc6ce: 118 datasets; 1.5 s; peak memory 1157 MiB.
2026-10-09T05:22:18Z INFO [210/750] 7bb66500-f680-4204-8b4f-187afa5d23e2: 138 datasets; 3.2 s; peak memory 1157 MiB.
2026-10-09T05:22:21Z INFO [211/750] 7bb76e5a-cde4-48e0-b6c3-155389580414: 156 datasets; 3.3 s; peak memory 1157 MiB.
2026-10-09T05:22:23Z INFO [212/750] 7bb77bf1-a344-4944-8919-fb624629f610: 69 datasets; 1.9 s; peak memory 1157 MiB.
2026-10-09T05:22:25Z INFO [213/750] 7bb7adef-6dd8-45e7-82cd-fb3c3dbf6dc7: 112 datasets; 1.8 s; peak memory 1157 MiB.
2026-10-09T05:22:27Z INFO [214/750] 7bb8b3ef-6354-46d5-b82c-c68103ce4223: 48 datasets; 1.3 s; peak memory 1157 MiB.
2026-10-09T05:22:28Z INFO [215/750] 7bb913f6-e90a-4c8c-adca-8d3e17c2208c: 48 datasets; 1.3 s; peak memory 1157 MiB.
2026-10-09T05:22:29Z INFO [216/750] 7bb936bd-1bff-4277-998c-a727bbe1eda4: 74 datasets; 1.5 s; peak memory 1157 MiB.
2026-10-09T05:22:31Z INFO [217/750] 7bb94dc0-6544-4d19-8c8f-898ec817d3f3: 117 datasets; 1.5 s; peak memory 1157 MiB.
2026-10-09T05:22:38Z INFO [218/750] 7bb9d970-6e2f-47b2-9025-71d36dbf4d99: 538 datasets; 7.3 s; peak memory 1157 MiB.
2026-10-09T05:22:40Z INFO [219/750] 7bba7864-5a4b-4b36-aa1b-271d3d9d98e3: 275 datasets; 1.9 s; peak memory 1157 MiB.
2026-10-09T05:22:53Z INFO [220/750] 7bbae0a9-7c86-4d14-8114-265bcc19a336: 1492 datasets; 12.7 s; peak memory 1157 MiB.
2026-10-09T05:22:55Z INFO [221/750] 7bbb52c4-e424-4878-a067-971988c91384: 116 datasets; 1.7 s; peak memory 1157 MiB.
2026-10-09T05:22:58Z INFO [222/750] 7bbbb7b6-9e06-45da-82e6-16ea3b6adcd8: 140 datasets; 3.0 s; peak memory 1157 MiB.
2026-10-09T05:22:59Z INFO [223/750] 7bbc5095-d790-44eb-b33a-d4bd63f7ca46: 46 datasets; 1.0 s; peak memory 1157 MiB.
2026-10-09T05:23:06Z INFO [224/750] 7bbc8b3a-46f6-4f39-98b5-e27cd8eaeb37: 590 datasets; 7.0 s; peak memory 1157 MiB.
2026-10-09T05:23:07Z INFO [225/750] 7bbca1a7-a7b7-486b-9c70-8790d55af830: 64 datasets; 1.4 s; peak memory 1157 MiB.
2026-10-09T05:23:09Z INFO [226/750] 7bbcdbf1-17ae-4509-a254-f713519af4cb: 275 datasets; 1.9 s; peak memory 1157 MiB.
2026-10-09T05:23:10Z INFO [227/750] 7bbd7b62-168d-4ad6-834f-051d9df39124: 112 datasets; 1.5 s; peak memory 1157 MiB.
2026-10-09T05:23:18Z INFO [228/750] 7bbd8201-fb19-41a6-8851-419b596c13dc: 507 datasets; 7.4 s; peak memory 1157 MiB.
2026-10-09T05:23:22Z INFO [229/750] 7bbdf0c7-f7ab-4cc9-aaf2-22d01e8824a9: 133 datasets; 4.1 s; peak memory 1157 MiB.
2026-10-09T05:23:24Z INFO [230/750] 7bbe11bf-6697-4ccb-9c78-7c733450a047: 63 datasets; 1.7 s; peak memory 1157 MiB.
2026-10-09T05:23:25Z INFO [231/750] 7bbef1fd-f84c-4748-837a-b3d69ada5523: 117 datasets; 1.6 s; peak memory 1157 MiB.
2026-10-09T05:23:32Z INFO [232/750] 7bbfbd11-ceae-4a9a-be87-9e41788b0124: 66 datasets; 6.7 s; peak memory 1157 MiB.
2026-10-09T05:23:33Z INFO [233/750] 7bc10997-706b-4f1f-9c9b-fa4381e09d07: 65 datasets; 1.3 s; peak memory 1157 MiB.
2026-10-09T05:23:35Z INFO [234/750] 7bc1f13d-affb-4ca5-a357-4f78ab604902: 46 datasets; 1.2 s; peak memory 1157 MiB.
2026-10-09T05:23:51Z INFO [235/750] 7bc22a52-16b4-44cf-bd81-fbff536fb00d: 5683 datasets; 16.6 s; peak memory 1157 MiB.
2026-10-09T05:23:53Z INFO [236/750] 7bc2361a-9d95-401c-99ef-522c1b729bc1: 72 datasets; 1.7 s; peak memory 1157 MiB.
2026-10-09T05:24:28Z INFO [237/750] 7bc2d33a-7662-490f-a266-22762eb2fa31: 1655 datasets; 35.3 s; peak memory 1157 MiB.
2026-10-09T05:24:30Z INFO [238/750] 7bc3389a-a48e-4e51-8f79-31299f6cd6f5: 84 datasets; 1.5 s; peak memory 1157 MiB.
2026-10-09T05:24:31Z INFO [239/750] 7bc36c27-6eb5-46a7-8484-efbcab75061e: 117 datasets; 1.5 s; peak memory 1157 MiB.
2026-10-09T05:24:33Z INFO [240/750] 7bc3a985-b31f-4f8f-87f2-4f0cf8694884: 117 datasets; 1.3 s; peak memory 1157 MiB.
2026-10-09T05:24:45Z INFO [241/750] 7bc3dcdd-5224-4b0e-b6ce-98e6e24db623: 849 datasets; 12.2 s; peak memory 1157 MiB.
2026-10-09T05:24:47Z INFO [242/750] 7bc48657-ca75-43b9-ae9c-2256484c9d48: 117 datasets; 1.7 s; peak memory 1157 MiB.
2026-10-09T05:24:52Z INFO [243/750] 7bc535ee-3b1e-4740-891c-88aa358249bd: 229 datasets; 5.8 s; peak memory 1157 MiB.
2026-10-09T05:24:55Z INFO [244/750] 7bc679dd-7e57-48af-8198-f28b9f0a1e03: 168 datasets; 3.0 s; peak memory 1157 MiB.
2026-10-09T05:24:57Z INFO [245/750] 7bc6a5d9-506c-4605-a636-080a3e44e640: 66 datasets; 1.7 s; peak memory 1157 MiB.
2026-10-09T05:25:14Z INFO [246/750] 7bc721ab-f7b0-454a-98fd-76f040a1a00f: 469 datasets; 16.6 s; peak memory 1157 MiB.
2026-10-09T05:25:15Z INFO [247/750] 7bc77d0c-41d9-4cd4-b4fb-0a03ab3d2d03: 92 datasets; 1.4 s; peak memory 1157 MiB.
2026-10-09T05:25:21Z INFO [248/750] 7bc79239-75f1-4fe6-8b19-f2130cb5136e: 117 datasets; 5.6 s; peak memory 1157 MiB.
2026-10-09T05:25:25Z INFO [249/750] 7bc85a47-9297-4858-be5e-da4e34c898fb: 313 datasets; 4.3 s; peak memory 1157 MiB.
2026-10-09T05:25:36Z INFO [250/750] 7bcad7e9-3167-4ed4-b4e5-4097c632ae63: 836 datasets; 11.3 s; peak memory 1157 MiB.
2026-10-09T05:25:36Z INFO [250/750] 7bcad7e9-3167-4ed4-b4e5-4097c632ae63: checkpointed 106585 new records.
2026-10-09T05:25:44Z INFO [251/750] 7bcb6780-8c73-4198-a238-40270b50e8aa: 152 datasets; 7.3 s; peak memory 1157 MiB.
2026-10-09T05:25:45Z INFO [252/750] 7bcbfa74-dd48-450c-9b7d-42b162281c8f: 48 datasets; 1.3 s; peak memory 1157 MiB.
2026-10-09T05:25:46Z INFO [253/750] 7bcc5997-cde3-481f-aada-39f6b1096286: 45 datasets; 1.1 s; peak memory 1157 MiB.
2026-10-09T05:25:47Z INFO [254/750] 7bcc63fa-7937-439d-961d-de1f34bce014: 48 datasets; 1.3 s; peak memory 1157 MiB.
2026-10-09T05:25:49Z INFO [255/750] 7bcc8e1b-b005-45ca-8893-b19372650067: 48 datasets; 1.3 s; peak memory 1157 MiB.
2026-10-09T05:25:50Z INFO [256/750] 7bcd144f-c4c5-4188-ba02-b499080bd7f6: 48 datasets; 1.4 s; peak memory 1157 MiB.
2026-10-09T05:26:06Z INFO [257/750] 7bcd4107-a08d-40c1-bdb4-282bc9d0ce49: 3115 datasets; 16.3 s; peak memory 1157 MiB.
2026-10-09T05:26:16Z INFO [258/750] 7bcd5621-edea-462f-9a79-d1082ec21fa1: 11477 datasets; 9.3 s; peak memory 1157 MiB.
2026-10-09T05:26:17Z INFO [259/750] 7bcd5e83-be00-4569-a398-f9ee2147954c: 113 datasets; 1.8 s; peak memory 1157 MiB.
2026-10-09T05:26:19Z INFO [260/750] 7bce2284-57c4-4fb0-83bc-b3cc3faff66b: 132 datasets; 2.0 s; peak memory 1157 MiB.
2026-10-09T05:26:21Z INFO [261/750] 7bce23be-91f0-4a47-82bc-7ceae5c727e4: 48 datasets; 1.3 s; peak memory 1157 MiB.
2026-10-09T05:26:27Z INFO [262/750] 7bce4e20-b1a4-461d-84de-487f1be03f72: 43 datasets; 6.8 s; peak memory 1157 MiB.
2026-10-09T05:26:33Z INFO [263/750] 7bcfed24-2c72-4465-86d7-72dd820448cd: 225 datasets; 5.5 s; peak memory 1157 MiB.
2026-10-09T05:28:43Z INFO [264/750] 7bd03573-9327-4b7f-94da-7bdccd70f660: 55 datasets; 130.0 s; peak memory 1157 MiB.
2026-10-09T05:28:45Z INFO [265/750] 7bd06198-20e7-4617-a8f8-b18fb4c435e7: 49 datasets; 1.7 s; peak memory 1157 MiB.
2026-10-09T05:28:46Z INFO [266/750] 7bd0809c-ec68-4be5-8b46-1145ffa268d7: 112 datasets; 1.7 s; peak memory 1157 MiB.
2026-10-09T05:28:51Z INFO [267/750] 7bd0a95c-1f30-4a82-a71b-6ec28f7566ef: 356 datasets; 4.9 s; peak memory 1157 MiB.
2026-10-09T05:28:53Z INFO [268/750] 7bd16b89-0b42-4056-8962-1fbc82fb5e0b: 117 datasets; 1.7 s; peak memory 1157 MiB.
2026-10-09T05:28:55Z INFO [269/750] 7bd1e83f-3080-43ea-b72f-e7298ba5df67: 93 datasets; 1.8 s; peak memory 1157 MiB.
2026-10-09T05:28:57Z INFO [270/750] 7bd1fbac-c19c-4cbf-af0e-79fe1287d07e: 112 datasets; 2.2 s; peak memory 1157 MiB.
2026-10-09T05:29:00Z INFO [271/750] 7bd20082-5262-4252-ad11-652d8f77952f: 118 datasets; 2.6 s; peak memory 1157 MiB.
2026-10-09T05:29:02Z INFO [272/750] 7bd23d58-3f37-4c9b-9f6a-c68cddbe0535: 112 datasets; 2.0 s; peak memory 1157 MiB.
2026-10-09T05:29:03Z INFO [273/750] 7bd273d1-e95c-4db0-af14-65093f40332d: 117 datasets; 1.4 s; peak memory 1157 MiB.
2026-10-09T05:29:05Z INFO [274/750] 7bd2fd24-7ba7-4b38-ba43-9d2fbad24e16: 117 datasets; 1.6 s; peak memory 1157 MiB.
2026-10-09T05:29:08Z INFO [275/750] 7bd32839-e30b-4d10-a40b-5fd35da9f13b: 119 datasets; 3.1 s; peak memory 1157 MiB.
2026-10-09T05:29:09Z INFO [276/750] 7bd3601f-55df-4a59-8fee-33d46868f408: 54 datasets; 1.1 s; peak memory 1157 MiB.
2026-10-09T05:29:10Z INFO [277/750] 7bd3eeec-95e3-4433-8083-ce6ebdfd663d: 48 datasets; 1.3 s; peak memory 1157 MiB.
2026-10-09T05:29:11Z INFO [278/750] 7bd56992-9326-40df-91c2-949ee8b7af48: 46 datasets; 1.2 s; peak memory 1157 MiB.
2026-10-09T05:29:12Z INFO [279/750] 7bd60210-133e-43d4-a8bb-98edafd4e609: 48 datasets; 1.3 s; peak memory 1157 MiB.
2026-10-09T05:29:14Z INFO [280/750] 7bd60ec6-9f05-4b4c-a915-5dfcfaa4618c: 57 datasets; 1.1 s; peak memory 1157 MiB.
2026-10-09T05:29:15Z INFO [281/750] 7bd61d57-f1c8-42be-8d94-d8d27bf2ab5c: 112 datasets; 1.7 s; peak memory 1157 MiB.
2026-10-09T05:29:17Z INFO [282/750] 7bd821ff-a384-4f88-b279-34148334f92c: 66 datasets; 1.9 s; peak memory 1157 MiB.
2026-10-09T05:29:21Z INFO [283/750] 7bd897ae-5546-4c68-9c7d-2f7a0d4f5368: 193 datasets; 3.5 s; peak memory 1157 MiB.
2026-10-09T05:29:43Z INFO [284/750] 7bd8ab52-a555-4613-b4e3-7b4a1f55f480: 48 datasets; 22.0 s; peak memory 1157 MiB.
2026-10-09T05:29:44Z INFO [285/750] 7bd938ec-2ab3-4adf-9fc5-6892c7beabcd: 118 datasets; 1.5 s; peak memory 1157 MiB.
2026-10-09T05:29:51Z INFO [286/750] 7bd9736f-2eda-4eaf-986f-1ead0e46200f: 200 datasets; 6.8 s; peak memory 1157 MiB.
2026-10-09T05:29:52Z INFO [287/750] 7bd9c3ab-f7f2-446e-b1bd-6f30feae8927: 37 datasets; 1.0 s; peak memory 1157 MiB.
2026-10-09T05:29:53Z INFO [288/750] 7bda7c90-6ccb-4b57-81c9-b917592bec1e: 48 datasets; 1.3 s; peak memory 1157 MiB.
2026-10-09T05:29:55Z INFO [289/750] 7bdabec8-b5c7-489c-b3db-fa65701c2ba1: 48 datasets; 1.4 s; peak memory 1157 MiB.
2026-10-09T05:30:27Z INFO [290/750] 7bdadc51-eae6-424b-916f-21eb0e4c029f: 7514 datasets; 32.0 s; peak memory 1157 MiB.
2026-10-09T05:30:28Z INFO [291/750] 7bdafcac-0c26-4998-b7ae-e49925baed08: 117 datasets; 1.5 s; peak memory 1157 MiB.
2026-10-09T05:30:30Z INFO [292/750] 7bdb7080-ae26-4099-bfa6-0b62ae4eaa74: 112 datasets; 2.0 s; peak memory 1157 MiB.
2026-10-09T05:30:32Z INFO [293/750] 7bdb9912-2104-48f2-810e-1eda04657ab0: 66 datasets; 2.1 s; peak memory 1157 MiB.
2026-10-09T05:30:34Z INFO [294/750] 7bdbb6a2-7443-4793-a3e6-fd813cf97ea0: 48 datasets; 1.4 s; peak memory 1157 MiB.
2026-10-09T05:30:35Z INFO [295/750] 7bdc64df-0adc-461d-add7-b57f47a83fa7: 53 datasets; 1.4 s; peak memory 1157 MiB.
2026-10-09T05:30:38Z INFO [296/750] 7bdcf5fd-4fe1-4fd4-a09a-24ec55c1dc01: 185 datasets; 2.8 s; peak memory 1157 MiB.
2026-10-09T05:30:40Z INFO [297/750] 7bdfbf48-5d6b-40a1-bf05-fe5f601a6a76: 38 datasets; 1.9 s; peak memory 1157 MiB.
2026-10-09T05:30:41Z INFO [298/750] 7be03572-d6f7-4604-899c-6a7ef4474f2e: 41 datasets; 1.3 s; peak memory 1157 MiB.
2026-10-09T05:30:50Z INFO [299/750] 7be07d0a-3620-4cb2-b349-8cd3436992d4: 538 datasets; 8.6 s; peak memory 1157 MiB.
2026-10-09T05:30:58Z INFO [300/750] 7be1b98b-6a23-4242-8dea-d4b519ecf9e5: 538 datasets; 8.2 s; peak memory 1157 MiB.
2026-10-09T05:30:58Z INFO [300/750] 7be1b98b-6a23-4242-8dea-d4b519ecf9e5: checkpointed 106635 new records.
2026-10-09T05:31:00Z INFO [301/750] 7be2657d-c939-4188-815f-b8b923feae73: 116 datasets; 2.1 s; peak memory 1157 MiB.
2026-10-09T05:31:02Z INFO [302/750] 7be28ce2-4e5d-4708-b671-69e4898f8f82: 97 datasets; 2.0 s; peak memory 1157 MiB.
2026-10-09T05:31:13Z INFO [303/750] 7be38b08-ce15-47be-979a-f5c875f78837: 814 datasets; 11.0 s; peak memory 1157 MiB.
2026-10-09T05:31:15Z INFO [304/750] 7be3fa97-bc29-40f3-8c1c-04675b58f925: 76 datasets; 1.5 s; peak memory 1157 MiB.
2026-10-09T05:31:19Z INFO [305/750] 7be61a1b-bf64-439d-b4ed-44ff3d2af891: 84 datasets; 4.0 s; peak memory 1157 MiB.
2026-10-09T05:31:21Z INFO [306/750] 7be802c6-edc3-4594-b351-dd717ff97699: 112 datasets; 2.2 s; peak memory 1157 MiB.
2026-10-09T05:31:36Z INFO [307/750] 7be9cd52-474d-40fc-86f0-8594f43a0164: 1601 datasets; 15.4 s; peak memory 1157 MiB.
2026-10-09T05:31:40Z INFO [308/750] 7be9d931-e6ea-4a1a-ace1-c1208349ae36: 156 datasets; 3.7 s; peak memory 1157 MiB.
2026-10-09T05:31:48Z INFO [309/750] 7beae6f3-6e5a-4bdd-8f54-06576a7cdaf5: 46 datasets; 8.6 s; peak memory 1157 MiB.
2026-10-09T05:31:50Z INFO [310/750] 7beb10fe-b73f-406c-915e-e0b82ce0db60: 41 datasets; 1.3 s; peak memory 1157 MiB.
2026-10-09T05:31:51Z INFO [311/750] 7beba295-bd91-49c5-8010-da03b9ad4632: 38 datasets; 1.2 s; peak memory 1157 MiB.
2026-10-09T05:31:53Z INFO [312/750] 7bec726b-c55e-4ec0-8cd4-fd6cdc059bd0: 66 datasets; 1.9 s; peak memory 1157 MiB.
2026-10-09T05:31:56Z INFO [313/750] 7bec767f-dc0e-417e-9de5-fc7f62157bf6: 114 datasets; 3.3 s; peak memory 1157 MiB.
2026-10-09T05:31:59Z INFO [314/750] 7bec91a8-b0f6-443f-b4cd-7a623fbe0030: 118 datasets; 2.5 s; peak memory 1157 MiB.
2026-10-09T05:32:00Z INFO [315/750] 7bee3050-ac66-4e90-a2ff-3069616f0459: 56 datasets; 1.1 s; peak memory 1157 MiB.
2026-10-09T05:32:02Z INFO [316/750] 7bf003df-7bb5-4545-a860-eacf0ac37844: 66 datasets; 1.9 s; peak memory 1157 MiB.
2026-10-09T05:32:04Z INFO [317/750] 7bf05c9b-860d-4c51-8b41-daa157d23396: 110 datasets; 1.9 s; peak memory 1157 MiB.
2026-10-09T05:32:05Z INFO [318/750] 7bf1e651-178f-4c97-8cca-f03d7f07716d: 56 datasets; 1.1 s; peak memory 1157 MiB.
2026-10-09T05:32:06Z INFO [319/750] 7bf26dec-468d-468a-bfce-d140289a0721: 45 datasets; 1.1 s; peak memory 1157 MiB.
2026-10-09T05:32:11Z INFO [320/750] 7bf41c7c-369f-4cb0-b79d-ffb4a8f13402: 229 datasets; 5.7 s; peak memory 1157 MiB.
2026-10-09T05:32:13Z INFO [321/750] 7bf5609b-e89b-44e0-8ca6-2cc2654b2411: 112 datasets; 1.7 s; peak memory 1157 MiB.
2026-10-09T05:32:15Z INFO [322/750] 7bf5b04c-fba2-4968-9cc5-bc09df6cc85d: 112 datasets; 1.4 s; peak memory 1157 MiB.
2026-10-09T05:32:16Z INFO [323/750] 7bf6023c-ea32-44c9-b6be-e9b21542e6a6: 57 datasets; 1.0 s; peak memory 1157 MiB.
2026-10-09T05:32:18Z INFO [324/750] 7bf7239f-dab5-4b69-9fe6-2765e5dc7876: 71 datasets; 2.4 s; peak memory 1157 MiB.
2026-10-09T05:32:20Z INFO [325/750] 7bf74837-828a-41e4-9996-2eca03627056: 66 datasets; 1.8 s; peak memory 1157 MiB.
2026-10-09T05:32:21Z INFO [326/750] 7bf74f10-ecc4-4874-9c0b-41f9759035c5: 65 datasets; 1.2 s; peak memory 1157 MiB.
2026-10-09T05:32:22Z INFO [327/750] 7bfa532e-4b27-4cdd-a712-c3e2aa08b472: 130 datasets; 1.3 s; peak memory 1157 MiB.
2026-10-09T05:32:28Z INFO [328/750] 7bfb9a6d-828f-44e0-bd50-a66dfe504213: 447 datasets; 5.7 s; peak memory 1157 MiB.
2026-10-09T05:32:30Z INFO [329/750] 7bfbc5bf-6084-40df-b59e-c61e423a9412: 112 datasets; 1.9 s; peak memory 1157 MiB.
2026-10-09T05:32:31Z INFO [330/750] 7bfcf4ea-8fb5-4fb3-b811-805a3681bd00: 48 datasets; 1.3 s; peak memory 1157 MiB.
2026-10-09T05:33:28Z INFO [331/750] 7bfd4d61-e62c-406b-b9b4-9f1a2227b3c6: 106 datasets; 56.8 s; peak memory 1157 MiB.
2026-10-09T05:33:47Z INFO [332/750] 7bfec9c1-f509-4005-8ed5-4093758b21b2: 789 datasets; 18.7 s; peak memory 1157 MiB.
2026-10-09T05:34:36Z INFO [333/750] 7bff91af-e8c0-44f6-9173-695b98abb59e: 52 datasets; 49.0 s; peak memory 1157 MiB.
2026-10-09T05:34:40Z INFO [334/750] 7c00201c-b8d1-44e4-907d-b25b808234df: 283 datasets; 4.1 s; peak memory 1157 MiB.
2026-10-09T05:34:43Z INFO [335/750] 7c00e0dd-e73f-4d05-8528-9479d65326b0: 116 datasets; 3.0 s; peak memory 1157 MiB.
2026-10-09T05:34:44Z INFO [336/750] 7c0129d5-6a1d-4125-8b55-e1c39e09fa25: 46 datasets; 1.4 s; peak memory 1157 MiB.
2026-10-09T05:34:58Z INFO [337/750] 7c026a4b-c944-4b4f-9251-0ee17a78a79b: 885 datasets; 13.6 s; peak memory 1157 MiB.
2026-10-09T05:35:00Z INFO [338/750] 7c02dcf6-e65b-4265-b397-62ed5500146c: 118 datasets; 1.6 s; peak memory 1157 MiB.
2026-10-09T05:35:01Z INFO [339/750] 7c03317c-7349-410c-b59a-9960eea40ee7: 48 datasets; 1.4 s; peak memory 1157 MiB.
2026-10-09T05:35:07Z INFO [340/750] 7c0612ac-005a-4fef-9370-cc1f8107833a: 198 datasets; 6.6 s; peak memory 1157 MiB.
2026-10-09T05:35:09Z INFO [341/750] 7c062d42-d69e-44a7-b894-8b081fbebd5d: 118 datasets; 1.5 s; peak memory 1157 MiB.
2026-10-09T05:35:12Z INFO [342/750] 7c07a8b2-7761-4aa3-8ce3-902052d791b2: 119 datasets; 2.6 s; peak memory 1157 MiB.
2026-10-09T05:35:13Z INFO [343/750] 7c07b5f0-16e4-4402-87fd-5396a01b4418: 48 datasets; 1.4 s; peak memory 1157 MiB.
2026-10-09T05:35:15Z INFO [344/750] 7c084650-2aa2-4bfe-81f0-8dac3a84a7bf: 117 datasets; 1.7 s; peak memory 1157 MiB.
2026-10-09T05:35:16Z INFO [345/750] 7c088476-9294-4ee7-a8f9-d21edb20d393: 63 datasets; 1.3 s; peak memory 1157 MiB.
2026-10-09T05:35:18Z INFO [346/750] 7c08e504-19dd-4046-82b2-38830dff3206: 112 datasets; 1.7 s; peak memory 1157 MiB.
2026-10-09T05:35:21Z INFO [347/750] 7c090ac6-03bb-4b3a-9a4b-26eaba987794: 80 datasets; 3.1 s; peak memory 1157 MiB.
2026-10-09T05:35:22Z INFO [348/750] 7c09d388-1c73-4638-a6e6-b45462e07428: 68 datasets; 1.6 s; peak memory 1157 MiB.
2026-10-09T05:35:25Z INFO [349/750] 7c09e1b9-742c-4075-95da-1c8b60298d0a: 71 datasets; 2.7 s; peak memory 1157 MiB.
2026-10-09T05:35:27Z INFO [350/750] 7c0a0a18-47e3-404e-a71d-9d16552440ad: 118 datasets; 1.7 s; peak memory 1157 MiB.
2026-10-09T05:35:27Z INFO [350/750] 7c0a0a18-47e3-404e-a71d-9d16552440ad: checkpointed 106685 new records.
2026-10-09T05:35:30Z INFO [351/750] 7c0a9729-2d0a-4b64-aecf-03f3b738215d: 138 datasets; 3.5 s; peak memory 1157 MiB.
2026-10-09T05:35:35Z INFO [352/750] 7c0acf55-86b3-404b-b9da-caef8765e864: 347 datasets; 4.8 s; peak memory 1157 MiB.
2026-10-09T05:35:37Z INFO [353/750] 7c0b80d0-7882-42e0-8635-46bd17539fcd: 70 datasets; 2.3 s; peak memory 1157 MiB.
2026-10-09T05:35:39Z INFO [354/750] 7c0d4d33-871a-4036-8ece-ae4d5f94bfc9: 53 datasets; 1.2 s; peak memory 1157 MiB.
2026-10-09T05:35:41Z INFO [355/750] 7c0d79fd-4e58-42d1-9420-8cb04dd5171c: 66 datasets; 2.3 s; peak memory 1157 MiB.
2026-10-09T05:35:43Z INFO [356/750] 7c0d8c5e-a1ad-4612-b5ec-abb8e23e6552: 118 datasets; 1.7 s; peak memory 1157 MiB.
2026-10-09T05:35:45Z INFO [357/750] 7c0daa81-2815-495a-a98c-73599cf3fe57: 70 datasets; 2.0 s; peak memory 1157 MiB.
2026-10-09T05:35:46Z INFO [358/750] 7c0dc1f6-1668-475f-823f-90502c691c8c: 117 datasets; 1.3 s; peak memory 1157 MiB.
2026-10-09T05:35:47Z INFO [359/750] 7c0dd340-db89-45ba-84ab-e1464b7ad59f: 54 datasets; 1.1 s; peak memory 1157 MiB.
2026-10-09T05:35:50Z INFO [360/750] 7c0e1ce8-31e8-4e20-a47a-baf62f453fb3: 85 datasets; 3.4 s; peak memory 1157 MiB.
2026-10-09T05:36:30Z INFO [361/750] 7c0e42bc-025f-45e1-b603-d17ed5b3fd0a: 36 datasets; 39.7 s; peak memory 1157 MiB.
2026-10-09T05:36:32Z INFO [362/750] 7c0fbe69-d6c8-4b35-8f93-a9597d6878e5: 62 datasets; 1.9 s; peak memory 1157 MiB.
2026-10-09T05:36:34Z INFO [363/750] 7c10073a-1bb8-4939-8c60-b5ae056bcad8: 118 datasets; 1.7 s; peak memory 1157 MiB.
2026-10-09T05:36:40Z INFO [364/750] 7c108aac-1d9f-4ec4-be15-4ae60de22c6d: 208 datasets; 6.2 s; peak memory 1157 MiB.
2026-10-09T05:36:43Z INFO [365/750] 7c111cd2-4fce-4c02-a154-86bdbe4432a5: 156 datasets; 3.6 s; peak memory 1157 MiB.
2026-10-09T05:36:45Z INFO [366/750] 7c1133a5-a640-4c8e-b8d6-57ff6ddbe348: 117 datasets; 1.5 s; peak memory 1157 MiB.
2026-10-09T05:36:48Z INFO [367/750] 7c11eb86-015f-4983-adc1-d98f8926156a: 90 datasets; 3.1 s; peak memory 1157 MiB.
2026-10-09T05:36:49Z INFO [368/750] 7c1264aa-31a6-45c3-9f57-46737de06c4a: 118 datasets; 1.5 s; peak memory 1157 MiB.
2026-10-09T05:36:51Z INFO [369/750] 7c12d87b-585c-47ca-8b47-8902e0e56ebc: 66 datasets; 1.9 s; peak memory 1157 MiB.
2026-10-09T05:36:53Z INFO [370/750] 7c1307d5-2972-469f-b369-fc805bef7cd2: 48 datasets; 1.4 s; peak memory 1157 MiB.
2026-10-09T05:36:54Z INFO [371/750] 7c13c9bd-58e2-46eb-883b-bccee1d282e4: 48 datasets; 1.5 s; peak memory 1157 MiB.
2026-10-09T05:36:57Z INFO [372/750] 7c1412d6-d7a2-4520-a32c-19ea11df1987: 68 datasets; 2.5 s; peak memory 1157 MiB.
2026-10-09T05:37:06Z INFO [373/750] 7c14b08c-4705-4955-abda-fa8645db2207: 79 datasets; 9.1 s; peak memory 1157 MiB.
2026-10-09T05:37:07Z INFO [374/750] 7c160be1-d51c-4b90-adf0-d1166e08d9f1: 48 datasets; 1.6 s; peak memory 1157 MiB.
2026-10-09T05:37:22Z INFO [375/750] 7c163a48-5665-4395-bffd-e2aab7819fb8: 61 datasets; 14.8 s; peak memory 1157 MiB.
2026-10-09T05:37:25Z INFO [376/750] 7c17581d-4803-4d2a-8ff7-25e9c07a8d23: 119 datasets; 2.6 s; peak memory 1157 MiB.
2026-10-09T05:37:26Z INFO [377/750] 7c176e11-7627-42fc-8317-4eb0c2b1dc3f: 112 datasets; 1.8 s; peak memory 1157 MiB.
2026-10-09T05:37:28Z INFO [378/750] 7c17bf73-1bdb-4513-9c02-2a6136dc1e8e: 117 datasets; 1.8 s; peak memory 1157 MiB.
2026-10-09T05:37:30Z INFO [379/750] 7c180d64-f99c-4ad1-8904-6d32616e16b8: 112 datasets; 2.0 s; peak memory 1157 MiB.
2026-10-09T05:37:32Z INFO [380/750] 7c184237-310c-435a-8302-42f74cd6c028: 48 datasets; 1.4 s; peak memory 1157 MiB.
2026-10-09T05:37:39Z INFO [381/750] 7c187a93-fb54-4b83-b87d-428c37c333d5: 229 datasets; 7.6 s; peak memory 1157 MiB.
2026-10-09T05:37:41Z INFO [382/750] 7c1922d1-d9fb-4534-ab97-efc2983d0156: 117 datasets; 1.5 s; peak memory 1157 MiB.
2026-10-09T05:37:45Z INFO [383/750] 7c193302-17a0-4c1b-bc96-50b618f7ba5b: 190 datasets; 4.4 s; peak memory 1157 MiB.
2026-10-09T05:37:47Z INFO [384/750] 7c1987f1-9f0d-431d-bb57-01cf30b488a1: 48 datasets; 1.3 s; peak memory 1157 MiB.
2026-10-09T05:37:48Z INFO [385/750] 7c198aed-2994-4310-8ce7-b4f2664078cd: 48 datasets; 1.5 s; peak memory 1157 MiB.
2026-10-09T05:37:49Z INFO [386/750] 7c1a38b7-f28d-43cd-9811-049c24983236: 46 datasets; 1.1 s; peak memory 1157 MiB.
2026-10-09T05:37:51Z INFO [387/750] 7c1a942b-ce9a-42aa-98c5-00d02e51006f: 121 datasets; 1.4 s; peak memory 1157 MiB.
2026-10-09T05:37:52Z INFO [388/750] 7c1bfb11-1ba3-4e9a-be40-ae602594e29f: 116 datasets; 1.6 s; peak memory 1157 MiB.
2026-10-09T05:37:54Z INFO [389/750] 7c1c76f1-92f3-408a-8db3-6ea7732ab102: 85 datasets; 1.8 s; peak memory 1157 MiB.
2026-10-09T05:37:56Z INFO [390/750] 7c1ce603-f16d-43ee-930d-0342acd6e8b8: 102 datasets; 2.2 s; peak memory 1157 MiB.
2026-10-09T05:37:58Z INFO [391/750] 7c1d2c95-56d7-4584-98ae-d7f383ddc62f: 110 datasets; 1.8 s; peak memory 1157 MiB.
2026-10-09T05:38:00Z INFO [392/750] 7c1d3ea3-32f2-428a-ba19-0313b68a0545: 76 datasets; 2.3 s; peak memory 1157 MiB.
2026-10-09T05:38:02Z INFO [393/750] 7c1dccf4-db8a-4788-8960-303f825c93cf: 48 datasets; 1.3 s; peak memory 1157 MiB.
2026-10-09T05:38:03Z INFO [394/750] 7c1f1ab2-eaa4-4a4b-9b87-e6c17ae7a322: 56 datasets; 1.1 s; peak memory 1157 MiB.
2026-10-09T05:38:04Z INFO [395/750] 7c209761-8753-479c-8bf9-d205fa762a6a: 48 datasets; 1.3 s; peak memory 1157 MiB.
2026-10-09T05:38:06Z INFO [396/750] 7c2098da-3a31-4175-8251-15f4460d4b48: 71 datasets; 2.4 s; peak memory 1157 MiB.
2026-10-09T05:38:07Z INFO [397/750] 7c20c0b6-63db-4e41-b4be-7cf53bf297ad: 46 datasets; 1.0 s; peak memory 1157 MiB.
2026-10-09T05:38:15Z INFO [398/750] 7c2238f8-b429-4fdf-ba61-238244a11cc2: 44 datasets; 8.1 s; peak memory 1157 MiB.
2026-10-09T05:38:32Z INFO [399/750] 7c224dcd-aa13-4330-b9ee-23cbc6ae5608: 38 datasets; 16.4 s; peak memory 1157 MiB.
2026-10-09T05:38:34Z INFO [400/750] 7c224e72-bba1-409c-b9f2-359252214240: 45 datasets; 1.8 s; peak memory 1157 MiB.
2026-10-09T05:38:34Z INFO [400/750] 7c224e72-bba1-409c-b9f2-359252214240: checkpointed 106735 new records.
2026-10-09T05:38:35Z INFO [401/750] 7c22d51b-f32b-488c-937b-c0317fddb169: 79 datasets; 1.6 s; peak memory 1157 MiB.
2026-10-09T05:39:40Z INFO [402/750] 7c239fbb-9c2b-4cd7-b5a4-94bb31cecfd3: 111 datasets; 64.5 s; peak memory 1157 MiB.
2026-10-09T05:39:42Z INFO [403/750] 7c2401fa-b328-4e24-a2c5-cd134f2decd4: 117 datasets; 1.7 s; peak memory 1157 MiB.
2026-10-09T05:39:43Z INFO [404/750] 7c24fe68-9ff7-4bae-9f9a-bcf2cfa204b1: 117 datasets; 1.6 s; peak memory 1157 MiB.
2026-10-09T05:39:49Z INFO [405/750] 7c25b64e-bfd0-44bd-bc8d-a879fa76861d: 174 datasets; 6.2 s; peak memory 1157 MiB.
2026-10-09T05:39:51Z INFO [406/750] 7c282218-ab49-4cdb-be9e-6d2022818999: 113 datasets; 1.9 s; peak memory 1157 MiB.
2026-10-09T05:39:53Z INFO [407/750] 7c28b549-fc07-4b6e-bfd0-1e247b0fba3b: 117 datasets; 1.7 s; peak memory 1157 MiB.
2026-10-09T05:39:55Z INFO [408/750] 7c297756-c482-4021-8c0f-e61d72eb51c6: 117 datasets; 1.7 s; peak memory 1157 MiB.
2026-10-09T05:39:56Z INFO [409/750] 7c29817c-8980-440f-a310-9ae0b156a2ff: 46 datasets; 1.0 s; peak memory 1157 MiB.
2026-10-09T05:39:57Z INFO [410/750] 7c29aafc-af96-4183-bc68-41ae16884f15: 48 datasets; 1.3 s; peak memory 1157 MiB.
2026-10-09T05:39:59Z INFO [411/750] 7c2a8081-e75b-4962-929e-09affd08c263: 69 datasets; 1.9 s; peak memory 1157 MiB.
2026-10-09T05:40:02Z INFO [412/750] 7c2a8e14-c7c5-402f-82ca-d420a3e808b4: 156 datasets; 3.7 s; peak memory 1157 MiB.
2026-10-09T05:40:04Z INFO [413/750] 7c2b2f19-f99e-4e3a-a518-a13597b08012: 117 datasets; 1.5 s; peak memory 1157 MiB.
2026-10-09T05:40:05Z INFO [414/750] 7c2c973b-3030-4a6a-9b7d-bba933979d54: 48 datasets; 1.3 s; peak memory 1157 MiB.
2026-10-09T05:40:09Z INFO [415/750] 7c2d73fc-6a17-46b7-a1fb-1fedf2186797: 38 datasets; 3.4 s; peak memory 1157 MiB.
2026-10-09T05:40:11Z INFO [416/750] 7c2f8add-137b-4f3b-a9c9-a44dd224bb81: 112 datasets; 2.0 s; peak memory 1157 MiB.
2026-10-09T05:40:12Z INFO [417/750] 7c3048b0-43ee-4797-8ff3-38f5136609b3: 112 datasets; 1.7 s; peak memory 1157 MiB.
2026-10-09T05:40:14Z INFO [418/750] 7c319d97-7129-4077-b7bd-aeef1f6dc42e: 66 datasets; 1.9 s; peak memory 1157 MiB.
2026-10-09T05:40:15Z INFO [419/750] 7c31eb8a-4c2a-4e8d-b613-8b06df5f392f: 46 datasets; 1.1 s; peak memory 1157 MiB.
2026-10-09T05:40:17Z INFO [420/750] 7c32888f-1095-4278-8848-e39c52997815: 118 datasets; 1.5 s; peak memory 1157 MiB.
2026-10-09T05:40:24Z INFO [421/750] 7c340e21-ac95-49a4-98e2-7b3ebdb5871a: 229 datasets; 7.0 s; peak memory 1157 MiB.
2026-10-09T05:40:25Z INFO [422/750] 7c3433d2-0364-40ca-9734-67065409a7f8: 117 datasets; 1.5 s; peak memory 1157 MiB.
2026-10-09T05:40:27Z INFO [423/750] 7c34400b-bc4e-420a-9aad-1f43747fdfeb: 118 datasets; 1.7 s; peak memory 1157 MiB.
2026-10-09T05:40:29Z INFO [424/750] 7c34452a-2191-424b-b664-f7ee88f666d9: 121 datasets; 1.5 s; peak memory 1157 MiB.
2026-10-09T05:40:30Z INFO [425/750] 7c348430-41ad-493a-a9d9-51259d0442e1: 52 datasets; 1.5 s; peak memory 1157 MiB.
2026-10-09T05:40:31Z INFO [426/750] 7c349d58-36d6-4d9e-8f7e-d2626e9ffb42: 48 datasets; 1.3 s; peak memory 1157 MiB.
2026-10-09T05:40:33Z INFO [427/750] 7c3500b2-3c92-4d53-8be1-ce264b927680: 48 datasets; 1.3 s; peak memory 1157 MiB.
2026-10-09T05:40:34Z INFO [428/750] 7c353b4d-a70d-4172-b549-7fc481c5ee98: 51 datasets; 1.7 s; peak memory 1157 MiB.
2026-10-09T05:40:36Z INFO [429/750] 7c35ec40-35ba-4306-a2f6-511e737995ab: 112 datasets; 1.9 s; peak memory 1157 MiB.
2026-10-09T05:40:38Z INFO [430/750] 7c3623fa-05a8-45a4-b1ef-9182ef7802d2: 112 datasets; 2.0 s; peak memory 1157 MiB.
2026-10-09T05:40:39Z INFO [431/750] 7c366e55-814a-49c3-80e0-2e5e8097030f: 46 datasets; 1.0 s; peak memory 1157 MiB.
2026-10-09T05:40:41Z INFO [432/750] 7c378b98-9b31-4d04-9876-0b6a1aa2ded0: 48 datasets; 1.5 s; peak memory 1157 MiB.
2026-10-09T05:40:42Z INFO [433/750] 7c3844ff-f6b2-47a5-9190-dffda3c640dc: 52 datasets; 1.5 s; peak memory 1157 MiB.
2026-10-09T05:40:44Z INFO [434/750] 7c38b2da-9b44-45c4-9286-7f55596b6d9b: 117 datasets; 1.4 s; peak memory 1157 MiB.
2026-10-09T05:41:35Z INFO [435/750] 7c394c85-acff-4114-9520-d01e539e3f57: 96 datasets; 51.7 s; peak memory 1157 MiB.
2026-10-09T05:41:37Z INFO [436/750] 7c3954eb-e3ee-4500-ae22-8a20096b9cf7: 112 datasets; 1.9 s; peak memory 1157 MiB.
2026-10-09T05:41:38Z INFO [437/750] 7c39af2a-3d0c-461c-850e-a3c723325b3c: 57 datasets; 1.1 s; peak memory 1157 MiB.
2026-10-09T05:41:44Z INFO [438/750] 7c3a5932-643b-4059-aa9d-0fdd4153ff2e: 170 datasets; 6.1 s; peak memory 1157 MiB.
2026-10-09T05:41:46Z INFO [439/750] 7c3b2466-3b46-47b5-8365-8ef651b913fc: 68 datasets; 2.1 s; peak memory 1157 MiB.
2026-10-09T05:41:48Z INFO [440/750] 7c3b8112-b9a2-48c1-8a0c-ddb8d5e3cab8: 53 datasets; 1.2 s; peak memory 1157 MiB.
2026-10-09T05:41:49Z INFO [441/750] 7c3c0319-102f-4e38-852e-ef620fd876f2: 117 datasets; 1.4 s; peak memory 1157 MiB.
2026-10-09T05:41:51Z INFO [442/750] 7c3c106a-6097-48e8-92bd-be7f2ecdb2c8: 51 datasets; 2.4 s; peak memory 1157 MiB.
2026-10-09T05:41:53Z INFO [443/750] 7c3c39b7-68c6-45ba-80dc-f8abfb11f8f3: 84 datasets; 1.5 s; peak memory 1157 MiB.
2026-10-09T05:42:26Z INFO [444/750] 7c3c91a3-d8cd-402e-a3e6-cb40281d52da: 36 datasets; 33.5 s; peak memory 1157 MiB.
2026-10-09T05:42:28Z INFO [445/750] 7c3cde90-eac5-43ec-b277-ca17e2550b00: 48 datasets; 1.2 s; peak memory 1157 MiB.
2026-10-09T05:42:29Z INFO [446/750] 7c3d4954-9ee7-45a7-bba2-6403602198cc: 117 datasets; 1.6 s; peak memory 1157 MiB.
2026-10-09T05:42:30Z INFO [447/750] 7c3e24f1-a3d1-4d0a-a9b2-04f8e9850d96: 57 datasets; 1.1 s; peak memory 1157 MiB.
2026-10-09T05:42:32Z INFO [448/750] 7c3e25ba-93ad-4b40-ab5d-3e81b06c7661: 48 datasets; 1.3 s; peak memory 1157 MiB.
2026-10-09T05:42:33Z INFO [449/750] 7c3e56d3-6c79-4e90-8cfe-deb3cf0fb7e5: 112 datasets; 1.8 s; peak memory 1157 MiB.
2026-10-09T05:42:35Z INFO [450/750] 7c3e7115-342e-47d8-a362-ea7cbe3c46eb: 76 datasets; 2.0 s; peak memory 1157 MiB.
2026-10-09T05:42:35Z INFO [450/750] 7c3e7115-342e-47d8-a362-ea7cbe3c46eb: checkpointed 106785 new records.
2026-10-09T05:42:37Z INFO [451/750] 7c3e9892-3406-433a-8aca-8af8b8f50bfc: 112 datasets; 1.8 s; peak memory 1157 MiB.
2026-10-09T05:42:39Z INFO [452/750] 7c3f6869-09f6-45b4-8210-7c8cab00c95b: 48 datasets; 1.3 s; peak memory 1157 MiB.
2026-10-09T05:42:40Z INFO [453/750] 7c41f606-fde2-4e1a-84aa-0871c3337db3: 52 datasets; 1.3 s; peak memory 1157 MiB.
2026-10-09T05:42:42Z INFO [454/750] 7c4243c6-6d7e-4eed-8f8e-0cdae6e713bf: 112 datasets; 1.9 s; peak memory 1157 MiB.
2026-10-09T05:42:43Z INFO [455/750] 7c434937-698e-4959-965f-af38fa1008a3: 35 datasets; 1.3 s; peak memory 1157 MiB.
2026-10-09T05:42:57Z INFO [456/750] 7c438dad-aae3-48ad-b70a-d6dd2df997e4: 446 datasets; 14.0 s; peak memory 1157 MiB.
2026-10-09T05:42:58Z INFO [457/750] 7c44e4ee-1312-4fc3-bb8b-cc9224558d2b: 48 datasets; 1.3 s; peak memory 1157 MiB.
2026-10-09T05:43:00Z INFO [458/750] 7c456b9f-80b6-40b9-940e-64e23bbd652b: 70 datasets; 1.4 s; peak memory 1157 MiB.
2026-10-09T05:43:03Z INFO [459/750] 7c458bbe-a3f6-4566-88e4-9d7a9163de75: 114 datasets; 2.8 s; peak memory 1157 MiB.
2026-10-09T05:43:05Z INFO [460/750] 7c45e9fc-059d-47d2-b5af-8141c1fd2689: 66 datasets; 2.2 s; peak memory 1157 MiB.
2026-10-09T05:43:08Z INFO [461/750] 7c46728e-67c8-4743-8912-e797f4a5e526: 150 datasets; 3.7 s; peak memory 1157 MiB.
2026-10-09T05:43:11Z INFO [462/750] 7c46c34b-72c0-45c8-8adf-0cb72088d14d: 53 datasets; 2.2 s; peak memory 1157 MiB.
2026-10-09T05:43:27Z INFO [463/750] 7c488388-bcd5-4b8c-8f43-e204bb67630e: 838 datasets; 16.8 s; peak memory 1157 MiB.
2026-10-09T05:43:29Z INFO [464/750] 7c494cd0-91f4-4bff-a9e0-c605eeaf923f: 48 datasets; 1.4 s; peak memory 1157 MiB.
2026-10-09T05:43:32Z INFO [465/750] 7c499acd-65cc-4507-be2a-d947218db2b9: 102 datasets; 3.0 s; peak memory 1157 MiB.
2026-10-09T05:43:33Z INFO [466/750] 7c4a1278-251e-4712-be44-9a2d4abc9f41: 116 datasets; 1.6 s; peak memory 1157 MiB.
2026-10-09T05:43:40Z INFO [467/750] 7c4a1b7a-b3b8-4e26-9040-5ae4b3af9c50: 101 datasets; 6.4 s; peak memory 1157 MiB.
2026-10-09T05:43:41Z INFO [468/750] 7c4b10a4-2bfd-4ffb-8ea9-a02db3003185: 46 datasets; 1.1 s; peak memory 1157 MiB.
2026-10-09T05:43:42Z INFO [469/750] 7c4b1a1f-5dcb-410a-a7ff-c90e84a051e3: 48 datasets; 1.3 s; peak memory 1157 MiB.
2026-10-09T05:43:44Z INFO [470/750] 7c4b1e09-ab5d-4197-9d52-1ce41118c151: 52 datasets; 1.6 s; peak memory 1157 MiB.
2026-10-09T05:44:18Z INFO [471/750] 7c4b6cc6-3edb-4faf-b374-695ce305d1fc: 75 datasets; 34.5 s; peak memory 1157 MiB.
2026-10-09T05:44:20Z INFO [472/750] 7c4bac1a-834e-437a-acfd-e0f27eabdfd8: 116 datasets; 1.7 s; peak memory 1157 MiB.
2026-10-09T05:44:38Z INFO [473/750] 7c4c0533-b8c3-4fec-90d0-6336bbb26d6b: 278 datasets; 17.6 s; peak memory 1157 MiB.
2026-10-09T05:44:40Z INFO [474/750] 7c4c221c-7e0d-4e64-8976-8d826ea17a6e: 38 datasets; 2.7 s; peak memory 1157 MiB.
2026-10-09T05:44:42Z INFO [475/750] 7c4d0580-d7f6-4df0-818a-4eadabf4949b: 117 datasets; 1.6 s; peak memory 1157 MiB.
2026-10-09T05:44:44Z INFO [476/750] 7c4d491a-e67d-43b8-b3e6-85878bd1d077: 84 datasets; 1.7 s; peak memory 1157 MiB.
2026-10-09T05:44:45Z INFO [477/750] 7c4d4dba-0d01-4bed-9e5f-2412de21afa3: 117 datasets; 1.7 s; peak memory 1157 MiB.
2026-10-09T05:44:57Z INFO [478/750] 7c4d5f52-b1ce-4ace-a558-53519952fabb: 410 datasets; 12.1 s; peak memory 1157 MiB.
2026-10-09T05:44:59Z INFO [479/750] 7c4d74f7-6d28-47cf-a549-17699f5b2b93: 49 datasets; 1.5 s; peak memory 1157 MiB.
2026-10-09T05:45:00Z INFO [480/750] 7c4e9a46-c9e7-4997-977e-c85e52d258be: 48 datasets; 1.3 s; peak memory 1157 MiB.
2026-10-09T05:45:55Z INFO [481/750] 7c4f20d2-e444-4d94-a2aa-d231e3d84c39: 55 datasets; 54.3 s; peak memory 1157 MiB.
2026-10-09T05:45:56Z INFO [482/750] 7c502d6c-954e-492d-b540-2f3c2af97267: 48 datasets; 1.5 s; peak memory 1157 MiB.
2026-10-09T05:45:57Z INFO [483/750] 7c506def-54bf-4dce-80fa-537647c14d50: 48 datasets; 1.3 s; peak memory 1157 MiB.
2026-10-09T05:45:58Z INFO [484/750] 7c519d18-e86a-4a7a-a2e8-1d08aaa1a8d9: 57 datasets; 1.0 s; peak memory 1157 MiB.
2026-10-09T05:46:00Z INFO [485/750] 7c521f1e-e6a0-4103-8919-0ce3d0f4e0ea: 112 datasets; 1.9 s; peak memory 1157 MiB.
2026-10-09T05:46:03Z INFO [486/750] 7c526a5e-8a04-461c-8489-baa58c9110cc: 152 datasets; 3.0 s; peak memory 1157 MiB.
2026-10-09T05:46:05Z INFO [487/750] 7c53fd3e-968a-4c1d-b319-c335e20b00df: 112 datasets; 2.0 s; peak memory 1157 MiB.
2026-10-09T05:46:07Z INFO [488/750] 7c5435e4-8900-45a0-acc1-c8c7d5214005: 48 datasets; 1.4 s; peak memory 1157 MiB.
2026-10-09T05:46:08Z INFO [489/750] 7c543f6d-fbb8-46c5-91e4-626817badb92: 118 datasets; 1.8 s; peak memory 1157 MiB.
2026-10-09T05:46:10Z INFO [490/750] 7c544de1-9d69-482c-8595-742e8db6fe02: 48 datasets; 1.3 s; peak memory 1157 MiB.
2026-10-09T05:46:11Z INFO [491/750] 7c54cfb7-9b42-4336-91a0-30062d08444e: 117 datasets; 1.6 s; peak memory 1157 MiB.
2026-10-09T05:46:12Z INFO [492/750] 7c55f39d-5fde-40bb-85ba-09d6c0af642e: 35 datasets; 1.0 s; peak memory 1157 MiB.
2026-10-09T05:46:15Z INFO [493/750] 7c565988-c09c-4d7c-938f-c99781dcd1ab: 57 datasets; 2.4 s; peak memory 1157 MiB.
2026-10-09T05:46:16Z INFO [494/750] 7c568a1b-4ab1-45c1-98a3-c22bd9f5123f: 33 datasets; 1.3 s; peak memory 1157 MiB.
2026-10-09T05:46:22Z INFO [495/750] 7c56b8c5-48f7-447f-bbe6-4f207324eb52: 527 datasets; 6.0 s; peak memory 1157 MiB.
2026-10-09T05:46:23Z INFO [496/750] 7c581be9-a852-4aff-9a9e-f7a7a1e0d774: 112 datasets; 1.5 s; peak memory 1157 MiB.
2026-10-09T05:46:25Z INFO [497/750] 7c58529a-b728-4641-85f7-f169148a7209: 131 datasets; 1.8 s; peak memory 1157 MiB.
2026-10-09T05:46:27Z INFO [498/750] 7c589f2e-61b9-4819-ba65-6783624093f7: 48 datasets; 1.4 s; peak memory 1157 MiB.
2026-10-09T05:46:31Z INFO [499/750] 7c591c49-af71-4f46-aa5b-1e0534e071d1: 301 datasets; 3.9 s; peak memory 1157 MiB.
2026-10-09T05:46:34Z INFO [500/750] 7c593b00-faad-469c-be3f-7015872e5d1b: 85 datasets; 3.5 s; peak memory 1157 MiB.
2026-10-09T05:46:34Z INFO [500/750] 7c593b00-faad-469c-be3f-7015872e5d1b: checkpointed 106835 new records.
2026-10-09T05:46:38Z INFO [501/750] 7c59d762-0606-4cc6-9d12-1304d41d641a: 138 datasets; 3.5 s; peak memory 1157 MiB.
2026-10-09T05:46:39Z INFO [502/750] 7c59ea93-2ba3-4b9a-a029-5a50064603c3: 117 datasets; 1.6 s; peak memory 1157 MiB.
2026-10-09T05:46:41Z INFO [503/750] 7c59f2d2-de18-4d07-a2e2-27fc7788e767: 117 datasets; 1.7 s; peak memory 1157 MiB.
2026-10-09T05:46:42Z INFO [504/750] 7c5a11f0-638a-4b2f-ad18-3837db9ecb5e: 48 datasets; 1.3 s; peak memory 1157 MiB.
2026-10-09T05:46:44Z INFO [505/750] 7c5a3cbc-2c03-4c75-bb07-15161d924062: 48 datasets; 1.3 s; peak memory 1157 MiB.
2026-10-09T05:46:56Z INFO [506/750] 7c5a8485-c642-4654-b4cb-73bd2b6c3a33: 795 datasets; 12.6 s; peak memory 1157 MiB.
2026-10-09T05:46:57Z INFO [507/750] 7c5b019e-d17d-41ca-a2d1-06a6f25b993c: 21 datasets; 1.0 s; peak memory 1157 MiB.
2026-10-09T05:46:59Z INFO [508/750] 7c5c409c-50be-4ac3-93a2-c8b299e497e5: 50 datasets; 1.4 s; peak memory 1157 MiB.
2026-10-09T05:47:13Z INFO [509/750] 7c5c6e69-ea92-41bd-b5d8-402b417afef2: 951 datasets; 14.4 s; peak memory 1157 MiB.
2026-10-09T05:47:14Z INFO [510/750] 7c5cc1b2-c687-4552-89b7-7dc896c2f62d: 46 datasets; 1.2 s; peak memory 1157 MiB.
2026-10-09T05:47:22Z INFO [511/750] 7c5cdf77-6b44-48e0-b8a2-55e00b2edc11: 56 datasets; 8.0 s; peak memory 1157 MiB.
2026-10-09T05:47:25Z INFO [512/750] 7c5d5f2a-34de-43fd-b74c-4dc8922f5e8f: 53 datasets; 2.5 s; peak memory 1157 MiB.
2026-10-09T05:47:26Z INFO [513/750] 7c5d7f41-059d-4f81-9fb0-c4debf79d414: 48 datasets; 1.4 s; peak memory 1157 MiB.
2026-10-09T05:49:45Z INFO [514/750] 7c5db8c5-10d4-43a3-924b-83d3747fdce9: 167 datasets; 138.7 s; peak memory 1157 MiB.
2026-10-09T05:49:51Z INFO [515/750] 7c5df576-bfc4-4d25-9ebe-a78bfb0a158b: 86 datasets; 5.9 s; peak memory 1157 MiB.
2026-10-09T05:50:04Z INFO [516/750] 7c5e02da-6955-4d6b-a390-880df65fe1bd: 1220 datasets; 12.9 s; peak memory 1157 MiB.
2026-10-09T05:50:06Z INFO [517/750] 7c5e8095-0995-4275-a403-0e450cc3f9e5: 118 datasets; 2.1 s; peak memory 1157 MiB.
2026-10-09T05:50:08Z INFO [518/750] 7c5ec0df-c59a-479f-868d-b6a7e2b8e313: 112 datasets; 1.8 s; peak memory 1157 MiB.
2026-10-09T05:50:20Z INFO [519/750] 7c5edc3f-08ed-46de-9414-fd5cbc09cf4f: 44 datasets; 12.2 s; peak memory 1157 MiB.
2026-10-09T05:50:21Z INFO [520/750] 7c5fbb0e-8b93-4d1c-bde9-5b090a0b566c: 46 datasets; 1.3 s; peak memory 1157 MiB.
2026-10-09T05:51:34Z INFO [521/750] 7c603956-92aa-4a1e-ba66-ed177312f64b: 103 datasets; 72.5 s; peak memory 1157 MiB.
2026-10-09T05:51:35Z INFO [522/750] 7c6051e4-3fab-42ab-9d95-afaae282b4e4: 46 datasets; 1.2 s; peak memory 1157 MiB.
2026-10-09T05:51:37Z INFO [523/750] 7c606822-c737-40b0-b362-6304466c53f3: 113 datasets; 1.8 s; peak memory 1157 MiB.
2026-10-09T05:52:06Z INFO [524/750] 7c60f627-7f8e-4d46-8e14-24907db1913e: 1580 datasets; 29.6 s; peak memory 1157 MiB.
2026-10-09T05:52:18Z INFO [525/750] 7c618c97-b8d5-4a05-bf0f-ebd7cd072ae7: 752 datasets; 11.3 s; peak memory 1157 MiB.
2026-10-09T05:52:19Z INFO [526/750] 7c61a1ea-7769-47c5-8326-7c62a79d339e: 64 datasets; 2.0 s; peak memory 1157 MiB.
2026-10-09T05:52:21Z INFO [527/750] 7c62177d-f8ca-4173-b88c-313e7b1538b1: 41 datasets; 1.3 s; peak memory 1157 MiB.
2026-10-09T05:52:28Z INFO [528/750] 7c6363f3-bdd1-4a98-b89a-5605482c276c: 200 datasets; 7.6 s; peak memory 1157 MiB.
2026-10-09T05:52:30Z INFO [529/750] 7c63a9a1-fa77-4d56-a9cf-f2bcece4b8d5: 112 datasets; 2.0 s; peak memory 1157 MiB.
2026-10-09T05:52:32Z INFO [530/750] 7c6490d4-9bd8-45c4-aa71-c3ccbaf2407f: 117 datasets; 1.7 s; peak memory 1157 MiB.
2026-10-09T05:52:34Z INFO [531/750] 7c649f37-d16c-49e9-a54c-f04b0340a3b5: 66 datasets; 2.0 s; peak memory 1157 MiB.
2026-10-09T05:52:50Z INFO [532/750] 7c64a820-1637-4650-bc99-4d8d76a9549e: 926 datasets; 15.7 s; peak memory 1157 MiB.
2026-10-09T05:52:51Z INFO [533/750] 7c658f54-d2ae-4421-b964-6f6cf4c793dd: 48 datasets; 1.5 s; peak memory 1157 MiB.
2026-10-09T05:52:52Z INFO [534/750] 7c65ebb1-25aa-44b9-9cb0-166405204e83: 48 datasets; 1.2 s; peak memory 1157 MiB.
2026-10-09T05:52:56Z INFO [535/750] 7c66565d-f80f-479c-8f15-946b9f8f340e: 90 datasets; 3.2 s; peak memory 1157 MiB.
2026-10-09T05:52:57Z INFO [536/750] 7c668ffb-d3dd-433d-aa00-a2d71438234a: 48 datasets; 1.4 s; peak memory 1157 MiB.
2026-10-09T05:52:58Z INFO [537/750] 7c685252-06bd-47be-9b44-cea5d2aa747f: 64 datasets; 1.4 s; peak memory 1157 MiB.
2026-10-09T05:53:00Z INFO [538/750] 7c68a1b7-5f4c-4cdf-bf34-a380f46e6882: 117 datasets; 1.6 s; peak memory 1157 MiB.
2026-10-09T05:53:02Z INFO [539/750] 7c68a489-9074-4e66-843c-a8fa271c19b1: 112 datasets; 1.9 s; peak memory 1157 MiB.
2026-10-09T05:53:04Z INFO [540/750] 7c6a0e62-9810-4e84-ad1b-4bc2c543a022: 117 datasets; 1.5 s; peak memory 1157 MiB.
2026-10-09T05:53:05Z INFO [541/750] 7c6a408e-3125-4cf1-9abc-60c308b47838: 117 datasets; 1.5 s; peak memory 1157 MiB.
2026-10-09T05:53:07Z INFO [542/750] 7c6a484f-e106-4bf6-8efe-9d0892784378: 62 datasets; 2.2 s; peak memory 1157 MiB.
2026-10-09T05:53:23Z INFO [543/750] 7c6b8502-a496-4d48-8a88-b6ed4a69b458: 1087 datasets; 16.1 s; peak memory 1157 MiB.
2026-10-09T05:53:28Z INFO [544/750] 7c6c9de9-1310-4300-8854-fe4aa8d8a2a6: 156 datasets; 4.4 s; peak memory 1157 MiB.
2026-10-09T05:53:29Z INFO [545/750] 7c6eb34c-b485-4a6f-9f41-bc8e14688ea3: 48 datasets; 1.3 s; peak memory 1157 MiB.
2026-10-09T05:53:31Z INFO [546/750] 7c6eed77-d0ca-4ef2-bda3-413175278e07: 117 datasets; 1.7 s; peak memory 1157 MiB.
2026-10-09T05:53:33Z INFO [547/750] 7c6f1529-34e7-4b99-b242-028294dfdd5a: 66 datasets; 1.9 s; peak memory 1157 MiB.
2026-10-09T05:53:34Z INFO [548/750] 7c6fbfb6-e604-45dd-9375-da8a35279124: 48 datasets; 1.4 s; peak memory 1157 MiB.
2026-10-09T05:53:35Z INFO [549/750] 7c70000b-d97e-4e70-90bb-4b2e8c1ffc3d: 52 datasets; 1.4 s; peak memory 1157 MiB.
2026-10-09T05:53:37Z INFO [550/750] 7c7086a2-9aad-4d19-9339-fa5d47a6f05c: 153 datasets; 1.8 s; peak memory 1157 MiB.
2026-10-09T05:53:37Z INFO [550/750] 7c7086a2-9aad-4d19-9339-fa5d47a6f05c: checkpointed 106885 new records.
2026-10-09T05:53:40Z INFO [551/750] 7c70b4f8-cff7-4374-9bc6-e9cd07f6349f: 112 datasets; 2.1 s; peak memory 1157 MiB.
2026-10-09T05:53:41Z INFO [552/750] 7c70f75f-eb87-4b6d-8dbb-225a7cb0c3b9: 48 datasets; 1.3 s; peak memory 1157 MiB.
2026-10-09T05:53:42Z INFO [553/750] 7c71c202-54ec-4a0d-8920-493831b34bf0: 45 datasets; 1.0 s; peak memory 1157 MiB.
2026-10-09T05:53:45Z INFO [554/750] 7c72a664-ef17-48f8-aff5-b80d043222fe: 116 datasets; 3.2 s; peak memory 1157 MiB.
2026-10-09T05:54:07Z INFO [555/750] 7c7331ac-162a-49da-a9ed-a35661af724c: 1162 datasets; 22.1 s; peak memory 1157 MiB.
2026-10-09T05:54:10Z INFO [556/750] 7c738764-b0e9-4aab-813b-2d2d463a7447: 119 datasets; 2.4 s; peak memory 1157 MiB.
2026-10-09T05:54:11Z INFO [557/750] 7c75380e-0876-4a39-9809-f5886f17bc2f: 84 datasets; 1.8 s; peak memory 1157 MiB.
2026-10-09T05:54:13Z INFO [558/750] 7c7611e0-93be-44d9-a6b3-e59c92b7b901: 117 datasets; 1.6 s; peak memory 1157 MiB.
2026-10-09T05:54:37Z INFO [559/750] 7c764787-694f-4b2e-bc3e-abda4e80c09d: 871 datasets; 23.6 s; peak memory 1157 MiB.
2026-10-09T05:54:38Z INFO [560/750] 7c772714-7fb7-42bb-bf96-6028307d2303: 48 datasets; 1.4 s; peak memory 1157 MiB.
2026-10-09T05:54:40Z INFO [561/750] 7c7755e5-0ab8-4597-afc2-00f9d1cdd0fb: 117 datasets; 1.6 s; peak memory 1157 MiB.
2026-10-09T05:54:41Z INFO [562/750] 7c775fd4-48d8-42ed-88fb-f89b5bac12c7: 44 datasets; 1.1 s; peak memory 1157 MiB.
2026-10-09T05:54:42Z INFO [563/750] 7c77c85b-972e-47a0-a784-3e0091b1765d: 45 datasets; 1.0 s; peak memory 1157 MiB.
2026-10-09T05:54:43Z INFO [564/750] 7c7804ba-0a46-40a0-9dfa-5b12fbb05424: 48 datasets; 1.3 s; peak memory 1157 MiB.
2026-10-09T05:54:59Z INFO [565/750] 7c789179-bf6f-4ef0-9ee5-7c419f2d1c96: 1680 datasets; 15.8 s; peak memory 1157 MiB.
2026-10-09T05:55:00Z INFO [566/750] 7c7ac2f8-c38d-4c9b-933e-d4d74f0e9692: 48 datasets; 1.3 s; peak memory 1157 MiB.
2026-10-09T05:55:02Z INFO [567/750] 7c7b7fcd-8e1d-4edc-b99d-c2dbf41ec638: 112 datasets; 1.8 s; peak memory 1157 MiB.
2026-10-09T05:55:04Z INFO [568/750] 7c7bd880-daad-43ac-a26b-b928bc30bfe6: 49 datasets; 1.5 s; peak memory 1157 MiB.
2026-10-09T05:55:08Z INFO [569/750] 7c7beca6-64e0-4c55-a6ca-6582a86ad7ac: 110 datasets; 3.9 s; peak memory 1157 MiB.
2026-10-09T05:55:12Z INFO [570/750] 7c7d5e74-2049-4096-873d-513d71b157b7: 156 datasets; 4.0 s; peak memory 1157 MiB.
2026-10-09T05:55:14Z INFO [571/750] 7c7d8a97-9a89-4d39-9ed6-ff98bc5ce353: 110 datasets; 2.1 s; peak memory 1157 MiB.
2026-10-09T05:55:17Z INFO [572/750] 7c7db030-69ea-4895-9517-9538e61c87b2: 38 datasets; 3.0 s; peak memory 1157 MiB.
2026-10-09T05:55:18Z INFO [573/750] 7c7eb675-11af-4508-b625-361c7f294d78: 48 datasets; 1.4 s; peak memory 1157 MiB.
2026-10-09T05:55:20Z INFO [574/750] 7c7ef7c4-2e35-44fb-a055-bdb0c8e367cd: 117 datasets; 1.5 s; peak memory 1157 MiB.
2026-10-09T05:55:21Z INFO [575/750] 7c80455e-d070-4546-a262-88139aeb8c9a: 46 datasets; 1.2 s; peak memory 1157 MiB.
2026-10-09T05:55:22Z INFO [576/750] 7c80fd41-0c3f-4f4a-9a7d-6a971feb6ad9: 41 datasets; 1.1 s; peak memory 1157 MiB.
2026-10-09T05:55:39Z INFO [577/750] 7c816324-cb3d-454b-9513-9fac923f5ff4: 273 datasets; 17.3 s; peak memory 1157 MiB.
2026-10-09T05:55:41Z INFO [578/750] 7c818615-64a1-4dfe-8d5d-1c3195cf5377: 84 datasets; 1.7 s; peak memory 1157 MiB.
2026-10-09T05:55:42Z INFO [579/750] 7c822911-c82d-4d28-9363-d3c20c201a4b: 49 datasets; 1.5 s; peak memory 1157 MiB.
2026-10-09T05:55:44Z INFO [580/750] 7c82e213-dd5c-4f61-a98b-17851beb5bb9: 76 datasets; 1.8 s; peak memory 1157 MiB.
2026-10-09T05:55:45Z INFO [581/750] 7c830e8d-bb00-43d1-8e10-d96a537235fd: 38 datasets; 1.3 s; peak memory 1157 MiB.
2026-10-09T05:55:47Z INFO [582/750] 7c83a8f7-2ec4-47d0-8df3-1265b589dd59: 48 datasets; 1.3 s; peak memory 1157 MiB.
2026-10-09T05:55:59Z INFO [583/750] 7c83aef9-04b7-48c8-995e-164a6ee880ed: 807 datasets; 12.6 s; peak memory 1157 MiB.
2026-10-09T05:56:01Z INFO [584/750] 7c83c7fd-1fd8-4f40-8276-e9e1f4efeb46: 36 datasets; 1.3 s; peak memory 1157 MiB.
2026-10-09T05:56:02Z INFO [585/750] 7c843b99-0058-41be-8727-7ec49891e65a: 61 datasets; 1.5 s; peak memory 1157 MiB.
2026-10-09T05:56:04Z INFO [586/750] 7c84706d-9a62-4634-a8a1-b4a4e105d8bb: 52 datasets; 1.4 s; peak memory 1157 MiB.
2026-10-09T05:56:05Z INFO [587/750] 7c84b4a2-a3f5-4505-b56d-db408b6ccb21: 48 datasets; 1.3 s; peak memory 1157 MiB.
2026-10-09T05:56:19Z INFO [588/750] 7c84fed6-bc74-497a-951a-c4f14ba20e3c: 518 datasets; 13.9 s; peak memory 1157 MiB.
2026-10-09T05:56:20Z INFO [589/750] 7c85bef6-bee9-4800-a06f-c32f1988627d: 48 datasets; 1.3 s; peak memory 1157 MiB.
2026-10-09T05:56:33Z INFO [590/750] 7c86b3cb-9d92-4034-861e-80cf4ab043fc: 671 datasets; 13.3 s; peak memory 1157 MiB.
2026-10-09T06:12:31Z INFO [591/750] 7c875358-f889-4366-9da3-04f2af28165d: 196 datasets; 957.4 s; peak memory 1242 MiB.
2026-10-09T06:12:32Z INFO [592/750] 7c883dce-c688-4ba0-a804-baf993363412: 118 datasets; 1.8 s; peak memory 1242 MiB.
2026-10-09T06:12:41Z INFO [593/750] 7c88a6fc-7a30-4b3b-983b-4983ad36b089: 4408 datasets; 8.5 s; peak memory 1242 MiB.
2026-10-09T06:12:43Z INFO [594/750] 7c890612-3de5-4e35-a528-a3dbca5391fd: 116 datasets; 1.8 s; peak memory 1242 MiB.
2026-10-09T06:12:44Z INFO [595/750] 7c898eb2-8d47-4c72-8970-b0140ad3a623: 46 datasets; 1.1 s; peak memory 1242 MiB.
2026-10-09T06:12:46Z INFO [596/750] 7c8b2274-f802-49c2-8ece-8e77d62d311e: 112 datasets; 2.1 s; peak memory 1242 MiB.
2026-10-09T06:12:55Z INFO [597/750] 7c8cba80-094b-440b-a026-c3cd72de1a78: 292 datasets; 9.2 s; peak memory 1242 MiB.
2026-10-09T06:12:56Z INFO [598/750] 7c8cc771-998a-4aeb-b9b9-8d7345aaa60c: 48 datasets; 1.5 s; peak memory 1242 MiB.
2026-10-09T06:12:58Z INFO [599/750] 7c8deb6e-5261-493e-8046-a90c41776d4b: 118 datasets; 1.6 s; peak memory 1242 MiB.
2026-10-09T06:12:59Z INFO [600/750] 7c8ec5ce-c6db-4dec-937a-37496226c148: 48 datasets; 1.3 s; peak memory 1242 MiB.
2026-10-09T06:13:00Z INFO [600/750] 7c8ec5ce-c6db-4dec-937a-37496226c148: checkpointed 106935 new records.
2026-10-09T06:13:01Z INFO [601/750] 7c8f2855-cf69-4993-a46f-58b7d4f502f2: 117 datasets; 1.7 s; peak memory 1242 MiB.
2026-10-09T06:13:03Z INFO [602/750] 7c8fb099-5c12-4569-bd3c-4077c88d9dac: 72 datasets; 1.6 s; peak memory 1242 MiB.
2026-10-09T06:13:05Z INFO [603/750] 7c8fb7da-921f-4800-830b-722d4f83671a: 113 datasets; 1.9 s; peak memory 1242 MiB.
2026-10-09T06:13:06Z INFO [604/750] 7c90cbef-7dd3-4bba-b827-f1b19a8a2eec: 52 datasets; 1.6 s; peak memory 1242 MiB.
2026-10-09T06:13:08Z INFO [605/750] 7c90ff8c-ff35-42ab-a1e9-973de8cd4475: 39 datasets; 1.5 s; peak memory 1242 MiB.
2026-10-09T06:13:47Z INFO [606/750] 7c91531b-86f1-471f-b0dd-7949de4406c2: 6650 datasets; 39.3 s; peak memory 1242 MiB.
2026-10-09T06:13:49Z INFO [607/750] 7c922716-1cd7-47d1-9c9c-df9876a59423: 48 datasets; 1.4 s; peak memory 1242 MiB.
2026-10-09T06:13:50Z INFO [608/750] 7c92642e-88e2-4bb1-9dec-1c6fb6009d81: 117 datasets; 1.6 s; peak memory 1242 MiB.
2026-10-09T06:13:52Z INFO [609/750] 7c927823-6313-431f-9260-1d374c9e4aba: 117 datasets; 1.5 s; peak memory 1242 MiB.
2026-10-09T06:13:53Z INFO [610/750] 7c930792-1f82-4ba3-a770-3f96ea283598: 48 datasets; 1.5 s; peak memory 1242 MiB.
2026-10-09T06:13:55Z INFO [611/750] 7c933045-a2e5-4638-b6d6-9e342885f186: 116 datasets; 1.7 s; peak memory 1242 MiB.
2026-10-09T06:13:57Z INFO [612/750] 7c935e48-e224-4c93-8198-bebe11157ae5: 116 datasets; 1.8 s; peak memory 1242 MiB.
2026-10-09T06:13:59Z INFO [613/750] 7c93d334-dcfa-41d2-b4f6-519e96d3f495: 133 datasets; 2.5 s; peak memory 1242 MiB.
2026-10-09T06:14:01Z INFO [614/750] 7c93f491-7f6b-4901-9d1b-539c029a7d24: 112 datasets; 2.2 s; peak memory 1242 MiB.
2026-10-09T06:14:03Z INFO [615/750] 7c9464a8-2547-4d94-b27f-f0dce0247ff0: 68 datasets; 1.8 s; peak memory 1242 MiB.
2026-10-09T06:14:06Z INFO [616/750] 7c94c060-0ed3-49d8-b63b-d30780ae6556: 119 datasets; 2.8 s; peak memory 1242 MiB.
2026-10-09T06:14:07Z INFO [617/750] 7c9556cd-c8d8-4d25-bcbf-b9e3ca404dd9: 48 datasets; 1.4 s; peak memory 1242 MiB.
2026-10-09T06:14:09Z INFO [618/750] 7c9630a6-0e97-447a-b09e-b2cef9714588: 62 datasets; 1.8 s; peak memory 1242 MiB.
2026-10-09T06:14:11Z INFO [619/750] 7c96d4f9-e56d-4b7c-950c-8c9d213500c9: 42 datasets; 1.6 s; peak memory 1242 MiB.
2026-10-09T06:14:12Z INFO [620/750] 7c97ca7b-a634-4077-8fad-35fbb745c05d: 48 datasets; 1.4 s; peak memory 1242 MiB.
2026-10-09T06:14:14Z INFO [621/750] 7c97fb44-ec2f-4319-b326-a06c77d0d8b8: 63 datasets; 1.3 s; peak memory 1242 MiB.
2026-10-09T06:14:16Z INFO [622/750] 7c9810f6-e2d7-4011-bea1-4d14a4d5166d: 78 datasets; 2.4 s; peak memory 1242 MiB.
2026-10-09T06:14:18Z INFO [623/750] 7c9840d5-2a3f-4802-86a2-2b5c2f9a121f: 66 datasets; 2.2 s; peak memory 1242 MiB.
2026-10-09T06:14:20Z INFO [624/750] 7c984a08-455c-4667-95a9-59afe9f129e2: 62 datasets; 1.4 s; peak memory 1242 MiB.
2026-10-09T06:14:35Z INFO [625/750] 7c985d76-951e-4929-9f1d-678618314ee1: 6712 datasets; 15.8 s; peak memory 1242 MiB.
2026-10-09T06:14:39Z INFO [626/750] 7c9887d7-f833-42c4-a632-f7bf7ad92690: 115 datasets; 3.5 s; peak memory 1242 MiB.
2026-10-09T06:14:40Z INFO [627/750] 7c98a583-165b-49ce-bf37-a21c17cbc8dd: 48 datasets; 1.4 s; peak memory 1242 MiB.
2026-10-09T06:14:42Z INFO [628/750] 7c98bdbf-d62e-4086-b444-46c73d79eabf: 118 datasets; 1.7 s; peak memory 1242 MiB.
2026-10-09T06:14:44Z INFO [629/750] 7c98c525-112f-412a-b1b9-0ddc2ba9910b: 118 datasets; 1.6 s; peak memory 1242 MiB.
2026-10-09T06:14:45Z INFO [630/750] 7c98cab4-b23d-429a-a370-0090d46505e7: 48 datasets; 1.4 s; peak memory 1242 MiB.
2026-10-09T06:16:06Z INFO [631/750] 7c99714f-36d5-4e1e-87bc-55dde0ca80f4: 111 datasets; 80.7 s; peak memory 1242 MiB.
2026-10-09T06:16:17Z INFO [632/750] 7c9a456d-0262-4b6a-8393-e487f2da00fd: 640 datasets; 10.8 s; peak memory 1242 MiB.
2026-10-09T06:16:48Z INFO [633/750] 7c9ae559-61eb-4623-a36a-8bba3242d73b: 898 datasets; 31.0 s; peak memory 1242 MiB.
2026-10-09T06:16:49Z INFO [634/750] 7c9b3e6a-aef5-434b-891e-3ab9ff7e6167: 60 datasets; 1.8 s; peak memory 1242 MiB.
2026-10-09T06:16:57Z INFO [635/750] 7c9b9234-7225-46ed-b511-609afa280af9: 538 datasets; 7.9 s; peak memory 1242 MiB.
2026-10-09T06:16:59Z INFO [636/750] 7c9d0a88-230d-48ff-8fd2-41127caddc36: 110 datasets; 1.8 s; peak memory 1242 MiB.
2026-10-09T06:17:02Z INFO [637/750] 7c9d3285-ac63-426b-98ef-ad149187e949: 114 datasets; 3.4 s; peak memory 1242 MiB.
2026-10-09T06:17:09Z INFO [638/750] 7c9e0862-6eda-4ea0-98b3-260f4ece81dd: 538 datasets; 6.7 s; peak memory 1242 MiB.
2026-10-09T06:19:44Z INFO [639/750] 7c9e6853-fedf-4030-9c39-ae2ee0dbe16d: 167 datasets; 154.8 s; peak memory 1242 MiB.
2026-10-09T06:19:45Z INFO [640/750] 7c9e9921-c59e-44df-ac05-b5fa9a68c92e: 46 datasets; 1.2 s; peak memory 1242 MiB.
2026-10-09T06:19:46Z INFO [641/750] 7c9f085a-5a43-4f2d-8137-3306daffdf65: 46 datasets; 1.1 s; peak memory 1242 MiB.
2026-10-09T06:19:48Z INFO [642/750] 7c9fe250-ce44-4792-a141-d145da3836cb: 117 datasets; 1.7 s; peak memory 1242 MiB.
2026-10-09T06:19:49Z INFO [643/750] 7c9ffbd3-a514-49ea-8b1b-463b5d714a6a: 48 datasets; 1.3 s; peak memory 1242 MiB.
2026-10-09T06:19:50Z INFO [644/750] 7ca01a17-4eae-432a-9c0b-b69218c9e74c: 45 datasets; 1.2 s; peak memory 1242 MiB.
2026-10-09T06:19:55Z INFO [645/750] 7ca02c2e-b9af-4d98-b9c3-9284e4cd0db1: 48 datasets; 4.6 s; peak memory 1242 MiB.
2026-10-09T06:19:57Z INFO [646/750] 7ca1abc3-2b95-44dd-845d-e6bc2439dd5c: 48 datasets; 1.6 s; peak memory 1242 MiB.
2026-10-09T06:19:58Z INFO [647/750] 7ca23ef5-c8b9-4dfa-b26d-4eff13f83bdd: 48 datasets; 1.5 s; peak memory 1242 MiB.
2026-10-09T06:20:00Z INFO [648/750] 7ca2c280-edeb-4f0d-aba3-8229378cef84: 48 datasets; 1.5 s; peak memory 1242 MiB.
2026-10-09T06:20:02Z INFO [649/750] 7ca30ead-aa5f-4349-9b4d-9aab44616d31: 66 datasets; 2.1 s; peak memory 1242 MiB.
2026-10-09T06:20:14Z INFO [650/750] 7ca326ad-bc9b-4e0a-a123-784e0cf6676b: 969 datasets; 12.1 s; peak memory 1242 MiB.
2026-10-09T06:20:14Z INFO [650/750] 7ca326ad-bc9b-4e0a-a123-784e0cf6676b: checkpointed 106985 new records.
2026-10-09T06:21:47Z INFO [651/750] 7ca35d25-2370-4fdc-8dd2-a47a4c23bdbd: 58 datasets; 93.4 s; peak memory 1242 MiB.
2026-10-09T06:21:58Z INFO [652/750] 7ca45647-a2d8-440b-a725-a67f74fa89d0: 702 datasets; 10.5 s; peak memory 1242 MiB.
2026-10-09T06:21:59Z INFO [653/750] 7ca46661-11d5-450d-93ce-61b02f7dc041: 116 datasets; 1.5 s; peak memory 1242 MiB.
2026-10-09T06:22:01Z INFO [654/750] 7ca55a78-fdba-4b88-a0f7-6e4f7faacae6: 63 datasets; 1.4 s; peak memory 1242 MiB.
2026-10-09T06:22:03Z INFO [655/750] 7ca56372-4143-41c7-98aa-91eddd0f0f31: 66 datasets; 2.6 s; peak memory 1242 MiB.
2026-10-09T06:22:05Z INFO [656/750] 7ca5708b-0393-4399-8ab0-6b2e4cc5f82f: 48 datasets; 1.5 s; peak memory 1242 MiB.
2026-10-09T06:22:07Z INFO [657/750] 7ca67238-537e-4103-ae1b-700d0ac4dcd6: 118 datasets; 1.9 s; peak memory 1242 MiB.
2026-10-09T06:23:13Z INFO [658/750] 7ca7fff9-2a73-4a8d-9a5a-d2b7527dcfc1: 416 datasets; 66.7 s; peak memory 1242 MiB.
2026-10-09T06:23:17Z INFO [659/750] 7ca8ecdd-2c6a-416a-8f6b-2fd6b0d3b0e7: 90 datasets; 3.3 s; peak memory 1242 MiB.
2026-10-09T06:23:18Z INFO [660/750] 7ca90f05-2ad0-491a-8c64-38733a6eff41: 117 datasets; 1.6 s; peak memory 1242 MiB.
2026-10-09T06:23:21Z INFO [661/750] 7caa2386-6a4d-413e-8398-e74a1993d87d: 85 datasets; 2.4 s; peak memory 1242 MiB.
2026-10-09T06:23:22Z INFO [662/750] 7caa48a9-11b8-4902-8526-d6bd3551f8f6: 48 datasets; 1.5 s; peak memory 1242 MiB.
2026-10-09T06:23:24Z INFO [663/750] 7caa6199-aafc-4ad0-8a21-88a0ce05d1a5: 48 datasets; 1.5 s; peak memory 1242 MiB.
2026-10-09T06:23:27Z INFO [664/750] 7caa8378-cd87-4c58-93be-323469a2d59a: 152 datasets; 3.5 s; peak memory 1242 MiB.
2026-10-09T06:24:25Z INFO [665/750] 7caafa40-9132-44d7-b2ab-9499dc560abb: 55 datasets; 58.2 s; peak memory 1242 MiB.
2026-10-09T06:24:27Z INFO [666/750] 7cab0a0a-a3be-4262-ae0d-757321dc9756: 117 datasets; 1.6 s; peak memory 1242 MiB.
2026-10-09T06:24:28Z INFO [667/750] 7cac140f-2aea-4ae6-862d-941b89377775: 35 datasets; 1.2 s; peak memory 1242 MiB.
2026-10-09T06:24:30Z INFO [668/750] 7cacb12a-5297-4419-b292-50b12ee984d0: 116 datasets; 1.8 s; peak memory 1242 MiB.
2026-10-09T06:24:32Z INFO [669/750] 7cad0ddb-7a6b-4e20-82f8-1e1ecf2c7827: 289 datasets; 2.2 s; peak memory 1242 MiB.
2026-10-09T06:24:35Z INFO [670/750] 7cadba96-7601-454e-9233-100b3dfd77dd: 101 datasets; 2.4 s; peak memory 1242 MiB.
2026-10-09T06:24:36Z INFO [671/750] 7caeb5b1-3a70-4af1-ae25-f0dd60f655ca: 118 datasets; 1.9 s; peak memory 1242 MiB.
2026-10-09T06:24:38Z INFO [672/750] 7caebb41-14c3-4cf6-9644-44a769d09e0e: 275 datasets; 1.9 s; peak memory 1242 MiB.
2026-10-09T06:32:07Z INFO [673/750] 7caf5010-1f96-4bcb-8858-93f81f28f9c7: 99 datasets; 448.6 s; peak memory 1351 MiB.
2026-10-09T06:32:09Z INFO [674/750] 7cb03c69-d87d-4433-b50c-48b39c3d7f18: 112 datasets; 2.3 s; peak memory 1351 MiB.
2026-10-09T06:32:12Z INFO [675/750] 7cb0c84d-f7e5-4c63-8f9f-2b21d5dc6361: 71 datasets; 2.2 s; peak memory 1351 MiB.
2026-10-09T06:32:13Z INFO [676/750] 7cb0dc09-c1ab-4b76-8b72-5a3d4a8df49b: 48 datasets; 1.5 s; peak memory 1351 MiB.
2026-10-09T06:32:22Z INFO [677/750] 7cb0f279-86b8-47f5-9aa9-f09b309ab0c2: 256 datasets; 9.0 s; peak memory 1351 MiB.
2026-10-09T06:32:25Z INFO [678/750] 7cb15bf2-326a-4f64-beb2-b387aa3a424b: 110 datasets; 2.6 s; peak memory 1351 MiB.
2026-10-09T06:32:28Z INFO [679/750] 7cb16bae-cc82-4e95-9b41-52a3c5375b32: 156 datasets; 3.8 s; peak memory 1351 MiB.
2026-10-09T06:32:30Z INFO [680/750] 7cb23e0f-35f0-4603-ad3f-6a3a8ca58671: 112 datasets; 2.1 s; peak memory 1351 MiB.
2026-10-09T06:33:58Z INFO [681/750] 7cb3500b-b744-476e-b307-a86c0832e9e2: 19540 datasets; 87.9 s; peak memory 1351 MiB.
2026-10-09T06:34:00Z INFO [682/750] 7cb35074-0aba-44d5-93a9-6c5c5f6de0a6: 57 datasets; 1.3 s; peak memory 1351 MiB.
2026-10-09T06:34:07Z INFO [683/750] 7cb3a179-9c8b-4473-a3be-541331918e09: 196 datasets; 7.4 s; peak memory 1351 MiB.
2026-10-09T06:34:08Z INFO [684/750] 7cb3cadb-a4ff-4cd6-bfec-0c8832da5102: 58 datasets; 1.3 s; peak memory 1351 MiB.
2026-10-09T06:34:10Z INFO [685/750] 7cb3db05-f366-45f3-8e89-3985cd0087c4: 51 datasets; 1.8 s; peak memory 1351 MiB.
2026-10-09T06:34:24Z INFO [686/750] 7cb47900-7666-4d55-83b8-87351d67ad81: 1188 datasets; 14.0 s; peak memory 1351 MiB.
2026-10-09T06:34:26Z INFO [687/750] 7cb5dea1-27b2-4654-80d0-c97f75707733: 52 datasets; 1.6 s; peak memory 1351 MiB.
2026-10-09T06:34:28Z INFO [688/750] 7cb66065-26ac-444c-b507-19ba6c6bc53d: 110 datasets; 2.1 s; peak memory 1351 MiB.
2026-10-09T06:34:32Z INFO [689/750] 7cb67f4d-3488-4efb-82ff-c99665ec66f9: 50 datasets; 4.6 s; peak memory 1351 MiB.
2026-10-09T06:34:36Z INFO [690/750] 7cb72498-f780-44a6-8e55-8f400a5b8bff: 90 datasets; 3.2 s; peak memory 1351 MiB.
2026-10-09T06:34:37Z INFO [691/750] 7cb7b387-9aa3-4f46-af1c-9a5eff52716b: 31 datasets; 1.2 s; peak memory 1351 MiB.
2026-10-09T06:34:38Z INFO [692/750] 7cb82051-d009-4ae6-a583-ce8c9694808b: 46 datasets; 1.2 s; peak memory 1351 MiB.
2026-10-09T06:34:41Z INFO [693/750] 7cb8cbc8-c724-434e-b2bd-040187fe8a5f: 71 datasets; 2.4 s; peak memory 1351 MiB.
2026-10-09T06:34:50Z INFO [694/750] 7cb8ce7f-a2cf-49ba-bbf2-f51e86563733: 1206 datasets; 9.2 s; peak memory 1351 MiB.
2026-10-09T06:34:51Z INFO [695/750] 7cb9ba02-9ea4-4ced-a2d0-cafdfcc4470a: 52 datasets; 1.5 s; peak memory 1351 MiB.
2026-10-09T06:34:54Z INFO [696/750] 7cb9f0e3-096c-4de7-b861-cdafe10f0cb0: 71 datasets; 2.9 s; peak memory 1351 MiB.
2026-10-09T06:35:19Z INFO [697/750] 7cba80c5-de74-41c0-a565-9808160e31d0: 48 datasets; 25.0 s; peak memory 1351 MiB.
2026-10-09T06:35:21Z INFO [698/750] 7cbabb3f-4b0d-4ce6-8fe8-342a7efcf384: 66 datasets; 2.1 s; peak memory 1351 MiB.
2026-10-09T06:35:23Z INFO [699/750] 7cbad8c5-7185-4bb2-afba-2dac176d6d5b: 66 datasets; 2.0 s; peak memory 1351 MiB.
2026-10-09T06:35:25Z INFO [700/750] 7cbb154f-523d-498a-adeb-1918a321143e: 52 datasets; 1.7 s; peak memory 1351 MiB.
2026-10-09T06:35:25Z INFO [700/750] 7cbb154f-523d-498a-adeb-1918a321143e: checkpointed 107035 new records.
2026-10-09T06:35:27Z INFO [701/750] 7cbb4752-e17c-4ce8-8075-7f5b32623305: 118 datasets; 2.0 s; peak memory 1351 MiB.
2026-10-09T06:35:28Z INFO [702/750] 7cbc5945-3e66-4048-a967-a8404a5e657f: 56 datasets; 1.2 s; peak memory 1351 MiB.
2026-10-09T06:35:44Z INFO [703/750] 7cbd82ba-1574-4cbc-a75d-7ef668718340: 718 datasets; 15.4 s; peak memory 1351 MiB.
2026-10-09T06:36:45Z INFO [704/750] 7cbe5d46-7550-4dd1-b18e-e1ae3f9c0c59: 55 datasets; 61.2 s; peak memory 1351 MiB.
2026-10-09T06:36:46Z INFO [705/750] 7cbe60ab-7a69-43ff-b147-c4bc94cf10c1: 54 datasets; 1.2 s; peak memory 1351 MiB.
2026-10-09T06:36:48Z INFO [706/750] 7cbe6d5a-7200-47e4-b67f-c98b82073802: 116 datasets; 1.9 s; peak memory 1351 MiB.
2026-10-09T06:36:50Z INFO [707/750] 7cbf28e3-5829-482f-b024-930687fb21b7: 112 datasets; 1.9 s; peak memory 1351 MiB.
2026-10-09T06:37:00Z INFO [708/750] 7cbf5e83-79d3-4894-8305-6f09cef764c3: 234 datasets; 10.5 s; peak memory 1351 MiB.
2026-10-09T06:37:04Z INFO [709/750] 7cbf9da0-2887-44f7-acae-dd58ee67a404: 90 datasets; 3.4 s; peak memory 1351 MiB.
2026-10-09T06:37:06Z INFO [710/750] 7cbfe368-0867-4d39-8411-204978c41c24: 71 datasets; 2.6 s; peak memory 1351 MiB.
2026-10-09T06:37:08Z INFO [711/750] 7cc01b71-ac49-4f41-939a-cab12b773990: 110 datasets; 1.8 s; peak memory 1351 MiB.
2026-10-09T06:37:12Z INFO [712/750] 7cc07e91-8d5b-491e-bcfb-ee8ea6275f3d: 98 datasets; 4.0 s; peak memory 1351 MiB.
2026-10-09T06:37:14Z INFO [713/750] 7cc1ae34-4c4a-411e-b8a9-b9b5659a5683: 52 datasets; 1.5 s; peak memory 1351 MiB.
2026-10-09T06:37:21Z INFO [714/750] 7cc1b20e-6d00-4e19-a53e-b7e92f3a2a50: 610 datasets; 7.3 s; peak memory 1351 MiB.
2026-10-09T06:37:28Z INFO [715/750] 7cc1c7e2-4e77-4247-9a08-97227c74131c: 229 datasets; 6.7 s; peak memory 1351 MiB.
2026-10-09T06:37:34Z INFO [716/750] 7cc21069-92df-45cc-9770-03c6330b82f5: 544 datasets; 6.6 s; peak memory 1351 MiB.
2026-10-09T06:38:38Z INFO [717/750] 7cc35943-a9e7-4ebb-96aa-af8402b7d50e: 52 datasets; 63.4 s; peak memory 1351 MiB.
2026-10-09T06:38:40Z INFO [718/750] 7cc36e32-0183-44fd-a21d-02cf95000cef: 112 datasets; 2.1 s; peak memory 1351 MiB.
2026-10-09T06:38:46Z INFO [719/750] 7cc40407-bab1-4bc2-8a30-7ca5017c7396: 208 datasets; 6.7 s; peak memory 1351 MiB.
2026-10-09T06:38:48Z INFO [720/750] 7cc485a0-dae5-4804-96b8-5329ae7a44f2: 112 datasets; 2.0 s; peak memory 1351 MiB.
2026-10-09T06:38:50Z INFO [721/750] 7cc55ad3-43ec-4d39-b0c2-e593a4055ce2: 48 datasets; 1.5 s; peak memory 1351 MiB.
2026-10-09T06:38:52Z INFO [722/750] 7cc5b613-632c-4b14-9d2c-47a24de17fa5: 112 datasets; 1.9 s; peak memory 1351 MiB.
2026-10-09T06:38:54Z INFO [723/750] 7cc6ba1f-2534-4bca-8faf-9ec6981e38ac: 117 datasets; 2.0 s; peak memory 1351 MiB.
2026-10-09T06:38:55Z INFO [724/750] 7cc6ff07-c3d4-4bdf-a89f-cae43cf62189: 48 datasets; 1.4 s; peak memory 1351 MiB.
2026-10-09T06:38:57Z INFO [725/750] 7cc77588-20d9-4aaf-b6e0-55ea902d15e4: 118 datasets; 1.8 s; peak memory 1351 MiB.
2026-10-09T06:38:59Z INFO [726/750] 7cc7b7f0-cbf4-450b-82b0-8122cf95287b: 117 datasets; 1.7 s; peak memory 1351 MiB.
2026-10-09T06:39:44Z INFO [727/750] 7cc7d5ea-84d1-4a35-827b-7d12bce6478d: 52 datasets; 45.6 s; peak memory 1351 MiB.
2026-10-09T06:39:54Z INFO [728/750] 7cc7f231-7190-4a19-be17-8d5b7df859af: 106 datasets; 10.0 s; peak memory 1351 MiB.
2026-10-09T06:39:56Z INFO [729/750] 7cc85e58-42e2-476f-96e7-e0c76446dfc2: 118 datasets; 1.7 s; peak memory 1351 MiB.
2026-10-09T06:39:58Z INFO [730/750] 7cc890c3-2979-4a8d-8eba-6da6284d3a8c: 116 datasets; 1.7 s; peak memory 1351 MiB.
2026-10-09T06:40:00Z INFO [731/750] 7cc962b0-2be8-4eb0-9094-76c388e77e23: 69 datasets; 2.0 s; peak memory 1351 MiB.
2026-10-09T06:40:03Z INFO [732/750] 7cc98373-306b-4b17-b0d6-b6d4cb2365fe: 200 datasets; 3.6 s; peak memory 1351 MiB.
2026-10-09T06:40:05Z INFO [733/750] 7cca222f-7fd8-488f-a2c2-9d61b7f739d6: 121 datasets; 1.7 s; peak memory 1351 MiB.
2026-10-09T06:40:07Z INFO [734/750] 7ccb067c-6f58-4a1b-a4da-e4a7a274b79f: 116 datasets; 1.7 s; peak memory 1351 MiB.
2026-10-09T06:40:11Z INFO [735/750] 7ccb12fc-6543-49e0-89c2-5458383a36b4: 153 datasets; 4.0 s; peak memory 1351 MiB.
2026-10-09T06:40:13Z INFO [736/750] 7ccceb41-ad7b-4e29-aa12-c1aed64f68be: 112 datasets; 1.9 s; peak memory 1351 MiB.
2026-10-09T06:40:15Z INFO [737/750] 7ccd5273-3146-4b22-a1ac-4c3072e827d5: 66 datasets; 2.3 s; peak memory 1351 MiB.
2026-10-09T06:40:17Z INFO [738/750] 7ccd5ce5-f00d-4cb1-957c-9120e46cca7a: 48 datasets; 1.5 s; peak memory 1351 MiB.
2026-10-09T06:40:20Z INFO [739/750] 7ccd7374-69f1-42d5-bd03-96e06625c2ce: 119 datasets; 3.2 s; peak memory 1351 MiB.
2026-10-09T06:40:21Z INFO [740/750] 7ccda500-3bae-42bc-b6a0-1c6a5a554bb3: 48 datasets; 1.4 s; peak memory 1351 MiB.
2026-10-09T06:40:23Z INFO [741/750] 7ccef6bd-9274-4681-ae5b-196d191810ad: 112 datasets; 2.0 s; peak memory 1351 MiB.
2026-10-09T06:40:25Z INFO [742/750] 7ccf794c-1331-4f3d-9e55-dad588c399ec: 70 datasets; 2.0 s; peak memory 1351 MiB.
2026-10-09T06:45:13Z INFO [743/750] 7cd08c03-9afc-4c4a-884d-d8c6a59d48b5: 472 datasets; 288.0 s; peak memory 1351 MiB.
2026-10-09T06:45:15Z INFO [744/750] 7cd11ae3-ea8f-4348-8dbd-0c4c290cbcbc: 53 datasets; 1.4 s; peak memory 1351 MiB.
2026-10-09T06:45:16Z INFO [745/750] 7cd12462-718d-4ce8-a520-83f3f015aa3e: 90 datasets; 1.7 s; peak memory 1351 MiB.
2026-10-09T06:45:19Z INFO [746/750] 7cd136ab-e8ae-433d-85ba-4b75abc4b385: 118 datasets; 3.0 s; peak memory 1351 MiB.
2026-10-09T06:45:21Z INFO [747/750] 7cd1c1f8-f7ba-46d6-93b8-4c9da76f0274: 48 datasets; 1.5 s; peak memory 1351 MiB.
2026-10-09T06:45:22Z INFO [748/750] 7cd1e6a4-514e-4d4d-9430-58d150be045b: 48 datasets; 1.4 s; peak memory 1351 MiB.
2026-10-09T06:45:23Z INFO [749/750] 7cd265f1-9d67-4858-a56a-882942465c08: 39 datasets; 1.3 s; peak memory 1351 MiB.
2026-10-09T06:45:25Z INFO [750/750] 7cd36d6f-5653-46b4-a0a3-13ff4c8cbfff: 84 datasets; 1.9 s; peak memory 1351 MiB.
2026-10-09T06:45:26Z INFO [750/750] 7cd36d6f-5653-46b4-a0a3-13ff4c8cbfff: checkpointed 107085 new records.
2026-10-09T06:45:26Z INFO Wrote 107085 records to /tmp/derivatives/valid_nwb_file_to_number_of_datasets.jsonl (750 new, 0 failed) in 130.3 min (peak memory 1351 MiB).
