2026-09-18T10:59:43Z INFO Logging to /tmp/logs/update_2026-09-18T10-59-43Z.log.
2026-09-18T10:59:43Z INFO Update valid-nwb-file-to-number-of-datasets (base directory /tmp).
2026-09-18T10:59:43Z INFO Processing 496 items (49030 already recorded).
2026-09-18T10:59:45Z INFO [1/496] 0166c3fd-03f3-4920-9f20-93d081fa89e0: 65 datasets; 2.3 s; peak memory 100 MiB.
2026-09-18T10:59:47Z INFO [2/496] 046defd0-dbb8-457b-a5eb-e60e30a1d049: 117 datasets; 1.5 s; peak memory 102 MiB.
2026-09-18T10:59:49Z INFO [3/496] 046df025-b383-469a-90ff-c4acec8a784a: 119 datasets; 2.2 s; peak memory 104 MiB.
2026-09-18T10:59:56Z INFO [4/496] 046e0ea8-5c1b-4632-8842-c7cac94d914e: 49 datasets; 7.6 s; peak memory 111 MiB.
2026-09-18T11:00:03Z INFO [5/496] 046ecece-c894-4edc-b43e-37299722b80b: 537 datasets; 7.1 s; peak memory 115 MiB.
2026-09-18T11:00:05Z INFO [6/496] 046f843e-0774-4fe7-a760-27064084ecaa: 48 datasets; 1.2 s; peak memory 116 MiB.
2026-09-18T11:00:06Z INFO [7/496] 046fffa9-e562-45d0-a331-afbac46cc07f: 50 datasets; 0.9 s; peak memory 116 MiB.
2026-09-18T11:00:08Z INFO [8/496] 047193ad-8daa-4505-9cfa-2e087ff7a2ca: 39 datasets; 2.5 s; peak memory 116 MiB.
2026-09-18T11:00:09Z INFO [9/496] 0471977a-5bce-4767-b2ac-16a1afd4f5e4: 33 datasets; 1.3 s; peak memory 116 MiB.
2026-09-18T11:00:10Z INFO [10/496] 047202d6-1c10-4322-ba76-9b6ae7bfd474: 46 datasets; 1.1 s; peak memory 116 MiB.
2026-09-18T11:00:12Z INFO [11/496] 0473c9c9-b242-400f-9455-932c96eb282b: 69 datasets; 1.5 s; peak memory 116 MiB.
2026-09-18T11:00:14Z INFO [12/496] 0473e38d-b07c-4ef2-beb8-7295249ab280: 303 datasets; 1.8 s; peak memory 116 MiB.
2026-09-18T11:00:15Z INFO [13/496] 04743f1d-09ee-4803-ad25-60c270ec35af: 33 datasets; 1.6 s; peak memory 116 MiB.
2026-09-18T11:00:30Z INFO [14/496] 047501d0-0bf4-493c-a584-c59fa611ec03: 695 datasets; 14.7 s; peak memory 139 MiB.
2026-09-18T11:00:31Z INFO [15/496] 047505f8-d865-4dd4-b48f-f7c361eb710d: 116 datasets; 1.5 s; peak memory 139 MiB.
2026-09-18T11:00:33Z INFO [16/496] 0475981a-e900-4507-ac83-8675169629de: 116 datasets; 1.4 s; peak memory 139 MiB.
2026-09-18T11:00:34Z INFO [17/496] 0475de7c-6bb3-448e-bb5b-7d7f1f90c5ce: 116 datasets; 1.4 s; peak memory 140 MiB.
2026-09-18T11:00:44Z INFO [18/496] 0476103d-5f08-4e62-bb1c-6e290c1f4813: 59 datasets; 9.5 s; peak memory 140 MiB.
2026-09-18T11:00:47Z INFO [19/496] 04769b0c-853e-4151-83fd-8bfd73b2eb27: 115 datasets; 2.8 s; peak memory 140 MiB.
2026-09-18T11:00:48Z INFO [20/496] 0476a16d-fbaf-4f67-9df9-86d16aef8afd: 83 datasets; 1.4 s; peak memory 140 MiB.
2026-09-18T11:00:49Z INFO [21/496] 04783266-3686-4925-bd85-50f08ad669c0: 118 datasets; 1.4 s; peak memory 141 MiB.
2026-09-18T11:00:51Z INFO [22/496] 04787822-a180-4eae-b901-5084bd9855a9: 71 datasets; 1.8 s; peak memory 141 MiB.
2026-09-18T11:00:57Z INFO [23/496] 0479f0e7-b18e-4236-9310-d6c024ca7918: 225 datasets; 5.7 s; peak memory 141 MiB.
2026-09-18T11:01:14Z INFO [24/496] 047afd2d-e835-443f-b4b0-6d56093b20ec: 48 datasets; 16.8 s; peak memory 141 MiB.
2026-09-18T11:01:15Z INFO [25/496] 047b0d83-a02a-47c4-b9f3-0e9ca6310d01: 112 datasets; 1.6 s; peak memory 141 MiB.
2026-09-18T11:01:16Z INFO [26/496] 047cc7f6-1f04-4ebd-9d20-d514809b7236: 57 datasets; 0.9 s; peak memory 141 MiB.
2026-09-18T11:01:18Z INFO [27/496] 047eaa3f-c2b3-44f7-b1da-0bb52fd50e9b: 48 datasets; 1.2 s; peak memory 141 MiB.
2026-09-18T11:01:19Z INFO [28/496] 047f248d-d384-4820-b03d-feb822b9987b: 118 datasets; 1.6 s; peak memory 141 MiB.
2026-09-18T11:01:20Z INFO [29/496] 047f6664-4603-4423-b95d-0459db720858: 48 datasets; 1.2 s; peak memory 141 MiB.
2026-09-18T11:01:22Z INFO [30/496] 047ff700-ee41-4575-8649-9d08dbfc4503: 48 datasets; 1.2 s; peak memory 141 MiB.
2026-09-18T11:01:23Z INFO [31/496] 04801215-a396-4a10-8900-cce6801747f0: 117 datasets; 1.4 s; peak memory 141 MiB.
2026-09-18T11:01:24Z INFO [32/496] 048099f8-7c6f-4e7c-ba6a-7c42d1d932fd: 63 datasets; 1.0 s; peak memory 141 MiB.
2026-09-18T11:03:28Z INFO [33/496] 04809b71-d17f-43bb-aff3-995c7569c4c2: 413 datasets; 124.1 s; peak memory 277 MiB.
2026-09-18T11:03:29Z INFO [34/496] 0480f98d-478d-4c67-b8b4-aded4884c5f4: 117 datasets; 1.3 s; peak memory 277 MiB.
2026-09-18T11:03:33Z INFO [35/496] 04813a37-9826-4b95-85fa-a213a9109387: 184 datasets; 3.9 s; peak memory 277 MiB.
2026-09-18T11:03:34Z INFO [36/496] 048187a5-619f-4f3a-8d4a-d2e3ac3b1d07: 48 datasets; 1.2 s; peak memory 277 MiB.
2026-09-18T11:03:36Z INFO [37/496] 0482b28f-b695-4a51-9201-877e307222d7: 118 datasets; 1.5 s; peak memory 277 MiB.
2026-09-18T11:03:38Z INFO [38/496] 04836ffc-226a-46ec-abd0-cfbd48aa1624: 110 datasets; 1.9 s; peak memory 277 MiB.
2026-09-18T11:03:39Z INFO [39/496] 0483777a-bcf7-4cc6-8aa0-07cce35a91ab: 112 datasets; 1.6 s; peak memory 277 MiB.
2026-09-18T11:03:41Z INFO [40/496] 0483c42d-4b81-48c8-83f0-339f43c0f88b: 124 datasets; 1.6 s; peak memory 277 MiB.
2026-09-18T11:03:44Z INFO [41/496] 0483e052-e034-4239-af14-5134d51c31f3: 38 datasets; 2.8 s; peak memory 277 MiB.
2026-09-18T11:03:45Z INFO [42/496] 04847966-b005-4071-8999-ee8be1e9a8d5: 31 datasets; 0.9 s; peak memory 277 MiB.
2026-09-18T11:03:47Z INFO [43/496] 0484ac13-4a4d-416e-90cd-b68143ef644f: 112 datasets; 2.0 s; peak memory 277 MiB.
2026-09-18T11:03:52Z INFO [44/496] 0484bbb8-a786-4cab-afa5-aa546f06b9f5: 229 datasets; 5.4 s; peak memory 277 MiB.
2026-09-18T11:03:54Z INFO [45/496] 04852c54-b2e0-487c-a81a-73fc1e514e91: 112 datasets; 1.5 s; peak memory 277 MiB.
2026-09-18T11:04:06Z INFO [46/496] 04864bdf-bc56-4b83-9be9-a52af661dcc3: 898 datasets; 12.0 s; peak memory 277 MiB.
2026-09-18T11:04:21Z INFO [47/496] 0489ee6c-4457-4c23-be6d-ccdc3e2082dd: 1739 datasets; 15.0 s; peak memory 277 MiB.
2026-09-18T11:04:22Z INFO [48/496] 048a5dbb-a9c4-41a6-a357-229d9540f957: 48 datasets; 1.5 s; peak memory 277 MiB.
2026-09-18T11:04:23Z INFO [49/496] 048de6e6-5f4d-47a1-82ce-8e14d0b0618b: 52 datasets; 0.9 s; peak memory 277 MiB.
2026-09-18T11:04:24Z INFO [50/496] 048e4048-b0aa-46cd-91aa-2a179c8700f5: 45 datasets; 1.4 s; peak memory 277 MiB.
2026-09-18T11:04:25Z INFO [50/496] 048e4048-b0aa-46cd-91aa-2a179c8700f5: checkpointed 49080 records.
2026-09-18T11:04:26Z INFO [51/496] 048e8660-de6e-4887-8a13-d279751ff607: 70 datasets; 1.2 s; peak memory 277 MiB.
2026-09-18T11:04:27Z INFO [52/496] 048efcd2-176e-4a92-a5fe-145b323f3f6e: 112 datasets; 1.4 s; peak memory 277 MiB.
2026-09-18T11:04:29Z INFO [53/496] 048f1ac7-c8a6-4cac-8e9c-ff862ca6bf3a: 152 datasets; 2.2 s; peak memory 277 MiB.
2026-09-18T11:04:31Z INFO [54/496] 048ff4c5-dfac-4c6c-976c-6cd95e3a9c97: 48 datasets; 1.2 s; peak memory 277 MiB.
2026-09-18T11:04:45Z INFO [55/496] 048ffc3a-e63f-41ef-9e40-9614ee84810d: 1085 datasets; 14.6 s; peak memory 277 MiB.
2026-09-18T11:04:47Z INFO [56/496] 0491234a-08b7-4ab4-a56c-cd262d6fa616: 88 datasets; 2.1 s; peak memory 277 MiB.
2026-09-18T11:04:49Z INFO [57/496] 0491e1eb-1448-49da-aca8-c307bc37ca0e: 69 datasets; 1.4 s; peak memory 277 MiB.
2026-09-18T11:04:51Z INFO [58/496] 04930dff-5f1b-4049-9019-80c77557ae68: 112 datasets; 1.8 s; peak memory 277 MiB.
2026-09-18T11:04:52Z INFO [59/496] 04932298-ae0e-4371-879a-d69326817f47: 74 datasets; 1.4 s; peak memory 277 MiB.
2026-09-18T11:04:53Z INFO [60/496] 049338ab-f70e-45c4-9222-4397c4df4659: 117 datasets; 1.3 s; peak memory 277 MiB.
2026-09-18T11:04:55Z INFO [61/496] 04938132-dba6-4993-aa6f-f539b353b8d3: 39 datasets; 1.3 s; peak memory 277 MiB.
2026-09-18T11:04:56Z INFO [62/496] 0493f14e-53a2-432b-8372-8d9ee2a9d8ad: 110 datasets; 1.7 s; peak memory 277 MiB.
2026-09-18T11:04:58Z INFO [63/496] 04941698-8cbb-4cbe-a292-b0fa435fe096: 45 datasets; 1.5 s; peak memory 277 MiB.
2026-09-18T11:04:59Z INFO [64/496] 0494392a-cb4e-4e50-a54f-29ddf76ba336: 48 datasets; 1.2 s; peak memory 277 MiB.
2026-09-18T11:05:00Z INFO [65/496] 049477f3-6ccb-4c78-92e0-3c6dd4c5a587: 41 datasets; 1.1 s; peak memory 277 MiB.
2026-09-18T11:05:01Z INFO [66/496] 049483e4-6692-4eb3-b18e-f4588e781d6d: 38 datasets; 1.0 s; peak memory 277 MiB.
2026-09-18T11:05:08Z INFO [67/496] 0494b938-d58e-471d-8166-619236a82764: 538 datasets; 6.7 s; peak memory 277 MiB.
2026-09-18T11:05:09Z INFO [68/496] 04952fb1-e267-4b52-8f0b-193e33c8cffe: 48 datasets; 1.2 s; peak memory 277 MiB.
2026-09-18T11:05:10Z INFO [69/496] 04956cfb-2d83-440a-9ae4-ee0ef222115b: 52 datasets; 0.9 s; peak memory 277 MiB.
2026-09-18T11:05:12Z INFO [70/496] 0495a033-bd98-4fd3-b482-34777d70f300: 71 datasets; 2.5 s; peak memory 277 MiB.
2026-09-18T11:05:14Z INFO [71/496] 0495fcf4-5fe5-4fb7-939c-6de520f1829f: 52 datasets; 1.3 s; peak memory 277 MiB.
2026-09-18T11:05:15Z INFO [72/496] 04967863-4068-4458-af52-296169912001: 48 datasets; 1.2 s; peak memory 277 MiB.
2026-09-18T11:05:16Z INFO [73/496] 0496edd0-5496-4331-ba0c-09ef760f1601: 93 datasets; 1.7 s; peak memory 277 MiB.
2026-09-18T11:05:20Z INFO [74/496] 0497ba1e-4f2a-43f7-bbcb-b0ecd38fa55a: 156 datasets; 3.5 s; peak memory 277 MiB.
2026-09-18T11:05:23Z INFO [75/496] 04985a6e-18d6-45da-856b-3218c1573b4b: 156 datasets; 3.2 s; peak memory 277 MiB.
2026-09-18T11:05:36Z INFO [76/496] 0499369f-30f8-4606-9bb1-f8cc748e4c6e: 3454 datasets; 13.1 s; peak memory 277 MiB.
2026-09-18T11:05:38Z INFO [77/496] 04994aba-37f7-4eab-816b-d197ccd4fae8: 110 datasets; 1.5 s; peak memory 277 MiB.
2026-09-18T11:05:40Z INFO [78/496] 049a23cb-6566-4fc2-a7b7-77876cbcc832: 53 datasets; 2.2 s; peak memory 277 MiB.
2026-09-18T11:05:42Z INFO [79/496] 049addad-049a-47a3-a6f2-22aa33231c8a: 101 datasets; 1.8 s; peak memory 277 MiB.
2026-09-18T11:05:44Z INFO [80/496] 049ba9e8-5330-4544-8440-6afe3f7a272f: 110 datasets; 1.8 s; peak memory 277 MiB.
2026-09-18T11:05:45Z INFO [81/496] 049cccfb-8cc5-4803-a0a1-9844b5aa669d: 112 datasets; 1.7 s; peak memory 277 MiB.
2026-09-18T11:07:35Z INFO [82/496] 049d0531-29ef-47e6-88f7-6a6f9d698ec2: 449 datasets; 109.4 s; peak memory 290 MiB.
2026-09-18T11:07:41Z INFO [83/496] 049ebd25-e8ae-41c2-bd4f-0f3adbea6851: 200 datasets; 6.5 s; peak memory 290 MiB.
2026-09-18T11:07:42Z INFO [84/496] 04a0ebf9-e9a5-4c73-8dc7-a84113de2aa9: 46 datasets; 1.0 s; peak memory 290 MiB.
2026-09-18T11:11:04Z INFO [85/496] 04a11430-2282-47a2-b953-e5a21ee6cd5c: 273 datasets; 202.1 s; peak memory 406 MiB.
2026-09-18T11:11:08Z INFO [86/496] 04a12db4-f58b-4037-8773-609ae455ca5b: 156 datasets; 3.5 s; peak memory 406 MiB.
2026-09-18T11:11:09Z INFO [87/496] 04a1a764-8f16-44ba-b00c-2adc1d7dd26f: 48 datasets; 1.2 s; peak memory 406 MiB.
2026-09-18T11:11:10Z INFO [88/496] 04a23a7c-ccbb-4e0b-af0a-26acd53e8f93: 48 datasets; 1.2 s; peak memory 406 MiB.
2026-09-18T11:11:12Z INFO [89/496] 04a26e2c-3ec0-4fa7-a224-f9dfa0900d50: 118 datasets; 1.7 s; peak memory 406 MiB.
2026-09-18T11:12:57Z INFO [90/496] 04a2c7fe-5222-4691-9a24-f92f4d8fb320: 414 datasets; 104.9 s; peak memory 406 MiB.
2026-09-18T11:12:58Z INFO [91/496] 04a36723-13d6-4690-818d-95697c61589b: 46 datasets; 0.9 s; peak memory 406 MiB.
2026-09-18T11:12:59Z INFO [92/496] 04a36ef7-e745-4e09-9f09-f2d8b076c770: 48 datasets; 1.2 s; peak memory 406 MiB.
2026-09-18T11:13:00Z INFO [93/496] 04a41659-fa1e-4faf-937d-f4af03ae1376: 48 datasets; 1.2 s; peak memory 406 MiB.
2026-09-18T11:13:03Z INFO [94/496] 04a56c72-ad39-4ada-82e9-bde9bc6b7679: 117 datasets; 2.6 s; peak memory 406 MiB.
2026-09-18T11:13:05Z INFO [95/496] 04a5e048-eb8b-4434-b500-934bc3f09f5b: 85 datasets; 2.9 s; peak memory 406 MiB.
2026-09-18T11:13:08Z INFO [96/496] 04a5ea2d-45e1-4688-bab1-ef15e0d1fc5d: 110 datasets; 2.4 s; peak memory 406 MiB.
2026-09-18T11:13:10Z INFO [97/496] 04a5faa8-2958-47ea-83e9-9a61a71402ab: 117 datasets; 1.7 s; peak memory 406 MiB.
2026-09-18T11:13:11Z INFO [98/496] 04a6dbd4-140a-420f-8bae-4092026a4297: 50 datasets; 1.2 s; peak memory 406 MiB.
2026-09-18T11:13:12Z INFO [99/496] 04a884d5-5695-4e15-a6a9-c15e8294e334: 117 datasets; 1.3 s; peak memory 406 MiB.
2026-09-18T11:13:13Z INFO [100/496] 04a9b999-8364-4280-99c8-4feda2db2689: 46 datasets; 1.1 s; peak memory 406 MiB.
2026-09-18T11:13:13Z INFO [100/496] 04a9b999-8364-4280-99c8-4feda2db2689: checkpointed 49130 records.
2026-09-18T11:13:15Z INFO [101/496] 04aa28d7-a72e-406d-b7be-60f910771698: 62 datasets; 1.4 s; peak memory 406 MiB.
2026-09-18T11:13:17Z INFO [102/496] 04aa438b-4ce9-4c16-8200-295194b362ba: 118 datasets; 2.6 s; peak memory 406 MiB.
2026-09-18T11:13:26Z INFO [103/496] 04aab2f3-5e7a-46c0-8475-a40a6a057fc8: 56 datasets; 8.3 s; peak memory 406 MiB.
2026-09-18T11:13:31Z INFO [104/496] 04ab5bbf-d200-4027-8235-0f6238e6db92: 223 datasets; 5.6 s; peak memory 406 MiB.
2026-09-18T11:13:34Z INFO [105/496] 04ab6a43-aff1-4fe1-9647-aea5fe556bde: 38 datasets; 2.5 s; peak memory 406 MiB.
2026-09-18T11:13:35Z INFO [106/496] 04ac04e6-303c-4a04-886d-d0539e432228: 303 datasets; 1.7 s; peak memory 406 MiB.
2026-09-18T11:13:36Z INFO [107/496] 04ad4867-c26e-4300-99a8-cf775a96074f: 48 datasets; 1.1 s; peak memory 406 MiB.
2026-09-18T11:13:38Z INFO [108/496] 04ad613d-3c78-4b3d-8de2-53aa9f2a5133: 48 datasets; 1.2 s; peak memory 406 MiB.
2026-09-18T11:13:39Z INFO [109/496] 04ae398a-4477-4c10-a7fd-f3cf13d5b632: 112 datasets; 1.8 s; peak memory 406 MiB.
2026-09-18T11:13:41Z INFO [110/496] 04ae815e-f3e7-40e4-b79d-e03a2bff86db: 66 datasets; 1.7 s; peak memory 406 MiB.
2026-09-18T11:13:43Z INFO [111/496] 04b06fa3-ee62-4990-8945-2a8bda0552c4: 132 datasets; 2.3 s; peak memory 406 MiB.
2026-09-18T11:13:45Z INFO [112/496] 04b16d63-c704-4e4e-a267-cf507bff60cf: 116 datasets; 1.3 s; peak memory 406 MiB.
2026-09-18T11:14:02Z INFO [113/496] 04b1c815-e1bc-41e8-b297-1464cdf52407: 48 datasets; 17.5 s; peak memory 406 MiB.
2026-09-18T11:14:05Z INFO [114/496] 04b26644-5c62-4615-a4f3-6925c332be11: 119 datasets; 2.3 s; peak memory 406 MiB.
2026-09-18T11:14:07Z INFO [115/496] 04b266b5-528d-4eb8-9d63-008adcbd81ae: 101 datasets; 2.1 s; peak memory 406 MiB.
2026-09-18T11:14:08Z INFO [116/496] 04b2da74-bb11-488e-a0bb-37672b38c199: 52 datasets; 1.0 s; peak memory 406 MiB.
2026-09-18T11:14:09Z INFO [117/496] 04b2f716-0e24-4aae-987d-967bdfaa09ab: 69 datasets; 1.6 s; peak memory 406 MiB.
2026-09-18T11:14:10Z INFO [118/496] 04b34ab5-e052-4bc3-97f8-5d956578c576: 48 datasets; 1.2 s; peak memory 406 MiB.
2026-09-18T11:14:12Z INFO [119/496] 04b46447-3c27-4b1d-9f16-09da6932fbe7: 118 datasets; 1.6 s; peak memory 406 MiB.
2026-09-18T11:14:13Z INFO [120/496] 04b57191-d0fd-4692-a9c0-8d1ee3652f66: 116 datasets; 1.4 s; peak memory 406 MiB.
2026-09-18T11:14:19Z INFO [121/496] 04b581eb-0ad7-4f9a-8283-a3455367f83c: 446 datasets; 5.3 s; peak memory 406 MiB.
2026-09-18T11:14:20Z INFO [122/496] 04b60a86-3ff8-48f0-a77d-f88c36eceeb4: 62 datasets; 1.5 s; peak memory 406 MiB.
2026-09-18T11:14:34Z INFO [123/496] 04b6f7fd-5c5f-4c4b-b274-789fb97d321d: 627 datasets; 14.1 s; peak memory 406 MiB.
2026-09-18T11:14:50Z INFO [124/496] 04b75f8c-8408-434b-84a4-463257141e4c: 663 datasets; 15.5 s; peak memory 406 MiB.
2026-09-18T11:14:51Z INFO [125/496] 04b7cf3b-c18b-43df-a0e6-e3e7cc791aea: 46 datasets; 1.1 s; peak memory 406 MiB.
2026-09-18T11:14:53Z INFO [126/496] 04b91b84-bd6c-4180-825d-107e795031cc: 66 datasets; 1.7 s; peak memory 406 MiB.
2026-09-18T11:15:00Z INFO [127/496] 04b93355-d721-4440-8542-339579fdb827: 254 datasets; 7.1 s; peak memory 406 MiB.
2026-09-18T11:15:02Z INFO [128/496] 04ba01a2-879e-406b-94af-614aeb1096f6: 112 datasets; 2.1 s; peak memory 406 MiB.
2026-09-18T11:15:16Z INFO [129/496] 04ba6299-80c9-4ad4-9a10-a40a10c2c3e3: 1067 datasets; 14.0 s; peak memory 406 MiB.
2026-09-18T11:15:17Z INFO [130/496] 04ba97ae-796a-43bc-997e-b3acbe8a24ff: 68 datasets; 1.5 s; peak memory 406 MiB.
2026-09-18T11:15:19Z INFO [131/496] 04bb20f8-d2c1-4670-8466-7bb2d5d2c9b0: 118 datasets; 1.4 s; peak memory 406 MiB.
2026-09-18T11:15:21Z INFO [132/496] 04bbfbc8-a688-4460-a7fe-e21414f621fd: 112 datasets; 2.4 s; peak memory 406 MiB.
2026-09-18T11:15:46Z INFO [133/496] 04bd51d2-c127-4422-b6df-75c95498f7d6: 1286 datasets; 24.4 s; peak memory 406 MiB.
2026-09-18T11:15:47Z INFO [134/496] 04bea271-a43a-4e75-a3a9-6e1363ac9868: 118 datasets; 1.6 s; peak memory 406 MiB.
2026-09-18T11:16:03Z INFO [135/496] 04bf3571-7c36-41c4-8905-dd6a7ee3d403: 277 datasets; 15.8 s; peak memory 406 MiB.
2026-09-18T11:16:04Z INFO [136/496] 04bf62f9-7c2f-4359-918c-b643f579dd1a: 46 datasets; 1.1 s; peak memory 406 MiB.
2026-09-18T11:16:05Z INFO [137/496] 04bf6640-086a-4544-8fd3-d1f203a2de9a: 56 datasets; 1.0 s; peak memory 406 MiB.
2026-09-18T11:16:18Z INFO [138/496] 04bfd946-cac3-4c5b-841e-0b13bf57d0ad: 926 datasets; 12.7 s; peak memory 406 MiB.
2026-09-18T11:16:33Z INFO [139/496] 04c13ec4-37ce-4764-a066-c912353d4e54: 603 datasets; 15.7 s; peak memory 406 MiB.
2026-09-18T11:16:41Z INFO [140/496] 04c1d581-4645-4033-9257-7346bc321c1a: 82 datasets; 8.1 s; peak memory 406 MiB.
2026-09-18T11:16:43Z INFO [141/496] 04c30374-3e71-47e8-9eb3-d00fa139982e: 68 datasets; 1.6 s; peak memory 406 MiB.
2026-09-18T11:16:51Z INFO [142/496] 04c5801e-e982-4d6e-8739-74d2fa98888f: 573 datasets; 7.6 s; peak memory 406 MiB.
2026-09-18T11:16:52Z INFO [143/496] 04c5da28-3562-46fb-95bb-cabcca6c0f58: 112 datasets; 1.8 s; peak memory 406 MiB.
2026-09-18T11:16:53Z INFO [144/496] 04c6ec16-a785-43c7-bc16-3c5329ac9897: 46 datasets; 0.9 s; peak memory 406 MiB.
2026-09-18T11:16:55Z INFO [145/496] 04c78985-f9e6-4abf-a650-889cbdf351b5: 48 datasets; 1.3 s; peak memory 406 MiB.
2026-09-18T11:16:59Z INFO [146/496] 04c7ec52-6dfb-49eb-9ae1-081ad7953da5: 101 datasets; 4.8 s; peak memory 406 MiB.
2026-09-18T11:17:01Z INFO [147/496] 04c854fc-33f9-4917-80d8-3f6758c2f63b: 52 datasets; 1.2 s; peak memory 406 MiB.
2026-09-18T11:17:02Z INFO [148/496] 04c88410-5fec-4025-86a6-dd222af2e55f: 46 datasets; 1.0 s; peak memory 406 MiB.
2026-09-18T11:17:04Z INFO [149/496] 04c93ef1-dd65-4f47-abe7-f7e89b41c220: 112 datasets; 1.9 s; peak memory 406 MiB.
2026-09-18T11:17:19Z INFO [150/496] 04c9d35e-0ff3-4b6a-813f-0fef8ecbe166: 1406 datasets; 16.0 s; peak memory 406 MiB.
2026-09-18T11:17:20Z INFO [150/496] 04c9d35e-0ff3-4b6a-813f-0fef8ecbe166: checkpointed 49180 records.
2026-09-18T11:17:21Z INFO [151/496] 04ca3d57-3436-4d27-b5ec-b063b2155aae: 48 datasets; 1.2 s; peak memory 406 MiB.
2026-09-18T11:17:22Z INFO [152/496] 04cab266-f3a2-4cbf-93eb-235d8168a081: 109 datasets; 1.5 s; peak memory 406 MiB.
2026-09-18T11:17:32Z INFO [153/496] 04cbdb1e-c710-40ae-856b-8ae7c9143661: 339 datasets; 9.5 s; peak memory 406 MiB.
2026-09-18T11:17:33Z INFO [154/496] 04cc2c4d-23c5-4753-b34f-3a0febdf5c10: 39 datasets; 1.0 s; peak memory 406 MiB.
2026-09-18T11:17:34Z INFO [155/496] 04cc45ae-b3bc-4153-a6ba-c6252b53c9a7: 46 datasets; 1.3 s; peak memory 406 MiB.
2026-09-18T11:17:38Z INFO [156/496] 04ccb402-e377-481a-826e-37a38f10b697: 153 datasets; 3.3 s; peak memory 406 MiB.
2026-09-18T11:17:39Z INFO [157/496] 04ccfb7b-9f3e-4c4b-bf22-e31b0bcd4fce: 48 datasets; 1.2 s; peak memory 406 MiB.
2026-09-18T11:17:45Z INFO [158/496] 04ce4583-71ce-4db0-9f1c-ca33d2d34e6a: 229 datasets; 6.6 s; peak memory 406 MiB.
2026-09-18T11:17:47Z INFO [159/496] 04ce85e8-335d-4e23-9e17-7988d05dccac: 49 datasets; 1.3 s; peak memory 406 MiB.
2026-09-18T11:17:50Z INFO [160/496] 04ceb4f1-455f-4326-a65c-1969cba58533: 157 datasets; 3.0 s; peak memory 406 MiB.
2026-09-18T11:17:57Z INFO [161/496] 04cf9c6e-1b43-4b41-b13a-78b6f3291b25: 56 datasets; 7.8 s; peak memory 406 MiB.
2026-09-18T11:17:59Z INFO [162/496] 04cfcee1-25bc-487b-aa97-c58435632eaa: 48 datasets; 1.2 s; peak memory 406 MiB.
2026-09-18T11:18:04Z INFO [163/496] 04cff2cf-1bc2-4979-b725-03b30ccafe5b: 223 datasets; 5.4 s; peak memory 406 MiB.
2026-09-18T11:18:37Z INFO [164/496] 04d15b81-ffdf-40a1-8d14-c2c727393219: 4328 datasets; 32.6 s; peak memory 406 MiB.
2026-09-18T11:18:38Z INFO [165/496] 04d37eca-c836-49d0-9384-697a7a78adc7: 116 datasets; 1.3 s; peak memory 406 MiB.
2026-09-18T11:18:39Z INFO [166/496] 04d381be-2b99-47e2-bbc5-ccf589079750: 48 datasets; 1.2 s; peak memory 406 MiB.
2026-09-18T11:18:41Z INFO [167/496] 04d3cd83-6508-47d3-8f0d-a19c87827f81: 65 datasets; 1.6 s; peak memory 406 MiB.
2026-09-18T11:18:42Z INFO [168/496] 04d84bb5-c2ae-4171-b16c-a037108f9860: 38 datasets; 1.1 s; peak memory 406 MiB.
2026-09-18T11:22:03Z INFO [169/496] 04d89014-425a-4f6e-8dfa-0081a882e9ce: 292 datasets; 200.8 s; peak memory 406 MiB.
2026-09-18T11:22:05Z INFO [170/496] 04d897bc-85b7-430d-9b61-9f917bc1c12d: 98 datasets; 2.7 s; peak memory 406 MiB.
2026-09-18T11:22:07Z INFO [171/496] 04d8ca1b-d1a8-4b60-b9ab-f38c774f3fe4: 112 datasets; 1.7 s; peak memory 406 MiB.
2026-09-18T11:22:09Z INFO [172/496] 04d8f136-6cac-420b-b929-52bf8d350972: 112 datasets; 1.9 s; peak memory 406 MiB.
2026-09-18T11:22:15Z INFO [173/496] 04da2b67-547e-4b74-971f-a1ce4a0f4f52: 229 datasets; 6.4 s; peak memory 406 MiB.
2026-09-18T11:22:17Z INFO [174/496] 04daa83f-5811-4ecf-a29d-ff9dd8157394: 112 datasets; 1.3 s; peak memory 406 MiB.
2026-09-18T11:22:19Z INFO [175/496] 04daef77-1e02-453a-826d-73cf10415ecc: 59 datasets; 1.8 s; peak memory 406 MiB.
2026-09-18T11:22:30Z INFO [176/496] 04db3464-54d3-40bc-8e8e-6add83e7af02: 108 datasets; 11.2 s; peak memory 406 MiB.
2026-09-18T11:22:32Z INFO [177/496] 04dbafa1-9d99-477a-81c7-9d50cbbcacb9: 112 datasets; 2.0 s; peak memory 406 MiB.
2026-09-18T11:22:33Z INFO [178/496] 04dc43e5-fb1b-4888-bcd2-b5f1d6a65af2: 41 datasets; 1.1 s; peak memory 406 MiB.
2026-09-18T11:22:34Z INFO [179/496] 04dc888b-f7ca-4a43-88f0-00fa3478c249: 118 datasets; 1.4 s; peak memory 406 MiB.
2026-09-18T11:22:36Z INFO [180/496] 04dd1a97-e6a2-4aa0-a746-15fe52c95607: 112 datasets; 1.6 s; peak memory 406 MiB.
2026-09-18T11:22:42Z INFO [181/496] 04ddfe52-99f4-45e0-9feb-3abac4db59dc: 223 datasets; 6.2 s; peak memory 406 MiB.
2026-09-18T11:22:43Z INFO [182/496] 04e0ec7f-51f4-44ce-baff-893a69a0ce47: 48 datasets; 1.2 s; peak memory 406 MiB.
2026-09-18T11:22:44Z INFO [183/496] 04e19bcb-be0a-4790-8e0f-400c521fe08e: 48 datasets; 1.2 s; peak memory 406 MiB.
2026-09-18T11:22:45Z INFO [184/496] 04e24594-3c4c-449f-90ba-e9d32e652c3d: 46 datasets; 1.0 s; peak memory 406 MiB.
2026-09-18T11:22:51Z INFO [185/496] 04e2ccde-7401-4e56-acb6-e3be4abf9a9b: 193 datasets; 5.9 s; peak memory 406 MiB.
2026-09-18T11:22:54Z INFO [186/496] 04e51693-c77c-4308-a859-2078518513cb: 138 datasets; 3.1 s; peak memory 406 MiB.
2026-09-18T11:22:56Z INFO [187/496] 04e537fd-635a-4d1c-85c2-6ce86ebe8e6b: 48 datasets; 1.1 s; peak memory 406 MiB.
2026-09-18T11:22:57Z INFO [188/496] 04e58eae-80cc-4866-9894-d577f33053a5: 117 datasets; 1.5 s; peak memory 406 MiB.
2026-09-18T11:22:58Z INFO [189/496] 04e5a990-9c34-4151-b430-2d9529cdc31c: 48 datasets; 1.2 s; peak memory 406 MiB.
2026-09-18T11:23:01Z INFO [190/496] 04e6692a-f8ae-4205-9b25-88979f89798e: 230 datasets; 2.2 s; peak memory 406 MiB.
2026-09-18T11:23:04Z INFO [191/496] 04e6d7ac-ca1b-464f-8957-c56fc83e2251: 156 datasets; 3.3 s; peak memory 406 MiB.
2026-09-18T11:23:06Z INFO [192/496] 04e6e187-cd74-46b9-bac6-5e26a08e226e: 112 datasets; 2.3 s; peak memory 406 MiB.
2026-09-18T11:23:07Z INFO [193/496] 04e74583-9aa0-4fff-9189-0859a6150d77: 48 datasets; 1.2 s; peak memory 406 MiB.
2026-09-18T11:23:09Z INFO [194/496] 04e7db75-acab-4c26-a3dd-a71c77444991: 69 datasets; 1.9 s; peak memory 406 MiB.
2026-09-18T11:23:11Z INFO [195/496] 04e7f16a-6af4-40a0-8ed8-b46396f16fee: 101 datasets; 2.0 s; peak memory 406 MiB.
2026-09-18T11:23:12Z INFO [196/496] 04e80725-9f9a-4cf9-9a39-98449bf71d5f: 48 datasets; 1.2 s; peak memory 406 MiB.
2026-09-18T11:23:13Z INFO [197/496] 04e836d2-cd54-4065-9e05-5cf7b738d6ef: 35 datasets; 0.9 s; peak memory 406 MiB.
2026-09-18T11:23:15Z INFO [198/496] 04ea2377-ec13-4b2f-ad22-5ab4443f0c37: 48 datasets; 1.2 s; peak memory 406 MiB.
2026-09-18T11:23:16Z INFO [199/496] 04ea2caa-60ab-405c-a66e-34113f1e3d7c: 46 datasets; 1.5 s; peak memory 406 MiB.
2026-09-18T11:23:17Z INFO [200/496] 04eaf3d4-d242-45b6-94fe-a0832889eb03: 46 datasets; 1.2 s; peak memory 406 MiB.
2026-09-18T11:23:17Z INFO [200/496] 04eaf3d4-d242-45b6-94fe-a0832889eb03: checkpointed 49230 records.
2026-09-18T11:23:23Z INFO [201/496] 04eb25f0-0e94-43b9-8a8e-c613b37f5ef7: 369 datasets; 5.2 s; peak memory 406 MiB.
2026-09-18T11:23:35Z INFO [202/496] 04ebca63-0d09-481c-8472-e583372cede8: 97 datasets; 12.6 s; peak memory 406 MiB.
2026-09-18T11:23:47Z INFO [203/496] 04ec7731-2d22-46c7-8b54-ade4cf81fa5b: 678 datasets; 11.8 s; peak memory 406 MiB.
2026-09-18T11:23:50Z INFO [204/496] 04ecc08f-4e3e-4b51-8d22-076b0977a190: 154 datasets; 2.9 s; peak memory 406 MiB.
2026-09-18T11:23:52Z INFO [205/496] 04ed14e5-e1b3-4d2a-a588-97c22c07f48b: 115 datasets; 1.7 s; peak memory 406 MiB.
2026-09-18T11:23:53Z INFO [206/496] 04ed34f6-8bd8-4518-93ac-a2760da8a530: 66 datasets; 1.7 s; peak memory 406 MiB.
2026-09-18T11:23:56Z INFO [207/496] 04ed57cb-260f-450c-8d7c-98ad421799ec: 119 datasets; 2.7 s; peak memory 406 MiB.
2026-09-18T11:23:58Z INFO [208/496] 04f100c5-7e1f-49de-b8c2-34821e174a74: 66 datasets; 1.9 s; peak memory 406 MiB.
2026-09-18T11:23:59Z INFO [209/496] 04f1dd03-5427-4964-be2e-a537f4ce2e50: 48 datasets; 1.3 s; peak memory 406 MiB.
2026-09-18T11:24:01Z INFO [210/496] 04f20083-d3b1-43ee-8624-4f3e91460ef3: 84 datasets; 1.4 s; peak memory 406 MiB.
2026-09-18T11:24:13Z INFO [211/496] 04f2d532-29f8-40db-8cd9-d97be248cbbe: 420 datasets; 12.3 s; peak memory 406 MiB.
2026-09-18T11:24:18Z INFO [212/496] 04f3b474-cbe3-466b-a02b-9c690c79a378: 223 datasets; 5.4 s; peak memory 406 MiB.
2026-09-18T11:24:20Z INFO [213/496] 04f3f0a9-5799-4439-94e1-9f9e309da750: 62 datasets; 1.5 s; peak memory 406 MiB.
2026-09-18T11:24:23Z INFO [214/496] 04f58417-ecca-411f-be13-d9bb4b372b08: 112 datasets; 2.8 s; peak memory 406 MiB.
2026-09-18T11:25:04Z INFO [215/496] 04f69532-62d9-4aba-b999-8c137390cebf: 4553 datasets; 41.6 s; peak memory 406 MiB.
2026-09-18T11:25:12Z INFO [216/496] 04f71112-ab4b-47ea-967b-a5cc48c4592b: 545 datasets; 8.2 s; peak memory 406 MiB.
2026-09-18T11:25:13Z INFO [217/496] 04f86dbe-6d4b-4d58-ac58-67ef2e4ddf5e: 46 datasets; 1.1 s; peak memory 406 MiB.
2026-09-18T11:25:15Z INFO [218/496] 04f8dbcd-b240-44bf-ab0e-b25f67894097: 110 datasets; 1.5 s; peak memory 406 MiB.
2026-09-18T11:25:18Z INFO [219/496] 04f94ce4-97e9-4fb7-a052-92a966da56df: 90 datasets; 3.3 s; peak memory 406 MiB.
2026-09-18T11:25:19Z INFO [220/496] 04fae1e9-fa34-4349-a804-6d95cde357f8: 51 datasets; 0.9 s; peak memory 406 MiB.
2026-09-18T11:25:21Z INFO [221/496] 04fcac86-918f-46bb-9785-c084492c8b9a: 117 datasets; 1.5 s; peak memory 406 MiB.
2026-09-18T11:25:24Z INFO [222/496] 04fcdaae-3990-4615-964c-8ad64ea53bd7: 85 datasets; 3.3 s; peak memory 406 MiB.
2026-09-18T11:25:36Z INFO [223/496] 04fd136b-7222-43e3-9408-d79538e49dee: 555 datasets; 11.9 s; peak memory 406 MiB.
2026-09-18T11:25:37Z INFO [224/496] 04fd40ac-9429-4f02-b5ba-8377635db041: 45 datasets; 0.9 s; peak memory 406 MiB.
2026-09-18T11:25:38Z INFO [225/496] 04fdcc00-e766-4545-b320-721dab9c989e: 48 datasets; 1.2 s; peak memory 406 MiB.
2026-09-18T11:25:47Z INFO [226/496] 04ff3d1c-0fbb-4356-a9d0-9252fa79d01d: 965 datasets; 9.1 s; peak memory 406 MiB.
2026-09-18T11:25:48Z INFO [227/496] 04ffae92-785b-4aa6-a26c-c0287e4caf0a: 50 datasets; 1.2 s; peak memory 406 MiB.
2026-09-18T11:26:02Z INFO [228/496] 04fffa38-3b37-4d6c-8de3-368840f7225e: 977 datasets; 14.0 s; peak memory 406 MiB.
2026-09-18T11:26:04Z INFO [229/496] 05001f92-0085-4e4d-b830-f234acd3e73d: 48 datasets; 1.2 s; peak memory 406 MiB.
2026-09-18T11:26:06Z INFO [230/496] 05017956-2108-4fc4-a405-c20d9d883c45: 98 datasets; 2.7 s; peak memory 406 MiB.
2026-09-18T11:26:16Z INFO [231/496] 0501e906-c202-47b3-ba7c-1df97a77b2f7: 371 datasets; 9.4 s; peak memory 406 MiB.
2026-09-18T11:26:25Z INFO [232/496] 050267a9-8330-4f28-8a17-8db7aba456f0: 1053 datasets; 9.2 s; peak memory 406 MiB.
2026-09-18T11:26:27Z INFO [233/496] 05028253-7a54-4b0b-ab59-2c8fe0fa6ea6: 101 datasets; 2.3 s; peak memory 406 MiB.
2026-09-18T11:26:29Z INFO [234/496] 0504e10e-b038-4802-81d2-6a3d67718b59: 66 datasets; 1.6 s; peak memory 406 MiB.
2026-09-18T11:26:30Z INFO [235/496] 0504ef12-4cb6-4ca1-8937-6469866a042b: 48 datasets; 1.1 s; peak memory 406 MiB.
2026-09-18T11:26:31Z INFO [236/496] 050550e1-a831-45dd-a977-33bf756d994c: 56 datasets; 1.0 s; peak memory 406 MiB.
2026-09-18T11:26:32Z INFO [237/496] 0505bd3b-63c8-4008-a5d3-288a3e74ba7e: 48 datasets; 1.2 s; peak memory 406 MiB.
2026-09-18T11:26:33Z INFO [238/496] 0507d609-cc26-46ea-a674-ce2ad35cafae: 48 datasets; 1.1 s; peak memory 406 MiB.
2026-09-18T11:26:36Z INFO [239/496] 0507d7b0-0ec2-4525-9470-6aaa87d8fdcf: 80 datasets; 3.0 s; peak memory 406 MiB.
2026-09-18T11:26:37Z INFO [240/496] 0507e94a-1459-44cf-b181-5e1afe3d5f66: 48 datasets; 1.2 s; peak memory 406 MiB.
2026-09-18T11:26:38Z INFO [241/496] 05081903-4c28-4e19-b2b6-46adebe3e3c0: 48 datasets; 1.2 s; peak memory 406 MiB.
2026-09-18T11:26:40Z INFO [242/496] 05089a79-0ec8-43ef-919d-538b8cd985a7: 117 datasets; 1.4 s; peak memory 406 MiB.
2026-09-18T11:26:42Z INFO [243/496] 050b4e2d-c483-42e1-a84d-14373380562b: 118 datasets; 2.6 s; peak memory 406 MiB.
2026-09-18T11:26:44Z INFO [244/496] 050d2356-e146-46ef-8023-d24420dcdf12: 52 datasets; 1.5 s; peak memory 406 MiB.
2026-09-18T11:26:47Z INFO [245/496] 050d4416-08a1-493e-b091-0220b46540f3: 165 datasets; 2.9 s; peak memory 406 MiB.
2026-09-18T11:26:48Z INFO [246/496] 050e0508-e634-4dc7-9102-6121039a88e8: 118 datasets; 1.8 s; peak memory 406 MiB.
2026-09-18T11:26:56Z INFO [247/496] 050ffb22-b1fe-4110-9e76-62595555d2c9: 56 datasets; 8.0 s; peak memory 406 MiB.
2026-09-18T11:26:57Z INFO [248/496] 0510ea5f-8bb1-4ddb-baf5-53a9fd0b0334: 48 datasets; 1.2 s; peak memory 406 MiB.
2026-09-18T11:26:59Z INFO [249/496] 051256ac-2622-449f-9625-7ea4d684349a: 48 datasets; 1.2 s; peak memory 406 MiB.
2026-09-18T11:27:00Z INFO [250/496] 051288c6-590a-490b-9061-2764eb5a4189: 118 datasets; 1.6 s; peak memory 406 MiB.
2026-09-18T11:27:00Z INFO [250/496] 051288c6-590a-490b-9061-2764eb5a4189: checkpointed 49280 records.
2026-09-18T11:27:02Z INFO [251/496] 0512e21a-5458-4206-92d4-2ce31622622a: 48 datasets; 1.2 s; peak memory 406 MiB.
2026-09-18T11:27:03Z INFO [252/496] 0513128f-8da9-4fda-9bf1-09e551d2f532: 48 datasets; 1.2 s; peak memory 406 MiB.
2026-09-18T11:27:04Z INFO [253/496] 05136dcf-557a-409d-96db-5a4e20291b1f: 55 datasets; 0.9 s; peak memory 406 MiB.
2026-09-18T11:29:08Z INFO [254/496] 0513c38a-3eee-4553-9e27-a50af4138ff9: 413 datasets; 123.9 s; peak memory 406 MiB.
2026-09-18T11:29:26Z INFO [255/496] 0513cce0-d56c-4434-a831-fd84da3fad73: 48 datasets; 17.9 s; peak memory 406 MiB.
2026-09-18T11:29:31Z INFO [256/496] 05144f3c-8f2b-46ea-9543-eb29dd13be94: 229 datasets; 5.7 s; peak memory 406 MiB.
2026-09-18T11:29:33Z INFO [257/496] 0514f007-a890-4e83-b0a5-69b9de319ac3: 66 datasets; 1.6 s; peak memory 406 MiB.
2026-09-18T11:29:46Z INFO [258/496] 05156443-e952-4f78-95d6-1234cbc9d0a8: 851 datasets; 13.5 s; peak memory 406 MiB.
2026-09-18T11:29:48Z INFO [259/496] 0515698a-ba7f-491c-b7a4-36ac259a247d: 118 datasets; 1.4 s; peak memory 406 MiB.
2026-09-18T11:29:50Z INFO [260/496] 05163ed0-c6f2-4e21-8c86-2ce72651b103: 38 datasets; 2.5 s; peak memory 406 MiB.
2026-09-18T11:29:52Z INFO [261/496] 05164ea7-da9f-455b-a82c-7a922938d2d8: 118 datasets; 1.6 s; peak memory 406 MiB.
2026-09-18T11:29:53Z INFO [262/496] 05179b9d-5a97-4eb5-9768-964b0b8a9d07: 42 datasets; 1.5 s; peak memory 406 MiB.
2026-09-18T11:29:54Z INFO [263/496] 0517c7a3-d041-42a4-bf0e-404aae292ed2: 37 datasets; 0.9 s; peak memory 406 MiB.
2026-09-18T11:29:56Z INFO [264/496] 0517e2a4-3fef-4792-9028-167e59d43fa4: 46 datasets; 1.3 s; peak memory 406 MiB.
2026-09-18T11:29:57Z INFO [265/496] 0518061f-53eb-4891-ad0b-fabfbc05c9ce: 48 datasets; 1.1 s; peak memory 406 MiB.
2026-09-18T11:29:58Z INFO [266/496] 05183659-fd91-448a-8c5b-2ed920235cf7: 48 datasets; 1.2 s; peak memory 406 MiB.
2026-09-18T11:29:59Z INFO [267/496] 0518f1f4-df62-4a59-8738-41ec0836899e: 46 datasets; 0.9 s; peak memory 406 MiB.
2026-09-18T11:30:00Z INFO [268/496] 051987e9-a292-42ab-964b-f0fcfb10ca3a: 112 datasets; 1.5 s; peak memory 406 MiB.
2026-09-18T11:30:02Z INFO [269/496] 051a1b67-2995-4226-94c1-cf4715884f40: 71 datasets; 2.1 s; peak memory 406 MiB.
2026-09-18T11:30:11Z INFO [270/496] 051a509c-49ff-4665-9275-e9e260e17c10: 781 datasets; 8.8 s; peak memory 406 MiB.
2026-09-18T11:30:12Z INFO [271/496] 051b1694-3d04-4e5b-8ce4-c62accf072a3: 48 datasets; 1.2 s; peak memory 406 MiB.
2026-09-18T11:30:14Z INFO [272/496] 051b1705-46eb-412c-980a-e99eaa22225d: 48 datasets; 1.1 s; peak memory 406 MiB.
2026-09-18T11:30:17Z INFO [273/496] 051cc117-2547-4be4-84c3-475570ca9fd2: 80 datasets; 3.0 s; peak memory 406 MiB.
2026-09-18T11:30:18Z INFO [274/496] 051d1195-6de3-4853-bf26-4c7b31c06fd5: 48 datasets; 1.2 s; peak memory 406 MiB.
2026-09-18T11:30:20Z INFO [275/496] 051db6b5-c7de-4bd8-a393-cc1061454c0c: 38 datasets; 2.5 s; peak memory 406 MiB.
2026-09-18T11:30:21Z INFO [276/496] 051f15f8-fe80-4995-9774-8afa607a8fe6: 46 datasets; 1.0 s; peak memory 406 MiB.
2026-09-18T11:30:23Z INFO [277/496] 051f3823-9a6d-489c-9d78-8d2da1ca608b: 70 datasets; 1.9 s; peak memory 406 MiB.
2026-09-18T11:30:25Z INFO [278/496] 05201abc-afb4-4987-bcf8-c0c03d1e79dd: 117 datasets; 1.4 s; peak memory 406 MiB.
2026-09-18T11:30:26Z INFO [279/496] 0520a84b-5634-42a0-b4cb-47bcf1aa2227: 57 datasets; 1.0 s; peak memory 406 MiB.
2026-09-18T11:30:34Z INFO [280/496] 0520c2b1-4445-41c6-81db-070b67762bb8: 38 datasets; 8.0 s; peak memory 406 MiB.
2026-09-18T11:30:35Z INFO [281/496] 052154f9-dedb-4f88-aa7d-6f3ecc66f44e: 38 datasets; 1.1 s; peak memory 406 MiB.
2026-09-18T11:30:36Z INFO [282/496] 0521bb2b-f854-4c9d-9999-6084f184976f: 110 datasets; 1.7 s; peak memory 406 MiB.
2026-09-18T11:30:38Z INFO [283/496] 0521fbc4-dd4e-41b7-bad3-dca6c7fcecdb: 117 datasets; 1.9 s; peak memory 406 MiB.
2026-09-18T11:30:39Z INFO [284/496] 052213ec-d13d-47b3-a3fa-e0a90c13168e: 56 datasets; 1.0 s; peak memory 406 MiB.
2026-09-18T11:30:42Z INFO [285/496] 0522b33d-7075-4f11-802e-77c2cbed9ce6: 114 datasets; 2.8 s; peak memory 406 MiB.
2026-09-18T11:30:44Z INFO [286/496] 052319e3-22bb-43f6-bdf6-000c5910d720: 53 datasets; 2.4 s; peak memory 406 MiB.
2026-09-18T11:30:46Z INFO [287/496] 05231b9d-5dfa-4d67-a552-1a89b8a18b56: 62 datasets; 1.6 s; peak memory 406 MiB.
2026-09-18T11:30:59Z INFO [288/496] 052340f7-5ebc-4172-96e6-8e803c90d685: 935 datasets; 13.1 s; peak memory 406 MiB.
2026-09-18T11:31:00Z INFO [289/496] 05239fa2-a564-4f92-a7df-ca5049c362b3: 35 datasets; 1.0 s; peak memory 406 MiB.
2026-09-18T11:31:01Z INFO [290/496] 0523d5d1-e906-4e86-aa27-d2637d04dde9: 46 datasets; 1.2 s; peak memory 406 MiB.
2026-09-18T11:31:03Z INFO [291/496] 05241971-5896-4444-b214-c0e55d2978a3: 69 datasets; 1.3 s; peak memory 406 MiB.
2026-09-18T11:31:06Z INFO [292/496] 05243ff4-f94d-483f-b722-cfcd11fe3df5: 80 datasets; 3.8 s; peak memory 406 MiB.
2026-09-18T11:31:08Z INFO [293/496] 05248a2d-f5bc-4f8a-bbfc-35770cec65fa: 118 datasets; 1.4 s; peak memory 406 MiB.
2026-09-18T11:31:09Z INFO [294/496] 0524d1fb-8dd1-441f-8de1-4b54ff225c6f: 46 datasets; 1.0 s; peak memory 406 MiB.
2026-09-18T11:31:10Z INFO [295/496] 052512fe-e31d-459c-ae39-73d2ff05f82d: 67 datasets; 1.5 s; peak memory 406 MiB.
2026-09-18T11:31:12Z INFO [296/496] 052546b7-3b2f-40ee-82f3-f4a3d36c268c: 66 datasets; 1.8 s; peak memory 406 MiB.
2026-09-18T11:31:16Z INFO [297/496] 0525811c-61ea-4c29-a3af-55323005658e: 88 datasets; 3.6 s; peak memory 406 MiB.
2026-09-18T11:31:18Z INFO [298/496] 0525dbb9-d22d-4e51-a108-34eed0f57f87: 38 datasets; 2.5 s; peak memory 406 MiB.
2026-09-18T11:31:19Z INFO [299/496] 052647fd-e28f-44d5-a7c1-8074f22757ab: 39 datasets; 1.2 s; peak memory 406 MiB.
2026-09-18T11:31:21Z INFO [300/496] 05264de3-8097-44dc-bd31-e104002edbda: 112 datasets; 1.7 s; peak memory 406 MiB.
2026-09-18T11:31:21Z INFO [300/496] 05264de3-8097-44dc-bd31-e104002edbda: checkpointed 49330 records.
2026-09-18T11:31:22Z INFO [301/496] 0526a3e7-40c2-41af-8bf5-76ef6ea64e83: 48 datasets; 1.2 s; peak memory 406 MiB.
2026-09-18T11:57:14Z INFO [302/496] 0526a42c-d2a3-49bf-98ed-f858a216e6f0: 231 datasets; 1551.5 s; peak memory 1105 MiB.
2026-09-18T11:57:15Z INFO [303/496] 0526c308-5dd4-44ee-bd02-ea610ed4965c: 116 datasets; 1.5 s; peak memory 1105 MiB.
2026-09-18T11:57:16Z INFO [304/496] 05272907-eac1-4083-b709-f71fb2b4429d: 48 datasets; 1.2 s; peak memory 1105 MiB.
2026-09-18T11:57:18Z INFO [305/496] 0527701a-2f59-40a3-908f-7e6cf134dcc9: 39 datasets; 1.3 s; peak memory 1105 MiB.
2026-09-18T11:57:21Z INFO [306/496] 0528b3c0-1d48-4ce8-8955-89c9127906c4: 84 datasets; 3.5 s; peak memory 1105 MiB.
2026-09-18T11:57:26Z INFO [307/496] 05294673-6cce-4a0f-ae49-94d839dd9be1: 229 datasets; 5.3 s; peak memory 1105 MiB.
2026-09-18T11:57:28Z INFO [308/496] 0529820d-d9b4-406d-8272-cdbe86f20be8: 46 datasets; 1.1 s; peak memory 1105 MiB.
2026-09-18T11:57:29Z INFO [309/496] 0529b167-b311-4838-9146-2affc1d70758: 117 datasets; 1.5 s; peak memory 1105 MiB.
2026-09-18T11:57:31Z INFO [310/496] 052a2e40-d431-4c8f-9f17-34b2c3d2b495: 112 datasets; 1.9 s; peak memory 1105 MiB.
2026-09-18T11:57:32Z INFO [311/496] 052a35af-2ecf-4cd8-a080-030515bec6c8: 69 datasets; 1.6 s; peak memory 1105 MiB.
2026-09-18T11:58:28Z INFO [312/496] 052acef7-8603-4d12-a7e8-549c8edb94f8: 814 datasets; 55.7 s; peak memory 1105 MiB.
2026-09-18T11:58:29Z INFO [313/496] 052ca61b-e2d2-4439-8cb3-5c726cfcc2e8: 52 datasets; 1.1 s; peak memory 1105 MiB.
2026-09-18T11:58:30Z INFO [314/496] 052d7264-d393-4418-845e-0eb4b77c4357: 48 datasets; 1.1 s; peak memory 1105 MiB.
2026-09-18T11:58:34Z INFO [315/496] 052d7c98-bc6b-442f-b6b4-0d581a717cbc: 153 datasets; 3.8 s; peak memory 1105 MiB.
2026-09-18T11:58:35Z INFO [316/496] 052e0351-cf13-4156-b41f-8fd1206866a5: 48 datasets; 1.1 s; peak memory 1105 MiB.
2026-09-18T11:58:36Z INFO [317/496] 052ead5a-ce14-41cc-9e89-30451ee32c87: 48 datasets; 1.2 s; peak memory 1105 MiB.
2026-09-18T11:58:38Z INFO [318/496] 052f0be5-f546-49b7-af9e-80941a76e589: 46 datasets; 1.1 s; peak memory 1105 MiB.
2026-09-18T11:58:39Z INFO [319/496] 052f14e3-dd9e-46ac-a852-0bcce7e0bb84: 117 datasets; 1.4 s; peak memory 1105 MiB.
2026-09-18T11:58:40Z INFO [320/496] 052fbc3f-4ce6-4ec8-ace8-b490212687c3: 48 datasets; 1.2 s; peak memory 1105 MiB.
2026-09-18T11:58:42Z INFO [321/496] 05301c4c-539b-421a-8be0-102e6fe39d6c: 48 datasets; 1.3 s; peak memory 1105 MiB.
2026-09-18T11:58:43Z INFO [322/496] 05301e4d-6b77-43ac-a8ae-ecfca7a66bd5: 112 datasets; 1.7 s; peak memory 1105 MiB.
2026-09-18T11:58:46Z INFO [323/496] 05308207-db13-4831-b969-31455895c2b5: 152 datasets; 2.4 s; peak memory 1105 MiB.
2026-09-18T11:58:47Z INFO [324/496] 05318185-0f03-4931-9762-7c8c16b57d9d: 117 datasets; 1.6 s; peak memory 1105 MiB.
2026-09-18T11:58:49Z INFO [325/496] 0531a2ba-291b-4607-92fc-23d17a8ea611: 84 datasets; 1.6 s; peak memory 1105 MiB.
2026-09-18T11:58:52Z INFO [326/496] 0531f2b6-d871-4cf5-bfa4-8cb4674835e2: 119 datasets; 2.9 s; peak memory 1105 MiB.
2026-09-18T11:58:53Z INFO [327/496] 0531fdd0-9e41-4fa9-abfe-6498a6a804f1: 46 datasets; 1.0 s; peak memory 1105 MiB.
2026-09-18T11:58:54Z INFO [328/496] 05328b9e-33fa-4484-bd72-10ea83b2bfcf: 116 datasets; 1.5 s; peak memory 1105 MiB.
2026-09-18T11:58:55Z INFO [329/496] 0532c216-8987-49bf-af2b-6616ac7fd50d: 48 datasets; 1.2 s; peak memory 1105 MiB.
2026-09-18T11:58:57Z INFO [330/496] 0532fa88-4a06-4d1f-82d9-cff8add983ee: 117 datasets; 1.7 s; peak memory 1105 MiB.
2026-09-18T11:58:58Z INFO [331/496] 053312d4-a28b-4274-9601-f3fc6662ce44: 68 datasets; 1.4 s; peak memory 1105 MiB.
2026-09-18T11:58:59Z INFO [332/496] 05331724-3958-4972-8787-f386d6aac2ca: 37 datasets; 0.9 s; peak memory 1105 MiB.
2026-09-18T11:59:00Z INFO [333/496] 05335dcd-bcd5-4f7b-ad42-7bffc834d203: 50 datasets; 1.0 s; peak memory 1105 MiB.
2026-09-18T11:59:01Z INFO [334/496] 0533b451-acae-4130-8015-21720ba92705: 48 datasets; 1.2 s; peak memory 1105 MiB.
2026-09-18T11:59:03Z INFO [335/496] 0533de9a-b3ca-496b-ad6a-d02e1fb11887: 69 datasets; 1.8 s; peak memory 1105 MiB.
2026-09-18T11:59:14Z INFO [336/496] 053447c0-8abf-43ef-ae7e-7f52021beead: 786 datasets; 10.6 s; peak memory 1105 MiB.
2026-09-18T11:59:16Z INFO [337/496] 0534842f-40ac-49bd-9ca4-3134bab0c720: 69 datasets; 1.6 s; peak memory 1105 MiB.
2026-09-18T11:59:17Z INFO [338/496] 0534931a-a056-4bea-b073-9d28a32ab220: 42 datasets; 1.3 s; peak memory 1105 MiB.
2026-09-18T11:59:37Z INFO [339/496] 0534b717-ecca-42f9-9b78-4b921a630c07: 1287 datasets; 20.1 s; peak memory 1105 MiB.
2026-09-18T11:59:38Z INFO [340/496] 0534d647-b251-4c93-a4b0-7bdacd222888: 48 datasets; 1.2 s; peak memory 1105 MiB.
2026-09-18T11:59:42Z INFO [341/496] 0534e10e-a5cb-4a85-88b0-f85277a19f7a: 156 datasets; 3.7 s; peak memory 1105 MiB.
2026-09-18T11:59:52Z INFO [342/496] 0535ab9a-b55b-4c56-a725-6a598b27f9dc: 584 datasets; 10.0 s; peak memory 1105 MiB.
2026-09-18T11:59:55Z INFO [343/496] 0536bb35-f4ca-4928-a726-995533256bed: 98 datasets; 3.0 s; peak memory 1105 MiB.
2026-09-18T11:59:57Z INFO [344/496] 0536f78a-4c24-481f-b0de-a47ddc0e240f: 67 datasets; 1.7 s; peak memory 1105 MiB.
2026-09-18T11:59:58Z INFO [345/496] 0536f82f-3a52-4840-a8d2-bd855ef45a68: 48 datasets; 1.2 s; peak memory 1105 MiB.
2026-09-18T12:00:51Z INFO [346/496] 0537e742-a2f6-4fee-982d-075f193e8b26: 52 datasets; 52.8 s; peak memory 1105 MiB.
2026-09-18T12:00:52Z INFO [347/496] 05385e38-01e3-49b1-b675-ff1cfd1dd57c: 74 datasets; 1.5 s; peak memory 1105 MiB.
2026-09-18T12:00:53Z INFO [348/496] 05389890-108a-4f52-bb3d-10945a9c22ca: 48 datasets; 1.3 s; peak memory 1105 MiB.
2026-09-18T12:01:05Z INFO [349/496] 0538d570-0c23-4981-b1b8-138227fb5ace: 1304 datasets; 12.0 s; peak memory 1105 MiB.
2026-09-18T12:01:07Z INFO [350/496] 053a5533-674f-4d37-b15b-f9ff34a57499: 112 datasets; 1.7 s; peak memory 1105 MiB.
2026-09-18T12:01:07Z INFO [350/496] 053a5533-674f-4d37-b15b-f9ff34a57499: checkpointed 49380 records.
2026-09-18T12:01:09Z INFO [351/496] 053a66ea-cc4d-4713-8166-9f6f2b00d8c9: 66 datasets; 1.6 s; peak memory 1105 MiB.
2026-09-18T12:01:20Z INFO [352/496] 053a6ce2-4775-4330-ab48-52367620034e: 843 datasets; 11.2 s; peak memory 1105 MiB.
2026-09-18T12:01:30Z INFO [353/496] 053acf63-2894-4df8-9301-1a477dc0a043: 44 datasets; 10.1 s; peak memory 1105 MiB.
2026-09-18T12:01:31Z INFO [354/496] 053af9c8-eb6f-4781-862b-0f2dc4d84706: 48 datasets; 1.2 s; peak memory 1105 MiB.
2026-09-18T12:01:38Z INFO [355/496] 053c5f57-b6f5-4222-bccd-b3b6930d8ed0: 231 datasets; 6.4 s; peak memory 1105 MiB.
2026-09-18T12:01:54Z INFO [356/496] 053c6b29-e8a9-4f8f-9e89-26ccedef9b80: 804 datasets; 16.5 s; peak memory 1105 MiB.
2026-09-18T12:01:56Z INFO [357/496] 053c7815-9c7a-4a00-bee8-59e2e6b9c769: 117 datasets; 1.5 s; peak memory 1105 MiB.
2026-09-18T12:01:58Z INFO [358/496] 053d9e74-834f-442d-af7f-86a92f4ca65f: 66 datasets; 1.9 s; peak memory 1105 MiB.
2026-09-18T12:02:01Z INFO [359/496] 053dc7d7-c2ac-414b-955b-a79efee0cd85: 156 datasets; 3.2 s; peak memory 1105 MiB.
2026-09-18T12:02:02Z INFO [360/496] 053e6ef2-3ebf-49e1-9da3-57ddb77d1990: 48 datasets; 1.2 s; peak memory 1105 MiB.
2026-09-18T12:02:03Z INFO [361/496] 053e9ed8-46ca-41e4-9e7c-e5e9de09ebe8: 45 datasets; 1.0 s; peak memory 1105 MiB.
2026-09-18T12:02:04Z INFO [362/496] 05400f8a-f2f2-4bda-95e5-16297d6de126: 117 datasets; 1.5 s; peak memory 1105 MiB.
2026-09-18T12:02:06Z INFO [363/496] 05402c9f-9b58-45dc-b282-1ef28f4bd8e6: 112 datasets; 2.0 s; peak memory 1105 MiB.
2026-09-18T12:02:08Z INFO [364/496] 0540d0a2-af25-4e17-9473-73124b45e55c: 61 datasets; 1.5 s; peak memory 1105 MiB.
2026-09-18T12:02:09Z INFO [365/496] 05415d59-84fc-4182-9ea0-18feb7b787d7: 118 datasets; 1.6 s; peak memory 1105 MiB.
2026-09-18T12:02:16Z INFO [366/496] 05415e0d-3f85-44d1-9bba-872eec02d63f: 611 datasets; 7.0 s; peak memory 1105 MiB.
2026-09-18T12:04:18Z INFO [367/496] 05420548-7fb6-4c5f-92ac-c9abff1ca83d: 241 datasets; 121.3 s; peak memory 1105 MiB.
2026-09-18T12:04:19Z INFO [368/496] 05421598-4e27-4717-aad1-49ba56fc2203: 56 datasets; 1.1 s; peak memory 1105 MiB.
2026-09-18T12:04:20Z INFO [369/496] 054230ab-9160-4942-92f2-f80573d4cdfe: 117 datasets; 1.3 s; peak memory 1105 MiB.
2026-09-18T12:04:21Z INFO [370/496] 05425364-7175-4a4f-b2d6-211aeb84856a: 48 datasets; 1.2 s; peak memory 1105 MiB.
2026-09-18T12:04:22Z INFO [371/496] 054417af-0e57-41b0-92d4-3b8668768db0: 46 datasets; 1.1 s; peak memory 1105 MiB.
2026-09-18T12:04:24Z INFO [372/496] 0544c5fb-e833-401a-8ef2-16d1fcb45cce: 110 datasets; 1.6 s; peak memory 1105 MiB.
2026-09-18T12:04:37Z INFO [373/496] 0545f24a-8f1c-45ac-bee3-b69274ec3b20: 446 datasets; 12.7 s; peak memory 1105 MiB.
2026-09-18T12:04:48Z INFO [374/496] 0545facd-6940-48d8-8e7c-7ac6ccfba2c9: 969 datasets; 11.2 s; peak memory 1105 MiB.
2026-09-18T12:05:00Z INFO [375/496] 054734b4-61fd-4a5f-b87c-5763f75442bc: 44 datasets; 11.6 s; peak memory 1105 MiB.
2026-09-18T12:05:01Z INFO [376/496] 054846e7-f298-4c0d-9940-4292f25d045d: 62 datasets; 1.8 s; peak memory 1105 MiB.
2026-09-18T12:05:03Z INFO [377/496] 05486d44-a3d7-4ae1-a3de-0d3b1383b95c: 117 datasets; 1.6 s; peak memory 1105 MiB.
2026-09-18T12:05:04Z INFO [378/496] 0549f14c-5252-4c9f-ba51-f95bd719fd77: 47 datasets; 1.1 s; peak memory 1105 MiB.
2026-09-18T12:05:05Z INFO [379/496] 054a1fa4-294e-4ad2-846e-c1b565146d8e: 41 datasets; 1.1 s; peak memory 1105 MiB.
2026-09-18T12:05:06Z INFO [380/496] 054aadf7-5c0a-4bb4-872c-04fa146c88e2: 56 datasets; 1.0 s; peak memory 1105 MiB.
2026-09-18T12:05:09Z INFO [381/496] 054b8570-9e11-4728-bb1f-556142d8a73c: 115 datasets; 2.9 s; peak memory 1105 MiB.
2026-09-18T12:05:11Z INFO [382/496] 054bab49-330a-4605-9c5a-3984acfbbf05: 102 datasets; 2.0 s; peak memory 1105 MiB.
2026-09-18T12:05:21Z INFO [383/496] 054c98c6-a4ad-4051-a558-ea4ef9c543c6: 871 datasets; 10.2 s; peak memory 1105 MiB.
2026-09-18T12:05:22Z INFO [384/496] 054c9c41-f4c6-4e23-8203-42817016845e: 48 datasets; 1.1 s; peak memory 1105 MiB.
2026-09-18T12:05:33Z INFO [385/496] 054cb21f-f9e2-4e56-a2d5-137493cdbf39: 621 datasets; 11.0 s; peak memory 1105 MiB.
2026-09-18T12:05:35Z INFO [386/496] 054e0ed6-d959-44af-a2ba-f29377d6018a: 48 datasets; 1.2 s; peak memory 1105 MiB.
2026-09-18T12:05:36Z INFO [387/496] 054e72dc-52e0-4554-95b3-8e05884f557b: 48 datasets; 1.3 s; peak memory 1105 MiB.
2026-09-18T12:05:37Z INFO [388/496] 054f455c-ed91-47d5-b88c-814b41809ba8: 48 datasets; 1.1 s; peak memory 1105 MiB.
2026-09-18T12:05:41Z INFO [389/496] 054f5566-37a0-4a2d-84d3-74b6a7e04603: 384 datasets; 4.3 s; peak memory 1105 MiB.
2026-09-18T12:05:42Z INFO [390/496] 055010a4-892c-4e7f-a705-bbef378b2508: 48 datasets; 1.1 s; peak memory 1105 MiB.
2026-09-18T12:05:47Z INFO [391/496] 05501e15-bfc6-4a4f-b291-cefda24f52e6: 88 datasets; 4.5 s; peak memory 1105 MiB.
2026-09-18T12:05:54Z INFO [392/496] 0550927a-a423-4ffa-86f8-7fe737acd3ef: 569 datasets; 6.7 s; peak memory 1105 MiB.
2026-09-18T12:05:54Z INFO [393/496] 0551ff6c-4f35-4893-a6d9-4aad9f4a8e44: 46 datasets; 0.9 s; peak memory 1105 MiB.
2026-09-18T12:05:56Z INFO [394/496] 05527526-39ad-4591-a074-6b4a49bee1c3: 48 datasets; 1.2 s; peak memory 1105 MiB.
2026-09-18T12:06:07Z INFO [395/496] 05549015-08b8-447d-b328-a8509d8aaa15: 410 datasets; 11.4 s; peak memory 1105 MiB.
2026-09-18T12:06:08Z INFO [396/496] 055517ad-cee8-4c70-b256-3cbfa58f1833: 118 datasets; 1.4 s; peak memory 1105 MiB.
2026-09-18T12:06:10Z INFO [397/496] 055561d0-2178-4976-ad61-5439d915cd42: 50 datasets; 1.2 s; peak memory 1105 MiB.
2026-09-18T12:06:11Z INFO [398/496] 0555b960-ad44-4221-a70d-d5815edb7b29: 112 datasets; 1.6 s; peak memory 1105 MiB.
2026-09-18T12:06:12Z INFO [399/496] 05569217-8dbe-4c77-bb46-d7193266a198: 48 datasets; 1.2 s; peak memory 1105 MiB.
2026-09-18T12:06:13Z INFO [400/496] 0557035c-2ef1-4a1f-92bb-32535a25e041: 50 datasets; 1.0 s; peak memory 1105 MiB.
2026-09-18T12:06:14Z INFO [400/496] 0557035c-2ef1-4a1f-92bb-32535a25e041: checkpointed 49430 records.
2026-09-18T12:06:34Z INFO [401/496] 05579c36-0f7d-40f6-917c-eba444c7b22d: 48 datasets; 20.0 s; peak memory 1105 MiB.
2026-09-18T12:06:35Z INFO [402/496] 0557a512-0e70-4a2d-9d54-9bc012533b82: 71 datasets; 1.9 s; peak memory 1105 MiB.
2026-09-18T12:06:37Z INFO [403/496] 0557c384-5e5f-4a8c-810d-696a304c8ac5: 62 datasets; 1.4 s; peak memory 1105 MiB.
2026-09-18T12:06:38Z INFO [404/496] 0558761e-232e-41ad-89c6-544dd65aeb45: 66 datasets; 1.5 s; peak memory 1105 MiB.
2026-09-18T12:06:40Z INFO [405/496] 055914c0-3e1f-4713-88f9-86da4d166fc4: 118 datasets; 1.7 s; peak memory 1105 MiB.
2026-09-18T12:06:46Z INFO [406/496] 055935fd-ff6b-43dd-8bb7-6cf0329d7097: 229 datasets; 5.8 s; peak memory 1105 MiB.
2026-09-18T12:06:57Z INFO [407/496] 05597d7f-0d39-43d4-9fc7-ab1bdfc5bab0: 1105 datasets; 11.4 s; peak memory 1105 MiB.
2026-09-18T12:06:59Z INFO [408/496] 055a7acd-757a-4787-b48e-b9e597e90259: 70 datasets; 1.4 s; peak memory 1105 MiB.
2026-09-18T12:07:01Z INFO [409/496] 055b9584-ba1d-4ba1-a5ff-4d3f32044e27: 78 datasets; 2.6 s; peak memory 1105 MiB.
2026-09-18T12:07:03Z INFO [410/496] 055bf50c-9c4a-4852-8b3c-cf997c78b86d: 112 datasets; 1.7 s; peak memory 1105 MiB.
2026-09-18T12:07:05Z INFO [411/496] 055cc73c-ed61-4982-b342-5c862e8102af: 118 datasets; 1.5 s; peak memory 1105 MiB.
2026-09-18T12:07:06Z INFO [412/496] 055d1a52-5382-4dcb-aea5-2c4326f56dd1: 62 datasets; 1.7 s; peak memory 1105 MiB.
2026-09-18T12:07:08Z INFO [413/496] 055d25ba-e711-4908-b440-2cfe0b213b4b: 112 datasets; 1.7 s; peak memory 1105 MiB.
2026-09-18T12:07:09Z INFO [414/496] 055d4513-2689-40fa-ada9-c6af828c4e46: 48 datasets; 1.1 s; peak memory 1105 MiB.
2026-09-18T12:07:11Z INFO [415/496] 055d45dd-05a2-4fe6-ae00-b8a677808326: 116 datasets; 1.6 s; peak memory 1105 MiB.
2026-09-18T12:07:12Z INFO [416/496] 055dbc00-4816-4846-b6cf-809d861295de: 52 datasets; 1.3 s; peak memory 1105 MiB.
2026-09-18T12:07:14Z INFO [417/496] 055eef36-42e3-45fa-8a84-a8cb54ad6820: 112 datasets; 1.8 s; peak memory 1105 MiB.
2026-09-18T12:09:11Z INFO [418/496] 055f3d81-a5b3-4f81-b5eb-8ebc297a76d6: 280 datasets; 117.1 s; peak memory 1105 MiB.
2026-09-18T12:09:14Z INFO [419/496] 0560c9cd-6f1e-4ffb-8edf-a49075542b21: 123 datasets; 3.1 s; peak memory 1105 MiB.
2026-09-18T12:09:18Z INFO [420/496] 0560da8d-d103-4f9c-8dd4-393db2c06f76: 156 datasets; 3.7 s; peak memory 1105 MiB.
2026-09-18T12:09:19Z INFO [421/496] 05614d0b-9e92-4cc8-b856-aea020cdccbd: 52 datasets; 1.2 s; peak memory 1105 MiB.
2026-09-18T12:09:20Z INFO [422/496] 056211f7-b3fa-49a4-8b3b-814e88145c83: 48 datasets; 1.2 s; peak memory 1105 MiB.
2026-09-18T12:09:21Z INFO [423/496] 056294e5-2a3c-4bc7-bed4-a96e8a5bc241: 74 datasets; 1.4 s; peak memory 1105 MiB.
2026-09-18T12:09:22Z INFO [424/496] 05644636-ec78-4cec-acc2-e4d4992e9ea9: 48 datasets; 1.1 s; peak memory 1105 MiB.
2026-09-18T12:09:24Z INFO [425/496] 05647297-e521-4f31-839c-7096e4249871: 48 datasets; 1.2 s; peak memory 1105 MiB.
2026-09-18T12:09:26Z INFO [426/496] 0564dc83-63e2-4e56-a08b-607e898f4567: 119 datasets; 2.0 s; peak memory 1105 MiB.
2026-09-18T12:09:27Z INFO [427/496] 05655bdf-f9ed-49db-bddb-4e131d6bcb26: 48 datasets; 1.3 s; peak memory 1105 MiB.
2026-09-18T12:09:29Z INFO [428/496] 0567bd82-ef9b-43d3-b6c5-15ba2992353f: 49 datasets; 1.9 s; peak memory 1105 MiB.
2026-09-18T12:09:31Z INFO [429/496] 0567d98b-bcb7-4215-8d89-50d1e53db260: 112 datasets; 1.8 s; peak memory 1105 MiB.
2026-09-18T12:09:34Z INFO [430/496] 056809b9-ec62-4d18-b015-2b8e035992f7: 159 datasets; 3.4 s; peak memory 1105 MiB.
2026-09-18T12:09:36Z INFO [431/496] 056825ee-cbba-4b55-8cfa-dfeabdf06bdd: 112 datasets; 1.7 s; peak memory 1105 MiB.
2026-09-18T12:09:46Z INFO [432/496] 05686132-b34a-4ad4-8356-465144aeec75: 406 datasets; 9.9 s; peak memory 1105 MiB.
2026-09-18T12:09:48Z INFO [433/496] 0568e325-6bdb-4e76-8212-ab8df16ce98b: 69 datasets; 1.9 s; peak memory 1105 MiB.
2026-09-18T12:09:49Z INFO [434/496] 056a05c1-4448-4f87-ab11-566663867bb0: 110 datasets; 1.9 s; peak memory 1105 MiB.
2026-09-18T12:09:51Z INFO [435/496] 056a5946-98d9-4d9a-9df6-916fc54e586b: 41 datasets; 1.1 s; peak memory 1105 MiB.
2026-09-18T12:09:57Z INFO [436/496] 056b5aa8-9d25-495c-a3cf-6785e2da0a90: 208 datasets; 6.4 s; peak memory 1105 MiB.
2026-09-18T12:09:59Z INFO [437/496] 056c15ef-0adc-4997-9e27-e7d2ae549a2d: 90 datasets; 2.5 s; peak memory 1105 MiB.
2026-09-18T12:10:01Z INFO [438/496] 056c3dbf-f28e-4cc0-a30c-5db22fc0009c: 48 datasets; 1.2 s; peak memory 1105 MiB.
2026-09-18T12:10:02Z INFO [439/496] 056c4ccb-9287-42dc-9483-08b60e3855e2: 48 datasets; 1.2 s; peak memory 1105 MiB.
2026-09-18T12:10:08Z INFO [440/496] 056df2cd-36f0-437d-a202-f30b722bcbc1: 61 datasets; 6.3 s; peak memory 1105 MiB.
2026-09-18T12:10:19Z INFO [441/496] 056e644b-e09d-4912-9025-870ee76736a2: 196 datasets; 10.6 s; peak memory 1105 MiB.
2026-09-18T12:10:20Z INFO [442/496] 056e6671-0c0f-47c6-bb74-09fc36a099fb: 66 datasets; 1.7 s; peak memory 1105 MiB.
2026-09-18T12:10:22Z INFO [443/496] 056ff396-0538-4821-a673-c83a64aa2ecd: 118 datasets; 1.5 s; peak memory 1105 MiB.
2026-09-18T12:10:23Z INFO [444/496] 05701e76-557a-4a67-81ea-0a2ba9cdec2e: 48 datasets; 1.3 s; peak memory 1105 MiB.
2026-09-18T12:10:26Z INFO [445/496] 057024b8-6614-4635-bce5-537f9716ac4a: 114 datasets; 2.6 s; peak memory 1105 MiB.
2026-09-18T12:10:37Z INFO [446/496] 0570bdd6-07a4-4d01-b691-fb7d45da1efc: 1040 datasets; 11.6 s; peak memory 1105 MiB.
2026-09-18T12:10:39Z INFO [447/496] 0571649d-77e2-4f92-9ec2-73c8a2e087c9: 58 datasets; 1.1 s; peak memory 1105 MiB.
2026-09-18T12:10:40Z INFO [448/496] 05732c5b-cb1a-4ef9-a1b5-2677ca1838fd: 116 datasets; 1.5 s; peak memory 1105 MiB.
2026-09-18T12:10:41Z INFO [449/496] 0573a8c0-20ae-4620-99e9-bc533b672b4c: 77 datasets; 1.3 s; peak memory 1105 MiB.
2026-09-18T12:10:44Z INFO [450/496] 05759489-63c1-4481-aada-c3feb9d7d731: 119 datasets; 3.0 s; peak memory 1105 MiB.
2026-09-18T12:10:45Z INFO [450/496] 05759489-63c1-4481-aada-c3feb9d7d731: checkpointed 49480 records.
2026-09-18T12:10:46Z INFO [451/496] 0575d059-131c-4636-bf02-b65eb0c9a4eb: 117 datasets; 1.4 s; peak memory 1105 MiB.
2026-09-18T12:11:19Z INFO [452/496] 0576f568-49d3-45af-8863-336319c84cc0: 7298 datasets; 33.0 s; peak memory 1105 MiB.
2026-09-18T12:11:20Z INFO [453/496] 05792a93-0c37-49c8-9e66-adf589a6a0e6: 48 datasets; 1.3 s; peak memory 1105 MiB.
2026-09-18T12:11:21Z INFO [454/496] 057a97e0-16bf-4036-9111-e290ea134069: 48 datasets; 1.2 s; peak memory 1105 MiB.
2026-09-18T12:11:23Z INFO [455/496] 057b2450-4b5e-400e-99f1-2c322b629893: 71 datasets; 1.8 s; peak memory 1105 MiB.
2026-09-18T12:11:24Z INFO [456/496] 057b8aa0-5679-4e52-9170-7042245daa30: 46 datasets; 1.1 s; peak memory 1105 MiB.
2026-09-18T12:11:33Z INFO [457/496] 057bde3c-fef0-49bc-ac5c-92683e1a2d11: 11477 datasets; 9.2 s; peak memory 1105 MiB.
2026-09-18T12:11:35Z INFO [458/496] 057bdf78-6f7b-4f14-a200-3cacdacb5b09: 112 datasets; 1.7 s; peak memory 1105 MiB.
2026-09-18T12:11:41Z INFO [459/496] 057c7728-919e-47d9-acb6-cfbd2ff638bb: 552 datasets; 6.0 s; peak memory 1105 MiB.
2026-09-18T12:11:49Z INFO [460/496] 057cb869-8390-4324-be23-f065ca410fe1: 538 datasets; 7.9 s; peak memory 1105 MiB.
2026-09-18T12:11:52Z INFO [461/496] 057cfffb-2188-4823-bbee-0492ceb3dd59: 114 datasets; 3.0 s; peak memory 1105 MiB.
2026-09-18T12:11:53Z INFO [462/496] 057d7abe-0353-4768-b600-3a6c8698a666: 48 datasets; 1.2 s; peak memory 1105 MiB.
2026-09-18T12:11:56Z INFO [463/496] 057e213b-f570-4f3b-83ca-f946d750ae97: 116 datasets; 2.9 s; peak memory 1105 MiB.
2026-09-18T12:11:58Z INFO [464/496] 057e59e9-0043-4b98-8c16-8ebdbdb05a1d: 117 datasets; 1.5 s; peak memory 1105 MiB.
2026-09-18T12:11:59Z INFO [465/496] 057e7e7a-f9e7-4010-9bc7-0fec7bb97688: 118 datasets; 1.6 s; peak memory 1105 MiB.
2026-09-18T12:27:54Z INFO [466/496] 057ecbef-e732-4e94-8d99-40ebb74d346e: 77 datasets; 954.4 s; peak memory 1191 MiB.
2026-09-18T12:27:55Z INFO [467/496] 057f56a7-90a1-4178-a0de-3d147388637c: 57 datasets; 1.0 s; peak memory 1191 MiB.
2026-09-18T12:27:58Z INFO [468/496] 0580fb41-c8c6-4452-bb0f-3702435134c0: 123 datasets; 3.1 s; peak memory 1191 MiB.
2026-09-18T12:27:59Z INFO [469/496] 05818344-8212-44d1-8b1d-62456155c14f: 84 datasets; 1.4 s; peak memory 1191 MiB.
2026-09-18T12:28:01Z INFO [470/496] 0581873f-fca0-4e71-b392-c146f60794fc: 110 datasets; 2.1 s; peak memory 1191 MiB.
2026-09-18T12:28:03Z INFO [471/496] 05819595-8374-4286-b122-90e2791ebfe1: 112 datasets; 1.7 s; peak memory 1191 MiB.
2026-09-18T12:28:05Z INFO [472/496] 0581e7ed-0e81-4bf3-bcdc-39e1751f39f5: 112 datasets; 2.1 s; peak memory 1191 MiB.
2026-09-18T12:28:07Z INFO [473/496] 05826abe-5555-47b9-b2dc-b5627918814c: 118 datasets; 2.3 s; peak memory 1191 MiB.
2026-09-18T12:28:09Z INFO [474/496] 0582a0a5-e610-4eea-90bb-1ef70d141ba0: 69 datasets; 1.6 s; peak memory 1191 MiB.
2026-09-18T12:28:15Z INFO [475/496] 0582cbf7-b1b4-479b-92d8-734da6422199: 198 datasets; 6.0 s; peak memory 1191 MiB.
2026-09-18T12:41:48Z INFO [476/496] 0582e94c-190b-46c7-bae4-28c684f396ff: 227 datasets; 813.4 s; peak memory 1191 MiB.
2026-09-18T12:41:50Z INFO [477/496] 058301bd-c1a2-480f-84a2-68a79d11c888: 48 datasets; 1.3 s; peak memory 1191 MiB.
2026-09-18T12:41:52Z INFO [478/496] 058401ea-8ccc-42d3-abb9-04cd2491b983: 80 datasets; 2.7 s; peak memory 1191 MiB.
2026-09-18T12:41:56Z INFO [479/496] 0585cd4c-127a-4441-957a-a3c969fe839d: 90 datasets; 3.7 s; peak memory 1191 MiB.
2026-09-18T12:41:58Z INFO [480/496] 0585f615-24c5-46f3-96dd-fc05efe1d017: 110 datasets; 1.8 s; peak memory 1191 MiB.
2026-09-18T12:42:00Z INFO [481/496] 058687dc-03d8-4421-b47a-69ddcacdfb82: 121 datasets; 2.6 s; peak memory 1191 MiB.
2026-09-18T12:42:03Z INFO [482/496] 0586d394-b7f0-47d8-89fb-a70d0e010d82: 71 datasets; 2.3 s; peak memory 1191 MiB.
2026-09-18T12:42:04Z INFO [483/496] 0586e108-ae17-4137-8a8e-c9a82fb29735: 45 datasets; 1.0 s; peak memory 1191 MiB.
2026-09-18T12:42:05Z INFO [484/496] 05879be5-9b2b-4e0b-87e7-2f4b9a3a8e14: 39 datasets; 1.3 s; peak memory 1191 MiB.
2026-09-18T12:42:20Z INFO [485/496] 058a23fb-fc17-49fa-82cf-ca3975f38960: 38 datasets; 14.7 s; peak memory 1191 MiB.
2026-09-18T12:42:33Z INFO [486/496] 058a85fa-46ad-4c5c-9ac5-8fd48fc40cf9: 44 datasets; 13.1 s; peak memory 1191 MiB.
2026-09-18T12:42:34Z INFO [487/496] 058b52e5-37f6-48a0-9225-37322a6e770d: 70 datasets; 1.8 s; peak memory 1191 MiB.
2026-09-18T12:42:37Z INFO [488/496] 058b6ddb-08a5-45c6-8334-d49446e7eb03: 71 datasets; 2.2 s; peak memory 1191 MiB.
2026-09-18T12:42:43Z INFO [489/496] 058c0235-e6c0-4d77-8f97-5e0d22ff508f: 229 datasets; 5.9 s; peak memory 1191 MiB.
2026-09-18T12:42:49Z INFO [490/496] 058c5e60-fc23-4caf-9c7d-59a189d6dab5: 196 datasets; 6.8 s; peak memory 1191 MiB.
2026-09-18T12:42:50Z INFO [491/496] 058c8640-026b-4d51-9391-25efac3c7c97: 56 datasets; 1.0 s; peak memory 1191 MiB.
2026-09-18T12:42:53Z INFO [492/496] 058cd34e-2fb5-42cb-b70b-59fa4a8ae5b7: 119 datasets; 2.4 s; peak memory 1191 MiB.
2026-09-18T12:42:54Z INFO [493/496] 058d855c-8d5f-45f6-830b-480d451d5b83: 48 datasets; 1.3 s; peak memory 1191 MiB.
2026-09-18T12:42:56Z INFO [494/496] 058f0b11-b9be-4f63-bebe-3870c515b388: 71 datasets; 1.7 s; peak memory 1191 MiB.
2026-09-18T12:43:02Z INFO [495/496] 058f5c26-c13c-4f40-8a5a-e01227def5d0: 193 datasets; 6.5 s; peak memory 1191 MiB.
2026-09-18T12:43:10Z INFO [496/496] 7f80fa49-a032-42c5-96d9-115b1408e1f6: 79 datasets; 7.8 s; peak memory 1191 MiB.
2026-09-18T12:43:10Z INFO Wrote 49526 records to /tmp/derivatives/valid_nwb_file_to_number_of_datasets.jsonl (496 new, 0 failed) in 103.5 min (peak memory 1191 MiB).
