2026-09-17T21:12:28Z INFO Logging to /tmp/logs/update_2026-09-17T21-12-28Z.log.
2026-09-17T21:12:28Z INFO Update valid-nwb-file-to-number-of-datasets (base directory /tmp).
2026-09-17T21:12:28Z INFO Processing 500 items (48530 already recorded).
2026-09-17T21:12:30Z INFO [1/500] 03584060-6183-4d46-8aef-e03954523b2c: 131 datasets; 1.9 s; peak memory 101 MiB.
2026-09-17T21:12:32Z INFO [2/500] 035963d3-35e8-4a3e-ab35-e777ea8f180b: 49 datasets; 1.6 s; peak memory 101 MiB.
2026-09-17T21:24:35Z INFO [3/500] 0359ab7f-ead0-4d29-89a3-2d7b222ee960: 96 datasets; 722.9 s; peak memory 1068 MiB.
2026-09-17T21:24:37Z INFO [4/500] 035d2ab2-b408-4024-9734-08f4001b6fef: 66 datasets; 2.1 s; peak memory 1068 MiB.
2026-09-17T21:25:07Z INFO [5/500] 035d7e09-4b1e-4e55-aba2-0108c0307bda: 712 datasets; 30.2 s; peak memory 1068 MiB.
2026-09-17T21:25:08Z INFO [6/500] 035e4100-b31d-46ee-8cf3-cffd1b45bb9b: 38 datasets; 1.2 s; peak memory 1068 MiB.
2026-09-17T21:25:10Z INFO [7/500] 035e8698-2903-4745-96d1-cbf452b495a6: 112 datasets; 1.9 s; peak memory 1068 MiB.
2026-09-17T21:25:12Z INFO [8/500] 035ea321-9263-492e-bf39-ac90bbc1e076: 46 datasets; 1.6 s; peak memory 1068 MiB.
2026-09-17T21:25:14Z INFO [9/500] 035f8da8-c282-4763-acd1-e6e254f65d29: 71 datasets; 2.4 s; peak memory 1068 MiB.
2026-09-17T21:25:17Z INFO [10/500] 035fb1c0-567d-4f59-9140-f0d7cdd67882: 71 datasets; 2.5 s; peak memory 1068 MiB.
2026-09-17T21:25:18Z INFO [11/500] 035ff603-49ef-41ce-bf8f-38e39f6f0780: 48 datasets; 1.5 s; peak memory 1068 MiB.
2026-09-17T21:25:22Z INFO [12/500] 036089c0-5bef-4f09-97b1-bc7e5ddaa441: 115 datasets; 3.4 s; peak memory 1068 MiB.
2026-09-17T21:25:23Z INFO [13/500] 0360b7ac-16ea-4852-823d-6525164e418d: 48 datasets; 1.4 s; peak memory 1068 MiB.
2026-09-17T21:25:25Z INFO [14/500] 0360e12b-d6c4-4094-bc19-6a125f427d38: 48 datasets; 1.5 s; peak memory 1068 MiB.
2026-09-17T21:25:28Z INFO [15/500] 0361752b-de7f-4a93-b272-4e35b9987ed0: 80 datasets; 3.2 s; peak memory 1068 MiB.
2026-09-17T21:25:29Z INFO [16/500] 036212a9-0cc2-4b88-af0f-f2ac683244f0: 43 datasets; 1.3 s; peak memory 1068 MiB.
2026-09-17T21:25:31Z INFO [17/500] 036217bf-e4b1-433e-8ca7-f2193e63991a: 48 datasets; 1.4 s; peak memory 1068 MiB.
2026-09-17T21:25:32Z INFO [18/500] 0362a1f6-e2d0-4115-9d80-477aca7e9258: 52 datasets; 1.6 s; peak memory 1068 MiB.
2026-09-17T21:25:34Z INFO [19/500] 0362fbde-a28a-428a-a17c-bfee09afdb6c: 118 datasets; 1.6 s; peak memory 1068 MiB.
2026-09-17T21:25:35Z INFO [20/500] 0363223b-f442-47fe-ba10-461f0d59c477: 117 datasets; 1.7 s; peak memory 1068 MiB.
2026-09-17T21:25:44Z INFO [21/500] 0363be5b-35e7-48c3-99eb-2114cd2f852d: 527 datasets; 8.8 s; peak memory 1068 MiB.
2026-09-17T21:25:46Z INFO [22/500] 03640b7e-7a8d-4421-99d8-3b7ab51d3ff5: 71 datasets; 2.2 s; peak memory 1068 MiB.
2026-09-17T21:27:53Z INFO [23/500] 036479ff-b638-4212-9329-6b5454fdc7a7: 167 datasets; 126.7 s; peak memory 1068 MiB.
2026-09-17T21:28:02Z INFO [24/500] 03649a8b-8d4d-4ae8-93d3-a7de6d91de8e: 608 datasets; 9.2 s; peak memory 1068 MiB.
2026-09-17T21:28:04Z INFO [25/500] 03663897-00d6-4966-8eed-80ffbf7b9ea5: 112 datasets; 1.4 s; peak memory 1068 MiB.
2026-09-17T21:28:05Z INFO [26/500] 0366e129-5f82-43db-8a33-33fea8391cb4: 45 datasets; 1.0 s; peak memory 1068 MiB.
2026-09-17T21:31:18Z INFO [27/500] 0366fa38-44be-4caa-8366-abf46045e308: 99 datasets; 193.8 s; peak memory 1098 MiB.
2026-09-17T21:31:20Z INFO [28/500] 036719e6-8d14-44a8-853b-8b7cd6c94ebd: 66 datasets; 1.9 s; peak memory 1098 MiB.
2026-09-17T21:31:22Z INFO [29/500] 036787b8-1205-4ca6-ae07-fa30d6d9ab41: 48 datasets; 1.4 s; peak memory 1098 MiB.
2026-09-17T21:31:23Z INFO [30/500] 0367d7ed-5bfe-4f60-b1eb-5fa6b7a33595: 69 datasets; 1.5 s; peak memory 1098 MiB.
2026-09-17T21:31:27Z INFO [31/500] 03686970-8ef3-4fe1-b01a-fd5336f55a48: 116 datasets; 3.3 s; peak memory 1098 MiB.
2026-09-17T21:31:35Z INFO [32/500] 036886da-2908-4b4d-acc4-4012b20eb69f: 750 datasets; 8.4 s; peak memory 1098 MiB.
2026-09-17T21:31:37Z INFO [33/500] 036a6fbe-2be9-4f4b-abe5-22cd936dda6b: 112 datasets; 1.8 s; peak memory 1098 MiB.
2026-09-17T21:31:38Z INFO [34/500] 036b84a2-7fb0-4fe5-abe3-0b664f03ea46: 48 datasets; 1.4 s; peak memory 1098 MiB.
2026-09-17T21:31:42Z INFO [35/500] 036cb812-7e39-44ed-a7aa-46f6d17f3a92: 156 datasets; 4.1 s; peak memory 1098 MiB.
2026-09-17T21:31:44Z INFO [36/500] 036d9166-d206-48d0-84e2-8d0e0e7bde9d: 48 datasets; 1.4 s; peak memory 1098 MiB.
2026-09-17T21:31:45Z INFO [37/500] 036ea15c-6a03-4daa-934e-4daf8ac79520: 45 datasets; 1.1 s; peak memory 1098 MiB.
2026-09-17T21:31:46Z INFO [38/500] 036eff90-215e-4412-8c74-6089062aa4f8: 48 datasets; 1.3 s; peak memory 1098 MiB.
2026-09-17T21:31:48Z INFO [39/500] 037021f4-bd1b-4183-a264-cd79e76aa68e: 48 datasets; 1.4 s; peak memory 1098 MiB.
2026-09-17T21:31:51Z INFO [40/500] 03707dbc-8304-479c-88a1-a5b36a8cedde: 45 datasets; 3.6 s; peak memory 1098 MiB.
2026-09-17T21:31:53Z INFO [41/500] 03709c6c-40e9-49bd-a214-1eb46261bec9: 116 datasets; 1.6 s; peak memory 1098 MiB.
2026-09-17T21:31:54Z INFO [42/500] 0370fc2d-5cb0-4049-bc05-f0f9fcd935e0: 50 datasets; 1.1 s; peak memory 1098 MiB.
2026-09-17T21:32:03Z INFO [43/500] 03713bf2-9ef7-4fe2-92e4-f2887fa4bfe5: 56 datasets; 9.0 s; peak memory 1098 MiB.
2026-09-17T21:32:05Z INFO [44/500] 0371cdd7-3bf7-45a4-900a-2c90a2541dbd: 230 datasets; 1.7 s; peak memory 1098 MiB.
2026-09-17T21:32:07Z INFO [45/500] 0372dbd7-aab3-4eef-9313-41693dae00cb: 49 datasets; 1.9 s; peak memory 1098 MiB.
2026-09-17T21:32:08Z INFO [46/500] 0373060e-42f4-48b6-ad0c-5ce065996e9d: 62 datasets; 1.6 s; peak memory 1098 MiB.
2026-09-17T21:32:10Z INFO [47/500] 03738ca4-472d-4510-8fc5-d05f1f6c1891: 90 datasets; 1.5 s; peak memory 1098 MiB.
2026-09-17T21:32:11Z INFO [48/500] 0373e678-f683-488e-af98-8e4856874447: 48 datasets; 1.4 s; peak memory 1098 MiB.
2026-09-17T21:32:12Z INFO [49/500] 03742bde-edac-4f4e-98b2-8a356d10fd35: 48 datasets; 1.4 s; peak memory 1098 MiB.
2026-09-17T21:32:20Z INFO [50/500] 0375a406-f151-4e99-8ff4-3cb5ff79e2be: 504 datasets; 7.3 s; peak memory 1098 MiB.
2026-09-17T21:32:20Z INFO [50/500] 0375a406-f151-4e99-8ff4-3cb5ff79e2be: checkpointed 48580 records.
2026-09-17T21:32:23Z INFO [51/500] 037606f9-1415-4829-b7b9-84bf50525328: 38 datasets; 3.3 s; peak memory 1098 MiB.
2026-09-17T21:32:25Z INFO [52/500] 03761aa2-e0ab-4711-bcf1-0df897c3b356: 118 datasets; 1.6 s; peak memory 1098 MiB.
2026-09-17T21:32:26Z INFO [53/500] 03763b46-a5d2-4443-b896-f8576bd92ee2: 117 datasets; 1.5 s; peak memory 1098 MiB.
2026-09-17T21:32:27Z INFO [54/500] 0376e06d-727c-4fef-8e83-262f298427ed: 46 datasets; 1.1 s; peak memory 1098 MiB.
2026-09-17T21:32:30Z INFO [55/500] 03774c71-940e-4149-8d0b-ba76e76e0236: 146 datasets; 3.0 s; peak memory 1098 MiB.
2026-09-17T21:32:38Z INFO [56/500] 03778925-295d-43ad-88cc-0a7f42ab901e: 440 datasets; 8.2 s; peak memory 1098 MiB.
2026-09-17T21:32:39Z INFO [57/500] 0378476f-30d8-4389-9f55-b06da2f87969: 46 datasets; 1.0 s; peak memory 1098 MiB.
2026-09-17T21:32:51Z INFO [58/500] 0378a803-fd3f-4fa4-9923-caf25115bd4b: 792 datasets; 11.8 s; peak memory 1098 MiB.
2026-09-17T21:32:52Z INFO [59/500] 0378ef84-ebd7-4071-9b98-2bca75bbbbfd: 48 datasets; 1.2 s; peak memory 1098 MiB.
2026-09-17T21:32:53Z INFO [60/500] 0379d168-f025-4d92-b771-370c4649d0c4: 52 datasets; 1.1 s; peak memory 1098 MiB.
2026-09-17T21:32:56Z INFO [61/500] 0379d6a0-79d9-4ad9-a764-b1b39654b486: 112 datasets; 2.1 s; peak memory 1098 MiB.
2026-09-17T21:32:58Z INFO [62/500] 037a2481-0021-4d3e-94a9-1d8e2433bc31: 119 datasets; 2.7 s; peak memory 1098 MiB.
2026-09-17T21:33:00Z INFO [63/500] 037cc826-b4af-4b24-96ae-c69590ebb7ad: 46 datasets; 1.4 s; peak memory 1098 MiB.
2026-09-17T21:33:01Z INFO [64/500] 037ccd47-6fbe-44dd-9ba1-56bf4fcead9f: 112 datasets; 1.3 s; peak memory 1098 MiB.
2026-09-17T21:33:05Z INFO [65/500] 037d8044-a686-420e-a16a-f9b7d6882569: 156 datasets; 3.7 s; peak memory 1098 MiB.
2026-09-17T21:33:19Z INFO [66/500] 037dc24e-bf2f-4947-b955-4697dd11e0cb: 98 datasets; 14.1 s; peak memory 1098 MiB.
2026-09-17T21:33:20Z INFO [67/500] 037df688-fca5-4097-88b3-0413aab59c30: 117 datasets; 1.8 s; peak memory 1098 MiB.
2026-09-17T21:33:22Z INFO [68/500] 037ea6ad-f988-4a52-b30e-562c3cc2ff48: 46 datasets; 1.2 s; peak memory 1098 MiB.
2026-09-17T21:33:23Z INFO [69/500] 037f50e6-fae5-42ce-9dc4-11d02b4034b2: 117 datasets; 1.6 s; peak memory 1098 MiB.
2026-09-17T21:33:25Z INFO [70/500] 037fde98-30cd-4670-87be-56f204cfb77f: 52 datasets; 1.5 s; peak memory 1098 MiB.
2026-09-17T21:33:34Z INFO [71/500] 03803394-d5db-424f-9c60-17d991a73213: 538 datasets; 9.0 s; peak memory 1098 MiB.
2026-09-17T21:33:51Z INFO [72/500] 03808049-e471-43e6-a4c4-075e3b3f3974: 277 datasets; 17.3 s; peak memory 1098 MiB.
2026-09-17T21:33:52Z INFO [73/500] 0380e52a-2f7c-43af-b27b-f6fc0841e451: 44 datasets; 1.1 s; peak memory 1098 MiB.
2026-09-17T21:33:58Z INFO [74/500] 038134b3-bc1e-4334-94d0-ae8f198d6b1a: 168 datasets; 5.7 s; peak memory 1098 MiB.
2026-09-17T21:33:59Z INFO [75/500] 038183b2-a835-494d-940b-10a31c6cccc5: 48 datasets; 1.4 s; peak memory 1098 MiB.
2026-09-17T21:34:09Z INFO [76/500] 038194e0-373a-4790-adc4-0c6b11f55738: 56 datasets; 9.2 s; peak memory 1098 MiB.
2026-09-17T21:34:17Z INFO [77/500] 0381be98-811c-4d5b-b081-b55bf974a24f: 537 datasets; 8.5 s; peak memory 1098 MiB.
2026-09-17T21:34:19Z INFO [78/500] 0381de47-4144-482f-a992-96c3a17298eb: 66 datasets; 2.4 s; peak memory 1098 MiB.
2026-09-17T21:34:21Z INFO [79/500] 038234fb-22d2-4c07-928f-12d0c1b51ae4: 48 datasets; 1.4 s; peak memory 1098 MiB.
2026-09-17T21:34:22Z INFO [80/500] 0382536b-e6b3-454c-873a-5ed0dc1a43e8: 48 datasets; 1.3 s; peak memory 1098 MiB.
2026-09-17T21:34:24Z INFO [81/500] 03825f7f-c4a4-477e-a9a8-7d04f1c54d1e: 48 datasets; 1.5 s; peak memory 1098 MiB.
2026-09-17T21:34:26Z INFO [82/500] 038272e9-ecd2-42a0-9f42-9cab74b414aa: 71 datasets; 2.3 s; peak memory 1098 MiB.
2026-09-17T21:34:28Z INFO [83/500] 0384894a-ba22-4def-b826-358147c4a6ac: 118 datasets; 2.0 s; peak memory 1098 MiB.
2026-09-17T21:34:30Z INFO [84/500] 0384e90d-2a50-472b-a550-0453a40ad71d: 112 datasets; 1.8 s; peak memory 1098 MiB.
2026-09-17T21:34:37Z INFO [85/500] 0384f663-434d-4c13-be2c-4647b82f3df9: 544 datasets; 7.5 s; peak memory 1098 MiB.
2026-09-17T21:34:39Z INFO [86/500] 03856ec4-c434-4210-9f5b-13ca6e24194b: 117 datasets; 1.6 s; peak memory 1098 MiB.
2026-09-17T21:34:40Z INFO [87/500] 0385905e-2a51-48fa-bf1a-9cf23edc22fb: 42 datasets; 1.4 s; peak memory 1098 MiB.
2026-09-17T21:34:42Z INFO [88/500] 0386a02a-eaff-4478-b1f4-a938a2160048: 112 datasets; 1.6 s; peak memory 1098 MiB.
2026-09-17T21:34:44Z INFO [89/500] 0386b5ca-8880-4c62-9131-9220e031e0c5: 86 datasets; 2.2 s; peak memory 1098 MiB.
2026-09-17T21:38:38Z INFO [90/500] 0387b816-4191-4a71-9ace-6e2db1b542e3: 269 datasets; 233.6 s; peak memory 1098 MiB.
2026-09-17T21:38:39Z INFO [91/500] 0387d379-e527-4ccd-a19d-65f67cbc57e9: 54 datasets; 1.1 s; peak memory 1098 MiB.
2026-09-17T21:38:45Z INFO [92/500] 03881080-0cee-4919-98a4-c6935d8728f5: 223 datasets; 6.8 s; peak memory 1098 MiB.
2026-09-17T21:39:05Z INFO [93/500] 038886df-d3d1-40a6-a2af-d7ca9b52f7a9: 428 datasets; 19.9 s; peak memory 1098 MiB.
2026-09-17T21:40:17Z INFO [94/500] 03889d5a-cb7b-4075-9e29-76998f7b4415: 121 datasets; 71.8 s; peak memory 1098 MiB.
2026-09-17T21:40:19Z INFO [95/500] 038a042a-5490-4cf6-8378-9588f87dd5a1: 70 datasets; 2.1 s; peak memory 1098 MiB.
2026-09-17T21:40:21Z INFO [96/500] 038a4292-b217-470f-a391-05e1c74b98d4: 66 datasets; 1.9 s; peak memory 1098 MiB.
2026-09-17T21:40:39Z INFO [97/500] 038b3ef0-9086-42a9-9bad-3fa4363ad2d3: 1703 datasets; 17.7 s; peak memory 1098 MiB.
2026-09-17T21:40:41Z INFO [98/500] 038b8a2c-7110-4968-b26a-833665d3e660: 52 datasets; 1.5 s; peak memory 1098 MiB.
2026-09-17T21:40:42Z INFO [99/500] 038b916d-c662-41f5-b252-be5af7f16f1b: 48 datasets; 1.4 s; peak memory 1098 MiB.
2026-09-17T21:40:43Z INFO [100/500] 038bb7af-8f71-4efe-94de-42cd1a53645f: 48 datasets; 1.4 s; peak memory 1098 MiB.
2026-09-17T21:40:43Z INFO [100/500] 038bb7af-8f71-4efe-94de-42cd1a53645f: checkpointed 48630 records.
2026-09-17T21:40:47Z INFO [101/500] 038bd1e2-e633-4df0-9339-f4f0f53892c0: 138 datasets; 3.7 s; peak memory 1098 MiB.
2026-09-17T21:40:49Z INFO [102/500] 038c0213-f647-4242-8202-9c2d8ac11f9a: 48 datasets; 1.4 s; peak memory 1098 MiB.
2026-09-17T21:40:50Z INFO [103/500] 038c0e2e-ce3f-4d9f-bc7f-39cb36d79973: 66 datasets; 1.8 s; peak memory 1098 MiB.
2026-09-17T21:40:52Z INFO [104/500] 038c8610-fc84-4f5e-bd30-a02b0cd2f71a: 112 datasets; 2.0 s; peak memory 1098 MiB.
2026-09-17T21:40:54Z INFO [105/500] 038d3a18-6555-4ffa-8e6a-4c729c1cae03: 48 datasets; 1.3 s; peak memory 1098 MiB.
2026-09-17T21:42:58Z INFO [106/500] 038e83e3-15c5-4c4b-b7f6-c963c08872a4: 190 datasets; 124.3 s; peak memory 1098 MiB.
2026-09-17T22:33:57Z INFO [107/500] 038e862e-af4c-41e5-b854-df32655313a2: 46 datasets; 3058.9 s; peak memory 1099 MiB.
2026-09-17T22:33:59Z INFO [108/500] 038e9f92-1210-476e-ba7d-074d3556f11f: 69 datasets; 1.9 s; peak memory 1099 MiB.
2026-09-17T22:34:01Z INFO [109/500] 038fcdba-f7db-4d74-948d-a3ac9cfd5915: 70 datasets; 1.8 s; peak memory 1099 MiB.
2026-09-17T22:36:02Z INFO [110/500] 039207c0-4a31-4e05-ad1e-ae1fd5f680c9: 167 datasets; 121.4 s; peak memory 1099 MiB.
2026-09-17T22:36:35Z INFO [111/500] 03922b26-2eef-463d-a371-53a5f646996a: 36 datasets; 33.0 s; peak memory 1099 MiB.
2026-09-17T22:36:36Z INFO [112/500] 0392390a-1394-43ec-8f92-a41ff48a5330: 48 datasets; 1.5 s; peak memory 1099 MiB.
2026-09-17T22:36:38Z INFO [113/500] 039270cd-caf4-41aa-9915-2db759fa38f0: 48 datasets; 1.3 s; peak memory 1099 MiB.
2026-09-17T22:36:39Z INFO [114/500] 0392fa54-4a52-4f0e-9d53-7075f1c28b4c: 117 datasets; 1.6 s; peak memory 1099 MiB.
2026-09-17T22:36:42Z INFO [115/500] 03931d6a-9e56-4814-970e-f001e480b8ff: 53 datasets; 2.6 s; peak memory 1099 MiB.
2026-09-17T22:36:51Z INFO [116/500] 03931e1c-d46d-4a66-9463-89358dea1f67: 288 datasets; 9.4 s; peak memory 1099 MiB.
2026-09-17T22:36:53Z INFO [117/500] 03933ea7-7826-4186-ae73-3a8d682e4f91: 70 datasets; 2.0 s; peak memory 1099 MiB.
2026-09-17T22:37:03Z INFO [118/500] 03938cf8-73c2-43e3-b780-3e71ef11af85: 568 datasets; 10.0 s; peak memory 1099 MiB.
2026-09-17T22:37:05Z INFO [119/500] 0393e4a6-ef56-4c93-b8ac-c57261604b59: 48 datasets; 1.4 s; peak memory 1099 MiB.
2026-09-17T22:37:06Z INFO [120/500] 03941e56-4e9e-4d62-9ad1-8e888d8334c2: 116 datasets; 1.7 s; peak memory 1099 MiB.
2026-09-17T22:37:15Z INFO [121/500] 039703c1-53c3-4e73-a60e-f10d7dbe6e94: 38 datasets; 8.5 s; peak memory 1099 MiB.
2026-09-17T22:37:16Z INFO [122/500] 0397ef67-0ee3-4089-9ba2-a67dc785574e: 57 datasets; 1.1 s; peak memory 1099 MiB.
2026-09-17T22:37:18Z INFO [123/500] 03996b24-aa29-4a9f-9e7d-afc90dd192bc: 117 datasets; 1.6 s; peak memory 1099 MiB.
2026-09-17T22:37:19Z INFO [124/500] 0399c9f9-f6e5-4b05-bc4b-f0976b098de7: 52 datasets; 1.6 s; peak memory 1099 MiB.
2026-09-17T22:37:31Z INFO [125/500] 039a8e9f-03ab-42ce-ab23-f7f1917c8efc: 763 datasets; 11.9 s; peak memory 1099 MiB.
2026-09-17T22:37:33Z INFO [126/500] 039aca19-51c5-417f-b025-f289b5a126e8: 48 datasets; 1.4 s; peak memory 1099 MiB.
2026-09-17T22:37:34Z INFO [127/500] 039d7c13-1b49-478e-b185-0da55623d5e4: 112 datasets; 1.8 s; peak memory 1099 MiB.
2026-09-17T22:37:36Z INFO [128/500] 039dfb93-755f-42dd-ba72-72eb816d1896: 48 datasets; 1.4 s; peak memory 1099 MiB.
2026-09-17T22:37:37Z INFO [129/500] 039e6a41-6d9e-4f0e-ae11-4eb371eeb343: 79 datasets; 1.7 s; peak memory 1099 MiB.
2026-09-17T22:37:39Z INFO [130/500] 039f006c-4037-4ce5-bef0-b242cda999cc: 48 datasets; 1.4 s; peak memory 1099 MiB.
2026-09-17T22:37:40Z INFO [131/500] 039f59ff-aba0-49e4-89d6-a1d348efaccb: 69 datasets; 1.7 s; peak memory 1099 MiB.
2026-09-17T22:37:43Z INFO [132/500] 03a17e83-a36b-4d24-b5b3-0d96f7605f30: 81 datasets; 2.7 s; peak memory 1099 MiB.
2026-09-17T22:37:45Z INFO [133/500] 03a1ce5e-d662-4fb7-8ed3-d30673b7fa91: 112 datasets; 1.8 s; peak memory 1099 MiB.
2026-09-17T22:37:47Z INFO [134/500] 03a26f08-21ed-4f08-be0e-faa65c3bcb32: 116 datasets; 1.7 s; peak memory 1099 MiB.
2026-09-17T22:37:49Z INFO [135/500] 03a2737c-b6ef-4224-aca3-7f33b8d06a4b: 71 datasets; 2.5 s; peak memory 1099 MiB.
2026-09-17T22:37:56Z INFO [136/500] 03a2f8b6-7b65-4b54-acc3-8cbf488ab5bf: 436 datasets; 6.8 s; peak memory 1099 MiB.
2026-09-17T22:37:57Z INFO [137/500] 03a3b0b4-315d-4444-a022-99405b0c50a0: 58 datasets; 1.1 s; peak memory 1099 MiB.
2026-09-17T22:37:58Z INFO [138/500] 03a439fd-b93b-4820-92ab-8df48b85f4c8: 117 datasets; 1.5 s; peak memory 1099 MiB.
2026-09-17T22:38:00Z INFO [139/500] 03a49dc1-dfcb-4697-8e81-ef96a9c512bb: 48 datasets; 1.4 s; peak memory 1099 MiB.
2026-09-17T22:38:06Z INFO [140/500] 03a5817e-9949-455f-9c24-6da9777c5cb4: 537 datasets; 6.4 s; peak memory 1099 MiB.
2026-09-17T22:38:08Z INFO [141/500] 03a5d4d1-7069-4cb7-821f-eead93b6e976: 174 datasets; 1.8 s; peak memory 1099 MiB.
2026-09-17T22:38:10Z INFO [142/500] 03a66085-f01b-4651-b51b-9fc9e3f9aaf6: 66 datasets; 1.9 s; peak memory 1099 MiB.
2026-09-17T22:38:17Z INFO [143/500] 03a6e32d-5e20-4bc7-990b-a5c5eb7a0f7d: 506 datasets; 7.0 s; peak memory 1099 MiB.
2026-09-17T22:38:19Z INFO [144/500] 03a7eb27-bc12-4a72-ba0a-0b28599e37f8: 117 datasets; 1.7 s; peak memory 1099 MiB.
2026-09-17T22:38:21Z INFO [145/500] 03a80078-da03-4c6d-aef4-b00b87402bcb: 93 datasets; 2.1 s; peak memory 1099 MiB.
2026-09-17T22:38:23Z INFO [146/500] 03a8c3ec-dc5d-4de7-86d8-e6d5fa08c477: 71 datasets; 2.6 s; peak memory 1099 MiB.
2026-09-17T22:38:26Z INFO [147/500] 03a943f2-7463-46cc-a392-d82e0a864d6d: 38 datasets; 2.9 s; peak memory 1099 MiB.
2026-09-17T22:38:27Z INFO [148/500] 03a96456-38e0-445b-a831-879d39840db6: 45 datasets; 1.0 s; peak memory 1099 MiB.
2026-09-17T22:38:30Z INFO [149/500] 03a96c44-87eb-4f77-9638-8088f7bc77b2: 57 datasets; 2.4 s; peak memory 1099 MiB.
2026-09-17T22:38:31Z INFO [150/500] 03a99fed-ec35-4e20-bf74-cef5a8de0876: 48 datasets; 1.5 s; peak memory 1099 MiB.
2026-09-17T22:38:31Z INFO [150/500] 03a99fed-ec35-4e20-bf74-cef5a8de0876: checkpointed 48680 records.
2026-09-17T22:38:33Z INFO [151/500] 03aa8a88-246f-4e78-a21b-345697d61e0f: 112 datasets; 2.2 s; peak memory 1099 MiB.
2026-09-17T22:38:41Z INFO [152/500] 03abf0d0-58e8-40d8-81fc-45bad31188cb: 571 datasets; 7.3 s; peak memory 1099 MiB.
2026-09-17T22:38:42Z INFO [153/500] 03ad9338-798c-4b6f-b1c6-81c3db7d7515: 116 datasets; 1.6 s; peak memory 1099 MiB.
2026-09-17T22:38:49Z INFO [154/500] 03adfaa8-453f-47b4-a749-83cbce65e1de: 223 datasets; 6.6 s; peak memory 1099 MiB.
2026-09-17T22:39:10Z INFO [155/500] 03af6b84-ea4e-4b97-aeb8-fd8a24148e8b: 282 datasets; 21.4 s; peak memory 1099 MiB.
2026-09-17T22:39:12Z INFO [156/500] 03af7007-63c3-494b-a4ae-e0d0b152c576: 110 datasets; 2.3 s; peak memory 1099 MiB.
2026-09-17T22:39:21Z INFO [157/500] 03af8f6d-e3dd-4250-8291-ea6328be6966: 1120 datasets; 8.8 s; peak memory 1099 MiB.
2026-09-17T22:39:23Z INFO [158/500] 03b00359-ddd3-43c4-84f3-d85fa08623d0: 110 datasets; 2.0 s; peak memory 1099 MiB.
2026-09-17T22:39:25Z INFO [159/500] 03b0391e-7304-4649-8266-b3f9cc2b3371: 117 datasets; 1.9 s; peak memory 1099 MiB.
2026-09-17T22:39:26Z INFO [160/500] 03b2638f-dfdc-4050-a52f-f373ce725ea4: 48 datasets; 1.4 s; peak memory 1099 MiB.
2026-09-17T22:39:28Z INFO [161/500] 03b27246-cf92-4875-aa20-9806865f4638: 48 datasets; 1.4 s; peak memory 1099 MiB.
2026-09-17T22:39:30Z INFO [162/500] 03b35f10-4401-4f10-9032-c14efb73f401: 117 datasets; 1.8 s; peak memory 1099 MiB.
2026-09-17T22:39:31Z INFO [163/500] 03b39d0f-f7c6-4d67-899e-0deef00ecbc4: 48 datasets; 1.4 s; peak memory 1099 MiB.
2026-09-17T22:39:33Z INFO [164/500] 03b3c918-b0fe-4070-88ed-c1180b765d6a: 118 datasets; 1.6 s; peak memory 1099 MiB.
2026-09-17T22:39:51Z INFO [165/500] 03b49e97-c601-4867-8140-9f9f9a881446: 1324 datasets; 18.5 s; peak memory 1099 MiB.
2026-09-17T22:39:52Z INFO [166/500] 03b508ab-20c0-4e88-929e-9b4345f4c262: 57 datasets; 1.1 s; peak memory 1099 MiB.
2026-09-17T22:40:02Z INFO [167/500] 03b5a503-be05-46c9-926a-776e632eae61: 106 datasets; 9.5 s; peak memory 1099 MiB.
2026-09-17T22:40:05Z INFO [168/500] 03b5b3e0-5c49-4b4b-8c8e-8f7ae6f869f4: 140 datasets; 2.9 s; peak memory 1099 MiB.
2026-09-17T22:40:21Z INFO [169/500] 03b5fa08-4dd1-49d6-8b38-539f4c6eea6e: 47 datasets; 16.2 s; peak memory 1099 MiB.
2026-09-17T22:40:25Z INFO [170/500] 03b5fd74-4578-4bb5-84fb-18d1e6f92c81: 153 datasets; 4.0 s; peak memory 1099 MiB.
2026-09-17T22:42:23Z INFO [171/500] 03b6d20b-8942-455b-8885-3f4efc436ace: 62 datasets; 118.6 s; peak memory 1099 MiB.
2026-09-17T22:42:26Z INFO [172/500] 03b6ef09-af93-42b0-8093-c751cb9d7d05: 112 datasets; 2.1 s; peak memory 1099 MiB.
2026-09-17T22:42:29Z INFO [173/500] 03b70f23-043a-4a93-b695-78fa65057de7: 115 datasets; 3.0 s; peak memory 1099 MiB.
2026-09-17T22:42:30Z INFO [174/500] 03b84871-2dfb-430f-93d5-876a5947376a: 117 datasets; 1.5 s; peak memory 1099 MiB.
2026-09-17T22:42:31Z INFO [175/500] 03b8a104-a365-412c-95c8-b3277fca4008: 46 datasets; 1.1 s; peak memory 1099 MiB.
2026-09-17T22:42:33Z INFO [176/500] 03b934ea-1d1b-4f62-861d-2a0108287964: 69 datasets; 1.6 s; peak memory 1099 MiB.
2026-09-17T22:42:34Z INFO [177/500] 03b9518f-4d72-4693-a07f-95d1ecb76873: 117 datasets; 1.4 s; peak memory 1099 MiB.
2026-09-17T22:42:35Z INFO [178/500] 03ba0c91-25d7-4243-aa81-04e239526f1d: 35 datasets; 1.0 s; peak memory 1099 MiB.
2026-09-17T22:42:37Z INFO [179/500] 03baecf3-0b14-4149-a7a7-6f47fa69e251: 116 datasets; 1.8 s; peak memory 1099 MiB.
2026-09-17T22:42:39Z INFO [180/500] 03bb4414-0ef0-46ea-a313-a785d7e1f0d6: 48 datasets; 1.4 s; peak memory 1099 MiB.
2026-09-17T22:42:40Z INFO [181/500] 03bb5284-35df-48b2-9c30-5c38f948d9d1: 48 datasets; 1.3 s; peak memory 1099 MiB.
2026-09-17T22:42:42Z INFO [182/500] 03bb6b02-bf0b-4e29-a6a1-f2fd67292c0f: 289 datasets; 2.1 s; peak memory 1099 MiB.
2026-09-17T22:42:44Z INFO [183/500] 03bbc9f4-e57e-44d0-b958-ed4ef8bf68ad: 52 datasets; 1.6 s; peak memory 1099 MiB.
2026-09-17T22:42:45Z INFO [184/500] 03bc7027-065b-4595-b8cf-d3b4c40a410d: 46 datasets; 1.1 s; peak memory 1099 MiB.
2026-09-17T23:08:23Z INFO [185/500] 03bdf982-6d4b-4f31-901c-ea3828450718: 102 datasets; 1538.6 s; peak memory 1113 MiB.
2026-09-17T23:08:25Z INFO [186/500] 03be1195-3611-40c9-8506-6bdfee89b09f: 53 datasets; 2.2 s; peak memory 1113 MiB.
2026-09-17T23:08:28Z INFO [187/500] 03be98df-ae6c-47e0-8a17-9d1b0bc3804e: 119 datasets; 2.8 s; peak memory 1113 MiB.
2026-09-17T23:08:30Z INFO [188/500] 03becee8-5e6d-45c8-8719-2d26c85017db: 112 datasets; 2.0 s; peak memory 1113 MiB.
2026-09-17T23:08:32Z INFO [189/500] 03bf086e-0d40-4c23-a20f-c0448d6789ea: 118 datasets; 1.6 s; peak memory 1113 MiB.
2026-09-17T23:08:34Z INFO [190/500] 03bf6b6a-3e24-4beb-828a-684c37ae4e23: 112 datasets; 2.2 s; peak memory 1113 MiB.
2026-09-17T23:08:35Z INFO [191/500] 03bfb8a3-deb2-49a4-bf41-0a4089431d57: 63 datasets; 1.4 s; peak memory 1113 MiB.
2026-09-17T23:08:39Z INFO [192/500] 03c0c9a6-0fb6-4ffb-b7eb-9d4ad30c5be8: 156 datasets; 3.8 s; peak memory 1113 MiB.
2026-09-17T23:08:41Z INFO [193/500] 03c16da4-e708-4e3e-9d52-bc2a675881eb: 48 datasets; 1.4 s; peak memory 1113 MiB.
2026-09-17T23:08:43Z INFO [194/500] 03c19c14-8b10-4af9-86e2-30653c64c4b1: 66 datasets; 2.5 s; peak memory 1113 MiB.
2026-09-17T23:08:52Z INFO [195/500] 03c34f85-48fd-4e87-b43f-f670dabd1a86: 61 datasets; 8.4 s; peak memory 1113 MiB.
2026-09-17T23:08:53Z INFO [196/500] 03c39874-db50-43c4-9d8f-e43f08a9cf3c: 66 datasets; 1.9 s; peak memory 1113 MiB.
2026-09-17T23:08:55Z INFO [197/500] 03c43af3-a5b1-4e72-85db-ba12e3748656: 48 datasets; 1.3 s; peak memory 1113 MiB.
2026-09-17T23:08:56Z INFO [198/500] 03c521af-1033-456f-a758-accaedaff4f3: 48 datasets; 1.2 s; peak memory 1113 MiB.
2026-09-17T23:08:58Z INFO [199/500] 03c65b1c-0849-4035-850b-5da6ded7f989: 117 datasets; 1.6 s; peak memory 1113 MiB.
2026-09-17T23:08:59Z INFO [200/500] 03c68a5d-629d-4cd1-a269-6d8f26c0389d: 48 datasets; 1.3 s; peak memory 1113 MiB.
2026-09-17T23:08:59Z INFO [200/500] 03c68a5d-629d-4cd1-a269-6d8f26c0389d: checkpointed 48730 records.
2026-09-17T23:09:01Z INFO [201/500] 03c70e32-eed3-4aa3-a9e9-34eb94bf6366: 59 datasets; 1.9 s; peak memory 1113 MiB.
2026-09-17T23:09:02Z INFO [202/500] 03c783ac-89a0-4004-b758-2ee5c894d633: 48 datasets; 1.3 s; peak memory 1113 MiB.
2026-09-17T23:09:04Z INFO [203/500] 03c7bf13-2ca7-45d0-a1ef-ec6730d9c14f: 66 datasets; 2.1 s; peak memory 1113 MiB.
2026-09-17T23:09:06Z INFO [204/500] 03c822e8-1c6b-49bf-a782-08f32ad4bae0: 112 datasets; 1.9 s; peak memory 1113 MiB.
2026-09-17T23:09:07Z INFO [205/500] 03c9b621-be88-4792-b475-d94a09fd183e: 46 datasets; 1.1 s; peak memory 1113 MiB.
2026-09-17T23:09:11Z INFO [206/500] 03caf4d3-2d41-4870-94a3-c6440d69de25: 106 datasets; 4.2 s; peak memory 1113 MiB.
2026-09-17T23:09:13Z INFO [207/500] 03cb6af4-899a-412d-a60d-e99a6401cf68: 112 datasets; 1.9 s; peak memory 1113 MiB.
2026-09-17T23:09:24Z INFO [208/500] 03cb7096-f086-431d-afb2-69d4d4382f73: 391 datasets; 10.6 s; peak memory 1113 MiB.
2026-09-17T23:09:27Z INFO [209/500] 03cdc9b3-30d6-4cde-a777-8820b8ae67ab: 114 datasets; 2.9 s; peak memory 1113 MiB.
2026-09-17T23:09:29Z INFO [210/500] 03ce16b8-c6fd-404d-b976-4e46859c83f4: 71 datasets; 2.5 s; peak memory 1113 MiB.
2026-09-17T23:09:39Z INFO [211/500] 03ced12b-f056-4906-9e0a-ba72103efb8d: 56 datasets; 9.1 s; peak memory 1113 MiB.
2026-09-17T23:09:40Z INFO [212/500] 03cfdf88-0534-4f8d-b8e6-977a69fe76d5: 69 datasets; 1.9 s; peak memory 1113 MiB.
2026-09-17T23:09:42Z INFO [213/500] 03d0040b-8397-4d53-956b-e0c93e792bbd: 48 datasets; 1.4 s; peak memory 1113 MiB.
2026-09-17T23:09:43Z INFO [214/500] 03d07605-258a-4676-a97b-4e088c19aedd: 116 datasets; 1.6 s; peak memory 1113 MiB.
2026-09-17T23:09:47Z INFO [215/500] 03d08bd5-0910-4d5b-b6fa-63186462c868: 116 datasets; 3.5 s; peak memory 1113 MiB.
2026-09-17T23:09:48Z INFO [216/500] 03d11f44-9f9a-4f45-8b92-a02f7ea880f7: 119 datasets; 1.3 s; peak memory 1113 MiB.
2026-09-17T23:10:03Z INFO [217/500] 03d1381e-d6aa-40de-b763-59fa49a8ae0b: 247 datasets; 14.9 s; peak memory 1113 MiB.
2026-09-17T23:10:05Z INFO [218/500] 03d14de2-11cb-494a-8bbc-d70546313137: 112 datasets; 2.1 s; peak memory 1113 MiB.
2026-09-17T23:10:07Z INFO [219/500] 03d1b835-91dd-468b-97af-963cae29d521: 65 datasets; 1.5 s; peak memory 1113 MiB.
2026-09-17T23:10:08Z INFO [220/500] 03d20e1e-c30a-4b6a-98ac-1d5f01db1930: 117 datasets; 1.7 s; peak memory 1113 MiB.
2026-09-17T23:10:10Z INFO [221/500] 03d329e6-a1ad-4217-916a-b76adbd089f3: 117 datasets; 1.6 s; peak memory 1113 MiB.
2026-09-17T23:10:11Z INFO [222/500] 03d32e21-7f60-408c-9723-0acbcb22160d: 48 datasets; 1.4 s; peak memory 1113 MiB.
2026-09-17T23:10:13Z INFO [223/500] 03d371e1-05dd-4eae-91c3-d4ded3e8fdc1: 112 datasets; 2.3 s; peak memory 1113 MiB.
2026-09-17T23:10:15Z INFO [224/500] 03d4d97b-3b1e-4e00-9dce-2251fb9f5c10: 21 datasets; 1.0 s; peak memory 1113 MiB.
2026-09-17T23:10:16Z INFO [225/500] 03d5ed0b-744e-46e1-ab8b-37d7408cbaca: 41 datasets; 1.3 s; peak memory 1113 MiB.
2026-09-17T23:10:17Z INFO [226/500] 03d794a1-4767-4870-8cfe-fa177048a5b9: 48 datasets; 1.4 s; peak memory 1113 MiB.
2026-09-17T23:10:20Z INFO [227/500] 03d7f67e-714f-4e00-a364-90e347101b87: 84 datasets; 3.2 s; peak memory 1113 MiB.
2026-09-17T23:10:31Z INFO [228/500] 03d94654-76d5-4918-9cce-9f7f91d7de9e: 1053 datasets; 10.9 s; peak memory 1113 MiB.
2026-09-17T23:10:32Z INFO [229/500] 03dbac81-de7f-438a-bf55-62b6d688ad8a: 37 datasets; 1.0 s; peak memory 1113 MiB.
2026-09-17T23:12:03Z INFO [230/500] 03dd367b-c8a5-4103-8168-2c376f573d0e: 394 datasets; 90.5 s; peak memory 1113 MiB.
2026-09-17T23:12:10Z INFO [231/500] 03de4b32-beca-4329-9259-9744145a8d62: 484 datasets; 7.5 s; peak memory 1113 MiB.
2026-09-17T23:12:12Z INFO [232/500] 03df35a8-2fc8-42b4-87d5-b138b4481ac8: 48 datasets; 1.4 s; peak memory 1113 MiB.
2026-09-17T23:12:14Z INFO [233/500] 03df852b-6e9a-4c2c-9353-16514524c45b: 112 datasets; 1.8 s; peak memory 1113 MiB.
2026-09-17T23:12:15Z INFO [234/500] 03e1134b-77fd-48b3-81d6-bab61553b6a7: 48 datasets; 1.4 s; peak memory 1113 MiB.
2026-09-17T23:12:16Z INFO [235/500] 03e1d695-0111-4856-bea2-eda67da0f3fc: 116 datasets; 1.6 s; peak memory 1113 MiB.
2026-09-17T23:12:18Z INFO [236/500] 03e2d6ba-7a8c-4eb7-8015-c741f4f42704: 51 datasets; 1.8 s; peak memory 1113 MiB.
2026-09-17T23:12:20Z INFO [237/500] 03e33b55-5ae4-4361-b275-22db1e778545: 48 datasets; 1.5 s; peak memory 1113 MiB.
2026-09-17T23:12:21Z INFO [238/500] 03e3ce8a-c548-4567-a700-b72ec6b654db: 52 datasets; 1.7 s; peak memory 1113 MiB.
2026-09-17T23:12:23Z INFO [239/500] 03e3eb31-e31a-4994-9d8a-66c73ec842f8: 62 datasets; 1.6 s; peak memory 1113 MiB.
2026-09-17T23:14:19Z INFO [240/500] 03e4e22c-3828-4b9e-81ae-fc232f95b7b7: 280 datasets; 116.3 s; peak memory 1113 MiB.
2026-09-17T23:14:40Z INFO [241/500] 03e5b037-451e-4282-9289-c7acdfc3d9e7: 48 datasets; 20.9 s; peak memory 1113 MiB.
2026-09-17T23:15:18Z INFO [242/500] 03e5f51d-60df-46c6-beb9-6613388170fd: 36 datasets; 37.3 s; peak memory 1113 MiB.
2026-09-17T23:15:19Z INFO [243/500] 03e6aadc-eaba-4a6e-a0e2-247c6a49ec10: 48 datasets; 1.4 s; peak memory 1113 MiB.
2026-09-17T23:15:21Z INFO [244/500] 03e78578-c95b-4139-9fda-66f774028dfa: 112 datasets; 2.0 s; peak memory 1113 MiB.
2026-09-17T23:15:54Z INFO [245/500] 03e7de10-be8c-44ba-8c26-454bb392ae81: 5098 datasets; 33.1 s; peak memory 1113 MiB.
2026-09-17T23:15:56Z INFO [246/500] 03e8193f-79ad-4c50-aaf3-8dc2effa26b1: 59 datasets; 2.0 s; peak memory 1113 MiB.
2026-09-17T23:15:57Z INFO [247/500] 03e82f2d-84a8-4de7-a091-915cb50e8483: 33 datasets; 1.4 s; peak memory 1113 MiB.
2026-09-17T23:16:00Z INFO [248/500] 03e86e6a-e980-44eb-821d-89c8ba233ad5: 71 datasets; 2.3 s; peak memory 1113 MiB.
2026-09-17T23:16:01Z INFO [249/500] 03e8ca1d-9e8c-456f-b38e-59dfa29e8f40: 117 datasets; 1.6 s; peak memory 1113 MiB.
2026-09-17T23:16:05Z INFO [250/500] 03e9a542-6e32-4e55-b5b7-98f9a625795d: 168 datasets; 3.4 s; peak memory 1113 MiB.
2026-09-17T23:16:05Z INFO [250/500] 03e9a542-6e32-4e55-b5b7-98f9a625795d: checkpointed 48780 records.
2026-09-17T23:16:08Z INFO [251/500] 03e9b575-7c10-4266-8c8e-1a543458f42a: 158 datasets; 2.7 s; peak memory 1113 MiB.
2026-09-17T23:16:09Z INFO [252/500] 03ea0039-025f-4fce-94de-6e0a64d607d7: 117 datasets; 1.5 s; peak memory 1113 MiB.
2026-09-18T00:01:24Z INFO [253/500] 03ea64d7-28d9-401e-ac61-aa251cbffa71: 1825 datasets; 2714.9 s; peak memory 1120 MiB.
2026-09-18T00:01:26Z INFO [254/500] 03eb974e-41e4-4675-9c2a-d9549c006da5: 77 datasets; 1.6 s; peak memory 1120 MiB.
2026-09-18T00:01:28Z INFO [255/500] 03ec0b0d-8399-4b63-8a42-4cba1609cb4f: 71 datasets; 2.6 s; peak memory 1120 MiB.
2026-09-18T00:01:30Z INFO [256/500] 03ec1c40-d2be-4b16-a13c-4bdfb5070db7: 110 datasets; 1.8 s; peak memory 1120 MiB.
2026-09-18T00:01:32Z INFO [257/500] 03ec5a4f-3173-42f8-850c-15ed08aed12c: 112 datasets; 2.1 s; peak memory 1120 MiB.
2026-09-18T00:01:43Z INFO [258/500] 03ecbdfe-ab2e-49a1-8105-35c0e68b2375: 44 datasets; 11.3 s; peak memory 1120 MiB.
2026-09-18T00:02:51Z INFO [259/500] 03eea484-e3c5-4e78-a5da-da00dd567585: 7174 datasets; 67.1 s; peak memory 1120 MiB.
2026-09-18T00:02:52Z INFO [260/500] 03eea5a4-038d-4f00-ac1f-b6354a112958: 48 datasets; 1.5 s; peak memory 1120 MiB.
2026-09-18T00:02:55Z INFO [261/500] 03ef2886-16d4-4dad-a144-f842850112b7: 119 datasets; 3.4 s; peak memory 1120 MiB.
2026-09-18T00:02:57Z INFO [262/500] 03f0ba9a-9fba-4fbd-90e9-1fa2550d6e69: 117 datasets; 1.6 s; peak memory 1120 MiB.
2026-09-18T00:02:59Z INFO [263/500] 03f14658-7775-40db-91c7-631753f4a679: 46 datasets; 1.5 s; peak memory 1120 MiB.
2026-09-18T00:03:00Z INFO [264/500] 03f1c800-065e-49c5-ace1-c5c7c82e504d: 48 datasets; 1.4 s; peak memory 1120 MiB.
2026-09-18T00:03:54Z INFO [265/500] 03f1cdc0-68da-4bb2-bf8e-1e3c8775ced3: 5597 datasets; 53.6 s; peak memory 1120 MiB.
2026-09-18T00:04:05Z INFO [266/500] 03f2eca9-62ef-4346-a121-eed00bcea895: 336 datasets; 11.6 s; peak memory 1120 MiB.
2026-09-18T00:04:06Z INFO [267/500] 03f2f433-cf73-4234-9ab5-77fb454001c7: 57 datasets; 1.1 s; peak memory 1120 MiB.
2026-09-18T00:04:09Z INFO [268/500] 03f4ae5c-122a-49eb-8157-a17e7b3d53a0: 66 datasets; 2.3 s; peak memory 1120 MiB.
2026-09-18T00:04:10Z INFO [269/500] 03f58e87-27be-4323-9e18-ef5f2d6ce202: 113 datasets; 1.6 s; peak memory 1120 MiB.
2026-09-18T00:04:17Z INFO [270/500] 03f5a363-67cf-46d8-a613-1cd18948c791: 200 datasets; 6.5 s; peak memory 1120 MiB.
2026-09-18T00:04:18Z INFO [271/500] 03f5e816-978b-4392-8af8-b6e00418d508: 117 datasets; 1.7 s; peak memory 1120 MiB.
2026-09-18T00:04:20Z INFO [272/500] 03f67660-6b21-4123-bacf-d99035183cc7: 48 datasets; 1.4 s; peak memory 1120 MiB.
2026-09-18T00:04:33Z INFO [273/500] 03f6ad99-e66c-40de-8912-9a6393f281b7: 634 datasets; 13.6 s; peak memory 1120 MiB.
2026-09-18T00:04:51Z INFO [274/500] 03f75ed7-0bb7-4ba9-83b4-6cb8ce276b1c: 432 datasets; 17.1 s; peak memory 1120 MiB.
2026-09-18T00:05:02Z INFO [275/500] 03f849ed-271b-4c8e-86ff-557e856af8ec: 11477 datasets; 11.0 s; peak memory 1120 MiB.
2026-09-18T00:05:04Z INFO [276/500] 03f87c79-0a7c-4d3d-b676-7ff81d9b5dcf: 119 datasets; 2.7 s; peak memory 1120 MiB.
2026-09-18T00:05:06Z INFO [277/500] 03f95264-aa26-4e01-93c6-8d8f4d6f46b3: 62 datasets; 1.9 s; peak memory 1120 MiB.
2026-09-18T00:05:08Z INFO [278/500] 03f990bb-c6a3-4a69-be61-90842db7d664: 117 datasets; 1.6 s; peak memory 1120 MiB.
2026-09-18T00:05:10Z INFO [279/500] 03f9b1bd-51c7-4eef-8e61-ab29a32f7ac1: 47 datasets; 2.0 s; peak memory 1120 MiB.
2026-09-18T00:05:16Z INFO [280/500] 03f9d437-7e12-4a54-8692-484facb224fe: 468 datasets; 6.7 s; peak memory 1120 MiB.
2026-09-18T00:05:19Z INFO [281/500] 03fa51fd-8756-4ac0-bf11-a50656ee1fd7: 38 datasets; 3.0 s; peak memory 1120 MiB.
2026-09-18T00:05:21Z INFO [282/500] 03fa5eb8-b22b-442c-9fa6-a02250575411: 37 datasets; 1.1 s; peak memory 1120 MiB.
2026-09-18T00:05:39Z INFO [283/500] 03fc3197-8d0c-4434-ab39-b6ce97caec27: 41 datasets; 18.1 s; peak memory 1120 MiB.
2026-09-18T00:05:40Z INFO [284/500] 03fc56b6-a2c4-40a3-a0f7-174a7b178021: 48 datasets; 1.3 s; peak memory 1120 MiB.
2026-09-18T00:05:44Z INFO [285/500] 03fc72cb-2d4b-492a-a242-7d8731033da5: 156 datasets; 3.8 s; peak memory 1120 MiB.
2026-09-18T00:05:45Z INFO [286/500] 03fc95ed-05fe-4d2f-bd35-d5a928f589df: 48 datasets; 1.6 s; peak memory 1120 MiB.
2026-09-18T00:05:47Z INFO [287/500] 03fd12c8-65b5-4c2c-997c-c937cf19111f: 170 datasets; 1.7 s; peak memory 1120 MiB.
2026-09-18T00:05:49Z INFO [288/500] 03fd2908-5bcd-499c-b989-47438e6a3038: 66 datasets; 1.9 s; peak memory 1120 MiB.
2026-09-18T00:05:51Z INFO [289/500] 03fddb3e-bc29-4856-ab54-fb2f045c9bcc: 69 datasets; 2.4 s; peak memory 1120 MiB.
2026-09-18T00:05:53Z INFO [290/500] 03fed4b3-69dc-4f32-a998-93892e039223: 69 datasets; 2.1 s; peak memory 1120 MiB.
2026-09-18T00:05:55Z INFO [291/500] 03ff90b1-a5b6-4bc4-9cfd-95e89251420f: 48 datasets; 1.5 s; peak memory 1120 MiB.
2026-09-18T00:06:05Z INFO [292/500] 03ff9b0f-f8b9-4d8a-ab7f-d8ee2c759051: 1053 datasets; 10.7 s; peak memory 1120 MiB.
2026-09-18T00:06:08Z INFO [293/500] 03ffa39c-1dd5-40d4-9a8f-b3bb95396b9f: 112 datasets; 2.2 s; peak memory 1120 MiB.
2026-09-18T00:06:23Z INFO [294/500] 03ffe728-fd20-4af8-b9fe-14d03bbf47b9: 3865 datasets; 15.3 s; peak memory 1120 MiB.
2026-09-18T00:06:25Z INFO [295/500] 0400868d-ad7a-4bdc-896e-52a792d9236b: 118 datasets; 1.7 s; peak memory 1120 MiB.
2026-09-18T00:06:26Z INFO [296/500] 0400bb6f-2f58-4b44-a88f-5ba75871c03d: 116 datasets; 1.8 s; peak memory 1120 MiB.
2026-09-18T00:06:30Z INFO [297/500] 0401551e-3186-4d49-94f1-f7edd1ddffed: 114 datasets; 3.8 s; peak memory 1120 MiB.
2026-09-18T00:06:33Z INFO [298/500] 04015b57-968f-4797-b8cc-8e8dbc4d31cb: 71 datasets; 2.6 s; peak memory 1120 MiB.
2026-09-18T00:06:34Z INFO [299/500] 04015ef7-f418-439f-9f9b-344487ba73df: 48 datasets; 1.4 s; peak memory 1120 MiB.
2026-09-18T00:06:46Z INFO [300/500] 040340f1-06fe-4707-af52-bb8a654fcb68: 382 datasets; 12.2 s; peak memory 1120 MiB.
2026-09-18T00:06:47Z INFO [300/500] 040340f1-06fe-4707-af52-bb8a654fcb68: checkpointed 48830 records.
2026-09-18T00:06:58Z INFO [301/500] 04038432-88af-47b8-86a1-395da9e704ff: 336 datasets; 11.9 s; peak memory 1120 MiB.
2026-09-18T00:07:00Z INFO [302/500] 04055079-d8e1-478c-ae84-c5927372c642: 51 datasets; 1.1 s; peak memory 1120 MiB.
2026-09-18T00:07:01Z INFO [303/500] 04055f26-680f-4aa2-ac42-ae19538fa6b4: 48 datasets; 1.4 s; peak memory 1120 MiB.
2026-09-18T00:07:08Z INFO [304/500] 0406089f-5198-4a86-b454-ac44d62a64aa: 46 datasets; 7.5 s; peak memory 1120 MiB.
2026-09-18T00:07:10Z INFO [305/500] 0406321c-56c1-4ea8-b4cd-cfafa41afda8: 48 datasets; 1.4 s; peak memory 1120 MiB.
2026-09-18T00:07:11Z INFO [306/500] 0406474c-4b94-4954-bbc2-a38d1e5d4546: 66 datasets; 1.4 s; peak memory 1120 MiB.
2026-09-18T00:07:13Z INFO [307/500] 0406e618-f3ef-4f9a-9a2c-355259429d5e: 117 datasets; 1.7 s; peak memory 1120 MiB.
2026-09-18T00:07:34Z INFO [308/500] 04088a39-9b8c-4a1c-9f4f-609ed30558a5: 48 datasets; 20.9 s; peak memory 1120 MiB.
2026-09-18T00:07:35Z INFO [309/500] 04091514-a070-45b5-9f6c-5b9285b06abc: 48 datasets; 1.5 s; peak memory 1120 MiB.
2026-09-18T00:07:39Z INFO [310/500] 0409f816-1b0a-4cf2-835c-8fdf379b07e0: 156 datasets; 4.0 s; peak memory 1120 MiB.
2026-09-18T00:07:41Z INFO [311/500] 040a16d3-04c1-4896-a86c-fc11027001bb: 112 datasets; 1.7 s; peak memory 1120 MiB.
2026-09-18T00:07:42Z INFO [312/500] 040af6b3-261c-4a9a-af2d-09623042e8a3: 55 datasets; 1.1 s; peak memory 1120 MiB.
2026-09-18T00:07:48Z INFO [313/500] 040b175a-4749-4170-ada0-0acd72898c83: 430 datasets; 5.6 s; peak memory 1120 MiB.
2026-09-18T00:07:49Z INFO [314/500] 040c6f22-076e-43a2-92a7-33b665ded9aa: 48 datasets; 1.3 s; peak memory 1120 MiB.
2026-09-18T00:07:51Z INFO [315/500] 040c81b9-7280-4477-89b9-341f7bfcf136: 116 datasets; 1.7 s; peak memory 1120 MiB.
2026-09-18T00:07:52Z INFO [316/500] 040d11bc-7488-485c-97ab-450270cb7038: 117 datasets; 1.6 s; peak memory 1120 MiB.
2026-09-18T00:07:56Z INFO [317/500] 040e2150-3b3d-4ba6-ad77-3844054e6e04: 85 datasets; 3.8 s; peak memory 1120 MiB.
2026-09-18T00:07:59Z INFO [318/500] 040e7538-83e9-4ed1-8ff8-02e6197acdef: 101 datasets; 2.4 s; peak memory 1120 MiB.
2026-09-18T00:08:02Z INFO [319/500] 040ea6d2-8173-4163-88b7-d20d8cbcc84b: 121 datasets; 3.0 s; peak memory 1120 MiB.
2026-09-18T00:08:03Z INFO [320/500] 040f1b34-6a6f-4977-aea8-2bc8cd15672a: 48 datasets; 1.3 s; peak memory 1120 MiB.
2026-09-18T00:08:05Z INFO [321/500] 040fa6db-790b-4173-8e4b-a1f6263faae8: 65 datasets; 1.6 s; peak memory 1120 MiB.
2026-09-18T00:08:07Z INFO [322/500] 040fe4a2-b68d-45f1-8917-7e268e4c1bb5: 112 datasets; 2.2 s; peak memory 1120 MiB.
2026-09-18T00:08:09Z INFO [323/500] 04101508-fc42-4b17-b649-57d526c63970: 92 datasets; 2.0 s; peak memory 1120 MiB.
2026-09-18T00:08:11Z INFO [324/500] 04105ca6-adac-4d66-931a-71110f282c40: 275 datasets; 2.1 s; peak memory 1120 MiB.
2026-09-18T00:08:12Z INFO [325/500] 0410f1c4-cc37-4061-825b-74d81cea2d47: 48 datasets; 1.5 s; peak memory 1120 MiB.
2026-09-18T00:08:15Z INFO [326/500] 0410f467-a5e0-400c-a3bb-0243940981ed: 289 datasets; 2.1 s; peak memory 1120 MiB.
2026-09-18T00:08:16Z INFO [327/500] 04118057-9583-45ed-aacf-e18ce7d12c24: 118 datasets; 1.8 s; peak memory 1120 MiB.
2026-09-18T00:08:18Z INFO [328/500] 0411ca6e-46a7-437e-ae88-7396d02346a3: 66 datasets; 1.8 s; peak memory 1120 MiB.
2026-09-18T00:08:20Z INFO [329/500] 04126e16-fcc7-4aaa-b1ac-41a7c403e0de: 66 datasets; 1.9 s; peak memory 1120 MiB.
2026-09-18T00:08:21Z INFO [330/500] 0412fcd6-db78-4fe7-969a-d68057efc857: 46 datasets; 1.4 s; peak memory 1120 MiB.
2026-09-18T00:08:23Z INFO [331/500] 04131a37-e764-4c41-9096-919025498ac0: 66 datasets; 2.0 s; peak memory 1120 MiB.
2026-09-18T00:08:25Z INFO [332/500] 04134c04-d8df-4199-8aa4-1efc80e2c762: 59 datasets; 1.9 s; peak memory 1120 MiB.
2026-09-18T00:08:27Z INFO [333/500] 04138758-e2cf-4d34-9748-57274c4cd6fd: 48 datasets; 1.4 s; peak memory 1120 MiB.
2026-09-18T00:08:28Z INFO [334/500] 04148fb8-3f59-4d72-8b87-c396e73d22a2: 118 datasets; 1.6 s; peak memory 1120 MiB.
2026-09-18T00:08:29Z INFO [335/500] 04160d0d-bcec-4d5f-babc-a933b221a5d9: 33 datasets; 1.1 s; peak memory 1120 MiB.
2026-09-18T00:13:22Z INFO [336/500] 0416ebae-6f76-4c22-9f27-aa279d7bc605: 436 datasets; 292.8 s; peak memory 1120 MiB.
2026-09-18T00:13:25Z INFO [337/500] 041719c6-30aa-4ab9-b102-29cf91da8aac: 71 datasets; 2.6 s; peak memory 1120 MiB.
2026-09-18T00:13:26Z INFO [338/500] 04174954-1625-45d1-b010-2ec8458789cf: 46 datasets; 1.1 s; peak memory 1120 MiB.
2026-09-18T00:13:28Z INFO [339/500] 04188e1e-e7ed-4560-ba73-1db275be94f0: 116 datasets; 1.7 s; peak memory 1120 MiB.
2026-09-18T00:13:29Z INFO [340/500] 04195ac4-e252-40b5-854f-a21dbb377e5b: 116 datasets; 1.7 s; peak memory 1120 MiB.
2026-09-18T00:13:31Z INFO [341/500] 04195f39-6218-47b7-a65c-73551994e009: 117 datasets; 1.7 s; peak memory 1120 MiB.
2026-09-18T00:13:33Z INFO [342/500] 04199cfc-fa8e-49ef-990b-261ebcda6483: 61 datasets; 1.5 s; peak memory 1120 MiB.
2026-09-18T00:13:42Z INFO [343/500] 041adc77-3c69-4946-93be-2fbcba178470: 11477 datasets; 9.8 s; peak memory 1120 MiB.
2026-09-18T00:13:46Z INFO [344/500] 041aeb76-9e78-4dbe-9b3d-266f8c49b617: 115 datasets; 3.4 s; peak memory 1120 MiB.
2026-09-18T00:13:47Z INFO [345/500] 041bc39d-b099-449d-84aa-e6c95cc13e88: 57 datasets; 1.1 s; peak memory 1120 MiB.
2026-09-18T00:14:06Z INFO [346/500] 041ca28c-8e8d-4260-8132-c921d2517200: 5336 datasets; 18.7 s; peak memory 1120 MiB.
2026-09-18T00:14:07Z INFO [347/500] 041d4469-901d-4870-8ecd-1f5e716ad8a7: 63 datasets; 1.5 s; peak memory 1120 MiB.
2026-09-18T00:14:10Z INFO [348/500] 041e17b9-2d33-48d5-bdc0-be285616be2c: 90 datasets; 3.2 s; peak memory 1120 MiB.
2026-09-18T00:14:12Z INFO [349/500] 041e1bb1-c760-4486-8f27-810ba4348264: 117 datasets; 1.8 s; peak memory 1120 MiB.
2026-09-18T00:14:15Z INFO [350/500] 042061ff-5173-4a8a-9821-fac7da00f1cf: 38 datasets; 2.8 s; peak memory 1120 MiB.
2026-09-18T00:14:15Z INFO [350/500] 042061ff-5173-4a8a-9821-fac7da00f1cf: checkpointed 48880 records.
2026-09-18T00:14:17Z INFO [351/500] 04209800-b421-4d86-8b55-b28dc7a8c625: 112 datasets; 2.0 s; peak memory 1120 MiB.
2026-09-18T00:14:28Z INFO [352/500] 0421fef9-c661-4e8f-96c2-ddc3c2176b75: 826 datasets; 10.6 s; peak memory 1120 MiB.
2026-09-18T00:14:29Z INFO [353/500] 0422a7d7-58b8-4112-9d6b-fee0b754ad77: 48 datasets; 1.4 s; peak memory 1120 MiB.
2026-09-18T00:14:31Z INFO [354/500] 0422cb7a-e2b6-4b8e-a82e-fb0651b405b3: 118 datasets; 1.6 s; peak memory 1120 MiB.
2026-09-18T00:14:33Z INFO [355/500] 0422fd28-6a71-41c8-9639-ea421947c2fb: 112 datasets; 2.2 s; peak memory 1120 MiB.
2026-09-18T00:14:37Z INFO [356/500] 0423aa12-3088-48bb-9989-a8c937a810de: 90 datasets; 3.9 s; peak memory 1120 MiB.
2026-09-18T00:14:38Z INFO [357/500] 04250308-f180-4364-ad68-1b11eca03839: 48 datasets; 1.4 s; peak memory 1120 MiB.
2026-09-18T00:16:50Z INFO [358/500] 0425f056-a1a1-478a-bde5-d834f91314e4: 167 datasets; 132.1 s; peak memory 1120 MiB.
2026-09-18T00:16:52Z INFO [359/500] 04265dcb-29a9-4fa1-9e36-4e9a287b8485: 117 datasets; 1.9 s; peak memory 1120 MiB.
2026-09-18T00:17:01Z INFO [360/500] 0427235e-4d6c-47a8-afef-9d0d346c98ce: 538 datasets; 8.9 s; peak memory 1120 MiB.
2026-09-18T00:17:03Z INFO [361/500] 04275c42-fe20-4386-890b-83dbff83c7c2: 71 datasets; 1.9 s; peak memory 1120 MiB.
2026-09-18T00:17:05Z INFO [362/500] 04276e26-d319-4617-9903-cca2b9905139: 116 datasets; 1.6 s; peak memory 1120 MiB.
2026-09-18T00:17:06Z INFO [363/500] 04278874-422c-483d-9392-127c2ee496c3: 46 datasets; 1.3 s; peak memory 1120 MiB.
2026-09-18T00:17:08Z INFO [364/500] 0427ed6c-87d7-42e8-afc4-12820cdc8e8a: 72 datasets; 1.8 s; peak memory 1120 MiB.
2026-09-18T00:17:09Z INFO [365/500] 0429aeea-003b-40a8-8a2f-2f603c435b10: 46 datasets; 1.1 s; peak memory 1120 MiB.
2026-09-18T00:17:10Z INFO [366/500] 0429ebfc-e30f-4613-b1e1-6416f70af8d5: 48 datasets; 1.2 s; peak memory 1120 MiB.
2026-09-18T00:17:27Z INFO [367/500] 042b3f37-703e-46d2-9a71-2d488bcea629: 588 datasets; 16.7 s; peak memory 1120 MiB.
2026-09-18T00:17:34Z INFO [368/500] 042b853f-71b8-4449-b6c6-79c770b47370: 472 datasets; 7.6 s; peak memory 1120 MiB.
2026-09-18T00:17:41Z INFO [369/500] 042c4ad3-85ef-478b-b5db-cdc9205a7a8e: 229 datasets; 6.8 s; peak memory 1120 MiB.
2026-09-18T00:17:43Z INFO [370/500] 042d1710-2868-4b54-bfc8-7defcb15bce1: 48 datasets; 1.5 s; peak memory 1120 MiB.
2026-09-18T00:17:45Z INFO [371/500] 042d8f6a-8f31-488d-810d-a3c806692156: 66 datasets; 2.0 s; peak memory 1120 MiB.
2026-09-18T00:17:46Z INFO [372/500] 042e301a-df8a-42a9-ae01-01c45297489c: 48 datasets; 1.4 s; peak memory 1120 MiB.
2026-09-18T00:17:49Z INFO [373/500] 042f0490-5aba-4fca-b8ea-2041b4038486: 112 datasets; 2.4 s; peak memory 1120 MiB.
2026-09-18T00:20:14Z INFO [374/500] 04311581-bb01-486b-8bfa-771be095b10d: 163 datasets; 145.0 s; peak memory 1120 MiB.
2026-09-18T00:20:15Z INFO [375/500] 04314204-d243-403d-85c6-723e61111b34: 70 datasets; 1.6 s; peak memory 1120 MiB.
2026-09-18T00:20:17Z INFO [376/500] 04316c7f-1810-44fc-a2b6-8804d2626ac7: 48 datasets; 1.4 s; peak memory 1120 MiB.
2026-09-18T00:20:18Z INFO [377/500] 0431a7c8-2cec-484d-b1f9-774705628302: 48 datasets; 1.5 s; peak memory 1120 MiB.
2026-09-18T00:20:20Z INFO [378/500] 04321f1e-24ac-4a84-b055-35ce5b382333: 110 datasets; 1.8 s; peak memory 1120 MiB.
2026-09-18T00:20:21Z INFO [379/500] 0432b00c-aa85-46e9-b6db-53f99df85a4d: 48 datasets; 1.4 s; peak memory 1120 MiB.
2026-09-18T00:20:23Z INFO [380/500] 0432c751-9448-43fd-bf53-3bc8433a9f61: 116 datasets; 1.6 s; peak memory 1120 MiB.
2026-09-18T00:20:24Z INFO [381/500] 0432d1bf-ed16-4565-b03a-47260eaf55f4: 48 datasets; 1.5 s; peak memory 1120 MiB.
2026-09-18T00:20:26Z INFO [382/500] 04337b68-1ca4-40cd-b077-934c4c462a21: 66 datasets; 1.6 s; peak memory 1120 MiB.
2026-09-18T00:20:35Z INFO [383/500] 0433f308-5919-481b-bba8-09a1d37f30c9: 491 datasets; 8.8 s; peak memory 1120 MiB.
2026-09-18T00:20:36Z INFO [384/500] 04348d8f-5573-4e24-82f0-4fee12a1e7a4: 48 datasets; 1.4 s; peak memory 1120 MiB.
2026-09-18T00:20:38Z INFO [385/500] 04350c91-e494-4936-9aa4-6613f1904a62: 48 datasets; 1.4 s; peak memory 1120 MiB.
2026-09-18T00:20:39Z INFO [386/500] 043590a5-df92-4eeb-8cc2-9cc9ac85811f: 117 datasets; 1.7 s; peak memory 1120 MiB.
2026-09-18T00:20:42Z INFO [387/500] 0435fd93-fed4-4359-80fb-37fce18b7954: 112 datasets; 2.3 s; peak memory 1120 MiB.
2026-09-18T00:20:48Z INFO [388/500] 04366e29-7a6f-444e-b730-9e503a86b0f0: 229 datasets; 6.3 s; peak memory 1120 MiB.
2026-09-18T00:20:50Z INFO [389/500] 0437189b-192f-4237-afaf-3a1cfbe117d8: 112 datasets; 2.6 s; peak memory 1120 MiB.
2026-09-18T00:20:52Z INFO [390/500] 04377cb5-db9e-42f2-a313-b2732d7e5974: 117 datasets; 1.7 s; peak memory 1120 MiB.
2026-09-18T00:20:54Z INFO [391/500] 043968a8-73ee-481d-90d9-f17fe4498a6f: 112 datasets; 2.2 s; peak memory 1120 MiB.
2026-09-18T00:20:56Z INFO [392/500] 043a4f0e-713e-4eec-a40c-d187d83995de: 46 datasets; 1.8 s; peak memory 1120 MiB.
2026-09-18T00:20:58Z INFO [393/500] 043b70a5-efa9-4e4a-9391-6a20a7b99ddf: 117 datasets; 1.5 s; peak memory 1120 MiB.
2026-09-18T00:21:00Z INFO [394/500] 043c6d04-da9f-4323-b4d6-dce8b4a7f831: 61 datasets; 1.9 s; peak memory 1120 MiB.
2026-09-18T00:21:01Z INFO [395/500] 043c78fe-484d-4535-9ee3-c887e37e3c3d: 57 datasets; 1.2 s; peak memory 1120 MiB.
2026-09-18T00:21:02Z INFO [396/500] 043d843c-f384-4d6b-82ea-be3f15c24b4d: 52 datasets; 1.6 s; peak memory 1120 MiB.
2026-09-18T00:21:04Z INFO [397/500] 043d8d06-6c81-405a-abd8-635d5c8df643: 46 datasets; 1.3 s; peak memory 1120 MiB.
2026-09-18T00:21:07Z INFO [398/500] 043e0f43-1849-4e1f-937e-321736b7bc05: 150 datasets; 3.2 s; peak memory 1120 MiB.
2026-09-18T00:21:11Z INFO [399/500] 043eeced-2796-4445-97e1-64c32e7611be: 156 datasets; 4.0 s; peak memory 1120 MiB.
2026-09-18T00:21:17Z INFO [400/500] 043f7b57-10ba-4894-9d74-3db51dd68bcb: 452 datasets; 6.0 s; peak memory 1120 MiB.
2026-09-18T00:21:17Z INFO [400/500] 043f7b57-10ba-4894-9d74-3db51dd68bcb: checkpointed 48930 records.
2026-09-18T00:21:22Z INFO [401/500] 043f7c9b-917e-498d-b851-421e178a258e: 38 datasets; 5.3 s; peak memory 1120 MiB.
2026-09-18T00:21:24Z INFO [402/500] 044004c6-7763-4dd2-ba98-e09509c035b7: 117 datasets; 1.7 s; peak memory 1120 MiB.
2026-09-18T00:21:26Z INFO [403/500] 0440660f-4538-427a-b391-e74617a57890: 62 datasets; 1.8 s; peak memory 1120 MiB.
2026-09-18T00:21:27Z INFO [404/500] 0440c9c0-9e20-424b-bca2-460aa41e2318: 46 datasets; 1.4 s; peak memory 1120 MiB.
2026-09-18T00:21:36Z INFO [405/500] 044137a4-1c92-434c-b59c-95015df7c847: 839 datasets; 8.9 s; peak memory 1120 MiB.
2026-09-18T00:21:38Z INFO [406/500] 04415616-1920-40bf-866d-bcf973505e48: 112 datasets; 2.2 s; peak memory 1120 MiB.
2026-09-18T00:22:00Z INFO [407/500] 044220d9-a6ca-4615-9762-5fe2f4d66c59: 48 datasets; 21.7 s; peak memory 1120 MiB.
2026-09-18T00:22:06Z INFO [408/500] 044299ee-6811-4bcf-86ff-85190115ffad: 497 datasets; 6.4 s; peak memory 1120 MiB.
2026-09-18T00:22:08Z INFO [409/500] 0442bce5-6d21-4f25-ba4f-8733f6499773: 37 datasets; 1.3 s; peak memory 1120 MiB.
2026-09-18T00:22:09Z INFO [410/500] 04438721-1cfb-421a-a09b-2636795a1958: 48 datasets; 1.4 s; peak memory 1120 MiB.
2026-09-18T00:22:10Z INFO [411/500] 044510f3-bad8-4109-814c-d5163a9543bd: 48 datasets; 1.4 s; peak memory 1120 MiB.
2026-09-18T00:22:13Z INFO [412/500] 04451465-318c-41c5-aa1d-754380546145: 66 datasets; 2.1 s; peak memory 1120 MiB.
2026-09-18T00:24:17Z INFO [413/500] 04452f80-d8f8-417d-81c3-cbc363fd1c9f: 241 datasets; 124.3 s; peak memory 1120 MiB.
2026-09-18T00:24:19Z INFO [414/500] 044540e1-2d8b-4010-8b23-cb4afc078b90: 38 datasets; 2.3 s; peak memory 1120 MiB.
2026-09-18T00:24:21Z INFO [415/500] 04456bbc-1c7a-4b0d-b3d8-b56a8c5e4048: 48 datasets; 1.3 s; peak memory 1120 MiB.
2026-09-18T00:24:22Z INFO [416/500] 0445f0de-a173-4744-ab28-55fc01a5fd21: 48 datasets; 1.4 s; peak memory 1120 MiB.
2026-09-18T00:24:24Z INFO [417/500] 0445fe35-d8ff-4acc-a86c-12d39713e791: 71 datasets; 2.2 s; peak memory 1120 MiB.
2026-09-18T00:24:26Z INFO [418/500] 04462012-4452-4ff8-85db-cbef81f57f72: 116 datasets; 1.8 s; peak memory 1120 MiB.
2026-09-18T00:24:30Z INFO [419/500] 0446ca14-c873-4f84-b250-1b96eccce201: 85 datasets; 3.7 s; peak memory 1120 MiB.
2026-09-18T00:24:33Z INFO [420/500] 04486d67-c753-4c24-b04f-4e93d0d96716: 116 datasets; 3.4 s; peak memory 1120 MiB.
2026-09-18T00:26:44Z INFO [421/500] 0448c1f8-4d0e-48b0-895a-589a1820e451: 190 datasets; 130.6 s; peak memory 1120 MiB.
2026-09-18T00:26:45Z INFO [422/500] 044998ad-f789-4343-a891-8528292b6cd9: 48 datasets; 1.3 s; peak memory 1120 MiB.
2026-09-18T00:26:48Z INFO [423/500] 0449c5af-8a77-4a38-8065-d548f95b4dff: 123 datasets; 3.5 s; peak memory 1120 MiB.
2026-09-18T00:26:50Z INFO [424/500] 044a9715-d1ed-4a40-ac46-f8637f4e66cd: 46 datasets; 1.1 s; peak memory 1120 MiB.
2026-09-18T00:26:53Z INFO [425/500] 044adc93-86cc-49d5-8495-d2e5f10ed312: 156 datasets; 3.7 s; peak memory 1120 MiB.
2026-09-18T00:26:55Z INFO [426/500] 044af24c-d2fc-44f3-9fda-0dc7e4a73a28: 118 datasets; 1.9 s; peak memory 1120 MiB.
2026-09-18T00:26:56Z INFO [427/500] 044b01c9-21e1-409f-bcfd-351b874af897: 50 datasets; 1.2 s; peak memory 1120 MiB.
2026-09-18T00:27:05Z INFO [428/500] 044bdfb4-6a1b-415b-aa2d-23ad36f84196: 662 datasets; 8.7 s; peak memory 1120 MiB.
2026-09-18T00:27:07Z INFO [429/500] 044be01e-5811-4b76-a732-d9bed920be29: 113 datasets; 2.3 s; peak memory 1120 MiB.
2026-09-18T00:27:09Z INFO [430/500] 044c5801-e9ad-4b7a-b0a5-f69947f82342: 48 datasets; 1.5 s; peak memory 1120 MiB.
2026-09-18T00:27:10Z INFO [431/500] 044c5964-f5a1-4d71-a804-90db99c7f80e: 48 datasets; 1.3 s; peak memory 1120 MiB.
2026-09-18T00:27:12Z INFO [432/500] 044c9464-a2ba-41ed-81d9-53c1d907f464: 48 datasets; 1.4 s; peak memory 1120 MiB.
2026-09-18T00:27:14Z INFO [433/500] 044dee1f-49af-4ed2-8645-0b9b81fab16f: 49 datasets; 2.8 s; peak memory 1120 MiB.
2026-09-18T00:27:16Z INFO [434/500] 044e399f-0e2d-4686-96eb-6801127ac698: 48 datasets; 1.4 s; peak memory 1120 MiB.
2026-09-18T00:27:18Z INFO [435/500] 044ea904-fb86-4d13-9442-b36c81d8d68a: 112 datasets; 2.1 s; peak memory 1120 MiB.
2026-09-18T00:27:19Z INFO [436/500] 044ee5ae-23f4-42db-8361-91c659b67225: 46 datasets; 1.2 s; peak memory 1120 MiB.
2026-09-18T00:27:21Z INFO [437/500] 044f461b-dba5-46ff-99da-90c42ba6b9df: 116 datasets; 1.7 s; peak memory 1120 MiB.
2026-09-18T00:27:22Z INFO [438/500] 045036c2-5ca8-42f1-9305-89f0ce0aa161: 116 datasets; 1.7 s; peak memory 1120 MiB.
2026-09-18T00:27:24Z INFO [439/500] 045070eb-6584-4172-8dc5-04c5c4030ddb: 110 datasets; 1.8 s; peak memory 1120 MiB.
2026-09-18T00:27:28Z INFO [440/500] 0451d174-1073-4919-aa8e-eb03f58cd830: 87 datasets; 3.6 s; peak memory 1120 MiB.
2026-09-18T00:27:29Z INFO [441/500] 045273e0-9348-4a4c-954d-b8f911d2154d: 48 datasets; 1.5 s; peak memory 1120 MiB.
2026-09-18T00:27:36Z INFO [442/500] 04538c7d-4703-4d88-acd3-64f564a1fa32: 107 datasets; 6.8 s; peak memory 1120 MiB.
2026-09-18T00:27:37Z INFO [443/500] 04539d86-adad-4089-bed1-799adee448fd: 48 datasets; 1.4 s; peak memory 1120 MiB.
2026-09-18T00:27:39Z INFO [444/500] 0453a3f8-4962-46c7-b269-0da1c5fa78ae: 39 datasets; 1.5 s; peak memory 1120 MiB.
2026-09-18T00:27:47Z INFO [445/500] 0453de80-88f3-40fd-b511-657504b9028e: 208 datasets; 8.2 s; peak memory 1120 MiB.
2026-09-18T00:27:50Z INFO [446/500] 0453e8d5-db6f-48dd-82a7-cbaefb003139: 71 datasets; 2.4 s; peak memory 1120 MiB.
2026-09-18T00:27:52Z INFO [447/500] 0454022f-74e4-47d1-8726-f1b520e65975: 112 datasets; 2.0 s; peak memory 1120 MiB.
2026-09-18T00:28:06Z INFO [448/500] 04544e36-8deb-413d-a1ee-8d53e2fa71d9: 446 datasets; 14.5 s; peak memory 1120 MiB.
2026-09-18T00:28:08Z INFO [449/500] 04546b4c-fd88-4162-bbdb-0f3cecf8756a: 74 datasets; 2.3 s; peak memory 1120 MiB.
2026-09-18T00:28:10Z INFO [450/500] 04546fcc-f60b-432a-a5f2-8363156b32b3: 110 datasets; 2.0 s; peak memory 1120 MiB.
2026-09-18T00:28:10Z INFO [450/500] 04546fcc-f60b-432a-a5f2-8363156b32b3: checkpointed 48980 records.
2026-09-18T00:28:12Z INFO [451/500] 04548959-c6f7-480a-9889-a3670066ddc9: 46 datasets; 1.3 s; peak memory 1120 MiB.
2026-09-18T00:28:14Z INFO [452/500] 0454f8b3-f3c3-4aaa-a01d-b689e3d79b60: 117 datasets; 1.8 s; peak memory 1120 MiB.
2026-09-18T00:28:16Z INFO [453/500] 0454fc7a-b94e-4ead-9ba4-b92e8b6cdcb8: 101 datasets; 2.2 s; peak memory 1120 MiB.
2026-09-18T00:28:26Z INFO [454/500] 045510a4-a9cb-4fd4-8e5f-afa6c2378aee: 5874 datasets; 9.9 s; peak memory 1120 MiB.
2026-09-18T00:32:20Z INFO [455/500] 0456a101-8658-47e2-980e-abb8dde28237: 436 datasets; 234.7 s; peak memory 1120 MiB.
2026-09-18T00:32:23Z INFO [456/500] 045760d6-7df8-40d6-b08b-b7379db6ac0d: 69 datasets; 2.4 s; peak memory 1120 MiB.
2026-09-18T00:32:27Z INFO [457/500] 04578544-fb69-48f4-8ee4-ee1b98f37f08: 156 datasets; 3.8 s; peak memory 1120 MiB.
2026-09-18T00:32:28Z INFO [458/500] 0457d245-a749-4a3b-a41f-c25df24775fa: 48 datasets; 1.3 s; peak memory 1120 MiB.
2026-09-18T00:32:30Z INFO [459/500] 04584cb1-59a8-480f-a551-143a1ac10af8: 117 datasets; 1.6 s; peak memory 1120 MiB.
2026-09-18T00:32:31Z INFO [460/500] 0459e0ad-73a1-40f7-9465-ce37c58bc7e8: 117 datasets; 1.8 s; peak memory 1120 MiB.
2026-09-18T00:32:33Z INFO [461/500] 045bbddc-507a-4be6-8117-82c9dcd8a62b: 48 datasets; 1.4 s; peak memory 1120 MiB.
2026-09-18T00:32:35Z INFO [462/500] 045c2f27-7558-494a-83f5-3f084bd16025: 79 datasets; 1.7 s; peak memory 1120 MiB.
2026-09-18T00:32:37Z INFO [463/500] 045c68eb-cca6-4aa1-8210-cb676e15782d: 109 datasets; 2.2 s; peak memory 1120 MiB.
2026-09-18T00:32:40Z INFO [464/500] 045d0d8b-93cb-4eba-9d36-9c2caef1f0e8: 38 datasets; 3.0 s; peak memory 1120 MiB.
2026-09-18T00:32:41Z INFO [465/500] 045d2ae2-cb0d-4604-a772-7e8bacdc1bca: 46 datasets; 1.1 s; peak memory 1120 MiB.
2026-09-18T00:32:48Z INFO [466/500] 045e0a55-68ef-4bb1-afc6-c720a68ac983: 538 datasets; 7.2 s; peak memory 1120 MiB.
2026-09-18T00:32:50Z INFO [467/500] 045f9f90-3dc9-4c99-905c-cf82e92896c2: 46 datasets; 1.7 s; peak memory 1120 MiB.
2026-09-18T00:32:52Z INFO [468/500] 045fa11d-48f8-4a12-ad11-1f9c415fe7d7: 79 datasets; 1.8 s; peak memory 1120 MiB.
2026-09-18T00:32:53Z INFO [469/500] 045ffeb5-80fd-4f43-9714-741a69d34cc2: 48 datasets; 1.5 s; peak memory 1120 MiB.
2026-09-18T00:32:54Z INFO [470/500] 0460e02f-70c6-4312-86e5-9338ae3d1bcb: 50 datasets; 1.3 s; peak memory 1120 MiB.
2026-09-18T00:32:56Z INFO [471/500] 0460e8c0-1ccb-4cd0-93cc-c4d299806bf1: 112 datasets; 2.1 s; peak memory 1120 MiB.
2026-09-18T00:32:58Z INFO [472/500] 046100f3-e878-42bb-a955-c6e699d03cf9: 48 datasets; 1.4 s; peak memory 1120 MiB.
2026-09-18T00:32:59Z INFO [473/500] 04610cfe-94d6-40a9-a56e-04782ac4634b: 47 datasets; 1.5 s; peak memory 1120 MiB.
2026-09-18T00:33:03Z INFO [474/500] 04618379-1bf7-422c-8eae-5cd560f24a52: 115 datasets; 3.3 s; peak memory 1120 MiB.
2026-09-18T00:33:04Z INFO [475/500] 04618a7f-dbf1-46fa-96a6-faf11c70d0b9: 48 datasets; 1.4 s; peak memory 1120 MiB.
2026-09-18T00:33:06Z INFO [476/500] 0461a534-e415-4c32-beaa-17e13ab510a1: 116 datasets; 1.7 s; peak memory 1120 MiB.
2026-09-18T00:33:07Z INFO [477/500] 04622496-14e2-4400-84c6-6ec4bfeb96be: 48 datasets; 1.3 s; peak memory 1120 MiB.
2026-09-18T00:33:08Z INFO [478/500] 0462c776-30e5-41aa-b97c-a41f8a28d119: 39 datasets; 1.5 s; peak memory 1120 MiB.
2026-09-18T00:33:10Z INFO [479/500] 04638805-7c76-4836-b668-09e701e0d16c: 114 datasets; 1.7 s; peak memory 1120 MiB.
2026-09-18T00:33:18Z INFO [480/500] 0463cf8b-53e3-4e05-b38a-6aede1ea38e8: 286 datasets; 8.1 s; peak memory 1120 MiB.
2026-09-18T00:33:20Z INFO [481/500] 046490b9-a913-4064-825b-80acfb49c87f: 46 datasets; 1.3 s; peak memory 1120 MiB.
2026-09-18T00:33:22Z INFO [482/500] 0464aa18-5fa8-4718-8063-8c505fe6961a: 78 datasets; 2.4 s; peak memory 1120 MiB.
2026-09-18T00:33:23Z INFO [483/500] 04651440-e425-4e84-9c6b-9ab5ef776d73: 48 datasets; 1.3 s; peak memory 1120 MiB.
2026-09-18T00:33:25Z INFO [484/500] 0465237d-fb61-458a-9a13-83be0350c440: 48 datasets; 1.4 s; peak memory 1120 MiB.
2026-09-18T00:33:26Z INFO [485/500] 046554d9-76b9-4173-8e7a-7c45b65f7fab: 117 datasets; 1.6 s; peak memory 1120 MiB.
2026-09-18T00:35:30Z INFO [486/500] 0465cec2-6d8d-45c3-812c-a8207a396c19: 167 datasets; 123.9 s; peak memory 1120 MiB.
2026-09-18T00:35:32Z INFO [487/500] 046667c1-290e-4a91-8a93-010800e7c771: 46 datasets; 1.8 s; peak memory 1120 MiB.
2026-09-18T00:35:33Z INFO [488/500] 04668bad-e5c9-490a-8df4-190585cdb77d: 121 datasets; 1.4 s; peak memory 1120 MiB.
2026-09-18T00:35:36Z INFO [489/500] 04669911-c619-4360-8c4b-b65c3f65196d: 112 datasets; 2.1 s; peak memory 1120 MiB.
2026-09-18T00:35:42Z INFO [490/500] 0466a8c8-35fb-44f1-9112-0074ac7a7ff5: 223 datasets; 6.4 s; peak memory 1120 MiB.
2026-09-18T00:36:02Z INFO [491/500] 0466cfad-2305-4ab4-b57e-43a39a376d64: 48 datasets; 20.6 s; peak memory 1120 MiB.
2026-09-18T00:36:09Z INFO [492/500] 0466fdf1-215f-4c2c-8c19-4c9d9f775dc9: 512 datasets; 6.4 s; peak memory 1120 MiB.
2026-09-18T00:36:10Z INFO [493/500] 0467c4cf-2dfb-42f9-b4fc-344b117cd03b: 48 datasets; 1.3 s; peak memory 1120 MiB.
2026-09-18T00:36:15Z INFO [494/500] 046821fc-49f3-458f-9f94-38eea93be631: 378 datasets; 5.2 s; peak memory 1120 MiB.
2026-09-18T00:36:17Z INFO [495/500] 046a4049-f2e0-4b7d-82d9-cb2519d25859: 118 datasets; 1.6 s; peak memory 1120 MiB.
2026-09-18T00:36:18Z INFO [496/500] 046a7d72-29e1-4277-ad0a-e8a66ac336f0: 46 datasets; 1.1 s; peak memory 1120 MiB.
2026-09-18T00:36:21Z INFO [497/500] 046bee85-df5f-4da2-998f-9b8173e8b15a: 114 datasets; 3.3 s; peak memory 1120 MiB.
2026-09-18T00:36:23Z INFO [498/500] 046c9df6-f151-4836-9958-1e9d7330e03a: 42 datasets; 1.8 s; peak memory 1120 MiB.
2026-09-18T00:38:25Z INFO [499/500] 046d1e23-becd-4453-add0-8092ed17c62f: 167 datasets; 121.6 s; peak memory 1120 MiB.
2026-09-18T00:38:26Z INFO [500/500] 046dc27d-a292-4a29-a1ea-b448d3cccac9: 50 datasets; 1.3 s; peak memory 1120 MiB.
2026-09-18T00:38:26Z INFO [500/500] 046dc27d-a292-4a29-a1ea-b448d3cccac9: checkpointed 49030 records.
2026-09-18T00:38:26Z INFO Wrote 49030 records to /tmp/derivatives/valid_nwb_file_to_number_of_datasets.jsonl (500 new, 0 failed) in 206.0 min (peak memory 1120 MiB).
