2026-09-17T16:44:42Z INFO Logging to /tmp/logs/update_2026-09-17T16-44-42Z.log.
2026-09-17T16:44:42Z INFO Update valid-nwb-file-to-number-of-datasets (base directory /tmp).
2026-09-17T16:44:42Z INFO Processing 500 items (48030 already recorded).
2026-09-17T16:44:44Z INFO [1/500] 024ef50f-ac6f-49ea-806b-93ef4b5e8644: 123 datasets; 2.0 s; peak memory 101 MiB.
2026-09-17T16:44:51Z INFO [2/500] 02509ae0-e003-4390-9ad5-bbc66f840a48: 49 datasets; 6.4 s; peak memory 107 MiB.
2026-09-17T16:44:52Z INFO [3/500] 0251d188-8c68-4d63-a312-1613fd7f0bea: 69 datasets; 1.1 s; peak memory 107 MiB.
2026-09-17T16:44:55Z INFO [4/500] 02527521-97e8-4042-b54e-41bde2234281: 229 datasets; 3.7 s; peak memory 107 MiB.
2026-09-17T16:45:04Z INFO [5/500] 02528e5e-47c9-4647-992e-dfbcc869edef: 1289 datasets; 8.7 s; peak memory 145 MiB.
2026-09-17T16:45:05Z INFO [6/500] 0252bb92-94f9-4450-bec6-3d16202344cb: 109 datasets; 1.2 s; peak memory 145 MiB.
2026-09-17T16:45:08Z INFO [7/500] 025311c1-a941-4cdb-9ca0-4e7d74e1acbd: 156 datasets; 2.5 s; peak memory 145 MiB.
2026-09-17T16:45:08Z INFO [8/500] 02537338-fe4e-492d-89ce-d33f06c99a76: 21 datasets; 0.7 s; peak memory 146 MiB.
2026-09-17T16:45:10Z INFO [9/500] 0253b369-5b51-4800-bbd1-045e1db0a2ac: 117 datasets; 1.8 s; peak memory 146 MiB.
2026-09-17T16:45:11Z INFO [10/500] 0253dc7c-5a6c-417a-910a-5f984c374001: 52 datasets; 0.9 s; peak memory 146 MiB.
2026-09-17T16:45:12Z INFO [11/500] 02541d8f-963b-43af-9981-a9e2dfe749a6: 57 datasets; 0.8 s; peak memory 146 MiB.
2026-09-17T16:45:13Z INFO [12/500] 02547517-2be9-4d24-9ded-3f6a99a23365: 51 datasets; 1.1 s; peak memory 146 MiB.
2026-09-17T16:45:14Z INFO [13/500] 02549eff-7d98-4458-92e7-284a56e6657c: 112 datasets; 1.2 s; peak memory 146 MiB.
2026-09-17T16:45:17Z INFO [14/500] 0254cfa7-c12c-434b-9222-d77c386a244c: 190 datasets; 2.9 s; peak memory 146 MiB.
2026-09-17T16:45:18Z INFO [15/500] 0256b433-cfa1-4537-a4a8-904050680cd9: 44 datasets; 0.7 s; peak memory 146 MiB.
2026-09-17T16:45:19Z INFO [16/500] 02572c21-3241-4db4-8594-d373920ab756: 117 datasets; 1.1 s; peak memory 146 MiB.
2026-09-17T16:45:20Z INFO [17/500] 025816cb-ed17-45e6-8e1c-9bd19df73649: 48 datasets; 1.0 s; peak memory 146 MiB.
2026-09-17T16:45:21Z INFO [18/500] 0258d312-619a-4c4c-9a10-2af71236aa0b: 38 datasets; 0.7 s; peak memory 147 MiB.
2026-09-17T16:45:22Z INFO [19/500] 0259095a-8c73-4a99-a5a6-55aa0c7e3254: 69 datasets; 1.2 s; peak memory 147 MiB.
2026-09-17T16:45:23Z INFO [20/500] 02593f98-9954-462f-840d-79240d42b396: 48 datasets; 1.0 s; peak memory 147 MiB.
2026-09-17T16:46:49Z INFO [21/500] 0259c826-316d-42c8-a97c-44fa8c8f8620: 55 datasets; 86.3 s; peak memory 281 MiB.
2026-09-17T16:46:54Z INFO [22/500] 025bdf39-a221-4bd0-b7de-9e02f03d035a: 229 datasets; 4.7 s; peak memory 281 MiB.
2026-09-17T16:46:55Z INFO [23/500] 025d2697-9601-4cf2-86b5-b208c1a5fbc8: 112 datasets; 1.6 s; peak memory 281 MiB.
2026-09-17T16:46:56Z INFO [24/500] 025de1d3-af05-46c2-b07a-d0c1e13239ff: 47 datasets; 0.9 s; peak memory 281 MiB.
2026-09-17T16:46:57Z INFO [25/500] 025e0e77-43c5-4f38-bc31-f896c8a14329: 117 datasets; 1.1 s; peak memory 281 MiB.
2026-09-17T16:46:58Z INFO [26/500] 025ecd20-bb2a-4931-978c-57c58c93476a: 89 datasets; 1.0 s; peak memory 281 MiB.
2026-09-17T16:47:09Z INFO [27/500] 025f4e29-2fc9-4629-9ec0-60cc276e677e: 1179 datasets; 10.4 s; peak memory 281 MiB.
2026-09-17T16:47:10Z INFO [28/500] 025f5b3e-1580-4903-adac-42d9785baf5c: 70 datasets; 1.0 s; peak memory 281 MiB.
2026-09-17T16:47:10Z INFO [29/500] 025fcd35-7ea0-4c05-acd4-8ddb02db4ef8: 58 datasets; 0.7 s; peak memory 281 MiB.
2026-09-17T16:47:23Z INFO [30/500] 025fda14-1b5b-42d1-bece-d4498fc36c41: 38 datasets; 12.2 s; peak memory 281 MiB.
2026-09-17T16:47:33Z INFO [31/500] 02601806-e257-4127-b97e-7c3a7858666f: 979 datasets; 10.2 s; peak memory 281 MiB.
2026-09-17T16:47:34Z INFO [32/500] 02602788-2fe0-4e29-8667-88c36c23a3a5: 39 datasets; 0.8 s; peak memory 281 MiB.
2026-09-17T16:47:35Z INFO [33/500] 02616421-800f-4150-bc7e-6e8b46452c3f: 48 datasets; 0.9 s; peak memory 281 MiB.
2026-09-17T16:47:36Z INFO [34/500] 02616a8c-b5f8-4aba-8058-e8cb30ec822f: 112 datasets; 1.4 s; peak memory 281 MiB.
2026-09-17T16:47:37Z INFO [35/500] 0261f267-b39d-428e-9ef6-19a648e46e3d: 60 datasets; 1.2 s; peak memory 281 MiB.
2026-09-17T16:47:38Z INFO [36/500] 026205d8-4257-4600-aa81-8dd5d214f40d: 46 datasets; 0.8 s; peak memory 281 MiB.
2026-09-17T16:47:39Z INFO [37/500] 0262192f-33d6-4d2f-92d7-9bf49213473d: 117 datasets; 1.2 s; peak memory 281 MiB.
2026-09-17T16:47:40Z INFO [38/500] 0262e06f-7fdd-42fd-9cd9-9f358867890f: 33 datasets; 0.7 s; peak memory 281 MiB.
2026-09-17T16:47:41Z INFO [39/500] 0263c627-cc16-4c62-a29d-13b945380364: 70 datasets; 1.0 s; peak memory 281 MiB.
2026-09-17T16:47:42Z INFO [40/500] 0263cad7-9b43-4043-8e4e-d999d9cfcc27: 69 datasets; 1.3 s; peak memory 281 MiB.
2026-09-17T16:47:43Z INFO [41/500] 02649d2a-16ec-4d5f-bdba-a154b6245a1c: 48 datasets; 1.0 s; peak memory 281 MiB.
2026-09-17T16:47:44Z INFO [42/500] 0264a635-b276-45be-9dec-88484f1bc2bd: 117 datasets; 1.1 s; peak memory 281 MiB.
2026-09-17T16:47:45Z INFO [43/500] 0264c460-d4cd-4c05-9aaf-527824b9c523: 48 datasets; 0.9 s; peak memory 281 MiB.
2026-09-17T16:47:47Z INFO [44/500] 026504fc-3d87-47fc-acf8-eb8cabcf1d78: 118 datasets; 1.6 s; peak memory 281 MiB.
2026-09-17T16:47:48Z INFO [45/500] 026535d4-f345-4e0d-a322-0989787fce36: 48 datasets; 0.9 s; peak memory 281 MiB.
2026-09-17T16:47:49Z INFO [46/500] 0265e972-ce89-4e76-ad16-722e4b535f21: 110 datasets; 0.9 s; peak memory 281 MiB.
2026-09-17T16:47:59Z INFO [47/500] 026668b1-7ebc-4629-b7e3-65ee751b810d: 874 datasets; 10.2 s; peak memory 281 MiB.
2026-09-17T16:48:00Z INFO [48/500] 0266f327-f0e8-4906-bf87-c9044c231c47: 48 datasets; 0.9 s; peak memory 281 MiB.
2026-09-17T16:48:01Z INFO [49/500] 026732de-e63f-4c3d-8697-27bd6f0b927a: 71 datasets; 1.4 s; peak memory 281 MiB.
2026-09-17T16:48:02Z INFO [50/500] 02695368-ec1f-4f6f-a065-17083377175a: 48 datasets; 0.9 s; peak memory 281 MiB.
2026-09-17T16:48:02Z INFO [50/500] 02695368-ec1f-4f6f-a065-17083377175a: checkpointed 48080 records.
2026-09-17T16:48:03Z INFO [51/500] 02698ca0-93ef-495e-9c98-10c2514fa4aa: 48 datasets; 0.9 s; peak memory 281 MiB.
2026-09-17T16:48:04Z INFO [52/500] 026999f7-a034-4207-b483-9a840d0cd8d5: 112 datasets; 1.4 s; peak memory 281 MiB.
2026-09-17T16:48:05Z INFO [53/500] 026a656d-cab6-489b-963c-dca1fa70da99: 51 datasets; 0.7 s; peak memory 281 MiB.
2026-09-17T16:48:06Z INFO [54/500] 026aaef8-a741-49ee-8a08-da1a27af227c: 57 datasets; 0.7 s; peak memory 281 MiB.
2026-09-17T16:48:08Z INFO [55/500] 026ae42b-9345-40e0-943c-c33cbdf5d4f1: 118 datasets; 2.1 s; peak memory 281 MiB.
2026-09-17T16:48:09Z INFO [56/500] 026bebbd-e167-464d-b71c-0170734b09f4: 112 datasets; 1.3 s; peak memory 281 MiB.
2026-09-17T16:48:10Z INFO [57/500] 026c0e13-b0f0-4143-8074-a3fbae51024a: 116 datasets; 1.0 s; peak memory 281 MiB.
2026-09-17T16:48:12Z INFO [58/500] 026da8fc-01fd-4c50-b931-7513bb92e3d5: 112 datasets; 1.6 s; peak memory 281 MiB.
2026-09-17T16:48:13Z INFO [59/500] 026ea2d4-80b0-4dfa-87c6-91467b5d7456: 48 datasets; 0.9 s; peak memory 281 MiB.
2026-09-17T16:48:14Z INFO [60/500] 026ed2c0-0267-405b-a443-f610055369b3: 117 datasets; 1.2 s; peak memory 281 MiB.
2026-09-17T16:48:15Z INFO [61/500] 026edd41-d5c4-4eb9-bce6-aec2b28d3adb: 46 datasets; 1.1 s; peak memory 281 MiB.
2026-09-17T16:48:16Z INFO [62/500] 026f2545-e025-438d-a346-5a83ea2623ea: 119 datasets; 0.8 s; peak memory 281 MiB.
2026-09-17T16:48:18Z INFO [63/500] 026f8d08-f603-4e70-9471-3b1a17034aec: 38 datasets; 2.0 s; peak memory 281 MiB.
2026-09-17T16:48:19Z INFO [64/500] 0270603b-3fb5-40e3-a96a-85e60f4e1baf: 112 datasets; 1.3 s; peak memory 281 MiB.
2026-09-17T16:48:21Z INFO [65/500] 027104dc-4a1a-426e-88a0-b0b00153dbb0: 38 datasets; 2.0 s; peak memory 281 MiB.
2026-09-17T16:48:22Z INFO [66/500] 02717735-65c6-4ae7-8b49-305d3830a819: 117 datasets; 1.1 s; peak memory 281 MiB.
2026-09-17T16:48:24Z INFO [67/500] 02718419-2ed3-4aed-ba52-394f6e32bcd7: 71 datasets; 1.8 s; peak memory 281 MiB.
2026-09-17T16:48:25Z INFO [68/500] 0272af92-c8e8-49c5-8603-fe47a19522bb: 230 datasets; 1.1 s; peak memory 281 MiB.
2026-09-17T16:48:26Z INFO [69/500] 02732f18-5297-49be-9cdb-5ec2e5b3b8b4: 95 datasets; 1.4 s; peak memory 281 MiB.
2026-09-17T16:48:28Z INFO [70/500] 027397dd-2162-47ac-9f65-0ddfd6b69879: 66 datasets; 1.3 s; peak memory 281 MiB.
2026-09-17T16:48:29Z INFO [71/500] 02740701-1f67-45e0-b2a4-a7cbe7e62464: 117 datasets; 0.9 s; peak memory 281 MiB.
2026-09-17T16:48:30Z INFO [72/500] 02743f50-6873-4dc0-b940-b80dc244fbe9: 112 datasets; 1.4 s; peak memory 281 MiB.
2026-09-17T16:48:31Z INFO [73/500] 0275742a-fb13-4fd0-9feb-48a961e8ef61: 41 datasets; 0.8 s; peak memory 281 MiB.
2026-09-17T16:48:32Z INFO [74/500] 02757e50-e816-4a32-a8ef-3952a3ec217c: 146 datasets; 1.0 s; peak memory 281 MiB.
2026-09-17T16:48:39Z INFO [75/500] 0275dffb-2b13-4531-95aa-7d40f528b451: 11485 datasets; 7.1 s; peak memory 281 MiB.
2026-09-17T16:48:43Z INFO [76/500] 02777391-5056-4835-a6d1-b32817d184ca: 229 datasets; 4.4 s; peak memory 281 MiB.
2026-09-17T16:48:44Z INFO [77/500] 0277c3fb-65b1-447b-b711-518f85f30f7d: 48 datasets; 0.9 s; peak memory 281 MiB.
2026-09-17T16:48:45Z INFO [78/500] 0277f95e-dd03-4740-a987-14a28bd7752f: 48 datasets; 0.8 s; peak memory 281 MiB.
2026-09-17T16:48:46Z INFO [79/500] 0277fd86-ed3f-4d1e-b0be-2300df8d0398: 170 datasets; 1.2 s; peak memory 281 MiB.
2026-09-17T16:48:47Z INFO [80/500] 0278b8b4-9f79-49e9-918e-e4bd0a99f2c9: 72 datasets; 0.9 s; peak memory 281 MiB.
2026-09-17T16:48:48Z INFO [81/500] 0278c933-c33d-4ac9-9f3a-14be8ec1ac1e: 57 datasets; 0.7 s; peak memory 281 MiB.
2026-09-17T16:48:50Z INFO [82/500] 02796435-95b1-463b-b902-dc06bc9be988: 114 datasets; 2.0 s; peak memory 281 MiB.
2026-09-17T16:48:51Z INFO [83/500] 02797d31-e8ef-481d-9149-2b81d191d1c0: 118 datasets; 0.9 s; peak memory 281 MiB.
2026-09-17T16:48:52Z INFO [84/500] 027982cc-b57a-436c-a634-131180f11c2e: 48 datasets; 0.9 s; peak memory 281 MiB.
2026-09-17T16:48:53Z INFO [85/500] 0279a7b7-9dc4-4d21-bf27-f03462f56851: 70 datasets; 1.3 s; peak memory 281 MiB.
2026-09-17T16:48:57Z INFO [86/500] 0279dca2-9cb3-44ba-8483-5c377e21acac: 238 datasets; 4.6 s; peak memory 281 MiB.
2026-09-17T16:48:59Z INFO [87/500] 027a144b-972f-4180-896b-734131520208: 118 datasets; 1.1 s; peak memory 281 MiB.
2026-09-17T16:49:00Z INFO [88/500] 027a7730-53ff-4421-8ef0-a2d633d65e25: 71 datasets; 1.5 s; peak memory 281 MiB.
2026-09-17T16:49:02Z INFO [89/500] 027adeb8-c4b7-427b-a077-7324df21255d: 112 datasets; 1.6 s; peak memory 281 MiB.
2026-09-17T16:49:07Z INFO [90/500] 027b10c9-78fd-4aa7-ab67-81482fe1c215: 208 datasets; 4.9 s; peak memory 281 MiB.
2026-09-17T16:49:08Z INFO [91/500] 027d699e-242e-4213-b29f-f1ef09dd2f58: 71 datasets; 1.8 s; peak memory 281 MiB.
2026-09-17T16:49:13Z INFO [92/500] 027dce51-df65-498c-9e04-3f842e8c4418: 196 datasets; 5.0 s; peak memory 281 MiB.
2026-09-17T16:49:14Z INFO [93/500] 027f323e-e5aa-4fc9-8325-1a0801c471a7: 117 datasets; 1.1 s; peak memory 281 MiB.
2026-09-17T16:49:15Z INFO [94/500] 02806552-1931-4326-9b41-78b57b043661: 48 datasets; 0.8 s; peak memory 281 MiB.
2026-09-17T16:49:16Z INFO [95/500] 028065d0-64d8-4609-99ec-92b978434b87: 117 datasets; 1.0 s; peak memory 281 MiB.
2026-09-17T16:49:17Z INFO [96/500] 02815e50-4d08-47c5-b2dc-c962bef41956: 48 datasets; 0.9 s; peak memory 281 MiB.
2026-09-17T16:49:18Z INFO [97/500] 0281843e-d70d-48fa-9fd4-31d528791927: 46 datasets; 0.7 s; peak memory 281 MiB.
2026-09-17T16:49:19Z INFO [98/500] 02822f47-95be-4b3a-aac2-e1f86eccb6d0: 48 datasets; 0.9 s; peak memory 281 MiB.
2026-09-17T16:49:20Z INFO [99/500] 02824bdd-446c-4ed9-bd3c-a3a17c926ca0: 50 datasets; 0.8 s; peak memory 281 MiB.
2026-09-17T16:49:21Z INFO [100/500] 02829433-4773-404a-9d2e-32d2e45cd77a: 117 datasets; 1.1 s; peak memory 281 MiB.
2026-09-17T16:49:21Z INFO [100/500] 02829433-4773-404a-9d2e-32d2e45cd77a: checkpointed 48130 records.
2026-09-17T16:49:22Z INFO [101/500] 0282fe98-1eac-49c8-9808-33f9c1aaa00a: 48 datasets; 0.9 s; peak memory 281 MiB.
2026-09-17T16:49:24Z INFO [102/500] 02831699-8efa-41a9-aca7-4a7bfcf664cf: 141 datasets; 1.9 s; peak memory 281 MiB.
2026-09-17T17:11:07Z INFO [103/500] 0284795a-a1ff-4230-b9ef-4158c57218a8: 19512 datasets; 1303.8 s; peak memory 1306 MiB.
2026-09-17T17:11:09Z INFO [104/500] 0284c48e-b45e-403f-ab03-707ed04d6195: 153 datasets; 1.1 s; peak memory 1306 MiB.
2026-09-17T17:11:09Z INFO [105/500] 0285844c-4b1b-450f-af5a-d6417ba1cc79: 33 datasets; 0.7 s; peak memory 1306 MiB.
2026-09-17T17:11:10Z INFO [106/500] 02874466-b78c-41ae-8487-06726996a7d4: 48 datasets; 1.0 s; peak memory 1306 MiB.
2026-09-17T17:11:12Z INFO [107/500] 02878f31-f679-4940-b6e1-5645c2bc461b: 112 datasets; 1.3 s; peak memory 1306 MiB.
2026-09-17T17:11:13Z INFO [108/500] 028801d5-ab2d-4a7e-9561-673e12734d37: 116 datasets; 1.3 s; peak memory 1306 MiB.
2026-09-17T17:11:14Z INFO [109/500] 0288de74-0668-4073-9ec2-b1be49cd1fe2: 48 datasets; 0.9 s; peak memory 1306 MiB.
2026-09-17T17:11:15Z INFO [110/500] 028953a2-2dd4-4a63-ae1f-0b6ef1cfc94e: 110 datasets; 1.2 s; peak memory 1306 MiB.
2026-09-17T17:11:16Z INFO [111/500] 028979ab-3a71-405c-9eb1-85486f0b8192: 48 datasets; 0.9 s; peak memory 1306 MiB.
2026-09-17T17:11:17Z INFO [112/500] 028a4a06-4529-47fb-b5d8-9d0b041e4100: 118 datasets; 1.0 s; peak memory 1306 MiB.
2026-09-17T17:11:18Z INFO [113/500] 028b6b5e-5f02-4f14-a1c1-6db68da7eef4: 48 datasets; 0.8 s; peak memory 1306 MiB.
2026-09-17T17:11:19Z INFO [114/500] 028be36d-33e7-4cc7-aabe-b35d358f2eea: 116 datasets; 1.0 s; peak memory 1306 MiB.
2026-09-17T17:11:20Z INFO [115/500] 028c061c-c72b-49f9-a0da-04dcaf9da140: 69 datasets; 1.2 s; peak memory 1306 MiB.
2026-09-17T17:11:30Z INFO [116/500] 028d135a-7ce8-42eb-af71-7247c3203f28: 1049 datasets; 9.8 s; peak memory 1306 MiB.
2026-09-17T17:11:31Z INFO [117/500] 028dfba3-b9bc-4f66-8875-e101935eecf3: 117 datasets; 1.0 s; peak memory 1306 MiB.
2026-09-17T17:11:32Z INFO [118/500] 028e5921-08e8-4dc6-8dd5-e536a8f320fb: 71 datasets; 1.6 s; peak memory 1306 MiB.
2026-09-17T17:11:33Z INFO [119/500] 028ead3b-09ae-4b5f-9697-c51638a55c9c: 48 datasets; 0.9 s; peak memory 1306 MiB.
2026-09-17T17:11:34Z INFO [120/500] 028ef11f-c970-4265-8ab7-83172c4be6aa: 48 datasets; 0.8 s; peak memory 1306 MiB.
2026-09-17T17:11:35Z INFO [121/500] 028fc389-ac38-4662-b310-efd45233854f: 46 datasets; 0.8 s; peak memory 1306 MiB.
2026-09-17T17:11:41Z INFO [122/500] 02905b08-b0de-402c-a7db-e62e49f05671: 548 datasets; 5.8 s; peak memory 1306 MiB.
2026-09-17T17:11:41Z INFO [123/500] 0290f830-5dad-4a54-81f3-fd456cd54b17: 48 datasets; 0.9 s; peak memory 1306 MiB.
2026-09-17T17:11:44Z INFO [124/500] 0290fa92-2465-4fed-8343-9bb5c1bc9974: 240 datasets; 2.1 s; peak memory 1306 MiB.
2026-09-17T17:11:44Z INFO [125/500] 0291822b-1a0b-4ce3-bef3-c4eb937ab88e: 48 datasets; 0.9 s; peak memory 1306 MiB.
2026-09-17T17:11:45Z INFO [126/500] 0291edda-91e2-4268-b7c4-453a5550909e: 52 datasets; 0.9 s; peak memory 1306 MiB.
2026-09-17T17:11:51Z INFO [127/500] 029295d9-7ab6-49d9-af94-d28f2b3bbde5: 56 datasets; 5.1 s; peak memory 1306 MiB.
2026-09-17T17:11:51Z INFO [128/500] 02935dd8-b9a1-4625-8c3a-f8f14ff0e25e: 45 datasets; 0.6 s; peak memory 1306 MiB.
2026-09-17T17:11:56Z INFO [129/500] 02937297-72ad-4c19-8e02-f0bc9d9f5c0f: 829 datasets; 4.7 s; peak memory 1306 MiB.
2026-09-17T17:11:57Z INFO [130/500] 02938ebc-1379-4389-af75-d487d29f0a27: 112 datasets; 1.5 s; peak memory 1306 MiB.
2026-09-17T17:12:07Z INFO [131/500] 02946b87-acda-4ee1-8dc5-19939ec7b787: 755 datasets; 9.8 s; peak memory 1306 MiB.
2026-09-17T17:12:09Z INFO [132/500] 02949b71-7360-4a8f-9b81-9f51282f8e5c: 112 datasets; 1.4 s; peak memory 1306 MiB.
2026-09-17T17:12:10Z INFO [133/500] 0294e0a5-df23-4bd9-bb5f-f1660afbbc22: 112 datasets; 1.3 s; peak memory 1306 MiB.
2026-09-17T17:12:11Z INFO [134/500] 02950439-2230-46aa-bae8-d7ee63bff896: 48 datasets; 0.9 s; peak memory 1306 MiB.
2026-09-17T17:12:14Z INFO [135/500] 02954af6-e78d-4cde-8f65-e57e804b4eb1: 502 datasets; 2.8 s; peak memory 1306 MiB.
2026-09-17T17:12:15Z INFO [136/500] 02954c97-270f-4783-8d50-1017070272e0: 69 datasets; 1.1 s; peak memory 1306 MiB.
2026-09-17T17:12:16Z INFO [137/500] 02959882-f6a0-4953-8315-ae122f73ee3e: 45 datasets; 1.1 s; peak memory 1306 MiB.
2026-09-17T17:12:17Z INFO [138/500] 0295bd30-d875-4221-8bf9-fd26a50e4730: 64 datasets; 1.3 s; peak memory 1306 MiB.
2026-09-17T17:12:18Z INFO [139/500] 02966e4b-e374-497b-a978-f323a372b4da: 56 datasets; 0.8 s; peak memory 1306 MiB.
2026-09-17T17:12:20Z INFO [140/500] 0297c5f6-6d74-4df9-9180-0a63573ad406: 532 datasets; 2.0 s; peak memory 1306 MiB.
2026-09-17T17:12:21Z INFO [141/500] 02995666-ca83-462e-8955-8cade5c9dad0: 78 datasets; 1.1 s; peak memory 1306 MiB.
2026-09-17T17:12:22Z INFO [142/500] 0299a00d-47db-4aa9-b708-b4428c271107: 289 datasets; 1.2 s; peak memory 1306 MiB.
2026-09-17T17:12:23Z INFO [143/500] 0299aacd-4811-437f-9539-54feaa63e240: 42 datasets; 0.9 s; peak memory 1306 MiB.
2026-09-17T17:12:33Z INFO [144/500] 0299de1d-65a8-49d3-b61e-68a329ec7256: 965 datasets; 9.2 s; peak memory 1306 MiB.
2026-09-17T17:12:44Z INFO [145/500] 029aded6-3070-4d1f-a252-41fad264a6fe: 1523 datasets; 11.8 s; peak memory 1306 MiB.
2026-09-17T17:12:45Z INFO [146/500] 029bf697-4540-4395-b264-3edb210470a8: 35 datasets; 0.9 s; peak memory 1306 MiB.
2026-09-17T17:12:47Z INFO [147/500] 029d5a86-0e9b-418c-813b-ffb02539af15: 112 datasets; 1.5 s; peak memory 1306 MiB.
2026-09-17T17:34:34Z INFO [148/500] 029d6050-dc13-418b-97a3-bbfbd958e998: 232 datasets; 1306.9 s; peak memory 1306 MiB.
2026-09-17T17:34:35Z INFO [149/500] 029d681f-5887-4e88-9d28-627bd08d5723: 117 datasets; 1.2 s; peak memory 1306 MiB.
2026-09-17T17:34:36Z INFO [150/500] 029e9a5f-0496-4bb0-a829-867ab99f8839: 78 datasets; 1.1 s; peak memory 1306 MiB.
2026-09-17T17:34:36Z INFO [150/500] 029e9a5f-0496-4bb0-a829-867ab99f8839: checkpointed 48180 records.
2026-09-17T17:36:13Z INFO [151/500] 029ea7e2-96c1-4daa-bed3-0251b54fc56e: 430 datasets; 96.7 s; peak memory 1306 MiB.
2026-09-17T17:36:14Z INFO [152/500] 029ecb06-e88c-4b7b-99f8-f434c257921c: 110 datasets; 1.1 s; peak memory 1306 MiB.
2026-09-17T17:36:22Z INFO [153/500] 02a17d04-270c-4fbf-9736-b02f5edc72bc: 974 datasets; 8.6 s; peak memory 1306 MiB.
2026-09-17T17:36:24Z INFO [154/500] 02a1d9ba-34cf-4ec3-9da4-a6d09389448f: 48 datasets; 1.1 s; peak memory 1306 MiB.
2026-09-17T17:36:26Z INFO [155/500] 02a24b84-5179-429c-8e97-d03da5ecbcb1: 156 datasets; 2.7 s; peak memory 1306 MiB.
2026-09-17T17:36:27Z INFO [156/500] 02a2d86b-f848-4846-9e29-d92b8cbc38d2: 112 datasets; 1.2 s; peak memory 1306 MiB.
2026-09-17T17:36:28Z INFO [157/500] 02a32839-becd-4722-9c93-59e02da90002: 84 datasets; 0.9 s; peak memory 1306 MiB.
2026-09-17T17:36:30Z INFO [158/500] 02a37861-2b09-4c07-8421-2ffa0a97102e: 78 datasets; 1.4 s; peak memory 1306 MiB.
2026-09-17T17:36:31Z INFO [159/500] 02a40a80-742a-424e-8e01-7cda99237e8e: 48 datasets; 1.0 s; peak memory 1306 MiB.
2026-09-17T17:36:32Z INFO [160/500] 02a42b1f-1cf4-436f-9320-c7d937bad4fa: 48 datasets; 1.0 s; peak memory 1306 MiB.
2026-09-17T17:36:32Z INFO [161/500] 02a5842f-430f-4b12-a276-798dd69ae01a: 54 datasets; 0.7 s; peak memory 1306 MiB.
2026-09-17T17:36:33Z INFO [162/500] 02a6166e-28e2-4e65-b0cb-809e8a8f6cec: 118 datasets; 1.1 s; peak memory 1306 MiB.
2026-09-17T17:36:35Z INFO [163/500] 02a767b0-1fb4-4989-ad41-174aafcd972e: 117 datasets; 1.0 s; peak memory 1306 MiB.
2026-09-17T17:36:48Z INFO [164/500] 02a82567-39a8-4040-8860-17a550d6257d: 874 datasets; 13.8 s; peak memory 1306 MiB.
2026-09-17T17:36:51Z INFO [165/500] 02a87624-9c8a-4fc5-b5a4-c595629b2717: 85 datasets; 2.3 s; peak memory 1306 MiB.
2026-09-17T17:37:04Z INFO [166/500] 02a87829-cda9-4cae-a640-72d93d360e9c: 859 datasets; 13.8 s; peak memory 1306 MiB.
2026-09-17T17:37:05Z INFO [167/500] 02a9596d-8286-4034-a5bb-80b902fed0ff: 48 datasets; 1.0 s; peak memory 1306 MiB.
2026-09-17T17:37:17Z INFO [168/500] 02a95f1a-6af7-44fa-870b-540be1598e25: 8504 datasets; 11.2 s; peak memory 1306 MiB.
2026-09-17T17:37:18Z INFO [169/500] 02ab385f-0a13-4617-9241-cb80277b5f04: 45 datasets; 1.6 s; peak memory 1306 MiB.
2026-09-17T17:37:21Z INFO [170/500] 02ab47cd-b9ff-46f8-9ae5-f7629e230317: 88 datasets; 2.4 s; peak memory 1306 MiB.
2026-09-17T17:37:23Z INFO [171/500] 02ab5f1d-b90f-4109-915f-94e39431d8fa: 192 datasets; 2.4 s; peak memory 1306 MiB.
2026-09-17T17:37:24Z INFO [172/500] 02abdba1-11e3-4245-a4d7-8af2193b29a6: 48 datasets; 0.8 s; peak memory 1306 MiB.
2026-09-17T17:37:24Z INFO [173/500] 02ace5ca-49ef-420e-b605-64cbc69ef4de: 110 datasets; 0.7 s; peak memory 1306 MiB.
2026-09-17T17:37:25Z INFO [174/500] 02acf65f-66d3-455f-880f-df80ab42894f: 68 datasets; 0.9 s; peak memory 1306 MiB.
2026-09-17T17:37:26Z INFO [175/500] 02ad6340-dfcd-48e5-b161-b51f099571a1: 37 datasets; 0.7 s; peak memory 1306 MiB.
2026-09-17T17:37:27Z INFO [176/500] 02ae98b5-b482-4527-8733-3e786e0d2f31: 117 datasets; 0.8 s; peak memory 1306 MiB.
2026-09-17T17:37:28Z INFO [177/500] 02ae9a44-bfe7-455d-8bb3-4d669cec400b: 117 datasets; 1.0 s; peak memory 1306 MiB.
2026-09-17T17:37:29Z INFO [178/500] 02aea000-12b7-400d-be09-43d9e78dd4ba: 48 datasets; 1.0 s; peak memory 1306 MiB.
2026-09-17T17:37:30Z INFO [179/500] 02aef313-a606-4caf-af6d-b789ad626e2a: 112 datasets; 0.9 s; peak memory 1306 MiB.
2026-09-17T17:37:31Z INFO [180/500] 02aefefa-d833-4951-930b-7c8b5bb7eca1: 48 datasets; 0.9 s; peak memory 1306 MiB.
2026-09-17T17:37:32Z INFO [181/500] 02afb526-b429-48ab-8765-b40123a98db9: 117 datasets; 1.0 s; peak memory 1306 MiB.
2026-09-17T17:37:33Z INFO [182/500] 02b10584-99ff-45a6-a9d9-878dd321bdac: 118 datasets; 1.0 s; peak memory 1306 MiB.
2026-09-17T17:37:34Z INFO [183/500] 02b16757-61f2-40d3-9903-f22fe5a2f75d: 48 datasets; 0.9 s; peak memory 1306 MiB.
2026-09-17T17:37:34Z INFO [184/500] 02b22217-563b-410c-a30d-502f83b7f899: 58 datasets; 0.8 s; peak memory 1306 MiB.
2026-09-17T17:37:50Z INFO [185/500] 02b22372-1158-4c4f-9e96-54a4bbd622c6: 280 datasets; 15.7 s; peak memory 1306 MiB.
2026-09-17T17:37:51Z INFO [186/500] 02b2641e-321f-4252-a2c4-d8c7b9bbd0d4: 112 datasets; 1.2 s; peak memory 1306 MiB.
2026-09-17T17:37:53Z INFO [187/500] 02b2e50a-cff5-4dba-a62e-c2fe49769ad0: 69 datasets; 1.4 s; peak memory 1306 MiB.
2026-09-17T17:37:54Z INFO [188/500] 02b34177-d581-4cb8-9dd8-250d4638df5f: 48 datasets; 1.1 s; peak memory 1306 MiB.
2026-09-17T17:37:55Z INFO [189/500] 02b34a1c-6b34-4ea9-8b11-ca286ee9b6b6: 117 datasets; 1.4 s; peak memory 1306 MiB.
2026-09-17T17:37:56Z INFO [190/500] 02b36fcc-831b-47ac-b493-eefcbe929fdc: 118 datasets; 1.1 s; peak memory 1306 MiB.
2026-09-17T17:38:11Z INFO [191/500] 02b3b0b7-a112-4899-9fe9-6db12ed84160: 522 datasets; 14.5 s; peak memory 1306 MiB.
2026-09-17T17:38:13Z INFO [192/500] 02b4cbac-134b-4842-a931-d787465f579c: 80 datasets; 2.3 s; peak memory 1306 MiB.
2026-09-17T17:38:14Z INFO [193/500] 02b526a2-cfde-443c-9394-2f3efc6ef49b: 52 datasets; 0.8 s; peak memory 1306 MiB.
2026-09-17T17:38:15Z INFO [194/500] 02b64f62-eecc-44ea-a09a-0f98e7005304: 48 datasets; 0.9 s; peak memory 1306 MiB.
2026-09-17T17:38:16Z INFO [195/500] 02b83423-05ff-4a45-98a5-c192ee57da37: 117 datasets; 1.0 s; peak memory 1306 MiB.
2026-09-17T17:38:17Z INFO [196/500] 02b961c7-6f34-4998-86ed-a22bcf66f13e: 48 datasets; 0.8 s; peak memory 1306 MiB.
2026-09-17T17:38:18Z INFO [197/500] 02b96caa-8417-4c4c-b7c0-dc4bb21aadd0: 66 datasets; 1.5 s; peak memory 1306 MiB.
2026-09-17T17:38:19Z INFO [198/500] 02ba074a-1dfc-47f0-a7c1-cbd17fb6030c: 46 datasets; 0.8 s; peak memory 1306 MiB.
2026-09-17T17:38:20Z INFO [199/500] 02ba2272-b4a4-4dd8-9698-001a473a379b: 48 datasets; 0.9 s; peak memory 1306 MiB.
2026-09-17T17:38:21Z INFO [200/500] 02ba3493-299b-4008-baff-53a7969125a0: 69 datasets; 1.2 s; peak memory 1306 MiB.
2026-09-17T17:38:21Z INFO [200/500] 02ba3493-299b-4008-baff-53a7969125a0: checkpointed 48230 records.
2026-09-17T17:38:22Z INFO [201/500] 02bb68c9-ed47-4ac8-890f-89afe86dbea8: 70 datasets; 1.1 s; peak memory 1306 MiB.
2026-09-17T17:42:11Z INFO [202/500] 02bbeab5-9101-41d6-a75e-33154f1f780e: 40130 datasets; 228.4 s; peak memory 1306 MiB.
2026-09-17T17:42:12Z INFO [203/500] 02bcb96d-79c6-4a44-b07b-f6c28d5e5232: 48 datasets; 1.0 s; peak memory 1306 MiB.
2026-09-17T17:42:14Z INFO [204/500] 02bcf7de-0a80-43ce-bebc-08becede8e02: 156 datasets; 2.5 s; peak memory 1306 MiB.
2026-09-17T17:42:17Z INFO [205/500] 02bd1e75-7480-4af5-b706-1a3a2c7c5068: 138 datasets; 2.3 s; peak memory 1306 MiB.
2026-09-17T17:42:18Z INFO [206/500] 02bd842b-5d0e-4c31-a136-ac15e7990254: 117 datasets; 1.1 s; peak memory 1306 MiB.
2026-09-17T17:42:19Z INFO [207/500] 02bdffd3-b050-4bf6-beb2-9650c68334ed: 114 datasets; 1.0 s; peak memory 1306 MiB.
2026-09-17T17:42:20Z INFO [208/500] 02be6c8b-e8d6-4b0a-a733-011b818c17c8: 62 datasets; 1.3 s; peak memory 1306 MiB.
2026-09-17T17:42:21Z INFO [209/500] 02bfa38c-d3ac-48df-adb0-c5bf34e4bac3: 116 datasets; 1.1 s; peak memory 1306 MiB.
2026-09-17T17:42:22Z INFO [210/500] 02bfc69e-526d-44dc-b242-5eff08c1b1f6: 121 datasets; 0.9 s; peak memory 1306 MiB.
2026-09-17T17:42:23Z INFO [211/500] 02c0f83f-9a69-45ea-96d4-b2915f75a7d5: 112 datasets; 1.4 s; peak memory 1306 MiB.
2026-09-17T17:42:34Z INFO [212/500] 02c1d006-3ec9-4c43-b4f1-c49f8551d2a3: 267 datasets; 10.7 s; peak memory 1306 MiB.
2026-09-17T17:42:36Z INFO [213/500] 02c1d51f-5939-46a0-af2e-1ade5ff9290b: 71 datasets; 1.5 s; peak memory 1306 MiB.
2026-09-17T17:42:36Z INFO [214/500] 02c22b9c-3492-4094-b862-54be671929e0: 71 datasets; 0.9 s; peak memory 1306 MiB.
2026-09-17T17:42:38Z INFO [215/500] 02c23870-f2c1-4420-b773-b5372884af20: 174 datasets; 1.1 s; peak memory 1306 MiB.
2026-09-17T17:42:38Z INFO [216/500] 02c2a56e-43d4-46bc-851b-1161540ff8af: 48 datasets; 0.9 s; peak memory 1306 MiB.
2026-09-17T17:42:42Z INFO [217/500] 02c2aa99-cac2-43e6-9458-aa4f460091bb: 440 datasets; 3.4 s; peak memory 1306 MiB.
2026-09-17T17:42:43Z INFO [218/500] 02c3cba0-183f-4900-9f73-f06e14cf3827: 48 datasets; 0.9 s; peak memory 1306 MiB.
2026-09-17T17:42:44Z INFO [219/500] 02c42efa-e4ec-48ce-8fca-cd8f13fc78e8: 48 datasets; 1.0 s; peak memory 1306 MiB.
2026-09-17T17:42:45Z INFO [220/500] 02c4d5e1-4758-4fb6-9366-97a13461416c: 112 datasets; 1.3 s; peak memory 1306 MiB.
2026-09-17T17:42:46Z INFO [221/500] 02c53327-b441-4910-acd6-03e40551a884: 116 datasets; 0.9 s; peak memory 1306 MiB.
2026-09-17T17:42:47Z INFO [222/500] 02c54433-15c9-463d-b1de-9a4af8443ef7: 112 datasets; 0.8 s; peak memory 1306 MiB.
2026-09-17T17:42:54Z INFO [223/500] 02c5f702-3f70-4e81-90e8-1910a15d5ef1: 850 datasets; 7.6 s; peak memory 1306 MiB.
2026-09-17T17:43:05Z INFO [224/500] 02c5fe27-666e-4677-8f88-478463429b16: 1592 datasets; 11.1 s; peak memory 1306 MiB.
2026-09-17T17:43:06Z INFO [225/500] 02c6be54-8f27-4ce5-a1ee-ec5648a40b94: 48 datasets; 1.0 s; peak memory 1306 MiB.
2026-09-17T17:43:07Z INFO [226/500] 02c6d158-5d1c-4990-9db7-d32a8d661fbb: 48 datasets; 0.9 s; peak memory 1306 MiB.
2026-09-17T17:43:09Z INFO [227/500] 02c70eb0-ba42-41e3-88d9-bb0fcfb6f9a3: 115 datasets; 2.1 s; peak memory 1306 MiB.
2026-09-17T17:43:10Z INFO [228/500] 02c73d6d-f642-48da-8e4b-38d78580f20f: 118 datasets; 1.0 s; peak memory 1306 MiB.
2026-09-17T17:43:23Z INFO [229/500] 02c84150-72a0-497b-9bb4-e8ceafcb8e99: 1332 datasets; 12.1 s; peak memory 1306 MiB.
2026-09-17T17:43:24Z INFO [230/500] 02c8e995-d570-42c6-a1ed-c825581348b4: 75 datasets; 1.4 s; peak memory 1306 MiB.
2026-09-17T17:43:25Z INFO [231/500] 02c9b5e8-98ac-4518-bb9b-48fbb7d1e283: 48 datasets; 0.9 s; peak memory 1306 MiB.
2026-09-17T17:43:26Z INFO [232/500] 02ca0691-09fe-46e9-998e-28d17115f1e4: 39 datasets; 0.9 s; peak memory 1306 MiB.
2026-09-17T17:43:48Z INFO [233/500] 02cc86ac-667f-49b3-87f7-424faa577def: 5335 datasets; 21.9 s; peak memory 1306 MiB.
2026-09-17T17:43:56Z INFO [234/500] 02cce8ca-42f1-4492-be67-83774648de5f: 627 datasets; 8.7 s; peak memory 1306 MiB.
2026-09-17T17:43:57Z INFO [235/500] 02ce26f9-0051-438a-8d72-37ab880d044b: 48 datasets; 0.9 s; peak memory 1306 MiB.
2026-09-17T17:44:00Z INFO [236/500] 02ce63e6-f796-4702-b3f7-364b28b450d9: 179 datasets; 3.1 s; peak memory 1306 MiB.
2026-09-17T17:44:02Z INFO [237/500] 02cf352a-fb27-4ce6-ad23-40a958426755: 69 datasets; 1.2 s; peak memory 1306 MiB.
2026-09-17T17:44:03Z INFO [238/500] 02d034ee-4d85-4ca6-a2b7-0172a703d6c8: 71 datasets; 1.2 s; peak memory 1306 MiB.
2026-09-17T17:44:04Z INFO [239/500] 02d179ea-2c11-4cc6-b716-044d19a9394d: 62 datasets; 1.1 s; peak memory 1306 MiB.
2026-09-17T17:44:05Z INFO [240/500] 02d1cc35-8795-4a56-8d48-004aa019b893: 48 datasets; 0.9 s; peak memory 1306 MiB.
2026-09-17T17:44:07Z INFO [241/500] 02d1e891-91c4-45d6-a951-4dd19b0f91f8: 114 datasets; 2.1 s; peak memory 1306 MiB.
2026-09-17T17:44:08Z INFO [242/500] 02d27691-e21b-4a8a-8b0e-413625167cb6: 112 datasets; 1.0 s; peak memory 1306 MiB.
2026-09-17T17:44:13Z INFO [243/500] 02d2d3e2-8e99-425a-8280-8d8f2996050b: 595 datasets; 4.8 s; peak memory 1306 MiB.
2026-09-17T17:44:13Z INFO [244/500] 02d2ffbe-0ad7-4399-be90-c0b6f907e21e: 46 datasets; 0.6 s; peak memory 1306 MiB.
2026-09-17T17:44:14Z INFO [245/500] 02d347e1-5043-4d06-8c22-56914461f5b7: 41 datasets; 0.9 s; peak memory 1306 MiB.
2026-09-17T17:44:15Z INFO [246/500] 02d41816-e0cc-4142-a33d-3a8d40b1ca9d: 48 datasets; 0.8 s; peak memory 1306 MiB.
2026-09-17T17:44:16Z INFO [247/500] 02d4320d-a735-410b-947b-038f6e51ae3d: 56 datasets; 0.7 s; peak memory 1306 MiB.
2026-09-17T17:44:17Z INFO [248/500] 02d44d71-fa9e-494c-ba7d-7b71a0023922: 68 datasets; 1.0 s; peak memory 1306 MiB.
2026-09-17T17:44:18Z INFO [249/500] 02d46ec8-d567-4552-8167-a4944232d45f: 51 datasets; 1.2 s; peak memory 1306 MiB.
2026-09-17T17:44:23Z INFO [250/500] 02d550da-21a4-4c8f-9d45-3623978fc9fd: 196 datasets; 4.9 s; peak memory 1306 MiB.
2026-09-17T17:44:23Z INFO [250/500] 02d550da-21a4-4c8f-9d45-3623978fc9fd: checkpointed 48280 records.
2026-09-17T17:44:29Z INFO [251/500] 02d58357-4564-48b3-b8a9-d832c7043fbb: 597 datasets; 6.1 s; peak memory 1306 MiB.
2026-09-17T17:44:30Z INFO [252/500] 02d5b29f-98cc-4088-b59f-fd1fff96b398: 48 datasets; 0.9 s; peak memory 1306 MiB.
2026-09-17T17:44:31Z INFO [253/500] 02d5d514-08e5-410d-9897-09bdf864c3f8: 48 datasets; 0.9 s; peak memory 1306 MiB.
2026-09-17T17:44:32Z INFO [254/500] 02d63deb-5c7c-4c62-842e-d3cffbfd3e1c: 117 datasets; 1.2 s; peak memory 1306 MiB.
2026-09-17T17:46:07Z INFO [255/500] 02d66a59-ea85-4f72-b07b-71e8ca24e502: 260 datasets; 94.9 s; peak memory 1306 MiB.
2026-09-17T17:46:08Z INFO [256/500] 02d7423e-12ea-43dd-865e-e3b1f984b107: 230 datasets; 1.2 s; peak memory 1306 MiB.
2026-09-17T17:46:20Z INFO [257/500] 02d7a696-cb85-4f64-a677-38b74335c000: 1502 datasets; 12.2 s; peak memory 1306 MiB.
2026-09-17T17:46:22Z INFO [258/500] 02d83a5b-bf36-4682-b173-afe3a4fadf91: 117 datasets; 1.1 s; peak memory 1306 MiB.
2026-09-17T17:46:23Z INFO [259/500] 02d84158-53c8-4439-87b7-a0c31f690fb6: 52 datasets; 1.1 s; peak memory 1306 MiB.
2026-09-17T17:46:24Z INFO [260/500] 02d8a56e-04dd-4d10-8c65-2f324943bf7f: 48 datasets; 1.0 s; peak memory 1306 MiB.
2026-09-17T17:48:06Z INFO [261/500] 02d8ea86-616e-4937-944f-8bcac756c43f: 99 datasets; 102.0 s; peak memory 1306 MiB.
2026-09-17T17:48:20Z INFO [262/500] 02d8f88a-2643-4850-9160-a1e82a06a318: 428 datasets; 14.0 s; peak memory 1306 MiB.
2026-09-17T17:48:21Z INFO [263/500] 02da0e19-260b-48f9-999d-a30270abd0f3: 66 datasets; 1.2 s; peak memory 1306 MiB.
2026-09-17T17:48:22Z INFO [264/500] 02da96fc-3fd3-48b9-8f84-c5795acb8aa6: 48 datasets; 1.1 s; peak memory 1306 MiB.
2026-09-17T17:48:23Z INFO [265/500] 02dabfe8-6757-451c-ad62-59de4517ad2b: 117 datasets; 1.0 s; peak memory 1306 MiB.
2026-09-17T17:48:24Z INFO [266/500] 02db13aa-fcd0-4442-a45c-4a9eb772768a: 56 datasets; 0.8 s; peak memory 1306 MiB.
2026-09-17T17:48:33Z INFO [267/500] 02db2a6f-5b0d-4f8f-8f32-c90d39d74fcf: 916 datasets; 9.8 s; peak memory 1306 MiB.
2026-09-17T17:48:34Z INFO [268/500] 02db52e6-de4e-4cdf-8479-9c29e62d00e3: 118 datasets; 1.0 s; peak memory 1306 MiB.
2026-09-17T17:50:16Z INFO [269/500] 02dccc33-a6cb-4b17-85ab-c549e1c75011: 394 datasets; 102.0 s; peak memory 1306 MiB.
2026-09-17T17:50:17Z INFO [270/500] 02ddc403-775a-45da-a1da-dc2d4e06ae15: 48 datasets; 0.8 s; peak memory 1306 MiB.
2026-09-17T17:50:18Z INFO [271/500] 02de4e83-ba73-4527-8519-b8f5e8ddf284: 62 datasets; 1.1 s; peak memory 1306 MiB.
2026-09-17T17:50:37Z INFO [272/500] 02de9051-45d0-4add-adf5-a38d32a8ac90: 48 datasets; 18.4 s; peak memory 1306 MiB.
2026-09-17T17:50:38Z INFO [273/500] 02df1da9-0537-406e-9b4e-4fb16d02d6f8: 117 datasets; 1.2 s; peak memory 1306 MiB.
2026-09-17T17:52:17Z INFO [274/500] 02e0f0d2-86a3-449f-afd0-d63108249396: 167 datasets; 99.3 s; peak memory 1306 MiB.
2026-09-17T17:52:18Z INFO [275/500] 02e0f154-5b0f-44d9-9072-373d6fd320bf: 101 datasets; 0.9 s; peak memory 1306 MiB.
2026-09-17T17:52:23Z INFO [276/500] 02e1033f-27e9-44e4-8345-306206606873: 1535 datasets; 5.3 s; peak memory 1306 MiB.
2026-09-17T17:52:25Z INFO [277/500] 02e1d369-f8b9-4c71-b071-a67349065b14: 112 datasets; 1.4 s; peak memory 1306 MiB.
2026-09-17T17:52:26Z INFO [278/500] 02e1fd4e-04be-4222-80d7-df7a82d79510: 69 datasets; 1.4 s; peak memory 1306 MiB.
2026-09-17T17:52:27Z INFO [279/500] 02e21b0e-b78c-4b7c-8def-44bf1864b402: 118 datasets; 1.1 s; peak memory 1306 MiB.
2026-09-17T17:52:28Z INFO [280/500] 02e35c8e-b323-4d49-9090-bee3af0d69ca: 52 datasets; 0.9 s; peak memory 1306 MiB.
2026-09-17T17:52:29Z INFO [281/500] 02e3c4df-4228-40b2-b679-8aad639d688b: 38 datasets; 0.8 s; peak memory 1306 MiB.
2026-09-17T17:52:30Z INFO [282/500] 02e3f9f0-f3d7-4882-9839-52cd639ea26f: 46 datasets; 0.9 s; peak memory 1306 MiB.
2026-09-17T17:52:34Z INFO [283/500] 02e4cf89-0be1-443e-a607-f3ade1475aca: 537 datasets; 4.3 s; peak memory 1306 MiB.
2026-09-17T17:52:39Z INFO [284/500] 02e55550-7245-4e31-8d39-dc8ab0acff80: 196 datasets; 4.3 s; peak memory 1306 MiB.
2026-09-17T17:52:40Z INFO [285/500] 02e55cf5-933e-40ed-af5f-17898403a7bc: 116 datasets; 1.2 s; peak memory 1306 MiB.
2026-09-17T17:52:45Z INFO [286/500] 02e6112e-79b4-4834-9934-73f963c37a77: 538 datasets; 5.0 s; peak memory 1306 MiB.
2026-09-17T17:52:45Z INFO [287/500] 02e65616-a598-466f-ac63-f4116a5bbe5a: 46 datasets; 0.6 s; peak memory 1306 MiB.
2026-09-17T17:52:47Z INFO [288/500] 02e6a0b1-fd20-4405-ae94-05d61eb79b64: 78 datasets; 1.9 s; peak memory 1306 MiB.
2026-09-17T17:52:49Z INFO [289/500] 02e6d86f-4b19-494b-9881-fcb4dcf69050: 118 datasets; 1.5 s; peak memory 1306 MiB.
2026-09-17T17:52:53Z INFO [290/500] 02e75675-a21f-4aa7-9835-b80f274719c9: 208 datasets; 4.0 s; peak memory 1306 MiB.
2026-09-17T17:52:54Z INFO [291/500] 02e83c9a-c17c-4e44-ad83-e22008459794: 112 datasets; 1.3 s; peak memory 1306 MiB.
2026-09-17T17:52:56Z INFO [292/500] 02e891b3-8e1d-4d1a-9989-8e281ff20199: 112 datasets; 1.6 s; peak memory 1306 MiB.
2026-09-17T17:53:10Z INFO [293/500] 02e8f5c9-532d-45e4-ad5c-e62208fea04d: 428 datasets; 13.9 s; peak memory 1306 MiB.
2026-09-17T17:53:11Z INFO [294/500] 02e942ba-d5c5-4435-af95-352a5a55ea6e: 66 datasets; 1.3 s; peak memory 1306 MiB.
2026-09-17T17:53:12Z INFO [295/500] 02e99bd1-080e-4557-aabc-e19fbbf13793: 47 datasets; 0.9 s; peak memory 1306 MiB.
2026-09-17T17:53:13Z INFO [296/500] 02ea18ba-068a-417d-bf31-28ae115e8a6b: 48 datasets; 1.0 s; peak memory 1306 MiB.
2026-09-17T17:53:14Z INFO [297/500] 02ea4cae-bb79-4d54-94f2-aaaa46b07b79: 41 datasets; 0.8 s; peak memory 1306 MiB.
2026-09-17T17:53:14Z INFO [298/500] 02eb3969-811f-49b9-aff7-1712a1b91188: 48 datasets; 0.8 s; peak memory 1306 MiB.
2026-09-17T17:53:15Z INFO [299/500] 02eb7b03-a88f-42c8-9087-73f65d70c7f6: 48 datasets; 0.9 s; peak memory 1306 MiB.
2026-09-17T17:53:16Z INFO [300/500] 02ec6454-8542-4363-9087-677d0403dde0: 116 datasets; 1.1 s; peak memory 1306 MiB.
2026-09-17T17:53:16Z INFO [300/500] 02ec6454-8542-4363-9087-677d0403dde0: checkpointed 48330 records.
2026-09-17T17:53:18Z INFO [301/500] 02ec74f0-9e06-4771-a926-1d1f4c0aae16: 66 datasets; 1.2 s; peak memory 1306 MiB.
2026-09-17T17:53:19Z INFO [302/500] 02ed7338-d16e-4691-a158-7f4f3aaaf52e: 46 datasets; 0.9 s; peak memory 1306 MiB.
2026-09-17T17:53:20Z INFO [303/500] 02ee0601-e61a-4537-aeab-91b2f566c2bb: 117 datasets; 1.0 s; peak memory 1306 MiB.
2026-09-17T17:53:21Z INFO [304/500] 02ee44e2-06f1-44f5-9871-2ae17d7c7a5b: 119 datasets; 1.5 s; peak memory 1306 MiB.
2026-09-17T17:53:22Z INFO [305/500] 02eec476-4423-4408-9339-0d73851879cf: 48 datasets; 0.9 s; peak memory 1306 MiB.
2026-09-17T17:53:24Z INFO [306/500] 02ef01a0-aad2-4eb2-a901-74e7cc4165c8: 71 datasets; 1.7 s; peak memory 1306 MiB.
2026-09-17T17:53:25Z INFO [307/500] 02f02422-4164-413d-9dd7-e7c102deadb9: 51 datasets; 1.2 s; peak memory 1306 MiB.
2026-09-17T17:53:40Z INFO [308/500] 02f06bed-bbdb-44a7-801c-38a248c20d21: 48 datasets; 15.5 s; peak memory 1306 MiB.
2026-09-17T17:53:41Z INFO [309/500] 02f3cc94-dd30-4cce-b08d-be88198bb03c: 48 datasets; 0.9 s; peak memory 1306 MiB.
2026-09-17T17:53:42Z INFO [310/500] 02f3db88-a514-4a6c-8217-badc8131da3a: 46 datasets; 0.7 s; peak memory 1306 MiB.
2026-09-17T17:53:50Z INFO [311/500] 02f4bc2b-b24c-4e6b-8049-879ab195a7a6: 643 datasets; 7.9 s; peak memory 1306 MiB.
2026-09-17T17:53:52Z INFO [312/500] 02f4dc05-fd83-4f5c-848e-d2ed006db186: 115 datasets; 2.3 s; peak memory 1306 MiB.
2026-09-17T17:54:04Z INFO [313/500] 02f558bc-ae54-4d3a-8991-51176732d04d: 734 datasets; 11.7 s; peak memory 1306 MiB.
2026-09-17T17:54:05Z INFO [314/500] 02f573e9-0b1f-494f-bbc4-849469cb73c6: 110 datasets; 1.2 s; peak memory 1306 MiB.
2026-09-17T17:54:08Z INFO [315/500] 02f6647d-6024-4d65-b435-986ddd9e9f73: 53 datasets; 2.7 s; peak memory 1306 MiB.
2026-09-17T17:54:09Z INFO [316/500] 02f67774-1582-4fa2-9965-eb1302985167: 117 datasets; 1.0 s; peak memory 1306 MiB.
2026-09-17T17:54:10Z INFO [317/500] 02f6ae84-ea34-466d-a3ec-f95150c4f7a5: 118 datasets; 1.1 s; peak memory 1306 MiB.
2026-09-17T17:54:11Z INFO [318/500] 02f7c770-a101-407f-8cbe-3d5977ef7ba0: 78 datasets; 1.3 s; peak memory 1306 MiB.
2026-09-17T17:54:13Z INFO [319/500] 02f95812-16ac-4f9b-ac16-02ecd0e48b08: 71 datasets; 1.9 s; peak memory 1306 MiB.
2026-09-17T17:54:14Z INFO [320/500] 02f9bc28-54e5-41dd-9386-a4d42845c57a: 47 datasets; 0.8 s; peak memory 1306 MiB.
2026-09-17T17:54:20Z INFO [321/500] 02f9dc18-ecee-47da-b826-2b598c2b7091: 56 datasets; 6.1 s; peak memory 1306 MiB.
2026-09-17T17:54:22Z INFO [322/500] 02f9ec3a-558b-43a3-b2fc-9d7e3dbe54b9: 115 datasets; 2.0 s; peak memory 1306 MiB.
2026-09-17T17:54:23Z INFO [323/500] 02fa72cc-ebc8-4348-a420-b035bee95b89: 116 datasets; 1.0 s; peak memory 1306 MiB.
2026-09-17T18:31:22Z INFO [324/500] 02fa7c00-efc5-4a80-9948-e8b676306bc2: 53 datasets; 2219.1 s; peak memory 1306 MiB.
2026-09-17T18:31:28Z INFO [325/500] 02fa9ed3-af82-4932-ba61-db5b28791821: 630 datasets; 5.8 s; peak memory 1306 MiB.
2026-09-17T18:31:29Z INFO [326/500] 02faf2a3-2fde-4ba8-b45c-f8fea65b8fa7: 118 datasets; 1.3 s; peak memory 1306 MiB.
2026-09-17T18:31:35Z INFO [327/500] 02fc806e-80c5-4edd-867e-f115437f1801: 38 datasets; 6.0 s; peak memory 1306 MiB.
2026-09-17T18:31:38Z INFO [328/500] 02fcbfad-d910-4f13-9656-3dfec2955670: 156 datasets; 2.4 s; peak memory 1306 MiB.
2026-09-17T18:31:39Z INFO [329/500] 02fcf892-92e4-40bd-9ef6-e6ed61d2d334: 117 datasets; 1.0 s; peak memory 1306 MiB.
2026-09-17T18:31:40Z INFO [330/500] 02fd5fbe-232c-43d2-b49c-e09f76abf3b3: 61 datasets; 1.0 s; peak memory 1306 MiB.
2026-09-17T18:31:41Z INFO [331/500] 02fdaedc-cbb3-4b54-8243-119ce25fd0c0: 112 datasets; 1.2 s; peak memory 1306 MiB.
2026-09-17T18:31:42Z INFO [332/500] 02fe5a5b-1a36-4c6c-8073-af972e319de3: 48 datasets; 1.0 s; peak memory 1306 MiB.
2026-09-17T18:31:43Z INFO [333/500] 02ffcda0-8f26-4e1a-8efe-d4e3dc25e361: 117 datasets; 1.2 s; peak memory 1306 MiB.
2026-09-17T18:31:44Z INFO [334/500] 03002cc1-5c2c-4d35-89ba-f572cb1b001e: 48 datasets; 0.9 s; peak memory 1306 MiB.
2026-09-17T18:31:45Z INFO [335/500] 0300bf5a-ed68-4eef-81cd-3297b6197f8a: 48 datasets; 0.9 s; peak memory 1306 MiB.
2026-09-17T18:32:01Z INFO [336/500] 030123d0-24d9-4fdd-9495-a006fc06aed6: 1265 datasets; 15.8 s; peak memory 1306 MiB.
2026-09-17T18:32:02Z INFO [337/500] 030131e8-f425-4799-bc97-e2c1c0865f62: 48 datasets; 1.0 s; peak memory 1306 MiB.
2026-09-17T18:32:04Z INFO [338/500] 03013602-8516-48cd-8130-46bcb56b7abc: 152 datasets; 1.8 s; peak memory 1306 MiB.
2026-09-17T18:32:06Z INFO [339/500] 0301ab30-f480-4e7c-b2e5-cc28fc5ef0c2: 115 datasets; 1.9 s; peak memory 1306 MiB.
2026-09-17T18:32:07Z INFO [340/500] 0301b704-3832-4032-b33c-d8c782c1d06b: 48 datasets; 0.9 s; peak memory 1306 MiB.
2026-09-17T18:32:08Z INFO [341/500] 03027bd0-07f8-400e-a26f-6e5758e00b73: 117 datasets; 1.1 s; peak memory 1306 MiB.
2026-09-17T18:32:09Z INFO [342/500] 0302826d-9c37-4a3c-b94c-96102a524102: 45 datasets; 0.9 s; peak memory 1306 MiB.
2026-09-17T18:32:10Z INFO [343/500] 03031657-2cbf-4b13-a8db-fd4156827e6b: 38 datasets; 1.8 s; peak memory 1306 MiB.
2026-09-17T18:32:12Z INFO [344/500] 030392b2-952b-4f03-898f-0f8231a41b20: 71 datasets; 1.5 s; peak memory 1306 MiB.
2026-09-17T18:32:13Z INFO [345/500] 0303b8d0-aa13-4483-a7d0-ed9d75efa221: 118 datasets; 1.0 s; peak memory 1306 MiB.
2026-09-17T18:32:14Z INFO [346/500] 0303e5e3-5e53-43b6-93f3-265a4ce5f4da: 48 datasets; 0.8 s; peak memory 1306 MiB.
2026-09-17T18:32:16Z INFO [347/500] 03046451-83ea-4f04-bbec-65ed978fd460: 101 datasets; 2.2 s; peak memory 1306 MiB.
2026-09-17T18:32:17Z INFO [348/500] 03055cf2-dfa3-44c8-873d-0a8315e948df: 289 datasets; 1.2 s; peak memory 1306 MiB.
2026-09-17T18:32:18Z INFO [349/500] 030742ac-8ded-4d25-af73-02c2874fe68b: 48 datasets; 0.9 s; peak memory 1306 MiB.
2026-09-17T18:32:19Z INFO [350/500] 03075f58-1d38-4189-82da-006a44e06ebc: 112 datasets; 1.1 s; peak memory 1306 MiB.
2026-09-17T18:32:19Z INFO [350/500] 03075f58-1d38-4189-82da-006a44e06ebc: checkpointed 48380 records.
2026-09-17T18:32:49Z INFO [351/500] 0307fbaf-1a0f-4d69-ae1c-7d382011a9c4: 52 datasets; 29.9 s; peak memory 1306 MiB.
2026-09-17T18:32:51Z INFO [352/500] 03080228-32cb-4b94-b309-1540af839cd6: 71 datasets; 1.7 s; peak memory 1306 MiB.
2026-09-17T18:32:52Z INFO [353/500] 0308643c-a326-44d4-b5d1-4b2feb0e8af8: 114 datasets; 0.8 s; peak memory 1306 MiB.
2026-09-17T18:32:53Z INFO [354/500] 03093050-61bc-4d81-ab79-de878c7ad9cd: 48 datasets; 0.9 s; peak memory 1306 MiB.
2026-09-17T18:32:53Z INFO [355/500] 030991d9-8c63-414e-bbf5-ae5fd40de85c: 46 datasets; 0.7 s; peak memory 1306 MiB.
2026-09-17T18:32:54Z INFO [356/500] 030996e3-65f0-4b8d-a0dd-a3ae30bc1d44: 48 datasets; 0.9 s; peak memory 1306 MiB.
2026-09-17T18:32:58Z INFO [357/500] 0309ca0f-466b-4336-8b5e-13f131053423: 353 datasets; 3.4 s; peak memory 1306 MiB.
2026-09-17T18:33:00Z INFO [358/500] 030a2ab5-e98f-4ae9-a688-35b928e5563f: 114 datasets; 2.1 s; peak memory 1306 MiB.
2026-09-17T18:33:00Z INFO [359/500] 030a413c-2394-4c6f-bf28-9d6e37213ddd: 48 datasets; 0.8 s; peak memory 1306 MiB.
2026-09-17T18:33:01Z INFO [360/500] 030a9c81-7fb9-4fdf-bc15-25f6e1c00bee: 112 datasets; 0.9 s; peak memory 1306 MiB.
2026-09-17T18:33:02Z INFO [361/500] 030ab108-2215-48ba-ab1b-8fb2fd13582d: 48 datasets; 0.9 s; peak memory 1306 MiB.
2026-09-17T18:33:03Z INFO [362/500] 030b171c-0ad4-43bc-9d1b-a86d9a736dae: 117 datasets; 1.0 s; peak memory 1306 MiB.
2026-09-17T18:33:05Z INFO [363/500] 030b6128-762d-42fe-bbdf-823409da111c: 102 datasets; 1.4 s; peak memory 1306 MiB.
2026-09-17T18:33:14Z INFO [364/500] 030df42c-8762-4716-847f-2176b84273da: 836 datasets; 8.9 s; peak memory 1306 MiB.
2026-09-17T18:33:16Z INFO [365/500] 030f1e81-0dfa-42fb-aead-10ab63e7caa6: 153 datasets; 2.3 s; peak memory 1306 MiB.
2026-09-17T18:33:17Z INFO [366/500] 030f5cc2-f68b-4f7a-a53b-0c0148530f5b: 51 datasets; 0.7 s; peak memory 1306 MiB.
2026-09-17T18:33:18Z INFO [367/500] 030f638d-65f5-4e5b-b049-fa1c2ce2e9bb: 48 datasets; 0.9 s; peak memory 1306 MiB.
2026-09-17T18:33:18Z INFO [368/500] 03105d89-b6ec-4c20-ae70-aa8474fde83c: 48 datasets; 0.9 s; peak memory 1306 MiB.
2026-09-17T18:33:59Z INFO [369/500] 03106995-52a2-4916-93b9-6d3fe9eeadf2: 2188 datasets; 40.3 s; peak memory 1306 MiB.
2026-09-17T18:34:00Z INFO [370/500] 031175ff-2ab8-4a81-8389-7442884331f1: 60 datasets; 1.1 s; peak memory 1306 MiB.
2026-09-17T18:34:01Z INFO [371/500] 0311c80a-3a4c-4f68-b3de-08b6807d25f6: 112 datasets; 1.3 s; peak memory 1306 MiB.
2026-09-17T18:34:03Z INFO [372/500] 0313c322-7217-4fb7-aac3-bfa9a60f8fcd: 67 datasets; 1.4 s; peak memory 1306 MiB.
2026-09-17T18:34:04Z INFO [373/500] 0317ac6e-9e0e-4dd9-8a94-f1cf7d34e060: 112 datasets; 1.6 s; peak memory 1306 MiB.
2026-09-17T18:34:08Z INFO [374/500] 0317ccfb-c051-4f03-b402-477aeb29ecae: 456 datasets; 3.6 s; peak memory 1306 MiB.
2026-09-17T18:34:09Z INFO [375/500] 03181bed-7518-4e5f-bb6e-6b73ef389516: 106 datasets; 1.1 s; peak memory 1306 MiB.
2026-09-17T18:34:11Z INFO [376/500] 031adc62-7ff4-4ec4-9c7b-4c1618e5aee3: 115 datasets; 1.9 s; peak memory 1306 MiB.
2026-09-17T18:34:26Z INFO [377/500] 031b36e2-7d46-49f1-a8d6-1416ff5884d8: 48 datasets; 14.8 s; peak memory 1306 MiB.
2026-09-17T18:34:26Z INFO [378/500] 031b73b8-00b5-4b30-a1d2-978889d65db8: 48 datasets; 0.9 s; peak memory 1306 MiB.
2026-09-17T18:34:28Z INFO [379/500] 031bb851-76c6-45cf-b4d6-7b7e32f9fd8b: 45 datasets; 1.3 s; peak memory 1306 MiB.
2026-09-17T18:34:32Z INFO [380/500] 031cecdf-83a6-45ee-8003-2f49efe237ad: 537 datasets; 4.5 s; peak memory 1306 MiB.
2026-09-17T18:34:33Z INFO [381/500] 031d4337-0b6a-46e0-8e1a-63e355b3504f: 289 datasets; 1.2 s; peak memory 1306 MiB.
2026-09-17T18:34:36Z INFO [382/500] 031d49b2-c8ed-43ff-8ffc-680bd208613b: 115 datasets; 2.4 s; peak memory 1306 MiB.
2026-09-17T18:34:38Z INFO [383/500] 031d5cf4-c435-4c82-8afc-7258310af0d0: 115 datasets; 1.8 s; peak memory 1306 MiB.
2026-09-17T18:34:41Z INFO [384/500] 031d98bb-0735-4125-8e39-2f8bb4bfa92b: 223 datasets; 3.9 s; peak memory 1306 MiB.
2026-09-17T18:34:42Z INFO [385/500] 031de63e-9459-4ffb-a9c2-54d5ed465dd8: 48 datasets; 1.1 s; peak memory 1306 MiB.
2026-09-17T18:34:43Z INFO [386/500] 031ead3d-5b25-470a-9e4a-ce71a59cce1e: 63 datasets; 0.9 s; peak memory 1306 MiB.
2026-09-17T18:34:44Z INFO [387/500] 031eaed9-8c5a-4641-8dbc-727617a5e071: 65 datasets; 1.1 s; peak memory 1306 MiB.
2026-09-17T18:34:46Z INFO [388/500] 031ec13b-5ba0-41ad-8616-4e096672c2cf: 117 datasets; 1.2 s; peak memory 1306 MiB.
2026-09-17T18:34:50Z INFO [389/500] 031f08bd-8b9d-420c-a50b-1de3cbd5d026: 468 datasets; 4.3 s; peak memory 1306 MiB.
2026-09-17T18:34:51Z INFO [390/500] 031f10e6-c448-4607-bf4d-105dac9357dd: 117 datasets; 1.2 s; peak memory 1306 MiB.
2026-09-17T18:34:53Z INFO [391/500] 031f7146-a42c-4d6a-a31a-1e9f2c395779: 71 datasets; 1.3 s; peak memory 1306 MiB.
2026-09-17T18:34:54Z INFO [392/500] 03206baf-a88c-4c20-b780-cb8a6e42624c: 112 datasets; 1.3 s; peak memory 1306 MiB.
2026-09-17T18:34:55Z INFO [393/500] 03208b4c-3453-42ce-a4bc-66ba61308329: 50 datasets; 0.8 s; peak memory 1306 MiB.
2026-09-17T18:34:55Z INFO [394/500] 0320bea0-3094-4c04-a8db-461b04e6eaf2: 48 datasets; 0.9 s; peak memory 1306 MiB.
2026-09-17T18:34:57Z INFO [395/500] 032137d6-d4b1-467c-a85c-973ed7513df2: 117 datasets; 1.3 s; peak memory 1306 MiB.
2026-09-17T18:34:58Z INFO [396/500] 03218b80-9caf-45af-bd7f-5956e243f5b8: 58 datasets; 0.7 s; peak memory 1306 MiB.
2026-09-17T18:35:00Z INFO [397/500] 0322e3f9-64b5-4e78-865e-74f060889edf: 85 datasets; 2.6 s; peak memory 1306 MiB.
2026-09-17T18:35:17Z INFO [398/500] 03238fef-42c2-4294-a6a1-5267a33c07d5: 1106 datasets; 16.7 s; peak memory 1306 MiB.
2026-09-17T18:35:18Z INFO [399/500] 0323b62c-bc7f-4806-9ad9-1696d2b42bb9: 230 datasets; 1.1 s; peak memory 1306 MiB.
2026-09-17T18:35:20Z INFO [400/500] 0323c827-3c2a-4b92-98db-a7cac2f647c2: 38 datasets; 1.7 s; peak memory 1306 MiB.
2026-09-17T18:35:20Z INFO [400/500] 0323c827-3c2a-4b92-98db-a7cac2f647c2: checkpointed 48430 records.
2026-09-17T18:35:21Z INFO [401/500] 0323f0ad-1a89-45ef-aaeb-cdcc6ef765df: 101 datasets; 1.0 s; peak memory 1306 MiB.
2026-09-17T18:35:25Z INFO [402/500] 03254648-f5e8-4a29-b720-2ac3356e5a2f: 538 datasets; 4.2 s; peak memory 1306 MiB.
2026-09-17T18:35:27Z INFO [403/500] 0326a20f-0453-4949-b951-637340e2a5aa: 200 datasets; 2.1 s; peak memory 1306 MiB.
2026-09-17T18:35:28Z INFO [404/500] 03273dca-c55a-4ca9-868c-f1fbb2860e76: 48 datasets; 0.9 s; peak memory 1306 MiB.
2026-09-17T18:35:29Z INFO [405/500] 0327aa4d-71e8-4f7d-8d9d-2e032fa568f5: 48 datasets; 0.9 s; peak memory 1306 MiB.
2026-09-17T18:35:30Z INFO [406/500] 03286bbd-707b-4b66-925e-04609288a358: 72 datasets; 1.0 s; peak memory 1306 MiB.
2026-09-17T18:35:31Z INFO [407/500] 032934d7-f9e2-43c8-be56-d6598ec75d69: 71 datasets; 1.1 s; peak memory 1306 MiB.
2026-09-17T18:35:32Z INFO [408/500] 032952f0-410a-423c-be15-f17deb371265: 48 datasets; 0.9 s; peak memory 1306 MiB.
2026-09-17T18:35:33Z INFO [409/500] 03297d06-7c90-42a4-b2ca-ca1c99cfc2b7: 117 datasets; 1.1 s; peak memory 1306 MiB.
2026-09-17T18:35:34Z INFO [410/500] 032a5355-e71e-4389-b744-708ec235a859: 66 datasets; 1.4 s; peak memory 1306 MiB.
2026-09-17T18:35:36Z INFO [411/500] 032a6458-d3de-48c2-8b3d-d2563f742a66: 71 datasets; 1.9 s; peak memory 1306 MiB.
2026-09-17T18:35:37Z INFO [412/500] 032dcb2f-2af3-44c3-aa26-ad24f3b74f98: 48 datasets; 1.1 s; peak memory 1306 MiB.
2026-09-17T18:35:38Z INFO [413/500] 032de5e9-9861-4d19-8fef-58f2781bf5ef: 116 datasets; 1.0 s; peak memory 1306 MiB.
2026-09-17T18:35:40Z INFO [414/500] 032dffee-1ab3-4c02-ab04-7f37a305efa5: 117 datasets; 2.0 s; peak memory 1306 MiB.
2026-09-17T18:35:41Z INFO [415/500] 032e2141-b01e-44e0-8143-9a2f093892fd: 117 datasets; 1.0 s; peak memory 1306 MiB.
2026-09-17T18:35:44Z INFO [416/500] 032eb711-8a39-4b7f-a927-c9e5e94b9dae: 50 datasets; 2.6 s; peak memory 1306 MiB.
2026-09-17T18:35:45Z INFO [417/500] 032f3a47-0dd7-43d1-a1e8-8c345fbc44ae: 48 datasets; 0.9 s; peak memory 1306 MiB.
2026-09-17T18:35:46Z INFO [418/500] 032f4cf8-2f93-4bf6-a7eb-71866f271201: 112 datasets; 1.1 s; peak memory 1306 MiB.
2026-09-17T18:35:50Z INFO [419/500] 0330349a-dfff-4bbd-9827-03414adb4d22: 231 datasets; 4.2 s; peak memory 1306 MiB.
2026-09-17T18:35:51Z INFO [420/500] 03303c4c-c2f6-45f0-b66d-8938a09c6c17: 56 datasets; 0.7 s; peak memory 1306 MiB.
2026-09-17T18:35:52Z INFO [421/500] 0330932f-e846-402d-8ee9-fa6148b98621: 116 datasets; 1.2 s; peak memory 1306 MiB.
2026-09-17T18:35:54Z INFO [422/500] 03311cff-d6f1-425b-baa7-f0430beb5d51: 118 datasets; 1.7 s; peak memory 1306 MiB.
2026-09-17T18:35:55Z INFO [423/500] 03316fb0-7256-4277-963b-a94dbfacfcf7: 48 datasets; 0.9 s; peak memory 1306 MiB.
2026-09-17T18:35:55Z INFO [424/500] 033222b9-3dd6-47f5-a7de-594dd246cdfc: 48 datasets; 0.9 s; peak memory 1306 MiB.
2026-09-17T18:35:56Z INFO [425/500] 033235e1-fa7c-4d33-8f15-d4a3e8f5a43d: 117 datasets; 0.9 s; peak memory 1306 MiB.
2026-09-17T18:37:51Z INFO [426/500] 033296a7-f35e-45a0-9a46-3099413de401: 167 datasets; 114.7 s; peak memory 1306 MiB.
2026-09-17T18:37:52Z INFO [427/500] 0332cbac-390d-42b3-ad6d-ac42d1bf1092: 56 datasets; 0.9 s; peak memory 1306 MiB.
2026-09-17T18:37:53Z INFO [428/500] 03332538-34cc-44c5-b960-273bdfbdcd73: 48 datasets; 1.1 s; peak memory 1306 MiB.
2026-09-17T18:37:54Z INFO [429/500] 03338fd2-c2b9-45ea-89d0-1854e6729102: 71 datasets; 1.3 s; peak memory 1306 MiB.
2026-09-17T18:37:55Z INFO [430/500] 0333f1fc-6191-4b7e-9c50-6bffc8e226bf: 109 datasets; 1.2 s; peak memory 1306 MiB.
2026-09-17T18:37:56Z INFO [431/500] 03343aa5-19af-40a3-908a-199aa7ac621b: 48 datasets; 0.9 s; peak memory 1306 MiB.
2026-09-17T18:37:58Z INFO [432/500] 033462b2-6abb-46df-a2fe-85fc771a18f7: 115 datasets; 2.1 s; peak memory 1306 MiB.
2026-09-17T18:38:00Z INFO [433/500] 03357166-3956-4de7-8501-4d5e8d69c6ce: 116 datasets; 1.1 s; peak memory 1306 MiB.
2026-09-17T18:38:02Z INFO [434/500] 0335edb5-00c2-4b57-87a4-9ff9afb2aaec: 156 datasets; 2.8 s; peak memory 1306 MiB.
2026-09-17T18:38:03Z INFO [435/500] 03376a6e-24e2-4dae-a823-c32b693ad95e: 109 datasets; 1.1 s; peak memory 1306 MiB.
2026-09-17T18:38:04Z INFO [436/500] 0337823f-ffab-4e5b-9816-b6efdcceade3: 48 datasets; 0.9 s; peak memory 1306 MiB.
2026-09-17T18:38:05Z INFO [437/500] 0338279c-e3fa-4d30-9bec-8342785951fa: 114 datasets; 1.1 s; peak memory 1306 MiB.
2026-09-17T18:38:06Z INFO [438/500] 03383de2-51cc-467a-9b50-99e5190964c0: 46 datasets; 0.9 s; peak memory 1306 MiB.
2026-09-17T18:38:07Z INFO [439/500] 0338f7d1-7504-4746-ae6d-dc45564297b3: 117 datasets; 0.8 s; peak memory 1306 MiB.
2026-09-17T18:38:08Z INFO [440/500] 033999bf-6d3d-4747-a29b-c298723ab87d: 48 datasets; 0.9 s; peak memory 1306 MiB.
2026-09-17T18:38:27Z INFO [441/500] 0339f9c8-7306-44a4-8ded-a74556b40692: 1174 datasets; 19.0 s; peak memory 1306 MiB.
2026-09-17T18:38:28Z INFO [442/500] 033a1f6a-80d2-4a49-b9a8-9e6d5ced0d93: 39 datasets; 1.0 s; peak memory 1306 MiB.
2026-09-17T18:38:29Z INFO [443/500] 033afa80-ba97-4b5a-acb9-bbd1c098de14: 48 datasets; 0.8 s; peak memory 1306 MiB.
2026-09-17T18:38:30Z INFO [444/500] 033b5034-77c7-4a7c-8b99-61355fc77c85: 48 datasets; 0.9 s; peak memory 1306 MiB.
2026-09-17T18:38:32Z INFO [445/500] 033b80a3-9b9b-4727-888d-e0ab54a1d97f: 115 datasets; 1.9 s; peak memory 1306 MiB.
2026-09-17T18:38:33Z INFO [446/500] 033d382a-2c62-4ffe-bb74-96206a90494f: 117 datasets; 1.1 s; peak memory 1306 MiB.
2026-09-17T18:38:34Z INFO [447/500] 033d8d0b-cea4-46cc-bfb3-e61d0c0752fb: 119 datasets; 1.6 s; peak memory 1306 MiB.
2026-09-17T18:38:35Z INFO [448/500] 033d9c38-e089-4acd-98d1-f9ddea1d2f1f: 117 datasets; 1.1 s; peak memory 1306 MiB.
2026-09-17T18:38:36Z INFO [449/500] 033e4d1b-3d5a-47f9-9bd9-84f13d5b61b0: 48 datasets; 0.8 s; peak memory 1306 MiB.
2026-09-17T18:40:12Z INFO [450/500] 033e5861-9814-4ea9-954f-274d18eb7bee: 260 datasets; 95.3 s; peak memory 1306 MiB.
2026-09-17T18:40:12Z INFO [450/500] 033e5861-9814-4ea9-954f-274d18eb7bee: checkpointed 48480 records.
2026-09-17T18:40:13Z INFO [451/500] 033ec5e9-54cd-42e6-89dc-8c322e840af7: 116 datasets; 1.0 s; peak memory 1306 MiB.
2026-09-17T18:40:17Z INFO [452/500] 033ec793-815e-45de-8b0a-5a757a24088e: 229 datasets; 4.2 s; peak memory 1306 MiB.
2026-09-17T18:40:18Z INFO [453/500] 033ecaf2-4476-4e89-b35f-62e574b72276: 48 datasets; 1.0 s; peak memory 1306 MiB.
2026-09-17T18:40:24Z INFO [454/500] 033f1196-2003-4a85-9a8d-74c8be3f959c: 36 datasets; 6.2 s; peak memory 1306 MiB.
2026-09-17T18:40:30Z INFO [455/500] 033f30d2-fded-43cc-92bf-5072c7f2ea79: 38 datasets; 5.7 s; peak memory 1306 MiB.
2026-09-17T18:40:31Z INFO [456/500] 033ff4cc-fbf8-417e-ba0a-e80109ef5570: 131 datasets; 1.3 s; peak memory 1306 MiB.
2026-09-17T18:40:32Z INFO [457/500] 0340759f-74fc-41fc-9fc9-605074496141: 46 datasets; 0.7 s; peak memory 1306 MiB.
2026-09-17T18:40:33Z INFO [458/500] 0340dde7-e96d-4987-a010-3b1df685f62d: 71 datasets; 1.1 s; peak memory 1306 MiB.
2026-09-17T18:40:34Z INFO [459/500] 0341d644-1a05-46c4-8ca1-0a92757b37e9: 48 datasets; 1.0 s; peak memory 1306 MiB.
2026-09-17T18:40:35Z INFO [460/500] 03420196-33e6-459e-92e4-90fc641aa13b: 113 datasets; 1.5 s; peak memory 1306 MiB.
2026-09-17T18:40:50Z INFO [461/500] 0342434a-7129-40e7-9047-553015a90051: 758 datasets; 14.5 s; peak memory 1306 MiB.
2026-09-17T18:40:51Z INFO [462/500] 034337ce-552e-4693-a83c-51edff94dfde: 48 datasets; 1.0 s; peak memory 1306 MiB.
2026-09-17T18:40:52Z INFO [463/500] 03439f5b-5ab5-439c-84d4-76c216a1193e: 112 datasets; 1.4 s; peak memory 1306 MiB.
2026-09-17T18:40:54Z INFO [464/500] 0343e283-6f6b-476b-a17d-cdd0aa50c35b: 115 datasets; 2.0 s; peak memory 1306 MiB.
2026-09-17T18:40:55Z INFO [465/500] 03445840-960f-4596-bf0a-9a4b4bbb4f13: 48 datasets; 0.9 s; peak memory 1306 MiB.
2026-09-17T18:40:56Z INFO [466/500] 03455b72-9749-4c19-87c7-170f51106c83: 78 datasets; 1.4 s; peak memory 1306 MiB.
2026-09-17T18:40:57Z INFO [467/500] 03458a9e-f0ea-4e95-9c55-75721462acf5: 46 datasets; 0.8 s; peak memory 1306 MiB.
2026-09-17T18:40:58Z INFO [468/500] 0345d8a3-a5cc-4dbd-a587-119fa099bb0b: 38 datasets; 0.9 s; peak memory 1306 MiB.
2026-09-17T18:40:59Z INFO [469/500] 0345fb05-12ed-4af4-b459-128708850477: 39 datasets; 0.9 s; peak memory 1306 MiB.
2026-09-17T18:41:00Z INFO [470/500] 03463604-5296-48a3-9169-c90c6e33cad7: 84 datasets; 1.3 s; peak memory 1306 MiB.
2026-09-17T18:41:01Z INFO [471/500] 0346ae94-a3ce-4f8a-bc61-d57ef25bd925: 117 datasets; 1.2 s; peak memory 1306 MiB.
2026-09-17T18:41:02Z INFO [472/500] 03476e20-8bd0-461e-8f65-dd198fdf4fc0: 48 datasets; 0.9 s; peak memory 1306 MiB.
2026-09-17T18:41:04Z INFO [473/500] 0348611c-b226-4e37-9a7a-df0669cb1782: 71 datasets; 1.7 s; peak memory 1306 MiB.
2026-09-17T18:41:05Z INFO [474/500] 0348beb6-a9ca-4c0c-b413-ad8397de3c7d: 112 datasets; 1.2 s; peak memory 1306 MiB.
2026-09-17T18:41:06Z INFO [475/500] 0348cc8f-2c8e-4bee-910d-f297f822aab0: 117 datasets; 1.0 s; peak memory 1306 MiB.
2026-09-17T18:41:15Z INFO [476/500] 034990bf-01fe-42f3-b6f1-a9374dcd0066: 642 datasets; 8.7 s; peak memory 1306 MiB.
2026-09-17T18:41:16Z INFO [477/500] 034a4374-232d-401c-9288-31e5ef206670: 48 datasets; 0.9 s; peak memory 1306 MiB.
2026-09-17T18:41:17Z INFO [478/500] 034ad8f1-bf60-41dd-bacd-c9ee2d7c71d0: 112 datasets; 1.2 s; peak memory 1306 MiB.
2026-09-17T18:41:18Z INFO [479/500] 034b24e2-b699-442d-9625-35dbee1395ef: 48 datasets; 0.9 s; peak memory 1306 MiB.
2026-09-17T18:41:19Z INFO [480/500] 034b904a-2535-4ebb-b627-0d294caa08fe: 48 datasets; 0.9 s; peak memory 1306 MiB.
2026-09-17T18:41:20Z INFO [481/500] 034d5b77-441e-43a2-a04d-6bedd64b3fc3: 121 datasets; 0.8 s; peak memory 1306 MiB.
2026-09-17T18:41:21Z INFO [482/500] 034e23ca-affb-43b4-aebe-02162fde2e1f: 52 datasets; 1.0 s; peak memory 1306 MiB.
2026-09-17T18:41:21Z INFO [483/500] 034e72c9-7891-4cec-aa2d-7579701e253f: 48 datasets; 0.8 s; peak memory 1306 MiB.
2026-09-17T18:41:31Z INFO [484/500] 034eb273-1e8a-4410-949e-a6871b2c0e83: 1327 datasets; 9.5 s; peak memory 1306 MiB.
2026-09-17T18:41:32Z INFO [485/500] 034ed842-a008-4d73-a069-caf9d4a462f9: 48 datasets; 0.9 s; peak memory 1306 MiB.
2026-09-17T18:41:33Z INFO [486/500] 034f70b8-dde7-400e-bf1c-b38c8ea64315: 48 datasets; 0.9 s; peak memory 1306 MiB.
2026-09-17T18:41:33Z INFO [487/500] 034f976b-103c-455a-adfd-b202c3142320: 41 datasets; 0.9 s; peak memory 1306 MiB.
2026-09-17T18:41:34Z INFO [488/500] 035055d4-b113-430a-bd48-87ab6d55cef5: 38 datasets; 0.7 s; peak memory 1306 MiB.
2026-09-17T18:41:35Z INFO [489/500] 0350bdf8-0463-49a4-9e14-223b6b99aa54: 66 datasets; 1.3 s; peak memory 1306 MiB.
2026-09-17T18:41:36Z INFO [490/500] 0350cb7a-ae83-4a02-8bba-48f1d394070d: 48 datasets; 0.8 s; peak memory 1306 MiB.
2026-09-17T18:41:37Z INFO [491/500] 03513beb-e6d7-4426-ad0b-8eb6c2d9a3e9: 52 datasets; 0.9 s; peak memory 1306 MiB.
2026-09-17T18:41:38Z INFO [492/500] 03522f7c-36a3-47f8-80c3-05315333f89a: 48 datasets; 0.8 s; peak memory 1306 MiB.
2026-09-17T18:41:39Z INFO [493/500] 03525e41-fd14-4324-bb75-1151a39a89d0: 78 datasets; 1.0 s; peak memory 1306 MiB.
2026-09-17T18:41:50Z INFO [494/500] 0353b161-e5c3-4d09-a8f9-2002c88a197b: 810 datasets; 10.6 s; peak memory 1306 MiB.
2026-09-17T18:41:54Z INFO [495/500] 035407c0-01e5-4282-9881-2a82cb6e0ece: 3556 datasets; 4.5 s; peak memory 1306 MiB.
2026-09-17T18:41:55Z INFO [496/500] 03541dbd-fdb1-4dc0-b4d5-3c93f12ca306: 116 datasets; 1.0 s; peak memory 1306 MiB.
2026-09-17T18:41:56Z INFO [497/500] 03553748-7730-479c-99f0-944d400569a3: 48 datasets; 0.9 s; peak memory 1306 MiB.
2026-09-17T18:41:57Z INFO [498/500] 0356024c-a95a-4d6c-9553-cef9c890bb6c: 46 datasets; 0.9 s; peak memory 1306 MiB.
2026-09-17T18:41:58Z INFO [499/500] 0356e792-4015-459e-85b5-84883cd137c7: 48 datasets; 1.0 s; peak memory 1306 MiB.
2026-09-17T18:41:59Z INFO [500/500] 0357d8f4-06f6-47a9-a340-cc12d5160c31: 48 datasets; 0.9 s; peak memory 1306 MiB.
2026-09-17T18:41:59Z INFO [500/500] 0357d8f4-06f6-47a9-a340-cc12d5160c31: checkpointed 48530 records.
2026-09-17T18:41:59Z INFO Wrote 48530 records to /tmp/derivatives/valid_nwb_file_to_number_of_datasets.jsonl (500 new, 0 failed) in 117.3 min (peak memory 1306 MiB).
