2026-10-03T21:11:03Z INFO Logging to /tmp/logs/update_2026-10-03T21-11-03Z.log.
2026-10-03T21:11:03Z INFO Update valid-nwb-file-to-number-of-datasets (base directory /tmp).
2026-10-03T21:11:03Z INFO Processing 750 items (68836 already recorded).
2026-10-03T21:11:05Z INFO [1/750] 2d5b78aa-3036-4aef-998d-fd6be941363d: 55 datasets; 1.7 s; peak memory 104 MiB.
2026-10-03T21:11:07Z INFO [2/750] 2d5bbb15-a728-46f5-9166-b38d9a872c88: 69 datasets; 1.8 s; peak memory 106 MiB.
2026-10-03T21:11:15Z INFO [3/750] 2d5be0db-6482-4c3f-9107-49d7d4e41fe1: 200 datasets; 7.6 s; peak memory 114 MiB.
2026-10-03T21:11:16Z INFO [4/750] 2d5be3c5-5dd4-4336-87e2-ecca3b245f70: 48 datasets; 1.3 s; peak memory 114 MiB.
2026-10-03T21:11:18Z INFO [5/750] 2d5bec55-d5cb-4cb7-bf93-ecbc5cb0b079: 62 datasets; 2.1 s; peak memory 114 MiB.
2026-10-03T21:11:19Z INFO [6/750] 2d5c9474-7b18-484d-a2d2-eba4bc7fe9a2: 52 datasets; 1.5 s; peak memory 114 MiB.
2026-10-03T21:11:21Z INFO [7/750] 2d5cbf19-f41c-4bb5-a1f7-7d78e5a821a2: 117 datasets; 1.8 s; peak memory 115 MiB.
2026-10-03T21:11:22Z INFO [8/750] 2d5d05ad-223c-4d62-a40e-28920f3ef800: 56 datasets; 1.1 s; peak memory 115 MiB.
2026-10-03T21:11:25Z INFO [9/750] 2d5d70b2-4068-423e-a260-ded338b73f5f: 66 datasets; 2.3 s; peak memory 115 MiB.
2026-10-03T21:11:26Z INFO [10/750] 2d5d7a3d-48d7-4671-bf72-a4f4895ca92d: 69 datasets; 1.7 s; peak memory 115 MiB.
2026-10-03T21:11:28Z INFO [11/750] 2d5dc2e7-fc72-49da-9e09-51541d389c4f: 85 datasets; 1.5 s; peak memory 115 MiB.
2026-10-03T21:11:31Z INFO [12/750] 2d5dea5c-d9ce-4f10-990b-8b5b6bec5b46: 156 datasets; 3.6 s; peak memory 115 MiB.
2026-10-03T21:11:33Z INFO [13/750] 2d5e248c-bdf0-40e8-9a19-143e7bd89c0b: 116 datasets; 1.7 s; peak memory 115 MiB.
2026-10-03T21:11:34Z INFO [14/750] 2d5ef1f9-66fd-4ba4-a8de-b7dec514b45f: 44 datasets; 1.2 s; peak memory 115 MiB.
2026-10-03T21:11:36Z INFO [15/750] 2d5f6044-fa38-4800-b1ca-c49b1a81b5b6: 48 datasets; 1.3 s; peak memory 115 MiB.
2026-10-03T21:11:39Z INFO [16/750] 2d5fa894-8b00-4607-9623-60e05ed0980a: 116 datasets; 3.3 s; peak memory 115 MiB.
2026-10-03T21:11:55Z INFO [17/750] 2d5fec56-acf7-42b2-b6c6-76e3c196791f: 1575 datasets; 16.4 s; peak memory 148 MiB.
2026-10-03T21:11:57Z INFO [18/750] 2d5ffddf-6596-4111-ae47-2b3d6fb5c61e: 112 datasets; 2.1 s; peak memory 149 MiB.
2026-10-03T21:11:59Z INFO [19/750] 2d601214-d5ca-4f7e-8c31-aca0288c6d98: 117 datasets; 1.8 s; peak memory 149 MiB.
2026-10-03T21:12:01Z INFO [20/750] 2d609599-6cfa-4dd1-b323-443aa14a65bd: 117 datasets; 1.7 s; peak memory 149 MiB.
2026-10-03T21:12:02Z INFO [21/750] 2d63beee-689c-4528-8b4c-4ca7a7db6bf4: 110 datasets; 1.5 s; peak memory 149 MiB.
2026-10-03T21:12:15Z INFO [22/750] 2d64531b-b6fb-46c5-973f-f371468a5c87: 613 datasets; 12.5 s; peak memory 153 MiB.
2026-10-03T21:12:16Z INFO [23/750] 2d645d00-0cd3-4161-be9c-ea20e66c4858: 68 datasets; 1.4 s; peak memory 153 MiB.
2026-10-03T21:12:20Z INFO [24/750] 2d659dae-e8bf-4175-adba-d2367da0727f: 123 datasets; 3.6 s; peak memory 153 MiB.
2026-10-03T21:12:31Z INFO [25/750] 2d65f764-7601-4655-94e0-171fde0cc244: 800 datasets; 10.6 s; peak memory 153 MiB.
2026-10-03T21:12:32Z INFO [26/750] 2d664dce-daa5-4f44-98ff-a2b096796e1d: 72 datasets; 1.6 s; peak memory 153 MiB.
2026-10-03T21:12:34Z INFO [27/750] 2d66d572-258c-4d16-8572-c200975a6dda: 112 datasets; 1.8 s; peak memory 153 MiB.
2026-10-03T21:12:40Z INFO [28/750] 2d66ece4-424a-4979-af62-6e595e19b2a0: 524 datasets; 5.7 s; peak memory 153 MiB.
2026-10-03T21:12:47Z INFO [29/750] 2d6766ab-bcec-4bdd-8e09-106c07d4b3cd: 196 datasets; 7.0 s; peak memory 153 MiB.
2026-10-03T21:12:49Z INFO [30/750] 2d68059c-a30f-4b9c-9cd9-13e079517430: 289 datasets; 1.9 s; peak memory 153 MiB.
2026-10-03T21:12:50Z INFO [31/750] 2d6839cf-d00f-497a-9663-b695a50ab524: 64 datasets; 1.9 s; peak memory 154 MiB.
2026-10-03T21:12:52Z INFO [32/750] 2d688875-e51d-49cb-bfb1-106247700df8: 48 datasets; 1.3 s; peak memory 154 MiB.
2026-10-03T21:12:53Z INFO [33/750] 2d688e7f-e930-4b85-a31e-b978c1843193: 48 datasets; 1.3 s; peak memory 154 MiB.
2026-10-03T21:12:55Z INFO [34/750] 2d6940ef-a4a3-473d-9ca7-b12a2a8e24bc: 38 datasets; 2.5 s; peak memory 154 MiB.
2026-10-03T21:12:57Z INFO [35/750] 2d69a65d-2d3d-4d6c-85f6-5dcf18a9f4e1: 116 datasets; 1.4 s; peak memory 154 MiB.
2026-10-03T21:12:59Z INFO [36/750] 2d69ee7e-ecca-41b9-a49c-691c5a4bbcde: 72 datasets; 1.8 s; peak memory 154 MiB.
2026-10-03T21:13:00Z INFO [37/750] 2d6a37be-b386-4d5f-86c3-5c79223d9a30: 50 datasets; 1.2 s; peak memory 154 MiB.
2026-10-03T21:13:01Z INFO [38/750] 2d6ac79d-9f28-480b-a316-fe2a95c6110b: 48 datasets; 1.5 s; peak memory 154 MiB.
2026-10-03T21:13:08Z INFO [39/750] 2d6b384a-ecaa-4fd6-addd-300a10b2e471: 538 datasets; 7.0 s; peak memory 154 MiB.
2026-10-03T21:13:10Z INFO [40/750] 2d6b8b17-1c51-4fc9-80b5-8ce8d18347e0: 48 datasets; 1.3 s; peak memory 154 MiB.
2026-10-03T21:13:11Z INFO [41/750] 2d6bb749-355f-4db1-99fa-30dfc641aede: 117 datasets; 1.5 s; peak memory 154 MiB.
2026-10-03T21:13:12Z INFO [42/750] 2d6c4d52-d602-4164-a0e5-b435b19d2739: 48 datasets; 1.3 s; peak memory 154 MiB.
2026-10-03T21:13:14Z INFO [43/750] 2d6d3e0b-0de1-4195-8ce3-6c69714cfe07: 66 datasets; 1.9 s; peak memory 154 MiB.
2026-10-03T21:13:16Z INFO [44/750] 2d6d8ea7-016f-41cb-9705-794db91a8628: 48 datasets; 1.4 s; peak memory 154 MiB.
2026-10-03T21:13:17Z INFO [45/750] 2d6edabf-27b2-4dbe-99c8-8a41ab6398ca: 48 datasets; 1.3 s; peak memory 154 MiB.
2026-10-03T21:13:18Z INFO [46/750] 2d6edf30-f66a-4676-aa6e-ef0dc2c6491d: 38 datasets; 1.3 s; peak memory 154 MiB.
2026-10-03T21:13:19Z INFO [47/750] 2d6f8934-1a02-4025-8d6c-b8168b6ff4b4: 59 datasets; 1.2 s; peak memory 154 MiB.
2026-10-03T21:13:21Z INFO [48/750] 2d703e03-0290-4f0c-b280-c1f9a7e0a5b8: 48 datasets; 1.3 s; peak memory 154 MiB.
2026-10-03T21:13:22Z INFO [49/750] 2d70ddd1-d328-4057-a0c7-e8ab7560003c: 48 datasets; 1.4 s; peak memory 154 MiB.
2026-10-03T21:13:23Z INFO [50/750] 2d71126a-07bb-4201-9a9a-8cb5e0c743a3: 48 datasets; 1.3 s; peak memory 154 MiB.
2026-10-03T21:13:24Z INFO [50/750] 2d71126a-07bb-4201-9a9a-8cb5e0c743a3: checkpointed 68886 records.
2026-10-03T21:13:25Z INFO [51/750] 2d711d79-eed1-404b-8399-073a2e997404: 84 datasets; 1.9 s; peak memory 154 MiB.
2026-10-03T21:13:26Z INFO [52/750] 2d71f9e1-3476-4947-895a-851fb8b75555: 46 datasets; 0.9 s; peak memory 154 MiB.
2026-10-03T21:13:28Z INFO [53/750] 2d720e80-f091-463b-afd8-7c68e5bc7d16: 48 datasets; 1.3 s; peak memory 154 MiB.
2026-10-03T21:13:34Z INFO [54/750] 2d7219cc-5dcc-4e0b-9b2a-ae370e377816: 208 datasets; 6.6 s; peak memory 154 MiB.
2026-10-03T21:13:36Z INFO [55/750] 2d72712d-9150-4c88-9824-3dcca387961b: 48 datasets; 1.4 s; peak memory 154 MiB.
2026-10-03T21:13:39Z INFO [56/750] 2d72cdd8-9759-49da-9784-c832ce4aec03: 38 datasets; 2.9 s; peak memory 154 MiB.
2026-10-03T21:13:40Z INFO [57/750] 2d73cdb0-b963-4e08-b9f6-006f06e5fde1: 46 datasets; 1.4 s; peak memory 154 MiB.
2026-10-03T21:13:41Z INFO [58/750] 2d73ecc1-ff7a-4dd7-b3f8-47575d33fe0d: 63 datasets; 1.3 s; peak memory 154 MiB.
2026-10-03T21:13:43Z INFO [59/750] 2d745019-235a-41b7-a8f4-bedc9054a0ff: 71 datasets; 2.3 s; peak memory 154 MiB.
2026-10-03T21:13:46Z INFO [60/750] 2d7656b8-247f-4baf-83f3-8bffa14b2be8: 69 datasets; 2.3 s; peak memory 154 MiB.
2026-10-03T21:13:47Z INFO [61/750] 2d76c9ca-8940-4c3d-986f-fa6e783525c6: 116 datasets; 1.5 s; peak memory 154 MiB.
2026-10-03T21:13:49Z INFO [62/750] 2d77211d-d936-4b93-8273-7ba6d9f6fe65: 48 datasets; 1.3 s; peak memory 154 MiB.
2026-10-03T21:13:50Z INFO [63/750] 2d7761d1-430c-4676-92cc-7b696330f26b: 48 datasets; 1.3 s; peak memory 154 MiB.
2026-10-03T21:13:51Z INFO [64/750] 2d776de4-e068-4a98-a209-5a8dfcfb3c5a: 48 datasets; 1.3 s; peak memory 154 MiB.
2026-10-03T21:13:55Z INFO [65/750] 2d77b3a7-7183-4b1e-a7ba-6c8d24c6ffcd: 123 datasets; 3.3 s; peak memory 154 MiB.
2026-10-03T21:14:00Z INFO [66/750] 2d786e57-d959-4ffd-8a9f-504302092a23: 223 datasets; 6.0 s; peak memory 155 MiB.
2026-10-03T21:14:02Z INFO [67/750] 2d787bbb-6a7d-4c43-97b4-047bf501c732: 48 datasets; 1.3 s; peak memory 155 MiB.
2026-10-03T21:14:04Z INFO [68/750] 2d79f9e7-a060-4da0-80f2-950b5673f974: 59 datasets; 1.8 s; peak memory 155 MiB.
2026-10-03T21:14:05Z INFO [69/750] 2d7b1450-8795-437d-9f52-350b308d0c5d: 45 datasets; 1.0 s; peak memory 155 MiB.
2026-10-03T21:14:06Z INFO [70/750] 2d7b7dd4-7cc1-4dc0-8840-49ffc2bd5dc6: 118 datasets; 1.7 s; peak memory 155 MiB.
2026-10-03T21:14:08Z INFO [71/750] 2d7cdf59-7b1c-4164-b929-a2543338dc29: 48 datasets; 1.3 s; peak memory 155 MiB.
2026-10-03T21:14:09Z INFO [72/750] 2d7d76e8-6a3e-4dc6-9626-8b3bc6b87784: 48 datasets; 1.3 s; peak memory 155 MiB.
2026-10-03T21:14:10Z INFO [73/750] 2d7d9eb2-cd84-4830-956e-790edfca9149: 48 datasets; 1.3 s; peak memory 155 MiB.
2026-10-03T21:14:12Z INFO [74/750] 2d7e5001-8040-47a7-b3ef-f781a5e87987: 71 datasets; 1.8 s; peak memory 155 MiB.
2026-10-03T21:14:16Z INFO [75/750] 2d7ead8c-a47a-4e9b-b5d7-fe251b13249f: 429 datasets; 4.5 s; peak memory 155 MiB.
2026-10-03T21:14:20Z INFO [76/750] 2d7f7d48-cf9c-43a8-ad4c-9b871d4966c1: 156 datasets; 3.3 s; peak memory 155 MiB.
2026-10-03T21:14:21Z INFO [77/750] 2d7fcf45-6b8e-4af5-823a-2e43a962795c: 46 datasets; 1.0 s; peak memory 155 MiB.
2026-10-03T21:14:22Z INFO [78/750] 2d801315-5bca-4af2-9c61-b879b9de34d4: 117 datasets; 1.6 s; peak memory 155 MiB.
2026-10-03T21:14:24Z INFO [79/750] 2d801bd6-dd45-4928-be1c-014238afaef7: 62 datasets; 1.8 s; peak memory 155 MiB.
2026-10-03T21:14:26Z INFO [80/750] 2d803bfc-2308-43f6-a2f2-28551e27b75b: 116 datasets; 1.6 s; peak memory 156 MiB.
2026-10-03T21:14:27Z INFO [81/750] 2d812477-4ed6-4927-b4a8-bacf4bd2da27: 110 datasets; 1.9 s; peak memory 156 MiB.
2026-10-03T21:14:29Z INFO [82/750] 2d8124c7-9b4a-458c-8d1e-4077fffea7a3: 53 datasets; 1.0 s; peak memory 156 MiB.
2026-10-03T21:14:30Z INFO [83/750] 2d81289d-9fe5-4f10-bfa3-872e1733cdae: 85 datasets; 1.7 s; peak memory 156 MiB.
2026-10-03T21:14:31Z INFO [84/750] 2d81296d-6ca2-4148-be87-de9d5853db22: 48 datasets; 1.2 s; peak memory 156 MiB.
2026-10-03T21:14:33Z INFO [85/750] 2d819acd-eb0f-447b-826b-6715d1238a15: 112 datasets; 1.9 s; peak memory 156 MiB.
2026-10-03T21:14:35Z INFO [86/750] 2d821d2e-38b7-405a-af54-d880013b6278: 52 datasets; 1.2 s; peak memory 156 MiB.
2026-10-03T21:14:36Z INFO [87/750] 2d821f46-b9ad-4bad-a4d2-bc6946518651: 118 datasets; 1.6 s; peak memory 156 MiB.
2026-10-03T21:14:38Z INFO [88/750] 2d82398d-33c6-442b-a93b-c09d1f106a42: 116 datasets; 1.6 s; peak memory 156 MiB.
2026-10-03T21:14:39Z INFO [89/750] 2d825e43-b4c3-43a9-9cdb-8eb877170ef6: 48 datasets; 1.3 s; peak memory 156 MiB.
2026-10-03T21:14:41Z INFO [90/750] 2d8307dc-40ea-46cf-8bf6-5d1294cf9db5: 112 datasets; 2.1 s; peak memory 156 MiB.
2026-10-03T21:14:42Z INFO [91/750] 2d835ddd-52a9-4f9c-ac18-f85452fff2e0: 46 datasets; 0.9 s; peak memory 156 MiB.
2026-10-03T21:14:44Z INFO [92/750] 2d83629c-2713-4687-9eed-eff4a719b876: 118 datasets; 1.7 s; peak memory 156 MiB.
2026-10-03T21:14:47Z INFO [93/750] 2d84c2f9-d6ef-4041-9367-57fc18d3b2f6: 138 datasets; 3.3 s; peak memory 156 MiB.
2026-10-03T21:14:49Z INFO [94/750] 2d851eae-fe05-42b0-a0f0-459e8988b07d: 66 datasets; 1.7 s; peak memory 156 MiB.
2026-10-03T21:14:50Z INFO [95/750] 2d858195-78de-4fb4-9a8b-b6eaacf87220: 48 datasets; 1.3 s; peak memory 156 MiB.
2026-10-03T21:14:51Z INFO [96/750] 2d86138b-4da6-40b1-921a-cc9e5f95470a: 39 datasets; 1.2 s; peak memory 156 MiB.
2026-10-03T21:14:53Z INFO [97/750] 2d862663-9b68-4d4c-97f7-25944e363fbf: 112 datasets; 1.9 s; peak memory 156 MiB.
2026-10-03T21:14:55Z INFO [98/750] 2d864cde-05c5-4417-92b7-5b8d611aa174: 112 datasets; 1.7 s; peak memory 156 MiB.
2026-10-03T21:14:56Z INFO [99/750] 2d866c1d-6905-4214-ab82-81cda409a79d: 52 datasets; 1.3 s; peak memory 156 MiB.
2026-10-03T21:15:07Z INFO [100/750] 2d86c2d0-48d5-4cb9-9f6e-2eb4260bd450: 1067 datasets; 10.4 s; peak memory 156 MiB.
2026-10-03T21:15:07Z INFO [100/750] 2d86c2d0-48d5-4cb9-9f6e-2eb4260bd450: checkpointed 68936 records.
2026-10-03T21:15:21Z INFO [101/750] 2d86e08b-d81f-432d-9b0e-67e5e0452d3f: 1162 datasets; 13.9 s; peak memory 156 MiB.
2026-10-03T21:15:22Z INFO [102/750] 2d880099-a3db-41a6-9795-2b1f1e33799e: 69 datasets; 1.7 s; peak memory 156 MiB.
2026-10-03T21:15:40Z INFO [103/750] 2d8868d9-9412-430f-819a-cd0ba513aa5b: 38 datasets; 17.1 s; peak memory 157 MiB.
2026-10-03T21:16:14Z INFO [104/750] 2d89720b-f51a-4b42-a19e-686596ed4d4c: 1607 datasets; 34.4 s; peak memory 188 MiB.
2026-10-03T21:16:16Z INFO [105/750] 2d899c3d-20c8-4972-84be-e4d62ea3ab57: 117 datasets; 1.6 s; peak memory 188 MiB.
2026-10-03T21:16:24Z INFO [106/750] 2d8b0de0-d977-4c47-9e78-d98ac012a05e: 704 datasets; 8.9 s; peak memory 188 MiB.
2026-10-03T21:16:26Z INFO [107/750] 2d8b33d1-beff-4c91-9bca-ab02a3e3747d: 117 datasets; 1.7 s; peak memory 188 MiB.
2026-10-03T21:16:27Z INFO [108/750] 2d8be6f0-996f-431a-83f2-bdd22267803d: 50 datasets; 1.1 s; peak memory 188 MiB.
2026-10-03T21:16:36Z INFO [109/750] 2d8c3fbe-9158-4e64-b2e4-6c2c3c5e8271: 342 datasets; 8.3 s; peak memory 188 MiB.
2026-10-03T21:16:38Z INFO [110/750] 2d8cb2e6-ec89-483b-bf8e-92a3003f8e66: 49 datasets; 2.2 s; peak memory 188 MiB.
2026-10-03T21:16:39Z INFO [111/750] 2d8ccc0c-8ae8-45b0-bec7-7606f97c04dc: 48 datasets; 1.2 s; peak memory 188 MiB.
2026-10-03T21:16:40Z INFO [112/750] 2d8d6cec-b7b7-4efc-ac1c-124b7222e511: 48 datasets; 1.3 s; peak memory 188 MiB.
2026-10-03T21:16:42Z INFO [113/750] 2d8dda09-bc2d-4be7-b544-84796128b4f7: 48 datasets; 1.4 s; peak memory 188 MiB.
2026-10-03T21:16:43Z INFO [114/750] 2d8e8445-6728-4773-9611-c3c495deeb00: 48 datasets; 1.3 s; peak memory 188 MiB.
2026-10-03T21:16:45Z INFO [115/750] 2d8ed670-a809-4aa4-a231-acc2ed11226b: 59 datasets; 1.7 s; peak memory 188 MiB.
2026-10-03T21:16:47Z INFO [116/750] 2d8f43ba-c5f0-4ec8-8cb9-2e8efe04d03a: 90 datasets; 2.8 s; peak memory 188 MiB.
2026-10-03T21:16:56Z INFO [117/750] 2d8fab9b-e5ac-460a-bc4b-ea69f8ec7394: 266 datasets; 8.7 s; peak memory 188 MiB.
2026-10-03T21:16:58Z INFO [118/750] 2d900eed-733d-49a2-850f-e0d865f903d9: 117 datasets; 1.5 s; peak memory 188 MiB.
2026-10-03T21:17:04Z INFO [119/750] 2d903ebf-062f-45c0-81d8-a28b493262e6: 523 datasets; 6.8 s; peak memory 188 MiB.
2026-10-03T21:17:06Z INFO [120/750] 2d904e3b-773c-4f4e-bce7-b6ba7cc87a06: 112 datasets; 1.6 s; peak memory 188 MiB.
2026-10-03T21:17:07Z INFO [121/750] 2d90706c-8723-41b5-b094-2a65b3d653ba: 48 datasets; 1.3 s; peak memory 188 MiB.
2026-10-03T21:17:09Z INFO [122/750] 2d907e7a-a52d-499a-8342-df134b5570bd: 48 datasets; 1.4 s; peak memory 188 MiB.
2026-10-03T21:17:10Z INFO [123/750] 2d908c8c-2ddf-4216-be1d-0d73ce2d4de2: 112 datasets; 1.6 s; peak memory 188 MiB.
2026-10-03T21:17:12Z INFO [124/750] 2d90f423-41a0-4e8d-8bf9-56056fbe97bf: 117 datasets; 1.6 s; peak memory 188 MiB.
2026-10-03T21:17:14Z INFO [125/750] 2d92257c-80f8-45fc-96ac-798d79f5e530: 112 datasets; 1.9 s; peak memory 188 MiB.
2026-10-03T21:17:17Z INFO [126/750] 2d94ae97-5b9b-437a-a5fa-5ae18e69bad9: 116 datasets; 3.1 s; peak memory 188 MiB.
2026-10-03T21:17:19Z INFO [127/750] 2d95c506-14a1-4c27-a046-66d87fe1ecca: 117 datasets; 1.6 s; peak memory 188 MiB.
2026-10-03T21:17:20Z INFO [128/750] 2d95e45f-4bd7-4d34-9634-a2c8c393bbf3: 66 datasets; 1.7 s; peak memory 188 MiB.
2026-10-03T21:17:24Z INFO [129/750] 2d966913-dbd0-49b4-aa22-b781cd055974: 114 datasets; 3.3 s; peak memory 188 MiB.
2026-10-03T21:17:32Z INFO [130/750] 2d968ac8-477d-4e9d-9a56-f539304553b2: 541 datasets; 8.5 s; peak memory 188 MiB.
2026-10-03T21:17:33Z INFO [131/750] 2d97b37b-ed3c-4284-ae2a-9f47f09f3778: 54 datasets; 1.1 s; peak memory 188 MiB.
2026-10-03T21:17:35Z INFO [132/750] 2d99636d-6d7d-4d5a-a5ab-099cc1af4896: 117 datasets; 1.5 s; peak memory 188 MiB.
2026-10-03T21:17:36Z INFO [133/750] 2d998d06-8809-4a40-9561-e63bc3153a5e: 117 datasets; 1.4 s; peak memory 188 MiB.
2026-10-03T21:17:37Z INFO [134/750] 2d99f1f6-cf9c-49a1-ae05-14ae8d90cd54: 48 datasets; 1.3 s; peak memory 188 MiB.
2026-10-03T21:17:41Z INFO [135/750] 2d9a71eb-88b2-40f7-a749-0979cc516d22: 156 datasets; 3.9 s; peak memory 188 MiB.
2026-10-03T21:17:43Z INFO [136/750] 2d9ab11a-7360-4ebe-8867-2a83fc79785a: 66 datasets; 1.8 s; peak memory 188 MiB.
2026-10-03T21:17:46Z INFO [137/750] 2d9b20f7-5b0e-44f4-b039-be7a8dc5ace7: 115 datasets; 3.1 s; peak memory 188 MiB.
2026-10-03T21:17:48Z INFO [138/750] 2d9b43a0-4724-40ef-aa93-e2e361db4820: 63 datasets; 1.3 s; peak memory 188 MiB.
2026-10-03T21:17:49Z INFO [139/750] 2d9c516b-f7f2-4c9c-94fa-c7be388198d6: 48 datasets; 1.4 s; peak memory 188 MiB.
2026-10-03T21:17:50Z INFO [140/750] 2d9d1e07-e36e-42ac-9e33-7d79b144f90f: 116 datasets; 1.5 s; peak memory 188 MiB.
2026-10-03T21:18:15Z INFO [141/750] 2d9f7585-247d-449f-9098-f58526b68bd3: 48 datasets; 24.5 s; peak memory 188 MiB.
2026-10-03T21:18:17Z INFO [142/750] 2d9fe19d-438f-4faf-aa96-99d7593568fc: 112 datasets; 1.9 s; peak memory 188 MiB.
2026-10-03T21:18:18Z INFO [143/750] 2da0a687-008e-44ae-8038-bd9ed81b8556: 48 datasets; 1.3 s; peak memory 188 MiB.
2026-10-03T21:19:12Z INFO [144/750] 2da0c6f5-ab27-413a-ab14-20f5fbe7a014: 14509 datasets; 54.2 s; peak memory 346 MiB.
2026-10-03T21:19:20Z INFO [145/750] 2da0e9ac-845b-44f0-bc4b-b4a51669586f: 257 datasets; 7.9 s; peak memory 346 MiB.
2026-10-03T21:19:22Z INFO [146/750] 2da200df-a879-4220-9a64-b95c2164d4b0: 69 datasets; 1.9 s; peak memory 346 MiB.
2026-10-03T21:20:31Z INFO [147/750] 2da22a9c-f6b1-430c-a4d4-bfa7d3c643a6: 55 datasets; 68.4 s; peak memory 346 MiB.
2026-10-03T21:20:32Z INFO [148/750] 2da28bcf-aad8-47a9-ad91-547d6f590a5d: 48 datasets; 1.3 s; peak memory 346 MiB.
2026-10-03T22:01:27Z INFO [149/750] 2da2bc28-f73f-4eb9-bf9b-b8ddcf7b41af: 1463 datasets; 2454.8 s; peak memory 1157 MiB.
2026-10-03T22:01:28Z INFO [150/750] 2da31023-c60a-49af-bd79-90d56a26aa00: 42 datasets; 1.6 s; peak memory 1157 MiB.
2026-10-03T22:01:28Z INFO [150/750] 2da31023-c60a-49af-bd79-90d56a26aa00: checkpointed 68986 records.
2026-10-03T22:01:30Z INFO [151/750] 2da364cd-e4fb-4065-acd5-dd5a5a876209: 48 datasets; 1.5 s; peak memory 1157 MiB.
2026-10-03T22:01:32Z INFO [152/750] 2da3c07f-5fe5-4814-ad98-6ca00f99ad44: 116 datasets; 2.1 s; peak memory 1157 MiB.
2026-10-03T22:01:36Z INFO [153/750] 2da3c3f2-a095-4d2e-ad83-69313ddca13f: 138 datasets; 4.0 s; peak memory 1157 MiB.
2026-10-03T22:01:40Z INFO [154/750] 2da3ca71-7099-4725-a20d-47ba3155d39a: 85 datasets; 4.0 s; peak memory 1157 MiB.
2026-10-03T22:01:42Z INFO [155/750] 2da3e092-52d5-40f3-83d2-5d3891e86b9e: 112 datasets; 2.4 s; peak memory 1157 MiB.
2026-10-03T22:01:44Z INFO [156/750] 2da435f6-9399-41de-ab58-482808dd4bc7: 79 datasets; 1.9 s; peak memory 1157 MiB.
2026-10-03T22:02:34Z INFO [157/750] 2da4b342-e815-4ab5-94de-2301714cf0c9: 2906 datasets; 49.9 s; peak memory 1157 MiB.
2026-10-03T22:03:05Z INFO [158/750] 2da55030-711c-4951-8081-fab3a79d8288: 829 datasets; 30.4 s; peak memory 1157 MiB.
2026-10-03T22:03:33Z INFO [159/750] 2da6d3f9-4a66-42c3-91a8-f4f0a739b554: 48 datasets; 28.1 s; peak memory 1157 MiB.
2026-10-03T22:03:34Z INFO [160/750] 2da79ec7-5559-403a-86c8-ab395ca7f755: 57 datasets; 1.2 s; peak memory 1157 MiB.
2026-10-03T22:03:35Z INFO [161/750] 2da7bfbd-8d9d-4be9-be88-280b1411cd59: 40 datasets; 1.3 s; peak memory 1157 MiB.
2026-10-03T22:03:36Z INFO [162/750] 2daa620c-49b0-4431-a722-060b829ada1c: 57 datasets; 1.2 s; peak memory 1157 MiB.
2026-10-03T22:03:38Z INFO [163/750] 2daaf56d-023b-41a6-8ae2-c7e8bdc7734a: 52 datasets; 1.7 s; peak memory 1157 MiB.
2026-10-03T22:03:39Z INFO [164/750] 2dab033a-32e5-492f-b66d-32e2c8c61756: 38 datasets; 1.3 s; peak memory 1157 MiB.
2026-10-03T22:03:41Z INFO [165/750] 2dab515d-c42e-4208-b622-13d2ff73e277: 48 datasets; 1.4 s; peak memory 1157 MiB.
2026-10-03T22:03:42Z INFO [166/750] 2dab8829-9af9-457e-84c2-c76c288420f6: 48 datasets; 1.3 s; peak memory 1157 MiB.
2026-10-03T22:04:01Z INFO [167/750] 2dabbc3e-fbf3-4bc3-a858-b9447c698cbf: 432 datasets; 18.8 s; peak memory 1157 MiB.
2026-10-03T22:04:16Z INFO [168/750] 2dac1615-eed1-4847-a69a-c6bb7b38985c: 98 datasets; 14.8 s; peak memory 1157 MiB.
2026-10-03T22:04:17Z INFO [169/750] 2dac4c4e-5791-4eb4-b6a9-372541e892e6: 65 datasets; 1.8 s; peak memory 1157 MiB.
2026-10-03T22:04:19Z INFO [170/750] 2dacc3b2-7dd4-4693-be96-b21a9ad61491: 48 datasets; 1.4 s; peak memory 1157 MiB.
2026-10-03T22:04:20Z INFO [171/750] 2dace050-ccc2-4e2e-bc18-c57feead7a4f: 48 datasets; 1.4 s; peak memory 1157 MiB.
2026-10-03T22:04:22Z INFO [172/750] 2dade966-133f-47b0-949a-835bac239578: 48 datasets; 1.5 s; peak memory 1157 MiB.
2026-10-03T22:04:43Z INFO [173/750] 2dadf05a-6499-4aef-948f-88f265619071: 1453 datasets; 20.8 s; peak memory 1157 MiB.
2026-10-03T22:04:44Z INFO [174/750] 2dae577c-f938-4641-a644-fb0b085fa674: 59 datasets; 1.5 s; peak memory 1157 MiB.
2026-10-03T22:04:46Z INFO [175/750] 2daf0627-a174-4222-99ff-22b4f7473572: 112 datasets; 2.2 s; peak memory 1157 MiB.
2026-10-03T22:05:15Z INFO [176/750] 2daf16aa-bdc9-4f7a-8fed-d0825029e37b: 794 datasets; 28.5 s; peak memory 1157 MiB.
2026-10-03T22:05:19Z INFO [177/750] 2db043c7-64fb-47ca-8c6f-f4c18eaf9b3a: 283 datasets; 4.4 s; peak memory 1157 MiB.
2026-10-03T22:05:21Z INFO [178/750] 2db0f509-24eb-408f-9104-28df2cec67ff: 66 datasets; 1.9 s; peak memory 1157 MiB.
2026-10-03T22:05:38Z INFO [179/750] 2db15ad2-9dd3-4a53-b5b5-adedebbbc860: 5681 datasets; 16.9 s; peak memory 1157 MiB.
2026-10-03T22:05:39Z INFO [180/750] 2db1ecb6-6c22-43a3-989a-464f34c310c5: 50 datasets; 1.3 s; peak memory 1157 MiB.
2026-10-03T22:05:42Z INFO [181/750] 2db2f006-a622-44a4-9043-2921e146ef48: 75 datasets; 2.4 s; peak memory 1157 MiB.
2026-10-03T22:05:43Z INFO [182/750] 2db3a2c0-59f0-491c-9ab2-5a2a8ca5b96c: 48 datasets; 1.4 s; peak memory 1157 MiB.
2026-10-03T22:05:45Z INFO [183/750] 2db3a733-fbba-4787-91a0-85d7b7962d22: 48 datasets; 1.5 s; peak memory 1157 MiB.
2026-10-03T22:05:55Z INFO [184/750] 2db45377-3231-4f5d-818c-3b29f8956db3: 794 datasets; 10.4 s; peak memory 1157 MiB.
2026-10-03T22:06:01Z INFO [185/750] 2db45da6-0d3f-4784-810b-afd56bbaf2c6: 101 datasets; 6.3 s; peak memory 1157 MiB.
2026-10-03T22:06:03Z INFO [186/750] 2db46a65-157d-4bc7-9179-9b3bf8d7a5c6: 74 datasets; 1.7 s; peak memory 1157 MiB.
2026-10-03T22:06:05Z INFO [187/750] 2db51501-9606-4e3b-a975-ebecc5bf992d: 49 datasets; 1.8 s; peak memory 1157 MiB.
2026-10-03T22:06:06Z INFO [188/750] 2db54bbe-457d-4e8c-ba21-6cb9ca73ef30: 46 datasets; 1.1 s; peak memory 1157 MiB.
2026-10-03T22:06:08Z INFO [189/750] 2db5bfc0-2865-400b-abca-6280178c3d38: 275 datasets; 2.0 s; peak memory 1157 MiB.
2026-10-03T22:06:12Z INFO [190/750] 2db5c0f0-32e8-4284-acc4-f9c0614f813f: 156 datasets; 3.9 s; peak memory 1157 MiB.
2026-10-03T22:06:13Z INFO [191/750] 2db6cccf-d3d4-41e8-8372-b777ddcbf318: 48 datasets; 1.6 s; peak memory 1157 MiB.
2026-10-03T22:06:16Z INFO [192/750] 2db6eef4-62f5-43d9-98bd-a92ca88877c3: 113 datasets; 2.3 s; peak memory 1157 MiB.
2026-10-03T22:06:17Z INFO [193/750] 2db74fa3-01c5-466a-ad7e-5c5308282c45: 37 datasets; 1.1 s; peak memory 1157 MiB.
2026-10-03T22:06:19Z INFO [194/750] 2db7d399-77fb-4760-bfb7-9c763aee2be6: 112 datasets; 2.1 s; peak memory 1157 MiB.
2026-10-03T22:06:20Z INFO [195/750] 2db8ac0e-050e-4e64-9a65-5d1a0d8a66b6: 48 datasets; 1.4 s; peak memory 1157 MiB.
2026-10-03T22:06:22Z INFO [196/750] 2db9d0af-8972-48a3-ae85-6dc6cf6e7424: 70 datasets; 2.1 s; peak memory 1157 MiB.
2026-10-03T22:06:25Z INFO [197/750] 2dba1be1-efea-41c6-86c7-171b898bccba: 110 datasets; 2.3 s; peak memory 1157 MiB.
2026-10-03T22:06:26Z INFO [198/750] 2dbbc577-3a04-4448-b911-14221d45bc33: 48 datasets; 1.4 s; peak memory 1157 MiB.
2026-10-03T22:06:28Z INFO [199/750] 2dbbec5a-41bb-4bb6-8b2a-33f9cafabb0c: 247 datasets; 2.2 s; peak memory 1157 MiB.
2026-10-03T22:06:30Z INFO [200/750] 2dbbfd55-f58d-4fef-8cab-ccdbcafaec3b: 112 datasets; 2.1 s; peak memory 1157 MiB.
2026-10-03T22:06:30Z INFO [200/750] 2dbbfd55-f58d-4fef-8cab-ccdbcafaec3b: checkpointed 69036 records.
2026-10-03T22:06:33Z INFO [201/750] 2dbc4a42-f0ca-42e1-8bdf-162025e665df: 90 datasets; 3.0 s; peak memory 1157 MiB.
2026-10-03T22:06:35Z INFO [202/750] 2dbe0d10-1b1f-467f-a623-ac41f74d945d: 46 datasets; 1.4 s; peak memory 1157 MiB.
2026-10-03T22:06:41Z INFO [203/750] 2dbe17dc-33e0-4e5c-a801-4393b4c95bee: 225 datasets; 6.5 s; peak memory 1157 MiB.
2026-10-03T22:06:43Z INFO [204/750] 2dbeddc8-9b09-4767-b273-a2719b881d19: 48 datasets; 1.4 s; peak memory 1157 MiB.
2026-10-03T22:06:44Z INFO [205/750] 2dbf26cb-446d-48c5-b0e6-fa7f9b113785: 48 datasets; 1.4 s; peak memory 1157 MiB.
2026-10-03T22:06:46Z INFO [206/750] 2dc01ab7-1cf8-4f9a-923d-671742050c2d: 117 datasets; 1.6 s; peak memory 1157 MiB.
2026-10-03T22:06:47Z INFO [207/750] 2dc02af9-29e3-4876-b3cb-6a8db10dac63: 48 datasets; 1.6 s; peak memory 1157 MiB.
2026-10-03T22:06:49Z INFO [208/750] 2dc0c194-e613-4387-8982-04c86eb97364: 48 datasets; 1.4 s; peak memory 1157 MiB.
2026-10-03T22:06:50Z INFO [209/750] 2dc0fa3d-0aae-440a-8cc7-c562d71329ad: 42 datasets; 1.2 s; peak memory 1157 MiB.
2026-10-03T22:06:53Z INFO [210/750] 2dc131c4-5f14-48e1-ad4f-40a038d29726: 112 datasets; 2.5 s; peak memory 1157 MiB.
2026-10-03T22:06:54Z INFO [211/750] 2dc15ad2-1761-4289-b493-94f271a78e68: 118 datasets; 1.9 s; peak memory 1157 MiB.
2026-10-03T22:06:56Z INFO [212/750] 2dc15cb8-df55-4edb-9042-e7669d12aceb: 118 datasets; 1.8 s; peak memory 1157 MiB.
2026-10-03T22:06:58Z INFO [213/750] 2dc18fcf-8814-4661-8c3a-3d47d328711d: 46 datasets; 1.2 s; peak memory 1157 MiB.
2026-10-03T22:06:59Z INFO [214/750] 2dc314ba-00ca-4a5f-a394-2e7551576a16: 69 datasets; 1.7 s; peak memory 1157 MiB.
2026-10-03T22:07:00Z INFO [215/750] 2dc35968-890e-4a83-98b2-18e67dcbb411: 46 datasets; 1.2 s; peak memory 1157 MiB.
2026-10-03T22:07:02Z INFO [216/750] 2dc3b51d-108a-402f-86cb-f59c785f18a9: 48 datasets; 1.5 s; peak memory 1157 MiB.
2026-10-03T22:07:22Z INFO [217/750] 2dc569b4-9756-44b9-a333-1cdc3c7a17bd: 467 datasets; 19.8 s; peak memory 1157 MiB.
2026-10-03T22:07:23Z INFO [218/750] 2dc5713a-947c-49bf-aa04-149d28e60430: 117 datasets; 1.7 s; peak memory 1157 MiB.
2026-10-03T22:07:26Z INFO [219/750] 2dc57ca5-cfe2-4217-a752-ba36e789807d: 117 datasets; 2.8 s; peak memory 1157 MiB.
2026-10-03T22:07:28Z INFO [220/750] 2dc6031e-83d8-410e-a020-fc74bd86a895: 71 datasets; 2.1 s; peak memory 1157 MiB.
2026-10-03T22:07:39Z INFO [221/750] 2dc60966-af06-4755-8ab9-654fe9f85097: 11477 datasets; 10.7 s; peak memory 1157 MiB.
2026-10-03T22:07:41Z INFO [222/750] 2dc62090-9f71-493b-9ad2-bcb4e545ceb6: 117 datasets; 1.8 s; peak memory 1157 MiB.
2026-10-03T22:07:42Z INFO [223/750] 2dc6ca58-2936-4043-91e7-c4a15f58f20a: 52 datasets; 1.5 s; peak memory 1157 MiB.
2026-10-03T22:07:44Z INFO [224/750] 2dc7a10a-bd80-4c83-b1c8-a4dc59fae5cd: 48 datasets; 1.3 s; peak memory 1157 MiB.
2026-10-03T22:07:45Z INFO [225/750] 2dc96e97-1d9a-499e-9496-d313ae175779: 48 datasets; 1.4 s; peak memory 1157 MiB.
2026-10-03T22:07:47Z INFO [226/750] 2dca0a1a-f2a4-4fc7-836b-130884a9260c: 110 datasets; 2.0 s; peak memory 1157 MiB.
2026-10-03T22:07:49Z INFO [227/750] 2dca44d6-b5d9-4af3-9be3-fe3c71b75db4: 48 datasets; 1.5 s; peak memory 1157 MiB.
2026-10-03T22:07:50Z INFO [228/750] 2dca53fd-81a1-49a3-9978-2148cfb3c207: 117 datasets; 1.8 s; peak memory 1157 MiB.
2026-10-03T22:07:52Z INFO [229/750] 2dcb57a4-cbbf-4773-8285-74600cbd45ef: 48 datasets; 1.4 s; peak memory 1157 MiB.
2026-10-03T22:07:53Z INFO [230/750] 2dcc18ff-6b69-4022-8368-f0a20d58fa75: 38 datasets; 1.3 s; peak memory 1157 MiB.
2026-10-03T22:07:55Z INFO [231/750] 2dcc7097-130d-4079-a98d-5be344e56f37: 117 datasets; 1.7 s; peak memory 1157 MiB.
2026-10-03T22:07:56Z INFO [232/750] 2dcd4fcc-1a05-476d-8565-f98ef230a5b1: 48 datasets; 1.4 s; peak memory 1157 MiB.
2026-10-03T22:07:58Z INFO [233/750] 2dce38a5-d072-474b-bb99-263b3fb53321: 118 datasets; 1.6 s; peak memory 1157 MiB.
2026-10-03T22:07:59Z INFO [234/750] 2dcfaa32-204a-43da-b1a7-b13b959592c0: 46 datasets; 1.2 s; peak memory 1157 MiB.
2026-10-03T22:08:01Z INFO [235/750] 2dd06c9e-2523-4e0a-92b6-a3c37ca8671e: 47 datasets; 1.4 s; peak memory 1157 MiB.
2026-10-03T22:08:55Z INFO [236/750] 2dd0c971-1dac-4992-959c-2eb681240b21: 4639 datasets; 55.0 s; peak memory 1157 MiB.
2026-10-03T22:08:57Z INFO [237/750] 2dd38b35-bd2b-4494-a1af-0176710ad914: 71 datasets; 2.0 s; peak memory 1157 MiB.
2026-10-03T22:09:04Z INFO [238/750] 2dd3f198-bf3a-4aad-9c30-e5b9c3369380: 538 datasets; 6.9 s; peak memory 1157 MiB.
2026-10-03T22:09:08Z INFO [239/750] 2dd58899-a670-4068-b594-584be94f8e82: 141 datasets; 3.6 s; peak memory 1157 MiB.
2026-10-03T22:09:09Z INFO [240/750] 2dd5a227-2679-4b7b-bb8b-7b6e95485285: 48 datasets; 1.4 s; peak memory 1157 MiB.
2026-10-03T22:09:12Z INFO [241/750] 2dd611a3-cf79-4325-b289-2b159de42982: 66 datasets; 2.7 s; peak memory 1157 MiB.
2026-10-03T22:09:32Z INFO [242/750] 2dd6c625-7d38-44a8-b254-74b029f05019: 1230 datasets; 20.0 s; peak memory 1157 MiB.
2026-10-03T22:09:57Z INFO [243/750] 2dd6e229-9621-4203-b759-150a237725b0: 48 datasets; 24.6 s; peak memory 1157 MiB.
2026-10-03T22:09:58Z INFO [244/750] 2dd6f83f-62f4-4bc2-bc1d-f3968f5354e4: 48 datasets; 1.3 s; peak memory 1157 MiB.
2026-10-03T22:10:01Z INFO [245/750] 2dd7249f-89b5-455c-be11-6c777d91cf29: 121 datasets; 3.0 s; peak memory 1157 MiB.
2026-10-03T22:10:21Z INFO [246/750] 2dd75f9a-d0b1-4aa0-a50e-2417d3cca23b: 1482 datasets; 19.8 s; peak memory 1157 MiB.
2026-10-03T22:10:22Z INFO [247/750] 2dd76583-8867-4a0c-a806-8dc251cc7061: 46 datasets; 1.1 s; peak memory 1157 MiB.
2026-10-03T22:10:25Z INFO [248/750] 2dd76c3c-47f9-4080-bfbc-d30904bd310b: 38 datasets; 3.0 s; peak memory 1157 MiB.
2026-10-03T22:10:27Z INFO [249/750] 2dd77ca6-d78c-4407-8236-337f12f1b5ad: 66 datasets; 2.2 s; peak memory 1157 MiB.
2026-10-03T22:10:30Z INFO [250/750] 2dd7e595-2b1f-4b58-a84e-fdab596049b5: 38 datasets; 3.3 s; peak memory 1157 MiB.
2026-10-03T22:10:30Z INFO [250/750] 2dd7e595-2b1f-4b58-a84e-fdab596049b5: checkpointed 69086 records.
2026-10-03T22:10:32Z INFO [251/750] 2dd9441f-f834-4b77-8458-d289f8af3389: 118 datasets; 1.7 s; peak memory 1157 MiB.
2026-10-03T22:10:34Z INFO [252/750] 2dd9e92a-cdcb-485f-91df-027319a55779: 48 datasets; 1.4 s; peak memory 1157 MiB.
2026-10-03T22:10:36Z INFO [253/750] 2dda5590-0f49-4e2b-9305-9c451ca711da: 275 datasets; 2.0 s; peak memory 1157 MiB.
2026-10-03T22:10:54Z INFO [254/750] 2ddac752-807c-4fa0-8953-fa958b7e48aa: 929 datasets; 17.9 s; peak memory 1157 MiB.
2026-10-03T22:11:01Z INFO [255/750] 2ddacbc4-4578-4618-b0b2-42dc24f10f43: 52 datasets; 7.1 s; peak memory 1157 MiB.
2026-10-03T22:11:03Z INFO [256/750] 2ddb3cc7-6c4a-4fa3-93fe-babbb52c3f77: 247 datasets; 2.2 s; peak memory 1157 MiB.
2026-10-03T22:11:05Z INFO [257/750] 2ddc46cb-2172-4408-beb8-79e4d3680c19: 116 datasets; 1.7 s; peak memory 1157 MiB.
2026-10-03T22:11:06Z INFO [258/750] 2ddd19df-7f5d-4fcd-bc2a-cbb4c06e2621: 118 datasets; 1.7 s; peak memory 1157 MiB.
2026-10-03T22:11:08Z INFO [259/750] 2dddfe3c-5b46-46b6-af60-4c006100bef1: 62 datasets; 2.1 s; peak memory 1157 MiB.
2026-10-03T22:11:11Z INFO [260/750] 2dde18e7-513c-4427-add2-2a63de7d6502: 112 datasets; 2.2 s; peak memory 1157 MiB.
2026-10-03T22:11:12Z INFO [261/750] 2dde5526-e2c8-4374-a51a-ac263297bdd6: 116 datasets; 1.7 s; peak memory 1157 MiB.
2026-10-03T22:11:17Z INFO [262/750] 2dde6aa3-c5ac-47bc-b2ac-b0744bb8030f: 48 datasets; 4.3 s; peak memory 1157 MiB.
2026-10-03T22:11:19Z INFO [263/750] 2ddf1982-b5a9-409f-931d-e55ad555c5d3: 69 datasets; 1.9 s; peak memory 1157 MiB.
2026-10-03T22:11:22Z INFO [264/750] 2ddf9bbf-0cf2-4c71-8411-61877428b882: 103 datasets; 3.6 s; peak memory 1157 MiB.
2026-10-03T22:11:24Z INFO [265/750] 2ddffdf7-7c46-4e2f-a997-b46a5def081f: 50 datasets; 1.3 s; peak memory 1157 MiB.
2026-10-03T22:11:26Z INFO [266/750] 2de0b125-3c6c-42d6-b090-af70e1d235f5: 112 datasets; 2.2 s; peak memory 1157 MiB.
2026-10-03T22:11:28Z INFO [267/750] 2de0e6d5-4059-44d8-8ff7-fd43ac6995e9: 112 datasets; 2.1 s; peak memory 1157 MiB.
2026-10-03T22:11:30Z INFO [268/750] 2de1ebcb-0b0f-4a40-ac38-4b23d4d2a399: 66 datasets; 1.9 s; peak memory 1157 MiB.
2026-10-03T22:11:32Z INFO [269/750] 2de1ef31-c03a-4f5c-b575-275851e421bd: 112 datasets; 2.0 s; peak memory 1157 MiB.
2026-10-03T22:11:33Z INFO [270/750] 2de3f7a6-708e-4c56-b1a9-d48b0f97feb2: 48 datasets; 1.4 s; peak memory 1157 MiB.
2026-10-03T22:12:34Z INFO [271/750] 2de44f77-8855-434a-b5a3-8d1ed04edf85: 55 datasets; 61.1 s; peak memory 1157 MiB.
2026-10-03T22:12:35Z INFO [272/750] 2de45a94-d306-48da-a7e4-892461a52227: 47 datasets; 1.3 s; peak memory 1157 MiB.
2026-10-03T22:12:39Z INFO [273/750] 2de47296-7bdd-4cd6-83c7-dedd1e9a0002: 115 datasets; 3.3 s; peak memory 1157 MiB.
2026-10-03T22:12:47Z INFO [274/750] 2de4f212-8538-4040-b68d-245e8d3bb784: 200 datasets; 8.4 s; peak memory 1157 MiB.
2026-10-03T22:12:49Z INFO [275/750] 2de5acaa-dfa4-4262-b352-a3a89677ad15: 64 datasets; 2.0 s; peak memory 1157 MiB.
2026-10-03T22:12:57Z INFO [276/750] 2de5ba74-7611-4c2b-9835-aca6d0280baa: 200 datasets; 8.1 s; peak memory 1157 MiB.
2026-10-03T22:13:02Z INFO [277/750] 2de600c5-4cad-4802-8220-153920c6a5c9: 222 datasets; 4.5 s; peak memory 1157 MiB.
2026-10-03T22:13:03Z INFO [278/750] 2de6269e-7769-48b0-a0a6-e989fb7d2073: 92 datasets; 1.6 s; peak memory 1157 MiB.
2026-10-03T22:13:05Z INFO [279/750] 2de805bb-f412-4708-bba4-7aa7c1643ae7: 38 datasets; 1.3 s; peak memory 1157 MiB.
2026-10-03T22:13:07Z INFO [280/750] 2de89c01-15f7-4697-ba9c-87f9bf4adf78: 64 datasets; 2.7 s; peak memory 1157 MiB.
2026-10-03T22:13:10Z INFO [281/750] 2de95263-383b-4518-bc4c-41d187af84b0: 112 datasets; 2.4 s; peak memory 1157 MiB.
2026-10-03T22:13:11Z INFO [282/750] 2de955e7-e6ca-45bb-924a-e6de0a813830: 41 datasets; 1.3 s; peak memory 1157 MiB.
2026-10-03T22:13:24Z INFO [283/750] 2de9aacf-58c4-456e-84f1-94c8dc3ca810: 526 datasets; 13.3 s; peak memory 1157 MiB.
2026-10-03T22:13:26Z INFO [284/750] 2de9d421-619e-47d3-8296-12679febcd97: 118 datasets; 1.7 s; peak memory 1157 MiB.
2026-10-03T22:13:33Z INFO [285/750] 2dea3cba-d973-4005-a374-867988b35768: 287 datasets; 6.7 s; peak memory 1157 MiB.
2026-10-03T22:13:52Z INFO [286/750] 2dea6670-dc25-4125-9133-7a00e4cb82ff: 661 datasets; 19.1 s; peak memory 1157 MiB.
2026-10-03T22:13:53Z INFO [287/750] 2debc9f0-fddc-4361-8245-4c6fae917b00: 48 datasets; 1.4 s; peak memory 1157 MiB.
2026-10-03T22:13:54Z INFO [288/750] 2dee6c46-06a4-4872-b620-ef5edf4d7e93: 46 datasets; 1.1 s; peak memory 1157 MiB.
2026-10-03T22:13:56Z INFO [289/750] 2dee8bec-d7e6-4f63-9039-4faf4d2d01da: 48 datasets; 1.4 s; peak memory 1157 MiB.
2026-10-03T22:13:58Z INFO [290/750] 2deed165-0066-4c7d-8d63-b43429774eff: 66 datasets; 2.0 s; peak memory 1157 MiB.
2026-10-03T22:14:07Z INFO [291/750] 2deedea2-45b8-493a-afca-858e03659c32: 537 datasets; 9.4 s; peak memory 1157 MiB.
2026-10-03T22:14:09Z INFO [292/750] 2def788d-b835-4015-a346-1508ea438a0d: 52 datasets; 1.6 s; peak memory 1157 MiB.
2026-10-03T22:14:10Z INFO [293/750] 2defb8ce-0561-4a83-a4d6-0f39a489b275: 48 datasets; 1.4 s; peak memory 1157 MiB.
2026-10-03T22:14:12Z INFO [294/750] 2defc912-dde2-4f93-8d14-25c127e58701: 117 datasets; 1.8 s; peak memory 1157 MiB.
2026-10-03T22:14:14Z INFO [295/750] 2df0c517-e3ee-400e-a077-260e90eb8438: 66 datasets; 2.3 s; peak memory 1157 MiB.
2026-10-03T22:14:16Z INFO [296/750] 2df10db4-75c9-46ab-aa52-3783f98ecb42: 69 datasets; 2.1 s; peak memory 1157 MiB.
2026-10-03T22:14:20Z INFO [297/750] 2df25fa8-e3fb-49c0-a0a2-912e37108310: 117 datasets; 3.4 s; peak memory 1157 MiB.
2026-10-03T22:14:22Z INFO [298/750] 2df29dd5-854a-469b-b636-3782c5b44287: 289 datasets; 2.1 s; peak memory 1157 MiB.
2026-10-03T22:14:25Z INFO [299/750] 2df39f87-f9b8-40e5-8de8-0fe2b8a3c2b1: 99 datasets; 3.5 s; peak memory 1157 MiB.
2026-10-03T22:14:27Z INFO [300/750] 2df45f18-cda0-48f9-a118-7b05c30f8249: 117 datasets; 2.0 s; peak memory 1157 MiB.
2026-10-03T22:14:27Z INFO [300/750] 2df45f18-cda0-48f9-a118-7b05c30f8249: checkpointed 69136 records.
2026-10-03T22:14:29Z INFO [301/750] 2df4682c-0719-4bc2-913b-aeed15b21e18: 116 datasets; 1.9 s; peak memory 1157 MiB.
2026-10-03T22:14:47Z INFO [302/750] 2df47082-e673-46fc-88d1-e5ae8d674270: 707 datasets; 17.3 s; peak memory 1157 MiB.
2026-10-03T22:14:54Z INFO [303/750] 2df48652-6c04-4972-8f39-c945708cf671: 196 datasets; 7.1 s; peak memory 1157 MiB.
2026-10-03T22:14:55Z INFO [304/750] 2df4ceb0-48ae-49a6-8edf-5e33c9b7a9ea: 110 datasets; 1.7 s; peak memory 1157 MiB.
2026-10-03T22:14:57Z INFO [305/750] 2df74844-10f8-4537-b224-947b9751ed32: 48 datasets; 1.5 s; peak memory 1157 MiB.
2026-10-03T22:14:59Z INFO [306/750] 2df85cc8-a4d2-43a8-9f29-d9364b214d89: 53 datasets; 2.2 s; peak memory 1157 MiB.
2026-10-03T22:15:07Z INFO [307/750] 2df910df-929a-4bb3-8982-03d3bedf05e5: 196 datasets; 8.4 s; peak memory 1157 MiB.
2026-10-03T22:15:21Z INFO [308/750] 2df92f84-b78f-4448-bbcf-530219eb8f9a: 409 datasets; 13.7 s; peak memory 1157 MiB.
2026-10-03T22:15:23Z INFO [309/750] 2df93e94-0d72-4eb9-8e3e-f271a018b0e7: 48 datasets; 1.6 s; peak memory 1157 MiB.
2026-10-03T22:15:24Z INFO [310/750] 2df9774a-944d-4212-821b-95c5d428abca: 48 datasets; 1.4 s; peak memory 1157 MiB.
2026-10-03T22:15:26Z INFO [311/750] 2df9972c-b16b-41e1-9a14-89c994072cf7: 62 datasets; 2.0 s; peak memory 1157 MiB.
2026-10-03T22:15:31Z INFO [312/750] 2dfa1607-d19d-4b76-8635-285e4329a015: 190 datasets; 5.0 s; peak memory 1157 MiB.
2026-10-03T22:15:33Z INFO [313/750] 2dfbca23-e524-40c7-8fec-094cb7deb8a7: 69 datasets; 2.2 s; peak memory 1157 MiB.
2026-10-03T22:15:35Z INFO [314/750] 2dfbe920-e96a-4521-b66f-9b91a0128f19: 112 datasets; 1.9 s; peak memory 1157 MiB.
2026-10-03T22:16:07Z INFO [315/750] 2dfbeeea-e910-408e-b36e-5c67c3d630fa: 845 datasets; 31.5 s; peak memory 1157 MiB.
2026-10-03T22:16:09Z INFO [316/750] 2dfc2e18-1f9d-4c0f-9b30-ae202a8d0c52: 48 datasets; 2.3 s; peak memory 1157 MiB.
2026-10-03T22:16:11Z INFO [317/750] 2dfce66a-27b8-4162-81b4-4d7670d7baf2: 98 datasets; 1.8 s; peak memory 1157 MiB.
2026-10-03T22:16:18Z INFO [318/750] 2dfd0550-792d-4766-9b50-cf878ed37a37: 200 datasets; 7.0 s; peak memory 1157 MiB.
2026-10-03T22:16:20Z INFO [319/750] 2dfd16e2-3dcb-4134-a6ea-53412e0da955: 112 datasets; 2.0 s; peak memory 1157 MiB.
2026-10-03T22:16:26Z INFO [320/750] 2dfd849c-88aa-46eb-9d11-61f97701d41a: 229 datasets; 6.6 s; peak memory 1157 MiB.
2026-10-03T22:16:36Z INFO [321/750] 2dfd86c7-744b-4a6e-8ad6-b8442fa01862: 626 datasets; 9.8 s; peak memory 1157 MiB.
2026-10-03T22:16:38Z INFO [322/750] 2dfe2812-2b24-4cd7-91da-42ac5d2a9b9b: 59 datasets; 1.5 s; peak memory 1157 MiB.
2026-10-03T22:16:40Z INFO [323/750] 2dfec1ce-aa6a-4b6b-8ba9-e4b6219f2fba: 93 datasets; 2.1 s; peak memory 1157 MiB.
2026-10-03T22:16:48Z INFO [324/750] 2dfec93e-afc1-49f0-b936-2c42122dfbd2: 256 datasets; 8.2 s; peak memory 1157 MiB.
2026-10-03T22:16:49Z INFO [325/750] 2dff0d13-2e8f-4ab8-81c2-28ac743acb6a: 46 datasets; 1.4 s; peak memory 1157 MiB.
2026-10-03T22:16:51Z INFO [326/750] 2dff6802-4f7d-4dc5-9c81-82e44ff8e0f0: 46 datasets; 1.3 s; peak memory 1157 MiB.
2026-10-03T22:17:07Z INFO [327/750] 2e0078c8-8e3b-4ea2-a43b-65c5a39093e4: 432 datasets; 16.1 s; peak memory 1157 MiB.
2026-10-03T22:17:08Z INFO [328/750] 2e01cb21-1d6a-4a9c-90c0-95aec3252b4d: 48 datasets; 1.4 s; peak memory 1157 MiB.
2026-10-03T22:17:10Z INFO [329/750] 2e02333d-ba65-4b97-b0bd-1965601eacc8: 48 datasets; 1.4 s; peak memory 1157 MiB.
2026-10-03T22:17:11Z INFO [330/750] 2e02e7e3-6a32-461f-b89d-0af83b6dd2b5: 48 datasets; 1.4 s; peak memory 1157 MiB.
2026-10-03T22:17:12Z INFO [331/750] 2e030e3f-dfd0-4558-bc15-651c25cee431: 48 datasets; 1.5 s; peak memory 1157 MiB.
2026-10-03T22:17:25Z INFO [332/750] 2e03f6dd-eb6f-4792-987f-7ef51b2616f3: 920 datasets; 12.6 s; peak memory 1157 MiB.
2026-10-03T22:18:27Z INFO [333/750] 2e040bac-baa9-4604-a844-fd44361be07a: 55 datasets; 62.2 s; peak memory 1157 MiB.
2026-10-03T22:18:29Z INFO [334/750] 2e04cdf5-63c8-405b-a57e-4907b588b632: 116 datasets; 1.6 s; peak memory 1157 MiB.
2026-10-03T22:18:30Z INFO [335/750] 2e054d31-56cb-4f7b-9972-22f877521c3c: 43 datasets; 1.6 s; peak memory 1157 MiB.
2026-10-03T22:18:33Z INFO [336/750] 2e059246-0d9a-499f-8bca-1e68ed789ad2: 112 datasets; 2.3 s; peak memory 1157 MiB.
2026-10-03T22:18:46Z INFO [337/750] 2e05da34-46d8-461f-9226-1406dd9fad5c: 759 datasets; 13.6 s; peak memory 1157 MiB.
2026-10-03T22:19:03Z INFO [338/750] 2e06bcfb-04e6-4383-bd70-8ae534f1419c: 1533 datasets; 17.0 s; peak memory 1157 MiB.
2026-10-03T22:19:16Z INFO [339/750] 2e06db81-29a2-43ab-91e8-eeb32309d183: 847 datasets; 12.6 s; peak memory 1157 MiB.
2026-10-03T22:19:18Z INFO [340/750] 2e070306-fa0a-402a-bcfc-88b0fcab7a8a: 71 datasets; 2.3 s; peak memory 1157 MiB.
2026-10-03T22:19:20Z INFO [341/750] 2e072f21-68de-40af-a8da-0cc30d4eadc9: 112 datasets; 2.1 s; peak memory 1157 MiB.
2026-10-03T22:19:22Z INFO [342/750] 2e076ed6-15db-4ca1-9c12-ea3a448a5e1e: 117 datasets; 1.8 s; peak memory 1157 MiB.
2026-10-03T22:19:23Z INFO [343/750] 2e07b5fc-3973-49ba-a5f0-992922405d63: 38 datasets; 1.4 s; peak memory 1157 MiB.
2026-10-03T22:25:35Z INFO [344/750] 2e07bb2e-683b-46f9-99ea-8d9fd7d42baf: 45 datasets; 371.7 s; peak memory 1157 MiB.
2026-10-03T22:25:43Z INFO [345/750] 2e07ed4b-5f94-4f6e-9266-209ab153bd82: 476 datasets; 8.1 s; peak memory 1157 MiB.
2026-10-03T22:25:57Z INFO [346/750] 2e0866c9-e7ca-4e3b-8a9b-2a6cfca9065a: 750 datasets; 13.6 s; peak memory 1157 MiB.
2026-10-03T22:25:58Z INFO [347/750] 2e08d15a-bab4-40eb-86b7-a5cfa16c2e70: 121 datasets; 1.3 s; peak memory 1157 MiB.
2026-10-03T22:26:00Z INFO [348/750] 2e0908be-dc65-46ad-9037-54621c06ee81: 48 datasets; 1.5 s; peak memory 1157 MiB.
2026-10-03T22:26:01Z INFO [349/750] 2e09258f-0ce8-43b9-b997-b0d20abf04db: 66 datasets; 1.9 s; peak memory 1157 MiB.
2026-10-03T22:29:43Z INFO [350/750] 2e09805a-b16e-4b0a-8e64-1297d5dee006: 129 datasets; 221.8 s; peak memory 1157 MiB.
2026-10-03T22:29:43Z INFO [350/750] 2e09805a-b16e-4b0a-8e64-1297d5dee006: checkpointed 69186 records.
2026-10-03T22:29:46Z INFO [351/750] 2e099510-d818-4645-9809-f1e2ca0aab4d: 66 datasets; 2.1 s; peak memory 1157 MiB.
2026-10-03T22:29:47Z INFO [352/750] 2e0a3b62-9ad4-4893-91f6-4c4525e6dca2: 48 datasets; 1.5 s; peak memory 1157 MiB.
2026-10-03T22:29:48Z INFO [353/750] 2e0a6bf1-f90c-40eb-8222-6320f58ffb72: 46 datasets; 1.1 s; peak memory 1157 MiB.
2026-10-03T22:29:59Z INFO [354/750] 2e0aca9e-c502-4763-a1ac-cff33903e476: 49 datasets; 10.8 s; peak memory 1157 MiB.
2026-10-03T22:30:00Z INFO [355/750] 2e0c4369-c5dd-4977-bada-dfa2b1528563: 77 datasets; 1.3 s; peak memory 1157 MiB.
2026-10-03T22:30:02Z INFO [356/750] 2e0c5b6a-d670-4e15-b491-cff7bfb939c1: 48 datasets; 1.5 s; peak memory 1157 MiB.
2026-10-03T22:30:03Z INFO [357/750] 2e0c8eaa-f081-4489-84d7-15cd07263e09: 170 datasets; 1.6 s; peak memory 1157 MiB.
2026-10-03T22:30:07Z INFO [358/750] 2e0d546b-494d-47c4-87dc-b6fdb8adc566: 156 datasets; 4.0 s; peak memory 1157 MiB.
2026-10-03T22:30:10Z INFO [359/750] 2e0d8047-d8a8-4cbd-8686-2130aa03e991: 38 datasets; 2.8 s; peak memory 1157 MiB.
2026-10-03T22:33:28Z INFO [360/750] 2e0d95e9-4325-4779-b087-88bde72e6799: 58 datasets; 197.4 s; peak memory 1157 MiB.
2026-10-03T22:33:37Z INFO [361/750] 2e0ec76c-5c76-406b-bd34-6cd307b0629f: 56 datasets; 9.5 s; peak memory 1157 MiB.
2026-10-03T22:33:39Z INFO [362/750] 2e0fab25-6b4d-4755-adcd-451c2f3d87b7: 118 datasets; 1.7 s; peak memory 1157 MiB.
2026-10-03T22:33:40Z INFO [363/750] 2e0fc50e-40de-4f69-8171-022d801faf66: 99 datasets; 1.3 s; peak memory 1157 MiB.
2026-10-03T22:33:42Z INFO [364/750] 2e0fcf64-a65c-4510-b514-e4b40e2729da: 116 datasets; 1.7 s; peak memory 1157 MiB.
2026-10-03T22:33:43Z INFO [365/750] 2e0fdac4-0b99-4b67-8370-b22e8b1f8fd4: 117 datasets; 1.6 s; peak memory 1157 MiB.
2026-10-03T22:33:45Z INFO [366/750] 2e100b05-ffd3-4609-ba10-d1cd03280ce1: 49 datasets; 1.8 s; peak memory 1157 MiB.
2026-10-03T22:33:47Z INFO [367/750] 2e10349e-018b-47a6-85db-31498586d0cf: 117 datasets; 1.6 s; peak memory 1157 MiB.
2026-10-03T22:34:10Z INFO [368/750] 2e104c09-1f62-4af1-993e-71797a4803ba: 1775 datasets; 23.1 s; peak memory 1157 MiB.
2026-10-03T22:34:12Z INFO [369/750] 2e111f45-7523-4b90-9849-cde45b78ae9a: 112 datasets; 2.2 s; peak memory 1157 MiB.
2026-10-03T22:34:13Z INFO [370/750] 2e115bb5-9f15-40cd-8580-de1509d29034: 48 datasets; 1.5 s; peak memory 1157 MiB.
2026-10-03T22:34:14Z INFO [371/750] 2e11d926-7ea3-4331-9f02-d5b6378d769a: 37 datasets; 1.0 s; peak memory 1157 MiB.
2026-10-03T22:34:16Z INFO [372/750] 2e1369c9-250c-4d68-b46f-7728e08a3ba3: 48 datasets; 1.4 s; peak memory 1157 MiB.
2026-10-03T22:34:17Z INFO [373/750] 2e1387e8-b8b4-4da7-9bbf-27ec098bc136: 36 datasets; 1.3 s; peak memory 1157 MiB.
2026-10-03T22:34:19Z INFO [374/750] 2e13991c-0bab-473e-91eb-eaf52679d784: 48 datasets; 1.4 s; peak memory 1157 MiB.
2026-10-03T22:34:20Z INFO [375/750] 2e13a06e-5441-4bd8-b63e-afcf9f9bc90f: 110 datasets; 1.9 s; peak memory 1157 MiB.
2026-10-03T22:34:21Z INFO [376/750] 2e1455c2-f456-416f-a4ed-65f3414170cf: 54 datasets; 1.1 s; peak memory 1157 MiB.
2026-10-03T22:34:24Z INFO [377/750] 2e1497b7-4113-4813-afde-efa4c8dd8a87: 112 datasets; 2.1 s; peak memory 1157 MiB.
2026-10-03T22:34:25Z INFO [378/750] 2e14faaa-ac89-460c-95e8-26d9ea67c780: 48 datasets; 1.3 s; peak memory 1157 MiB.
2026-10-03T22:34:27Z INFO [379/750] 2e156863-e1c1-4fe9-9268-cef50213649d: 112 datasets; 2.0 s; peak memory 1157 MiB.
2026-10-03T22:34:29Z INFO [380/750] 2e16a2ef-46e8-4a1d-b7b3-83b53a3799bb: 71 datasets; 1.9 s; peak memory 1157 MiB.
2026-10-03T22:34:30Z INFO [381/750] 2e1729ad-b013-4138-bf34-c69e10e7cdad: 63 datasets; 1.3 s; peak memory 1157 MiB.
2026-10-03T22:34:33Z INFO [382/750] 2e178b05-a1ed-4bdb-9de5-a83054e7453f: 38 datasets; 2.7 s; peak memory 1157 MiB.
2026-10-03T22:34:35Z INFO [383/750] 2e17ab7b-489c-44d4-bbfc-2ae594b72b0e: 117 datasets; 1.7 s; peak memory 1157 MiB.
2026-10-03T22:34:36Z INFO [384/750] 2e17c051-3edf-44cd-aaf0-d59e08abe11f: 48 datasets; 1.2 s; peak memory 1157 MiB.
2026-10-03T22:34:39Z INFO [385/750] 2e18344b-bdb6-472c-ad2f-842e57fb9e12: 152 datasets; 3.4 s; peak memory 1157 MiB.
2026-10-03T22:34:41Z INFO [386/750] 2e18f026-7612-458d-a4b3-1761dcd59f93: 110 datasets; 1.9 s; peak memory 1157 MiB.
2026-10-03T22:34:42Z INFO [387/750] 2e1a80d2-63c0-49d3-84f7-76afd6f70b44: 51 datasets; 1.3 s; peak memory 1157 MiB.
2026-10-03T22:34:44Z INFO [388/750] 2e1a8359-fc5a-4826-b757-2a29f4c78221: 112 datasets; 1.3 s; peak memory 1157 MiB.
2026-10-03T22:34:47Z INFO [389/750] 2e1ac357-7656-4229-a525-80f7fb5e9bf2: 168 datasets; 3.5 s; peak memory 1157 MiB.
2026-10-03T22:34:49Z INFO [390/750] 2e1b3a37-3654-454d-9430-8d0eb0c302cd: 52 datasets; 1.5 s; peak memory 1157 MiB.
2026-10-03T22:34:50Z INFO [391/750] 2e1bfb78-a104-4836-8abe-3a9372555c67: 48 datasets; 1.6 s; peak memory 1157 MiB.
2026-10-03T22:35:04Z INFO [392/750] 2e1c4617-8850-434b-a92d-58bf7fbe7159: 644 datasets; 14.1 s; peak memory 1157 MiB.
2026-10-03T22:35:06Z INFO [393/750] 2e1ca66f-475b-47ee-bcdc-a20e69208a9f: 48 datasets; 1.4 s; peak memory 1157 MiB.
2026-10-03T22:35:07Z INFO [394/750] 2e1cca30-0abe-4afd-90b7-4f53daaa5088: 48 datasets; 1.4 s; peak memory 1157 MiB.
2026-10-03T22:35:09Z INFO [395/750] 2e1d5451-cfe6-4f13-b1f0-29c1e8fcebb9: 118 datasets; 1.7 s; peak memory 1157 MiB.
2026-10-03T22:35:11Z INFO [396/750] 2e1d9734-75f0-4540-8d03-69471dc44c9e: 112 datasets; 1.9 s; peak memory 1157 MiB.
2026-10-03T22:35:22Z INFO [397/750] 2e1dc6e6-f2e2-4676-b207-1aad85c28d76: 819 datasets; 11.7 s; peak memory 1157 MiB.
2026-10-03T22:35:30Z INFO [398/750] 2e1e36bd-b570-42e1-b907-fbe047e84da7: 208 datasets; 7.7 s; peak memory 1157 MiB.
2026-10-03T22:35:32Z INFO [399/750] 2e1e95e0-f41e-4361-8ac9-9f5a866ac53e: 118 datasets; 1.6 s; peak memory 1157 MiB.
2026-10-03T22:35:33Z INFO [400/750] 2e231d70-c8f5-47f3-968c-43ec5a02fe07: 41 datasets; 1.3 s; peak memory 1157 MiB.
2026-10-03T22:35:33Z INFO [400/750] 2e231d70-c8f5-47f3-968c-43ec5a02fe07: checkpointed 69236 records.
2026-10-03T22:35:35Z INFO [401/750] 2e232431-5298-4220-b8f4-ab62b928aab7: 117 datasets; 1.7 s; peak memory 1157 MiB.
2026-10-03T22:35:36Z INFO [402/750] 2e23c9f6-077c-4af6-a6f2-991cc7cefcbc: 117 datasets; 1.6 s; peak memory 1157 MiB.
2026-10-03T22:35:38Z INFO [403/750] 2e240147-1e30-415d-bb02-cbbefc8eb012: 52 datasets; 1.6 s; peak memory 1157 MiB.
2026-10-03T22:35:41Z INFO [404/750] 2e24fb4b-e38c-4516-abff-7d7ab995e1eb: 112 datasets; 2.5 s; peak memory 1157 MiB.
2026-10-03T22:35:42Z INFO [405/750] 2e26188e-bc02-4df3-bf98-4e0039e9da35: 48 datasets; 1.4 s; peak memory 1157 MiB.
2026-10-03T22:35:44Z INFO [406/750] 2e2753ed-5006-4aeb-a3b5-2b0424a62b7e: 69 datasets; 1.7 s; peak memory 1157 MiB.
2026-10-03T22:35:58Z INFO [407/750] 2e275ff7-db88-474b-9d76-57984d7144f1: 976 datasets; 14.4 s; peak memory 1157 MiB.
2026-10-03T22:35:59Z INFO [408/750] 2e27d8b0-4ac4-4d55-b1ef-f90235de7bf0: 56 datasets; 1.1 s; peak memory 1157 MiB.
2026-10-03T22:36:01Z INFO [409/750] 2e299633-9047-4453-a5f8-bb2fe8442af9: 69 datasets; 1.6 s; peak memory 1157 MiB.
2026-10-03T22:36:02Z INFO [410/750] 2e2a71ac-d80f-42b6-8438-b37e0e70acb8: 118 datasets; 1.6 s; peak memory 1157 MiB.
2026-10-03T22:36:04Z INFO [411/750] 2e2a7365-463d-40e8-a96e-ca6425615c58: 52 datasets; 1.4 s; peak memory 1157 MiB.
2026-10-03T22:36:05Z INFO [412/750] 2e2ad275-c90c-4d55-96b8-10558e5e126d: 48 datasets; 1.4 s; peak memory 1157 MiB.
2026-10-03T22:36:10Z INFO [413/750] 2e2b0b74-c71f-4cff-b78b-5adf5c0d761d: 84 datasets; 4.4 s; peak memory 1157 MiB.
2026-10-03T22:36:12Z INFO [414/750] 2e2b2948-dbf4-4925-85b5-40e3e53b9783: 112 datasets; 2.2 s; peak memory 1157 MiB.
2026-10-03T22:36:16Z INFO [415/750] 2e2bc681-c1ee-4280-a063-1495d14c0ead: 156 datasets; 3.8 s; peak memory 1157 MiB.
2026-10-03T22:36:18Z INFO [416/750] 2e2bc987-2f57-4568-820a-e2ffd00c6d35: 66 datasets; 2.0 s; peak memory 1157 MiB.
2026-10-03T22:36:20Z INFO [417/750] 2e2c0579-2836-4b9c-a64d-d5a6656b59a9: 117 datasets; 1.8 s; peak memory 1157 MiB.
2026-10-03T22:36:24Z INFO [418/750] 2e2cd824-39a4-4c4b-858a-79cbbd60c17c: 156 datasets; 4.0 s; peak memory 1157 MiB.
2026-10-03T22:36:25Z INFO [419/750] 2e2d1e7c-e5e3-45a7-95c1-7abbba010664: 45 datasets; 1.1 s; peak memory 1157 MiB.
2026-10-03T22:36:27Z INFO [420/750] 2e2e0357-44ce-46c8-aee3-c2d3301fef55: 113 datasets; 2.0 s; peak memory 1157 MiB.
2026-10-03T22:38:52Z INFO [421/750] 2e2e2b2e-a960-4931-bc83-5aeaaaa9f980: 167 datasets; 144.9 s; peak memory 1157 MiB.
2026-10-03T22:38:53Z INFO [422/750] 2e2e3e49-c503-46c4-ae21-10cebe98509d: 48 datasets; 1.5 s; peak memory 1157 MiB.
2026-10-03T22:38:54Z INFO [423/750] 2e2edc26-c9e0-46ff-89b3-cfda43dc15c8: 33 datasets; 1.0 s; peak memory 1157 MiB.
2026-10-03T22:38:56Z INFO [424/750] 2e2ee20f-6cab-421c-a202-e5949c4d97e4: 77 datasets; 1.7 s; peak memory 1157 MiB.
2026-10-03T22:39:04Z INFO [425/750] 2e2f3690-7590-470d-847e-fb3296441755: 538 datasets; 7.9 s; peak memory 1157 MiB.
2026-10-03T22:39:23Z INFO [426/750] 2e2fb8e5-d9c4-4173-a43a-92d321003af0: 6077 datasets; 19.8 s; peak memory 1157 MiB.
2026-10-03T22:39:25Z INFO [427/750] 2e3043aa-68d7-4d6c-9f92-7c4bd26681c3: 53 datasets; 1.9 s; peak memory 1157 MiB.
2026-10-03T22:39:27Z INFO [428/750] 2e3159f4-ed05-4dd1-8ee3-0bb6673aa8d7: 74 datasets; 1.8 s; peak memory 1157 MiB.
2026-10-03T22:39:30Z INFO [429/750] 2e3214a8-810c-4351-a960-128d2c5cd3e5: 66 datasets; 2.4 s; peak memory 1157 MiB.
2026-10-03T22:39:33Z INFO [430/750] 2e326e40-7b40-47d1-ada5-8c4d03360065: 157 datasets; 3.4 s; peak memory 1157 MiB.
2026-10-03T22:39:34Z INFO [431/750] 2e3286bb-f18d-4c71-a5c1-4724393730d5: 39 datasets; 1.3 s; peak memory 1157 MiB.
2026-10-03T22:39:36Z INFO [432/750] 2e328caa-a0c2-4878-84cb-a069c5e7642d: 46 datasets; 1.3 s; peak memory 1157 MiB.
2026-10-03T22:39:37Z INFO [433/750] 2e32e3bc-138c-4ec8-badb-ca3ee2d7247b: 79 datasets; 1.8 s; peak memory 1157 MiB.
2026-10-03T22:39:42Z INFO [434/750] 2e3331ce-8b5d-4bd9-a4aa-d33e56ded4d4: 48 datasets; 4.6 s; peak memory 1157 MiB.
2026-10-03T22:39:44Z INFO [435/750] 2e336128-2672-45e1-93d8-19e4928d9d78: 116 datasets; 1.9 s; peak memory 1157 MiB.
2026-10-03T22:39:48Z INFO [436/750] 2e33d6be-78cc-4cc0-ac46-083d5174bc5e: 161 datasets; 4.0 s; peak memory 1157 MiB.
2026-10-03T22:40:03Z INFO [437/750] 2e351c9f-6237-425e-aed8-ed8899c474eb: 763 datasets; 15.3 s; peak memory 1157 MiB.
2026-10-03T22:40:05Z INFO [438/750] 2e356abc-f0fb-4dc0-b361-f2a4ce4dd3e5: 117 datasets; 1.6 s; peak memory 1157 MiB.
2026-10-03T22:40:06Z INFO [439/750] 2e35cf74-cd0a-455a-b5df-8290d7353ad6: 48 datasets; 1.3 s; peak memory 1157 MiB.
2026-10-03T22:40:10Z INFO [440/750] 2e367311-f735-429b-bdb5-7c464b789305: 38 datasets; 4.1 s; peak memory 1157 MiB.
2026-10-03T22:40:12Z INFO [441/750] 2e368520-8ef4-4136-a303-083caea21e0c: 84 datasets; 2.0 s; peak memory 1157 MiB.
2026-10-03T22:40:14Z INFO [442/750] 2e36d41f-4f8e-49dc-888d-019e9fc31b12: 52 datasets; 1.7 s; peak memory 1157 MiB.
2026-10-03T22:40:16Z INFO [443/750] 2e3786eb-9adb-4e93-a687-0f7f1ada0cbb: 72 datasets; 1.7 s; peak memory 1157 MiB.
2026-10-03T22:40:19Z INFO [444/750] 2e379e03-8677-4165-b4bd-a2267e719171: 38 datasets; 3.4 s; peak memory 1157 MiB.
2026-10-03T22:40:21Z INFO [445/750] 2e37edaa-d7a4-404d-bdad-b6a6e5015ecb: 46 datasets; 1.5 s; peak memory 1157 MiB.
2026-10-03T22:40:33Z INFO [446/750] 2e389f8b-6b54-4ebb-9b8b-f65a2bb88143: 1253 datasets; 12.7 s; peak memory 1157 MiB.
2026-10-03T22:40:35Z INFO [447/750] 2e38a2a4-52d1-4436-b046-32b23286090c: 112 datasets; 2.2 s; peak memory 1157 MiB.
2026-10-03T22:40:39Z INFO [448/750] 2e38af32-2720-4791-8cd6-224ff9137a2a: 84 datasets; 4.1 s; peak memory 1157 MiB.
2026-10-03T22:40:44Z INFO [449/750] 2e39478d-9c18-4b84-b30f-a81054f3a5dd: 153 datasets; 4.3 s; peak memory 1157 MiB.
2026-10-03T22:40:46Z INFO [450/750] 2e39b510-4669-4cbf-b42b-7d563edd30e1: 66 datasets; 2.3 s; peak memory 1157 MiB.
2026-10-03T22:40:46Z INFO [450/750] 2e39b510-4669-4cbf-b42b-7d563edd30e1: checkpointed 69286 records.
2026-10-03T22:40:48Z INFO [451/750] 2e3a036e-e1ea-41b2-aedb-624979809367: 118 datasets; 1.7 s; peak memory 1157 MiB.
2026-10-03T22:40:57Z INFO [452/750] 2e3a8283-aa85-4caf-8e58-846f0bc209e3: 487 datasets; 8.9 s; peak memory 1157 MiB.
2026-10-03T22:41:00Z INFO [453/750] 2e3acb2a-4996-4a81-8bae-4ec7fdca29f7: 93 datasets; 3.3 s; peak memory 1157 MiB.
2026-10-03T22:41:04Z INFO [454/750] 2e3afd14-9b1f-42d3-b7e0-257daabd3689: 104 datasets; 3.8 s; peak memory 1157 MiB.
2026-10-03T22:41:07Z INFO [455/750] 2e3b3d34-93a9-47fd-bef0-b6fb3647561e: 118 datasets; 2.8 s; peak memory 1157 MiB.
2026-10-03T22:41:08Z INFO [456/750] 2e3b7adc-a532-4c69-a24c-9cd9ad933fbb: 49 datasets; 1.4 s; peak memory 1157 MiB.
2026-10-03T22:41:11Z INFO [457/750] 2e3ba004-c720-484b-87f6-15721fb370c3: 71 datasets; 2.7 s; peak memory 1157 MiB.
2026-10-03T22:41:23Z INFO [458/750] 2e3bffae-b214-4dde-acb8-d95a3ead1b8b: 369 datasets; 12.6 s; peak memory 1157 MiB.
2026-10-03T22:41:36Z INFO [459/750] 2e3caa19-1c9a-4075-95b1-872edc65eb21: 931 datasets; 12.5 s; peak memory 1157 MiB.
2026-10-03T22:41:37Z INFO [460/750] 2e3d222b-af53-4234-a682-0d8981a1b109: 76 datasets; 1.5 s; peak memory 1157 MiB.
2026-10-03T22:41:39Z INFO [461/750] 2e3d6ce8-bafc-4b9a-85f6-05bbd92ac0ed: 72 datasets; 1.8 s; peak memory 1157 MiB.
2026-10-03T22:42:31Z INFO [462/750] 2e3dd82f-46d6-4b3c-b4b3-b3b70dfea1ad: 1510 datasets; 52.2 s; peak memory 1157 MiB.
2026-10-03T22:42:33Z INFO [463/750] 2e3dde68-f0ea-4bba-b4f3-efd3ab7a497c: 46 datasets; 1.3 s; peak memory 1157 MiB.
2026-10-03T22:42:55Z INFO [464/750] 2e3e1d01-3b7e-44a2-8026-5d3fe1a01694: 1188 datasets; 22.0 s; peak memory 1157 MiB.
2026-10-03T22:43:04Z INFO [465/750] 2e3e3f41-ca58-458e-a4ae-7fbd5a51864c: 38 datasets; 9.7 s; peak memory 1157 MiB.
2026-10-03T22:43:08Z INFO [466/750] 2e40b448-5712-46ba-b94d-5e8a17441083: 159 datasets; 4.0 s; peak memory 1157 MiB.
2026-10-03T22:43:11Z INFO [467/750] 2e41c5b2-1ab9-452e-9961-3053f059670f: 112 datasets; 2.4 s; peak memory 1157 MiB.
2026-10-03T22:43:37Z INFO [468/750] 2e42bcdd-22ff-4014-8247-d9dd60d76952: 162 datasets; 26.2 s; peak memory 1157 MiB.
2026-10-03T22:43:38Z INFO [469/750] 2e42fea1-c4be-418a-9c44-53416419ed49: 63 datasets; 1.3 s; peak memory 1157 MiB.
2026-10-03T22:43:40Z INFO [470/750] 2e430666-fedc-413e-9f86-6abf3240d48a: 117 datasets; 1.7 s; peak memory 1157 MiB.
2026-10-03T22:43:41Z INFO [471/750] 2e4361dc-ca2d-42e9-9b89-dd90c2c49a0d: 48 datasets; 1.4 s; peak memory 1157 MiB.
2026-10-03T22:43:43Z INFO [472/750] 2e4368b4-2481-455f-8777-d34268cac1b1: 41 datasets; 1.3 s; peak memory 1157 MiB.
2026-10-03T22:43:44Z INFO [473/750] 2e4425b3-518b-460a-a049-b09321321da7: 52 datasets; 1.1 s; peak memory 1157 MiB.
2026-10-03T22:43:47Z INFO [474/750] 2e44dbbb-5f9c-40ac-87e9-a9c1da073c7b: 115 datasets; 2.9 s; peak memory 1157 MiB.
2026-10-03T22:43:49Z INFO [475/750] 2e452d66-f7ee-4320-855a-16f3f1b1d8b9: 71 datasets; 2.3 s; peak memory 1157 MiB.
2026-10-03T22:43:51Z INFO [476/750] 2e45840d-87e6-4df2-a1c9-3adfc6c6b83b: 48 datasets; 1.5 s; peak memory 1157 MiB.
2026-10-03T22:43:52Z INFO [477/750] 2e46065c-a321-404e-aa2a-378501fca630: 35 datasets; 1.1 s; peak memory 1157 MiB.
2026-10-03T22:43:54Z INFO [478/750] 2e462b8f-5e7d-441b-be44-da6bc91299d5: 71 datasets; 2.6 s; peak memory 1157 MiB.
2026-10-03T22:43:56Z INFO [479/750] 2e472577-d60e-4e6b-990f-48febb160d93: 116 datasets; 1.7 s; peak memory 1157 MiB.
2026-10-03T22:44:12Z INFO [480/750] 2e4749b0-1f1f-4229-bda5-834a337a3438: 707 datasets; 16.1 s; peak memory 1157 MiB.
2026-10-03T22:44:13Z INFO [481/750] 2e4813aa-5ddd-4aa0-9a44-6320212bc182: 48 datasets; 1.4 s; peak memory 1157 MiB.
2026-10-03T22:44:36Z INFO [482/750] 2e485b43-8907-4577-be66-e1a0bc5ca06e: 715 datasets; 22.3 s; peak memory 1157 MiB.
2026-10-03T22:44:37Z INFO [483/750] 2e486f35-e657-42e8-8f3c-2d4265cff6e5: 46 datasets; 1.5 s; peak memory 1157 MiB.
2026-10-03T22:44:39Z INFO [484/750] 2e48f0e5-eed4-4a02-a2c1-67afb63e6ac9: 49 datasets; 1.9 s; peak memory 1157 MiB.
2026-10-03T22:44:43Z INFO [485/750] 2e49bb31-6a24-4898-b933-7dabcf444ea3: 85 datasets; 3.7 s; peak memory 1157 MiB.
2026-10-03T22:44:44Z INFO [486/750] 2e4a8b3d-c80c-45f2-9367-41d82777d4f1: 48 datasets; 1.3 s; peak memory 1157 MiB.
2026-10-03T22:44:47Z INFO [487/750] 2e4b3afa-5e04-488f-93a1-336561dc5b04: 110 datasets; 2.7 s; peak memory 1157 MiB.
2026-10-03T22:44:51Z INFO [488/750] 2e4c2cae-76a7-4052-8d97-a53f695d5a7d: 115 datasets; 3.7 s; peak memory 1157 MiB.
2026-10-03T22:44:52Z INFO [489/750] 2e4c30bb-7113-4b3c-a385-1b3428f457a0: 66 datasets; 1.6 s; peak memory 1157 MiB.
2026-10-03T22:44:54Z INFO [490/750] 2e4d49b7-37f4-4769-bb4f-43b5f0a850ac: 112 datasets; 2.2 s; peak memory 1157 MiB.
2026-10-03T22:44:56Z INFO [491/750] 2e4d5052-3512-4584-8fe5-981c8679af6a: 117 datasets; 1.9 s; peak memory 1157 MiB.
2026-10-03T22:45:04Z INFO [492/750] 2e4d56a7-3d33-4666-90ac-6006780e3f7c: 510 datasets; 7.6 s; peak memory 1157 MiB.
2026-10-03T22:45:06Z INFO [493/750] 2e4dbde3-efb4-45ba-a95f-a42f9827236b: 71 datasets; 2.3 s; peak memory 1157 MiB.
2026-10-03T22:45:08Z INFO [494/750] 2e4e4b63-1668-457c-baaf-2e8e0877e7b2: 69 datasets; 2.0 s; peak memory 1157 MiB.
2026-10-03T22:45:10Z INFO [495/750] 2e4e630f-a4b8-42d5-8bf0-74c9a5522f14: 112 datasets; 2.2 s; peak memory 1157 MiB.
2026-10-03T22:45:22Z INFO [496/750] 2e4ecb7b-1285-4ed5-8ba3-d63614443383: 906 datasets; 11.8 s; peak memory 1157 MiB.
2026-10-03T22:45:42Z INFO [497/750] 2e4ef71f-7ee0-496f-aebd-9d0349f25773: 1100 datasets; 19.8 s; peak memory 1157 MiB.
2026-10-03T22:45:45Z INFO [498/750] 2e4f3e2b-b8cd-47b8-8a01-2ab9be4a82b4: 38 datasets; 3.4 s; peak memory 1157 MiB.
2026-10-03T22:45:47Z INFO [499/750] 2e4fd5de-052e-4915-b848-b247828e5235: 48 datasets; 1.5 s; peak memory 1157 MiB.
2026-10-03T22:45:48Z INFO [500/750] 2e5125a2-68f7-45a7-b726-1ce4e9820125: 48 datasets; 1.6 s; peak memory 1157 MiB.
2026-10-03T22:45:49Z INFO [500/750] 2e5125a2-68f7-45a7-b726-1ce4e9820125: checkpointed 69336 records.
2026-10-03T22:45:54Z INFO [501/750] 2e51ffa0-dcff-49b5-a1fb-670bffaabd38: 106 datasets; 5.8 s; peak memory 1157 MiB.
2026-10-03T22:45:56Z INFO [502/750] 2e52af8b-2ac4-4e91-b0f9-045c7e600d9a: 112 datasets; 1.9 s; peak memory 1157 MiB.
2026-10-03T22:45:58Z INFO [503/750] 2e530650-b5da-4a22-b002-dca68f625e03: 117 datasets; 1.8 s; peak memory 1157 MiB.
2026-10-03T22:45:59Z INFO [504/750] 2e53f018-6392-4770-8d42-819eebc7465b: 48 datasets; 1.4 s; peak memory 1157 MiB.
2026-10-03T22:46:01Z INFO [505/750] 2e540e30-44cc-4b7a-8fd4-16f94e9e7095: 50 datasets; 1.2 s; peak memory 1157 MiB.
2026-10-03T22:46:02Z INFO [506/750] 2e550cd3-430e-4dea-968a-656db1615d9b: 116 datasets; 1.7 s; peak memory 1157 MiB.
2026-10-03T22:46:04Z INFO [507/750] 2e556b53-65f9-45e5-9ac7-2f6a97792a54: 118 datasets; 1.6 s; peak memory 1157 MiB.
2026-10-03T22:46:10Z INFO [508/750] 2e55aa77-fca6-4688-b4a4-611dd7517663: 106 datasets; 6.0 s; peak memory 1157 MiB.
2026-10-03T22:46:12Z INFO [509/750] 2e56aeeb-5391-4215-ac83-6b91dca6635b: 117 datasets; 1.6 s; peak memory 1157 MiB.
2026-10-03T22:46:13Z INFO [510/750] 2e56d6ef-4a14-4ce0-9fb2-b80d457d8a63: 48 datasets; 1.5 s; peak memory 1157 MiB.
2026-10-03T22:46:15Z INFO [511/750] 2e57262e-3a94-43a9-ab0a-cb191c834199: 69 datasets; 1.7 s; peak memory 1157 MiB.
2026-10-03T22:46:35Z INFO [512/750] 2e575160-d97f-45c9-a818-b20282304c75: 446 datasets; 20.2 s; peak memory 1157 MiB.
2026-10-03T22:46:37Z INFO [513/750] 2e578935-c6d3-43ac-b44c-e92c6153a8fd: 71 datasets; 2.2 s; peak memory 1157 MiB.
2026-10-03T22:46:39Z INFO [514/750] 2e57d241-972d-4d2a-b604-b0f3e4be1c63: 48 datasets; 1.5 s; peak memory 1157 MiB.
2026-10-03T22:46:44Z INFO [515/750] 2e57df75-dd57-4e71-8cc7-4c52c951d3c8: 111 datasets; 5.4 s; peak memory 1157 MiB.
2026-10-03T22:46:45Z INFO [516/750] 2e584aff-fd05-45ad-b064-24f5c28a2e2d: 38 datasets; 1.2 s; peak memory 1157 MiB.
2026-10-03T22:46:54Z INFO [517/750] 2e585a84-a685-493c-8b67-0b9630b8b7fe: 537 datasets; 9.0 s; peak memory 1157 MiB.
2026-10-03T22:46:55Z INFO [518/750] 2e5868e0-2db6-4d30-8ec2-926dbc7a41e3: 37 datasets; 1.1 s; peak memory 1157 MiB.
2026-10-03T22:46:58Z INFO [519/750] 2e59064a-b8de-4f7e-8af6-6e8710deda08: 117 datasets; 2.2 s; peak memory 1157 MiB.
2026-10-03T22:46:59Z INFO [520/750] 2e593463-581d-418e-a90b-266ca129b917: 112 datasets; 1.7 s; peak memory 1157 MiB.
2026-10-03T22:47:03Z INFO [521/750] 2e5a7355-29f3-4dbb-80e2-231ce2546f12: 104 datasets; 3.7 s; peak memory 1157 MiB.
2026-10-03T22:47:04Z INFO [522/750] 2e5aaab5-96e4-4732-8cca-32cf4dc4728c: 48 datasets; 1.4 s; peak memory 1157 MiB.
2026-10-03T22:47:05Z INFO [523/750] 2e5bd84c-5577-4ca1-8043-a1048b08a70b: 57 datasets; 1.1 s; peak memory 1157 MiB.
2026-10-03T22:47:07Z INFO [524/750] 2e5ce688-05f6-4af3-8cd6-2ed5728968e7: 48 datasets; 1.4 s; peak memory 1157 MiB.
2026-10-03T22:47:08Z INFO [525/750] 2e5d0cbc-80ec-4fd0-88d8-e5f36bedadd2: 48 datasets; 1.4 s; peak memory 1157 MiB.
2026-10-03T22:47:15Z INFO [526/750] 2e5e07f2-c498-4243-bb40-ceb9aded5135: 229 datasets; 6.7 s; peak memory 1157 MiB.
2026-10-03T22:47:17Z INFO [527/750] 2e5e521a-aaf2-475c-ac4d-ec550d70079c: 64 datasets; 1.9 s; peak memory 1157 MiB.
2026-10-03T22:47:19Z INFO [528/750] 2e5e7058-4880-46d3-90c4-23be7328ac94: 118 datasets; 1.7 s; peak memory 1157 MiB.
2026-10-03T22:47:21Z INFO [529/750] 2e5f2613-ac72-4ce2-8d51-12622c8b36c5: 112 datasets; 2.0 s; peak memory 1157 MiB.
2026-10-03T22:47:22Z INFO [530/750] 2e60dc16-9c3b-4a2b-951e-b1d5ec7f0c92: 140 datasets; 1.8 s; peak memory 1157 MiB.
2026-10-03T22:47:25Z INFO [531/750] 2e60f720-ba3a-45dc-a501-757f167a8539: 71 datasets; 2.2 s; peak memory 1157 MiB.
2026-10-03T22:47:26Z INFO [532/750] 2e61b278-bf88-42ed-98b0-d95102b0a0bb: 48 datasets; 1.3 s; peak memory 1157 MiB.
2026-10-03T22:47:28Z INFO [533/750] 2e61e89e-1cf5-4c4d-a917-32a96292b97b: 66 datasets; 2.2 s; peak memory 1157 MiB.
2026-10-03T22:47:30Z INFO [534/750] 2e62640a-0092-4dd6-844e-a3abaedd692c: 117 datasets; 1.8 s; peak memory 1157 MiB.
2026-10-03T22:47:31Z INFO [535/750] 2e62c8cc-10b7-40e2-82c5-e6ce26083664: 48 datasets; 1.5 s; peak memory 1157 MiB.
2026-10-03T22:47:34Z INFO [536/750] 2e63ddca-31ef-42c0-b3d6-0f1a0a023f18: 71 datasets; 2.7 s; peak memory 1157 MiB.
2026-10-03T22:47:36Z INFO [537/750] 2e63ecf7-bf0b-407d-bffd-e0d2146d73d4: 118 datasets; 1.8 s; peak memory 1157 MiB.
2026-10-03T22:47:40Z INFO [538/750] 2e65e938-ed36-48c6-90f6-c069396aa742: 87 datasets; 3.7 s; peak memory 1157 MiB.
2026-10-03T22:47:41Z INFO [539/750] 2e65fffa-2770-4108-8662-1a883544dcb5: 52 datasets; 1.6 s; peak memory 1157 MiB.
2026-10-03T22:47:43Z INFO [540/750] 2e66b7e3-5311-45cf-ae36-b349ca7f9510: 70 datasets; 2.0 s; peak memory 1157 MiB.
2026-10-03T22:47:45Z INFO [541/750] 2e671e82-52af-4960-8df7-5bd4c64676e0: 48 datasets; 1.4 s; peak memory 1157 MiB.
2026-10-03T22:47:51Z INFO [542/750] 2e672612-01dd-46db-a045-31fcc3ee7106: 223 datasets; 6.5 s; peak memory 1157 MiB.
2026-10-03T22:47:53Z INFO [543/750] 2e67831a-7897-4fab-a143-8c8ab9b6caec: 48 datasets; 1.4 s; peak memory 1157 MiB.
2026-10-03T22:47:54Z INFO [544/750] 2e6788f2-9670-490d-ba97-ff856192a3a9: 54 datasets; 1.1 s; peak memory 1157 MiB.
2026-10-03T22:48:06Z INFO [545/750] 2e67afd0-b0a7-4678-90dc-2fbf1f10db96: 396 datasets; 12.7 s; peak memory 1157 MiB.
2026-10-03T22:48:09Z INFO [546/750] 2e67bc77-f265-4a44-957d-41684d7f0bf8: 71 datasets; 2.4 s; peak memory 1157 MiB.
2026-10-03T22:48:10Z INFO [547/750] 2e680bbc-1827-4389-8385-090b6cc5b5e7: 48 datasets; 1.4 s; peak memory 1157 MiB.
2026-10-03T22:48:21Z INFO [548/750] 2e68295f-c1d7-4932-8077-3e7fc461c130: 41 datasets; 10.6 s; peak memory 1157 MiB.
2026-10-03T22:48:22Z INFO [549/750] 2e68b0ca-22a6-47c7-b6b8-3d512365e256: 46 datasets; 1.5 s; peak memory 1157 MiB.
2026-10-03T22:48:28Z INFO [550/750] 2e68c1c0-c117-4f77-86b6-e9e0026b73ba: 38 datasets; 5.4 s; peak memory 1157 MiB.
2026-10-03T22:48:28Z INFO [550/750] 2e68c1c0-c117-4f77-86b6-e9e0026b73ba: checkpointed 69386 records.
2026-10-03T22:48:30Z INFO [551/750] 2e6a4ac9-8ae5-4543-bbb1-5d445da7d515: 117 datasets; 1.7 s; peak memory 1157 MiB.
2026-10-03T22:51:05Z INFO [552/750] 2e6ac94a-3144-44c1-a1b8-c6799f39bf16: 99 datasets; 155.4 s; peak memory 1157 MiB.
2026-10-03T22:51:06Z INFO [553/750] 2e6cd9c2-ec7e-4d95-95be-bedb242b9377: 48 datasets; 1.3 s; peak memory 1157 MiB.
2026-10-03T22:51:08Z INFO [554/750] 2e6d250e-b1dc-4ac9-90a0-6a5e96efe96d: 48 datasets; 1.5 s; peak memory 1157 MiB.
2026-10-03T22:51:09Z INFO [555/750] 2e6d541b-225d-4c4c-b9cf-72eec742f893: 37 datasets; 1.1 s; peak memory 1157 MiB.
2026-10-03T22:51:11Z INFO [556/750] 2e6d6177-42ff-48de-b973-67f2eb335ef4: 48 datasets; 1.5 s; peak memory 1157 MiB.
2026-10-03T22:51:13Z INFO [557/750] 2e6d6a3e-fba7-4c4b-8497-cbc5299f6742: 45 datasets; 2.0 s; peak memory 1157 MiB.
2026-10-03T22:52:54Z INFO [558/750] 2e6d92f8-6572-41e2-bd8f-263fd970945a: 394 datasets; 101.5 s; peak memory 1157 MiB.
2026-10-03T22:52:56Z INFO [559/750] 2e6df8fb-25c8-4b14-aad3-49974e6b5f59: 50 datasets; 1.6 s; peak memory 1157 MiB.
2026-10-03T22:52:58Z INFO [560/750] 2e6f46e5-1b53-4245-992c-4e94f0412ceb: 64 datasets; 1.9 s; peak memory 1157 MiB.
2026-10-03T22:53:04Z INFO [561/750] 2e6fb19a-51ab-4df4-81d2-64a44ebbd14e: 538 datasets; 6.3 s; peak memory 1157 MiB.
2026-10-03T22:53:05Z INFO [562/750] 2e70b656-d448-4048-851f-a9b74bc681b6: 48 datasets; 1.3 s; peak memory 1157 MiB.
2026-10-03T22:53:12Z INFO [563/750] 2e737762-ceef-4c1c-ae60-08232eea14de: 196 datasets; 7.1 s; peak memory 1157 MiB.
2026-10-03T22:53:14Z INFO [564/750] 2e743e50-984e-4207-b7d4-38c4df92697c: 52 datasets; 1.5 s; peak memory 1157 MiB.
2026-10-03T22:53:15Z INFO [565/750] 2e748eca-2b4c-4a79-b5e8-15ededebbca7: 45 datasets; 1.2 s; peak memory 1157 MiB.
2026-10-03T22:53:17Z INFO [566/750] 2e7495cf-d92c-45b1-8461-f1afd9abc6c1: 66 datasets; 2.0 s; peak memory 1157 MiB.
2026-10-03T22:53:19Z INFO [567/750] 2e75146b-4b6b-44df-8ce5-97aeb8a353bc: 112 datasets; 1.7 s; peak memory 1157 MiB.
2026-10-03T22:53:20Z INFO [568/750] 2e75842e-dc12-44cc-8306-637d5d7ecdae: 68 datasets; 1.6 s; peak memory 1157 MiB.
2026-10-03T22:53:28Z INFO [569/750] 2e75c58e-7cf9-4a82-8a19-e0ffd2d69a32: 538 datasets; 8.2 s; peak memory 1157 MiB.
2026-10-03T22:53:32Z INFO [570/750] 2e7631aa-5ba6-43fd-9cdd-2278cd577bbf: 38 datasets; 3.6 s; peak memory 1157 MiB.
2026-10-03T22:53:34Z INFO [571/750] 2e763db7-8aee-47b0-aea8-029383ecdc8c: 48 datasets; 1.5 s; peak memory 1157 MiB.
2026-10-03T22:53:40Z INFO [572/750] 2e769656-f1ab-4247-b7ef-d6ee9adbea29: 174 datasets; 6.8 s; peak memory 1157 MiB.
2026-10-03T22:53:43Z INFO [573/750] 2e786842-1400-407b-ad5f-3f02cc9de480: 119 datasets; 2.8 s; peak memory 1157 MiB.
2026-10-03T22:53:45Z INFO [574/750] 2e787832-ca0d-4c56-a9a9-ae102a1e847e: 48 datasets; 1.5 s; peak memory 1157 MiB.
2026-10-03T22:53:46Z INFO [575/750] 2e789f68-f799-49fd-af33-480e8a400872: 48 datasets; 1.5 s; peak memory 1157 MiB.
2026-10-03T22:54:21Z INFO [576/750] 2e78a8bc-0bec-4e9e-ae40-a27bc9ec1a87: 1139 datasets; 35.0 s; peak memory 1157 MiB.
2026-10-03T22:54:23Z INFO [577/750] 2e794671-0cac-4c86-a459-de6ecefbbc99: 112 datasets; 2.4 s; peak memory 1157 MiB.
2026-10-03T22:54:33Z INFO [578/750] 2e79db74-ea3f-426d-a55c-acda3b2b9b83: 757 datasets; 9.6 s; peak memory 1157 MiB.
2026-10-03T22:54:35Z INFO [579/750] 2e7a520e-7656-4147-b5f5-8658b9380317: 117 datasets; 1.6 s; peak memory 1157 MiB.
2026-10-03T22:54:36Z INFO [580/750] 2e7a87ff-b81f-45d3-a176-3f6bbc69fcf2: 48 datasets; 1.3 s; peak memory 1157 MiB.
2026-10-03T22:54:42Z INFO [581/750] 2e7c39f6-77eb-4ac1-9a11-21e24d77ebb0: 455 datasets; 6.0 s; peak memory 1157 MiB.
2026-10-03T22:54:43Z INFO [582/750] 2e7ceb05-26e3-4c22-a090-87b758598fcd: 45 datasets; 1.1 s; peak memory 1157 MiB.
2026-10-03T22:54:45Z INFO [583/750] 2e7d10e3-7068-4a0c-b367-49376711c94e: 48 datasets; 1.5 s; peak memory 1157 MiB.
2026-10-03T22:54:51Z INFO [584/750] 2e7d2e7b-8cc9-479c-8116-2a125177f9a3: 208 datasets; 6.3 s; peak memory 1157 MiB.
2026-10-03T22:54:53Z INFO [585/750] 2e7d84de-1bf0-4ed3-ac15-19ac4151185c: 117 datasets; 1.8 s; peak memory 1157 MiB.
2026-10-03T22:54:54Z INFO [586/750] 2e7e2b8a-fea3-40e9-b956-e8450b31716c: 48 datasets; 1.5 s; peak memory 1157 MiB.
2026-10-03T22:54:55Z INFO [587/750] 2e7e6419-ba3d-46cc-ab61-4b827aca3e89: 52 datasets; 1.4 s; peak memory 1157 MiB.
2026-10-03T23:33:23Z INFO [588/750] 2e7ea814-6c42-4fb9-b4e5-b280ec80958d: 216 datasets; 2307.0 s; peak memory 1217 MiB.
2026-10-03T23:33:24Z INFO [589/750] 2e7ef0c9-2973-4b01-9e4f-dc0d46b26d06: 48 datasets; 1.3 s; peak memory 1217 MiB.
2026-10-03T23:33:25Z INFO [590/750] 2e802496-fa3c-495d-a5e0-debff46c8c01: 48 datasets; 1.2 s; peak memory 1217 MiB.
2026-10-03T23:33:27Z INFO [591/750] 2e8080b0-3ba3-4a98-b17c-5c8e5674f4e9: 118 datasets; 1.8 s; peak memory 1217 MiB.
2026-10-03T23:35:49Z INFO [592/750] 2e81091d-38cc-43fa-9470-8e5889968c11: 260 datasets; 142.6 s; peak memory 1217 MiB.
2026-10-03T23:35:52Z INFO [593/750] 2e816774-0eac-4a58-8eb9-efede45f97c6: 71 datasets; 2.2 s; peak memory 1217 MiB.
2026-10-03T23:35:55Z INFO [594/750] 2e8266d1-c340-4cd9-8dc4-5882abc46fcc: 116 datasets; 3.3 s; peak memory 1217 MiB.
2026-10-03T23:36:07Z INFO [595/750] 2e8268c3-a03c-468c-941c-dd3ca5703fbb: 799 datasets; 12.2 s; peak memory 1217 MiB.
2026-10-03T23:36:08Z INFO [596/750] 2e850d48-18f3-4471-aeac-5d9b9d89017e: 48 datasets; 1.3 s; peak memory 1217 MiB.
2026-10-03T23:36:10Z INFO [597/750] 2e851380-8679-44c2-810e-e5cc79f68741: 117 datasets; 1.5 s; peak memory 1217 MiB.
2026-10-03T23:36:12Z INFO [598/750] 2e85ceb1-50b7-409d-8ec0-71994d23468e: 117 datasets; 1.5 s; peak memory 1217 MiB.
2026-10-03T23:36:13Z INFO [599/750] 2e85fb6b-3571-4fd6-abb9-d505f36825f0: 48 datasets; 1.3 s; peak memory 1217 MiB.
2026-10-03T23:36:14Z INFO [600/750] 2e86c494-953f-4b40-88bd-473d58f1bd4a: 45 datasets; 1.2 s; peak memory 1217 MiB.
2026-10-03T23:36:14Z INFO [600/750] 2e86c494-953f-4b40-88bd-473d58f1bd4a: checkpointed 69436 records.
2026-10-03T23:36:16Z INFO [601/750] 2e86e9e2-111e-4fc7-b0fc-7dadf844b61d: 66 datasets; 1.8 s; peak memory 1217 MiB.
2026-10-03T23:36:19Z INFO [602/750] 2e8975bf-6b2b-4f42-90c9-9fcae4d63316: 80 datasets; 2.7 s; peak memory 1217 MiB.
2026-10-03T23:36:23Z INFO [603/750] 2e8a0ed9-8c78-47e2-afaf-4fa8057783f3: 156 datasets; 4.0 s; peak memory 1217 MiB.
2026-10-03T23:36:24Z INFO [604/750] 2e8a937d-b303-4da9-9c8e-2873206de443: 48 datasets; 1.3 s; peak memory 1217 MiB.
2026-10-03T23:36:25Z INFO [605/750] 2e8b142c-b96b-4e0b-9e43-b7cb016d4b75: 46 datasets; 1.2 s; peak memory 1217 MiB.
2026-10-03T23:36:27Z INFO [606/750] 2e8c02d3-10aa-4664-b820-d5ef6366c6ab: 71 datasets; 2.1 s; peak memory 1217 MiB.
2026-10-03T23:37:39Z INFO [607/750] 2e8c2e17-434b-4b20-8e59-081982c59681: 58 datasets; 72.0 s; peak memory 1217 MiB.
2026-10-03T23:37:40Z INFO [608/750] 2e8d0432-c85c-4c2d-9d1e-2440604af5b0: 47 datasets; 1.1 s; peak memory 1217 MiB.
2026-10-03T23:37:47Z INFO [609/750] 2e8f4a28-d720-4445-bc2a-cfe5ede375e7: 229 datasets; 6.7 s; peak memory 1217 MiB.
2026-10-03T23:37:49Z INFO [610/750] 2e8f915c-33e4-4359-8673-d39f19fa55f4: 45 datasets; 1.6 s; peak memory 1217 MiB.
2026-10-03T23:37:50Z INFO [611/750] 2e8fe785-2e3b-4bf9-8308-dd61a40792f8: 48 datasets; 1.3 s; peak memory 1217 MiB.
2026-10-03T23:37:59Z INFO [612/750] 2e901c79-48cb-4987-bbef-50057ff774be: 807 datasets; 8.8 s; peak memory 1217 MiB.
2026-10-03T23:38:01Z INFO [613/750] 2e906c76-ebe4-4b9d-83e5-00baf1647aaa: 119 datasets; 2.4 s; peak memory 1217 MiB.
2026-10-03T23:38:02Z INFO [614/750] 2e90ac13-60ee-49b0-b3ee-ca184891537a: 48 datasets; 1.3 s; peak memory 1217 MiB.
2026-10-03T23:38:04Z INFO [615/750] 2e90bc80-3511-44aa-a51f-f21824cf50ff: 112 datasets; 1.8 s; peak memory 1217 MiB.
2026-10-03T23:38:15Z INFO [616/750] 2e90e6d1-7b53-4490-a83d-065868ef813a: 11477 datasets; 11.0 s; peak memory 1217 MiB.
2026-10-03T23:38:16Z INFO [617/750] 2e9163ee-8598-4513-8e6d-44176bec7dd5: 48 datasets; 1.3 s; peak memory 1217 MiB.
2026-10-03T23:38:18Z INFO [618/750] 2e91fab9-6541-476c-b6b0-b6da407a54e8: 116 datasets; 1.8 s; peak memory 1217 MiB.
2026-10-03T23:38:21Z INFO [619/750] 2e922c24-e676-432a-bead-3b9c87204a06: 90 datasets; 2.8 s; peak memory 1217 MiB.
2026-10-03T23:38:30Z INFO [620/750] 2e922ee3-3e31-4889-8bae-c187410fba1d: 139 datasets; 8.9 s; peak memory 1217 MiB.
2026-10-03T23:38:36Z INFO [621/750] 2e92bf93-9696-4645-8ace-b6eb2e6d6718: 323 datasets; 5.7 s; peak memory 1217 MiB.
2026-10-03T23:38:37Z INFO [622/750] 2e94a6b2-b676-4b5d-891a-0d30f17b5978: 118 datasets; 1.7 s; peak memory 1217 MiB.
2026-10-03T23:38:39Z INFO [623/750] 2e95acdf-4fde-42d8-9d64-ea92f29e36ff: 112 datasets; 1.9 s; peak memory 1217 MiB.
2026-10-03T23:38:45Z INFO [624/750] 2e96746e-b803-4a3e-8aff-05a520da443c: 229 datasets; 6.4 s; peak memory 1217 MiB.
2026-10-03T23:38:47Z INFO [625/750] 2e96d3c8-6fc4-492a-9a5c-e3c0fb8b7d1b: 68 datasets; 1.6 s; peak memory 1217 MiB.
2026-10-03T23:38:49Z INFO [626/750] 2e9903f5-9dd0-4820-b29a-dafe3f95d3c2: 62 datasets; 1.8 s; peak memory 1217 MiB.
2026-10-03T23:38:50Z INFO [627/750] 2e99c279-b5e5-4c6b-b93c-c56ce30202a9: 48 datasets; 1.4 s; peak memory 1217 MiB.
2026-10-03T23:39:02Z INFO [628/750] 2e9aad8a-aa68-4478-a3c5-d4d6e47b1780: 11485 datasets; 11.7 s; peak memory 1217 MiB.
2026-10-03T23:39:03Z INFO [629/750] 2e9b5f0e-8a1b-4205-b4ea-f688175f62d9: 62 datasets; 1.1 s; peak memory 1217 MiB.
2026-10-03T23:39:04Z INFO [630/750] 2e9bf43e-20c5-4342-a0f9-2f620d6ed02c: 48 datasets; 1.4 s; peak memory 1217 MiB.
2026-10-03T23:39:06Z INFO [631/750] 2e9d7646-df3e-44fe-a776-5ccb7ae01bd0: 51 datasets; 1.8 s; peak memory 1217 MiB.
2026-10-03T23:39:08Z INFO [632/750] 2e9dd198-55d0-4b0a-9a59-088648660cdc: 69 datasets; 1.8 s; peak memory 1217 MiB.
2026-10-03T23:39:09Z INFO [633/750] 2e9dd254-6575-4fe3-a0d7-45e9b89ff6d5: 57 datasets; 1.1 s; peak memory 1217 MiB.
2026-10-03T23:39:12Z INFO [634/750] 2e9ddea6-b8d0-4cea-a180-40de57076366: 101 datasets; 3.0 s; peak memory 1217 MiB.
2026-10-03T23:39:14Z INFO [635/750] 2e9eead4-7e78-4c61-84b3-ff501eb92ebc: 81 datasets; 2.3 s; peak memory 1217 MiB.
2026-10-03T23:39:17Z INFO [636/750] 2e9fd3d6-688f-4c30-b321-7abb7bf18c2b: 117 datasets; 2.9 s; peak memory 1217 MiB.
2026-10-03T23:39:20Z INFO [637/750] 2e9fec99-925f-4343-b742-8560b9eb5aeb: 118 datasets; 2.5 s; peak memory 1217 MiB.
2026-10-03T23:39:21Z INFO [638/750] 2ea03fab-87ab-4695-8d91-69858c6b64e3: 46 datasets; 0.9 s; peak memory 1217 MiB.
2026-10-03T23:39:23Z INFO [639/750] 2ea07369-dee9-4627-a79d-8d6470676d41: 70 datasets; 2.8 s; peak memory 1217 MiB.
2026-10-03T23:39:25Z INFO [640/750] 2ea0cf47-1211-4e62-a64a-027fe9d0bf4b: 66 datasets; 1.8 s; peak memory 1217 MiB.
2026-10-03T23:39:27Z INFO [641/750] 2ea181c3-c560-469a-b679-235ca52131b0: 117 datasets; 1.6 s; peak memory 1217 MiB.
2026-10-03T23:39:28Z INFO [642/750] 2ea2224c-2cfc-462f-804e-5f4f79775e45: 121 datasets; 1.3 s; peak memory 1217 MiB.
2026-10-03T23:39:44Z INFO [643/750] 2ea25daf-de2a-4ce4-96cd-43220b31409f: 421 datasets; 16.0 s; peak memory 1217 MiB.
2026-10-03T23:39:45Z INFO [644/750] 2ea26252-2997-4707-9a4c-8203f1aa14f5: 48 datasets; 1.4 s; peak memory 1217 MiB.
2026-10-03T23:39:47Z INFO [645/750] 2ea2c3d2-6c18-41b5-9b8a-841855dd9b8a: 52 datasets; 1.5 s; peak memory 1217 MiB.
2026-10-03T23:39:49Z INFO [646/750] 2ea37cd3-96a0-46db-ba39-91128694b359: 38 datasets; 1.9 s; peak memory 1217 MiB.
2026-10-03T23:39:50Z INFO [647/750] 2ea3eaab-be69-495a-9f09-9b5ec260633a: 41 datasets; 1.1 s; peak memory 1217 MiB.
2026-10-03T23:39:58Z INFO [648/750] 2ea571ae-1bfc-4790-afe8-275b3ae401f8: 298 datasets; 7.6 s; peak memory 1217 MiB.
2026-10-03T23:42:06Z INFO [649/750] 2ea67021-7dfb-4b26-8adf-4a9a6c2b2682: 449 datasets; 128.4 s; peak memory 1217 MiB.
2026-10-03T23:42:17Z INFO [650/750] 2ea6f5b6-e724-42f6-9677-30f6cac155df: 391 datasets; 11.0 s; peak memory 1217 MiB.
2026-10-03T23:42:17Z INFO [650/750] 2ea6f5b6-e724-42f6-9677-30f6cac155df: checkpointed 69486 records.
2026-10-03T23:42:19Z INFO [651/750] 2ea6fd18-2218-46e0-9259-e43d6edd4cea: 289 datasets; 2.0 s; peak memory 1217 MiB.
2026-10-03T23:42:26Z INFO [652/750] 2ea771b0-dc65-4269-8dd1-9c52c8823d7e: 200 datasets; 7.1 s; peak memory 1217 MiB.
2026-10-03T23:42:28Z INFO [653/750] 2ea804a2-33bc-4e41-83a7-9c0710fc0ddf: 79 datasets; 1.7 s; peak memory 1217 MiB.
2026-10-03T23:42:30Z INFO [654/750] 2ea8b013-6a36-4921-bbd4-86fa2d511036: 71 datasets; 2.2 s; peak memory 1217 MiB.
2026-10-03T23:42:31Z INFO [655/750] 2ea8f65f-ebff-44e6-a94d-ec905092b21d: 48 datasets; 1.2 s; peak memory 1217 MiB.
2026-10-03T23:42:33Z INFO [656/750] 2ea94c9c-8012-47ad-a7bf-b268984b658c: 109 datasets; 1.4 s; peak memory 1217 MiB.
2026-10-03T23:42:35Z INFO [657/750] 2ea9b8a4-7148-4674-9ffc-d605b0ad423b: 102 datasets; 2.3 s; peak memory 1217 MiB.
2026-10-03T23:42:37Z INFO [658/750] 2eaa696e-204c-48bb-9d41-815f1a0559a2: 112 datasets; 1.8 s; peak memory 1217 MiB.
2026-10-03T23:42:39Z INFO [659/750] 2eaa75b0-d01a-4770-94e2-d939f6ac548c: 72 datasets; 1.6 s; peak memory 1217 MiB.
2026-10-03T23:42:41Z INFO [660/750] 2eaa8478-acf2-4644-b3ad-7eb509dba44f: 71 datasets; 2.2 s; peak memory 1217 MiB.
2026-10-03T23:42:43Z INFO [661/750] 2eab4860-f591-47b1-abfd-54630a481b97: 110 datasets; 1.9 s; peak memory 1217 MiB.
2026-10-03T23:42:44Z INFO [662/750] 2eac2228-2ed9-4193-9f11-4aa76786b6c3: 48 datasets; 1.3 s; peak memory 1217 MiB.
2026-10-03T23:42:46Z INFO [663/750] 2ead4642-2918-4c2d-83a3-bd3bc33bfa1b: 118 datasets; 1.6 s; peak memory 1217 MiB.
2026-10-03T23:42:47Z INFO [664/750] 2eae9dc2-599e-438b-964c-7ae7f24aea9e: 48 datasets; 1.3 s; peak memory 1217 MiB.
2026-10-03T23:42:48Z INFO [665/750] 2eaec42c-5eb8-476d-8365-12b0901d4e57: 45 datasets; 1.1 s; peak memory 1217 MiB.
2026-10-03T23:42:49Z INFO [666/750] 2eaf2058-9ec6-4f95-96b1-00aee5649440: 46 datasets; 1.0 s; peak memory 1217 MiB.
2026-10-03T23:42:50Z INFO [667/750] 2eb00d42-1c3e-4f58-81ad-5d7e8b09efaa: 70 datasets; 1.6 s; peak memory 1217 MiB.
2026-10-03T23:42:53Z INFO [668/750] 2eb05a6b-73b6-4689-a824-fc6f3d916719: 115 datasets; 2.8 s; peak memory 1217 MiB.
2026-10-03T23:43:04Z INFO [669/750] 2eb11d36-532f-4aad-b2c5-145a3009f32e: 5044 datasets; 10.4 s; peak memory 1217 MiB.
2026-10-03T23:43:05Z INFO [670/750] 2eb1942f-d3c1-4f38-8bcc-d58d270d23c7: 46 datasets; 1.1 s; peak memory 1217 MiB.
2026-10-03T23:43:25Z INFO [671/750] 2eb211e8-b5a7-4ea8-9245-3321c7993ce1: 48 datasets; 19.9 s; peak memory 1217 MiB.
2026-10-03T23:43:26Z INFO [672/750] 2eb2301b-699b-46c7-a5fa-67d54d0206a7: 92 datasets; 1.4 s; peak memory 1217 MiB.
2026-10-03T23:43:28Z INFO [673/750] 2eb30919-9ce4-41cf-bf83-cb26695e6020: 69 datasets; 1.5 s; peak memory 1217 MiB.
2026-10-03T23:43:30Z INFO [674/750] 2eb30ea5-8cc5-4f51-be76-023013118617: 119 datasets; 2.4 s; peak memory 1217 MiB.
2026-10-03T23:43:32Z INFO [675/750] 2eb395bd-2528-45ef-a2e7-92ca7db61dc0: 116 datasets; 1.5 s; peak memory 1217 MiB.
2026-10-03T23:45:57Z INFO [676/750] 2eb3fc4b-df12-4e8d-b745-44d6ffd73675: 99 datasets; 144.9 s; peak memory 1217 MiB.
2026-10-03T23:46:03Z INFO [677/750] 2eb40a77-3c81-4ac2-896a-abf560dfcd5a: 196 datasets; 6.6 s; peak memory 1217 MiB.
2026-10-03T23:46:06Z INFO [678/750] 2eb46225-13f0-48d5-86ff-434bffc66005: 152 datasets; 2.9 s; peak memory 1217 MiB.
2026-10-03T23:46:18Z INFO [679/750] 2eb59def-5f29-4380-83a3-70e4085b0eaf: 782 datasets; 11.7 s; peak memory 1217 MiB.
2026-10-03T23:46:19Z INFO [680/750] 2eb7e965-3ab5-4ed6-8293-0095d88db98b: 48 datasets; 1.3 s; peak memory 1217 MiB.
2026-10-03T23:46:21Z INFO [681/750] 2eb94bbe-4f9b-4962-8f2e-60eb227b64f4: 71 datasets; 2.0 s; peak memory 1217 MiB.
2026-10-03T23:46:23Z INFO [682/750] 2eb98413-4050-40a6-ae93-b4970f925d39: 112 datasets; 2.1 s; peak memory 1217 MiB.
2026-10-03T23:46:31Z INFO [683/750] 2eb98789-3f3a-4579-9737-c528aed9e323: 688 datasets; 8.1 s; peak memory 1217 MiB.
2026-10-03T23:46:34Z INFO [684/750] 2eba6bd5-52ee-42af-8777-1d165b736518: 38 datasets; 2.7 s; peak memory 1217 MiB.
2026-10-03T23:46:35Z INFO [685/750] 2ebad590-0556-4c8f-88ec-3226f489239c: 85 datasets; 1.5 s; peak memory 1217 MiB.
2026-10-03T23:46:43Z INFO [686/750] 2ebaf47f-3287-40fe-9613-46eb75ff0837: 200 datasets; 7.1 s; peak memory 1217 MiB.
2026-10-03T23:46:44Z INFO [687/750] 2ebb03f7-2994-4f6c-b70d-9c8d53f711c2: 50 datasets; 1.1 s; peak memory 1217 MiB.
2026-10-03T23:46:45Z INFO [688/750] 2ebb054a-52fb-4139-b148-ba5264595b36: 41 datasets; 1.2 s; peak memory 1217 MiB.
2026-10-03T23:46:46Z INFO [689/750] 2ebc6efa-0eba-4e0a-a9b6-c91f5ddcae20: 117 datasets; 1.6 s; peak memory 1217 MiB.
2026-10-03T23:46:48Z INFO [690/750] 2ebc825a-a723-4f23-96b8-d6bbe7844e32: 118 datasets; 1.7 s; peak memory 1217 MiB.
2026-10-03T23:47:00Z INFO [691/750] 2ebd7006-dcbd-4cce-ae7c-05686cbe35dd: 1178 datasets; 12.4 s; peak memory 1217 MiB.
2026-10-03T23:47:08Z INFO [692/750] 2ebd9aab-247b-4e9b-b971-f275549792b1: 538 datasets; 7.7 s; peak memory 1217 MiB.
2026-10-03T23:47:09Z INFO [693/750] 2ebe05b6-80f9-44b4-9692-0d8f3adeaa95: 48 datasets; 1.3 s; peak memory 1217 MiB.
2026-10-03T23:47:11Z INFO [694/750] 2ebe19fa-0e9b-451e-8e21-5006c08bd040: 62 datasets; 1.8 s; peak memory 1217 MiB.
2026-10-03T23:47:13Z INFO [695/750] 2ebee549-44f5-4df3-abfc-f483df8e69fd: 48 datasets; 1.3 s; peak memory 1217 MiB.
2026-10-03T23:47:18Z INFO [696/750] 2ebee7dd-5b25-48d9-a1d1-5bb954cbb11a: 229 datasets; 5.9 s; peak memory 1217 MiB.
2026-10-03T23:47:20Z INFO [697/750] 2ebf481c-0e5b-420e-af69-e53c1285b239: 117 datasets; 1.6 s; peak memory 1217 MiB.
2026-10-03T23:47:22Z INFO [698/750] 2ec0d019-0a1f-4570-908b-f709775e1ac9: 51 datasets; 1.7 s; peak memory 1217 MiB.
2026-10-03T23:47:24Z INFO [699/750] 2ec0ec38-f026-4b07-9d0a-7496c35da831: 66 datasets; 2.3 s; peak memory 1217 MiB.
2026-10-03T23:47:26Z INFO [700/750] 2ec0fcfe-0e7b-49cf-987e-362d16d9b0bc: 118 datasets; 1.5 s; peak memory 1217 MiB.
2026-10-03T23:47:26Z INFO [700/750] 2ec0fcfe-0e7b-49cf-987e-362d16d9b0bc: checkpointed 69536 records.
2026-10-03T23:47:29Z INFO [701/750] 2ec20fb3-dbe3-4d2d-b1d9-4e351bb37890: 154 datasets; 2.8 s; peak memory 1217 MiB.
2026-10-03T23:47:31Z INFO [702/750] 2ec4449c-3371-4bc7-8399-6f19f426c59a: 115 datasets; 2.8 s; peak memory 1217 MiB.
2026-10-03T23:47:36Z INFO [703/750] 2ec66f44-db65-4a98-bf42-217c483f147b: 206 datasets; 4.3 s; peak memory 1217 MiB.
2026-10-03T23:47:37Z INFO [704/750] 2ec742af-e8b0-4137-a592-2a1cc1e7f1c6: 48 datasets; 1.3 s; peak memory 1217 MiB.
2026-10-03T23:47:39Z INFO [705/750] 2ec7f135-cde7-423c-986c-5a9fe746e985: 69 datasets; 1.9 s; peak memory 1217 MiB.
2026-10-03T23:47:40Z INFO [706/750] 2ec85010-c08e-4388-bb90-1bed9b88ade6: 38 datasets; 1.2 s; peak memory 1217 MiB.
2026-10-03T23:47:46Z INFO [707/750] 2ec85658-b25c-4eeb-96de-c9af8330822a: 174 datasets; 5.8 s; peak memory 1217 MiB.
2026-10-03T23:47:48Z INFO [708/750] 2ec8c26b-fcd8-4a1b-9b5a-7a399850bb62: 289 datasets; 2.1 s; peak memory 1217 MiB.
2026-10-03T23:47:50Z INFO [709/750] 2ec8f592-9a1f-43ab-ae04-d6737570a80a: 84 datasets; 1.5 s; peak memory 1217 MiB.
2026-10-03T23:48:05Z INFO [710/750] 2ec989d3-b6a0-41a5-bce1-f7ca9e1a23c8: 1177 datasets; 15.2 s; peak memory 1217 MiB.
2026-10-03T23:48:06Z INFO [711/750] 2ec9c020-3e6d-433a-9120-8749101be3cf: 118 datasets; 1.7 s; peak memory 1217 MiB.
2026-10-03T23:48:08Z INFO [712/750] 2eca04b6-f056-4aea-a310-b3b07f313566: 118 datasets; 1.4 s; peak memory 1217 MiB.
2026-10-03T23:48:09Z INFO [713/750] 2ecac856-697e-463b-b5da-8c8b061104eb: 62 datasets; 1.4 s; peak memory 1217 MiB.
2026-10-03T23:48:16Z INFO [714/750] 2ecaec3c-5333-42ef-a383-81c9719ce586: 257 datasets; 6.9 s; peak memory 1217 MiB.
2026-10-03T23:48:18Z INFO [715/750] 2eccc862-dfe9-4b16-ac47-49039bfa7888: 111 datasets; 1.6 s; peak memory 1217 MiB.
2026-10-03T23:48:19Z INFO [716/750] 2ece73cd-d2b5-4e3d-a285-2796635f4714: 117 datasets; 1.5 s; peak memory 1217 MiB.
2026-10-03T23:48:21Z INFO [717/750] 2ece8e62-b83d-4dae-b637-707367e6c320: 48 datasets; 1.3 s; peak memory 1217 MiB.
2026-10-03T23:48:45Z INFO [718/750] 2ed06f36-517a-4847-975c-281b4ec97671: 3295 datasets; 24.7 s; peak memory 1217 MiB.
2026-10-03T23:48:47Z INFO [719/750] 2ed0ee8e-2011-4646-9d01-fa165ef97c83: 112 datasets; 1.9 s; peak memory 1217 MiB.
2026-10-03T23:48:48Z INFO [720/750] 2ed13956-fc78-4409-b123-d9f561e1a2cd: 48 datasets; 1.3 s; peak memory 1217 MiB.
2026-10-03T23:49:01Z INFO [721/750] 2ed14e18-fc15-472f-a8bf-3cd7c69db8ad: 106 datasets; 12.3 s; peak memory 1217 MiB.
2026-10-03T23:49:09Z INFO [722/750] 2ed2b1ca-5547-4cb3-b4f3-17434a71f90a: 56 datasets; 8.0 s; peak memory 1217 MiB.
2026-10-03T23:49:11Z INFO [723/750] 2ed2e554-a350-448a-baeb-2a2fd2f0983f: 152 datasets; 2.0 s; peak memory 1217 MiB.
2026-10-03T23:49:12Z INFO [724/750] 2ed37b79-f2b7-4e2b-aeeb-48856df4934c: 37 datasets; 1.0 s; peak memory 1217 MiB.
2026-10-03T23:49:14Z INFO [725/750] 2ed3ed60-b07b-4f9d-8153-16963cec172d: 112 datasets; 1.8 s; peak memory 1217 MiB.
2026-10-03T23:49:15Z INFO [726/750] 2ed53bc7-245d-4e25-a016-4598c17630f1: 45 datasets; 1.1 s; peak memory 1217 MiB.
2026-10-03T23:49:35Z INFO [727/750] 2ed5c456-2614-4ca8-b091-68aaae4b9da6: 48 datasets; 20.8 s; peak memory 1217 MiB.
2026-10-03T23:49:37Z INFO [728/750] 2ed5f227-cb1a-41b2-bc0b-6591f4758cc9: 38 datasets; 1.2 s; peak memory 1217 MiB.
2026-10-03T23:49:38Z INFO [729/750] 2ed63fa0-0e1e-410d-b96d-eeac8ddf513a: 48 datasets; 1.3 s; peak memory 1217 MiB.
2026-10-03T23:49:43Z INFO [730/750] 2ed64b20-dcbd-4179-a6f4-ed804a831e83: 244 datasets; 5.5 s; peak memory 1217 MiB.
2026-10-03T23:49:47Z INFO [731/750] 2ed6938e-b7f0-4741-82ff-e24db9407138: 156 datasets; 3.5 s; peak memory 1217 MiB.
2026-10-03T23:49:49Z INFO [732/750] 2ed6db19-fadd-4262-a1a4-c6398c0fca08: 112 datasets; 1.7 s; peak memory 1217 MiB.
2026-10-03T23:49:50Z INFO [733/750] 2ed6e6bd-6020-4bfb-b786-bc8b6e39f742: 45 datasets; 1.0 s; peak memory 1217 MiB.
2026-10-03T23:49:51Z INFO [734/750] 2ed76e4a-59b2-4183-b636-e490e3dc3f21: 110 datasets; 1.9 s; peak memory 1217 MiB.
2026-10-03T23:49:53Z INFO [735/750] 2ed80fa9-06d0-47ae-be0d-834ba1124369: 56 datasets; 1.7 s; peak memory 1217 MiB.
2026-10-03T23:49:54Z INFO [736/750] 2ed84c75-1921-484c-bea9-90637ca35632: 48 datasets; 1.3 s; peak memory 1217 MiB.
2026-10-03T23:50:15Z INFO [737/750] 2ed9ca5e-f95c-4caa-8db8-26183e5e7971: 1256 datasets; 20.1 s; peak memory 1217 MiB.
2026-10-03T23:50:18Z INFO [738/750] 2ed9cf2d-626d-4248-bf1b-70e2f1610c8a: 156 datasets; 3.9 s; peak memory 1217 MiB.
2026-10-03T23:50:21Z INFO [739/750] 2edaa27c-2ede-4f7e-a2b2-c2d5ac7e5040: 119 datasets; 2.4 s; peak memory 1217 MiB.
2026-10-03T23:50:32Z INFO [740/750] 2edabbe6-2ab7-4122-8be3-4c481a5e0a6d: 707 datasets; 11.1 s; peak memory 1217 MiB.
2026-10-03T23:50:34Z INFO [741/750] 2edae55b-2505-4288-b9bd-aab705c06978: 119 datasets; 2.4 s; peak memory 1217 MiB.
2026-10-03T23:50:35Z INFO [742/750] 2edb257c-7405-403f-894e-ace9397bce95: 33 datasets; 1.0 s; peak memory 1217 MiB.
2026-10-03T23:50:37Z INFO [743/750] 2edb8306-0e0a-48f6-94d7-21df4dbb89ba: 71 datasets; 2.1 s; peak memory 1217 MiB.
2026-10-03T23:50:39Z INFO [744/750] 2edd4604-d521-48c7-bd26-fa7a51707ca6: 112 datasets; 1.8 s; peak memory 1217 MiB.
2026-10-03T23:50:41Z INFO [745/750] 2edf5ed2-f43c-4513-9eab-2430ceb82f99: 70 datasets; 1.8 s; peak memory 1217 MiB.
2026-10-03T23:50:43Z INFO [746/750] 2ee09467-dfcf-43f6-be4b-dc888a298a52: 71 datasets; 2.0 s; peak memory 1217 MiB.
2026-10-03T23:50:45Z INFO [747/750] 2ee120e9-f09d-4bd7-b749-f9c10ab1d191: 117 datasets; 1.5 s; peak memory 1217 MiB.
2026-10-03T23:50:46Z INFO [748/750] 2ee1932f-9fe8-48cc-8565-da6da232576c: 52 datasets; 1.3 s; peak memory 1217 MiB.
2026-10-03T23:50:49Z INFO [749/750] 2ee24369-1e20-495f-a6e4-fe5887e963d1: 163 datasets; 3.5 s; peak memory 1217 MiB.
2026-10-03T23:50:50Z INFO [750/750] 2ee2d759-1a2c-45fc-97be-686a60595818: 46 datasets; 1.0 s; peak memory 1217 MiB.
2026-10-03T23:50:51Z INFO [750/750] 2ee2d759-1a2c-45fc-97be-686a60595818: checkpointed 69586 records.
2026-10-03T23:50:51Z INFO Wrote 69586 records to /tmp/derivatives/valid_nwb_file_to_number_of_datasets.jsonl (750 new, 0 failed) in 159.8 min (peak memory 1217 MiB).
