2026-10-10T19:06:25Z INFO Logging to /tmp/logs/update_2026-10-10T19-06-25Z.log.
2026-10-10T19:06:25Z INFO Update valid-nwb-file-to-number-of-datasets (base directory /tmp).
2026-10-10T19:06:25Z INFO Processing 750 items (120585 already recorded).
2026-10-10T19:06:27Z INFO [1/750] 989eda95-6f56-427e-9d91-98d67664a9b5: 48 datasets; 1.4 s; peak memory 122 MiB.
2026-10-10T19:06:28Z INFO [2/750] 98a0292d-cf72-43a4-a15e-9136501cd121: 116 datasets; 1.0 s; peak memory 125 MiB.
2026-10-10T19:06:34Z INFO [3/750] 98a062f4-3d89-4141-b3e2-bd9dddeaece4: 108 datasets; 6.6 s; peak memory 150 MiB.
2026-10-10T19:06:40Z INFO [4/750] 98a2aa8f-0915-479c-b39b-e67598d29ab0: 446 datasets; 6.1 s; peak memory 150 MiB.
2026-10-10T19:06:41Z INFO [5/750] 98a32f9a-ad6b-455e-a6b7-6964c6f474f8: 48 datasets; 0.8 s; peak memory 151 MiB.
2026-10-10T19:06:42Z INFO [6/750] 98a3a56b-6613-4834-814b-0e1dcd5e8387: 68 datasets; 1.1 s; peak memory 151 MiB.
2026-10-10T19:06:44Z INFO [7/750] 98a3ac2c-b030-42cc-a5e7-61ccb3ec83d9: 90 datasets; 2.1 s; peak memory 151 MiB.
2026-10-10T19:06:46Z INFO [8/750] 98a3ae36-61df-49ef-8059-7166d892efe4: 112 datasets; 1.4 s; peak memory 151 MiB.
2026-10-10T19:06:47Z INFO [9/750] 98a3bd30-2f36-4e08-88a6-d0ccff10130e: 41 datasets; 0.9 s; peak memory 151 MiB.
2026-10-10T19:06:51Z INFO [10/750] 98a49f28-b533-43fc-8e89-017e2f930a5c: 231 datasets; 4.2 s; peak memory 151 MiB.
2026-10-10T19:06:52Z INFO [11/750] 98a4be4b-4453-4f1b-9d4b-0991a6d3969a: 52 datasets; 1.1 s; peak memory 151 MiB.
2026-10-10T19:12:44Z INFO [12/750] 98a50dda-ca38-4067-a191-c27759988d0d: 99 datasets; 352.0 s; peak memory 1095 MiB.
2026-10-10T19:12:50Z INFO [13/750] 98a540b4-8408-4349-a76b-cebcb7ac1199: 941 datasets; 6.5 s; peak memory 1095 MiB.
2026-10-10T19:13:06Z INFO [14/750] 98a55d89-b68c-4f0b-aae2-9ff4c8d71459: 48 datasets; 15.8 s; peak memory 1095 MiB.
2026-10-10T19:13:21Z INFO [15/750] 98a6287c-d8dd-4440-9cf2-f86e9fbc20f5: 48 datasets; 14.5 s; peak memory 1095 MiB.
2026-10-10T19:13:22Z INFO [16/750] 98a636ac-3a00-4d2e-a9fc-0b95bae7f7c3: 33 datasets; 0.8 s; peak memory 1095 MiB.
2026-10-10T19:13:23Z INFO [17/750] 98a6e158-ab78-47fd-aa9c-c6d927027d64: 112 datasets; 1.2 s; peak memory 1095 MiB.
2026-10-10T19:13:24Z INFO [18/750] 98a70484-0ba5-4fcc-a82a-7c086b3f5630: 110 datasets; 1.4 s; peak memory 1095 MiB.
2026-10-10T19:13:25Z INFO [19/750] 98a7c174-a580-44d9-bab2-513b9beacaf4: 62 datasets; 1.0 s; peak memory 1095 MiB.
2026-10-10T19:13:26Z INFO [20/750] 98a9488e-1fa4-45cc-bd84-fc6396a7ffa1: 112 datasets; 0.9 s; peak memory 1095 MiB.
2026-10-10T19:13:28Z INFO [21/750] 98aa087a-2559-4eca-8608-dd1a87389e2c: 112 datasets; 1.6 s; peak memory 1095 MiB.
2026-10-10T19:13:28Z INFO [22/750] 98aa4126-a8d5-4b7c-97f8-3f1f3b8d3d95: 48 datasets; 0.8 s; peak memory 1095 MiB.
2026-10-10T19:13:30Z INFO [23/750] 98aa791c-8296-41ec-8d06-c5fa936b6dc0: 66 datasets; 1.2 s; peak memory 1095 MiB.
2026-10-10T19:13:30Z INFO [24/750] 98aae4c7-aed2-4c87-be7b-b973e2a46433: 48 datasets; 0.8 s; peak memory 1095 MiB.
2026-10-10T19:13:31Z INFO [25/750] 98ab24a2-63b3-45e0-893f-b5739ac3dcf7: 35 datasets; 0.6 s; peak memory 1095 MiB.
2026-10-10T19:13:42Z INFO [26/750] 98ab60db-f08a-487a-93d5-616c93ae3772: 485 datasets; 11.2 s; peak memory 1095 MiB.
2026-10-10T19:13:43Z INFO [27/750] 98abab86-d371-4128-9beb-e10de2641ce0: 48 datasets; 0.7 s; peak memory 1095 MiB.
2026-10-10T19:13:44Z INFO [28/750] 98ac4bfe-8afe-47c6-940d-fe40c3b23952: 117 datasets; 1.0 s; peak memory 1095 MiB.
2026-10-10T19:13:45Z INFO [29/750] 98ac62a7-c188-475b-b3bd-16a434303c70: 48 datasets; 0.9 s; peak memory 1095 MiB.
2026-10-10T19:13:47Z INFO [30/750] 98ad5d05-c9fa-4b40-93e6-3da47b19ec30: 115 datasets; 2.1 s; peak memory 1095 MiB.
2026-10-10T19:13:48Z INFO [31/750] 98ada457-c2bf-45e0-8005-726edb88cf10: 66 datasets; 1.3 s; peak memory 1095 MiB.
2026-10-10T19:13:49Z INFO [32/750] 98adae34-9ad5-4b59-9ec4-c8991f1dbd70: 112 datasets; 1.1 s; peak memory 1095 MiB.
2026-10-10T19:13:50Z INFO [33/750] 98af98f7-2d1f-4d50-b39e-d46c8bd804e0: 48 datasets; 0.8 s; peak memory 1095 MiB.
2026-10-10T19:13:51Z INFO [34/750] 98b06589-9f77-4f3d-a104-bcb4594d24e0: 48 datasets; 0.8 s; peak memory 1095 MiB.
2026-10-10T19:13:51Z INFO [35/750] 98b07139-d5b9-4fc3-b8f5-70025bfc70d4: 46 datasets; 0.6 s; peak memory 1095 MiB.
2026-10-10T19:13:53Z INFO [36/750] 98b0e5fe-d40c-4300-ae8a-f90122ba88f4: 117 datasets; 1.9 s; peak memory 1095 MiB.
2026-10-10T19:13:54Z INFO [37/750] 98b1e74a-c74b-4aa6-82a0-ee028caac687: 117 datasets; 0.8 s; peak memory 1095 MiB.
2026-10-10T19:13:55Z INFO [38/750] 98b2376f-ca90-4a80-ba01-9c2c0e606031: 112 datasets; 1.1 s; peak memory 1095 MiB.
2026-10-10T19:14:55Z INFO [39/750] 98b25cb1-310c-45f7-97cc-669fce2057b7: 67 datasets; 60.1 s; peak memory 1095 MiB.
2026-10-10T19:14:59Z INFO [40/750] 98b2bc4e-53a0-432f-9b9b-6ad35dda4a17: 54 datasets; 3.9 s; peak memory 1095 MiB.
2026-10-10T19:15:00Z INFO [41/750] 98b3085f-511c-4eaa-bf79-42e67eba58f4: 49 datasets; 1.2 s; peak memory 1095 MiB.
2026-10-10T19:15:01Z INFO [42/750] 98b312c7-17fb-443b-a7c3-23152de15b1b: 48 datasets; 0.9 s; peak memory 1095 MiB.
2026-10-10T19:15:06Z INFO [43/750] 98b3be21-72fc-4bb5-967f-b6239eb61cf1: 534 datasets; 4.5 s; peak memory 1095 MiB.
2026-10-10T19:15:07Z INFO [44/750] 98b460f4-81ff-420a-b5d7-78164beedbcc: 62 datasets; 0.8 s; peak memory 1095 MiB.
2026-10-10T19:15:08Z INFO [45/750] 98b49989-ad0e-4695-bda6-f279041a34ae: 66 datasets; 1.3 s; peak memory 1095 MiB.
2026-10-10T19:15:09Z INFO [46/750] 98b5211a-b583-4b59-b041-c737db88b2f3: 41 datasets; 0.8 s; peak memory 1095 MiB.
2026-10-10T19:15:14Z INFO [47/750] 98b5db8c-f362-4dfa-914f-72ebf2790037: 339 datasets; 5.3 s; peak memory 1095 MiB.
2026-10-10T19:15:25Z INFO [48/750] 98b615c5-95b8-4cd9-9e6c-8bfc595e8e29: 49 datasets; 10.9 s; peak memory 1095 MiB.
2026-10-10T19:16:54Z INFO [49/750] 98b6197e-cfd7-47e9-acd5-c17c0ddf4c32: 167 datasets; 89.1 s; peak memory 1095 MiB.
2026-10-10T19:16:55Z INFO [50/750] 98b762ec-829b-401b-9e80-b00aa10cfb7c: 117 datasets; 1.0 s; peak memory 1095 MiB.
2026-10-10T19:16:55Z INFO [50/750] 98b762ec-829b-401b-9e80-b00aa10cfb7c: checkpointed 120635 new records.
2026-10-10T19:17:05Z INFO [51/750] 98b8bfb5-511e-4e1f-b807-85d8974ef5ea: 1293 datasets; 10.0 s; peak memory 1095 MiB.
2026-10-10T19:17:06Z INFO [52/750] 98b9c548-badf-4d7b-aaf7-d3582f8c9d6f: 47 datasets; 0.8 s; peak memory 1095 MiB.
2026-10-10T19:17:08Z INFO [53/750] 98bb6457-cdf9-4725-a5ba-ae10c62b1d1c: 112 datasets; 1.4 s; peak memory 1095 MiB.
2026-10-10T19:18:39Z INFO [54/750] 98bb7f83-1923-4288-a641-b98880cc4a1d: 167 datasets; 91.3 s; peak memory 1095 MiB.
2026-10-10T19:18:40Z INFO [55/750] 98bc26e6-0e94-4555-b3c7-778dda3e624c: 116 datasets; 1.0 s; peak memory 1095 MiB.
2026-10-10T19:18:41Z INFO [56/750] 98be6f43-1387-41fd-bcc0-570091feb075: 52 datasets; 1.1 s; peak memory 1095 MiB.
2026-10-10T19:18:45Z INFO [57/750] 98bec1ab-ce91-4070-88e5-c1b65c0eb61b: 223 datasets; 4.0 s; peak memory 1095 MiB.
2026-10-10T19:18:46Z INFO [58/750] 98bf31f6-b419-498d-84b6-5409a0c1530c: 35 datasets; 0.6 s; peak memory 1095 MiB.
2026-10-10T19:18:47Z INFO [59/750] 98bf5507-1990-46e5-bf63-6ca7846e9874: 62 datasets; 1.1 s; peak memory 1095 MiB.
2026-10-10T19:18:48Z INFO [60/750] 98bfb156-e583-4b2f-a357-6f984d4d4b14: 62 datasets; 1.3 s; peak memory 1095 MiB.
2026-10-10T19:18:49Z INFO [61/750] 98c00034-8a99-42cb-a9d6-7361e1c9f9d2: 114 datasets; 0.9 s; peak memory 1095 MiB.
2026-10-10T19:18:50Z INFO [62/750] 98c14bbe-babd-4b1c-9052-6d6a37d01479: 64 datasets; 1.2 s; peak memory 1095 MiB.
2026-10-10T19:18:51Z INFO [63/750] 98c16620-63bb-49a3-8b52-9f4e88d46a9c: 112 datasets; 1.1 s; peak memory 1095 MiB.
2026-10-10T19:18:53Z INFO [64/750] 98c1816f-8793-41a0-a30a-e22195e01d53: 110 datasets; 1.3 s; peak memory 1095 MiB.
2026-10-10T19:18:59Z INFO [65/750] 98c19581-866b-469b-a954-d419c8275200: 1006 datasets; 6.3 s; peak memory 1095 MiB.
2026-10-10T19:19:00Z INFO [66/750] 98c312e8-225a-4a6f-86bd-fb593978de75: 116 datasets; 0.9 s; peak memory 1095 MiB.
2026-10-10T19:19:01Z INFO [67/750] 98c374f7-fbac-4a98-a682-976e5141f9ba: 84 datasets; 1.1 s; peak memory 1095 MiB.
2026-10-10T19:19:06Z INFO [68/750] 98c3ea7b-ba96-42b0-9c87-dfe25c57077f: 196 datasets; 4.8 s; peak memory 1095 MiB.
2026-10-10T19:19:07Z INFO [69/750] 98c405a4-db2c-425e-bb02-5d92174987d5: 48 datasets; 0.8 s; peak memory 1095 MiB.
2026-10-10T19:19:08Z INFO [70/750] 98c46e12-f90f-4286-b1c2-15acdc057e25: 128 datasets; 1.4 s; peak memory 1095 MiB.
2026-10-10T19:19:09Z INFO [71/750] 98c47801-b05c-48c4-a13d-60b2208a3b5e: 46 datasets; 0.9 s; peak memory 1095 MiB.
2026-10-10T19:19:10Z INFO [72/750] 98c5b9ab-da35-40dd-8753-f765544cb61b: 48 datasets; 0.9 s; peak memory 1095 MiB.
2026-10-10T19:19:11Z INFO [73/750] 98c64c93-7734-45cd-a311-37be0e980f46: 48 datasets; 0.8 s; peak memory 1095 MiB.
2026-10-10T19:19:13Z INFO [74/750] 98c6995f-3736-4b9a-b1b4-d658d9f19392: 107 datasets; 1.9 s; peak memory 1095 MiB.
2026-10-10T19:19:14Z INFO [75/750] 98c74122-b69d-4e10-8201-7e2af1aa6252: 48 datasets; 1.0 s; peak memory 1095 MiB.
2026-10-10T19:19:17Z INFO [76/750] 98c7753a-1430-4f52-a533-c6b3172bb056: 133 datasets; 2.9 s; peak memory 1095 MiB.
2026-10-10T19:19:19Z INFO [77/750] 98caafc2-3049-430f-adce-ba9dfa1681f0: 156 datasets; 2.4 s; peak memory 1095 MiB.
2026-10-10T19:19:20Z INFO [78/750] 98cb3fc9-1a25-4eab-9f9b-f947b7120295: 112 datasets; 1.2 s; peak memory 1095 MiB.
2026-10-10T19:19:21Z INFO [79/750] 98cc1cb6-46ec-4d82-9d41-357329744967: 117 datasets; 0.8 s; peak memory 1095 MiB.
2026-10-10T19:19:26Z INFO [80/750] 98cdbcac-e8ab-43a5-8165-23577e5d9f00: 1492 datasets; 4.7 s; peak memory 1095 MiB.
2026-10-10T19:19:27Z INFO [81/750] 98cf1c8a-e422-45d2-8456-771aa6b3cbe5: 72 datasets; 1.2 s; peak memory 1095 MiB.
2026-10-10T19:19:28Z INFO [82/750] 98cfbf7d-3bab-45f6-9205-b07c3ada57d9: 117 datasets; 1.0 s; peak memory 1095 MiB.
2026-10-10T19:19:33Z INFO [83/750] 98d16284-7bba-4d78-977f-abd3db2d0b12: 617 datasets; 5.4 s; peak memory 1095 MiB.
2026-10-10T19:19:34Z INFO [84/750] 98d1a5d2-6112-4586-87be-4514b5560a24: 48 datasets; 0.8 s; peak memory 1095 MiB.
2026-10-10T19:19:36Z INFO [85/750] 98d2452e-d03d-4573-84bf-13d1cabc0925: 90 datasets; 2.1 s; peak memory 1095 MiB.
2026-10-10T19:19:37Z INFO [86/750] 98d2b6fd-db56-4319-ab7d-81fb9de49276: 46 datasets; 0.6 s; peak memory 1095 MiB.
2026-10-10T19:19:38Z INFO [87/750] 98d36ad3-004e-4368-9ab5-33ca89aedb23: 64 datasets; 1.5 s; peak memory 1095 MiB.
2026-10-10T19:19:39Z INFO [88/750] 98d59d05-4ea2-4e64-8dde-10c530ba7a26: 66 datasets; 1.0 s; peak memory 1095 MiB.
2026-10-10T19:19:40Z INFO [89/750] 98d5b4f5-90a8-4096-bd0e-d1712c5db5ad: 48 datasets; 0.8 s; peak memory 1095 MiB.
2026-10-10T19:19:41Z INFO [90/750] 98d5f25b-e926-46e7-99d8-33627b1ee1f9: 116 datasets; 1.0 s; peak memory 1095 MiB.
2026-10-10T19:19:43Z INFO [91/750] 98d7b163-0e03-4daf-926c-8d028adf8764: 85 datasets; 2.3 s; peak memory 1095 MiB.
2026-10-10T19:19:45Z INFO [92/750] 98d7ee5b-a64f-4981-9d56-8790762bade4: 85 datasets; 1.2 s; peak memory 1095 MiB.
2026-10-10T19:19:45Z INFO [93/750] 98d8a2ae-5ddb-4190-8039-07769749a3e0: 117 datasets; 1.0 s; peak memory 1095 MiB.
2026-10-10T19:19:46Z INFO [94/750] 98d987b9-ba60-481b-a2f1-fca9268ebde1: 48 datasets; 0.7 s; peak memory 1095 MiB.
2026-10-10T19:19:47Z INFO [95/750] 98d9a672-6544-45cd-aed4-3d2e003f2491: 66 datasets; 1.1 s; peak memory 1095 MiB.
2026-10-10T19:19:56Z INFO [96/750] 98da1d69-73da-41bd-870c-d05d7bc514da: 44 datasets; 8.9 s; peak memory 1095 MiB.
2026-10-10T19:19:57Z INFO [97/750] 98da25fa-9a96-484a-947c-6eaeffca2487: 48 datasets; 0.9 s; peak memory 1095 MiB.
2026-10-10T19:19:59Z INFO [98/750] 98da3199-b90d-4c25-b287-38772d9e580a: 156 datasets; 2.2 s; peak memory 1095 MiB.
2026-10-10T19:20:00Z INFO [99/750] 98dab313-077c-4a24-ac2f-3cf9681c99d4: 116 datasets; 0.9 s; peak memory 1095 MiB.
2026-10-10T19:20:03Z INFO [100/750] 98daf432-e547-4fe4-8260-3b7d091ab217: 71 datasets; 2.7 s; peak memory 1095 MiB.
2026-10-10T19:20:03Z INFO [100/750] 98daf432-e547-4fe4-8260-3b7d091ab217: checkpointed 120685 new records.
2026-10-10T19:20:06Z INFO [101/750] 98dbe961-2dff-4894-b04a-c5b9782f0331: 156 datasets; 2.8 s; peak memory 1095 MiB.
2026-10-10T19:20:08Z INFO [102/750] 98dc77e0-05cc-4714-bd83-f4cee9d10bbd: 156 datasets; 2.3 s; peak memory 1095 MiB.
2026-10-10T19:20:09Z INFO [103/750] 98dd645f-6ed1-4ab3-86b1-385668a0b172: 48 datasets; 0.8 s; peak memory 1095 MiB.
2026-10-10T19:20:10Z INFO [104/750] 98de839e-8ff1-4b5a-b27e-15f7dd734b91: 52 datasets; 0.9 s; peak memory 1095 MiB.
2026-10-10T19:20:11Z INFO [105/750] 98dea234-7fe6-4ba5-9624-6debb84224f8: 112 datasets; 1.2 s; peak memory 1095 MiB.
2026-10-10T19:20:12Z INFO [106/750] 98df1f13-869b-4b3b-b099-978c836efb45: 48 datasets; 0.7 s; peak memory 1095 MiB.
2026-10-10T19:20:12Z INFO [107/750] 98df7eca-868f-4731-a2f0-d10f3896dd26: 46 datasets; 0.6 s; peak memory 1095 MiB.
2026-10-10T19:20:13Z INFO [108/750] 98e05080-2fee-4b33-9ae5-36de155e743b: 48 datasets; 0.8 s; peak memory 1095 MiB.
2026-10-10T19:21:57Z INFO [109/750] 98e05c8a-70f5-4866-bebc-4cf424d7b4a3: 441 datasets; 104.3 s; peak memory 1095 MiB.
2026-10-10T19:22:01Z INFO [110/750] 98e06d2b-2e27-4cb9-9eb1-1a3d00fe6b4d: 229 datasets; 3.2 s; peak memory 1095 MiB.
2026-10-10T19:22:02Z INFO [111/750] 98e0d361-ad9c-4190-91a4-34cda24f9bc9: 289 datasets; 1.3 s; peak memory 1095 MiB.
2026-10-10T19:22:03Z INFO [112/750] 98e1e2bd-a13e-4343-9bb2-90801deda952: 77 datasets; 1.0 s; peak memory 1095 MiB.
2026-10-10T19:22:03Z INFO [113/750] 98e1e67c-cf71-4f41-9895-20a6953beff1: 57 datasets; 0.7 s; peak memory 1095 MiB.
2026-10-10T19:22:06Z INFO [114/750] 98e1f8c5-afed-499f-bd4a-a2a969f4c5c8: 105 datasets; 2.7 s; peak memory 1095 MiB.
2026-10-10T19:22:07Z INFO [115/750] 98e1fab2-a436-4456-99e0-a8fa36c197df: 117 datasets; 0.9 s; peak memory 1095 MiB.
2026-10-10T19:22:15Z INFO [116/750] 98e35c09-4497-454c-9b75-6cda0bb15217: 44 datasets; 8.3 s; peak memory 1095 MiB.
2026-10-10T19:22:17Z INFO [117/750] 98e3ccb9-0074-49f8-a071-dd6621719e25: 110 datasets; 1.3 s; peak memory 1095 MiB.
2026-10-10T19:22:18Z INFO [118/750] 98e490cd-dc33-46e8-b410-e74fa51a184a: 112 datasets; 1.6 s; peak memory 1095 MiB.
2026-10-10T19:22:19Z INFO [119/750] 98e4a009-8613-4b67-bbb9-d5cc3aa02b36: 37 datasets; 0.6 s; peak memory 1095 MiB.
2026-10-10T19:22:20Z INFO [120/750] 98e524f8-033d-4e6a-a119-90de02f8a491: 48 datasets; 0.8 s; peak memory 1095 MiB.
2026-10-10T19:22:20Z INFO [121/750] 98e57afd-aa69-4afa-bd9d-e47b10180b77: 35 datasets; 0.6 s; peak memory 1095 MiB.
2026-10-10T19:22:22Z INFO [122/750] 98e5a6ca-8a8d-4844-b640-65d74b0ae297: 71 datasets; 1.4 s; peak memory 1095 MiB.
2026-10-10T19:22:23Z INFO [123/750] 98e5bd9a-1a2f-4f9a-8f71-799859aa1735: 48 datasets; 0.9 s; peak memory 1095 MiB.
2026-10-10T19:23:02Z INFO [124/750] 98e6232b-5883-41ac-aa95-7aac083703f8: 52 datasets; 38.8 s; peak memory 1095 MiB.
2026-10-10T19:23:03Z INFO [125/750] 98e698ce-eeae-486a-9c6e-230010f0e5f1: 119 datasets; 1.3 s; peak memory 1095 MiB.
2026-10-10T19:23:04Z INFO [126/750] 98e7330f-593e-47e0-9943-21d7b4ff9ec0: 67 datasets; 1.3 s; peak memory 1095 MiB.
2026-10-10T19:23:05Z INFO [127/750] 98e8afc9-c896-42da-9f6d-1f136790cadf: 62 datasets; 0.7 s; peak memory 1095 MiB.
2026-10-10T19:23:12Z INFO [128/750] 98e8ffe4-e4e3-4c26-9137-f4840bd5c8c5: 336 datasets; 6.7 s; peak memory 1095 MiB.
2026-10-10T19:23:12Z INFO [129/750] 98e93c41-714c-4289-8e40-4bc7fda75f78: 117 datasets; 0.8 s; peak memory 1095 MiB.
2026-10-10T19:23:13Z INFO [130/750] 98e9d485-5b4a-41e9-8878-a6b229b0eff9: 117 datasets; 1.0 s; peak memory 1095 MiB.
2026-10-10T19:24:43Z INFO [131/750] 98ea0c5e-e1e6-4db2-b3b9-d3d6dc1ea369: 430 datasets; 89.5 s; peak memory 1095 MiB.
2026-10-10T19:24:44Z INFO [132/750] 98ea9946-01aa-4fed-be40-2ff29ddc7215: 117 datasets; 1.1 s; peak memory 1095 MiB.
2026-10-10T19:24:46Z INFO [133/750] 98eaac48-612f-4a76-86a9-d36eedf034f0: 115 datasets; 2.2 s; peak memory 1095 MiB.
2026-10-10T19:24:47Z INFO [134/750] 98ebf616-e080-40f7-ab97-1cd3f4c4596e: 43 datasets; 0.9 s; peak memory 1095 MiB.
2026-10-10T19:24:48Z INFO [135/750] 98ec3400-43de-4457-b753-9bbb1cb1c37c: 116 datasets; 1.2 s; peak memory 1095 MiB.
2026-10-10T19:24:50Z INFO [136/750] 98ec3a00-cd3f-4894-a193-23ca1621349b: 67 datasets; 1.4 s; peak memory 1095 MiB.
2026-10-10T19:24:51Z INFO [137/750] 98ec6be6-fd30-4dd3-ac55-db80b022eddf: 48 datasets; 0.9 s; peak memory 1095 MiB.
2026-10-10T19:24:55Z INFO [138/750] 98ecd7ac-6b73-4cfe-ab62-a5a4d7c75e13: 538 datasets; 4.7 s; peak memory 1095 MiB.
2026-10-10T19:24:57Z INFO [139/750] 98edbc50-f3fe-40c0-9006-0ab44e255d9f: 119 datasets; 1.8 s; peak memory 1095 MiB.
2026-10-10T19:24:58Z INFO [140/750] 98edd3b8-0163-4f69-b5a4-5971471f7e21: 56 datasets; 0.7 s; peak memory 1095 MiB.
2026-10-10T19:24:59Z INFO [141/750] 98ee1a1f-a827-4273-aaed-9de5ddc24334: 38 datasets; 1.6 s; peak memory 1095 MiB.
2026-10-10T19:25:00Z INFO [142/750] 98ee271a-77dd-4462-878b-53e746400e11: 138 datasets; 0.9 s; peak memory 1095 MiB.
2026-10-10T19:25:01Z INFO [143/750] 98efa377-c1b8-49db-afb4-0342de046401: 48 datasets; 0.8 s; peak memory 1095 MiB.
2026-10-10T19:25:02Z INFO [144/750] 98f2d070-6c15-432e-8acc-fd7d96f48b57: 116 datasets; 1.0 s; peak memory 1095 MiB.
2026-10-10T19:25:04Z INFO [145/750] 98f2e95b-f573-45a1-bdec-8e3b0dfe4eac: 119 datasets; 1.5 s; peak memory 1095 MiB.
2026-10-10T19:25:07Z INFO [146/750] 98f3aa17-9434-4364-ab19-3356b77d7fa8: 229 datasets; 3.4 s; peak memory 1095 MiB.
2026-10-10T19:25:12Z INFO [147/750] 98f405b2-b6b9-4c76-afad-ecc7ec2a935b: 196 datasets; 4.8 s; peak memory 1095 MiB.
2026-10-10T19:25:12Z INFO [148/750] 98f56220-39a1-4678-a9df-4455e6a5f2da: 116 datasets; 0.8 s; peak memory 1095 MiB.
2026-10-10T19:25:15Z INFO [149/750] 98f621ed-499c-45a1-aacf-40f1b84bde9b: 182 datasets; 2.8 s; peak memory 1095 MiB.
2026-10-10T19:25:16Z INFO [150/750] 98f6fb77-5eb4-4879-ba82-fc84054641d2: 118 datasets; 0.9 s; peak memory 1095 MiB.
2026-10-10T19:25:16Z INFO [150/750] 98f6fb77-5eb4-4879-ba82-fc84054641d2: checkpointed 120735 new records.
2026-10-10T19:25:17Z INFO [151/750] 98f8248a-c881-4d54-9f32-d78f182747a8: 41 datasets; 0.7 s; peak memory 1095 MiB.
2026-10-10T19:25:18Z INFO [152/750] 98f8b8c8-09e5-496e-9b05-74fe166fe6ed: 117 datasets; 0.9 s; peak memory 1095 MiB.
2026-10-10T19:25:19Z INFO [153/750] 98f9198e-a3d3-48ac-b0f0-96f255dacf6c: 117 datasets; 1.1 s; peak memory 1095 MiB.
2026-10-10T19:25:29Z INFO [154/750] 98f98003-a2e9-425f-81b7-906d7f1336c6: 278 datasets; 9.8 s; peak memory 1095 MiB.
2026-10-10T19:25:30Z INFO [155/750] 98f9c413-4b61-48c9-ab76-1f1de8cbdaee: 70 datasets; 1.5 s; peak memory 1095 MiB.
2026-10-10T19:25:31Z INFO [156/750] 98fa4217-ac7f-4e3a-8c32-b72e5c4ca9b7: 48 datasets; 0.9 s; peak memory 1095 MiB.
2026-10-10T19:25:33Z INFO [157/750] 98fa49c1-203a-4b03-a94d-ce1cdcf15d56: 38 datasets; 1.6 s; peak memory 1095 MiB.
2026-10-10T19:25:34Z INFO [158/750] 98fa6263-b727-4fcc-b16b-ac8160f2c02d: 68 datasets; 1.0 s; peak memory 1095 MiB.
2026-10-10T19:25:35Z INFO [159/750] 98fa893e-52af-48f1-823e-91e9e8f208f8: 118 datasets; 0.9 s; peak memory 1095 MiB.
2026-10-10T19:25:36Z INFO [160/750] 98fac3b9-6495-40ce-a1b0-40ebea6ce880: 112 datasets; 0.9 s; peak memory 1095 MiB.
2026-10-10T19:25:37Z INFO [161/750] 98fb15c1-485b-4d9b-b7d1-3ceabfe4743a: 116 datasets; 0.9 s; peak memory 1095 MiB.
2026-10-10T19:25:45Z INFO [162/750] 98fbb122-7534-4145-927c-78b480bb1e47: 44 datasets; 8.2 s; peak memory 1095 MiB.
2026-10-10T19:25:47Z INFO [163/750] 98fc9743-e741-4d49-90e5-81ffacdf0f6f: 266 datasets; 1.8 s; peak memory 1095 MiB.
2026-10-10T19:25:55Z INFO [164/750] 98fcc0f0-9215-4b95-b57f-c3307a9f22e4: 969 datasets; 8.2 s; peak memory 1095 MiB.
2026-10-10T19:25:56Z INFO [165/750] 98fd66dd-f0a4-4ca4-a2f5-f4c22cc56561: 41 datasets; 0.8 s; peak memory 1095 MiB.
2026-10-10T19:25:56Z INFO [166/750] 98fdb43c-af1a-4d7d-82b9-c559ff4597c5: 48 datasets; 0.8 s; peak memory 1095 MiB.
2026-10-10T19:25:57Z INFO [167/750] 98fe16cc-1bdd-4d27-92cf-587265028385: 84 datasets; 1.0 s; peak memory 1095 MiB.
2026-10-10T19:25:59Z INFO [168/750] 98fe3cd4-1859-4863-97b6-3134cc765b24: 47 datasets; 1.2 s; peak memory 1095 MiB.
2026-10-10T19:25:59Z INFO [169/750] 98fe6b55-d90a-43e3-941a-cb02cc489c1e: 48 datasets; 0.8 s; peak memory 1095 MiB.
2026-10-10T19:26:00Z INFO [170/750] 98fed36a-5274-44aa-ad5f-d99e67445569: 62 datasets; 1.1 s; peak memory 1095 MiB.
2026-10-10T19:26:01Z INFO [171/750] 98feff6c-e9f6-4d46-8f25-77a8406fbfc8: 118 datasets; 1.0 s; peak memory 1095 MiB.
2026-10-10T19:26:15Z INFO [172/750] 98ffa22a-4b07-498b-a86d-601d893496de: 1163 datasets; 13.3 s; peak memory 1095 MiB.
2026-10-10T19:26:16Z INFO [173/750] 98fffabe-9e64-4b35-80fd-623cc8185116: 117 datasets; 1.1 s; peak memory 1095 MiB.
2026-10-10T19:51:27Z INFO [174/750] 990054bd-ad97-4635-be5c-ca1c0a566877: 216 datasets; 1511.4 s; peak memory 1131 MiB.
2026-10-10T19:51:29Z INFO [175/750] 99005f1e-392a-40ba-86c2-c643ad488812: 71 datasets; 1.3 s; peak memory 1131 MiB.
2026-10-10T19:51:30Z INFO [176/750] 990290cf-9270-430f-ba46-85ca05e20a2e: 114 datasets; 1.7 s; peak memory 1131 MiB.
2026-10-10T19:51:31Z INFO [177/750] 9902af39-a418-4583-8821-ae9ea2c21985: 110 datasets; 1.2 s; peak memory 1131 MiB.
2026-10-10T19:51:37Z INFO [178/750] 9903201f-1de0-4a95-a972-fce2085accc8: 538 datasets; 5.6 s; peak memory 1131 MiB.
2026-10-10T19:51:38Z INFO [179/750] 990413d2-bdc0-410b-bf04-9e8a82db6624: 61 datasets; 0.8 s; peak memory 1131 MiB.
2026-10-10T19:51:39Z INFO [180/750] 99047c08-6994-4510-ad9d-1e850b369cf0: 66 datasets; 1.4 s; peak memory 1131 MiB.
2026-10-10T19:51:40Z INFO [181/750] 9905121e-aa4b-47bf-8e78-1806a17883fb: 112 datasets; 1.1 s; peak memory 1131 MiB.
2026-10-10T19:51:44Z INFO [182/750] 99062f9f-ed95-4494-9efe-a25c74781b3d: 416 datasets; 3.6 s; peak memory 1131 MiB.
2026-10-10T19:51:45Z INFO [183/750] 99069b7d-be21-491d-be0d-7f5b55c252b0: 50 datasets; 0.6 s; peak memory 1131 MiB.
2026-10-10T19:51:45Z INFO [184/750] 9908221a-04f7-4834-997f-786f21c22b13: 48 datasets; 0.9 s; peak memory 1131 MiB.
2026-10-10T19:51:53Z INFO [185/750] 990832e9-90e3-4f19-add6-64faf21e448d: 708 datasets; 7.7 s; peak memory 1131 MiB.
2026-10-10T19:51:54Z INFO [186/750] 99084196-9b32-491a-9de7-aacbcc4c75bc: 69 datasets; 1.1 s; peak memory 1131 MiB.
2026-10-10T19:51:55Z INFO [187/750] 990a3a03-db61-41c0-b30c-701f4278ef79: 48 datasets; 1.0 s; peak memory 1131 MiB.
2026-10-10T19:51:57Z INFO [188/750] 990a62d6-46d2-4032-82a3-9a81d63b8238: 115 datasets; 2.0 s; peak memory 1131 MiB.
2026-10-10T19:51:58Z INFO [189/750] 990a8609-ea06-4699-9f5e-c62a2bfb0c81: 39 datasets; 0.8 s; peak memory 1131 MiB.
2026-10-10T19:51:59Z INFO [190/750] 990a8aad-2997-4fb0-81f4-0da24c6fb1b8: 112 datasets; 1.2 s; peak memory 1131 MiB.
2026-10-10T19:52:00Z INFO [191/750] 990b3f1c-353a-4f4b-a41f-8780c8b13823: 48 datasets; 0.9 s; peak memory 1131 MiB.
2026-10-10T19:52:02Z INFO [192/750] 990cbdcd-7c38-45be-9d21-11c6b8fecb40: 116 datasets; 1.9 s; peak memory 1131 MiB.
2026-10-10T19:52:03Z INFO [193/750] 990d9aff-51f1-4480-a776-af6c0f9fd826: 48 datasets; 0.9 s; peak memory 1131 MiB.
2026-10-10T19:52:04Z INFO [194/750] 99116488-d016-4609-95d3-d62716456294: 71 datasets; 1.3 s; peak memory 1131 MiB.
2026-10-10T19:53:40Z INFO [195/750] 9911be65-b5e1-46f1-8310-aa7b421ce0c9: 167 datasets; 96.1 s; peak memory 1131 MiB.
2026-10-10T19:53:41Z INFO [196/750] 9913368a-14d3-48e9-85aa-0d65b157c8ba: 69 datasets; 1.2 s; peak memory 1131 MiB.
2026-10-10T19:53:42Z INFO [197/750] 9913b191-9a24-4d82-a5ef-a1fb62f52637: 112 datasets; 1.0 s; peak memory 1131 MiB.
2026-10-10T19:54:39Z INFO [198/750] 99144f50-6af4-4134-a72a-31f934daeee3: 130 datasets; 56.1 s; peak memory 1131 MiB.
2026-10-10T19:54:40Z INFO [199/750] 99165f44-6b77-4a9e-8d9b-573935c80779: 111 datasets; 1.2 s; peak memory 1131 MiB.
2026-10-10T19:54:42Z INFO [200/750] 9916ad7d-0376-4bc8-bb0f-0159fbff1c34: 114 datasets; 1.9 s; peak memory 1131 MiB.
2026-10-10T19:54:42Z INFO [200/750] 9916ad7d-0376-4bc8-bb0f-0159fbff1c34: checkpointed 120785 new records.
2026-10-10T19:54:43Z INFO [201/750] 99170712-acc7-48f7-90de-8acdc810675d: 48 datasets; 0.7 s; peak memory 1131 MiB.
2026-10-10T19:54:44Z INFO [202/750] 99171218-204a-4eff-8765-b9cd1288d9cd: 93 datasets; 1.2 s; peak memory 1131 MiB.
2026-10-10T19:54:46Z INFO [203/750] 9917283e-b9f4-4bcd-8d19-6883deca43d1: 38 datasets; 2.7 s; peak memory 1131 MiB.
2026-10-10T19:54:47Z INFO [204/750] 99174d58-74bc-4b16-a198-693c753e61dd: 48 datasets; 0.9 s; peak memory 1131 MiB.
2026-10-10T19:54:48Z INFO [205/750] 9917ecc4-b703-4db1-a701-f840bb5e5a42: 170 datasets; 0.9 s; peak memory 1131 MiB.
2026-10-10T19:54:49Z INFO [206/750] 99185bcb-d6e3-4ad6-973c-43a42ed04d5f: 41 datasets; 0.7 s; peak memory 1131 MiB.
2026-10-10T19:54:50Z INFO [207/750] 9918bce3-f4cc-44e2-8271-510fddae1d3e: 112 datasets; 1.1 s; peak memory 1131 MiB.
2026-10-10T19:54:56Z INFO [208/750] 991a0881-95ab-4a5b-9b65-a54255afb972: 11485 datasets; 6.4 s; peak memory 1131 MiB.
2026-10-10T19:55:00Z INFO [209/750] 991a87ce-9c0c-42a1-b082-0d628cbbf980: 195 datasets; 4.0 s; peak memory 1131 MiB.
2026-10-10T19:55:04Z INFO [210/750] 991afb18-d450-44d5-acc9-0381aab4ad8d: 223 datasets; 4.0 s; peak memory 1131 MiB.
2026-10-10T19:55:05Z INFO [211/750] 991baa9d-352f-40fa-a196-e52f6f46a7ed: 39 datasets; 0.8 s; peak memory 1131 MiB.
2026-10-10T19:55:13Z INFO [212/750] 991c12dd-050e-4cd5-8f5b-9f178e149342: 2137 datasets; 7.4 s; peak memory 1131 MiB.
2026-10-10T19:55:16Z INFO [213/750] 991d233a-57c1-4620-9d65-d4b7296ed317: 467 datasets; 3.6 s; peak memory 1131 MiB.
2026-10-10T19:55:17Z INFO [214/750] 991d4bbc-eebd-48c1-b49a-efd409568294: 112 datasets; 1.2 s; peak memory 1131 MiB.
2026-10-10T19:55:19Z INFO [215/750] 991d74da-efbf-480c-979a-9fff6f2f76f5: 155 datasets; 1.5 s; peak memory 1131 MiB.
2026-10-10T19:55:21Z INFO [216/750] 991dc4e8-a0ec-43d7-a705-f318d99b369e: 38 datasets; 1.8 s; peak memory 1131 MiB.
2026-10-10T19:55:22Z INFO [217/750] 991efc67-2447-4b32-b50c-95df3a270f75: 112 datasets; 1.2 s; peak memory 1131 MiB.
2026-10-10T19:55:24Z INFO [218/750] 991fe81f-322d-4688-8abc-67d4a0d92e28: 123 datasets; 2.3 s; peak memory 1131 MiB.
2026-10-10T19:55:31Z INFO [219/750] 99218cf1-749d-4ba3-b5cc-407a6e6cdec3: 607 datasets; 6.4 s; peak memory 1131 MiB.
2026-10-10T19:55:33Z INFO [220/750] 9921d98c-c3df-4e82-95b5-e170a40c73f7: 156 datasets; 2.2 s; peak memory 1131 MiB.
2026-10-10T19:55:34Z INFO [221/750] 9922bfd9-3320-407f-ac54-f429279e9b9e: 117 datasets; 0.9 s; peak memory 1131 MiB.
2026-10-10T19:55:36Z INFO [222/750] 9922f97b-1814-4310-802f-0c00d3f6be31: 156 datasets; 1.9 s; peak memory 1131 MiB.
2026-10-10T19:55:44Z INFO [223/750] 992362d0-6d82-4e85-9614-f9ea40bd08df: 942 datasets; 8.4 s; peak memory 1131 MiB.
2026-10-10T19:55:45Z INFO [224/750] 99238989-8e51-434a-948a-04c46d8e5867: 48 datasets; 0.9 s; peak memory 1131 MiB.
2026-10-10T19:55:46Z INFO [225/750] 9923b809-82f9-4333-a8c2-e6e4189c1fa5: 112 datasets; 1.1 s; peak memory 1131 MiB.
2026-10-10T19:55:48Z INFO [226/750] 99241c3f-513e-4168-b10c-48d180a913d7: 224 datasets; 1.8 s; peak memory 1131 MiB.
2026-10-10T19:55:49Z INFO [227/750] 99246cd6-2dc8-4d2b-9eb6-5e20b3979cdd: 153 datasets; 1.0 s; peak memory 1131 MiB.
2026-10-10T19:56:03Z INFO [228/750] 9925811a-c5fd-4db4-8188-360a7123509c: 48 datasets; 14.4 s; peak memory 1131 MiB.
2026-10-10T19:56:04Z INFO [229/750] 99278684-a283-4bd0-af86-992e3a50052a: 48 datasets; 0.8 s; peak memory 1131 MiB.
2026-10-10T19:56:06Z INFO [230/750] 99285b5c-337a-4c1e-bd1b-a6a40f3bc077: 71 datasets; 1.7 s; peak memory 1131 MiB.
2026-10-10T19:56:11Z INFO [231/750] 9929c3a4-b195-4216-ab0f-ac0b58fe41ce: 11477 datasets; 5.1 s; peak memory 1131 MiB.
2026-10-10T19:56:12Z INFO [232/750] 992a8c1d-c37a-46db-84ad-6dbebd27340a: 111 datasets; 1.1 s; peak memory 1131 MiB.
2026-10-10T19:56:13Z INFO [233/750] 992ad73a-f425-458d-b8a4-eee2c3f49673: 48 datasets; 0.8 s; peak memory 1131 MiB.
2026-10-10T19:56:14Z INFO [234/750] 992b9acd-bc75-4ac0-a0ea-d28cf9b71ff6: 117 datasets; 1.1 s; peak memory 1131 MiB.
2026-10-10T19:56:15Z INFO [235/750] 992c1827-5442-42c4-b620-63413833af1c: 46 datasets; 0.8 s; peak memory 1131 MiB.
2026-10-10T19:56:16Z INFO [236/750] 992cf995-43ad-4d7a-9df3-40e416842e8b: 117 datasets; 1.0 s; peak memory 1131 MiB.
2026-10-10T19:56:17Z INFO [237/750] 992d05cf-6806-4ce9-87b8-33acbe15c837: 46 datasets; 0.9 s; peak memory 1131 MiB.
2026-10-10T19:56:18Z INFO [238/750] 992e49b4-0181-4495-8da3-52f5e3d9c651: 48 datasets; 0.9 s; peak memory 1131 MiB.
2026-10-10T19:56:23Z INFO [239/750] 992ec898-729c-439b-877c-e56f2da54fa8: 997 datasets; 6.0 s; peak memory 1131 MiB.
2026-10-10T19:56:24Z INFO [240/750] 992f66a6-3d4c-4b55-bed9-3b5dc3577f45: 112 datasets; 0.9 s; peak memory 1131 MiB.
2026-10-10T19:56:26Z INFO [241/750] 992ff37f-9438-4f58-9633-b370d4540994: 59 datasets; 1.1 s; peak memory 1131 MiB.
2026-10-10T19:56:27Z INFO [242/750] 99300460-e969-4313-a0f6-8a80db7d43ee: 66 datasets; 1.4 s; peak memory 1131 MiB.
2026-10-10T19:56:28Z INFO [243/750] 9931b2c1-cf15-4836-b40b-06dd36738c37: 116 datasets; 0.8 s; peak memory 1131 MiB.
2026-10-10T19:56:31Z INFO [244/750] 9931bb74-b66f-4aed-a680-eeb1e5f4f59f: 52 datasets; 3.7 s; peak memory 1131 MiB.
2026-10-10T19:56:33Z INFO [245/750] 99335327-02b8-4cc8-b8b8-e80d3d39fe8e: 51 datasets; 1.6 s; peak memory 1131 MiB.
2026-10-10T19:56:34Z INFO [246/750] 9933a923-4a19-47b1-996b-3adb89278b3b: 112 datasets; 1.1 s; peak memory 1131 MiB.
2026-10-10T19:56:36Z INFO [247/750] 9933ac3a-211e-4364-a850-9cda4d75c0f1: 71 datasets; 1.7 s; peak memory 1131 MiB.
2026-10-10T19:56:37Z INFO [248/750] 9933e4be-b9ee-4df5-a0a5-a24fb7834020: 118 datasets; 1.2 s; peak memory 1131 MiB.
2026-10-10T19:56:38Z INFO [249/750] 99348ce2-7976-4ff2-80c0-9878365759c4: 69 datasets; 1.2 s; peak memory 1131 MiB.
2026-10-10T19:58:11Z INFO [250/750] 99349388-436e-4ba3-a081-978c609d34f5: 62 datasets; 92.7 s; peak memory 1131 MiB.
2026-10-10T19:58:11Z INFO [250/750] 99349388-436e-4ba3-a081-978c609d34f5: checkpointed 120835 new records.
2026-10-10T19:58:13Z INFO [251/750] 993590c4-3782-4b11-8239-cb19f9cae7a1: 62 datasets; 1.4 s; peak memory 1131 MiB.
2026-10-10T19:58:15Z INFO [252/750] 9935c65c-3eb1-44d8-b950-04c09d71176b: 118 datasets; 1.9 s; peak memory 1131 MiB.
2026-10-10T19:58:15Z INFO [253/750] 9935fbb2-9656-43af-907c-4e772849488a: 48 datasets; 0.9 s; peak memory 1131 MiB.
2026-10-10T19:58:24Z INFO [254/750] 99362290-8cc5-44d7-adb8-7496bb93c115: 665 datasets; 8.6 s; peak memory 1131 MiB.
2026-10-10T19:58:25Z INFO [255/750] 9936565d-18c4-4a38-ae93-7bff96594eb0: 48 datasets; 0.8 s; peak memory 1131 MiB.
2026-10-10T19:58:26Z INFO [256/750] 993702dc-b713-4d08-9472-99f6e990a7f7: 69 datasets; 1.2 s; peak memory 1131 MiB.
2026-10-10T19:58:32Z INFO [257/750] 99371cd9-40c3-4bb7-b678-26ff9604824c: 752 datasets; 5.7 s; peak memory 1131 MiB.
2026-10-10T19:58:32Z INFO [258/750] 9937ca2e-8cd6-4415-aa87-4d1193ebf43e: 37 datasets; 0.6 s; peak memory 1131 MiB.
2026-10-10T19:58:33Z INFO [259/750] 9937d53d-830f-40a4-9e3c-603d3cde79c5: 48 datasets; 0.8 s; peak memory 1131 MiB.
2026-10-10T19:58:34Z INFO [260/750] 99382503-b7e1-4e69-b3b2-19593120f35d: 112 datasets; 1.3 s; peak memory 1131 MiB.
2026-10-10T19:58:40Z INFO [261/750] 99386c9d-7770-466a-9889-bb5de0d082e7: 1053 datasets; 5.7 s; peak memory 1131 MiB.
2026-10-10T19:58:41Z INFO [262/750] 99389521-9b66-4de5-8b05-957859f32029: 66 datasets; 1.1 s; peak memory 1131 MiB.
2026-10-10T19:58:49Z INFO [263/750] 99392ddb-4613-4173-b3b3-94ce6e4773a7: 675 datasets; 7.3 s; peak memory 1131 MiB.
2026-10-10T19:58:53Z INFO [264/750] 99398dd9-4764-4f22-a0a5-b92d8363a3ff: 538 datasets; 4.8 s; peak memory 1131 MiB.
2026-10-10T19:58:55Z INFO [265/750] 9939eeab-1fd7-4b50-8751-d87451d577d8: 47 datasets; 1.4 s; peak memory 1131 MiB.
2026-10-10T19:58:56Z INFO [266/750] 993a0f9a-27e3-4cf0-a765-4f9725f4028f: 48 datasets; 0.8 s; peak memory 1131 MiB.
2026-10-10T19:58:58Z INFO [267/750] 993a1778-cbee-4854-8ba4-04db3e285bcc: 138 datasets; 2.4 s; peak memory 1131 MiB.
2026-10-10T19:58:59Z INFO [268/750] 993a65f4-720e-4e2e-a69c-e87c42168045: 119 datasets; 1.5 s; peak memory 1131 MiB.
2026-10-10T19:59:00Z INFO [269/750] 993ad01c-d4c7-4281-8853-d028e60d9587: 117 datasets; 0.9 s; peak memory 1131 MiB.
2026-10-10T19:59:01Z INFO [270/750] 993cd2f0-9db7-4292-bd09-2eebfd79ee8c: 112 datasets; 0.8 s; peak memory 1131 MiB.
2026-10-10T19:59:02Z INFO [271/750] 993dbc26-49eb-45f2-847d-7b08d8daa42f: 112 datasets; 1.1 s; peak memory 1131 MiB.
2026-10-10T19:59:03Z INFO [272/750] 993e4ebe-79de-4408-8228-4dd450d1eddb: 69 datasets; 1.0 s; peak memory 1131 MiB.
2026-10-10T19:59:14Z INFO [273/750] 993e6e80-1e77-4985-ab82-f01463ed4dab: 932 datasets; 10.7 s; peak memory 1131 MiB.
2026-10-10T19:59:15Z INFO [274/750] 993eacec-f8de-4c3a-85be-8f0a45094820: 48 datasets; 0.8 s; peak memory 1131 MiB.
2026-10-10T19:59:16Z INFO [275/750] 993efb50-b408-4f34-8be9-a69aae73fd6a: 66 datasets; 1.2 s; peak memory 1131 MiB.
2026-10-10T19:59:17Z INFO [276/750] 993f245d-ae38-4cc7-bf7b-e98b9e24c5d2: 112 datasets; 1.0 s; peak memory 1131 MiB.
2026-10-10T19:59:19Z INFO [277/750] 99410dcf-a001-4bcf-816f-5d49ad11c195: 165 datasets; 1.6 s; peak memory 1131 MiB.
2026-10-10T19:59:24Z INFO [278/750] 994142ce-bcc8-4531-ad2e-74020ebd8c63: 509 datasets; 4.8 s; peak memory 1131 MiB.
2026-10-10T19:59:24Z INFO [279/750] 9941f674-fe1c-4558-b257-44f24de7bccd: 83 datasets; 0.6 s; peak memory 1131 MiB.
2026-10-10T19:59:25Z INFO [280/750] 9943ef5d-c945-4985-b18f-e044a4c1e00b: 118 datasets; 1.0 s; peak memory 1131 MiB.
2026-10-10T19:59:30Z INFO [281/750] 9944b28d-8539-41fd-9b4a-8f9c3d7cf2fa: 200 datasets; 4.5 s; peak memory 1131 MiB.
2026-10-10T19:59:31Z INFO [282/750] 9944e6b2-70ae-45c0-89d0-1ac57bce2939: 112 datasets; 1.1 s; peak memory 1131 MiB.
2026-10-10T19:59:31Z INFO [283/750] 9945edfb-90a8-4a55-b8c5-6e26df56e282: 48 datasets; 0.7 s; peak memory 1131 MiB.
2026-10-10T19:59:33Z INFO [284/750] 994627ac-4dd1-48ac-88a3-b70045bb73c6: 71 datasets; 1.3 s; peak memory 1131 MiB.
2026-10-10T19:59:34Z INFO [285/750] 9946a349-35bd-46e3-9e69-e73c04827a32: 112 datasets; 1.4 s; peak memory 1131 MiB.
2026-10-10T19:59:35Z INFO [286/750] 9946e955-f392-40a4-91c1-898ee3ce5c45: 117 datasets; 1.0 s; peak memory 1131 MiB.
2026-10-10T19:59:36Z INFO [287/750] 99475537-ff3a-463d-b799-56a9499d4942: 46 datasets; 0.8 s; peak memory 1131 MiB.
2026-10-10T19:59:47Z INFO [288/750] 9948351a-3f98-4cba-a88d-7dc2bfe72dc3: 267 datasets; 11.1 s; peak memory 1131 MiB.
2026-10-10T19:59:49Z INFO [289/750] 99492715-c089-4ed4-9fe5-6b2603d3d2d9: 38 datasets; 1.7 s; peak memory 1131 MiB.
2026-10-10T19:59:50Z INFO [290/750] 99494274-655c-46da-8fb4-17788fcc553e: 52 datasets; 1.1 s; peak memory 1131 MiB.
2026-10-10T19:59:51Z INFO [291/750] 99497075-9bc7-4859-85ce-c0e3468c1ee0: 48 datasets; 0.9 s; peak memory 1131 MiB.
2026-10-10T19:59:56Z INFO [292/750] 994dd363-32d7-4159-b535-65ae031e54f1: 724 datasets; 5.9 s; peak memory 1131 MiB.
2026-10-10T20:00:02Z INFO [293/750] 994e3250-758e-4f7d-b458-99e570d7f8af: 52 datasets; 6.0 s; peak memory 1131 MiB.
2026-10-10T20:00:06Z INFO [294/750] 994e6894-831b-4a48-bd7f-5d26e4c5ead8: 79 datasets; 3.7 s; peak memory 1131 MiB.
2026-10-10T20:00:07Z INFO [295/750] 994e7084-1a11-4e3c-8920-1af206d22f35: 46 datasets; 0.7 s; peak memory 1131 MiB.
2026-10-10T20:00:08Z INFO [296/750] 994e7647-fb12-4455-b6ce-c19c2d2e5bfd: 41 datasets; 0.7 s; peak memory 1131 MiB.
2026-10-10T20:00:22Z INFO [297/750] 994f903b-5c5d-45ae-a164-4f2d2bdedca0: 48 datasets; 14.9 s; peak memory 1131 MiB.
2026-10-10T20:00:23Z INFO [298/750] 994fc7ff-b97e-4fcb-87a4-c77e879a7d42: 48 datasets; 1.0 s; peak memory 1131 MiB.
2026-10-10T20:00:24Z INFO [299/750] 9950863b-aa04-4c35-9fd1-9f66feaa222a: 52 datasets; 0.9 s; peak memory 1131 MiB.
2026-10-10T20:00:25Z INFO [300/750] 9952233e-5199-4568-8c19-e8bd99391d33: 50 datasets; 0.6 s; peak memory 1131 MiB.
2026-10-10T20:00:25Z INFO [300/750] 9952233e-5199-4568-8c19-e8bd99391d33: checkpointed 120885 new records.
2026-10-10T20:00:26Z INFO [301/750] 9952ae42-00b0-450d-99ce-bffe74cfa676: 92 datasets; 0.9 s; peak memory 1131 MiB.
2026-10-10T20:00:27Z INFO [302/750] 9952f8e7-39bc-4e9e-805a-3e35843bd105: 71 datasets; 1.3 s; peak memory 1131 MiB.
2026-10-10T20:00:28Z INFO [303/750] 995412ad-bbb2-4d6f-84aa-a2bfea15aacc: 48 datasets; 0.8 s; peak memory 1131 MiB.
2026-10-10T20:00:40Z INFO [304/750] 99541e1f-b7cd-4c7f-a352-a021a4e6292d: 41 datasets; 12.4 s; peak memory 1131 MiB.
2026-10-10T20:00:41Z INFO [305/750] 995451eb-1a8f-4cf2-b2ff-9cbe1b9da327: 52 datasets; 0.9 s; peak memory 1131 MiB.
2026-10-10T20:00:42Z INFO [306/750] 99548cdd-7619-4ef2-9d10-986ab771fab8: 48 datasets; 1.0 s; peak memory 1131 MiB.
2026-10-10T20:00:54Z INFO [307/750] 9954bfdd-6118-4ef0-94b3-46a81872dc62: 38 datasets; 11.7 s; peak memory 1131 MiB.
2026-10-10T20:00:55Z INFO [308/750] 99564a51-8bc5-4c2a-b2b1-59ca9db7d07e: 48 datasets; 0.7 s; peak memory 1131 MiB.
2026-10-10T20:00:56Z INFO [309/750] 99568686-8e8e-4b0b-9c46-2f178b53252a: 112 datasets; 0.9 s; peak memory 1131 MiB.
2026-10-10T20:00:59Z INFO [310/750] 995737e8-a602-46c4-8662-48c6cc173a12: 200 datasets; 3.6 s; peak memory 1131 MiB.
2026-10-10T20:01:00Z INFO [311/750] 99586cba-c14c-4311-9882-d5fcf70a6ca6: 46 datasets; 0.9 s; peak memory 1131 MiB.
2026-10-10T20:01:04Z INFO [312/750] 99587449-08d4-4d05-a36b-73aaaca0f01e: 229 datasets; 4.4 s; peak memory 1131 MiB.
2026-10-10T20:01:06Z INFO [313/750] 9958dc77-22a7-46c3-857b-82626f1750af: 83 datasets; 1.2 s; peak memory 1131 MiB.
2026-10-10T20:01:08Z INFO [314/750] 9958fb0b-d39f-4510-bf5d-0ecb9389e16b: 115 datasets; 2.5 s; peak memory 1131 MiB.
2026-10-10T20:01:09Z INFO [315/750] 995a29ae-286b-4777-8d33-f7fdfeadbe68: 117 datasets; 1.3 s; peak memory 1131 MiB.
2026-10-10T20:01:10Z INFO [316/750] 995a519f-22c7-4e61-9c4a-1052564fe0ce: 56 datasets; 0.6 s; peak memory 1131 MiB.
2026-10-10T20:01:11Z INFO [317/750] 995aeed4-7e5f-4d6b-b2ce-97089825b7da: 48 datasets; 0.8 s; peak memory 1131 MiB.
2026-10-10T20:02:15Z INFO [318/750] 995bbf1e-3adf-46d9-a9c1-3209dac8d46f: 50 datasets; 63.9 s; peak memory 1131 MiB.
2026-10-10T20:02:15Z INFO [319/750] 995c8da9-e537-4a8c-b89d-a5ad87c65962: 48 datasets; 0.8 s; peak memory 1131 MiB.
2026-10-10T20:02:16Z INFO [320/750] 995cc652-1e6c-4744-a9b8-e390e5d054e7: 59 datasets; 1.0 s; peak memory 1131 MiB.
2026-10-10T20:02:17Z INFO [321/750] 995d2a9f-bdb5-48ff-b705-0280c3cb0204: 46 datasets; 0.6 s; peak memory 1131 MiB.
2026-10-10T20:02:19Z INFO [322/750] 995d5d6d-48ce-4e15-8e7f-1321a7e613bb: 71 datasets; 1.5 s; peak memory 1131 MiB.
2026-10-10T20:02:19Z INFO [323/750] 995d9d69-c408-4d2b-bc86-7c13f039968f: 38 datasets; 0.8 s; peak memory 1131 MiB.
2026-10-10T20:02:20Z INFO [324/750] 995e7a64-ba36-4cdc-a693-6b53f555941e: 48 datasets; 0.7 s; peak memory 1131 MiB.
2026-10-10T20:02:22Z INFO [325/750] 995f4411-514c-4bf3-aec0-8e6009920e12: 90 datasets; 1.9 s; peak memory 1131 MiB.
2026-10-10T20:17:57Z INFO [326/750] 995f4e8d-dd2f-4677-bc89-355e3ad2750c: 118 datasets; 934.6 s; peak memory 1213 MiB.
2026-10-10T20:17:57Z INFO [327/750] 995f9571-59f4-46a1-a1b6-72a9dff297c7: 56 datasets; 0.8 s; peak memory 1213 MiB.
2026-10-10T20:17:59Z INFO [328/750] 995fb25c-ed3c-4ac9-82b1-14f362bee571: 112 datasets; 1.4 s; peak memory 1213 MiB.
2026-10-10T20:18:00Z INFO [329/750] 995fe1e5-3753-4750-af6a-e0238b3ef1f9: 68 datasets; 1.1 s; peak memory 1213 MiB.
2026-10-10T20:18:12Z INFO [330/750] 99605cc7-740d-4fc1-b633-f0ac1d859c26: 863 datasets; 11.8 s; peak memory 1213 MiB.
2026-10-10T20:18:13Z INFO [331/750] 99637b33-3db3-4632-ac73-8e3fa97ef0e0: 48 datasets; 1.0 s; peak memory 1213 MiB.
2026-10-10T20:18:35Z INFO [332/750] 99638051-40f3-457f-8632-41cf4d4dfd58: 36 datasets; 22.7 s; peak memory 1213 MiB.
2026-10-10T20:18:36Z INFO [333/750] 996387e6-9fba-4c09-ae92-1ff7792a9f24: 48 datasets; 0.9 s; peak memory 1213 MiB.
2026-10-10T20:18:37Z INFO [334/750] 9964b64e-ca1f-4296-87c7-889a1381f81f: 48 datasets; 0.9 s; peak memory 1213 MiB.
2026-10-10T20:18:41Z INFO [335/750] 9964e0ed-5b0b-4ba8-b4a8-fd909aa0896f: 1619 datasets; 4.2 s; peak memory 1213 MiB.
2026-10-10T20:18:42Z INFO [336/750] 9964e4d1-e527-4090-a0f1-d1285095e27e: 57 datasets; 1.1 s; peak memory 1213 MiB.
2026-10-10T20:18:43Z INFO [337/750] 996516c6-b8d7-4580-8cc1-5813427991ea: 48 datasets; 0.8 s; peak memory 1213 MiB.
2026-10-10T20:18:44Z INFO [338/750] 996532c2-fa74-456f-acb1-3e3f406eee16: 50 datasets; 0.7 s; peak memory 1213 MiB.
2026-10-10T20:18:45Z INFO [339/750] 9965ada3-1798-4ad9-8c9b-c0773b7bf62a: 48 datasets; 0.9 s; peak memory 1213 MiB.
2026-10-10T20:18:47Z INFO [340/750] 9966fa4c-2b46-40f9-90b8-142cb50b0336: 90 datasets; 2.4 s; peak memory 1213 MiB.
2026-10-10T20:18:55Z INFO [341/750] 99675fad-01ce-455a-b3b5-446d98ce92ae: 44 datasets; 7.9 s; peak memory 1213 MiB.
2026-10-10T20:18:56Z INFO [342/750] 99688c27-ee0e-4246-9581-ade52806bccc: 48 datasets; 0.8 s; peak memory 1213 MiB.
2026-10-10T20:18:57Z INFO [343/750] 996902ae-934c-4995-adc4-60cb7f48672e: 62 datasets; 1.1 s; peak memory 1213 MiB.
2026-10-10T20:18:58Z INFO [344/750] 99692d6a-7fd5-411c-a312-7bd17f2c48e0: 66 datasets; 1.1 s; peak memory 1213 MiB.
2026-10-10T20:18:59Z INFO [345/750] 996a39ea-eb28-4bd6-aa4a-1bbb9c3bec67: 48 datasets; 0.8 s; peak memory 1213 MiB.
2026-10-10T20:19:00Z INFO [346/750] 996a4d69-71ab-4909-93fc-1441e843eec3: 48 datasets; 0.9 s; peak memory 1213 MiB.
2026-10-10T20:19:01Z INFO [347/750] 996a8124-e2a3-488e-8ba7-bf1dbb589384: 46 datasets; 0.6 s; peak memory 1213 MiB.
2026-10-10T20:19:02Z INFO [348/750] 996aa437-0eca-4b5e-8b75-e731a63e7b9f: 77 datasets; 1.0 s; peak memory 1213 MiB.
2026-10-10T20:19:02Z INFO [349/750] 996b28cb-2504-4eb5-8de3-6f491c067e07: 110 datasets; 0.9 s; peak memory 1213 MiB.
2026-10-10T20:19:03Z INFO [350/750] 996c46f0-3453-4bfe-ab5a-d1741be26702: 92 datasets; 0.7 s; peak memory 1213 MiB.
2026-10-10T20:19:03Z INFO [350/750] 996c46f0-3453-4bfe-ab5a-d1741be26702: checkpointed 120935 new records.
2026-10-10T20:19:06Z INFO [351/750] 996ceb3f-d892-4d21-8760-92fc346d3241: 178 datasets; 3.1 s; peak memory 1213 MiB.
2026-10-10T20:19:08Z INFO [352/750] 996d2b22-bf6c-43cf-8c97-e6ff74e31f76: 71 datasets; 1.6 s; peak memory 1213 MiB.
2026-10-10T20:19:09Z INFO [353/750] 996de6c5-e38f-4660-9453-0e45ba953401: 48 datasets; 0.9 s; peak memory 1213 MiB.
2026-10-10T20:19:11Z INFO [354/750] 996e0086-1082-4359-9854-dced9a67b51c: 112 datasets; 1.6 s; peak memory 1213 MiB.
2026-10-10T20:19:12Z INFO [355/750] 996ea447-a4c3-4023-a2a8-d08a553dfdd4: 110 datasets; 1.1 s; peak memory 1213 MiB.
2026-10-10T20:19:13Z INFO [356/750] 996f045a-cc14-4486-afed-30d686abb427: 116 datasets; 1.0 s; peak memory 1213 MiB.
2026-10-10T20:19:21Z INFO [357/750] 996fdf6a-4e8d-4ee5-b4ca-d32220b164e3: 108 datasets; 8.8 s; peak memory 1213 MiB.
2026-10-10T20:19:23Z INFO [358/750] 9971fa40-8712-46c3-a40f-35a6f75248fe: 66 datasets; 1.1 s; peak memory 1213 MiB.
2026-10-10T20:19:24Z INFO [359/750] 99721eab-5a23-449a-bdd9-a4535e9102c7: 119 datasets; 1.6 s; peak memory 1213 MiB.
2026-10-10T20:19:25Z INFO [360/750] 99728073-cdf3-4f44-b11d-46def34b4ebe: 39 datasets; 0.8 s; peak memory 1213 MiB.
2026-10-10T20:19:26Z INFO [361/750] 99744da2-5641-4ca4-ad4d-476d8e2dea4a: 48 datasets; 0.8 s; peak memory 1213 MiB.
2026-10-10T20:19:41Z INFO [362/750] 99745588-e75d-4341-bbbd-e51fd03a7010: 49 datasets; 15.3 s; peak memory 1213 MiB.
2026-10-10T20:19:42Z INFO [363/750] 99746706-9183-43f6-8cc3-36d581be4138: 112 datasets; 1.4 s; peak memory 1213 MiB.
2026-10-10T20:19:47Z INFO [364/750] 9974b7ec-feb7-447c-b8a8-d1cbf9d45138: 257 datasets; 4.2 s; peak memory 1213 MiB.
2026-10-10T20:19:48Z INFO [365/750] 9974fc28-0c02-428e-a6e6-7f5779700877: 38 datasets; 1.6 s; peak memory 1213 MiB.
2026-10-10T20:19:49Z INFO [366/750] 99753845-c542-40e9-9953-2c398d3e9f6a: 48 datasets; 0.7 s; peak memory 1213 MiB.
2026-10-10T20:19:50Z INFO [367/750] 99758652-f92f-4adf-bff8-c49bf49a009d: 50 datasets; 0.8 s; peak memory 1213 MiB.
2026-10-10T20:19:50Z INFO [368/750] 99768dba-6701-4e2a-b770-555955a16e81: 52 datasets; 0.6 s; peak memory 1213 MiB.
2026-10-10T20:19:51Z INFO [369/750] 99771620-46c0-4922-a1f2-70c185e85d06: 68 datasets; 0.9 s; peak memory 1213 MiB.
2026-10-10T20:19:52Z INFO [370/750] 99777839-41f8-4562-83c1-4963b6d2a385: 48 datasets; 0.9 s; peak memory 1213 MiB.
2026-10-10T20:19:53Z INFO [371/750] 99791b95-256e-406b-9a63-d3aa5a91f3bc: 48 datasets; 0.9 s; peak memory 1213 MiB.
2026-10-10T20:19:54Z INFO [372/750] 9979f41b-ead8-4118-b6df-dd623c675bc2: 112 datasets; 1.1 s; peak memory 1213 MiB.
2026-10-10T20:26:45Z INFO [373/750] 997c4c23-6a94-460e-b703-f5f3cfa43cf5: 109 datasets; 411.2 s; peak memory 1262 MiB.
2026-10-10T20:26:46Z INFO [374/750] 997c555a-3c75-433a-a5fc-ce0bb39e0b55: 48 datasets; 0.9 s; peak memory 1262 MiB.
2026-10-10T20:26:53Z INFO [375/750] 997cf0cf-32d4-4e5b-a372-d559f7d241ec: 3025 datasets; 7.3 s; peak memory 1262 MiB.
2026-10-10T20:26:54Z INFO [376/750] 997d658a-b1a2-4609-b898-92f0bd764033: 48 datasets; 0.9 s; peak memory 1262 MiB.
2026-10-10T20:26:57Z INFO [377/750] 997dbaa9-3df7-496a-be25-0e8ba9fd9a05: 357 datasets; 2.6 s; peak memory 1262 MiB.
2026-10-10T20:27:10Z INFO [378/750] 997dde1e-5056-4737-aa59-54ad663902c8: 41 datasets; 13.1 s; peak memory 1262 MiB.
2026-10-10T20:27:11Z INFO [379/750] 997e6f6a-0a39-4d4f-970e-10f7122038af: 53 datasets; 0.7 s; peak memory 1262 MiB.
2026-10-10T20:27:13Z INFO [380/750] 997eaed0-b02c-4789-b825-687c4192d68e: 84 datasets; 2.6 s; peak memory 1262 MiB.
2026-10-10T20:27:14Z INFO [381/750] 997f34dc-af15-4a24-a1ff-f6f8b312feef: 48 datasets; 0.8 s; peak memory 1262 MiB.
2026-10-10T20:27:18Z INFO [382/750] 997f51cd-0af5-4f03-8346-239f242da215: 208 datasets; 3.5 s; peak memory 1262 MiB.
2026-10-10T20:27:19Z INFO [383/750] 998085bd-f5bf-4641-a559-bcc5b62c95c6: 117 datasets; 1.2 s; peak memory 1262 MiB.
2026-10-10T20:27:20Z INFO [384/750] 9980c74d-b5f4-487b-b13e-794cff2f2009: 102 datasets; 1.3 s; peak memory 1262 MiB.
2026-10-10T20:27:21Z INFO [385/750] 9980d38b-748c-4647-86f0-9ec78a1e4434: 50 datasets; 0.7 s; peak memory 1262 MiB.
2026-10-10T20:27:25Z INFO [386/750] 99810087-2ff3-493a-9446-1718734c5c07: 201 datasets; 4.0 s; peak memory 1262 MiB.
2026-10-10T20:27:26Z INFO [387/750] 998203e6-7118-4530-8675-b324a42bf9d8: 48 datasets; 1.0 s; peak memory 1262 MiB.
2026-10-10T20:27:27Z INFO [388/750] 9982f762-3b64-4ddd-8746-51b7596c2568: 48 datasets; 0.7 s; peak memory 1262 MiB.
2026-10-10T20:27:27Z INFO [389/750] 99831892-d4ac-43b4-bd64-b82b6eab99e9: 48 datasets; 0.8 s; peak memory 1262 MiB.
2026-10-10T20:27:38Z INFO [390/750] 99832e0f-b740-4916-8742-f392f2749420: 429 datasets; 10.5 s; peak memory 1262 MiB.
2026-10-10T20:27:39Z INFO [391/750] 998355f2-febd-4a9a-ab83-2589f7ea07cb: 48 datasets; 1.0 s; peak memory 1262 MiB.
2026-10-10T20:27:45Z INFO [392/750] 99837290-4905-490e-a13f-0455d567456d: 359 datasets; 5.7 s; peak memory 1262 MiB.
2026-10-10T20:27:45Z INFO [393/750] 99840cbe-0075-4881-a042-2ab2aaec3f6d: 54 datasets; 0.6 s; peak memory 1262 MiB.
2026-10-10T20:27:46Z INFO [394/750] 99841bd4-1d65-4552-9088-7986894041a9: 72 datasets; 1.0 s; peak memory 1262 MiB.
2026-10-10T20:27:48Z INFO [395/750] 99843156-c691-481c-ad36-b7fe53f83087: 70 datasets; 1.4 s; peak memory 1262 MiB.
2026-10-10T20:27:49Z INFO [396/750] 99844de1-cc0b-479c-9ab1-e3e713eec1a7: 38 datasets; 0.9 s; peak memory 1262 MiB.
2026-10-10T20:27:50Z INFO [397/750] 998504a7-482c-4d48-86ab-e302e35871b8: 69 datasets; 1.5 s; peak memory 1262 MiB.
2026-10-10T20:27:51Z INFO [398/750] 99854987-f48d-48af-a0f4-dabf5861cc51: 48 datasets; 0.7 s; peak memory 1262 MiB.
2026-10-10T20:27:52Z INFO [399/750] 99858d5c-0065-4b0d-af08-dc2aa8e5f4be: 117 datasets; 1.0 s; peak memory 1262 MiB.
2026-10-10T20:27:54Z INFO [400/750] 9985cd7c-f746-409e-bac7-18f9606c8938: 156 datasets; 2.3 s; peak memory 1262 MiB.
2026-10-10T20:27:54Z INFO [400/750] 9985cd7c-f746-409e-bac7-18f9606c8938: checkpointed 120985 new records.
2026-10-10T20:27:55Z INFO [401/750] 9985ef33-d644-4646-bd8d-7b9153cc5a24: 48 datasets; 0.8 s; peak memory 1262 MiB.
2026-10-10T20:27:56Z INFO [402/750] 9985faf2-a728-4a76-a555-36941850cf6b: 66 datasets; 1.1 s; peak memory 1262 MiB.
2026-10-10T20:27:57Z INFO [403/750] 9987b77f-95a2-43f0-9bf8-380da289abfd: 48 datasets; 0.8 s; peak memory 1262 MiB.
2026-10-10T20:28:05Z INFO [404/750] 998854cd-4cd7-4b62-9d5f-65cc4726b6fe: 778 datasets; 7.6 s; peak memory 1262 MiB.
2026-10-10T20:28:06Z INFO [405/750] 99888215-d47c-4c00-b610-d936f5943587: 64 datasets; 1.0 s; peak memory 1262 MiB.
2026-10-10T20:28:06Z INFO [406/750] 99889c70-7266-4b6f-bfea-7e46eb9b31df: 117 datasets; 0.9 s; peak memory 1262 MiB.
2026-10-10T20:28:14Z INFO [407/750] 99891942-d526-4bbf-9a6e-01c577551212: 336 datasets; 7.6 s; peak memory 1262 MiB.
2026-10-10T20:28:15Z INFO [408/750] 99894c7b-571e-425f-8948-aa15b293fb1e: 48 datasets; 0.7 s; peak memory 1262 MiB.
2026-10-10T20:28:16Z INFO [409/750] 998aeb76-aca2-4b5f-baf3-0fe3173007c1: 63 datasets; 1.1 s; peak memory 1262 MiB.
2026-10-10T20:28:17Z INFO [410/750] 998bcb43-64ac-4c85-ab5f-214ac1be4f79: 48 datasets; 0.8 s; peak memory 1262 MiB.
2026-10-10T20:28:17Z INFO [411/750] 998c01ac-b417-4c14-ab40-a6ebe9a9d152: 46 datasets; 0.8 s; peak memory 1262 MiB.
2026-10-10T20:28:22Z INFO [412/750] 998c2524-4093-41e2-ba88-1b6c8e15fa45: 67 datasets; 4.4 s; peak memory 1262 MiB.
2026-10-10T20:28:34Z INFO [413/750] 998c89be-fbd3-43af-b368-075bfe7c12cb: 41 datasets; 12.2 s; peak memory 1262 MiB.
2026-10-10T20:28:38Z INFO [414/750] 998dd148-f5d9-4282-9bf2-9508667b1764: 225 datasets; 3.6 s; peak memory 1262 MiB.
2026-10-10T20:28:39Z INFO [415/750] 998ded40-77dc-4fea-a0a5-151a8228f745: 66 datasets; 1.0 s; peak memory 1262 MiB.
2026-10-10T20:28:40Z INFO [416/750] 998e0119-de99-4dd0-ab73-a1df075af570: 66 datasets; 1.4 s; peak memory 1262 MiB.
2026-10-10T20:28:46Z INFO [417/750] 998e4a2c-5330-478b-97c6-1509fe37cf6e: 594 datasets; 6.4 s; peak memory 1262 MiB.
2026-10-10T20:28:48Z INFO [418/750] 99916649-adb5-43d9-8611-e51a1ab8e38a: 112 datasets; 1.2 s; peak memory 1262 MiB.
2026-10-10T20:28:49Z INFO [419/750] 99929632-8784-4463-932c-a79e18f4a9f4: 118 datasets; 1.0 s; peak memory 1262 MiB.
2026-10-10T20:28:49Z INFO [420/750] 9992a9a3-a338-4a62-8bde-e61adb110972: 53 datasets; 0.9 s; peak memory 1262 MiB.
2026-10-10T20:28:52Z INFO [421/750] 99931c69-973c-40b1-be5d-94647e5b250b: 434 datasets; 2.9 s; peak memory 1262 MiB.
2026-10-10T20:28:54Z INFO [422/750] 99933f09-b891-4cfe-8e2c-c9ae81c88a89: 71 datasets; 1.5 s; peak memory 1262 MiB.
2026-10-10T20:28:55Z INFO [423/750] 9994a519-0f21-45ab-adc1-07069272e885: 116 datasets; 1.1 s; peak memory 1262 MiB.
2026-10-10T20:28:56Z INFO [424/750] 9994eaf1-4b15-4695-8b44-de3342d6cf31: 46 datasets; 0.7 s; peak memory 1262 MiB.
2026-10-10T20:28:59Z INFO [425/750] 99953385-017a-4c41-9a66-7a90a16a41c1: 229 datasets; 3.7 s; peak memory 1262 MiB.
2026-10-10T20:29:09Z INFO [426/750] 999717c1-85e4-4142-8fed-f7b617a9f04d: 191 datasets; 9.9 s; peak memory 1262 MiB.
2026-10-10T20:29:10Z INFO [427/750] 9997f00b-e18b-4694-b54b-035e61a48061: 70 datasets; 1.1 s; peak memory 1262 MiB.
2026-10-10T20:29:11Z INFO [428/750] 99985672-bbeb-47b8-a07a-ded8410e7aeb: 70 datasets; 1.0 s; peak memory 1262 MiB.
2026-10-10T20:29:12Z INFO [429/750] 99986082-8c1c-4188-b29b-23677395bdab: 109 datasets; 1.2 s; peak memory 1262 MiB.
2026-10-10T20:29:14Z INFO [430/750] 99994c4d-2066-4ae5-ac1a-19ef92435412: 94 datasets; 1.9 s; peak memory 1262 MiB.
2026-10-10T20:29:16Z INFO [431/750] 9999bab9-30a3-4a36-b206-e0cce300b585: 70 datasets; 1.5 s; peak memory 1262 MiB.
2026-10-10T20:29:18Z INFO [432/750] 999bb2e7-9088-4a6b-9bdf-da84afb17784: 150 datasets; 2.3 s; peak memory 1262 MiB.
2026-10-10T20:29:19Z INFO [433/750] 999c90ea-e2d3-4968-aefe-a03f34f97964: 114 datasets; 0.8 s; peak memory 1262 MiB.
2026-10-10T20:29:21Z INFO [434/750] 999ca9ab-a5f6-4362-8610-a5edc1babdc9: 39 datasets; 2.2 s; peak memory 1262 MiB.
2026-10-10T20:30:52Z INFO [435/750] 999cb8c8-543e-46a4-adb8-e8a5db849fcc: 414 datasets; 90.7 s; peak memory 1262 MiB.
2026-10-10T20:31:06Z INFO [436/750] 999d8741-17f7-4716-9621-5be26d1dbf34: 3799 datasets; 13.7 s; peak memory 1262 MiB.
2026-10-10T20:31:06Z INFO [437/750] 999fbdc9-15b5-4c27-af06-ed86b78ed619: 116 datasets; 0.8 s; peak memory 1262 MiB.
2026-10-10T20:31:07Z INFO [438/750] 99a0442f-4f05-4ab1-b275-74ba5470c430: 48 datasets; 1.0 s; peak memory 1262 MiB.
2026-10-10T20:31:08Z INFO [439/750] 99a1115b-4c1c-4d7a-b2b3-4e94ce608847: 56 datasets; 0.9 s; peak memory 1262 MiB.
2026-10-10T20:31:09Z INFO [440/750] 99a11c58-7c46-4d53-bc46-f7b1034769bc: 48 datasets; 0.7 s; peak memory 1262 MiB.
2026-10-10T20:31:10Z INFO [441/750] 99a2a7d9-f732-4b57-ac45-56cb4b463cf2: 116 datasets; 0.9 s; peak memory 1262 MiB.
2026-10-10T20:31:16Z INFO [442/750] 99a2ebc1-4adc-454e-a166-8a091f6498ae: 38 datasets; 5.6 s; peak memory 1262 MiB.
2026-10-10T20:31:17Z INFO [443/750] 99a4678e-3431-4d20-828e-ba2052b318e6: 107 datasets; 1.6 s; peak memory 1262 MiB.
2026-10-10T20:31:18Z INFO [444/750] 99a48ae8-4242-4a93-ad90-cb55bce9c9d4: 48 datasets; 0.9 s; peak memory 1262 MiB.
2026-10-10T20:31:19Z INFO [445/750] 99a4fc13-e386-47e0-8ad6-2325af655b0c: 69 datasets; 1.3 s; peak memory 1262 MiB.
2026-10-10T20:31:21Z INFO [446/750] 99a5a39d-42ba-4662-a67f-88278e51eab1: 66 datasets; 1.3 s; peak memory 1262 MiB.
2026-10-10T20:31:22Z INFO [447/750] 99a67b35-ccb9-4d50-ad9f-a558d2b4d479: 114 datasets; 1.0 s; peak memory 1262 MiB.
2026-10-10T20:31:23Z INFO [448/750] 99a728fe-c819-4463-8952-beacf43cb39d: 71 datasets; 1.1 s; peak memory 1262 MiB.
2026-10-10T20:31:24Z INFO [449/750] 99a7670d-53ed-4fde-90a6-1f495e3157bd: 42 datasets; 1.0 s; peak memory 1262 MiB.
2026-10-10T20:31:26Z INFO [450/750] 99a81736-ba11-431a-879c-dbc8515d2e34: 323 datasets; 2.3 s; peak memory 1262 MiB.
2026-10-10T20:31:26Z INFO [450/750] 99a81736-ba11-431a-879c-dbc8515d2e34: checkpointed 121035 new records.
2026-10-10T20:31:42Z INFO [451/750] 99a967db-9cfc-44ed-a93d-0b77d5aa7ab7: 991 datasets; 15.4 s; peak memory 1262 MiB.
2026-10-10T20:31:43Z INFO [452/750] 99a9bac0-92a5-4963-9e33-f2ba8d9e64d9: 117 datasets; 1.1 s; peak memory 1262 MiB.
2026-10-10T20:31:43Z INFO [453/750] 99aa2d86-81c9-4b2b-98e1-b99b6924add3: 121 datasets; 0.7 s; peak memory 1262 MiB.
2026-10-10T20:31:44Z INFO [454/750] 99aa3d3e-0417-458c-8f7c-53c7fc09d27e: 42 datasets; 0.9 s; peak memory 1262 MiB.
2026-10-10T20:31:48Z INFO [455/750] 99aa9e2b-3e3f-440e-93db-61efd152cc72: 577 datasets; 3.5 s; peak memory 1262 MiB.
2026-10-10T20:31:49Z INFO [456/750] 99aabbd6-bde3-456b-8e63-b44dcf380ff7: 39 datasets; 0.8 s; peak memory 1262 MiB.
2026-10-10T20:31:50Z INFO [457/750] 99abc774-0b5e-4341-b8e4-b163a05c2797: 101 datasets; 0.9 s; peak memory 1262 MiB.
2026-10-10T20:31:50Z INFO [458/750] 99ac1bd9-c84b-4eb1-9405-08ea8a9d0b48: 48 datasets; 0.8 s; peak memory 1262 MiB.
2026-10-10T20:31:52Z INFO [459/750] 99ac521d-40ad-4e60-90a3-013f2552612a: 70 datasets; 1.6 s; peak memory 1262 MiB.
2026-10-10T20:31:53Z INFO [460/750] 99ac7ef6-2791-43f1-98be-50dc1057e704: 45 datasets; 0.7 s; peak memory 1262 MiB.
2026-10-10T20:33:21Z INFO [461/750] 99acc2f4-9bb4-4572-b99d-390d786d53de: 413 datasets; 88.8 s; peak memory 1262 MiB.
2026-10-10T20:33:22Z INFO [462/750] 99acd9bb-c374-43d0-8e0a-c00c4ca332f1: 52 datasets; 1.0 s; peak memory 1262 MiB.
2026-10-10T20:33:23Z INFO [463/750] 99aef278-eca7-44de-9460-f6be7b730cca: 48 datasets; 0.8 s; peak memory 1262 MiB.
2026-10-10T20:34:51Z INFO [464/750] 99b0895e-120f-469e-9e24-c3c448872423: 260 datasets; 87.5 s; peak memory 1262 MiB.
2026-10-10T20:34:55Z INFO [465/750] 99b0e3ae-afb2-4b62-80d8-eed6316734e2: 538 datasets; 3.9 s; peak memory 1262 MiB.
2026-10-10T20:34:57Z INFO [466/750] 99b14087-9f05-40e2-a62c-9224bc0ef4cc: 115 datasets; 2.1 s; peak memory 1262 MiB.
2026-10-10T20:34:57Z INFO [467/750] 99b194fb-2ede-4cff-b75b-9eaca6632d90: 50 datasets; 0.8 s; peak memory 1262 MiB.
2026-10-10T20:35:00Z INFO [468/750] 99b38b98-43f4-40ee-aee7-4ccfed2b1f1c: 168 datasets; 2.2 s; peak memory 1262 MiB.
2026-10-10T20:35:01Z INFO [469/750] 99b3e7d5-c8db-4383-b036-71459890a56f: 112 datasets; 0.9 s; peak memory 1262 MiB.
2026-10-10T20:35:04Z INFO [470/750] 99b670b3-8265-45f6-90e9-462d22f899d6: 537 datasets; 3.5 s; peak memory 1262 MiB.
2026-10-10T20:36:32Z INFO [471/750] 99b6803c-895e-4dd5-b006-7c3f4dd183ce: 269 datasets; 87.6 s; peak memory 1262 MiB.
2026-10-10T20:36:33Z INFO [472/750] 99b7383e-e37c-4d3a-8ff0-c36620140721: 48 datasets; 1.0 s; peak memory 1262 MiB.
2026-10-10T20:36:34Z INFO [473/750] 99b779b6-39dd-4908-8796-10f685f54bb0: 48 datasets; 0.9 s; peak memory 1262 MiB.
2026-10-10T20:36:36Z INFO [474/750] 99b7aadc-d7d2-4849-9834-17152c22f0de: 90 datasets; 2.3 s; peak memory 1262 MiB.
2026-10-10T20:36:37Z INFO [475/750] 99b8478e-828d-4550-88bc-bc992884fff6: 64 datasets; 0.9 s; peak memory 1262 MiB.
2026-10-10T20:36:38Z INFO [476/750] 99b8499f-6229-4a89-a7ac-ab1760586597: 92 datasets; 1.1 s; peak memory 1262 MiB.
2026-10-10T20:36:39Z INFO [477/750] 99b8ae90-70cb-4287-ab74-11fd44cd2cce: 48 datasets; 0.9 s; peak memory 1262 MiB.
2026-10-10T20:36:40Z INFO [478/750] 99ba2225-a82e-4380-847d-dd49241c3442: 48 datasets; 0.8 s; peak memory 1262 MiB.
2026-10-10T20:36:41Z INFO [479/750] 99bb0336-f3fb-42a6-a897-8d4634d14b0e: 66 datasets; 1.3 s; peak memory 1262 MiB.
2026-10-10T20:36:42Z INFO [480/750] 99bb9538-7361-49e3-b741-aac4617edb61: 48 datasets; 1.0 s; peak memory 1262 MiB.
2026-10-10T20:36:44Z INFO [481/750] 99bc8f67-cd68-4e97-85b1-b3768b51786b: 38 datasets; 2.1 s; peak memory 1262 MiB.
2026-10-10T20:36:45Z INFO [482/750] 99bdb7c9-2876-49a1-86c8-959e47940a65: 170 datasets; 1.2 s; peak memory 1262 MiB.
2026-10-10T20:36:46Z INFO [483/750] 99bdcf9d-e601-4ad1-84d7-b4ddb259b6a2: 46 datasets; 0.6 s; peak memory 1262 MiB.
2026-10-10T20:36:46Z INFO [484/750] 99bdfb39-717e-4711-8588-372542ff6fdd: 55 datasets; 0.6 s; peak memory 1262 MiB.
2026-10-10T20:36:47Z INFO [485/750] 99be3693-a033-4ae4-9cbe-ff6a7fc077ca: 48 datasets; 0.8 s; peak memory 1262 MiB.
2026-10-10T20:36:48Z INFO [486/750] 99be50d9-c6e6-44ea-a485-25ca8fd351b4: 101 datasets; 0.8 s; peak memory 1262 MiB.
2026-10-10T20:36:49Z INFO [487/750] 99bed602-485b-4c21-9c2f-8d7882f22afc: 117 datasets; 0.8 s; peak memory 1262 MiB.
2026-10-10T20:36:53Z INFO [488/750] 99bf42e3-6b52-4bbc-8cd5-05be17478a71: 630 datasets; 4.6 s; peak memory 1262 MiB.
2026-10-10T20:36:55Z INFO [489/750] 99c14b56-4913-49f4-bb99-09ec823008c9: 115 datasets; 1.8 s; peak memory 1262 MiB.
2026-10-10T20:36:56Z INFO [490/750] 99c1997b-0ebe-4c6d-90c7-94ee6de5cefb: 49 datasets; 1.3 s; peak memory 1262 MiB.
2026-10-10T20:36:57Z INFO [491/750] 99c1ae18-03fc-4b1c-ae3e-8e8b044440b4: 38 datasets; 0.8 s; peak memory 1262 MiB.
2026-10-10T20:37:00Z INFO [492/750] 99c2b23b-591c-4c6e-854b-62d9877a0945: 115 datasets; 2.3 s; peak memory 1262 MiB.
2026-10-10T20:37:01Z INFO [493/750] 99c2c4bd-07d5-4da5-89c2-d0cbaffcb380: 112 datasets; 1.2 s; peak memory 1262 MiB.
2026-10-10T20:37:02Z INFO [494/750] 99c4dc3e-e57c-4e71-ad14-562f0abbe039: 50 datasets; 0.8 s; peak memory 1262 MiB.
2026-10-10T20:38:37Z INFO [495/750] 99c52523-7447-4e68-8cfe-63f9225f84b8: 280 datasets; 95.4 s; peak memory 1262 MiB.
2026-10-10T20:38:39Z INFO [496/750] 99c5473c-e51c-4cbe-a48b-42cea956ad27: 158 datasets; 1.9 s; peak memory 1262 MiB.
2026-10-10T20:38:40Z INFO [497/750] 99c734c2-d93f-48f2-8436-d2741dd60e2f: 48 datasets; 0.9 s; peak memory 1262 MiB.
2026-10-10T20:38:40Z INFO [498/750] 99c74003-a904-43ce-a972-2289859ec76c: 83 datasets; 0.7 s; peak memory 1262 MiB.
2026-10-10T20:38:42Z INFO [499/750] 99c75ae0-afa4-4494-b716-9d5eae638ab6: 38 datasets; 1.7 s; peak memory 1262 MiB.
2026-10-10T20:38:43Z INFO [500/750] 99c7a71a-d8e2-44b4-9fba-669863bcddb7: 69 datasets; 1.3 s; peak memory 1262 MiB.
2026-10-10T20:38:44Z INFO [500/750] 99c7a71a-d8e2-44b4-9fba-669863bcddb7: checkpointed 121085 new records.
2026-10-10T20:38:52Z INFO [501/750] 99ca3611-49c8-41d4-a73a-a126f73853b4: 1417 datasets; 8.3 s; peak memory 1262 MiB.
2026-10-10T20:39:00Z INFO [502/750] 99ca46b8-a0eb-4b18-9e21-ec303f210d64: 406 datasets; 7.6 s; peak memory 1262 MiB.
2026-10-10T20:39:00Z INFO [503/750] 99cbeb41-9665-409b-8193-7274e3cf49b3: 38 datasets; 0.8 s; peak memory 1262 MiB.
2026-10-10T20:39:01Z INFO [504/750] 99cc22d4-56c1-4f80-b7e1-0daf338cf04f: 46 datasets; 0.5 s; peak memory 1262 MiB.
2026-10-10T20:39:02Z INFO [505/750] 99cd0a12-7709-4852-8224-1c28dc85e57d: 58 datasets; 0.7 s; peak memory 1262 MiB.
2026-10-10T20:39:02Z INFO [506/750] 99cd648d-5100-49bb-9436-abc2c4e96d0b: 117 datasets; 0.8 s; peak memory 1262 MiB.
2026-10-10T20:39:04Z INFO [507/750] 99cd6981-7368-44fc-b01c-27e41219613e: 70 datasets; 1.5 s; peak memory 1262 MiB.
2026-10-10T20:39:39Z INFO [508/750] 99cd7b6d-2b74-4e81-9f49-52d5720a0f8e: 52 datasets; 34.9 s; peak memory 1262 MiB.
2026-10-10T20:39:43Z INFO [509/750] 99cd81e6-5ab3-4751-9efd-e08fbb90ddd5: 223 datasets; 4.0 s; peak memory 1262 MiB.
2026-10-10T20:39:44Z INFO [510/750] 99cdec09-16a5-4669-ac50-f7c1bde8bc69: 112 datasets; 1.4 s; peak memory 1262 MiB.
2026-10-10T20:39:53Z INFO [511/750] 99ce14dc-20e4-4257-8a2a-5f9b8ecb6cd6: 735 datasets; 8.7 s; peak memory 1262 MiB.
2026-10-10T20:39:54Z INFO [512/750] 99ce2492-213d-46c2-9f07-57cf43385949: 69 datasets; 0.9 s; peak memory 1262 MiB.
2026-10-10T20:39:55Z INFO [513/750] 99ce26df-2ecf-4160-b306-1885d9592703: 118 datasets; 0.8 s; peak memory 1262 MiB.
2026-10-10T20:39:56Z INFO [514/750] 99ce288d-4220-4017-ad19-d1446e0e1dcc: 62 datasets; 1.1 s; peak memory 1262 MiB.
2026-10-10T20:39:57Z INFO [515/750] 99ce8820-feb0-49f6-b655-78aa8f0460fd: 174 datasets; 1.3 s; peak memory 1262 MiB.
2026-10-10T20:40:05Z INFO [516/750] 99ceb198-aaad-4d9b-9b07-d380bb91856d: 634 datasets; 8.2 s; peak memory 1262 MiB.
2026-10-10T20:40:11Z INFO [517/750] 99cee618-af08-477b-9a79-ce1f4560f2fa: 538 datasets; 5.5 s; peak memory 1262 MiB.
2026-10-10T20:40:12Z INFO [518/750] 99cf38a9-3e12-4fe1-add9-93b34e082be4: 48 datasets; 0.9 s; peak memory 1262 MiB.
2026-10-10T20:40:52Z INFO [519/750] 99cf595c-b847-4c22-954e-d677c6be54b0: 8297 datasets; 40.0 s; peak memory 1262 MiB.
2026-10-10T20:40:53Z INFO [520/750] 99cfa9da-e97d-4bc4-95bd-afcb8ceaece7: 48 datasets; 0.9 s; peak memory 1262 MiB.
2026-10-10T20:40:58Z INFO [521/750] 99d00950-624c-4a9f-afe6-7ff7a9ae6f5a: 794 datasets; 5.4 s; peak memory 1262 MiB.
2026-10-10T20:40:59Z INFO [522/750] 99d0e683-9d97-4594-8616-beab17df1cea: 69 datasets; 1.1 s; peak memory 1262 MiB.
2026-10-10T20:42:26Z INFO [523/750] 99d14398-f325-4eb9-818d-2b6f841f5bf5: 414 datasets; 87.3 s; peak memory 1262 MiB.
2026-10-10T20:42:27Z INFO [524/750] 99d15aa0-52a5-497c-a77b-8a4f1500e1d3: 48 datasets; 0.8 s; peak memory 1262 MiB.
2026-10-10T20:42:29Z INFO [525/750] 99d1b146-3e73-49ed-a372-71670f53f2c1: 71 datasets; 1.8 s; peak memory 1262 MiB.
2026-10-10T20:42:30Z INFO [526/750] 99d2582d-9ee0-4c9f-b158-68be62c0845b: 48 datasets; 0.8 s; peak memory 1262 MiB.
2026-10-10T20:42:41Z INFO [527/750] 99d2daf4-7953-4adb-88ac-378d50c8c9fd: 1999 datasets; 11.6 s; peak memory 1262 MiB.
2026-10-10T20:42:46Z INFO [528/750] 99d3b3b1-ee6f-402f-8c15-fe129157380c: 196 datasets; 4.5 s; peak memory 1262 MiB.
2026-10-10T20:42:47Z INFO [529/750] 99d3baca-7e2d-4d89-988c-f87c57e611e0: 112 datasets; 1.4 s; peak memory 1262 MiB.
2026-10-10T20:42:48Z INFO [530/750] 99d4035a-03f1-48fa-aa6e-7102b879dbb6: 48 datasets; 0.8 s; peak memory 1262 MiB.
2026-10-10T20:44:12Z INFO [531/750] 99d4895c-768e-4882-b4d2-aed08df29c48: 257 datasets; 84.0 s; peak memory 1262 MiB.
2026-10-10T20:44:13Z INFO [532/750] 99d4e54c-5261-4935-9417-fe6c00f181d9: 46 datasets; 0.7 s; peak memory 1262 MiB.
2026-10-10T20:44:14Z INFO [533/750] 99d559d5-5517-4ff8-88e6-d21873fe90da: 48 datasets; 0.7 s; peak memory 1262 MiB.
2026-10-10T20:44:15Z INFO [534/750] 99d64f65-989e-40fa-ba36-e088282517a1: 117 datasets; 0.9 s; peak memory 1262 MiB.
2026-10-10T20:44:22Z INFO [535/750] 99d66a19-ca9a-48c2-bba6-d0a827cf5733: 512 datasets; 7.1 s; peak memory 1262 MiB.
2026-10-10T20:44:23Z INFO [536/750] 99d6e5e0-c053-4a79-8f48-16dd6a44a0b6: 48 datasets; 0.9 s; peak memory 1262 MiB.
2026-10-10T20:44:26Z INFO [537/750] 99d7b895-4e80-406b-ba78-6a9584c0d9d5: 38 datasets; 3.5 s; peak memory 1262 MiB.
2026-10-10T20:44:27Z INFO [538/750] 99d80c37-41b2-4461-a839-1146e671f99b: 46 datasets; 0.9 s; peak memory 1262 MiB.
2026-10-10T20:44:28Z INFO [539/750] 99d8a206-284c-49c6-aff3-5dac1b8702d2: 48 datasets; 0.9 s; peak memory 1262 MiB.
2026-10-10T20:44:30Z INFO [540/750] 99d8ee08-f072-4efe-9abe-6cbc0cac54d8: 119 datasets; 2.0 s; peak memory 1262 MiB.
2026-10-10T20:44:31Z INFO [541/750] 99dca0aa-b722-4a1e-8638-9b57917f32bf: 68 datasets; 1.0 s; peak memory 1262 MiB.
2026-10-10T20:44:32Z INFO [542/750] 99dcfeb6-2ebb-4cd8-975a-f663b6ed5129: 66 datasets; 1.0 s; peak memory 1262 MiB.
2026-10-10T20:44:34Z INFO [543/750] 99dd8383-6ad7-44d9-8bb1-3c9618816cd2: 133 datasets; 2.5 s; peak memory 1262 MiB.
2026-10-10T20:44:35Z INFO [544/750] 99dde7a9-9c45-4dce-af97-61c795bc709b: 48 datasets; 0.8 s; peak memory 1262 MiB.
2026-10-10T20:44:36Z INFO [545/750] 99de20cb-7fb6-45f6-939d-48766d31db72: 46 datasets; 0.7 s; peak memory 1262 MiB.
2026-10-10T20:44:37Z INFO [546/750] 99de3b20-ed90-43a4-bffc-51e771d80168: 48 datasets; 0.8 s; peak memory 1262 MiB.
2026-10-10T20:44:50Z INFO [547/750] 99df159a-dd6e-4fe3-b82d-3c8b78c383b0: 904 datasets; 13.5 s; peak memory 1262 MiB.
2026-10-10T20:44:51Z INFO [548/750] 99df180e-8697-425f-b205-7a73f9afd1db: 48 datasets; 0.8 s; peak memory 1262 MiB.
2026-10-10T20:44:52Z INFO [549/750] 99df6ff7-521f-4434-bcc4-492ccf86c204: 118 datasets; 1.0 s; peak memory 1262 MiB.
2026-10-10T20:44:53Z INFO [550/750] 99e07f21-6a6e-4aa7-aec0-bb1b87f9ffc5: 48 datasets; 0.8 s; peak memory 1262 MiB.
2026-10-10T20:44:53Z INFO [550/750] 99e07f21-6a6e-4aa7-aec0-bb1b87f9ffc5: checkpointed 121135 new records.
2026-10-10T20:44:54Z INFO [551/750] 99e09f8e-93a4-401d-9920-5aa4cb6a2107: 69 datasets; 1.2 s; peak memory 1262 MiB.
2026-10-10T20:44:55Z INFO [552/750] 99e0cb90-5db4-4e89-836e-2f4e8137bc1b: 289 datasets; 1.1 s; peak memory 1262 MiB.
2026-10-10T20:44:57Z INFO [553/750] 99e0d14a-e3f5-4eed-8532-87816ba1fdaf: 150 datasets; 1.8 s; peak memory 1262 MiB.
2026-10-10T20:44:58Z INFO [554/750] 99e11e97-da07-4b32-bbdb-fade7bb5b169: 48 datasets; 0.9 s; peak memory 1262 MiB.
2026-10-10T20:45:00Z INFO [555/750] 99e1618e-140b-43b2-8ea2-b5049a471240: 156 datasets; 2.3 s; peak memory 1262 MiB.
2026-10-10T20:45:01Z INFO [556/750] 99e2413a-f239-48a6-be20-c0e946ee3f45: 117 datasets; 1.2 s; peak memory 1262 MiB.
2026-10-10T20:45:02Z INFO [557/750] 99e257b8-ca16-41a2-a55c-ebe8d8881a06: 37 datasets; 0.8 s; peak memory 1262 MiB.
2026-10-10T20:45:12Z INFO [558/750] 99e39e4a-0bb6-46cf-8adb-7969d33997e3: 677 datasets; 9.6 s; peak memory 1262 MiB.
2026-10-10T20:45:14Z INFO [559/750] 99e3f6b9-0a98-445b-b374-1a62301a1aa7: 129 datasets; 1.7 s; peak memory 1262 MiB.
2026-10-10T20:45:14Z INFO [560/750] 99e4382b-0a58-4612-9205-659be2d565b1: 48 datasets; 0.9 s; peak memory 1262 MiB.
2026-10-10T20:45:27Z INFO [561/750] 99e4560a-d4a6-45d1-939d-edf6203b0b5f: 41 datasets; 12.4 s; peak memory 1262 MiB.
2026-10-10T20:45:28Z INFO [562/750] 99e480cc-6cf6-4134-84a8-653c4bb80241: 77 datasets; 0.9 s; peak memory 1262 MiB.
2026-10-10T20:45:28Z INFO [563/750] 99e53104-4499-4344-ac4e-dad5ff6bef23: 46 datasets; 0.7 s; peak memory 1262 MiB.
2026-10-10T20:45:42Z INFO [564/750] 99e7c912-1e2a-4506-9c76-c988e936a46e: 1381 datasets; 13.4 s; peak memory 1262 MiB.
2026-10-10T20:45:43Z INFO [565/750] 99e7f0e0-897a-46f2-96d8-eb47f729e104: 117 datasets; 0.9 s; peak memory 1262 MiB.
2026-10-10T20:45:45Z INFO [566/750] 99e8b56f-046a-4c86-84b3-9f8373609533: 115 datasets; 2.3 s; peak memory 1262 MiB.
2026-10-10T20:45:51Z INFO [567/750] 99e9464b-85ef-431e-a243-73fd4308a971: 11477 datasets; 6.5 s; peak memory 1262 MiB.
2026-10-10T20:45:52Z INFO [568/750] 99ea2fa5-e2b2-4bf6-960b-3a18e06de624: 48 datasets; 0.8 s; peak memory 1262 MiB.
2026-10-10T20:45:54Z INFO [569/750] 99ea3fd5-a671-49e2-b54e-8b22a2ee8c25: 112 datasets; 1.3 s; peak memory 1262 MiB.
2026-10-10T20:46:03Z INFO [570/750] 99eac018-009c-44f0-8725-3e4f22187422: 1533 datasets; 9.9 s; peak memory 1262 MiB.
2026-10-10T20:46:08Z INFO [571/750] 99eb156b-46ab-4448-a4f5-169cbc76408b: 661 datasets; 4.5 s; peak memory 1262 MiB.
2026-10-10T20:46:14Z INFO [572/750] 99eba6e9-c9e4-46a2-943a-9b887482f2de: 591 datasets; 6.0 s; peak memory 1262 MiB.
2026-10-10T20:46:24Z INFO [573/750] 99ed1f33-b022-44e6-98fe-1603edbbdc23: 446 datasets; 10.1 s; peak memory 1262 MiB.
2026-10-10T20:46:25Z INFO [574/750] 99ed7af0-bd46-420e-992d-669d050f16fb: 56 datasets; 0.6 s; peak memory 1262 MiB.
2026-10-10T20:46:52Z INFO [575/750] 99ee2787-2115-4ba4-89e7-7a1d740e3ad8: 2554 datasets; 27.8 s; peak memory 1262 MiB.
2026-10-10T20:46:53Z INFO [576/750] 99ee3d45-c6b4-47da-89ff-610303e90843: 50 datasets; 0.8 s; peak memory 1262 MiB.
2026-10-10T20:46:54Z INFO [577/750] 99eea42c-37f0-49d0-a665-560ac45e3a4c: 48 datasets; 0.9 s; peak memory 1262 MiB.
2026-10-10T20:46:55Z INFO [578/750] 99eefedf-c28d-4ba0-9dc0-e8591d213415: 48 datasets; 0.7 s; peak memory 1262 MiB.
2026-10-10T20:46:56Z INFO [579/750] 99ef0851-dcb1-44fd-8490-79bd5bbec4ff: 118 datasets; 1.2 s; peak memory 1262 MiB.
2026-10-10T20:46:57Z INFO [580/750] 99ef2269-6004-40c5-8c5b-fb2444d953fd: 112 datasets; 1.3 s; peak memory 1262 MiB.
2026-10-10T20:46:58Z INFO [581/750] 99efbb66-8f2e-4379-b6d0-22a8b8bf5dd1: 48 datasets; 1.0 s; peak memory 1262 MiB.
2026-10-10T20:47:00Z INFO [582/750] 99efc76d-16fb-49df-8f5e-1efc61da8683: 112 datasets; 1.2 s; peak memory 1262 MiB.
2026-10-10T20:47:00Z INFO [583/750] 99f0ee5a-a3d4-495e-be8f-39a9255b6f02: 48 datasets; 0.8 s; peak memory 1262 MiB.
2026-10-10T20:47:01Z INFO [584/750] 99f18dd9-2999-4066-81ce-dfb792b6aca4: 112 datasets; 0.8 s; peak memory 1262 MiB.
2026-10-10T20:47:02Z INFO [585/750] 99f24a96-13b4-4544-9950-9903dc688d4b: 48 datasets; 0.8 s; peak memory 1262 MiB.
2026-10-10T20:47:03Z INFO [586/750] 99f2bec6-039a-441f-9626-badbb159d9f7: 117 datasets; 0.9 s; peak memory 1262 MiB.
2026-10-10T20:47:13Z INFO [587/750] 99f2f156-34fa-4dd9-b43e-1d04ee07d548: 825 datasets; 9.9 s; peak memory 1262 MiB.
2026-10-10T20:47:28Z INFO [588/750] 99f3b428-8920-4873-b423-3c003fe8c69d: 48 datasets; 15.5 s; peak memory 1262 MiB.
2026-10-10T20:49:03Z INFO [589/750] 99f4e350-eebe-40c9-b7c0-ffeacecdba13: 99 datasets; 94.3 s; peak memory 1262 MiB.
2026-10-10T20:49:04Z INFO [590/750] 99f57cf9-8534-4d61-9660-afb920385f32: 152 datasets; 1.5 s; peak memory 1262 MiB.
2026-10-10T20:49:09Z INFO [591/750] 99f60b25-2b6c-46d1-8af5-ca74b3233690: 294 datasets; 5.3 s; peak memory 1262 MiB.
2026-10-10T20:49:10Z INFO [592/750] 99f61a7b-2804-497f-89a3-e073378c5357: 46 datasets; 0.8 s; peak memory 1262 MiB.
2026-10-10T20:49:26Z INFO [593/750] 99f6b740-4b91-4abe-8c8d-0a4107165a96: 48 datasets; 16.1 s; peak memory 1262 MiB.
2026-10-10T20:49:28Z INFO [594/750] 99f6c7ad-df65-4cb6-aedb-2ded3849f70c: 71 datasets; 1.7 s; peak memory 1262 MiB.
2026-10-10T20:49:29Z INFO [595/750] 99f6e4e9-231e-4534-8544-3feb8204caf9: 50 datasets; 0.6 s; peak memory 1262 MiB.
2026-10-10T20:49:31Z INFO [596/750] 99f75d45-f4fc-4ffa-ac28-2227315b3fc6: 191 datasets; 2.1 s; peak memory 1262 MiB.
2026-10-10T20:49:32Z INFO [597/750] 99f76e35-225b-45bc-9dba-4da16b9017d2: 124 datasets; 1.6 s; peak memory 1262 MiB.
2026-10-10T20:49:54Z INFO [598/750] 99f7add5-d774-4a58-ba12-544bfe191c10: 1067 datasets; 21.7 s; peak memory 1262 MiB.
2026-10-10T20:50:02Z INFO [599/750] 99f82084-922e-4193-b1a0-0c411ea95abd: 44 datasets; 7.9 s; peak memory 1262 MiB.
2026-10-10T20:50:06Z INFO [600/750] 99f9508f-ef71-4363-bd2f-c7585271eadd: 425 datasets; 3.9 s; peak memory 1262 MiB.
2026-10-10T20:50:06Z INFO [600/750] 99f9508f-ef71-4363-bd2f-c7585271eadd: checkpointed 121185 new records.
2026-10-10T20:50:08Z INFO [601/750] 99f9749c-bfe1-4fc7-b753-b7649c72d26f: 90 datasets; 2.2 s; peak memory 1262 MiB.
2026-10-10T20:50:09Z INFO [602/750] 99f9afff-a2e5-4211-a56d-a4787e655dcd: 71 datasets; 1.2 s; peak memory 1262 MiB.
2026-10-10T20:50:13Z INFO [603/750] 99f9bdf4-41b7-4f73-aeed-3114a65c75c3: 200 datasets; 3.8 s; peak memory 1262 MiB.
2026-10-10T20:50:14Z INFO [604/750] 99fb1575-6b06-404d-8fc5-60dba785a37d: 48 datasets; 0.8 s; peak memory 1262 MiB.
2026-10-10T20:50:15Z INFO [605/750] 99fb506b-0e12-4bc4-bdd8-25e6aa3a5e08: 71 datasets; 1.3 s; peak memory 1262 MiB.
2026-10-10T20:50:17Z INFO [606/750] 99fb91ac-c53a-415b-a075-df5282a1387a: 92 datasets; 1.9 s; peak memory 1262 MiB.
2026-10-10T20:50:18Z INFO [607/750] 99fbace3-4f55-4029-bd04-3e4cb66259b0: 42 datasets; 1.1 s; peak memory 1262 MiB.
2026-10-10T20:50:19Z INFO [608/750] 99fbb5fd-a884-4788-be06-6aa3f86978ab: 117 datasets; 0.8 s; peak memory 1262 MiB.
2026-10-10T20:50:25Z INFO [609/750] 99fbea9d-4444-44b6-a76e-4091f4b139cd: 733 datasets; 5.6 s; peak memory 1262 MiB.
2026-10-10T20:50:26Z INFO [610/750] 99fbfd3e-e2da-443a-a3f9-42c44a25c770: 112 datasets; 1.0 s; peak memory 1262 MiB.
2026-10-10T20:50:26Z INFO [611/750] 99fc8d8e-035f-4056-a59d-675b76424b7d: 46 datasets; 0.8 s; peak memory 1262 MiB.
2026-10-10T20:50:27Z INFO [612/750] 99fe2663-8313-4883-8d20-9bddbdd76032: 117 datasets; 1.0 s; peak memory 1262 MiB.
2026-10-10T20:50:28Z INFO [613/750] 99fe95c5-19d6-4044-9cc0-473307354057: 46 datasets; 0.6 s; peak memory 1262 MiB.
2026-10-10T20:50:30Z INFO [614/750] 99ff1dc2-f5fc-408e-9708-adbd5d95995e: 98 datasets; 2.1 s; peak memory 1262 MiB.
2026-10-10T20:50:31Z INFO [615/750] 99ffef27-709b-4e44-b2c0-6a84422ed746: 48 datasets; 0.8 s; peak memory 1262 MiB.
2026-10-10T20:50:33Z INFO [616/750] 9a009c72-dfd3-4345-8d50-ba98dc7482d9: 116 datasets; 2.0 s; peak memory 1262 MiB.
2026-10-10T20:50:34Z INFO [617/750] 9a00f79a-c742-4745-9dee-7ad70da0c599: 118 datasets; 1.0 s; peak memory 1262 MiB.
2026-10-10T20:50:35Z INFO [618/750] 9a010c53-c42f-40c5-8260-b606c546bd7e: 289 datasets; 1.1 s; peak memory 1262 MiB.
2026-10-10T20:50:38Z INFO [619/750] 9a021b5a-35ee-448c-9cb0-92445a347b62: 46 datasets; 2.5 s; peak memory 1262 MiB.
2026-10-10T20:50:39Z INFO [620/750] 9a0235b5-4925-429b-9adf-e14e08eec141: 44 datasets; 0.9 s; peak memory 1262 MiB.
2026-10-10T20:50:39Z INFO [621/750] 9a03090f-4c3e-498b-b4d8-350192226445: 48 datasets; 0.7 s; peak memory 1262 MiB.
2026-10-10T20:50:40Z INFO [622/750] 9a033ea9-3c1a-4162-85ac-88ec74de9a9a: 116 datasets; 1.2 s; peak memory 1262 MiB.
2026-10-10T20:50:41Z INFO [623/750] 9a034f29-e11c-414b-ba21-eddf5bf19dcd: 49 datasets; 0.8 s; peak memory 1262 MiB.
2026-10-10T20:50:42Z INFO [624/750] 9a037cce-d9f1-4cfc-9a30-923e0110043a: 48 datasets; 0.8 s; peak memory 1262 MiB.
2026-10-10T20:50:59Z INFO [625/750] 9a0450f0-8ee9-4961-80c8-438df36cb5d6: 1166 datasets; 16.9 s; peak memory 1262 MiB.
2026-10-10T20:51:03Z INFO [626/750] 9a049848-caf1-4f8f-8e3e-4367a9431138: 229 datasets; 3.9 s; peak memory 1262 MiB.
2026-10-10T20:51:04Z INFO [627/750] 9a04ac5a-ec6a-443d-9bd6-0d9a93a8e6d4: 118 datasets; 1.0 s; peak memory 1262 MiB.
2026-10-10T20:51:06Z INFO [628/750] 9a050b8a-1f53-40c2-9a1c-21c819082d54: 110 datasets; 1.6 s; peak memory 1262 MiB.
2026-10-10T20:51:16Z INFO [629/750] 9a05c22c-edb4-4c93-abeb-219300559053: 428 datasets; 10.2 s; peak memory 1262 MiB.
2026-10-10T20:51:16Z INFO [630/750] 9a0631f6-420b-422f-8e3e-fb003289ef9a: 55 datasets; 0.6 s; peak memory 1262 MiB.
2026-10-10T20:51:17Z INFO [631/750] 9a06476e-03a3-4dcd-bd3a-f317be183714: 37 datasets; 0.7 s; peak memory 1262 MiB.
2026-10-10T20:51:18Z INFO [632/750] 9a0746b5-c1f8-4896-9143-bc3bf1c89bbc: 38 datasets; 0.7 s; peak memory 1262 MiB.
2026-10-10T20:51:18Z INFO [633/750] 9a08a9b9-9e43-4f36-bc0f-104d4b98dc60: 48 datasets; 0.7 s; peak memory 1262 MiB.
2026-10-10T20:51:20Z INFO [634/750] 9a08c54a-e956-4691-84b0-12beea01ff12: 112 datasets; 1.1 s; peak memory 1262 MiB.
2026-10-10T20:51:20Z INFO [635/750] 9a0979c8-f6b7-42c4-a2b9-c9db987a3e9b: 47 datasets; 0.7 s; peak memory 1262 MiB.
2026-10-10T20:51:26Z INFO [636/750] 9a09e480-1d9a-47bc-b882-48d1dbe66968: 106 datasets; 5.8 s; peak memory 1262 MiB.
2026-10-10T20:51:27Z INFO [637/750] 9a09f998-ea67-405a-a771-f035d4f452ab: 84 datasets; 0.8 s; peak memory 1262 MiB.
2026-10-10T20:51:34Z INFO [638/750] 9a0aff2f-6abb-4350-8ce4-f62b21985b1f: 614 datasets; 6.8 s; peak memory 1262 MiB.
2026-10-10T20:51:34Z INFO [639/750] 9a0b4838-a562-41cf-ab0b-87bb041f71f9: 116 datasets; 0.8 s; peak memory 1262 MiB.
2026-10-10T20:51:41Z INFO [640/750] 9a0dd3f7-2da0-4499-9ad4-8399a9d71826: 837 datasets; 6.2 s; peak memory 1262 MiB.
2026-10-10T20:51:46Z INFO [641/750] 9a0e4640-c2f7-41d5-af3b-2f3d6315f9d0: 38 datasets; 5.5 s; peak memory 1262 MiB.
2026-10-10T20:52:18Z INFO [642/750] 9a0e77ea-d492-4924-8bbf-7a824c658003: 2906 datasets; 32.0 s; peak memory 1262 MiB.
2026-10-10T20:52:19Z INFO [643/750] 9a0f3352-90b0-493e-9e54-166151de16c5: 69 datasets; 1.1 s; peak memory 1262 MiB.
2026-10-10T20:52:20Z INFO [644/750] 9a0f5cf7-9311-4da6-8107-2ba043da1d4b: 48 datasets; 1.0 s; peak memory 1262 MiB.
2026-10-10T20:52:21Z INFO [645/750] 9a0fc7f3-7a64-4d60-a03b-a37173d3ecd4: 117 datasets; 1.0 s; peak memory 1262 MiB.
2026-10-10T20:52:32Z INFO [646/750] 9a0fe286-2a30-453a-800e-cd5c7f05d7fb: 2887 datasets; 10.5 s; peak memory 1262 MiB.
2026-10-10T20:52:33Z INFO [647/750] 9a11084b-cb88-4db5-afcf-946069651499: 112 datasets; 0.9 s; peak memory 1262 MiB.
2026-10-10T20:52:33Z INFO [648/750] 9a11699e-d6ab-4f4a-831d-3b0fed94cb8e: 56 datasets; 0.7 s; peak memory 1262 MiB.
2026-10-10T20:52:42Z INFO [649/750] 9a11eab6-2860-4b89-88be-838c777e15f3: 1562 datasets; 8.7 s; peak memory 1262 MiB.
2026-10-10T20:52:43Z INFO [650/750] 9a12a592-238d-4c93-8cae-f43b03aea1dc: 117 datasets; 0.9 s; peak memory 1262 MiB.
2026-10-10T20:52:43Z INFO [650/750] 9a12a592-238d-4c93-8cae-f43b03aea1dc: checkpointed 121235 new records.
2026-10-10T20:52:44Z INFO [651/750] 9a132592-ec11-4c55-970a-ee76e21861aa: 48 datasets; 0.8 s; peak memory 1262 MiB.
2026-10-10T20:52:45Z INFO [652/750] 9a134b97-4c26-4630-bca8-a7fc4d74fc43: 48 datasets; 0.8 s; peak memory 1262 MiB.
2026-10-10T20:52:46Z INFO [653/750] 9a14140d-938b-438a-9f01-130b100c9a1b: 71 datasets; 1.4 s; peak memory 1262 MiB.
2026-10-10T20:52:49Z INFO [654/750] 9a141e16-da9f-4114-9851-a8022ce846cd: 229 datasets; 3.3 s; peak memory 1262 MiB.
2026-10-10T20:52:50Z INFO [655/750] 9a14a839-4af3-448e-ba22-718c2bb37cf7: 44 datasets; 0.7 s; peak memory 1262 MiB.
2026-10-10T20:52:51Z INFO [656/750] 9a14d83d-b81f-4014-8551-cc8b42b4ce55: 275 datasets; 1.1 s; peak memory 1262 MiB.
2026-10-10T20:52:55Z INFO [657/750] 9a17afa8-6886-4765-a991-ea2ab25c1cb5: 229 datasets; 4.0 s; peak memory 1262 MiB.
2026-10-10T20:52:56Z INFO [658/750] 9a17c75d-c820-426d-8772-6812279151a4: 117 datasets; 1.0 s; peak memory 1262 MiB.
2026-10-10T20:52:58Z INFO [659/750] 9a180e4d-6fb8-4743-a637-22ee6f80a7e2: 152 datasets; 1.7 s; peak memory 1262 MiB.
2026-10-10T20:52:59Z INFO [660/750] 9a1834be-74a1-4be8-8d13-dbf42d3be8b0: 112 datasets; 1.0 s; peak memory 1262 MiB.
2026-10-10T20:53:00Z INFO [661/750] 9a190417-9ff9-4e87-a339-6907ba9c5d43: 70 datasets; 1.5 s; peak memory 1262 MiB.
2026-10-10T20:53:01Z INFO [662/750] 9a1a2d4b-5fad-4c0b-8f58-055514fc0f7c: 48 datasets; 0.8 s; peak memory 1262 MiB.
2026-10-10T20:53:02Z INFO [663/750] 9a1a6b9e-076c-4b38-b513-5f1834793794: 70 datasets; 0.9 s; peak memory 1262 MiB.
2026-10-10T20:53:07Z INFO [664/750] 9a1ac705-3cfc-452e-a20a-a46f4913bfd5: 49 datasets; 5.4 s; peak memory 1262 MiB.
2026-10-10T20:53:09Z INFO [665/750] 9a1b516d-3734-4e5d-b058-53dce4a0bcdc: 52 datasets; 1.1 s; peak memory 1262 MiB.
2026-10-10T20:53:10Z INFO [666/750] 9a1c8a6a-8259-4a58-988a-a3b91c74191c: 117 datasets; 1.2 s; peak memory 1262 MiB.
2026-10-10T20:53:11Z INFO [667/750] 9a1d2969-1ec9-4836-918b-518dce19e19f: 47 datasets; 0.9 s; peak memory 1262 MiB.
2026-10-10T20:53:12Z INFO [668/750] 9a1d5e14-5800-4a5e-9579-db91e68e14e2: 118 datasets; 1.2 s; peak memory 1262 MiB.
2026-10-10T20:53:13Z INFO [669/750] 9a1da823-2d93-4e97-bd72-710bebeb15cc: 112 datasets; 1.3 s; peak memory 1262 MiB.
2026-10-10T20:53:15Z INFO [670/750] 9a1e53a1-3aee-459a-b8ee-c844ec76c46c: 112 datasets; 1.4 s; peak memory 1262 MiB.
2026-10-10T20:53:16Z INFO [671/750] 9a1efe5b-1a6a-43b1-ab62-bb387b63f125: 112 datasets; 1.3 s; peak memory 1262 MiB.
2026-10-10T20:53:17Z INFO [672/750] 9a1f3e00-ed34-4ab7-969f-9d56f5d8cfb3: 111 datasets; 0.9 s; peak memory 1262 MiB.
2026-10-10T20:53:18Z INFO [673/750] 9a1fc9cb-3ed8-4c94-bfd9-b5a9540d3a3b: 112 datasets; 1.0 s; peak memory 1262 MiB.
2026-10-10T20:53:19Z INFO [674/750] 9a20120b-826e-4cb0-b1bf-5612375e1487: 112 datasets; 1.0 s; peak memory 1262 MiB.
2026-10-10T20:53:21Z INFO [675/750] 9a20e160-753a-4f2a-8319-d847cf9255af: 38 datasets; 2.0 s; peak memory 1262 MiB.
2026-10-10T20:53:30Z INFO [676/750] 9a210a95-7179-405f-b1eb-e6c81adc1f03: 1015 datasets; 9.0 s; peak memory 1262 MiB.
2026-10-10T20:53:31Z INFO [677/750] 9a2142be-f50e-4ac4-ad9e-eeefcf930e95: 66 datasets; 1.0 s; peak memory 1262 MiB.
2026-10-10T20:53:57Z INFO [678/750] 9a21f29a-765e-4464-80aa-d3b7a094ee1d: 9842 datasets; 26.6 s; peak memory 1262 MiB.
2026-10-10T20:53:58Z INFO [679/750] 9a220a6f-daaf-4ccb-8876-a6cd458132d0: 49 datasets; 0.9 s; peak memory 1262 MiB.
2026-10-10T20:54:09Z INFO [680/750] 9a224b34-b00a-4bb8-9c51-83c4e4b0a024: 428 datasets; 10.9 s; peak memory 1262 MiB.
2026-10-10T20:54:10Z INFO [681/750] 9a22bc82-cd45-426c-bc82-c27e86e9b7fa: 117 datasets; 0.9 s; peak memory 1262 MiB.
2026-10-10T20:54:11Z INFO [682/750] 9a23a88f-8969-4b1f-bbc7-0de778205e65: 112 datasets; 1.0 s; peak memory 1262 MiB.
2026-10-10T20:54:12Z INFO [683/750] 9a242422-391a-418c-a576-c004b0b8673a: 46 datasets; 0.7 s; peak memory 1262 MiB.
2026-10-10T20:54:14Z INFO [684/750] 9a2425eb-5f3f-4973-9e3b-05065035cb4c: 90 datasets; 1.9 s; peak memory 1262 MiB.
2026-10-10T20:54:15Z INFO [685/750] 9a250021-37b0-4e9e-97ef-a1ead3d4d5d6: 112 datasets; 1.4 s; peak memory 1262 MiB.
2026-10-10T20:54:20Z INFO [686/750] 9a25d8c2-d202-46bb-bb65-958655fc5c72: 794 datasets; 4.7 s; peak memory 1262 MiB.
2026-10-10T20:54:21Z INFO [687/750] 9a276b5a-237d-4fb6-bd69-5933129c565f: 74 datasets; 1.1 s; peak memory 1262 MiB.
2026-10-10T20:54:22Z INFO [688/750] 9a284440-6d9f-4c58-8de2-0dc94b753019: 47 datasets; 0.6 s; peak memory 1262 MiB.
2026-10-10T20:54:23Z INFO [689/750] 9a285cb7-d2f0-4431-a9fa-42726676b429: 112 datasets; 1.3 s; peak memory 1262 MiB.
2026-10-10T20:54:25Z INFO [690/750] 9a29f6af-06a1-4898-a47d-dc14efa1e31a: 116 datasets; 1.7 s; peak memory 1262 MiB.
2026-10-10T20:54:27Z INFO [691/750] 9a2b8de5-aba2-45e6-8fd7-8e65ce371528: 119 datasets; 2.1 s; peak memory 1262 MiB.
2026-10-10T20:54:28Z INFO [692/750] 9a2c6651-0cd8-4596-bdc7-f003ba00d2a6: 117 datasets; 0.9 s; peak memory 1262 MiB.
2026-10-10T20:54:28Z INFO [693/750] 9a2d2691-08ce-4b8c-bcaf-bf49f24957c6: 48 datasets; 0.8 s; peak memory 1262 MiB.
2026-10-10T20:54:29Z INFO [694/750] 9a2d8d6e-8c85-4dbe-ad74-4508a3c9c1d0: 112 datasets; 1.0 s; peak memory 1262 MiB.
2026-10-10T20:54:30Z INFO [695/750] 9a2ddc8c-6e77-45d8-b5d7-1b1c0d374c2f: 50 datasets; 0.8 s; peak memory 1262 MiB.
2026-10-10T20:54:32Z INFO [696/750] 9a2f13e2-921e-4d72-bcfb-49893d741e96: 71 datasets; 1.4 s; peak memory 1262 MiB.
2026-10-10T20:54:33Z INFO [697/750] 9a2f37e2-ce34-4280-9dcd-cb9df7507090: 104 datasets; 1.7 s; peak memory 1262 MiB.
2026-10-10T20:54:34Z INFO [698/750] 9a303924-f490-463a-b2cf-fe3dcb4339c9: 69 datasets; 1.1 s; peak memory 1262 MiB.
2026-10-10T20:54:36Z INFO [699/750] 9a306eec-f674-4dc9-ac78-8414665f1641: 66 datasets; 1.1 s; peak memory 1262 MiB.
2026-10-10T20:54:37Z INFO [700/750] 9a3145c1-5318-4e4c-bfd6-3132d619e4c4: 69 datasets; 1.1 s; peak memory 1262 MiB.
2026-10-10T20:54:37Z INFO [700/750] 9a3145c1-5318-4e4c-bfd6-3132d619e4c4: checkpointed 121285 new records.
2026-10-10T20:54:38Z INFO [701/750] 9a3242d2-7e24-443d-93dd-5d53bdaa566a: 48 datasets; 0.9 s; peak memory 1262 MiB.
2026-10-10T20:54:38Z INFO [702/750] 9a32f745-9c1b-4d83-9e86-8196b2ba38bd: 51 datasets; 0.7 s; peak memory 1262 MiB.
2026-10-10T20:54:41Z INFO [703/750] 9a3406e7-aae8-41fa-9a9d-d5e3549eb7c2: 138 datasets; 2.5 s; peak memory 1262 MiB.
2026-10-10T20:54:43Z INFO [704/750] 9a3408e3-0dad-488b-95bd-fe73c9868704: 115 datasets; 2.4 s; peak memory 1262 MiB.
2026-10-10T20:54:44Z INFO [705/750] 9a34495e-cdd3-4ce4-91a6-de110a87ec2b: 48 datasets; 0.8 s; peak memory 1262 MiB.
2026-10-10T20:54:45Z INFO [706/750] 9a346d86-415b-425c-adee-e2647e76959f: 112 datasets; 1.0 s; peak memory 1262 MiB.
2026-10-10T20:54:47Z INFO [707/750] 9a349c64-a8fb-4304-b85d-34222f553700: 98 datasets; 1.9 s; peak memory 1262 MiB.
2026-10-10T20:54:52Z INFO [708/750] 9a34be95-b62c-4610-8238-99725c4a784b: 538 datasets; 4.7 s; peak memory 1262 MiB.
2026-10-10T20:54:53Z INFO [709/750] 9a36242e-80a4-4ebc-bda8-053a14e04e1c: 112 datasets; 1.4 s; peak memory 1262 MiB.
2026-10-10T20:54:54Z INFO [710/750] 9a366820-8437-47f9-b518-57d8ce573659: 112 datasets; 1.2 s; peak memory 1262 MiB.
2026-10-10T20:54:55Z INFO [711/750] 9a3687f5-f0c3-413f-8aac-d3aa4c7cf5db: 54 datasets; 0.6 s; peak memory 1262 MiB.
2026-10-10T20:54:59Z INFO [712/750] 9a36bd4a-d24c-4bfa-96f8-88fa3bba62a7: 540 datasets; 3.8 s; peak memory 1262 MiB.
2026-10-10T20:55:03Z INFO [713/750] 9a36c69f-0967-4634-ad78-7890f5515db9: 454 datasets; 4.5 s; peak memory 1262 MiB.
2026-10-10T20:55:04Z INFO [714/750] 9a3766c8-da46-42a9-9ca7-1bccc803b766: 48 datasets; 0.9 s; peak memory 1262 MiB.
2026-10-10T20:55:05Z INFO [715/750] 9a384c19-779d-4025-8d78-668daf6d023e: 117 datasets; 1.0 s; peak memory 1262 MiB.
2026-10-10T20:55:06Z INFO [716/750] 9a3875d5-84f6-47b9-8bef-d6eccedd47bb: 247 datasets; 1.3 s; peak memory 1262 MiB.
2026-10-10T20:55:07Z INFO [717/750] 9a38a933-8676-4397-9767-4100c4b23d33: 112 datasets; 1.3 s; peak memory 1262 MiB.
2026-10-10T20:55:08Z INFO [718/750] 9a39f1af-bd2f-4326-9b39-250eaa764cb4: 48 datasets; 0.8 s; peak memory 1262 MiB.
2026-10-10T20:55:09Z INFO [719/750] 9a3a50e5-4cde-4576-9a09-cefd7e5ded0c: 117 datasets; 1.0 s; peak memory 1262 MiB.
2026-10-10T20:55:10Z INFO [720/750] 9a3b3ebf-4899-4207-a987-8642ec8fe7ef: 48 datasets; 0.8 s; peak memory 1262 MiB.
2026-10-10T20:55:11Z INFO [721/750] 9a3b7f8e-fd0c-4b9b-bab2-7e675b64e0f8: 112 datasets; 0.9 s; peak memory 1262 MiB.
2026-10-10T20:55:12Z INFO [722/750] 9a3bd368-dd2d-41ce-a889-b836f7a0f1a3: 116 datasets; 0.9 s; peak memory 1262 MiB.
2026-10-10T20:55:13Z INFO [723/750] 9a3c385f-de2f-4795-b42c-7ad0701d7963: 37 datasets; 0.6 s; peak memory 1262 MiB.
2026-10-10T20:55:14Z INFO [724/750] 9a3c85c6-4719-46ce-9448-55cf13d24777: 117 datasets; 1.0 s; peak memory 1262 MiB.
2026-10-10T20:55:18Z INFO [725/750] 9a3f45ec-090d-4434-a2cd-dc39f4f0a7a5: 54 datasets; 4.2 s; peak memory 1262 MiB.
2026-10-10T20:56:01Z INFO [726/750] 9a4006ca-d23d-4f26-ad81-9cf2117bbcd3: 106 datasets; 42.8 s; peak memory 1262 MiB.
2026-10-10T20:56:01Z INFO [727/750] 9a4013ae-af47-499e-bd8e-8abf1391fc59: 48 datasets; 0.8 s; peak memory 1262 MiB.
2026-10-10T20:56:02Z INFO [728/750] 9a40a7b5-c4f7-4a86-aa57-04ca5dee60a5: 56 datasets; 0.5 s; peak memory 1262 MiB.
2026-10-10T20:56:11Z INFO [729/750] 9a4107a7-fe28-4a7a-ad4c-22f508635080: 737 datasets; 9.5 s; peak memory 1262 MiB.
2026-10-10T20:56:13Z INFO [730/750] 9a41387e-c02c-448b-8ec4-911f74c6bb95: 49 datasets; 1.2 s; peak memory 1262 MiB.
2026-10-10T20:56:13Z INFO [731/750] 9a419ed3-7a7c-4ff9-b00f-7e3fda183a2e: 39 datasets; 0.8 s; peak memory 1262 MiB.
2026-10-10T20:56:14Z INFO [732/750] 9a43aaa7-0192-4822-8af5-7cfbd6c5435d: 110 datasets; 1.0 s; peak memory 1262 MiB.
2026-10-10T20:56:17Z INFO [733/750] 9a43eb88-bc8e-4649-89a6-a28e6cac8ef6: 85 datasets; 2.3 s; peak memory 1262 MiB.
2026-10-10T20:56:17Z INFO [734/750] 9a441792-7215-47df-aaa4-986c5440c775: 48 datasets; 0.8 s; peak memory 1262 MiB.
2026-10-10T20:56:18Z INFO [735/750] 9a44dfe7-9864-4688-b1a3-385bf4f257e7: 48 datasets; 0.8 s; peak memory 1262 MiB.
2026-10-10T20:56:19Z INFO [736/750] 9a44f976-11ed-4c81-8ca5-a3a45ae5e942: 115 datasets; 1.0 s; peak memory 1262 MiB.
2026-10-10T20:56:20Z INFO [737/750] 9a4528e0-cc00-47ed-b60a-ca0f050c6892: 52 datasets; 1.0 s; peak memory 1262 MiB.
2026-10-10T20:56:21Z INFO [738/750] 9a47c2e5-837c-4503-8188-125decc78549: 110 datasets; 1.1 s; peak memory 1262 MiB.
2026-10-10T20:56:22Z INFO [739/750] 9a48ad9e-6b52-4bc4-b400-570961d79578: 48 datasets; 0.8 s; peak memory 1262 MiB.
2026-10-10T20:56:23Z INFO [740/750] 9a49ff68-b8a2-484d-851a-31e49051e8e4: 118 datasets; 0.9 s; peak memory 1262 MiB.
2026-10-10T20:57:02Z INFO [741/750] 9a4a2267-6706-4a82-8336-0f9cd40ada26: 87 datasets; 39.5 s; peak memory 1262 MiB.
2026-10-10T20:57:07Z INFO [742/750] 9a4af5a2-2c58-4dbd-a74b-be75df1cd518: 196 datasets; 4.7 s; peak memory 1262 MiB.
2026-10-10T20:57:08Z INFO [743/750] 9a4c647e-1314-4ed5-8cdd-85af7c28e12a: 48 datasets; 0.7 s; peak memory 1262 MiB.
2026-10-10T20:57:09Z INFO [744/750] 9a4ce03c-6792-4654-b484-a4a198edbbd5: 39 datasets; 0.8 s; peak memory 1262 MiB.
2026-10-10T20:57:09Z INFO [745/750] 9a4cf618-8f52-4dc3-a6f7-e2c43f185b49: 42 datasets; 0.9 s; peak memory 1262 MiB.
2026-10-10T20:57:11Z INFO [746/750] 9a4d0ec2-b8d2-42f8-a03f-1da67c1859dd: 91 datasets; 1.8 s; peak memory 1262 MiB.
2026-10-10T20:57:12Z INFO [747/750] 9a4d978d-0fc9-4844-abed-62e979b477df: 48 datasets; 0.7 s; peak memory 1262 MiB.
2026-10-10T20:57:13Z INFO [748/750] 9a4ddeda-78ff-472b-b9ef-3ebe47ebd6bc: 112 datasets; 1.0 s; peak memory 1262 MiB.
2026-10-10T20:57:41Z INFO [749/750] 9a4e020c-e665-408c-9bd6-5d3100f7626a: 9204 datasets; 28.5 s; peak memory 1262 MiB.
2026-10-10T20:57:42Z INFO [750/750] 9a4e4131-efc5-4bb9-99ac-86a8b6ea5dac: 48 datasets; 0.7 s; peak memory 1262 MiB.
2026-10-10T20:57:42Z INFO [750/750] 9a4e4131-efc5-4bb9-99ac-86a8b6ea5dac: checkpointed 121335 new records.
2026-10-10T20:57:42Z INFO Wrote 121335 records to /tmp/derivatives/valid_nwb_file_to_number_of_datasets.jsonl (750 new, 0 failed) in 111.3 min (peak memory 1262 MiB).
