2026-10-08T18:13:22Z INFO Logging to /tmp/logs/update_2026-10-08T18-13-22Z.log.
2026-10-08T18:13:22Z INFO Update valid-nwb-file-to-number-of-datasets (base directory /tmp).
2026-10-08T18:13:22Z INFO Processing 750 items (101835 already recorded).
2026-10-08T18:13:24Z INFO [1/750] 71f6126f-8dcb-4699-aecf-8ef21f489932: 112 datasets; 2.1 s; peak memory 119 MiB.
2026-10-08T18:13:32Z INFO [2/750] 71f70233-9c8f-4e42-9174-064603d21281: 53 datasets; 7.4 s; peak memory 130 MiB.
2026-10-08T18:13:33Z INFO [3/750] 71f7da82-f321-4a25-8a84-033405291012: 118 datasets; 1.6 s; peak memory 130 MiB.
2026-10-08T18:13:35Z INFO [4/750] 71f830ec-537e-4cb2-803d-f076b572ad75: 117 datasets; 1.5 s; peak memory 130 MiB.
2026-10-08T18:13:36Z INFO [5/750] 71f88f3f-7a8e-4df7-8fc0-b35336eb5f3e: 52 datasets; 1.4 s; peak memory 130 MiB.
2026-10-08T18:13:38Z INFO [6/750] 71fa325b-52e3-4953-a0ce-79a780e87fc1: 117 datasets; 1.5 s; peak memory 130 MiB.
2026-10-08T18:13:39Z INFO [7/750] 71fb1bdd-1860-458b-b410-3ff9ead64fcd: 69 datasets; 1.9 s; peak memory 130 MiB.
2026-10-08T18:13:55Z INFO [8/750] 71fcce06-bbc7-4494-bf47-999537bc3f76: 233 datasets; 15.9 s; peak memory 143 MiB.
2026-10-08T18:13:57Z INFO [9/750] 71fd3f76-5500-4f74-ae8e-cbb61e13de0a: 41 datasets; 1.1 s; peak memory 143 MiB.
2026-10-08T18:13:58Z INFO [10/750] 71fdab1e-22de-41de-ad5a-0852d0fe58b9: 116 datasets; 1.4 s; peak memory 143 MiB.
2026-10-08T18:14:00Z INFO [11/750] 71fde36c-8a81-4fd5-974b-b0358addf6a4: 118 datasets; 2.4 s; peak memory 143 MiB.
2026-10-08T18:14:02Z INFO [12/750] 71fe5bc0-f3e3-464d-8222-4929c924e8b3: 142 datasets; 1.7 s; peak memory 143 MiB.
2026-10-08T18:14:05Z INFO [13/750] 71ff16a6-7f9a-43eb-9658-f7c6b37001d1: 73 datasets; 2.6 s; peak memory 143 MiB.
2026-10-08T18:14:06Z INFO [14/750] 720145a5-7982-43d4-a436-8bb63d5d8899: 76 datasets; 1.7 s; peak memory 143 MiB.
2026-10-08T18:14:08Z INFO [15/750] 72016f13-3189-40c0-b60b-df65b965d057: 97 datasets; 1.6 s; peak memory 143 MiB.
2026-10-08T18:14:10Z INFO [16/750] 720195b4-2b91-4dd3-a8b8-d3e8b3009b31: 53 datasets; 2.5 s; peak memory 143 MiB.
2026-10-08T18:14:11Z INFO [17/750] 72032526-c0e2-4d72-b98f-56e5620fc803: 52 datasets; 1.1 s; peak memory 143 MiB.
2026-10-08T18:14:29Z INFO [18/750] 7203846b-a84c-42b0-862a-4e956aa20cad: 38 datasets; 17.6 s; peak memory 145 MiB.
2026-10-08T18:14:31Z INFO [19/750] 7203cc45-8929-40db-a2fe-d7f0124be418: 118 datasets; 1.6 s; peak memory 145 MiB.
2026-10-08T18:14:32Z INFO [20/750] 7203f248-a9cc-402e-89d6-aaff9395d4d0: 112 datasets; 1.9 s; peak memory 145 MiB.
2026-10-08T18:14:34Z INFO [21/750] 7204342b-10c9-4f5c-8beb-ed71cd9c3651: 48 datasets; 1.2 s; peak memory 145 MiB.
2026-10-08T18:14:42Z INFO [22/750] 720540b3-1ac9-4d38-b2ed-7a690eb70a07: 56 datasets; 8.4 s; peak memory 145 MiB.
2026-10-08T18:14:45Z INFO [23/750] 72055e85-48c6-4455-9372-79a266bfc9a0: 38 datasets; 3.0 s; peak memory 145 MiB.
2026-10-08T18:14:46Z INFO [24/750] 720581ff-eb93-4e4e-8341-c333c158bf42: 114 datasets; 1.2 s; peak memory 145 MiB.
2026-10-08T18:14:49Z INFO [25/750] 72065dfa-0b38-40ac-9f6e-86a09e7bca84: 196 datasets; 2.8 s; peak memory 145 MiB.
2026-10-08T18:14:50Z INFO [26/750] 7206a9e5-213d-4fcc-ba90-90a0a8a814d9: 56 datasets; 1.0 s; peak memory 145 MiB.
2026-10-08T18:14:57Z INFO [27/750] 72076c78-e078-4a17-a105-7c5553a74799: 229 datasets; 6.4 s; peak memory 145 MiB.
2026-10-08T18:14:58Z INFO [28/750] 72077f6e-2c58-4c7d-9f39-fe0df9cb5e83: 45 datasets; 1.0 s; peak memory 145 MiB.
2026-10-08T18:15:00Z INFO [29/750] 72079625-42f4-435d-9980-8dd0a411750e: 112 datasets; 1.9 s; peak memory 145 MiB.
2026-10-08T18:15:01Z INFO [30/750] 7208c11a-72ae-4b33-8737-acad42522fb0: 116 datasets; 1.5 s; peak memory 145 MiB.
2026-10-08T18:15:02Z INFO [31/750] 7208f343-b0df-43d1-998b-2e760b59056f: 48 datasets; 1.4 s; peak memory 146 MiB.
2026-10-08T18:15:04Z INFO [32/750] 7209873e-a037-4db3-aeca-3c97e52bbe85: 46 datasets; 1.2 s; peak memory 146 MiB.
2026-10-08T18:15:05Z INFO [33/750] 7209c8af-6d41-48ad-81ce-9de7ab7baedc: 118 datasets; 1.5 s; peak memory 146 MiB.
2026-10-08T18:15:11Z INFO [34/750] 720a12ad-2be5-4f5f-afa1-74eca4130e7c: 174 datasets; 5.9 s; peak memory 146 MiB.
2026-10-08T18:15:13Z INFO [35/750] 720c2f19-26ab-4243-9d38-75ec31bdbb3e: 109 datasets; 1.5 s; peak memory 146 MiB.
2026-10-08T18:15:14Z INFO [36/750] 720ca0c7-012f-48c6-a15b-b0af7374994f: 48 datasets; 1.4 s; peak memory 146 MiB.
2026-10-08T18:15:15Z INFO [37/750] 720ca2ac-cc7d-4d01-8438-78b3073880c2: 48 datasets; 1.3 s; peak memory 146 MiB.
2026-10-08T18:15:18Z INFO [38/750] 720de5fd-c06b-4ab4-8241-00e45e3ac684: 119 datasets; 2.7 s; peak memory 146 MiB.
2026-10-08T18:15:20Z INFO [39/750] 720f3073-fcff-4465-a02a-ea12c3f94919: 117 datasets; 1.8 s; peak memory 146 MiB.
2026-10-08T18:15:21Z INFO [40/750] 720f374e-efb6-4dde-b005-9202b7decdc5: 37 datasets; 0.9 s; peak memory 146 MiB.
2026-10-08T18:15:28Z INFO [41/750] 720f44d8-3cfc-4fa1-92a8-8123f3a3c7e8: 538 datasets; 7.7 s; peak memory 146 MiB.
2026-10-08T18:15:30Z INFO [42/750] 7210ccbd-ac49-41a9-b9c0-4b5babf13e48: 112 datasets; 1.9 s; peak memory 146 MiB.
2026-10-08T18:15:32Z INFO [43/750] 7211269e-0c6e-4076-9393-c721b3113de9: 51 datasets; 1.6 s; peak memory 146 MiB.
2026-10-08T18:15:34Z INFO [44/750] 721257e3-2b31-4033-bb43-8add2923121c: 71 datasets; 2.2 s; peak memory 146 MiB.
2026-10-08T18:15:36Z INFO [45/750] 72128e90-5beb-4633-926a-22a7248c7156: 112 datasets; 1.6 s; peak memory 146 MiB.
2026-10-08T18:15:37Z INFO [46/750] 7212cfcc-a3e3-4b61-9fd1-1f34fbed6099: 49 datasets; 1.5 s; peak memory 146 MiB.
2026-10-08T18:15:44Z INFO [47/750] 7213543a-b31b-4d57-ba94-9cf0fc590805: 538 datasets; 6.6 s; peak memory 146 MiB.
2026-10-08T18:15:45Z INFO [48/750] 72135588-b52a-43f6-a97c-a38e0d1d58b4: 117 datasets; 1.5 s; peak memory 146 MiB.
2026-10-08T18:15:47Z INFO [49/750] 72143de1-cf55-4e8a-8970-c24f0e74dc01: 131 datasets; 2.1 s; peak memory 146 MiB.
2026-10-08T18:15:49Z INFO [50/750] 72146910-0a49-4dd8-8778-def0ab31067c: 112 datasets; 2.0 s; peak memory 146 MiB.
2026-10-08T18:15:50Z INFO [50/750] 72146910-0a49-4dd8-8778-def0ab31067c: checkpointed 101885 new records.
2026-10-08T18:15:51Z INFO [51/750] 72149247-56c1-4948-a9f6-1d499e6eb835: 117 datasets; 1.6 s; peak memory 146 MiB.
2026-10-08T18:15:52Z INFO [52/750] 72149480-788e-4d79-9c34-7b01905dcb94: 41 datasets; 1.3 s; peak memory 146 MiB.
2026-10-08T18:20:29Z INFO [53/750] 721505c3-7e01-4287-8126-9d262d1f54f2: 283 datasets; 276.7 s; peak memory 403 MiB.
2026-10-08T18:20:31Z INFO [54/750] 72159bd4-5f03-41a0-81d8-93b9dd7e38e1: 85 datasets; 1.9 s; peak memory 403 MiB.
2026-10-08T18:20:33Z INFO [55/750] 72159e01-3013-4d53-9c6c-0d57f5104fc2: 112 datasets; 1.9 s; peak memory 403 MiB.
2026-10-08T18:20:35Z INFO [56/750] 7215ba34-e30d-42bc-9b02-1e28cd45dfdc: 118 datasets; 2.0 s; peak memory 403 MiB.
2026-10-08T18:20:49Z INFO [57/750] 72162833-d090-498c-97aa-12e67e55f21e: 632 datasets; 14.1 s; peak memory 403 MiB.
2026-10-08T18:20:50Z INFO [58/750] 7218ac20-4998-46f9-a43f-772f8bf2bef6: 33 datasets; 1.1 s; peak memory 403 MiB.
2026-10-08T18:20:51Z INFO [59/750] 7218fbb9-a85a-4d0f-bde0-f80375254cb1: 48 datasets; 1.4 s; peak memory 403 MiB.
2026-10-08T18:20:53Z INFO [60/750] 72191da7-1b00-4ee3-89ca-3768dbddc38e: 117 datasets; 1.8 s; peak memory 403 MiB.
2026-10-08T18:20:58Z INFO [61/750] 721945d6-78ae-4e3e-a012-343ea7e42621: 92 datasets; 4.3 s; peak memory 403 MiB.
2026-10-08T18:21:00Z INFO [62/750] 721979b4-451c-4914-bd41-8c35403c3bee: 69 datasets; 2.3 s; peak memory 403 MiB.
2026-10-08T18:21:01Z INFO [63/750] 7219f812-1a25-4d5c-bc96-0b63354b9763: 56 datasets; 1.0 s; peak memory 403 MiB.
2026-10-08T18:21:02Z INFO [64/750] 721a5e43-09dc-4a9c-b9b8-f7225601c634: 48 datasets; 1.5 s; peak memory 403 MiB.
2026-10-08T18:21:05Z INFO [65/750] 721eb361-5b16-4fa9-be5b-f78a9e5dd24d: 119 datasets; 2.5 s; peak memory 403 MiB.
2026-10-08T18:21:07Z INFO [66/750] 721f46e6-75a5-4298-9fe4-b0ee471973f9: 112 datasets; 1.7 s; peak memory 403 MiB.
2026-10-08T18:21:08Z INFO [67/750] 721ffb6e-7c82-487c-8419-de991798ea1a: 116 datasets; 1.8 s; peak memory 403 MiB.
2026-10-08T18:21:10Z INFO [68/750] 72200996-644a-4b8d-b6f2-a0bf955b82e3: 118 datasets; 1.5 s; peak memory 403 MiB.
2026-10-08T18:21:11Z INFO [69/750] 7220cf18-35b7-429d-a6e2-014e36e65490: 48 datasets; 1.3 s; peak memory 403 MiB.
2026-10-08T18:21:12Z INFO [70/750] 7220cfb0-46d3-4796-b91d-89cf4b346ac0: 46 datasets; 1.1 s; peak memory 403 MiB.
2026-10-08T18:21:14Z INFO [71/750] 72213db2-dd67-4f0f-abad-da0bd9a1c2ad: 48 datasets; 1.6 s; peak memory 403 MiB.
2026-10-08T18:21:16Z INFO [72/750] 72225073-ed7f-4136-8880-05f2c9230723: 72 datasets; 1.7 s; peak memory 403 MiB.
2026-10-08T18:21:18Z INFO [73/750] 7222b116-3d65-4a6d-945d-01f44492770d: 115 datasets; 3.0 s; peak memory 403 MiB.
2026-10-08T18:21:20Z INFO [74/750] 7223966e-5ead-4669-b92f-88acce2eac0c: 112 datasets; 1.9 s; peak memory 403 MiB.
2026-10-08T18:21:23Z INFO [75/750] 7224a8c9-688c-484b-80b9-48de2d55068d: 112 datasets; 2.2 s; peak memory 403 MiB.
2026-10-08T18:21:26Z INFO [76/750] 7224e7e3-6a9f-420d-9c9b-1f53a917f03d: 156 datasets; 3.8 s; peak memory 403 MiB.
2026-10-08T18:21:28Z INFO [77/750] 72252655-ac5b-41fe-a580-868b711d0ec6: 116 datasets; 1.5 s; peak memory 403 MiB.
2026-10-08T18:21:29Z INFO [78/750] 7225322a-ea36-4c39-9490-27b37b6f76e3: 48 datasets; 1.3 s; peak memory 403 MiB.
2026-10-08T18:21:31Z INFO [79/750] 72265786-49f4-485b-a1d1-21b14fecda10: 38 datasets; 1.3 s; peak memory 403 MiB.
2026-10-08T18:21:32Z INFO [80/750] 72265bda-4ab9-4127-84e6-5c5f349513e3: 48 datasets; 1.3 s; peak memory 403 MiB.
2026-10-08T18:21:40Z INFO [81/750] 722680f3-efc8-424c-a385-bbcf45bb87d9: 537 datasets; 8.0 s; peak memory 403 MiB.
2026-10-08T18:21:42Z INFO [82/750] 7226a973-87ec-412b-a916-ea2fbac7c936: 69 datasets; 1.9 s; peak memory 403 MiB.
2026-10-08T18:21:50Z INFO [83/750] 7226b98d-9839-40cd-8d02-cd997385200c: 538 datasets; 8.2 s; peak memory 403 MiB.
2026-10-08T18:21:52Z INFO [84/750] 7226f1e0-de53-4c43-b7c4-7f3181ea986c: 109 datasets; 1.8 s; peak memory 403 MiB.
2026-10-08T18:21:53Z INFO [85/750] 7227f85c-8f18-4c5b-a589-73189b776b8e: 46 datasets; 1.2 s; peak memory 403 MiB.
2026-10-08T18:21:55Z INFO [86/750] 722838b3-9151-4c14-b155-e04ce61ba637: 64 datasets; 1.9 s; peak memory 403 MiB.
2026-10-08T18:21:59Z INFO [87/750] 72291310-3525-4135-8e06-c6c250ad0e45: 67 datasets; 4.2 s; peak memory 403 MiB.
2026-10-08T18:22:13Z INFO [88/750] 72291a60-3853-499c-9fbd-533668897ea1: 1013 datasets; 13.9 s; peak memory 403 MiB.
2026-10-08T18:22:15Z INFO [89/750] 72293d2d-20fc-44ac-80bf-40c41916d50f: 48 datasets; 1.9 s; peak memory 403 MiB.
2026-10-08T18:22:48Z INFO [90/750] 72296cf7-2104-4313-903a-5c644ed2d221: 7919 datasets; 32.9 s; peak memory 403 MiB.
2026-10-08T18:22:56Z INFO [91/750] 7229921f-bc82-43e1-98a0-2bf68e591ef9: 722 datasets; 8.5 s; peak memory 403 MiB.
2026-10-08T18:22:58Z INFO [92/750] 722a0a0d-e349-4d2a-9196-e955795437d0: 48 datasets; 1.3 s; peak memory 403 MiB.
2026-10-08T18:23:05Z INFO [93/750] 722a7237-0ae0-4a66-bd4e-f7f5d56e6c9b: 538 datasets; 7.5 s; peak memory 403 MiB.
2026-10-08T18:23:07Z INFO [94/750] 722a9bc2-ce0b-4b01-b3ba-8d1b5d8c913f: 66 datasets; 1.5 s; peak memory 403 MiB.
2026-10-08T18:23:08Z INFO [95/750] 722b100d-4a8c-4c10-9a96-eea68de36daf: 48 datasets; 1.3 s; peak memory 403 MiB.
2026-10-08T18:23:09Z INFO [96/750] 722b7bea-45c1-418e-bff7-c5769d103099: 46 datasets; 1.0 s; peak memory 403 MiB.
2026-10-08T18:23:23Z INFO [97/750] 722be00f-8a5d-415d-9b63-24afae3358b4: 800 datasets; 14.2 s; peak memory 403 MiB.
2026-10-08T18:23:25Z INFO [98/750] 722c42a0-e486-4bfb-9263-1c8ceb02f97e: 66 datasets; 1.8 s; peak memory 403 MiB.
2026-10-08T18:23:26Z INFO [99/750] 722ccd2a-6c4f-4f3b-86c4-6987b4900871: 117 datasets; 1.6 s; peak memory 403 MiB.
2026-10-08T18:23:28Z INFO [100/750] 722db680-4a65-4c4a-87ed-d7aca7951df6: 71 datasets; 2.0 s; peak memory 403 MiB.
2026-10-08T18:23:29Z INFO [100/750] 722db680-4a65-4c4a-87ed-d7aca7951df6: checkpointed 101935 new records.
2026-10-08T18:23:30Z INFO [101/750] 72308daa-0a4d-49ec-9af9-efb7f168383e: 48 datasets; 1.3 s; peak memory 403 MiB.
2026-10-08T18:23:31Z INFO [102/750] 72310873-9ff7-4a92-be7e-d8ab6a32b42a: 48 datasets; 1.3 s; peak memory 403 MiB.
2026-10-08T18:23:33Z INFO [103/750] 7231a53c-fd00-434e-a62a-84a7cbb99481: 115 datasets; 1.7 s; peak memory 403 MiB.
2026-10-08T18:23:34Z INFO [104/750] 7232103c-13df-4756-a771-f328c9715d3d: 118 datasets; 1.5 s; peak memory 403 MiB.
2026-10-08T18:23:41Z INFO [105/750] 72322016-1c1e-453e-a0e8-a8dbadc52147: 610 datasets; 6.2 s; peak memory 403 MiB.
2026-10-08T18:23:42Z INFO [106/750] 72322f7f-b2f2-4737-ba38-752bfbab4739: 112 datasets; 1.7 s; peak memory 403 MiB.
2026-10-08T18:24:46Z INFO [107/750] 7233c1a8-b3d1-409f-9b4e-bb201e100011: 106 datasets; 63.9 s; peak memory 403 MiB.
2026-10-08T18:24:48Z INFO [108/750] 723457cc-41d2-4ae9-a7f5-8b2b8c6f7aef: 112 datasets; 1.9 s; peak memory 403 MiB.
2026-10-08T18:24:50Z INFO [109/750] 7234cfa9-7ceb-4c21-a167-0d32cdb69a74: 71 datasets; 2.3 s; peak memory 403 MiB.
2026-10-08T18:24:52Z INFO [110/750] 7234e52a-373b-49a2-bfa6-1f28b032c78d: 112 datasets; 2.1 s; peak memory 403 MiB.
2026-10-08T18:25:05Z INFO [111/750] 7235ec98-80f4-40a0-92b8-b7393382a6c2: 732 datasets; 12.5 s; peak memory 403 MiB.
2026-10-08T18:27:36Z INFO [112/750] 7235f037-61ee-44d9-a254-2d53dda0b7e6: 167 datasets; 150.7 s; peak memory 403 MiB.
2026-10-08T18:27:37Z INFO [113/750] 723675d3-aad9-4471-bf69-3df532092382: 48 datasets; 1.3 s; peak memory 403 MiB.
2026-10-08T18:27:45Z INFO [114/750] 7236fed3-522c-46bd-aa06-f56ce19336a0: 350 datasets; 7.7 s; peak memory 403 MiB.
2026-10-08T18:27:46Z INFO [115/750] 723804a1-ed08-44c2-acce-8c833b115ec2: 46 datasets; 0.9 s; peak memory 403 MiB.
2026-10-08T18:27:47Z INFO [116/750] 72384914-8cc6-4574-a68c-69975707fae2: 48 datasets; 1.3 s; peak memory 403 MiB.
2026-10-08T18:27:49Z INFO [117/750] 72389ba3-c6bf-47de-aa3a-aa616e34f05a: 110 datasets; 2.0 s; peak memory 403 MiB.
2026-10-08T18:27:50Z INFO [118/750] 7238f2b3-58c9-4492-968f-9dc53c32e236: 63 datasets; 1.2 s; peak memory 403 MiB.
2026-10-08T18:27:51Z INFO [119/750] 72399295-89aa-4967-93e5-76b13caa8b74: 70 datasets; 1.4 s; peak memory 403 MiB.
2026-10-08T18:27:54Z INFO [120/750] 72399dcf-ef4d-41c0-8f9b-e52594ab72be: 112 datasets; 2.3 s; peak memory 403 MiB.
2026-10-08T18:27:55Z INFO [121/750] 7239c222-980c-497b-8830-2999b11df440: 84 datasets; 1.3 s; peak memory 403 MiB.
2026-10-08T18:28:04Z INFO [122/750] 723a502b-0d3b-410d-9bea-198e38cba1fc: 38 datasets; 8.7 s; peak memory 403 MiB.
2026-10-08T18:28:10Z INFO [123/750] 723ae4d1-65c3-4aa4-b2a6-5f2988853bc9: 196 datasets; 6.8 s; peak memory 403 MiB.
2026-10-08T18:28:12Z INFO [124/750] 723ba9b6-1e3c-47c2-b4c1-edba25b26ecf: 66 datasets; 1.7 s; peak memory 403 MiB.
2026-10-08T18:28:13Z INFO [125/750] 723c68c9-3dfe-4fb8-914e-d97bc299fc68: 48 datasets; 1.3 s; peak memory 403 MiB.
2026-10-08T18:28:15Z INFO [126/750] 723d9508-b43f-4882-8ca2-8f82ab060a72: 52 datasets; 1.3 s; peak memory 403 MiB.
2026-10-08T18:28:37Z INFO [127/750] 723d9d31-d808-4f52-b87a-711006547d6f: 48 datasets; 22.2 s; peak memory 403 MiB.
2026-10-08T18:28:39Z INFO [128/750] 723da3e2-fdd8-431e-866f-c27b405c8d85: 62 datasets; 2.0 s; peak memory 403 MiB.
2026-10-08T18:28:40Z INFO [129/750] 723dbd68-c6fa-4353-95fe-6517e4d596b4: 116 datasets; 1.6 s; peak memory 403 MiB.
2026-10-08T18:28:42Z INFO [130/750] 723ea4ad-776f-41da-9cb9-af93e6c38a7a: 118 datasets; 1.5 s; peak memory 403 MiB.
2026-10-08T18:28:48Z INFO [131/750] 723f81d0-8906-4d31-8b9f-1768f8af97b3: 538 datasets; 5.9 s; peak memory 403 MiB.
2026-10-08T18:28:49Z INFO [132/750] 72401807-72b2-42c3-91ba-0cdc3af7e1be: 63 datasets; 1.2 s; peak memory 403 MiB.
2026-10-08T18:28:51Z INFO [133/750] 7240d3dd-a825-4b1d-b8d1-9853e00b1ee2: 66 datasets; 1.9 s; peak memory 403 MiB.
2026-10-08T18:28:53Z INFO [134/750] 72410420-d1b2-4d67-a30e-97298f65e285: 112 datasets; 1.9 s; peak memory 403 MiB.
2026-10-08T18:28:54Z INFO [135/750] 724232ee-0123-4c81-8c37-930560815dc0: 48 datasets; 1.4 s; peak memory 403 MiB.
2026-10-08T18:28:55Z INFO [136/750] 724242e0-0e77-4c13-9feb-5dc70f6151c1: 114 datasets; 1.1 s; peak memory 403 MiB.
2026-10-08T18:29:02Z INFO [137/750] 72425174-2b65-4938-9369-5f9cb32fed92: 238 datasets; 6.9 s; peak memory 403 MiB.
2026-10-08T18:29:05Z INFO [138/750] 72425d24-a36f-4d71-ab63-327bfa4d0633: 118 datasets; 2.9 s; peak memory 403 MiB.
2026-10-08T18:29:12Z INFO [139/750] 72435474-33c0-4e4c-a352-6546951a6479: 196 datasets; 7.1 s; peak memory 403 MiB.
2026-10-08T18:29:27Z INFO [140/750] 7244412e-2e85-4902-91f6-865f95df34f2: 913 datasets; 14.7 s; peak memory 403 MiB.
2026-10-08T18:29:28Z INFO [141/750] 724450fc-42a4-4fde-a238-ac7ef07f3692: 112 datasets; 1.6 s; peak memory 403 MiB.
2026-10-08T18:29:32Z INFO [142/750] 7244c8f2-dbc8-49bf-8b60-7053fca86820: 188 datasets; 3.9 s; peak memory 403 MiB.
2026-10-08T18:29:33Z INFO [143/750] 7244ddf7-d431-4a9c-b8ee-20e848397a3b: 53 datasets; 1.0 s; peak memory 403 MiB.
2026-10-08T18:29:35Z INFO [144/750] 72451436-c5a7-4f44-a655-281ffcc9d66b: 118 datasets; 1.4 s; peak memory 403 MiB.
2026-10-08T18:29:36Z INFO [145/750] 72454966-7160-43bb-a5fe-30bc7ab63626: 48 datasets; 1.3 s; peak memory 403 MiB.
2026-10-08T18:29:37Z INFO [146/750] 7245ac22-fa81-434f-8ecf-a65d758d5449: 117 datasets; 1.5 s; peak memory 403 MiB.
2026-10-08T18:29:39Z INFO [147/750] 72470a76-6b2c-4494-a5b7-81e3f481d84b: 112 datasets; 1.9 s; peak memory 403 MiB.
2026-10-08T18:29:41Z INFO [148/750] 724713d8-62d2-46e4-8ca0-e12c458fbb57: 48 datasets; 1.3 s; peak memory 403 MiB.
2026-10-08T18:29:42Z INFO [149/750] 72471445-1793-4151-8390-3eb639b354bc: 52 datasets; 1.3 s; peak memory 403 MiB.
2026-10-08T18:29:43Z INFO [150/750] 7247cbd0-2057-4f38-abee-dc6c90a9cd62: 118 datasets; 1.4 s; peak memory 403 MiB.
2026-10-08T18:29:44Z INFO [150/750] 7247cbd0-2057-4f38-abee-dc6c90a9cd62: checkpointed 101985 new records.
2026-10-08T18:29:46Z INFO [151/750] 72480860-3886-4f84-8e54-0af5d49da30a: 112 datasets; 2.1 s; peak memory 403 MiB.
2026-10-08T18:29:47Z INFO [152/750] 724852cc-20c7-4c10-b0e2-aae2ada8c9ec: 41 datasets; 1.1 s; peak memory 403 MiB.
2026-10-08T18:29:48Z INFO [153/750] 724876ec-7295-464b-80b3-8b8de6ff3f94: 48 datasets; 1.3 s; peak memory 403 MiB.
2026-10-08T18:32:11Z INFO [154/750] 72496679-3000-414a-b7b2-1028041b3603: 430 datasets; 142.7 s; peak memory 403 MiB.
2026-10-08T18:32:12Z INFO [155/750] 7249afba-4714-4cde-960b-a92d2ba6773e: 46 datasets; 1.2 s; peak memory 403 MiB.
2026-10-08T18:32:14Z INFO [156/750] 724b1b82-a191-4383-880d-93da82b3b9df: 118 datasets; 1.8 s; peak memory 403 MiB.
2026-10-08T18:32:21Z INFO [157/750] 724cfd95-f683-4283-8006-5c137ceed7ac: 193 datasets; 7.3 s; peak memory 403 MiB.
2026-10-08T18:32:23Z INFO [158/750] 724dc10e-ea3a-454e-9e18-28f59f66d0bd: 48 datasets; 1.4 s; peak memory 403 MiB.
2026-10-08T18:32:24Z INFO [159/750] 724dc739-d5ca-496c-97c2-a1b517a1959c: 45 datasets; 1.1 s; peak memory 403 MiB.
2026-10-08T18:32:25Z INFO [160/750] 724dc822-8b35-471f-9d34-bcb05fcb9d47: 48 datasets; 1.3 s; peak memory 403 MiB.
2026-10-08T18:32:27Z INFO [161/750] 724e5411-182f-4bd8-bec9-aaac1f5930e7: 62 datasets; 1.8 s; peak memory 403 MiB.
2026-10-08T18:32:30Z INFO [162/750] 724e6b03-bbb4-4dce-a415-efe789662db7: 138 datasets; 3.2 s; peak memory 403 MiB.
2026-10-08T18:32:32Z INFO [163/750] 724e7270-f79b-4065-8595-7ff0d7d58484: 116 datasets; 1.7 s; peak memory 403 MiB.
2026-10-08T18:32:36Z INFO [164/750] 724ed0cc-03cd-4382-98f6-b78682c0c801: 179 datasets; 4.5 s; peak memory 403 MiB.
2026-10-08T18:32:38Z INFO [165/750] 724efa4a-18e6-4ac0-8893-7787e6223a53: 69 datasets; 1.5 s; peak memory 403 MiB.
2026-10-08T18:32:43Z INFO [166/750] 724f053e-dfc6-4f66-8f15-75dd0f555a32: 269 datasets; 5.8 s; peak memory 403 MiB.
2026-10-08T18:32:45Z INFO [167/750] 724f3c37-4caf-48fc-a2eb-3f1b5d5adbd6: 117 datasets; 1.4 s; peak memory 403 MiB.
2026-10-08T18:35:14Z INFO [168/750] 72500b4d-dc64-4889-905e-564b1c98fa58: 414 datasets; 149.2 s; peak memory 403 MiB.
2026-10-08T18:35:16Z INFO [169/750] 7250eb3e-5628-459a-82d9-1224d0c57a15: 118 datasets; 1.6 s; peak memory 403 MiB.
2026-10-08T18:35:17Z INFO [170/750] 7250f2bb-0b85-4231-bd25-b778c8a1b377: 48 datasets; 1.4 s; peak memory 403 MiB.
2026-10-08T18:35:18Z INFO [171/750] 72514e8b-bdd3-4044-8e77-45967f8e356c: 45 datasets; 1.0 s; peak memory 403 MiB.
2026-10-08T18:35:19Z INFO [172/750] 72519c65-e737-4d12-9934-ef6695546a9e: 48 datasets; 1.3 s; peak memory 403 MiB.
2026-10-08T18:35:20Z INFO [173/750] 7251e47f-42a7-4151-b12a-c983835640bc: 52 datasets; 1.0 s; peak memory 403 MiB.
2026-10-08T18:35:22Z INFO [174/750] 7252925e-4c34-40de-be27-ff3af50e05f6: 48 datasets; 1.2 s; peak memory 403 MiB.
2026-10-08T18:35:28Z INFO [175/750] 72543106-8786-43ae-a474-21c29348e6aa: 457 datasets; 5.9 s; peak memory 403 MiB.
2026-10-08T18:35:29Z INFO [176/750] 72547706-3078-45ad-b472-91cfdcc84c18: 48 datasets; 1.4 s; peak memory 403 MiB.
2026-10-08T18:35:30Z INFO [177/750] 7254866c-e296-4143-8bd2-6e0ab3255824: 52 datasets; 1.5 s; peak memory 403 MiB.
2026-10-08T18:35:33Z INFO [178/750] 7254fafb-a018-4849-b777-42d0dd86e05a: 158 datasets; 2.5 s; peak memory 403 MiB.
2026-10-08T18:35:34Z INFO [179/750] 72550098-9458-4be8-aa90-3c01fb6b55d5: 52 datasets; 1.5 s; peak memory 403 MiB.
2026-10-08T18:35:35Z INFO [180/750] 7255119a-f4ea-453b-8ee2-2d5a71447cd2: 38 datasets; 1.1 s; peak memory 403 MiB.
2026-10-08T18:35:38Z INFO [181/750] 72561e76-07ca-42c7-a483-3aebf317a8de: 57 datasets; 2.3 s; peak memory 403 MiB.
2026-10-08T18:35:39Z INFO [182/750] 7256393a-fca7-411a-b209-7c0121af58b7: 66 datasets; 1.7 s; peak memory 403 MiB.
2026-10-08T18:35:42Z INFO [183/750] 72564336-e3a2-49f6-9713-32d71c4ffc12: 112 datasets; 2.3 s; peak memory 403 MiB.
2026-10-08T18:35:43Z INFO [184/750] 725685f9-77e9-49dc-b07b-640937885c20: 48 datasets; 1.3 s; peak memory 403 MiB.
2026-10-08T18:35:55Z INFO [185/750] 72569c14-436d-41ce-87fe-5a2fdd128491: 761 datasets; 11.5 s; peak memory 403 MiB.
2026-10-08T18:41:37Z INFO [186/750] 7256b429-b7c5-49d2-be59-36eaf13c663d: 99 datasets; 342.2 s; peak memory 808 MiB.
2026-10-08T18:41:55Z INFO [187/750] 72571d84-f1e8-4c0a-8bd5-0dd6d3ef437c: 690 datasets; 18.4 s; peak memory 808 MiB.
2026-10-08T18:41:57Z INFO [188/750] 7257da2f-4144-4be8-80a8-4b71743c567d: 116 datasets; 1.6 s; peak memory 808 MiB.
2026-10-08T18:41:58Z INFO [189/750] 7257f943-1c21-473b-ab8b-8054f8bd7b94: 69 datasets; 1.7 s; peak memory 808 MiB.
2026-10-08T18:42:02Z INFO [190/750] 7257fe44-a268-42f5-960d-946bad7c2a02: 138 datasets; 3.3 s; peak memory 808 MiB.
2026-10-08T18:42:03Z INFO [191/750] 72589802-c8c7-46a0-b92c-af4126ed0aed: 48 datasets; 1.3 s; peak memory 808 MiB.
2026-10-08T18:42:04Z INFO [192/750] 72595045-30b8-41d4-91cc-58b873db2d31: 48 datasets; 1.4 s; peak memory 808 MiB.
2026-10-08T18:42:06Z INFO [193/750] 7259dd8b-6cc6-4b88-8f9a-65b0bd85db8f: 48 datasets; 1.3 s; peak memory 808 MiB.
2026-10-08T18:42:07Z INFO [194/750] 725a4fb2-da60-44ef-99c3-caf8ec554418: 117 datasets; 1.4 s; peak memory 808 MiB.
2026-10-08T18:42:09Z INFO [195/750] 725b12d0-da2c-48b1-8997-46900d20c10a: 79 datasets; 1.7 s; peak memory 808 MiB.
2026-10-08T18:42:10Z INFO [196/750] 725b4b1a-5e48-4ea3-b90c-14eb8d433d53: 48 datasets; 1.4 s; peak memory 808 MiB.
2026-10-08T18:42:13Z INFO [197/750] 725c59bd-36e7-49b2-8a61-a9183dda64e3: 84 datasets; 3.0 s; peak memory 808 MiB.
2026-10-08T18:42:15Z INFO [198/750] 725c6ef1-e739-49cd-948a-e621a6b7ee61: 117 datasets; 1.5 s; peak memory 808 MiB.
2026-10-08T18:42:17Z INFO [199/750] 725d7d1b-041d-4eae-a274-7b00a692c5b1: 49 datasets; 2.1 s; peak memory 808 MiB.
2026-10-08T18:42:19Z INFO [200/750] 725dd34e-b6cc-4f5a-bb60-ca89af385f08: 112 datasets; 1.7 s; peak memory 808 MiB.
2026-10-08T18:42:19Z INFO [200/750] 725dd34e-b6cc-4f5a-bb60-ca89af385f08: checkpointed 102035 new records.
2026-10-08T18:42:20Z INFO [201/750] 725de4b5-e0e6-4bb4-8b87-e42766977c17: 52 datasets; 1.1 s; peak memory 808 MiB.
2026-10-08T18:42:22Z INFO [202/750] 725eb76e-75e7-4737-8efd-01b6cb6845a6: 45 datasets; 1.8 s; peak memory 808 MiB.
2026-10-08T18:42:24Z INFO [203/750] 725ee1ed-1dd1-4f3e-a739-2976be593a24: 93 datasets; 1.9 s; peak memory 808 MiB.
2026-10-08T18:42:25Z INFO [204/750] 725efa49-ff35-4e6c-a641-f0faadd5f6ca: 117 datasets; 1.6 s; peak memory 808 MiB.
2026-10-08T18:42:28Z INFO [205/750] 725f8837-2a30-41d4-bc99-6134245365ab: 158 datasets; 2.5 s; peak memory 808 MiB.
2026-10-08T18:42:29Z INFO [206/750] 72600af2-4e60-4fdb-946f-11327aef674f: 117 datasets; 1.6 s; peak memory 808 MiB.
2026-10-08T18:42:31Z INFO [207/750] 726082d3-325c-4c09-b1f4-7740f98cc23a: 46 datasets; 1.2 s; peak memory 808 MiB.
2026-10-08T18:44:57Z INFO [208/750] 7262808e-b2ef-4aa4-8b0f-a4093c77ae3d: 167 datasets; 146.4 s; peak memory 808 MiB.
2026-10-08T18:45:09Z INFO [209/750] 72633dd6-29ad-4b12-853e-407b7beb6275: 11477 datasets; 11.5 s; peak memory 808 MiB.
2026-10-08T18:45:10Z INFO [210/750] 72634507-d308-4a28-98f8-de8a4c7e7ad2: 118 datasets; 1.4 s; peak memory 808 MiB.
2026-10-08T18:45:11Z INFO [211/750] 72645d8f-cb5f-4de3-bba6-04bc668729da: 48 datasets; 1.4 s; peak memory 808 MiB.
2026-10-08T18:45:13Z INFO [212/750] 726474c9-02ff-42e7-9f4b-e7c39c56f317: 117 datasets; 1.7 s; peak memory 808 MiB.
2026-10-08T18:45:16Z INFO [213/750] 7264c4e9-946f-4b67-9b20-492dcc563aaf: 119 datasets; 2.9 s; peak memory 808 MiB.
2026-10-08T18:45:17Z INFO [214/750] 726591c9-a034-4f43-9124-2f6a46689dc6: 48 datasets; 1.3 s; peak memory 808 MiB.
2026-10-08T18:45:46Z INFO [215/750] 7265b287-4a7d-49f0-9bea-3b86648b7676: 5536 datasets; 29.1 s; peak memory 808 MiB.
2026-10-08T18:45:57Z INFO [216/750] 726675d1-3c44-45c7-bf1f-a0a94781844b: 301 datasets; 10.8 s; peak memory 808 MiB.
2026-10-08T18:48:28Z INFO [217/750] 7266ffb8-9bdc-47a2-bc9e-0ea0c7d72710: 167 datasets; 150.8 s; peak memory 808 MiB.
2026-10-08T18:48:30Z INFO [218/750] 72671cd0-fc63-485e-960b-11f603f160ff: 112 datasets; 2.0 s; peak memory 808 MiB.
2026-10-08T18:48:35Z INFO [219/750] 7268c946-5451-4b91-84fa-a43eb7463245: 388 datasets; 4.9 s; peak memory 808 MiB.
2026-10-08T18:48:37Z INFO [220/750] 72695f3e-0461-49a9-b4b6-d0ef3ec20c6e: 118 datasets; 2.3 s; peak memory 808 MiB.
2026-10-08T18:48:39Z INFO [221/750] 726a2e71-a3b2-4a2a-9ce5-187c309c09e0: 101 datasets; 2.2 s; peak memory 808 MiB.
2026-10-08T18:48:41Z INFO [222/750] 726a6e6a-43c7-479e-b025-9126413cc908: 48 datasets; 1.3 s; peak memory 808 MiB.
2026-10-08T18:48:50Z INFO [223/750] 726acb24-94e2-4aa3-842e-f3f01eb65b0e: 957 datasets; 9.2 s; peak memory 808 MiB.
2026-10-08T18:48:53Z INFO [224/750] 726ae3bd-ae85-498b-b662-86b69b0b660b: 71 datasets; 2.9 s; peak memory 808 MiB.
2026-10-08T18:48:54Z INFO [225/750] 726caf88-049d-468d-ac2a-e88c422408b6: 118 datasets; 1.8 s; peak memory 808 MiB.
2026-10-08T18:48:55Z INFO [226/750] 726ce4b7-3d07-43d4-84af-83882bbd3513: 31 datasets; 0.9 s; peak memory 808 MiB.
2026-10-08T18:49:09Z INFO [227/750] 726d5258-db3c-4a5a-90eb-ec7717b46667: 719 datasets; 13.7 s; peak memory 808 MiB.
2026-10-08T18:49:10Z INFO [228/750] 726de850-7ec8-4d3a-8b1b-57cd9559318c: 117 datasets; 1.4 s; peak memory 808 MiB.
2026-10-08T18:49:12Z INFO [229/750] 726ea29d-37a9-4904-a9fc-366a7022e80b: 57 datasets; 1.1 s; peak memory 808 MiB.
2026-10-08T18:49:22Z INFO [230/750] 726ecc71-c0da-40e5-a7bd-0349ee23232f: 867 datasets; 10.3 s; peak memory 808 MiB.
2026-10-08T18:49:24Z INFO [231/750] 726f837c-48a9-4410-986c-ff5bc4220a95: 64 datasets; 2.0 s; peak memory 808 MiB.
2026-10-08T18:49:43Z INFO [232/750] 7270a090-b3f5-4bba-adb3-03b04f405d4d: 1398 datasets; 18.9 s; peak memory 808 MiB.
2026-10-08T18:49:46Z INFO [233/750] 7270c227-e6f9-4be0-b241-d9babe68ead1: 115 datasets; 3.2 s; peak memory 808 MiB.
2026-10-08T18:49:48Z INFO [234/750] 7270dd24-8d0b-4e3b-aa10-d6446b78625b: 112 datasets; 1.9 s; peak memory 808 MiB.
2026-10-08T18:49:52Z INFO [235/750] 72717816-c3c6-403d-ac82-87757653a14f: 506 datasets; 4.1 s; peak memory 808 MiB.
2026-10-08T18:49:54Z INFO [236/750] 7271c262-cde2-4327-9338-112ce925349a: 118 datasets; 1.6 s; peak memory 808 MiB.
2026-10-08T18:49:55Z INFO [237/750] 7271c869-c09c-468c-a097-ef7930f7c8f7: 116 datasets; 1.5 s; peak memory 808 MiB.
2026-10-08T18:49:57Z INFO [238/750] 72730761-f51d-4037-877f-de54d20a9d96: 112 datasets; 2.0 s; peak memory 808 MiB.
2026-10-08T18:50:00Z INFO [239/750] 7273841c-0053-4683-b5cc-424b81aafaa0: 38 datasets; 2.7 s; peak memory 808 MiB.
2026-10-08T18:50:08Z INFO [240/750] 72746e8d-67aa-46b4-b94f-32e302758588: 538 datasets; 8.5 s; peak memory 808 MiB.
2026-10-08T18:50:10Z INFO [241/750] 72748bd9-3bf2-446c-9e2e-22dabefbdeda: 118 datasets; 1.8 s; peak memory 808 MiB.
2026-10-08T18:50:13Z INFO [242/750] 7274add9-cdf3-4352-8548-f6488afba4a4: 154 datasets; 3.1 s; peak memory 808 MiB.
2026-10-08T18:50:15Z INFO [243/750] 72754cbe-b8e6-494b-a3db-95956befc585: 71 datasets; 2.1 s; peak memory 808 MiB.
2026-10-08T18:50:17Z INFO [244/750] 72756f3b-a4d5-49e6-9942-bc0ebcab1523: 51 datasets; 1.5 s; peak memory 808 MiB.
2026-10-08T18:50:18Z INFO [245/750] 72757400-32b9-4532-9cf2-dfafc74db239: 48 datasets; 1.3 s; peak memory 808 MiB.
2026-10-08T18:50:19Z INFO [246/750] 72762837-25c6-488d-b612-3efde48af8fe: 117 datasets; 1.5 s; peak memory 808 MiB.
2026-10-08T18:50:29Z INFO [247/750] 7276cdea-3880-4487-a3a4-976da2cb28b5: 584 datasets; 9.3 s; peak memory 808 MiB.
2026-10-08T18:50:31Z INFO [248/750] 7276df2b-8168-49cb-ab7a-3539d7834afa: 118 datasets; 2.6 s; peak memory 808 MiB.
2026-10-08T18:50:33Z INFO [249/750] 72788580-5221-4522-a573-57193a8d5894: 116 datasets; 1.6 s; peak memory 808 MiB.
2026-10-08T18:50:35Z INFO [250/750] 727932f1-83c1-4a14-9bb2-33681aabdd0b: 62 datasets; 1.8 s; peak memory 808 MiB.
2026-10-08T18:50:35Z INFO [250/750] 727932f1-83c1-4a14-9bb2-33681aabdd0b: checkpointed 102085 new records.
2026-10-08T18:50:36Z INFO [251/750] 72798500-0e38-40a0-b9da-50ca93291c83: 48 datasets; 1.4 s; peak memory 808 MiB.
2026-10-08T18:50:38Z INFO [252/750] 727a4b5b-9f93-4b47-b8c6-ac90c8498d74: 117 datasets; 1.6 s; peak memory 808 MiB.
2026-10-08T18:50:45Z INFO [253/750] 727a54e3-77ee-4afd-bc7f-4d1e139282cf: 196 datasets; 7.0 s; peak memory 808 MiB.
2026-10-08T18:50:47Z INFO [254/750] 727b015e-16bd-4f4f-a651-123e1ea12437: 111 datasets; 1.7 s; peak memory 808 MiB.
2026-10-08T18:51:26Z INFO [255/750] 727b8429-7bda-4e2b-bfe0-8df7d1dc1184: 42 datasets; 39.0 s; peak memory 808 MiB.
2026-10-08T18:51:26Z INFO [256/750] 727bca88-6af1-4060-8e7c-206253498910: 46 datasets; 0.9 s; peak memory 808 MiB.
2026-10-08T18:51:28Z INFO [257/750] 727de2a8-f9c6-4647-b59e-aa010fa954d3: 69 datasets; 1.8 s; peak memory 808 MiB.
2026-10-08T18:51:30Z INFO [258/750] 727dfe92-dddb-4e35-af20-64d08fc7020e: 112 datasets; 1.6 s; peak memory 808 MiB.
2026-10-08T18:51:31Z INFO [259/750] 727e779d-5b90-430a-a4d0-ed79cbb3da65: 48 datasets; 1.3 s; peak memory 808 MiB.
2026-10-08T18:51:33Z INFO [260/750] 727ecc5f-75e0-479c-b8d3-95b4d054fca8: 118 datasets; 1.9 s; peak memory 808 MiB.
2026-10-08T18:51:35Z INFO [261/750] 727ed77b-1a8b-4963-81c8-cd6a35832063: 117 datasets; 1.6 s; peak memory 808 MiB.
2026-10-08T18:51:37Z INFO [262/750] 727eeab9-7ced-4dbf-bdca-eda913efb46f: 141 datasets; 2.8 s; peak memory 808 MiB.
2026-10-08T18:51:40Z INFO [263/750] 727f9e7d-01ab-4d93-aea1-dfa183b78909: 103 datasets; 3.0 s; peak memory 808 MiB.
2026-10-08T18:51:42Z INFO [264/750] 728033a2-e6ed-409a-982d-f2ae54eb60eb: 92 datasets; 1.3 s; peak memory 808 MiB.
2026-10-08T18:51:43Z INFO [265/750] 7280a75f-7d3d-4e47-a275-11878f801556: 77 datasets; 1.5 s; peak memory 808 MiB.
2026-10-08T18:51:46Z INFO [266/750] 72818fff-6b4e-45f6-9a57-48170d3cbde9: 119 datasets; 2.9 s; peak memory 808 MiB.
2026-10-08T18:51:47Z INFO [267/750] 7281b60d-5924-4fd7-91d9-e80695ca1612: 48 datasets; 1.3 s; peak memory 808 MiB.
2026-10-08T18:51:49Z INFO [268/750] 72822d36-4027-47e0-b6e5-d1c97d223c49: 78 datasets; 1.5 s; peak memory 808 MiB.
2026-10-08T18:51:57Z INFO [269/750] 7282d5f9-4eef-415d-9ec1-f4fd759d2abc: 9087 datasets; 8.4 s; peak memory 808 MiB.
2026-10-08T18:51:59Z INFO [270/750] 7282f655-e7c4-4370-ac14-25518f17bcac: 69 datasets; 1.6 s; peak memory 808 MiB.
2026-10-08T18:52:00Z INFO [271/750] 7282fdcb-8812-469c-b3ee-d6076a486962: 69 datasets; 1.6 s; peak memory 808 MiB.
2026-10-08T18:52:04Z INFO [272/750] 7283a355-4d89-45dc-9492-5348bdbf2536: 156 datasets; 3.2 s; peak memory 808 MiB.
2026-10-08T18:52:05Z INFO [273/750] 72852362-aba3-4f2e-9b46-013484ea9524: 48 datasets; 1.2 s; peak memory 808 MiB.
2026-10-08T18:52:12Z INFO [274/750] 728592d7-d81a-40d3-a0ed-885c391e09c2: 479 datasets; 6.7 s; peak memory 808 MiB.
2026-10-08T18:52:14Z INFO [275/750] 7286266f-d687-4469-aa1f-dad0d3cc5306: 119 datasets; 2.8 s; peak memory 808 MiB.
2026-10-08T18:52:20Z INFO [276/750] 728725a6-d1b0-4557-8e5c-9f6eff10b817: 229 datasets; 6.1 s; peak memory 808 MiB.
2026-10-08T18:52:22Z INFO [277/750] 728751ed-9b3b-4fd8-a219-0ebd90c71cb4: 48 datasets; 1.4 s; peak memory 808 MiB.
2026-10-08T18:52:23Z INFO [278/750] 72883273-7de0-4314-9b50-5a82c81754c5: 48 datasets; 1.3 s; peak memory 808 MiB.
2026-10-08T18:52:24Z INFO [279/750] 7288a38f-a406-4b6e-b959-d70db927b18c: 44 datasets; 1.3 s; peak memory 808 MiB.
2026-10-08T18:52:26Z INFO [280/750] 72890693-4b3c-4061-8304-ba369c35c1de: 117 datasets; 1.5 s; peak memory 808 MiB.
2026-10-08T18:52:29Z INFO [281/750] 728950f3-b662-42be-bfad-68a0d0a0fd8c: 104 datasets; 3.1 s; peak memory 808 MiB.
2026-10-08T18:52:31Z INFO [282/750] 72895a03-9c1e-48f0-b154-d077473e75bd: 117 datasets; 1.6 s; peak memory 808 MiB.
2026-10-08T18:52:32Z INFO [283/750] 728aa144-c766-4246-a2a4-61a7b6acce23: 118 datasets; 1.4 s; peak memory 808 MiB.
2026-10-08T18:52:35Z INFO [284/750] 728be426-f611-4e11-afa1-b42d643032f2: 156 datasets; 3.3 s; peak memory 808 MiB.
2026-10-08T18:52:38Z INFO [285/750] 728c0f51-b23e-4eef-8eb5-6b033e28351a: 71 datasets; 2.4 s; peak memory 808 MiB.
2026-10-08T18:52:39Z INFO [286/750] 728c74fe-b827-44e4-bb61-c79fb274a538: 117 datasets; 1.7 s; peak memory 808 MiB.
2026-10-08T18:52:42Z INFO [287/750] 728ce827-1d3a-49bf-aa54-99b32207110f: 112 datasets; 2.1 s; peak memory 808 MiB.
2026-10-08T18:52:43Z INFO [288/750] 728d7c84-947d-4c7a-83fa-8cfb2ad7fcf3: 48 datasets; 1.3 s; peak memory 808 MiB.
2026-10-08T18:52:44Z INFO [289/750] 728d869b-6491-495f-a774-42a147358c7c: 112 datasets; 1.5 s; peak memory 808 MiB.
2026-10-08T18:52:46Z INFO [290/750] 728d8da6-8c26-42dc-9225-577668671e98: 112 datasets; 1.6 s; peak memory 808 MiB.
2026-10-08T18:52:54Z INFO [291/750] 728ddef4-e9c5-43fd-a281-e77aee2027ad: 56 datasets; 8.4 s; peak memory 808 MiB.
2026-10-08T18:52:56Z INFO [292/750] 728df8fb-f7a8-415c-a82d-5584363ea130: 48 datasets; 1.7 s; peak memory 808 MiB.
2026-10-08T18:52:57Z INFO [293/750] 728e1b81-9ac7-432f-9283-0b8ee54ef9b9: 48 datasets; 1.4 s; peak memory 808 MiB.
2026-10-08T18:53:05Z INFO [294/750] 728f2fc3-a3c3-4a1a-a309-a691f9e768a2: 511 datasets; 7.2 s; peak memory 808 MiB.
2026-10-08T18:53:07Z INFO [295/750] 728f9e96-6f20-4480-9ece-5b9a01d13f62: 110 datasets; 2.0 s; peak memory 808 MiB.
2026-10-08T18:53:08Z INFO [296/750] 728ff3bf-76ef-456d-a475-8b161ace027b: 48 datasets; 1.4 s; peak memory 808 MiB.
2026-10-08T18:53:09Z INFO [297/750] 728ff573-8cb9-4886-b556-17b30c299f23: 117 datasets; 1.4 s; peak memory 808 MiB.
2026-10-08T18:53:12Z INFO [298/750] 729090aa-5a6a-4732-b1a0-2092377d869a: 102 datasets; 2.2 s; peak memory 808 MiB.
2026-10-08T18:53:13Z INFO [299/750] 72937e42-ccb2-4322-b257-1220679e9cc6: 275 datasets; 1.8 s; peak memory 808 MiB.
2026-10-08T18:55:34Z INFO [300/750] 7293c58a-e100-4605-a482-6a170f8e4a5e: 280 datasets; 140.3 s; peak memory 808 MiB.
2026-10-08T18:55:34Z INFO [300/750] 7293c58a-e100-4605-a482-6a170f8e4a5e: checkpointed 102135 new records.
2026-10-08T18:55:35Z INFO [301/750] 7293de9c-656f-47f2-b943-50b66dc3421c: 48 datasets; 1.4 s; peak memory 808 MiB.
2026-10-08T18:55:48Z INFO [302/750] 729445d2-0d99-4bea-bc1f-c9f67e61f303: 410 datasets; 12.6 s; peak memory 808 MiB.
2026-10-08T18:55:49Z INFO [303/750] 7295f034-6302-4ade-9499-b254d06da3e1: 53 datasets; 1.0 s; peak memory 808 MiB.
2026-10-08T18:55:51Z INFO [304/750] 72972492-fc0d-46c5-a4e6-dc350b6a8bea: 112 datasets; 1.7 s; peak memory 808 MiB.
2026-10-08T18:55:52Z INFO [305/750] 729752dc-d011-43cb-9f2d-5199dda82a81: 46 datasets; 1.0 s; peak memory 808 MiB.
2026-10-08T18:55:55Z INFO [306/750] 729755e4-63a5-47bd-9b2a-d4708401a1da: 157 datasets; 3.1 s; peak memory 808 MiB.
2026-10-08T18:55:56Z INFO [307/750] 72987717-dd0f-47cb-8764-669cc14246b6: 48 datasets; 1.4 s; peak memory 808 MiB.
2026-10-08T18:55:57Z INFO [308/750] 7298cbfe-b5cb-4285-8da8-eeaef73be849: 48 datasets; 1.4 s; peak memory 808 MiB.
2026-10-08T18:56:04Z INFO [309/750] 729aab3b-ae6c-41cb-a88e-ca9d3a4423cc: 174 datasets; 6.0 s; peak memory 808 MiB.
2026-10-08T18:56:05Z INFO [310/750] 729b12c2-fd17-4fd7-90c2-f1de45b987bd: 116 datasets; 1.5 s; peak memory 808 MiB.
2026-10-08T18:56:07Z INFO [311/750] 729c3c15-5b4a-40e8-a1e5-e5291582e6cf: 117 datasets; 1.6 s; peak memory 808 MiB.
2026-10-08T18:56:08Z INFO [312/750] 729c7948-14d5-442e-a48b-e7988351efee: 118 datasets; 1.6 s; peak memory 808 MiB.
2026-10-08T18:56:10Z INFO [313/750] 729c95b1-3f54-43fc-9a12-aef8f49a00ae: 48 datasets; 1.4 s; peak memory 808 MiB.
2026-10-08T18:56:11Z INFO [314/750] 729e6f6a-7338-4b24-b853-0527ff8b3f60: 48 datasets; 1.4 s; peak memory 808 MiB.
2026-10-08T18:56:13Z INFO [315/750] 729f40b8-1c0d-4b09-8fca-23b303df8a9c: 110 datasets; 1.7 s; peak memory 808 MiB.
2026-10-08T18:56:14Z INFO [316/750] 729fea43-245d-412a-96dc-70619cbc5a52: 66 datasets; 1.7 s; peak memory 808 MiB.
2026-10-08T18:56:25Z INFO [317/750] 72a02432-4635-47ea-b6a3-303b0d47659f: 759 datasets; 10.2 s; peak memory 808 MiB.
2026-10-08T18:56:26Z INFO [318/750] 72a04fbc-ba3e-4fe4-a67d-e8086d0af63f: 46 datasets; 1.1 s; peak memory 808 MiB.
2026-10-08T18:56:27Z INFO [319/750] 72a07b9d-f797-480b-bbe2-22ea1bafb530: 48 datasets; 1.4 s; peak memory 808 MiB.
2026-10-08T18:56:29Z INFO [320/750] 72a0ea06-aa93-4dd3-ac65-d080546e8e10: 115 datasets; 2.1 s; peak memory 808 MiB.
2026-10-08T18:56:30Z INFO [321/750] 72a150d6-fc1d-4ced-a5c8-e97234b4b6f9: 56 datasets; 1.1 s; peak memory 808 MiB.
2026-10-08T18:56:32Z INFO [322/750] 72a15b0d-ec43-49c1-848c-57a5489126ec: 118 datasets; 1.5 s; peak memory 808 MiB.
2026-10-08T18:56:34Z INFO [323/750] 72a1b670-388b-4d2a-b819-81ae2856761a: 66 datasets; 2.2 s; peak memory 808 MiB.
2026-10-08T18:56:37Z INFO [324/750] 72a2430b-1f07-4d5e-a396-26da0bdd371b: 115 datasets; 3.0 s; peak memory 808 MiB.
2026-10-08T18:56:40Z INFO [325/750] 72a25b26-cd11-4d6b-b2b8-833fd13973e7: 115 datasets; 2.9 s; peak memory 808 MiB.
2026-10-08T18:56:46Z INFO [326/750] 72a3d5c7-2fe9-42df-a47d-fa9111041aa5: 476 datasets; 5.7 s; peak memory 808 MiB.
2026-10-08T18:56:57Z INFO [327/750] 72a3e252-1982-4ba3-ac86-5a6b6590ee7d: 409 datasets; 11.2 s; peak memory 808 MiB.
2026-10-08T18:57:05Z INFO [328/750] 72a412c1-125c-49b6-9066-87904f6fc2b4: 658 datasets; 8.5 s; peak memory 808 MiB.
2026-10-08T18:57:07Z INFO [329/750] 72a449f6-43fa-438b-9d2a-124ae6d66710: 117 datasets; 1.5 s; peak memory 808 MiB.
2026-10-08T18:57:08Z INFO [330/750] 72a62f39-2156-4676-8aa0-647c6b5e0846: 117 datasets; 1.6 s; peak memory 808 MiB.
2026-10-08T18:57:10Z INFO [331/750] 72a6da0c-740f-4134-b95f-bd7982e3be82: 112 datasets; 1.8 s; peak memory 808 MiB.
2026-10-08T18:57:12Z INFO [332/750] 72a70df0-2d78-4cec-bbcb-7342b59c3343: 118 datasets; 1.6 s; peak memory 808 MiB.
2026-10-08T18:57:13Z INFO [333/750] 72a78231-f74d-4b04-a7d0-bd0cc03dedf6: 48 datasets; 1.3 s; peak memory 808 MiB.
2026-10-08T18:57:15Z INFO [334/750] 72a7a596-ce06-4dd8-a051-9954394f3a2f: 69 datasets; 1.6 s; peak memory 808 MiB.
2026-10-08T18:57:17Z INFO [335/750] 72a7ad76-48f0-46bd-b31b-391c4406da5b: 71 datasets; 2.3 s; peak memory 808 MiB.
2026-10-08T18:57:19Z INFO [336/750] 72a7c2fc-d84c-439e-8927-d2fafa9e583a: 84 datasets; 1.7 s; peak memory 808 MiB.
2026-10-08T18:57:20Z INFO [337/750] 72a81b0d-c169-4441-9c97-49f055c79cec: 112 datasets; 1.7 s; peak memory 808 MiB.
2026-10-08T18:57:43Z INFO [338/750] 72a8960c-8498-42aa-ac4a-e81ced579a56: 48 datasets; 22.6 s; peak memory 808 MiB.
2026-10-08T18:58:06Z INFO [339/750] 72a8b954-823d-4b66-a034-3e40939881d8: 147 datasets; 23.2 s; peak memory 808 MiB.
2026-10-08T18:58:07Z INFO [340/750] 72a959bc-7ceb-4195-9c3a-272562a45c13: 48 datasets; 1.4 s; peak memory 808 MiB.
2026-10-08T18:58:09Z INFO [341/750] 72a98308-ef02-4b77-89c0-d39bd456605f: 62 datasets; 1.7 s; peak memory 808 MiB.
2026-10-08T18:58:27Z INFO [342/750] 72a9d251-f29c-458a-916e-76251e22c651: 279 datasets; 18.1 s; peak memory 808 MiB.
2026-10-08T18:58:34Z INFO [343/750] 72aa2da0-75cc-4ff6-b587-059fe74ab2b4: 229 datasets; 6.9 s; peak memory 808 MiB.
2026-10-08T18:58:35Z INFO [344/750] 72abcfb8-a065-4325-8ee6-8c8cf5e91ae2: 48 datasets; 1.3 s; peak memory 808 MiB.
2026-10-08T18:58:37Z INFO [345/750] 72abfedd-c235-4edb-950c-10f958a572b8: 48 datasets; 1.3 s; peak memory 808 MiB.
2026-10-08T18:58:38Z INFO [346/750] 72acc1f1-eaec-41c4-9079-e9a02b1c0011: 48 datasets; 1.3 s; peak memory 808 MiB.
2026-10-08T18:58:39Z INFO [347/750] 72acce38-2e92-4a4d-bcff-adcc17e263bb: 118 datasets; 1.5 s; peak memory 808 MiB.
2026-10-08T18:58:41Z INFO [348/750] 72acdf15-beb3-401a-a362-9c392ec69570: 72 datasets; 1.4 s; peak memory 808 MiB.
2026-10-08T18:58:42Z INFO [349/750] 72ad2a73-74a1-48f4-b030-2468920fdb17: 48 datasets; 1.2 s; peak memory 808 MiB.
2026-10-08T18:58:44Z INFO [350/750] 72af00d0-1716-493e-b34a-54d9e56478ee: 118 datasets; 1.6 s; peak memory 808 MiB.
2026-10-08T18:58:44Z INFO [350/750] 72af00d0-1716-493e-b34a-54d9e56478ee: checkpointed 102185 new records.
2026-10-08T18:58:46Z INFO [351/750] 72afc4e2-8329-4fd5-9603-1046572ae412: 66 datasets; 2.0 s; peak memory 808 MiB.
2026-10-08T18:58:48Z INFO [352/750] 72afe42f-8757-459b-8492-66316e68cc01: 72 datasets; 1.6 s; peak memory 808 MiB.
2026-10-08T18:59:05Z INFO [353/750] 72b01b69-8210-4e9d-8195-79f233358e29: 695 datasets; 17.9 s; peak memory 808 MiB.
2026-10-08T18:59:07Z INFO [354/750] 72b033e1-8307-48bc-a299-f3841e09534b: 48 datasets; 1.2 s; peak memory 808 MiB.
2026-10-08T18:59:08Z INFO [355/750] 72b03efb-da73-4e39-b02d-d6070a8da856: 38 datasets; 1.3 s; peak memory 808 MiB.
2026-10-08T18:59:10Z INFO [356/750] 72b29791-0e0c-4fca-8ae6-00c14919b7fc: 112 datasets; 1.9 s; peak memory 808 MiB.
2026-10-08T18:59:11Z INFO [357/750] 72b2fb76-8252-4da9-8696-f647b0c163d3: 48 datasets; 1.4 s; peak memory 808 MiB.
2026-10-08T18:59:13Z INFO [358/750] 72b33dfc-ee09-4bfa-9f1c-cbd72267ac73: 118 datasets; 2.1 s; peak memory 808 MiB.
2026-10-08T18:59:15Z INFO [359/750] 72b3674a-ae1c-4c9b-b02b-dd596904db9a: 65 datasets; 1.5 s; peak memory 808 MiB.
2026-10-08T18:59:16Z INFO [360/750] 72b38c38-b922-4ce2-9499-0ac11abbba04: 110 datasets; 1.6 s; peak memory 808 MiB.
2026-10-08T18:59:20Z INFO [361/750] 72b3ce22-e8b3-42e3-89f9-f5cad779e328: 119 datasets; 3.3 s; peak memory 808 MiB.
2026-10-08T19:02:15Z INFO [362/750] 72b4c51f-ca6f-4dd9-b3f3-8d2189debf5a: 414 datasets; 175.3 s; peak memory 808 MiB.
2026-10-08T19:02:16Z INFO [363/750] 72b4f66c-ce7b-4002-baa3-d033bb73508e: 63 datasets; 1.3 s; peak memory 808 MiB.
2026-10-08T19:02:18Z INFO [364/750] 72b55233-b91d-441f-bcfe-cfd7ed13e25d: 117 datasets; 1.6 s; peak memory 808 MiB.
2026-10-08T19:02:19Z INFO [365/750] 72b55417-0b77-4dc6-b76b-eb609a978eab: 118 datasets; 1.5 s; peak memory 808 MiB.
2026-10-08T19:02:21Z INFO [366/750] 72b576f6-f464-40e5-9ea4-728c00a7d473: 116 datasets; 1.4 s; peak memory 808 MiB.
2026-10-08T19:02:22Z INFO [367/750] 72b5dec1-032a-44bb-b2e4-39bfe05a66d6: 117 datasets; 1.4 s; peak memory 808 MiB.
2026-10-08T19:02:24Z INFO [368/750] 72b6b497-8248-4f35-a48f-2f8515984dc1: 49 datasets; 1.6 s; peak memory 808 MiB.
2026-10-08T19:02:25Z INFO [369/750] 72b717a7-07bc-4ab2-96fe-8a6a506c73d5: 48 datasets; 1.2 s; peak memory 808 MiB.
2026-10-08T19:02:26Z INFO [370/750] 72b7c91b-7941-45e4-94b3-6f60f1ab8b56: 46 datasets; 1.2 s; peak memory 808 MiB.
2026-10-08T19:02:28Z INFO [371/750] 72b8126e-099e-4855-ae77-2f40407745bb: 115 datasets; 1.7 s; peak memory 808 MiB.
2026-10-08T19:07:19Z INFO [372/750] 72b8445e-2fe3-4ced-8273-221c3a55b508: 292 datasets; 290.8 s; peak memory 808 MiB.
2026-10-08T19:07:31Z INFO [373/750] 72b8a9a4-ab2a-4482-8a63-64f695df17c7: 107 datasets; 12.5 s; peak memory 808 MiB.
2026-10-08T19:07:32Z INFO [374/750] 72b8d3dd-100d-40cd-8c1e-2db5f7912924: 48 datasets; 1.3 s; peak memory 808 MiB.
2026-10-08T19:07:36Z INFO [375/750] 72b92f43-b950-4cc0-915a-c5f3757103ad: 71 datasets; 3.0 s; peak memory 808 MiB.
2026-10-08T19:07:37Z INFO [376/750] 72b97b8c-5b0f-49b1-bb04-cce46e27c617: 48 datasets; 1.4 s; peak memory 808 MiB.
2026-10-08T19:07:38Z INFO [377/750] 72b990b6-8507-4067-ae22-f08ff11a7718: 117 datasets; 1.4 s; peak memory 808 MiB.
2026-10-08T19:07:40Z INFO [378/750] 72ba0bd0-7fa8-4fde-9534-c52924d8b9f7: 118 datasets; 1.6 s; peak memory 808 MiB.
2026-10-08T19:08:03Z INFO [379/750] 72ba5106-dbfb-4a75-9196-7d5d3bda3303: 48 datasets; 23.2 s; peak memory 808 MiB.
2026-10-08T19:08:04Z INFO [380/750] 72bb0ee0-db3c-42c9-ad8c-f2c7c76c8688: 43 datasets; 1.3 s; peak memory 808 MiB.
2026-10-08T19:08:10Z INFO [381/750] 72bb8f8c-9ee3-4d69-827a-c1ab9c19a529: 174 datasets; 5.9 s; peak memory 808 MiB.
2026-10-08T19:08:11Z INFO [382/750] 72bbdcf8-9e97-4aa0-9149-9579f4d0f4d1: 33 datasets; 1.1 s; peak memory 808 MiB.
2026-10-08T19:08:15Z INFO [383/750] 72bbf903-fb0c-4a56-b7a2-7555c3874f5f: 156 datasets; 3.8 s; peak memory 808 MiB.
2026-10-08T19:08:16Z INFO [384/750] 72bc0b3d-2e9b-4bf6-8386-0111052798e9: 48 datasets; 1.2 s; peak memory 808 MiB.
2026-10-08T19:08:18Z INFO [385/750] 72bc56d8-0d22-4db0-be8e-1c4c488648f8: 48 datasets; 1.3 s; peak memory 808 MiB.
2026-10-08T19:08:19Z INFO [386/750] 72bc6aae-7ccb-4723-8097-c767f4509356: 106 datasets; 1.4 s; peak memory 808 MiB.
2026-10-08T19:08:21Z INFO [387/750] 72bdf09b-4ca0-4312-bcb1-bcfddc44ba17: 71 datasets; 2.3 s; peak memory 808 MiB.
2026-10-08T19:08:23Z INFO [388/750] 72bf31a4-4683-4191-80f8-4c798e0bd050: 110 datasets; 2.0 s; peak memory 808 MiB.
2026-10-08T19:09:12Z INFO [389/750] 72bf79ec-3864-4eff-a465-ee5352c0c100: 70 datasets; 48.5 s; peak memory 808 MiB.
2026-10-08T19:09:13Z INFO [390/750] 72bfa0be-d0cd-4d6d-bb45-e16321346366: 48 datasets; 1.6 s; peak memory 808 MiB.
2026-10-08T19:09:15Z INFO [391/750] 72c04b92-c0b8-4031-898e-9bc63f082db6: 67 datasets; 2.0 s; peak memory 808 MiB.
2026-10-08T19:09:17Z INFO [392/750] 72c18b64-ff5a-4e09-8a76-bcdbfa110d24: 117 datasets; 1.8 s; peak memory 808 MiB.
2026-10-08T19:09:19Z INFO [393/750] 72c3de05-8d56-491b-9f8c-d40113f72591: 48 datasets; 1.4 s; peak memory 808 MiB.
2026-10-08T19:09:20Z INFO [394/750] 72c3df45-db3f-4c77-970d-e57eed96796d: 48 datasets; 1.4 s; peak memory 808 MiB.
2026-10-08T19:09:22Z INFO [395/750] 72c42426-47a5-4f8c-a559-9450d1927eff: 112 datasets; 1.8 s; peak memory 808 MiB.
2026-10-08T19:09:23Z INFO [396/750] 72c4b042-3ceb-4cde-aeab-39421b286541: 117 datasets; 1.6 s; peak memory 808 MiB.
2026-10-08T19:09:25Z INFO [397/750] 72c4c7ca-fb5e-459b-9b49-cbe45ba95faa: 69 datasets; 1.9 s; peak memory 808 MiB.
2026-10-08T19:09:27Z INFO [398/750] 72c509ae-340f-452a-834a-69fc556dd413: 48 datasets; 1.3 s; peak memory 808 MiB.
2026-10-08T19:09:28Z INFO [399/750] 72c53e10-4cb1-4312-b387-37ae0ac37999: 51 datasets; 1.0 s; peak memory 808 MiB.
2026-10-08T19:10:07Z INFO [400/750] 72c54934-0901-4b30-b9a3-55d5aaf69a89: 1414 datasets; 38.9 s; peak memory 808 MiB.
2026-10-08T19:10:07Z INFO [400/750] 72c54934-0901-4b30-b9a3-55d5aaf69a89: checkpointed 102235 new records.
2026-10-08T19:10:22Z INFO [401/750] 72c56b35-b4cc-4758-87bf-4f1fa126fd17: 980 datasets; 15.0 s; peak memory 808 MiB.
2026-10-08T19:10:24Z INFO [402/750] 72c58a47-7ccb-468b-9df9-a809ce682ee3: 289 datasets; 1.8 s; peak memory 808 MiB.
2026-10-08T19:10:25Z INFO [403/750] 72c5c47c-b8e9-4a8f-926d-a9bb924f370f: 48 datasets; 1.3 s; peak memory 808 MiB.
2026-10-08T19:10:26Z INFO [404/750] 72c61a62-56af-4652-8f53-4405b907fac3: 48 datasets; 1.4 s; peak memory 808 MiB.
2026-10-08T19:10:28Z INFO [405/750] 72c65c2f-ed27-4928-a169-7a9ffd8a035f: 117 datasets; 1.7 s; peak memory 808 MiB.
2026-10-08T19:10:29Z INFO [406/750] 72c6c3ee-dff8-4994-8f7d-cb4f0499c569: 48 datasets; 1.3 s; peak memory 808 MiB.
2026-10-08T19:10:31Z INFO [407/750] 72c6ff04-23ee-4463-80c7-95388e337338: 62 datasets; 2.0 s; peak memory 808 MiB.
2026-10-08T19:10:32Z INFO [408/750] 72c749f0-0565-484d-80d3-cbb751c6af5d: 46 datasets; 1.2 s; peak memory 808 MiB.
2026-10-08T19:10:34Z INFO [409/750] 72c77086-8af6-44f7-bf64-2cb429c3aaec: 116 datasets; 1.6 s; peak memory 808 MiB.
2026-10-08T19:10:43Z INFO [410/750] 72c885d4-da12-4b26-ace7-acfacaac0beb: 1053 datasets; 9.3 s; peak memory 808 MiB.
2026-10-08T19:10:47Z INFO [411/750] 72c88c84-ccf1-4054-bdd4-3c91a671326a: 156 datasets; 3.6 s; peak memory 808 MiB.
2026-10-08T19:10:48Z INFO [412/750] 72c987b6-e6e0-49f8-87c5-c448f6d7c625: 48 datasets; 1.3 s; peak memory 808 MiB.
2026-10-08T19:10:52Z INFO [413/750] 72c98cfa-46bb-4129-9171-818bbbd9ca10: 114 datasets; 3.5 s; peak memory 808 MiB.
2026-10-08T19:11:02Z INFO [414/750] 72cae4be-065d-4945-93a3-4789c4195e90: 11477 datasets; 10.4 s; peak memory 808 MiB.
2026-10-08T19:11:04Z INFO [415/750] 72cb9ec4-5ad3-4d85-90f0-5c429f8f812c: 112 datasets; 2.1 s; peak memory 808 MiB.
2026-10-08T19:11:06Z INFO [416/750] 72cc03bc-6706-44d5-9faf-638bd051703e: 48 datasets; 1.3 s; peak memory 808 MiB.
2026-10-08T19:11:07Z INFO [417/750] 72cdd7d0-c8da-4f9a-99dd-db761469f2f1: 48 datasets; 1.3 s; peak memory 808 MiB.
2026-10-08T19:11:08Z INFO [418/750] 72ce37fc-4022-4c92-9240-68855bf23a6b: 46 datasets; 1.1 s; peak memory 808 MiB.
2026-10-08T19:11:11Z INFO [419/750] 72ce5a90-26ef-4e6e-89a9-f6adddccbd23: 138 datasets; 3.4 s; peak memory 808 MiB.
2026-10-08T19:11:14Z INFO [420/750] 72cfb666-1a2c-4c98-b110-44ae4a15c650: 119 datasets; 2.7 s; peak memory 808 MiB.
2026-10-08T19:11:16Z INFO [421/750] 72cffe1f-0cf4-4aec-abe6-de42eb283419: 112 datasets; 2.1 s; peak memory 808 MiB.
2026-10-08T19:11:24Z INFO [422/750] 72d09258-62d4-4c4e-9a78-8c77b61d922f: 67 datasets; 7.9 s; peak memory 808 MiB.
2026-10-08T19:11:26Z INFO [423/750] 72d11dff-7739-4e85-b5e8-c48e86f87c00: 289 datasets; 1.8 s; peak memory 808 MiB.
2026-10-08T19:11:27Z INFO [424/750] 72d21c08-4f60-4567-9611-f72bbc724d72: 48 datasets; 1.3 s; peak memory 808 MiB.
2026-10-08T19:12:25Z INFO [425/750] 72d2aff5-7dec-4079-b2c9-08e4e6d27a76: 55 datasets; 57.3 s; peak memory 808 MiB.
2026-10-08T19:12:35Z INFO [426/750] 72d3692c-865b-4cc9-b942-4c52b024427e: 339 datasets; 10.4 s; peak memory 808 MiB.
2026-10-08T19:12:36Z INFO [427/750] 72d42ef0-2e17-44d9-94ec-57a1081e1c8f: 46 datasets; 1.1 s; peak memory 808 MiB.
2026-10-08T19:12:38Z INFO [428/750] 72d477c4-f86c-460b-9200-d54439fa1ef4: 117 datasets; 1.7 s; peak memory 808 MiB.
2026-10-08T19:12:39Z INFO [429/750] 72d7a2d9-1f8c-472a-846f-0624190005ae: 48 datasets; 1.3 s; peak memory 808 MiB.
2026-10-08T19:12:40Z INFO [430/750] 72d7c37b-e200-4c4e-88e7-fa0c2ab9c9d0: 48 datasets; 1.3 s; peak memory 808 MiB.
2026-10-08T19:12:57Z INFO [431/750] 72d82068-0cee-4ba9-9942-5fb233c8e6b2: 1206 datasets; 16.2 s; peak memory 808 MiB.
2026-10-08T19:13:12Z INFO [432/750] 72d8f115-65e8-468a-995b-290f21a7f4b1: 856 datasets; 15.7 s; peak memory 808 MiB.
2026-10-08T19:13:14Z INFO [433/750] 72da2d2d-291f-4a76-8ac5-f31399cebb8f: 109 datasets; 2.1 s; peak memory 808 MiB.
2026-10-08T19:13:16Z INFO [434/750] 72da8a02-baa0-4088-8771-a4f13a7ff331: 48 datasets; 1.2 s; peak memory 808 MiB.
2026-10-08T19:13:18Z INFO [435/750] 72dafcc5-8773-4f3e-8e00-522057c2cd70: 110 datasets; 2.2 s; peak memory 808 MiB.
2026-10-08T19:13:19Z INFO [436/750] 72dbc9f2-b4a3-466e-b6a1-2744c7f80ccd: 131 datasets; 1.4 s; peak memory 808 MiB.
2026-10-08T19:13:39Z INFO [437/750] 72dbf860-4daa-43fa-95b9-a31eab022121: 1201 datasets; 20.0 s; peak memory 808 MiB.
2026-10-08T19:13:41Z INFO [438/750] 72dc1895-6fc1-4248-8448-6950d5329288: 116 datasets; 1.5 s; peak memory 808 MiB.
2026-10-08T19:13:43Z INFO [439/750] 72dd26ae-df65-46b1-b5bf-305bb6ea4a68: 117 datasets; 1.8 s; peak memory 808 MiB.
2026-10-08T19:13:44Z INFO [440/750] 72de4140-87d8-4da4-9c59-3f4e0faf4961: 85 datasets; 1.9 s; peak memory 808 MiB.
2026-10-08T19:13:48Z INFO [441/750] 72df458e-016c-4210-b81b-a73780ed04e2: 114 datasets; 3.3 s; peak memory 808 MiB.
2026-10-08T19:13:49Z INFO [442/750] 72df65eb-0185-42f2-8a67-03eb3aadfe6f: 117 datasets; 1.5 s; peak memory 808 MiB.
2026-10-08T19:13:51Z INFO [443/750] 72e138d4-07c9-4df6-a9ad-745c9bedfbee: 48 datasets; 1.3 s; peak memory 808 MiB.
2026-10-08T19:13:52Z INFO [444/750] 72e15f15-d2c3-4ac7-890c-50a142d37338: 84 datasets; 1.4 s; peak memory 808 MiB.
2026-10-08T19:13:53Z INFO [445/750] 72e2b345-8034-4256-8563-94b281e65b0e: 48 datasets; 1.3 s; peak memory 808 MiB.
2026-10-08T19:19:53Z INFO [446/750] 72e3258d-c80c-47a9-8f38-366fed6d176f: 436 datasets; 359.3 s; peak memory 808 MiB.
2026-10-08T19:19:54Z INFO [447/750] 72e35c81-5f72-40d8-b552-37fc7a959d09: 48 datasets; 1.3 s; peak memory 808 MiB.
2026-10-08T19:19:55Z INFO [448/750] 72e4073f-b925-45f5-a52b-e322aaeee43f: 68 datasets; 1.7 s; peak memory 808 MiB.
2026-10-08T19:19:57Z INFO [449/750] 72e41673-3b1f-4c92-92e7-375ff75f0910: 37 datasets; 1.2 s; peak memory 808 MiB.
2026-10-08T19:19:58Z INFO [450/750] 72e41a91-9306-4255-ad59-5cd437d7d861: 118 datasets; 1.6 s; peak memory 808 MiB.
2026-10-08T19:19:58Z INFO [450/750] 72e41a91-9306-4255-ad59-5cd437d7d861: checkpointed 102285 new records.
2026-10-08T19:20:23Z INFO [451/750] 72e463a4-8db0-4725-a99e-6fa334d5ffda: 48 datasets; 24.1 s; peak memory 808 MiB.
2026-10-08T19:20:25Z INFO [452/750] 72e4b6db-56e2-4acf-a666-fda3147bb4f8: 38 datasets; 2.7 s; peak memory 808 MiB.
2026-10-08T19:20:26Z INFO [453/750] 72e529bb-0153-4c82-a417-6a02b68a6f61: 37 datasets; 1.1 s; peak memory 808 MiB.
2026-10-08T19:20:33Z INFO [454/750] 72e55f6a-dca0-4d77-8a7c-57840da474eb: 539 datasets; 6.8 s; peak memory 808 MiB.
2026-10-08T19:20:39Z INFO [455/750] 72e56b8b-8476-4c25-aa0a-141cbc1ccb72: 538 datasets; 6.0 s; peak memory 808 MiB.
2026-10-08T19:20:46Z INFO [456/750] 72e74269-4855-490f-a95a-ef6eb1e2f544: 589 datasets; 6.8 s; peak memory 808 MiB.
2026-10-08T19:20:48Z INFO [457/750] 72e821b3-3777-4368-b248-83185b50d30f: 112 datasets; 1.9 s; peak memory 808 MiB.
2026-10-08T19:20:50Z INFO [458/750] 72e85655-55a8-4f2d-a378-be5380d589da: 117 datasets; 1.7 s; peak memory 808 MiB.
2026-10-08T19:21:01Z INFO [459/750] 72e8698f-557f-4bfc-8a81-17ecec68e2fd: 399 datasets; 11.4 s; peak memory 808 MiB.
2026-10-08T19:21:03Z INFO [460/750] 72e90d82-df5e-4529-9766-2466c1c73a22: 112 datasets; 2.0 s; peak memory 808 MiB.
2026-10-08T19:21:04Z INFO [461/750] 72ea2d63-b813-423e-a992-fecb87c54cce: 48 datasets; 1.5 s; peak memory 808 MiB.
2026-10-08T19:21:07Z INFO [462/750] 72ea580f-c49e-4a96-933d-0a68a2fb80ed: 65 datasets; 2.3 s; peak memory 808 MiB.
2026-10-08T19:21:08Z INFO [463/750] 72ea8368-55d4-4121-aec0-c0812be97a17: 112 datasets; 1.3 s; peak memory 808 MiB.
2026-10-08T19:21:14Z INFO [464/750] 72eaa141-b549-46d6-805d-8bfeb0fd81ba: 560 datasets; 5.6 s; peak memory 808 MiB.
2026-10-08T19:21:24Z INFO [465/750] 72eb1a37-4478-4b7a-a9b7-b845a2a488fc: 696 datasets; 10.1 s; peak memory 808 MiB.
2026-10-08T19:21:30Z INFO [466/750] 72eb7a7f-5cf2-48e2-a14e-240e5d2f34ca: 225 datasets; 6.1 s; peak memory 808 MiB.
2026-10-08T19:21:31Z INFO [467/750] 72eb9923-18a9-4a37-98e8-770249dc90d3: 41 datasets; 1.1 s; peak memory 808 MiB.
2026-10-08T19:21:33Z INFO [468/750] 72ecade2-1e4e-4efa-a1ff-b667df394379: 75 datasets; 2.1 s; peak memory 808 MiB.
2026-10-08T19:21:39Z INFO [469/750] 72ee6262-6a83-4087-be3f-4db9fe56c83b: 222 datasets; 6.1 s; peak memory 808 MiB.
2026-10-08T19:21:47Z INFO [470/750] 72ef8530-366a-4782-a8a8-944719435fa0: 538 datasets; 7.4 s; peak memory 808 MiB.
2026-10-08T19:21:48Z INFO [471/750] 72ef8ac0-bf80-41e4-b2f2-c2d5f261a854: 50 datasets; 1.6 s; peak memory 808 MiB.
2026-10-08T19:21:49Z INFO [472/750] 72ef9ee6-f62b-4b54-9d7a-2bf5802b9847: 118 datasets; 1.4 s; peak memory 808 MiB.
2026-10-08T19:21:51Z INFO [473/750] 72f00473-329d-445f-b8e7-7d4d06419f37: 117 datasets; 1.4 s; peak memory 808 MiB.
2026-10-08T19:21:52Z INFO [474/750] 72f0fefe-27ee-47ad-81ea-b618a790448a: 117 datasets; 1.4 s; peak memory 808 MiB.
2026-10-08T19:21:54Z INFO [475/750] 72f1022e-9257-4dc1-9a91-c61f2b12a0f1: 48 datasets; 1.3 s; peak memory 808 MiB.
2026-10-08T19:21:54Z INFO [476/750] 72f1b449-1066-47d6-9002-75a2ed859d0c: 57 datasets; 0.9 s; peak memory 808 MiB.
2026-10-08T19:21:56Z INFO [477/750] 72f20544-1e2b-4794-83d1-3ebcbd20fffd: 63 datasets; 1.2 s; peak memory 808 MiB.
2026-10-08T19:21:57Z INFO [478/750] 72f2be2f-94fe-4eea-8920-af7ad2a8050b: 118 datasets; 1.8 s; peak memory 808 MiB.
2026-10-08T19:21:59Z INFO [479/750] 72f46da8-e414-406e-b613-6adae2b2a096: 56 datasets; 2.0 s; peak memory 808 MiB.
2026-10-08T19:22:01Z INFO [480/750] 72f47d0c-088c-4671-b0f6-90598ec49e16: 62 datasets; 1.7 s; peak memory 808 MiB.
2026-10-08T19:22:02Z INFO [481/750] 72f67e2b-c94b-4183-996c-00d673bc8789: 50 datasets; 1.0 s; peak memory 808 MiB.
2026-10-08T19:22:04Z INFO [482/750] 72f73e5c-e887-409d-be13-0ad2bb68c07e: 49 datasets; 1.9 s; peak memory 808 MiB.
2026-10-08T19:22:07Z INFO [483/750] 72f7905a-0b01-44a3-99cc-fe69d3019bdf: 71 datasets; 2.7 s; peak memory 808 MiB.
2026-10-08T19:22:08Z INFO [484/750] 72f80ae7-da89-4e1e-aa1b-d879993b155a: 48 datasets; 1.4 s; peak memory 808 MiB.
2026-10-08T19:22:14Z INFO [485/750] 72f99dca-4bc8-42a8-a6a2-6452aa273d7b: 536 datasets; 6.2 s; peak memory 808 MiB.
2026-10-08T19:22:16Z INFO [486/750] 72f9fca7-7640-4647-8e96-e458d866d531: 52 datasets; 1.4 s; peak memory 808 MiB.
2026-10-08T19:22:18Z INFO [487/750] 72fa199d-109e-4d55-91d7-55187716f74a: 71 datasets; 2.4 s; peak memory 808 MiB.
2026-10-08T19:25:08Z INFO [488/750] 72fa89f9-1eee-41f6-9517-c0d5f50a75a8: 77 datasets; 169.9 s; peak memory 808 MiB.
2026-10-08T19:25:10Z INFO [489/750] 72faaff5-52f6-46bb-ac89-5fdc0ce34aca: 117 datasets; 1.7 s; peak memory 808 MiB.
2026-10-08T19:25:11Z INFO [490/750] 72fb7e00-e0bc-4cc3-8972-eaf91eb08002: 52 datasets; 1.4 s; peak memory 808 MiB.
2026-10-08T19:25:12Z INFO [491/750] 72fbabd2-0177-4ba5-9cdc-9414096c167b: 46 datasets; 1.5 s; peak memory 808 MiB.
2026-10-08T19:25:14Z INFO [492/750] 72fc97f6-e8ff-4d4f-b43a-4a7af19b1cce: 48 datasets; 1.4 s; peak memory 808 MiB.
2026-10-08T19:25:25Z INFO [493/750] 72fd8119-5510-46b5-8229-634977091c9d: 11485 datasets; 11.3 s; peak memory 808 MiB.
2026-10-08T19:25:29Z INFO [494/750] 72fdf1eb-7a55-4f31-a87c-3b56462baa9d: 89 datasets; 3.4 s; peak memory 808 MiB.
2026-10-08T19:25:30Z INFO [495/750] 72fdfd7d-9afc-423f-ba74-0f5a5b5c4553: 48 datasets; 1.5 s; peak memory 808 MiB.
2026-10-08T19:25:32Z INFO [496/750] 72fe5664-620a-4a0d-8364-a03acc7592ea: 110 datasets; 1.9 s; peak memory 808 MiB.
2026-10-08T19:25:33Z INFO [497/750] 72ff3d41-db17-4f39-8828-3590ce0918f1: 48 datasets; 1.4 s; peak memory 808 MiB.
2026-10-08T19:25:35Z INFO [498/750] 72ff6c25-7955-444e-b969-78a11cce5e67: 117 datasets; 1.7 s; peak memory 808 MiB.
2026-10-08T19:25:37Z INFO [499/750] 72ff88ac-41b8-44d6-9279-880ab842c63a: 110 datasets; 1.8 s; peak memory 808 MiB.
2026-10-08T19:28:07Z INFO [500/750] 730009ae-492d-47d9-80f4-c61472d3b399: 167 datasets; 150.3 s; peak memory 808 MiB.
2026-10-08T19:28:07Z INFO [500/750] 730009ae-492d-47d9-80f4-c61472d3b399: checkpointed 102335 new records.
2026-10-08T19:28:09Z INFO [501/750] 7300736e-0a58-4e72-86be-82c819c1b19a: 66 datasets; 1.8 s; peak memory 808 MiB.
2026-10-08T19:28:11Z INFO [502/750] 7300d5d5-4ca9-4154-af28-40d788ac4719: 71 datasets; 2.0 s; peak memory 808 MiB.
2026-10-08T19:28:13Z INFO [503/750] 7301ced6-85dc-447e-80a9-490a8099d3ad: 51 datasets; 1.5 s; peak memory 808 MiB.
2026-10-08T19:28:39Z INFO [504/750] 73021399-d64f-4ca4-9f32-ffcef8c3acec: 3223 datasets; 26.8 s; peak memory 808 MiB.
2026-10-08T19:28:41Z INFO [505/750] 7302d31b-cac2-4fb0-8152-c490ab4d105a: 116 datasets; 1.4 s; peak memory 808 MiB.
2026-10-08T19:28:42Z INFO [506/750] 7303c67a-8870-4dc5-8554-51dda7a92ea3: 117 datasets; 1.5 s; peak memory 808 MiB.
2026-10-08T19:28:44Z INFO [507/750] 730449c2-177f-4dbf-8e98-6398af23e133: 116 datasets; 1.4 s; peak memory 808 MiB.
2026-10-08T19:28:45Z INFO [508/750] 73045056-4a51-4858-8af9-a9b9a553ab6e: 41 datasets; 1.2 s; peak memory 808 MiB.
2026-10-08T19:28:47Z INFO [509/750] 7305805b-8b96-408b-bdb7-ffc470ed4ccd: 69 datasets; 1.8 s; peak memory 808 MiB.
2026-10-08T19:28:49Z INFO [510/750] 7305ae01-fec6-4f99-9ea5-e56a0f59bac5: 74 datasets; 2.2 s; peak memory 808 MiB.
2026-10-08T19:28:50Z INFO [511/750] 7305d1af-6bda-4023-9742-4f68ec3eb0b7: 48 datasets; 1.3 s; peak memory 808 MiB.
2026-10-08T19:28:52Z INFO [512/750] 730682d1-3fdd-4466-9359-21cc249d844d: 117 datasets; 2.0 s; peak memory 808 MiB.
2026-10-08T19:28:54Z INFO [513/750] 73068adf-2840-421f-8055-51ec2b664d6c: 118 datasets; 1.5 s; peak memory 808 MiB.
2026-10-08T19:28:55Z INFO [514/750] 73068b2c-75cb-4cd0-84d4-5d9fe2711178: 41 datasets; 1.2 s; peak memory 808 MiB.
2026-10-08T19:29:01Z INFO [515/750] 73068fc4-29fa-4712-909e-cd3d80c25f64: 92 datasets; 5.8 s; peak memory 808 MiB.
2026-10-08T19:29:03Z INFO [516/750] 73074293-5e78-4e95-a716-a1744daedc8b: 71 datasets; 2.4 s; peak memory 808 MiB.
2026-10-08T19:29:04Z INFO [517/750] 73078379-3992-43e5-99c8-0fb8492ea922: 48 datasets; 1.3 s; peak memory 808 MiB.
2026-10-08T19:29:06Z INFO [518/750] 73082dc5-5942-4ed7-bb00-8ff4b55ed262: 66 datasets; 1.8 s; peak memory 808 MiB.
2026-10-08T19:29:08Z INFO [519/750] 73086eba-db8f-488a-b7d6-c6e40a5813d4: 52 datasets; 1.7 s; peak memory 808 MiB.
2026-10-08T19:29:09Z INFO [520/750] 73095eb6-e91d-4f14-9847-03d6993b053a: 112 datasets; 1.6 s; peak memory 808 MiB.
2026-10-08T19:29:11Z INFO [521/750] 73099d5d-137e-4817-9e53-500138317727: 45 datasets; 1.2 s; peak memory 808 MiB.
2026-10-08T19:31:07Z INFO [522/750] 730a07b0-286d-4d2e-9ad9-b766aa5084e3: 25729 datasets; 115.9 s; peak memory 808 MiB.
2026-10-08T19:31:08Z INFO [523/750] 730a5a59-2b8b-42c3-bebc-f79689c0d119: 57 datasets; 1.1 s; peak memory 808 MiB.
2026-10-08T19:31:09Z INFO [524/750] 730ae4c3-afc3-4b5b-8e58-889302db1666: 117 datasets; 1.4 s; peak memory 808 MiB.
2026-10-08T19:31:10Z INFO [525/750] 730b1db9-c67e-4567-89ea-921fdeb66c6c: 118 datasets; 1.4 s; peak memory 808 MiB.
2026-10-08T19:31:12Z INFO [526/750] 730c23b1-0e42-4a7a-bf87-cfab14233f1f: 110 datasets; 1.6 s; peak memory 808 MiB.
2026-10-08T19:31:14Z INFO [527/750] 730d11a1-dd0f-438e-921a-d66312ff8dad: 76 datasets; 2.2 s; peak memory 808 MiB.
2026-10-08T19:31:15Z INFO [528/750] 730de3db-7122-4d67-8b72-9b61d11e909a: 37 datasets; 1.0 s; peak memory 808 MiB.
2026-10-08T19:31:41Z INFO [529/750] 730e26e7-f3ee-4f7f-8b9e-262df33a6348: 48 datasets; 25.4 s; peak memory 808 MiB.
2026-10-08T19:31:51Z INFO [530/750] 730e4f5d-6955-4085-aaa5-82e128263405: 877 datasets; 10.8 s; peak memory 808 MiB.
2026-10-08T19:32:05Z INFO [531/750] 730e6306-37cd-4004-a416-16b497fed748: 44 datasets; 14.0 s; peak memory 808 MiB.
2026-10-08T19:32:08Z INFO [532/750] 730ec038-1f7d-405d-8bc3-e0e3ad155bde: 71 datasets; 2.3 s; peak memory 808 MiB.
2026-10-08T19:32:09Z INFO [533/750] 730f6ab9-42ff-4f54-b1aa-fe9fa12ce326: 116 datasets; 1.5 s; peak memory 808 MiB.
2026-10-08T19:32:10Z INFO [534/750] 730fd528-945d-4281-8b5b-46353a4f5185: 52 datasets; 1.2 s; peak memory 808 MiB.
2026-10-08T19:32:32Z INFO [535/750] 731000db-9078-4e82-8d21-0227210e18ee: 1585 datasets; 21.3 s; peak memory 808 MiB.
2026-10-08T19:32:33Z INFO [536/750] 73104ba9-9d85-417f-894b-98291f7bcf4c: 48 datasets; 1.3 s; peak memory 808 MiB.
2026-10-08T19:32:34Z INFO [537/750] 73116678-2685-44a0-9f77-32ae9f0d3707: 37 datasets; 1.1 s; peak memory 808 MiB.
2026-10-08T19:32:36Z INFO [538/750] 73117bb9-3bb2-4314-9332-f5d6c4fccfb2: 52 datasets; 1.4 s; peak memory 808 MiB.
2026-10-08T19:32:37Z INFO [539/750] 73118c99-78af-4ecf-b414-848485600e90: 117 datasets; 1.6 s; peak memory 808 MiB.
2026-10-08T19:32:39Z INFO [540/750] 7311ffdc-dd0f-4449-9676-1ad989104e99: 48 datasets; 1.4 s; peak memory 808 MiB.
2026-10-08T19:32:40Z INFO [541/750] 731239b0-8e98-491f-a4fe-06d0d3aa1efe: 48 datasets; 1.2 s; peak memory 808 MiB.
2026-10-08T19:32:45Z INFO [542/750] 7312bbd1-e417-45ab-9102-07fdb78e3979: 296 datasets; 5.4 s; peak memory 808 MiB.
2026-10-08T19:32:46Z INFO [543/750] 73131f1c-4c3e-422e-84df-27c307caf627: 48 datasets; 1.2 s; peak memory 808 MiB.
2026-10-08T19:32:48Z INFO [544/750] 7313d208-21e7-45d1-8e5f-437dcbb6ff6f: 84 datasets; 1.6 s; peak memory 808 MiB.
2026-10-08T19:32:50Z INFO [545/750] 73145ee7-04b7-4f7d-999c-f83d8e44990f: 110 datasets; 1.8 s; peak memory 808 MiB.
2026-10-08T19:32:52Z INFO [546/750] 7314f02d-efef-4202-89ec-f32b15a5c56b: 66 datasets; 1.8 s; peak memory 808 MiB.
2026-10-08T19:32:53Z INFO [547/750] 7315084a-e2b6-46e2-b9fe-2825661ee3a6: 46 datasets; 1.1 s; peak memory 808 MiB.
2026-10-08T19:32:55Z INFO [548/750] 73154035-0bfc-4c5a-8fa4-a124764ab446: 115 datasets; 2.8 s; peak memory 808 MiB.
2026-10-08T19:32:58Z INFO [549/750] 731614ae-2ac9-4d33-b626-69a223b5db53: 186 datasets; 2.7 s; peak memory 808 MiB.
2026-10-08T19:33:07Z INFO [550/750] 731677ae-9c82-4c4b-8341-45965e9a8db8: 288 datasets; 9.1 s; peak memory 808 MiB.
2026-10-08T19:33:07Z INFO [550/750] 731677ae-9c82-4c4b-8341-45965e9a8db8: checkpointed 102385 new records.
2026-10-08T19:33:11Z INFO [551/750] 73168c6f-f4ee-48c8-af0c-2c6358a81343: 156 datasets; 3.4 s; peak memory 808 MiB.
2026-10-08T19:33:12Z INFO [552/750] 7316e972-2af7-429e-9f1f-00f69e83c595: 48 datasets; 1.3 s; peak memory 808 MiB.
2026-10-08T19:33:13Z INFO [553/750] 73175f59-2a54-40cc-8a38-14497581f88f: 48 datasets; 1.2 s; peak memory 808 MiB.
2026-10-08T19:33:14Z INFO [554/750] 7317d488-3df9-4acc-8e64-c12c45a64785: 45 datasets; 1.0 s; peak memory 808 MiB.
2026-10-08T19:33:16Z INFO [555/750] 7318058b-98a3-412e-b699-20a7d07b94c4: 48 datasets; 1.4 s; peak memory 808 MiB.
2026-10-08T19:33:23Z INFO [556/750] 73181b7d-8f71-4c27-9a07-082418a57f42: 578 datasets; 7.5 s; peak memory 808 MiB.
2026-10-08T19:33:24Z INFO [557/750] 731934f1-93e4-4670-9e57-f8caad2f0dbc: 58 datasets; 1.1 s; peak memory 808 MiB.
2026-10-08T19:33:39Z INFO [558/750] 73193e30-c04f-4806-b948-342f46dde416: 897 datasets; 14.8 s; peak memory 808 MiB.
2026-10-08T19:33:41Z INFO [559/750] 7319f498-353a-4b3f-9269-73ac30920509: 66 datasets; 1.9 s; peak memory 808 MiB.
2026-10-08T19:33:44Z INFO [560/750] 731a0345-ac47-454c-bf7b-1a3b50f0cc76: 78 datasets; 2.8 s; peak memory 808 MiB.
2026-10-08T19:33:45Z INFO [561/750] 731b567f-e117-467b-acf2-d51e4b2bf93a: 46 datasets; 0.9 s; peak memory 808 MiB.
2026-10-08T19:33:46Z INFO [562/750] 731b9312-1fbf-4b00-b179-5ec081d8958b: 41 datasets; 1.2 s; peak memory 808 MiB.
2026-10-08T19:33:47Z INFO [563/750] 731c6925-b537-4e36-b220-96614ffe510f: 46 datasets; 1.1 s; peak memory 808 MiB.
2026-10-08T19:33:49Z INFO [564/750] 731ca579-8eb6-40a2-85bc-ef639f92d0d4: 112 datasets; 1.7 s; peak memory 808 MiB.
2026-10-08T19:34:05Z INFO [565/750] 731cc16a-1bb6-4af9-bf04-3aa23a78b00d: 8359 datasets; 16.1 s; peak memory 808 MiB.
2026-10-08T19:34:13Z INFO [566/750] 731d26c0-387e-41ef-97a5-d60d4a9aa269: 56 datasets; 8.1 s; peak memory 808 MiB.
2026-10-08T19:34:14Z INFO [567/750] 731d71dc-a697-41a8-b5f0-4dc9a47efa81: 48 datasets; 1.4 s; peak memory 808 MiB.
2026-10-08T19:34:16Z INFO [568/750] 731e58fb-b32f-4f05-9305-757537d85fda: 63 datasets; 1.3 s; peak memory 808 MiB.
2026-10-08T19:34:19Z INFO [569/750] 731e8844-7730-4c5c-8af7-98d9c1e1ac88: 116 datasets; 3.1 s; peak memory 808 MiB.
2026-10-08T19:34:20Z INFO [570/750] 731fbe7d-4e6a-4a65-a3e8-ec3009fe63ca: 112 datasets; 1.7 s; peak memory 808 MiB.
2026-10-08T19:34:24Z INFO [571/750] 7320c06a-5ae0-4273-bb57-3371cc50ac81: 115 datasets; 3.1 s; peak memory 808 MiB.
2026-10-08T19:34:25Z INFO [572/750] 7320d32a-6313-4fcc-a888-826b9e559eb2: 48 datasets; 1.4 s; peak memory 808 MiB.
2026-10-08T19:34:26Z INFO [573/750] 73211b02-12b8-4d07-8e40-25ca0769b2c8: 48 datasets; 1.2 s; peak memory 808 MiB.
2026-10-08T19:34:28Z INFO [574/750] 7321677e-53f0-4581-b696-60a8a31b690d: 117 datasets; 1.6 s; peak memory 808 MiB.
2026-10-08T19:34:29Z INFO [575/750] 732192a8-5a3d-495d-8a12-e3d2adb3d47c: 48 datasets; 1.4 s; peak memory 808 MiB.
2026-10-08T19:34:32Z INFO [576/750] 73225168-2a25-487b-ad5b-f2c769c2e31a: 115 datasets; 2.8 s; peak memory 808 MiB.
2026-10-08T19:34:49Z INFO [577/750] 732345e0-fcc8-416c-a33a-543e1eedb7fe: 974 datasets; 16.8 s; peak memory 808 MiB.
2026-10-08T19:34:50Z INFO [578/750] 7323dbcd-af1e-42c5-b257-e7e90c6ce4c1: 117 datasets; 1.5 s; peak memory 808 MiB.
2026-10-08T19:35:05Z INFO [579/750] 73241121-7e58-46d4-91bc-be5b5ba7a650: 696 datasets; 15.0 s; peak memory 808 MiB.
2026-10-08T19:35:08Z INFO [580/750] 73255cd5-a7a5-463e-87fe-939e4a0e2ac4: 118 datasets; 2.7 s; peak memory 808 MiB.
2026-10-08T19:35:14Z INFO [581/750] 732579a9-118b-4b00-969e-7d52360d2b3d: 223 datasets; 6.1 s; peak memory 808 MiB.
2026-10-08T19:35:15Z INFO [582/750] 73257a04-9683-4571-8724-5e993e2a7c07: 48 datasets; 1.2 s; peak memory 808 MiB.
2026-10-08T19:35:16Z INFO [583/750] 7325b1b4-dcc2-4f77-a6b6-a1ea037677eb: 42 datasets; 1.3 s; peak memory 808 MiB.
2026-10-08T19:35:18Z INFO [584/750] 73261940-00b5-4605-8e1b-6d39be0b1293: 118 datasets; 1.9 s; peak memory 808 MiB.
2026-10-08T19:35:22Z INFO [585/750] 73266a1c-d52c-47d3-98ca-574393ed0aca: 116 datasets; 3.4 s; peak memory 808 MiB.
2026-10-08T19:35:33Z INFO [586/750] 7326b9f5-d2c4-4789-a715-e615e815561d: 410 datasets; 11.9 s; peak memory 808 MiB.
2026-10-08T19:35:34Z INFO [587/750] 73273b75-2d97-461a-ac4d-c0aa54c4093f: 33 datasets; 1.0 s; peak memory 808 MiB.
2026-10-08T19:35:36Z INFO [588/750] 732a7ad7-c2ed-4f9b-8e15-c675934de349: 118 datasets; 1.5 s; peak memory 808 MiB.
2026-10-08T19:35:43Z INFO [589/750] 732a7bd3-dbb0-4633-99ea-fec03db66e41: 537 datasets; 7.3 s; peak memory 808 MiB.
2026-10-08T19:35:45Z INFO [590/750] 732a7cf8-5265-497a-8c49-45cc29fb9b88: 66 datasets; 1.9 s; peak memory 808 MiB.
2026-10-08T19:35:47Z INFO [591/750] 732b197f-7f9d-4aa1-9d64-7012cbdc8d3d: 48 datasets; 1.5 s; peak memory 808 MiB.
2026-10-08T19:37:04Z INFO [592/750] 732c5f38-466e-4c9c-8bbb-630fa630b4bc: 87 datasets; 77.1 s; peak memory 808 MiB.
2026-10-08T19:37:16Z INFO [593/750] 732c623d-dd4e-414a-980d-b4f87277f2d6: 106 datasets; 12.0 s; peak memory 808 MiB.
2026-10-08T19:37:17Z INFO [594/750] 732ca5cc-275f-4c29-b4ac-d1bb0ef4fdd8: 46 datasets; 1.4 s; peak memory 808 MiB.
2026-10-08T19:37:33Z INFO [595/750] 732d9920-935d-4baf-8452-ebd78a32a426: 1517 datasets; 16.2 s; peak memory 808 MiB.
2026-10-08T19:37:35Z INFO [596/750] 732efcaa-8028-4741-865d-5bae2ab73609: 117 datasets; 1.4 s; peak memory 808 MiB.
2026-10-08T19:37:37Z INFO [597/750] 732f1acd-8534-4d8b-b162-d9bda546ad9f: 115 datasets; 2.5 s; peak memory 808 MiB.
2026-10-08T19:37:38Z INFO [598/750] 732ffd3a-8dcf-43de-881b-a606857c1f4c: 48 datasets; 1.2 s; peak memory 808 MiB.
2026-10-08T19:37:40Z INFO [599/750] 733057f4-83c2-46b8-97d0-fe984738f80c: 63 datasets; 1.1 s; peak memory 808 MiB.
2026-10-08T19:37:41Z INFO [600/750] 73307656-d061-437f-90d2-3f06590c728a: 118 datasets; 1.8 s; peak memory 808 MiB.
2026-10-08T19:37:41Z INFO [600/750] 73307656-d061-437f-90d2-3f06590c728a: checkpointed 102435 new records.
2026-10-08T19:37:45Z INFO [601/750] 7331417c-4446-4898-869d-5a9940f95ea3: 38 datasets; 3.1 s; peak memory 808 MiB.
2026-10-08T19:37:46Z INFO [602/750] 73315efc-71dc-499b-8acb-558bf42e07c7: 72 datasets; 1.7 s; peak memory 808 MiB.
2026-10-08T19:37:47Z INFO [603/750] 733166f4-03b7-472a-a036-60782a3cd6f2: 46 datasets; 0.9 s; peak memory 808 MiB.
2026-10-08T19:37:49Z INFO [604/750] 73317953-655e-4dcb-ae39-24a7af0161ec: 112 datasets; 2.0 s; peak memory 808 MiB.
2026-10-08T19:37:51Z INFO [605/750] 7332b795-662a-4fd0-aac4-dadffc075dde: 48 datasets; 1.3 s; peak memory 808 MiB.
2026-10-08T19:37:52Z INFO [606/750] 733318fb-fd28-43ff-ad3c-0d035ed7a41e: 112 datasets; 1.5 s; peak memory 808 MiB.
2026-10-08T19:37:53Z INFO [607/750] 7333227d-4a11-485e-90df-922b32ac132b: 118 datasets; 1.4 s; peak memory 808 MiB.
2026-10-08T19:37:56Z INFO [608/750] 73337f95-a214-4180-85e7-416b5b10db9c: 71 datasets; 2.9 s; peak memory 808 MiB.
2026-10-08T19:37:58Z INFO [609/750] 73341b02-b5e3-4e80-afdd-9473a8c7f719: 102 datasets; 2.0 s; peak memory 808 MiB.
2026-10-08T19:38:00Z INFO [610/750] 73344f4e-2c7f-459f-b8a5-43ff17554d09: 76 datasets; 2.1 s; peak memory 808 MiB.
2026-10-08T19:38:02Z INFO [611/750] 733491d6-2702-4b07-9233-1131cc27a754: 289 datasets; 2.0 s; peak memory 808 MiB.
2026-10-08T19:40:30Z INFO [612/750] 7334aa10-a03b-44f6-a2f0-ba12b34a7fc3: 167 datasets; 147.2 s; peak memory 808 MiB.
2026-10-08T19:40:31Z INFO [613/750] 733551fe-3b9f-4834-85f9-3d289674337e: 37 datasets; 0.9 s; peak memory 808 MiB.
2026-10-08T19:40:32Z INFO [614/750] 7335ef84-813a-4dcb-924f-dbab4d8bf8f0: 142 datasets; 1.4 s; peak memory 808 MiB.
2026-10-08T19:40:33Z INFO [615/750] 7335f33e-5255-4d5f-a91f-acda03939179: 116 datasets; 1.5 s; peak memory 808 MiB.
2026-10-08T19:40:35Z INFO [616/750] 73360353-382b-451f-a806-d26885007e29: 48 datasets; 1.3 s; peak memory 808 MiB.
2026-10-08T19:40:56Z INFO [617/750] 7336ccdd-41ea-4d41-9a3e-68fe2b6fde01: 1850 datasets; 21.1 s; peak memory 808 MiB.
2026-10-08T19:40:57Z INFO [618/750] 7336e620-4a38-48c8-836d-d2a37de40a92: 118 datasets; 1.5 s; peak memory 808 MiB.
2026-10-08T19:41:01Z INFO [619/750] 7336ea10-c3b8-41b4-9c74-9046c93ea388: 156 datasets; 3.6 s; peak memory 808 MiB.
2026-10-08T19:41:03Z INFO [620/750] 73370428-f064-4205-a3d5-d748c72a58cc: 117 datasets; 1.5 s; peak memory 808 MiB.
2026-10-08T19:41:04Z INFO [621/750] 73376cd3-c43d-4f56-b6e7-0f76ab6ec6ec: 48 datasets; 1.3 s; peak memory 808 MiB.
2026-10-08T19:41:05Z INFO [622/750] 73377c55-3031-4b00-8b78-47f213135972: 48 datasets; 1.3 s; peak memory 808 MiB.
2026-10-08T19:41:07Z INFO [623/750] 73389177-44fd-49e5-8160-f4e84aa36695: 54 datasets; 1.7 s; peak memory 808 MiB.
2026-10-08T19:41:11Z INFO [624/750] 7338ce5f-5413-4cb8-bbec-f26b35361042: 178 datasets; 4.5 s; peak memory 808 MiB.
2026-10-08T19:41:13Z INFO [625/750] 7339659a-4203-4bfe-8d6f-57fdb09cb04a: 66 datasets; 1.9 s; peak memory 808 MiB.
2026-10-08T19:41:16Z INFO [626/750] 733adba2-2e99-4392-bcd1-64e02fd4761c: 119 datasets; 3.0 s; peak memory 808 MiB.
2026-10-08T19:41:18Z INFO [627/750] 733b9b74-35cd-4d73-84a4-c974ffb67a28: 48 datasets; 1.3 s; peak memory 808 MiB.
2026-10-08T19:41:19Z INFO [628/750] 733c7fbb-3d6a-4d01-bbb8-bb1a051195a9: 77 datasets; 1.6 s; peak memory 808 MiB.
2026-10-08T19:41:20Z INFO [629/750] 733cc64a-ed3a-4016-b11c-8cb89ede11ee: 46 datasets; 1.0 s; peak memory 808 MiB.
2026-10-08T19:41:22Z INFO [630/750] 733d1e6e-83cb-4080-a036-908d2e60c848: 118 datasets; 1.5 s; peak memory 808 MiB.
2026-10-08T19:41:24Z INFO [631/750] 733d35d1-724d-4d92-9672-9c5c8076cb96: 112 datasets; 2.0 s; peak memory 808 MiB.
2026-10-08T19:41:27Z INFO [632/750] 733d481f-4635-4c3f-be29-4a05bf06072e: 115 datasets; 3.0 s; peak memory 808 MiB.
2026-10-08T19:41:31Z INFO [633/750] 733e1056-32c1-4d67-86f8-f249e478f508: 303 datasets; 4.1 s; peak memory 808 MiB.
2026-10-08T19:41:33Z INFO [634/750] 733e1f82-1578-4d06-897a-40ce1df7dfdf: 68 datasets; 2.2 s; peak memory 808 MiB.
2026-10-08T19:41:35Z INFO [635/750] 733ec936-53be-4691-83b5-c5e388534c5f: 112 datasets; 1.9 s; peak memory 808 MiB.
2026-10-08T19:41:36Z INFO [636/750] 733f2b86-dae2-41c1-9c57-c942de1d4b93: 48 datasets; 1.4 s; peak memory 808 MiB.
2026-10-08T19:41:38Z INFO [637/750] 733f980d-d7d3-490b-92be-9697bde5c22c: 117 datasets; 1.5 s; peak memory 808 MiB.
2026-10-08T19:41:41Z INFO [638/750] 73400136-6ec1-47de-9b5f-598d0ff543a8: 150 datasets; 3.1 s; peak memory 808 MiB.
2026-10-08T19:41:42Z INFO [639/750] 73412281-3167-41c0-9f52-8e232f97a646: 48 datasets; 1.3 s; peak memory 808 MiB.
2026-10-08T19:41:43Z INFO [640/750] 7341444a-5c5a-4082-8c06-5ee1f9676d01: 48 datasets; 1.3 s; peak memory 808 MiB.
2026-10-08T19:41:45Z INFO [641/750] 73422c59-2e18-4b34-bcc6-75c9b0ea74ca: 49 datasets; 1.5 s; peak memory 808 MiB.
2026-10-08T19:41:46Z INFO [642/750] 7343fb22-eee4-46f2-953a-9dda2bd04f22: 117 datasets; 1.5 s; peak memory 808 MiB.
2026-10-08T19:41:48Z INFO [643/750] 734407bb-1125-4414-bf9d-af011da4fb07: 66 datasets; 1.6 s; peak memory 808 MiB.
2026-10-08T19:41:50Z INFO [644/750] 734437d0-8704-4c06-bc1b-d0206b410288: 66 datasets; 1.9 s; peak memory 808 MiB.
2026-10-08T19:41:53Z INFO [645/750] 7344a151-f427-4aaa-8521-ac0bdbca8d8d: 90 datasets; 2.8 s; peak memory 808 MiB.
2026-10-08T19:41:54Z INFO [646/750] 73451e75-baa5-42c7-b963-daa8b17403f1: 67 datasets; 1.5 s; peak memory 808 MiB.
2026-10-08T19:41:56Z INFO [647/750] 7345c8ac-1da3-4d41-98fb-eb8c818e0289: 48 datasets; 1.4 s; peak memory 808 MiB.
2026-10-08T19:41:58Z INFO [648/750] 7346adb2-7c1a-4b6d-96a9-033f2f930f49: 62 datasets; 2.1 s; peak memory 808 MiB.
2026-10-08T19:42:00Z INFO [649/750] 734732c3-310f-4f76-9d26-7b39db880c83: 112 datasets; 2.2 s; peak memory 808 MiB.
2026-10-08T19:42:11Z INFO [650/750] 73474dd3-de8b-4e73-822d-0e2a81cb9f8b: 5868 datasets; 10.5 s; peak memory 808 MiB.
2026-10-08T19:42:11Z INFO [650/750] 73474dd3-de8b-4e73-822d-0e2a81cb9f8b: checkpointed 102485 new records.
2026-10-08T19:42:13Z INFO [651/750] 73491a0a-cb69-434f-8862-e2dbbbe3a251: 45 datasets; 2.3 s; peak memory 808 MiB.
2026-10-08T19:42:19Z INFO [652/750] 7349c959-72d3-4939-ad05-1335fc4c5429: 168 datasets; 5.8 s; peak memory 808 MiB.
2026-10-08T19:42:22Z INFO [653/750] 734a1b5f-1b0a-4ebf-bab5-293642e4e534: 146 datasets; 3.3 s; peak memory 808 MiB.
2026-10-08T19:42:33Z INFO [654/750] 734a1e20-41f7-40b6-a9cf-de87709ad398: 11477 datasets; 10.9 s; peak memory 808 MiB.
2026-10-08T19:42:35Z INFO [655/750] 734aa134-9e4c-41b8-964d-f484552373ef: 69 datasets; 1.8 s; peak memory 808 MiB.
2026-10-08T19:42:36Z INFO [656/750] 734b729a-7ca4-40ca-9ab9-98c006cf99bd: 74 datasets; 1.4 s; peak memory 808 MiB.
2026-10-08T19:42:39Z INFO [657/750] 734ba66c-3bba-4f5e-9c7e-05eb901504c0: 152 datasets; 2.4 s; peak memory 808 MiB.
2026-10-08T19:42:40Z INFO [658/750] 734bbb31-fff1-4112-a2a9-d735edebf2ba: 70 datasets; 1.3 s; peak memory 808 MiB.
2026-10-08T19:42:45Z INFO [659/750] 734bdd7e-e4e2-40ff-93f3-922f906bb289: 229 datasets; 5.6 s; peak memory 808 MiB.
2026-10-08T19:42:48Z INFO [660/750] 734be1f6-edd0-4246-88fa-c5c17a4510df: 69 datasets; 2.1 s; peak memory 808 MiB.
2026-10-08T19:42:49Z INFO [661/750] 734cbfa6-57c5-4931-ba57-0e2c376c2db6: 118 datasets; 1.6 s; peak memory 808 MiB.
2026-10-08T19:42:51Z INFO [662/750] 734ccb94-8efd-471c-8d09-a20836d53f20: 59 datasets; 1.7 s; peak memory 808 MiB.
2026-10-08T19:42:58Z INFO [663/750] 734d1699-cc69-4c7f-838c-f41beae3bc8f: 222 datasets; 7.3 s; peak memory 808 MiB.
2026-10-08T19:43:00Z INFO [664/750] 734d56e7-2c39-4645-afb6-55150759c0e1: 104 datasets; 1.8 s; peak memory 808 MiB.
2026-10-08T19:43:02Z INFO [665/750] 734d8ed3-6bbf-4f04-a5aa-611e03070723: 71 datasets; 2.5 s; peak memory 808 MiB.
2026-10-08T19:43:05Z INFO [666/750] 734d9b75-5aa6-4951-ae8d-a51eb221afab: 112 datasets; 2.2 s; peak memory 808 MiB.
2026-10-08T19:43:06Z INFO [667/750] 734db854-73a7-40b0-9913-12a8f4dd0eb0: 112 datasets; 1.5 s; peak memory 808 MiB.
2026-10-08T19:43:08Z INFO [668/750] 734df681-57a7-4cb6-8f6d-be50b068a7c4: 110 datasets; 2.2 s; peak memory 808 MiB.
2026-10-08T19:43:10Z INFO [669/750] 734df742-628c-401d-8a1f-dfbccb1ea7af: 48 datasets; 1.2 s; peak memory 808 MiB.
2026-10-08T19:43:25Z INFO [670/750] 734e9418-621e-4d84-83a1-e10c9f0fe09a: 1163 datasets; 15.7 s; peak memory 808 MiB.
2026-10-08T19:43:27Z INFO [671/750] 734e9f3d-85ec-4e5c-bbe8-d8daea245a51: 116 datasets; 1.4 s; peak memory 808 MiB.
2026-10-08T19:43:29Z INFO [672/750] 734f3900-a4b1-470b-ac37-6841e95b1374: 71 datasets; 2.3 s; peak memory 808 MiB.
2026-10-08T19:43:30Z INFO [673/750] 734f9783-eaa0-4d83-a945-001a9609b4fe: 117 datasets; 1.4 s; peak memory 808 MiB.
2026-10-08T19:43:46Z INFO [674/750] 73509e8d-752d-40f7-9083-414a0a34b5ec: 939 datasets; 15.5 s; peak memory 808 MiB.
2026-10-08T19:44:11Z INFO [675/750] 7350aa42-fc38-4ebd-9aab-4775a4219ad7: 48 datasets; 25.4 s; peak memory 808 MiB.
2026-10-08T19:44:12Z INFO [676/750] 73517b65-daf4-459b-8e10-9c72177fcbed: 58 datasets; 1.1 s; peak memory 808 MiB.
2026-10-08T19:44:13Z INFO [677/750] 7351e754-7548-42d6-adc0-6ab156a2bb8f: 46 datasets; 1.1 s; peak memory 808 MiB.
2026-10-08T19:44:14Z INFO [678/750] 7351e943-c303-4c12-84df-895c15062397: 31 datasets; 1.0 s; peak memory 808 MiB.
2026-10-08T19:44:17Z INFO [679/750] 7352cb93-ba77-4f92-ac7a-c21b5b7bb788: 66 datasets; 2.2 s; peak memory 808 MiB.
2026-10-08T19:44:18Z INFO [680/750] 7354844f-612c-4b33-819b-4b688fafd413: 38 datasets; 1.3 s; peak memory 808 MiB.
2026-10-08T19:44:19Z INFO [681/750] 73553fcd-8ea5-4845-bf6a-264d67e19837: 48 datasets; 1.3 s; peak memory 808 MiB.
2026-10-08T19:44:27Z INFO [682/750] 7355515e-78fd-4f88-ac40-7c78b188925e: 193 datasets; 7.6 s; peak memory 808 MiB.
2026-10-08T19:44:28Z INFO [683/750] 73555a5c-5b14-4704-9738-410c3a5b3dcd: 117 datasets; 1.7 s; peak memory 808 MiB.
2026-10-08T19:44:30Z INFO [684/750] 735690bb-5b20-4355-968f-9b5539e5c9cc: 66 datasets; 2.1 s; peak memory 808 MiB.
2026-10-08T19:44:32Z INFO [685/750] 73571844-8417-410f-9994-9332febc1eda: 116 datasets; 1.5 s; peak memory 808 MiB.
2026-10-08T19:44:34Z INFO [686/750] 7357dc2b-9d5d-4961-83b5-1df1f29a6511: 117 datasets; 1.7 s; peak memory 808 MiB.
2026-10-08T19:44:40Z INFO [687/750] 735943ff-b107-4638-9c5b-b2c0666e0992: 538 datasets; 6.8 s; peak memory 808 MiB.
2026-10-08T19:45:04Z INFO [688/750] 7359ab89-409b-4719-96dd-cb0fcad7fa81: 48 datasets; 23.7 s; peak memory 808 MiB.
2026-10-08T19:45:14Z INFO [689/750] 735a329b-e63e-44fa-a30a-3e2278e57bf2: 336 datasets; 10.2 s; peak memory 808 MiB.
2026-10-08T19:45:17Z INFO [690/750] 735a5888-b713-47f8-9175-a7aca47fd56d: 70 datasets; 2.7 s; peak memory 808 MiB.
2026-10-08T19:45:23Z INFO [691/750] 735a83d2-a66e-4657-a417-70341b9835a7: 229 datasets; 5.8 s; peak memory 808 MiB.
2026-10-08T19:45:24Z INFO [692/750] 735baffb-c7e6-43ab-91ea-e66d61ad5454: 118 datasets; 1.7 s; peak memory 808 MiB.
2026-10-08T19:45:26Z INFO [693/750] 735c6e66-46c0-4e9f-b27a-3f0773f01ce0: 48 datasets; 1.3 s; peak memory 808 MiB.
2026-10-08T19:45:27Z INFO [694/750] 735d16aa-4715-4777-932a-f419d66da202: 72 datasets; 1.7 s; peak memory 808 MiB.
2026-10-08T19:45:30Z INFO [695/750] 735e1c2d-09de-488f-92ab-6d414eb56ccb: 132 datasets; 2.7 s; peak memory 808 MiB.
2026-10-08T19:45:32Z INFO [696/750] 735ec93f-dc20-41fd-88b6-e93235d4d298: 111 datasets; 1.5 s; peak memory 808 MiB.
2026-10-08T19:45:33Z INFO [697/750] 735fa1a7-b638-431d-9e13-ee7dfe2fb4a0: 48 datasets; 1.4 s; peak memory 808 MiB.
2026-10-08T19:45:34Z INFO [698/750] 735ff9ac-8361-4152-af5b-213140e82d17: 48 datasets; 1.2 s; peak memory 808 MiB.
2026-10-08T19:45:42Z INFO [699/750] 73603da8-8f7b-4d11-8253-171b07329f38: 538 datasets; 7.8 s; peak memory 808 MiB.
2026-10-08T19:45:44Z INFO [700/750] 73603e2c-721c-4b18-826d-4e969531fc0d: 64 datasets; 2.1 s; peak memory 808 MiB.
2026-10-08T19:45:44Z INFO [700/750] 73603e2c-721c-4b18-826d-4e969531fc0d: checkpointed 102535 new records.
2026-10-08T19:45:47Z INFO [701/750] 7361d1cd-4f09-4a97-8087-d8b931bae281: 112 datasets; 2.3 s; peak memory 808 MiB.
2026-10-08T19:45:49Z INFO [702/750] 7361f199-a796-47c2-b00c-3ffa521e956a: 117 datasets; 1.8 s; peak memory 808 MiB.
2026-10-08T19:45:50Z INFO [703/750] 7362becb-5d6c-4cab-9f68-e1d94fa56dce: 112 datasets; 1.8 s; peak memory 808 MiB.
2026-10-08T19:45:53Z INFO [704/750] 736422d2-c011-467c-a36d-7bf40acf83b2: 71 datasets; 2.7 s; peak memory 808 MiB.
2026-10-08T19:45:54Z INFO [705/750] 73646563-af0d-4a24-b894-915b0c6f7987: 48 datasets; 1.4 s; peak memory 808 MiB.
2026-10-08T19:45:56Z INFO [706/750] 7364bd35-048c-4232-b63e-c1fc9303a03f: 48 datasets; 1.3 s; peak memory 808 MiB.
2026-10-08T19:45:59Z INFO [707/750] 7364f165-b306-4634-a6c4-159944bbcd88: 80 datasets; 3.1 s; peak memory 808 MiB.
2026-10-08T19:46:01Z INFO [708/750] 7365db39-344f-4976-8dce-cf689624b132: 110 datasets; 2.0 s; peak memory 808 MiB.
2026-10-08T19:46:05Z INFO [709/750] 7366d72c-7c90-4dd5-a01a-1ee40bc47f6b: 48 datasets; 4.6 s; peak memory 808 MiB.
2026-10-08T19:46:07Z INFO [710/750] 73671aee-2039-4204-828b-a76d5941131b: 48 datasets; 1.4 s; peak memory 808 MiB.
2026-10-08T19:46:08Z INFO [711/750] 73694c49-5d2b-4723-b43e-49b2d76af8fe: 117 datasets; 1.4 s; peak memory 808 MiB.
2026-10-08T19:46:10Z INFO [712/750] 7369faaf-22ef-4c66-acac-2849e34ad39b: 68 datasets; 1.5 s; peak memory 808 MiB.
2026-10-08T19:46:21Z INFO [713/750] 7369fda4-a74e-4056-91a7-691dc611b01d: 82 datasets; 11.1 s; peak memory 808 MiB.
2026-10-08T19:46:25Z INFO [714/750] 736a26dd-f331-4e77-be6f-f8608822cc2d: 90 datasets; 4.0 s; peak memory 808 MiB.
2026-10-08T19:46:27Z INFO [715/750] 736a7ae9-43af-4050-b6b6-0e4eb0585e1d: 70 datasets; 2.5 s; peak memory 808 MiB.
2026-10-08T19:46:29Z INFO [716/750] 736a9d4d-35a4-43c5-aa48-e11583a430c0: 118 datasets; 1.6 s; peak memory 808 MiB.
2026-10-08T19:46:31Z INFO [717/750] 736b5055-ca06-4c99-b351-bbb94f658efb: 112 datasets; 2.0 s; peak memory 808 MiB.
2026-10-08T19:46:32Z INFO [718/750] 736b776d-fa8d-4c06-9e1c-db471dd70760: 48 datasets; 1.3 s; peak memory 808 MiB.
2026-10-08T19:49:22Z INFO [719/750] 736b8391-864b-441c-8cd4-bd486425dbfb: 280 datasets; 169.8 s; peak memory 808 MiB.
2026-10-08T19:49:23Z INFO [720/750] 736b8852-e063-4459-b8f8-5c512a8350ca: 117 datasets; 1.5 s; peak memory 808 MiB.
2026-10-08T19:51:12Z INFO [721/750] 736be471-0263-409e-91a7-f1f2d34a9e0a: 241 datasets; 108.2 s; peak memory 808 MiB.
2026-10-08T19:51:13Z INFO [722/750] 736c88ac-9968-45c1-abe2-d940b54c7f39: 117 datasets; 1.6 s; peak memory 808 MiB.
2026-10-08T19:51:15Z INFO [723/750] 736d21bd-9317-44ca-8920-caea80761bd1: 118 datasets; 1.6 s; peak memory 808 MiB.
2026-10-08T19:51:16Z INFO [724/750] 736da992-92f8-4d81-8fd5-c3154e27d92a: 116 datasets; 1.5 s; peak memory 808 MiB.
2026-10-08T19:51:18Z INFO [725/750] 736e51c3-31b5-4969-915e-34f9dd0a7b14: 48 datasets; 1.4 s; peak memory 808 MiB.
2026-10-08T19:51:19Z INFO [726/750] 736e5a78-a19d-452d-83b3-347c96c6a204: 116 datasets; 1.6 s; peak memory 808 MiB.
2026-10-08T19:51:21Z INFO [727/750] 736f2436-9e60-4281-9647-8791716cfca4: 48 datasets; 1.4 s; peak memory 808 MiB.
2026-10-08T19:51:33Z INFO [728/750] 736f38ca-3ef8-4731-93b9-ec4a230ff3d7: 944 datasets; 12.8 s; peak memory 808 MiB.
2026-10-08T19:51:35Z INFO [729/750] 736f85d5-bd6a-4710-876e-81978c591528: 62 datasets; 1.9 s; peak memory 808 MiB.
2026-10-08T19:51:37Z INFO [730/750] 736fcec3-a4ed-4ed5-888d-276169f0af7a: 48 datasets; 1.4 s; peak memory 808 MiB.
2026-10-08T19:51:38Z INFO [731/750] 736ff489-2231-4b68-a51e-f2a3b1e7e66c: 42 datasets; 1.4 s; peak memory 808 MiB.
2026-10-08T19:51:40Z INFO [732/750] 73708154-698a-4e02-a055-2ec2f660d6d3: 52 datasets; 1.5 s; peak memory 808 MiB.
2026-10-08T19:51:47Z INFO [733/750] 737083a7-7f59-4aa8-a25d-c804963c95ef: 225 datasets; 7.3 s; peak memory 808 MiB.
2026-10-08T19:51:48Z INFO [734/750] 7370c08d-c782-45ef-aeeb-1a441be2ac5b: 48 datasets; 1.5 s; peak memory 808 MiB.
2026-10-08T19:51:50Z INFO [735/750] 73711358-2a09-448b-9961-645185b9d26e: 56 datasets; 1.1 s; peak memory 808 MiB.
2026-10-08T19:51:52Z INFO [736/750] 73712250-1a6f-4e5f-b74b-6ae78d54fb31: 77 datasets; 2.6 s; peak memory 808 MiB.
2026-10-08T19:51:53Z INFO [737/750] 7371e0a0-2919-410b-9454-87c5e02876e9: 48 datasets; 1.4 s; peak memory 808 MiB.
2026-10-08T19:52:07Z INFO [738/750] 7371f577-a188-4f0f-8de3-32b6a4f9bdb3: 754 datasets; 13.8 s; peak memory 808 MiB.
2026-10-08T19:52:09Z INFO [739/750] 7373a1f4-3b76-4921-840f-0230da10bf9e: 76 datasets; 1.8 s; peak memory 808 MiB.
2026-10-08T19:52:11Z INFO [740/750] 7373a6a1-1a64-4a44-b459-146ef7add1f0: 117 datasets; 1.6 s; peak memory 808 MiB.
2026-10-08T19:52:13Z INFO [741/750] 7373c2f2-5e44-443e-8e85-8868ad91ad27: 110 datasets; 2.0 s; peak memory 808 MiB.
2026-10-08T19:52:20Z INFO [742/750] 7374f13d-4de1-40dc-b914-ec23cb4df3a4: 229 datasets; 6.9 s; peak memory 808 MiB.
2026-10-08T19:52:25Z INFO [743/750] 73753c71-89c0-4a3a-bc8b-8db2c5719141: 479 datasets; 5.6 s; peak memory 808 MiB.
2026-10-08T19:52:26Z INFO [744/750] 7375a959-d886-40c5-b0c7-69768d42ff7f: 52 datasets; 1.2 s; peak memory 808 MiB.
2026-10-08T19:52:28Z INFO [745/750] 73760c1a-009a-4435-a1a6-bd55b4efafb6: 48 datasets; 1.3 s; peak memory 808 MiB.
2026-10-08T19:52:29Z INFO [746/750] 73760cc3-ae38-40c3-b349-8d41144f065c: 48 datasets; 1.4 s; peak memory 808 MiB.
2026-10-08T19:52:33Z INFO [747/750] 7376a196-6627-4bc5-ad55-4121d105abee: 156 datasets; 3.6 s; peak memory 808 MiB.
2026-10-08T19:52:35Z INFO [748/750] 737753eb-bacb-4d03-a387-41e00d4e553f: 71 datasets; 2.1 s; peak memory 808 MiB.
2026-10-08T19:52:53Z INFO [749/750] 737763da-04fc-4dd8-9a4b-345481be2f25: 787 datasets; 17.9 s; peak memory 808 MiB.
2026-10-08T19:53:07Z INFO [750/750] 73782c0c-3692-454c-9eaa-385935a4b999: 1288 datasets; 14.3 s; peak memory 808 MiB.
2026-10-08T19:53:07Z INFO [750/750] 73782c0c-3692-454c-9eaa-385935a4b999: checkpointed 102585 new records.
2026-10-08T19:53:07Z INFO Wrote 102585 records to /tmp/derivatives/valid_nwb_file_to_number_of_datasets.jsonl (750 new, 0 failed) in 99.7 min (peak memory 808 MiB).
