2026-10-09T03:44:22Z INFO Logging to /tmp/logs/update_2026-10-09T03-44-22Z.log.
2026-10-09T03:44:22Z INFO Update valid-nwb-file-to-number-of-datasets (base directory /tmp).
2026-10-09T03:44:23Z INFO Processing 750 items (105585 already recorded).
2026-10-09T03:44:24Z INFO [1/750] 79bb3bed-cde7-4c9b-a2d6-418344038286: 51 datasets; 1.3 s; peak memory 119 MiB.
2026-10-09T03:44:25Z INFO [2/750] 79bba100-c6c3-4c41-8158-ff6d77d19adf: 66 datasets; 1.0 s; peak memory 120 MiB.
2026-10-09T03:44:26Z INFO [3/750] 79bba591-18ab-44e3-9630-c42e563c1e31: 69 datasets; 1.4 s; peak memory 121 MiB.
2026-10-09T03:44:27Z INFO [4/750] 79bbc238-696b-46e6-b9f0-6982f64f76b7: 40 datasets; 0.9 s; peak memory 122 MiB.
2026-10-09T03:44:28Z INFO [5/750] 79bbdb4d-1589-4f6c-ac28-24ed20b80c64: 174 datasets; 1.1 s; peak memory 125 MiB.
2026-10-09T03:44:29Z INFO [6/750] 79bc1284-e80f-4145-b735-e0e2f0100f97: 118 datasets; 0.9 s; peak memory 126 MiB.
2026-10-09T03:44:33Z INFO [7/750] 79bc7db0-a775-42c0-aaee-ba33d7aa7b64: 228 datasets; 3.2 s; peak memory 136 MiB.
2026-10-09T03:44:34Z INFO [8/750] 79bd102f-9cd4-4c39-ba83-0528170ad50a: 117 datasets; 1.0 s; peak memory 136 MiB.
2026-10-09T03:44:34Z INFO [9/750] 79bd689c-6637-4042-8225-9d429c483c69: 48 datasets; 0.7 s; peak memory 136 MiB.
2026-10-09T03:44:50Z INFO [10/750] 79bddb1b-4a65-4892-b146-dca5a2df0a84: 1429 datasets; 16.0 s; peak memory 194 MiB.
2026-10-09T03:44:51Z INFO [11/750] 79be0f1a-a27d-42e1-b51b-d0fa4956a6a0: 112 datasets; 1.0 s; peak memory 195 MiB.
2026-10-09T03:44:54Z INFO [12/750] 79be6814-9892-4de3-a0e4-3b0435130b86: 48 datasets; 2.4 s; peak memory 195 MiB.
2026-10-09T03:44:56Z INFO [13/750] 79bf00b2-6ad5-40ec-9ff8-6412972d187c: 115 datasets; 2.0 s; peak memory 195 MiB.
2026-10-09T03:45:03Z INFO [14/750] 79bf07a9-7281-43a8-a365-7697574f9b57: 98 datasets; 7.6 s; peak memory 195 MiB.
2026-10-09T03:45:04Z INFO [15/750] 79bfb785-ed7b-4dfb-8b13-30dde11912a5: 112 datasets; 1.0 s; peak memory 195 MiB.
2026-10-09T03:45:06Z INFO [16/750] 79c052ca-bf13-4473-94ca-80cd4ef75588: 66 datasets; 1.7 s; peak memory 195 MiB.
2026-10-09T03:45:07Z INFO [17/750] 79c053a3-3184-4527-bbb6-7e08849eaf32: 49 datasets; 0.6 s; peak memory 196 MiB.
2026-10-09T03:45:07Z INFO [18/750] 79c16a35-fac5-40c0-b610-d2ba638248f9: 48 datasets; 0.8 s; peak memory 196 MiB.
2026-10-09T03:45:08Z INFO [19/750] 79c1cbee-f4c3-45b4-8736-25e8b96c7083: 41 datasets; 0.7 s; peak memory 196 MiB.
2026-10-09T03:45:10Z INFO [20/750] 79c2973a-f6e4-43f5-916e-76c9db2f10e6: 38 datasets; 1.7 s; peak memory 196 MiB.
2026-10-09T03:45:11Z INFO [21/750] 79c2ed9c-35f5-494e-9171-49fa6061603d: 117 datasets; 0.7 s; peak memory 196 MiB.
2026-10-09T03:45:12Z INFO [22/750] 79c2f593-b090-41fa-baac-baa506bf6ae5: 38 datasets; 1.4 s; peak memory 196 MiB.
2026-10-09T03:45:13Z INFO [23/750] 79c32e46-ccd5-43bd-9554-f6a679360542: 112 datasets; 1.0 s; peak memory 196 MiB.
2026-10-09T03:45:14Z INFO [24/750] 79c43dac-98ec-4c61-976a-941f8d4b0957: 46 datasets; 0.7 s; peak memory 196 MiB.
2026-10-09T03:45:14Z INFO [25/750] 79c551b2-1eba-4489-a46d-282015a36da2: 48 datasets; 0.8 s; peak memory 196 MiB.
2026-10-09T03:45:15Z INFO [26/750] 79c6998c-556c-412c-ba38-7aab8c6ee6c7: 50 datasets; 0.7 s; peak memory 196 MiB.
2026-10-09T03:45:16Z INFO [27/750] 79c6a33a-e63a-4aa2-97fb-2897a8e33f66: 116 datasets; 0.8 s; peak memory 196 MiB.
2026-10-09T03:45:17Z INFO [28/750] 79c7758c-7ef7-4059-a4be-7c7778888fb3: 69 datasets; 1.3 s; peak memory 196 MiB.
2026-10-09T03:45:18Z INFO [29/750] 79c80c0f-81d6-47cb-a866-c21b6c6c945e: 69 datasets; 1.0 s; peak memory 196 MiB.
2026-10-09T03:45:19Z INFO [30/750] 79c83bb9-eb30-4f87-8c16-1ee955f6fcc0: 117 datasets; 0.8 s; peak memory 196 MiB.
2026-10-09T03:45:20Z INFO [31/750] 79c9a0d4-682e-4580-99fd-f692ecaaa285: 48 datasets; 0.8 s; peak memory 196 MiB.
2026-10-09T03:45:20Z INFO [32/750] 79c9d389-823a-45cc-8e67-63a0b68049cd: 41 datasets; 0.6 s; peak memory 197 MiB.
2026-10-09T03:45:37Z INFO [33/750] 79c9eb75-04a3-4aed-848a-b7fdb0e359db: 48 datasets; 16.7 s; peak memory 197 MiB.
2026-10-09T03:45:38Z INFO [34/750] 79ca32b6-408b-436c-a75a-e897791a00e6: 70 datasets; 1.3 s; peak memory 197 MiB.
2026-10-09T03:45:39Z INFO [35/750] 79ca681f-79ce-4ded-a80d-e227d2b228b5: 116 datasets; 0.9 s; peak memory 197 MiB.
2026-10-09T03:45:40Z INFO [36/750] 79ca8c85-4c5f-4349-b093-7610bf4534f7: 48 datasets; 0.8 s; peak memory 197 MiB.
2026-10-09T03:45:41Z INFO [37/750] 79caba11-a6dd-408b-b06e-6baf32ffa69b: 70 datasets; 1.3 s; peak memory 197 MiB.
2026-10-09T03:45:42Z INFO [38/750] 79cba926-ee64-4627-ab84-3dd11dcb87e7: 89 datasets; 0.9 s; peak memory 197 MiB.
2026-10-09T03:45:43Z INFO [39/750] 79cd1fa8-84d6-4248-b696-548399efccd5: 57 datasets; 0.5 s; peak memory 197 MiB.
2026-10-09T03:45:44Z INFO [40/750] 79cd246e-3a3f-44a1-abae-4b52373226d3: 66 datasets; 1.7 s; peak memory 197 MiB.
2026-10-09T03:45:45Z INFO [41/750] 79cd8a8a-250a-4ba9-9ba0-8dba82c40344: 52 datasets; 0.7 s; peak memory 197 MiB.
2026-10-09T03:46:01Z INFO [42/750] 79cdbdc4-bb49-4ad9-8658-4b6eb1fedc15: 432 datasets; 16.2 s; peak memory 197 MiB.
2026-10-09T03:46:02Z INFO [43/750] 79ce2494-8599-4279-8054-2ec9b6e730c8: 117 datasets; 1.0 s; peak memory 197 MiB.
2026-10-09T03:46:03Z INFO [44/750] 79ce4ed2-9eaf-40cf-8856-3c9fec4111f3: 76 datasets; 1.0 s; peak memory 197 MiB.
2026-10-09T03:46:04Z INFO [45/750] 79cec76b-b649-48d0-931f-f1b599d0833b: 69 datasets; 1.1 s; peak memory 197 MiB.
2026-10-09T03:46:05Z INFO [46/750] 79cefe5c-33e6-406b-94fe-ba3f1e21a5e9: 117 datasets; 0.8 s; peak memory 197 MiB.
2026-10-09T03:46:07Z INFO [47/750] 79cf1273-bf13-4253-9640-18df64bb1c66: 156 datasets; 2.0 s; peak memory 197 MiB.
2026-10-09T03:46:08Z INFO [48/750] 79cf9830-abeb-4042-9716-0aaebc257676: 56 datasets; 0.6 s; peak memory 197 MiB.
2026-10-09T03:46:09Z INFO [49/750] 79d0e800-29bf-4e67-9435-f0a8682c640c: 118 datasets; 1.0 s; peak memory 197 MiB.
2026-10-09T03:46:11Z INFO [50/750] 79d115dc-6f29-4611-955b-c4de00f27841: 71 datasets; 1.8 s; peak memory 197 MiB.
2026-10-09T03:46:11Z INFO [50/750] 79d115dc-6f29-4611-955b-c4de00f27841: checkpointed 105635 new records.
2026-10-09T03:46:12Z INFO [51/750] 79d31cc9-b160-47f2-b437-0c4e2afb9d5b: 112 datasets; 0.9 s; peak memory 197 MiB.
2026-10-09T03:46:12Z INFO [52/750] 79d33833-0d99-4a69-be3f-ee82bbc74ca6: 48 datasets; 0.8 s; peak memory 197 MiB.
2026-10-09T03:46:20Z INFO [53/750] 79d34a0c-7775-421a-a558-1fd5bd600898: 1038 datasets; 7.2 s; peak memory 197 MiB.
2026-10-09T03:46:20Z INFO [54/750] 79d436bc-24c9-4aed-b38a-09094def04dc: 54 datasets; 0.7 s; peak memory 197 MiB.
2026-10-09T03:46:21Z INFO [55/750] 79d50ab4-0b6b-4608-80ac-6de642a03576: 48 datasets; 0.8 s; peak memory 197 MiB.
2026-10-09T03:46:22Z INFO [56/750] 79d51f33-319c-4e81-977d-754f462b31f5: 69 datasets; 1.3 s; peak memory 197 MiB.
2026-10-09T03:46:23Z INFO [57/750] 79d58924-b82b-4588-adaf-ddda91426cd7: 66 datasets; 0.6 s; peak memory 197 MiB.
2026-10-09T03:46:28Z INFO [58/750] 79d62479-2cfc-40bd-b165-ef3842ee3c5a: 208 datasets; 4.6 s; peak memory 197 MiB.
2026-10-09T03:46:29Z INFO [59/750] 79d6c03f-a5ad-43d3-a8c3-a13e7b361f24: 123 datasets; 1.3 s; peak memory 197 MiB.
2026-10-09T03:46:29Z INFO [60/750] 79d71feb-087f-4213-867c-51a8c3ce42e4: 38 datasets; 0.6 s; peak memory 197 MiB.
2026-10-09T03:46:30Z INFO [61/750] 79d7220e-2fd3-4f6f-9392-5a32275d5011: 112 datasets; 1.0 s; peak memory 197 MiB.
2026-10-09T03:46:36Z INFO [62/750] 79d765a9-b710-4d1f-92cd-93299ecf3a37: 339 datasets; 5.5 s; peak memory 197 MiB.
2026-10-09T03:46:39Z INFO [63/750] 79d88612-b8a3-4a59-b213-b784245d2344: 481 datasets; 3.3 s; peak memory 197 MiB.
2026-10-09T03:46:40Z INFO [64/750] 79d89bcf-a40f-449b-8b4a-4bd47cffb74e: 117 datasets; 0.7 s; peak memory 197 MiB.
2026-10-09T03:46:42Z INFO [65/750] 79d9c51a-33ee-4edc-b255-a7f6e5d88020: 138 datasets; 1.7 s; peak memory 197 MiB.
2026-10-09T03:46:42Z INFO [66/750] 79dab4ef-dc7d-495a-9db2-d5df82681b50: 46 datasets; 0.6 s; peak memory 197 MiB.
2026-10-09T03:46:43Z INFO [67/750] 79dabe88-5c99-407e-b968-5635b9458961: 48 datasets; 0.7 s; peak memory 197 MiB.
2026-10-09T03:46:44Z INFO [68/750] 79dac517-b3dd-4863-addd-d1112a42cedc: 50 datasets; 0.6 s; peak memory 197 MiB.
2026-10-09T03:46:50Z INFO [69/750] 79dbc7f7-64dc-4991-9ae7-ad5421a800a8: 399 datasets; 6.3 s; peak memory 197 MiB.
2026-10-09T03:46:51Z INFO [70/750] 79dc5263-602a-4f4c-a6d0-915f8bc836db: 71 datasets; 1.4 s; peak memory 197 MiB.
2026-10-09T03:46:56Z INFO [71/750] 79dd3b87-c778-4a5b-82bf-264fe2f56cf6: 257 datasets; 4.3 s; peak memory 197 MiB.
2026-10-09T03:46:56Z INFO [72/750] 79ddd755-d366-4891-9ab2-50acf180076b: 112 datasets; 0.7 s; peak memory 197 MiB.
2026-10-09T03:46:57Z INFO [73/750] 79de233b-f666-44fa-85f0-35fcbba7bbff: 69 datasets; 1.2 s; peak memory 197 MiB.
2026-10-09T03:47:01Z INFO [74/750] 79de6e8b-1166-4cef-a007-d36d47e23296: 446 datasets; 3.4 s; peak memory 197 MiB.
2026-10-09T03:47:02Z INFO [75/750] 79df8681-3f46-4a57-a681-23ebbe3e9343: 48 datasets; 0.8 s; peak memory 197 MiB.
2026-10-09T03:47:02Z INFO [76/750] 79e00050-5a42-4470-acfd-4f461d803ae1: 112 datasets; 0.9 s; peak memory 197 MiB.
2026-10-09T03:48:52Z INFO [77/750] 79e0023d-e10f-4393-ada2-c9866511ead7: 433 datasets; 109.7 s; peak memory 291 MiB.
2026-10-09T03:48:53Z INFO [78/750] 79e0214c-76ac-41b9-8d6f-25624d04a944: 46 datasets; 0.5 s; peak memory 291 MiB.
2026-10-09T03:48:58Z INFO [79/750] 79e03428-7dfe-4488-8518-f08ec7caab06: 391 datasets; 5.7 s; peak memory 291 MiB.
2026-10-09T03:48:59Z INFO [80/750] 79e0b30d-a2bb-4618-8fc6-641402971e78: 48 datasets; 0.8 s; peak memory 291 MiB.
2026-10-09T03:49:00Z INFO [81/750] 79e0c4c4-1741-4ac9-ad3f-d48719668686: 48 datasets; 0.9 s; peak memory 291 MiB.
2026-10-09T03:49:03Z INFO [82/750] 79e0e784-05ab-446d-9212-8e8c5a720884: 198 datasets; 3.4 s; peak memory 291 MiB.
2026-10-09T03:49:07Z INFO [83/750] 79e1093b-2237-47ea-aba4-e642dae7a3d7: 43 datasets; 3.3 s; peak memory 291 MiB.
2026-10-09T03:49:10Z INFO [84/750] 79e14f05-339e-405c-8d76-f19ff4bb50ba: 479 datasets; 3.5 s; peak memory 291 MiB.
2026-10-09T03:49:12Z INFO [85/750] 79e16cb7-d853-4ae3-987c-735b04be168f: 116 datasets; 2.0 s; peak memory 291 MiB.
2026-10-09T03:49:13Z INFO [86/750] 79e1eddb-be07-4e64-af9c-cb3e91209a64: 39 datasets; 0.7 s; peak memory 291 MiB.
2026-10-09T03:49:17Z INFO [87/750] 79e23a6f-f606-49c6-be9d-b484bb96d806: 545 datasets; 4.0 s; peak memory 291 MiB.
2026-10-09T03:49:18Z INFO [88/750] 79e24f1c-4d01-487a-83d1-f91a00989268: 110 datasets; 1.0 s; peak memory 291 MiB.
2026-10-09T03:49:19Z INFO [89/750] 79e27a47-26fa-4f88-bb9e-dcd8e0c6b57d: 116 datasets; 0.8 s; peak memory 291 MiB.
2026-10-09T03:49:20Z INFO [90/750] 79e2d459-be7c-4ba6-8b18-9f96909803ec: 70 datasets; 1.3 s; peak memory 291 MiB.
2026-10-09T03:49:21Z INFO [91/750] 79e2e210-1cf8-4b68-b7b3-c67b0a1adc5e: 35 datasets; 0.6 s; peak memory 291 MiB.
2026-10-09T03:49:21Z INFO [92/750] 79e33369-0f17-4edb-9734-eb5fdc84264a: 56 datasets; 0.5 s; peak memory 291 MiB.
2026-10-09T03:49:22Z INFO [93/750] 79e3bc5c-3ed9-4f04-b2ec-e84631480e68: 117 datasets; 1.0 s; peak memory 291 MiB.
2026-10-09T03:49:23Z INFO [94/750] 79e4a33c-faf7-4bb1-9efd-0cc41c4222f2: 59 datasets; 0.8 s; peak memory 291 MiB.
2026-10-09T03:49:24Z INFO [95/750] 79e50a15-3270-43a1-89c9-ae60398b3ea8: 44 datasets; 0.6 s; peak memory 291 MiB.
2026-10-09T03:49:25Z INFO [96/750] 79e51f5d-c383-40fe-b4c0-12d0548fea28: 117 datasets; 1.0 s; peak memory 291 MiB.
2026-10-09T03:49:26Z INFO [97/750] 79e52c92-ad4d-43e5-8323-d99f7b592530: 117 datasets; 1.1 s; peak memory 291 MiB.
2026-10-09T03:49:27Z INFO [98/750] 79e53302-dc00-40a7-b1cc-45bbb2ecbfec: 117 datasets; 1.0 s; peak memory 291 MiB.
2026-10-09T03:49:30Z INFO [99/750] 79e58b42-e457-48fb-8c68-7a1482ab8705: 783 datasets; 3.3 s; peak memory 291 MiB.
2026-10-09T03:49:31Z INFO [100/750] 79e62a23-a110-48fa-84a7-86d2d1981d67: 117 datasets; 0.9 s; peak memory 291 MiB.
2026-10-09T03:49:31Z INFO [100/750] 79e62a23-a110-48fa-84a7-86d2d1981d67: checkpointed 105685 new records.
2026-10-09T03:49:32Z INFO [101/750] 79e63a55-37c1-4d03-a940-d11e80b4331d: 36 datasets; 0.6 s; peak memory 291 MiB.
2026-10-09T03:49:32Z INFO [102/750] 79e68de6-a400-45bf-b741-8432042e26db: 49 datasets; 0.8 s; peak memory 291 MiB.
2026-10-09T03:49:33Z INFO [103/750] 79e7ed3b-22fe-4742-a304-a082bf4aed42: 70 datasets; 1.0 s; peak memory 291 MiB.
2026-10-09T03:51:29Z INFO [104/750] 79e80a9a-19d1-48d3-a7a3-2d75e7f1580d: 394 datasets; 115.1 s; peak memory 291 MiB.
2026-10-09T03:51:30Z INFO [105/750] 79e83450-612f-4c5b-a34f-482a2e629d79: 112 datasets; 1.1 s; peak memory 291 MiB.
2026-10-09T03:51:31Z INFO [106/750] 79e83872-eb8e-459d-b362-8a2a794c2da7: 110 datasets; 1.1 s; peak memory 291 MiB.
2026-10-09T03:51:32Z INFO [107/750] 79e83e93-f490-4295-8ffc-25fc5a0f07c4: 71 datasets; 1.4 s; peak memory 291 MiB.
2026-10-09T03:51:33Z INFO [108/750] 79e8dc26-69df-48df-ab2f-e0a613ff8de3: 35 datasets; 0.6 s; peak memory 291 MiB.
2026-10-09T03:51:33Z INFO [109/750] 79e91df0-c03c-42f6-9b30-570a72d19ca2: 46 datasets; 0.6 s; peak memory 291 MiB.
2026-10-09T03:51:34Z INFO [110/750] 79e95a98-2bdc-48ff-9e8a-e841223299ca: 116 datasets; 0.8 s; peak memory 291 MiB.
2026-10-09T03:51:35Z INFO [111/750] 79e9b127-3ca9-4107-9e78-85cecb6b7791: 48 datasets; 0.8 s; peak memory 291 MiB.
2026-10-09T03:51:38Z INFO [112/750] 79ea6fa6-5835-42ab-8787-4907a5bd3f91: 496 datasets; 3.2 s; peak memory 291 MiB.
2026-10-09T03:51:39Z INFO [113/750] 79ea9d23-774a-42cc-aa5d-17f2ce8a7ac4: 46 datasets; 0.5 s; peak memory 291 MiB.
2026-10-09T03:51:40Z INFO [114/750] 79eabba9-f443-4d57-97f3-dd20c4c0d418: 153 datasets; 1.8 s; peak memory 291 MiB.
2026-10-09T03:51:42Z INFO [115/750] 79ead750-2584-4d38-8a18-033b879816e0: 66 datasets; 1.3 s; peak memory 291 MiB.
2026-10-09T03:51:43Z INFO [116/750] 79ecd3ad-6c20-417a-9ab5-d4101232144c: 112 datasets; 0.9 s; peak memory 291 MiB.
2026-10-09T03:51:44Z INFO [117/750] 79ef960e-dc94-4c98-b46b-63935fc7a40b: 48 datasets; 1.0 s; peak memory 291 MiB.
2026-10-09T03:51:44Z INFO [118/750] 79f05e75-467d-4418-a1d4-0fdffb3001d6: 114 datasets; 0.8 s; peak memory 291 MiB.
2026-10-09T03:51:57Z INFO [119/750] 79f11704-10a2-4f72-8e0f-ea21b09dcab3: 267 datasets; 12.4 s; peak memory 291 MiB.
2026-10-09T03:51:58Z INFO [120/750] 79f266a2-cfd1-4b7a-ad42-3660d7270ce3: 70 datasets; 1.1 s; peak memory 291 MiB.
2026-10-09T03:52:02Z INFO [121/750] 79f29fbf-4d6e-437a-8fb2-459b2b662cb5: 522 datasets; 3.8 s; peak memory 291 MiB.
2026-10-09T03:52:03Z INFO [122/750] 79f2c24f-d75a-422f-b986-41e170fe7440: 112 datasets; 0.9 s; peak memory 291 MiB.
2026-10-09T03:52:03Z INFO [123/750] 79f33353-8def-4e12-953d-06a3ec3afcd4: 52 datasets; 0.7 s; peak memory 291 MiB.
2026-10-09T03:52:05Z INFO [124/750] 79f33fd8-9898-4c1f-ad92-4303e75da952: 73 datasets; 1.4 s; peak memory 291 MiB.
2026-10-09T03:52:06Z INFO [125/750] 79f48e48-02c5-4d16-b958-ea8e97bb917f: 168 datasets; 1.5 s; peak memory 291 MiB.
2026-10-09T03:52:08Z INFO [126/750] 79f4fcce-8a15-4c6b-82c2-528a103ccbeb: 102 datasets; 1.4 s; peak memory 291 MiB.
2026-10-09T03:52:11Z INFO [127/750] 79f52808-cf35-463c-896b-befbfb5d6456: 246 datasets; 3.5 s; peak memory 291 MiB.
2026-10-09T03:52:13Z INFO [128/750] 79f54dad-cd91-4a7b-a049-c590b265d7ac: 48 datasets; 2.3 s; peak memory 291 MiB.
2026-10-09T03:52:14Z INFO [129/750] 79f5c29c-7a3c-49d7-a20e-1d1d10b36250: 112 datasets; 1.0 s; peak memory 291 MiB.
2026-10-09T03:52:16Z INFO [130/750] 79f5ebcc-43b9-439b-befa-2654e7e8343e: 90 datasets; 2.0 s; peak memory 291 MiB.
2026-10-09T03:52:17Z INFO [131/750] 79f614c2-4f52-4775-b648-da10378c3fc6: 48 datasets; 0.9 s; peak memory 291 MiB.
2026-10-09T03:52:18Z INFO [132/750] 79f6be62-cd77-4ec3-bd3d-0fd3525780d9: 48 datasets; 0.8 s; peak memory 291 MiB.
2026-10-09T03:52:19Z INFO [133/750] 79f84a1c-3478-466a-9212-2dac7b995d12: 113 datasets; 1.0 s; peak memory 291 MiB.
2026-10-09T03:52:21Z INFO [134/750] 79f88df5-8b29-47f2-9fa3-0af353838825: 114 datasets; 1.9 s; peak memory 291 MiB.
2026-10-09T03:52:22Z INFO [135/750] 79fabb99-49af-4eb9-9e7e-ec26eb90de1b: 117 datasets; 1.0 s; peak memory 291 MiB.
2026-10-09T03:52:23Z INFO [136/750] 79fb7b56-291b-455a-a358-d0aec53d5003: 114 datasets; 0.8 s; peak memory 291 MiB.
2026-10-09T03:52:24Z INFO [137/750] 79fba69c-705c-4954-b325-01267764f3df: 84 datasets; 1.1 s; peak memory 291 MiB.
2026-10-09T03:52:25Z INFO [138/750] 79fbc282-f24e-46de-ab32-0ef1d78c7bd3: 48 datasets; 0.9 s; peak memory 291 MiB.
2026-10-09T03:52:26Z INFO [139/750] 79fc5cc1-c7af-4f80-97a5-b5dd88af4a8a: 112 datasets; 1.1 s; peak memory 291 MiB.
2026-10-09T03:52:27Z INFO [140/750] 79fc6ee9-3985-4bba-9057-1484e1d007bc: 146 datasets; 1.4 s; peak memory 291 MiB.
2026-10-09T03:52:28Z INFO [141/750] 79fdb603-2776-45ee-b19b-82963c40852f: 70 datasets; 1.2 s; peak memory 291 MiB.
2026-10-09T03:53:28Z INFO [142/750] 79fdb7bd-e53e-4d78-85fb-8b0eb3b57557: 111 datasets; 59.8 s; peak memory 291 MiB.
2026-10-09T03:53:29Z INFO [143/750] 79fdfef9-12f1-4350-9798-8e1d0afcaa5e: 116 datasets; 0.9 s; peak memory 291 MiB.
2026-10-09T03:53:30Z INFO [144/750] 79fff259-eddc-413d-9b3a-7261e193d516: 42 datasets; 0.8 s; peak memory 291 MiB.
2026-10-09T03:53:34Z INFO [145/750] 7a00db10-110c-4885-9475-71aef30bdebd: 193 datasets; 4.0 s; peak memory 291 MiB.
2026-10-09T03:53:35Z INFO [146/750] 7a014b22-345c-45d4-aaa8-8f2ff4941ba0: 110 datasets; 1.3 s; peak memory 291 MiB.
2026-10-09T03:54:00Z INFO [147/750] 7a018eac-d5ec-4773-bb99-5daec2be1fb8: 36 datasets; 24.5 s; peak memory 291 MiB.
2026-10-09T03:54:01Z INFO [148/750] 7a01ba61-1e67-465b-89ba-abd539d91a8d: 102 datasets; 1.2 s; peak memory 291 MiB.
2026-10-09T03:54:02Z INFO [149/750] 7a02ba94-6c73-471e-bf0e-0226cbdc1f20: 61 datasets; 0.9 s; peak memory 291 MiB.
2026-10-09T03:54:03Z INFO [150/750] 7a02cf0c-0699-4858-9a92-ef95b3eca80d: 102 datasets; 1.1 s; peak memory 291 MiB.
2026-10-09T03:54:03Z INFO [150/750] 7a02cf0c-0699-4858-9a92-ef95b3eca80d: checkpointed 105735 new records.
2026-10-09T03:54:04Z INFO [151/750] 7a0344f6-2d9b-42eb-bf25-11348cae49eb: 48 datasets; 0.8 s; peak memory 291 MiB.
2026-10-09T03:54:05Z INFO [152/750] 7a03a5ff-67ed-4eee-a962-cdac7c8c7a9f: 112 datasets; 1.2 s; peak memory 291 MiB.
2026-10-09T03:54:06Z INFO [153/750] 7a03dae3-ffe5-4146-a584-ef10e262cf81: 48 datasets; 0.9 s; peak memory 291 MiB.
2026-10-09T03:54:07Z INFO [154/750] 7a053adc-f5c5-4ac4-889a-7bf624e06a0c: 117 datasets; 0.8 s; peak memory 291 MiB.
2026-10-09T03:54:08Z INFO [155/750] 7a054e17-7a80-4f54-ae1d-5339813dbb74: 66 datasets; 1.1 s; peak memory 291 MiB.
2026-10-09T03:54:08Z INFO [156/750] 7a05707f-1781-4a62-a208-a1947afb723a: 46 datasets; 0.6 s; peak memory 291 MiB.
2026-10-09T03:54:09Z INFO [157/750] 7a05a19c-80d3-4873-a717-20a5c7984e25: 48 datasets; 0.7 s; peak memory 291 MiB.
2026-10-09T03:54:10Z INFO [158/750] 7a06bc22-7515-47ed-a5fc-52d1b4c383eb: 66 datasets; 1.0 s; peak memory 291 MiB.
2026-10-09T03:54:11Z INFO [159/750] 7a073091-edf2-4613-a532-b11c3b782625: 61 datasets; 0.8 s; peak memory 291 MiB.
2026-10-09T03:54:16Z INFO [160/750] 7a075091-a447-4cf8-9808-63ffef486ccc: 677 datasets; 4.9 s; peak memory 291 MiB.
2026-10-09T03:54:16Z INFO [161/750] 7a090768-835d-48f2-8556-8d7cd0406001: 114 datasets; 0.6 s; peak memory 291 MiB.
2026-10-09T03:54:19Z INFO [162/750] 7a092aee-5c5f-4544-a44e-1ee248872e31: 183 datasets; 2.1 s; peak memory 291 MiB.
2026-10-09T03:54:21Z INFO [163/750] 7a095aa5-b171-4c9f-a307-71f8ebf63652: 156 datasets; 2.0 s; peak memory 291 MiB.
2026-10-09T03:54:21Z INFO [164/750] 7a095aff-938a-48e5-82ce-ce88c97228ca: 48 datasets; 0.8 s; peak memory 291 MiB.
2026-10-09T03:54:22Z INFO [165/750] 7a09acec-2047-4a42-bf6d-8edccdfb414a: 57 datasets; 0.5 s; peak memory 291 MiB.
2026-10-09T03:54:23Z INFO [166/750] 7a0aae58-e3c1-435f-bb55-84d2a43748e1: 52 datasets; 0.7 s; peak memory 291 MiB.
2026-10-09T03:54:24Z INFO [167/750] 7a0b3f8f-638a-46d5-904b-4410712426e4: 113 datasets; 1.0 s; peak memory 291 MiB.
2026-10-09T03:54:25Z INFO [168/750] 7a0b6627-9762-4b5e-ba31-ef6b96da258b: 112 datasets; 1.0 s; peak memory 291 MiB.
2026-10-09T03:54:25Z INFO [169/750] 7a0b8ca4-aa3d-4f87-89e7-b7b3a9c4924e: 50 datasets; 0.6 s; peak memory 291 MiB.
2026-10-09T03:54:26Z INFO [170/750] 7a0b93b4-5820-4c25-8525-415fb411f6f3: 48 datasets; 0.8 s; peak memory 291 MiB.
2026-10-09T03:54:27Z INFO [171/750] 7a0c10b6-e8e7-4bcc-990b-1a48c3b86595: 111 datasets; 0.8 s; peak memory 291 MiB.
2026-10-09T03:54:30Z INFO [172/750] 7a0c1f98-5353-4e6f-a8e8-6a8eb56b2ac9: 229 datasets; 3.7 s; peak memory 291 MiB.
2026-10-09T03:54:31Z INFO [173/750] 7a0d1f6c-1fd5-4596-b4fc-fbf6e2609e88: 76 datasets; 0.8 s; peak memory 291 MiB.
2026-10-09T03:54:34Z INFO [174/750] 7a0d50d3-8e1c-4fe9-962d-c46252699548: 367 datasets; 2.8 s; peak memory 291 MiB.
2026-10-09T03:54:35Z INFO [175/750] 7a0dd505-b3c2-48b5-9be7-0639c11fea39: 102 datasets; 1.0 s; peak memory 291 MiB.
2026-10-09T03:54:36Z INFO [176/750] 7a0f564e-aa5c-4aa5-b3ae-655f78616394: 114 datasets; 0.6 s; peak memory 291 MiB.
2026-10-09T03:54:39Z INFO [177/750] 7a0fc422-a04b-4319-8ed2-220e21b43d94: 111 datasets; 2.7 s; peak memory 291 MiB.
2026-10-09T03:54:40Z INFO [178/750] 7a0ff7c4-4bf8-48af-b667-947b09f64d77: 116 datasets; 1.8 s; peak memory 291 MiB.
2026-10-09T03:54:41Z INFO [179/750] 7a12f507-ee03-44e8-b675-6f20a738e95f: 46 datasets; 0.6 s; peak memory 291 MiB.
2026-10-09T03:54:42Z INFO [180/750] 7a13b02d-52ac-44cf-9516-2391eb4d8eac: 117 datasets; 0.8 s; peak memory 291 MiB.
2026-10-09T03:54:43Z INFO [181/750] 7a13effa-a2c8-45dc-bcbb-42c8788597db: 68 datasets; 1.0 s; peak memory 291 MiB.
2026-10-09T03:54:43Z INFO [182/750] 7a14d296-797a-4703-a0ec-093e2a994394: 48 datasets; 0.7 s; peak memory 291 MiB.
2026-10-09T03:54:45Z INFO [183/750] 7a15170a-bdb4-4342-b4b8-3614b3b9183c: 240 datasets; 1.9 s; peak memory 291 MiB.
2026-10-09T03:54:46Z INFO [184/750] 7a15b77d-b5b0-4725-8a8e-429f000a4532: 48 datasets; 0.8 s; peak memory 291 MiB.
2026-10-09T03:54:47Z INFO [185/750] 7a15c1c5-9840-4c15-8360-0bafde894435: 118 datasets; 0.8 s; peak memory 291 MiB.
2026-10-09T03:54:48Z INFO [186/750] 7a15cf60-b94f-4f82-b039-52575f0df446: 69 datasets; 1.0 s; peak memory 291 MiB.
2026-10-09T03:54:49Z INFO [187/750] 7a1669d6-809d-4120-ba95-72f76b2f261c: 48 datasets; 0.9 s; peak memory 291 MiB.
2026-10-09T03:54:50Z INFO [188/750] 7a17ba12-f68f-4f54-ac2c-b19a4210d2b8: 47 datasets; 1.2 s; peak memory 291 MiB.
2026-10-09T03:54:51Z INFO [189/750] 7a17c622-1956-42a5-906f-ae696a2ec145: 46 datasets; 0.6 s; peak memory 291 MiB.
2026-10-09T03:54:52Z INFO [190/750] 7a17d436-3137-4d32-a25c-0974db7f7689: 45 datasets; 1.0 s; peak memory 291 MiB.
2026-10-09T03:54:57Z INFO [191/750] 7a18404d-212a-4af5-b839-ff50fef4df55: 219 datasets; 5.6 s; peak memory 291 MiB.
2026-10-09T03:54:58Z INFO [192/750] 7a1866c1-96c3-41a8-82a1-90e13ad019f2: 58 datasets; 0.5 s; peak memory 291 MiB.
2026-10-09T03:54:59Z INFO [193/750] 7a1894af-b08f-4456-b213-d78024794440: 97 datasets; 0.8 s; peak memory 291 MiB.
2026-10-09T03:54:59Z INFO [194/750] 7a18d441-1976-4d0b-9a0f-4f67f0943716: 46 datasets; 0.8 s; peak memory 291 MiB.
2026-10-09T03:55:00Z INFO [195/750] 7a18d5d2-a5e9-4476-837d-7e34a89d12c0: 112 datasets; 0.9 s; peak memory 291 MiB.
2026-10-09T03:55:01Z INFO [196/750] 7a18e4ef-d92c-49de-b607-45f199dee2a2: 66 datasets; 1.0 s; peak memory 291 MiB.
2026-10-09T03:55:03Z INFO [197/750] 7a1a79f2-30fd-4f72-9840-4a04fdacda4e: 146 datasets; 2.0 s; peak memory 291 MiB.
2026-10-09T03:55:06Z INFO [198/750] 7a1ac517-c269-4adc-9b9b-70da97980644: 184 datasets; 2.6 s; peak memory 291 MiB.
2026-10-09T03:55:07Z INFO [199/750] 7a1b03d1-b48d-48bf-ba99-887b6500c56e: 71 datasets; 1.3 s; peak memory 291 MiB.
2026-10-09T03:55:08Z INFO [200/750] 7a1b24c6-78fa-481f-be12-9d38846835a1: 48 datasets; 0.8 s; peak memory 291 MiB.
2026-10-09T03:55:08Z INFO [200/750] 7a1b24c6-78fa-481f-be12-9d38846835a1: checkpointed 105785 new records.
2026-10-09T03:55:09Z INFO [201/750] 7a1c3ecd-1cb3-4143-9eb4-6d103258e971: 48 datasets; 0.8 s; peak memory 291 MiB.
2026-10-09T03:55:30Z INFO [202/750] 7a1cff3d-e422-4249-933c-18fcfc5c2927: 150 datasets; 21.0 s; peak memory 291 MiB.
2026-10-09T03:55:31Z INFO [203/750] 7a1d195e-43d2-4c2e-9254-5035f22cb248: 133 datasets; 1.4 s; peak memory 291 MiB.
2026-10-09T03:55:37Z INFO [204/750] 7a1da046-92d0-477e-8a2e-61aae84e03d3: 11477 datasets; 6.0 s; peak memory 291 MiB.
2026-10-09T03:55:42Z INFO [205/750] 7a1e4eb4-0fee-40ac-bbfd-20a8685d5e35: 49 datasets; 4.8 s; peak memory 291 MiB.
2026-10-09T03:55:54Z INFO [206/750] 7a1e7cb4-1f2a-4e0f-baa2-7f02338d05e0: 879 datasets; 11.6 s; peak memory 291 MiB.
2026-10-09T03:55:55Z INFO [207/750] 7a1f4a46-9528-4889-8177-24e523156238: 64 datasets; 1.1 s; peak memory 291 MiB.
2026-10-09T03:55:55Z INFO [208/750] 7a1f81d2-a503-450a-b06e-ff019d65cc39: 46 datasets; 0.6 s; peak memory 291 MiB.
2026-10-09T03:55:56Z INFO [209/750] 7a200182-c40d-4887-96b6-7ea720c5e2bf: 48 datasets; 0.7 s; peak memory 291 MiB.
2026-10-09T03:55:57Z INFO [210/750] 7a20627b-f3a2-4a54-8e30-753183e63974: 102 datasets; 1.2 s; peak memory 291 MiB.
2026-10-09T03:55:58Z INFO [211/750] 7a20dce9-9eb0-46d9-89fc-0efd96661df7: 116 datasets; 0.9 s; peak memory 291 MiB.
2026-10-09T03:56:00Z INFO [212/750] 7a211a29-554d-4842-acf0-d060ec5a5d45: 70 datasets; 1.6 s; peak memory 291 MiB.
2026-10-09T03:56:01Z INFO [213/750] 7a214d2c-8891-41fa-9f3b-fb95595ed690: 47 datasets; 0.6 s; peak memory 291 MiB.
2026-10-09T03:56:01Z INFO [214/750] 7a23ab99-8e34-4480-bb9a-a99a6ee8cfd6: 44 datasets; 0.7 s; peak memory 291 MiB.
2026-10-09T03:56:02Z INFO [215/750] 7a241bb0-3e4e-43c6-a113-0312d6b0bed7: 38 datasets; 0.6 s; peak memory 291 MiB.
2026-10-09T03:56:03Z INFO [216/750] 7a246232-471e-48b8-8851-10ef5a923c74: 52 datasets; 0.8 s; peak memory 291 MiB.
2026-10-09T03:56:04Z INFO [217/750] 7a24afb1-98ef-40e1-ae24-61c7142c0669: 114 datasets; 0.9 s; peak memory 291 MiB.
2026-10-09T03:56:05Z INFO [218/750] 7a251a37-8701-40c7-a6e0-81a30ffc9f46: 38 datasets; 1.4 s; peak memory 291 MiB.
2026-10-09T03:56:17Z INFO [219/750] 7a25744f-2c88-4344-bc71-bb15b90fc8a1: 288 datasets; 11.9 s; peak memory 291 MiB.
2026-10-09T03:56:18Z INFO [220/750] 7a26cc45-28d9-4215-b777-d76657932f1b: 48 datasets; 0.8 s; peak memory 291 MiB.
2026-10-09T03:56:19Z INFO [221/750] 7a26d4d6-2dd0-4f4d-9a07-f8dfa8545cf3: 62 datasets; 1.1 s; peak memory 291 MiB.
2026-10-09T03:56:20Z INFO [222/750] 7a273aa0-a3bf-4668-9ef0-94dde2b0dbfa: 51 datasets; 0.7 s; peak memory 291 MiB.
2026-10-09T03:56:29Z INFO [223/750] 7a277084-b216-41d4-acd7-0b6fe52662a7: 617 datasets; 9.3 s; peak memory 291 MiB.
2026-10-09T03:56:30Z INFO [224/750] 7a279b75-c82e-4d03-beb2-598c30158cab: 68 datasets; 0.8 s; peak memory 291 MiB.
2026-10-09T03:56:31Z INFO [225/750] 7a281c08-ec81-4c14-a4d4-123828a3bce7: 112 datasets; 1.1 s; peak memory 291 MiB.
2026-10-09T03:56:32Z INFO [226/750] 7a28a299-2949-4f15-ba8a-d656e893321b: 62 datasets; 1.3 s; peak memory 291 MiB.
2026-10-09T03:56:33Z INFO [227/750] 7a28a8f4-3d97-45ba-996b-6cf2170f1f3d: 112 datasets; 0.9 s; peak memory 291 MiB.
2026-10-09T03:56:35Z INFO [228/750] 7a2aaae4-8d18-485b-96d3-d6c8e7cbb01a: 116 datasets; 2.1 s; peak memory 291 MiB.
2026-10-09T03:56:36Z INFO [229/750] 7a2af009-c17d-47a4-bd35-3332a30202cc: 71 datasets; 1.1 s; peak memory 291 MiB.
2026-10-09T03:56:37Z INFO [230/750] 7a2b7a26-18d4-4d8c-ae15-e5deebf5e8fa: 48 datasets; 1.1 s; peak memory 291 MiB.
2026-10-09T03:56:49Z INFO [231/750] 7a2b87ee-bd44-469d-b9e3-a4b2b625dccb: 38 datasets; 11.5 s; peak memory 291 MiB.
2026-10-09T03:56:54Z INFO [232/750] 7a2c19b5-72cf-40be-bea6-a5e0eff28ff5: 339 datasets; 5.3 s; peak memory 291 MiB.
2026-10-09T03:56:55Z INFO [233/750] 7a2c70cd-b1c8-4216-add2-99dcf2b443d9: 59 datasets; 0.7 s; peak memory 291 MiB.
2026-10-09T03:56:56Z INFO [234/750] 7a2d621a-7532-4874-ab9d-2f64fbeda31c: 46 datasets; 0.9 s; peak memory 291 MiB.
2026-10-09T03:56:57Z INFO [235/750] 7a2d745e-51a2-4a51-9679-497efd3be723: 48 datasets; 0.8 s; peak memory 291 MiB.
2026-10-09T03:56:58Z INFO [236/750] 7a2d815c-a8b4-4f24-ae69-01f9574df0c8: 112 datasets; 1.0 s; peak memory 291 MiB.
2026-10-09T03:56:59Z INFO [237/750] 7a2ecc28-732d-44b7-bdf9-23bc69601268: 59 datasets; 1.1 s; peak memory 291 MiB.
2026-10-09T03:57:04Z INFO [238/750] 7a2f4181-2871-46d5-8292-cfbcab6afa16: 193 datasets; 5.0 s; peak memory 291 MiB.
2026-10-09T03:57:11Z INFO [239/750] 7a2f56bb-a58c-4e84-ac1a-fa8e3da3f6f7: 1047 datasets; 7.1 s; peak memory 291 MiB.
2026-10-09T03:57:15Z INFO [240/750] 7a2faa94-c1e3-446f-a821-3b318b8c43fe: 538 datasets; 4.6 s; peak memory 291 MiB.
2026-10-09T03:57:16Z INFO [241/750] 7a303480-b1fc-4c6c-90b9-e8582049937c: 116 datasets; 0.9 s; peak memory 291 MiB.
2026-10-09T03:57:23Z INFO [242/750] 7a30ce94-eb09-4c36-8eec-9037433f1b51: 108 datasets; 6.7 s; peak memory 291 MiB.
2026-10-09T03:57:35Z INFO [243/750] 7a32062d-9f9c-491a-b2d5-38c4abc35d7b: 1479 datasets; 11.9 s; peak memory 291 MiB.
2026-10-09T03:57:35Z INFO [244/750] 7a3239dd-6fb5-4cf6-a3ee-6c3d1fac03b8: 46 datasets; 0.6 s; peak memory 291 MiB.
2026-10-09T03:57:43Z INFO [245/750] 7a326cf4-cbe4-4ca4-be75-f585766ca6c8: 934 datasets; 8.0 s; peak memory 291 MiB.
2026-10-09T03:57:44Z INFO [246/750] 7a326fba-4170-41c0-b742-115e73ed08a9: 48 datasets; 0.8 s; peak memory 291 MiB.
2026-10-09T03:58:03Z INFO [247/750] 7a3375d8-c91c-4973-81c9-42c8b76df431: 48 datasets; 19.2 s; peak memory 291 MiB.
2026-10-09T03:58:05Z INFO [248/750] 7a33dcaf-f13d-4ad6-8718-a83d427aa058: 66 datasets; 1.1 s; peak memory 291 MiB.
2026-10-09T03:58:05Z INFO [249/750] 7a3475e7-9abf-400a-929e-4862fc8216d9: 112 datasets; 0.8 s; peak memory 291 MiB.
2026-10-09T03:58:06Z INFO [250/750] 7a34c7b0-df5d-4de9-8af8-20eec94a6fed: 48 datasets; 0.8 s; peak memory 291 MiB.
2026-10-09T03:58:06Z INFO [250/750] 7a34c7b0-df5d-4de9-8af8-20eec94a6fed: checkpointed 105835 new records.
2026-10-09T03:58:07Z INFO [251/750] 7a35a2c3-5771-42a3-9c45-964aba3083c6: 110 datasets; 1.2 s; peak memory 291 MiB.
2026-10-09T03:58:25Z INFO [252/750] 7a35b0c9-0097-42f7-97d0-2c895d4c0e8a: 48 datasets; 17.8 s; peak memory 291 MiB.
2026-10-09T03:58:26Z INFO [253/750] 7a35ebfd-e22b-48da-afae-e163700c3d22: 118 datasets; 0.8 s; peak memory 291 MiB.
2026-10-09T03:58:28Z INFO [254/750] 7a36d839-1cfc-4339-a1a4-61ecfa890d77: 117 datasets; 1.7 s; peak memory 291 MiB.
2026-10-09T03:58:29Z INFO [255/750] 7a379ab4-5b82-4725-bcc1-2f7d586ab552: 48 datasets; 0.7 s; peak memory 291 MiB.
2026-10-09T03:58:30Z INFO [256/750] 7a379ec8-3914-4733-9e01-56f56101243d: 110 datasets; 1.1 s; peak memory 291 MiB.
2026-10-09T03:58:33Z INFO [257/750] 7a37fd20-ff62-40b2-8e56-0bdd975c1d9c: 487 datasets; 3.2 s; peak memory 291 MiB.
2026-10-09T03:58:35Z INFO [258/750] 7a383fbb-5e6e-43de-8728-2d64bb45f49c: 156 datasets; 1.9 s; peak memory 291 MiB.
2026-10-09T03:58:35Z INFO [259/750] 7a394f18-56f1-4f44-b649-8ce4c0eaab11: 37 datasets; 0.6 s; peak memory 291 MiB.
2026-10-09T03:58:36Z INFO [260/750] 7a39e490-ed33-481e-937f-2625575c1e63: 112 datasets; 0.8 s; peak memory 291 MiB.
2026-10-09T03:58:41Z INFO [261/750] 7a3a0498-4630-46b8-9ee4-48d50b7e1d3f: 669 datasets; 5.0 s; peak memory 291 MiB.
2026-10-09T03:58:42Z INFO [262/750] 7a3a3123-775e-457b-bd26-fe19250d1368: 46 datasets; 0.4 s; peak memory 291 MiB.
2026-10-09T03:58:42Z INFO [263/750] 7a3a5e16-6f4a-40ca-8fdb-fa48d3051045: 92 datasets; 0.7 s; peak memory 291 MiB.
2026-10-09T03:58:43Z INFO [264/750] 7a3aa50e-694e-4f8e-8706-8a3f6d9b66a1: 58 datasets; 0.5 s; peak memory 291 MiB.
2026-10-09T03:58:44Z INFO [265/750] 7a3b2095-4854-4ce3-83a5-0e21a9106d91: 66 datasets; 1.1 s; peak memory 291 MiB.
2026-10-09T03:58:45Z INFO [266/750] 7a3b2bdb-5572-4274-9e85-15e665128b44: 48 datasets; 0.9 s; peak memory 291 MiB.
2026-10-09T03:58:45Z INFO [267/750] 7a3bd472-7ed0-4eb7-afa9-4d41ce8d8737: 39 datasets; 0.7 s; peak memory 291 MiB.
2026-10-09T03:58:46Z INFO [268/750] 7a3bf37c-da9d-4db6-b3a3-4c34e33e015c: 46 datasets; 0.7 s; peak memory 291 MiB.
2026-10-09T03:58:47Z INFO [269/750] 7a3c6490-f7e4-4eb4-aef9-e3c1024fa296: 66 datasets; 1.1 s; peak memory 291 MiB.
2026-10-09T03:58:48Z INFO [270/750] 7a3cc250-6d24-4c64-b148-8caf24e51357: 38 datasets; 0.6 s; peak memory 291 MiB.
2026-10-09T03:58:49Z INFO [271/750] 7a3cd9a0-9aa0-4332-85e9-968444ad30a4: 112 datasets; 0.9 s; peak memory 291 MiB.
2026-10-09T03:58:50Z INFO [272/750] 7a3d4854-979d-4924-bbb2-4e84ae377583: 70 datasets; 1.0 s; peak memory 291 MiB.
2026-10-09T03:58:51Z INFO [273/750] 7a3db3ee-ba6d-4dde-bb37-3ed1ca7422cc: 45 datasets; 1.2 s; peak memory 291 MiB.
2026-10-09T03:58:52Z INFO [274/750] 7a3ee076-0725-48b2-93bd-338b98506922: 71 datasets; 1.0 s; peak memory 291 MiB.
2026-10-09T03:58:53Z INFO [275/750] 7a409625-14da-4676-913a-2969c0383923: 49 datasets; 1.0 s; peak memory 291 MiB.
2026-10-09T03:58:54Z INFO [276/750] 7a41156b-653a-43c9-98c3-c41b2ea990d0: 71 datasets; 1.4 s; peak memory 291 MiB.
2026-10-09T03:58:55Z INFO [277/750] 7a4295a6-d1d0-4103-aba8-612f896ec54d: 117 datasets; 0.8 s; peak memory 291 MiB.
2026-10-09T03:58:56Z INFO [278/750] 7a4370ad-3f4b-4561-ae60-3f39e1d72d3b: 46 datasets; 0.5 s; peak memory 291 MiB.
2026-10-09T03:58:56Z INFO [279/750] 7a43b51c-ea7e-4dde-9252-f4e00a766ab9: 48 datasets; 0.8 s; peak memory 291 MiB.
2026-10-09T03:58:57Z INFO [280/750] 7a442dd5-182c-4bb1-b926-6d7f0af852fe: 117 datasets; 0.8 s; peak memory 291 MiB.
2026-10-09T03:58:58Z INFO [281/750] 7a45181c-8654-4249-b5d8-7ee7dd363d74: 62 datasets; 1.2 s; peak memory 291 MiB.
2026-10-09T03:58:59Z INFO [282/750] 7a451cce-d4cb-4829-b502-c2b4fa8b7dc0: 48 datasets; 0.9 s; peak memory 291 MiB.
2026-10-09T03:59:01Z INFO [283/750] 7a4545fb-763d-46a8-87a5-8387a4a38e1f: 156 datasets; 2.1 s; peak memory 291 MiB.
2026-10-09T03:59:02Z INFO [284/750] 7a456373-0015-440a-9e27-c7b10dfd95c5: 48 datasets; 0.8 s; peak memory 291 MiB.
2026-10-09T03:59:03Z INFO [285/750] 7a4569f2-c0a1-4de4-8772-a9c473bf4f17: 118 datasets; 0.8 s; peak memory 291 MiB.
2026-10-09T03:59:05Z INFO [286/750] 7a45d40a-8d77-4327-b942-7fc0d59a2d2c: 156 datasets; 2.1 s; peak memory 291 MiB.
2026-10-09T03:59:06Z INFO [287/750] 7a46ba3b-8111-4021-afd1-d7f324703e62: 52 datasets; 0.7 s; peak memory 291 MiB.
2026-10-09T03:59:07Z INFO [288/750] 7a492eb0-2ee9-4464-9f7d-e959e1063b7a: 110 datasets; 1.2 s; peak memory 291 MiB.
2026-10-09T03:59:14Z INFO [289/750] 7a4a053d-fa85-45ee-9edf-79c8fade250d: 718 datasets; 6.9 s; peak memory 291 MiB.
2026-10-09T04:02:43Z INFO [290/750] 7a4ace31-b14f-4f9d-909a-985e3a06b2cd: 292 datasets; 209.2 s; peak memory 515 MiB.
2026-10-09T04:03:10Z INFO [291/750] 7a4b6cb1-dbe4-4cf0-8fc3-66c4ad03e36c: 10007 datasets; 27.2 s; peak memory 515 MiB.
2026-10-09T04:03:11Z INFO [292/750] 7a4cc1a7-5150-4898-bd81-987dd3550a69: 69 datasets; 1.0 s; peak memory 515 MiB.
2026-10-09T04:03:12Z INFO [293/750] 7a4d6b47-1f72-4a90-835d-398c359e9e55: 69 datasets; 1.0 s; peak memory 515 MiB.
2026-10-09T04:03:13Z INFO [294/750] 7a501783-f80d-4010-a988-9db73199c45e: 52 datasets; 0.8 s; peak memory 515 MiB.
2026-10-09T04:03:14Z INFO [295/750] 7a5032bd-ad7a-4b87-9d63-d2e5589a10ab: 46 datasets; 0.6 s; peak memory 515 MiB.
2026-10-09T04:03:14Z INFO [296/750] 7a51d0c0-d554-45b1-bde5-d1dc40ae16a0: 48 datasets; 0.7 s; peak memory 515 MiB.
2026-10-09T04:03:15Z INFO [297/750] 7a5204e3-82dd-4261-b3ac-26e1538c85fe: 56 datasets; 0.8 s; peak memory 515 MiB.
2026-10-09T04:03:16Z INFO [298/750] 7a525f11-4c7f-4a14-a6f5-e89d36fa7b29: 112 datasets; 1.1 s; peak memory 515 MiB.
2026-10-09T04:03:17Z INFO [299/750] 7a539231-c3cb-4494-814e-6cbd7f7e20c7: 46 datasets; 0.6 s; peak memory 515 MiB.
2026-10-09T04:03:18Z INFO [300/750] 7a549ac8-313d-4266-a790-0ba4f21293c2: 48 datasets; 0.9 s; peak memory 515 MiB.
2026-10-09T04:03:18Z INFO [300/750] 7a549ac8-313d-4266-a790-0ba4f21293c2: checkpointed 105885 new records.
2026-10-09T04:03:23Z INFO [301/750] 7a555045-253a-404a-b5c5-65889aa4882f: 669 datasets; 5.0 s; peak memory 515 MiB.
2026-10-09T04:03:24Z INFO [302/750] 7a558988-8e15-455d-a8af-711364052674: 49 datasets; 0.7 s; peak memory 515 MiB.
2026-10-09T04:03:38Z INFO [303/750] 7a55a633-6955-4f79-906d-e87a8608a4b8: 1354 datasets; 14.5 s; peak memory 515 MiB.
2026-10-09T04:03:39Z INFO [304/750] 7a55c62c-61ed-473c-943e-73139c1cc81e: 63 datasets; 0.8 s; peak memory 515 MiB.
2026-10-09T04:03:40Z INFO [305/750] 7a55d259-7a8a-4e6a-83be-aac81702855a: 48 datasets; 0.7 s; peak memory 515 MiB.
2026-10-09T04:03:41Z INFO [306/750] 7a56d4ab-f49a-43b2-b3ed-0514d5d9a11b: 115 datasets; 1.8 s; peak memory 515 MiB.
2026-10-09T04:03:45Z INFO [307/750] 7a5797c6-e959-4683-9b85-7c2e0a27f82b: 229 datasets; 3.3 s; peak memory 515 MiB.
2026-10-09T04:03:45Z INFO [308/750] 7a59bb94-7204-4167-aa84-0efad7cbc771: 56 datasets; 0.7 s; peak memory 515 MiB.
2026-10-09T04:03:49Z INFO [309/750] 7a59c8d8-4cb7-4583-9ee0-f4f0588b0909: 510 datasets; 3.7 s; peak memory 515 MiB.
2026-10-09T04:03:52Z INFO [310/750] 7a5a93e2-0a65-4b85-ace4-417650124c70: 538 datasets; 2.8 s; peak memory 515 MiB.
2026-10-09T04:05:53Z INFO [311/750] 7a5b4e34-483e-4fe7-8935-289bbf3c77be: 167 datasets; 121.3 s; peak memory 515 MiB.
2026-10-09T04:05:54Z INFO [312/750] 7a5ba5c1-ae26-4b1f-8baa-1b2129a6fcba: 49 datasets; 1.1 s; peak memory 515 MiB.
2026-10-09T04:05:56Z INFO [313/750] 7a5c9a9d-bbdc-41df-8229-3d96c46df288: 101 datasets; 1.3 s; peak memory 515 MiB.
2026-10-09T04:05:56Z INFO [314/750] 7a5ce4c6-40c0-4268-a5a1-1d68c4392fde: 52 datasets; 0.6 s; peak memory 515 MiB.
2026-10-09T04:05:57Z INFO [315/750] 7a5d8c95-ac29-4444-8a4d-6dd6897a5c43: 48 datasets; 0.8 s; peak memory 515 MiB.
2026-10-09T04:05:58Z INFO [316/750] 7a5ef5b1-fd05-4fe4-9ac5-aef21d48030c: 51 datasets; 1.1 s; peak memory 515 MiB.
2026-10-09T04:05:59Z INFO [317/750] 7a5f1ea8-f317-48a6-8ceb-df91b69b0826: 112 datasets; 1.0 s; peak memory 515 MiB.
2026-10-09T04:06:00Z INFO [318/750] 7a5f96cc-c34f-4dca-9643-2b31e88d9974: 116 datasets; 1.0 s; peak memory 515 MiB.
2026-10-09T04:06:01Z INFO [319/750] 7a5ffa58-0237-4df8-ac65-ca744bf491c6: 48 datasets; 0.8 s; peak memory 515 MiB.
2026-10-09T04:06:02Z INFO [320/750] 7a609e53-d957-4238-9bc7-32a29f9cc1fc: 110 datasets; 1.3 s; peak memory 515 MiB.
2026-10-09T04:06:06Z INFO [321/750] 7a61a115-c709-4f90-85f4-5d294ec980b9: 229 datasets; 3.8 s; peak memory 515 MiB.
2026-10-09T04:06:07Z INFO [322/750] 7a6205ce-0117-48fe-b369-6d21e9b6c532: 112 datasets; 1.0 s; peak memory 515 MiB.
2026-10-09T04:06:14Z INFO [323/750] 7a629b3f-0705-4b7f-8402-e3a7aaeb8316: 801 datasets; 7.1 s; peak memory 515 MiB.
2026-10-09T04:06:15Z INFO [324/750] 7a62d1d9-d055-4f3f-bd84-78dd5d753154: 48 datasets; 0.8 s; peak memory 515 MiB.
2026-10-09T04:06:15Z INFO [325/750] 7a63c5f1-7722-4364-8a0a-caa861c9f195: 44 datasets; 0.7 s; peak memory 515 MiB.
2026-10-09T04:06:17Z INFO [326/750] 7a63ea2a-b5c3-4c60-9151-2d3602e13a3e: 123 datasets; 1.7 s; peak memory 515 MiB.
2026-10-09T04:06:18Z INFO [327/750] 7a6407e3-64c4-463c-93e4-cb1349b98b4d: 101 datasets; 1.2 s; peak memory 515 MiB.
2026-10-09T04:06:19Z INFO [328/750] 7a65520a-05f5-48a9-939b-12bdcc26bb28: 48 datasets; 0.9 s; peak memory 515 MiB.
2026-10-09T04:06:20Z INFO [329/750] 7a6586d1-81c6-4938-9781-710984844ebd: 77 datasets; 0.8 s; peak memory 515 MiB.
2026-10-09T04:06:22Z INFO [330/750] 7a65e0f4-977e-434f-9195-8afbc29b4e4a: 118 datasets; 1.7 s; peak memory 515 MiB.
2026-10-09T04:06:23Z INFO [331/750] 7a65e844-2e1a-4f1d-8be2-d45a2ed7f54d: 38 datasets; 1.5 s; peak memory 515 MiB.
2026-10-09T04:06:27Z INFO [332/750] 7a663dd4-f74c-421b-aaeb-1f325fd4cd7e: 538 datasets; 3.4 s; peak memory 515 MiB.
2026-10-09T04:06:33Z INFO [333/750] 7a6688ae-cffe-447f-ab73-be6c8f55e746: 1363 datasets; 6.8 s; peak memory 515 MiB.
2026-10-09T04:06:35Z INFO [334/750] 7a671d6c-7573-4d9f-b940-79af93090c96: 51 datasets; 1.2 s; peak memory 515 MiB.
2026-10-09T04:06:35Z INFO [335/750] 7a689f0d-1a8e-4d75-833b-a531db55cbf6: 84 datasets; 1.0 s; peak memory 515 MiB.
2026-10-09T04:06:36Z INFO [336/750] 7a68fa48-a677-4f40-a61a-e7c7204ac2bb: 48 datasets; 0.7 s; peak memory 515 MiB.
2026-10-09T04:06:37Z INFO [337/750] 7a69cbae-794f-481e-93ed-8535124d234d: 48 datasets; 0.8 s; peak memory 515 MiB.
2026-10-09T04:06:38Z INFO [338/750] 7a6a1f9a-5956-4ed9-af47-95c156c88bc3: 117 datasets; 0.9 s; peak memory 515 MiB.
2026-10-09T04:06:39Z INFO [339/750] 7a6ab67b-d4a8-4878-884d-e33b6d269a3c: 66 datasets; 1.3 s; peak memory 515 MiB.
2026-10-09T04:06:40Z INFO [340/750] 7a6b0de2-75fe-4252-8755-273e1bb0b6fa: 39 datasets; 0.6 s; peak memory 515 MiB.
2026-10-09T04:06:40Z INFO [341/750] 7a6cd4c4-be02-4aee-b470-689713fb777e: 46 datasets; 0.6 s; peak memory 515 MiB.
2026-10-09T04:06:41Z INFO [342/750] 7a6e0240-e98a-4d65-a169-c55a0abebd4a: 48 datasets; 0.7 s; peak memory 515 MiB.
2026-10-09T04:06:42Z INFO [343/750] 7a6e7b62-33ed-479f-901b-bf4b9c76fa0c: 64 datasets; 1.3 s; peak memory 515 MiB.
2026-10-09T04:06:43Z INFO [344/750] 7a6f16d9-a119-4255-9d83-e33b019348ac: 68 datasets; 0.8 s; peak memory 515 MiB.
2026-10-09T04:06:52Z INFO [345/750] 7a6f74f7-a5ae-4d55-8d7e-01236fb68f22: 331 datasets; 9.1 s; peak memory 515 MiB.
2026-10-09T04:06:53Z INFO [346/750] 7a6f8f5d-aa1b-4ea7-a907-1d6615a0fddf: 64 datasets; 1.2 s; peak memory 515 MiB.
2026-10-09T04:06:54Z INFO [347/750] 7a6fa9d9-dd4c-4cf2-af53-4f3d7fb46d58: 117 datasets; 0.9 s; peak memory 515 MiB.
2026-10-09T04:06:58Z INFO [348/750] 7a6fccb4-dabb-4116-8da6-5c4f1a246ce2: 538 datasets; 3.6 s; peak memory 515 MiB.
2026-10-09T04:06:59Z INFO [349/750] 7a6fcd2f-c962-4e1f-bfbd-d1d1daeb06c9: 41 datasets; 1.2 s; peak memory 515 MiB.
2026-10-09T04:07:00Z INFO [350/750] 7a6fe0fc-ec20-4f7b-bc35-8fed75e80a5d: 117 datasets; 1.0 s; peak memory 515 MiB.
2026-10-09T04:07:00Z INFO [350/750] 7a6fe0fc-ec20-4f7b-bc35-8fed75e80a5d: checkpointed 105935 new records.
2026-10-09T04:07:01Z INFO [351/750] 7a70be10-ac87-4d13-a8db-bada00c1b533: 48 datasets; 1.0 s; peak memory 515 MiB.
2026-10-09T04:07:02Z INFO [352/750] 7a70f1a5-a8b1-4824-a484-9b3b9a04963a: 116 datasets; 0.8 s; peak memory 515 MiB.
2026-10-09T04:07:03Z INFO [353/750] 7a7113b4-415b-4170-9db5-b9ecf9acd615: 117 datasets; 0.9 s; peak memory 515 MiB.
2026-10-09T04:07:07Z INFO [354/750] 7a711f61-761a-4c33-b172-c0cf0fb84bdd: 604 datasets; 4.3 s; peak memory 515 MiB.
2026-10-09T04:07:08Z INFO [355/750] 7a713b1a-5c01-40b3-b362-a712a1aab18a: 118 datasets; 0.9 s; peak memory 515 MiB.
2026-10-09T04:07:10Z INFO [356/750] 7a71ae51-9aa6-4740-98ea-7d0b070fb870: 114 datasets; 1.9 s; peak memory 515 MiB.
2026-10-09T04:07:11Z INFO [357/750] 7a71f494-a539-4a69-a20f-3eebc7eeeb91: 48 datasets; 0.9 s; peak memory 515 MiB.
2026-10-09T04:07:15Z INFO [358/750] 7a72e5d7-9d8e-4181-bfa8-04bbaa0dcc4e: 229 datasets; 3.9 s; peak memory 515 MiB.
2026-10-09T04:07:16Z INFO [359/750] 7a7385ad-77eb-4f2b-b5f4-4b0bf53dd92a: 48 datasets; 0.8 s; peak memory 515 MiB.
2026-10-09T04:07:18Z INFO [360/750] 7a73c648-6ddb-4457-9418-5c9e8f28cd67: 115 datasets; 1.9 s; peak memory 515 MiB.
2026-10-09T04:07:18Z INFO [361/750] 7a7465c8-0936-4103-9aa1-3f684b63f957: 116 datasets; 0.9 s; peak memory 515 MiB.
2026-10-09T04:07:19Z INFO [362/750] 7a75266f-2da2-4a25-9c1b-bda5d80c8b25: 118 datasets; 0.9 s; peak memory 515 MiB.
2026-10-09T04:07:24Z INFO [363/750] 7a753254-779d-4e98-b9f9-da6fcc207cf4: 49 datasets; 4.9 s; peak memory 515 MiB.
2026-10-09T04:07:45Z INFO [364/750] 7a756107-573d-4fd0-8127-9f2ef34bc0dc: 48 datasets; 20.5 s; peak memory 515 MiB.
2026-10-09T04:07:50Z INFO [365/750] 7a77ab2f-76ad-4b83-b5cf-46b724471196: 476 datasets; 5.3 s; peak memory 515 MiB.
2026-10-09T04:07:52Z INFO [366/750] 7a77f125-893a-471b-a85a-3e23cbf191ba: 114 datasets; 2.3 s; peak memory 515 MiB.
2026-10-09T04:07:53Z INFO [367/750] 7a79df57-b41e-4e50-b68c-433a4be40bf1: 114 datasets; 0.8 s; peak memory 515 MiB.
2026-10-09T04:07:54Z INFO [368/750] 7a79ec8d-10f7-47fc-9bf0-f6bbf600bb31: 112 datasets; 0.9 s; peak memory 515 MiB.
2026-10-09T04:07:56Z INFO [369/750] 7a7a6c22-6aa0-417a-8349-7998bdc73217: 192 datasets; 2.1 s; peak memory 515 MiB.
2026-10-09T04:07:57Z INFO [370/750] 7a7a9b14-2eed-47ff-84c8-7e79025e424b: 71 datasets; 1.2 s; peak memory 515 MiB.
2026-10-09T04:07:58Z INFO [371/750] 7a7b80a1-11b1-4f5b-86ed-791af3c4c779: 38 datasets; 0.7 s; peak memory 515 MiB.
2026-10-09T04:07:59Z INFO [372/750] 7a7c6a04-fcb7-4b44-826f-5f5a2c8e507d: 48 datasets; 0.8 s; peak memory 515 MiB.
2026-10-09T04:09:26Z INFO [373/750] 7a7e54f5-461e-44a2-91ae-2ca04cab516f: 241 datasets; 87.4 s; peak memory 515 MiB.
2026-10-09T04:09:27Z INFO [374/750] 7a8028e1-64bf-4d86-83f2-82015843e9d8: 48 datasets; 0.9 s; peak memory 515 MiB.
2026-10-09T04:09:33Z INFO [375/750] 7a806002-2dae-473f-adc8-e738f4811f3c: 728 datasets; 5.7 s; peak memory 515 MiB.
2026-10-09T04:09:34Z INFO [376/750] 7a80afae-80a7-444f-817b-2dcda5ab066a: 45 datasets; 0.7 s; peak memory 515 MiB.
2026-10-09T04:09:35Z INFO [377/750] 7a80b0b8-8686-4930-b6c9-6f70c3d31cf8: 110 datasets; 1.0 s; peak memory 515 MiB.
2026-10-09T04:09:36Z INFO [378/750] 7a8176ed-4d6e-47c2-916e-c53ba9b2da4e: 48 datasets; 0.9 s; peak memory 515 MiB.
2026-10-09T04:09:37Z INFO [379/750] 7a82bb19-b33d-4fc5-96b4-a62b8fa1db14: 112 datasets; 1.3 s; peak memory 515 MiB.
2026-10-09T04:09:38Z INFO [380/750] 7a835d53-f4b2-40eb-82b9-b78a535f7ee6: 31 datasets; 0.7 s; peak memory 515 MiB.
2026-10-09T04:09:39Z INFO [381/750] 7a8464bf-8151-44bb-8c5b-b9c0ce25c3fb: 39 datasets; 1.0 s; peak memory 515 MiB.
2026-10-09T04:09:39Z INFO [382/750] 7a849ef3-bb17-4b23-98a6-1a0e85c69ac2: 117 datasets; 0.8 s; peak memory 515 MiB.
2026-10-09T04:09:40Z INFO [383/750] 7a84e606-7fca-4c03-bbeb-452feec33315: 51 datasets; 0.8 s; peak memory 515 MiB.
2026-10-09T04:09:48Z INFO [384/750] 7a856067-e852-4f72-a984-4a4eb6fa18ea: 791 datasets; 7.8 s; peak memory 515 MiB.
2026-10-09T04:09:53Z INFO [385/750] 7a85ba57-ca26-4a78-8973-b2424c39a479: 9087 datasets; 4.8 s; peak memory 515 MiB.
2026-10-09T04:09:54Z INFO [386/750] 7a866005-667e-4e6d-bedf-a440e52fd6b7: 116 datasets; 0.9 s; peak memory 515 MiB.
2026-10-09T04:09:55Z INFO [387/750] 7a86b5f8-7a90-4da8-a620-61252723b9e1: 62 datasets; 1.2 s; peak memory 515 MiB.
2026-10-09T04:09:56Z INFO [388/750] 7a86eae8-e1cf-4510-b171-d2375a5b3d20: 110 datasets; 0.9 s; peak memory 515 MiB.
2026-10-09T04:09:57Z INFO [389/750] 7a8864ae-28c5-47d4-8c90-fb5b70dbadb1: 48 datasets; 0.9 s; peak memory 515 MiB.
2026-10-09T04:09:58Z INFO [390/750] 7a8869c9-bfe0-4520-8da9-5f0da10c2982: 48 datasets; 0.9 s; peak memory 515 MiB.
2026-10-09T04:09:58Z INFO [391/750] 7a886b68-b570-4bf0-8a2e-3a997af5ea51: 46 datasets; 0.5 s; peak memory 515 MiB.
2026-10-09T04:09:59Z INFO [392/750] 7a88da69-6ba4-4274-a826-4788d97dabb5: 117 datasets; 0.8 s; peak memory 515 MiB.
2026-10-09T04:10:01Z INFO [393/750] 7a89b87d-2c92-48c3-be6a-2aad8d28a4bf: 80 datasets; 2.0 s; peak memory 515 MiB.
2026-10-09T04:10:02Z INFO [394/750] 7a8a2d6e-a64e-4736-8bbe-f23a0c919be3: 118 datasets; 0.8 s; peak memory 515 MiB.
2026-10-09T04:10:03Z INFO [395/750] 7a8a4c23-4ad9-46a2-86ef-37a1b995d5d6: 109 datasets; 0.9 s; peak memory 515 MiB.
2026-10-09T04:10:08Z INFO [396/750] 7a8b2978-28b8-4a08-bd93-a92a4c3f70aa: 577 datasets; 5.8 s; peak memory 515 MiB.
2026-10-09T04:10:09Z INFO [397/750] 7a8b32a6-be8a-41fa-aacc-93fcde172b3e: 40 datasets; 1.0 s; peak memory 515 MiB.
2026-10-09T04:10:17Z INFO [398/750] 7a8b9b77-1452-4192-9534-8fec3b101a48: 793 datasets; 7.9 s; peak memory 515 MiB.
2026-10-09T04:10:18Z INFO [399/750] 7a8bbbc0-2f3d-4479-8cd9-0b43f33be6d9: 110 datasets; 1.0 s; peak memory 515 MiB.
2026-10-09T04:10:19Z INFO [400/750] 7a8c0be5-0160-4382-b5c8-a03e395b0605: 112 datasets; 1.2 s; peak memory 515 MiB.
2026-10-09T04:10:20Z INFO [400/750] 7a8c0be5-0160-4382-b5c8-a03e395b0605: checkpointed 105985 new records.
2026-10-09T04:10:22Z INFO [401/750] 7a8c185e-c271-411f-80e4-6be0b7e09fbe: 48 datasets; 2.7 s; peak memory 515 MiB.
2026-10-09T04:10:43Z INFO [402/750] 7a8d35b9-8ae5-4a94-9ce5-8ea706ffec44: 48 datasets; 20.9 s; peak memory 515 MiB.
2026-10-09T04:10:45Z INFO [403/750] 7a8dbd9b-f1c1-40e5-94b1-bdbeede068d6: 316 datasets; 2.2 s; peak memory 515 MiB.
2026-10-09T04:10:51Z INFO [404/750] 7a8fbc48-af0c-4cd6-9207-75df5bd769c7: 574 datasets; 5.2 s; peak memory 515 MiB.
2026-10-09T04:10:52Z INFO [405/750] 7a900b5f-353d-4229-9f3a-df305e81bc2b: 66 datasets; 1.5 s; peak memory 515 MiB.
2026-10-09T04:10:53Z INFO [406/750] 7a900b90-7788-44bf-963d-4679f3fdfa7c: 42 datasets; 0.8 s; peak memory 515 MiB.
2026-10-09T04:10:53Z INFO [407/750] 7a903072-98fd-4ae3-907b-3426d72f1ba4: 51 datasets; 0.6 s; peak memory 515 MiB.
2026-10-09T04:10:58Z INFO [408/750] 7a90fbb8-fc1d-4982-ab28-b078846e7dd3: 796 datasets; 4.7 s; peak memory 515 MiB.
2026-10-09T04:10:59Z INFO [409/750] 7a93dd52-6703-431a-8ae1-bfcb7fd89c4d: 49 datasets; 1.0 s; peak memory 515 MiB.
2026-10-09T04:11:04Z INFO [410/750] 7a9468bc-aab5-4bac-b191-6224acc77c3f: 193 datasets; 5.1 s; peak memory 515 MiB.
2026-10-09T04:11:05Z INFO [411/750] 7a94ad04-49bc-465b-94a4-8ac9de843196: 48 datasets; 0.9 s; peak memory 515 MiB.
2026-10-09T04:11:06Z INFO [412/750] 7a94b6aa-a38d-4deb-b800-78674e578eb5: 56 datasets; 0.6 s; peak memory 515 MiB.
2026-10-09T04:11:06Z INFO [413/750] 7a951890-7b15-401d-ae12-a4c7d0587f25: 92 datasets; 0.7 s; peak memory 515 MiB.
2026-10-09T04:11:08Z INFO [414/750] 7a95c1c7-d71a-4e57-b924-5a19d38ea6f6: 64 datasets; 1.3 s; peak memory 515 MiB.
2026-10-09T04:11:09Z INFO [415/750] 7a9718d6-df50-4906-8a97-7d0d8ce8c112: 52 datasets; 0.8 s; peak memory 515 MiB.
2026-10-09T04:11:09Z INFO [416/750] 7a97826e-45b2-4f33-aca6-f10fbd84d9ba: 46 datasets; 0.7 s; peak memory 515 MiB.
2026-10-09T04:11:10Z INFO [417/750] 7a985baa-b178-4524-b10e-b7fc21cd4e2e: 112 datasets; 0.9 s; peak memory 515 MiB.
2026-10-09T04:11:11Z INFO [418/750] 7a98962a-cbd5-44a3-8ce5-8365bc0816b9: 110 datasets; 0.9 s; peak memory 515 MiB.
2026-10-09T04:11:12Z INFO [419/750] 7a98e7b6-2eec-4914-827f-e978e9f3f72c: 48 datasets; 0.7 s; peak memory 515 MiB.
2026-10-09T04:11:13Z INFO [420/750] 7a994972-e3ac-4c53-a804-e794da444c95: 66 datasets; 1.1 s; peak memory 515 MiB.
2026-10-09T04:11:14Z INFO [421/750] 7a99e8cd-79fa-44f6-8f2a-f540f4412bd7: 39 datasets; 0.7 s; peak memory 515 MiB.
2026-10-09T04:11:14Z INFO [422/750] 7a9a2934-9b41-4fbd-a71e-0ac269af3683: 63 datasets; 0.6 s; peak memory 515 MiB.
2026-10-09T04:11:15Z INFO [423/750] 7a9a3126-4a91-4656-a08a-a55e9d4bf3a0: 117 datasets; 0.9 s; peak memory 515 MiB.
2026-10-09T04:11:16Z INFO [424/750] 7a9b2252-f22d-477f-9350-f706426f5ba2: 116 datasets; 0.8 s; peak memory 515 MiB.
2026-10-09T04:11:18Z INFO [425/750] 7a9c55fe-e389-43aa-ac6c-5ab6af8a6de6: 71 datasets; 1.6 s; peak memory 515 MiB.
2026-10-09T04:11:18Z INFO [426/750] 7a9c9ef3-72f4-4709-b1fa-01e207060290: 52 datasets; 0.5 s; peak memory 515 MiB.
2026-10-09T04:11:19Z INFO [427/750] 7a9d4296-a322-490f-8f41-dc997d0bace2: 117 datasets; 1.0 s; peak memory 515 MiB.
2026-10-09T04:11:21Z INFO [428/750] 7a9ea16c-e366-48ce-96c2-1811ef7bdc6c: 71 datasets; 1.4 s; peak memory 515 MiB.
2026-10-09T04:11:22Z INFO [429/750] 7a9ebe09-8ea7-47d6-a655-f0d9351d8cff: 118 datasets; 1.0 s; peak memory 515 MiB.
2026-10-09T04:11:23Z INFO [430/750] 7a9ee31f-ea32-430f-9871-90d8c74246ac: 49 datasets; 0.9 s; peak memory 515 MiB.
2026-10-09T04:11:31Z INFO [431/750] 7a9f0a49-d8df-41b7-b637-04da43e9f857: 1233 datasets; 8.1 s; peak memory 515 MiB.
2026-10-09T04:11:31Z INFO [432/750] 7aa005f8-0010-40d4-bd17-ae2b387287cd: 48 datasets; 0.8 s; peak memory 515 MiB.
2026-10-09T04:11:33Z INFO [433/750] 7aa2148f-2183-4cab-b5ae-14574d4fb61f: 112 datasets; 1.4 s; peak memory 515 MiB.
2026-10-09T04:11:34Z INFO [434/750] 7aa2a2f4-d1a2-4461-a4a9-2bdf8545ef89: 64 datasets; 1.3 s; peak memory 515 MiB.
2026-10-09T04:11:35Z INFO [435/750] 7aa49a54-0653-4b9c-955c-6bc5e9e695bd: 46 datasets; 0.6 s; peak memory 515 MiB.
2026-10-09T04:11:35Z INFO [436/750] 7aa5290b-6dd2-47d0-85c9-0fa9751287e9: 117 datasets; 0.8 s; peak memory 515 MiB.
2026-10-09T04:11:36Z INFO [437/750] 7aa574ee-4231-4a85-8f52-d412ea8f28c1: 110 datasets; 0.9 s; peak memory 515 MiB.
2026-10-09T04:11:38Z INFO [438/750] 7aa5b789-102c-4555-b1fa-9bacdea64c68: 116 datasets; 1.3 s; peak memory 515 MiB.
2026-10-09T04:11:38Z INFO [439/750] 7aa64430-0cf4-4287-90be-883a9a031b17: 37 datasets; 0.6 s; peak memory 515 MiB.
2026-10-09T04:11:46Z INFO [440/750] 7aa6a4cb-70b5-4ed9-84c1-d647295644ca: 82 datasets; 7.7 s; peak memory 515 MiB.
2026-10-09T04:11:47Z INFO [441/750] 7aa71600-09f8-4c95-8640-16c325aa547e: 117 datasets; 0.9 s; peak memory 515 MiB.
2026-10-09T04:11:47Z INFO [442/750] 7aa7ebf9-1686-455e-a91b-d9c7702967c9: 45 datasets; 0.6 s; peak memory 515 MiB.
2026-10-09T04:11:50Z INFO [443/750] 7aa81cf9-8e5d-4578-8f73-3b8fdf503024: 156 datasets; 2.3 s; peak memory 515 MiB.
2026-10-09T04:11:51Z INFO [444/750] 7aa8313e-8e50-49fc-b605-aa1c1828c40b: 118 datasets; 0.9 s; peak memory 515 MiB.
2026-10-09T04:11:51Z INFO [445/750] 7aaa1a04-cf76-4fa4-b82e-da464a5f5c4b: 52 datasets; 0.8 s; peak memory 515 MiB.
2026-10-09T04:11:52Z INFO [446/750] 7aaab465-e297-4c7f-a03c-b0a4d6673c7d: 43 datasets; 0.7 s; peak memory 515 MiB.
2026-10-09T04:11:53Z INFO [447/750] 7aacad24-f8b4-4965-bbb0-8809d2bbad94: 48 datasets; 0.7 s; peak memory 515 MiB.
2026-10-09T04:11:54Z INFO [448/750] 7aacde13-93d1-4646-9bdc-3c6f550f9a69: 33 datasets; 0.8 s; peak memory 515 MiB.
2026-10-09T04:11:54Z INFO [449/750] 7aad2ac8-2466-4461-a0ee-9d84231d9f27: 45 datasets; 0.5 s; peak memory 515 MiB.
2026-10-09T04:11:56Z INFO [450/750] 7aad801c-4af1-43cd-b1fb-e963cebbcc4a: 38 datasets; 1.6 s; peak memory 515 MiB.
2026-10-09T04:11:56Z INFO [450/750] 7aad801c-4af1-43cd-b1fb-e963cebbcc4a: checkpointed 106035 new records.
2026-10-09T04:11:57Z INFO [451/750] 7aadebce-c6ea-491d-a3db-f64c352a042a: 48 datasets; 0.8 s; peak memory 515 MiB.
2026-10-09T04:13:02Z INFO [452/750] 7aae0e7f-7a68-4954-a60d-c796e0f5e961: 96 datasets; 65.2 s; peak memory 515 MiB.
2026-10-09T04:13:03Z INFO [453/750] 7aaf7a25-a3f6-4cb7-8543-6958baddd518: 118 datasets; 1.0 s; peak memory 515 MiB.
2026-10-09T04:13:04Z INFO [454/750] 7ab040e2-2274-4c7b-aa7e-50c5ad3ea0d4: 112 datasets; 1.1 s; peak memory 515 MiB.
2026-10-09T04:13:05Z INFO [455/750] 7ab248eb-7693-480c-9624-6189e7edc510: 48 datasets; 0.8 s; peak memory 515 MiB.
2026-10-09T04:13:06Z INFO [456/750] 7ab301bc-3284-49ae-9326-e7e368037a6d: 112 datasets; 1.4 s; peak memory 515 MiB.
2026-10-09T04:13:07Z INFO [457/750] 7ab31b73-da53-4dda-9d6e-fb26a0009a2a: 118 datasets; 0.9 s; peak memory 515 MiB.
2026-10-09T04:13:23Z INFO [458/750] 7ab3bc8d-49ff-4961-87b5-048c6f6347aa: 432 datasets; 15.5 s; peak memory 515 MiB.
2026-10-09T04:13:28Z INFO [459/750] 7ab453c4-dc9d-407b-ad3b-35520e5a4562: 595 datasets; 5.6 s; peak memory 515 MiB.
2026-10-09T04:13:29Z INFO [460/750] 7ab4a6f5-d841-4c4e-8df2-a688be862a3b: 118 datasets; 0.9 s; peak memory 515 MiB.
2026-10-09T04:13:32Z INFO [461/750] 7ab4d379-fd7e-46ac-9b45-7b84db2f00d7: 225 datasets; 3.3 s; peak memory 515 MiB.
2026-10-09T04:13:35Z INFO [462/750] 7ab5344b-ee0c-4323-bcb7-1ec7916c0276: 366 datasets; 2.4 s; peak memory 515 MiB.
2026-10-09T04:14:57Z INFO [463/750] 7ab53d3c-8b22-4795-99ad-6a61253fca54: 241 datasets; 82.0 s; peak memory 515 MiB.
2026-10-09T04:15:03Z INFO [464/750] 7ab5d8fb-5faa-446c-bdd4-0e14b5b9e37c: 754 datasets; 5.9 s; peak memory 515 MiB.
2026-10-09T04:15:04Z INFO [465/750] 7ab644ca-716c-4459-b0de-6c6f3fc816f9: 112 datasets; 1.3 s; peak memory 515 MiB.
2026-10-09T04:15:05Z INFO [466/750] 7ab6474e-1361-4924-8f76-0325c682554a: 46 datasets; 0.6 s; peak memory 515 MiB.
2026-10-09T04:15:05Z INFO [467/750] 7ab69af1-6912-449e-8596-883c0cb31779: 118 datasets; 0.9 s; peak memory 515 MiB.
2026-10-09T04:15:09Z INFO [468/750] 7ab76494-c236-45cf-986d-19b5cb59a52b: 229 datasets; 3.3 s; peak memory 515 MiB.
2026-10-09T04:15:10Z INFO [469/750] 7ab7b586-63f3-4dea-8cf7-d4b45c64488d: 112 datasets; 1.1 s; peak memory 515 MiB.
2026-10-09T04:15:15Z INFO [470/750] 7ab7ee6d-f1cc-4142-b908-70e033e1737d: 772 datasets; 5.2 s; peak memory 515 MiB.
2026-10-09T04:15:16Z INFO [471/750] 7ab8038f-5f50-42d4-8372-99bd0a385648: 64 datasets; 0.9 s; peak memory 515 MiB.
2026-10-09T04:15:17Z INFO [472/750] 7ab94a0c-b006-4f46-970c-1f8642b66fe9: 48 datasets; 0.9 s; peak memory 515 MiB.
2026-10-09T04:15:18Z INFO [473/750] 7ab97328-4834-42cb-934b-f7b6ca26a0c9: 48 datasets; 0.9 s; peak memory 515 MiB.
2026-10-09T04:15:18Z INFO [474/750] 7abaf886-a700-4784-9d60-45a5fdce1e01: 117 datasets; 0.8 s; peak memory 515 MiB.
2026-10-09T04:15:19Z INFO [475/750] 7abb07cb-6df4-4659-83e3-5e03043edc99: 112 datasets; 0.9 s; peak memory 515 MiB.
2026-10-09T04:15:20Z INFO [476/750] 7abdb5ca-9eb8-4abe-8bbb-771d52f182fd: 48 datasets; 0.8 s; peak memory 515 MiB.
2026-10-09T04:15:31Z INFO [477/750] 7abf08a9-7391-4db0-9937-f82088199b3e: 1104 datasets; 10.5 s; peak memory 515 MiB.
2026-10-09T04:15:37Z INFO [478/750] 7abfb11b-8572-419b-b778-0be2b2a173d0: 108 datasets; 6.6 s; peak memory 515 MiB.
2026-10-09T04:15:38Z INFO [479/750] 7ac205b6-3890-471c-99e4-37987f62adb4: 48 datasets; 0.8 s; peak memory 515 MiB.
2026-10-09T04:15:40Z INFO [480/750] 7ac215d8-7e88-4f81-b554-f8f1bcb0cdfc: 186 datasets; 2.1 s; peak memory 515 MiB.
2026-10-09T04:15:47Z INFO [481/750] 7ac255c2-cfaa-4ade-a22f-d399c571570a: 729 datasets; 6.9 s; peak memory 515 MiB.
2026-10-09T04:15:48Z INFO [482/750] 7ac2a992-7e90-44df-b5eb-6966ff9dc615: 57 datasets; 0.6 s; peak memory 515 MiB.
2026-10-09T04:15:48Z INFO [483/750] 7ac37697-2e16-442b-bb12-765cb4d250fd: 117 datasets; 0.9 s; peak memory 515 MiB.
2026-10-09T04:15:49Z INFO [484/750] 7ac3a42b-d941-4e23-817c-891a1019dcfc: 117 datasets; 0.8 s; peak memory 515 MiB.
2026-10-09T04:15:51Z INFO [485/750] 7ac3a8a3-7a9b-4c3c-94c8-b83a410a59e1: 156 datasets; 2.1 s; peak memory 515 MiB.
2026-10-09T04:15:52Z INFO [486/750] 7ac3b18d-d297-4fac-884a-bb304bb8abd0: 112 datasets; 0.8 s; peak memory 515 MiB.
2026-10-09T04:15:53Z INFO [487/750] 7ac458a4-817f-465c-a755-555bc5e86927: 48 datasets; 0.6 s; peak memory 515 MiB.
2026-10-09T04:16:10Z INFO [488/750] 7ac51cf7-128c-40c3-86ae-df48948d7539: 48 datasets; 17.2 s; peak memory 515 MiB.
2026-10-09T04:16:11Z INFO [489/750] 7ac5c404-5e7f-4e6d-83a5-a2d1ccaa891a: 32 datasets; 0.9 s; peak memory 515 MiB.
2026-10-09T04:16:12Z INFO [490/750] 7ac605c2-1f34-4689-8d7f-65bd46f523bc: 64 datasets; 1.3 s; peak memory 515 MiB.
2026-10-09T04:16:16Z INFO [491/750] 7ac61990-0f4b-49f9-8e86-3ec41c7652f2: 616 datasets; 3.3 s; peak memory 515 MiB.
2026-10-09T04:16:16Z INFO [492/750] 7ac66c5a-f4fd-4c1c-a664-db0b1ad95354: 56 datasets; 0.6 s; peak memory 515 MiB.
2026-10-09T04:16:17Z INFO [493/750] 7ac6f9ad-de7d-4fa1-aa2e-baf10627e755: 118 datasets; 1.1 s; peak memory 515 MiB.
2026-10-09T04:16:18Z INFO [494/750] 7ac7470f-9ea3-4f2b-8712-e702a7bc962f: 46 datasets; 0.6 s; peak memory 515 MiB.
2026-10-09T04:16:38Z INFO [495/750] 7ac749b8-dca5-423d-8531-d16d7393ea9e: 8180 datasets; 20.3 s; peak memory 515 MiB.
2026-10-09T04:16:40Z INFO [496/750] 7ac75085-24ae-4c1b-86b7-5475f5310b43: 116 datasets; 1.9 s; peak memory 515 MiB.
2026-10-09T04:16:41Z INFO [497/750] 7ac7bd86-1886-4662-9992-90e4390f7d6e: 52 datasets; 1.0 s; peak memory 515 MiB.
2026-10-09T04:16:42Z INFO [498/750] 7ac86129-c834-4fee-84e3-b9d88e276bb2: 117 datasets; 0.9 s; peak memory 515 MiB.
2026-10-09T04:16:44Z INFO [499/750] 7ac867ed-8141-4737-afbd-cc83cc9cbaef: 73 datasets; 1.6 s; peak memory 515 MiB.
2026-10-09T04:18:36Z INFO [500/750] 7ac930e7-cf07-4728-aff2-6199328d5c23: 167 datasets; 112.0 s; peak memory 515 MiB.
2026-10-09T04:18:36Z INFO [500/750] 7ac930e7-cf07-4728-aff2-6199328d5c23: checkpointed 106085 new records.
2026-10-09T04:18:37Z INFO [501/750] 7ac9b299-4ba6-469f-a3a9-99a87d9f9167: 71 datasets; 1.5 s; peak memory 515 MiB.
2026-10-09T04:18:38Z INFO [502/750] 7aca0bca-a870-400d-add1-692d6bb34f5c: 45 datasets; 0.7 s; peak memory 515 MiB.
2026-10-09T04:18:39Z INFO [503/750] 7aca8c0d-74fe-42cd-8b47-813658701c3a: 116 datasets; 0.9 s; peak memory 515 MiB.
2026-10-09T04:18:40Z INFO [504/750] 7acb3e83-7f12-4d86-abe0-b2131f989c19: 117 datasets; 1.0 s; peak memory 515 MiB.
2026-10-09T04:18:41Z INFO [505/750] 7acc0b50-6e83-44c9-97dc-aa6aca28c42b: 48 datasets; 1.0 s; peak memory 515 MiB.
2026-10-09T04:18:50Z INFO [506/750] 7accc73c-888e-45b9-93ed-1f2e652947fb: 733 datasets; 9.3 s; peak memory 515 MiB.
2026-10-09T04:18:55Z INFO [507/750] 7accd2f3-167c-4f82-9d92-1ffa1779ef0d: 256 datasets; 5.0 s; peak memory 515 MiB.
2026-10-09T04:18:56Z INFO [508/750] 7acd98dc-51a0-4e16-9c95-39813d9ed54a: 62 datasets; 1.1 s; peak memory 515 MiB.
2026-10-09T04:18:58Z INFO [509/750] 7ace0b7e-8c72-4e72-a0e2-299ed95f3770: 116 datasets; 1.2 s; peak memory 515 MiB.
2026-10-09T04:18:58Z INFO [510/750] 7acf6702-413f-47f9-a5e9-adc3a9a2d29f: 48 datasets; 0.9 s; peak memory 515 MiB.
2026-10-09T04:18:59Z INFO [511/750] 7acf8a46-fe28-4991-be92-6aeb9f2c2d5d: 45 datasets; 0.6 s; peak memory 515 MiB.
2026-10-09T04:19:00Z INFO [512/750] 7acfcec9-1318-4520-be4b-5139ea8878b4: 48 datasets; 0.9 s; peak memory 515 MiB.
2026-10-09T04:19:10Z INFO [513/750] 7acfd339-6c5a-405b-9c67-aa410cfd7612: 257 datasets; 10.4 s; peak memory 515 MiB.
2026-10-09T04:19:11Z INFO [514/750] 7ad0b133-65d1-47f6-8b0c-4b88e5d82fb3: 117 datasets; 1.0 s; peak memory 515 MiB.
2026-10-09T04:19:13Z INFO [515/750] 7ad16a17-8e21-4557-ba83-a2144c5dcf8f: 168 datasets; 1.6 s; peak memory 515 MiB.
2026-10-09T04:19:17Z INFO [516/750] 7ad319ac-1c75-49e5-978e-b387a154799b: 550 datasets; 3.8 s; peak memory 515 MiB.
2026-10-09T04:19:21Z INFO [517/750] 7ad373d9-0c6a-4c1c-9f37-624bdd8883dd: 196 datasets; 4.3 s; peak memory 515 MiB.
2026-10-09T04:19:24Z INFO [518/750] 7ad3a259-7f4c-432f-8748-c8d8351fd53f: 229 datasets; 3.5 s; peak memory 515 MiB.
2026-10-09T04:19:25Z INFO [519/750] 7ad417e1-7757-43b6-8838-73071ea29923: 289 datasets; 1.0 s; peak memory 515 MiB.
2026-10-09T04:19:27Z INFO [520/750] 7ad41990-f6f4-4d94-be06-63c6aa6a34fc: 115 datasets; 2.0 s; peak memory 515 MiB.
2026-10-09T04:19:29Z INFO [521/750] 7ad5ba71-fa0b-4b42-bade-b3af9b033133: 62 datasets; 1.3 s; peak memory 515 MiB.
2026-10-09T04:19:29Z INFO [522/750] 7ad5ccac-51bc-46cb-94ab-fa4353604b29: 46 datasets; 0.5 s; peak memory 515 MiB.
2026-10-09T04:19:33Z INFO [523/750] 7ad6499d-9e37-40e6-bab9-33c059fd8a24: 44 datasets; 3.6 s; peak memory 515 MiB.
2026-10-09T04:19:34Z INFO [524/750] 7ad7246d-5729-4af3-bb47-a815b7da7d6a: 48 datasets; 0.8 s; peak memory 515 MiB.
2026-10-09T04:19:34Z INFO [525/750] 7ad8f68c-af3c-44e8-a2db-dad8cb35fe9c: 48 datasets; 0.8 s; peak memory 515 MiB.
2026-10-09T04:19:36Z INFO [526/750] 7ad92a75-3af3-402d-a665-884bf689a98b: 71 datasets; 1.7 s; peak memory 515 MiB.
2026-10-09T04:19:37Z INFO [527/750] 7ad93f25-6f48-4a4c-89d7-dbf8f743e420: 115 datasets; 0.9 s; peak memory 515 MiB.
2026-10-09T04:19:38Z INFO [528/750] 7adaca41-c019-40f0-8a0c-dae33ee00bdf: 43 datasets; 0.9 s; peak memory 515 MiB.
2026-10-09T04:19:44Z INFO [529/750] 7adaf93a-551f-46e1-a6ac-85133b6adff2: 107 datasets; 6.5 s; peak memory 515 MiB.
2026-10-09T04:19:45Z INFO [530/750] 7adb611e-1b5e-4010-9e34-af09d5535d82: 64 datasets; 0.8 s; peak memory 515 MiB.
2026-10-09T04:19:46Z INFO [531/750] 7adb9a79-3224-45b0-aee1-2fdab6c3ca85: 117 datasets; 0.9 s; peak memory 515 MiB.
2026-10-09T04:19:47Z INFO [532/750] 7adbf1ed-7bcd-4c4e-996b-4995c4688d2f: 101 datasets; 0.7 s; peak memory 515 MiB.
2026-10-09T04:19:49Z INFO [533/750] 7adcb615-031d-403e-97b0-7d06594a0499: 156 datasets; 1.9 s; peak memory 515 MiB.
2026-10-09T04:19:49Z INFO [534/750] 7add701b-4577-42a9-bd7a-eaa1e73b34c9: 45 datasets; 0.5 s; peak memory 515 MiB.
2026-10-09T04:19:54Z INFO [535/750] 7add839f-1f32-4c82-81b1-50493de6b91c: 294 datasets; 4.6 s; peak memory 515 MiB.
2026-10-09T04:19:57Z INFO [536/750] 7adda09d-19e2-49dd-a67b-0c801f3deb68: 229 datasets; 3.1 s; peak memory 515 MiB.
2026-10-09T04:19:58Z INFO [537/750] 7addc28e-75f8-4974-ad86-d32e580afdcd: 112 datasets; 1.5 s; peak memory 515 MiB.
2026-10-09T04:20:00Z INFO [538/750] 7adddc46-2ea5-47fd-9649-867c9e379ecf: 62 datasets; 1.2 s; peak memory 515 MiB.
2026-10-09T04:20:03Z INFO [539/750] 7adde26b-d7d5-44d5-b05a-1400228a02b1: 676 datasets; 3.0 s; peak memory 515 MiB.
2026-10-09T04:20:04Z INFO [540/750] 7ade2838-7fbd-4229-bd9d-ab0bc7c06dbf: 64 datasets; 1.6 s; peak memory 515 MiB.
2026-10-09T04:20:05Z INFO [541/750] 7ade534c-78a2-4473-8710-b5391b6bbd1c: 112 datasets; 0.9 s; peak memory 515 MiB.
2026-10-09T04:20:06Z INFO [542/750] 7ade95f3-01a1-4f88-9e20-ea6c5ce2b4dc: 118 datasets; 0.9 s; peak memory 515 MiB.
2026-10-09T04:20:07Z INFO [543/750] 7ade962a-cfb4-4489-a683-4e248dc4e7ce: 119 datasets; 1.2 s; peak memory 515 MiB.
2026-10-09T04:20:08Z INFO [544/750] 7adf05ad-6ce2-4713-8536-427e5e89ad6e: 48 datasets; 0.8 s; peak memory 515 MiB.
2026-10-09T04:20:09Z INFO [545/750] 7adf4db5-c5a2-4bef-8ae9-29f26bb47020: 48 datasets; 0.6 s; peak memory 515 MiB.
2026-10-09T04:20:10Z INFO [546/750] 7adf54a1-fa43-41bf-90f0-24e02e7c2eb4: 48 datasets; 0.9 s; peak memory 515 MiB.
2026-10-09T04:20:10Z INFO [547/750] 7adf9574-e76f-414e-8650-4c484548d4f5: 48 datasets; 0.7 s; peak memory 515 MiB.
2026-10-09T04:20:11Z INFO [548/750] 7adfbd0c-1a4e-4fe7-bddb-7bbc5f10a198: 112 datasets; 0.9 s; peak memory 515 MiB.
2026-10-09T04:20:12Z INFO [549/750] 7ae011d9-64ff-4997-afd4-923eb5bf8a31: 112 datasets; 1.0 s; peak memory 515 MiB.
2026-10-09T04:20:14Z INFO [550/750] 7ae04b64-dfe6-4983-ba4b-a59972c63ce1: 114 datasets; 2.2 s; peak memory 515 MiB.
2026-10-09T04:20:14Z INFO [550/750] 7ae04b64-dfe6-4983-ba4b-a59972c63ce1: checkpointed 106135 new records.
2026-10-09T04:20:18Z INFO [551/750] 7ae093b9-ea93-4f8a-b81b-d89a161e1ec7: 600 datasets; 3.8 s; peak memory 515 MiB.
2026-10-09T04:20:19Z INFO [552/750] 7ae0a142-f54e-4543-8b6f-8fdf246a1d4d: 48 datasets; 0.8 s; peak memory 515 MiB.
2026-10-09T04:20:20Z INFO [553/750] 7ae13ee0-960b-4352-8882-d94d9a36ade9: 71 datasets; 1.3 s; peak memory 515 MiB.
2026-10-09T04:20:21Z INFO [554/750] 7ae17de5-18eb-4d74-a51f-23d88ccee8ea: 117 datasets; 0.9 s; peak memory 515 MiB.
2026-10-09T04:20:22Z INFO [555/750] 7ae18882-eb9b-446c-865b-95ab0a662b7d: 50 datasets; 0.6 s; peak memory 515 MiB.
2026-10-09T04:20:22Z INFO [556/750] 7ae19bad-b2a6-41eb-a4ad-9abf5f18c8ca: 21 datasets; 0.6 s; peak memory 515 MiB.
2026-10-09T04:20:23Z INFO [557/750] 7ae287ca-75a0-421f-ba1a-dd3bd535dc33: 117 datasets; 0.8 s; peak memory 515 MiB.
2026-10-09T04:20:24Z INFO [558/750] 7ae3b598-4bc0-44ab-b78f-bfcdc74810d0: 112 datasets; 1.0 s; peak memory 515 MiB.
2026-10-09T04:20:25Z INFO [559/750] 7ae511d8-9b24-409b-b6d8-f8e0025b7d09: 46 datasets; 0.5 s; peak memory 515 MiB.
2026-10-09T04:20:26Z INFO [560/750] 7ae569ee-7baf-43c0-9a6c-31ac143edd89: 48 datasets; 0.8 s; peak memory 515 MiB.
2026-10-09T04:20:27Z INFO [561/750] 7ae59c33-b943-46ec-a650-478c6babc222: 117 datasets; 1.1 s; peak memory 515 MiB.
2026-10-09T04:20:27Z INFO [562/750] 7ae5c08e-cc0f-4abb-b46e-a65d3626a0de: 116 datasets; 0.8 s; peak memory 515 MiB.
2026-10-09T04:20:34Z INFO [563/750] 7ae5c77e-a2e5-4b70-bfc2-80c63cec5db1: 1048 datasets; 6.9 s; peak memory 515 MiB.
2026-10-09T04:20:36Z INFO [564/750] 7ae601c5-6286-41d3-91b9-7c02ac751872: 86 datasets; 1.7 s; peak memory 515 MiB.
2026-10-09T04:20:37Z INFO [565/750] 7ae6ceed-a6fd-4cec-b603-d8bd5384321a: 110 datasets; 0.7 s; peak memory 515 MiB.
2026-10-09T04:20:43Z INFO [566/750] 7ae70108-00d2-4b6a-8be9-e85511610d4d: 801 datasets; 6.2 s; peak memory 515 MiB.
2026-10-09T04:20:44Z INFO [567/750] 7ae754d7-ef9a-4d17-b9b7-300dd8d61f0a: 48 datasets; 0.9 s; peak memory 515 MiB.
2026-10-09T04:20:45Z INFO [568/750] 7ae75758-453c-4a41-8569-7b9237b72dc5: 110 datasets; 1.0 s; peak memory 515 MiB.
2026-10-09T04:24:12Z INFO [569/750] 7ae78cbf-b6b4-4a53-bb4d-c7a0a4f69d18: 99 datasets; 207.4 s; peak memory 1450 MiB.
2026-10-09T04:24:13Z INFO [570/750] 7ae82722-a87e-4dbd-940f-cf6d8a7da76c: 62 datasets; 1.2 s; peak memory 1450 MiB.
2026-10-09T04:24:15Z INFO [571/750] 7ae86bfe-21c3-4efa-b0f9-b0378e31d512: 90 datasets; 2.0 s; peak memory 1450 MiB.
2026-10-09T04:24:19Z INFO [572/750] 7ae9fa6c-8e4f-4f1c-a3bf-b20a7c88eada: 225 datasets; 3.2 s; peak memory 1450 MiB.
2026-10-09T04:24:20Z INFO [573/750] 7aead0dd-993f-4ec8-a750-1e35ed5eb4d4: 112 datasets; 0.9 s; peak memory 1450 MiB.
2026-10-09T04:24:21Z INFO [574/750] 7aeb6f84-8124-473d-8783-16b0912aeb86: 66 datasets; 1.0 s; peak memory 1450 MiB.
2026-10-09T04:24:22Z INFO [575/750] 7aebdab6-d6a6-4011-9c89-662138d5eecd: 77 datasets; 1.4 s; peak memory 1450 MiB.
2026-10-09T04:24:24Z INFO [576/750] 7aed29cb-919c-4847-ac27-01d971bcbc58: 115 datasets; 1.7 s; peak memory 1450 MiB.
2026-10-09T04:24:25Z INFO [577/750] 7aed6787-3d23-4c2d-aea7-38f7562f1d20: 66 datasets; 1.0 s; peak memory 1450 MiB.
2026-10-09T04:24:25Z INFO [578/750] 7aee19bf-fd36-4bf3-9c5a-6eb5ba4efe90: 48 datasets; 0.8 s; peak memory 1450 MiB.
2026-10-09T04:24:26Z INFO [579/750] 7aee48d3-fd3f-440a-855d-771c2de0fe2b: 117 datasets; 0.9 s; peak memory 1450 MiB.
2026-10-09T04:24:27Z INFO [580/750] 7aeebc6a-d9f0-4de1-81ba-a1efe3a91b60: 52 datasets; 0.6 s; peak memory 1450 MiB.
2026-10-09T04:24:28Z INFO [581/750] 7aefc15b-b6af-406b-a9e0-baa5000b4e1d: 71 datasets; 1.4 s; peak memory 1450 MiB.
2026-10-09T04:24:29Z INFO [582/750] 7af064b5-0e34-4e7d-9bd7-0c3041a537cf: 48 datasets; 1.0 s; peak memory 1450 MiB.
2026-10-09T04:24:30Z INFO [583/750] 7af06961-bebb-448a-b531-c0a6df3d3d1f: 112 datasets; 0.9 s; peak memory 1450 MiB.
2026-10-09T04:24:31Z INFO [584/750] 7af0ac11-15a5-4df3-9975-a5e8afe96e0c: 71 datasets; 1.1 s; peak memory 1450 MiB.
2026-10-09T04:24:32Z INFO [585/750] 7af0b1c8-da82-47ce-b85d-9d87550351d4: 62 datasets; 1.0 s; peak memory 1450 MiB.
2026-10-09T04:24:33Z INFO [586/750] 7af0b6fb-7849-409d-be8d-f40c8fb577f8: 92 datasets; 0.7 s; peak memory 1450 MiB.
2026-10-09T04:24:34Z INFO [587/750] 7af0c5e5-54e4-4001-9600-d82624c44e1d: 118 datasets; 0.9 s; peak memory 1450 MiB.
2026-10-09T04:24:34Z INFO [588/750] 7af10089-e075-4b6b-b4a8-6dbdcb447ed9: 46 datasets; 0.5 s; peak memory 1450 MiB.
2026-10-09T04:24:36Z INFO [589/750] 7af23db8-a1ab-4307-aa87-e182404674f5: 78 datasets; 1.5 s; peak memory 1450 MiB.
2026-10-09T04:24:36Z INFO [590/750] 7af2b80f-d096-4102-ba82-21b9423b7a78: 33 datasets; 0.6 s; peak memory 1450 MiB.
2026-10-09T04:24:38Z INFO [591/750] 7af2cb6f-b4a8-4a46-a0b6-86f9b40e442e: 90 datasets; 1.8 s; peak memory 1450 MiB.
2026-10-09T04:24:40Z INFO [592/750] 7af369c1-3ff4-45b5-a47f-3c1f3422f126: 116 datasets; 1.8 s; peak memory 1450 MiB.
2026-10-09T04:24:41Z INFO [593/750] 7af3971a-60ff-436d-a440-dd60be26c947: 118 datasets; 1.0 s; peak memory 1450 MiB.
2026-10-09T04:24:42Z INFO [594/750] 7af3bcdb-452d-44b7-b4af-5e465066fb58: 47 datasets; 0.9 s; peak memory 1450 MiB.
2026-10-09T04:24:43Z INFO [595/750] 7af403de-81c5-44aa-a026-6ef051df07c4: 48 datasets; 0.7 s; peak memory 1450 MiB.
2026-10-09T04:24:47Z INFO [596/750] 7af4160b-6e20-487b-a8d5-65b7e5b5ce81: 56 datasets; 4.5 s; peak memory 1450 MiB.
2026-10-09T04:24:51Z INFO [597/750] 7af4c2bb-a182-4729-a184-2c28845bff24: 196 datasets; 4.2 s; peak memory 1450 MiB.
2026-10-09T04:24:52Z INFO [598/750] 7af79707-9630-4aab-9942-06831145cde6: 48 datasets; 0.8 s; peak memory 1450 MiB.
2026-10-09T04:24:53Z INFO [599/750] 7af7c913-293c-4cc7-b51c-523e67151589: 117 datasets; 0.8 s; peak memory 1450 MiB.
2026-10-09T04:24:54Z INFO [600/750] 7af7cd80-bfc6-46ae-87c0-c99ca57c790b: 48 datasets; 0.8 s; peak memory 1450 MiB.
2026-10-09T04:24:54Z INFO [600/750] 7af7cd80-bfc6-46ae-87c0-c99ca57c790b: checkpointed 106185 new records.
2026-10-09T04:25:07Z INFO [601/750] 7af82dfc-9875-403e-b3de-d8d63683319d: 821 datasets; 13.3 s; peak memory 1450 MiB.
2026-10-09T04:25:08Z INFO [602/750] 7af83442-d772-4aaa-b6ce-304aa3f750a4: 49 datasets; 1.0 s; peak memory 1450 MiB.
2026-10-09T04:25:09Z INFO [603/750] 7af83a1f-737d-4e53-90cc-d5fc9a8f2706: 110 datasets; 1.2 s; peak memory 1450 MiB.
2026-10-09T04:25:11Z INFO [604/750] 7af93b0c-9537-4251-9f1e-fbf2065882ce: 71 datasets; 1.2 s; peak memory 1450 MiB.
2026-10-09T04:25:11Z INFO [605/750] 7af97379-9555-4026-9224-166b7c6c6e2e: 48 datasets; 0.8 s; peak memory 1450 MiB.
2026-10-09T04:25:13Z INFO [606/750] 7af9f5bc-01ac-4a16-afcb-55e23dbc79f5: 112 datasets; 1.0 s; peak memory 1450 MiB.
2026-10-09T04:25:13Z INFO [607/750] 7afa3a14-2b83-4ccf-b6e8-6e0af3df0a60: 52 datasets; 0.8 s; peak memory 1450 MiB.
2026-10-09T04:25:14Z INFO [608/750] 7afb610b-b1c7-4b3d-b483-982ad8e7abd3: 131 datasets; 1.1 s; peak memory 1450 MiB.
2026-10-09T04:25:16Z INFO [609/750] 7afbdd42-d96a-4072-bd93-9074ea605255: 70 datasets; 1.4 s; peak memory 1450 MiB.
2026-10-09T04:25:17Z INFO [610/750] 7afcc482-fc90-4dc7-aea0-2e56c316e09a: 66 datasets; 1.4 s; peak memory 1450 MiB.
2026-10-09T04:25:18Z INFO [611/750] 7afd1a16-7c38-4408-97b6-221ed06c795c: 117 datasets; 1.0 s; peak memory 1450 MiB.
2026-10-09T04:25:23Z INFO [612/750] 7afde524-2d12-4130-966c-157cc3eb6ca5: 196 datasets; 4.9 s; peak memory 1450 MiB.
2026-10-09T04:25:24Z INFO [613/750] 7afe71dd-99b7-41b9-947c-0d9a976142ed: 48 datasets; 0.8 s; peak memory 1450 MiB.
2026-10-09T04:25:25Z INFO [614/750] 7affd76e-e53f-4e0d-9824-1c22d75385da: 48 datasets; 0.8 s; peak memory 1450 MiB.
2026-10-09T04:25:26Z INFO [615/750] 7b000096-4b90-4890-8a7e-20fefd2255db: 52 datasets; 0.9 s; peak memory 1450 MiB.
2026-10-09T04:25:29Z INFO [616/750] 7b00215a-5271-4968-b05a-b5787f43f421: 229 datasets; 3.6 s; peak memory 1450 MiB.
2026-10-09T04:25:31Z INFO [617/750] 7b003b6d-fcaa-43ec-9eac-d7c86b67ffcb: 116 datasets; 1.9 s; peak memory 1450 MiB.
2026-10-09T04:25:32Z INFO [618/750] 7b00d26e-4512-43f7-a0e3-c7183436f018: 112 datasets; 1.1 s; peak memory 1450 MiB.
2026-10-09T04:25:33Z INFO [619/750] 7b00e4ad-c9b9-49e1-8d28-3d7f0bbc38b8: 117 datasets; 0.9 s; peak memory 1450 MiB.
2026-10-09T04:25:34Z INFO [620/750] 7b00effa-f09d-405a-8715-c479eec45593: 48 datasets; 0.7 s; peak memory 1450 MiB.
2026-10-09T04:25:35Z INFO [621/750] 7b010a76-e047-47fb-a641-d3e48a33137c: 53 datasets; 1.4 s; peak memory 1450 MiB.
2026-10-09T04:25:36Z INFO [622/750] 7b021108-7792-4a5f-bc0c-024878259d33: 50 datasets; 0.7 s; peak memory 1450 MiB.
2026-10-09T04:25:37Z INFO [623/750] 7b0272eb-8cfd-4e96-89b3-01b89db5d317: 48 datasets; 0.8 s; peak memory 1450 MiB.
2026-10-09T04:25:37Z INFO [624/750] 7b032ea0-c3d2-42cd-9894-5c676792e861: 116 datasets; 0.7 s; peak memory 1450 MiB.
2026-10-09T04:27:23Z INFO [625/750] 7b0407f0-8813-448c-94e3-234bbf09f367: 394 datasets; 105.1 s; peak memory 1450 MiB.
2026-10-09T04:27:29Z INFO [626/750] 7b0472f0-e095-4727-9609-961577d49ae5: 764 datasets; 6.7 s; peak memory 1450 MiB.
2026-10-09T04:27:30Z INFO [627/750] 7b04b7f8-d135-4a89-a2e2-28f911ddf92d: 112 datasets; 0.7 s; peak memory 1450 MiB.
2026-10-09T04:27:31Z INFO [628/750] 7b05b225-292f-4769-b546-46b38272247f: 118 datasets; 0.7 s; peak memory 1450 MiB.
2026-10-09T04:27:32Z INFO [629/750] 7b05df7a-dc89-4824-83de-9e7607807c32: 74 datasets; 1.0 s; peak memory 1450 MiB.
2026-10-09T04:27:33Z INFO [630/750] 7b05e196-fd5a-4443-b1eb-06fbe3d5414e: 158 datasets; 1.6 s; peak memory 1450 MiB.
2026-10-09T04:27:34Z INFO [631/750] 7b067b2d-4ef7-4e6c-9aa8-25b31f4464b8: 121 datasets; 0.7 s; peak memory 1450 MiB.
2026-10-09T04:27:35Z INFO [632/750] 7b075331-4a66-4a5f-b278-0f59977009f2: 48 datasets; 0.8 s; peak memory 1450 MiB.
2026-10-09T04:27:36Z INFO [633/750] 7b07e2c8-ac37-4fd0-98de-6e3b060a7031: 112 datasets; 1.0 s; peak memory 1450 MiB.
2026-10-09T04:27:37Z INFO [634/750] 7b08044b-ab66-4a46-b326-e74186a40a45: 106 datasets; 0.8 s; peak memory 1450 MiB.
2026-10-09T04:27:37Z INFO [635/750] 7b087927-83bc-4071-832c-182964c636f2: 58 datasets; 0.7 s; peak memory 1450 MiB.
2026-10-09T04:27:38Z INFO [636/750] 7b0949b5-c927-4623-aa8c-6f55e186a20d: 112 datasets; 0.9 s; peak memory 1450 MiB.
2026-10-09T04:27:40Z INFO [637/750] 7b095058-343d-4f45-8872-a2d8799f0204: 186 datasets; 1.4 s; peak memory 1450 MiB.
2026-10-09T04:27:40Z INFO [638/750] 7b09c3f7-322e-4277-ba3d-c360e4c5b8e4: 117 datasets; 0.8 s; peak memory 1450 MiB.
2026-10-09T04:27:44Z INFO [639/750] 7b0b53ab-e3a5-477c-a723-9abf495388ba: 485 datasets; 4.1 s; peak memory 1450 MiB.
2026-10-09T04:27:45Z INFO [640/750] 7b0b7449-c0e2-47c7-b58b-c09602d9e8a9: 48 datasets; 0.8 s; peak memory 1450 MiB.
2026-10-09T04:27:50Z INFO [641/750] 7b0bb4ed-fb3b-41ae-a10c-f412f4526c52: 196 datasets; 4.5 s; peak memory 1450 MiB.
2026-10-09T04:27:50Z INFO [642/750] 7b0bc29a-f9d0-459f-ac0e-2c0fa3c7f579: 48 datasets; 0.7 s; peak memory 1450 MiB.
2026-10-09T04:27:51Z INFO [643/750] 7b0bd231-a35b-4b86-b3fb-2b639afd53e4: 48 datasets; 0.8 s; peak memory 1450 MiB.
2026-10-09T04:27:52Z INFO [644/750] 7b0bebfb-ec96-4917-ab74-4ebd7a105178: 48 datasets; 0.8 s; peak memory 1450 MiB.
2026-10-09T04:27:53Z INFO [645/750] 7b0c0051-b555-4748-b1f3-c63a5b3451f2: 48 datasets; 0.9 s; peak memory 1450 MiB.
2026-10-09T04:27:54Z INFO [646/750] 7b0d9c48-0685-490b-a707-0336ab93d173: 48 datasets; 0.8 s; peak memory 1450 MiB.
2026-10-09T04:27:55Z INFO [647/750] 7b0f8a51-4855-4b66-b9d5-9086b1773b9b: 112 datasets; 1.2 s; peak memory 1450 MiB.
2026-10-09T04:28:07Z INFO [648/750] 7b1013fe-f810-4aae-beab-52706640fec2: 61 datasets; 12.2 s; peak memory 1450 MiB.
2026-10-09T04:28:09Z INFO [649/750] 7b109170-68e6-4903-9b59-d1b460365b37: 88 datasets; 1.6 s; peak memory 1450 MiB.
2026-10-09T04:28:10Z INFO [650/750] 7b113e33-caf0-47fe-8044-d41441989d06: 117 datasets; 0.9 s; peak memory 1450 MiB.
2026-10-09T04:28:10Z INFO [650/750] 7b113e33-caf0-47fe-8044-d41441989d06: checkpointed 106235 new records.
2026-10-09T04:28:11Z INFO [651/750] 7b11bb80-4fde-4153-b8a4-18f73acbcf4e: 71 datasets; 1.5 s; peak memory 1450 MiB.
2026-10-09T04:28:12Z INFO [652/750] 7b1276f5-61bb-4619-99db-a32cc9f3e615: 68 datasets; 0.8 s; peak memory 1450 MiB.
2026-10-09T04:28:16Z INFO [653/750] 7b1280f6-05ef-4fe5-897f-1d584e4a3719: 750 datasets; 4.3 s; peak memory 1450 MiB.
2026-10-09T04:28:21Z INFO [654/750] 7b129090-e4d3-4b1c-bf4e-587ee6d0f334: 196 datasets; 4.8 s; peak memory 1450 MiB.
2026-10-09T04:28:22Z INFO [655/750] 7b12d8cd-fa88-49a0-8e03-2adee4b7eb48: 48 datasets; 0.8 s; peak memory 1450 MiB.
2026-10-09T04:30:20Z INFO [656/750] 7b141cdf-4bad-4238-9ffd-6de8b5cdec76: 167 datasets; 118.2 s; peak memory 1450 MiB.
2026-10-09T04:30:22Z INFO [657/750] 7b141f5b-ac3b-42cb-8209-3fd64e1c24cf: 115 datasets; 1.8 s; peak memory 1450 MiB.
2026-10-09T04:30:23Z INFO [658/750] 7b160ad5-96c2-4c60-9334-7e2efc0e5d6e: 70 datasets; 1.3 s; peak memory 1450 MiB.
2026-10-09T04:30:24Z INFO [659/750] 7b1622af-7846-49f1-ba31-1ce1b7fcb808: 112 datasets; 1.0 s; peak memory 1450 MiB.
2026-10-09T04:30:34Z INFO [660/750] 7b16ace8-78f6-4809-8a31-de50ce39edba: 780 datasets; 9.9 s; peak memory 1450 MiB.
2026-10-09T04:30:35Z INFO [661/750] 7b171a97-a9ee-4de4-b5bf-511c45d4fc9d: 48 datasets; 0.8 s; peak memory 1450 MiB.
2026-10-09T04:30:36Z INFO [662/750] 7b17e7fe-efce-4fee-994f-018de01741a5: 99 datasets; 0.6 s; peak memory 1450 MiB.
2026-10-09T04:30:36Z INFO [663/750] 7b17f955-04a5-4310-bf7c-fc0303f03f5a: 48 datasets; 0.6 s; peak memory 1450 MiB.
2026-10-09T04:30:37Z INFO [664/750] 7b1839ce-ac16-4e87-9e5e-4afa4fa4d2ee: 56 datasets; 0.5 s; peak memory 1450 MiB.
2026-10-09T04:30:38Z INFO [665/750] 7b18719b-6c52-4866-833c-9c5cefbc9264: 168 datasets; 1.6 s; peak memory 1450 MiB.
2026-10-09T04:30:39Z INFO [666/750] 7b196c34-7379-481f-b81d-a870ea48bdd0: 35 datasets; 0.5 s; peak memory 1450 MiB.
2026-10-09T04:30:40Z INFO [667/750] 7b19b4bb-7319-4189-a074-4c06ad747289: 117 datasets; 0.7 s; peak memory 1450 MiB.
2026-10-09T04:30:41Z INFO [668/750] 7b1adad3-9c1f-4ea6-b64e-6d359de47c3d: 153 datasets; 0.9 s; peak memory 1450 MiB.
2026-10-09T04:30:41Z INFO [669/750] 7b1b0119-2afe-471c-b12a-7f0256007398: 49 datasets; 0.8 s; peak memory 1450 MiB.
2026-10-09T04:30:42Z INFO [670/750] 7b1b77ea-918a-4456-a4f8-60b86e28c79a: 48 datasets; 0.7 s; peak memory 1450 MiB.
2026-10-09T04:30:43Z INFO [671/750] 7b1b893f-458c-4e38-ba0c-aa9014b0810d: 48 datasets; 0.7 s; peak memory 1450 MiB.
2026-10-09T04:30:44Z INFO [672/750] 7b1cd0cb-4b55-4d3f-9d48-5d30b2e39ffd: 71 datasets; 1.2 s; peak memory 1450 MiB.
2026-10-09T04:30:49Z INFO [673/750] 7b1cf76f-4e7b-417f-943c-35f85e74cac4: 726 datasets; 5.2 s; peak memory 1450 MiB.
2026-10-09T04:30:50Z INFO [674/750] 7b1d13ff-25b6-45cb-9b7b-fa59bb042f3f: 48 datasets; 1.0 s; peak memory 1450 MiB.
2026-10-09T04:30:51Z INFO [675/750] 7b1e8cda-595e-4012-9e1c-93eff2cb5ae9: 48 datasets; 0.8 s; peak memory 1450 MiB.
2026-10-09T04:30:52Z INFO [676/750] 7b1f9b71-ff99-40c4-acd3-4a34faf2866b: 112 datasets; 1.0 s; peak memory 1450 MiB.
2026-10-09T04:30:55Z INFO [677/750] 7b1febd8-e248-4318-b000-6f18dc24ed64: 232 datasets; 3.4 s; peak memory 1450 MiB.
2026-10-09T04:30:57Z INFO [678/750] 7b1ff05e-1450-4793-acb7-e32c63bb76c3: 38 datasets; 1.6 s; peak memory 1450 MiB.
2026-10-09T04:31:01Z INFO [679/750] 7b205363-f9b5-47ed-a390-f77cde23d008: 556 datasets; 3.8 s; peak memory 1450 MiB.
2026-10-09T04:31:02Z INFO [680/750] 7b217899-294c-4b6b-97c9-7ce7c2cc1260: 48 datasets; 0.9 s; peak memory 1450 MiB.
2026-10-09T04:31:06Z INFO [681/750] 7b21e761-9271-4431-a479-3b98a2028e95: 524 datasets; 4.6 s; peak memory 1450 MiB.
2026-10-09T04:31:13Z INFO [682/750] 7b221c69-60d5-4766-b949-2ac0261de3f4: 1042 datasets; 6.5 s; peak memory 1450 MiB.
2026-10-09T04:31:14Z INFO [683/750] 7b22b273-2c26-4733-810e-4c53825edbb1: 52 datasets; 0.8 s; peak memory 1450 MiB.
2026-10-09T04:31:14Z INFO [684/750] 7b230cce-283f-4c0a-a7f8-517bdd956780: 56 datasets; 0.7 s; peak memory 1450 MiB.
2026-10-09T04:31:16Z INFO [685/750] 7b23ea1c-ee2e-45f6-8fe2-9f48eb69a4c9: 65 datasets; 1.3 s; peak memory 1450 MiB.
2026-10-09T04:31:17Z INFO [686/750] 7b2403a9-8ec0-4f8b-80b5-580e003acc05: 115 datasets; 1.6 s; peak memory 1450 MiB.
2026-10-09T04:31:22Z INFO [687/750] 7b24ccd6-691e-4c40-a949-a675912e259a: 106 datasets; 4.4 s; peak memory 1450 MiB.
2026-10-09T04:31:23Z INFO [688/750] 7b25367f-0c77-42c7-9783-0796512d35ad: 112 datasets; 1.2 s; peak memory 1450 MiB.
2026-10-09T04:31:25Z INFO [689/750] 7b257d4c-c261-4ca3-bca1-f0978d54877f: 150 datasets; 2.3 s; peak memory 1450 MiB.
2026-10-09T04:31:29Z INFO [690/750] 7b266644-f953-4029-b873-b90341dd7b1d: 257 datasets; 4.1 s; peak memory 1450 MiB.
2026-10-09T04:31:45Z INFO [691/750] 7b270589-ed98-4e8b-ab66-32b0e544dbb6: 1687 datasets; 16.1 s; peak memory 1450 MiB.
2026-10-09T04:31:48Z INFO [692/750] 7b27a62a-1b3c-4667-ba79-c25db264f1e9: 153 datasets; 2.3 s; peak memory 1450 MiB.
2026-10-09T04:31:52Z INFO [693/750] 7b2870a0-04bb-4a02-a577-af3ecb8cdef4: 630 datasets; 4.5 s; peak memory 1450 MiB.
2026-10-09T04:31:53Z INFO [694/750] 7b28b4ab-8b16-401a-9654-6be8a5f99160: 71 datasets; 0.9 s; peak memory 1450 MiB.
2026-10-09T04:31:54Z INFO [695/750] 7b28b901-47fa-4471-9857-9ba8bb3f0a61: 71 datasets; 1.3 s; peak memory 1450 MiB.
2026-10-09T04:31:55Z INFO [696/750] 7b29e57f-e346-4328-8325-6923116d9e53: 170 datasets; 0.9 s; peak memory 1450 MiB.
2026-10-09T04:31:56Z INFO [697/750] 7b2ad374-fad8-42b4-b2be-c828cf7f6956: 112 datasets; 1.1 s; peak memory 1450 MiB.
2026-10-09T04:31:57Z INFO [698/750] 7b2bbce2-ba29-4881-87a9-a0f27060984b: 117 datasets; 0.7 s; peak memory 1450 MiB.
2026-10-09T04:31:58Z INFO [699/750] 7b2d9aca-844d-49ab-9364-4bab55e6f51b: 48 datasets; 0.7 s; peak memory 1450 MiB.
2026-10-09T04:31:59Z INFO [700/750] 7b2e5075-b199-4006-9a4d-39e546af74ab: 117 datasets; 0.9 s; peak memory 1450 MiB.
2026-10-09T04:31:59Z INFO [700/750] 7b2e5075-b199-4006-9a4d-39e546af74ab: checkpointed 106285 new records.
2026-10-09T04:32:00Z INFO [701/750] 7b2e94d5-61ca-4994-bebd-e5227e7fba84: 71 datasets; 1.4 s; peak memory 1450 MiB.
2026-10-09T04:32:02Z INFO [702/750] 7b2ecf32-4fd5-45da-9b11-2a2eb03e6935: 119 datasets; 1.4 s; peak memory 1450 MiB.
2026-10-09T04:32:04Z INFO [703/750] 7b2f0bbb-55c5-4df2-a4d5-50d7d1440835: 80 datasets; 2.2 s; peak memory 1450 MiB.
2026-10-09T04:32:05Z INFO [704/750] 7b30bd8d-8a73-4ae2-85a6-aa8c38e70077: 110 datasets; 1.0 s; peak memory 1450 MiB.
2026-10-09T04:32:09Z INFO [705/750] 7b31095d-c98b-4f18-8804-93aacf57f547: 46 datasets; 4.0 s; peak memory 1450 MiB.
2026-10-09T04:32:09Z INFO [706/750] 7b314b47-c607-44be-9365-5175c105394e: 48 datasets; 0.7 s; peak memory 1450 MiB.
2026-10-09T04:32:11Z INFO [707/750] 7b320629-1893-4f61-a8ee-73d35075f73e: 71 datasets; 1.8 s; peak memory 1450 MiB.
2026-10-09T04:32:13Z INFO [708/750] 7b32638c-a304-4ccc-ad48-89fcb999bc2d: 119 datasets; 1.3 s; peak memory 1450 MiB.
2026-10-09T04:32:13Z INFO [709/750] 7b3290b3-21ec-4892-9d0e-f52ca5b74048: 118 datasets; 0.9 s; peak memory 1450 MiB.
2026-10-09T04:32:14Z INFO [710/750] 7b32d73c-3cf9-4f67-9512-f22eedab4eee: 117 datasets; 0.7 s; peak memory 1450 MiB.
2026-10-09T04:32:15Z INFO [711/750] 7b333f12-c9fd-4946-ad20-69541d4c7233: 117 datasets; 0.9 s; peak memory 1450 MiB.
2026-10-09T04:32:16Z INFO [712/750] 7b33bd03-80d4-4bf8-b19e-0cd48ab60a3c: 38 datasets; 0.6 s; peak memory 1450 MiB.
2026-10-09T04:32:17Z INFO [713/750] 7b33f157-42a7-40da-a579-b7c561ea7559: 112 datasets; 0.9 s; peak memory 1450 MiB.
2026-10-09T04:32:17Z INFO [714/750] 7b341df8-b5d4-4e8f-ac84-6a721c15c9b3: 77 datasets; 0.7 s; peak memory 1450 MiB.
2026-10-09T04:32:18Z INFO [715/750] 7b343e10-d802-4bb5-9f97-c8f1f95647de: 52 datasets; 0.7 s; peak memory 1450 MiB.
2026-10-09T04:32:19Z INFO [716/750] 7b349c4f-a577-4678-afd2-2d5455e1a0aa: 118 datasets; 0.7 s; peak memory 1450 MiB.
2026-10-09T04:32:20Z INFO [717/750] 7b35b458-826d-4d4e-bf0c-dd0284bb1cbd: 69 datasets; 1.1 s; peak memory 1450 MiB.
2026-10-09T04:32:24Z INFO [718/750] 7b372a82-077e-4ff1-98e3-b617c10ef20c: 196 datasets; 4.7 s; peak memory 1450 MiB.
2026-10-09T04:32:25Z INFO [719/750] 7b383d4a-c1ec-44f4-8f5a-6db0b0910a74: 48 datasets; 0.7 s; peak memory 1450 MiB.
2026-10-09T04:32:26Z INFO [720/750] 7b3908d1-7f4d-430b-94ba-010bb72f7615: 48 datasets; 0.7 s; peak memory 1450 MiB.
2026-10-09T04:32:27Z INFO [721/750] 7b395fb2-2d03-40b7-a312-7a7630bf2dae: 46 datasets; 0.7 s; peak memory 1450 MiB.
2026-10-09T04:32:27Z INFO [722/750] 7b39643e-30b5-4048-a40a-71396e1bf9b0: 48 datasets; 0.9 s; peak memory 1450 MiB.
2026-10-09T04:32:28Z INFO [723/750] 7b3a2622-7555-4256-8ed0-8e281c599ae7: 117 datasets; 0.9 s; peak memory 1450 MiB.
2026-10-09T04:32:29Z INFO [724/750] 7b3c1083-5f68-411f-a529-8f7461181e09: 52 datasets; 0.8 s; peak memory 1450 MiB.
2026-10-09T04:32:40Z INFO [725/750] 7b3c8fef-d3f5-4285-861c-8b34625fb40d: 857 datasets; 10.9 s; peak memory 1450 MiB.
2026-10-09T04:32:41Z INFO [726/750] 7b3d61a9-155c-457e-b754-c22c6a5fdd18: 117 datasets; 1.0 s; peak memory 1450 MiB.
2026-10-09T04:32:42Z INFO [727/750] 7b3da29d-3760-457d-bcc8-de91ebde3e4b: 48 datasets; 0.8 s; peak memory 1450 MiB.
2026-10-09T04:32:45Z INFO [728/750] 7b3dfd5e-0401-4d0b-8adf-a94e7ee86021: 283 datasets; 3.0 s; peak memory 1450 MiB.
2026-10-09T04:32:46Z INFO [729/750] 7b3f3b9d-fa8e-4f34-99eb-12ad23acc76a: 66 datasets; 1.1 s; peak memory 1450 MiB.
2026-10-09T04:32:47Z INFO [730/750] 7b3f587d-f32d-4d52-880e-2392d2c41909: 69 datasets; 0.9 s; peak memory 1450 MiB.
2026-10-09T04:32:48Z INFO [731/750] 7b3f632e-e9de-401c-8cdb-4fe350a140c8: 71 datasets; 1.8 s; peak memory 1450 MiB.
2026-10-09T04:32:51Z INFO [732/750] 7b4159cc-d0f5-4d9b-8b2c-8ffd8c027c83: 84 datasets; 2.4 s; peak memory 1450 MiB.
2026-10-09T04:32:52Z INFO [733/750] 7b42304b-d9f1-459e-a367-5acf75ac10eb: 48 datasets; 0.7 s; peak memory 1450 MiB.
2026-10-09T04:32:53Z INFO [734/750] 7b42d16d-413f-4d43-90b5-63ecf9a66762: 112 datasets; 1.1 s; peak memory 1450 MiB.
2026-10-09T04:32:53Z INFO [735/750] 7b430ad5-5398-4636-8367-20d86b0964f2: 48 datasets; 0.8 s; peak memory 1450 MiB.
2026-10-09T04:32:54Z INFO [736/750] 7b43db36-4b8e-4a6a-a486-d129b4910bd1: 48 datasets; 0.7 s; peak memory 1450 MiB.
2026-10-09T04:32:55Z INFO [737/750] 7b44d9a4-4402-4ce4-b7d3-b8470b44599f: 48 datasets; 0.7 s; peak memory 1450 MiB.
2026-10-09T04:32:56Z INFO [738/750] 7b457356-5987-48c7-beff-a749afd09b6d: 122 datasets; 0.7 s; peak memory 1450 MiB.
2026-10-09T04:32:57Z INFO [739/750] 7b459633-9f69-4691-81dd-4041e0a573fc: 45 datasets; 0.9 s; peak memory 1450 MiB.
2026-10-09T04:32:57Z INFO [740/750] 7b464742-32a7-42aa-b706-75540cdb76f8: 113 datasets; 0.9 s; peak memory 1450 MiB.
2026-10-09T04:32:58Z INFO [741/750] 7b4715fd-8ff7-4863-8d09-c9969f774e96: 121 datasets; 0.7 s; peak memory 1450 MiB.
2026-10-09T04:33:02Z INFO [742/750] 7b482b14-22ff-47ea-aaa1-31c121a28923: 1131 datasets; 4.2 s; peak memory 1450 MiB.
2026-10-09T04:33:03Z INFO [743/750] 7b482ec2-2cb3-4cd5-86f1-0eb825bdd56d: 116 datasets; 0.9 s; peak memory 1450 MiB.
2026-10-09T04:33:06Z INFO [744/750] 7b485b99-8c81-493c-bf16-173a90562748: 88 datasets; 2.6 s; peak memory 1450 MiB.
2026-10-09T04:33:09Z INFO [745/750] 7b485c56-a81b-4124-8cb4-4a91684b2dc2: 168 datasets; 2.9 s; peak memory 1450 MiB.
2026-10-09T04:33:10Z INFO [746/750] 7b487a77-f1f1-4687-86a4-3f3aff5ded6d: 48 datasets; 1.1 s; peak memory 1450 MiB.
2026-10-09T04:33:11Z INFO [747/750] 7b487ba6-22b9-47a4-9c73-9502ff29685b: 46 datasets; 0.6 s; peak memory 1450 MiB.
2026-10-09T04:33:16Z INFO [748/750] 7b499d8f-4283-48fa-ae56-7ff64b7ee86f: 907 datasets; 5.5 s; peak memory 1450 MiB.
2026-10-09T04:33:17Z INFO [749/750] 7b49d344-c6da-4315-8d61-f7c590496b17: 48 datasets; 0.7 s; peak memory 1450 MiB.
2026-10-09T04:33:17Z INFO [750/750] 7b4a6156-23b9-45fc-8c09-beba6c44f4d1: 46 datasets; 0.7 s; peak memory 1450 MiB.
2026-10-09T04:33:18Z INFO [750/750] 7b4a6156-23b9-45fc-8c09-beba6c44f4d1: checkpointed 106335 new records.
2026-10-09T04:33:18Z INFO Wrote 106335 records to /tmp/derivatives/valid_nwb_file_to_number_of_datasets.jsonl (750 new, 0 failed) in 48.9 min (peak memory 1450 MiB).
