2026-10-06T06:47:38Z INFO Logging to /tmp/logs/update_2026-10-06T06-47-38Z.log.
2026-10-06T06:47:38Z INFO Update valid-nwb-file-to-number-of-datasets (base directory /tmp).
2026-10-06T06:47:39Z INFO Processing 750 items (83085 already recorded).
2026-10-06T06:47:59Z INFO [1/750] 02b2d176-0fa0-455e-a8dc-196655254ae0: 363 datasets; 20.4 s; peak memory 132 MiB.
2026-10-06T06:48:18Z INFO [2/750] 10951cd6-3ceb-4525-bd9e-c839e5c121ba: 363 datasets; 19.1 s; peak memory 132 MiB.
2026-10-06T06:48:39Z INFO [3/750] 15c470da-0137-41d8-af56-dbb1b6a59d97: 363 datasets; 20.5 s; peak memory 132 MiB.
2026-10-06T06:48:46Z INFO [4/750] 1b407e00-750e-47b6-aa8f-e05af0a008a4: 218 datasets; 7.3 s; peak memory 132 MiB.
2026-10-06T06:48:48Z INFO [5/750] 2003ac16-bbe6-4d4c-bcd9-a51cae8feb47: 103 datasets; 2.7 s; peak memory 132 MiB.
2026-10-06T06:49:08Z INFO [6/750] 23179822-a192-45c0-a661-477405effb5c: 363 datasets; 19.0 s; peak memory 135 MiB.
2026-10-06T06:49:26Z INFO [7/750] 298e4b54-e4fa-4537-a1cd-9e1d7e3f4602: 363 datasets; 18.2 s; peak memory 135 MiB.
2026-10-06T06:49:44Z INFO [8/750] 3867b653-3f82-40e6-9e7d-4f469bdf1904: 363 datasets; 18.1 s; peak memory 135 MiB.
2026-10-06T06:50:03Z INFO [9/750] 45ddc51d-5298-4217-ae69-a4dc22689dff: 363 datasets; 19.4 s; peak memory 135 MiB.
2026-10-06T06:50:23Z INFO [10/750] 47e94006-f42c-4ad0-8341-e23ca28b0244: 363 datasets; 19.8 s; peak memory 135 MiB.
2026-10-06T06:50:24Z INFO [11/750] 4b0ec727-6947-4f9d-8cea-e75c56358804: 48 datasets; 1.3 s; peak memory 135 MiB.
2026-10-06T06:52:51Z INFO [12/750] 4b0ef2c2-e58b-4776-89a9-a0ea6797972e: 167 datasets; 146.7 s; peak memory 268 MiB.
2026-10-06T06:52:53Z INFO [13/750] 4b0f9f87-d945-4636-9f11-fe34516f6b91: 66 datasets; 1.9 s; peak memory 268 MiB.
2026-10-06T06:52:54Z INFO [14/750] 4b103ddd-3bec-47dc-ab0c-488ccb56ccdb: 42 datasets; 1.2 s; peak memory 268 MiB.
2026-10-06T06:52:55Z INFO [15/750] 4b105f4c-d061-414d-ae33-cdc06e49644a: 48 datasets; 1.3 s; peak memory 268 MiB.
2026-10-06T06:52:57Z INFO [16/750] 4b110693-c912-4d16-bc6f-db70c4cdead4: 65 datasets; 1.5 s; peak memory 268 MiB.
2026-10-06T06:52:58Z INFO [17/750] 4b11efce-84bf-465f-8b06-ad8af4c4f699: 112 datasets; 1.6 s; peak memory 268 MiB.
2026-10-06T06:53:03Z INFO [18/750] 4b135794-6851-4794-9af8-916ef8c257b9: 332 datasets; 4.6 s; peak memory 268 MiB.
2026-10-06T06:53:04Z INFO [19/750] 4b13afe3-c0e9-4668-b5f6-e902f00142d2: 45 datasets; 1.4 s; peak memory 268 MiB.
2026-10-06T06:53:07Z INFO [20/750] 4b1480e5-cd08-4840-bcc3-4ed98725d2ab: 112 datasets; 2.3 s; peak memory 268 MiB.
2026-10-06T06:53:08Z INFO [21/750] 4b14d596-cbd9-4433-b709-b50587a6416c: 46 datasets; 1.7 s; peak memory 268 MiB.
2026-10-06T06:53:09Z INFO [22/750] 4b161838-9371-43dc-8815-91b5fec571c0: 46 datasets; 1.0 s; peak memory 268 MiB.
2026-10-06T06:53:16Z INFO [23/750] 4b172dc7-d9b9-48a3-b67f-b957e05d6ad0: 193 datasets; 6.9 s; peak memory 268 MiB.
2026-10-06T06:53:18Z INFO [24/750] 4b17b0f6-660a-48f5-aa32-5a03ad98a5aa: 48 datasets; 1.3 s; peak memory 268 MiB.
2026-10-06T06:53:19Z INFO [25/750] 4b17fae6-32cf-491a-8a00-e73a35c48264: 63 datasets; 1.3 s; peak memory 268 MiB.
2026-10-06T06:53:20Z INFO [26/750] 4b1918da-cbac-4318-a81d-5efd75d0147c: 48 datasets; 1.3 s; peak memory 268 MiB.
2026-10-06T06:53:22Z INFO [27/750] 4b192d1e-a491-4738-a27c-97527b1265ec: 117 datasets; 1.6 s; peak memory 268 MiB.
2026-10-06T06:53:24Z INFO [28/750] 4b1934e9-9ff9-4ca7-9ea5-f495e348c349: 71 datasets; 2.2 s; peak memory 268 MiB.
2026-10-06T06:53:49Z INFO [29/750] 4b1969e2-aeb5-4e48-8384-f601fd34e725: 522 datasets; 24.9 s; peak memory 268 MiB.
2026-10-06T06:53:55Z INFO [30/750] 4b1a3deb-cfdb-461e-8afd-1298ef745bf5: 229 datasets; 5.6 s; peak memory 268 MiB.
2026-10-06T06:53:56Z INFO [31/750] 4b1aceca-ec77-42a6-a485-c191ddaeb173: 46 datasets; 1.0 s; peak memory 268 MiB.
2026-10-06T06:53:57Z INFO [32/750] 4b1c3522-0a66-4cb5-a84e-90b79a9edaf7: 111 datasets; 1.4 s; peak memory 268 MiB.
2026-10-06T06:53:59Z INFO [33/750] 4b1c93bc-f355-4aa8-9c37-136f29a4d815: 118 datasets; 1.5 s; peak memory 268 MiB.
2026-10-06T06:54:22Z INFO [34/750] 4b1cf222-37e3-4b28-ac2a-54a79265ad25: 48 datasets; 23.2 s; peak memory 268 MiB.
2026-10-06T06:54:24Z INFO [35/750] 4b1d7252-2b95-409b-8b8c-b1f36aba6372: 64 datasets; 2.0 s; peak memory 268 MiB.
2026-10-06T06:54:26Z INFO [36/750] 4b1de384-4d2d-4768-8e3c-07bcf8435d4f: 76 datasets; 1.8 s; peak memory 268 MiB.
2026-10-06T06:54:27Z INFO [37/750] 4b1e1ee5-9800-45db-8b2f-c325cde1912d: 48 datasets; 1.3 s; peak memory 268 MiB.
2026-10-06T06:54:29Z INFO [38/750] 4b1e4778-6d1c-40f5-b899-1664d1fdc981: 117 datasets; 1.7 s; peak memory 268 MiB.
2026-10-06T06:54:30Z INFO [39/750] 4b1e6961-6f05-494f-8071-66cc267cbb43: 48 datasets; 1.3 s; peak memory 268 MiB.
2026-10-06T06:54:31Z INFO [40/750] 4b1ee7a6-223b-4f8d-9cd0-60ff0196092f: 48 datasets; 1.3 s; peak memory 268 MiB.
2026-10-06T06:59:02Z INFO [41/750] 4b1f16e8-aef6-481d-8fdd-64807d40ba1a: 55 datasets; 270.8 s; peak memory 523 MiB.
2026-10-06T06:59:04Z INFO [42/750] 4b1f5a7d-432a-4f55-b635-81923156c311: 117 datasets; 1.5 s; peak memory 523 MiB.
2026-10-06T06:59:07Z INFO [43/750] 4b1fa0b5-c608-49eb-83c0-d6d4f6818e1a: 116 datasets; 3.2 s; peak memory 523 MiB.
2026-10-06T06:59:09Z INFO [44/750] 4b1feed9-6a4d-4f1b-a05b-7501ac2dc9f2: 66 datasets; 1.7 s; peak memory 523 MiB.
2026-10-06T06:59:10Z INFO [45/750] 4b20cef0-bafe-452d-92ea-036e1dfebe63: 66 datasets; 1.8 s; peak memory 523 MiB.
2026-10-06T06:59:14Z INFO [46/750] 4b20d1bd-0777-414b-8bab-564e7835ff57: 553 datasets; 4.0 s; peak memory 523 MiB.
2026-10-06T06:59:16Z INFO [47/750] 4b216500-eb2a-4997-af49-73a59ccbb489: 118 datasets; 1.5 s; peak memory 523 MiB.
2026-10-06T06:59:22Z INFO [48/750] 4b218485-b269-431c-bd03-f309adeb667e: 225 datasets; 6.1 s; peak memory 523 MiB.
2026-10-06T06:59:41Z INFO [49/750] 4b21a393-4c64-40fb-a026-4445c3f29c5b: 866 datasets; 19.5 s; peak memory 523 MiB.
2026-10-06T06:59:44Z INFO [50/750] 4b21af02-2f2c-4f0a-9c28-1825b26e6ee4: 92 datasets; 2.6 s; peak memory 523 MiB.
2026-10-06T06:59:44Z INFO [50/750] 4b21af02-2f2c-4f0a-9c28-1825b26e6ee4: checkpointed 83135 records.
2026-10-06T06:59:46Z INFO [51/750] 4b21d8c2-927a-497b-8436-9a3da8665190: 48 datasets; 1.3 s; peak memory 523 MiB.
2026-10-06T07:00:02Z INFO [52/750] 4b2252af-8cef-4ffb-a8d0-13e1a71bf69e: 38 datasets; 16.6 s; peak memory 523 MiB.
2026-10-06T07:00:04Z INFO [53/750] 4b22e579-5495-4699-82d6-e0aaed697e8b: 49 datasets; 1.7 s; peak memory 523 MiB.
2026-10-06T07:00:18Z INFO [54/750] 4b254559-f7d7-4c41-a6ec-53bc495c721b: 4295 datasets; 14.7 s; peak memory 523 MiB.
2026-10-06T07:00:21Z INFO [55/750] 4b2557e7-3e9a-4b15-b35d-5fd4271f0b2b: 71 datasets; 2.3 s; peak memory 523 MiB.
2026-10-06T07:00:22Z INFO [56/750] 4b25a2f1-9700-4d62-b73b-7857b98742d2: 69 datasets; 1.6 s; peak memory 523 MiB.
2026-10-06T07:00:25Z INFO [57/750] 4b267608-043d-4fa6-990e-6fec6cb094df: 126 datasets; 2.9 s; peak memory 523 MiB.
2026-10-06T07:00:28Z INFO [58/750] 4b26b3b7-7519-4063-97ef-9670d9b8ed54: 119 datasets; 2.5 s; peak memory 523 MiB.
2026-10-06T07:00:29Z INFO [59/750] 4b275637-4650-44c9-bb3c-14b54a01ea54: 117 datasets; 1.6 s; peak memory 523 MiB.
2026-10-06T07:00:31Z INFO [60/750] 4b27584d-4bca-43b9-bf82-c8732fb9b032: 132 datasets; 1.3 s; peak memory 523 MiB.
2026-10-06T07:00:33Z INFO [61/750] 4b281f5f-51cb-4d0c-acf1-2b6c42d0c6c6: 71 datasets; 2.4 s; peak memory 523 MiB.
2026-10-06T07:00:35Z INFO [62/750] 4b282e3d-c911-48a8-92f6-c7b6824c0da0: 48 datasets; 1.4 s; peak memory 523 MiB.
2026-10-06T07:00:36Z INFO [63/750] 4b29026c-caf7-48c0-80c1-c01977a08a9e: 117 datasets; 1.4 s; peak memory 523 MiB.
2026-10-06T07:03:04Z INFO [64/750] 4b296d47-dd18-4dbb-9260-7c46b76821c4: 167 datasets; 148.2 s; peak memory 523 MiB.
2026-10-06T07:03:11Z INFO [65/750] 4b29c7af-9092-48aa-ac58-0bb54450f229: 229 datasets; 6.4 s; peak memory 523 MiB.
2026-10-06T07:03:14Z INFO [66/750] 4b29fecd-a3ca-464d-89ba-4fe46d6fa6a6: 115 datasets; 3.1 s; peak memory 523 MiB.
2026-10-06T07:03:15Z INFO [67/750] 4b2a1615-9c88-4e73-9e35-222d4bfe3739: 63 datasets; 1.3 s; peak memory 523 MiB.
2026-10-06T07:03:18Z INFO [68/750] 4b2aba0b-8484-4edd-b59c-0910673d7d76: 118 datasets; 3.4 s; peak memory 523 MiB.
2026-10-06T07:03:19Z INFO [69/750] 4b2d3bf4-c604-4c70-b1ed-91ba953a848f: 38 datasets; 1.1 s; peak memory 523 MiB.
2026-10-06T07:03:22Z INFO [70/750] 4b2e508e-60ff-4f0a-abaa-50b4dc062db8: 115 datasets; 3.0 s; peak memory 523 MiB.
2026-10-06T07:03:24Z INFO [71/750] 4b2f020d-0daf-4f19-91f2-237bb3283f1e: 64 datasets; 1.7 s; peak memory 523 MiB.
2026-10-06T07:03:26Z INFO [72/750] 4b2f9911-a7a8-4747-ad37-078a840fd7bb: 48 datasets; 1.4 s; peak memory 523 MiB.
2026-10-06T07:03:28Z INFO [73/750] 4b30cdd0-3575-4bf5-850b-a65fddf6e11a: 71 datasets; 2.1 s; peak memory 523 MiB.
2026-10-06T07:03:29Z INFO [74/750] 4b313ec8-6bcc-4aea-83b6-acf51a2ca273: 116 datasets; 1.5 s; peak memory 523 MiB.
2026-10-06T07:03:31Z INFO [75/750] 4b31c37a-cc26-4d3e-ab19-30c668768634: 59 datasets; 1.7 s; peak memory 523 MiB.
2026-10-06T07:03:32Z INFO [76/750] 4b320f54-7a1f-449d-b4ca-7551a19c669f: 41 datasets; 1.1 s; peak memory 523 MiB.
2026-10-06T07:03:34Z INFO [77/750] 4b326d5f-543a-41b8-8f65-87247e7d9848: 71 datasets; 2.1 s; peak memory 523 MiB.
2026-10-06T07:03:36Z INFO [78/750] 4b3291c4-fe94-40b5-a3a4-3e5859a73af9: 303 datasets; 1.9 s; peak memory 523 MiB.
2026-10-06T07:03:38Z INFO [79/750] 4b32a2e3-5a26-48bf-8571-39791d4a85b0: 110 datasets; 2.2 s; peak memory 523 MiB.
2026-10-06T07:03:52Z INFO [80/750] 4b32a46d-f4de-467e-8cc8-ab354bef17cf: 423 datasets; 13.4 s; peak memory 523 MiB.
2026-10-06T07:03:55Z INFO [81/750] 4b334b8d-e125-4c2a-aaed-257b86b1064f: 38 datasets; 3.0 s; peak memory 523 MiB.
2026-10-06T07:03:56Z INFO [82/750] 4b338466-5aae-4bb6-acbb-ef542c48f85d: 49 datasets; 1.8 s; peak memory 523 MiB.
2026-10-06T07:04:07Z INFO [83/750] 4b33ab07-4cf4-41e5-a0b9-133128b3eb49: 49 datasets; 10.4 s; peak memory 523 MiB.
2026-10-06T07:04:18Z INFO [84/750] 4b33f415-3e37-4d8d-8752-c5df10d8bac0: 617 datasets; 10.8 s; peak memory 523 MiB.
2026-10-06T07:04:22Z INFO [85/750] 4b3421d5-8d65-4a5e-bd87-11d1428547ec: 80 datasets; 4.2 s; peak memory 523 MiB.
2026-10-06T07:04:24Z INFO [86/750] 4b349610-482f-4ac7-966a-7637d50cf380: 71 datasets; 1.9 s; peak memory 523 MiB.
2026-10-06T07:04:25Z INFO [87/750] 4b35a234-e284-4c05-a532-0a0215d014d0: 48 datasets; 1.4 s; peak memory 523 MiB.
2026-10-06T07:04:27Z INFO [88/750] 4b3661c7-e36c-4d51-96d4-2fb050c0cdc2: 117 datasets; 1.6 s; peak memory 523 MiB.
2026-10-06T07:04:29Z INFO [89/750] 4b370ef6-cc6f-4c2c-a8ba-d0658275c8f3: 112 datasets; 2.2 s; peak memory 523 MiB.
2026-10-06T07:04:32Z INFO [90/750] 4b37d29a-6395-4d0f-8077-9beb50c2207b: 100 datasets; 3.6 s; peak memory 523 MiB.
2026-10-06T07:04:34Z INFO [91/750] 4b383419-6305-422d-88c5-b81836d70499: 84 datasets; 1.5 s; peak memory 523 MiB.
2026-10-06T07:04:35Z INFO [92/750] 4b3887b9-92da-4dcd-bd13-c96269235314: 46 datasets; 1.0 s; peak memory 523 MiB.
2026-10-06T07:04:37Z INFO [93/750] 4b38ecb4-ba3f-4d17-909c-82af56b7c156: 110 datasets; 1.8 s; peak memory 523 MiB.
2026-10-06T07:04:40Z INFO [94/750] 4b393ddd-482e-45ea-a62d-42d300ffec76: 38 datasets; 2.7 s; peak memory 523 MiB.
2026-10-06T07:04:41Z INFO [95/750] 4b3956c8-79c3-4954-a576-63fd8f06aa17: 56 datasets; 1.0 s; peak memory 523 MiB.
2026-10-06T07:04:42Z INFO [96/750] 4b3a92e4-f973-4a17-a865-0afb2f81e3e7: 118 datasets; 1.6 s; peak memory 523 MiB.
2026-10-06T07:04:44Z INFO [97/750] 4b3b3f38-cd0d-4a4c-aa63-0befd3c534b5: 153 datasets; 1.9 s; peak memory 523 MiB.
2026-10-06T07:04:52Z INFO [98/750] 4b3bd226-1f4d-4cf4-ae27-3d9352c88f47: 101 datasets; 8.0 s; peak memory 523 MiB.
2026-10-06T07:04:53Z INFO [99/750] 4b3c2c79-2566-4f80-bf23-96d009c79342: 56 datasets; 1.1 s; peak memory 523 MiB.
2026-10-06T07:04:55Z INFO [100/750] 4b3c3ec5-fdd0-4714-b488-058745b6c6d3: 92 datasets; 1.6 s; peak memory 523 MiB.
2026-10-06T07:04:55Z INFO [100/750] 4b3c3ec5-fdd0-4714-b488-058745b6c6d3: checkpointed 83185 records.
2026-10-06T07:04:57Z INFO [101/750] 4b3d1550-4e83-4e5c-839b-728d2551e0e3: 117 datasets; 1.7 s; peak memory 523 MiB.
2026-10-06T07:04:58Z INFO [102/750] 4b3d2d81-2e9d-43da-900a-9fb7aa3253f4: 48 datasets; 1.3 s; peak memory 523 MiB.
2026-10-06T07:04:59Z INFO [103/750] 4b3d523a-7438-4c6f-86d7-a0a0f09f7754: 43 datasets; 1.2 s; peak memory 523 MiB.
2026-10-06T07:05:02Z INFO [104/750] 4b3e1673-f519-4b38-b8d0-cdd792f226c7: 87 datasets; 3.0 s; peak memory 523 MiB.
2026-10-06T07:05:04Z INFO [105/750] 4b3eada8-0fe5-4f2e-9647-bacd8bc72d98: 69 datasets; 2.0 s; peak memory 523 MiB.
2026-10-06T07:05:05Z INFO [106/750] 4b3eee8c-bdc8-4eab-a208-a380128ec346: 48 datasets; 1.3 s; peak memory 523 MiB.
2026-10-06T07:05:07Z INFO [107/750] 4b3f0197-02ed-4eec-9d6f-8dad4324853d: 63 datasets; 1.2 s; peak memory 523 MiB.
2026-10-06T07:05:08Z INFO [108/750] 4b3f028d-9173-474d-97d3-4d24bd77e54d: 117 datasets; 1.7 s; peak memory 523 MiB.
2026-10-06T07:05:12Z INFO [109/750] 4b3f123a-7a9d-40aa-9a05-01e0df78d7d4: 114 datasets; 3.4 s; peak memory 523 MiB.
2026-10-06T07:05:13Z INFO [110/750] 4b3fe738-88fb-44c3-986c-a31a34f55d67: 48 datasets; 1.3 s; peak memory 523 MiB.
2026-10-06T07:05:14Z INFO [111/750] 4b40031d-0eff-426e-92c2-7ed3da535a2c: 48 datasets; 1.4 s; peak memory 523 MiB.
2026-10-06T07:05:21Z INFO [112/750] 4b40ff53-383f-400c-b607-69474f0ad017: 626 datasets; 6.3 s; peak memory 523 MiB.
2026-10-06T07:05:22Z INFO [113/750] 4b414199-fba0-4729-ad53-02072b847dfe: 52 datasets; 1.5 s; peak memory 523 MiB.
2026-10-06T07:05:25Z INFO [114/750] 4b41aa1d-5a87-4bb1-b3d6-78338d58bfa0: 84 datasets; 3.2 s; peak memory 523 MiB.
2026-10-06T07:05:27Z INFO [115/750] 4b41ae09-0252-4813-91ac-1e335522189e: 48 datasets; 1.4 s; peak memory 523 MiB.
2026-10-06T07:05:50Z INFO [116/750] 4b41d934-bc3f-44e2-abcd-4029be96a198: 48 datasets; 23.6 s; peak memory 523 MiB.
2026-10-06T07:05:52Z INFO [117/750] 4b424294-04b6-4710-86c3-ccb8a60aa1c4: 48 datasets; 1.4 s; peak memory 523 MiB.
2026-10-06T07:05:53Z INFO [118/750] 4b426472-2231-4859-aef1-51c2c8be2e52: 48 datasets; 1.4 s; peak memory 523 MiB.
2026-10-06T07:05:54Z INFO [119/750] 4b432c19-c3f0-476a-8a60-730c3e7b4776: 48 datasets; 1.3 s; peak memory 523 MiB.
2026-10-06T07:05:56Z INFO [120/750] 4b44a5b9-d747-40fc-a070-a8abf738d158: 47 datasets; 1.2 s; peak memory 523 MiB.
2026-10-06T07:05:57Z INFO [121/750] 4b454730-ad6d-4a6c-b5df-2a0e600d172d: 49 datasets; 1.5 s; peak memory 523 MiB.
2026-10-06T07:05:59Z INFO [122/750] 4b46141d-9f08-49df-b3d5-7ce03493b510: 117 datasets; 1.7 s; peak memory 523 MiB.
2026-10-06T07:06:10Z INFO [123/750] 4b481fe9-6b4e-4df3-8db1-0100797d6ec7: 11485 datasets; 11.0 s; peak memory 523 MiB.
2026-10-06T07:06:11Z INFO [124/750] 4b48b0d7-89a1-41e5-846c-8c4206a6d7e8: 116 datasets; 1.4 s; peak memory 523 MiB.
2026-10-06T07:06:13Z INFO [125/750] 4b48d907-dd7d-4b41-8154-d7ca866029b5: 112 datasets; 1.6 s; peak memory 523 MiB.
2026-10-06T07:06:14Z INFO [126/750] 4b48e93d-9c20-4a83-9371-32d225d3691c: 77 datasets; 1.3 s; peak memory 523 MiB.
2026-10-06T07:06:15Z INFO [127/750] 4b48fce3-12e8-4be9-9e4a-1dbf1c391031: 50 datasets; 1.2 s; peak memory 523 MiB.
2026-10-06T07:06:23Z INFO [128/750] 4b4908a2-ebf5-4283-a1c6-4c8b0be01712: 200 datasets; 7.6 s; peak memory 523 MiB.
2026-10-06T07:06:25Z INFO [129/750] 4b49a1de-d8e4-48aa-bb5c-a8ff91dffd8d: 170 datasets; 1.8 s; peak memory 523 MiB.
2026-10-06T07:06:26Z INFO [130/750] 4b49d887-5dff-4559-82cf-0dd57e16ba2f: 118 datasets; 1.5 s; peak memory 523 MiB.
2026-10-06T07:06:28Z INFO [131/750] 4b4a2233-9fb5-40be-9e2e-129156a22c38: 112 datasets; 2.1 s; peak memory 523 MiB.
2026-10-06T07:06:30Z INFO [132/750] 4b4a85d2-06cd-4a3f-be01-4a4dbf0c550f: 48 datasets; 1.4 s; peak memory 523 MiB.
2026-10-06T07:06:53Z INFO [133/750] 4b4c9140-c8c3-4ac0-98d9-8ef380d6cd48: 48 datasets; 23.4 s; peak memory 523 MiB.
2026-10-06T07:06:54Z INFO [134/750] 4b4d75bf-3296-49fe-bf13-7cb03d668fee: 41 datasets; 1.2 s; peak memory 523 MiB.
2026-10-06T07:07:00Z INFO [135/750] 4b4d770d-5ab9-49c3-9363-42500c98ad1a: 420 datasets; 5.6 s; peak memory 523 MiB.
2026-10-06T07:07:02Z INFO [136/750] 4b4dcb57-d839-44a2-aa81-ee7c32327bf3: 289 datasets; 2.0 s; peak memory 523 MiB.
2026-10-06T07:07:03Z INFO [137/750] 4b4e9016-3513-48a8-95de-789061011861: 48 datasets; 1.3 s; peak memory 523 MiB.
2026-10-06T07:07:05Z INFO [138/750] 4b4ed3fa-9435-4cb8-8a66-2de194862034: 52 datasets; 1.5 s; peak memory 523 MiB.
2026-10-06T07:07:06Z INFO [139/750] 4b509b73-6552-46cf-9495-7eb089234462: 69 datasets; 1.6 s; peak memory 523 MiB.
2026-10-06T07:07:08Z INFO [140/750] 4b51cfbd-54be-4436-b543-fbfd9b944484: 45 datasets; 1.1 s; peak memory 523 MiB.
2026-10-06T07:07:09Z INFO [141/750] 4b52398f-4f17-42ce-95fc-296008545715: 46 datasets; 1.1 s; peak memory 523 MiB.
2026-10-06T07:07:10Z INFO [142/750] 4b527c42-7a7a-4c85-8dec-cc917e9e4f0f: 66 datasets; 1.8 s; peak memory 523 MiB.
2026-10-06T07:07:12Z INFO [143/750] 4b528cf4-9f48-436f-b0b3-bbb7e2b443b3: 39 datasets; 1.3 s; peak memory 523 MiB.
2026-10-06T07:07:23Z INFO [144/750] 4b529a02-37b6-42c5-af1d-25ed7a22f45a: 956 datasets; 11.4 s; peak memory 523 MiB.
2026-10-06T07:07:25Z INFO [145/750] 4b53efce-d1b6-4234-9b73-180db4ce8115: 118 datasets; 1.6 s; peak memory 523 MiB.
2026-10-06T07:07:26Z INFO [146/750] 4b54fa50-ae9b-47fc-8962-74a3c3de5b4c: 48 datasets; 1.2 s; peak memory 523 MiB.
2026-10-06T07:07:28Z INFO [147/750] 4b569eba-0178-4fd3-bfb7-ecf5c2af0ee5: 77 datasets; 1.6 s; peak memory 523 MiB.
2026-10-06T07:07:29Z INFO [148/750] 4b576e0b-98e9-4fa4-8800-52bfce5ab404: 52 datasets; 1.3 s; peak memory 523 MiB.
2026-10-06T07:07:30Z INFO [149/750] 4b57d4da-2d3a-4158-8443-af390d639824: 57 datasets; 1.1 s; peak memory 523 MiB.
2026-10-06T07:07:37Z INFO [150/750] 4b586d5f-8ec7-47ba-8d76-d1bb39aad1ae: 200 datasets; 6.9 s; peak memory 523 MiB.
2026-10-06T07:07:37Z INFO [150/750] 4b586d5f-8ec7-47ba-8d76-d1bb39aad1ae: checkpointed 83235 records.
2026-10-06T07:07:40Z INFO [151/750] 4b589d89-22de-419c-9866-0ddf97c456e0: 115 datasets; 3.0 s; peak memory 523 MiB.
2026-10-06T07:07:44Z INFO [152/750] 4b58da4b-f7f4-4f74-895a-42a4544f7d2a: 114 datasets; 3.4 s; peak memory 523 MiB.
2026-10-06T07:07:46Z INFO [153/750] 4b594a05-70e0-4944-ba7f-a179126a5fb3: 64 datasets; 2.2 s; peak memory 523 MiB.
2026-10-06T07:07:47Z INFO [154/750] 4b597432-ed31-400d-8516-603b343900cb: 48 datasets; 1.3 s; peak memory 523 MiB.
2026-10-06T07:07:49Z INFO [155/750] 4b59fa98-cd1d-4717-be1e-f75588cc6633: 64 datasets; 1.9 s; peak memory 523 MiB.
2026-10-06T07:07:51Z INFO [156/750] 4b5a4f6b-60cb-4dbc-99bf-fc811dd2ecbd: 45 datasets; 1.9 s; peak memory 523 MiB.
2026-10-06T07:07:52Z INFO [157/750] 4b5aaddc-68de-4c2b-afb4-fe05846048fa: 46 datasets; 1.1 s; peak memory 523 MiB.
2026-10-06T07:07:54Z INFO [158/750] 4b5ac0f8-519c-4131-a30b-bf35ec4dac0f: 112 datasets; 1.9 s; peak memory 523 MiB.
2026-10-06T07:07:55Z INFO [159/750] 4b5d7bb8-7a57-4701-87c8-15bc59605727: 48 datasets; 1.4 s; peak memory 523 MiB.
2026-10-06T07:07:57Z INFO [160/750] 4b5e77e8-b437-40f0-b193-c82aab8b8d6c: 48 datasets; 1.4 s; peak memory 523 MiB.
2026-10-06T07:08:13Z INFO [161/750] 4b5ed2e3-17a0-4cdb-9878-461f3a74e86b: 977 datasets; 16.0 s; peak memory 523 MiB.
2026-10-06T07:08:14Z INFO [162/750] 4b5f1884-31fc-4cd1-a4fd-bed3754ac935: 94 datasets; 1.8 s; peak memory 523 MiB.
2026-10-06T07:08:16Z INFO [163/750] 4b5f5313-92b4-4468-bc44-5e98a44ec8f2: 50 datasets; 1.3 s; peak memory 523 MiB.
2026-10-06T07:08:17Z INFO [164/750] 4b5f8ae0-bec5-4f8e-a43e-0f38c5704c5d: 45 datasets; 1.1 s; peak memory 523 MiB.
2026-10-06T07:08:18Z INFO [165/750] 4b60c4ce-2928-4f03-8389-9e19eb881c08: 117 datasets; 1.7 s; peak memory 523 MiB.
2026-10-06T07:08:20Z INFO [166/750] 4b6129bd-e826-4df3-8992-e5bb0ba7fa3e: 48 datasets; 1.3 s; peak memory 523 MiB.
2026-10-06T07:08:22Z INFO [167/750] 4b62279d-9c16-441b-9168-d10448f2da97: 119 datasets; 2.7 s; peak memory 523 MiB.
2026-10-06T07:08:25Z INFO [168/750] 4b6267ed-06fd-4b90-ac72-17ba00adb745: 67 datasets; 2.1 s; peak memory 523 MiB.
2026-10-06T07:08:27Z INFO [169/750] 4b629cec-6f6f-44a2-ba40-1941f058f8fe: 68 datasets; 2.5 s; peak memory 523 MiB.
2026-10-06T07:08:29Z INFO [170/750] 4b62a943-a59b-4957-ab2e-64d25a31437b: 62 datasets; 2.0 s; peak memory 523 MiB.
2026-10-06T07:09:30Z INFO [171/750] 4b62e75f-b74f-4ab9-b418-baa88b2f2f65: 55 datasets; 60.8 s; peak memory 523 MiB.
2026-10-06T07:11:40Z INFO [172/750] 4b631caa-d2ca-4399-9e0e-9e1c1c5c7985: 5606 datasets; 130.2 s; peak memory 523 MiB.
2026-10-06T07:11:41Z INFO [173/750] 4b632da2-86ee-4097-b29e-b33f941e41e2: 48 datasets; 1.4 s; peak memory 523 MiB.
2026-10-06T07:11:48Z INFO [174/750] 4b63623b-a3ab-4a50-99a1-cee3dd88be18: 503 datasets; 6.5 s; peak memory 523 MiB.
2026-10-06T07:11:50Z INFO [175/750] 4b6376a3-10f7-494b-a529-0458426fd6d2: 71 datasets; 2.6 s; peak memory 523 MiB.
2026-10-06T07:11:52Z INFO [176/750] 4b63c409-da83-48ed-84b6-105952c2b5fc: 48 datasets; 1.4 s; peak memory 523 MiB.
2026-10-06T07:11:55Z INFO [177/750] 4b64b824-38a5-4287-bc43-f147ae707202: 114 datasets; 2.9 s; peak memory 523 MiB.
2026-10-06T07:11:56Z INFO [178/750] 4b652237-547d-448e-b4bb-c973c5c47f7a: 118 datasets; 1.6 s; peak memory 523 MiB.
2026-10-06T07:12:12Z INFO [179/750] 4b6523e7-df92-409b-8033-89cf973beaf5: 879 datasets; 16.0 s; peak memory 523 MiB.
2026-10-06T07:12:14Z INFO [180/750] 4b65cb0e-6779-4573-acdb-28e63c8b33cc: 48 datasets; 1.3 s; peak memory 523 MiB.
2026-10-06T07:12:15Z INFO [181/750] 4b6613da-72aa-419f-9c43-a9e75eb0d287: 56 datasets; 1.1 s; peak memory 523 MiB.
2026-10-06T07:12:22Z INFO [182/750] 4b667c2d-4f2e-4987-878a-2ae4b4c1164f: 493 datasets; 7.0 s; peak memory 523 MiB.
2026-10-06T07:12:23Z INFO [183/750] 4b66f83a-482b-43a2-bcaf-47b54c79f720: 118 datasets; 1.7 s; peak memory 523 MiB.
2026-10-06T07:12:25Z INFO [184/750] 4b673bc0-1ea5-4231-846d-d3b4e8c51a90: 110 datasets; 2.0 s; peak memory 523 MiB.
2026-10-06T07:12:27Z INFO [185/750] 4b674e92-a1ce-4313-bdaa-9959a20f9d84: 48 datasets; 1.2 s; peak memory 523 MiB.
2026-10-06T07:12:28Z INFO [186/750] 4b67e8ee-f91d-4a4c-9720-4dd92e56dec6: 35 datasets; 1.0 s; peak memory 523 MiB.
2026-10-06T07:12:32Z INFO [187/750] 4b685978-2521-4a9b-b9c0-507e6b562f67: 92 datasets; 4.4 s; peak memory 523 MiB.
2026-10-06T07:12:40Z INFO [188/750] 4b6942b8-390a-43d2-a588-fa69a014c8ee: 528 datasets; 7.9 s; peak memory 523 MiB.
2026-10-06T07:12:41Z INFO [189/750] 4b69b9dd-7794-45f1-87cc-9e6213036ca2: 41 datasets; 1.1 s; peak memory 523 MiB.
2026-10-06T07:12:43Z INFO [190/750] 4b69d5cb-13f9-429c-9725-4cc9586ab346: 45 datasets; 1.5 s; peak memory 523 MiB.
2026-10-06T07:12:44Z INFO [191/750] 4b69eb8b-3094-4484-809e-ef654b10cfb7: 117 datasets; 1.6 s; peak memory 523 MiB.
2026-10-06T07:12:46Z INFO [192/750] 4b6b4680-957e-494c-91ad-919a9ea8be9a: 117 datasets; 1.6 s; peak memory 523 MiB.
2026-10-06T07:12:47Z INFO [193/750] 4b6bd01e-f173-4a4a-ad59-1e07a9dc4333: 46 datasets; 1.7 s; peak memory 523 MiB.
2026-10-06T07:12:49Z INFO [194/750] 4b6c80c4-945c-4541-b675-0060aca6d6b0: 84 datasets; 1.3 s; peak memory 523 MiB.
2026-10-06T07:12:50Z INFO [195/750] 4b6d4b8e-e5bc-4541-99dd-c08450947fb4: 118 datasets; 1.5 s; peak memory 523 MiB.
2026-10-06T07:12:52Z INFO [196/750] 4b6e6637-9275-4c32-a0a3-26a7193d0e55: 113 datasets; 1.8 s; peak memory 523 MiB.
2026-10-06T07:16:28Z INFO [197/750] 4b6f2ab9-d880-4907-a124-35c7d8b6518f: 11429 datasets; 216.2 s; peak memory 524 MiB.
2026-10-06T07:16:30Z INFO [198/750] 4b6f57a6-b124-4b47-b920-8c317de6155c: 112 datasets; 2.1 s; peak memory 524 MiB.
2026-10-06T07:16:32Z INFO [199/750] 4b6f801e-c187-4ddd-9f8a-f0554b20e438: 69 datasets; 1.9 s; peak memory 524 MiB.
2026-10-06T07:16:34Z INFO [200/750] 4b6fef40-e515-486a-9cd1-e2171f970185: 116 datasets; 1.6 s; peak memory 524 MiB.
2026-10-06T07:16:34Z INFO [200/750] 4b6fef40-e515-486a-9cd1-e2171f970185: checkpointed 83285 records.
2026-10-06T07:16:36Z INFO [201/750] 4b706a77-dc5c-450e-97a5-601aa4c6a724: 119 datasets; 2.6 s; peak memory 524 MiB.
2026-10-06T07:16:38Z INFO [202/750] 4b70edc2-8f6f-44fb-bbc0-f0ef0f06971f: 48 datasets; 1.2 s; peak memory 524 MiB.
2026-10-06T07:16:39Z INFO [203/750] 4b714b04-4e6a-4e3b-adf4-fd31ea5bb10d: 62 datasets; 1.7 s; peak memory 524 MiB.
2026-10-06T07:16:41Z INFO [204/750] 4b728d60-5e30-4fea-b12b-2f576eee308d: 116 datasets; 1.6 s; peak memory 524 MiB.
2026-10-06T07:16:42Z INFO [205/750] 4b72ff80-9d74-4669-83c9-bf6696bf474c: 48 datasets; 1.2 s; peak memory 524 MiB.
2026-10-06T07:16:44Z INFO [206/750] 4b7346d5-34e5-4795-a3f6-1937188080d5: 118 datasets; 1.4 s; peak memory 524 MiB.
2026-10-06T07:16:54Z INFO [207/750] 4b73bc2a-0b8c-4d5b-b728-b5b2794aaf7d: 336 datasets; 10.8 s; peak memory 524 MiB.
2026-10-06T07:17:13Z INFO [208/750] 4b74d91c-4db5-483d-946d-e816c1c856e8: 1800 datasets; 19.1 s; peak memory 524 MiB.
2026-10-06T07:17:15Z INFO [209/750] 4b74fe76-d56a-4bed-a2db-9b3a52211a34: 50 datasets; 1.2 s; peak memory 524 MiB.
2026-10-06T07:17:20Z INFO [210/750] 4b750279-4b3f-4de4-a2dc-bd126f41b0b6: 488 datasets; 5.8 s; peak memory 524 MiB.
2026-10-06T07:17:43Z INFO [211/750] 4b7642f3-6b89-4ec3-bc75-53c48837c77e: 1900 datasets; 22.9 s; peak memory 524 MiB.
2026-10-06T07:17:44Z INFO [212/750] 4b774bd3-fa2a-4691-bbc7-511a9cca1f75: 45 datasets; 1.1 s; peak memory 524 MiB.
2026-10-06T07:17:46Z INFO [213/750] 4b784159-ce45-4256-ac9c-8a69e15e8e02: 69 datasets; 1.8 s; peak memory 524 MiB.
2026-10-06T07:17:48Z INFO [214/750] 4b797b5d-ff35-4bcc-9b55-263ad4388efe: 72 datasets; 1.5 s; peak memory 524 MiB.
2026-10-06T07:17:50Z INFO [215/750] 4b798800-2491-4774-8076-9fc5a2a27f5a: 66 datasets; 2.2 s; peak memory 524 MiB.
2026-10-06T07:17:52Z INFO [216/750] 4b7a1d31-a1d8-447b-8347-859d28fbc79a: 117 datasets; 1.5 s; peak memory 524 MiB.
2026-10-06T07:17:53Z INFO [217/750] 4b7a4675-f591-4f89-8c82-9c683dca118a: 117 datasets; 1.5 s; peak memory 524 MiB.
2026-10-06T07:17:54Z INFO [218/750] 4b7b6c5f-3c91-4076-ab58-c0c9c6b11797: 48 datasets; 1.3 s; peak memory 524 MiB.
2026-10-06T07:17:56Z INFO [219/750] 4b7ba62d-0aaa-4371-b73e-63dc66a59d20: 48 datasets; 1.3 s; peak memory 524 MiB.
2026-10-06T07:17:57Z INFO [220/750] 4b7be82d-3a02-4aa7-a604-a1968fecaebf: 36 datasets; 1.3 s; peak memory 524 MiB.
2026-10-06T07:17:58Z INFO [221/750] 4b7bf5cf-e7a5-4f7c-946a-c6586b1ce8d4: 50 datasets; 1.1 s; peak memory 524 MiB.
2026-10-06T07:17:59Z INFO [222/750] 4b7c11fd-6cdc-4f59-9300-ccdc161ed413: 52 datasets; 1.0 s; peak memory 524 MiB.
2026-10-06T07:18:00Z INFO [223/750] 4b7c9a7f-31a2-47e7-8246-148b8f60018e: 46 datasets; 1.1 s; peak memory 524 MiB.
2026-10-06T07:18:02Z INFO [224/750] 4b7d6061-96c6-4e10-a472-2ddb810b837f: 74 datasets; 1.4 s; peak memory 524 MiB.
2026-10-06T07:18:03Z INFO [225/750] 4b7d81c6-ee96-4ce7-b9af-4c747900fd62: 117 datasets; 1.5 s; peak memory 524 MiB.
2026-10-06T07:20:54Z INFO [226/750] 4b7d9a63-b698-4342-aa62-28e2a22e744b: 260 datasets; 170.5 s; peak memory 524 MiB.
2026-10-06T07:20:55Z INFO [227/750] 4b7ec209-b3e5-499d-a5f9-57b4e8355fde: 48 datasets; 1.3 s; peak memory 524 MiB.
2026-10-06T07:20:58Z INFO [228/750] 4b7f82c3-3e65-44d9-8f62-22497c9c171a: 38 datasets; 3.2 s; peak memory 524 MiB.
2026-10-06T07:21:00Z INFO [229/750] 4b7f9f98-a48d-4b1f-b9a6-a9a6f5fe2efa: 48 datasets; 1.3 s; peak memory 524 MiB.
2026-10-06T07:21:01Z INFO [230/750] 4b7fffd3-3592-402b-af07-e4c4ce338d1f: 69 datasets; 1.6 s; peak memory 524 MiB.
2026-10-06T07:21:02Z INFO [231/750] 4b806242-9497-4b9e-a8bc-31200fff7768: 48 datasets; 1.2 s; peak memory 524 MiB.
2026-10-06T07:21:04Z INFO [232/750] 4b8095dd-d633-44dd-aba7-d53acb99abad: 48 datasets; 1.3 s; peak memory 524 MiB.
2026-10-06T07:21:37Z INFO [233/750] 4b80bffd-1951-4f19-af49-c73cbc35c0ac: 2645 datasets; 33.3 s; peak memory 524 MiB.
2026-10-06T07:21:54Z INFO [234/750] 4b8287bc-ee5b-49c6-8993-d1d48fe63ff3: 1038 datasets; 17.1 s; peak memory 524 MiB.
2026-10-06T07:21:55Z INFO [235/750] 4b832a02-c64b-4a5e-861f-686887dd1775: 48 datasets; 1.3 s; peak memory 524 MiB.
2026-10-06T07:21:58Z INFO [236/750] 4b83d6bb-aff0-43c4-9052-6cedde3cdb6d: 38 datasets; 2.9 s; peak memory 524 MiB.
2026-10-06T07:21:59Z INFO [237/750] 4b841537-0b46-4e76-afbf-83fd8cd15b63: 46 datasets; 1.0 s; peak memory 524 MiB.
2026-10-06T07:22:01Z INFO [238/750] 4b857ec0-fd90-41ab-830f-27b90c840966: 113 datasets; 1.9 s; peak memory 524 MiB.
2026-10-06T07:22:03Z INFO [239/750] 4b85a350-6e84-439c-853e-d63363c2a54a: 52 datasets; 1.4 s; peak memory 524 MiB.
2026-10-06T07:22:04Z INFO [240/750] 4b883ebf-bc4a-4161-a89f-2ff252761532: 48 datasets; 1.4 s; peak memory 524 MiB.
2026-10-06T07:22:05Z INFO [241/750] 4b88a68f-93df-4532-a97f-8d0ff3507371: 48 datasets; 1.3 s; peak memory 524 MiB.
2026-10-06T07:22:06Z INFO [242/750] 4b88e7ab-224b-439d-8e6d-822fe280c3bd: 37 datasets; 1.1 s; peak memory 524 MiB.
2026-10-06T07:22:09Z INFO [243/750] 4b8951f1-8733-45f8-a50f-7faa502f7868: 115 datasets; 2.9 s; peak memory 524 MiB.
2026-10-06T07:22:10Z INFO [244/750] 4b897749-ff7d-47ab-b61d-40975e1f35ee: 46 datasets; 1.1 s; peak memory 524 MiB.
2026-10-06T07:22:13Z INFO [245/750] 4b899874-354b-42ec-bd29-e4b550e2f79a: 115 datasets; 3.0 s; peak memory 524 MiB.
2026-10-06T07:22:15Z INFO [246/750] 4b89d0d1-9a23-4392-b22e-a19c9f98face: 84 datasets; 1.5 s; peak memory 524 MiB.
2026-10-06T07:23:12Z INFO [247/750] 4b8a7d1b-62a8-430d-9d6a-641f5f6aac81: 9944 datasets; 56.9 s; peak memory 524 MiB.
2026-10-06T07:23:15Z INFO [248/750] 4b8b5f52-09ff-4dd2-bc39-67c4eaa97d21: 85 datasets; 3.6 s; peak memory 524 MiB.
2026-10-06T07:23:35Z INFO [249/750] 4b8c497d-2ac8-41b2-ad5a-3553aba8d33e: 798 datasets; 19.2 s; peak memory 524 MiB.
2026-10-06T07:23:36Z INFO [250/750] 4b8e161c-4e6c-49e8-bd58-2e8c7851ac93: 112 datasets; 1.9 s; peak memory 524 MiB.
2026-10-06T07:23:37Z INFO [250/750] 4b8e161c-4e6c-49e8-bd58-2e8c7851ac93: checkpointed 83335 records.
2026-10-06T07:23:43Z INFO [251/750] 4b8e1c13-89a4-4213-af04-c6d1e267d5a2: 229 datasets; 6.0 s; peak memory 524 MiB.
2026-10-06T07:23:45Z INFO [252/750] 4b8e2063-3b6b-4187-ae06-2bee304f7541: 150 datasets; 2.7 s; peak memory 524 MiB.
2026-10-06T07:23:58Z INFO [253/750] 4b8fa507-0209-40b6-967a-8a94832b6a67: 409 datasets; 12.9 s; peak memory 524 MiB.
2026-10-06T07:24:00Z INFO [254/750] 4b8fbb6d-f079-4c8c-9a50-7fb53c0692ea: 153 datasets; 1.6 s; peak memory 524 MiB.
2026-10-06T07:24:03Z INFO [255/750] 4b90454d-78c8-4125-a2c1-ea7ae480c3fd: 138 datasets; 3.4 s; peak memory 524 MiB.
2026-10-06T07:24:04Z INFO [256/750] 4b923da9-4aa3-4ea5-be85-0e49cab4f4ae: 48 datasets; 1.3 s; peak memory 524 MiB.
2026-10-06T07:24:07Z INFO [257/750] 4b93732b-965c-4b0a-8c0e-01684df79fee: 71 datasets; 2.2 s; peak memory 524 MiB.
2026-10-06T07:24:14Z INFO [258/750] 4b9468dd-c1ea-4be5-a4c2-249cc45fdda4: 534 datasets; 6.9 s; peak memory 524 MiB.
2026-10-06T07:24:15Z INFO [259/750] 4b9626b4-bc02-4f2d-8720-7c45a8d1b7b9: 52 datasets; 1.0 s; peak memory 524 MiB.
2026-10-06T07:24:17Z INFO [260/750] 4b9695fe-7ee8-4344-a58a-f9d1d3ff21a0: 111 datasets; 2.0 s; peak memory 524 MiB.
2026-10-06T07:24:19Z INFO [261/750] 4b96bd1e-c0c0-443f-a871-aaf08e65bc5c: 71 datasets; 2.3 s; peak memory 524 MiB.
2026-10-06T07:24:26Z INFO [262/750] 4b979f1f-72a2-4513-8940-447c671da600: 538 datasets; 7.1 s; peak memory 524 MiB.
2026-10-06T07:24:35Z INFO [263/750] 4b97f275-db60-46f5-8064-6d4a1fec4054: 538 datasets; 9.1 s; peak memory 524 MiB.
2026-10-06T07:24:37Z INFO [264/750] 4b985324-968c-4cee-8dd5-9bbf2d448169: 66 datasets; 2.0 s; peak memory 524 MiB.
2026-10-06T07:24:38Z INFO [265/750] 4b98b35b-6c63-4da4-bbeb-2d3e279c9d1c: 46 datasets; 1.1 s; peak memory 524 MiB.
2026-10-06T07:24:41Z INFO [266/750] 4b98b720-696d-43d5-879a-7c2eb6fdd881: 38 datasets; 2.9 s; peak memory 524 MiB.
2026-10-06T07:24:51Z INFO [267/750] 4b995d60-e583-4f19-9b25-ac3fc965e1c7: 540 datasets; 9.8 s; peak memory 524 MiB.
2026-10-06T07:24:52Z INFO [268/750] 4b99f50b-4c34-4b4a-803f-0d80e9b18c07: 48 datasets; 1.3 s; peak memory 524 MiB.
2026-10-06T07:24:54Z INFO [269/750] 4b9a102a-15e7-407d-92e4-d202b21325c7: 112 datasets; 1.8 s; peak memory 524 MiB.
2026-10-06T07:24:55Z INFO [270/750] 4b9ab864-c2a5-4b0d-b4f0-bd43fdd1b603: 48 datasets; 1.4 s; peak memory 524 MiB.
2026-10-06T07:24:57Z INFO [271/750] 4b9ad317-a33e-4ef5-8225-f36bc9ae722f: 115 datasets; 1.4 s; peak memory 524 MiB.
2026-10-06T07:25:09Z INFO [272/750] 4b9b47bf-d7ae-48c4-b010-76b263dcfd1b: 108 datasets; 12.3 s; peak memory 524 MiB.
2026-10-06T07:25:10Z INFO [273/750] 4b9b9443-cbe4-41bc-b377-e58b9ad0d995: 46 datasets; 0.9 s; peak memory 524 MiB.
2026-10-06T07:25:14Z INFO [274/750] 4b9c07eb-2fa0-4a15-b513-86970f6edde8: 156 datasets; 3.7 s; peak memory 524 MiB.
2026-10-06T07:25:16Z INFO [275/750] 4b9c48fc-41f7-456f-9bed-e944fb3c97ba: 62 datasets; 1.7 s; peak memory 524 MiB.
2026-10-06T07:25:17Z INFO [276/750] 4b9cf41e-aabc-42d4-9a85-243cfe188a87: 46 datasets; 1.1 s; peak memory 524 MiB.
2026-10-06T07:25:36Z INFO [277/750] 4b9d3870-f5bc-4427-a0bb-683df8321f6c: 469 datasets; 19.4 s; peak memory 524 MiB.
2026-10-06T07:25:38Z INFO [278/750] 4b9d7c2b-1057-443f-9d1d-16a037c8093e: 118 datasets; 2.3 s; peak memory 524 MiB.
2026-10-06T07:25:40Z INFO [279/750] 4b9d94d1-bb75-4615-8bfe-1b1a3fcf181d: 48 datasets; 1.3 s; peak memory 524 MiB.
2026-10-06T07:25:53Z INFO [280/750] 4b9e3350-70c6-40da-8993-2e8c01026030: 1335 datasets; 13.2 s; peak memory 524 MiB.
2026-10-06T07:25:55Z INFO [281/750] 4b9e3e11-737a-4c14-9ed0-4936937a5ea1: 112 datasets; 1.6 s; peak memory 524 MiB.
2026-10-06T07:26:11Z INFO [282/750] 4b9e4311-ab03-44cc-8cf5-c48ae1af5678: 606 datasets; 16.4 s; peak memory 524 MiB.
2026-10-06T07:26:14Z INFO [283/750] 4b9f9b99-d69f-4d35-af07-d0172702d2dc: 104 datasets; 3.3 s; peak memory 524 MiB.
2026-10-06T07:26:16Z INFO [284/750] 4b9fca0e-d56d-4655-9829-ab7c9bfb4506: 48 datasets; 1.5 s; peak memory 524 MiB.
2026-10-06T07:26:18Z INFO [285/750] 4b9ff4dd-5615-4463-bf6c-ccd342ae1af8: 71 datasets; 2.6 s; peak memory 524 MiB.
2026-10-06T07:26:27Z INFO [286/750] 4ba1a897-4e90-44ab-858c-596b97278f6f: 38 datasets; 9.1 s; peak memory 524 MiB.
2026-10-06T07:26:35Z INFO [287/750] 4ba2355e-6644-4289-a5c9-6f8486369f13: 500 datasets; 7.3 s; peak memory 524 MiB.
2026-10-06T07:26:46Z INFO [288/750] 4ba577ee-c6ce-497d-bbaf-1290dea0f2f6: 881 datasets; 11.6 s; peak memory 524 MiB.
2026-10-06T07:26:48Z INFO [289/750] 4ba632f8-d11b-491e-826b-240da1cc29ec: 117 datasets; 1.6 s; peak memory 524 MiB.
2026-10-06T07:26:49Z INFO [290/750] 4ba64c36-d8aa-4502-9481-3b102fa19615: 48 datasets; 1.3 s; peak memory 524 MiB.
2026-10-06T07:27:06Z INFO [291/750] 4ba6f165-f73c-425c-8f34-3874e21589a6: 723 datasets; 16.5 s; peak memory 524 MiB.
2026-10-06T07:27:07Z INFO [292/750] 4ba728c3-160c-46eb-93fb-a74feb0ae9b4: 52 datasets; 1.4 s; peak memory 524 MiB.
2026-10-06T07:27:09Z INFO [293/750] 4ba72d40-6318-4852-84cf-9c06f4434b0b: 66 datasets; 2.0 s; peak memory 524 MiB.
2026-10-06T07:27:10Z INFO [294/750] 4ba7edeb-de01-4b29-b9f8-4e0bc750e269: 48 datasets; 1.4 s; peak memory 524 MiB.
2026-10-06T07:27:12Z INFO [295/750] 4ba7efbe-5e15-48db-8577-4a29b2293ed7: 117 datasets; 1.6 s; peak memory 524 MiB.
2026-10-06T07:27:14Z INFO [296/750] 4ba801f9-ec6e-4b61-a04d-dabc5894265a: 117 datasets; 1.4 s; peak memory 524 MiB.
2026-10-06T07:27:15Z INFO [297/750] 4ba836b5-39be-4d2a-afe8-eb90822b0fbc: 117 datasets; 1.7 s; peak memory 524 MiB.
2026-10-06T07:27:16Z INFO [298/750] 4ba83c0f-7eaf-4dd9-9287-fbf3020fb2bb: 41 datasets; 1.2 s; peak memory 524 MiB.
2026-10-06T07:27:18Z INFO [299/750] 4ba8a44e-37ef-4bc2-9534-ee60f442b124: 76 datasets; 2.1 s; peak memory 524 MiB.
2026-10-06T07:27:20Z INFO [300/750] 4ba91e9c-a84d-4cf2-91ec-bfc31736ff38: 43 datasets; 1.5 s; peak memory 524 MiB.
2026-10-06T07:27:20Z INFO [300/750] 4ba91e9c-a84d-4cf2-91ec-bfc31736ff38: checkpointed 83385 records.
2026-10-06T07:27:22Z INFO [301/750] 4ba94771-29ab-4413-8ce2-6cf348dc17c5: 71 datasets; 2.1 s; peak memory 524 MiB.
2026-10-06T07:27:23Z INFO [302/750] 4ba94c64-25de-4c54-ae10-4e9fe1e0273a: 42 datasets; 1.3 s; peak memory 524 MiB.
2026-10-06T07:27:25Z INFO [303/750] 4ba967aa-2fbd-4b4b-bd5a-cfcecec4b43a: 55 datasets; 1.1 s; peak memory 524 MiB.
2026-10-06T07:27:28Z INFO [304/750] 4ba9cb5a-97ff-4307-8407-126b8c32a32a: 106 datasets; 3.2 s; peak memory 524 MiB.
2026-10-06T07:27:29Z INFO [305/750] 4bab271a-07a1-44d9-8f3f-549d11ed21e4: 51 datasets; 1.0 s; peak memory 524 MiB.
2026-10-06T07:29:53Z INFO [306/750] 4babaa19-8af5-4b9b-830e-c407cb5be5ca: 167 datasets; 144.4 s; peak memory 524 MiB.
2026-10-06T07:29:55Z INFO [307/750] 4babb921-8939-4bd8-bcf2-bac0d814f2d3: 117 datasets; 1.6 s; peak memory 524 MiB.
2026-10-06T07:30:00Z INFO [308/750] 4bac6914-b4dc-4dac-ba9d-3e3f5aba989b: 229 datasets; 5.6 s; peak memory 524 MiB.
2026-10-06T07:30:02Z INFO [309/750] 4baf6c9d-979a-4029-adbb-41ac156e0395: 112 datasets; 1.9 s; peak memory 524 MiB.
2026-10-06T07:30:10Z INFO [310/750] 4baffe42-9b47-42d1-b7ec-e35ac98c139e: 208 datasets; 7.4 s; peak memory 524 MiB.
2026-10-06T07:30:11Z INFO [311/750] 4bb09c8e-730a-41af-81f2-a54545c2f7b8: 67 datasets; 1.6 s; peak memory 524 MiB.
2026-10-06T07:30:13Z INFO [312/750] 4bb0f117-2ea9-4d24-bdd3-7012f9b29b3d: 112 datasets; 2.0 s; peak memory 524 MiB.
2026-10-06T07:30:15Z INFO [313/750] 4bb10829-f6e9-4120-9863-ca97dcc6bf44: 48 datasets; 1.3 s; peak memory 524 MiB.
2026-10-06T07:30:16Z INFO [314/750] 4bb12315-c245-44c7-9821-bd884ac6707e: 117 datasets; 1.5 s; peak memory 524 MiB.
2026-10-06T07:30:17Z INFO [315/750] 4bb1bde2-7c1d-4c14-93dd-aaf6f216e282: 48 datasets; 1.3 s; peak memory 524 MiB.
2026-10-06T07:30:21Z INFO [316/750] 4bb32538-1684-4ef3-9221-4a85f245d1bf: 85 datasets; 3.7 s; peak memory 524 MiB.
2026-10-06T07:32:55Z INFO [317/750] 4bb5b30e-2417-4a82-95cd-d4aebeaa0b49: 167 datasets; 153.5 s; peak memory 524 MiB.
2026-10-06T07:35:12Z INFO [318/750] 4bb5db2f-3751-47e2-b77d-c84a4846a3a0: 55 datasets; 137.2 s; peak memory 524 MiB.
2026-10-06T07:35:13Z INFO [319/750] 4bb63c48-ea81-4b3d-b232-68cadf07c27d: 46 datasets; 1.0 s; peak memory 524 MiB.
2026-10-06T07:35:15Z INFO [320/750] 4bb72e63-33af-42cd-8d66-690ad019853a: 112 datasets; 2.1 s; peak memory 524 MiB.
2026-10-06T07:35:16Z INFO [321/750] 4bb73966-8fe9-45c9-81e7-a7a27a98dae9: 46 datasets; 1.1 s; peak memory 524 MiB.
2026-10-06T07:35:34Z INFO [322/750] 4bb7404b-bd1c-4f68-872d-112e057c27d3: 278 datasets; 18.5 s; peak memory 524 MiB.
2026-10-06T07:35:36Z INFO [323/750] 4bb75aad-e8bb-4f24-88bf-ce3d0b6297cc: 84 datasets; 1.7 s; peak memory 524 MiB.
2026-10-06T07:35:38Z INFO [324/750] 4bb8307e-d3de-4b2f-b80d-a96c54dacf5a: 71 datasets; 2.2 s; peak memory 524 MiB.
2026-10-06T07:35:40Z INFO [325/750] 4bb87237-1ba0-4c69-ac38-0d755efff567: 48 datasets; 1.4 s; peak memory 524 MiB.
2026-10-06T07:35:42Z INFO [326/750] 4bb92a63-9a9b-4ab7-9345-a2ea07ffbc96: 71 datasets; 2.6 s; peak memory 524 MiB.
2026-10-06T07:35:44Z INFO [327/750] 4bba847c-bc4c-4140-ab6f-ede206740ebf: 65 datasets; 1.8 s; peak memory 524 MiB.
2026-10-06T07:35:46Z INFO [328/750] 4bbad0e8-8eb7-4259-b459-4ee6653b0909: 112 datasets; 1.7 s; peak memory 524 MiB.
2026-10-06T07:35:47Z INFO [329/750] 4bbad7f5-8cd5-4664-9b38-b5a86e86dbff: 117 datasets; 1.5 s; peak memory 524 MiB.
2026-10-06T07:35:49Z INFO [330/750] 4bbb6400-23bc-4750-ba84-d8de5875d7be: 117 datasets; 1.5 s; peak memory 524 MiB.
2026-10-06T07:35:50Z INFO [331/750] 4bbb895c-dce0-4544-8a1d-b454395a6a90: 45 datasets; 1.1 s; peak memory 524 MiB.
2026-10-06T07:35:51Z INFO [332/750] 4bbb9264-9e89-4871-8e1b-41f06217ef9d: 48 datasets; 1.4 s; peak memory 524 MiB.
2026-10-06T07:35:53Z INFO [333/750] 4bbc08b5-17f7-45a0-99e6-15b174a3e15f: 118 datasets; 1.6 s; peak memory 524 MiB.
2026-10-06T07:35:54Z INFO [334/750] 4bbc959f-436e-4cba-abe7-65f40db7078e: 116 datasets; 1.5 s; peak memory 524 MiB.
2026-10-06T07:36:13Z INFO [335/750] 4bbce1ac-1a91-4cf0-b1b3-1eedb58219c8: 432 datasets; 18.8 s; peak memory 524 MiB.
2026-10-06T07:36:15Z INFO [336/750] 4bbd0d02-7a99-4049-afdb-a2384d594c3c: 48 datasets; 1.4 s; peak memory 524 MiB.
2026-10-06T07:36:19Z INFO [337/750] 4bbd86cd-a56e-4be1-8ce2-c1484a33a95a: 156 datasets; 4.2 s; peak memory 524 MiB.
2026-10-06T07:36:20Z INFO [338/750] 4bbda70d-6c51-4818-9393-cf7f056ec5b4: 117 datasets; 1.6 s; peak memory 524 MiB.
2026-10-06T07:36:22Z INFO [339/750] 4bbf4fae-4a81-4ea4-8515-4e7d7ede3b73: 48 datasets; 1.3 s; peak memory 524 MiB.
2026-10-06T07:36:23Z INFO [340/750] 4bbf83c4-10f4-4d4f-9f00-5eb540384d1a: 116 datasets; 1.6 s; peak memory 524 MiB.
2026-10-06T07:36:26Z INFO [341/750] 4bc04951-6260-4dd8-8b58-9dd6dd897858: 114 datasets; 3.1 s; peak memory 524 MiB.
2026-10-06T07:36:28Z INFO [342/750] 4bc0e8f4-d5b9-4f9c-8e13-42d7bd326753: 48 datasets; 1.3 s; peak memory 524 MiB.
2026-10-06T07:36:40Z INFO [343/750] 4bc0ebbb-c6b0-4a10-bc5f-c88fa69d3532: 107 datasets; 11.8 s; peak memory 524 MiB.
2026-10-06T07:36:41Z INFO [344/750] 4bc11a73-2f70-4717-a264-e24f9cae6c4b: 63 datasets; 1.2 s; peak memory 524 MiB.
2026-10-06T07:36:42Z INFO [345/750] 4bc15e74-bdeb-4b16-b57d-12870f1673ee: 118 datasets; 1.5 s; peak memory 524 MiB.
2026-10-06T07:36:45Z INFO [346/750] 4bc1af55-4bbe-4e6f-8798-3b97475bd979: 71 datasets; 2.3 s; peak memory 524 MiB.
2026-10-06T07:36:46Z INFO [347/750] 4bc2daf5-8703-4676-ae7c-d6e9346afd94: 48 datasets; 1.6 s; peak memory 524 MiB.
2026-10-06T07:36:58Z INFO [348/750] 4bc321bf-8063-4ab2-b60d-1c362b4e8bbe: 680 datasets; 11.9 s; peak memory 524 MiB.
2026-10-06T07:37:00Z INFO [349/750] 4bc3fe8d-b16c-46ae-b7c4-d61334495c33: 49 datasets; 1.6 s; peak memory 524 MiB.
2026-10-06T07:37:02Z INFO [350/750] 4bc510ec-56f2-445f-96a9-91eac5a196a0: 112 datasets; 1.9 s; peak memory 524 MiB.
2026-10-06T07:37:02Z INFO [350/750] 4bc510ec-56f2-445f-96a9-91eac5a196a0: checkpointed 83435 records.
2026-10-06T07:37:06Z INFO [351/750] 4bc5e725-80f5-4bfd-b97b-374ce8e2d26a: 270 datasets; 4.3 s; peak memory 524 MiB.
2026-10-06T07:37:07Z INFO [352/750] 4bc6ad07-af8a-4836-9762-5ce87aa35c83: 81 datasets; 1.4 s; peak memory 524 MiB.
2026-10-06T07:37:10Z INFO [353/750] 4bc74c90-db08-4c97-8bd4-e9a87e5d4c44: 71 datasets; 2.4 s; peak memory 524 MiB.
2026-10-06T07:37:11Z INFO [354/750] 4bc891ec-6541-4069-bb33-ef9720117d06: 48 datasets; 1.3 s; peak memory 524 MiB.
2026-10-06T07:37:18Z INFO [355/750] 4bc8a214-361d-4133-a929-c90a645b3b7b: 225 datasets; 7.2 s; peak memory 524 MiB.
2026-10-06T07:37:20Z INFO [356/750] 4bc8bc82-5be8-4216-936e-f4d7930591d8: 79 datasets; 1.6 s; peak memory 524 MiB.
2026-10-06T07:37:32Z INFO [357/750] 4bc8f960-6678-4457-948f-373559677cb8: 712 datasets; 12.0 s; peak memory 524 MiB.
2026-10-06T07:37:33Z INFO [358/750] 4bc8fc4e-724d-483e-a4c7-71f8d8312385: 46 datasets; 1.1 s; peak memory 524 MiB.
2026-10-06T07:37:36Z INFO [359/750] 4bc90942-4831-4bf3-a904-3cfad3d67d7a: 118 datasets; 2.8 s; peak memory 524 MiB.
2026-10-06T07:37:51Z INFO [360/750] 4bc920e4-6013-4e49-acf8-60dda660c7c5: 881 datasets; 14.8 s; peak memory 524 MiB.
2026-10-06T07:37:59Z INFO [361/750] 4bc989dd-c7e3-46e8-b53e-14b8b4604d04: 877 datasets; 8.3 s; peak memory 524 MiB.
2026-10-06T07:38:00Z INFO [362/750] 4bc9bc13-a0b6-46f4-a09a-853254136f81: 448 datasets; 1.4 s; peak memory 524 MiB.
2026-10-06T07:38:02Z INFO [363/750] 4bca1462-7d9f-4a2a-a597-f92002afb150: 112 datasets; 1.6 s; peak memory 524 MiB.
2026-10-06T07:38:20Z INFO [364/750] 4bcb7d3d-d0fc-41c1-b9d2-5a926648059c: 1125 datasets; 18.3 s; peak memory 524 MiB.
2026-10-06T07:38:22Z INFO [365/750] 4bcc03f6-c98c-4d10-a687-2d40e90d0570: 117 datasets; 1.7 s; peak memory 524 MiB.
2026-10-06T07:38:23Z INFO [366/750] 4bcc04ee-bb4d-4748-bd28-3be296615c85: 48 datasets; 1.5 s; peak memory 524 MiB.
2026-10-06T07:38:25Z INFO [367/750] 4bcc0a50-a3de-4854-b6d7-b639f5ec9044: 42 datasets; 1.5 s; peak memory 524 MiB.
2026-10-06T07:38:35Z INFO [368/750] 4bcc1f05-5584-4f5c-bf7f-4e317290ad40: 1053 datasets; 9.7 s; peak memory 524 MiB.
2026-10-06T07:38:36Z INFO [369/750] 4bcc4c07-6f9b-419f-af8c-0fa2d66710a9: 55 datasets; 1.1 s; peak memory 524 MiB.
2026-10-06T07:38:39Z INFO [370/750] 4bccc5c8-0514-4dfb-88e8-41eca0bd5697: 115 datasets; 3.2 s; peak memory 524 MiB.
2026-10-06T07:38:41Z INFO [371/750] 4bcdfb73-5c6f-4bf7-ac6d-aa8700903590: 112 datasets; 1.8 s; peak memory 524 MiB.
2026-10-06T07:38:42Z INFO [372/750] 4bd02c1f-7067-472b-9fca-490f444c9649: 50 datasets; 1.4 s; peak memory 524 MiB.
2026-10-06T07:38:44Z INFO [373/750] 4bd0c26d-9932-4ae5-96cd-132fe916a4bc: 42 datasets; 1.9 s; peak memory 524 MiB.
2026-10-06T07:38:53Z INFO [374/750] 4bd385fc-febf-45dc-8b29-3326e0ec478c: 844 datasets; 9.4 s; peak memory 524 MiB.
2026-10-06T07:39:13Z INFO [375/750] 4bd44b7b-c705-4cfc-8ee3-1255ccd3a864: 413 datasets; 20.2 s; peak memory 524 MiB.
2026-10-06T07:39:15Z INFO [376/750] 4bd4892f-8b25-4e93-adae-ff9d4878a557: 48 datasets; 1.4 s; peak memory 524 MiB.
2026-10-06T07:39:18Z INFO [377/750] 4bd4f941-f36f-45db-a778-756bdf26013b: 119 datasets; 2.6 s; peak memory 524 MiB.
2026-10-06T07:39:19Z INFO [378/750] 4bd5bd23-60e5-4272-afbe-2488cf439cb2: 56 datasets; 1.1 s; peak memory 524 MiB.
2026-10-06T07:39:20Z INFO [379/750] 4bd66b16-2a1c-4509-b0d9-7fae93762d46: 45 datasets; 1.1 s; peak memory 524 MiB.
2026-10-06T07:39:27Z INFO [380/750] 4bd686ff-898a-4df3-bd6d-2714b623041b: 538 datasets; 7.3 s; peak memory 524 MiB.
2026-10-06T07:39:28Z INFO [381/750] 4bd76101-4e6f-40a3-9cac-eb53155081d0: 48 datasets; 1.3 s; peak memory 524 MiB.
2026-10-06T07:39:30Z INFO [382/750] 4bd7c800-3f1f-42cb-8f8a-36f4e1eb2cbd: 71 datasets; 1.8 s; peak memory 524 MiB.
2026-10-06T07:39:32Z INFO [383/750] 4bd92036-c56c-4e1c-a165-d45cf0068220: 117 datasets; 1.7 s; peak memory 524 MiB.
2026-10-06T07:39:34Z INFO [384/750] 4bda379e-22ce-4321-8298-85696d24c8b8: 69 datasets; 2.3 s; peak memory 524 MiB.
2026-10-06T07:39:35Z INFO [385/750] 4bda42c2-c103-44b8-a5e3-5780246fd08e: 46 datasets; 1.1 s; peak memory 524 MiB.
2026-10-06T07:39:37Z INFO [386/750] 4bdaa865-7c72-4447-8c9c-ff228fa4f1fa: 48 datasets; 1.4 s; peak memory 524 MiB.
2026-10-06T07:39:38Z INFO [387/750] 4bdb6222-83c3-4c7f-9df4-55876d0936d3: 48 datasets; 1.4 s; peak memory 524 MiB.
2026-10-06T07:39:40Z INFO [388/750] 4bdb87fe-eba5-4f8a-884a-3a4941f31d50: 117 datasets; 1.6 s; peak memory 524 MiB.
2026-10-06T07:39:41Z INFO [389/750] 4bdc01e1-b319-444e-b62e-fe7a4f66e684: 71 datasets; 1.8 s; peak memory 524 MiB.
2026-10-06T07:39:43Z INFO [390/750] 4bdd0ac7-3229-47bf-ae48-5f6dd477bb58: 117 datasets; 1.5 s; peak memory 524 MiB.
2026-10-06T07:39:45Z INFO [391/750] 4bdd16db-bc13-4f42-a998-596b3c2fb454: 66 datasets; 2.6 s; peak memory 524 MiB.
2026-10-06T07:39:47Z INFO [392/750] 4bdd4dac-05be-436d-bed8-80564a4e5605: 48 datasets; 1.4 s; peak memory 524 MiB.
2026-10-06T07:39:49Z INFO [393/750] 4bddeec0-0f53-463a-a633-610f8b881204: 110 datasets; 1.8 s; peak memory 524 MiB.
2026-10-06T07:39:50Z INFO [394/750] 4bdec71b-431a-4662-a444-6e041c31e431: 117 datasets; 1.4 s; peak memory 524 MiB.
2026-10-06T07:39:52Z INFO [395/750] 4bdf1bed-6ba4-4e5f-ba83-dce7f9d0085c: 118 datasets; 1.5 s; peak memory 524 MiB.
2026-10-06T07:39:54Z INFO [396/750] 4bdf8d29-d054-4f10-a1b8-752c7d87f15b: 71 datasets; 2.2 s; peak memory 524 MiB.
2026-10-06T07:40:01Z INFO [397/750] 4be0666a-f11a-4087-a90b-e75a4fc7ef6f: 238 datasets; 7.2 s; peak memory 524 MiB.
2026-10-06T07:40:03Z INFO [398/750] 4be0acf6-ee36-412a-aedd-47c94bb9ebbb: 118 datasets; 1.5 s; peak memory 524 MiB.
2026-10-06T07:40:04Z INFO [399/750] 4be0e11d-f8a3-44e3-afa4-2ab1b1c691e7: 117 datasets; 1.8 s; peak memory 524 MiB.
2026-10-06T07:40:07Z INFO [400/750] 4be1d912-74bd-4bf5-b739-3b02fee8137f: 71 datasets; 2.6 s; peak memory 524 MiB.
2026-10-06T07:40:07Z INFO [400/750] 4be1d912-74bd-4bf5-b739-3b02fee8137f: checkpointed 83485 records.
2026-10-06T07:40:09Z INFO [401/750] 4be25784-a657-44f0-a14d-57299f2fa82a: 117 datasets; 1.5 s; peak memory 524 MiB.
2026-10-06T07:40:11Z INFO [402/750] 4be2e6f0-1466-444b-8da6-6bb6fe6ccb6e: 71 datasets; 2.6 s; peak memory 524 MiB.
2026-10-06T07:40:13Z INFO [403/750] 4be2fa9d-f812-44a0-b2cc-3180b6b790cf: 275 datasets; 2.0 s; peak memory 524 MiB.
2026-10-06T07:40:15Z INFO [404/750] 4be3bc62-ffc8-48f1-9dbc-2e22a16b17bd: 112 datasets; 1.9 s; peak memory 524 MiB.
2026-10-06T07:40:16Z INFO [405/750] 4be49c0d-26a9-4bb0-8176-473e8ce0d163: 55 datasets; 1.1 s; peak memory 524 MiB.
2026-10-06T07:40:18Z INFO [406/750] 4be4c9e4-0ec1-4fbd-8e2a-1ba3ceb54362: 69 datasets; 1.9 s; peak memory 524 MiB.
2026-10-06T07:40:20Z INFO [407/750] 4be4e382-a13f-4013-9480-d26d08b2a8de: 112 datasets; 1.7 s; peak memory 524 MiB.
2026-10-06T07:40:21Z INFO [408/750] 4be4e519-120b-423c-95f3-1acab854fe68: 46 datasets; 1.0 s; peak memory 524 MiB.
2026-10-06T07:40:24Z INFO [409/750] 4be56574-dbf1-48ee-afff-76efce79c86c: 38 datasets; 3.2 s; peak memory 524 MiB.
2026-10-06T07:40:31Z INFO [410/750] 4be66afd-4b3b-4989-8748-1e20c5852271: 575 datasets; 7.3 s; peak memory 524 MiB.
2026-10-06T07:40:33Z INFO [411/750] 4be6b47b-fd9a-4aa3-b62d-56bc427ca6c2: 48 datasets; 1.4 s; peak memory 524 MiB.
2026-10-06T07:40:35Z INFO [412/750] 4be763c6-7975-4d6c-ba17-42aa9446934e: 112 datasets; 2.0 s; peak memory 524 MiB.
2026-10-06T07:40:36Z INFO [413/750] 4be7bc36-e517-46a0-9972-f4281616549b: 64 datasets; 1.4 s; peak memory 524 MiB.
2026-10-06T07:40:38Z INFO [414/750] 4be907e8-7bd1-42f4-ab22-a7bc945c85d2: 48 datasets; 1.5 s; peak memory 524 MiB.
2026-10-06T07:40:39Z INFO [415/750] 4bea19df-8955-495a-a5d5-43419aa48bc7: 48 datasets; 1.2 s; peak memory 524 MiB.
2026-10-06T07:40:40Z INFO [416/750] 4beb0bdb-6831-437a-a60d-51c30230da40: 46 datasets; 1.0 s; peak memory 524 MiB.
2026-10-06T07:41:05Z INFO [417/750] 4bec5472-8876-4148-aaa6-d8aeaf36d597: 522 datasets; 24.7 s; peak memory 524 MiB.
2026-10-06T07:41:06Z INFO [418/750] 4bec8abf-0c50-4d91-b92f-c7388c64641f: 48 datasets; 1.4 s; peak memory 524 MiB.
2026-10-06T07:41:07Z INFO [419/750] 4becffb9-3781-4762-b6c5-91188bd62934: 112 datasets; 1.6 s; peak memory 524 MiB.
2026-10-06T07:41:09Z INFO [420/750] 4bedb6cb-c680-4b53-a789-e381aa40bd6a: 112 datasets; 2.0 s; peak memory 524 MiB.
2026-10-06T07:41:10Z INFO [421/750] 4bee0509-b01a-4917-92cc-d238fdee5f3e: 46 datasets; 1.0 s; peak memory 524 MiB.
2026-10-06T07:41:12Z INFO [422/750] 4bee979a-8dd3-4f98-a701-c740d777e8bb: 79 datasets; 1.6 s; peak memory 524 MiB.
2026-10-06T07:41:23Z INFO [423/750] 4befc8fb-387e-48ae-8ccc-4560f0be7d6c: 604 datasets; 11.4 s; peak memory 524 MiB.
2026-10-06T07:41:25Z INFO [424/750] 4bf037e2-f947-4a4f-aada-6ec808db1fa7: 116 datasets; 1.7 s; peak memory 524 MiB.
2026-10-06T07:41:27Z INFO [425/750] 4bf1d0d8-35e3-4436-99ee-55584b95b7f8: 117 datasets; 1.5 s; peak memory 524 MiB.
2026-10-06T07:41:43Z INFO [426/750] 4bf1f007-749b-4bca-83d6-b777ece5251a: 875 datasets; 15.9 s; peak memory 524 MiB.
2026-10-06T07:41:45Z INFO [427/750] 4bf25038-edbe-45c5-a9cc-08956d3b1167: 66 datasets; 2.1 s; peak memory 524 MiB.
2026-10-06T07:41:46Z INFO [428/750] 4bf2f9ab-ad83-41a9-a81f-e48dd891fe6f: 64 datasets; 1.4 s; peak memory 524 MiB.
2026-10-06T07:41:47Z INFO [429/750] 4bf30f08-2590-491c-ab5a-aed1eb53d699: 44 datasets; 1.1 s; peak memory 524 MiB.
2026-10-06T07:41:49Z INFO [430/750] 4bf34657-ed0e-442b-b2db-cc7f91c6cbeb: 42 datasets; 1.6 s; peak memory 524 MiB.
2026-10-06T07:41:51Z INFO [431/750] 4bf481aa-048a-442f-8b60-afe4a6d38e4a: 112 datasets; 2.1 s; peak memory 524 MiB.
2026-10-06T07:41:53Z INFO [432/750] 4bf58358-037e-437d-a510-056d9d577989: 132 datasets; 1.7 s; peak memory 524 MiB.
2026-10-06T07:41:54Z INFO [433/750] 4bf58b2b-441c-4cb0-a66a-2208549d3310: 112 datasets; 1.9 s; peak memory 524 MiB.
2026-10-06T07:44:28Z INFO [434/750] 4bf598b8-682d-4114-94cd-1f92015a53e5: 241 datasets; 153.3 s; peak memory 524 MiB.
2026-10-06T07:44:29Z INFO [435/750] 4bf663d2-cec4-4060-9871-dcccf379af2c: 50 datasets; 1.6 s; peak memory 524 MiB.
2026-10-06T07:44:37Z INFO [436/750] 4bf6bfd7-48ce-4221-90a9-7a198a2805e5: 194 datasets; 7.9 s; peak memory 524 MiB.
2026-10-06T07:44:39Z INFO [437/750] 4bf7a286-3b9c-4ae5-9ba8-a86bad010bf6: 109 datasets; 1.6 s; peak memory 524 MiB.
2026-10-06T07:44:40Z INFO [438/750] 4bf7c69f-12d2-48e4-8ab4-d47aeae994bd: 118 datasets; 1.7 s; peak memory 524 MiB.
2026-10-06T07:44:42Z INFO [439/750] 4bf7cfae-7f12-49ac-8bca-4ebfbdc41053: 78 datasets; 1.6 s; peak memory 524 MiB.
2026-10-06T07:44:44Z INFO [440/750] 4bf7e7d3-fd4e-46be-babf-0c1d4d6eb565: 118 datasets; 1.7 s; peak memory 524 MiB.
2026-10-06T07:44:45Z INFO [441/750] 4bf7ed1d-b36f-433f-900f-a9850f2cb032: 56 datasets; 1.0 s; peak memory 524 MiB.
2026-10-06T07:44:46Z INFO [442/750] 4bf841c2-5270-4d10-a6a7-2aa3755e5d09: 116 datasets; 1.5 s; peak memory 524 MiB.
2026-10-06T07:44:51Z INFO [443/750] 4bf85083-987f-4065-bc2a-3ee5d1c8b666: 92 datasets; 4.6 s; peak memory 524 MiB.
2026-10-06T07:44:52Z INFO [444/750] 4bf86222-5d72-4309-9c68-aff97babcde6: 39 datasets; 1.3 s; peak memory 524 MiB.
2026-10-06T07:44:53Z INFO [445/750] 4bf8ba31-fdcf-436d-a26e-dd7b41854de8: 48 datasets; 1.3 s; peak memory 524 MiB.
2026-10-06T07:44:55Z INFO [446/750] 4bf95cd7-c6c3-41db-8488-a42dd425a664: 117 datasets; 1.5 s; peak memory 524 MiB.
2026-10-06T07:44:58Z INFO [447/750] 4bfaa296-995b-4ab0-966e-acaa23963fb8: 119 datasets; 2.6 s; peak memory 524 MiB.
2026-10-06T07:45:00Z INFO [448/750] 4bfad255-11c0-484f-a66d-5c6d02be58a2: 69 datasets; 2.0 s; peak memory 524 MiB.
2026-10-06T07:45:02Z INFO [449/750] 4bfb65cd-7237-4aa1-b23b-6dba6b1128dd: 51 datasets; 2.0 s; peak memory 524 MiB.
2026-10-06T07:45:03Z INFO [450/750] 4bfb8b4b-b567-4775-a9bf-3e6011c2a7ef: 39 datasets; 1.4 s; peak memory 524 MiB.
2026-10-06T07:45:03Z INFO [450/750] 4bfb8b4b-b567-4775-a9bf-3e6011c2a7ef: checkpointed 83535 records.
2026-10-06T07:45:06Z INFO [451/750] 4bfbbef6-7373-4a88-b5d7-6fe11209aa7a: 131 datasets; 2.8 s; peak memory 524 MiB.
2026-10-06T07:45:07Z INFO [452/750] 4bfcfdf5-0121-4810-b881-37a9438a781d: 48 datasets; 1.3 s; peak memory 524 MiB.
2026-10-06T07:45:14Z INFO [453/750] 4bfd3066-4ffc-4d58-9c44-04ce8358a1c2: 200 datasets; 6.8 s; peak memory 524 MiB.
2026-10-06T07:45:17Z INFO [454/750] 4bfe60d9-ce12-42bf-b35a-d2cdc137788c: 115 datasets; 3.0 s; peak memory 524 MiB.
2026-10-06T07:45:18Z INFO [455/750] 4bfebf10-197a-444d-924b-3d40a7f7a21b: 37 datasets; 1.0 s; peak memory 524 MiB.
2026-10-06T07:45:19Z INFO [456/750] 4bff0c0f-aae0-4984-84fd-d8933cbce79c: 46 datasets; 1.0 s; peak memory 524 MiB.
2026-10-06T07:45:20Z INFO [457/750] 4bff347a-f93e-453e-821e-7d06ae0fc748: 46 datasets; 1.4 s; peak memory 524 MiB.
2026-10-06T07:45:23Z INFO [458/750] 4c00b38d-a09a-4a48-9ed4-85b5fee10f8c: 112 datasets; 2.2 s; peak memory 524 MiB.
2026-10-06T07:45:27Z INFO [459/750] 4c0103f8-4c5d-4a48-9bc0-85866fea8e41: 184 datasets; 4.5 s; peak memory 524 MiB.
2026-10-06T07:45:31Z INFO [460/750] 4c015ec3-b4bf-4ef2-95ab-543dce02c103: 62 datasets; 3.8 s; peak memory 524 MiB.
2026-10-06T07:45:48Z INFO [461/750] 4c01acf9-6f5c-4ddb-95bd-38e91dd9d8a8: 728 datasets; 17.2 s; peak memory 524 MiB.
2026-10-06T07:45:50Z INFO [462/750] 4c02c86b-5c88-4554-bd9f-a2825adae690: 65 datasets; 1.5 s; peak memory 524 MiB.
2026-10-06T07:46:01Z INFO [463/750] 4c03060e-acab-4cd6-a7bb-1fdc6e001baa: 841 datasets; 11.2 s; peak memory 524 MiB.
2026-10-06T07:46:03Z INFO [464/750] 4c04e119-b91b-4dee-8de8-7d4f70f34fab: 116 datasets; 1.9 s; peak memory 524 MiB.
2026-10-06T07:46:05Z INFO [465/750] 4c055b41-49fd-41eb-9d7c-646c493aa2fa: 117 datasets; 1.7 s; peak memory 524 MiB.
2026-10-06T07:46:11Z INFO [466/750] 4c05e543-c0a6-4618-bd0d-ba24a049cf12: 170 datasets; 6.1 s; peak memory 524 MiB.
2026-10-06T07:46:15Z INFO [467/750] 4c072bd0-66cb-4b75-b2bb-1ad979d415a1: 215 datasets; 4.6 s; peak memory 524 MiB.
2026-10-06T07:46:17Z INFO [468/750] 4c0808b3-ce81-47f5-b2dc-5ddaaa5b25d8: 46 datasets; 1.5 s; peak memory 524 MiB.
2026-10-06T07:46:19Z INFO [469/750] 4c087bdc-771b-4b99-91e6-830f96b647e4: 119 datasets; 2.6 s; peak memory 524 MiB.
2026-10-06T07:46:23Z INFO [470/750] 4c089089-2670-44c5-8e76-53ba7d303365: 296 datasets; 4.0 s; peak memory 524 MiB.
2026-10-06T07:46:25Z INFO [471/750] 4c08e8ac-16c8-4aea-97f8-5ec27d0db45f: 71 datasets; 2.1 s; peak memory 524 MiB.
2026-10-06T07:46:27Z INFO [472/750] 4c09cf72-aeb8-4cb2-8379-ca18aa72e7d1: 117 datasets; 1.5 s; peak memory 524 MiB.
2026-10-06T07:46:28Z INFO [473/750] 4c0a5905-4137-4a65-894c-fc2e947c3042: 56 datasets; 1.1 s; peak memory 524 MiB.
2026-10-06T07:46:30Z INFO [474/750] 4c0ab19b-1877-4ede-b399-bbb0ff92eb5b: 118 datasets; 1.6 s; peak memory 524 MiB.
2026-10-06T07:49:18Z INFO [475/750] 4c0ac304-9f45-47d6-9481-997d38383254: 260 datasets; 168.1 s; peak memory 524 MiB.
2026-10-06T07:49:25Z INFO [476/750] 4c0acbb6-0338-4a36-94c3-55f5a0ffba44: 258 datasets; 7.6 s; peak memory 524 MiB.
2026-10-06T07:49:28Z INFO [477/750] 4c0b2fc1-efc9-43ca-8b34-907f5f3fbaef: 112 datasets; 2.3 s; peak memory 524 MiB.
2026-10-06T07:49:29Z INFO [478/750] 4c0b5c53-59a5-40f0-b43e-d014e4b7ccee: 46 datasets; 1.1 s; peak memory 524 MiB.
2026-10-06T07:49:40Z INFO [479/750] 4c0ce0f1-3542-4137-a8bd-29ace00b77a8: 784 datasets; 11.0 s; peak memory 524 MiB.
2026-10-06T07:52:10Z INFO [480/750] 4c0e66c3-7c44-4044-b18b-71e71a70058f: 413 datasets; 150.8 s; peak memory 524 MiB.
2026-10-06T07:52:20Z INFO [481/750] 4c0ea683-ea41-4401-a0eb-34e7c8a8d4be: 1003 datasets; 9.6 s; peak memory 524 MiB.
2026-10-06T07:52:22Z INFO [482/750] 4c0ec643-5763-4bdc-b6ab-679c891c1514: 93 datasets; 2.2 s; peak memory 524 MiB.
2026-10-06T07:52:23Z INFO [483/750] 4c0f2ee7-d355-4aeb-9676-af077316da4e: 57 datasets; 1.1 s; peak memory 524 MiB.
2026-10-06T07:52:25Z INFO [484/750] 4c0f37cd-bd22-4b05-a273-0917bb69455c: 66 datasets; 2.0 s; peak memory 524 MiB.
2026-10-06T07:54:58Z INFO [485/750] 4c108d88-9689-4872-89eb-57ff5f7fe88e: 62 datasets; 152.5 s; peak memory 524 MiB.
2026-10-06T07:55:00Z INFO [486/750] 4c10a1e9-b2c2-4cac-9e2d-3453e47a21d1: 112 datasets; 2.0 s; peak memory 524 MiB.
2026-10-06T07:55:02Z INFO [487/750] 4c10eb8f-7901-4851-ae14-892bf5d423f3: 112 datasets; 2.0 s; peak memory 524 MiB.
2026-10-06T07:55:08Z INFO [488/750] 4c1154b4-8673-42b7-aeb4-9f56d026ef6b: 544 datasets; 6.4 s; peak memory 524 MiB.
2026-10-06T07:55:11Z INFO [489/750] 4c1199f6-ddee-4f39-b9de-a1b0b1b7284e: 71 datasets; 2.8 s; peak memory 524 MiB.
2026-10-06T07:55:13Z INFO [490/750] 4c1228a8-e132-46fb-843e-4c558a20ee48: 42 datasets; 1.8 s; peak memory 524 MiB.
2026-10-06T07:55:14Z INFO [491/750] 4c1253a6-d176-4954-995b-8b08baccdfdd: 52 datasets; 1.5 s; peak memory 524 MiB.
2026-10-06T07:55:34Z INFO [492/750] 4c132e83-db11-4546-828f-2abeb0bff743: 1366 datasets; 19.3 s; peak memory 524 MiB.
2026-10-06T07:55:36Z INFO [493/750] 4c136d7d-8c69-4ddc-aa81-23aaf9def656: 112 datasets; 1.9 s; peak memory 524 MiB.
2026-10-06T07:55:41Z INFO [494/750] 4c13b4d1-2ddd-45ab-afb5-1ebdc83afe0a: 106 datasets; 5.0 s; peak memory 524 MiB.
2026-10-06T07:55:42Z INFO [495/750] 4c148694-77b3-4bd9-8df4-7cf7d18d9ee0: 48 datasets; 1.3 s; peak memory 524 MiB.
2026-10-06T07:55:43Z INFO [496/750] 4c14fed4-cc6e-4e3d-909f-f66fc4b17b69: 117 datasets; 1.6 s; peak memory 524 MiB.
2026-10-06T07:55:45Z INFO [497/750] 4c154ab3-ca23-4cbd-b240-ee1cfe840a0c: 112 datasets; 1.9 s; peak memory 524 MiB.
2026-10-06T07:55:47Z INFO [498/750] 4c157fbc-6b76-4147-b65c-62cff019e060: 117 datasets; 1.6 s; peak memory 524 MiB.
2026-10-06T07:55:48Z INFO [499/750] 4c161707-85ca-40c1-a81a-360e5877f848: 116 datasets; 1.5 s; peak memory 524 MiB.
2026-10-06T07:55:50Z INFO [500/750] 4c171b52-a6a3-4d1b-98de-77ef92fa67f5: 48 datasets; 1.3 s; peak memory 524 MiB.
2026-10-06T07:55:50Z INFO [500/750] 4c171b52-a6a3-4d1b-98de-77ef92fa67f5: checkpointed 83585 records.
2026-10-06T07:55:54Z INFO [501/750] 4c173ca0-3ff8-4c2d-9436-8df1de3b6f04: 82 datasets; 3.9 s; peak memory 524 MiB.
2026-10-06T07:55:55Z INFO [502/750] 4c18b691-0570-4e43-a07b-bff2b0f681dd: 48 datasets; 1.5 s; peak memory 524 MiB.
2026-10-06T07:55:57Z INFO [503/750] 4c1923c6-3d20-4ac6-8ba6-1dbc7bd91d6a: 112 datasets; 1.7 s; peak memory 524 MiB.
2026-10-06T07:56:09Z INFO [504/750] 4c19e808-f781-4fd7-9d73-d1317f46d98a: 702 datasets; 12.5 s; peak memory 524 MiB.
2026-10-06T07:56:11Z INFO [505/750] 4c19f487-3a1e-48b3-9fe7-bb3cc4d1f058: 76 datasets; 1.4 s; peak memory 524 MiB.
2026-10-06T07:56:13Z INFO [506/750] 4c1a6365-79c7-4f9b-8eb4-1cef12bf6c78: 66 datasets; 2.3 s; peak memory 524 MiB.
2026-10-06T07:56:15Z INFO [507/750] 4c1a74b9-44d5-4cf6-8818-1c2cbaf618fd: 48 datasets; 1.5 s; peak memory 524 MiB.
2026-10-06T07:56:16Z INFO [508/750] 4c1a91a7-d541-4499-b23c-4a3438134510: 48 datasets; 1.2 s; peak memory 524 MiB.
2026-10-06T07:56:18Z INFO [509/750] 4c1bb75c-0949-49a2-9acc-2e3a456c6bda: 110 datasets; 1.8 s; peak memory 524 MiB.
2026-10-06T07:56:20Z INFO [510/750] 4c1c0520-882a-4c82-8c90-c3d69a4e1bbc: 101 datasets; 2.2 s; peak memory 524 MiB.
2026-10-06T07:56:21Z INFO [511/750] 4c1c15a4-66dc-4dd8-8b90-5041aa88a826: 43 datasets; 1.4 s; peak memory 524 MiB.
2026-10-06T07:56:23Z INFO [512/750] 4c1c9ac2-4e49-48f9-8714-f52a0908f4d4: 48 datasets; 1.3 s; peak memory 524 MiB.
2026-10-06T07:56:24Z INFO [513/750] 4c1d094b-f546-4415-9373-ef3c148fdb38: 117 datasets; 1.5 s; peak memory 524 MiB.
2026-10-06T07:56:26Z INFO [514/750] 4c1d67fd-94c7-4c46-8235-477dae7f54fc: 118 datasets; 2.2 s; peak memory 524 MiB.
2026-10-06T07:56:28Z INFO [515/750] 4c1d87bd-c2b4-4bcd-b647-f9d0af936a7e: 48 datasets; 1.4 s; peak memory 524 MiB.
2026-10-06T07:56:30Z INFO [516/750] 4c1dcc60-b720-4b65-b3d5-19c20efb877c: 119 datasets; 2.8 s; peak memory 524 MiB.
2026-10-06T07:56:32Z INFO [517/750] 4c207f7a-c6ab-4851-9fdd-0cc8f79001f6: 48 datasets; 1.3 s; peak memory 524 MiB.
2026-10-06T07:56:34Z INFO [518/750] 4c20ecc5-f2d0-4ac2-b043-a3493ed7416f: 66 datasets; 2.3 s; peak memory 524 MiB.
2026-10-06T07:56:35Z INFO [519/750] 4c213c0d-1cc1-452c-9d67-86dcc5a581fa: 46 datasets; 1.3 s; peak memory 524 MiB.
2026-10-06T07:56:36Z INFO [520/750] 4c214db1-7c4d-49c4-9033-4b4394e9857a: 46 datasets; 1.0 s; peak memory 524 MiB.
2026-10-06T07:56:38Z INFO [521/750] 4c220a58-7858-435c-ae04-462c5a644446: 48 datasets; 1.3 s; peak memory 524 MiB.
2026-10-06T07:56:39Z INFO [522/750] 4c222f72-ec83-4e70-bc63-422991dbfb79: 46 datasets; 0.9 s; peak memory 524 MiB.
2026-10-06T08:04:18Z INFO [523/750] 4c22b20c-c72c-4269-b7cc-0910fa27b9c6: 44 datasets; 459.8 s; peak memory 678 MiB.
2026-10-06T08:04:20Z INFO [524/750] 4c22cbbe-af7c-4196-b0d3-4e80b3f187f6: 110 datasets; 1.2 s; peak memory 678 MiB.
2026-10-06T08:04:26Z INFO [525/750] 4c23cf93-4057-4c67-a4ca-9547bf502b07: 229 datasets; 6.8 s; peak memory 678 MiB.
2026-10-06T08:04:29Z INFO [526/750] 4c2406ee-ecd9-4015-bb96-df7eb6ed3895: 66 datasets; 2.6 s; peak memory 678 MiB.
2026-10-06T08:04:31Z INFO [527/750] 4c246d89-215a-4740-a4df-3e370bde7458: 117 datasets; 1.5 s; peak memory 678 MiB.
2026-10-06T08:04:32Z INFO [528/750] 4c24c326-9d38-4be4-8be7-6ae4124df9ba: 117 datasets; 1.6 s; peak memory 678 MiB.
2026-10-06T08:04:35Z INFO [529/750] 4c25241b-19da-4939-ae54-638c5d2ff934: 71 datasets; 2.5 s; peak memory 678 MiB.
2026-10-06T08:04:37Z INFO [530/750] 4c252664-5a90-4758-84cf-bcc4e25ad52e: 102 datasets; 2.4 s; peak memory 678 MiB.
2026-10-06T08:04:39Z INFO [531/750] 4c2539c1-54ef-4b39-b105-4deae8adfdd8: 117 datasets; 1.6 s; peak memory 678 MiB.
2026-10-06T08:04:40Z INFO [532/750] 4c25dd8e-9d78-4ec7-9343-d6c8e3b5c798: 48 datasets; 1.3 s; peak memory 678 MiB.
2026-10-06T08:04:43Z INFO [533/750] 4c2606b7-4356-4fbf-9bdb-363c542913b8: 101 datasets; 3.2 s; peak memory 678 MiB.
2026-10-06T08:04:46Z INFO [534/750] 4c2608ae-021c-42b9-a2cc-01304849e250: 87 datasets; 2.4 s; peak memory 678 MiB.
2026-10-06T08:04:47Z INFO [535/750] 4c268057-ec80-4c5a-97d3-cef6bfde091e: 48 datasets; 1.3 s; peak memory 678 MiB.
2026-10-06T08:04:49Z INFO [536/750] 4c269193-0a96-4838-8de1-cad0e6328cc9: 49 datasets; 1.6 s; peak memory 678 MiB.
2026-10-06T08:05:57Z INFO [537/750] 4c2699b6-aab1-44f0-ba93-78b97798fd08: 7262 datasets; 68.5 s; peak memory 678 MiB.
2026-10-06T08:05:58Z INFO [538/750] 4c26ccf3-330b-445f-a246-935716d937b7: 48 datasets; 1.3 s; peak memory 678 MiB.
2026-10-06T08:06:00Z INFO [539/750] 4c26ec02-b517-4c54-9113-add56a198c37: 46 datasets; 1.4 s; peak memory 678 MiB.
2026-10-06T08:06:11Z INFO [540/750] 4c26f053-7977-4791-b3f6-8a0b780d6d06: 721 datasets; 11.0 s; peak memory 678 MiB.
2026-10-06T08:06:13Z INFO [541/750] 4c27a2cc-02f7-4ca5-9950-131851045bc4: 67 datasets; 1.7 s; peak memory 678 MiB.
2026-10-06T08:06:32Z INFO [542/750] 4c27b7c8-3524-406a-9e01-0083f5c5d4c4: 782 datasets; 19.4 s; peak memory 678 MiB.
2026-10-06T08:10:03Z INFO [543/750] 4c27c91b-8053-4b50-b7f9-b3a49a5c4070: 107 datasets; 210.6 s; peak memory 1226 MiB.
2026-10-06T08:10:05Z INFO [544/750] 4c286b09-d6c5-4dca-aa39-5294a4c3eeb2: 131 datasets; 2.5 s; peak memory 1226 MiB.
2026-10-06T08:10:06Z INFO [545/750] 4c286f52-4f49-453d-b3b5-542a57402124: 46 datasets; 1.0 s; peak memory 1226 MiB.
2026-10-06T08:10:07Z INFO [546/750] 4c28fc06-7f34-4dbd-8c17-2a7a42d8a5d4: 45 datasets; 1.0 s; peak memory 1226 MiB.
2026-10-06T08:10:09Z INFO [547/750] 4c28ff00-0392-4f97-82da-83a078afacfc: 112 datasets; 2.0 s; peak memory 1226 MiB.
2026-10-06T08:10:11Z INFO [548/750] 4c297b75-4fba-4d2d-8f76-11c0473788ee: 68 datasets; 1.6 s; peak memory 1226 MiB.
2026-10-06T08:10:13Z INFO [549/750] 4c2bdf37-9a7d-4a8e-9802-7c0784eb40fa: 118 datasets; 1.8 s; peak memory 1226 MiB.
2026-10-06T08:10:15Z INFO [550/750] 4c2c8207-8a11-47e0-982f-e091cb946cea: 71 datasets; 2.0 s; peak memory 1226 MiB.
2026-10-06T08:10:15Z INFO [550/750] 4c2c8207-8a11-47e0-982f-e091cb946cea: checkpointed 83635 records.
2026-10-06T08:10:16Z INFO [551/750] 4c2c85a6-d513-478b-a381-353cd9fc21e2: 84 datasets; 1.6 s; peak memory 1226 MiB.
2026-10-06T08:10:18Z INFO [552/750] 4c2cbf90-9036-4911-9017-33e07f0cad35: 38 datasets; 1.8 s; peak memory 1226 MiB.
2026-10-06T08:10:20Z INFO [553/750] 4c2ccf7a-b4dd-4f97-a8a0-862051ea8983: 43 datasets; 1.5 s; peak memory 1226 MiB.
2026-10-06T08:10:33Z INFO [554/750] 4c2db448-efbe-4ce0-b1b1-8bd728f4b7ea: 985 datasets; 13.0 s; peak memory 1226 MiB.
2026-10-06T08:15:13Z INFO [555/750] 4c2e006c-2f60-421a-b580-404e3716b8f5: 273 datasets; 280.5 s; peak memory 1226 MiB.
2026-10-06T08:15:25Z INFO [556/750] 4c2f548f-593d-493d-879b-c0de8fe66f67: 409 datasets; 12.1 s; peak memory 1226 MiB.
2026-10-06T08:15:28Z INFO [557/750] 4c2f7301-2c80-43e2-95cd-4b26a7305701: 38 datasets; 2.7 s; peak memory 1226 MiB.
2026-10-06T08:15:33Z INFO [558/750] 4c303526-7491-46b5-8918-97b8feff7215: 38 datasets; 5.3 s; peak memory 1226 MiB.
2026-10-06T08:15:36Z INFO [559/750] 4c3038ef-9d9a-4e05-a81c-3c3c6fe8b6a5: 113 datasets; 2.4 s; peak memory 1226 MiB.
2026-10-06T08:15:37Z INFO [560/750] 4c30fca7-621b-43e7-85b3-5ee84f060bb1: 131 datasets; 1.7 s; peak memory 1226 MiB.
2026-10-06T08:15:46Z INFO [561/750] 4c312d9d-77d8-4531-961e-4926e89c6b77: 9079 datasets; 8.7 s; peak memory 1226 MiB.
2026-10-06T08:15:48Z INFO [562/750] 4c31827c-66e9-4def-80f3-9919d2f9a498: 48 datasets; 1.4 s; peak memory 1226 MiB.
2026-10-06T08:15:49Z INFO [563/750] 4c31d5f6-4dbe-4e18-a192-753b5436bc86: 48 datasets; 1.2 s; peak memory 1226 MiB.
2026-10-06T08:15:52Z INFO [564/750] 4c31e421-058c-42b1-8564-42c37af2613b: 119 datasets; 2.8 s; peak memory 1226 MiB.
2026-10-06T08:15:53Z INFO [565/750] 4c3240bd-6654-4fd4-8b5e-cb07b4100636: 46 datasets; 1.0 s; peak memory 1226 MiB.
2026-10-06T08:15:54Z INFO [566/750] 4c32501e-a2c1-478c-8a62-a1eb34220325: 46 datasets; 1.3 s; peak memory 1226 MiB.
2026-10-06T08:15:57Z INFO [567/750] 4c327a72-b9a4-4023-8272-ef35076d5dd6: 115 datasets; 3.1 s; peak memory 1226 MiB.
2026-10-06T08:15:59Z INFO [568/750] 4c328772-3c78-4fdf-bde4-9a51a512f6ec: 110 datasets; 1.6 s; peak memory 1226 MiB.
2026-10-06T08:16:05Z INFO [569/750] 4c32b6f2-ac03-44b8-a4d1-c8f2558da3d0: 238 datasets; 6.4 s; peak memory 1226 MiB.
2026-10-06T08:16:07Z INFO [570/750] 4c33d4c0-41cf-44e5-acb1-a0d18d685473: 66 datasets; 1.7 s; peak memory 1226 MiB.
2026-10-06T08:16:15Z INFO [571/750] 4c3411b8-f978-45bf-9ff7-4a9fffca43c7: 54 datasets; 8.6 s; peak memory 1226 MiB.
2026-10-06T08:16:17Z INFO [572/750] 4c345c5e-c5e1-4781-8678-7290b3c95cd9: 48 datasets; 1.3 s; peak memory 1226 MiB.
2026-10-06T08:16:18Z INFO [573/750] 4c352224-f710-443b-8a6a-4d3445f08c3c: 50 datasets; 1.7 s; peak memory 1226 MiB.
2026-10-06T08:16:20Z INFO [574/750] 4c35611d-5bab-4b7a-b3a3-6f401dd24047: 48 datasets; 1.4 s; peak memory 1226 MiB.
2026-10-06T08:16:22Z INFO [575/750] 4c36f821-0fe1-4bff-ba47-43e6aeb5fc0e: 71 datasets; 2.5 s; peak memory 1226 MiB.
2026-10-06T08:16:24Z INFO [576/750] 4c372b02-ae6a-47f3-969a-0ff802b1a567: 117 datasets; 1.7 s; peak memory 1226 MiB.
2026-10-06T08:16:27Z INFO [577/750] 4c3748e8-aa86-4bd0-873c-779b782004fb: 84 datasets; 3.1 s; peak memory 1226 MiB.
2026-10-06T08:21:58Z INFO [578/750] 4c38376a-4e38-462a-a2f7-3e7cb5d97d1b: 283 datasets; 330.8 s; peak memory 1226 MiB.
2026-10-06T08:22:00Z INFO [579/750] 4c3863f3-907f-4aaf-95b0-ec6de57159b7: 68 datasets; 1.9 s; peak memory 1226 MiB.
2026-10-06T08:22:05Z INFO [580/750] 4c38cfa5-13a9-4170-b140-dc895270f93f: 242 datasets; 5.1 s; peak memory 1226 MiB.
2026-10-06T08:22:08Z INFO [581/750] 4c3bac3b-99a7-4f85-8cb2-84f8b3a4be8c: 84 datasets; 3.3 s; peak memory 1226 MiB.
2026-10-06T08:22:10Z INFO [582/750] 4c3d18a1-065e-4862-aab3-0149410256d0: 69 datasets; 2.0 s; peak memory 1226 MiB.
2026-10-06T08:22:12Z INFO [583/750] 4c3e0dea-4ad9-45df-a5eb-8960f1a77d38: 116 datasets; 1.7 s; peak memory 1226 MiB.
2026-10-06T08:22:13Z INFO [584/750] 4c3e5e74-18e1-43e4-825f-ecef2e26cf1f: 117 datasets; 1.6 s; peak memory 1226 MiB.
2026-10-06T08:22:15Z INFO [585/750] 4c3f03cb-e326-436b-8388-cb82e6b3ea3a: 50 datasets; 1.3 s; peak memory 1226 MiB.
2026-10-06T08:22:32Z INFO [586/750] 4c3f1207-68c9-4029-935f-2c694af055ec: 1177 datasets; 16.8 s; peak memory 1226 MiB.
2026-10-06T08:22:35Z INFO [587/750] 4c3f13e3-f454-4b26-b808-de492132c9aa: 90 datasets; 3.1 s; peak memory 1226 MiB.
2026-10-06T08:22:46Z INFO [588/750] 4c3fef95-ed04-418a-8054-2769f20b7a6e: 557 datasets; 11.2 s; peak memory 1226 MiB.
2026-10-06T08:22:47Z INFO [589/750] 4c403134-a222-4ebe-b256-171f95c065b1: 84 datasets; 1.4 s; peak memory 1226 MiB.
2026-10-06T08:22:54Z INFO [590/750] 4c40cf14-ec3a-4e07-bd61-5943831c231c: 200 datasets; 6.9 s; peak memory 1226 MiB.
2026-10-06T08:22:56Z INFO [591/750] 4c41296e-0a7c-4fdd-93ad-e82a6ad06a9e: 110 datasets; 2.1 s; peak memory 1226 MiB.
2026-10-06T08:22:58Z INFO [592/750] 4c41929e-0232-4fd7-90f5-d63d04f4861a: 48 datasets; 1.3 s; peak memory 1226 MiB.
2026-10-06T08:22:59Z INFO [593/750] 4c427260-5653-40ea-b5cc-f47fc73ea1ae: 110 datasets; 1.5 s; peak memory 1226 MiB.
2026-10-06T08:23:03Z INFO [594/750] 4c441660-863b-459a-99db-adb72b09fbe9: 156 datasets; 4.0 s; peak memory 1226 MiB.
2026-10-06T08:23:06Z INFO [595/750] 4c444f92-1f9e-45e9-bebe-830917e1be63: 71 datasets; 2.5 s; peak memory 1226 MiB.
2026-10-06T08:23:07Z INFO [596/750] 4c447606-e135-4801-b40f-719ab8053e6b: 118 datasets; 1.4 s; peak memory 1226 MiB.
2026-10-06T08:23:08Z INFO [597/750] 4c44d08e-ada9-44bc-8e9f-876fc60daf61: 48 datasets; 1.3 s; peak memory 1226 MiB.
2026-10-06T08:23:10Z INFO [598/750] 4c44ea9f-4186-40e8-8881-442213330cad: 48 datasets; 1.4 s; peak memory 1226 MiB.
2026-10-06T08:23:11Z INFO [599/750] 4c45b9ce-76b7-42bd-b0ae-b742cfb8f910: 46 datasets; 1.0 s; peak memory 1226 MiB.
2026-10-06T08:23:13Z INFO [600/750] 4c45f391-1648-40c5-b9ee-c1ba10838d47: 70 datasets; 2.8 s; peak memory 1226 MiB.
2026-10-06T08:23:14Z INFO [600/750] 4c45f391-1648-40c5-b9ee-c1ba10838d47: checkpointed 83685 records.
2026-10-06T08:23:15Z INFO [601/750] 4c46396e-a21d-49ab-9b5f-148368002f91: 48 datasets; 1.4 s; peak memory 1226 MiB.
2026-10-06T08:23:17Z INFO [602/750] 4c46eaa1-c423-4e3f-b76b-ba68da6d9e40: 49 datasets; 1.8 s; peak memory 1226 MiB.
2026-10-06T08:23:18Z INFO [603/750] 4c473e3f-48cf-4c52-9da5-5727a86888a0: 70 datasets; 1.7 s; peak memory 1226 MiB.
2026-10-06T08:23:21Z INFO [604/750] 4c4797b3-855a-42cc-ba44-c8b7ebb01c36: 66 datasets; 2.6 s; peak memory 1226 MiB.
2026-10-06T08:23:23Z INFO [605/750] 4c4908d6-380a-4bcf-8859-f6bfba1a80a9: 116 datasets; 1.5 s; peak memory 1226 MiB.
2026-10-06T08:23:24Z INFO [606/750] 4c4a96f5-7d67-4d56-92e9-f78ad89e9111: 112 datasets; 1.7 s; peak memory 1226 MiB.
2026-10-06T08:23:26Z INFO [607/750] 4c4ade10-3119-4e65-93e9-bda777c2b8c0: 85 datasets; 1.9 s; peak memory 1226 MiB.
2026-10-06T08:23:31Z INFO [608/750] 4c4b4ae2-eef4-4877-9345-85318579e78d: 451 datasets; 5.1 s; peak memory 1226 MiB.
2026-10-06T08:23:33Z INFO [609/750] 4c4b95b0-312f-4d4e-b6cf-2f09613a1539: 117 datasets; 1.7 s; peak memory 1226 MiB.
2026-10-06T08:45:32Z INFO [610/750] 4c4c4185-b759-467d-893c-c9e5b6dc42c2: 1486 datasets; 1318.9 s; peak memory 1236 MiB.
2026-10-06T08:45:34Z INFO [611/750] 4c4c6c7d-ced8-451d-a277-ecdc53f052f4: 110 datasets; 2.5 s; peak memory 1236 MiB.
2026-10-06T08:45:36Z INFO [612/750] 4c4cde09-8b99-433c-8fbc-6e4d52b2fc81: 48 datasets; 1.4 s; peak memory 1236 MiB.
2026-10-06T08:45:43Z INFO [613/750] 4c4d65d9-6925-45a7-aa0d-ca79e65fd73a: 238 datasets; 7.2 s; peak memory 1236 MiB.
2026-10-06T08:45:44Z INFO [614/750] 4c4dc687-33ee-493c-aa5c-7aeddde9afd5: 48 datasets; 1.4 s; peak memory 1236 MiB.
2026-10-06T08:45:47Z INFO [615/750] 4c4dd6cd-346c-45fd-9694-bd7e470cafd7: 136 datasets; 2.8 s; peak memory 1236 MiB.
2026-10-06T08:45:51Z INFO [616/750] 4c4e4399-9bbc-4697-a269-2b80a53fbf95: 114 datasets; 3.4 s; peak memory 1236 MiB.
2026-10-06T08:45:52Z INFO [617/750] 4c4e5a9e-521d-4509-9287-2e8af459cca9: 48 datasets; 1.3 s; peak memory 1236 MiB.
2026-10-06T08:45:53Z INFO [618/750] 4c4fe421-b86c-4ac6-aa36-4101c22b184c: 114 datasets; 1.5 s; peak memory 1236 MiB.
2026-10-06T08:45:55Z INFO [619/750] 4c506952-9713-41b0-8614-22934b88e556: 112 datasets; 1.8 s; peak memory 1236 MiB.
2026-10-06T08:46:09Z INFO [620/750] 4c508e31-ee14-4fd2-8093-f8b1898c45f6: 900 datasets; 14.3 s; peak memory 1236 MiB.
2026-10-06T08:46:11Z INFO [621/750] 4c50ff81-24e1-46b6-bc64-3880d59fc582: 112 datasets; 1.8 s; peak memory 1236 MiB.
2026-10-06T08:46:13Z INFO [622/750] 4c51bc53-39b0-4517-b21d-fa3e2a8c5518: 77 datasets; 2.0 s; peak memory 1236 MiB.
2026-10-06T08:46:15Z INFO [623/750] 4c51be12-b06a-46a2-aba0-1e5f322c93bd: 117 datasets; 1.7 s; peak memory 1236 MiB.
2026-10-06T08:46:16Z INFO [624/750] 4c51cb98-a0d6-42d2-82df-8a5690c4125a: 48 datasets; 1.3 s; peak memory 1236 MiB.
2026-10-06T08:46:17Z INFO [625/750] 4c528dd5-5144-4e7e-83ab-4958390cf9d4: 46 datasets; 1.0 s; peak memory 1236 MiB.
2026-10-06T08:46:19Z INFO [626/750] 4c52ceb8-ede3-4edd-9436-2dcaa44ec402: 112 datasets; 2.0 s; peak memory 1236 MiB.
2026-10-06T08:46:21Z INFO [627/750] 4c52e0d6-c5b2-4a4f-8430-a3d96433e23a: 118 datasets; 1.6 s; peak memory 1236 MiB.
2026-10-06T08:46:23Z INFO [628/750] 4c5313f8-6d47-4cad-8f66-72bbde97e5e8: 113 datasets; 2.7 s; peak memory 1236 MiB.
2026-10-06T08:46:36Z INFO [629/750] 4c5338f4-828d-4eac-a909-13b52dd834c7: 49 datasets; 12.6 s; peak memory 1236 MiB.
2026-10-06T08:46:37Z INFO [630/750] 4c539e07-65ba-49d2-ae49-98ae49c245d1: 48 datasets; 1.3 s; peak memory 1236 MiB.
2026-10-06T08:46:40Z INFO [631/750] 4c5400c3-a190-4c6d-af7a-8d2eed3788d5: 71 datasets; 2.4 s; peak memory 1236 MiB.
2026-10-06T08:46:42Z INFO [632/750] 4c555de1-fcb5-4826-a545-5f9e7f041b69: 66 datasets; 1.9 s; peak memory 1236 MiB.
2026-10-06T08:46:44Z INFO [633/750] 4c558f59-03f6-4b93-980b-be2bf8880125: 66 datasets; 2.0 s; peak memory 1236 MiB.
2026-10-06T08:46:45Z INFO [634/750] 4c55d833-c7dc-4099-bdb4-ae8d44452813: 41 datasets; 1.2 s; peak memory 1236 MiB.
2026-10-06T08:46:46Z INFO [635/750] 4c561c70-4305-4057-a5b6-d1d65aee3caa: 117 datasets; 1.5 s; peak memory 1236 MiB.
2026-10-06T08:46:47Z INFO [636/750] 4c5642cb-da61-4209-9c9b-01d69b6ebbf2: 46 datasets; 1.0 s; peak memory 1236 MiB.
2026-10-06T08:46:49Z INFO [637/750] 4c56538f-3c55-4c2f-9b27-aa7fd996f5e6: 66 datasets; 2.0 s; peak memory 1236 MiB.
2026-10-06T08:46:51Z INFO [638/750] 4c5726bf-4184-499a-a6b3-f1f7c8ff62ba: 117 datasets; 1.7 s; peak memory 1236 MiB.
2026-10-06T08:46:53Z INFO [639/750] 4c57ca54-348e-4bb3-ab28-a8638430181c: 117 datasets; 1.7 s; peak memory 1236 MiB.
2026-10-06T08:46:54Z INFO [640/750] 4c590596-ea6c-4911-b387-8c3a847c250a: 41 datasets; 1.2 s; peak memory 1236 MiB.
2026-10-06T08:46:56Z INFO [641/750] 4c591197-0fd1-424c-a02b-323bdf0e72a9: 118 datasets; 1.6 s; peak memory 1236 MiB.
2026-10-06T08:46:57Z INFO [642/750] 4c59652d-4c99-4777-93cb-9b15e9ddec30: 48 datasets; 1.3 s; peak memory 1236 MiB.
2026-10-06T08:47:11Z INFO [643/750] 4c59941f-7182-4f6b-a346-6935f516e924: 1651 datasets; 14.5 s; peak memory 1236 MiB.
2026-10-06T08:47:13Z INFO [644/750] 4c5a2873-1319-4397-8b93-cc1111f4052d: 118 datasets; 1.6 s; peak memory 1236 MiB.
2026-10-06T08:47:15Z INFO [645/750] 4c5c4980-44e5-4b55-8ee0-041977967d9a: 51 datasets; 1.6 s; peak memory 1236 MiB.
2026-10-06T08:47:16Z INFO [646/750] 4c5c72bf-1bf8-462d-aa09-b0aa5905f6a1: 48 datasets; 1.3 s; peak memory 1236 MiB.
2026-10-06T08:47:18Z INFO [647/750] 4c5cc7da-eda6-4480-9058-91c50b3fc59f: 66 datasets; 2.4 s; peak memory 1236 MiB.
2026-10-06T08:47:20Z INFO [648/750] 4c5d0102-03da-4c10-a759-94bfefeecf91: 48 datasets; 1.4 s; peak memory 1236 MiB.
2026-10-06T08:47:21Z INFO [649/750] 4c5d65b9-9fb7-475b-b28f-755ba969b06c: 112 datasets; 1.9 s; peak memory 1236 MiB.
2026-10-06T08:47:28Z INFO [650/750] 4c5ddb3b-c83e-4eb5-a438-6f109a9c0b58: 229 datasets; 6.7 s; peak memory 1236 MiB.
2026-10-06T08:47:28Z INFO [650/750] 4c5ddb3b-c83e-4eb5-a438-6f109a9c0b58: checkpointed 83735 records.
2026-10-06T08:47:35Z INFO [651/750] 4c5f282c-638c-40a2-9616-f87bef75a808: 257 datasets; 6.7 s; peak memory 1236 MiB.
2026-10-06T08:47:37Z INFO [652/750] 4c5f7620-8ac2-48ec-969d-5fa556df1d8c: 69 datasets; 1.8 s; peak memory 1236 MiB.
2026-10-06T08:47:38Z INFO [653/750] 4c5fbb99-cdf6-41ed-ab1e-8742ec32ab4b: 37 datasets; 1.0 s; peak memory 1236 MiB.
2026-10-06T08:47:39Z INFO [654/750] 4c60915a-07e9-4d17-b699-7fc504069d7a: 54 datasets; 1.0 s; peak memory 1236 MiB.
2026-10-06T08:47:40Z INFO [655/750] 4c60b03b-c2a6-428b-baae-cf1779a6c741: 50 datasets; 1.1 s; peak memory 1236 MiB.
2026-10-06T08:47:42Z INFO [656/750] 4c60caf0-e645-4502-8406-168fdbd70f69: 112 datasets; 1.9 s; peak memory 1236 MiB.
2026-10-06T08:47:43Z INFO [657/750] 4c60ea9b-0d9f-4dd3-8f53-43e15d6f62b6: 118 datasets; 1.6 s; peak memory 1236 MiB.
2026-10-06T08:47:45Z INFO [658/750] 4c616f9c-89e8-4aae-8312-175a60010e1b: 118 datasets; 1.5 s; peak memory 1236 MiB.
2026-10-06T08:47:46Z INFO [659/750] 4c6221f3-b92d-49d4-9ddf-1c7164a1ad59: 48 datasets; 1.3 s; peak memory 1236 MiB.
2026-10-06T08:47:48Z INFO [660/750] 4c625870-24d8-419b-910d-b9212631ae9b: 118 datasets; 1.4 s; peak memory 1236 MiB.
2026-10-06T08:47:55Z INFO [661/750] 4c641321-d6fe-4ee2-a939-2aeb06c12af1: 254 datasets; 7.2 s; peak memory 1236 MiB.
2026-10-06T08:47:57Z INFO [662/750] 4c651238-046a-4c27-bd41-09b732ec822c: 66 datasets; 2.0 s; peak memory 1236 MiB.
2026-10-06T08:48:19Z INFO [663/750] 4c65fd1e-c40d-46b6-a99c-a1222cd9a979: 48 datasets; 22.5 s; peak memory 1236 MiB.
2026-10-06T08:48:21Z INFO [664/750] 4c662bac-bd15-4d71-80a6-ba78ecdb92ff: 116 datasets; 1.7 s; peak memory 1236 MiB.
2026-10-06T08:48:22Z INFO [665/750] 4c6715fa-0810-439d-ba34-04319ee1d5d6: 48 datasets; 1.3 s; peak memory 1236 MiB.
2026-10-06T08:48:24Z INFO [666/750] 4c67b903-c5ca-405b-80fd-512fb1b2b995: 65 datasets; 1.2 s; peak memory 1236 MiB.
2026-10-06T08:48:25Z INFO [667/750] 4c67cd3d-0867-473f-85cb-695539337e6a: 46 datasets; 1.1 s; peak memory 1236 MiB.
2026-10-06T08:48:26Z INFO [668/750] 4c68bf8e-3c1a-43b8-a436-56696b365287: 48 datasets; 1.3 s; peak memory 1236 MiB.
2026-10-06T08:48:27Z INFO [669/750] 4c692868-4a27-4527-8e1f-d4e5c4829e6b: 37 datasets; 1.1 s; peak memory 1236 MiB.
2026-10-06T08:48:28Z INFO [670/750] 4c695fbe-633b-4c18-ba35-6c17c0134d1e: 46 datasets; 1.0 s; peak memory 1236 MiB.
2026-10-06T08:48:29Z INFO [671/750] 4c6969a4-6731-49f4-a636-bc299dbb5121: 48 datasets; 1.3 s; peak memory 1236 MiB.
2026-10-06T08:48:37Z INFO [672/750] 4c69beb2-7c7e-4cab-92d3-593b44d30961: 550 datasets; 7.3 s; peak memory 1236 MiB.
2026-10-06T08:48:38Z INFO [673/750] 4c6bc9e2-0aa6-4954-97bc-acfc5af41bfe: 66 datasets; 1.8 s; peak memory 1236 MiB.
2026-10-06T08:48:39Z INFO [674/750] 4c6bef28-52e0-40a0-b847-d26e90b01e04: 52 datasets; 1.1 s; peak memory 1236 MiB.
2026-10-06T08:48:40Z INFO [675/750] 4c6ccf55-ecf9-4ea6-a02b-db03f2a0f9ac: 46 datasets; 1.0 s; peak memory 1236 MiB.
2026-10-06T08:48:42Z INFO [676/750] 4c6cd55d-4ca6-4cc2-80f9-6a19193ae295: 48 datasets; 1.3 s; peak memory 1236 MiB.
2026-10-06T08:48:44Z INFO [677/750] 4c6ed25c-91f6-40ba-a5b5-7f7fc54b0b31: 51 datasets; 2.0 s; peak memory 1236 MiB.
2026-10-06T08:48:46Z INFO [678/750] 4c6efe51-0e86-4f91-b1fb-4afb538a9f39: 111 datasets; 1.8 s; peak memory 1236 MiB.
2026-10-06T08:48:47Z INFO [679/750] 4c70918c-6a08-4ec0-8a19-eeda70f85846: 117 datasets; 1.4 s; peak memory 1236 MiB.
2026-10-06T08:48:49Z INFO [680/750] 4c71c6bf-4bcc-499e-9d97-d8bc840f78f8: 62 datasets; 1.7 s; peak memory 1236 MiB.
2026-10-06T08:48:52Z INFO [681/750] 4c71c90e-a13c-4382-b2fe-28393b05394f: 156 datasets; 3.7 s; peak memory 1236 MiB.
2026-10-06T08:48:54Z INFO [682/750] 4c72aff3-ec1d-4e54-b89b-3882fb54df59: 66 datasets; 2.1 s; peak memory 1236 MiB.
2026-10-06T08:48:55Z INFO [683/750] 4c72be39-564a-409c-834d-fb18551d0b31: 46 datasets; 0.9 s; peak memory 1236 MiB.
2026-10-06T08:48:57Z INFO [684/750] 4c744c7e-e504-4e36-9560-374326ac3784: 112 datasets; 1.7 s; peak memory 1236 MiB.
2026-10-06T08:48:58Z INFO [685/750] 4c766719-477f-493c-b320-5b473bebca3c: 48 datasets; 1.3 s; peak memory 1236 MiB.
2026-10-06T08:49:00Z INFO [686/750] 4c76791e-17b2-4a76-a71a-f43e60c5e2a3: 48 datasets; 1.4 s; peak memory 1236 MiB.
2026-10-06T08:49:02Z INFO [687/750] 4c767a39-b380-4f1b-898b-cffcdee74d0a: 45 datasets; 1.8 s; peak memory 1236 MiB.
2026-10-06T08:49:03Z INFO [688/750] 4c76bad3-5fc2-4e77-be8f-113212b3e263: 46 datasets; 1.0 s; peak memory 1236 MiB.
2026-10-06T08:49:04Z INFO [689/750] 4c771c89-d82c-42dd-a4c5-5a2f486a7423: 48 datasets; 1.2 s; peak memory 1236 MiB.
2026-10-06T08:49:05Z INFO [690/750] 4c777d0c-1ace-4e5b-afe2-9cf6f6d069cb: 52 datasets; 1.4 s; peak memory 1236 MiB.
2026-10-06T08:49:07Z INFO [691/750] 4c77dde4-8759-4a2f-a115-680d989a0bee: 66 datasets; 2.0 s; peak memory 1236 MiB.
2026-10-06T08:49:09Z INFO [692/750] 4c784092-56fd-48f9-bf41-1e3e2965daf0: 66 datasets; 1.7 s; peak memory 1236 MiB.
2026-10-06T08:49:10Z INFO [693/750] 4c78a731-bc0f-4a43-a31f-47eb7ed9507c: 56 datasets; 1.1 s; peak memory 1236 MiB.
2026-10-06T08:49:20Z INFO [694/750] 4c78dc12-4660-4619-b457-d27681919109: 574 datasets; 9.9 s; peak memory 1236 MiB.
2026-10-06T08:49:22Z INFO [695/750] 4c7964e9-2f98-40c2-bf10-9ac5e6177a63: 112 datasets; 1.9 s; peak memory 1236 MiB.
2026-10-06T08:49:23Z INFO [696/750] 4c79dd9d-2931-4dcb-bfef-70eadfb28834: 48 datasets; 1.3 s; peak memory 1236 MiB.
2026-10-06T08:49:24Z INFO [697/750] 4c7a3347-d7d9-4db9-9df1-876de9f64bdb: 48 datasets; 1.2 s; peak memory 1236 MiB.
2026-10-06T08:49:45Z INFO [698/750] 4c7a5ac2-54ba-4f87-bf91-61b7f10d95ed: 48 datasets; 20.5 s; peak memory 1236 MiB.
2026-10-06T08:49:47Z INFO [699/750] 4c7b7380-957f-49c0-9bc6-cdef91646414: 118 datasets; 1.6 s; peak memory 1236 MiB.
2026-10-06T08:49:48Z INFO [700/750] 4c7c8730-3b37-460c-9825-7ef3baed82af: 48 datasets; 1.3 s; peak memory 1236 MiB.
2026-10-06T08:49:48Z INFO [700/750] 4c7c8730-3b37-460c-9825-7ef3baed82af: checkpointed 83785 records.
2026-10-06T08:49:50Z INFO [701/750] 4c7da133-aa88-450b-a2d1-25857dccb742: 303 datasets; 2.0 s; peak memory 1236 MiB.
2026-10-06T08:49:51Z INFO [702/750] 4c7dcd0e-9ba3-40e5-88c7-0b37852fd5d7: 46 datasets; 1.2 s; peak memory 1236 MiB.
2026-10-06T08:52:02Z INFO [703/750] 4c7e0bdd-6bec-4906-ab93-4523a3e035f2: 260 datasets; 130.5 s; peak memory 1236 MiB.
2026-10-06T08:52:03Z INFO [704/750] 4c7e7272-77cd-4bf5-a607-367fff3d8387: 117 datasets; 1.6 s; peak memory 1236 MiB.
2026-10-06T08:52:04Z INFO [705/750] 4c7fdbad-40ac-451e-8e4a-18db6e8322c8: 38 datasets; 1.0 s; peak memory 1236 MiB.
2026-10-06T08:52:06Z INFO [706/750] 4c804d5a-ba73-4552-b818-182006cb80dc: 116 datasets; 1.5 s; peak memory 1236 MiB.
2026-10-06T08:52:07Z INFO [707/750] 4c805f7a-2919-4728-9a2e-86f89da42e92: 52 datasets; 1.0 s; peak memory 1236 MiB.
2026-10-06T08:52:08Z INFO [708/750] 4c8100dd-81c6-419e-86e2-555281f94987: 48 datasets; 1.4 s; peak memory 1236 MiB.
2026-10-06T08:52:11Z INFO [709/750] 4c8107a8-5e07-4683-ba31-779c0381e749: 71 datasets; 2.4 s; peak memory 1236 MiB.
2026-10-06T08:52:12Z INFO [710/750] 4c81cf27-18e3-4663-af0c-3a5374bfd8f9: 50 datasets; 1.1 s; peak memory 1236 MiB.
2026-10-06T08:52:13Z INFO [711/750] 4c824ae3-87b4-4788-9799-0b630f033513: 117 datasets; 1.7 s; peak memory 1236 MiB.
2026-10-06T08:52:15Z INFO [712/750] 4c83e573-0098-4531-af3b-ddf936082ed7: 116 datasets; 1.5 s; peak memory 1236 MiB.
2026-10-06T08:52:16Z INFO [713/750] 4c85bdf0-c535-4318-9dd9-014fcb03b013: 48 datasets; 1.3 s; peak memory 1236 MiB.
2026-10-06T08:52:18Z INFO [714/750] 4c86a516-1f61-4168-9e4a-d0dcc46d3123: 77 datasets; 1.7 s; peak memory 1236 MiB.
2026-10-06T08:52:20Z INFO [715/750] 4c86afe5-a4c0-476d-8fc6-c4ab71bccf1c: 66 datasets; 1.9 s; peak memory 1236 MiB.
2026-10-06T08:52:21Z INFO [716/750] 4c86b995-c47b-4d31-86f5-ecc076ca4e03: 41 datasets; 1.1 s; peak memory 1236 MiB.
2026-10-06T08:52:22Z INFO [717/750] 4c86d0db-74ad-45e6-95d1-d3ba89570114: 112 datasets; 1.6 s; peak memory 1236 MiB.
2026-10-06T08:52:24Z INFO [718/750] 4c86d32c-2405-4de2-8720-42ad276e97c7: 48 datasets; 1.3 s; peak memory 1236 MiB.
2026-10-06T08:52:36Z INFO [719/750] 4c87039a-5071-416d-83f2-c95c0bb983a0: 653 datasets; 12.0 s; peak memory 1236 MiB.
2026-10-06T08:52:38Z INFO [720/750] 4c871b0b-c85b-41e8-9a08-c2750932872c: 71 datasets; 2.1 s; peak memory 1236 MiB.
2026-10-06T08:52:40Z INFO [721/750] 4c87e807-bc72-4307-a5e3-4b506de509ca: 117 datasets; 1.8 s; peak memory 1236 MiB.
2026-10-06T08:52:41Z INFO [722/750] 4c8850e0-d850-4997-aebb-95109e0a5e65: 48 datasets; 1.3 s; peak memory 1236 MiB.
2026-10-06T08:54:45Z INFO [723/750] 4c885da6-b37b-414d-a043-09f156277785: 58 datasets; 124.4 s; peak memory 1236 MiB.
2026-10-06T08:54:47Z INFO [724/750] 4c8919f1-ed76-4596-a584-952dd3dff4ad: 117 datasets; 1.6 s; peak memory 1236 MiB.
2026-10-06T08:54:49Z INFO [725/750] 4c8924cc-9da5-4ec6-ab8e-56159a4da198: 112 datasets; 2.1 s; peak memory 1236 MiB.
2026-10-06T08:54:50Z INFO [726/750] 4c89dd7e-a3ee-4232-aba8-3fc700e2b81b: 48 datasets; 1.3 s; peak memory 1236 MiB.
2026-10-06T08:54:52Z INFO [727/750] 4c8bcb98-a295-4cf3-8aee-17075e8bcfb2: 112 datasets; 1.9 s; peak memory 1236 MiB.
2026-10-06T08:54:53Z INFO [728/750] 4c8bcc6e-8f85-4663-aeab-e53a4cdfa332: 33 datasets; 1.0 s; peak memory 1236 MiB.
2026-10-06T08:55:01Z INFO [729/750] 4c8c6c99-f570-4e0a-9de9-5c6058542cef: 802 datasets; 7.8 s; peak memory 1236 MiB.
2026-10-06T08:55:03Z INFO [730/750] 4c8c82d1-d1e7-4673-a845-e3d0828836f4: 48 datasets; 1.4 s; peak memory 1236 MiB.
2026-10-06T08:55:04Z INFO [731/750] 4c8cf250-c2ba-4600-a6ad-4dc0bc9c631d: 116 datasets; 1.5 s; peak memory 1236 MiB.
2026-10-06T08:55:06Z INFO [732/750] 4c8d2086-9c08-4539-8530-0de9e0b4f03d: 52 datasets; 1.6 s; peak memory 1236 MiB.
2026-10-06T08:55:17Z INFO [733/750] 4c8d4566-c7f0-46a8-ac0f-75a08711595a: 1704 datasets; 11.0 s; peak memory 1236 MiB.
2026-10-06T08:55:18Z INFO [734/750] 4c8e060a-d0dc-40f5-8f54-832cf629cabf: 112 datasets; 1.6 s; peak memory 1236 MiB.
2026-10-06T08:55:20Z INFO [735/750] 4c8f3513-ca9c-4e3b-8af0-8e486b41010d: 62 datasets; 1.7 s; peak memory 1236 MiB.
2026-10-06T08:55:21Z INFO [736/750] 4c8f5605-3aa8-4188-80ad-1bf6f6011ed4: 46 datasets; 0.9 s; peak memory 1236 MiB.
2026-10-06T08:55:23Z INFO [737/750] 4c907eda-b105-483d-9b10-dd07210ec1fa: 49 datasets; 1.6 s; peak memory 1236 MiB.
2026-10-06T08:55:24Z INFO [738/750] 4c9151bb-ac12-4cab-ad52-dc86cbdd7d47: 48 datasets; 1.2 s; peak memory 1236 MiB.
2026-10-06T08:55:25Z INFO [739/750] 4c9319b9-c604-4234-ba1f-18bc7781e433: 118 datasets; 1.5 s; peak memory 1236 MiB.
2026-10-06T08:55:27Z INFO [740/750] 4c935bfd-d1b7-46d1-b7fb-a4ecd9fc22ac: 52 datasets; 1.5 s; peak memory 1236 MiB.
2026-10-06T08:55:28Z INFO [741/750] 4c93ba00-21be-4d0a-aa68-88ae8eb85165: 117 datasets; 1.6 s; peak memory 1236 MiB.
2026-10-06T08:55:30Z INFO [742/750] 4c948fe7-2988-4688-8fcc-6420a5329d7e: 118 datasets; 1.7 s; peak memory 1236 MiB.
2026-10-06T08:55:45Z INFO [743/750] 4c949de4-0bf8-422a-9e6d-22ba76633b68: 804 datasets; 14.8 s; peak memory 1236 MiB.
2026-10-06T08:55:50Z INFO [744/750] 4c94c023-e48f-4bce-b918-cb7ce2626d62: 38 datasets; 4.8 s; peak memory 1236 MiB.
2026-10-06T08:55:52Z INFO [745/750] 4c94c5f9-1843-44fb-9447-8a7b2e415dfe: 71 datasets; 2.5 s; peak memory 1236 MiB.
2026-10-06T08:56:04Z INFO [746/750] 4c94d4c2-5e7c-4d74-9fb3-369e9c473b67: 896 datasets; 11.9 s; peak memory 1236 MiB.
2026-10-06T08:56:06Z INFO [747/750] 4c9519dc-38bf-435b-87b8-c1e24295a114: 78 datasets; 1.5 s; peak memory 1236 MiB.
2026-10-06T08:56:07Z INFO [748/750] 4c962079-3219-4b0d-b7e3-ebeed81ec213: 110 datasets; 1.5 s; peak memory 1236 MiB.
2026-10-06T08:56:09Z INFO [749/750] 4c966647-b4e1-4012-b346-b1b6b5aaa5c6: 112 datasets; 2.3 s; peak memory 1236 MiB.
2026-10-06T08:56:11Z INFO [750/750] 4c9734c0-1f33-4be1-90b5-4cbc8e738abb: 110 datasets; 1.7 s; peak memory 1236 MiB.
2026-10-06T08:56:11Z INFO [750/750] 4c9734c0-1f33-4be1-90b5-4cbc8e738abb: checkpointed 83835 records.
2026-10-06T08:56:11Z INFO Wrote 83835 records to /tmp/derivatives/valid_nwb_file_to_number_of_datasets.jsonl (750 new, 0 failed) in 128.5 min (peak memory 1236 MiB).
