2026-10-08T08:37:58Z INFO Logging to /tmp/logs/update_2026-10-08T08-37-58Z.log.
2026-10-08T08:37:58Z INFO Update valid-nwb-file-to-number-of-datasets (base directory /tmp).
2026-10-08T08:37:58Z INFO Processing 750 items (98085 already recorded).
2026-10-08T08:37:59Z INFO [1/750] 6a30830e-01f4-4dfb-a273-71a8c10a0e08: 49 datasets; 1.4 s; peak memory 112 MiB.
2026-10-08T08:38:01Z INFO [2/750] 6a318393-8a89-4e44-a79c-b1ebf4b9f1c2: 62 datasets; 1.3 s; peak memory 113 MiB.
2026-10-08T08:38:02Z INFO [3/750] 6a32093a-0bce-4b6f-9da0-5b28a32bbbad: 49 datasets; 1.1 s; peak memory 113 MiB.
2026-10-08T08:38:03Z INFO [4/750] 6a32620d-fc37-443b-aa62-83154ff05f73: 48 datasets; 1.1 s; peak memory 113 MiB.
2026-10-08T08:38:08Z INFO [5/750] 6a339079-6814-4228-bf11-9f029ce5d02e: 55 datasets; 4.8 s; peak memory 119 MiB.
2026-10-08T08:38:09Z INFO [6/750] 6a34057d-234e-4700-b5e4-347297082953: 48 datasets; 1.0 s; peak memory 120 MiB.
2026-10-08T08:38:10Z INFO [7/750] 6a341db8-a890-43a7-b825-bb15e7b699a9: 71 datasets; 1.6 s; peak memory 120 MiB.
2026-10-08T08:38:15Z INFO [8/750] 6a342292-b108-46f0-91ac-7e86845e310d: 56 datasets; 4.7 s; peak memory 130 MiB.
2026-10-08T08:38:16Z INFO [9/750] 6a34b1bd-a408-42d0-8c85-b0b358297c3c: 48 datasets; 0.9 s; peak memory 130 MiB.
2026-10-08T08:38:16Z INFO [10/750] 6a34d0e7-dc7d-407a-ba57-b166fe6bfc73: 46 datasets; 0.5 s; peak memory 130 MiB.
2026-10-08T08:38:17Z INFO [11/750] 6a350200-cf65-4fc2-bd8c-462ecbff5d35: 68 datasets; 0.7 s; peak memory 130 MiB.
2026-10-08T08:38:27Z INFO [12/750] 6a3514c4-e34d-464b-8ac6-a98a40577082: 1270 datasets; 10.1 s; peak memory 159 MiB.
2026-10-08T08:38:30Z INFO [13/750] 6a3528bc-45f6-4d0a-80bc-3f2e7f37d4d6: 419 datasets; 2.5 s; peak memory 159 MiB.
2026-10-08T08:38:35Z INFO [14/750] 6a35f0c2-d6fe-4491-be48-f5b74a7c3eac: 507 datasets; 4.8 s; peak memory 161 MiB.
2026-10-08T08:38:35Z INFO [15/750] 6a362949-fa9b-47b3-9fc4-a734b5f6033c: 117 datasets; 0.9 s; peak memory 161 MiB.
2026-10-08T08:38:36Z INFO [16/750] 6a3629fb-2d6a-42fb-bacb-278fea214acf: 110 datasets; 0.9 s; peak memory 161 MiB.
2026-10-08T08:38:37Z INFO [17/750] 6a36950b-ada3-4c1c-8ef4-fdee04267ba1: 117 datasets; 0.9 s; peak memory 161 MiB.
2026-10-08T08:38:38Z INFO [18/750] 6a36c35b-11f6-49cf-a809-83cf177e47f6: 48 datasets; 0.8 s; peak memory 162 MiB.
2026-10-08T08:38:39Z INFO [19/750] 6a36fa0e-5b50-4bbf-9981-9c76cb79d352: 118 datasets; 1.1 s; peak memory 162 MiB.
2026-10-08T08:38:40Z INFO [20/750] 6a377dd3-0c82-45e0-8153-4c15a8335fa5: 117 datasets; 0.7 s; peak memory 162 MiB.
2026-10-08T08:38:41Z INFO [21/750] 6a378723-468f-47eb-9609-496a00f6aa08: 48 datasets; 0.8 s; peak memory 162 MiB.
2026-10-08T08:38:41Z INFO [22/750] 6a37ca15-c48b-47c2-99dd-e14ad3a7e6d0: 48 datasets; 0.6 s; peak memory 162 MiB.
2026-10-08T08:38:42Z INFO [23/750] 6a387c55-d8e6-46f6-8ff1-25a91501491e: 275 datasets; 1.0 s; peak memory 162 MiB.
2026-10-08T08:38:43Z INFO [24/750] 6a3a43f5-ffb1-477a-ad69-682b4794bd06: 46 datasets; 0.6 s; peak memory 162 MiB.
2026-10-08T08:38:44Z INFO [25/750] 6a3a8292-7fc5-4037-b2e0-597db0ae9e16: 48 datasets; 0.7 s; peak memory 162 MiB.
2026-10-08T08:38:45Z INFO [26/750] 6a3b34ef-24a6-4f6b-901b-461a8918c77e: 69 datasets; 1.3 s; peak memory 162 MiB.
2026-10-08T08:38:47Z INFO [27/750] 6a3b3d51-b2d9-45e6-8791-5f470a18b0a5: 115 datasets; 2.2 s; peak memory 162 MiB.
2026-10-08T08:38:52Z INFO [28/750] 6a3bce68-9bda-4b81-9b5d-8b30a930bbae: 257 datasets; 4.6 s; peak memory 162 MiB.
2026-10-08T08:38:57Z INFO [29/750] 6a3c0708-c1b3-4e8f-8c76-9f5bd463dd26: 196 datasets; 5.0 s; peak memory 162 MiB.
2026-10-08T08:38:57Z INFO [30/750] 6a3ca8fd-b747-4431-98c6-04e0991771f9: 35 datasets; 0.7 s; peak memory 162 MiB.
2026-10-08T08:38:59Z INFO [31/750] 6a3e67d0-4495-4ce0-b591-d4bb09fca34a: 112 datasets; 1.1 s; peak memory 162 MiB.
2026-10-08T08:39:01Z INFO [32/750] 6a3e7ff9-4be1-4928-b540-27dffd0c16ba: 71 datasets; 2.1 s; peak memory 162 MiB.
2026-10-08T08:39:01Z INFO [33/750] 6a3e87f6-e3fd-4fb0-b3a1-9ae035b2dc58: 48 datasets; 0.8 s; peak memory 162 MiB.
2026-10-08T08:39:02Z INFO [34/750] 6a3ebeba-9d9f-40fb-b79f-e90a604f5b29: 118 datasets; 0.9 s; peak memory 162 MiB.
2026-10-08T08:39:08Z INFO [35/750] 6a3ed00d-904d-47fa-884b-504eeac9ed3f: 79 datasets; 5.9 s; peak memory 162 MiB.
2026-10-08T08:39:13Z INFO [36/750] 6a3f967d-2cbf-49d5-98b6-4afb5ed952f4: 257 datasets; 5.0 s; peak memory 162 MiB.
2026-10-08T08:39:14Z INFO [37/750] 6a4006a5-eed5-4de2-a3fb-c0eee16bf7e1: 45 datasets; 1.1 s; peak memory 162 MiB.
2026-10-08T08:39:15Z INFO [38/750] 6a40219e-674a-4dd8-940c-2508176e237c: 67 datasets; 1.2 s; peak memory 162 MiB.
2026-10-08T08:39:17Z INFO [39/750] 6a41a037-3825-40c1-828b-a28f16bf819e: 67 datasets; 1.2 s; peak memory 162 MiB.
2026-10-08T08:39:23Z INFO [40/750] 6a420305-2fef-4e08-be5b-25447feac917: 552 datasets; 6.6 s; peak memory 162 MiB.
2026-10-08T08:39:26Z INFO [41/750] 6a4275f9-68bd-45d8-bce2-17743d8de3f4: 156 datasets; 2.5 s; peak memory 162 MiB.
2026-10-08T08:39:27Z INFO [42/750] 6a42a010-0807-4050-9f52-753ba18dcfeb: 48 datasets; 0.9 s; peak memory 163 MiB.
2026-10-08T08:39:27Z INFO [43/750] 6a42ffa3-bb46-4ec9-9f48-9c789a94d15f: 56 datasets; 0.6 s; peak memory 163 MiB.
2026-10-08T08:39:35Z INFO [44/750] 6a432634-e206-4811-9b09-5f3c7a5d681a: 406 datasets; 7.4 s; peak memory 163 MiB.
2026-10-08T08:39:36Z INFO [45/750] 6a4358e4-ebfc-47b2-a8c3-60ef925413fe: 121 datasets; 1.4 s; peak memory 163 MiB.
2026-10-08T08:39:37Z INFO [46/750] 6a43a65d-f181-4fae-8ac5-60fd4217770c: 39 datasets; 0.8 s; peak memory 163 MiB.
2026-10-08T08:39:38Z INFO [47/750] 6a450167-b33e-4adc-855d-62663f6d2bcc: 112 datasets; 0.9 s; peak memory 163 MiB.
2026-10-08T08:39:39Z INFO [48/750] 6a45be7c-283e-4bef-864d-e236061474a1: 110 datasets; 0.9 s; peak memory 163 MiB.
2026-10-08T08:39:40Z INFO [49/750] 6a4737e1-fa5b-4807-803d-9a5d390a34d2: 117 datasets; 0.9 s; peak memory 163 MiB.
2026-10-08T08:39:58Z INFO [50/750] 6a476aa9-02e1-48db-91df-ee01bc7d08c1: 1228 datasets; 18.6 s; peak memory 187 MiB.
2026-10-08T08:39:58Z INFO [50/750] 6a476aa9-02e1-48db-91df-ee01bc7d08c1: checkpointed 98135 records.
2026-10-08T08:40:02Z INFO [51/750] 6a476bae-6554-4508-b022-173d08f4c069: 229 datasets; 3.4 s; peak memory 187 MiB.
2026-10-08T08:40:03Z INFO [52/750] 6a48d605-c739-433d-a30e-f971b281891b: 112 datasets; 1.3 s; peak memory 187 MiB.
2026-10-08T08:40:04Z INFO [53/750] 6a48ebfa-86ed-4925-a630-312a519afbfa: 84 datasets; 0.9 s; peak memory 187 MiB.
2026-10-08T08:40:07Z INFO [54/750] 6a491b4b-cbf6-46e0-9c19-ff620159946c: 538 datasets; 3.2 s; peak memory 187 MiB.
2026-10-08T08:40:08Z INFO [55/750] 6a493718-aae7-47c9-8c22-c04f7d6411cb: 112 datasets; 1.0 s; peak memory 187 MiB.
2026-10-08T08:40:09Z INFO [56/750] 6a49c161-8272-4388-ba53-1cabb56f8cc2: 48 datasets; 0.7 s; peak memory 188 MiB.
2026-10-08T08:40:10Z INFO [57/750] 6a4c97fb-8006-4a19-91f7-73d7791e1baf: 72 datasets; 1.0 s; peak memory 188 MiB.
2026-10-08T08:40:11Z INFO [58/750] 6a4ce5ab-1747-4463-99ff-41307d30b49e: 112 datasets; 1.0 s; peak memory 188 MiB.
2026-10-08T08:40:14Z INFO [59/750] 6a4d4c63-1216-4da4-80cc-b39f1d2b6ca4: 92 datasets; 3.5 s; peak memory 188 MiB.
2026-10-08T08:40:16Z INFO [60/750] 6a4e5525-9144-420d-adf0-3dbad6807dd5: 90 datasets; 2.0 s; peak memory 188 MiB.
2026-10-08T08:40:30Z INFO [61/750] 6a4e8213-bf27-49fb-ad95-0df4a185c432: 41 datasets; 13.1 s; peak memory 188 MiB.
2026-10-08T08:40:30Z INFO [62/750] 6a4e8d1c-bec1-4a3e-87a2-646efec97af0: 112 datasets; 0.9 s; peak memory 188 MiB.
2026-10-08T08:40:31Z INFO [63/750] 6a500178-3747-4972-872d-635495c37020: 117 datasets; 0.8 s; peak memory 188 MiB.
2026-10-08T08:40:34Z INFO [64/750] 6a5060cc-506f-4061-b3d0-79c2af07ecd8: 90 datasets; 3.3 s; peak memory 188 MiB.
2026-10-08T08:40:36Z INFO [65/750] 6a50651a-7743-42f4-a35f-9569482fd607: 115 datasets; 1.8 s; peak memory 188 MiB.
2026-10-08T08:40:38Z INFO [66/750] 6a51a279-1ad4-48fe-97bd-8fe26231400a: 90 datasets; 1.8 s; peak memory 188 MiB.
2026-10-08T08:40:39Z INFO [67/750] 6a52541e-eb99-4b70-8f36-b31e23c26c1d: 112 datasets; 1.2 s; peak memory 188 MiB.
2026-10-08T08:40:57Z INFO [68/750] 6a52e7c4-0c3f-4372-95b0-be81c887f442: 48 datasets; 18.0 s; peak memory 188 MiB.
2026-10-08T08:40:58Z INFO [69/750] 6a53752d-eefb-470c-b164-27755a4c6cc7: 53 datasets; 0.7 s; peak memory 188 MiB.
2026-10-08T08:40:59Z INFO [70/750] 6a53d6bd-1f18-4166-84ca-09e6c25221d4: 84 datasets; 0.8 s; peak memory 188 MiB.
2026-10-08T08:40:59Z INFO [71/750] 6a540205-c60b-4a99-b945-a7337cc77419: 46 datasets; 0.5 s; peak memory 188 MiB.
2026-10-08T08:41:04Z INFO [72/750] 6a5446b0-b352-4f4d-ba97-65bf85d2d376: 225 datasets; 4.3 s; peak memory 188 MiB.
2026-10-08T08:41:05Z INFO [73/750] 6a54bfba-5eab-463a-80c5-abf05dc3d7ff: 112 datasets; 1.0 s; peak memory 188 MiB.
2026-10-08T08:41:06Z INFO [74/750] 6a54e297-b12a-4217-8896-ee35776107e3: 66 datasets; 1.0 s; peak memory 188 MiB.
2026-10-08T08:41:08Z INFO [75/750] 6a55039c-7f18-4007-af12-6e0175ed7bf3: 85 datasets; 2.3 s; peak memory 188 MiB.
2026-10-08T08:41:09Z INFO [76/750] 6a5537f3-8d71-43b2-9394-e0ce6a12ccbe: 112 datasets; 1.1 s; peak memory 188 MiB.
2026-10-08T08:41:10Z INFO [77/750] 6a574ab3-2dc5-4d8d-9e76-4ae414def54e: 66 datasets; 1.2 s; peak memory 188 MiB.
2026-10-08T08:41:11Z INFO [78/750] 6a578ba9-fa89-4eda-9f0a-611c5caed9fe: 112 datasets; 1.0 s; peak memory 188 MiB.
2026-10-08T08:41:12Z INFO [79/750] 6a57b789-1a65-416f-aee2-1d40d33722d6: 54 datasets; 0.7 s; peak memory 188 MiB.
2026-10-08T08:41:13Z INFO [80/750] 6a57c8e7-3c6f-45cc-9a7f-b92b18cea82a: 48 datasets; 0.7 s; peak memory 188 MiB.
2026-10-08T08:41:14Z INFO [81/750] 6a58006a-4062-4f7c-bdeb-817815c0ef36: 112 datasets; 0.9 s; peak memory 188 MiB.
2026-10-08T08:41:14Z INFO [82/750] 6a582b95-7943-4c7c-bcb5-19c4da02ed5b: 45 datasets; 0.6 s; peak memory 188 MiB.
2026-10-08T08:41:15Z INFO [83/750] 6a58486a-6fd0-48ba-80e0-97080bc4056e: 52 datasets; 0.7 s; peak memory 188 MiB.
2026-10-08T08:41:16Z INFO [84/750] 6a586681-2cc6-49bc-a729-1b077d071266: 98 datasets; 1.5 s; peak memory 188 MiB.
2026-10-08T08:41:22Z INFO [85/750] 6a58c98a-40bf-4ed7-aa9a-49cff32fcd80: 675 datasets; 5.7 s; peak memory 188 MiB.
2026-10-08T08:41:23Z INFO [86/750] 6a590ee0-4c2f-483e-9738-7d197310c1c8: 117 datasets; 0.8 s; peak memory 188 MiB.
2026-10-08T08:41:23Z INFO [87/750] 6a593fb8-c3dd-4313-bb12-f7296fcb42f1: 46 datasets; 0.5 s; peak memory 188 MiB.
2026-10-08T08:41:24Z INFO [88/750] 6a5969ba-6da3-4e89-a525-3115374b50ed: 48 datasets; 0.8 s; peak memory 188 MiB.
2026-10-08T08:41:25Z INFO [89/750] 6a598ae7-3cb7-4574-b012-ef27bece8108: 112 datasets; 1.1 s; peak memory 188 MiB.
2026-10-08T08:41:27Z INFO [90/750] 6a5a5d0c-778b-4c0f-bd7d-0dd732301524: 112 datasets; 1.2 s; peak memory 188 MiB.
2026-10-08T08:41:27Z INFO [91/750] 6a5b0d18-37c3-45d3-bfa1-f23c67651b4b: 46 datasets; 0.7 s; peak memory 189 MiB.
2026-10-08T08:41:28Z INFO [92/750] 6a5b12f1-77f5-471b-b54e-6ab1dbbf8b7f: 51 datasets; 0.9 s; peak memory 189 MiB.
2026-10-08T08:41:29Z INFO [93/750] 6a5ba54b-6cee-4e95-980c-0e44123d06b7: 118 datasets; 0.8 s; peak memory 189 MiB.
2026-10-08T08:41:30Z INFO [94/750] 6a5c47b0-b601-4b43-bce0-0314958379ca: 112 datasets; 1.1 s; peak memory 189 MiB.
2026-10-08T08:41:31Z INFO [95/750] 6a5cbcef-50b5-41c5-96dc-ae02f65e342f: 83 datasets; 0.6 s; peak memory 189 MiB.
2026-10-08T08:41:33Z INFO [96/750] 6a5cbe1d-d429-41d4-9360-00819cb27fe3: 70 datasets; 2.2 s; peak memory 189 MiB.
2026-10-08T08:41:34Z INFO [97/750] 6a5ef9c1-320f-4ad3-b2cd-a83a3e3791af: 48 datasets; 0.7 s; peak memory 189 MiB.
2026-10-08T08:41:35Z INFO [98/750] 6a5ff6eb-71fa-41e0-8ab8-d5d38a785d9e: 118 datasets; 0.9 s; peak memory 189 MiB.
2026-10-08T08:41:36Z INFO [99/750] 6a60b34c-1d51-45ca-9a08-e1ae7353ea42: 117 datasets; 0.9 s; peak memory 189 MiB.
2026-10-08T08:41:36Z INFO [100/750] 6a60fc0d-c802-44a5-a9b5-fbbbe8a53455: 39 datasets; 0.7 s; peak memory 189 MiB.
2026-10-08T08:41:36Z INFO [100/750] 6a60fc0d-c802-44a5-a9b5-fbbbe8a53455: checkpointed 98185 records.
2026-10-08T08:41:38Z INFO [101/750] 6a611c70-7c70-47a4-9728-baa8fa56ad02: 90 datasets; 1.9 s; peak memory 189 MiB.
2026-10-08T08:41:39Z INFO [102/750] 6a61296f-0864-42b8-addc-95b9c378fbce: 46 datasets; 0.6 s; peak memory 189 MiB.
2026-10-08T08:41:43Z INFO [103/750] 6a612cc2-3268-4e41-898f-ff7f17a932f7: 174 datasets; 3.8 s; peak memory 189 MiB.
2026-10-08T08:41:44Z INFO [104/750] 6a61666f-b2b5-4177-b6f0-ef657d6e7116: 48 datasets; 0.8 s; peak memory 189 MiB.
2026-10-08T08:41:45Z INFO [105/750] 6a616b76-c7ff-4107-90c1-16d570c1fa75: 114 datasets; 1.8 s; peak memory 189 MiB.
2026-10-08T08:41:46Z INFO [106/750] 6a640e50-f595-48ae-a581-aad35dc0c634: 48 datasets; 0.7 s; peak memory 189 MiB.
2026-10-08T08:41:47Z INFO [107/750] 6a642b75-35ec-4383-bc74-b09c6525ff45: 112 datasets; 1.0 s; peak memory 189 MiB.
2026-10-08T08:41:48Z INFO [108/750] 6a643997-b3ad-4ff7-ab80-5635e9ab5d8b: 48 datasets; 0.9 s; peak memory 189 MiB.
2026-10-08T08:42:04Z INFO [109/750] 6a644f26-ba8e-4b4b-a9fe-891c3576032c: 4616 datasets; 16.4 s; peak memory 192 MiB.
2026-10-08T08:42:05Z INFO [110/750] 6a64594d-4169-49a7-a2ad-3a8f2d3aeb60: 117 datasets; 1.1 s; peak memory 192 MiB.
2026-10-08T08:42:23Z INFO [111/750] 6a64873b-d6c1-442f-b0c3-5de700586cc1: 428 datasets; 17.9 s; peak memory 192 MiB.
2026-10-08T08:42:24Z INFO [112/750] 6a648f76-7941-4c78-82a8-c535d5a3bce7: 48 datasets; 1.0 s; peak memory 192 MiB.
2026-10-08T08:42:25Z INFO [113/750] 6a64dbbc-9f7d-4a08-9f85-e178725d1b1b: 48 datasets; 0.9 s; peak memory 192 MiB.
2026-10-08T08:42:26Z INFO [114/750] 6a651234-23b0-4d6a-a961-a8dc5c1a7c8f: 46 datasets; 0.8 s; peak memory 192 MiB.
2026-10-08T08:42:27Z INFO [115/750] 6a661051-4682-4448-bae1-da8dbf16c8ae: 57 datasets; 0.7 s; peak memory 192 MiB.
2026-10-08T08:42:27Z INFO [116/750] 6a663e85-8f41-4e5c-a391-ce6f080bc4c4: 48 datasets; 0.8 s; peak memory 192 MiB.
2026-10-08T08:42:28Z INFO [117/750] 6a667a6c-908c-4bb3-9365-dfc9e893c5ba: 57 datasets; 0.7 s; peak memory 192 MiB.
2026-10-08T08:42:33Z INFO [118/750] 6a66baea-cd43-4718-982f-0f96db32f971: 193 datasets; 5.3 s; peak memory 192 MiB.
2026-10-08T08:42:37Z INFO [119/750] 6a66ff49-1919-424b-9cf6-e7364d551df5: 3034 datasets; 3.9 s; peak memory 192 MiB.
2026-10-08T08:42:38Z INFO [120/750] 6a670f40-dbc6-4a44-a45d-e550f995d871: 63 datasets; 0.8 s; peak memory 192 MiB.
2026-10-08T08:42:39Z INFO [121/750] 6a67ff3b-610a-4f80-894c-abafcd598642: 117 datasets; 0.9 s; peak memory 192 MiB.
2026-10-08T08:42:40Z INFO [122/750] 6a694234-88f8-48d1-999a-7b8459ff765f: 48 datasets; 0.8 s; peak memory 192 MiB.
2026-10-08T08:42:41Z INFO [123/750] 6a696084-fce1-4018-8357-0da81ba5f2ab: 117 datasets; 0.8 s; peak memory 192 MiB.
2026-10-08T08:42:41Z INFO [124/750] 6a699389-3fbc-4aa6-ba5c-bc9bd6cfc5e8: 116 datasets; 0.7 s; peak memory 192 MiB.
2026-10-08T08:44:23Z INFO [125/750] 6a69fc07-32d5-4fb5-b41c-15dc786ba02f: 10331 datasets; 101.7 s; peak memory 415 MiB.
2026-10-08T08:44:24Z INFO [126/750] 6a6a2879-961c-4229-93c2-fa57d79c07c0: 112 datasets; 1.1 s; peak memory 415 MiB.
2026-10-08T08:44:25Z INFO [127/750] 6a6a6760-e76b-44bf-b4e4-2f724c41e12e: 63 datasets; 0.8 s; peak memory 415 MiB.
2026-10-08T08:44:26Z INFO [128/750] 6a6aacb6-e8ce-485c-9e25-0114386a3134: 48 datasets; 0.7 s; peak memory 415 MiB.
2026-10-08T08:44:28Z INFO [129/750] 6a6b5df5-cfdd-4bc5-bd7c-2103c247ec6c: 115 datasets; 1.9 s; peak memory 415 MiB.
2026-10-08T08:44:30Z INFO [130/750] 6a6c7f52-e929-4665-afc5-3a19ca1dbd04: 159 datasets; 2.7 s; peak memory 415 MiB.
2026-10-08T08:44:33Z INFO [131/750] 6a6da1b6-316d-4d11-bbbc-d800d4878645: 111 datasets; 2.8 s; peak memory 415 MiB.
2026-10-08T08:44:34Z INFO [132/750] 6a6da8e5-8dce-4969-a0e2-497706257856: 117 datasets; 0.8 s; peak memory 415 MiB.
2026-10-08T08:44:45Z INFO [133/750] 6a6dd3be-57d8-45e4-8c34-52bccfee8f77: 1081 datasets; 11.3 s; peak memory 415 MiB.
2026-10-08T08:44:46Z INFO [134/750] 6a6e0884-4803-42bb-81d6-8456e0a6a2c0: 48 datasets; 0.7 s; peak memory 415 MiB.
2026-10-08T08:44:47Z INFO [135/750] 6a6e1e85-af8b-4ba3-b401-bffd9f40f3d6: 48 datasets; 0.8 s; peak memory 415 MiB.
2026-10-08T08:44:47Z INFO [136/750] 6a6ef932-e46b-4fb8-9302-0f8802df0232: 38 datasets; 0.6 s; peak memory 415 MiB.
2026-10-08T08:44:48Z INFO [137/750] 6a709252-d6ba-47a1-a88d-0c30951149ab: 117 datasets; 1.1 s; peak memory 415 MiB.
2026-10-08T08:44:49Z INFO [138/750] 6a7145cc-0c31-4acf-8e56-dc26de1c6d79: 48 datasets; 0.8 s; peak memory 415 MiB.
2026-10-08T08:44:50Z INFO [139/750] 6a714ad6-fa33-454c-a064-8c6b9f2ed6cf: 48 datasets; 0.7 s; peak memory 415 MiB.
2026-10-08T08:44:52Z INFO [140/750] 6a727357-8564-4d62-b16e-0356a25a7c4d: 115 datasets; 1.6 s; peak memory 415 MiB.
2026-10-08T08:44:53Z INFO [141/750] 6a727fe7-3591-47f9-8290-bda88b80f4f6: 70 datasets; 1.1 s; peak memory 415 MiB.
2026-10-08T08:44:57Z INFO [142/750] 6a733b9b-dcae-4d68-a106-89da8b113ef9: 788 datasets; 4.5 s; peak memory 415 MiB.
2026-10-08T08:44:58Z INFO [143/750] 6a73bfb2-52ad-4c4f-8cd2-d395d61aaa1e: 46 datasets; 0.6 s; peak memory 415 MiB.
2026-10-08T08:44:59Z INFO [144/750] 6a73ee82-b047-4e6e-af26-89e38e48ef17: 69 datasets; 1.1 s; peak memory 415 MiB.
2026-10-08T08:45:03Z INFO [145/750] 6a747b09-91b9-43ce-b8d9-9384fee6c2fc: 648 datasets; 4.0 s; peak memory 415 MiB.
2026-10-08T08:45:04Z INFO [146/750] 6a74e13a-4513-4696-a40d-9b4c3bcd7306: 118 datasets; 0.9 s; peak memory 415 MiB.
2026-10-08T08:45:05Z INFO [147/750] 6a75b672-ef14-4433-8d67-6180bb0be580: 85 datasets; 1.3 s; peak memory 415 MiB.
2026-10-08T08:47:01Z INFO [148/750] 6a75fe56-eac2-425b-88e2-9525696308ca: 432 datasets; 115.8 s; peak memory 415 MiB.
2026-10-08T08:47:03Z INFO [149/750] 6a77919d-1933-4e85-af07-de0d667b3073: 118 datasets; 1.7 s; peak memory 415 MiB.
2026-10-08T08:47:20Z INFO [150/750] 6a7862cd-5c65-4e3f-b218-a446948f6e26: 48 datasets; 17.8 s; peak memory 415 MiB.
2026-10-08T08:47:20Z INFO [150/750] 6a7862cd-5c65-4e3f-b218-a446948f6e26: checkpointed 98235 records.
2026-10-08T08:50:03Z INFO [151/750] 6a795498-9874-4797-9c8f-45744995a5b0: 164 datasets; 162.2 s; peak memory 415 MiB.
2026-10-08T08:50:04Z INFO [152/750] 6a7b745d-fe23-404a-93c3-96b6815310e0: 69 datasets; 1.1 s; peak memory 415 MiB.
2026-10-08T08:50:04Z INFO [153/750] 6a7bba91-0a66-494f-8cc1-1c4849c2a181: 116 datasets; 0.9 s; peak memory 415 MiB.
2026-10-08T08:50:06Z INFO [154/750] 6a7c3956-7833-47af-b1a1-7107f59bfca6: 38 datasets; 1.6 s; peak memory 415 MiB.
2026-10-08T08:50:07Z INFO [155/750] 6a7e2eb4-35cb-439f-a259-60eafa0c8f01: 48 datasets; 0.8 s; peak memory 415 MiB.
2026-10-08T08:50:08Z INFO [156/750] 6a7e3121-13ee-4fb3-bbdf-54727fdc9355: 52 datasets; 1.0 s; peak memory 415 MiB.
2026-10-08T08:50:09Z INFO [157/750] 6a7f053e-77e6-4edd-9ec6-8551e2ccdbb8: 66 datasets; 1.3 s; peak memory 415 MiB.
2026-10-08T08:50:10Z INFO [158/750] 6a7fe741-0a9d-421d-b89a-3af1138f41bd: 116 datasets; 0.8 s; peak memory 415 MiB.
2026-10-08T08:50:11Z INFO [159/750] 6a80154c-9938-4cf4-85d2-cd1016431690: 118 datasets; 1.2 s; peak memory 415 MiB.
2026-10-08T08:50:12Z INFO [160/750] 6a80e5c3-d1dc-40e1-97e2-0b491af3c2ea: 48 datasets; 0.8 s; peak memory 415 MiB.
2026-10-08T08:50:14Z INFO [161/750] 6a81d8ee-f660-49d5-b017-9164c69394ca: 119 datasets; 1.5 s; peak memory 415 MiB.
2026-10-08T08:50:15Z INFO [162/750] 6a81e763-db06-4cee-ad46-17c6845c2494: 49 datasets; 1.1 s; peak memory 415 MiB.
2026-10-08T08:50:16Z INFO [163/750] 6a82445d-48e9-40b8-bda9-0736454e3b84: 48 datasets; 0.9 s; peak memory 415 MiB.
2026-10-08T08:50:19Z INFO [164/750] 6a8354c0-5bed-4416-8370-29929cbb849f: 174 datasets; 3.5 s; peak memory 415 MiB.
2026-10-08T08:50:20Z INFO [165/750] 6a838d46-e434-49b8-b5a0-2fbdd55d6f9a: 112 datasets; 1.0 s; peak memory 415 MiB.
2026-10-08T08:50:21Z INFO [166/750] 6a84d730-d2a7-47c2-a9b5-937fcb91394b: 132 datasets; 1.3 s; peak memory 415 MiB.
2026-10-08T08:50:22Z INFO [167/750] 6a84e4e1-2e03-46f7-9ccd-117ef7066917: 118 datasets; 0.8 s; peak memory 415 MiB.
2026-10-08T08:50:23Z INFO [168/750] 6a859c63-9cda-4189-a85e-ce462399e0bf: 118 datasets; 1.0 s; peak memory 415 MiB.
2026-10-08T08:50:24Z INFO [169/750] 6a875bee-06b9-476e-9f73-a8612b18d8ec: 48 datasets; 0.8 s; peak memory 415 MiB.
2026-10-08T08:50:25Z INFO [170/750] 6a881135-8741-40f1-82d2-daafbed0adcc: 48 datasets; 0.8 s; peak memory 415 MiB.
2026-10-08T08:50:26Z INFO [171/750] 6a881868-90fd-4228-920e-2b6d69f77abd: 117 datasets; 1.0 s; peak memory 415 MiB.
2026-10-08T08:50:27Z INFO [172/750] 6a885919-50e4-4c2a-8507-957aaf4d1619: 66 datasets; 1.4 s; peak memory 415 MiB.
2026-10-08T08:50:28Z INFO [173/750] 6a8903e8-3d5d-44f4-8459-5b21f99161af: 62 datasets; 1.1 s; peak memory 415 MiB.
2026-10-08T08:50:29Z INFO [174/750] 6a8a2b92-d77f-49c2-a515-f19e6ed08c1f: 48 datasets; 0.8 s; peak memory 415 MiB.
2026-10-08T08:50:30Z INFO [175/750] 6a8af27c-4c52-4015-a8b6-a3feed431e5b: 46 datasets; 0.7 s; peak memory 415 MiB.
2026-10-08T08:50:31Z INFO [176/750] 6a8b1636-ef7e-4306-9c6a-65c77d214bcf: 113 datasets; 1.0 s; peak memory 415 MiB.
2026-10-08T08:50:33Z INFO [177/750] 6a8b57e2-5cf0-4968-95c2-7cf943603786: 133 datasets; 2.6 s; peak memory 415 MiB.
2026-10-08T08:50:34Z INFO [178/750] 6a8ba9a1-a980-4467-9208-26538a23fe74: 48 datasets; 0.7 s; peak memory 415 MiB.
2026-10-08T08:50:38Z INFO [179/750] 6a8bda43-2c2e-4cb2-a74d-7bb7431d5e8a: 1598 datasets; 3.6 s; peak memory 415 MiB.
2026-10-08T08:50:38Z INFO [180/750] 6a8c7c61-0ca3-4495-bbf0-d6e719c3c2d9: 121 datasets; 0.7 s; peak memory 415 MiB.
2026-10-08T08:50:39Z INFO [181/750] 6a8cbc30-0835-4b75-870c-37a1e0c57602: 49 datasets; 0.9 s; peak memory 415 MiB.
2026-10-08T08:50:40Z INFO [182/750] 6a8d39f2-b6fe-4b74-a5de-556f4a7cd4ca: 48 datasets; 0.7 s; peak memory 415 MiB.
2026-10-08T08:50:51Z INFO [183/750] 6a8d8236-ccd0-406c-8005-dcc598a1b355: 326 datasets; 11.0 s; peak memory 415 MiB.
2026-10-08T08:50:52Z INFO [184/750] 6a8da1f8-34a8-43f0-8b0b-2acdfd819517: 110 datasets; 1.1 s; peak memory 415 MiB.
2026-10-08T08:50:53Z INFO [185/750] 6a8dccdd-2f54-4a40-8d00-9739d66b3c3a: 118 datasets; 1.3 s; peak memory 415 MiB.
2026-10-08T08:50:56Z INFO [186/750] 6a8dd4cc-f263-46de-b6cb-093f55cd39e6: 156 datasets; 2.4 s; peak memory 415 MiB.
2026-10-08T08:50:57Z INFO [187/750] 6a8de07b-7ca9-4d31-a8e9-8723cdbc5b15: 62 datasets; 1.2 s; peak memory 415 MiB.
2026-10-08T08:50:58Z INFO [188/750] 6a8e60ed-37b2-4779-9fa6-0dea5d56b84e: 69 datasets; 1.1 s; peak memory 415 MiB.
2026-10-08T08:50:59Z INFO [189/750] 6a8e92d2-7487-4878-b7e5-42a16c2d5bf4: 39 datasets; 0.7 s; peak memory 415 MiB.
2026-10-08T08:51:00Z INFO [190/750] 6a8ef1f7-f337-401e-9918-02dba772b065: 113 datasets; 1.2 s; peak memory 415 MiB.
2026-10-08T08:51:01Z INFO [191/750] 6a8f0bb6-3b94-4a74-b5ec-ea419db11e07: 112 datasets; 1.1 s; peak memory 415 MiB.
2026-10-08T08:51:02Z INFO [192/750] 6a91096a-16b5-4a1e-9e53-d188e97e18de: 117 datasets; 1.0 s; peak memory 415 MiB.
2026-10-08T08:51:03Z INFO [193/750] 6a9109ed-7cbe-4ac6-9f1a-82393a2feac3: 116 datasets; 0.9 s; peak memory 415 MiB.
2026-10-08T08:51:08Z INFO [194/750] 6a911d61-ef05-4a42-85f6-525a6c24590e: 786 datasets; 5.1 s; peak memory 415 MiB.
2026-10-08T08:51:10Z INFO [195/750] 6a9127f2-b764-41f9-b72d-0e0012820c14: 156 datasets; 2.1 s; peak memory 415 MiB.
2026-10-08T08:51:23Z INFO [196/750] 6a91c11b-d9e6-4e9e-a062-210a2bbcbef0: 778 datasets; 13.0 s; peak memory 415 MiB.
2026-10-08T08:51:24Z INFO [197/750] 6a91f212-ed22-4c85-b26d-0a0afb5c8e90: 48 datasets; 0.9 s; peak memory 415 MiB.
2026-10-08T08:51:25Z INFO [198/750] 6a924887-a256-4887-a332-b942fe781d4f: 118 datasets; 0.8 s; peak memory 415 MiB.
2026-10-08T08:51:26Z INFO [199/750] 6a92b48f-fcd4-4ccc-aad2-120de9e933e2: 66 datasets; 0.9 s; peak memory 415 MiB.
2026-10-08T08:51:29Z INFO [200/750] 6a92e25d-2f18-4e32-a18f-f0464c229b19: 82 datasets; 3.0 s; peak memory 415 MiB.
2026-10-08T08:51:29Z INFO [200/750] 6a92e25d-2f18-4e32-a18f-f0464c229b19: checkpointed 98285 records.
2026-10-08T08:51:34Z INFO [201/750] 6a9340c6-4a9a-4d09-9f89-fd273fe3d99d: 200 datasets; 5.0 s; peak memory 415 MiB.
2026-10-08T08:51:35Z INFO [202/750] 6a936e03-2c54-40f7-a3c8-e94a2437168d: 48 datasets; 0.8 s; peak memory 415 MiB.
2026-10-08T08:51:37Z INFO [203/750] 6a944de1-3d64-4752-b8cf-d3f31636b681: 157 datasets; 2.0 s; peak memory 415 MiB.
2026-10-08T08:51:46Z INFO [204/750] 6a949a3a-78f6-4475-b07a-f772b05b63f2: 1604 datasets; 9.4 s; peak memory 415 MiB.
2026-10-08T08:51:47Z INFO [205/750] 6a94a1c7-aa41-4042-9325-17594cf0f7f1: 118 datasets; 0.9 s; peak memory 415 MiB.
2026-10-08T08:51:47Z INFO [206/750] 6a94c6b2-a2eb-45cc-b382-890e0bf5ef23: 46 datasets; 0.6 s; peak memory 415 MiB.
2026-10-08T08:52:14Z INFO [207/750] 6a957dc3-69e0-4877-9326-8ef8f3cbebd5: 58 datasets; 27.1 s; peak memory 415 MiB.
2026-10-08T08:52:16Z INFO [208/750] 6a95dadf-ec42-41f1-b678-6d250c5b4305: 66 datasets; 1.2 s; peak memory 415 MiB.
2026-10-08T08:52:17Z INFO [209/750] 6a95f51d-da63-4088-b08d-fa896c191a89: 117 datasets; 1.2 s; peak memory 415 MiB.
2026-10-08T08:52:18Z INFO [210/750] 6a9619bb-7a7a-4096-95ba-899bc1c72d97: 48 datasets; 0.9 s; peak memory 415 MiB.
2026-10-08T08:52:20Z INFO [211/750] 6a964e1f-4289-48ad-bb20-aec1e17179d1: 82 datasets; 2.3 s; peak memory 415 MiB.
2026-10-08T08:52:21Z INFO [212/750] 6a967bd8-ccb8-46e9-8391-af431db200c7: 52 datasets; 0.8 s; peak memory 415 MiB.
2026-10-08T08:52:22Z INFO [213/750] 6a97147d-c327-4000-bf18-231f1471c172: 114 datasets; 1.0 s; peak memory 415 MiB.
2026-10-08T08:52:22Z INFO [214/750] 6a97366f-bb6d-428f-ae54-4978bc52fc2b: 45 datasets; 0.6 s; peak memory 415 MiB.
2026-10-08T08:52:23Z INFO [215/750] 6a975d73-065b-4e4a-809e-00ec1a2dce8c: 48 datasets; 0.8 s; peak memory 415 MiB.
2026-10-08T08:52:24Z INFO [216/750] 6a97ca5e-003d-4d9a-afa2-2fd476b571db: 50 datasets; 0.6 s; peak memory 415 MiB.
2026-10-08T08:52:25Z INFO [217/750] 6a980184-702c-4581-9a62-ec3c4e357408: 63 datasets; 0.8 s; peak memory 415 MiB.
2026-10-08T08:52:26Z INFO [218/750] 6a997180-d683-4d9d-9b90-05b7dc97c11c: 128 datasets; 1.3 s; peak memory 415 MiB.
2026-10-08T08:52:27Z INFO [219/750] 6a9a91ee-00c8-4a9f-8c3f-570cb1b1d402: 118 datasets; 0.8 s; peak memory 415 MiB.
2026-10-08T08:52:28Z INFO [220/750] 6a9aaa15-943c-40ec-b7d0-39b63cdaa61c: 110 datasets; 1.0 s; peak memory 415 MiB.
2026-10-08T08:52:28Z INFO [221/750] 6a9ac982-6d28-48a2-8190-c8cfc92b71e0: 46 datasets; 0.5 s; peak memory 415 MiB.
2026-10-08T08:52:29Z INFO [222/750] 6a9baed3-8df9-48ac-9b3e-1ef9dd8a7708: 112 datasets; 1.1 s; peak memory 415 MiB.
2026-10-08T08:52:30Z INFO [223/750] 6a9bb4ed-9c6c-4375-9b6d-6b1292649d88: 117 datasets; 0.8 s; peak memory 415 MiB.
2026-10-08T08:53:04Z INFO [224/750] 6a9bca79-b943-449e-b98c-c6e440b04380: 52 datasets; 33.9 s; peak memory 415 MiB.
2026-10-08T08:53:05Z INFO [225/750] 6a9c6d59-f0a6-49af-8eb9-b4d929036213: 48 datasets; 0.8 s; peak memory 415 MiB.
2026-10-08T08:53:06Z INFO [226/750] 6a9c9732-ecb8-415a-8f0b-b26df83b46e8: 62 datasets; 0.9 s; peak memory 415 MiB.
2026-10-08T08:53:06Z INFO [227/750] 6a9d5c7f-ac17-4f13-8284-4485c39621c5: 117 datasets; 0.8 s; peak memory 415 MiB.
2026-10-08T08:53:08Z INFO [228/750] 6a9e09e7-ee76-4899-b07e-56f6b3d91dfc: 132 datasets; 1.0 s; peak memory 415 MiB.
2026-10-08T08:53:08Z INFO [229/750] 6a9e13ac-89e4-4539-9195-7d23f8c1d3c9: 48 datasets; 0.8 s; peak memory 415 MiB.
2026-10-08T08:53:09Z INFO [230/750] 6a9e7171-197a-4176-8178-3aad1c9e339b: 48 datasets; 0.7 s; peak memory 415 MiB.
2026-10-08T08:53:13Z INFO [231/750] 6a9e7196-2ee3-4e64-aed4-5be1781b1b4f: 538 datasets; 3.8 s; peak memory 415 MiB.
2026-10-08T08:53:14Z INFO [232/750] 6a9e853f-175d-4290-900c-dbf339b7624d: 48 datasets; 0.7 s; peak memory 415 MiB.
2026-10-08T08:53:14Z INFO [233/750] 6a9f0986-f280-4e73-959a-83a2beb37bd3: 48 datasets; 0.8 s; peak memory 415 MiB.
2026-10-08T08:55:09Z INFO [234/750] 6a9fe132-6273-4cf9-b592-48791a49b0db: 414 datasets; 114.5 s; peak memory 415 MiB.
2026-10-08T08:56:51Z INFO [235/750] 6aa0d1f9-abc9-42ac-b4e0-437c867f34f8: 413 datasets; 102.4 s; peak memory 415 MiB.
2026-10-08T08:56:53Z INFO [236/750] 6aa11544-8c21-4c97-9432-c52406459d18: 121 datasets; 1.4 s; peak memory 415 MiB.
2026-10-08T08:56:53Z INFO [237/750] 6aa1d314-0e30-4361-901c-54fba5627361: 117 datasets; 1.0 s; peak memory 415 MiB.
2026-10-08T08:56:56Z INFO [238/750] 6aa24786-1753-4900-8b3a-13e461f7f0fa: 114 datasets; 2.1 s; peak memory 415 MiB.
2026-10-08T08:56:57Z INFO [239/750] 6aa2d4c9-9069-4c03-b158-68f7eb380c93: 112 datasets; 1.0 s; peak memory 415 MiB.
2026-10-08T08:56:58Z INFO [240/750] 6aa5fe7d-f61f-43a1-aa12-f328e8bf9ebb: 78 datasets; 1.2 s; peak memory 415 MiB.
2026-10-08T08:57:03Z INFO [241/750] 6aa62ec0-a1b5-437b-8b03-8d3e6c0950c4: 819 datasets; 5.2 s; peak memory 415 MiB.
2026-10-08T08:57:04Z INFO [242/750] 6aa6b56f-7bcf-4264-9cfa-8844b56e6cda: 289 datasets; 0.9 s; peak memory 415 MiB.
2026-10-08T08:57:06Z INFO [243/750] 6aa6bd0b-2ee9-4b1c-ae04-8288b68d12ff: 123 datasets; 1.6 s; peak memory 415 MiB.
2026-10-08T08:57:13Z INFO [244/750] 6aa6f300-4a85-4dd7-810a-33e9b70e1ecf: 794 datasets; 7.3 s; peak memory 415 MiB.
2026-10-08T08:57:14Z INFO [245/750] 6aa70126-6f69-4e04-8364-28424dff5682: 48 datasets; 0.8 s; peak memory 415 MiB.
2026-10-08T08:57:31Z INFO [246/750] 6aa73762-1f3a-4452-8291-041388f4e2c1: 48 datasets; 17.6 s; peak memory 415 MiB.
2026-10-08T08:57:32Z INFO [247/750] 6aa74275-adb9-4622-9352-b808417b62f2: 117 datasets; 1.1 s; peak memory 415 MiB.
2026-10-08T08:57:33Z INFO [248/750] 6aa797e4-c16d-4c4a-881a-3bc9097480a8: 71 datasets; 1.1 s; peak memory 415 MiB.
2026-10-08T08:57:34Z INFO [249/750] 6aa7a880-ea33-4543-99eb-20fd78ee6b96: 48 datasets; 0.8 s; peak memory 415 MiB.
2026-10-08T08:57:39Z INFO [250/750] 6aa7e541-90a2-4ef0-ba83-4b5ccb1d2d7c: 1053 datasets; 5.0 s; peak memory 415 MiB.
2026-10-08T08:57:39Z INFO [250/750] 6aa7e541-90a2-4ef0-ba83-4b5ccb1d2d7c: checkpointed 98335 records.
2026-10-08T08:57:40Z INFO [251/750] 6aa8e4f6-d406-4d21-874d-989d9deccbaa: 116 datasets; 0.9 s; peak memory 415 MiB.
2026-10-08T08:57:42Z INFO [252/750] 6aa98ddc-32de-4159-8b44-224c95aef57b: 156 datasets; 2.3 s; peak memory 415 MiB.
2026-10-08T08:57:43Z INFO [253/750] 6aaa36ea-d4e5-4fa3-904d-616f0a1140bc: 46 datasets; 0.7 s; peak memory 415 MiB.
2026-10-08T08:57:44Z INFO [254/750] 6aaa7fe7-e7cb-4cc5-87c1-ed145759c926: 41 datasets; 0.6 s; peak memory 415 MiB.
2026-10-08T08:57:45Z INFO [255/750] 6aaafb98-47e9-4c9c-b80a-0a5bb833a7a5: 48 datasets; 0.8 s; peak memory 415 MiB.
2026-10-08T08:57:45Z INFO [256/750] 6aab5387-f2d3-4f09-a861-9f22895474eb: 48 datasets; 0.8 s; peak memory 415 MiB.
2026-10-08T08:57:46Z INFO [257/750] 6aabc63e-a915-4156-9195-c30182cc6643: 48 datasets; 0.7 s; peak memory 415 MiB.
2026-10-08T08:57:47Z INFO [258/750] 6aac0592-7bf7-4632-8d42-3f0cabcd04de: 58 datasets; 0.6 s; peak memory 415 MiB.
2026-10-08T08:57:47Z INFO [259/750] 6aac9c17-bbc5-4502-a32d-d2a9473f06f1: 47 datasets; 0.7 s; peak memory 415 MiB.
2026-10-08T08:57:49Z INFO [260/750] 6aacade7-a9ba-40ae-baa7-9a9436538314: 112 datasets; 1.5 s; peak memory 415 MiB.
2026-10-08T08:57:50Z INFO [261/750] 6aad0aac-7726-4847-ae19-0436ff7188ff: 112 datasets; 1.0 s; peak memory 415 MiB.
2026-10-08T08:57:51Z INFO [262/750] 6aad1c2f-c139-4397-9d60-8c64eb9f1051: 67 datasets; 0.9 s; peak memory 415 MiB.
2026-10-08T08:57:52Z INFO [263/750] 6aad62db-5c99-4139-8a05-8af1f175afa8: 70 datasets; 0.8 s; peak memory 415 MiB.
2026-10-08T08:57:53Z INFO [264/750] 6aad859b-8d1d-4557-859e-b2da277e1a14: 118 datasets; 1.0 s; peak memory 415 MiB.
2026-10-08T08:57:54Z INFO [265/750] 6aae1939-4782-4088-b5f7-42ef42d4db39: 123 datasets; 1.6 s; peak memory 415 MiB.
2026-10-08T08:57:55Z INFO [266/750] 6aae6651-554d-4b37-9ca5-45803eccd42c: 72 datasets; 0.6 s; peak memory 415 MiB.
2026-10-08T08:57:56Z INFO [267/750] 6aaeb2ea-6de7-44d0-8631-e16aec9fbd1f: 117 datasets; 0.9 s; peak memory 415 MiB.
2026-10-08T08:57:57Z INFO [268/750] 6aaf4165-f614-4ef6-8c54-791d5749ba19: 48 datasets; 0.8 s; peak memory 415 MiB.
2026-10-08T08:57:57Z INFO [269/750] 6aaffbfc-75f3-4812-8375-acdab08340f3: 42 datasets; 0.6 s; peak memory 415 MiB.
2026-10-08T08:57:58Z INFO [270/750] 6ab0cca9-0db9-4c59-8c1a-f2845e1f9486: 117 datasets; 0.8 s; peak memory 415 MiB.
2026-10-08T08:57:59Z INFO [271/750] 6ab1289b-8659-4195-a4cc-0b355d21738e: 114 datasets; 0.9 s; peak memory 415 MiB.
2026-10-08T08:58:00Z INFO [272/750] 6ab13fdd-11b0-40e3-9496-994e76de91bc: 118 datasets; 0.8 s; peak memory 415 MiB.
2026-10-08T08:58:01Z INFO [273/750] 6ab17da4-d9f0-45c0-befa-175e24ee7fd7: 112 datasets; 1.0 s; peak memory 415 MiB.
2026-10-08T08:58:01Z INFO [274/750] 6ab1c815-93c0-40e1-862a-aac1e7945768: 45 datasets; 0.5 s; peak memory 415 MiB.
2026-10-08T08:58:02Z INFO [275/750] 6ab239b2-cee4-4ad3-abde-f3a724607d5f: 117 datasets; 0.9 s; peak memory 415 MiB.
2026-10-08T08:58:08Z INFO [276/750] 6ab32b5c-624d-4239-8872-37f72fe1ca69: 728 datasets; 5.8 s; peak memory 415 MiB.
2026-10-08T08:58:10Z INFO [277/750] 6ab3dd6e-9529-4410-8f77-6a269fa7a477: 123 datasets; 1.8 s; peak memory 415 MiB.
2026-10-08T08:58:11Z INFO [278/750] 6ab41ae2-1433-478e-be93-53dc4aa9130b: 69 datasets; 1.2 s; peak memory 415 MiB.
2026-10-08T08:58:12Z INFO [279/750] 6ab4bdca-c2a7-4c39-b76c-c1c792f0955c: 84 datasets; 1.1 s; peak memory 415 MiB.
2026-10-08T08:58:13Z INFO [280/750] 6ab53786-79a0-4e12-b9d3-6ce2bb2bdc93: 78 datasets; 0.9 s; peak memory 415 MiB.
2026-10-08T08:58:14Z INFO [281/750] 6ab5a0d3-a274-464e-a897-e5201bd43de3: 48 datasets; 0.7 s; peak memory 415 MiB.
2026-10-08T08:58:15Z INFO [282/750] 6ab60fe8-ac55-4220-87d5-35a226940132: 48 datasets; 0.7 s; peak memory 415 MiB.
2026-10-08T08:58:15Z INFO [283/750] 6ab7116d-5d69-4824-a02d-fb140b92d08e: 142 datasets; 0.7 s; peak memory 415 MiB.
2026-10-08T08:58:16Z INFO [284/750] 6ab76ef3-767c-4d5c-861a-5237b7e4793b: 48 datasets; 0.8 s; peak memory 415 MiB.
2026-10-08T08:58:24Z INFO [285/750] 6ab79a4e-d8f4-444e-8cb5-f8adcab1f955: 803 datasets; 7.9 s; peak memory 415 MiB.
2026-10-08T08:58:25Z INFO [286/750] 6ab7a8b8-88c1-488e-bb4f-cdb2b3e7055c: 48 datasets; 0.7 s; peak memory 415 MiB.
2026-10-08T08:58:26Z INFO [287/750] 6ab85ca2-acc9-4142-8230-0f6fb5ab0aed: 112 datasets; 1.1 s; peak memory 415 MiB.
2026-10-08T08:58:27Z INFO [288/750] 6ab9056b-dd15-4084-805e-339b5f6c70fc: 48 datasets; 1.0 s; peak memory 415 MiB.
2026-10-08T08:58:28Z INFO [289/750] 6ab993c1-07b3-4aeb-bec9-d1d2dd195d2e: 59 datasets; 1.0 s; peak memory 415 MiB.
2026-10-08T08:58:39Z INFO [290/750] 6ab9d82f-eb2c-433b-b043-b8e09a749639: 38 datasets; 11.1 s; peak memory 415 MiB.
2026-10-08T08:58:41Z INFO [291/750] 6aba624b-04d8-4b9b-8038-6ebae225ad52: 71 datasets; 1.8 s; peak memory 415 MiB.
2026-10-08T08:58:42Z INFO [292/750] 6abaaf46-0df5-4278-ac6f-0dbce052f5bb: 43 datasets; 0.9 s; peak memory 415 MiB.
2026-10-08T08:58:42Z INFO [293/750] 6abb0bf2-d9b2-4488-b7a6-b93177947480: 45 datasets; 0.9 s; peak memory 415 MiB.
2026-10-08T08:58:43Z INFO [294/750] 6abbaee8-825e-4e6b-b667-4cc5cca3d3ae: 48 datasets; 0.7 s; peak memory 415 MiB.
2026-10-08T08:58:44Z INFO [295/750] 6abc331f-76bd-45fe-a64e-85b92117c07f: 46 datasets; 0.7 s; peak memory 415 MiB.
2026-10-08T08:58:53Z INFO [296/750] 6abc7f02-ebe6-476b-bdf5-3d39a4898159: 278 datasets; 9.1 s; peak memory 415 MiB.
2026-10-08T08:58:54Z INFO [297/750] 6abddd36-563b-4583-97a7-26088b0a5e9c: 48 datasets; 0.8 s; peak memory 415 MiB.
2026-10-08T08:58:56Z INFO [298/750] 6abfe0f5-88ac-4219-b40a-4d801982aca7: 115 datasets; 1.9 s; peak memory 415 MiB.
2026-10-08T08:58:57Z INFO [299/750] 6abffd6e-f5a4-42cd-a146-96250e62ea86: 112 datasets; 0.9 s; peak memory 415 MiB.
2026-10-08T08:59:01Z INFO [300/750] 6ac101bb-45f1-4a70-8ddf-59c12dc9a4f3: 196 datasets; 4.2 s; peak memory 415 MiB.
2026-10-08T08:59:01Z INFO [300/750] 6ac101bb-45f1-4a70-8ddf-59c12dc9a4f3: checkpointed 98385 records.
2026-10-08T08:59:03Z INFO [301/750] 6ac15dc3-b1da-49ba-a330-8cbcc0b4ddff: 71 datasets; 1.8 s; peak memory 415 MiB.
2026-10-08T08:59:04Z INFO [302/750] 6ac1bae4-73cb-4d7f-a068-a2776229aab4: 53 datasets; 1.5 s; peak memory 415 MiB.
2026-10-08T08:59:05Z INFO [303/750] 6ac1f9fd-8eda-4e3b-bf59-c7243748248e: 49 datasets; 0.9 s; peak memory 415 MiB.
2026-10-08T08:59:06Z INFO [304/750] 6ac2c11d-5f13-458f-b34b-6cce5c273cb8: 92 datasets; 1.0 s; peak memory 415 MiB.
2026-10-08T08:59:07Z INFO [305/750] 6ac30518-3731-4aac-8aa4-ebf3b398306d: 112 datasets; 1.3 s; peak memory 415 MiB.
2026-10-08T08:59:08Z INFO [306/750] 6ac3369a-1ad8-4532-866a-d0b405c5b183: 116 datasets; 0.9 s; peak memory 415 MiB.
2026-10-08T08:59:09Z INFO [307/750] 6ac47f62-31e6-4625-96a8-5657a44a6e69: 58 datasets; 0.6 s; peak memory 415 MiB.
2026-10-08T08:59:10Z INFO [308/750] 6ac5859c-69bb-4649-8854-2d81b4459f93: 48 datasets; 0.8 s; peak memory 415 MiB.
2026-10-08T08:59:16Z INFO [309/750] 6ac5e439-1fee-434f-86d9-d93105c9ad05: 49 datasets; 6.4 s; peak memory 415 MiB.
2026-10-08T08:59:17Z INFO [310/750] 6ac6496f-23ea-4562-9865-e786d802c87e: 117 datasets; 0.8 s; peak memory 415 MiB.
2026-10-08T08:59:17Z INFO [311/750] 6ac658f4-2f1d-4b38-8158-f02540e5d84e: 46 datasets; 0.6 s; peak memory 415 MiB.
2026-10-08T08:59:18Z INFO [312/750] 6ac76eb4-d008-4c96-a441-9b100cd2cda8: 52 datasets; 0.6 s; peak memory 415 MiB.
2026-10-08T08:59:21Z INFO [313/750] 6ac7964e-0ded-436f-abff-7fe809234824: 420 datasets; 2.7 s; peak memory 415 MiB.
2026-10-08T08:59:21Z INFO [314/750] 6ac7ceb1-c549-4a39-bd9c-81da382d33c7: 48 datasets; 0.8 s; peak memory 415 MiB.
2026-10-08T08:59:27Z INFO [315/750] 6ac7dd0a-f0ba-4b41-b080-402d494a0a3c: 794 datasets; 5.4 s; peak memory 415 MiB.
2026-10-08T08:59:28Z INFO [316/750] 6ac8c42a-9d46-4f8d-8541-2b9ea8f008e2: 153 datasets; 1.2 s; peak memory 415 MiB.
2026-10-08T08:59:29Z INFO [317/750] 6aca1fe7-be80-40b3-86ab-c5a2dcf6b33c: 112 datasets; 1.1 s; peak memory 415 MiB.
2026-10-08T08:59:31Z INFO [318/750] 6acafd6d-83fa-44e4-a5c8-2a5f4697b06f: 156 datasets; 1.7 s; peak memory 415 MiB.
2026-10-08T08:59:32Z INFO [319/750] 6acb1f0f-2dc6-42e1-a822-1c6ab6dc7351: 45 datasets; 1.1 s; peak memory 415 MiB.
2026-10-08T08:59:33Z INFO [320/750] 6acbf27b-3a01-4722-9e23-c8c55103846c: 48 datasets; 0.8 s; peak memory 415 MiB.
2026-10-08T08:59:34Z INFO [321/750] 6acbf33b-752e-4edf-932e-d4a42688e88a: 48 datasets; 0.7 s; peak memory 415 MiB.
2026-10-08T08:59:34Z INFO [322/750] 6acbfa7a-656e-46ac-adf1-eb33234cb7e4: 48 datasets; 0.8 s; peak memory 415 MiB.
2026-10-08T08:59:35Z INFO [323/750] 6acc2201-1ab6-4a4e-baf0-fac407d89d5b: 112 datasets; 0.9 s; peak memory 415 MiB.
2026-10-08T08:59:36Z INFO [324/750] 6acc4217-b779-45c6-8726-a9556d22f09f: 117 datasets; 0.9 s; peak memory 415 MiB.
2026-10-08T08:59:37Z INFO [325/750] 6acc4d32-cf4d-41bc-964f-55d63b638100: 39 datasets; 0.8 s; peak memory 415 MiB.
2026-10-08T08:59:38Z INFO [326/750] 6accef6a-dbf7-4e62-9ff8-88c849f92635: 48 datasets; 1.0 s; peak memory 415 MiB.
2026-10-08T08:59:39Z INFO [327/750] 6accfa3e-436f-4346-9a3a-8523f4c8a445: 52 datasets; 0.9 s; peak memory 415 MiB.
2026-10-08T08:59:40Z INFO [328/750] 6acd0901-c5a6-423e-83b3-7d845f175d69: 275 datasets; 1.3 s; peak memory 415 MiB.
2026-10-08T08:59:50Z INFO [329/750] 6acd4364-8cef-4c4b-8d08-4f175ff0f0bb: 693 datasets; 9.5 s; peak memory 415 MiB.
2026-10-08T08:59:51Z INFO [330/750] 6acd63e7-3ddc-46df-a827-99da8b4e671a: 49 datasets; 0.9 s; peak memory 415 MiB.
2026-10-08T08:59:52Z INFO [331/750] 6ace9119-3c49-4e43-8535-216d093ddb7f: 87 datasets; 1.8 s; peak memory 415 MiB.
2026-10-08T08:59:53Z INFO [332/750] 6ace9a4f-4037-49f2-913b-2964642ca47f: 118 datasets; 0.9 s; peak memory 415 MiB.
2026-10-08T08:59:55Z INFO [333/750] 6acea976-8269-4ec5-bb61-a217727f448a: 115 datasets; 1.7 s; peak memory 415 MiB.
2026-10-08T08:59:56Z INFO [334/750] 6ad1526d-33d2-43a0-b6dd-c92ca51b56f1: 48 datasets; 0.7 s; peak memory 415 MiB.
2026-10-08T08:59:56Z INFO [335/750] 6ad1b19d-fbbb-4b67-87c3-94a2ae1f5461: 48 datasets; 0.7 s; peak memory 415 MiB.
2026-10-08T08:59:57Z INFO [336/750] 6ad1b34f-5e41-4bb6-bdf3-c9215d9566d2: 48 datasets; 0.7 s; peak memory 415 MiB.
2026-10-08T08:59:58Z INFO [337/750] 6ad2c5b5-1289-4f68-90a2-eee3221f112c: 48 datasets; 0.8 s; peak memory 415 MiB.
2026-10-08T09:00:14Z INFO [338/750] 6ad2f1f0-4020-4a48-ab18-701e68fb505a: 48 datasets; 16.2 s; peak memory 415 MiB.
2026-10-08T09:00:18Z INFO [339/750] 6ad4a044-729d-4f25-b63a-0ec24db44406: 537 datasets; 4.0 s; peak memory 415 MiB.
2026-10-08T09:00:19Z INFO [340/750] 6ad4a2fc-e94e-43c1-9e83-03b84033e3ee: 48 datasets; 0.8 s; peak memory 415 MiB.
2026-10-08T09:00:21Z INFO [341/750] 6ad4eab5-6b6d-4009-a5c1-043534a9a099: 156 datasets; 1.9 s; peak memory 415 MiB.
2026-10-08T09:00:32Z INFO [342/750] 6ad5da65-c0cb-4ecc-85b5-23fd4ff27171: 870 datasets; 11.0 s; peak memory 415 MiB.
2026-10-08T09:00:33Z INFO [343/750] 6ad607e1-e3b6-4b1e-9598-5fb00a762d19: 42 datasets; 0.7 s; peak memory 415 MiB.
2026-10-08T09:00:33Z INFO [344/750] 6ad63fac-0206-4652-99c2-b0dcd938d49d: 48 datasets; 0.7 s; peak memory 415 MiB.
2026-10-08T09:00:34Z INFO [345/750] 6ad6a270-efc2-40d9-8317-95b2919b523f: 52 datasets; 1.0 s; peak memory 415 MiB.
2026-10-08T09:00:35Z INFO [346/750] 6ad86b17-d490-458e-bc2e-14b5e4ca74b3: 48 datasets; 0.9 s; peak memory 415 MiB.
2026-10-08T09:00:36Z INFO [347/750] 6ad88e30-8167-4184-a6f0-4cfa9332b88b: 48 datasets; 1.0 s; peak memory 415 MiB.
2026-10-08T09:00:40Z INFO [348/750] 6ad8a21f-5376-43c3-85e4-4fb8cb272f70: 507 datasets; 3.4 s; peak memory 415 MiB.
2026-10-08T09:00:41Z INFO [349/750] 6ad8ff8b-a0c9-4378-aeee-638bc1f20fcf: 60 datasets; 1.0 s; peak memory 415 MiB.
2026-10-08T09:00:42Z INFO [350/750] 6ad9109c-a9c0-4319-bd53-0079786ab2f5: 116 datasets; 0.8 s; peak memory 415 MiB.
2026-10-08T09:00:42Z INFO [350/750] 6ad9109c-a9c0-4319-bd53-0079786ab2f5: checkpointed 98435 records.
2026-10-08T09:00:42Z INFO [351/750] 6ad9a8dd-7b3f-4352-9e53-5e4489eae5b4: 48 datasets; 0.8 s; peak memory 415 MiB.
2026-10-08T09:00:44Z INFO [352/750] 6adb5ee4-338b-4db8-b0ff-1e9b245f8e01: 112 datasets; 1.2 s; peak memory 415 MiB.
2026-10-08T09:00:47Z INFO [353/750] 6adb70ff-5bdf-48e8-8397-93502f4e2f41: 238 datasets; 3.6 s; peak memory 415 MiB.
2026-10-08T09:00:48Z INFO [354/750] 6adbf7dd-a5c6-4e59-9fba-9ebfb3b3ce0f: 62 datasets; 0.8 s; peak memory 415 MiB.
2026-10-08T09:00:49Z INFO [355/750] 6adc5c62-4ee2-45b0-9b0a-43c33f018bb0: 52 datasets; 0.9 s; peak memory 415 MiB.
2026-10-08T09:00:51Z INFO [356/750] 6adcbeb1-5795-4de3-8e5a-f91dab01ec2d: 156 datasets; 2.0 s; peak memory 415 MiB.
2026-10-08T09:00:53Z INFO [357/750] 6add4001-43cc-475b-b1ec-73e9a12a8e6a: 94 datasets; 1.6 s; peak memory 415 MiB.
2026-10-08T09:00:53Z INFO [358/750] 6add7961-a134-4ea9-8c92-0ec67a890d5b: 46 datasets; 0.7 s; peak memory 415 MiB.
2026-10-08T09:00:54Z INFO [359/750] 6adfad72-d1ce-4405-96df-13384e13ffc5: 56 datasets; 0.6 s; peak memory 415 MiB.
2026-10-08T09:00:55Z INFO [360/750] 6ae07cfe-03b8-4563-bf60-bb5ff5b3158e: 48 datasets; 0.8 s; peak memory 415 MiB.
2026-10-08T09:00:56Z INFO [361/750] 6ae086a0-87df-40f8-878a-f875bfe5afcc: 117 datasets; 1.0 s; peak memory 415 MiB.
2026-10-08T09:00:57Z INFO [362/750] 6ae22ea4-50ac-45fa-94a6-c98e32c4a610: 113 datasets; 1.0 s; peak memory 415 MiB.
2026-10-08T09:00:57Z INFO [363/750] 6ae23f99-98ff-436a-9b23-cf3a1c59014d: 52 datasets; 0.8 s; peak memory 415 MiB.
2026-10-08T09:00:58Z INFO [364/750] 6ae26070-c558-4abb-a004-10ca5a3ad1b5: 48 datasets; 0.8 s; peak memory 415 MiB.
2026-10-08T09:00:59Z INFO [365/750] 6ae29965-ed8a-43fc-9baa-6858954c8ac0: 119 datasets; 0.7 s; peak memory 415 MiB.
2026-10-08T09:01:09Z INFO [366/750] 6ae2b1d4-f704-4171-ba53-2a93f73bf555: 38 datasets; 9.6 s; peak memory 415 MiB.
2026-10-08T09:01:09Z INFO [367/750] 6ae2c727-fad7-415f-a0f3-7814030026a5: 52 datasets; 0.8 s; peak memory 415 MiB.
2026-10-08T09:01:10Z INFO [368/750] 6ae3505d-b0b1-4bea-932a-a09d844236ef: 116 datasets; 0.8 s; peak memory 415 MiB.
2026-10-08T09:01:11Z INFO [369/750] 6ae4b4a0-5afa-4094-922f-9aae40720e41: 118 datasets; 0.9 s; peak memory 415 MiB.
2026-10-08T09:01:12Z INFO [370/750] 6ae4b926-06b1-423c-88d2-83c827844450: 48 datasets; 0.8 s; peak memory 415 MiB.
2026-10-08T09:01:13Z INFO [371/750] 6ae4fa3d-49b3-459b-9106-d162e8e6f99a: 48 datasets; 0.8 s; peak memory 415 MiB.
2026-10-08T09:01:14Z INFO [372/750] 6ae545bd-0c24-41be-a20d-a471622bba98: 71 datasets; 1.3 s; peak memory 415 MiB.
2026-10-08T09:01:20Z INFO [373/750] 6ae77a67-4209-45c6-b0c0-746765eab109: 300 datasets; 5.8 s; peak memory 415 MiB.
2026-10-08T09:01:21Z INFO [374/750] 6ae7e659-dc70-4e57-95e3-ebca599988fa: 115 datasets; 1.8 s; peak memory 415 MiB.
2026-10-08T09:01:22Z INFO [375/750] 6ae7e6e7-f841-48f0-b569-e04b3b96323c: 48 datasets; 0.8 s; peak memory 415 MiB.
2026-10-08T09:01:23Z INFO [376/750] 6ae82587-88dc-4791-9c08-8977989309af: 48 datasets; 0.8 s; peak memory 415 MiB.
2026-10-08T09:01:24Z INFO [377/750] 6ae86523-d434-40b0-82ab-b72b7b30f26a: 110 datasets; 1.1 s; peak memory 415 MiB.
2026-10-08T09:01:25Z INFO [378/750] 6ae8b421-abee-4359-9ccb-41d806da19e4: 48 datasets; 0.8 s; peak memory 415 MiB.
2026-10-08T09:01:26Z INFO [379/750] 6ae8e7e6-a2e9-446d-880a-aa7e9d11befb: 48 datasets; 0.9 s; peak memory 415 MiB.
2026-10-08T09:01:27Z INFO [380/750] 6ae91359-57eb-4f02-9412-b69d15ec10a9: 50 datasets; 0.8 s; peak memory 415 MiB.
2026-10-08T09:02:10Z INFO [381/750] 6aea0675-8771-4674-ba3e-05dbad5436c5: 50 datasets; 43.4 s; peak memory 415 MiB.
2026-10-08T09:02:11Z INFO [382/750] 6aea73c1-03dc-4ce0-9c04-fb9a4b0d2c7b: 112 datasets; 1.4 s; peak memory 415 MiB.
2026-10-08T09:02:13Z INFO [383/750] 6aea99e3-225a-411c-8842-a2c64d4d339c: 98 datasets; 1.7 s; peak memory 415 MiB.
2026-10-08T09:02:14Z INFO [384/750] 6aeba2ec-be37-4a90-8c5e-6e969afcf3d2: 116 datasets; 0.8 s; peak memory 415 MiB.
2026-10-08T09:02:15Z INFO [385/750] 6aebbeee-6915-493b-9b81-2f7ccbc8c721: 110 datasets; 1.1 s; peak memory 415 MiB.
2026-10-08T09:02:16Z INFO [386/750] 6aebcb44-00cc-42c1-ba0f-a5f3ea7542e8: 112 datasets; 1.0 s; peak memory 415 MiB.
2026-10-08T09:02:20Z INFO [387/750] 6aed0f3d-9d56-4c39-8eff-0e131c4ffaba: 229 datasets; 4.1 s; peak memory 415 MiB.
2026-10-08T09:02:21Z INFO [388/750] 6aed68f2-d0da-4cfd-8a1e-871618afd592: 117 datasets; 1.0 s; peak memory 415 MiB.
2026-10-08T09:02:22Z INFO [389/750] 6aefa992-b346-40a8-b92a-cd363c24c1d3: 64 datasets; 1.1 s; peak memory 415 MiB.
2026-10-08T09:02:36Z INFO [390/750] 6aefae66-6516-4705-bd7d-4f737cab484d: 432 datasets; 13.3 s; peak memory 415 MiB.
2026-10-08T09:04:37Z INFO [391/750] 6af2422c-1f7f-4f7c-8fa8-d9fd7456b90a: 167 datasets; 121.6 s; peak memory 415 MiB.
2026-10-08T09:04:38Z INFO [392/750] 6af24315-47f1-4606-82f1-7a1eb0e93072: 112 datasets; 1.1 s; peak memory 415 MiB.
2026-10-08T09:04:39Z INFO [393/750] 6af2701d-e7c2-4373-969c-c10eca1091c2: 72 datasets; 0.8 s; peak memory 415 MiB.
2026-10-08T09:04:40Z INFO [394/750] 6af2c580-21e8-4385-9715-140c4c00ab32: 48 datasets; 1.0 s; peak memory 415 MiB.
2026-10-08T09:04:42Z INFO [395/750] 6af3a96b-627d-46a6-80f8-c0c979172054: 115 datasets; 1.9 s; peak memory 415 MiB.
2026-10-08T09:04:46Z INFO [396/750] 6af47a8d-2cfe-4039-a3aa-74c8e18686c5: 807 datasets; 4.3 s; peak memory 415 MiB.
2026-10-08T09:04:47Z INFO [397/750] 6af48a8b-e09c-4e4c-8cb8-765399484343: 118 datasets; 1.0 s; peak memory 415 MiB.
2026-10-08T09:04:51Z INFO [398/750] 6af48f90-147f-48d2-b6d5-8c626bc46aa2: 229 datasets; 3.7 s; peak memory 415 MiB.
2026-10-08T09:04:52Z INFO [399/750] 6af4c30a-e23b-495c-bf7d-45eaf1f15e8d: 48 datasets; 0.8 s; peak memory 415 MiB.
2026-10-08T09:04:57Z INFO [400/750] 6af55ab5-2025-4f1c-8051-6730d72b155c: 809 datasets; 5.5 s; peak memory 415 MiB.
2026-10-08T09:04:58Z INFO [400/750] 6af55ab5-2025-4f1c-8051-6730d72b155c: checkpointed 98485 records.
2026-10-08T09:04:59Z INFO [401/750] 6af59f99-da47-483c-b47f-1815f36085de: 66 datasets; 1.1 s; peak memory 415 MiB.
2026-10-08T09:04:59Z INFO [402/750] 6af6f402-1119-4797-a38d-8fde98e5738b: 48 datasets; 0.9 s; peak memory 415 MiB.
2026-10-08T09:05:00Z INFO [403/750] 6af745d1-7219-4f2b-83f7-b18a1a746dc1: 117 datasets; 0.8 s; peak memory 415 MiB.
2026-10-08T09:05:02Z INFO [404/750] 6af7d5c7-1de3-49b0-8c65-30c2fd360c0b: 158 datasets; 1.3 s; peak memory 415 MiB.
2026-10-08T09:05:03Z INFO [405/750] 6af94eef-2381-48e7-9f0b-fe77dbad7c99: 78 datasets; 1.0 s; peak memory 415 MiB.
2026-10-08T09:05:04Z INFO [406/750] 6af9c4b7-ce45-4287-9760-8b6b64361529: 117 datasets; 1.0 s; peak memory 415 MiB.
2026-10-08T09:05:05Z INFO [407/750] 6afa1bfe-1237-44cf-9c12-17c04ad33290: 118 datasets; 0.9 s; peak memory 415 MiB.
2026-10-08T09:05:10Z INFO [408/750] 6afa5e42-b821-4330-8b88-5b9ada9b5d72: 11477 datasets; 5.3 s; peak memory 415 MiB.
2026-10-08T09:05:11Z INFO [409/750] 6afa63af-3baf-47ef-bb67-6b3a966a644b: 109 datasets; 0.8 s; peak memory 415 MiB.
2026-10-08T09:05:12Z INFO [410/750] 6afb571e-e0d9-4b95-be6a-840912b41ddc: 117 datasets; 1.0 s; peak memory 415 MiB.
2026-10-08T09:05:13Z INFO [411/750] 6afca364-f00c-4a8d-aa27-9b1326f2ee8d: 117 datasets; 1.2 s; peak memory 415 MiB.
2026-10-08T09:08:54Z INFO [412/750] 6afd158c-6d26-4a1f-9e8c-e7a478a2b6f3: 472 datasets; 221.2 s; peak memory 524 MiB.
2026-10-08T09:09:04Z INFO [413/750] 6afd417b-9f80-427d-b26d-290a34196a1a: 44 datasets; 10.5 s; peak memory 524 MiB.
2026-10-08T09:09:05Z INFO [414/750] 6afd5230-fc70-47bb-ae42-608b0835a22a: 48 datasets; 0.9 s; peak memory 524 MiB.
2026-10-08T09:09:06Z INFO [415/750] 6afd8a66-724a-462c-88b8-fae5b7cb028c: 117 datasets; 1.1 s; peak memory 524 MiB.
2026-10-08T09:09:08Z INFO [416/750] 6afe2168-911b-4b66-bc46-312ec618b4cd: 115 datasets; 1.6 s; peak memory 524 MiB.
2026-10-08T09:09:09Z INFO [417/750] 6afea254-ebe4-48e7-a0c0-398d22a482af: 110 datasets; 1.1 s; peak memory 524 MiB.
2026-10-08T09:09:10Z INFO [418/750] 6afecd5f-c815-4df7-b6ed-15007131bb65: 48 datasets; 0.8 s; peak memory 524 MiB.
2026-10-08T09:09:11Z INFO [419/750] 6b00b5d5-dd59-4041-aead-9c4ea872fefd: 48 datasets; 1.0 s; peak memory 524 MiB.
2026-10-08T09:09:12Z INFO [420/750] 6b01f9eb-2456-43a5-8951-f8f506cb7343: 41 datasets; 0.8 s; peak memory 524 MiB.
2026-10-08T09:12:42Z INFO [421/750] 6b023df1-aa0f-476c-ab21-1a9e58c49f51: 264 datasets; 210.1 s; peak memory 524 MiB.
2026-10-08T09:12:43Z INFO [422/750] 6b03a18c-2622-46e4-9e26-a4d2983ab563: 69 datasets; 0.9 s; peak memory 524 MiB.
2026-10-08T09:12:47Z INFO [423/750] 6b042a8f-09de-4d54-a8fb-9a66eb80e5de: 223 datasets; 4.8 s; peak memory 524 MiB.
2026-10-08T09:12:49Z INFO [424/750] 6b06e80d-3ed6-4b71-8a1c-e5a0f90bf461: 328 datasets; 1.7 s; peak memory 524 MiB.
2026-10-08T09:12:53Z INFO [425/750] 6b073be2-87a9-44a8-977f-27360d47f434: 435 datasets; 3.6 s; peak memory 524 MiB.
2026-10-08T09:12:54Z INFO [426/750] 6b0744ee-720c-47a5-a82b-c4ca5289f8ad: 52 datasets; 1.0 s; peak memory 524 MiB.
2026-10-08T09:12:55Z INFO [427/750] 6b07cedc-fcf1-4451-886a-e319947124fe: 117 datasets; 0.8 s; peak memory 524 MiB.
2026-10-08T09:12:55Z INFO [428/750] 6b0829f7-e214-4d54-b197-b1c1a2fa929b: 21 datasets; 0.6 s; peak memory 524 MiB.
2026-10-08T09:12:56Z INFO [429/750] 6b09a040-8193-43db-93c1-110cc40b3ed1: 48 datasets; 0.7 s; peak memory 524 MiB.
2026-10-08T09:12:57Z INFO [430/750] 6b09d389-5021-4352-8712-c7f756117077: 48 datasets; 0.7 s; peak memory 524 MiB.
2026-10-08T09:12:58Z INFO [431/750] 6b0ae72f-16e4-4965-97e4-11b599d60a2d: 48 datasets; 0.9 s; peak memory 524 MiB.
2026-10-08T09:12:59Z INFO [432/750] 6b0b66eb-e7fc-4b22-a891-d7ff814e94ad: 118 datasets; 1.0 s; peak memory 524 MiB.
2026-10-08T09:13:00Z INFO [433/750] 6b0c5db4-15b9-4cbd-b4e4-5acfeb5e20f3: 116 datasets; 1.0 s; peak memory 524 MiB.
2026-10-08T09:13:00Z INFO [434/750] 6b0d1968-8dd9-4d1a-b21b-a5e42d47c295: 116 datasets; 0.8 s; peak memory 524 MiB.
2026-10-08T09:13:01Z INFO [435/750] 6b0d8f2d-ea63-4c1a-ab87-b78b0f4be799: 57 datasets; 0.6 s; peak memory 524 MiB.
2026-10-08T09:13:08Z INFO [436/750] 6b0df919-5829-4dfe-9f73-6f90a00471e6: 97 datasets; 7.3 s; peak memory 524 MiB.
2026-10-08T09:13:09Z INFO [437/750] 6b0e7fc4-5b43-425c-a227-86e1e1f725ef: 118 datasets; 1.0 s; peak memory 524 MiB.
2026-10-08T09:13:12Z INFO [438/750] 6b0e9aad-0c0c-452f-9b4a-79920c086d2a: 229 datasets; 2.9 s; peak memory 524 MiB.
2026-10-08T09:15:16Z INFO [439/750] 6b0f2314-e6ab-40f3-af48-f22bdf90661c: 257 datasets; 123.9 s; peak memory 524 MiB.
2026-10-08T09:15:17Z INFO [440/750] 6b100e2c-5d7d-4ec8-8e5c-6adf20926b03: 99 datasets; 0.8 s; peak memory 524 MiB.
2026-10-08T09:15:19Z INFO [441/750] 6b103be9-3877-45be-91f4-250bd799c87a: 66 datasets; 1.8 s; peak memory 524 MiB.
2026-10-08T09:15:20Z INFO [442/750] 6b10f8f7-9be7-4b81-b1a3-30a9f556132c: 117 datasets; 1.0 s; peak memory 524 MiB.
2026-10-08T09:15:20Z INFO [443/750] 6b115ebd-068e-40ee-904e-e0286f992a6e: 48 datasets; 0.9 s; peak memory 524 MiB.
2026-10-08T09:15:26Z INFO [444/750] 6b11ea29-deb4-413e-a480-afc5caa88ce9: 369 datasets; 5.8 s; peak memory 524 MiB.
2026-10-08T09:15:27Z INFO [445/750] 6b130d08-6fde-42e0-b722-b4ad03213f9a: 46 datasets; 0.6 s; peak memory 524 MiB.
2026-10-08T09:15:28Z INFO [446/750] 6b1327e5-449b-4b5a-9fcf-21670e4511e5: 116 datasets; 0.8 s; peak memory 524 MiB.
2026-10-08T09:15:34Z INFO [447/750] 6b13a3d9-5bb9-4d34-98fd-6e08fb2f3120: 1093 datasets; 6.8 s; peak memory 524 MiB.
2026-10-08T09:17:31Z INFO [448/750] 6b13b853-6e33-4370-8ead-8baaabac2332: 167 datasets; 116.3 s; peak memory 524 MiB.
2026-10-08T09:17:31Z INFO [449/750] 6b13bed0-0b0c-4b9e-8d31-ff33e6838be5: 116 datasets; 0.9 s; peak memory 524 MiB.
2026-10-08T09:17:32Z INFO [450/750] 6b145350-a401-4d56-a417-f26a34645a3f: 48 datasets; 0.9 s; peak memory 524 MiB.
2026-10-08T09:17:32Z INFO [450/750] 6b145350-a401-4d56-a417-f26a34645a3f: checkpointed 98535 records.
2026-10-08T09:17:34Z INFO [451/750] 6b1463df-caf8-46a0-96e6-2c4821a85650: 80 datasets; 1.8 s; peak memory 524 MiB.
2026-10-08T09:17:35Z INFO [452/750] 6b14e4e3-9f78-456f-9466-621993efba9a: 61 datasets; 0.7 s; peak memory 524 MiB.
2026-10-08T09:17:40Z INFO [453/750] 6b1604db-f2ff-4d59-a897-ad27b744f1ec: 1346 datasets; 5.5 s; peak memory 524 MiB.
2026-10-08T09:17:47Z INFO [454/750] 6b16bc6b-e20e-45c6-8a42-93dfb9909433: 667 datasets; 7.0 s; peak memory 524 MiB.
2026-10-08T09:17:49Z INFO [455/750] 6b171663-0c46-465a-9857-e344f09c889e: 71 datasets; 1.1 s; peak memory 524 MiB.
2026-10-08T09:17:49Z INFO [456/750] 6b175d86-fbfd-4d3f-ba37-b3f4d9f4165b: 110 datasets; 0.9 s; peak memory 524 MiB.
2026-10-08T09:18:01Z INFO [457/750] 6b18621f-cc50-4c42-98e8-b8a8f57db9fb: 1231 datasets; 11.7 s; peak memory 524 MiB.
2026-10-08T09:18:02Z INFO [458/750] 6b18b9cb-aeac-495a-ad35-ea81cd2561cc: 48 datasets; 0.8 s; peak memory 524 MiB.
2026-10-08T09:18:03Z INFO [459/750] 6b194db0-fe55-441d-a3ef-736c0a2370b7: 53 datasets; 0.7 s; peak memory 524 MiB.
2026-10-08T09:18:03Z INFO [460/750] 6b1a42e7-53ec-445c-ac7b-5a1ff0c4c635: 45 datasets; 0.6 s; peak memory 524 MiB.
2026-10-08T09:18:05Z INFO [461/750] 6b1a532f-411e-4ab3-99bb-db1cef68f4e3: 71 datasets; 1.5 s; peak memory 524 MiB.
2026-10-08T09:18:14Z INFO [462/750] 6b1add40-a6ae-4143-bacb-84f3ed9f5dec: 980 datasets; 9.0 s; peak memory 524 MiB.
2026-10-08T09:18:15Z INFO [463/750] 6b1afebc-677f-4c39-8c4e-7087daa90754: 110 datasets; 1.0 s; peak memory 524 MiB.
2026-10-08T09:18:16Z INFO [464/750] 6b1b7389-c6d7-4421-bb0c-d59ec1411c63: 113 datasets; 0.9 s; peak memory 524 MiB.
2026-10-08T09:18:17Z INFO [465/750] 6b1b8904-2abb-4c25-b5fa-dd2495138028: 118 datasets; 1.0 s; peak memory 524 MiB.
2026-10-08T09:18:19Z INFO [466/750] 6b1ce9ce-6ab8-4c01-afe5-42ec292e8eaf: 80 datasets; 1.9 s; peak memory 524 MiB.
2026-10-08T09:18:19Z INFO [467/750] 6b1d150b-6256-4553-b055-eaa0c0fb26d4: 48 datasets; 0.8 s; peak memory 524 MiB.
2026-10-08T09:18:20Z INFO [468/750] 6b1ec896-cacf-4d30-80da-41b88d9098c9: 118 datasets; 0.9 s; peak memory 524 MiB.
2026-10-08T09:18:21Z INFO [469/750] 6b200d3e-4d52-4680-be94-90ffb2470e2e: 48 datasets; 0.7 s; peak memory 524 MiB.
2026-10-08T09:18:22Z INFO [470/750] 6b20b0d2-ebc8-46c2-a5ef-bba75021b9eb: 66 datasets; 1.1 s; peak memory 524 MiB.
2026-10-08T09:18:23Z INFO [471/750] 6b2125fb-2c47-43af-9715-bd4911ce776b: 114 datasets; 0.9 s; peak memory 524 MiB.
2026-10-08T09:18:24Z INFO [472/750] 6b213f8b-30f9-4d8e-9b6a-d6afa013222a: 48 datasets; 0.8 s; peak memory 524 MiB.
2026-10-08T09:18:24Z INFO [473/750] 6b22a717-0b8f-4901-b89b-28366afb4725: 50 datasets; 0.5 s; peak memory 524 MiB.
2026-10-08T09:18:25Z INFO [474/750] 6b22c618-7c1e-445b-acb5-59b8dd21feab: 85 datasets; 0.8 s; peak memory 524 MiB.
2026-10-08T09:18:32Z INFO [475/750] 6b22dba8-bc11-401d-a638-76dfb5e1f78a: 770 datasets; 6.6 s; peak memory 524 MiB.
2026-10-08T09:18:34Z INFO [476/750] 6b233824-c87c-4f65-b3ad-c7901bb54da7: 156 datasets; 1.9 s; peak memory 524 MiB.
2026-10-08T09:18:34Z INFO [477/750] 6b234fc0-cb86-4108-891d-dec8c4421f75: 57 datasets; 0.6 s; peak memory 524 MiB.
2026-10-08T09:18:35Z INFO [478/750] 6b238a83-f98c-4013-97d4-2d9357d0725d: 114 datasets; 0.8 s; peak memory 524 MiB.
2026-10-08T09:18:36Z INFO [479/750] 6b23e454-210a-41c2-b622-6c1f4f56c1b6: 110 datasets; 1.3 s; peak memory 524 MiB.
2026-10-08T09:18:37Z INFO [480/750] 6b23fb22-0453-412d-baa1-6080cf57c5b6: 48 datasets; 0.8 s; peak memory 524 MiB.
2026-10-08T09:18:38Z INFO [481/750] 6b258c43-b7d6-40de-872f-c609f59fb442: 48 datasets; 0.7 s; peak memory 524 MiB.
2026-10-08T09:20:23Z INFO [482/750] 6b25eda2-2739-46df-9364-dbbcd73ba7f6: 250 datasets; 104.7 s; peak memory 524 MiB.
2026-10-08T09:20:23Z INFO [483/750] 6b26bb1e-e915-44be-8d0c-afd1b9659163: 116 datasets; 0.8 s; peak memory 524 MiB.
2026-10-08T09:20:25Z INFO [484/750] 6b275de7-ad8f-477f-b8f3-1ecc0684ac68: 115 datasets; 1.6 s; peak memory 524 MiB.
2026-10-08T09:20:26Z INFO [485/750] 6b278d2c-8e76-4498-92fe-98444ff9b51d: 71 datasets; 1.1 s; peak memory 524 MiB.
2026-10-08T09:20:27Z INFO [486/750] 6b27ea7a-8e17-4bc1-bacf-0d23aa412cf3: 66 datasets; 1.0 s; peak memory 524 MiB.
2026-10-08T09:20:28Z INFO [487/750] 6b29186b-753e-476b-b231-9daa97544788: 110 datasets; 0.8 s; peak memory 524 MiB.
2026-10-08T09:20:29Z INFO [488/750] 6b29648d-8a7d-4679-a12b-dcb995fdb621: 83 datasets; 0.7 s; peak memory 524 MiB.
2026-10-08T09:20:29Z INFO [489/750] 6b2b003d-503f-436c-97e2-31b717ff58ce: 48 datasets; 0.8 s; peak memory 524 MiB.
2026-10-08T09:20:30Z INFO [490/750] 6b2b357e-87bc-423b-a240-f80133ee3800: 48 datasets; 0.9 s; peak memory 524 MiB.
2026-10-08T09:20:31Z INFO [491/750] 6b2c54cb-ab8a-489c-a825-ed29783cc8a8: 66 datasets; 1.2 s; peak memory 524 MiB.
2026-10-08T09:20:35Z INFO [492/750] 6b2ca30f-4554-4795-80fd-35eb976c8b49: 353 datasets; 3.3 s; peak memory 524 MiB.
2026-10-08T09:20:36Z INFO [493/750] 6b2d7d9b-e08a-4559-b902-4f5cab666566: 38 datasets; 1.5 s; peak memory 524 MiB.
2026-10-08T09:20:37Z INFO [494/750] 6b2ef159-5e41-4af4-ab66-c79e20c4a277: 46 datasets; 0.5 s; peak memory 524 MiB.
2026-10-08T09:20:38Z INFO [495/750] 6b2f9940-089b-4801-9cfd-a2a1e119694f: 71 datasets; 1.6 s; peak memory 524 MiB.
2026-10-08T09:20:39Z INFO [496/750] 6b303803-6e0a-481e-a2f8-d0b151c06d78: 118 datasets; 0.8 s; peak memory 524 MiB.
2026-10-08T09:20:40Z INFO [497/750] 6b31508b-0879-47c8-a095-43e83c17af5a: 116 datasets; 0.9 s; peak memory 524 MiB.
2026-10-08T09:20:44Z INFO [498/750] 6b332af2-2786-4ae3-a9f7-531f0c51a240: 260 datasets; 4.3 s; peak memory 524 MiB.
2026-10-08T09:20:45Z INFO [499/750] 6b3334c8-30b3-46fa-a90e-a515d1875450: 116 datasets; 0.8 s; peak memory 524 MiB.
2026-10-08T09:20:46Z INFO [500/750] 6b3395cf-32b0-4cc3-98a5-b1fce5c34508: 114 datasets; 0.8 s; peak memory 524 MiB.
2026-10-08T09:20:46Z INFO [500/750] 6b3395cf-32b0-4cc3-98a5-b1fce5c34508: checkpointed 98585 records.
2026-10-08T09:20:47Z INFO [501/750] 6b33aa67-b345-49e6-b4e8-b309b7e414cb: 117 datasets; 1.1 s; peak memory 524 MiB.
2026-10-08T09:21:01Z INFO [502/750] 6b353512-f41e-429a-b44d-19cd1d7492fa: 709 datasets; 13.8 s; peak memory 524 MiB.
2026-10-08T09:21:05Z INFO [503/750] 6b3601e5-aea7-48be-8849-7917c36d4ea2: 174 datasets; 3.4 s; peak memory 524 MiB.
2026-10-08T09:21:05Z INFO [504/750] 6b3621c4-c1c1-4d40-b26a-f88a417babed: 52 datasets; 0.7 s; peak memory 524 MiB.
2026-10-08T09:21:10Z INFO [505/750] 6b36a510-4252-48a3-b86d-c499893ac4f2: 11477 datasets; 5.2 s; peak memory 524 MiB.
2026-10-08T09:21:11Z INFO [506/750] 6b36c9b4-b7ab-41c6-97f3-178182b5d783: 46 datasets; 0.6 s; peak memory 524 MiB.
2026-10-08T09:21:12Z INFO [507/750] 6b370cba-a0e2-46a0-a76c-b6e1599a6bed: 117 datasets; 1.0 s; peak memory 524 MiB.
2026-10-08T09:21:14Z INFO [508/750] 6b389973-660a-408f-8c68-1dc71f5a3b8e: 115 datasets; 1.7 s; peak memory 524 MiB.
2026-10-08T09:21:18Z INFO [509/750] 6b39b5e5-eba6-40f3-bdd4-6c050066b0ae: 538 datasets; 4.1 s; peak memory 524 MiB.
2026-10-08T09:21:26Z INFO [510/750] 6b3a61cd-3ea6-49fd-9e36-e80a1b9bce43: 1034 datasets; 7.9 s; peak memory 524 MiB.
2026-10-08T09:21:27Z INFO [511/750] 6b3a8ec3-691c-4fe9-991e-5a82b6564fc0: 48 datasets; 0.9 s; peak memory 524 MiB.
2026-10-08T09:21:28Z INFO [512/750] 6b3a9c4b-fb8f-49ba-8daa-e459ccf19655: 69 datasets; 1.1 s; peak memory 524 MiB.
2026-10-08T09:21:29Z INFO [513/750] 6b3ae75c-e6bc-402e-a76a-b571796502fb: 112 datasets; 0.8 s; peak memory 524 MiB.
2026-10-08T09:22:34Z INFO [514/750] 6b3b0e01-4325-474f-9553-08b0f190f486: 49 datasets; 64.8 s; peak memory 524 MiB.
2026-10-08T09:22:35Z INFO [515/750] 6b3b32aa-8d67-49b9-a9eb-59bef64261e5: 112 datasets; 1.2 s; peak memory 524 MiB.
2026-10-08T09:22:39Z INFO [516/750] 6b3b5380-21f2-4671-b1fc-0a20cf979ce9: 424 datasets; 4.1 s; peak memory 524 MiB.
2026-10-08T09:26:20Z INFO [517/750] 6b3c8ba5-2217-40d5-b8bf-2da19f9ec89e: 62 datasets; 220.9 s; peak memory 536 MiB.
2026-10-08T09:26:20Z INFO [518/750] 6b3c9610-e486-479c-9608-e83c80c35e8f: 46 datasets; 0.6 s; peak memory 536 MiB.
2026-10-08T09:26:21Z INFO [519/750] 6b3ca086-41d0-428a-8dc6-7de4fc5170bb: 117 datasets; 0.9 s; peak memory 536 MiB.
2026-10-08T09:26:23Z INFO [520/750] 6b3cd3b1-c169-4ef1-a26a-2cf293e1631e: 117 datasets; 1.3 s; peak memory 536 MiB.
2026-10-08T09:26:28Z INFO [521/750] 6b3dabeb-da68-45dd-9b3f-b7a88c1bcde0: 49 datasets; 5.8 s; peak memory 536 MiB.
2026-10-08T09:26:29Z INFO [522/750] 6b3e2858-4611-43f5-9723-44900d91a8e9: 48 datasets; 1.0 s; peak memory 536 MiB.
2026-10-08T09:26:30Z INFO [523/750] 6b3e5c66-c62c-4940-bcbe-55cc82d2ae12: 116 datasets; 0.9 s; peak memory 536 MiB.
2026-10-08T09:26:31Z INFO [524/750] 6b3eed8b-71ef-4b7a-ad08-e70a38b0c956: 57 datasets; 0.7 s; peak memory 536 MiB.
2026-10-08T09:26:32Z INFO [525/750] 6b3f914d-4e1a-4efa-9c09-1799a65a12a7: 72 datasets; 1.1 s; peak memory 536 MiB.
2026-10-08T09:26:36Z INFO [526/750] 6b3fd65f-b126-4010-8c6b-e1afadf2db87: 200 datasets; 4.3 s; peak memory 536 MiB.
2026-10-08T09:26:37Z INFO [527/750] 6b405934-b9cd-4551-8ffe-a814aa9d038e: 112 datasets; 1.0 s; peak memory 536 MiB.
2026-10-08T09:26:44Z INFO [528/750] 6b405af9-48d7-4b7e-8a4c-1a0a93f37d76: 396 datasets; 6.2 s; peak memory 536 MiB.
2026-10-08T09:26:45Z INFO [529/750] 6b407447-69ac-459f-bb77-142a87d8d11a: 66 datasets; 1.1 s; peak memory 536 MiB.
2026-10-08T09:26:46Z INFO [530/750] 6b4170b9-cbca-45b8-9672-03c1b1cf6465: 48 datasets; 0.8 s; peak memory 536 MiB.
2026-10-08T09:26:47Z INFO [531/750] 6b432286-8c4e-4b1b-be9c-fb5c8b657ed8: 76 datasets; 1.1 s; peak memory 536 MiB.
2026-10-08T09:26:51Z INFO [532/750] 6b43868a-4276-49cc-bbe6-7d7dcde6755c: 538 datasets; 4.3 s; peak memory 536 MiB.
2026-10-08T09:26:52Z INFO [533/750] 6b43a2b3-3ae5-4cce-a2a5-4fa35354412a: 48 datasets; 0.8 s; peak memory 536 MiB.
2026-10-08T09:26:57Z INFO [534/750] 6b43dbc6-52c1-4149-94c5-3c15186c7e43: 630 datasets; 5.7 s; peak memory 536 MiB.
2026-10-08T09:26:58Z INFO [535/750] 6b440cc1-4a1b-4a1f-8254-e89ed4d9429e: 48 datasets; 1.0 s; peak memory 536 MiB.
2026-10-08T09:26:59Z INFO [536/750] 6b44a5de-5e9c-476f-9dab-735b7f82d973: 48 datasets; 0.9 s; peak memory 536 MiB.
2026-10-08T09:27:00Z INFO [537/750] 6b4513bb-e221-464b-80b3-2335254ae96e: 37 datasets; 0.6 s; peak memory 536 MiB.
2026-10-08T09:27:01Z INFO [538/750] 6b45cb86-e8f8-420d-9c81-fb87484e62f0: 61 datasets; 1.0 s; peak memory 536 MiB.
2026-10-08T09:27:02Z INFO [539/750] 6b45d431-011b-42ae-8d55-26b28c54585c: 70 datasets; 1.1 s; peak memory 536 MiB.
2026-10-08T09:27:03Z INFO [540/750] 6b463cda-95d7-4e93-85b9-9291eafe9cde: 112 datasets; 1.1 s; peak memory 536 MiB.
2026-10-08T09:27:04Z INFO [541/750] 6b464bde-85ac-4375-8b6f-a3d880fe3c5c: 60 datasets; 0.6 s; peak memory 536 MiB.
2026-10-08T09:27:04Z INFO [542/750] 6b4706ee-f7f1-49ae-a2f0-21724ee47aaa: 48 datasets; 0.7 s; peak memory 536 MiB.
2026-10-08T09:27:06Z INFO [543/750] 6b4712f6-1587-4915-9642-74ef217285fb: 101 datasets; 1.5 s; peak memory 536 MiB.
2026-10-08T09:27:14Z INFO [544/750] 6b47185d-14c4-4520-9360-1ee4650a6854: 1176 datasets; 8.0 s; peak memory 536 MiB.
2026-10-08T09:27:15Z INFO [545/750] 6b4797f9-484d-4794-87fb-da7c6acdd6ee: 72 datasets; 0.7 s; peak memory 536 MiB.
2026-10-08T09:27:16Z INFO [546/750] 6b47d8df-8195-43f8-9afa-c2498ba9ff5b: 48 datasets; 0.9 s; peak memory 536 MiB.
2026-10-08T09:27:25Z INFO [547/750] 6b482904-dc05-4052-9c87-21e196cf8b55: 44 datasets; 9.3 s; peak memory 536 MiB.
2026-10-08T09:27:26Z INFO [548/750] 6b489b15-bdb3-4210-a3dd-d98950387e82: 48 datasets; 0.8 s; peak memory 536 MiB.
2026-10-08T09:27:26Z INFO [549/750] 6b48abf4-8ce0-4287-a592-19ca8bc7e532: 37 datasets; 0.7 s; peak memory 536 MiB.
2026-10-08T09:27:27Z INFO [550/750] 6b48c5fd-0408-4ddb-947f-4c8ddabfb337: 38 datasets; 0.6 s; peak memory 536 MiB.
2026-10-08T09:27:27Z INFO [550/750] 6b48c5fd-0408-4ddb-947f-4c8ddabfb337: checkpointed 98635 records.
2026-10-08T09:27:28Z INFO [551/750] 6b49b768-d293-48d6-a4a9-061440b0cf8a: 48 datasets; 0.8 s; peak memory 536 MiB.
2026-10-08T09:27:29Z INFO [552/750] 6b4aad39-3a27-4eaa-9312-c4710d181bf0: 117 datasets; 1.0 s; peak memory 536 MiB.
2026-10-08T09:27:30Z INFO [553/750] 6b4afc65-9bcc-4172-86c9-05c97ba689d4: 289 datasets; 1.0 s; peak memory 536 MiB.
2026-10-08T09:27:31Z INFO [554/750] 6b4b7763-4d15-4372-b035-42c7c9e4a44a: 48 datasets; 0.8 s; peak memory 536 MiB.
2026-10-08T09:27:38Z INFO [555/750] 6b4bec42-1eb5-4238-8669-2a45c42bd5d4: 687 datasets; 6.7 s; peak memory 536 MiB.
2026-10-08T09:27:38Z INFO [556/750] 6b4c056d-d695-4cdf-9f2c-0efea0da92f0: 48 datasets; 0.8 s; peak memory 536 MiB.
2026-10-08T09:27:39Z INFO [557/750] 6b4d1b23-d93c-4553-9a4f-5f6980f194a6: 121 datasets; 0.7 s; peak memory 536 MiB.
2026-10-08T09:27:40Z INFO [558/750] 6b4d3e19-4878-4be0-8468-5a231a7e97bb: 76 datasets; 1.3 s; peak memory 536 MiB.
2026-10-08T09:27:41Z INFO [559/750] 6b4d44f0-8442-428d-976b-e05736b7da9e: 117 datasets; 0.8 s; peak memory 536 MiB.
2026-10-08T09:27:42Z INFO [560/750] 6b4e7bf2-897b-45c1-b90b-ba7017e9e580: 118 datasets; 0.8 s; peak memory 536 MiB.
2026-10-08T09:42:28Z INFO [561/750] 6b4f5cc5-8c24-4322-84c0-50ee03a71b5f: 78 datasets; 886.2 s; peak memory 1203 MiB.
2026-10-08T09:42:32Z INFO [562/750] 6b4fe683-51f4-4d9e-807d-a56c6a4e1150: 229 datasets; 3.3 s; peak memory 1203 MiB.
2026-10-08T09:42:32Z INFO [563/750] 6b505b74-1468-4794-bdbb-e6a205a02806: 48 datasets; 0.8 s; peak memory 1203 MiB.
2026-10-08T09:42:37Z INFO [564/750] 6b5194a9-b75d-42fd-8b18-bda4ad367bd4: 508 datasets; 4.2 s; peak memory 1203 MiB.
2026-10-08T09:42:37Z INFO [565/750] 6b51bb68-e9fe-4c18-9fd6-ee6839177098: 118 datasets; 0.9 s; peak memory 1203 MiB.
2026-10-08T09:42:38Z INFO [566/750] 6b51bffc-17b4-496a-b8a8-66477d95fb2b: 194 datasets; 1.0 s; peak memory 1203 MiB.
2026-10-08T09:42:40Z INFO [567/750] 6b52e4ab-27e0-4636-8e8a-1197b260ee79: 119 datasets; 1.6 s; peak memory 1203 MiB.
2026-10-08T09:42:41Z INFO [568/750] 6b539367-20b9-4d5b-812f-dfa087c9e10c: 112 datasets; 0.9 s; peak memory 1203 MiB.
2026-10-08T09:42:42Z INFO [569/750] 6b53bc60-33b2-42b9-81c4-d92272c3baa0: 48 datasets; 0.9 s; peak memory 1203 MiB.
2026-10-08T09:42:43Z INFO [570/750] 6b5589b4-d378-4874-8b41-73160ce0224a: 117 datasets; 1.0 s; peak memory 1203 MiB.
2026-10-08T09:42:44Z INFO [571/750] 6b5797e7-5374-4cfc-bbaa-bbf14f992a5b: 48 datasets; 0.8 s; peak memory 1203 MiB.
2026-10-08T09:42:44Z INFO [572/750] 6b57dd62-7751-458b-b3cf-87c654b76a42: 69 datasets; 0.8 s; peak memory 1203 MiB.
2026-10-08T09:44:31Z INFO [573/750] 6b582373-fb08-474f-a2d5-47b415e89286: 413 datasets; 106.3 s; peak memory 1203 MiB.
2026-10-08T09:44:33Z INFO [574/750] 6b5895a7-f2d8-406d-a143-f3a05769726f: 156 datasets; 2.0 s; peak memory 1203 MiB.
2026-10-08T09:44:33Z INFO [575/750] 6b58df7d-916e-4862-9f37-66f58cc9f931: 46 datasets; 0.6 s; peak memory 1203 MiB.
2026-10-08T09:44:34Z INFO [576/750] 6b591f60-564c-40da-b631-b8571af47cf8: 84 datasets; 0.8 s; peak memory 1203 MiB.
2026-10-08T09:44:35Z INFO [577/750] 6b5960a0-7f7e-4c8e-b9cb-9c0755d1b9ed: 48 datasets; 0.8 s; peak memory 1203 MiB.
2026-10-08T09:44:36Z INFO [578/750] 6b59eeb0-5326-406a-baf4-b9abb550bc8e: 110 datasets; 1.3 s; peak memory 1203 MiB.
2026-10-08T09:44:37Z INFO [579/750] 6b5ae1be-d066-4ec4-b3b8-686631f90fab: 59 datasets; 1.1 s; peak memory 1203 MiB.
2026-10-08T09:44:38Z INFO [580/750] 6b5b005e-f6e4-4347-b221-6aa54962916d: 59 datasets; 0.9 s; peak memory 1203 MiB.
2026-10-08T09:44:43Z INFO [581/750] 6b5be40a-9a3d-47e7-9150-70686f85fd5d: 56 datasets; 4.6 s; peak memory 1203 MiB.
2026-10-08T09:44:45Z INFO [582/750] 6b5befdb-fff5-47c5-b419-41eed1318251: 71 datasets; 1.7 s; peak memory 1203 MiB.
2026-10-08T09:44:50Z INFO [583/750] 6b5bf411-4675-4309-81e2-d9c03884271a: 200 datasets; 5.2 s; peak memory 1203 MiB.
2026-10-08T09:44:51Z INFO [584/750] 6b5c2bb7-db21-4dda-ab15-f1a73d16febf: 117 datasets; 0.9 s; peak memory 1203 MiB.
2026-10-08T09:44:51Z INFO [585/750] 6b5ceb38-bd9f-428f-8450-b421ad20ee2f: 48 datasets; 0.7 s; peak memory 1203 MiB.
2026-10-08T09:44:53Z INFO [586/750] 6b5cf9d7-6b84-4258-bac4-74d22889bbb2: 85 datasets; 1.6 s; peak memory 1203 MiB.
2026-10-08T09:44:57Z INFO [587/750] 6b5d4cd9-2276-431d-bd87-ef4c2d0647fd: 174 datasets; 3.8 s; peak memory 1203 MiB.
2026-10-08T09:44:58Z INFO [588/750] 6b5d898e-7168-4f80-a32d-c3d287bb5f31: 112 datasets; 0.9 s; peak memory 1203 MiB.
2026-10-08T09:44:59Z INFO [589/750] 6b5db24a-eb00-4ed4-b50e-5a6e4352006f: 117 datasets; 0.8 s; peak memory 1203 MiB.
2026-10-08T09:44:59Z INFO [590/750] 6b5ddfc7-0223-416c-99b4-c1d16a476612: 46 datasets; 0.5 s; peak memory 1203 MiB.
2026-10-08T09:45:00Z INFO [591/750] 6b5e4e67-04f9-4db4-a613-069743a1bb2c: 110 datasets; 1.1 s; peak memory 1203 MiB.
2026-10-08T09:45:01Z INFO [592/750] 6b5e540b-ffd1-4429-8b83-9f5de2d2d7c1: 112 datasets; 1.3 s; peak memory 1203 MiB.
2026-10-08T09:45:02Z INFO [593/750] 6b5e7034-1312-4192-8c49-fca5516f71e8: 117 datasets; 0.9 s; peak memory 1203 MiB.
2026-10-08T09:45:03Z INFO [594/750] 6b5ee055-6d01-4c76-935a-e1b33ff5df6b: 52 datasets; 0.9 s; peak memory 1203 MiB.
2026-10-08T09:45:04Z INFO [595/750] 6b5ff914-3181-4679-9972-c6e433883d90: 115 datasets; 0.7 s; peak memory 1203 MiB.
2026-10-08T09:45:05Z INFO [596/750] 6b60a00c-e3b7-4b79-a1ea-e2cc23739ed4: 48 datasets; 0.7 s; peak memory 1203 MiB.
2026-10-08T09:55:11Z INFO [597/750] 6b60b812-004a-4d4f-8348-b744519aa318: 357 datasets; 606.1 s; peak memory 1203 MiB.
2026-10-08T09:55:12Z INFO [598/750] 6b61132f-0a38-48c8-b654-1ddbc90c8ee9: 118 datasets; 0.8 s; peak memory 1203 MiB.
2026-10-08T09:55:14Z INFO [599/750] 6b6114da-2fdd-4bb5-8328-bb8230a243f9: 60 datasets; 2.5 s; peak memory 1203 MiB.
2026-10-08T09:55:15Z INFO [600/750] 6b61a459-3a2d-4afd-adb5-6994c740fe64: 117 datasets; 0.7 s; peak memory 1203 MiB.
2026-10-08T09:55:15Z INFO [600/750] 6b61a459-3a2d-4afd-adb5-6994c740fe64: checkpointed 98685 records.
2026-10-08T09:55:16Z INFO [601/750] 6b61ac1a-73ed-4b4b-ae9d-4845b2f9417a: 38 datasets; 1.4 s; peak memory 1203 MiB.
2026-10-08T09:55:17Z INFO [602/750] 6b61d4bb-e129-4288-9ba7-51cbb465863e: 48 datasets; 0.7 s; peak memory 1203 MiB.
2026-10-08T09:55:21Z INFO [603/750] 6b62e2e4-d253-4f56-818f-37cfcbe3dba1: 538 datasets; 4.2 s; peak memory 1203 MiB.
2026-10-08T09:55:24Z INFO [604/750] 6b62ff83-beba-4bd7-93f3-cc897f584aa1: 285 datasets; 3.1 s; peak memory 1203 MiB.
2026-10-08T09:55:28Z INFO [605/750] 6b63513a-43dd-4f29-87e0-9a99db62910c: 564 datasets; 3.7 s; peak memory 1203 MiB.
2026-10-08T09:55:29Z INFO [606/750] 6b63d61d-77bf-43b1-b778-e6f2ece8cc48: 48 datasets; 0.8 s; peak memory 1203 MiB.
2026-10-08T09:55:31Z INFO [607/750] 6b63f90d-6056-4d6a-bb1f-b1eaf3545a3d: 158 datasets; 1.6 s; peak memory 1203 MiB.
2026-10-08T09:55:31Z INFO [608/750] 6b63f9aa-ca74-47d5-8728-c9e36bd6d07c: 69 datasets; 0.8 s; peak memory 1203 MiB.
2026-10-08T09:55:32Z INFO [609/750] 6b6420e1-5d34-453c-b2f1-98802dc0f744: 112 datasets; 1.0 s; peak memory 1203 MiB.
2026-10-08T09:55:34Z INFO [610/750] 6b6496b4-20e5-484c-b366-bf0d37097328: 112 datasets; 1.3 s; peak memory 1203 MiB.
2026-10-08T09:55:44Z INFO [611/750] 6b65dc8e-7467-4f7a-aab4-091215e8d0b5: 407 datasets; 10.7 s; peak memory 1203 MiB.
2026-10-08T09:55:45Z INFO [612/750] 6b6671b0-2826-4a77-bd48-d17f5c0e2eae: 116 datasets; 0.8 s; peak memory 1203 MiB.
2026-10-08T09:55:47Z INFO [613/750] 6b676738-297a-4be2-8462-8ac0621507f2: 156 datasets; 1.9 s; peak memory 1203 MiB.
2026-10-08T09:55:48Z INFO [614/750] 6b68480a-de8a-4d6f-abba-643f8922ac7b: 45 datasets; 0.5 s; peak memory 1203 MiB.
2026-10-08T09:55:48Z INFO [615/750] 6b69bb91-4173-4e83-9771-3cd37a2a26c6: 48 datasets; 0.7 s; peak memory 1203 MiB.
2026-10-08T09:55:49Z INFO [616/750] 6b6b1657-0eee-43bc-9a52-ea084797c86d: 117 datasets; 0.9 s; peak memory 1203 MiB.
2026-10-08T09:55:50Z INFO [617/750] 6b6b2100-d751-4adc-bedd-b03bb5791427: 39 datasets; 0.8 s; peak memory 1203 MiB.
2026-10-08T09:55:51Z INFO [618/750] 6b6c492f-b19a-40d5-a703-02422bef8896: 48 datasets; 0.8 s; peak memory 1203 MiB.
2026-10-08T09:55:59Z INFO [619/750] 6b6c5335-807c-4acc-9cbe-92529ae0381a: 1213 datasets; 8.4 s; peak memory 1203 MiB.
2026-10-08T09:56:00Z INFO [620/750] 6b6cbb12-2da6-4ffe-9386-7ed039152695: 46 datasets; 0.6 s; peak memory 1203 MiB.
2026-10-08T09:56:01Z INFO [621/750] 6b6d2e3b-0e53-4470-b4d7-b8c15182cf92: 48 datasets; 0.8 s; peak memory 1203 MiB.
2026-10-08T09:56:02Z INFO [622/750] 6b6e2591-4395-4aca-884a-005df67524b6: 118 datasets; 1.0 s; peak memory 1203 MiB.
2026-10-08T09:56:02Z INFO [623/750] 6b6f49bb-f1d2-4d17-bdcf-53e796c1e34d: 56 datasets; 0.6 s; peak memory 1203 MiB.
2026-10-08T09:56:03Z INFO [624/750] 6b709994-52e3-4f8c-898b-7813fd971607: 49 datasets; 0.9 s; peak memory 1203 MiB.
2026-10-08T09:56:04Z INFO [625/750] 6b70c49c-6df6-4f86-8f1d-08f87af826dc: 62 datasets; 1.2 s; peak memory 1203 MiB.
2026-10-08T09:56:05Z INFO [626/750] 6b70fb59-b311-4deb-b746-16cd4fb9b839: 112 datasets; 1.0 s; peak memory 1203 MiB.
2026-10-08T09:56:42Z INFO [627/750] 6b722c84-6b4a-4dc1-9974-8265097afcbe: 55 datasets; 36.7 s; peak memory 1203 MiB.
2026-10-08T09:56:43Z INFO [628/750] 6b7231de-e0c5-4a69-8644-e795c12b6567: 48 datasets; 1.0 s; peak memory 1203 MiB.
2026-10-08T09:56:44Z INFO [629/750] 6b730503-1b6a-4cfb-8047-1d23213e7887: 46 datasets; 0.8 s; peak memory 1203 MiB.
2026-10-08T09:56:45Z INFO [630/750] 6b730942-ddad-47c7-ae5e-17c8ddeadc01: 48 datasets; 0.7 s; peak memory 1203 MiB.
2026-10-08T09:56:45Z INFO [631/750] 6b73ae82-05dd-45c5-a83a-2d015c2c2fc0: 48 datasets; 0.8 s; peak memory 1203 MiB.
2026-10-08T09:56:51Z INFO [632/750] 6b741504-0cb0-435e-b96d-36f021c96433: 56 datasets; 5.5 s; peak memory 1203 MiB.
2026-10-08T09:56:53Z INFO [633/750] 6b7482d9-7dd2-471a-9170-63b16080c6d9: 117 datasets; 1.6 s; peak memory 1203 MiB.
2026-10-08T09:56:54Z INFO [634/750] 6b7502c9-9f6c-4d54-9148-c8d2a783a3c9: 112 datasets; 1.2 s; peak memory 1203 MiB.
2026-10-08T09:56:54Z INFO [635/750] 6b75c83b-305d-4607-bb0f-bf09185801e2: 48 datasets; 0.8 s; peak memory 1203 MiB.
2026-10-08T09:56:55Z INFO [636/750] 6b7643e8-838b-432c-b040-a3bb23583974: 48 datasets; 0.7 s; peak memory 1203 MiB.
2026-10-08T09:56:56Z INFO [637/750] 6b766d44-192e-46b0-9a29-53ebc2bf835d: 118 datasets; 0.8 s; peak memory 1203 MiB.
2026-10-08T09:56:59Z INFO [638/750] 6b77bbf4-778f-48b6-a0b0-18b728a90e3a: 156 datasets; 2.5 s; peak memory 1203 MiB.
2026-10-08T09:57:00Z INFO [639/750] 6b77fce6-c413-4562-946b-d823417d4f20: 66 datasets; 1.3 s; peak memory 1203 MiB.
2026-10-08T09:57:00Z INFO [640/750] 6b786e35-aecf-4e02-a216-d4d592798bf7: 48 datasets; 0.7 s; peak memory 1203 MiB.
2026-10-08T09:57:14Z INFO [641/750] 6b7aa5e8-2878-426f-a738-9da32379d47f: 38 datasets; 13.6 s; peak memory 1203 MiB.
2026-10-08T09:57:15Z INFO [642/750] 6b7af0cb-1497-4a9f-91ed-8b727a56248b: 71 datasets; 0.7 s; peak memory 1203 MiB.
2026-10-08T09:57:15Z INFO [643/750] 6b7bc28e-bf53-45b2-bee1-f207d49c4388: 48 datasets; 0.7 s; peak memory 1203 MiB.
2026-10-08T09:57:16Z INFO [644/750] 6b7bd41e-e443-48a3-9d19-934e150f1970: 112 datasets; 0.9 s; peak memory 1203 MiB.
2026-10-08T09:57:18Z INFO [645/750] 6b7cae28-884d-4737-bdcf-6540200795de: 116 datasets; 1.8 s; peak memory 1203 MiB.
2026-10-08T09:57:19Z INFO [646/750] 6b7cb179-e7f4-4324-8c84-2e064996a985: 84 datasets; 0.9 s; peak memory 1203 MiB.
2026-10-08T09:57:21Z INFO [647/750] 6b7d1a9e-d3e1-491e-8a92-053fd665e091: 116 datasets; 1.9 s; peak memory 1203 MiB.
2026-10-08T09:57:24Z INFO [648/750] 6b7d4e48-9ff9-4ca6-b9f8-eb4346f73fc5: 84 datasets; 2.8 s; peak memory 1203 MiB.
2026-10-08T09:57:25Z INFO [649/750] 6b7de3e0-1dcd-4533-b3d9-c71ce87ac9c3: 118 datasets; 0.9 s; peak memory 1203 MiB.
2026-10-08T09:57:25Z INFO [650/750] 6b7debac-3a72-4c49-8fc5-a50061600b1c: 46 datasets; 0.7 s; peak memory 1203 MiB.
2026-10-08T09:57:25Z INFO [650/750] 6b7debac-3a72-4c49-8fc5-a50061600b1c: checkpointed 98735 records.
2026-10-08T09:57:26Z INFO [651/750] 6b7e090b-5226-4c15-b9ff-9d7e6b73295f: 48 datasets; 0.9 s; peak memory 1203 MiB.
2026-10-08T09:57:27Z INFO [652/750] 6b7e76d4-5599-4644-b258-2d2aa8ff2f62: 52 datasets; 0.7 s; peak memory 1203 MiB.
2026-10-08T09:57:28Z INFO [653/750] 6b7febc7-1380-4468-b25a-d0d2f2ca7667: 117 datasets; 0.8 s; peak memory 1203 MiB.
2026-10-08T09:58:47Z INFO [654/750] 6b8206bd-2829-48d9-95fc-e713cb3d363a: 67 datasets; 79.6 s; peak memory 1203 MiB.
2026-10-08T09:58:48Z INFO [655/750] 6b820739-6955-4ea0-80ea-0cad36269e92: 48 datasets; 0.9 s; peak memory 1203 MiB.
2026-10-08T09:58:50Z INFO [656/750] 6b8483aa-7076-4489-95c2-2d86a85d1fa0: 71 datasets; 1.7 s; peak memory 1203 MiB.
2026-10-08T09:58:59Z INFO [657/750] 6b84e62a-c6e1-4d74-8546-84656e3e6bf8: 1009 datasets; 8.6 s; peak memory 1203 MiB.
2026-10-08T09:58:59Z INFO [658/750] 6b860524-1054-4e45-88b2-d7e0748d828a: 85 datasets; 0.8 s; peak memory 1203 MiB.
2026-10-08T09:59:00Z INFO [659/750] 6b86309d-58a2-461b-97ed-bc4671a94379: 46 datasets; 0.8 s; peak memory 1203 MiB.
2026-10-08T09:59:01Z INFO [660/750] 6b8666f9-1096-46c8-8359-b565729fcb72: 112 datasets; 1.0 s; peak memory 1203 MiB.
2026-10-08T09:59:02Z INFO [661/750] 6b86825e-7b75-49c8-ad7f-ebdf19e08827: 50 datasets; 0.7 s; peak memory 1203 MiB.
2026-10-08T09:59:07Z INFO [662/750] 6b869de8-73f1-4261-ae79-12b47e290013: 46 datasets; 5.2 s; peak memory 1203 MiB.
2026-10-08T09:59:09Z INFO [663/750] 6b86a1f1-d1b2-4a54-9360-71195fbc5796: 154 datasets; 2.2 s; peak memory 1203 MiB.
2026-10-08T09:59:10Z INFO [664/750] 6b86b978-af7a-400e-803f-d0d8330198ea: 48 datasets; 0.9 s; peak memory 1203 MiB.
2026-10-08T09:59:11Z INFO [665/750] 6b86c5a2-bc64-416a-ab32-0795ef56298d: 48 datasets; 0.7 s; peak memory 1203 MiB.
2026-10-08T09:59:14Z INFO [666/750] 6b86d9f2-151e-435f-8d89-30ae93fc15b5: 262 datasets; 3.3 s; peak memory 1203 MiB.
2026-10-08T09:59:17Z INFO [667/750] 6b877e72-275d-4ca5-b1db-d178ce4c044d: 111 datasets; 3.0 s; peak memory 1203 MiB.
2026-10-08T09:59:21Z INFO [668/750] 6b885355-f306-4572-99dd-15ad6e316325: 538 datasets; 3.9 s; peak memory 1203 MiB.
2026-10-08T09:59:22Z INFO [669/750] 6b88705b-ef85-4732-8a24-7473cf1877d4: 112 datasets; 1.1 s; peak memory 1203 MiB.
2026-10-08T09:59:24Z INFO [670/750] 6b88b0a3-70b8-499c-a860-01dc65391768: 71 datasets; 1.5 s; peak memory 1203 MiB.
2026-10-08T09:59:24Z INFO [671/750] 6b88e80e-4745-4164-8a0b-e806b85139dc: 85 datasets; 0.8 s; peak memory 1203 MiB.
2026-10-08T09:59:26Z INFO [672/750] 6b8948ba-6744-4797-a757-afc2bc140385: 103 datasets; 1.7 s; peak memory 1203 MiB.
2026-10-08T09:59:27Z INFO [673/750] 6b89ee4a-1312-4a1f-aa77-46771ff14de5: 112 datasets; 1.0 s; peak memory 1203 MiB.
2026-10-08T09:59:34Z INFO [674/750] 6b8a0d60-7207-4ed1-aeee-1f9dba76d9eb: 398 datasets; 7.3 s; peak memory 1203 MiB.
2026-10-08T09:59:35Z INFO [675/750] 6b8aca98-e773-4e30-b38f-c464caa150dd: 79 datasets; 1.0 s; peak memory 1203 MiB.
2026-10-08T09:59:36Z INFO [676/750] 6b8ad16f-ea6d-4318-b1e7-9a190d06438a: 48 datasets; 0.8 s; peak memory 1203 MiB.
2026-10-08T09:59:37Z INFO [677/750] 6b8b5fd2-25b5-4d74-9be4-b55d62c88d9e: 46 datasets; 0.5 s; peak memory 1203 MiB.
2026-10-08T09:59:54Z INFO [678/750] 6b8c0387-8015-41b0-a89d-1cb7c9fbccdc: 48 datasets; 17.3 s; peak memory 1203 MiB.
2026-10-08T10:00:00Z INFO [679/750] 6b8c0a56-6f04-42ee-9254-0d4eb11b2e65: 1188 datasets; 6.2 s; peak memory 1203 MiB.
2026-10-08T10:00:01Z INFO [680/750] 6b8cb62a-950f-49e8-94ec-20cdc9c6db91: 117 datasets; 1.0 s; peak memory 1203 MiB.
2026-10-08T10:00:02Z INFO [681/750] 6b8d37dc-6dc0-460c-a5e8-e981c866d02c: 48 datasets; 0.8 s; peak memory 1203 MiB.
2026-10-08T10:00:03Z INFO [682/750] 6b8e2d52-b621-4db6-aa3b-ce2f16d478d4: 112 datasets; 0.8 s; peak memory 1203 MiB.
2026-10-08T10:00:04Z INFO [683/750] 6b8f3ac1-f116-48f3-9a33-e1ac8d8ed81e: 117 datasets; 1.0 s; peak memory 1203 MiB.
2026-10-08T10:00:05Z INFO [684/750] 6b8f8fca-0c4f-464a-8c45-eeca748909c9: 110 datasets; 0.9 s; peak memory 1203 MiB.
2026-10-08T10:00:06Z INFO [685/750] 6b8fa281-2683-44b4-9a76-3b63033bfbe1: 66 datasets; 1.2 s; peak memory 1203 MiB.
2026-10-08T10:00:23Z INFO [686/750] 6b8fddf3-611b-4d7f-aaf1-2335b8ae9a24: 48 datasets; 16.9 s; peak memory 1203 MiB.
2026-10-08T10:03:30Z INFO [687/750] 6b918f93-3a75-4edc-a28a-f2bbba5827ba: 45 datasets; 187.2 s; peak memory 1203 MiB.
2026-10-08T10:03:31Z INFO [688/750] 6b919321-e64b-41cc-b381-f4cfdf8ca590: 52 datasets; 0.7 s; peak memory 1203 MiB.
2026-10-08T10:03:32Z INFO [689/750] 6b922757-2db6-4275-b1ee-d3e33c768d33: 116 datasets; 0.9 s; peak memory 1203 MiB.
2026-10-08T10:03:32Z INFO [690/750] 6b923b2e-426f-4be1-83e1-93db25849c2b: 48 datasets; 0.8 s; peak memory 1203 MiB.
2026-10-08T10:03:35Z INFO [691/750] 6b9248ec-f0c6-4c1d-b220-6e55d6eaa842: 115 datasets; 2.1 s; peak memory 1203 MiB.
2026-10-08T10:03:36Z INFO [692/750] 6b928ab8-5e28-4e5f-ad47-39ae0f4f5cd5: 66 datasets; 1.3 s; peak memory 1203 MiB.
2026-10-08T10:03:53Z INFO [693/750] 6b933fdc-7db3-45d2-994f-29f8af0ebc4b: 49 datasets; 16.6 s; peak memory 1203 MiB.
2026-10-08T10:03:56Z INFO [694/750] 6b935144-2456-4849-88fb-3707941250c8: 208 datasets; 3.8 s; peak memory 1203 MiB.
2026-10-08T10:04:16Z INFO [695/750] 6b940410-9954-45f1-a64b-bbb11c3a7037: 48 datasets; 19.7 s; peak memory 1203 MiB.
2026-10-08T10:04:20Z INFO [696/750] 6b941cc0-eb71-490a-acb0-07e4e4bd95bc: 229 datasets; 3.9 s; peak memory 1203 MiB.
2026-10-08T10:04:39Z INFO [697/750] 6b946181-3387-48eb-ba31-b7057f626b66: 48 datasets; 19.4 s; peak memory 1203 MiB.
2026-10-08T10:04:41Z INFO [698/750] 6b946a10-48ac-40e1-a4c7-c882f0dc4261: 71 datasets; 1.9 s; peak memory 1203 MiB.
2026-10-08T10:04:43Z INFO [699/750] 6b94c304-c2ef-4ebd-bd70-6a5093ec3968: 118 datasets; 1.4 s; peak memory 1203 MiB.
2026-10-08T10:04:44Z INFO [700/750] 6b951585-6efc-4b58-a717-018ae4ac9d7e: 48 datasets; 1.0 s; peak memory 1203 MiB.
2026-10-08T10:04:44Z INFO [700/750] 6b951585-6efc-4b58-a717-018ae4ac9d7e: checkpointed 98785 records.
2026-10-08T10:04:50Z INFO [701/750] 6b96c86b-c07d-4bb0-8c8f-ea43d179dabf: 947 datasets; 6.0 s; peak memory 1203 MiB.
2026-10-08T10:04:52Z INFO [702/750] 6b97af46-11aa-4e03-bfc0-e92d05b61cc6: 329 datasets; 2.5 s; peak memory 1203 MiB.
2026-10-08T10:04:54Z INFO [703/750] 6b97cc4e-8204-4eb3-ad34-c02e057342e9: 165 datasets; 1.6 s; peak memory 1203 MiB.
2026-10-08T10:04:55Z INFO [704/750] 6b981312-b003-487d-be1c-79fd1205432b: 65 datasets; 0.9 s; peak memory 1203 MiB.
2026-10-08T10:04:56Z INFO [705/750] 6b987d87-9e40-421d-9452-150e1eec7ebb: 48 datasets; 0.8 s; peak memory 1203 MiB.
2026-10-08T10:04:57Z INFO [706/750] 6b99aaa8-8a9d-4a07-82a0-d4547df4d650: 66 datasets; 1.2 s; peak memory 1203 MiB.
2026-10-08T10:10:30Z INFO [707/750] 6b9a9fb5-6b1c-4790-9430-07c5fb4c178b: 1374 datasets; 333.5 s; peak memory 1203 MiB.
2026-10-08T10:10:31Z INFO [708/750] 6b9ad49f-d0e0-4155-a24d-e20c584726e3: 48 datasets; 0.8 s; peak memory 1203 MiB.
2026-10-08T10:10:32Z INFO [709/750] 6b9b956d-6066-420f-bc0d-d354e2b8f1e3: 117 datasets; 1.0 s; peak memory 1203 MiB.
2026-10-08T10:10:33Z INFO [710/750] 6b9c24dd-72b6-4df1-a3c1-66d1dd0c7fbf: 117 datasets; 0.8 s; peak memory 1203 MiB.
2026-10-08T10:10:34Z INFO [711/750] 6b9c42bc-584b-4bfe-9d95-6249e5ca07d2: 117 datasets; 1.0 s; peak memory 1203 MiB.
2026-10-08T10:10:35Z INFO [712/750] 6b9def6a-b491-48a4-98fc-bc6b977427cd: 46 datasets; 0.6 s; peak memory 1203 MiB.
2026-10-08T10:10:40Z INFO [713/750] 6b9f5781-3626-44a8-83c6-f6b4789f1110: 767 datasets; 5.4 s; peak memory 1203 MiB.
2026-10-08T10:10:42Z INFO [714/750] 6b9fa861-6ecc-476d-ae0f-823dff2e5f0c: 107 datasets; 1.7 s; peak memory 1203 MiB.
2026-10-08T10:10:43Z INFO [715/750] 6ba03fb2-7f54-4c91-885e-42d00f2df6c4: 71 datasets; 1.4 s; peak memory 1203 MiB.
2026-10-08T10:10:49Z INFO [716/750] 6ba048e4-6c75-4953-b307-bb674f142e1d: 4005 datasets; 6.3 s; peak memory 1203 MiB.
2026-10-08T10:10:50Z INFO [717/750] 6ba15dd9-aeba-4558-ae27-5f37e7b76e53: 48 datasets; 0.7 s; peak memory 1203 MiB.
2026-10-08T10:10:51Z INFO [718/750] 6ba2d8cb-e2d9-4ea1-a13a-fb85ea25157e: 41 datasets; 0.6 s; peak memory 1203 MiB.
2026-10-08T10:10:55Z INFO [719/750] 6ba3659d-b64a-4aee-a628-d716df437e99: 538 datasets; 4.4 s; peak memory 1203 MiB.
2026-10-08T10:10:56Z INFO [720/750] 6ba49a88-6369-40f5-ac09-ed8c0ca3c6a5: 112 datasets; 0.9 s; peak memory 1203 MiB.
2026-10-08T10:10:57Z INFO [721/750] 6ba4ab2e-4635-4e40-ba71-87abce7001f3: 46 datasets; 0.6 s; peak memory 1203 MiB.
2026-10-08T10:10:58Z INFO [722/750] 6ba50b60-1f72-4473-af8e-9f4829941ed0: 112 datasets; 1.1 s; peak memory 1203 MiB.
2026-10-08T10:10:59Z INFO [723/750] 6ba5bb8d-ced4-4495-beb4-b6c69e3373df: 110 datasets; 0.8 s; peak memory 1203 MiB.
2026-10-08T10:11:01Z INFO [724/750] 6ba5f98a-811d-44df-8ad1-c01b053c4e5e: 123 datasets; 2.0 s; peak memory 1203 MiB.
2026-10-08T10:11:05Z INFO [725/750] 6ba6793c-bb02-42ce-859c-a37084ebf334: 538 datasets; 4.4 s; peak memory 1203 MiB.
2026-10-08T10:11:06Z INFO [726/750] 6ba6a959-d252-4654-bb85-f5410f9221c4: 53 datasets; 0.8 s; peak memory 1203 MiB.
2026-10-08T10:11:09Z INFO [727/750] 6ba8712f-bbc9-43a7-946f-50fb14c08ee7: 526 datasets; 3.7 s; peak memory 1203 MiB.
2026-10-08T10:11:11Z INFO [728/750] 6ba89308-9ae5-4d84-8356-c86370650403: 71 datasets; 1.2 s; peak memory 1203 MiB.
2026-10-08T10:11:27Z INFO [729/750] 6ba8ee4a-d19c-48b0-be15-a2059875e863: 87 datasets; 16.5 s; peak memory 1203 MiB.
2026-10-08T10:11:28Z INFO [730/750] 6ba98d8b-7f2b-4a3c-8abc-53600d35b242: 35 datasets; 0.5 s; peak memory 1203 MiB.
2026-10-08T10:11:29Z INFO [731/750] 6baa42de-e7b1-49e2-b243-1dfa29b7d505: 69 datasets; 0.9 s; peak memory 1203 MiB.
2026-10-08T10:11:47Z INFO [732/750] 6baa5384-00c2-491e-b74d-7dd08d77d73d: 5570 datasets; 18.6 s; peak memory 1203 MiB.
2026-10-08T10:11:53Z INFO [733/750] 6bab9a47-0c63-40d5-ba63-3dc6e81fe4e3: 1101 datasets; 5.6 s; peak memory 1203 MiB.
2026-10-08T10:11:54Z INFO [734/750] 6babd29d-d25c-4d93-b408-b5f01b7ada27: 66 datasets; 1.0 s; peak memory 1203 MiB.
2026-10-08T10:11:55Z INFO [735/750] 6babe22f-67f5-4e89-b217-75d03b343967: 48 datasets; 0.9 s; peak memory 1203 MiB.
2026-10-08T10:11:56Z INFO [736/750] 6bacefce-8c83-4e2d-841e-c6d43d7eb499: 73 datasets; 1.8 s; peak memory 1203 MiB.
2026-10-08T10:12:01Z INFO [737/750] 6bad2517-cf24-47b5-9ab6-2b9152c6df2f: 760 datasets; 5.0 s; peak memory 1203 MiB.
2026-10-08T10:12:02Z INFO [738/750] 6bad6a46-6b74-420c-9687-d257d5af0212: 48 datasets; 0.7 s; peak memory 1203 MiB.
2026-10-08T10:12:08Z INFO [739/750] 6bae1d76-8888-492b-84e3-00bc03688b32: 46 datasets; 6.1 s; peak memory 1203 MiB.
2026-10-08T10:12:09Z INFO [740/750] 6baf02d6-96f9-4abb-90fc-34499f99298f: 48 datasets; 0.8 s; peak memory 1203 MiB.
2026-10-08T10:12:10Z INFO [741/750] 6baf2151-2601-4933-81dd-9437e0b34a41: 93 datasets; 1.1 s; peak memory 1203 MiB.
2026-10-08T10:12:16Z INFO [742/750] 6baf2808-f9f1-46d3-8e0e-02b1fe9fc9c3: 339 datasets; 6.2 s; peak memory 1203 MiB.
2026-10-08T10:12:34Z INFO [743/750] 6bafd69e-e5ca-4979-9236-ac3bb203ce3d: 86 datasets; 17.6 s; peak memory 1203 MiB.
2026-10-08T10:12:35Z INFO [744/750] 6bb3ce54-b614-45a6-ae63-5f58c2b7eed0: 62 datasets; 1.1 s; peak memory 1203 MiB.
2026-10-08T10:12:37Z INFO [745/750] 6bb3facd-458b-4226-a20a-ae242e0708a8: 112 datasets; 1.3 s; peak memory 1203 MiB.
2026-10-08T10:12:37Z INFO [746/750] 6bb4c92d-1f42-42a1-9a6c-eec95601255d: 46 datasets; 0.6 s; peak memory 1203 MiB.
2026-10-08T10:12:44Z INFO [747/750] 6bb4cfbf-6d1a-4b4d-ab16-30f70fd9c513: 839 datasets; 7.3 s; peak memory 1203 MiB.
2026-10-08T10:12:45Z INFO [748/750] 6bb5dc16-4047-44f4-91ef-6bdaaa0565e9: 52 datasets; 0.7 s; peak memory 1203 MiB.
2026-10-08T10:12:46Z INFO [749/750] 6bb6d913-f32b-4429-b56d-ad0c7c0417c8: 112 datasets; 1.2 s; peak memory 1203 MiB.
2026-10-08T10:12:47Z INFO [750/750] 6bb6eea7-00ab-42ac-bbe2-07787dae4447: 52 datasets; 0.8 s; peak memory 1203 MiB.
2026-10-08T10:12:47Z INFO [750/750] 6bb6eea7-00ab-42ac-bbe2-07787dae4447: checkpointed 98835 records.
2026-10-08T10:12:47Z INFO Wrote 98835 records to /tmp/derivatives/valid_nwb_file_to_number_of_datasets.jsonl (750 new, 0 failed) in 94.8 min (peak memory 1203 MiB).
