2026-10-07T18:52:13Z INFO Logging to /tmp/logs/update_2026-10-07T18-52-13Z.log.
2026-10-07T18:52:13Z INFO Update valid-nwb-file-to-number-of-datasets (base directory /tmp).
2026-10-07T18:52:14Z INFO Processing 750 items (93585 already recorded).
2026-10-07T18:52:15Z INFO [1/750] 60ac5424-9be8-46ff-ba22-63897c468f68: 57 datasets; 1.3 s; peak memory 110 MiB.
2026-10-07T18:53:09Z INFO [2/750] 60ac743c-1e9c-4acb-8917-4559cd52945d: 52 datasets; 54.3 s; peak memory 200 MiB.
2026-10-07T18:55:18Z INFO [3/750] 60adef49-1e78-4ab1-b28c-b440cf56de7c: 413 datasets; 128.5 s; peak memory 271 MiB.
2026-10-07T18:55:23Z INFO [4/750] 60ae18e3-73db-4dbb-af95-c85c8c1750ee: 108 datasets; 5.0 s; peak memory 271 MiB.
2026-10-07T18:55:25Z INFO [5/750] 60af51c6-9abc-4eb8-bfbe-392ade4deca1: 116 datasets; 1.5 s; peak memory 272 MiB.
2026-10-07T18:55:26Z INFO [6/750] 60b1a883-66a4-498d-a49e-e7467935e18b: 117 datasets; 1.2 s; peak memory 272 MiB.
2026-10-07T18:55:27Z INFO [7/750] 60b390f7-b29d-4f00-a6fa-9817ba61e31c: 131 datasets; 1.3 s; peak memory 272 MiB.
2026-10-07T18:55:28Z INFO [8/750] 60b51e2e-f1ca-4582-8da3-9cb1de999a11: 48 datasets; 1.0 s; peak memory 272 MiB.
2026-10-07T18:55:29Z INFO [9/750] 60b662d9-67dd-4f29-9fd6-4c463a1b74d9: 53 datasets; 0.9 s; peak memory 272 MiB.
2026-10-07T18:55:31Z INFO [10/750] 60b726c3-2844-4f6a-a36b-c5faa487129d: 66 datasets; 1.9 s; peak memory 272 MiB.
2026-10-07T18:55:32Z INFO [11/750] 60b8a6c4-3664-4a13-b228-6bcb095f6fb5: 64 datasets; 1.4 s; peak memory 272 MiB.
2026-10-07T18:55:58Z INFO [12/750] 60b928f4-8a06-417c-b41e-8518aafd001e: 96 datasets; 26.0 s; peak memory 274 MiB.
2026-10-07T18:55:59Z INFO [13/750] 60bab0d5-83f0-4a5f-9033-821c1d21faf6: 45 datasets; 0.9 s; peak memory 274 MiB.
2026-10-07T18:56:01Z INFO [14/750] 60bac682-89bf-4538-bc0c-1f149bdbb70e: 66 datasets; 1.5 s; peak memory 274 MiB.
2026-10-07T18:56:02Z INFO [15/750] 60bbe22f-9295-45fe-b5d5-d263f2cf17e2: 72 datasets; 0.9 s; peak memory 275 MiB.
2026-10-07T18:56:03Z INFO [16/750] 60bc2f59-3f95-4812-9873-2cd7402057e1: 42 datasets; 1.0 s; peak memory 275 MiB.
2026-10-07T18:56:13Z INFO [17/750] 60bd5b7e-3109-47dc-adec-26f72e0c1b4b: 1186 datasets; 10.6 s; peak memory 275 MiB.
2026-10-07T18:56:14Z INFO [18/750] 60bdbc68-945e-42b9-a210-39a768c93238: 99 datasets; 1.0 s; peak memory 276 MiB.
2026-10-07T18:56:15Z INFO [19/750] 60be5a60-254b-4423-a22c-d63dcf239c39: 48 datasets; 1.2 s; peak memory 276 MiB.
2026-10-07T18:56:16Z INFO [20/750] 60bf1261-5d16-4f32-8ea4-a4db97dc36b3: 48 datasets; 1.1 s; peak memory 276 MiB.
2026-10-07T18:56:21Z INFO [21/750] 60bf78b6-24ab-4f8f-b52a-9145cce14f64: 201 datasets; 4.9 s; peak memory 276 MiB.
2026-10-07T18:56:22Z INFO [22/750] 60bf82e4-986e-4cf5-8c23-f61e08307a88: 118 datasets; 1.2 s; peak memory 276 MiB.
2026-10-07T18:56:24Z INFO [23/750] 60bf8d93-67ef-4b92-89a1-aa53483924f6: 43 datasets; 1.2 s; peak memory 276 MiB.
2026-10-07T18:56:32Z INFO [24/750] 60c0219a-5147-4d81-ad28-7e396319e086: 941 datasets; 8.9 s; peak memory 276 MiB.
2026-10-07T18:56:34Z INFO [25/750] 60c04f7f-4ca4-43ae-aa7d-3656c6b5a08a: 53 datasets; 1.7 s; peak memory 276 MiB.
2026-10-07T18:56:35Z INFO [26/750] 60c0e78f-2d34-431f-ba65-f4b780a1ddfb: 52 datasets; 1.0 s; peak memory 276 MiB.
2026-10-07T18:56:38Z INFO [27/750] 60c192d1-55b5-46ef-862a-c594d9564ff3: 156 datasets; 2.6 s; peak memory 276 MiB.
2026-10-07T18:56:39Z INFO [28/750] 60c1a772-6353-4b12-b7fa-177476350fd9: 48 datasets; 1.0 s; peak memory 276 MiB.
2026-10-07T18:56:40Z INFO [29/750] 60c202c3-df94-4c46-ba9e-f43051ab70f6: 46 datasets; 0.8 s; peak memory 276 MiB.
2026-10-07T18:56:40Z INFO [30/750] 60c23020-ef8b-4a74-a34d-6c76e8616edf: 63 datasets; 1.0 s; peak memory 276 MiB.
2026-10-07T18:56:41Z INFO [31/750] 60c23357-db11-4606-adc3-bee193337cb3: 48 datasets; 1.0 s; peak memory 277 MiB.
2026-10-07T18:56:43Z INFO [32/750] 60c298db-2ce2-4c8a-abcc-fa9fbc1f7503: 48 datasets; 1.1 s; peak memory 277 MiB.
2026-10-07T18:56:48Z INFO [33/750] 60c3c19c-ce4e-41c7-8f09-f231ba7d6687: 79 datasets; 5.4 s; peak memory 277 MiB.
2026-10-07T18:56:49Z INFO [34/750] 60c4c211-f445-4963-bf81-c06c77923de8: 114 datasets; 1.1 s; peak memory 277 MiB.
2026-10-07T18:56:50Z INFO [35/750] 60c5b7a2-8295-4cf2-921a-1d499d39db81: 48 datasets; 1.0 s; peak memory 277 MiB.
2026-10-07T18:56:55Z INFO [36/750] 60c64a64-1ce8-4316-8c31-8f5db246d8b8: 470 datasets; 5.3 s; peak memory 277 MiB.
2026-10-07T18:56:56Z INFO [37/750] 60c65a7a-933a-48a6-88e6-c47652a49a7e: 45 datasets; 0.8 s; peak memory 277 MiB.
2026-10-07T18:56:57Z INFO [38/750] 60c68558-d2eb-4c80-8292-563bf48c816c: 109 datasets; 1.1 s; peak memory 277 MiB.
2026-10-07T18:56:58Z INFO [39/750] 60c773f5-7ec1-4c88-987c-4b192a6cc4aa: 117 datasets; 1.2 s; peak memory 277 MiB.
2026-10-07T18:57:00Z INFO [40/750] 60ca0bd8-ef40-47db-a8c6-eef39ee0a340: 48 datasets; 1.1 s; peak memory 277 MiB.
2026-10-07T18:57:00Z INFO [41/750] 60ca6e80-7d58-4c84-b979-d702ff8fe915: 46 datasets; 0.7 s; peak memory 277 MiB.
2026-10-07T18:57:01Z INFO [42/750] 60cb66b2-bc56-466c-8e16-02cd94ee40d3: 48 datasets; 1.1 s; peak memory 277 MiB.
2026-10-07T18:57:03Z INFO [43/750] 60cc19d8-af75-4cd4-a35b-433eb3c81c95: 64 datasets; 1.9 s; peak memory 277 MiB.
2026-10-07T18:57:04Z INFO [44/750] 60cc450a-9adf-4d79-ac90-83394bc4e471: 48 datasets; 1.0 s; peak memory 277 MiB.
2026-10-07T18:57:06Z INFO [45/750] 60cc4915-de86-4643-b1a8-7afe160f729c: 112 datasets; 1.6 s; peak memory 277 MiB.
2026-10-07T18:57:07Z INFO [46/750] 60ccd6e7-ad3d-4e46-9236-88a0ff003d4e: 116 datasets; 1.1 s; peak memory 277 MiB.
2026-10-07T18:57:08Z INFO [47/750] 60cd039c-828b-46be-a148-8740a3da8229: 46 datasets; 0.7 s; peak memory 277 MiB.
2026-10-07T18:57:09Z INFO [48/750] 60cd2be6-58a0-4c44-81c2-cfde193a7a50: 71 datasets; 1.5 s; peak memory 277 MiB.
2026-10-07T18:57:10Z INFO [49/750] 60cd463c-e98f-4e58-888d-f2fd3b713669: 118 datasets; 1.0 s; peak memory 277 MiB.
2026-10-07T18:57:31Z INFO [50/750] 60cdd5aa-aa63-4924-a8fb-bc8c493034e8: 48 datasets; 20.8 s; peak memory 277 MiB.
2026-10-07T18:57:31Z INFO [50/750] 60cdd5aa-aa63-4924-a8fb-bc8c493034e8: checkpointed 93635 records.
2026-10-07T18:57:33Z INFO [51/750] 60ce29d2-69d1-47ab-8032-70918384d91e: 112 datasets; 1.5 s; peak memory 277 MiB.
2026-10-07T18:57:38Z INFO [52/750] 60ceb742-4c62-4d5e-b917-fcd1896becfc: 538 datasets; 5.4 s; peak memory 277 MiB.
2026-10-07T18:57:39Z INFO [53/750] 60cf9cc7-422d-4edc-a6df-e6dead2ed551: 46 datasets; 0.9 s; peak memory 277 MiB.
2026-10-07T18:57:40Z INFO [54/750] 60d0c6c4-ac8d-4522-b3e6-92d7ba4d6601: 48 datasets; 1.0 s; peak memory 277 MiB.
2026-10-07T18:58:17Z INFO [55/750] 60d137b3-812c-4b30-b99c-f31b3d1e9b7c: 58 datasets; 36.6 s; peak memory 277 MiB.
2026-10-07T18:58:23Z INFO [56/750] 60d16280-8eaf-443a-83c6-f7d5ba270590: 527 datasets; 5.9 s; peak memory 277 MiB.
2026-10-07T18:58:24Z INFO [57/750] 60d28969-38a2-42c1-b385-a06d130d5e9d: 48 datasets; 1.0 s; peak memory 277 MiB.
2026-10-07T18:58:45Z INFO [58/750] 60d2beb1-57cc-4848-981a-92105190b8dd: 48 datasets; 21.3 s; peak memory 277 MiB.
2026-10-07T18:58:46Z INFO [59/750] 60d2eddc-5764-4731-a884-c1b6abbb6b87: 57 datasets; 0.8 s; peak memory 277 MiB.
2026-10-07T18:58:51Z INFO [60/750] 60d347d2-60f0-429d-b011-1fb0736494ef: 223 datasets; 4.8 s; peak memory 277 MiB.
2026-10-07T18:58:52Z INFO [61/750] 60d3cabf-3c99-4bb8-9057-dacf703180d0: 48 datasets; 1.1 s; peak memory 277 MiB.
2026-10-07T18:58:53Z INFO [62/750] 60d3f5c4-9247-4683-bc31-7d42c99a9e8c: 52 datasets; 1.0 s; peak memory 277 MiB.
2026-10-07T18:58:54Z INFO [63/750] 60d42827-ae7f-4b07-a922-21a7289b7ba4: 83 datasets; 1.3 s; peak memory 277 MiB.
2026-10-07T18:58:55Z INFO [64/750] 60d4cf2d-9e5a-4fa9-9c82-8370f7dcff3b: 48 datasets; 1.0 s; peak memory 277 MiB.
2026-10-07T18:58:56Z INFO [65/750] 60d55e26-91fe-4c0f-b107-459e48fc8fe0: 33 datasets; 0.7 s; peak memory 277 MiB.
2026-10-07T18:58:57Z INFO [66/750] 60d5cc2d-0ec6-4352-b528-133c21c894ac: 66 datasets; 1.4 s; peak memory 277 MiB.
2026-10-07T18:58:58Z INFO [67/750] 60d5df03-c965-4b17-befc-c298fa29a045: 48 datasets; 1.0 s; peak memory 277 MiB.
2026-10-07T18:59:00Z INFO [68/750] 60d63b45-2972-4ec6-a15c-2ef2a3a250eb: 119 datasets; 1.7 s; peak memory 277 MiB.
2026-10-07T18:59:01Z INFO [69/750] 60d73299-eadd-4161-b2bf-98c10a9e09a8: 48 datasets; 1.0 s; peak memory 277 MiB.
2026-10-07T19:01:11Z INFO [70/750] 60d7a389-912c-4f67-9f67-b745a1f26c78: 167 datasets; 129.8 s; peak memory 287 MiB.
2026-10-07T19:01:18Z INFO [71/750] 60d88076-d865-45f4-8fd3-a16779399b6f: 432 datasets; 7.0 s; peak memory 287 MiB.
2026-10-07T19:02:00Z INFO [72/750] 60d97d07-6367-47b8-bb50-f66c12e4b1e1: 55 datasets; 41.9 s; peak memory 287 MiB.
2026-10-07T19:02:01Z INFO [73/750] 60da3a3e-1100-430f-a67f-52be6b7ed999: 117 datasets; 1.2 s; peak memory 287 MiB.
2026-10-07T19:02:07Z INFO [74/750] 60da8072-9866-4aa1-b468-385eb996822a: 229 datasets; 5.8 s; peak memory 287 MiB.
2026-10-07T19:02:08Z INFO [75/750] 60da943e-dd8d-4f36-970b-7fd2dad12b23: 48 datasets; 1.1 s; peak memory 287 MiB.
2026-10-07T19:02:09Z INFO [76/750] 60dae32b-3d84-4d20-bcb4-a6a751d3edf8: 117 datasets; 1.1 s; peak memory 287 MiB.
2026-10-07T19:02:09Z INFO [77/750] 60db4873-5bc0-4d5d-b0fc-59bd5f602b2b: 57 datasets; 0.7 s; peak memory 287 MiB.
2026-10-07T19:02:11Z INFO [78/750] 60dbaf07-226a-46a4-b97f-2db0db2ee433: 170 datasets; 1.5 s; peak memory 287 MiB.
2026-10-07T19:02:12Z INFO [79/750] 60dbfead-1f17-45e2-b033-dac39e73fd79: 48 datasets; 1.1 s; peak memory 287 MiB.
2026-10-07T19:02:13Z INFO [80/750] 60dcc997-0e16-4d76-b5cf-a2472e1c4e2b: 48 datasets; 1.0 s; peak memory 287 MiB.
2026-10-07T19:02:14Z INFO [81/750] 60dd4f36-3bcc-45bc-9e8c-c82a0404b53b: 117 datasets; 1.2 s; peak memory 287 MiB.
2026-10-07T19:02:15Z INFO [82/750] 60de22bb-c427-4df9-93c1-702d7191a563: 117 datasets; 1.2 s; peak memory 287 MiB.
2026-10-07T19:02:17Z INFO [83/750] 60dee5a0-cee2-42c2-9b53-c68f2e9d2825: 48 datasets; 1.1 s; peak memory 287 MiB.
2026-10-07T19:02:21Z INFO [84/750] 60df41c8-bd58-4caf-9d7b-93dc3c4c92ec: 229 datasets; 4.6 s; peak memory 287 MiB.
2026-10-07T19:02:33Z INFO [85/750] 60e006d5-1694-4a81-a806-aec984c8d097: 871 datasets; 12.1 s; peak memory 287 MiB.
2026-10-07T19:02:34Z INFO [86/750] 60e0429a-5c9d-44d5-b343-8669cc3f1255: 45 datasets; 0.8 s; peak memory 287 MiB.
2026-10-07T19:02:35Z INFO [87/750] 60e05676-28a6-406d-9071-547adea9d1a9: 56 datasets; 0.7 s; peak memory 287 MiB.
2026-10-07T19:02:36Z INFO [88/750] 60e0a49c-bf53-4f0f-81b4-17af192238f3: 48 datasets; 1.1 s; peak memory 287 MiB.
2026-10-07T19:02:42Z INFO [89/750] 60e12bbb-aa76-4752-8eae-eb1d67081413: 194 datasets; 5.7 s; peak memory 287 MiB.
2026-10-07T19:02:57Z INFO [90/750] 60e1885b-79de-415e-a21d-7429694db147: 824 datasets; 15.8 s; peak memory 287 MiB.
2026-10-07T19:02:59Z INFO [91/750] 60e1c32b-6dab-4a1b-8208-dc1f451aa1bd: 70 datasets; 1.1 s; peak memory 287 MiB.
2026-10-07T19:03:00Z INFO [92/750] 60e1cb82-2108-4544-826d-c5818eb59ec2: 69 datasets; 1.1 s; peak memory 287 MiB.
2026-10-07T19:03:01Z INFO [93/750] 60e2dbc6-64e7-4989-9b3f-78d7953f751d: 110 datasets; 1.3 s; peak memory 287 MiB.
2026-10-07T19:03:02Z INFO [94/750] 60e38aa3-47f6-4ee9-86a4-2d790a2bc0b5: 112 datasets; 1.5 s; peak memory 287 MiB.
2026-10-07T19:03:09Z INFO [95/750] 60e3fa04-5a7b-4b5f-8435-5fb0fd4d202f: 193 datasets; 6.2 s; peak memory 287 MiB.
2026-10-07T19:03:11Z INFO [96/750] 60e489c3-a728-4d75-ad11-bb72c47f7360: 71 datasets; 2.3 s; peak memory 287 MiB.
2026-10-07T19:03:35Z INFO [97/750] 60e4c95b-0363-4324-a6ce-b55937f0657c: 48 datasets; 23.7 s; peak memory 287 MiB.
2026-10-07T19:03:36Z INFO [98/750] 60e4df68-42b3-49f0-8e33-ebcbae86fea9: 69 datasets; 1.4 s; peak memory 287 MiB.
2026-10-07T19:03:40Z INFO [99/750] 60e55625-c5a0-4e64-b2d8-1ee223a30f8e: 536 datasets; 3.9 s; peak memory 287 MiB.
2026-10-07T19:03:41Z INFO [100/750] 60e577ba-02f6-4625-bca9-ea60e0f32dd3: 45 datasets; 0.7 s; peak memory 287 MiB.
2026-10-07T19:03:41Z INFO [100/750] 60e577ba-02f6-4625-bca9-ea60e0f32dd3: checkpointed 93685 records.
2026-10-07T19:03:42Z INFO [101/750] 60e622af-aa0d-4ebf-8f48-e96766736625: 94 datasets; 1.5 s; peak memory 287 MiB.
2026-10-07T19:03:45Z INFO [102/750] 60e6f5ef-8475-4fbc-927f-4f9ef4c55ad6: 115 datasets; 2.5 s; peak memory 287 MiB.
2026-10-07T19:03:46Z INFO [103/750] 60e742e2-f537-4d7e-bb4a-0e959a40973c: 77 datasets; 1.1 s; peak memory 287 MiB.
2026-10-07T19:03:47Z INFO [104/750] 60e7ed9a-902b-4d40-8cf1-518bbcee20f0: 48 datasets; 1.1 s; peak memory 287 MiB.
2026-10-07T19:03:48Z INFO [105/750] 60e86686-e971-4816-90ca-dce005a39f5e: 48 datasets; 1.0 s; peak memory 287 MiB.
2026-10-07T19:04:08Z INFO [106/750] 60e89e42-d0bc-44c7-bd95-8602e4e5b8c6: 48 datasets; 20.4 s; peak memory 287 MiB.
2026-10-07T19:04:10Z INFO [107/750] 60e98fd4-8257-4739-b921-c82667737ced: 68 datasets; 1.3 s; peak memory 287 MiB.
2026-10-07T19:04:18Z INFO [108/750] 60ea1546-b87b-4cf9-a46d-c244a65a08ce: 827 datasets; 8.0 s; peak memory 287 MiB.
2026-10-07T19:04:25Z INFO [109/750] 60ea3a47-d41d-41f3-90ce-9ddea1899472: 537 datasets; 6.8 s; peak memory 287 MiB.
2026-10-07T19:04:26Z INFO [110/750] 60ea9758-2081-4e95-a330-44fd64736925: 84 datasets; 1.3 s; peak memory 287 MiB.
2026-10-07T19:04:27Z INFO [111/750] 60eb0887-8966-4e5a-8a24-b2458772a2b8: 48 datasets; 1.0 s; peak memory 287 MiB.
2026-10-07T19:04:28Z INFO [112/750] 60eb348d-37d9-4bac-aa61-e0865c5885e9: 230 datasets; 1.1 s; peak memory 287 MiB.
2026-10-07T19:04:30Z INFO [113/750] 60ec24d4-2e66-4190-b29d-89ed22d875e5: 66 datasets; 1.7 s; peak memory 287 MiB.
2026-10-07T19:06:40Z INFO [114/750] 60ecfa9f-ee4c-4bea-92a3-108ccd354eb1: 269 datasets; 130.0 s; peak memory 287 MiB.
2026-10-07T19:06:41Z INFO [115/750] 60edf6bd-50b0-469e-9856-38503ee549e0: 112 datasets; 1.5 s; peak memory 287 MiB.
2026-10-07T19:06:46Z INFO [116/750] 60ee9c67-0922-402b-9470-d46f0166ea85: 225 datasets; 4.6 s; peak memory 287 MiB.
2026-10-07T19:06:47Z INFO [117/750] 60eea64d-118e-4329-aabe-5262e1ca4499: 37 datasets; 0.8 s; peak memory 287 MiB.
2026-10-07T19:06:49Z INFO [118/750] 60eedca0-1298-4910-964f-c12b911c8c49: 77 datasets; 2.4 s; peak memory 287 MiB.
2026-10-07T19:07:01Z INFO [119/750] 60efa25c-8e72-402a-822e-6521766b64bd: 1459 datasets; 11.5 s; peak memory 287 MiB.
2026-10-07T19:07:02Z INFO [120/750] 60efda3e-a02c-4990-bc94-b04e20a0408c: 72 datasets; 1.5 s; peak memory 287 MiB.
2026-10-07T19:07:03Z INFO [121/750] 60f03675-1e40-4e3a-aeb2-9b172d33492d: 41 datasets; 0.9 s; peak memory 287 MiB.
2026-10-07T19:07:04Z INFO [122/750] 60f046df-1013-412b-8a7a-0956027dcf71: 54 datasets; 0.8 s; peak memory 287 MiB.
2026-10-07T19:07:06Z INFO [123/750] 60f104a5-3520-4f7c-8257-edf1f9ba5e7c: 38 datasets; 2.5 s; peak memory 287 MiB.
2026-10-07T19:07:08Z INFO [124/750] 60f171f1-791b-4cb6-ac72-d1c2b324e098: 53 datasets; 1.8 s; peak memory 287 MiB.
2026-10-07T19:07:09Z INFO [125/750] 60f1dd37-8047-4ba6-ad98-cee51b0b668a: 48 datasets; 1.0 s; peak memory 287 MiB.
2026-10-07T19:07:10Z INFO [126/750] 60f21bc7-6aeb-42b5-9b58-a846e3558449: 51 datasets; 1.0 s; peak memory 287 MiB.
2026-10-07T19:07:11Z INFO [127/750] 60f3b94e-2d2a-47b4-a358-a82d4c15147b: 112 datasets; 1.3 s; peak memory 287 MiB.
2026-10-07T19:07:12Z INFO [128/750] 60f42ac9-abb0-4a43-9ecb-0ef2a3f15737: 48 datasets; 1.0 s; peak memory 287 MiB.
2026-10-07T19:07:22Z INFO [129/750] 60f493d4-808d-4cfe-aaea-3729ddf339f1: 858 datasets; 10.0 s; peak memory 287 MiB.
2026-10-07T19:07:24Z INFO [130/750] 60f5c156-732c-418e-bf9e-affdfe007f70: 74 datasets; 1.4 s; peak memory 287 MiB.
2026-10-07T19:07:26Z INFO [131/750] 60f65292-b9b3-45d0-bffa-392b98229c93: 91 datasets; 2.3 s; peak memory 287 MiB.
2026-10-07T19:07:27Z INFO [132/750] 60f699da-7f40-4924-9469-10d89a46617f: 52 datasets; 1.0 s; peak memory 287 MiB.
2026-10-07T19:07:29Z INFO [133/750] 60f7bfb3-a241-4e76-9e94-4119133d434e: 112 datasets; 1.4 s; peak memory 287 MiB.
2026-10-07T19:07:31Z INFO [134/750] 60f9171c-c77d-4c59-a92d-235c941dbd7a: 156 datasets; 2.7 s; peak memory 287 MiB.
2026-10-07T19:07:33Z INFO [135/750] 60f969c1-d194-4510-ac7e-5ee3dbb6d3ce: 71 datasets; 1.7 s; peak memory 287 MiB.
2026-10-07T19:07:34Z INFO [136/750] 60f9dbc2-0020-491b-bddd-2529e0c3ec8d: 48 datasets; 1.0 s; peak memory 287 MiB.
2026-10-07T19:07:35Z INFO [137/750] 60f9e0ce-d4c5-435a-a663-abaf867feaa2: 46 datasets; 1.0 s; peak memory 287 MiB.
2026-10-07T19:07:37Z INFO [138/750] 60fa3507-dc82-4a63-88af-13fcbb31f667: 112 datasets; 1.8 s; peak memory 287 MiB.
2026-10-07T19:07:38Z INFO [139/750] 60fa813d-9f4b-4d14-b84d-6c8034f0eac0: 48 datasets; 1.0 s; peak memory 287 MiB.
2026-10-07T19:07:39Z INFO [140/750] 60fa8d04-d357-4426-af3e-ca1661d3b728: 48 datasets; 1.0 s; peak memory 287 MiB.
2026-10-07T19:07:40Z INFO [141/750] 60fb141c-45f8-4dd3-8eb3-cb4f4a2557b3: 112 datasets; 1.8 s; peak memory 287 MiB.
2026-10-07T19:07:42Z INFO [142/750] 60fb71d0-5221-4d35-81a3-b805ed5058d2: 112 datasets; 1.3 s; peak memory 287 MiB.
2026-10-07T19:07:43Z INFO [143/750] 60fbc166-5a3e-4e1f-a772-c21f623b9bfe: 48 datasets; 0.9 s; peak memory 287 MiB.
2026-10-07T19:07:50Z INFO [144/750] 60fc0296-34dc-410b-ad33-691fa8c39342: 38 datasets; 7.4 s; peak memory 287 MiB.
2026-10-07T19:07:56Z INFO [145/750] 60fd135a-0502-4c31-9b5b-aaa6ade09769: 231 datasets; 6.1 s; peak memory 287 MiB.
2026-10-07T19:08:10Z INFO [146/750] 60fd8bb6-9209-453b-8d8c-f0b060815676: 1397 datasets; 13.6 s; peak memory 287 MiB.
2026-10-07T19:08:11Z INFO [147/750] 60fde479-1e7f-4312-a676-45d63d06d503: 52 datasets; 1.1 s; peak memory 287 MiB.
2026-10-07T19:08:14Z INFO [148/750] 60fe51f9-056c-43b1-a7b5-72542b1f86f0: 156 datasets; 2.7 s; peak memory 287 MiB.
2026-10-07T19:08:15Z INFO [149/750] 60fee025-e038-4b30-9f15-28b951542719: 112 datasets; 1.5 s; peak memory 287 MiB.
2026-10-07T19:08:16Z INFO [150/750] 60ff5575-fbad-42a2-9a31-3881c8363518: 48 datasets; 1.0 s; peak memory 287 MiB.
2026-10-07T19:08:16Z INFO [150/750] 60ff5575-fbad-42a2-9a31-3881c8363518: checkpointed 93735 records.
2026-10-07T19:08:21Z INFO [151/750] 60ff6ed9-336d-424c-b060-adfd4186e815: 110 datasets; 4.1 s; peak memory 287 MiB.
2026-10-07T19:08:22Z INFO [152/750] 610143b4-61a6-4bb5-aba2-b663704479cc: 117 datasets; 1.2 s; peak memory 287 MiB.
2026-10-07T19:08:29Z INFO [153/750] 61017f5c-ea63-49c2-831c-4aeed3a5527d: 620 datasets; 6.9 s; peak memory 287 MiB.
2026-10-07T19:12:29Z INFO [154/750] 6102695c-d918-4d7c-938a-a31637abbc01: 264 datasets; 240.1 s; peak memory 409 MiB.
2026-10-07T19:12:32Z INFO [155/750] 610306be-2823-472a-9e2c-bf65536a00c0: 156 datasets; 3.1 s; peak memory 409 MiB.
2026-10-07T19:12:34Z INFO [156/750] 6103bc59-ec89-4ad5-b25c-8972977f8043: 66 datasets; 1.7 s; peak memory 409 MiB.
2026-10-07T19:12:37Z INFO [157/750] 6103c8c2-4e75-42f2-b037-4734f429343c: 111 datasets; 3.5 s; peak memory 409 MiB.
2026-10-07T19:12:38Z INFO [158/750] 6103db52-2a99-4ff2-9268-f8363278fd49: 114 datasets; 1.0 s; peak memory 409 MiB.
2026-10-07T19:12:39Z INFO [159/750] 6103db75-0b96-4ce3-a769-1eada5b4aa4c: 110 datasets; 1.4 s; peak memory 409 MiB.
2026-10-07T19:12:41Z INFO [160/750] 61041e46-086f-4a56-9621-009fff6f9db7: 112 datasets; 1.4 s; peak memory 409 MiB.
2026-10-07T19:12:42Z INFO [161/750] 61046b0c-d0f5-477a-a96b-b5805965f072: 48 datasets; 1.0 s; peak memory 409 MiB.
2026-10-07T19:12:43Z INFO [162/750] 610586c5-17ea-40c7-b648-46a57e3948bc: 110 datasets; 1.5 s; peak memory 409 MiB.
2026-10-07T19:12:45Z INFO [163/750] 6105f237-2034-461f-bc39-247f5fa7bfed: 69 datasets; 1.2 s; peak memory 409 MiB.
2026-10-07T19:12:46Z INFO [164/750] 61069a26-9e94-4c02-840b-0b093fdd259e: 48 datasets; 1.0 s; peak memory 409 MiB.
2026-10-07T19:13:03Z INFO [165/750] 6106add5-def0-44ee-bcdb-95b2ef0dfd90: 1279 datasets; 17.2 s; peak memory 409 MiB.
2026-10-07T19:13:04Z INFO [166/750] 6107424f-ff06-4a45-b2b7-6cd711514807: 117 datasets; 1.4 s; peak memory 409 MiB.
2026-10-07T19:13:05Z INFO [167/750] 61074dcd-abb9-4415-bcc4-5ec5a247c585: 117 datasets; 1.3 s; peak memory 409 MiB.
2026-10-07T19:13:07Z INFO [168/750] 61077384-9bac-4628-a929-87b003b4f820: 48 datasets; 1.1 s; peak memory 409 MiB.
2026-10-07T19:13:08Z INFO [169/750] 6108718c-9916-44b9-9bd4-56959f26de17: 48 datasets; 1.0 s; peak memory 409 MiB.
2026-10-07T19:14:00Z INFO [170/750] 61087f2f-acf0-4caf-a1e4-af1345c18442: 52 datasets; 52.6 s; peak memory 409 MiB.
2026-10-07T19:14:11Z INFO [171/750] 6109a468-44cb-4f4c-bea8-897eaff2dd11: 574 datasets; 10.4 s; peak memory 409 MiB.
2026-10-07T19:14:11Z INFO [172/750] 6109cb46-b6b1-4b3a-be77-9755b56bc4de: 46 datasets; 0.8 s; peak memory 409 MiB.
2026-10-07T19:14:12Z INFO [173/750] 6109f9cc-52c6-4fa4-9f25-201a63f95c7c: 37 datasets; 0.9 s; peak memory 409 MiB.
2026-10-07T19:14:16Z INFO [174/750] 610aca43-65c4-4062-aea6-e181d9137026: 110 datasets; 3.5 s; peak memory 409 MiB.
2026-10-07T19:14:17Z INFO [175/750] 610cf395-bdaa-43a0-88dd-65b1217f0537: 116 datasets; 1.3 s; peak memory 409 MiB.
2026-10-07T19:14:18Z INFO [176/750] 610cf7bd-c750-45fb-8184-454e5b50f959: 59 datasets; 1.3 s; peak memory 409 MiB.
2026-10-07T19:14:19Z INFO [177/750] 610cfc23-2cfd-4789-84ec-e5ae7fcef418: 38 datasets; 0.9 s; peak memory 409 MiB.
2026-10-07T19:14:20Z INFO [178/750] 610d042e-00b7-432a-b0a0-6fb5355f45d3: 85 datasets; 1.2 s; peak memory 409 MiB.
2026-10-07T19:14:29Z INFO [179/750] 610d17d3-5873-48c0-af41-50e758af914b: 952 datasets; 9.0 s; peak memory 409 MiB.
2026-10-07T19:14:31Z INFO [180/750] 610da141-c081-4b23-84a5-a54f43a4d171: 48 datasets; 1.2 s; peak memory 409 MiB.
2026-10-07T19:14:32Z INFO [181/750] 610dfe63-62dc-4286-b8ea-e85d82519b32: 48 datasets; 0.9 s; peak memory 409 MiB.
2026-10-07T19:14:32Z INFO [182/750] 610e36bd-6e2f-42ba-8ff9-714549adc68b: 46 datasets; 0.8 s; peak memory 409 MiB.
2026-10-07T19:16:40Z INFO [183/750] 610e43ef-59e7-4436-bb27-950bc87941ea: 257 datasets; 127.4 s; peak memory 409 MiB.
2026-10-07T19:16:41Z INFO [184/750] 610ef80e-bd4c-40bd-a1e0-f20ce7c71fb4: 43 datasets; 1.2 s; peak memory 409 MiB.
2026-10-07T19:16:43Z INFO [185/750] 610f8226-8a39-42f3-9ba2-629aab6bb055: 60 datasets; 1.8 s; peak memory 409 MiB.
2026-10-07T19:16:44Z INFO [186/750] 610fc491-e401-416f-ba32-d86340fa9866: 69 datasets; 1.2 s; peak memory 409 MiB.
2026-10-07T19:16:45Z INFO [187/750] 61106503-90d5-496d-8cc3-5755dba2205c: 59 datasets; 1.4 s; peak memory 409 MiB.
2026-10-07T19:16:46Z INFO [188/750] 611146a1-2977-4de5-801d-c042b2d9c0bb: 48 datasets; 1.0 s; peak memory 409 MiB.
2026-10-07T19:16:48Z INFO [189/750] 61114cb8-9817-40ad-8146-8273ad507787: 48 datasets; 1.3 s; peak memory 409 MiB.
2026-10-07T19:16:49Z INFO [190/750] 61128807-29b4-4c16-803a-0cad1965ef61: 46 datasets; 1.0 s; peak memory 409 MiB.
2026-10-07T19:16:50Z INFO [191/750] 6112bfae-f6d9-4777-a457-dbe9abfe125c: 117 datasets; 1.2 s; peak memory 409 MiB.
2026-10-07T19:17:14Z INFO [192/750] 61134bbd-cbb1-49fa-9708-b07feead27c9: 47 datasets; 24.2 s; peak memory 409 MiB.
2026-10-07T19:17:15Z INFO [193/750] 61137db4-ec6d-41d0-add9-afe24a2561b8: 62 datasets; 1.5 s; peak memory 409 MiB.
2026-10-07T19:17:17Z INFO [194/750] 61139a2d-7568-4046-a678-d0991718065f: 77 datasets; 1.3 s; peak memory 409 MiB.
2026-10-07T19:17:18Z INFO [195/750] 6113fdc9-0bee-45b4-aa59-a348c2ac8e63: 48 datasets; 1.0 s; peak memory 409 MiB.
2026-10-07T19:17:19Z INFO [196/750] 6114864a-c62b-4e25-b58b-0aa61bc3e7cb: 46 datasets; 0.8 s; peak memory 409 MiB.
2026-10-07T19:17:20Z INFO [197/750] 6114cc1e-7712-4acd-9c39-81479f0b3d40: 289 datasets; 1.5 s; peak memory 409 MiB.
2026-10-07T19:17:22Z INFO [198/750] 6114d3c2-acde-4e83-bbe2-bbdf941de8f3: 71 datasets; 1.6 s; peak memory 409 MiB.
2026-10-07T19:17:23Z INFO [199/750] 6114f9e5-78fe-4ae9-8476-568e9d7c7a44: 117 datasets; 1.4 s; peak memory 409 MiB.
2026-10-07T19:17:29Z INFO [200/750] 61161879-03f4-4a88-a7f7-c2523254856b: 256 datasets; 5.6 s; peak memory 409 MiB.
2026-10-07T19:17:29Z INFO [200/750] 61161879-03f4-4a88-a7f7-c2523254856b: checkpointed 93785 records.
2026-10-07T19:17:32Z INFO [201/750] 611637b4-f0f2-42df-b3c3-18a2629fc8ae: 133 datasets; 3.1 s; peak memory 409 MiB.
2026-10-07T19:17:33Z INFO [202/750] 61165352-5d27-4ef8-901e-38f86d15d650: 289 datasets; 1.4 s; peak memory 409 MiB.
2026-10-07T19:17:35Z INFO [203/750] 6116cfe1-643c-4805-be70-0cec1958aabb: 72 datasets; 1.1 s; peak memory 409 MiB.
2026-10-07T19:17:38Z INFO [204/750] 6117cbb7-48b0-460f-86b6-79fdc928d2a2: 184 datasets; 3.7 s; peak memory 409 MiB.
2026-10-07T19:17:51Z INFO [205/750] 6118249a-8bad-46c9-add9-a49e625d05fa: 2983 datasets; 12.4 s; peak memory 409 MiB.
2026-10-07T19:17:52Z INFO [206/750] 61196777-2175-41cb-8014-7a18298a31ca: 38 datasets; 1.0 s; peak memory 409 MiB.
2026-10-07T19:17:53Z INFO [207/750] 61196d15-243b-4271-a138-6c747cbae403: 116 datasets; 1.3 s; peak memory 409 MiB.
2026-10-07T19:17:54Z INFO [208/750] 6119a7f1-25e2-449a-b640-b8fba2f586ba: 51 datasets; 0.8 s; peak memory 409 MiB.
2026-10-07T19:17:59Z INFO [209/750] 611b31e4-ebfa-45a9-bee6-4b0f5b167b3c: 961 datasets; 5.1 s; peak memory 409 MiB.
2026-10-07T19:18:07Z INFO [210/750] 611b77ca-6288-4828-a908-a38c7ae953b5: 11477 datasets; 7.9 s; peak memory 409 MiB.
2026-10-07T19:18:14Z INFO [211/750] 611c0723-5c3f-423e-8ffd-a3e2a7bcd4ec: 208 datasets; 7.1 s; peak memory 409 MiB.
2026-10-07T19:18:15Z INFO [212/750] 611c2e63-6972-4d29-b429-49508f3e4122: 54 datasets; 0.9 s; peak memory 409 MiB.
2026-10-07T19:18:16Z INFO [213/750] 611dc308-ff64-45f6-b09e-34e75a77b57d: 112 datasets; 1.2 s; peak memory 409 MiB.
2026-10-07T19:18:17Z INFO [214/750] 6120f8d8-a3af-4e3e-998e-d703c809846b: 110 datasets; 1.0 s; peak memory 409 MiB.
2026-10-07T19:18:18Z INFO [215/750] 6121b72e-2d99-49ec-b612-f8e6fef4b157: 48 datasets; 1.0 s; peak memory 409 MiB.
2026-10-07T19:18:19Z INFO [216/750] 6121ff67-427f-4fba-b5df-113dc9b3e8e1: 59 datasets; 1.3 s; peak memory 409 MiB.
2026-10-07T19:18:21Z INFO [217/750] 61220247-a4ca-4f33-a6d2-e6163da5e01c: 62 datasets; 1.5 s; peak memory 409 MiB.
2026-10-07T19:18:22Z INFO [218/750] 61230ca1-3eb3-4dff-b779-52ba559e2925: 117 datasets; 1.3 s; peak memory 409 MiB.
2026-10-07T19:18:25Z INFO [219/750] 61235373-7e1e-47ef-a92d-db392490e3da: 168 datasets; 2.5 s; peak memory 409 MiB.
2026-10-07T19:18:26Z INFO [220/750] 612392af-9b64-406d-b400-30f38507b8f5: 48 datasets; 1.1 s; peak memory 409 MiB.
2026-10-07T19:18:27Z INFO [221/750] 6123fcd5-49e9-44d2-8a6c-f59fa5692334: 63 datasets; 1.0 s; peak memory 409 MiB.
2026-10-07T19:18:28Z INFO [222/750] 61248ca8-6c0a-432d-af0d-df11412a6b3a: 45 datasets; 1.4 s; peak memory 409 MiB.
2026-10-07T19:18:43Z INFO [223/750] 6125300e-1183-471a-975f-4873fbfb2008: 38 datasets; 15.4 s; peak memory 409 MiB.
2026-10-07T19:18:47Z INFO [224/750] 61253b73-dfc2-42cb-b185-6ee1a21c7baf: 48 datasets; 3.6 s; peak memory 409 MiB.
2026-10-07T19:18:49Z INFO [225/750] 61256cdc-6370-482b-9b1a-63933563bbbd: 117 datasets; 1.4 s; peak memory 409 MiB.
2026-10-07T19:18:55Z INFO [226/750] 6125e00a-95f5-4dd9-8e48-f995a7342479: 722 datasets; 6.8 s; peak memory 409 MiB.
2026-10-07T19:18:57Z INFO [227/750] 61266505-6ad6-485b-82e7-45cdaead9403: 52 datasets; 1.1 s; peak memory 409 MiB.
2026-10-07T19:18:57Z INFO [228/750] 61278ba8-45dd-4bca-a2cd-c15b91f5cc56: 45 datasets; 0.9 s; peak memory 409 MiB.
2026-10-07T19:18:58Z INFO [229/750] 6128355e-e09e-4b75-92d3-b05dcc507d11: 41 datasets; 1.0 s; peak memory 409 MiB.
2026-10-07T19:19:00Z INFO [230/750] 61294742-548e-4463-bd7e-e4165097c801: 52 datasets; 1.1 s; peak memory 409 MiB.
2026-10-07T19:19:01Z INFO [231/750] 61295823-fff3-484e-b29f-389407ad3734: 110 datasets; 1.5 s; peak memory 409 MiB.
2026-10-07T19:19:02Z INFO [232/750] 612966e0-4797-49a0-851f-370031d4ee61: 117 datasets; 1.2 s; peak memory 409 MiB.
2026-10-07T19:19:04Z INFO [233/750] 61297411-1e53-43ae-8cc4-ae99770ced0a: 109 datasets; 1.4 s; peak memory 409 MiB.
2026-10-07T19:19:05Z INFO [234/750] 6129fa34-747d-4939-894c-519cb3d94e3f: 39 datasets; 1.0 s; peak memory 409 MiB.
2026-10-07T19:19:12Z INFO [235/750] 612b475c-ecff-4c6e-b3e0-1a67e1fb5149: 1061 datasets; 7.0 s; peak memory 409 MiB.
2026-10-07T19:19:13Z INFO [236/750] 612b481b-b87d-4de1-a750-dd5c8033cfa7: 116 datasets; 1.1 s; peak memory 409 MiB.
2026-10-07T19:19:14Z INFO [237/750] 612c04a8-6f7f-48b8-adac-55390c0c1f8d: 37 datasets; 0.9 s; peak memory 409 MiB.
2026-10-07T19:19:16Z INFO [238/750] 612c2f6b-4d02-4c23-af6b-9c40b79490b3: 158 datasets; 2.1 s; peak memory 409 MiB.
2026-10-07T19:19:18Z INFO [239/750] 612c3e0a-695f-454b-99af-de0c09524395: 66 datasets; 1.9 s; peak memory 409 MiB.
2026-10-07T19:19:23Z INFO [240/750] 612d43ba-2e13-451a-844d-d099a0d8c637: 229 datasets; 5.3 s; peak memory 409 MiB.
2026-10-07T19:19:24Z INFO [241/750] 612d752b-6535-40da-943b-98657fb2e8f4: 117 datasets; 1.2 s; peak memory 409 MiB.
2026-10-07T19:19:35Z INFO [242/750] 612db9de-d679-443a-ac13-324ade662f5f: 4913 datasets; 10.5 s; peak memory 409 MiB.
2026-10-07T19:19:37Z INFO [243/750] 612e4e78-d82e-4eae-89e4-416410b09304: 152 datasets; 2.3 s; peak memory 409 MiB.
2026-10-07T19:19:38Z INFO [244/750] 612e7bbe-c464-403c-9d3d-91de6ca781c1: 48 datasets; 1.0 s; peak memory 409 MiB.
2026-10-07T19:19:39Z INFO [245/750] 612ed8aa-e702-4f4b-ba9b-c820e0c4a27c: 289 datasets; 1.4 s; peak memory 409 MiB.
2026-10-07T19:19:41Z INFO [246/750] 612f8bc4-389e-4ce3-b3ef-5f12cdde2714: 66 datasets; 1.5 s; peak memory 409 MiB.
2026-10-07T19:19:48Z INFO [247/750] 61300c41-c9c5-4b3f-8600-206a33dd03d8: 1053 datasets; 7.0 s; peak memory 409 MiB.
2026-10-07T19:19:55Z INFO [248/750] 613027c3-2b61-41ff-8c22-3f6c6541e4ed: 200 datasets; 6.7 s; peak memory 409 MiB.
2026-10-07T19:19:56Z INFO [249/750] 6130763f-225e-4ad0-9ee8-006e84d8ee29: 117 datasets; 1.2 s; peak memory 409 MiB.
2026-10-07T19:19:59Z INFO [250/750] 61313dc8-bb36-4f32-b188-aa3bc6577e5e: 363 datasets; 3.3 s; peak memory 409 MiB.
2026-10-07T19:19:59Z INFO [250/750] 61313dc8-bb36-4f32-b188-aa3bc6577e5e: checkpointed 93835 records.
2026-10-07T19:20:20Z INFO [251/750] 613141f1-7e41-455f-b492-18eee55f650d: 48 datasets; 21.0 s; peak memory 409 MiB.
2026-10-07T19:20:27Z INFO [252/750] 61316d6a-0852-4405-82dd-284a36404c48: 86 datasets; 7.2 s; peak memory 409 MiB.
2026-10-07T19:20:41Z INFO [253/750] 61325cc8-f2ad-4c5d-9201-51511d29928e: 38 datasets; 13.4 s; peak memory 409 MiB.
2026-10-07T19:20:44Z INFO [254/750] 613421ca-44ed-4811-b0f7-56f1e00a438f: 568 datasets; 2.9 s; peak memory 409 MiB.
2026-10-07T19:20:45Z INFO [255/750] 61347097-94a3-4c6c-9896-996e92b45906: 117 datasets; 1.5 s; peak memory 409 MiB.
2026-10-07T19:20:46Z INFO [256/750] 61348110-aada-4065-a105-e9f8caac92df: 62 datasets; 1.2 s; peak memory 409 MiB.
2026-10-07T19:20:48Z INFO [257/750] 61348b42-b9c7-4d77-b30c-bf1ecd106096: 117 datasets; 1.2 s; peak memory 409 MiB.
2026-10-07T19:20:49Z INFO [258/750] 6134a25e-9973-43e2-9feb-234410355f14: 112 datasets; 1.4 s; peak memory 409 MiB.
2026-10-07T19:20:50Z INFO [259/750] 6134d8c3-b5f4-429f-9a51-dada0c5d85ea: 117 datasets; 1.3 s; peak memory 409 MiB.
2026-10-07T19:20:51Z INFO [260/750] 6135126b-1ba3-442d-be23-19557d5c8821: 48 datasets; 1.0 s; peak memory 409 MiB.
2026-10-07T19:20:52Z INFO [261/750] 61351d60-5571-4180-805f-4e72d5b842ea: 48 datasets; 1.0 s; peak memory 409 MiB.
2026-10-07T19:20:53Z INFO [262/750] 6135222b-83ce-4182-9b64-82db230c97a0: 48 datasets; 1.1 s; peak memory 409 MiB.
2026-10-07T19:20:55Z INFO [263/750] 61361b23-ea6d-43f6-93b1-3fca336faad1: 266 datasets; 2.1 s; peak memory 409 MiB.
2026-10-07T19:20:58Z INFO [264/750] 6136d2c9-996c-4d64-9951-8858f7f97569: 38 datasets; 2.0 s; peak memory 409 MiB.
2026-10-07T19:20:58Z INFO [265/750] 6136dad9-3b97-46b6-ba55-2b7dbdef1cc7: 33 datasets; 0.8 s; peak memory 409 MiB.
2026-10-07T19:21:00Z INFO [266/750] 613716f5-eb71-4e5f-b795-ce4e5d7baf47: 66 datasets; 1.3 s; peak memory 409 MiB.
2026-10-07T19:21:01Z INFO [267/750] 61376cbb-a264-43c8-bd68-e803f52fb76c: 48 datasets; 1.1 s; peak memory 409 MiB.
2026-10-07T19:21:02Z INFO [268/750] 613780d0-1f21-4c5c-9453-df7608fed087: 46 datasets; 0.9 s; peak memory 409 MiB.
2026-10-07T19:21:03Z INFO [269/750] 6137c66f-5e63-4c6f-b1a2-28e6d4f64acd: 66 datasets; 1.4 s; peak memory 409 MiB.
2026-10-07T19:21:04Z INFO [270/750] 61387f44-3482-4d4f-8c22-520815bd5978: 69 datasets; 1.3 s; peak memory 409 MiB.
2026-10-07T19:21:05Z INFO [271/750] 61391224-88f0-4c97-bebe-333ff7838884: 48 datasets; 1.0 s; peak memory 409 MiB.
2026-10-07T19:21:06Z INFO [272/750] 613a9520-3c8c-448b-822e-7dffcff7dba1: 48 datasets; 1.0 s; peak memory 409 MiB.
2026-10-07T19:21:08Z INFO [273/750] 613c0086-809d-4e9b-a60f-11b9fc1578af: 136 datasets; 2.1 s; peak memory 409 MiB.
2026-10-07T19:21:10Z INFO [274/750] 613c2c29-9f5e-4d41-9c4a-1cd8eb1ff43e: 112 datasets; 1.5 s; peak memory 409 MiB.
2026-10-07T19:21:11Z INFO [275/750] 613d3fab-e53a-4906-a1e4-55392b6c5288: 46 datasets; 0.7 s; peak memory 409 MiB.
2026-10-07T19:21:12Z INFO [276/750] 613d5bf2-c4d3-4670-8de9-9fe86cea72ef: 48 datasets; 1.0 s; peak memory 409 MiB.
2026-10-07T19:21:14Z INFO [277/750] 613db6ce-4cf7-4350-b642-fa3bdba8a869: 98 datasets; 2.3 s; peak memory 409 MiB.
2026-10-07T19:21:15Z INFO [278/750] 613deb0b-4b6f-43cf-94cb-3bb6d7189c6a: 48 datasets; 1.0 s; peak memory 409 MiB.
2026-10-07T19:21:16Z INFO [279/750] 613e7c73-66cd-4ade-9d66-5ea6f77916e3: 118 datasets; 1.3 s; peak memory 409 MiB.
2026-10-07T19:21:18Z INFO [280/750] 613f0362-2a50-416c-a9fe-b8b88f7101c3: 112 datasets; 1.6 s; peak memory 409 MiB.
2026-10-07T19:21:27Z INFO [281/750] 613fa257-93b8-49ff-a7fd-80f58505dcd7: 410 datasets; 9.1 s; peak memory 409 MiB.
2026-10-07T19:21:28Z INFO [282/750] 613fcd52-23d0-48b2-9065-43469abc1a05: 48 datasets; 0.9 s; peak memory 409 MiB.
2026-10-07T19:21:29Z INFO [283/750] 613fdff9-09a6-478f-a216-c444377ee59c: 50 datasets; 0.8 s; peak memory 409 MiB.
2026-10-07T19:21:30Z INFO [284/750] 6140af32-8d75-48a4-9e5c-83378d0682f9: 52 datasets; 1.1 s; peak memory 409 MiB.
2026-10-07T19:21:31Z INFO [285/750] 614173de-521d-478e-ae40-a54edda52ab9: 112 datasets; 1.7 s; peak memory 409 MiB.
2026-10-07T19:21:32Z INFO [286/750] 6141abfc-c751-4926-a276-610ad74f2a12: 58 datasets; 0.9 s; peak memory 409 MiB.
2026-10-07T19:21:34Z INFO [287/750] 61428a0f-6d23-4aef-a20f-1c01b43122fa: 116 datasets; 1.2 s; peak memory 409 MiB.
2026-10-07T19:21:35Z INFO [288/750] 61434e5a-f868-40f4-a374-893543b94161: 48 datasets; 1.1 s; peak memory 409 MiB.
2026-10-07T19:21:36Z INFO [289/750] 6143aebc-ce16-4fab-b9ef-5ec5f0287862: 78 datasets; 1.7 s; peak memory 409 MiB.
2026-10-07T19:21:38Z INFO [290/750] 6145311e-a8be-42eb-8805-52301a717f16: 124 datasets; 1.5 s; peak memory 409 MiB.
2026-10-07T19:21:39Z INFO [291/750] 61461c1a-78bd-4c5d-b40a-072215a5fa46: 66 datasets; 1.7 s; peak memory 409 MiB.
2026-10-07T19:21:41Z INFO [292/750] 6146398f-c41f-4053-8809-7e9d05835827: 101 datasets; 1.7 s; peak memory 409 MiB.
2026-10-07T19:21:42Z INFO [293/750] 6147e25e-dcda-47fc-85a0-4d6034f93eb3: 46 datasets; 0.6 s; peak memory 409 MiB.
2026-10-07T19:21:43Z INFO [294/750] 6148092d-d41f-420a-9eae-2393cb2abe6d: 48 datasets; 1.1 s; peak memory 409 MiB.
2026-10-07T19:21:44Z INFO [295/750] 614821ec-fe88-462c-91e2-c241e7fca6db: 69 datasets; 1.3 s; peak memory 409 MiB.
2026-10-07T19:21:45Z INFO [296/750] 6148ad4c-c092-4e20-a7ac-9a7bf94ee86a: 45 datasets; 1.2 s; peak memory 409 MiB.
2026-10-07T19:21:48Z INFO [297/750] 6148b969-cbbb-4b5f-82c4-d20c29bf2ef0: 156 datasets; 2.9 s; peak memory 409 MiB.
2026-10-07T19:21:50Z INFO [298/750] 6148bc1f-da6b-462a-870a-12361cefd5bb: 112 datasets; 1.4 s; peak memory 409 MiB.
2026-10-07T19:21:51Z INFO [299/750] 6148e6f9-e134-4150-80cb-49d82390fb4a: 78 datasets; 1.2 s; peak memory 409 MiB.
2026-10-07T19:21:54Z INFO [300/750] 614978ad-f907-460e-b982-60c57dc708cd: 48 datasets; 3.1 s; peak memory 409 MiB.
2026-10-07T19:21:54Z INFO [300/750] 614978ad-f907-460e-b982-60c57dc708cd: checkpointed 93885 records.
2026-10-07T19:21:57Z INFO [301/750] 6149fee5-6131-4dd0-a4a0-b8a9882f382b: 201 datasets; 2.5 s; peak memory 409 MiB.
2026-10-07T19:21:59Z INFO [302/750] 614a30c8-61df-4ad9-919d-5e9cef02efa1: 158 datasets; 2.0 s; peak memory 409 MiB.
2026-10-07T19:22:00Z INFO [303/750] 614b87c0-df43-481a-b998-a8dde3e29810: 48 datasets; 1.1 s; peak memory 409 MiB.
2026-10-07T19:22:01Z INFO [304/750] 614ba557-0960-414a-96ec-00c3889c003b: 48 datasets; 1.1 s; peak memory 409 MiB.
2026-10-07T19:22:02Z INFO [305/750] 614bee9c-8abe-4f43-8ada-e0247f9ad864: 112 datasets; 1.4 s; peak memory 409 MiB.
2026-10-07T19:22:03Z INFO [306/750] 614c03ae-9501-4157-a8b9-482090b179c5: 40 datasets; 0.9 s; peak memory 409 MiB.
2026-10-07T19:22:07Z INFO [307/750] 614cf116-f97e-4e0b-b3f3-84f317138fe1: 206 datasets; 3.2 s; peak memory 409 MiB.
2026-10-07T19:22:18Z INFO [308/750] 614d0041-d76d-47e9-a70e-82f7e9aa23ae: 991 datasets; 11.5 s; peak memory 409 MiB.
2026-10-07T19:22:30Z INFO [309/750] 614dd66f-cfd0-4a66-b8a7-f67a46582dff: 1041 datasets; 12.1 s; peak memory 409 MiB.
2026-10-07T19:22:41Z INFO [310/750] 614e178e-9b21-483a-9a7e-ba0ba778ca8d: 928 datasets; 10.9 s; peak memory 409 MiB.
2026-10-07T19:22:42Z INFO [311/750] 614e39e7-22a5-4de0-89bd-de8c51a327e5: 117 datasets; 1.4 s; peak memory 409 MiB.
2026-10-07T19:22:49Z INFO [312/750] 614f111c-4633-499a-bcec-66cf6f4fb2ff: 56 datasets; 6.4 s; peak memory 409 MiB.
2026-10-07T19:22:51Z INFO [313/750] 614fc254-60b2-4a4f-9556-75374a8094ef: 70 datasets; 1.8 s; peak memory 409 MiB.
2026-10-07T19:22:52Z INFO [314/750] 6150422f-78ba-4357-8908-a1bc6037d25c: 112 datasets; 1.5 s; peak memory 409 MiB.
2026-10-07T19:22:54Z INFO [315/750] 61504f61-f026-4a8e-95d0-cda80006841c: 65 datasets; 1.5 s; peak memory 409 MiB.
2026-10-07T19:22:55Z INFO [316/750] 61505394-aa5e-4d65-b6c4-5b8ce0f0cd5a: 48 datasets; 1.2 s; peak memory 409 MiB.
2026-10-07T19:23:47Z INFO [317/750] 615059ad-939f-46a2-9d9b-89c01765d7cd: 52 datasets; 51.8 s; peak memory 409 MiB.
2026-10-07T19:23:48Z INFO [318/750] 61514755-c3a0-48b2-acef-1cd543f0a063: 48 datasets; 1.0 s; peak memory 409 MiB.
2026-10-07T19:24:00Z INFO [319/750] 61537250-bf8c-410a-9cc6-04897eaf9b56: 1205 datasets; 12.1 s; peak memory 409 MiB.
2026-10-07T19:24:02Z INFO [320/750] 6153be4b-36e5-4036-aaf2-5d1dcdd2d235: 115 datasets; 2.4 s; peak memory 409 MiB.
2026-10-07T19:24:04Z INFO [321/750] 6153d182-95a1-498d-ba03-75ac053cc6a2: 115 datasets; 2.4 s; peak memory 409 MiB.
2026-10-07T19:24:06Z INFO [322/750] 61549620-4ceb-4ef9-bd32-53f1a0ae88f6: 70 datasets; 1.3 s; peak memory 409 MiB.
2026-10-07T19:24:07Z INFO [323/750] 6155b78a-65ec-414b-a59d-0803c7c94919: 48 datasets; 1.0 s; peak memory 409 MiB.
2026-10-07T19:24:08Z INFO [324/750] 6155b8a2-8c81-4db9-ae73-134b5e23599a: 117 datasets; 1.2 s; peak memory 409 MiB.
2026-10-07T19:24:11Z INFO [325/750] 6156875f-478b-4235-8525-b2ef995eb9e6: 156 datasets; 3.0 s; peak memory 409 MiB.
2026-10-07T19:24:12Z INFO [326/750] 61585c10-7709-42f7-850c-0878f5726967: 122 datasets; 1.3 s; peak memory 409 MiB.
2026-10-07T19:24:13Z INFO [327/750] 615885f0-1f32-48bd-8fae-fda9f8aa909c: 70 datasets; 1.0 s; peak memory 409 MiB.
2026-10-07T19:24:14Z INFO [328/750] 6158ebb0-6871-4549-9d17-9c709f9f40a8: 54 datasets; 0.8 s; peak memory 409 MiB.
2026-10-07T19:24:15Z INFO [329/750] 6159693d-ba4c-4689-8c54-23daf482cd5b: 68 datasets; 1.3 s; peak memory 409 MiB.
2026-10-07T19:24:17Z INFO [330/750] 615af0ca-c63a-4bd8-97f3-90bdfd6b5572: 116 datasets; 1.2 s; peak memory 409 MiB.
2026-10-07T19:24:18Z INFO [331/750] 615b5fcc-8a26-49c7-9f9e-1e2c3bda24d4: 66 datasets; 1.5 s; peak memory 409 MiB.
2026-10-07T19:24:19Z INFO [332/750] 615b6acb-3b3e-4a2e-aead-0907a0825ad7: 121 datasets; 1.0 s; peak memory 409 MiB.
2026-10-07T19:24:21Z INFO [333/750] 615c5ddd-88b7-4ad3-b510-8a3e4fc54a72: 69 datasets; 1.5 s; peak memory 409 MiB.
2026-10-07T19:24:22Z INFO [334/750] 615c697d-e141-43ec-9572-4337bf7d258f: 110 datasets; 1.4 s; peak memory 409 MiB.
2026-10-07T19:24:23Z INFO [335/750] 615c76f7-9547-4ad3-9ac8-124bc61c8f15: 48 datasets; 1.0 s; peak memory 409 MiB.
2026-10-07T19:24:24Z INFO [336/750] 615cf1ee-be40-47f6-b32d-58d8fd6e63e5: 48 datasets; 1.1 s; peak memory 409 MiB.
2026-10-07T19:24:25Z INFO [337/750] 615e1e55-3f24-4250-9565-1023084e874d: 48 datasets; 0.9 s; peak memory 409 MiB.
2026-10-07T19:24:26Z INFO [338/750] 615e6d6d-0dda-47ac-8af0-340184e2e497: 38 datasets; 0.8 s; peak memory 409 MiB.
2026-10-07T19:24:27Z INFO [339/750] 615e807e-4bb4-456c-adce-a362c656a548: 50 datasets; 1.2 s; peak memory 409 MiB.
2026-10-07T19:24:28Z INFO [340/750] 615ea97b-2951-4ce9-b435-35ddc3a5d8fd: 117 datasets; 1.3 s; peak memory 409 MiB.
2026-10-07T19:24:29Z INFO [341/750] 615f47c6-7814-49b3-908a-d30cb4b54a68: 38 datasets; 1.0 s; peak memory 409 MiB.
2026-10-07T19:24:37Z INFO [342/750] 615f6d66-698b-483b-a786-c0ef42e0876e: 1137 datasets; 7.5 s; peak memory 409 MiB.
2026-10-07T19:24:38Z INFO [343/750] 615fe3e6-48f5-4665-aad7-863a69adbbdb: 46 datasets; 0.8 s; peak memory 409 MiB.
2026-10-07T19:24:51Z INFO [344/750] 61603879-fad8-4f8c-a00d-1a102138340f: 1112 datasets; 13.2 s; peak memory 409 MiB.
2026-10-07T19:24:52Z INFO [345/750] 61606870-95a0-413d-bf17-29980e5bc29d: 66 datasets; 1.5 s; peak memory 409 MiB.
2026-10-07T19:24:53Z INFO [346/750] 61606f9b-be91-47c0-aac3-adfa3619a8ee: 117 datasets; 1.2 s; peak memory 409 MiB.
2026-10-07T19:24:54Z INFO [347/750] 6161158c-2392-4a06-a61c-ce653a20c4b2: 35 datasets; 1.0 s; peak memory 409 MiB.
2026-10-07T19:24:55Z INFO [348/750] 6161741e-1d4c-4e06-b2bb-b6089561e4dd: 46 datasets; 1.0 s; peak memory 409 MiB.
2026-10-07T19:24:56Z INFO [349/750] 6161968f-2503-4660-83a8-3c054363a1f1: 117 datasets; 1.1 s; peak memory 409 MiB.
2026-10-07T19:24:58Z INFO [350/750] 616274e0-f3b2-445d-a4ef-4ecb618dae3f: 52 datasets; 1.0 s; peak memory 409 MiB.
2026-10-07T19:24:58Z INFO [350/750] 616274e0-f3b2-445d-a4ef-4ecb618dae3f: checkpointed 93935 records.
2026-10-07T19:24:59Z INFO [351/750] 61629181-9d62-4175-b948-4c99b0cf55b8: 117 datasets; 1.2 s; peak memory 409 MiB.
2026-10-07T19:25:00Z INFO [352/750] 61631d58-3d4d-47ad-b876-08b12dae6cee: 116 datasets; 1.1 s; peak memory 409 MiB.
2026-10-07T19:25:01Z INFO [353/750] 61634246-6357-4b87-acb7-c31fc5ec49e7: 57 datasets; 0.8 s; peak memory 409 MiB.
2026-10-07T19:25:02Z INFO [354/750] 61649af2-fb09-491f-9ced-5d31c9a0e8ac: 117 datasets; 1.3 s; peak memory 409 MiB.
2026-10-07T19:25:03Z INFO [355/750] 6165d03a-7cf1-40f5-8340-df1c5b7fa50c: 52 datasets; 1.1 s; peak memory 409 MiB.
2026-10-07T19:25:06Z INFO [356/750] 6165d716-e46e-4643-84a9-cded9e225350: 156 datasets; 2.7 s; peak memory 409 MiB.
2026-10-07T19:30:36Z INFO [357/750] 6165f3b8-315b-476e-93c9-af7d234e0740: 938 datasets; 330.1 s; peak memory 1174 MiB.
2026-10-07T19:30:37Z INFO [358/750] 6166b29c-5be4-4bdb-aa90-0eb26b706378: 112 datasets; 1.4 s; peak memory 1174 MiB.
2026-10-07T19:30:38Z INFO [359/750] 6166dfac-3480-450d-b2f9-41657772ae69: 47 datasets; 0.9 s; peak memory 1174 MiB.
2026-10-07T19:30:41Z INFO [360/750] 616741c1-aa1d-4d06-9d4d-33b67d8d5320: 85 datasets; 2.4 s; peak memory 1174 MiB.
2026-10-07T19:30:45Z INFO [361/750] 61674fd0-0c6c-4e8d-b2b2-e43590f900d6: 168 datasets; 4.3 s; peak memory 1174 MiB.
2026-10-07T19:30:57Z INFO [362/750] 616820c1-dcb6-4f4a-99eb-bd362acf273a: 869 datasets; 11.5 s; peak memory 1174 MiB.
2026-10-07T19:31:02Z INFO [363/750] 6169525b-67a1-45a2-bf3b-d6e09cbc6d3a: 549 datasets; 5.1 s; peak memory 1174 MiB.
2026-10-07T19:31:04Z INFO [364/750] 6169ffc3-9e4c-43e6-a6a7-ad6a552c8807: 184 datasets; 2.1 s; peak memory 1174 MiB.
2026-10-07T19:31:07Z INFO [365/750] 616a0e82-2a05-4b5e-950d-38ad3343bcac: 157 datasets; 2.8 s; peak memory 1174 MiB.
2026-10-07T19:31:08Z INFO [366/750] 616a652e-1790-41e6-a98d-2da9dbfa99cf: 117 datasets; 1.2 s; peak memory 1174 MiB.
2026-10-07T19:31:09Z INFO [367/750] 616a68d9-cfa8-4fc0-8142-c4fd38ac792c: 38 datasets; 0.8 s; peak memory 1174 MiB.
2026-10-07T19:31:10Z INFO [368/750] 616aa8da-6272-434a-95ed-be158fb8baf4: 48 datasets; 1.1 s; peak memory 1174 MiB.
2026-10-07T19:31:11Z INFO [369/750] 616bbbe8-5f00-4af0-974f-84d9017d4a0a: 289 datasets; 1.4 s; peak memory 1174 MiB.
2026-10-07T19:31:13Z INFO [370/750] 616c735c-93a8-4cff-b1f2-9a61ea9561d1: 66 datasets; 1.8 s; peak memory 1174 MiB.
2026-10-07T19:31:14Z INFO [371/750] 616cda31-9429-4a8b-ba19-3e39f60338c1: 48 datasets; 1.1 s; peak memory 1174 MiB.
2026-10-07T19:31:15Z INFO [372/750] 616d4439-d5d2-43b4-99c0-57f4135f147e: 42 datasets; 0.9 s; peak memory 1174 MiB.
2026-10-07T19:31:36Z INFO [373/750] 616dc10c-7d4f-47de-805d-62c8bd031558: 48 datasets; 21.7 s; peak memory 1174 MiB.
2026-10-07T19:31:37Z INFO [374/750] 616e8080-4f0d-4eb4-b2c6-33bf251349ff: 52 datasets; 1.1 s; peak memory 1174 MiB.
2026-10-07T19:34:17Z INFO [375/750] 616fe4b5-e5a7-4a6c-aab1-6937db861b52: 260 datasets; 160.0 s; peak memory 1174 MiB.
2026-10-07T19:34:18Z INFO [376/750] 616feaac-802b-463e-9b34-91bd7d1ed079: 48 datasets; 1.0 s; peak memory 1174 MiB.
2026-10-07T19:34:20Z INFO [377/750] 617050ae-d632-4539-9e93-03bd5e98eb9e: 99 datasets; 1.2 s; peak memory 1174 MiB.
2026-10-07T19:34:21Z INFO [378/750] 61708145-9dc3-425c-b8ba-4b3353b0ac1b: 48 datasets; 1.2 s; peak memory 1174 MiB.
2026-10-07T19:34:22Z INFO [379/750] 617126d8-8ef9-4de5-b9c6-30bdb44022da: 48 datasets; 1.1 s; peak memory 1174 MiB.
2026-10-07T19:34:24Z INFO [380/750] 6171e6e3-0247-4f3f-a110-17ad9f088b8c: 71 datasets; 2.0 s; peak memory 1174 MiB.
2026-10-07T19:34:25Z INFO [381/750] 6172c517-69fc-4ed9-b3b2-197c937a8305: 48 datasets; 1.0 s; peak memory 1174 MiB.
2026-10-07T19:34:26Z INFO [382/750] 6172c61b-718e-4b4d-9776-89b1802e95a3: 48 datasets; 1.0 s; peak memory 1174 MiB.
2026-10-07T19:35:00Z INFO [383/750] 6172e620-19cd-440e-8902-f044eab99abb: 97 datasets; 33.9 s; peak memory 1174 MiB.
2026-10-07T19:35:01Z INFO [384/750] 6172f7d9-3054-458a-bf87-fd9fab5e827e: 45 datasets; 0.8 s; peak memory 1174 MiB.
2026-10-07T19:35:02Z INFO [385/750] 61738d88-0a6c-4547-ba13-5c6544fe18a8: 117 datasets; 1.2 s; peak memory 1174 MiB.
2026-10-07T19:35:03Z INFO [386/750] 6173c5e9-39c4-4428-b96b-e081f79fa27c: 110 datasets; 1.1 s; peak memory 1174 MiB.
2026-10-07T19:35:12Z INFO [387/750] 61740fa6-8e0f-4992-ba1d-0eb6aa610b29: 850 datasets; 8.9 s; peak memory 1174 MiB.
2026-10-07T19:35:13Z INFO [388/750] 6174e218-2221-43a4-a5e4-3e817ea5349f: 131 datasets; 1.5 s; peak memory 1174 MiB.
2026-10-07T19:35:15Z INFO [389/750] 6174e458-c0e0-46d1-bab3-b6362b6f0f46: 118 datasets; 1.1 s; peak memory 1174 MiB.
2026-10-07T19:35:17Z INFO [390/750] 6174fec8-886c-4c61-8c7b-2cb08e292a07: 118 datasets; 2.5 s; peak memory 1174 MiB.
2026-10-07T19:35:21Z INFO [391/750] 61751c56-1cbf-4862-b0b3-771f8ee75a55: 38 datasets; 3.7 s; peak memory 1174 MiB.
2026-10-07T19:35:23Z INFO [392/750] 6175dc2e-bf18-4825-a559-2987548f309b: 138 datasets; 2.5 s; peak memory 1174 MiB.
2026-10-07T19:35:24Z INFO [393/750] 6175dd0b-90b9-40e4-bb3c-2ee3a154eeea: 48 datasets; 1.1 s; peak memory 1174 MiB.
2026-10-07T19:35:26Z INFO [394/750] 6176275b-ca91-4f7d-ae99-e1868698084b: 110 datasets; 1.4 s; peak memory 1174 MiB.
2026-10-07T19:35:36Z INFO [395/750] 617635c0-9927-4e27-a413-d045a83ac404: 791 datasets; 10.5 s; peak memory 1174 MiB.
2026-10-07T19:35:37Z INFO [396/750] 61763925-73aa-48b7-a5a4-5a3bae786095: 116 datasets; 1.2 s; peak memory 1174 MiB.
2026-10-07T19:35:44Z INFO [397/750] 6176bd79-db77-4af6-9540-fa8d90c90bb0: 196 datasets; 7.1 s; peak memory 1174 MiB.
2026-10-07T19:35:46Z INFO [398/750] 6176d8cf-8d64-4647-b24e-7541bb730988: 112 datasets; 1.5 s; peak memory 1174 MiB.
2026-10-07T19:35:47Z INFO [399/750] 617837ac-f10c-4ca2-abfd-7df4df57a170: 48 datasets; 1.1 s; peak memory 1174 MiB.
2026-10-07T19:35:48Z INFO [400/750] 61783820-f8d6-4bf3-8b78-3e93eaa1ca3d: 42 datasets; 1.2 s; peak memory 1174 MiB.
2026-10-07T19:35:48Z INFO [400/750] 61783820-f8d6-4bf3-8b78-3e93eaa1ca3d: checkpointed 93985 records.
2026-10-07T19:35:49Z INFO [401/750] 61785de6-7598-457d-961c-c9c969d94c39: 35 datasets; 0.9 s; peak memory 1174 MiB.
2026-10-07T19:35:51Z INFO [402/750] 617960d8-e1ae-44da-aa53-dc0e1b76c7dc: 117 datasets; 1.3 s; peak memory 1174 MiB.
2026-10-07T19:35:52Z INFO [403/750] 6179859b-7cf3-41ea-b983-d8ca6faf9b0b: 48 datasets; 1.1 s; peak memory 1174 MiB.
2026-10-07T19:35:53Z INFO [404/750] 617a3922-1e30-4c9d-a3f5-d6125e562421: 52 datasets; 1.1 s; peak memory 1174 MiB.
2026-10-07T19:35:54Z INFO [405/750] 617a417b-7367-49ef-9a63-5710a43ba100: 52 datasets; 1.2 s; peak memory 1174 MiB.
2026-10-07T19:35:55Z INFO [406/750] 617aa881-c203-4bac-8cdd-985f72ac6897: 48 datasets; 1.1 s; peak memory 1174 MiB.
2026-10-07T19:35:58Z INFO [407/750] 617cdc5a-eae6-4b22-877f-e7617ea2b90a: 101 datasets; 2.6 s; peak memory 1174 MiB.
2026-10-07T19:36:00Z INFO [408/750] 617d9ce8-2043-447f-af85-e41b28cf8099: 64 datasets; 1.9 s; peak memory 1174 MiB.
2026-10-07T19:36:01Z INFO [409/750] 617e61dd-9cd6-4a5a-aefc-446b0dcd3e48: 69 datasets; 1.4 s; peak memory 1174 MiB.
2026-10-07T19:36:02Z INFO [410/750] 617e860d-6f55-4006-ac07-25790ba5ef52: 48 datasets; 1.0 s; peak memory 1174 MiB.
2026-10-07T19:36:03Z INFO [411/750] 617ea69c-8c75-4e09-9c5b-ed050302810c: 48 datasets; 1.0 s; peak memory 1174 MiB.
2026-10-07T19:36:05Z INFO [412/750] 617ee6ca-3070-4e64-8461-ab3cc79f34d2: 110 datasets; 1.7 s; peak memory 1174 MiB.
2026-10-07T19:36:13Z INFO [413/750] 617f84dc-1351-4115-ad54-57a0b9878837: 793 datasets; 8.0 s; peak memory 1174 MiB.
2026-10-07T19:36:14Z INFO [414/750] 6180330f-f476-4b5f-9e76-5dc3b58e5796: 112 datasets; 1.4 s; peak memory 1174 MiB.
2026-10-07T19:36:26Z INFO [415/750] 61803503-51cd-4362-b828-6dfffb168b75: 44 datasets; 11.3 s; peak memory 1174 MiB.
2026-10-07T19:36:27Z INFO [416/750] 6180416c-fdcf-4209-88be-62c5f7052eea: 60 datasets; 1.4 s; peak memory 1174 MiB.
2026-10-07T19:36:28Z INFO [417/750] 618047dc-bf51-4c13-a2b6-5791d761c196: 48 datasets; 1.0 s; peak memory 1174 MiB.
2026-10-07T19:36:29Z INFO [418/750] 6180ff1a-ea11-40d5-8b87-4bdff3ad6cfe: 46 datasets; 0.8 s; peak memory 1174 MiB.
2026-10-07T19:36:33Z INFO [419/750] 61814f02-5fd6-4f2c-884d-56c336520b25: 271 datasets; 4.2 s; peak memory 1174 MiB.
2026-10-07T19:36:34Z INFO [420/750] 618303b7-3335-4802-93a0-2bcda97e57ed: 48 datasets; 1.1 s; peak memory 1174 MiB.
2026-10-07T19:36:36Z INFO [421/750] 618361b6-96e2-4211-8abb-41246f8cf633: 69 datasets; 1.4 s; peak memory 1174 MiB.
2026-10-07T19:36:44Z INFO [422/750] 61844c98-909f-4ed8-838d-5df021e7f62d: 11477 datasets; 8.3 s; peak memory 1174 MiB.
2026-10-07T19:36:49Z INFO [423/750] 61853384-179d-4fb9-978f-8578764cdb3d: 229 datasets; 5.3 s; peak memory 1174 MiB.
2026-10-07T19:36:51Z INFO [424/750] 61858dc8-9d01-45fe-a455-87d815586633: 45 datasets; 1.6 s; peak memory 1174 MiB.
2026-10-07T19:36:52Z INFO [425/750] 6185f292-1970-4c5b-9e33-a13ef493e25f: 118 datasets; 1.1 s; peak memory 1174 MiB.
2026-10-07T19:36:59Z INFO [426/750] 61863931-0e93-4c3f-8d2c-de9330159524: 1106 datasets; 7.6 s; peak memory 1174 MiB.
2026-10-07T19:37:05Z INFO [427/750] 61873452-4bbf-48c3-b065-e7bf5c01743b: 474 datasets; 5.3 s; peak memory 1174 MiB.
2026-10-07T19:41:27Z INFO [428/750] 6187972f-0c5d-41eb-85c9-504cebb5b5c7: 280 datasets; 261.8 s; peak memory 1174 MiB.
2026-10-07T19:41:28Z INFO [429/750] 6188582b-f558-4a19-a1f4-2222c722bde5: 51 datasets; 1.8 s; peak memory 1174 MiB.
2026-10-07T19:41:29Z INFO [430/750] 618925aa-bd9b-4bd0-8c65-82858e43f438: 48 datasets; 1.0 s; peak memory 1174 MiB.
2026-10-07T19:41:35Z INFO [431/750] 618bac14-f229-4b10-aa1f-ee42b54c55e5: 729 datasets; 6.0 s; peak memory 1174 MiB.
2026-10-07T19:41:38Z INFO [432/750] 618c2d15-648a-4480-92a4-172c41a66e0f: 118 datasets; 2.7 s; peak memory 1174 MiB.
2026-10-07T19:41:40Z INFO [433/750] 618c6ec7-a44e-4028-bc2d-be277ba51e1c: 117 datasets; 1.4 s; peak memory 1174 MiB.
2026-10-07T19:41:41Z INFO [434/750] 618ca364-2d50-4c26-a73a-d66a6150828d: 48 datasets; 1.0 s; peak memory 1174 MiB.
2026-10-07T19:41:41Z INFO [435/750] 618e67ef-2cd5-4522-8313-cb7e36f79521: 46 datasets; 0.7 s; peak memory 1174 MiB.
2026-10-07T19:41:44Z INFO [436/750] 618e8f9c-d33d-4805-bf0c-36df91f99093: 152 datasets; 2.7 s; peak memory 1174 MiB.
2026-10-07T19:41:45Z INFO [437/750] 61902f57-54d7-4a20-bcf7-cbcda7a7eea0: 112 datasets; 1.4 s; peak memory 1174 MiB.
2026-10-07T19:41:46Z INFO [438/750] 6190b591-8a58-4d62-9bb3-475e8987b483: 39 datasets; 1.0 s; peak memory 1174 MiB.
2026-10-07T19:41:47Z INFO [439/750] 6190ceca-a043-4817-8a60-e58fece3c11a: 46 datasets; 0.8 s; peak memory 1174 MiB.
2026-10-07T19:41:48Z INFO [440/750] 61910c94-5082-4eac-8854-8d7e9d1a68c2: 36 datasets; 0.8 s; peak memory 1174 MiB.
2026-10-07T19:41:49Z INFO [441/750] 61912f49-1e9b-47af-9e07-31d7b3177ca4: 48 datasets; 1.1 s; peak memory 1174 MiB.
2026-10-07T19:41:50Z INFO [442/750] 61917471-4095-4c69-bbf6-6f227aa85a71: 48 datasets; 1.1 s; peak memory 1174 MiB.
2026-10-07T19:41:52Z INFO [443/750] 6191c3c0-a184-4443-8134-1099094ab6b2: 112 datasets; 1.4 s; peak memory 1174 MiB.
2026-10-07T19:41:52Z INFO [444/750] 61921253-c994-48b6-8235-a7d21b00831b: 48 datasets; 0.9 s; peak memory 1174 MiB.
2026-10-07T19:41:53Z INFO [445/750] 619245a4-d5a9-4158-b503-27b0c43e8c55: 46 datasets; 1.0 s; peak memory 1174 MiB.
2026-10-07T19:41:54Z INFO [446/750] 6192daf4-9e6f-4d88-b055-b674665c40a8: 48 datasets; 1.0 s; peak memory 1174 MiB.
2026-10-07T19:41:56Z INFO [447/750] 6193315d-c026-4f69-a15d-5a43e28fb019: 59 datasets; 1.4 s; peak memory 1174 MiB.
2026-10-07T19:41:57Z INFO [448/750] 61936f2d-e652-4ed6-8ca5-3f98057210c0: 52 datasets; 1.1 s; peak memory 1174 MiB.
2026-10-07T19:41:58Z INFO [449/750] 61940f65-511c-44c5-b2c1-43445d950d5e: 49 datasets; 1.2 s; peak memory 1174 MiB.
2026-10-07T19:41:59Z INFO [450/750] 619474ed-3076-4853-9d91-231435d4f6fe: 48 datasets; 1.1 s; peak memory 1174 MiB.
2026-10-07T19:41:59Z INFO [450/750] 619474ed-3076-4853-9d91-231435d4f6fe: checkpointed 94035 records.
2026-10-07T19:44:15Z INFO [451/750] 6194f818-c9d1-4f18-ac61-fb4f2e9c3dd2: 167 datasets; 136.2 s; peak memory 1174 MiB.
2026-10-07T19:44:23Z INFO [452/750] 6195cce3-a9b5-4275-81bf-4412a3a0dc1a: 56 datasets; 7.2 s; peak memory 1174 MiB.
2026-10-07T19:44:24Z INFO [453/750] 6195e5d7-1d2b-485e-9be4-2225461d7ffe: 112 datasets; 1.6 s; peak memory 1174 MiB.
2026-10-07T19:44:25Z INFO [454/750] 619621b2-b7f8-4670-960a-8f7de3023585: 118 datasets; 1.1 s; peak memory 1174 MiB.
2026-10-07T19:44:27Z INFO [455/750] 619790a1-c18f-4b02-b804-8c8002c48138: 112 datasets; 1.6 s; peak memory 1174 MiB.
2026-10-07T19:44:28Z INFO [456/750] 6198403e-9c7a-4fcd-b780-89f5febc6f1e: 48 datasets; 1.1 s; peak memory 1174 MiB.
2026-10-07T19:44:29Z INFO [457/750] 61987e81-5246-4ff4-96e0-5a86f794e19d: 117 datasets; 1.2 s; peak memory 1174 MiB.
2026-10-07T19:44:32Z INFO [458/750] 6198c609-0d49-464f-bf35-e0ab710be790: 84 datasets; 2.8 s; peak memory 1174 MiB.
2026-10-07T19:44:33Z INFO [459/750] 6199019c-8cec-446a-beca-3e2cdb45103b: 38 datasets; 0.9 s; peak memory 1174 MiB.
2026-10-07T19:44:34Z INFO [460/750] 619a43aa-0861-4114-a6f6-7c3a07439fa4: 48 datasets; 1.3 s; peak memory 1174 MiB.
2026-10-07T19:44:35Z INFO [461/750] 619a55ce-254f-46b2-985f-588fbe4e6a71: 117 datasets; 1.1 s; peak memory 1174 MiB.
2026-10-07T19:44:36Z INFO [462/750] 619cad95-07bb-4d35-8e72-65d868716bc9: 121 datasets; 1.0 s; peak memory 1174 MiB.
2026-10-07T19:44:38Z INFO [463/750] 619cbe80-f8e3-449a-b353-7304a00c174e: 117 datasets; 1.2 s; peak memory 1174 MiB.
2026-10-07T19:44:39Z INFO [464/750] 619d4410-3b18-428d-a6bf-c434b38ee953: 48 datasets; 1.0 s; peak memory 1174 MiB.
2026-10-07T19:44:40Z INFO [465/750] 619e0792-005e-40a8-abde-2457e42d680b: 275 datasets; 1.4 s; peak memory 1174 MiB.
2026-10-07T19:44:41Z INFO [466/750] 619e2ec8-5de7-447b-9c4e-aa98c05971c6: 48 datasets; 1.1 s; peak memory 1174 MiB.
2026-10-07T19:44:43Z INFO [467/750] 619eb28b-5079-412f-a301-65821f0a694b: 119 datasets; 2.0 s; peak memory 1174 MiB.
2026-10-07T19:44:45Z INFO [468/750] 619f5d9b-190d-481e-bb5b-6f66184c128a: 79 datasets; 1.5 s; peak memory 1174 MiB.
2026-10-07T19:44:46Z INFO [469/750] 619f5ea5-9390-4815-a7ee-684a1b545ebb: 48 datasets; 1.1 s; peak memory 1174 MiB.
2026-10-07T19:44:47Z INFO [470/750] 61a026e0-c207-472d-b035-46938554b875: 112 datasets; 1.5 s; peak memory 1174 MiB.
2026-10-07T19:44:48Z INFO [471/750] 61a0da9d-35f7-49e0-800e-cdcba8a517e2: 62 datasets; 1.0 s; peak memory 1174 MiB.
2026-10-07T19:44:50Z INFO [472/750] 61a1df34-4f96-4bc2-aaf5-396b56679d5e: 119 datasets; 2.1 s; peak memory 1174 MiB.
2026-10-07T19:47:07Z INFO [473/750] 61a39611-7058-4626-a7a4-63930e785e82: 190 datasets; 136.7 s; peak memory 1174 MiB.
2026-10-07T19:47:08Z INFO [474/750] 61a4dac2-5f9c-4253-aef9-18f9b520361e: 118 datasets; 1.3 s; peak memory 1174 MiB.
2026-10-07T19:47:10Z INFO [475/750] 61a5007c-d524-479f-8f4c-7c52fc099af2: 49 datasets; 1.3 s; peak memory 1174 MiB.
2026-10-07T19:47:11Z INFO [476/750] 61a68f93-9b9c-408b-bff9-f774f5c23044: 110 datasets; 1.6 s; peak memory 1174 MiB.
2026-10-07T19:47:12Z INFO [477/750] 61a6cb60-b627-4c0b-bea1-3c691f235a3f: 48 datasets; 1.1 s; peak memory 1174 MiB.
2026-10-07T19:47:28Z INFO [478/750] 61a6dd3f-3c78-4ba3-9603-8dfa7c19eef1: 273 datasets; 15.9 s; peak memory 1174 MiB.
2026-10-07T19:47:30Z INFO [479/750] 61a6f9ed-9ce6-4406-80ae-e19818a81239: 76 datasets; 1.9 s; peak memory 1174 MiB.
2026-10-07T19:47:31Z INFO [480/750] 61a7d00f-da99-4406-b8b8-692830d368d3: 48 datasets; 1.0 s; peak memory 1174 MiB.
2026-10-07T19:47:33Z INFO [481/750] 61a87328-57fc-4ba5-915d-95c79344d15b: 69 datasets; 1.4 s; peak memory 1174 MiB.
2026-10-07T19:47:34Z INFO [482/750] 61a8e26a-1cd8-48f6-a7be-42f365248fa3: 45 datasets; 1.6 s; peak memory 1174 MiB.
2026-10-07T19:47:36Z INFO [483/750] 61a9117e-44bf-43dc-aee1-f2f29b02fb74: 78 datasets; 1.9 s; peak memory 1174 MiB.
2026-10-07T19:47:37Z INFO [484/750] 61a956b3-6c77-4eb2-b60f-f0b5058a55cb: 66 datasets; 1.4 s; peak memory 1174 MiB.
2026-10-07T19:47:39Z INFO [485/750] 61aa664e-f83e-472a-84e4-806ba3b3af49: 71 datasets; 1.6 s; peak memory 1174 MiB.
2026-10-07T19:47:44Z INFO [486/750] 61ac0b5d-397c-4372-8f03-e188fb001efa: 174 datasets; 5.3 s; peak memory 1174 MiB.
2026-10-07T19:47:46Z INFO [487/750] 61ac3831-d352-4ebb-a178-fee6260ae460: 66 datasets; 1.3 s; peak memory 1174 MiB.
2026-10-07T19:47:55Z INFO [488/750] 61ad8e00-ee0b-46fa-a534-901aa7b01dc8: 822 datasets; 9.1 s; peak memory 1174 MiB.
2026-10-07T19:47:56Z INFO [489/750] 61adc893-f069-4a64-903d-0ccdee0361ad: 112 datasets; 1.7 s; peak memory 1174 MiB.
2026-10-07T19:47:58Z INFO [490/750] 61ae0f1f-9882-4251-8249-f4c319ac40a5: 112 datasets; 1.5 s; peak memory 1174 MiB.
2026-10-07T19:48:01Z INFO [491/750] 61ae1e43-60bb-423b-8ce0-268fd29fb047: 88 datasets; 3.3 s; peak memory 1174 MiB.
2026-10-07T19:48:02Z INFO [492/750] 61af0512-5454-49ae-b3e7-8511a9ca0cea: 48 datasets; 1.1 s; peak memory 1174 MiB.
2026-10-07T19:48:03Z INFO [493/750] 61af5a5e-6e7e-4845-a565-d04b43d0aba9: 48 datasets; 1.2 s; peak memory 1174 MiB.
2026-10-07T19:48:22Z INFO [494/750] 61af65f4-6df4-4b04-8121-c1b51d20036b: 522 datasets; 18.8 s; peak memory 1174 MiB.
2026-10-07T19:48:24Z INFO [495/750] 61b0ce3a-7409-47cf-b3ef-e51301234d30: 118 datasets; 1.3 s; peak memory 1174 MiB.
2026-10-07T19:48:25Z INFO [496/750] 61b0f851-07c4-4307-95bb-c96cef81c5a8: 112 datasets; 1.5 s; peak memory 1174 MiB.
2026-10-07T19:48:27Z INFO [497/750] 61b1478b-71ee-4e78-a602-63c59a91da14: 71 datasets; 1.7 s; peak memory 1174 MiB.
2026-10-07T19:48:28Z INFO [498/750] 61b1ad6b-f27f-49a6-994d-f49e4c28d779: 48 datasets; 1.1 s; peak memory 1174 MiB.
2026-10-07T19:48:29Z INFO [499/750] 61b2236f-4629-4323-8f77-de56a9afd4cf: 45 datasets; 1.5 s; peak memory 1174 MiB.
2026-10-07T19:48:33Z INFO [500/750] 61b25beb-3367-4076-b0ec-795ba9809d38: 184 datasets; 3.6 s; peak memory 1174 MiB.
2026-10-07T19:48:33Z INFO [500/750] 61b25beb-3367-4076-b0ec-795ba9809d38: checkpointed 94085 records.
2026-10-07T19:48:34Z INFO [501/750] 61b26140-c79d-4af2-8d6b-5f32581944b5: 56 datasets; 0.7 s; peak memory 1174 MiB.
2026-10-07T19:48:35Z INFO [502/750] 61b60b33-cdec-4e00-b4e6-3865ceceeda8: 46 datasets; 0.8 s; peak memory 1174 MiB.
2026-10-07T19:48:36Z INFO [503/750] 61b6c1e3-8476-4a18-84bc-0331b0da8e0f: 117 datasets; 1.3 s; peak memory 1174 MiB.
2026-10-07T19:48:37Z INFO [504/750] 61b76f3e-e7f6-40c0-9c03-d536c952f01a: 118 datasets; 1.3 s; peak memory 1174 MiB.
2026-10-07T19:48:38Z INFO [505/750] 61b8df42-daee-4db3-b531-4f31bdf6c3e6: 48 datasets; 1.0 s; peak memory 1174 MiB.
2026-10-07T19:48:41Z INFO [506/750] 61b97a26-2c35-4dc1-9661-5169d91cc54c: 156 datasets; 2.8 s; peak memory 1174 MiB.
2026-10-07T19:48:47Z INFO [507/750] 61b9dfe7-38e6-4ec0-86ef-a4700a836666: 772 datasets; 6.2 s; peak memory 1174 MiB.
2026-10-07T19:48:48Z INFO [508/750] 61baa085-f7ad-4b7b-94fc-7091eec0b1b7: 61 datasets; 1.0 s; peak memory 1174 MiB.
2026-10-07T19:48:50Z INFO [509/750] 61bb41fc-06f2-4f0d-aa44-7979be07faaa: 289 datasets; 1.4 s; peak memory 1174 MiB.
2026-10-07T19:48:51Z INFO [510/750] 61bb79c6-4fbc-40ea-88cb-ead8540acfd3: 121 datasets; 1.1 s; peak memory 1174 MiB.
2026-10-07T19:48:52Z INFO [511/750] 61bc09d8-f885-42c8-ae7c-c2c0e5593179: 113 datasets; 1.5 s; peak memory 1174 MiB.
2026-10-07T19:48:54Z INFO [512/750] 61bd3961-a46f-4897-84d9-f2add1500819: 71 datasets; 1.5 s; peak memory 1174 MiB.
2026-10-07T19:48:55Z INFO [513/750] 61bd9c7a-d6bc-4f50-80b4-3a2d88f3032a: 48 datasets; 1.0 s; peak memory 1174 MiB.
2026-10-07T19:48:57Z INFO [514/750] 61be8336-08d5-4c2a-a365-6862ba678243: 115 datasets; 2.1 s; peak memory 1174 MiB.
2026-10-07T19:48:58Z INFO [515/750] 61be8c40-fb15-4fa7-967c-1f822f192099: 118 datasets; 1.3 s; peak memory 1174 MiB.
2026-10-07T20:20:29Z INFO [516/750] 61becbe5-fa15-424f-af1c-09857671415f: 251 datasets; 1891.2 s; peak memory 1215 MiB.
2026-10-07T20:20:38Z INFO [517/750] 61bf0ed6-e829-457f-bd44-6110001bd759: 577 datasets; 8.8 s; peak memory 1215 MiB.
2026-10-07T20:20:40Z INFO [518/750] 61bf1e32-c4ce-4403-8a4f-ff52549bcdb6: 115 datasets; 2.2 s; peak memory 1215 MiB.
2026-10-07T20:20:50Z INFO [519/750] 61bf32f1-6dc7-4f2d-a937-dedc186088df: 11477 datasets; 9.1 s; peak memory 1215 MiB.
2026-10-07T20:20:50Z INFO [520/750] 61bfe2e4-0bf1-490b-9a11-d378adfe680d: 45 datasets; 0.8 s; peak memory 1215 MiB.
2026-10-07T20:20:51Z INFO [521/750] 61c029b9-5ca1-49da-a11d-a6fa0685c554: 47 datasets; 0.9 s; peak memory 1215 MiB.
2026-10-07T20:20:52Z INFO [522/750] 61c18799-3fac-4be8-98a1-8baf492b2d21: 48 datasets; 1.1 s; peak memory 1215 MiB.
2026-10-07T20:20:54Z INFO [523/750] 61c28748-39ab-4021-8acc-bba2799a66dc: 117 datasets; 1.3 s; peak memory 1215 MiB.
2026-10-07T20:20:55Z INFO [524/750] 61c33392-2c5f-4c2f-9d23-a458f5fcb686: 38 datasets; 0.9 s; peak memory 1215 MiB.
2026-10-07T20:20:56Z INFO [525/750] 61c34bc4-4e18-4ad3-bcbc-e8d67c07d4bf: 48 datasets; 1.2 s; peak memory 1215 MiB.
2026-10-07T20:20:58Z INFO [526/750] 61c3ee8c-5e4d-4bd4-9e79-ad557777b4f4: 168 datasets; 2.4 s; peak memory 1215 MiB.
2026-10-07T20:20:59Z INFO [527/750] 61c40f93-fe13-4010-8683-268704fdf7f2: 42 datasets; 1.2 s; peak memory 1215 MiB.
2026-10-07T20:21:00Z INFO [528/750] 61c4c1f3-a1e2-4982-ba89-5b781e55c8d7: 48 datasets; 1.0 s; peak memory 1215 MiB.
2026-10-07T20:21:02Z INFO [529/750] 61c5d3c1-c0a6-4a58-a6c7-d8e85621401b: 117 datasets; 1.2 s; peak memory 1215 MiB.
2026-10-07T20:21:09Z INFO [530/750] 61c636cb-0bc6-4a23-84b3-f5ece2f8def5: 300 datasets; 7.3 s; peak memory 1215 MiB.
2026-10-07T20:21:10Z INFO [531/750] 61c6939a-b2b9-4a23-9ad6-cecd8abb6cc1: 118 datasets; 1.2 s; peak memory 1215 MiB.
2026-10-07T20:21:11Z INFO [532/750] 61c6c587-a45a-4a97-899f-6bf513f0fa71: 39 datasets; 0.9 s; peak memory 1215 MiB.
2026-10-07T20:21:12Z INFO [533/750] 61c6ee4c-5095-4402-a8de-8efaa727cf65: 48 datasets; 1.2 s; peak memory 1215 MiB.
2026-10-07T20:21:13Z INFO [534/750] 61c749f1-540c-4ec9-833d-a109ff6b4aa8: 48 datasets; 1.1 s; peak memory 1215 MiB.
2026-10-07T20:21:15Z INFO [535/750] 61c92bdd-200a-4798-977e-365e91295563: 66 datasets; 1.3 s; peak memory 1215 MiB.
2026-10-07T20:21:17Z INFO [536/750] 61ca9c22-5eac-44de-b4d6-036389ba7750: 71 datasets; 2.0 s; peak memory 1215 MiB.
2026-10-07T20:21:19Z INFO [537/750] 61cb655e-bc1d-4425-9148-cdd5c95f4f3b: 154 datasets; 2.4 s; peak memory 1215 MiB.
2026-10-07T20:21:20Z INFO [538/750] 61cb74b3-1647-45ef-8623-f1a7e1d1f2a1: 65 datasets; 1.3 s; peak memory 1215 MiB.
2026-10-07T20:21:22Z INFO [539/750] 61cb8c87-6d00-4ebe-b8f9-a3ff847f0dc1: 118 datasets; 1.3 s; peak memory 1215 MiB.
2026-10-07T20:21:23Z INFO [540/750] 61ccb55b-f7ba-43e3-b5b0-2e2ca5465eea: 48 datasets; 1.0 s; peak memory 1215 MiB.
2026-10-07T20:21:24Z INFO [541/750] 61ccbdf5-1cc1-4f95-aba7-3fda503f3462: 59 datasets; 1.3 s; peak memory 1215 MiB.
2026-10-07T20:21:25Z INFO [542/750] 61cd459d-f9df-46e7-b090-810c7e3bbb88: 48 datasets; 1.2 s; peak memory 1215 MiB.
2026-10-07T20:21:36Z INFO [543/750] 61cd4a21-4bcd-4dd1-9106-e0021742cc46: 410 datasets; 10.6 s; peak memory 1215 MiB.
2026-10-07T20:21:37Z INFO [544/750] 61cd61b6-117f-467c-9771-9a8bfad11afe: 116 datasets; 1.2 s; peak memory 1215 MiB.
2026-10-07T20:21:50Z INFO [545/750] 61ce17ed-c482-4969-8b12-ef1fd7ab5ab2: 326 datasets; 13.2 s; peak memory 1215 MiB.
2026-10-07T20:21:52Z INFO [546/750] 61cef264-be15-4aed-ad00-ee9f4b7a8ae2: 112 datasets; 1.5 s; peak memory 1215 MiB.
2026-10-07T20:22:04Z INFO [547/750] 61cfa74b-d784-4251-8b74-21224b9ceae7: 41 datasets; 12.4 s; peak memory 1215 MiB.
2026-10-07T20:22:05Z INFO [548/750] 61d03241-d94b-4d6e-940a-9a7be3457bf1: 68 datasets; 1.5 s; peak memory 1215 MiB.
2026-10-07T20:22:07Z INFO [549/750] 61d2258a-8d46-4a05-bac1-e65f73a29a38: 62 datasets; 1.1 s; peak memory 1215 MiB.
2026-10-07T20:22:07Z INFO [550/750] 61d308d0-e1c1-4138-bc1a-1857f89bb9b3: 46 datasets; 0.8 s; peak memory 1215 MiB.
2026-10-07T20:22:08Z INFO [550/750] 61d308d0-e1c1-4138-bc1a-1857f89bb9b3: checkpointed 94135 records.
2026-10-07T20:22:10Z INFO [551/750] 61d423b4-1f43-421b-8677-2935f5a5636b: 73 datasets; 2.4 s; peak memory 1215 MiB.
2026-10-07T20:22:11Z INFO [552/750] 61d48d71-3d69-4c32-9669-8a311834b51a: 84 datasets; 1.0 s; peak memory 1215 MiB.
2026-10-07T20:22:12Z INFO [553/750] 61d4b98b-8fca-48f7-baa3-cc9e1750fc7d: 118 datasets; 1.3 s; peak memory 1215 MiB.
2026-10-07T20:22:13Z INFO [554/750] 61d4d802-b8b7-4a72-9f47-fba5182f3cf0: 85 datasets; 1.1 s; peak memory 1215 MiB.
2026-10-07T20:22:15Z INFO [555/750] 61d502ce-cdf7-4e0c-9630-a95032436b2b: 110 datasets; 1.5 s; peak memory 1215 MiB.
2026-10-07T20:22:16Z INFO [556/750] 61d51aed-d336-4fb4-a34d-491564714c7d: 117 datasets; 1.1 s; peak memory 1215 MiB.
2026-10-07T20:22:26Z INFO [557/750] 61d5428e-6638-41cb-abb5-a3337dc0f0da: 963 datasets; 10.4 s; peak memory 1215 MiB.
2026-10-07T20:22:28Z INFO [558/750] 61d63e2c-9679-445a-b841-a90afe0f225c: 110 datasets; 1.5 s; peak memory 1215 MiB.
2026-10-07T20:22:29Z INFO [559/750] 61d7a5dd-c254-4cdd-b87a-8c1182be6451: 66 datasets; 1.4 s; peak memory 1215 MiB.
2026-10-07T20:22:43Z INFO [560/750] 61d8b680-eed9-4a99-a545-ff90fc9c6687: 432 datasets; 13.8 s; peak memory 1215 MiB.
2026-10-07T20:22:51Z INFO [561/750] 61d9cf5d-79e0-46ea-9095-bae80d91a685: 513 datasets; 7.7 s; peak memory 1215 MiB.
2026-10-07T20:22:53Z INFO [562/750] 61da32cb-4589-4377-baae-c415d36c683c: 64 datasets; 1.9 s; peak memory 1215 MiB.
2026-10-07T20:22:55Z INFO [563/750] 61da70a6-3726-4b9a-b9a7-2f24ecb325b8: 79 datasets; 2.1 s; peak memory 1215 MiB.
2026-10-07T20:22:56Z INFO [564/750] 61dae4fb-b7ae-4134-ba54-e21dd2439c69: 110 datasets; 1.6 s; peak memory 1215 MiB.
2026-10-07T20:22:58Z INFO [565/750] 61dc1fff-182f-4d04-bbb7-b563857a2681: 78 datasets; 1.7 s; peak memory 1215 MiB.
2026-10-07T20:22:59Z INFO [566/750] 61dc355b-1f5d-4294-9ef1-0d08aaee1fd8: 48 datasets; 1.0 s; peak memory 1215 MiB.
2026-10-07T20:23:09Z INFO [567/750] 61dd7501-0c61-4568-a37e-90b587a48ad5: 410 datasets; 10.2 s; peak memory 1215 MiB.
2026-10-07T20:23:10Z INFO [568/750] 61de9090-20d9-4ab5-b63b-3359ed9650d5: 46 datasets; 1.1 s; peak memory 1215 MiB.
2026-10-07T20:23:11Z INFO [569/750] 61df771c-7519-4566-a346-75ace9d8587f: 48 datasets; 1.2 s; peak memory 1215 MiB.
2026-10-07T20:23:13Z INFO [570/750] 61e11435-1206-4025-a2db-55faf12db28e: 48 datasets; 1.1 s; peak memory 1215 MiB.
2026-10-07T20:23:14Z INFO [571/750] 61e12f5a-7e09-40c0-bc49-b3189863d63d: 48 datasets; 1.2 s; peak memory 1215 MiB.
2026-10-07T20:23:15Z INFO [572/750] 61e19e8d-6683-44da-9bbb-0db110e2acc3: 50 datasets; 0.9 s; peak memory 1215 MiB.
2026-10-07T20:23:16Z INFO [573/750] 61e23bda-a479-4e17-8969-287537c75980: 66 datasets; 1.3 s; peak memory 1215 MiB.
2026-10-07T20:23:17Z INFO [574/750] 61e2b845-65b8-4a6f-a0a0-11f0c48c1c1c: 48 datasets; 1.2 s; peak memory 1215 MiB.
2026-10-07T20:23:18Z INFO [575/750] 61e31a4d-9fe8-4042-b9c6-39baa76dcca9: 48 datasets; 1.1 s; peak memory 1215 MiB.
2026-10-07T20:23:24Z INFO [576/750] 61e490fd-d5a3-44be-9247-7695e94274d8: 537 datasets; 5.4 s; peak memory 1215 MiB.
2026-10-07T20:23:29Z INFO [577/750] 61e4b010-72f1-4e97-a55f-264aeb5e5c94: 538 datasets; 4.9 s; peak memory 1215 MiB.
2026-10-07T20:23:30Z INFO [578/750] 61e56516-0a2d-4571-b0dd-7be1321a0cff: 110 datasets; 1.6 s; peak memory 1215 MiB.
2026-10-07T20:23:31Z INFO [579/750] 61e60ef5-2294-457b-9f8f-ce6d4eb28b1f: 117 datasets; 1.1 s; peak memory 1215 MiB.
2026-10-07T20:23:32Z INFO [580/750] 61e67d34-b62b-4685-9293-fe1a875a9297: 46 datasets; 0.8 s; peak memory 1215 MiB.
2026-10-07T20:23:33Z INFO [581/750] 61e6bc44-5f41-4b78-ba53-bfd0eaa92b2b: 48 datasets; 1.0 s; peak memory 1215 MiB.
2026-10-07T20:23:39Z INFO [582/750] 61e73dab-a9b0-48ae-ae31-27f033723588: 725 datasets; 6.0 s; peak memory 1215 MiB.
2026-10-07T20:24:28Z INFO [583/750] 61e7447b-5307-4e8c-b245-10d0e56008e5: 4426 datasets; 48.7 s; peak memory 1215 MiB.
2026-10-07T20:24:29Z INFO [584/750] 61e79f1f-41e7-4e11-a2f3-325b39da28bd: 57 datasets; 0.9 s; peak memory 1215 MiB.
2026-10-07T20:24:30Z INFO [585/750] 61e8231e-59b2-4e8c-a50d-8f58200a294b: 48 datasets; 1.1 s; peak memory 1215 MiB.
2026-10-07T20:24:31Z INFO [586/750] 61e8a562-dd8e-499c-a703-940a12bfa287: 46 datasets; 1.0 s; peak memory 1215 MiB.
2026-10-07T20:24:32Z INFO [587/750] 61e91d3e-0012-4755-8c5d-aaff1f542d4a: 46 datasets; 1.0 s; peak memory 1215 MiB.
2026-10-07T20:24:38Z INFO [588/750] 61e97e1f-0f18-4583-9ef9-581423d4e095: 749 datasets; 6.6 s; peak memory 1215 MiB.
2026-10-07T20:24:40Z INFO [589/750] 61e9e750-a629-4c4b-b350-51ccb27a05de: 64 datasets; 1.6 s; peak memory 1215 MiB.
2026-10-07T20:28:38Z INFO [590/750] 61e9fd59-0042-4109-a8db-50e2b4b9f612: 34937 datasets; 238.4 s; peak memory 1215 MiB.
2026-10-07T20:28:40Z INFO [591/750] 61ea0120-8cea-4939-871e-1b824ae917ec: 68 datasets; 1.2 s; peak memory 1215 MiB.
2026-10-07T20:28:42Z INFO [592/750] 61ea4768-1299-483e-b9ed-f24a8cec050b: 152 datasets; 2.2 s; peak memory 1215 MiB.
2026-10-07T20:28:44Z INFO [593/750] 61eb4393-3c1c-42c0-812f-d98af540f0b6: 71 datasets; 2.0 s; peak memory 1215 MiB.
2026-10-07T20:28:45Z INFO [594/750] 61eb4574-9d7f-4033-986f-8631d8a6621c: 48 datasets; 1.1 s; peak memory 1215 MiB.
2026-10-07T20:28:46Z INFO [595/750] 61ec627e-75de-4980-9bbd-7f0ef01abb6b: 46 datasets; 1.0 s; peak memory 1215 MiB.
2026-10-07T20:28:47Z INFO [596/750] 61ee3886-cc05-40f2-a9e2-19058a466d4a: 48 datasets; 1.1 s; peak memory 1215 MiB.
2026-10-07T20:28:48Z INFO [597/750] 61ee49f9-31b3-4fd4-a243-0b50371a4afe: 112 datasets; 1.4 s; peak memory 1215 MiB.
2026-10-07T20:28:50Z INFO [598/750] 61eed0ad-2091-459b-b2c1-4199c95d819b: 48 datasets; 1.3 s; peak memory 1215 MiB.
2026-10-07T20:28:51Z INFO [599/750] 61efb36a-f84a-4e5a-a8ad-2d22bdb7491b: 112 datasets; 1.2 s; peak memory 1215 MiB.
2026-10-07T20:28:52Z INFO [600/750] 61efe845-92a0-4d78-9860-fde4fc60e9bc: 48 datasets; 1.1 s; peak memory 1215 MiB.
2026-10-07T20:28:52Z INFO [600/750] 61efe845-92a0-4d78-9860-fde4fc60e9bc: checkpointed 94185 records.
2026-10-07T20:28:53Z INFO [601/750] 61f18b2b-36d6-4d9e-bf1d-b07798183f85: 48 datasets; 1.1 s; peak memory 1215 MiB.
2026-10-07T20:28:54Z INFO [602/750] 61f1932b-ab94-4230-947f-8be6079345fb: 48 datasets; 1.1 s; peak memory 1215 MiB.
2026-10-07T20:28:55Z INFO [603/750] 61f1fd6c-9be0-4e71-a049-abb5c7abbe52: 48 datasets; 1.1 s; peak memory 1215 MiB.
2026-10-07T20:28:57Z INFO [604/750] 61f239f4-c7a7-42a0-809c-1faf918de237: 70 datasets; 1.6 s; peak memory 1215 MiB.
2026-10-07T20:28:58Z INFO [605/750] 61f33a52-e232-45fd-9e3d-8c82712d0893: 52 datasets; 1.1 s; peak memory 1215 MiB.
2026-10-07T20:28:59Z INFO [606/750] 61f3f120-23dc-42de-b14d-60827d56bb71: 48 datasets; 1.1 s; peak memory 1215 MiB.
2026-10-07T20:29:00Z INFO [607/750] 61f3f519-61bf-4e02-aded-422880c62162: 48 datasets; 1.0 s; peak memory 1215 MiB.
2026-10-07T20:29:28Z INFO [608/750] 61f453f6-b1f5-4618-b5ca-73df7b93e657: 36 datasets; 28.4 s; peak memory 1215 MiB.
2026-10-07T20:29:31Z INFO [609/750] 61f4a39a-b29b-4b11-bdd8-5a1a413f4948: 90 datasets; 2.5 s; peak memory 1215 MiB.
2026-10-07T20:29:32Z INFO [610/750] 61f51c0c-1460-4d9b-a3d1-8df3c02008e2: 48 datasets; 1.0 s; peak memory 1215 MiB.
2026-10-07T20:29:35Z INFO [611/750] 61f6979a-bd8a-4612-8a41-ad683612608d: 85 datasets; 3.0 s; peak memory 1215 MiB.
2026-10-07T20:29:37Z INFO [612/750] 61f6b884-41aa-42ef-b981-63008288c2e1: 110 datasets; 1.7 s; peak memory 1215 MiB.
2026-10-07T20:32:19Z INFO [613/750] 61f82c38-9ee2-4f6c-8001-9dff0a922d4d: 414 datasets; 162.3 s; peak memory 1215 MiB.
2026-10-07T20:32:20Z INFO [614/750] 61f8a721-1831-4bab-b19b-431c8612fc56: 48 datasets; 1.2 s; peak memory 1215 MiB.
2026-10-07T20:32:21Z INFO [615/750] 61f93cee-0eb6-4c7b-bc52-5ef2f8223030: 48 datasets; 1.1 s; peak memory 1215 MiB.
2026-10-07T20:32:22Z INFO [616/750] 61f97de2-8e85-4540-be61-a9cdee1f2d18: 46 datasets; 0.9 s; peak memory 1215 MiB.
2026-10-07T20:32:32Z INFO [617/750] 61f9d547-9565-420c-8791-4fa703031588: 11477 datasets; 9.4 s; peak memory 1215 MiB.
2026-10-07T20:32:34Z INFO [618/750] 61fa05ca-baf9-4a87-96df-5c67b2b50ab8: 71 datasets; 2.4 s; peak memory 1215 MiB.
2026-10-07T20:32:38Z INFO [619/750] 61fa5c57-e589-4049-9ed3-59c3ce3d3a78: 84 datasets; 3.7 s; peak memory 1215 MiB.
2026-10-07T20:32:39Z INFO [620/750] 61fb1b1e-fe41-40ad-abc5-38a4c27e9ef9: 48 datasets; 1.3 s; peak memory 1215 MiB.
2026-10-07T20:32:42Z INFO [621/750] 61fbcc5f-8250-454b-824b-b58e2dd4a658: 156 datasets; 3.2 s; peak memory 1215 MiB.
2026-10-07T20:32:43Z INFO [622/750] 61fde375-2194-4847-905a-e123aebce04f: 48 datasets; 1.0 s; peak memory 1215 MiB.
2026-10-07T20:32:44Z INFO [623/750] 61fe14e9-0003-4e00-bfcd-ea60c75b79bf: 57 datasets; 0.8 s; peak memory 1215 MiB.
2026-10-07T20:32:47Z INFO [624/750] 61fe35ee-01a9-4cad-be23-6862d11b1046: 115 datasets; 2.7 s; peak memory 1215 MiB.
2026-10-07T20:32:48Z INFO [625/750] 62004a7e-814e-4b06-b2c5-5bbcebac6da4: 62 datasets; 1.5 s; peak memory 1215 MiB.
2026-10-07T20:32:50Z INFO [626/750] 6200df25-5dd6-474f-a182-c16163e6d98c: 48 datasets; 1.2 s; peak memory 1215 MiB.
2026-10-07T20:32:53Z INFO [627/750] 6200f0e6-f32c-4d46-91fa-5a67b8ac4497: 399 datasets; 3.8 s; peak memory 1215 MiB.
2026-10-07T20:35:17Z INFO [628/750] 6201d8b4-0dc9-41a0-9983-51621c79e713: 260 datasets; 143.3 s; peak memory 1215 MiB.
2026-10-07T20:35:18Z INFO [629/750] 62026d27-806d-4723-8c3c-951893d6439f: 48 datasets; 1.2 s; peak memory 1215 MiB.
2026-10-07T20:35:19Z INFO [630/750] 6202e145-867f-4d8c-86b3-4993b1c94e48: 46 datasets; 0.8 s; peak memory 1215 MiB.
2026-10-07T20:35:20Z INFO [631/750] 620307eb-587a-40b6-bc92-d801cd58f212: 117 datasets; 1.2 s; peak memory 1215 MiB.
2026-10-07T20:35:24Z INFO [632/750] 62038f88-0514-4235-96d8-57bb0a7d7d41: 229 datasets; 4.7 s; peak memory 1215 MiB.
2026-10-07T20:35:26Z INFO [633/750] 6203a1a8-f14b-4db2-98ea-a4d29080859f: 69 datasets; 1.4 s; peak memory 1215 MiB.
2026-10-07T20:35:27Z INFO [634/750] 62061916-8204-429a-8043-9d440ca15789: 48 datasets; 1.0 s; peak memory 1215 MiB.
2026-10-07T20:35:43Z INFO [635/750] 62065c22-d21e-45f6-a5db-1d21762d9766: 4508 datasets; 16.0 s; peak memory 1215 MiB.
2026-10-07T20:35:44Z INFO [636/750] 62068c28-54ac-4fb5-a5e8-ee37ce4cdcd3: 112 datasets; 1.4 s; peak memory 1215 MiB.
2026-10-07T20:35:46Z INFO [637/750] 6207c696-fe1b-4776-8186-cfbf5d033223: 48 datasets; 1.3 s; peak memory 1215 MiB.
2026-10-07T20:35:50Z INFO [638/750] 6207ed2c-2ccb-4c77-9c2f-c52db5d3059f: 283 datasets; 4.0 s; peak memory 1215 MiB.
2026-10-07T20:35:51Z INFO [639/750] 62080bf4-4fa6-4780-bb5c-9ab513e727b9: 52 datasets; 1.0 s; peak memory 1215 MiB.
2026-10-07T20:35:52Z INFO [640/750] 62084142-bb35-440c-ab19-23ba8f373ca7: 70 datasets; 1.4 s; peak memory 1215 MiB.
2026-10-07T20:35:53Z INFO [641/750] 620862fb-483e-43f3-a08e-13fcf618cc11: 48 datasets; 1.1 s; peak memory 1215 MiB.
2026-10-07T20:35:55Z INFO [642/750] 62098c99-6303-414e-baea-a73d2d3e2492: 71 datasets; 1.7 s; peak memory 1215 MiB.
2026-10-07T20:36:01Z INFO [643/750] 6209901f-2f3f-4eb6-8664-0b0672b867f7: 256 datasets; 6.0 s; peak memory 1215 MiB.
2026-10-07T20:36:03Z INFO [644/750] 620ad41d-a0c9-4e0a-a0fc-c334887e36b9: 115 datasets; 2.5 s; peak memory 1215 MiB.
2026-10-07T20:36:04Z INFO [645/750] 620b3886-b980-4235-88a1-68bc23fa5547: 79 datasets; 1.2 s; peak memory 1215 MiB.
2026-10-07T20:36:06Z INFO [646/750] 620b3fcc-81eb-4848-8e29-9613aa0624f0: 112 datasets; 1.6 s; peak memory 1215 MiB.
2026-10-07T20:36:09Z INFO [647/750] 620bfa6e-43a1-4c1a-8431-7d98e782b115: 296 datasets; 3.0 s; peak memory 1215 MiB.
2026-10-07T20:36:11Z INFO [648/750] 620c73d3-aae6-44ff-90ad-0b53dc5d5d5f: 66 datasets; 1.6 s; peak memory 1215 MiB.
2026-10-07T20:36:13Z INFO [649/750] 620cd999-2937-4a45-870d-2ae4771b4a01: 117 datasets; 1.9 s; peak memory 1215 MiB.
2026-10-07T20:36:23Z INFO [650/750] 620cf164-2755-43f5-8805-9a6d591685df: 1216 datasets; 10.3 s; peak memory 1215 MiB.
2026-10-07T20:36:23Z INFO [650/750] 620cf164-2755-43f5-8805-9a6d591685df: checkpointed 94235 records.
2026-10-07T20:36:24Z INFO [651/750] 620d18a1-869e-4295-aafe-d3be375088d9: 48 datasets; 1.1 s; peak memory 1215 MiB.
2026-10-07T20:36:32Z INFO [652/750] 620d2019-73a3-47e7-89b8-d36fbe5e89a0: 56 datasets; 7.5 s; peak memory 1215 MiB.
2026-10-07T20:36:34Z INFO [653/750] 620d2ed5-0d86-4fd6-999a-a8bb096408dc: 101 datasets; 2.9 s; peak memory 1215 MiB.
2026-10-07T20:36:36Z INFO [654/750] 620d3b9a-8cd7-4769-8994-9f7b0193ed17: 59 datasets; 1.1 s; peak memory 1215 MiB.
2026-10-07T20:36:37Z INFO [655/750] 620e0472-f739-44bd-bcf6-a30008245731: 113 datasets; 1.3 s; peak memory 1215 MiB.
2026-10-07T20:36:38Z INFO [656/750] 620f635c-bb49-4757-9997-691ffe0b280f: 52 datasets; 1.2 s; peak memory 1215 MiB.
2026-10-07T20:36:40Z INFO [657/750] 62102291-5730-42cd-8612-0d1fffa2560a: 66 datasets; 1.7 s; peak memory 1215 MiB.
2026-10-07T20:36:41Z INFO [658/750] 6210f436-0088-4668-bfd2-899eaf7c37f7: 117 datasets; 1.0 s; peak memory 1215 MiB.
2026-10-07T20:36:49Z INFO [659/750] 62115053-b3cf-42ab-8323-6a07a6a47d20: 606 datasets; 7.7 s; peak memory 1215 MiB.
2026-10-07T20:36:50Z INFO [660/750] 62115969-3033-4b87-aa6b-51b4cf793044: 48 datasets; 1.1 s; peak memory 1215 MiB.
2026-10-07T20:36:52Z INFO [661/750] 6211709b-0187-4d92-9f42-535e0fb8fb52: 77 datasets; 1.9 s; peak memory 1215 MiB.
2026-10-07T20:36:52Z INFO [662/750] 621377d3-bef6-427d-a152-3971fa238f67: 52 datasets; 0.9 s; peak memory 1215 MiB.
2026-10-07T20:36:54Z INFO [663/750] 621383d5-9c49-4cb5-b35f-62040b7b7943: 116 datasets; 1.2 s; peak memory 1215 MiB.
2026-10-07T20:36:56Z INFO [664/750] 6213a812-cbb7-411e-b285-a3719d5525e8: 115 datasets; 2.4 s; peak memory 1215 MiB.
2026-10-07T20:36:57Z INFO [665/750] 6216d918-9f05-4f8f-8335-7fa78ecd80a7: 48 datasets; 1.1 s; peak memory 1215 MiB.
2026-10-07T20:36:58Z INFO [666/750] 6217ba88-af66-4760-8826-ea7fd88af4c2: 116 datasets; 1.0 s; peak memory 1215 MiB.
2026-10-07T20:36:59Z INFO [667/750] 621903e3-6ee0-47d6-b303-eb17cecb4ae9: 46 datasets; 0.8 s; peak memory 1215 MiB.
2026-10-07T20:37:00Z INFO [668/750] 62198835-95d8-4f90-ad74-162f2cc0ebe1: 48 datasets; 1.0 s; peak memory 1215 MiB.
2026-10-07T20:37:09Z INFO [669/750] 621a6f73-2db4-49f8-b1c3-c4a84e1e0d70: 806 datasets; 8.4 s; peak memory 1215 MiB.
2026-10-07T20:37:10Z INFO [670/750] 621a8b9f-6ec0-414b-bf76-8d0f45527871: 118 datasets; 1.1 s; peak memory 1215 MiB.
2026-10-07T20:37:12Z INFO [671/750] 621bcdc3-7308-4793-a072-db7d180e4402: 157 datasets; 2.8 s; peak memory 1215 MiB.
2026-10-07T20:37:14Z INFO [672/750] 621c528d-0ee5-4d04-80ba-b752761bac86: 71 datasets; 1.6 s; peak memory 1215 MiB.
2026-10-07T20:37:17Z INFO [673/750] 621cd51b-393b-4956-8d18-4c44de6efdda: 156 datasets; 2.7 s; peak memory 1215 MiB.
2026-10-07T20:37:18Z INFO [674/750] 621d71cf-e239-40b7-8d2b-98ab74b5744f: 43 datasets; 1.0 s; peak memory 1215 MiB.
2026-10-07T20:37:19Z INFO [675/750] 621dcdcf-8da2-4972-a0bc-08ad2ae26741: 121 datasets; 1.1 s; peak memory 1215 MiB.
2026-10-07T20:37:21Z INFO [676/750] 621df393-f739-4645-be80-7586a5bfe3ec: 38 datasets; 2.0 s; peak memory 1215 MiB.
2026-10-07T20:37:22Z INFO [677/750] 621ed9f0-8e25-464c-bcea-0f96fe678df6: 84 datasets; 1.5 s; peak memory 1215 MiB.
2026-10-07T20:37:24Z INFO [678/750] 621ee849-7c9d-46a7-b50d-fdc009640c2c: 112 datasets; 1.6 s; peak memory 1215 MiB.
2026-10-07T20:37:34Z INFO [679/750] 621f5c37-d7bc-4cb6-8bd7-a712f33aae49: 98 datasets; 10.5 s; peak memory 1215 MiB.
2026-10-07T20:37:37Z INFO [680/750] 621fab42-4fe3-4bf9-b9fc-252f229d9d6c: 38 datasets; 2.3 s; peak memory 1215 MiB.
2026-10-07T20:37:42Z INFO [681/750] 621fd43b-659d-45fc-a13d-c3b4eccf93c7: 538 datasets; 5.7 s; peak memory 1215 MiB.
2026-10-07T20:37:54Z INFO [682/750] 62200c54-ff6a-4037-82e9-f69fa7dd08bc: 4491 datasets; 11.0 s; peak memory 1215 MiB.
2026-10-07T20:37:55Z INFO [683/750] 6220707d-89e8-467e-abd1-b6362f6faf9d: 48 datasets; 1.0 s; peak memory 1215 MiB.
2026-10-07T20:37:56Z INFO [684/750] 62244319-a10b-4431-a836-52c514895a59: 70 datasets; 1.4 s; peak memory 1215 MiB.
2026-10-07T20:37:57Z INFO [685/750] 622446a3-773f-404e-8a56-e1fdc86a0021: 48 datasets; 1.0 s; peak memory 1215 MiB.
2026-10-07T20:39:27Z INFO [686/750] 62246d87-cfe6-4faa-9bae-7eff8eb65d84: 58 datasets; 90.4 s; peak memory 1215 MiB.
2026-10-07T20:39:29Z INFO [687/750] 622510dd-e139-4e49-b04f-f30b8e6e781a: 132 datasets; 1.3 s; peak memory 1215 MiB.
2026-10-07T20:39:29Z INFO [688/750] 62254207-50a6-464c-8bcd-678a3b03449c: 21 datasets; 0.9 s; peak memory 1215 MiB.
2026-10-07T20:39:31Z INFO [689/750] 62263de8-0ec8-488a-8053-4987003cc7dd: 110 datasets; 1.7 s; peak memory 1215 MiB.
2026-10-07T20:39:34Z INFO [690/750] 62265e9e-24d5-41c8-b543-4c64776ff8bb: 152 datasets; 3.0 s; peak memory 1215 MiB.
2026-10-07T20:39:39Z INFO [691/750] 62269582-0edc-4cee-be41-21b75c0f17b9: 522 datasets; 4.4 s; peak memory 1215 MiB.
2026-10-07T20:39:40Z INFO [692/750] 6226a76c-54bb-4ffd-acc0-d2e3c908b0d9: 48 datasets; 1.0 s; peak memory 1215 MiB.
2026-10-07T20:39:46Z INFO [693/750] 6227169c-5e99-4a14-a58e-d540302c0669: 194 datasets; 6.8 s; peak memory 1215 MiB.
2026-10-07T20:39:51Z INFO [694/750] 62277823-f86d-4a92-a5d1-53731181b8aa: 229 datasets; 4.4 s; peak memory 1215 MiB.
2026-10-07T20:39:55Z INFO [695/750] 62297120-831b-4074-a0bc-24474451847d: 225 datasets; 4.4 s; peak memory 1215 MiB.
2026-10-07T20:39:57Z INFO [696/750] 6229810a-9a35-46e0-a37c-1840bab9bf7f: 118 datasets; 1.4 s; peak memory 1215 MiB.
2026-10-07T20:39:57Z INFO [697/750] 6229e3f0-4f94-41ba-b4bd-c9f10489db1a: 46 datasets; 0.8 s; peak memory 1215 MiB.
2026-10-07T20:39:59Z INFO [698/750] 622a146f-c518-4f3a-beea-368f653e813c: 112 datasets; 1.6 s; peak memory 1215 MiB.
2026-10-07T20:40:00Z INFO [699/750] 622acfa0-6285-4886-b650-61c9839134e0: 48 datasets; 1.1 s; peak memory 1215 MiB.
2026-10-07T20:40:01Z INFO [700/750] 622adfc1-07c9-442f-b2ba-c4a1800f8a9a: 66 datasets; 1.3 s; peak memory 1215 MiB.
2026-10-07T20:40:02Z INFO [700/750] 622adfc1-07c9-442f-b2ba-c4a1800f8a9a: checkpointed 94285 records.
2026-10-07T20:40:06Z INFO [701/750] 622b0936-7c09-45df-bb46-f795b6b6b925: 229 datasets; 4.7 s; peak memory 1215 MiB.
2026-10-07T20:40:15Z INFO [702/750] 622b0e03-a3c4-43b7-b9af-4ea35a07ce9c: 3525 datasets; 8.5 s; peak memory 1215 MiB.
2026-10-07T20:40:16Z INFO [703/750] 622b8042-ab1d-47b3-98c2-e0161b135a67: 110 datasets; 1.6 s; peak memory 1215 MiB.
2026-10-07T20:40:18Z INFO [704/750] 622cae8f-51c9-430d-a5ae-30250cfa74d5: 48 datasets; 1.2 s; peak memory 1215 MiB.
2026-10-07T20:40:18Z INFO [705/750] 622cbc09-d3fc-4b2c-af8b-3523206ba13c: 33 datasets; 0.8 s; peak memory 1215 MiB.
2026-10-07T20:40:19Z INFO [706/750] 622d5719-2ee8-44c5-8125-a31a0f2c4922: 48 datasets; 1.0 s; peak memory 1215 MiB.
2026-10-07T20:40:21Z INFO [707/750] 622e1710-f634-4700-9b94-33df2fb64627: 117 datasets; 2.0 s; peak memory 1215 MiB.
2026-10-07T20:40:32Z INFO [708/750] 622e96ba-abef-4d6e-a72e-3da6aee5b4cd: 1533 datasets; 11.1 s; peak memory 1215 MiB.
2026-10-07T20:40:34Z INFO [709/750] 622ea6b9-7027-4f9b-9f5c-74b2d50693b0: 101 datasets; 2.0 s; peak memory 1215 MiB.
2026-10-07T20:40:35Z INFO [710/750] 622fa149-8a7f-46b8-8b6c-594902950179: 48 datasets; 1.0 s; peak memory 1215 MiB.
2026-10-07T20:40:37Z INFO [711/750] 62312682-f9ec-43e2-9294-263ca24ca923: 289 datasets; 1.3 s; peak memory 1215 MiB.
2026-10-07T20:40:38Z INFO [712/750] 62312b4d-4e3d-4b35-a289-1ec9ec348dd0: 48 datasets; 1.1 s; peak memory 1215 MiB.
2026-10-07T20:40:40Z INFO [713/750] 6231839b-a827-48cb-966e-0961fa470f5e: 115 datasets; 2.4 s; peak memory 1215 MiB.
2026-10-07T20:40:41Z INFO [714/750] 6231bbfa-e36a-45ba-943f-dd60e9518c85: 48 datasets; 1.1 s; peak memory 1215 MiB.
2026-10-07T20:40:42Z INFO [715/750] 6231fc43-eca1-46dd-90bd-6f32391c5268: 52 datasets; 1.0 s; peak memory 1215 MiB.
2026-10-07T20:40:47Z INFO [716/750] 623240a9-ebe5-404c-91c7-61c26e5bc241: 520 datasets; 5.0 s; peak memory 1215 MiB.
2026-10-07T20:40:48Z INFO [717/750] 62324e10-61a5-4be1-a057-0dd41400cab1: 58 datasets; 0.8 s; peak memory 1215 MiB.
2026-10-07T20:40:51Z INFO [718/750] 6234a8cf-e478-4a05-b716-b84a269f8aca: 168 datasets; 2.4 s; peak memory 1215 MiB.
2026-10-07T20:40:51Z INFO [719/750] 623560c0-80fc-4232-b846-26b627329d81: 35 datasets; 0.7 s; peak memory 1215 MiB.
2026-10-07T20:40:52Z INFO [720/750] 6235e898-f78b-404f-8f42-16a59a894a5c: 38 datasets; 0.8 s; peak memory 1215 MiB.
2026-10-07T20:40:53Z INFO [721/750] 6236a336-3af8-4d33-84a4-578f5784c677: 46 datasets; 1.0 s; peak memory 1215 MiB.
2026-10-07T20:40:54Z INFO [722/750] 62379d85-92ea-4da5-93eb-3f511b41bc9a: 48 datasets; 1.1 s; peak memory 1215 MiB.
2026-10-07T20:40:56Z INFO [723/750] 6237ff20-c7de-44a7-9b54-2f65e3778f2d: 118 datasets; 1.4 s; peak memory 1215 MiB.
2026-10-07T20:40:57Z INFO [724/750] 62381c8d-9f4a-4027-9c6d-3922a9b1517e: 48 datasets; 1.1 s; peak memory 1215 MiB.
2026-10-07T20:41:07Z INFO [725/750] 6238a1f8-139e-49b6-9ee8-33be5e5fcad4: 805 datasets; 10.2 s; peak memory 1215 MiB.
2026-10-07T20:41:08Z INFO [726/750] 6238a24b-d66f-4898-87fe-fabc36c488e3: 112 datasets; 1.6 s; peak memory 1215 MiB.
2026-10-07T20:41:10Z INFO [727/750] 623989cb-282e-431f-9d82-131cc324d939: 48 datasets; 1.1 s; peak memory 1215 MiB.
2026-10-07T20:41:11Z INFO [728/750] 623ad23d-318c-468f-8a6a-d430885ad8b2: 112 datasets; 1.4 s; peak memory 1215 MiB.
2026-10-07T20:41:12Z INFO [729/750] 623b0115-9c6a-47a1-bf82-6e762566acb6: 21 datasets; 0.8 s; peak memory 1215 MiB.
2026-10-07T20:41:13Z INFO [730/750] 623b057e-cfce-44fb-ab49-dde56ff3b18f: 45 datasets; 1.5 s; peak memory 1215 MiB.
2026-10-07T20:41:16Z INFO [731/750] 623c6412-5eed-40ab-9d9b-25efebe1901f: 158 datasets; 2.2 s; peak memory 1215 MiB.
2026-10-07T20:41:16Z INFO [732/750] 623cc5aa-cbb2-47fb-af30-e0165c1075eb: 46 datasets; 0.7 s; peak memory 1215 MiB.
2026-10-07T20:41:17Z INFO [733/750] 623e2edc-7acc-4704-a515-3aa028106dc5: 48 datasets; 1.0 s; peak memory 1215 MiB.
2026-10-07T20:41:18Z INFO [734/750] 623e3348-0678-4b76-afe7-228264b486ff: 51 datasets; 0.8 s; peak memory 1215 MiB.
2026-10-07T20:41:19Z INFO [735/750] 623e9df4-fc47-43c2-93b0-9744eb200f80: 142 datasets; 1.0 s; peak memory 1215 MiB.
2026-10-07T20:41:30Z INFO [736/750] 623ee055-faf4-4a4f-9224-8d62df264eca: 1150 datasets; 10.5 s; peak memory 1215 MiB.
2026-10-07T20:41:31Z INFO [737/750] 623f26de-694f-45b0-9290-9a32c0fbe5f5: 114 datasets; 1.1 s; peak memory 1215 MiB.
2026-10-07T20:41:33Z INFO [738/750] 62402313-198b-4ee3-b3f7-098543e41395: 138 datasets; 2.6 s; peak memory 1215 MiB.
2026-10-07T20:41:35Z INFO [739/750] 6241063c-9d27-4386-a838-a08123b4743d: 84 datasets; 1.3 s; peak memory 1215 MiB.
2026-10-07T20:41:36Z INFO [740/750] 6242774c-c822-4969-9147-3bfe0d46ef40: 117 datasets; 1.0 s; peak memory 1215 MiB.
2026-10-07T20:41:37Z INFO [741/750] 6242e888-d562-487f-9ee9-e189baaa2645: 92 datasets; 1.1 s; peak memory 1215 MiB.
2026-10-07T20:41:40Z INFO [742/750] 62430bb0-b776-4775-8dc1-b75b9f40ae84: 98 datasets; 3.0 s; peak memory 1215 MiB.
2026-10-07T20:41:52Z INFO [743/750] 62438a6f-565a-4f28-83be-5256c7c68882: 851 datasets; 12.1 s; peak memory 1215 MiB.
2026-10-07T20:41:53Z INFO [744/750] 6243d184-7ee1-4a71-b034-eec7ba2978d8: 117 datasets; 1.3 s; peak memory 1215 MiB.
2026-10-07T20:41:54Z INFO [745/750] 6244b092-e68e-4052-8f6b-b5efac419c6c: 52 datasets; 1.1 s; peak memory 1215 MiB.
2026-10-07T20:41:56Z INFO [746/750] 6245efe1-1812-45f1-bad7-4c3dfc0ab6ae: 112 datasets; 1.6 s; peak memory 1215 MiB.
2026-10-07T20:41:57Z INFO [747/750] 62460465-4d67-434b-9903-ac743ec6ba30: 112 datasets; 1.4 s; peak memory 1215 MiB.
2026-10-07T20:41:59Z INFO [748/750] 6247396d-249b-419f-87d8-f880aa872da7: 69 datasets; 1.7 s; peak memory 1215 MiB.
2026-10-07T20:42:00Z INFO [749/750] 62480bda-112b-45e0-b127-51deda30a965: 48 datasets; 1.2 s; peak memory 1215 MiB.
2026-10-07T20:42:06Z INFO [750/750] 6248115f-4293-44e3-b0fb-d3c35ed44c89: 538 datasets; 5.6 s; peak memory 1215 MiB.
2026-10-07T20:42:06Z INFO [750/750] 6248115f-4293-44e3-b0fb-d3c35ed44c89: checkpointed 94335 records.
2026-10-07T20:42:06Z INFO Wrote 94335 records to /tmp/derivatives/valid_nwb_file_to_number_of_datasets.jsonl (750 new, 0 failed) in 109.9 min (peak memory 1215 MiB).
