2026-09-23T11:16:32Z INFO Logging to /tmp/logs/update_2026-09-23T11-16-32Z.log.
2026-09-23T11:16:32Z INFO Update valid-nwb-file-to-number-of-datasets (base directory /tmp).
2026-09-23T11:16:32Z INFO Processing 372 items (54677 already recorded).
2026-09-23T11:16:34Z INFO [1/372] 03cdc3ac-ee4a-4073-996f-67362a1e8905: 42 datasets; 1.7 s; peak memory 98 MiB.
2026-09-23T11:16:35Z INFO [2/372] 103bcc48-ef96-4fd3-8b3e-68d360ee14af: 48 datasets; 1.0 s; peak memory 98 MiB.
2026-09-23T11:16:36Z INFO [3/372] 103c962b-4725-4f4c-bff7-943bac8ae678: 118 datasets; 1.0 s; peak memory 102 MiB.
2026-09-23T11:16:37Z INFO [4/372] 103d1962-e5c9-46db-b557-7d09974546e3: 59 datasets; 0.8 s; peak memory 102 MiB.
2026-09-23T11:16:45Z INFO [5/372] 103db565-d0f7-46cb-b0a1-c83cf53e170b: 1438 datasets; 8.6 s; peak memory 143 MiB.
2026-09-23T11:16:46Z INFO [6/372] 103de969-d7dd-4f02-b365-2193dbd43361: 46 datasets; 0.7 s; peak memory 143 MiB.
2026-09-23T11:16:48Z INFO [7/372] 103e77a3-41c6-4a4b-b787-ce5b81f05fcc: 116 datasets; 2.4 s; peak memory 143 MiB.
2026-09-23T11:16:50Z INFO [8/372] 103eeaa4-e50f-4240-a254-cc4e2829ca52: 115 datasets; 1.8 s; peak memory 144 MiB.
2026-09-23T11:16:51Z INFO [9/372] 103f3a75-e335-4cb3-8564-0f50857a33b5: 117 datasets; 1.0 s; peak memory 144 MiB.
2026-09-23T11:16:58Z INFO [10/372] 103f60a8-b29b-4ef6-a450-5da465c7dc43: 736 datasets; 7.1 s; peak memory 144 MiB.
2026-09-23T11:16:59Z INFO [11/372] 10401ed9-2f73-4bb0-9f88-daae5047a741: 62 datasets; 1.4 s; peak memory 144 MiB.
2026-09-23T11:17:00Z INFO [12/372] 1040ab4c-da6c-474c-b5e8-52cb7ae33dc5: 51 datasets; 0.7 s; peak memory 144 MiB.
2026-09-23T11:17:01Z INFO [13/372] 1040df47-f26d-4280-a84c-b3440cff043c: 51 datasets; 0.8 s; peak memory 144 MiB.
2026-09-23T11:17:14Z INFO [14/372] 10412615-7a98-4f53-8ccf-14821f647977: 278 datasets; 13.3 s; peak memory 144 MiB.
2026-09-23T11:17:15Z INFO [15/372] 10412f2b-e17a-404f-91cc-5c3605407651: 52 datasets; 1.0 s; peak memory 145 MiB.
2026-09-23T11:17:16Z INFO [16/372] 10414878-c364-4379-b7e7-2f0de4055296: 48 datasets; 0.9 s; peak memory 145 MiB.
2026-09-23T11:17:20Z INFO [17/372] 10419ed2-a547-4180-a895-eb6867ad5930: 510 datasets; 3.9 s; peak memory 145 MiB.
2026-09-23T11:17:21Z INFO [18/372] 1042c3e5-fd7d-45b4-8106-8ff5a8fbd5c2: 117 datasets; 1.2 s; peak memory 145 MiB.
2026-09-23T11:17:22Z INFO [19/372] 1042df47-7eae-480c-a37f-3a2d311c5107: 48 datasets; 0.7 s; peak memory 145 MiB.
2026-09-23T11:17:23Z INFO [20/372] 10431016-a31f-4546-9338-13535cbb5d18: 57 datasets; 0.6 s; peak memory 145 MiB.
2026-09-23T11:17:23Z INFO [21/372] 1043ce36-c15d-4698-9843-675a39e56bf8: 119 datasets; 0.7 s; peak memory 145 MiB.
2026-09-23T11:17:24Z INFO [22/372] 1044784c-3b17-4280-b127-63a3dc1f428d: 117 datasets; 1.0 s; peak memory 145 MiB.
2026-09-23T11:17:25Z INFO [23/372] 10453efc-e13b-4896-adaa-7b5b69e39da1: 48 datasets; 0.8 s; peak memory 145 MiB.
2026-09-23T11:17:26Z INFO [24/372] 10461333-c978-4c57-aba1-791120d58045: 116 datasets; 0.9 s; peak memory 145 MiB.
2026-09-23T11:17:30Z INFO [25/372] 104818be-1fec-4e9a-b8a8-496b9973870a: 790 datasets; 4.2 s; peak memory 146 MiB.
2026-09-23T11:17:31Z INFO [26/372] 10498447-7403-4692-af13-c24d51b2ece4: 46 datasets; 0.6 s; peak memory 146 MiB.
2026-09-23T11:17:35Z INFO [27/372] 104a15c9-e3cc-4e43-abf9-53660f93e116: 229 datasets; 4.1 s; peak memory 146 MiB.
2026-09-23T11:17:36Z INFO [28/372] 104ab473-3511-4baa-8878-97c5fd8833cb: 72 datasets; 1.0 s; peak memory 146 MiB.
2026-09-23T11:17:37Z INFO [29/372] 104acc5c-1ed4-4f09-ad1a-2e6295445f17: 112 datasets; 1.0 s; peak memory 146 MiB.
2026-09-23T11:17:38Z INFO [30/372] 104b1436-9411-4032-9f4d-331c3a68ad30: 114 datasets; 0.9 s; peak memory 146 MiB.
2026-09-23T11:17:39Z INFO [31/372] 104b2140-518c-4d03-b580-9cbaf9088528: 110 datasets; 1.0 s; peak memory 146 MiB.
2026-09-23T11:17:50Z INFO [32/372] 104c3708-6e19-4e36-ba6f-3cf233d8f2cc: 893 datasets; 11.5 s; peak memory 153 MiB.
2026-09-23T11:17:52Z INFO [33/372] 104caad9-3c68-47a6-bdb1-c250ba6b2f58: 64 datasets; 1.4 s; peak memory 153 MiB.
2026-09-23T11:17:52Z INFO [34/372] 104cd17c-cc5a-45ff-a3b8-d248bb203639: 48 datasets; 0.8 s; peak memory 153 MiB.
2026-09-23T11:17:57Z INFO [35/372] 104d16b0-5db1-4100-8d1d-1095cf6f49ba: 538 datasets; 4.9 s; peak memory 153 MiB.
2026-09-23T11:17:59Z INFO [36/372] 104d7dec-d6f4-4513-9318-90d8b50f221b: 38 datasets; 1.9 s; peak memory 153 MiB.
2026-09-23T11:18:03Z INFO [37/372] 104d8968-9ccd-4945-826c-14dd976de4b0: 538 datasets; 4.0 s; peak memory 153 MiB.
2026-09-23T11:18:05Z INFO [38/372] 104f2a2c-01c6-409d-b849-f00497ed9a91: 102 datasets; 1.3 s; peak memory 153 MiB.
2026-09-23T11:18:05Z INFO [39/372] 104f910a-93e7-40f1-a4bb-a477b8087c59: 56 datasets; 0.8 s; peak memory 153 MiB.
2026-09-23T11:18:06Z INFO [40/372] 10514435-1d8c-4a33-9e70-8f0035d66db7: 66 datasets; 0.8 s; peak memory 153 MiB.
2026-09-23T11:18:07Z INFO [41/372] 1051616f-b70c-46d2-ae09-8149c86ff01c: 48 datasets; 0.7 s; peak memory 153 MiB.
2026-09-23T11:18:27Z INFO [42/372] 10517c2c-5f76-4630-8322-e065723cf0c6: 48 datasets; 20.6 s; peak memory 153 MiB.
2026-09-23T11:18:31Z INFO [43/372] 10520941-e258-47df-9eda-2843ce42827c: 229 datasets; 3.0 s; peak memory 153 MiB.
2026-09-23T11:18:32Z INFO [44/372] 1052bbde-1600-458f-9bbb-58109af06d29: 48 datasets; 1.0 s; peak memory 153 MiB.
2026-09-23T11:18:33Z INFO [45/372] 1053f8fe-0c46-4ddd-b12a-7d95a268ee4a: 71 datasets; 1.2 s; peak memory 153 MiB.
2026-09-23T11:18:36Z INFO [46/372] 1054202e-a0ff-4f4c-83f9-e7f8c055f8ff: 404 datasets; 2.9 s; peak memory 153 MiB.
2026-09-23T11:18:37Z INFO [47/372] 10544cbb-a069-475b-87ef-b05a868ee77d: 48 datasets; 0.9 s; peak memory 153 MiB.
2026-09-23T11:18:38Z INFO [48/372] 1054910a-4742-4df7-983f-a89524175447: 119 datasets; 1.9 s; peak memory 153 MiB.
2026-09-23T11:18:39Z INFO [49/372] 1055a997-26f7-407e-952a-0b011d35a6d8: 121 datasets; 0.7 s; peak memory 153 MiB.
2026-09-23T11:32:13Z INFO [50/372] 1055fe42-75f4-48ec-a4b5-8f503b449579: 196 datasets; 813.8 s; peak memory 1079 MiB.
2026-09-23T11:32:13Z INFO [50/372] 1055fe42-75f4-48ec-a4b5-8f503b449579: checkpointed 54727 records.
2026-09-23T11:32:14Z INFO [51/372] 105634b0-c85c-42bd-ba33-91ff52c9629f: 117 datasets; 1.1 s; peak memory 1079 MiB.
2026-09-23T11:32:15Z INFO [52/372] 105647c5-00ea-4820-b71a-c5ba534d8d46: 48 datasets; 1.0 s; peak memory 1079 MiB.
2026-09-23T11:32:16Z INFO [53/372] 105672e7-79de-4064-bd1b-63adba569648: 110 datasets; 1.2 s; peak memory 1079 MiB.
2026-09-23T11:32:17Z INFO [54/372] 1059adad-cf0e-4a7d-a1f8-ff03d7132bcf: 117 datasets; 1.1 s; peak memory 1079 MiB.
2026-09-23T11:32:18Z INFO [55/372] 1059ebf7-b95b-43f1-825d-1760b2ead849: 117 datasets; 1.0 s; peak memory 1079 MiB.
2026-09-23T11:32:19Z INFO [56/372] 105a66b4-7bd1-4189-8121-c007ebe2ff76: 117 datasets; 1.0 s; peak memory 1079 MiB.
2026-09-23T11:32:30Z INFO [57/372] 105af599-9c9d-43eb-b162-264c3a6d6961: 1229 datasets; 10.2 s; peak memory 1079 MiB.
2026-09-23T11:34:28Z INFO [58/372] 105b2068-b65c-4bdf-b574-d9a59d8bd4af: 394 datasets; 118.7 s; peak memory 1079 MiB.
2026-09-23T11:34:29Z INFO [59/372] 105b3775-d783-41cb-ac0a-5632952bbb73: 77 datasets; 1.0 s; peak memory 1079 MiB.
2026-09-23T11:34:41Z INFO [60/372] 105c3b70-9f49-4d68-bbdd-11b779a332f2: 4543 datasets; 12.0 s; peak memory 1079 MiB.
2026-09-23T11:34:42Z INFO [61/372] 105cd381-3186-42a6-86b2-a2c8924ced3e: 46 datasets; 0.7 s; peak memory 1079 MiB.
2026-09-23T11:34:43Z INFO [62/372] 105da8e5-2934-4023-b1d5-209c4365404f: 48 datasets; 0.9 s; peak memory 1079 MiB.
2026-09-23T11:34:44Z INFO [63/372] 105daf87-eb36-41bc-8db1-3ad6534c44ae: 117 datasets; 1.0 s; peak memory 1079 MiB.
2026-09-23T11:34:45Z INFO [64/372] 105e0d20-818e-452c-9adb-351e9a358cd7: 51 datasets; 0.9 s; peak memory 1079 MiB.
2026-09-23T11:34:45Z INFO [65/372] 105e4d27-f114-4e03-b197-4d1d89147ad2: 48 datasets; 0.7 s; peak memory 1079 MiB.
2026-09-23T11:52:59Z INFO [66/372] 105ebf58-b230-4dd4-bca4-6f3b6934d483: 45 datasets; 1093.9 s; peak memory 1114 MiB.
2026-09-23T11:53:00Z INFO [67/372] 105ff03b-192d-40ed-950b-79bfb3618c05: 118 datasets; 1.1 s; peak memory 1114 MiB.
2026-09-23T11:53:01Z INFO [68/372] 1060b8a2-6554-4044-9835-f39a906bcec6: 46 datasets; 0.7 s; peak memory 1114 MiB.
2026-09-23T11:53:02Z INFO [69/372] 10615f14-cf04-419c-99a3-c23ad49e2709: 112 datasets; 1.2 s; peak memory 1114 MiB.
2026-09-23T11:53:04Z INFO [70/372] 106413b8-0743-4747-b497-ce1e53437226: 59 datasets; 1.3 s; peak memory 1114 MiB.
2026-09-23T11:53:05Z INFO [71/372] 10641665-96a4-4e43-b758-019cbb249821: 117 datasets; 0.9 s; peak memory 1114 MiB.
2026-09-23T11:53:10Z INFO [72/372] 10665c14-3646-4d23-9b33-8236a3cd8d9c: 56 datasets; 5.6 s; peak memory 1114 MiB.
2026-09-23T11:53:12Z INFO [73/372] 1066b3ba-83d9-4cb3-bfe3-ecf8539e2334: 123 datasets; 1.8 s; peak memory 1114 MiB.
2026-09-23T11:53:13Z INFO [74/372] 10676b36-fe66-43bb-b2ed-15191aaf1d2f: 70 datasets; 1.3 s; peak memory 1114 MiB.
2026-09-23T11:53:14Z INFO [75/372] 1067d403-fa0d-44e7-8245-b4499d38f1b2: 48 datasets; 0.8 s; peak memory 1114 MiB.
2026-09-23T11:53:15Z INFO [76/372] 10684010-4f6d-4dd0-af3a-9dec2e9766de: 48 datasets; 0.8 s; peak memory 1114 MiB.
2026-09-23T11:53:16Z INFO [77/372] 106878ef-4776-44d3-a845-cf3e4e2b68ae: 48 datasets; 0.9 s; peak memory 1114 MiB.
2026-09-23T11:53:17Z INFO [78/372] 1068ed94-86d9-48fe-826c-30a7174cc3a1: 52 datasets; 1.1 s; peak memory 1114 MiB.
2026-09-23T11:53:18Z INFO [79/372] 106901b9-c8d7-4926-a833-6b6d4531968f: 112 datasets; 1.2 s; peak memory 1114 MiB.
2026-09-23T11:53:21Z INFO [80/372] 106a53b4-747e-4647-95b0-12bcb89d5500: 156 datasets; 2.9 s; peak memory 1114 MiB.
2026-09-23T11:53:22Z INFO [81/372] 106a904c-4f50-4960-8e23-4054288c2b11: 48 datasets; 0.9 s; peak memory 1114 MiB.
2026-09-23T11:53:23Z INFO [82/372] 106a9895-5ecc-4981-b962-4adea6666239: 48 datasets; 0.9 s; peak memory 1114 MiB.
2026-09-23T11:53:24Z INFO [83/372] 106b8fb0-9a14-4dd6-ba92-339f0824a537: 117 datasets; 1.1 s; peak memory 1114 MiB.
2026-09-23T11:53:25Z INFO [84/372] 106d6d42-8aec-465d-9ae9-4e4a053103a8: 48 datasets; 0.9 s; peak memory 1114 MiB.
2026-09-23T11:53:25Z INFO [85/372] 106dab9a-6e58-4a20-955d-cf23aab4fb92: 116 datasets; 0.7 s; peak memory 1114 MiB.
2026-09-23T11:53:27Z INFO [86/372] 106de333-c25f-4eef-8333-d3cb5fe85076: 79 datasets; 1.2 s; peak memory 1114 MiB.
2026-09-23T11:53:28Z INFO [87/372] 106e1edd-906a-45a8-a957-1193a97a87e4: 48 datasets; 1.0 s; peak memory 1114 MiB.
2026-09-23T11:53:28Z INFO [88/372] 106e3359-8b0f-45eb-9760-c4646549a5b3: 117 datasets; 0.7 s; peak memory 1114 MiB.
2026-09-23T11:53:29Z INFO [89/372] 106f8a50-2c01-4b6f-b7d5-f91dc6124dbe: 48 datasets; 0.7 s; peak memory 1114 MiB.
2026-09-23T11:53:30Z INFO [90/372] 1070a531-ded1-40ce-815f-38702746fc90: 48 datasets; 0.9 s; peak memory 1114 MiB.
2026-09-23T11:53:31Z INFO [91/372] 107269d0-da7d-4631-b9f0-7321865359aa: 117 datasets; 1.2 s; peak memory 1114 MiB.
2026-09-23T11:53:32Z INFO [92/372] 10727190-9bd5-4e28-aab4-efc2b695b17e: 48 datasets; 0.7 s; peak memory 1114 MiB.
2026-09-23T11:53:33Z INFO [93/372] 1072ed9f-8ed4-40e5-aef1-3189bc19f03d: 74 datasets; 1.0 s; peak memory 1114 MiB.
2026-09-23T11:53:36Z INFO [94/372] 107337b7-09bd-4f5d-846c-739a03ea757e: 225 datasets; 3.3 s; peak memory 1114 MiB.
2026-09-23T11:53:37Z INFO [95/372] 1073bb52-49f1-46df-a02d-1a62dd1b4586: 170 datasets; 1.1 s; peak memory 1114 MiB.
2026-09-23T11:53:39Z INFO [96/372] 1073c934-adce-4b34-ab64-f785889b2731: 38 datasets; 1.5 s; peak memory 1114 MiB.
2026-09-23T11:53:40Z INFO [97/372] 1073d24f-a804-4aea-bc8f-b71138894f71: 112 datasets; 1.1 s; peak memory 1114 MiB.
2026-09-23T11:53:45Z INFO [98/372] 1073e39c-0610-49e3-90ee-709d3e068b27: 531 datasets; 4.7 s; peak memory 1114 MiB.
2026-09-23T11:53:48Z INFO [99/372] 1073f105-73c1-4af6-8c4d-6adbbb57f26b: 38 datasets; 2.9 s; peak memory 1114 MiB.
2026-09-23T11:53:57Z INFO [100/372] 1073fd9c-331b-4ee4-a153-b6d105de0120: 263 datasets; 9.7 s; peak memory 1114 MiB.
2026-09-23T11:53:57Z INFO [100/372] 1073fd9c-331b-4ee4-a153-b6d105de0120: checkpointed 54777 records.
2026-09-23T11:53:58Z INFO [101/372] 107470ae-9186-4713-a484-38511445db88: 48 datasets; 0.9 s; peak memory 1114 MiB.
2026-09-23T11:54:11Z INFO [102/372] 10750e1a-25f9-4017-aec3-d1fc5ff57293: 522 datasets; 12.4 s; peak memory 1114 MiB.
2026-09-23T11:54:12Z INFO [103/372] 1076e86b-3679-4453-a2ef-ae2faa77f4f6: 69 datasets; 1.2 s; peak memory 1114 MiB.
2026-09-23T11:54:15Z INFO [104/372] 1076eb8b-06a4-4aae-9baf-302ebe1ba7bb: 229 datasets; 3.7 s; peak memory 1114 MiB.
2026-09-23T11:54:16Z INFO [105/372] 1077abc3-5fb7-4690-89db-bea0c71ef911: 48 datasets; 1.0 s; peak memory 1114 MiB.
2026-09-23T11:54:17Z INFO [106/372] 1077edc7-b4fa-4ba6-907a-b84509104ab1: 117 datasets; 1.0 s; peak memory 1114 MiB.
2026-09-23T11:54:19Z INFO [107/372] 1079a248-232f-4270-b3b8-0f4c9fbfe7e0: 71 datasets; 1.1 s; peak memory 1114 MiB.
2026-09-23T11:54:27Z INFO [108/372] 1079ed9b-678c-4929-a7d9-72b6425e4606: 886 datasets; 8.9 s; peak memory 1114 MiB.
2026-09-23T11:54:29Z INFO [109/372] 1079ef50-661b-4f43-9520-59b2cf084948: 70 datasets; 1.7 s; peak memory 1114 MiB.
2026-09-23T11:54:30Z INFO [110/372] 107a174a-0af5-47cc-bac2-f0c52c00d1b0: 59 datasets; 0.8 s; peak memory 1114 MiB.
2026-09-23T11:54:31Z INFO [111/372] 107aaf27-51ca-4f52-84d7-e8ac95c3ad7a: 117 datasets; 1.0 s; peak memory 1114 MiB.
2026-09-23T11:54:32Z INFO [112/372] 107ada9d-9086-400d-90c3-75caeaa64ba1: 112 datasets; 1.1 s; peak memory 1114 MiB.
2026-09-23T11:54:44Z INFO [113/372] 107be61a-e96e-4030-ab88-5a5700d1211c: 432 datasets; 12.3 s; peak memory 1114 MiB.
2026-09-23T11:54:45Z INFO [114/372] 107d8c59-a8cf-41c7-b6f7-ab0507a80977: 61 datasets; 0.7 s; peak memory 1114 MiB.
2026-09-23T11:54:47Z INFO [115/372] 107e23f8-679a-43f8-8d05-b868f6dc0b8a: 116 datasets; 2.2 s; peak memory 1114 MiB.
2026-09-23T11:54:48Z INFO [116/372] 107e71e7-a57a-4c16-ad68-3d02bb243800: 62 datasets; 1.1 s; peak memory 1114 MiB.
2026-09-23T11:54:49Z INFO [117/372] 107ed871-8dcc-47a1-a139-4f11dc432bb8: 48 datasets; 0.7 s; peak memory 1114 MiB.
2026-09-23T11:54:50Z INFO [118/372] 107f286c-4cbb-4fd5-8bab-c6c36bd8a01a: 46 datasets; 0.7 s; peak memory 1114 MiB.
2026-09-23T11:54:57Z INFO [119/372] 107ff394-0d1f-4773-98b1-e068b053033f: 1024 datasets; 7.6 s; peak memory 1114 MiB.
2026-09-23T11:54:59Z INFO [120/372] 1081dc00-f182-4862-98f6-bc21894fd0a1: 124 datasets; 1.2 s; peak memory 1114 MiB.
2026-09-23T11:55:00Z INFO [121/372] 1082468e-861c-4f74-b4f6-28f6d16a2a8b: 117 datasets; 1.0 s; peak memory 1114 MiB.
2026-09-23T11:55:02Z INFO [122/372] 1082e055-4b5b-4085-8997-9b7869860a94: 115 datasets; 2.1 s; peak memory 1114 MiB.
2026-09-23T11:55:03Z INFO [123/372] 10837b5e-05ee-4b2f-93aa-516f4e467c91: 48 datasets; 0.9 s; peak memory 1114 MiB.
2026-09-23T11:55:04Z INFO [124/372] 1084e7d9-bcbc-4ddc-83ad-eb099445d35a: 62 datasets; 1.4 s; peak memory 1114 MiB.
2026-09-23T11:55:05Z INFO [125/372] 10857552-d43f-4cf9-b16d-90fa1c9d29e7: 48 datasets; 0.9 s; peak memory 1114 MiB.
2026-09-23T11:55:06Z INFO [126/372] 10862265-2744-4737-917e-9e5473010913: 79 datasets; 1.1 s; peak memory 1114 MiB.
2026-09-23T11:55:07Z INFO [127/372] 108634f6-53c8-46a0-940b-87a7c37c4c0b: 117 datasets; 0.9 s; peak memory 1114 MiB.
2026-09-23T11:55:08Z INFO [128/372] 10863cb1-d616-41ba-a14c-ba7a9e803973: 48 datasets; 0.9 s; peak memory 1114 MiB.
2026-09-23T11:55:09Z INFO [129/372] 1086b1ec-5d0c-4c74-806c-bfbf2d982328: 117 datasets; 0.7 s; peak memory 1114 MiB.
2026-09-23T11:55:15Z INFO [130/372] 1087ac09-3f72-4ac4-bd18-43fedf92ed85: 914 datasets; 6.3 s; peak memory 1114 MiB.
2026-09-23T11:55:16Z INFO [131/372] 1087b643-fd7a-4624-b503-6b98696d554c: 112 datasets; 1.2 s; peak memory 1114 MiB.
2026-09-23T11:55:17Z INFO [132/372] 1087f44e-c903-4ad0-9dfd-d8b7f6fb9102: 66 datasets; 1.2 s; peak memory 1114 MiB.
2026-09-23T11:55:18Z INFO [133/372] 10887294-08c8-4c45-8af2-e6746f88898a: 117 datasets; 0.8 s; peak memory 1114 MiB.
2026-09-23T11:55:19Z INFO [134/372] 10891924-62f7-4699-911e-93b624110ef9: 48 datasets; 0.8 s; peak memory 1114 MiB.
2026-09-23T11:55:20Z INFO [135/372] 10894618-9a39-4020-be06-5b738be2d570: 109 datasets; 1.2 s; peak memory 1114 MiB.
2026-09-23T11:55:21Z INFO [136/372] 108975d8-941f-40e3-a62d-6bccf4efd67a: 112 datasets; 1.1 s; peak memory 1114 MiB.
2026-09-23T11:55:44Z INFO [137/372] 108a1ed6-999a-491f-a08a-5935eecd376f: 48 datasets; 22.3 s; peak memory 1114 MiB.
2026-09-23T11:55:45Z INFO [138/372] 108a6bb9-f8b4-4541-b25f-3f4bc74c8f3f: 52 datasets; 1.0 s; peak memory 1114 MiB.
2026-09-23T11:55:46Z INFO [139/372] 108c2bb1-bd5e-44dc-9a53-7300b7893d44: 64 datasets; 1.1 s; peak memory 1114 MiB.
2026-09-23T11:55:50Z INFO [140/372] 108e7fc9-3f8b-498c-937e-f8052af01e56: 225 datasets; 3.8 s; peak memory 1114 MiB.
2026-09-23T11:55:51Z INFO [141/372] 108ec01d-89dd-4c24-a2a7-1ec6f839c855: 47 datasets; 0.9 s; peak memory 1114 MiB.
2026-09-23T11:55:52Z INFO [142/372] 108fb671-1286-4735-a69d-e603e5e5b52e: 117 datasets; 1.0 s; peak memory 1114 MiB.
2026-09-23T11:55:52Z INFO [143/372] 108fe7e4-9bac-453c-8f5a-58495d3042d8: 48 datasets; 0.8 s; peak memory 1114 MiB.
2026-09-23T11:55:53Z INFO [144/372] 109145ef-715a-44a2-a1dd-6002331615bb: 62 datasets; 1.0 s; peak memory 1114 MiB.
2026-09-23T11:55:54Z INFO [145/372] 109155b8-c518-4634-b7e9-9aa2d24af367: 48 datasets; 0.7 s; peak memory 1114 MiB.
2026-09-23T11:55:55Z INFO [146/372] 10915ab6-c512-44b0-8c06-11becc4a19bf: 48 datasets; 0.9 s; peak memory 1114 MiB.
2026-09-23T11:56:01Z INFO [147/372] 10918efe-342a-4f58-a9cc-d5a0f2e32617: 1053 datasets; 6.2 s; peak memory 1114 MiB.
2026-09-23T11:56:02Z INFO [148/372] 10920998-3854-4d9f-b19b-6986c03ea424: 48 datasets; 0.8 s; peak memory 1114 MiB.
2026-09-23T11:56:03Z INFO [149/372] 10922858-7654-4a3c-83fd-80aa20a604a6: 48 datasets; 0.8 s; peak memory 1114 MiB.
2026-09-23T11:56:07Z INFO [150/372] 10925d72-d70a-4ce3-8343-d921df09be71: 538 datasets; 4.5 s; peak memory 1114 MiB.
2026-09-23T11:56:07Z INFO [150/372] 10925d72-d70a-4ce3-8343-d921df09be71: checkpointed 54827 records.
2026-09-23T11:56:08Z INFO [151/372] 1093c8a4-f697-4d97-9aaf-2ff14a9375a8: 46 datasets; 0.5 s; peak memory 1114 MiB.
2026-09-23T11:56:09Z INFO [152/372] 10949770-010b-4e86-9c76-f278503ca379: 48 datasets; 0.9 s; peak memory 1114 MiB.
2026-09-23T11:56:10Z INFO [153/372] 1094f4c9-327d-40e9-8515-007a2ce30117: 84 datasets; 1.0 s; peak memory 1114 MiB.
2026-09-23T11:56:13Z INFO [154/372] 109689e9-7b9c-411f-b645-a04908809b15: 501 datasets; 3.3 s; peak memory 1114 MiB.
2026-09-23T11:56:14Z INFO [155/372] 10970300-be6a-4aa5-9fcf-d5c482ce2f5f: 48 datasets; 0.8 s; peak memory 1114 MiB.
2026-09-23T11:56:16Z INFO [156/372] 109723ec-28b6-42f0-a913-20e1dc1cce56: 133 datasets; 2.1 s; peak memory 1114 MiB.
2026-09-23T11:56:17Z INFO [157/372] 109786b5-3e84-41ed-99a8-afc7dd23ddb1: 48 datasets; 0.8 s; peak memory 1114 MiB.
2026-09-23T11:57:15Z INFO [158/372] 109837e5-0670-42e0-a544-cee5db2ad581: 67 datasets; 57.7 s; peak memory 1114 MiB.
2026-09-23T11:57:15Z INFO [159/372] 109882b1-0a3b-406e-b351-f450aa916eec: 117 datasets; 0.8 s; peak memory 1114 MiB.
2026-09-23T11:57:16Z INFO [160/372] 10996919-9440-46c6-b4fd-b3e689ae1aae: 60 datasets; 1.0 s; peak memory 1114 MiB.
2026-09-23T11:57:17Z INFO [161/372] 1099b4c6-2859-4eb5-a99e-a5c18a248ce9: 117 datasets; 1.0 s; peak memory 1114 MiB.
2026-09-23T11:57:18Z INFO [162/372] 109ae38b-469d-45d0-b8ae-be81834e5ae2: 71 datasets; 1.1 s; peak memory 1114 MiB.
2026-09-23T11:57:59Z INFO [163/372] 109b1715-f211-4e37-b21b-fe6b4f4dd1a5: 7360 datasets; 40.7 s; peak memory 1114 MiB.
2026-09-23T11:58:02Z INFO [164/372] 109b55a9-93a8-4d81-8090-f915f5671f68: 188 datasets; 2.5 s; peak memory 1114 MiB.
2026-09-23T11:58:02Z INFO [165/372] 109bae78-5993-419f-a7fa-3d5ac8b5f7fd: 122 datasets; 0.8 s; peak memory 1114 MiB.
2026-09-23T11:58:03Z INFO [166/372] 109c8284-d098-4032-aad8-797822ed7ff5: 46 datasets; 0.7 s; peak memory 1114 MiB.
2026-09-23T11:58:04Z INFO [167/372] 109d276b-9792-414c-8e79-5ce57275f4dc: 275 datasets; 0.9 s; peak memory 1114 MiB.
2026-09-23T11:58:05Z INFO [168/372] 109d4b5f-e5f0-439f-a667-0ca67cc1b8f8: 64 datasets; 1.4 s; peak memory 1114 MiB.
2026-09-23T11:58:06Z INFO [169/372] 109d7e76-96db-4b66-ac4f-4bf987ff8357: 46 datasets; 0.7 s; peak memory 1114 MiB.
2026-09-23T11:58:15Z INFO [170/372] 109db6a7-500b-4e59-83ca-8422c27137cf: 48 datasets; 9.1 s; peak memory 1114 MiB.
2026-09-23T11:58:19Z INFO [171/372] 109e4334-020e-49a0-b260-22272359c9d2: 225 datasets; 3.5 s; peak memory 1114 MiB.
2026-09-23T11:58:20Z INFO [172/372] 109ecae3-f48e-4c04-b737-e685344b07cc: 118 datasets; 0.9 s; peak memory 1114 MiB.
2026-09-23T11:58:34Z INFO [173/372] 109f6ebf-60df-4c56-b65b-ed7b1ae0777d: 2023 datasets; 14.5 s; peak memory 1114 MiB.
2026-09-23T11:58:35Z INFO [174/372] 10a05d6a-e3dd-4d83-9c8d-513ff44e1b38: 112 datasets; 1.3 s; peak memory 1114 MiB.
2026-09-23T11:58:36Z INFO [175/372] 10a18410-dc7f-4cc3-8e48-fb7699fbd0e3: 45 datasets; 0.6 s; peak memory 1114 MiB.
2026-09-23T11:58:37Z INFO [176/372] 10a24716-dfa1-41d2-b657-181cb25f777a: 48 datasets; 0.8 s; peak memory 1114 MiB.
2026-09-23T11:58:38Z INFO [177/372] 10a250a8-04d2-4f64-8d29-f89f61880248: 155 datasets; 1.5 s; peak memory 1114 MiB.
2026-09-23T11:58:44Z INFO [178/372] 10a2e8e1-dd7f-4899-a3c1-f79984d8c9f7: 208 datasets; 5.5 s; peak memory 1114 MiB.
2026-09-23T11:58:57Z INFO [179/372] 10a350fe-5d6d-4e83-8f55-d08890264d09: 658 datasets; 13.2 s; peak memory 1114 MiB.
2026-09-23T11:59:08Z INFO [180/372] 10a3610a-dbc1-4ada-9022-184ead82033f: 718 datasets; 10.6 s; peak memory 1114 MiB.
2026-09-23T11:59:09Z INFO [181/372] 10a3cc81-a0c2-4951-aec2-b85b407e5d0b: 117 datasets; 1.0 s; peak memory 1114 MiB.
2026-09-23T11:59:10Z INFO [182/372] 10a4c048-cf9d-48dd-a979-f584c3349a95: 52 datasets; 0.9 s; peak memory 1114 MiB.
2026-09-23T11:59:11Z INFO [183/372] 10a50d7b-f975-4177-ab0a-ef3674069c55: 112 datasets; 1.1 s; peak memory 1114 MiB.
2026-09-23T11:59:17Z INFO [184/372] 10a52ff8-70db-4b7c-adc4-9cb044581cfc: 612 datasets; 6.2 s; peak memory 1114 MiB.
2026-09-23T11:59:18Z INFO [185/372] 10a60ca7-3d04-431c-b4b0-1493adca10ac: 117 datasets; 0.9 s; peak memory 1114 MiB.
2026-09-23T11:59:19Z INFO [186/372] 10a6e602-8848-4a4f-9a42-1695ac087f09: 48 datasets; 1.0 s; peak memory 1114 MiB.
2026-09-23T11:59:20Z INFO [187/372] 10a786bb-b4b1-4589-a498-ff75b1a0de67: 48 datasets; 0.8 s; peak memory 1114 MiB.
2026-09-23T11:59:57Z INFO [188/372] 10a7b805-db0a-4991-99a4-605881d45b93: 2188 datasets; 37.3 s; peak memory 1114 MiB.
2026-09-23T11:59:58Z INFO [189/372] 10a876a6-3d06-4dba-a842-716f43c8f0a6: 110 datasets; 1.6 s; peak memory 1114 MiB.
2026-09-23T12:00:00Z INFO [190/372] 10a8a491-0dbf-4018-894f-e1eefdb1f22c: 66 datasets; 1.1 s; peak memory 1114 MiB.
2026-09-23T12:00:01Z INFO [191/372] 10a90a62-1f05-4be6-80ce-7b05a90aeb22: 117 datasets; 0.9 s; peak memory 1114 MiB.
2026-09-23T12:00:02Z INFO [192/372] 10a924d1-de72-4143-860e-55c76d7d0d82: 112 datasets; 1.2 s; peak memory 1114 MiB.
2026-09-23T12:00:03Z INFO [193/372] 10a943a3-cba0-4270-a7a5-04ce1c512012: 112 datasets; 1.0 s; peak memory 1114 MiB.
2026-09-23T12:00:04Z INFO [194/372] 10a94972-79a6-4793-990e-1e3a48232458: 117 datasets; 1.0 s; peak memory 1114 MiB.
2026-09-23T12:00:05Z INFO [195/372] 10a95db0-86f5-4773-a8df-b80a8991d266: 46 datasets; 0.9 s; peak memory 1114 MiB.
2026-09-23T12:00:06Z INFO [196/372] 10a99bed-287d-432f-93de-9ec98d925048: 112 datasets; 1.2 s; peak memory 1114 MiB.
2026-09-23T12:00:08Z INFO [197/372] 10aa45f0-7b83-4ae5-8f09-33e1974d351f: 155 datasets; 1.7 s; peak memory 1114 MiB.
2026-09-23T12:00:08Z INFO [198/372] 10ab8ef3-3e39-4688-8ed8-c75614062898: 99 datasets; 0.7 s; peak memory 1114 MiB.
2026-09-23T12:00:10Z INFO [199/372] 10ab9fea-0fad-4c8e-9bb3-8c0690d66fb8: 53 datasets; 1.4 s; peak memory 1114 MiB.
2026-09-23T12:00:17Z INFO [200/372] 10ac1a40-6918-4eea-b80c-d887bad92ae9: 55 datasets; 7.0 s; peak memory 1114 MiB.
2026-09-23T12:00:17Z INFO [200/372] 10ac1a40-6918-4eea-b80c-d887bad92ae9: checkpointed 54877 records.
2026-09-23T12:00:21Z INFO [201/372] 10ac24fa-5825-4aea-9812-b5f3eeada411: 229 datasets; 4.5 s; peak memory 1114 MiB.
2026-09-23T12:00:22Z INFO [202/372] 10ac8d87-44d4-4a9c-99f9-6048925f1047: 48 datasets; 0.7 s; peak memory 1114 MiB.
2026-09-23T12:00:24Z INFO [203/372] 10acb369-9b00-4445-820d-874ff9756c83: 71 datasets; 1.6 s; peak memory 1114 MiB.
2026-09-23T12:00:27Z INFO [204/372] 10ad1677-82fd-4be8-9240-dcf4305483c3: 50 datasets; 3.0 s; peak memory 1114 MiB.
2026-09-23T12:00:27Z INFO [205/372] 10ad37b2-a0a5-4dc6-9fe0-a6f7a50d1e3e: 48 datasets; 0.8 s; peak memory 1114 MiB.
2026-09-23T12:00:29Z INFO [206/372] 10ad5dc7-ec27-4cce-a60f-c4faa4100509: 117 datasets; 1.2 s; peak memory 1114 MiB.
2026-09-23T12:00:30Z INFO [207/372] 10ad84ef-aa40-462c-a687-07f78cb285a7: 71 datasets; 1.4 s; peak memory 1114 MiB.
2026-09-23T12:00:31Z INFO [208/372] 10addf21-e956-4991-a805-6a196122da65: 118 datasets; 0.9 s; peak memory 1114 MiB.
2026-09-23T12:00:32Z INFO [209/372] 10adf08a-31f4-47f7-b3ff-5147ded50ae8: 46 datasets; 0.9 s; peak memory 1114 MiB.
2026-09-23T12:00:33Z INFO [210/372] 10aef2ad-6e1e-4ba7-95f2-410cec75f270: 48 datasets; 0.9 s; peak memory 1114 MiB.
2026-09-23T12:00:33Z INFO [211/372] 10b018b3-cbd6-4c39-8b1f-02545f968f18: 46 datasets; 0.7 s; peak memory 1114 MiB.
2026-09-23T12:00:34Z INFO [212/372] 10b0a30f-7ca7-49bc-8748-cfe5e1c6b41f: 48 datasets; 1.0 s; peak memory 1114 MiB.
2026-09-23T12:00:52Z INFO [213/372] 10b1cc33-842b-4278-9a94-581e9ff5cf48: 1296 datasets; 17.4 s; peak memory 1114 MiB.
2026-09-23T12:00:53Z INFO [214/372] 10b252bd-c35e-4404-9299-7e8f908d2701: 112 datasets; 1.2 s; peak memory 1114 MiB.
2026-09-23T12:00:54Z INFO [215/372] 10b260b0-f641-485c-8c85-d0a453c41511: 46 datasets; 0.6 s; peak memory 1114 MiB.
2026-09-23T12:00:55Z INFO [216/372] 10b46a95-6809-4a74-8ac5-c76422b8ed35: 124 datasets; 1.4 s; peak memory 1114 MiB.
2026-09-23T12:00:56Z INFO [217/372] 10b55d33-e928-4cee-bad2-87297214a656: 117 datasets; 1.0 s; peak memory 1114 MiB.
2026-09-23T12:00:57Z INFO [218/372] 10b57a8c-21b0-4db6-b29a-fc37059fa6ff: 114 datasets; 0.9 s; peak memory 1114 MiB.
2026-09-23T12:01:03Z INFO [219/372] 10b68a32-6a7d-49a6-97cd-db75be278318: 738 datasets; 6.5 s; peak memory 1114 MiB.
2026-09-23T12:01:04Z INFO [220/372] 10b76568-d37f-487e-bedf-9ffec6fb5826: 46 datasets; 0.6 s; peak memory 1114 MiB.
2026-09-23T12:01:05Z INFO [221/372] 10b7a74f-8377-459d-8373-5c1865a13086: 117 datasets; 1.0 s; peak memory 1114 MiB.
2026-09-23T12:01:06Z INFO [222/372] 10b7da6c-f107-47be-96a0-762428173316: 118 datasets; 0.8 s; peak memory 1114 MiB.
2026-09-23T12:01:07Z INFO [223/372] 10b80e1c-2bd7-4461-8bb4-6076df6db724: 71 datasets; 1.1 s; peak memory 1114 MiB.
2026-09-23T12:01:08Z INFO [224/372] 10b89f37-59e3-4373-b7a5-1f720e92552b: 118 datasets; 0.8 s; peak memory 1114 MiB.
2026-09-23T12:01:08Z INFO [225/372] 10b8a17d-affb-409c-b982-b31c227a0ce1: 48 datasets; 0.8 s; peak memory 1114 MiB.
2026-09-23T12:01:09Z INFO [226/372] 10b94771-8302-4c5a-8e5a-103d23b6885b: 69 datasets; 0.9 s; peak memory 1114 MiB.
2026-09-23T12:01:10Z INFO [227/372] 10b9dfdd-3534-4acd-aab0-91ddb6d4e8e7: 48 datasets; 0.8 s; peak memory 1114 MiB.
2026-09-23T12:01:11Z INFO [228/372] 10bac657-1a4e-4311-9927-de5270d3f488: 71 datasets; 0.9 s; peak memory 1114 MiB.
2026-09-23T12:01:12Z INFO [229/372] 10baf779-6190-4e5a-ada9-4a38561f6c75: 112 datasets; 1.0 s; peak memory 1114 MiB.
2026-09-23T12:03:14Z INFO [230/372] 10bb6c77-c07e-40f7-a757-a888cf74f859: 413 datasets; 121.8 s; peak memory 1114 MiB.
2026-09-23T12:03:26Z INFO [231/372] 10bc82bc-bff0-4a7b-a211-9e646a1a052a: 728 datasets; 11.9 s; peak memory 1114 MiB.
2026-09-23T12:04:35Z INFO [232/372] 10bc872b-5417-4364-89b8-f24c221af3d7: 35404 datasets; 69.6 s; peak memory 1114 MiB.
2026-09-23T12:04:38Z INFO [233/372] 10bd4984-fe2d-4ea7-a756-7ecf0b63ae3d: 156 datasets; 2.3 s; peak memory 1114 MiB.
2026-09-23T12:04:39Z INFO [234/372] 10bd4ed4-fd94-4e18-9bfb-bc244460cec2: 38 datasets; 1.7 s; peak memory 1114 MiB.
2026-09-23T12:04:42Z INFO [235/372] 10bd564a-0216-4c74-a53d-9f9a76cc622e: 48 datasets; 2.8 s; peak memory 1114 MiB.
2026-09-23T12:04:43Z INFO [236/372] 10bdf545-1353-4293-a45f-8aa0d69d6aa0: 112 datasets; 1.2 s; peak memory 1114 MiB.
2026-09-23T12:04:44Z INFO [237/372] 10be0ba6-6a8a-49be-89de-b9be039d012e: 48 datasets; 0.9 s; peak memory 1114 MiB.
2026-09-23T12:04:45Z INFO [238/372] 10be6e12-2126-42e8-8bd8-3b805cddef7e: 48 datasets; 1.0 s; peak memory 1114 MiB.
2026-09-23T12:04:46Z INFO [239/372] 10be8d0f-dd52-4a9e-8fa6-ccef99f65484: 48 datasets; 0.8 s; peak memory 1114 MiB.
2026-09-23T12:04:47Z INFO [240/372] 10beb84b-915f-47ff-a688-63a74b26919f: 48 datasets; 1.0 s; peak memory 1114 MiB.
2026-09-23T12:04:48Z INFO [241/372] 10bee475-1ff0-49dd-8793-08341149034e: 117 datasets; 0.9 s; peak memory 1114 MiB.
2026-09-23T12:04:49Z INFO [242/372] 10c0626f-deb1-4721-ad8f-a42454b2cae0: 48 datasets; 0.9 s; peak memory 1114 MiB.
2026-09-23T12:04:53Z INFO [243/372] 10c09141-f929-4248-96bf-0df69eb1aff4: 553 datasets; 4.5 s; peak memory 1114 MiB.
2026-09-23T12:04:55Z INFO [244/372] 10c126dc-82aa-4a9f-add8-1187c584adc7: 275 datasets; 1.1 s; peak memory 1114 MiB.
2026-09-23T12:04:56Z INFO [245/372] 10c1622a-7b27-465c-a0f5-74277f13e97e: 117 datasets; 1.0 s; peak memory 1114 MiB.
2026-09-23T12:05:00Z INFO [246/372] 10c1b92c-92d2-45c9-9f24-d9e9f560671d: 229 datasets; 4.5 s; peak memory 1114 MiB.
2026-09-23T12:05:02Z INFO [247/372] 10c2225a-e450-447f-9f5c-415b3f38b8d2: 115 datasets; 2.0 s; peak memory 1114 MiB.
2026-09-23T12:05:04Z INFO [248/372] 10c23f50-a889-4e6f-97ab-9c665e01e9a2: 112 datasets; 1.5 s; peak memory 1114 MiB.
2026-09-23T12:05:05Z INFO [249/372] 10c263e1-016c-4629-9878-8a420acfd7da: 52 datasets; 1.0 s; peak memory 1114 MiB.
2026-09-23T12:08:51Z INFO [250/372] 10c33128-7ee2-4a7a-8316-0d0a721af464: 283 datasets; 226.1 s; peak memory 1114 MiB.
2026-09-23T12:08:51Z INFO [250/372] 10c33128-7ee2-4a7a-8316-0d0a721af464: checkpointed 54927 records.
2026-09-23T12:08:52Z INFO [251/372] 10c3aa50-c1e1-4746-9125-13f67eb8d49b: 48 datasets; 1.0 s; peak memory 1114 MiB.
2026-09-23T12:10:00Z INFO [252/372] 10c45119-8170-4dec-94f7-1ac65ecebb90: 58 datasets; 68.3 s; peak memory 1114 MiB.
2026-09-23T12:10:01Z INFO [253/372] 10c5a40e-6ecb-488a-906c-ad5bd297b31d: 45 datasets; 0.9 s; peak memory 1114 MiB.
2026-09-23T12:10:05Z INFO [254/372] 10c5afdd-9e2d-4858-b5b2-1ad2bd273b63: 257 datasets; 4.1 s; peak memory 1114 MiB.
2026-09-23T12:10:11Z INFO [255/372] 10c62505-9955-4d20-984e-956e0a860145: 229 datasets; 5.7 s; peak memory 1114 MiB.
2026-09-23T12:10:15Z INFO [256/372] 10c69522-84af-468b-8d9e-2c77bd203358: 229 datasets; 4.4 s; peak memory 1114 MiB.
2026-09-23T12:10:16Z INFO [257/372] 10c6f29b-44f6-4d4c-aeae-f1ecee22023c: 48 datasets; 0.9 s; peak memory 1114 MiB.
2026-09-23T12:10:21Z INFO [258/372] 10c77839-0ec9-4b72-ad30-7c866d5be50d: 208 datasets; 4.9 s; peak memory 1114 MiB.
2026-09-23T12:10:28Z INFO [259/372] 10c803d2-f8bd-44af-b94c-93628e3e6b7f: 336 datasets; 7.6 s; peak memory 1114 MiB.
2026-09-23T12:10:31Z INFO [260/372] 10c80d65-a105-48e7-bf54-4736142be19d: 154 datasets; 2.2 s; peak memory 1114 MiB.
2026-09-23T12:10:32Z INFO [261/372] 10c95e9a-7e41-42d4-aca8-366bcbce4949: 110 datasets; 0.9 s; peak memory 1114 MiB.
2026-09-23T12:10:35Z INFO [262/372] 10cab119-ca20-4fb6-bb8c-533b50a93826: 516 datasets; 3.7 s; peak memory 1114 MiB.
2026-09-23T12:10:36Z INFO [263/372] 10cb11a1-cc0e-4b04-a4a9-97836658d33b: 117 datasets; 1.0 s; peak memory 1114 MiB.
2026-09-23T12:10:42Z INFO [264/372] 10cc898e-a7eb-4a3b-9196-b875096b232e: 538 datasets; 5.4 s; peak memory 1114 MiB.
2026-09-23T12:10:44Z INFO [265/372] 10cd2971-cece-4596-aa26-186faa31d3d5: 38 datasets; 1.9 s; peak memory 1114 MiB.
2026-09-23T12:11:01Z INFO [266/372] 10cd51e4-1c01-4ca3-8603-4966d4be979b: 522 datasets; 17.7 s; peak memory 1114 MiB.
2026-09-23T12:11:03Z INFO [267/372] 10ce2fef-64f7-4030-945e-32f58f2d663c: 71 datasets; 1.8 s; peak memory 1114 MiB.
2026-09-23T12:11:04Z INFO [268/372] 10d0b5e3-2e9f-4620-81bc-2a91aa1724d9: 48 datasets; 1.0 s; peak memory 1114 MiB.
2026-09-23T12:14:46Z INFO [269/372] 10d13e84-1072-47b2-8910-075b440b8997: 417 datasets; 221.9 s; peak memory 1114 MiB.
2026-09-23T12:14:50Z INFO [270/372] 10d1bd9d-3abf-4dad-abf1-789abac5e4fa: 605 datasets; 4.1 s; peak memory 1114 MiB.
2026-09-23T12:14:51Z INFO [271/372] 10d1c8f1-b45f-405a-9e6a-29f9cb2bd1b0: 56 datasets; 0.8 s; peak memory 1114 MiB.
2026-09-23T12:14:52Z INFO [272/372] 10d20c0b-7913-49da-bcd3-0fab7cbcbce4: 51 datasets; 1.2 s; peak memory 1114 MiB.
2026-09-23T12:14:53Z INFO [273/372] 10d27456-2817-4c65-92ba-4bb109cce220: 48 datasets; 0.9 s; peak memory 1114 MiB.
2026-09-23T12:15:02Z INFO [274/372] 10d27abe-5550-4377-9558-456e973e13d4: 409 datasets; 9.0 s; peak memory 1114 MiB.
2026-09-23T12:15:04Z INFO [275/372] 10d27b10-c6bf-4efe-8888-c97051724d97: 71 datasets; 1.7 s; peak memory 1114 MiB.
2026-09-23T12:15:05Z INFO [276/372] 10d28e71-7619-42f2-8a5d-c5adbbe72391: 64 datasets; 1.4 s; peak memory 1114 MiB.
2026-09-23T12:15:06Z INFO [277/372] 10d2bf09-784e-4c4f-bd31-d8dd54807a99: 48 datasets; 1.1 s; peak memory 1114 MiB.
2026-09-23T12:15:07Z INFO [278/372] 10d2d3e2-abc3-4276-83bf-8b2e727cf997: 48 datasets; 0.9 s; peak memory 1114 MiB.
2026-09-23T12:15:08Z INFO [279/372] 10d2f549-c4c7-46d5-a4e3-0d76b5d042a6: 48 datasets; 1.0 s; peak memory 1114 MiB.
2026-09-23T12:15:10Z INFO [280/372] 10d489bc-7dd7-4a23-9742-c9f4982450a2: 116 datasets; 2.3 s; peak memory 1114 MiB.
2026-09-23T12:15:15Z INFO [281/372] 10d4c9e8-67de-46fb-ad38-e16f1e9207e5: 208 datasets; 4.5 s; peak memory 1114 MiB.
2026-09-23T12:15:16Z INFO [282/372] 10d4e558-25cf-42f6-907f-5d131825d9a4: 117 datasets; 0.9 s; peak memory 1114 MiB.
2026-09-23T12:15:17Z INFO [283/372] 10d5545e-3aeb-4a58-b699-70399b8a74f9: 116 datasets; 1.1 s; peak memory 1114 MiB.
2026-09-23T12:41:10Z INFO [284/372] 10d5cebb-c6c5-45e9-9832-8127e2d639bf: 252 datasets; 1552.8 s; peak memory 1235 MiB.
2026-09-23T12:41:12Z INFO [285/372] 10d72323-f2cd-4df3-8295-290261f509e3: 101 datasets; 2.4 s; peak memory 1235 MiB.
2026-09-23T12:41:13Z INFO [286/372] 10d834b6-0201-46ad-84c1-c2b8abad8158: 52 datasets; 0.9 s; peak memory 1235 MiB.
2026-09-23T12:41:14Z INFO [287/372] 10d858cc-3b34-4243-9fcb-b9103b4b2e88: 48 datasets; 0.8 s; peak memory 1235 MiB.
2026-09-23T12:41:15Z INFO [288/372] 10d9568a-8d0f-48f9-b710-7888e0af7d5d: 112 datasets; 1.6 s; peak memory 1235 MiB.
2026-09-23T12:41:17Z INFO [289/372] 10d96039-6634-4b40-991b-1943d858a19d: 170 datasets; 1.3 s; peak memory 1235 MiB.
2026-09-23T12:41:18Z INFO [290/372] 10d9bc02-74ab-402e-ac14-d807c6d5cbef: 112 datasets; 1.4 s; peak memory 1235 MiB.
2026-09-23T12:41:19Z INFO [291/372] 10d9fc9e-50b8-4312-bed7-5a0fe18cc39a: 116 datasets; 1.1 s; peak memory 1235 MiB.
2026-09-23T12:43:06Z INFO [292/372] 10da5baa-93da-4231-b0ce-7c7175a9925f: 167 datasets; 106.5 s; peak memory 1235 MiB.
2026-09-23T12:43:07Z INFO [293/372] 10da9e8b-9723-42ff-9e3a-458623918f4e: 116 datasets; 0.9 s; peak memory 1235 MiB.
2026-09-23T12:43:07Z INFO [294/372] 10dab54f-f097-4574-bf33-ac8d47a00e56: 48 datasets; 1.0 s; peak memory 1235 MiB.
2026-09-23T12:43:17Z INFO [295/372] 10dada62-f0c0-4c85-b536-1e4e2e8c77c6: 991 datasets; 9.1 s; peak memory 1235 MiB.
2026-09-23T12:43:17Z INFO [296/372] 10dbd649-ebd2-4dff-841e-7009b85fe353: 72 datasets; 0.9 s; peak memory 1235 MiB.
2026-09-23T12:43:18Z INFO [297/372] 10dc7724-bd98-43ff-b22a-110abcfdb303: 48 datasets; 0.7 s; peak memory 1235 MiB.
2026-09-23T12:43:24Z INFO [298/372] 10dcc047-e3a7-4af6-a859-d4768b884125: 82 datasets; 6.2 s; peak memory 1235 MiB.
2026-09-23T12:43:26Z INFO [299/372] 10dd2b1f-1aa8-49ac-aa59-08f2ccfb412f: 116 datasets; 1.7 s; peak memory 1235 MiB.
2026-09-23T12:43:28Z INFO [300/372] 10dd60e4-843c-4ebb-8109-52903eee9e85: 101 datasets; 1.4 s; peak memory 1235 MiB.
2026-09-23T12:43:28Z INFO [300/372] 10dd60e4-843c-4ebb-8109-52903eee9e85: checkpointed 54977 records.
2026-09-23T12:43:32Z INFO [301/372] 10dd8524-737f-41e2-9026-5045c74ae632: 170 datasets; 3.9 s; peak memory 1235 MiB.
2026-09-23T12:45:05Z INFO [302/372] 10de1718-c4af-41ca-b16f-f4ed2e60968b: 54 datasets; 93.2 s; peak memory 1235 MiB.
2026-09-23T12:45:20Z INFO [303/372] 10df3632-ece9-483e-aa22-d1886fbc9b7f: 1036 datasets; 15.2 s; peak memory 1235 MiB.
2026-09-23T12:45:21Z INFO [304/372] 10e0ff74-3f81-4710-8210-ecd94fae833e: 131 datasets; 1.3 s; peak memory 1235 MiB.
2026-09-23T12:45:23Z INFO [305/372] 10e17085-9209-4f3a-95de-7ab80470c774: 71 datasets; 1.3 s; peak memory 1235 MiB.
2026-09-23T12:45:30Z INFO [306/372] 10e181d3-583b-4e05-ab13-a216a50fa551: 410 datasets; 7.4 s; peak memory 1235 MiB.
2026-09-23T12:45:34Z INFO [307/372] 10e1f4c6-8bed-4d9b-a4e6-d48900069d9e: 229 datasets; 4.5 s; peak memory 1235 MiB.
2026-09-23T12:45:35Z INFO [308/372] 10e427ed-1958-4dbf-b16c-02003887e428: 112 datasets; 1.0 s; peak memory 1235 MiB.
2026-09-23T12:45:36Z INFO [309/372] 10e43dfb-88ee-4f31-a224-901a03f63dc7: 48 datasets; 0.9 s; peak memory 1235 MiB.
2026-09-23T12:45:37Z INFO [310/372] 10e76c3f-f36e-432b-9c23-8cac0cd76167: 112 datasets; 1.1 s; peak memory 1235 MiB.
2026-09-23T12:45:38Z INFO [311/372] 10e78344-55d9-45fb-93f6-95f2259b19f9: 48 datasets; 1.0 s; peak memory 1235 MiB.
2026-09-23T12:45:39Z INFO [312/372] 10e79aac-b89e-4d3b-b357-3526b0bd3d49: 70 datasets; 1.1 s; peak memory 1235 MiB.
2026-09-23T12:45:40Z INFO [313/372] 10e7bb69-db77-4ead-8be0-1e202fa0a810: 48 datasets; 0.9 s; peak memory 1235 MiB.
2026-09-23T12:45:42Z INFO [314/372] 10e7fb59-bcce-49b0-9fba-114e0271f597: 39 datasets; 2.2 s; peak memory 1235 MiB.
2026-09-23T12:45:43Z INFO [315/372] 10e81bea-c4b7-4d12-a50e-131c500ba6c1: 116 datasets; 1.0 s; peak memory 1235 MiB.
2026-09-23T12:45:45Z INFO [316/372] 10e81da0-21fe-4233-be83-382ab6326320: 112 datasets; 1.3 s; peak memory 1235 MiB.
2026-09-23T12:45:46Z INFO [317/372] 10e89006-736c-43ac-a1e3-0be61a35f1a2: 48 datasets; 0.7 s; peak memory 1235 MiB.
2026-09-23T12:45:46Z INFO [318/372] 10ea15d0-f884-4c8e-8d02-7928d2abd8ea: 46 datasets; 0.8 s; peak memory 1235 MiB.
2026-09-23T12:45:48Z INFO [319/372] 10ea4ef5-6a71-457d-afa0-8819d7ef7726: 101 datasets; 1.3 s; peak memory 1235 MiB.
2026-09-23T12:45:56Z INFO [320/372] 10eb2efc-744c-48ac-a518-1ce20bcba6b9: 916 datasets; 8.3 s; peak memory 1235 MiB.
2026-09-23T12:45:58Z INFO [321/372] 10ebad13-2e07-4a4f-817f-ff5cba863e97: 38 datasets; 1.8 s; peak memory 1235 MiB.
2026-09-23T12:45:59Z INFO [322/372] 10ebd607-49c6-412f-b54a-f9d2038f039f: 62 datasets; 1.2 s; peak memory 1235 MiB.
2026-09-23T12:46:00Z INFO [323/372] 10ec5d5b-8461-4439-a47d-e59d137a962a: 51 datasets; 1.3 s; peak memory 1235 MiB.
2026-09-23T12:46:23Z INFO [324/372] 10ec78b9-2647-4a1f-b41a-226052cbdd3a: 48 datasets; 23.1 s; peak memory 1235 MiB.
2026-09-23T12:46:24Z INFO [325/372] 10ed2569-a1df-451b-90f0-c2f4250801b3: 117 datasets; 0.9 s; peak memory 1235 MiB.
2026-09-23T12:46:25Z INFO [326/372] 10edea5e-3b6a-4462-99a2-70c210154433: 47 datasets; 0.9 s; peak memory 1235 MiB.
2026-09-23T12:46:29Z INFO [327/372] 10ee88c9-7fc8-4882-be44-9b1fab3c74eb: 225 datasets; 4.3 s; peak memory 1235 MiB.
2026-09-23T12:46:30Z INFO [328/372] 10eea603-0faa-40c2-83fc-11dbc0246578: 117 datasets; 0.7 s; peak memory 1235 MiB.
2026-09-23T12:46:31Z INFO [329/372] 10ef76fd-d7cb-45cd-82d8-d41f9148e9da: 48 datasets; 0.6 s; peak memory 1235 MiB.
2026-09-23T12:46:32Z INFO [330/372] 10ef858a-0e8c-4c87-857f-6c32edf47b80: 117 datasets; 0.9 s; peak memory 1235 MiB.
2026-09-23T12:47:36Z INFO [331/372] 10efb5ed-f4ca-4742-a8be-9eea4e2cd50e: 58 datasets; 64.3 s; peak memory 1235 MiB.
2026-09-23T12:47:37Z INFO [332/372] 10f1c071-fe44-4fac-b3af-83596e8705e8: 69 datasets; 1.1 s; peak memory 1235 MiB.
2026-09-23T12:47:44Z INFO [333/372] 10f1ee32-f8f3-4e9c-bb3c-3788f8ac48a8: 108 datasets; 7.4 s; peak memory 1235 MiB.
2026-09-23T12:47:45Z INFO [334/372] 10f1f773-b196-4b4d-80aa-98cf371203a9: 81 datasets; 1.0 s; peak memory 1235 MiB.
2026-09-23T12:47:47Z INFO [335/372] 10f29c41-58e4-4761-b709-e614b119f8a1: 71 datasets; 1.5 s; peak memory 1235 MiB.
2026-09-23T12:47:48Z INFO [336/372] 10f2cb2a-19da-484d-a181-ba87dd900f95: 71 datasets; 1.0 s; peak memory 1235 MiB.
2026-09-23T12:47:55Z INFO [337/372] 10f351f7-26a3-4bb2-9f93-31cb4c074869: 9087 datasets; 7.5 s; peak memory 1235 MiB.
2026-09-23T12:48:18Z INFO [338/372] 10f589cc-a5a6-4d48-b547-ce05bf8f8969: 1039 datasets; 22.8 s; peak memory 1235 MiB.
2026-09-23T12:48:19Z INFO [339/372] 10f5bd66-78cb-4ee5-b866-7e812c68f95f: 112 datasets; 1.2 s; peak memory 1235 MiB.
2026-09-23T12:48:20Z INFO [340/372] 10f6b5a5-1c7c-4cfe-bad5-2f7bd15c8e1e: 48 datasets; 0.8 s; peak memory 1235 MiB.
2026-09-23T12:48:21Z INFO [341/372] 10f6df6d-4fa1-495b-bea3-0ac38c98a0c7: 52 datasets; 1.0 s; peak memory 1235 MiB.
2026-09-23T12:48:39Z INFO [342/372] 10f71536-d109-4ecc-a171-f81568b25be2: 48 datasets; 17.7 s; peak memory 1235 MiB.
2026-09-23T12:50:21Z INFO [343/372] 10f82ca6-8a40-42eb-ad5f-4a983dd74e7b: 260 datasets; 102.0 s; peak memory 1235 MiB.
2026-09-23T12:50:22Z INFO [344/372] 10f85ba3-1598-4868-b185-21f9c88bc116: 118 datasets; 1.0 s; peak memory 1235 MiB.
2026-09-23T12:50:23Z INFO [345/372] 10f9bbdc-c66b-496e-8f5b-63ab76db9504: 48 datasets; 1.0 s; peak memory 1235 MiB.
2026-09-23T12:50:24Z INFO [346/372] 10f9f739-c32d-43c9-b320-e0670a8ad6db: 66 datasets; 0.8 s; peak memory 1235 MiB.
2026-09-23T12:50:25Z INFO [347/372] 10fa28c9-c4dd-4452-826b-00c15fd30957: 52 datasets; 0.9 s; peak memory 1235 MiB.
2026-09-23T12:50:29Z INFO [348/372] 10fa3695-18be-477c-892d-081c7603adec: 229 datasets; 4.4 s; peak memory 1235 MiB.
2026-09-23T12:50:30Z INFO [349/372] 10fa3b9a-d3d0-4b04-8ebf-c6996aafde97: 110 datasets; 1.1 s; peak memory 1235 MiB.
2026-09-23T12:50:32Z INFO [350/372] 10fadef3-7d38-495a-be0a-c2c7fe5cc582: 115 datasets; 2.2 s; peak memory 1235 MiB.
2026-09-23T12:50:32Z INFO [350/372] 10fadef3-7d38-495a-be0a-c2c7fe5cc582: checkpointed 55027 records.
2026-09-23T12:50:34Z INFO [351/372] 10fb170f-2a5c-4510-8e3d-dbb4d892bf9b: 110 datasets; 1.5 s; peak memory 1235 MiB.
2026-09-23T12:50:35Z INFO [352/372] 10fc3634-694f-4185-b272-36f90ebe84ec: 119 datasets; 1.0 s; peak memory 1235 MiB.
2026-09-23T12:50:37Z INFO [353/372] 10fc5c11-9210-42a0-a451-dc41575a5a36: 44 datasets; 2.6 s; peak memory 1235 MiB.
2026-09-23T12:50:39Z INFO [354/372] 10fc8a38-982a-43da-8d37-f73c72cf2223: 71 datasets; 1.3 s; peak memory 1235 MiB.
2026-09-23T12:51:29Z INFO [355/372] 10fc9065-8942-45c9-aa75-1ec102f09a62: 5222 datasets; 50.7 s; peak memory 1235 MiB.
2026-09-23T12:51:31Z INFO [356/372] 10fcc4c9-1cd6-4aab-948f-f3ba063ed0d7: 51 datasets; 1.3 s; peak memory 1235 MiB.
2026-09-23T12:51:31Z INFO [357/372] 10fdd593-4791-4056-a9ce-1d2e1047c293: 50 datasets; 0.6 s; peak memory 1235 MiB.
2026-09-23T12:51:44Z INFO [358/372] 10fe80f9-ba1d-4a3c-9b19-125f82a99194: 1794 datasets; 12.7 s; peak memory 1235 MiB.
2026-09-23T12:52:03Z INFO [359/372] 110111dc-0ada-4bf2-a906-edb792f0a0b4: 48 datasets; 18.5 s; peak memory 1235 MiB.
2026-09-23T12:52:04Z INFO [360/372] 11014c03-bc80-474e-9fcd-790542c71235: 48 datasets; 0.9 s; peak memory 1235 MiB.
2026-09-23T12:52:04Z INFO [361/372] 11018df0-95fb-4749-a468-026fe7f83057: 116 datasets; 1.0 s; peak memory 1235 MiB.
2026-09-23T12:52:06Z INFO [362/372] 1102bf79-f1ea-4f33-8a50-a149b84cc941: 66 datasets; 1.0 s; peak memory 1235 MiB.
2026-09-23T12:52:07Z INFO [363/372] 110352dd-c975-40ec-8692-44514852f6ea: 117 datasets; 1.2 s; peak memory 1235 MiB.
2026-09-23T12:52:08Z INFO [364/372] 11037bd7-db35-4a26-9398-c8559d80df39: 48 datasets; 1.0 s; peak memory 1235 MiB.
2026-09-23T12:52:09Z INFO [365/372] 110396c5-4199-459b-ab6d-e04c6c73fda9: 69 datasets; 1.3 s; peak memory 1235 MiB.
2026-09-23T12:52:17Z INFO [366/372] 1103a605-bf22-41cb-bc3f-e2de2172cf23: 628 datasets; 8.2 s; peak memory 1235 MiB.
2026-09-23T12:52:19Z INFO [367/372] 1103eb85-5038-49dd-8624-b4658b6b04ca: 71 datasets; 1.3 s; peak memory 1235 MiB.
2026-09-23T12:52:20Z INFO [368/372] 1105bc53-1037-4407-8423-1e851758a844: 116 datasets; 1.0 s; peak memory 1235 MiB.
2026-09-23T12:52:20Z INFO [369/372] 1105c3e5-ad8b-436c-8e40-39925c7e9845: 48 datasets; 0.9 s; peak memory 1235 MiB.
2026-09-23T12:52:22Z INFO [370/372] 1106370f-3b4f-4278-83cd-fd3bbd99d9a3: 76 datasets; 1.2 s; peak memory 1235 MiB.
2026-09-23T12:52:23Z INFO [371/372] 110725c6-69dc-4a70-a960-fce3977e136e: 72 datasets; 1.2 s; peak memory 1235 MiB.
2026-09-23T12:52:24Z INFO [372/372] 11083dba-f6b6-450d-9709-0ac34e362564: 101 datasets; 1.3 s; peak memory 1235 MiB.
2026-09-23T12:52:24Z INFO Wrote 55049 records to /tmp/derivatives/valid_nwb_file_to_number_of_datasets.jsonl (372 new, 0 failed) in 95.9 min (peak memory 1235 MiB).
