2026-10-10T22:02:46Z INFO Logging to /tmp/logs/update_2026-10-10T22-02-46Z.log.
2026-10-10T22:02:46Z INFO Update valid-nwb-file-to-number-of-datasets (base directory /tmp).
2026-10-10T22:02:46Z INFO Processing 750 items (122085 already recorded).
2026-10-10T22:02:48Z INFO [1/750] 9bd78c6e-323d-45f6-a540-2dd620ef6ed3: 112 datasets; 2.2 s; peak memory 126 MiB.
2026-10-10T22:02:50Z INFO [2/750] 9bd7f4ba-970f-4f92-bcb1-cb7e7e5c6d8c: 112 datasets; 1.9 s; peak memory 126 MiB.
2026-10-10T22:02:51Z INFO [3/750] 9bd80bb1-e262-46ed-bfb2-5b4e2893ef26: 48 datasets; 1.3 s; peak memory 126 MiB.
2026-10-10T22:02:53Z INFO [4/750] 9bd816da-7fb5-424f-b47c-95866a1590b0: 48 datasets; 1.3 s; peak memory 126 MiB.
2026-10-10T22:12:59Z INFO [5/750] 9bd9bd10-6e2d-4645-8a22-f17c8d26f407: 58 datasets; 606.7 s; peak memory 1121 MiB.
2026-10-10T22:13:06Z INFO [6/750] 9bdaaa28-332c-424e-8535-7f70bbd32a0d: 174 datasets; 6.4 s; peak memory 1121 MiB.
2026-10-10T22:13:07Z INFO [7/750] 9bdafcee-1b31-4fad-98f7-72d7abc33778: 48 datasets; 1.3 s; peak memory 1121 MiB.
2026-10-10T22:13:09Z INFO [8/750] 9bdb6b3b-e715-4cc2-a17b-cbae36ece2d1: 289 datasets; 2.1 s; peak memory 1121 MiB.
2026-10-10T22:13:10Z INFO [9/750] 9bdb7859-1729-4314-93c1-7a7b3bde0262: 48 datasets; 1.5 s; peak memory 1121 MiB.
2026-10-10T22:13:22Z INFO [10/750] 9bdbd307-0fdc-4231-8577-f0025839b90e: 44 datasets; 11.2 s; peak memory 1121 MiB.
2026-10-10T22:13:23Z INFO [11/750] 9bdcedd4-45ea-4f0a-aa15-a5ec6bc0d715: 48 datasets; 1.5 s; peak memory 1121 MiB.
2026-10-10T22:13:27Z INFO [12/750] 9bdd3537-5715-4a09-b173-0c8ab14d15f6: 115 datasets; 3.5 s; peak memory 1121 MiB.
2026-10-10T22:13:33Z INFO [13/750] 9bdddaa3-456b-459a-9b4f-d227e9c9e7fd: 174 datasets; 6.2 s; peak memory 1121 MiB.
2026-10-10T22:13:37Z INFO [14/750] 9bde2bde-5f06-4546-aabe-920ccf547f2e: 197 datasets; 4.1 s; peak memory 1121 MiB.
2026-10-10T22:13:48Z INFO [15/750] 9bdf6c53-b448-47c9-af59-1e5144a7fb59: 721 datasets; 10.6 s; peak memory 1121 MiB.
2026-10-10T22:13:49Z INFO [16/750] 9bdfbd15-9c4b-487f-86bf-d678880780ea: 48 datasets; 1.5 s; peak memory 1121 MiB.
2026-10-10T22:13:50Z INFO [17/750] 9be0cd42-0b94-47ca-a63f-dafdee66a041: 48 datasets; 1.4 s; peak memory 1121 MiB.
2026-10-10T22:13:52Z INFO [18/750] 9be114eb-b859-493d-ab04-a895e287d76e: 117 datasets; 1.6 s; peak memory 1121 MiB.
2026-10-10T22:13:54Z INFO [19/750] 9be298db-45d1-4c81-ac29-cc63576996d4: 112 datasets; 2.0 s; peak memory 1121 MiB.
2026-10-10T22:13:55Z INFO [20/750] 9be410c8-2cda-47d4-9bf5-0604d096032f: 118 datasets; 1.4 s; peak memory 1121 MiB.
2026-10-10T22:13:57Z INFO [21/750] 9be49153-7682-4800-bfca-fb2069501d92: 112 datasets; 2.0 s; peak memory 1121 MiB.
2026-10-10T22:14:00Z INFO [22/750] 9be54713-9ce6-47ee-9049-b72a9e7ef523: 121 datasets; 2.3 s; peak memory 1121 MiB.
2026-10-10T22:14:02Z INFO [23/750] 9be56c4c-ecd6-4475-aec5-57f672f6999f: 112 datasets; 1.8 s; peak memory 1121 MiB.
2026-10-10T22:14:03Z INFO [24/750] 9be62faf-b507-4ce7-8ab0-30bd081b4013: 112 datasets; 1.9 s; peak memory 1121 MiB.
2026-10-10T22:14:06Z INFO [25/750] 9be6b47f-365e-4fe5-a75a-446dcd590ae1: 71 datasets; 2.2 s; peak memory 1121 MiB.
2026-10-10T22:14:09Z INFO [26/750] 9be7394a-25e5-4106-ae34-544ea313f47a: 115 datasets; 3.0 s; peak memory 1121 MiB.
2026-10-10T22:14:12Z INFO [27/750] 9be7709d-e76f-44e0-af54-78b2f86b8423: 172 datasets; 3.2 s; peak memory 1121 MiB.
2026-10-10T22:14:16Z INFO [28/750] 9be83abc-b7b4-431c-bf0f-1bd52576d622: 179 datasets; 4.2 s; peak memory 1121 MiB.
2026-10-10T22:14:18Z INFO [29/750] 9be99b00-cc69-433a-b73e-9d2e708eb781: 112 datasets; 1.7 s; peak memory 1121 MiB.
2026-10-10T22:14:19Z INFO [30/750] 9be9b01d-e112-4986-b50a-5f0c8d4ae6df: 46 datasets; 1.1 s; peak memory 1121 MiB.
2026-10-10T22:14:20Z INFO [31/750] 9bea7b3f-1474-4f87-aff4-219e8ff86b85: 39 datasets; 1.5 s; peak memory 1121 MiB.
2026-10-10T22:14:22Z INFO [32/750] 9bec17ac-5072-46f6-a5bb-f9ec0633097b: 112 datasets; 1.9 s; peak memory 1121 MiB.
2026-10-10T22:14:23Z INFO [33/750] 9bec529a-f13f-4773-930a-fcd7b750e540: 84 datasets; 1.3 s; peak memory 1121 MiB.
2026-10-10T22:14:25Z INFO [34/750] 9bec78c0-d2ac-4c9a-8ffb-4affcb581822: 48 datasets; 1.3 s; peak memory 1121 MiB.
2026-10-10T22:14:27Z INFO [35/750] 9bec930c-59cf-45ce-90bb-eace410c2f26: 69 datasets; 2.0 s; peak memory 1121 MiB.
2026-10-10T22:14:28Z INFO [36/750] 9becd8d7-d3b3-4532-aa1a-dbec8227745b: 117 datasets; 1.7 s; peak memory 1121 MiB.
2026-10-10T22:14:37Z INFO [37/750] 9becf1ee-4a39-46b0-94e3-889759d2a828: 669 datasets; 8.2 s; peak memory 1121 MiB.
2026-10-10T22:14:49Z INFO [38/750] 9bee259f-7c91-434c-8329-b042e634a1e9: 693 datasets; 12.0 s; peak memory 1121 MiB.
2026-10-10T22:15:22Z INFO [39/750] 9bee519b-a0e0-4ea0-8775-dead950312af: 7892 datasets; 33.5 s; peak memory 1121 MiB.
2026-10-10T22:15:24Z INFO [40/750] 9bee8e12-0d4c-443a-b616-49cc8060a50b: 48 datasets; 1.5 s; peak memory 1121 MiB.
2026-10-10T22:15:26Z INFO [41/750] 9bee9165-3409-48c6-89f1-7579d16b0a1c: 112 datasets; 2.2 s; peak memory 1121 MiB.
2026-10-10T22:15:27Z INFO [42/750] 9bee9898-b3a1-4be7-bf5d-5f4fbf75cbe9: 112 datasets; 1.2 s; peak memory 1121 MiB.
2026-10-10T22:16:50Z INFO [43/750] 9beee678-3727-43e9-891d-6785f1e15737: 58 datasets; 82.7 s; peak memory 1121 MiB.
2026-10-10T22:16:51Z INFO [44/750] 9bef6c3c-8ada-4854-a2e5-a82e6f73c52c: 38 datasets; 1.4 s; peak memory 1121 MiB.
2026-10-10T22:16:52Z INFO [45/750] 9befdcf1-6572-47d1-ba27-d5f7df7698ab: 48 datasets; 1.3 s; peak memory 1121 MiB.
2026-10-10T22:16:54Z INFO [46/750] 9bf09e35-20ba-4bec-9a1d-7205b2b8d6f7: 110 datasets; 1.8 s; peak memory 1121 MiB.
2026-10-10T22:16:56Z INFO [47/750] 9bf0a549-be9b-4de3-a745-4376a6732913: 69 datasets; 1.7 s; peak memory 1121 MiB.
2026-10-10T22:16:59Z INFO [48/750] 9bf1a2a4-bc52-4312-a352-fbb9912d3f3a: 114 datasets; 3.3 s; peak memory 1121 MiB.
2026-10-10T22:17:10Z INFO [49/750] 9bf20b0f-b592-45b4-ba20-4d05f3dcf71b: 863 datasets; 10.9 s; peak memory 1121 MiB.
2026-10-10T22:17:19Z INFO [50/750] 9bf2450a-c9df-42ee-8294-57fc0c7743ac: 537 datasets; 8.7 s; peak memory 1121 MiB.
2026-10-10T22:17:19Z INFO [50/750] 9bf2450a-c9df-42ee-8294-57fc0c7743ac: checkpointed 122135 new records.
2026-10-10T22:17:21Z INFO [51/750] 9bf29ca6-ccdc-42d3-8a5a-cbc94896184a: 117 datasets; 1.8 s; peak memory 1121 MiB.
2026-10-10T22:17:22Z INFO [52/750] 9bf31113-9cf8-48c9-b4cc-ba34ffd67b5d: 57 datasets; 1.1 s; peak memory 1121 MiB.
2026-10-10T22:17:23Z INFO [53/750] 9bf3b1df-b76a-43c4-9145-0eae61127859: 48 datasets; 1.3 s; peak memory 1121 MiB.
2026-10-10T22:17:25Z INFO [54/750] 9bf40d12-c038-4d71-bad4-c104b52431bc: 118 datasets; 1.6 s; peak memory 1121 MiB.
2026-10-10T22:17:27Z INFO [55/750] 9bf4e7f6-4e54-4a99-9b81-aa08158e8718: 53 datasets; 2.5 s; peak memory 1121 MiB.
2026-10-10T22:17:29Z INFO [56/750] 9bf5202f-89c5-47d5-8bfb-1b1693b0fb62: 48 datasets; 1.4 s; peak memory 1121 MiB.
2026-10-10T22:17:32Z INFO [57/750] 9bf598d5-9be6-4408-9a3c-ac1649ce32c7: 71 datasets; 2.8 s; peak memory 1121 MiB.
2026-10-10T22:17:33Z INFO [58/750] 9bf5f168-9982-4557-b6b9-2931a87e0c9b: 117 datasets; 1.6 s; peak memory 1121 MiB.
2026-10-10T22:17:42Z INFO [59/750] 9bf624b2-3060-4ff9-a58a-76fe968536ca: 573 datasets; 8.8 s; peak memory 1121 MiB.
2026-10-10T22:17:43Z INFO [60/750] 9bf63338-81ee-4008-88cc-b92e4a435c49: 50 datasets; 1.4 s; peak memory 1121 MiB.
2026-10-10T22:17:45Z INFO [61/750] 9bf78973-f102-4eb8-9456-d469fc5892f0: 66 datasets; 2.0 s; peak memory 1121 MiB.
2026-10-10T22:17:47Z INFO [62/750] 9bf81058-eadc-44f4-9c91-3dee19325bd5: 117 datasets; 1.7 s; peak memory 1121 MiB.
2026-10-10T22:17:49Z INFO [63/750] 9bf8769f-4a75-4c45-994a-42995c514b24: 116 datasets; 1.8 s; peak memory 1121 MiB.
2026-10-10T22:17:51Z INFO [64/750] 9bf921fb-6ab2-4127-814e-a98c85c1d092: 66 datasets; 1.9 s; peak memory 1121 MiB.
2026-10-10T22:17:52Z INFO [65/750] 9bf9a706-9169-4dde-8383-ac57a5091dc3: 48 datasets; 1.4 s; peak memory 1121 MiB.
2026-10-10T22:17:55Z INFO [66/750] 9bf9fe18-e756-42a0-92f1-d71bc98b2db0: 38 datasets; 2.6 s; peak memory 1121 MiB.
2026-10-10T22:17:56Z INFO [67/750] 9bfa22dd-1701-4b40-b854-dca639aa4968: 48 datasets; 1.2 s; peak memory 1121 MiB.
2026-10-10T22:17:57Z INFO [68/750] 9bfa4ed7-2e5b-4350-be22-959ecda7a61b: 48 datasets; 1.4 s; peak memory 1121 MiB.
2026-10-10T22:18:01Z INFO [69/750] 9bfaa5cf-d100-435a-b2f2-7025f4c9aa04: 115 datasets; 3.4 s; peak memory 1121 MiB.
2026-10-10T22:18:02Z INFO [70/750] 9bfabf89-dff7-4a32-880e-2089b66912a7: 48 datasets; 1.4 s; peak memory 1121 MiB.
2026-10-10T22:18:04Z INFO [71/750] 9bfb6d2c-89d7-4d04-b7e8-15beaa052e26: 48 datasets; 1.5 s; peak memory 1121 MiB.
2026-10-10T22:18:05Z INFO [72/750] 9bfc6a26-81e0-4bbe-a02f-45d60fe284bf: 46 datasets; 1.1 s; peak memory 1121 MiB.
2026-10-10T22:18:13Z INFO [73/750] 9bfcf703-0618-450f-b3ed-1e4ff6214fd4: 491 datasets; 8.6 s; peak memory 1121 MiB.
2026-10-10T22:18:15Z INFO [74/750] 9bfd3852-a97e-41a3-b219-74f6bd5b8000: 132 datasets; 1.7 s; peak memory 1121 MiB.
2026-10-10T22:18:17Z INFO [75/750] 9bfdf07e-c45a-4e45-bd7c-fff2253a6718: 79 datasets; 1.7 s; peak memory 1121 MiB.
2026-10-10T22:18:18Z INFO [76/750] 9bfe0ab8-c8da-410d-8436-67f9b070c534: 117 datasets; 1.6 s; peak memory 1121 MiB.
2026-10-10T22:18:20Z INFO [77/750] 9bfee449-3a87-4185-ab3b-c6e63172b894: 48 datasets; 1.3 s; peak memory 1121 MiB.
2026-10-10T22:18:21Z INFO [78/750] 9bfef9e2-1f79-4eb7-a65c-c904c13ec355: 117 datasets; 1.9 s; peak memory 1121 MiB.
2026-10-10T22:18:23Z INFO [79/750] 9bff5abb-24bb-4ca3-8f63-7653056bc53b: 41 datasets; 1.3 s; peak memory 1121 MiB.
2026-10-10T22:18:27Z INFO [80/750] 9bff9723-a19a-4003-a7f8-ac2e2cfa2e73: 276 datasets; 4.5 s; peak memory 1121 MiB.
2026-10-10T22:18:29Z INFO [81/750] 9c001de7-1330-4abc-82b7-6d6fdcd14d15: 48 datasets; 1.3 s; peak memory 1121 MiB.
2026-10-10T22:18:30Z INFO [82/750] 9c011b68-b87c-4ad5-a74d-81dbc8197a0d: 117 datasets; 1.6 s; peak memory 1121 MiB.
2026-10-10T22:18:41Z INFO [83/750] 9c015f63-4060-49b9-ab22-a4b72ad0e201: 410 datasets; 11.0 s; peak memory 1121 MiB.
2026-10-10T22:18:51Z INFO [84/750] 9c03dc04-e565-425b-8766-27f4cfb6cd69: 577 datasets; 10.1 s; peak memory 1121 MiB.
2026-10-10T22:19:10Z INFO [85/750] 9c0537ef-ed99-4cd1-bb72-812dcdf98f2c: 54 datasets; 18.4 s; peak memory 1121 MiB.
2026-10-10T22:19:12Z INFO [86/750] 9c058720-ae12-4417-ab07-72b351c533fb: 112 datasets; 1.8 s; peak memory 1121 MiB.
2026-10-10T22:19:13Z INFO [87/750] 9c05bc38-d842-4a31-b299-10a0e5692d88: 48 datasets; 1.3 s; peak memory 1121 MiB.
2026-10-10T22:19:21Z INFO [88/750] 9c05fede-1884-4e29-aa91-464554cdc85f: 196 datasets; 7.8 s; peak memory 1121 MiB.
2026-10-10T22:19:23Z INFO [89/750] 9c0686a0-72e1-43db-bf9e-4da87f66accb: 119 datasets; 2.7 s; peak memory 1121 MiB.
2026-10-10T22:19:25Z INFO [90/750] 9c06ec31-1f22-43cb-973b-486e3e3eee9d: 48 datasets; 1.3 s; peak memory 1121 MiB.
2026-10-10T22:19:26Z INFO [91/750] 9c078d60-04fc-4879-89bc-fdbb196bab97: 63 datasets; 1.2 s; peak memory 1121 MiB.
2026-10-10T22:19:27Z INFO [92/750] 9c084c4f-c99f-4625-8860-037f8e561a75: 48 datasets; 1.2 s; peak memory 1121 MiB.
2026-10-10T22:19:28Z INFO [93/750] 9c087f89-1842-4be6-80a2-16e7e54a71c1: 48 datasets; 1.3 s; peak memory 1121 MiB.
2026-10-10T22:19:30Z INFO [94/750] 9c09076d-b982-407b-8241-58bd914fc11a: 48 datasets; 1.3 s; peak memory 1121 MiB.
2026-10-10T22:19:32Z INFO [95/750] 9c0a88f4-2609-4771-a166-4c106b113665: 54 datasets; 2.0 s; peak memory 1121 MiB.
2026-10-10T22:19:34Z INFO [96/750] 9c0b6a16-03e7-4285-982f-59c24746cb56: 66 datasets; 2.0 s; peak memory 1121 MiB.
2026-10-10T22:19:35Z INFO [97/750] 9c0d15d1-04fa-4e1a-bba5-ef5306946a96: 48 datasets; 1.3 s; peak memory 1121 MiB.
2026-10-10T22:19:36Z INFO [98/750] 9c0d26fb-6cd7-493f-84dd-ce71c111ef62: 48 datasets; 1.4 s; peak memory 1121 MiB.
2026-10-10T22:19:38Z INFO [99/750] 9c0dc22a-b1fa-4a77-a625-127ce559b873: 118 datasets; 1.7 s; peak memory 1121 MiB.
2026-10-10T22:19:41Z INFO [100/750] 9c0df7c3-b370-4437-a9f1-9ed6728e0906: 152 datasets; 3.0 s; peak memory 1121 MiB.
2026-10-10T22:19:41Z INFO [100/750] 9c0df7c3-b370-4437-a9f1-9ed6728e0906: checkpointed 122185 new records.
2026-10-10T22:19:42Z INFO [101/750] 9c0ecaac-1ecc-4b0b-b2ab-2baecfa19772: 48 datasets; 1.3 s; peak memory 1121 MiB.
2026-10-10T22:19:56Z INFO [102/750] 9c0eecbd-d906-4fcb-8cbb-6cfcf256294f: 97 datasets; 14.0 s; peak memory 1121 MiB.
2026-10-10T22:19:58Z INFO [103/750] 9c0f1ea1-89db-4b86-ae11-4d7c2053d366: 48 datasets; 1.3 s; peak memory 1121 MiB.
2026-10-10T22:20:10Z INFO [104/750] 9c0fd528-3d3d-4a7a-8b85-56cbe317a2fc: 108 datasets; 12.8 s; peak memory 1121 MiB.
2026-10-10T22:20:12Z INFO [105/750] 9c0fde99-c744-4a57-b651-15bd9c5deb70: 78 datasets; 2.1 s; peak memory 1121 MiB.
2026-10-10T22:20:14Z INFO [106/750] 9c101d96-8eff-4750-bd55-daff00447b4a: 48 datasets; 1.4 s; peak memory 1121 MiB.
2026-10-10T22:20:15Z INFO [107/750] 9c1227db-f2e5-4e0f-abc7-5b8797ff7f16: 70 datasets; 1.4 s; peak memory 1121 MiB.
2026-10-10T22:20:23Z INFO [108/750] 9c125eb7-611d-449d-9653-06e62266933b: 196 datasets; 7.3 s; peak memory 1121 MiB.
2026-10-10T22:20:24Z INFO [109/750] 9c129bd7-e81c-457c-9207-4564ed5b7915: 85 datasets; 1.7 s; peak memory 1121 MiB.
2026-10-10T22:20:26Z INFO [110/750] 9c12c4c9-4950-4554-8356-68d03f95c3d9: 48 datasets; 1.3 s; peak memory 1121 MiB.
2026-10-10T22:20:40Z INFO [111/750] 9c13817e-ec98-497c-8b66-326cb02be529: 1007 datasets; 14.7 s; peak memory 1121 MiB.
2026-10-10T22:20:45Z INFO [112/750] 9c139aa8-1889-46ea-9ee9-9bc9b4a6cc40: 153 datasets; 4.1 s; peak memory 1121 MiB.
2026-10-10T22:20:46Z INFO [113/750] 9c139cbd-8aa1-4af5-a3d6-f8414af2318a: 52 datasets; 1.5 s; peak memory 1121 MiB.
2026-10-10T22:20:49Z INFO [114/750] 9c13f7b9-2d3c-47a1-9228-3e8938753ad2: 90 datasets; 2.5 s; peak memory 1121 MiB.
2026-10-10T22:20:51Z INFO [115/750] 9c14c436-c7f6-47a2-9c43-56959a18d451: 112 datasets; 2.3 s; peak memory 1121 MiB.
2026-10-10T22:20:52Z INFO [116/750] 9c166792-4847-4aee-8cf4-7a0215724a47: 48 datasets; 1.5 s; peak memory 1121 MiB.
2026-10-10T22:20:56Z INFO [117/750] 9c17075d-efbb-4b71-9aba-a0a80605fc99: 182 datasets; 3.8 s; peak memory 1121 MiB.
2026-10-10T22:20:58Z INFO [118/750] 9c17277a-14bd-4906-a7f6-e64588dabd86: 112 datasets; 1.9 s; peak memory 1121 MiB.
2026-10-10T22:21:00Z INFO [119/750] 9c1773b0-dcf9-4ac1-9b8f-256addb0a3fb: 117 datasets; 1.7 s; peak memory 1121 MiB.
2026-10-10T22:21:02Z INFO [120/750] 9c17865b-ff4d-40b4-b3ff-c8be6c4e059a: 112 datasets; 2.2 s; peak memory 1121 MiB.
2026-10-10T22:21:03Z INFO [121/750] 9c17d49e-04a9-4632-9f67-496fff5c194a: 114 datasets; 1.4 s; peak memory 1121 MiB.
2026-10-10T22:21:09Z INFO [122/750] 9c1812c8-26b6-4c43-967b-ef0847b8622c: 223 datasets; 6.0 s; peak memory 1121 MiB.
2026-10-10T22:21:11Z INFO [123/750] 9c1850be-c2e8-43e3-a822-539cb083aa69: 48 datasets; 1.4 s; peak memory 1121 MiB.
2026-10-10T22:21:12Z INFO [124/750] 9c1894ce-80d7-46b8-ae7e-d9ea104cca9f: 48 datasets; 1.4 s; peak memory 1121 MiB.
2026-10-10T22:21:13Z INFO [125/750] 9c189560-c9bf-48c7-89b2-b4703a563fa2: 48 datasets; 1.4 s; peak memory 1121 MiB.
2026-10-10T22:21:15Z INFO [126/750] 9c19ddaf-0bb6-444d-853c-a57ed5ab9f8e: 117 datasets; 1.5 s; peak memory 1121 MiB.
2026-10-10T22:21:17Z INFO [127/750] 9c1b0faa-e0ef-4d52-84bd-b12daa3780d2: 52 datasets; 1.6 s; peak memory 1121 MiB.
2026-10-10T22:21:26Z INFO [128/750] 9c1d1319-f51b-4f9b-8549-8abc463aaf52: 93 datasets; 9.9 s; peak memory 1121 MiB.
2026-10-10T22:22:50Z INFO [129/750] 9c1d2efb-d466-497a-a8a5-460e61713cad: 58 datasets; 83.9 s; peak memory 1121 MiB.
2026-10-10T22:22:51Z INFO [130/750] 9c1daf6f-53c2-42ff-bb79-dc53d64dcba9: 46 datasets; 1.1 s; peak memory 1121 MiB.
2026-10-10T22:22:54Z INFO [131/750] 9c1e124d-235f-4c11-bdad-ad3f4cab5a15: 109 datasets; 2.2 s; peak memory 1121 MiB.
2026-10-10T22:22:55Z INFO [132/750] 9c1eac78-73b4-46ad-8695-580e7389cf55: 48 datasets; 1.3 s; peak memory 1121 MiB.
2026-10-10T22:22:59Z INFO [133/750] 9c1eb16a-8887-4ec6-a0e3-4fe1b08da9f6: 156 datasets; 3.8 s; peak memory 1121 MiB.
2026-10-10T22:23:00Z INFO [134/750] 9c1edbb7-7258-4d92-ab6b-55dc6e119684: 72 datasets; 1.5 s; peak memory 1121 MiB.
2026-10-10T22:23:03Z INFO [135/750] 9c1f40f4-0d4d-42f5-bed9-196c11cf0eb8: 118 datasets; 2.5 s; peak memory 1121 MiB.
2026-10-10T22:23:04Z INFO [136/750] 9c1f99fa-2ceb-4bb0-88ac-c347d5183e7b: 48 datasets; 1.3 s; peak memory 1121 MiB.
2026-10-10T22:23:06Z INFO [137/750] 9c200a14-bf0f-41fd-8e14-c09339667b94: 118 datasets; 1.5 s; peak memory 1121 MiB.
2026-10-10T22:23:09Z INFO [138/750] 9c209e41-2014-4164-afe8-77aba79db7ac: 153 datasets; 3.6 s; peak memory 1121 MiB.
2026-10-10T22:23:11Z INFO [139/750] 9c216a6f-1fb1-451a-be84-d5ad67e94a8f: 116 datasets; 1.7 s; peak memory 1121 MiB.
2026-10-10T22:23:12Z INFO [140/750] 9c216d2d-5e57-482b-94d7-34db48c49141: 48 datasets; 1.4 s; peak memory 1121 MiB.
2026-10-10T22:23:14Z INFO [141/750] 9c2184cd-d8aa-41ba-b983-d0c41b8d321f: 48 datasets; 1.4 s; peak memory 1121 MiB.
2026-10-10T22:23:18Z INFO [142/750] 9c21eec1-ad7b-463c-9ee1-c524618a5f07: 188 datasets; 4.4 s; peak memory 1121 MiB.
2026-10-10T22:23:19Z INFO [143/750] 9c2255f1-5053-4768-9e77-2e722a550f57: 48 datasets; 1.4 s; peak memory 1121 MiB.
2026-10-10T22:23:21Z INFO [144/750] 9c24e7a8-402a-46e8-822c-e5c02e7bf16d: 46 datasets; 1.0 s; peak memory 1121 MiB.
2026-10-10T22:23:22Z INFO [145/750] 9c254fed-b044-4637-a358-9f7dc4abdac2: 48 datasets; 1.3 s; peak memory 1121 MiB.
2026-10-10T22:23:24Z INFO [146/750] 9c256950-bac0-4918-9e43-03dc9d0506d2: 121 datasets; 2.5 s; peak memory 1121 MiB.
2026-10-10T22:23:28Z INFO [147/750] 9c271589-386c-443c-a840-b3156dadd1f2: 156 datasets; 3.7 s; peak memory 1121 MiB.
2026-10-10T22:23:40Z INFO [148/750] 9c277e3d-3e74-4aec-8649-d8ac8567d1ae: 913 datasets; 11.8 s; peak memory 1121 MiB.
2026-10-10T22:23:42Z INFO [149/750] 9c279973-d624-4007-8201-ac48a66edfd1: 112 datasets; 2.1 s; peak memory 1121 MiB.
2026-10-10T22:23:43Z INFO [150/750] 9c27eb8c-7fac-43d9-a669-58cabba90bbb: 48 datasets; 1.3 s; peak memory 1121 MiB.
2026-10-10T22:23:43Z INFO [150/750] 9c27eb8c-7fac-43d9-a669-58cabba90bbb: checkpointed 122235 new records.
2026-10-10T22:26:01Z INFO [151/750] 9c2835c1-e89f-46b6-90ca-4dfbddbad09e: 433 datasets; 138.1 s; peak memory 1121 MiB.
2026-10-10T22:26:04Z INFO [152/750] 9c29c1ad-6764-4b3e-af41-00806fa0b1f1: 75 datasets; 2.1 s; peak memory 1121 MiB.
2026-10-10T22:26:05Z INFO [153/750] 9c29c9ab-dcf8-4fcb-8c80-7dca9ab8e7c9: 48 datasets; 1.4 s; peak memory 1121 MiB.
2026-10-10T22:26:18Z INFO [154/750] 9c29e6c4-0f4e-47a2-a065-e031be57ffc1: 44 datasets; 12.8 s; peak memory 1121 MiB.
2026-10-10T22:26:20Z INFO [155/750] 9c2a1c22-4650-453e-bca9-8be18c16289a: 70 datasets; 2.1 s; peak memory 1121 MiB.
2026-10-10T22:26:21Z INFO [156/750] 9c2b4f42-4d74-405f-9d64-31fd59f20ae3: 48 datasets; 1.4 s; peak memory 1121 MiB.
2026-10-10T22:26:23Z INFO [157/750] 9c2c7e2a-f9ab-43a3-9448-ac0bfbf593ed: 52 datasets; 1.5 s; peak memory 1121 MiB.
2026-10-10T22:26:24Z INFO [158/750] 9c2e97e4-8e14-491a-a997-c065d9397ce2: 48 datasets; 1.4 s; peak memory 1121 MiB.
2026-10-10T22:26:26Z INFO [159/750] 9c2faeda-1fde-4d1d-b7c8-4d5b34edf0e2: 41 datasets; 1.3 s; peak memory 1121 MiB.
2026-10-10T22:26:27Z INFO [160/750] 9c2fb586-1a39-43cc-a983-fbd0962e870c: 118 datasets; 1.7 s; peak memory 1121 MiB.
2026-10-10T22:26:30Z INFO [161/750] 9c30764d-a50b-4733-bcf3-2fde49e6fb54: 38 datasets; 3.2 s; peak memory 1121 MiB.
2026-10-10T22:26:32Z INFO [162/750] 9c314435-abc1-4624-9fc3-6afd9576167f: 48 datasets; 1.4 s; peak memory 1121 MiB.
2026-10-10T22:26:34Z INFO [163/750] 9c317fdc-3315-431a-9469-4e33ff3109cd: 112 datasets; 1.8 s; peak memory 1121 MiB.
2026-10-10T22:26:35Z INFO [164/750] 9c325e1c-2071-4d2b-873d-7ce9ff445a79: 116 datasets; 1.5 s; peak memory 1121 MiB.
2026-10-10T22:26:41Z INFO [165/750] 9c32e6ec-17a6-4f48-aecb-32f6deb1d3f6: 342 datasets; 6.3 s; peak memory 1121 MiB.
2026-10-10T22:26:43Z INFO [166/750] 9c334a2d-b477-44de-9ed4-3c2f62665c7d: 48 datasets; 1.4 s; peak memory 1121 MiB.
2026-10-10T22:26:48Z INFO [167/750] 9c338d16-fd3b-49fa-8459-fbe74d73f317: 301 datasets; 4.9 s; peak memory 1121 MiB.
2026-10-10T22:26:49Z INFO [168/750] 9c33ce01-32d1-4e12-8e9c-524dad8124d2: 52 datasets; 1.5 s; peak memory 1121 MiB.
2026-10-10T22:26:51Z INFO [169/750] 9c34044b-ac9e-4935-8c45-1fdf7c05ba0d: 59 datasets; 1.7 s; peak memory 1121 MiB.
2026-10-10T22:26:52Z INFO [170/750] 9c340f5e-c9c8-4ef9-ae2f-890e7125de8e: 45 datasets; 1.2 s; peak memory 1121 MiB.
2026-10-10T22:26:56Z INFO [171/750] 9c34b1d0-f927-4ae0-a977-9859dde5676b: 286 datasets; 4.2 s; peak memory 1121 MiB.
2026-10-10T22:26:59Z INFO [172/750] 9c34d336-39a9-4a08-a462-677a9e529d66: 112 datasets; 2.4 s; peak memory 1121 MiB.
2026-10-10T22:27:02Z INFO [173/750] 9c357219-2f89-4d31-8eb7-513a6a48c24f: 228 datasets; 3.7 s; peak memory 1121 MiB.
2026-10-10T22:27:05Z INFO [174/750] 9c3714e0-2601-4ce7-9a5f-284d83500ea1: 66 datasets; 2.2 s; peak memory 1121 MiB.
2026-10-10T22:27:07Z INFO [175/750] 9c37f67a-8589-4c1b-951e-088d16eed05c: 112 datasets; 2.1 s; peak memory 1121 MiB.
2026-10-10T22:27:10Z INFO [176/750] 9c38105c-98aa-4bff-86c5-61c83299a383: 123 datasets; 3.3 s; peak memory 1121 MiB.
2026-10-10T22:27:12Z INFO [177/750] 9c383c94-ac31-4396-a197-0ed395a1a9ea: 117 datasets; 1.7 s; peak memory 1121 MiB.
2026-10-10T22:27:13Z INFO [178/750] 9c386899-c22e-4fd7-bcb4-c73526b2487d: 117 datasets; 1.6 s; peak memory 1121 MiB.
2026-10-10T22:27:15Z INFO [179/750] 9c389258-17c4-4907-b2af-91dcebdf92d7: 84 datasets; 1.5 s; peak memory 1121 MiB.
2026-10-10T22:27:17Z INFO [180/750] 9c392ed2-2b5d-4efe-a065-8708447d8771: 69 datasets; 1.8 s; peak memory 1121 MiB.
2026-10-10T22:27:19Z INFO [181/750] 9c3a65a1-ce53-4e59-b8e4-c1484bc2ba0e: 71 datasets; 2.1 s; peak memory 1121 MiB.
2026-10-10T22:27:38Z INFO [182/750] 9c3b5f91-f1bd-4676-9ec3-0d1cd672c449: 1241 datasets; 19.4 s; peak memory 1121 MiB.
2026-10-10T22:27:42Z INFO [183/750] 9c3ca0c0-3858-4db6-8bf2-d6dfc79284d5: 84 datasets; 3.6 s; peak memory 1121 MiB.
2026-10-10T22:27:43Z INFO [184/750] 9c3ca696-f395-40d8-8d73-b4bf05d623f3: 48 datasets; 1.4 s; peak memory 1121 MiB.
2026-10-10T22:27:48Z INFO [185/750] 9c3dabf1-747a-45e6-9852-908d46f016ff: 38 datasets; 5.1 s; peak memory 1121 MiB.
2026-10-10T22:27:50Z INFO [186/750] 9c3dc0b9-e1b4-4b8f-90f1-d088ade8748e: 48 datasets; 1.3 s; peak memory 1121 MiB.
2026-10-10T22:27:51Z INFO [187/750] 9c3e87a0-a864-4473-ab48-5de9d32c266c: 48 datasets; 1.4 s; peak memory 1121 MiB.
2026-10-10T22:27:52Z INFO [188/750] 9c3ea3c4-176f-4fad-9156-f843ea72ce5a: 52 datasets; 1.5 s; peak memory 1121 MiB.
2026-10-10T22:27:54Z INFO [189/750] 9c3eeba0-28fb-4baf-985e-4f0b44c53eba: 66 datasets; 2.0 s; peak memory 1121 MiB.
2026-10-10T22:27:56Z INFO [190/750] 9c3ff316-bbe6-49c8-8e32-f7602bba6853: 71 datasets; 2.0 s; peak memory 1121 MiB.
2026-10-10T22:27:58Z INFO [191/750] 9c400776-d104-46ca-a724-3df1e0a7a68c: 79 datasets; 1.8 s; peak memory 1121 MiB.
2026-10-10T22:28:00Z INFO [192/750] 9c4050fa-4cab-42bc-acf8-709640ac1b0e: 48 datasets; 1.4 s; peak memory 1121 MiB.
2026-10-10T22:28:03Z INFO [193/750] 9c4051c1-60aa-4feb-8760-2f2cc45dcae4: 157 datasets; 3.3 s; peak memory 1121 MiB.
2026-10-10T22:28:05Z INFO [194/750] 9c405aee-c53e-408d-9976-5897d2366859: 117 datasets; 1.7 s; peak memory 1121 MiB.
2026-10-10T22:28:19Z INFO [195/750] 9c41508d-d27e-4a7c-a582-66e2ea65f24f: 1041 datasets; 14.3 s; peak memory 1121 MiB.
2026-10-10T22:28:21Z INFO [196/750] 9c417d9b-9405-4eee-aa50-b57474dc6af7: 112 datasets; 1.8 s; peak memory 1121 MiB.
2026-10-10T22:28:22Z INFO [197/750] 9c4366a8-3971-41bd-80af-e1f5cb0ffdcd: 117 datasets; 1.6 s; peak memory 1121 MiB.
2026-10-10T22:28:24Z INFO [198/750] 9c43cb33-71fb-4601-8101-5061cc97c7cf: 112 datasets; 2.1 s; peak memory 1121 MiB.
2026-10-10T22:28:27Z INFO [199/750] 9c43cea5-fd26-4253-a2c9-a7e7cce71498: 71 datasets; 2.1 s; peak memory 1121 MiB.
2026-10-10T22:28:29Z INFO [200/750] 9c43f039-4d83-4fd0-bc70-e291a55037dd: 112 datasets; 1.9 s; peak memory 1121 MiB.
2026-10-10T22:28:29Z INFO [200/750] 9c43f039-4d83-4fd0-bc70-e291a55037dd: checkpointed 122285 new records.
2026-10-10T22:28:30Z INFO [201/750] 9c454447-3365-443c-8909-e95a4f9b0ad3: 48 datasets; 1.4 s; peak memory 1121 MiB.
2026-10-10T22:28:31Z INFO [202/750] 9c45fe8b-f66f-4e3b-87b2-edac73f92093: 38 datasets; 1.3 s; peak memory 1121 MiB.
2026-10-10T22:28:33Z INFO [203/750] 9c463d64-fd09-438c-9097-ac4447440099: 69 datasets; 2.0 s; peak memory 1121 MiB.
2026-10-10T22:28:40Z INFO [204/750] 9c46fb34-577f-48a3-8a13-c01516e5d760: 174 datasets; 6.6 s; peak memory 1121 MiB.
2026-10-10T22:28:41Z INFO [205/750] 9c46fdf5-a26e-4dfd-98ae-b7a2b014233d: 46 datasets; 1.1 s; peak memory 1121 MiB.
2026-10-10T22:28:44Z INFO [206/750] 9c475faf-aed2-4937-97cf-a192b9a7846e: 71 datasets; 2.7 s; peak memory 1121 MiB.
2026-10-10T22:28:46Z INFO [207/750] 9c4769ab-03d7-4178-908c-ff06c1dfb119: 69 datasets; 1.8 s; peak memory 1121 MiB.
2026-10-10T22:28:47Z INFO [208/750] 9c4835e0-e048-43db-9727-34130d6845d3: 70 datasets; 1.8 s; peak memory 1121 MiB.
2026-10-10T22:28:55Z INFO [209/750] 9c4926e1-d776-4bd5-80f4-bf4729f7f7d7: 538 datasets; 7.5 s; peak memory 1121 MiB.
2026-10-10T22:28:58Z INFO [210/750] 9c494fda-6d85-4530-ae1d-081fb42a31cd: 172 datasets; 3.4 s; peak memory 1121 MiB.
2026-10-10T22:29:02Z INFO [211/750] 9c4bfaca-d33f-43d5-a59b-b52d48513e17: 168 datasets; 3.3 s; peak memory 1121 MiB.
2026-10-10T22:29:03Z INFO [212/750] 9c4ca7ce-073c-498f-8daa-f7b004f1c691: 69 datasets; 1.9 s; peak memory 1121 MiB.
2026-10-10T22:29:05Z INFO [213/750] 9c4cbdb7-2f98-4513-a482-e2283026d146: 72 datasets; 1.7 s; peak memory 1121 MiB.
2026-10-10T22:29:07Z INFO [214/750] 9c4d300a-143a-4344-b4ac-6f742b799d80: 77 datasets; 1.6 s; peak memory 1121 MiB.
2026-10-10T22:29:09Z INFO [215/750] 9c4dcbc4-b386-4c99-9ced-ff79502e2fa4: 110 datasets; 2.3 s; peak memory 1121 MiB.
2026-10-10T22:29:11Z INFO [216/750] 9c4edbfc-bd86-49c4-97a0-89465d97c9d5: 112 datasets; 1.9 s; peak memory 1121 MiB.
2026-10-10T22:29:13Z INFO [217/750] 9c4f6347-d7b4-4b4c-aa59-d87ff06b6f35: 77 datasets; 1.8 s; peak memory 1121 MiB.
2026-10-10T22:29:15Z INFO [218/750] 9c50b41f-e692-414e-a193-9eabe7e23f25: 112 datasets; 2.3 s; peak memory 1121 MiB.
2026-10-10T22:29:16Z INFO [219/750] 9c517e62-bcc9-4702-afb1-fa6898f6e36b: 48 datasets; 1.3 s; peak memory 1121 MiB.
2026-10-10T22:29:29Z INFO [220/750] 9c52a474-7897-4144-b3a1-4a81fccfa7b2: 670 datasets; 12.6 s; peak memory 1121 MiB.
2026-10-10T22:29:37Z INFO [221/750] 9c52d120-f25d-48a5-aa0d-f88546d029c6: 545 datasets; 7.8 s; peak memory 1121 MiB.
2026-10-10T22:29:51Z INFO [222/750] 9c52f41e-17b3-42dd-8dbd-fca84481862e: 907 datasets; 14.8 s; peak memory 1121 MiB.
2026-10-10T22:29:53Z INFO [223/750] 9c534aae-80b0-49b1-9f72-0f24c6abf5d3: 117 datasets; 1.9 s; peak memory 1121 MiB.
2026-10-10T22:29:56Z INFO [224/750] 9c5635c5-8eb9-4770-b6b3-40d3f70824d6: 38 datasets; 2.9 s; peak memory 1121 MiB.
2026-10-10T22:29:58Z INFO [225/750] 9c563d7d-deb7-4b2b-9111-516222384b8d: 66 datasets; 1.9 s; peak memory 1121 MiB.
2026-10-10T22:30:11Z INFO [226/750] 9c568194-48b6-4921-a676-b6c0089f36f4: 44 datasets; 12.5 s; peak memory 1121 MiB.
2026-10-10T22:30:12Z INFO [227/750] 9c56f015-678b-46bd-b6e8-783a5fa3b27f: 50 datasets; 1.4 s; peak memory 1121 MiB.
2026-10-10T22:30:13Z INFO [228/750] 9c571b5a-90bc-429f-866d-d5227d3680b7: 48 datasets; 1.4 s; peak memory 1121 MiB.
2026-10-10T22:30:15Z INFO [229/750] 9c595354-c748-4047-a48f-12643b38fc74: 114 datasets; 1.5 s; peak memory 1121 MiB.
2026-10-10T22:30:16Z INFO [230/750] 9c59c96f-cfb6-46af-a375-6c0d8ccd3e6b: 49 datasets; 1.1 s; peak memory 1121 MiB.
2026-10-10T22:30:20Z INFO [231/750] 9c59d0e8-6653-47f0-9e4d-53ba2376d020: 156 datasets; 4.1 s; peak memory 1121 MiB.
2026-10-10T22:30:22Z INFO [232/750] 9c5a0882-d070-4332-8e10-253962333bf1: 51 datasets; 1.8 s; peak memory 1121 MiB.
2026-10-10T22:31:04Z INFO [233/750] 9c5a3b5e-61dd-4eff-9195-7d375b098d4c: 52 datasets; 41.8 s; peak memory 1121 MiB.
2026-10-10T22:31:05Z INFO [234/750] 9c5aac1c-6716-4621-b944-9255afa93f4b: 35 datasets; 1.1 s; peak memory 1121 MiB.
2026-10-10T22:31:07Z INFO [235/750] 9c5af3c0-8376-4e2d-bfe7-dbe8387ee0a0: 62 datasets; 1.9 s; peak memory 1121 MiB.
2026-10-10T22:31:10Z INFO [236/750] 9c5b5a28-1b69-478a-8b6b-09e2365fc6ff: 156 datasets; 3.7 s; peak memory 1121 MiB.
2026-10-10T22:31:13Z INFO [237/750] 9c5bd05b-4546-4fc8-ad35-91389a1583a3: 146 datasets; 2.5 s; peak memory 1121 MiB.
2026-10-10T22:31:15Z INFO [238/750] 9c5cd7a1-0b87-460b-89d1-a8546e06839e: 62 datasets; 1.7 s; peak memory 1121 MiB.
2026-10-10T22:31:21Z INFO [239/750] 9c5e86a6-3e32-4a58-9f68-ff075757e2b8: 229 datasets; 6.4 s; peak memory 1121 MiB.
2026-10-10T22:31:22Z INFO [240/750] 9c5eaf3d-406a-4030-b67b-56f7301786da: 116 datasets; 1.5 s; peak memory 1121 MiB.
2026-10-10T22:31:24Z INFO [241/750] 9c5f6846-4ca0-4b29-abed-d99d593a3026: 52 datasets; 1.7 s; peak memory 1121 MiB.
2026-10-10T22:31:27Z INFO [242/750] 9c5fbc7b-7b57-403d-91ca-ba04fd6a78c2: 90 datasets; 2.9 s; peak memory 1121 MiB.
2026-10-10T22:31:29Z INFO [243/750] 9c60034f-ef24-4dc3-a370-21c5662801c9: 52 datasets; 1.6 s; peak memory 1121 MiB.
2026-10-10T22:31:30Z INFO [244/750] 9c60cba9-2777-4667-a3c0-2bb8b9db69a7: 48 datasets; 1.4 s; peak memory 1121 MiB.
2026-10-10T22:31:32Z INFO [245/750] 9c60fa42-2843-4a6f-a6e7-01cc317cd334: 69 datasets; 1.7 s; peak memory 1121 MiB.
2026-10-10T22:31:34Z INFO [246/750] 9c6118ac-50a5-4ffc-be6b-0720db778ad8: 66 datasets; 1.9 s; peak memory 1121 MiB.
2026-10-10T22:31:36Z INFO [247/750] 9c6191ee-f040-4212-87cf-7c41fb7c0d6c: 71 datasets; 2.5 s; peak memory 1121 MiB.
2026-10-10T22:31:38Z INFO [248/750] 9c6315b5-4ebc-4732-bbc5-a4603e88be78: 116 datasets; 1.6 s; peak memory 1121 MiB.
2026-10-10T22:31:39Z INFO [249/750] 9c63fd04-3611-4ae7-93ea-557086256918: 118 datasets; 1.5 s; peak memory 1121 MiB.
2026-10-10T22:31:41Z INFO [250/750] 9c645d8a-26ee-4385-97b7-6a8aef147f5f: 48 datasets; 1.4 s; peak memory 1121 MiB.
2026-10-10T22:31:41Z INFO [250/750] 9c645d8a-26ee-4385-97b7-6a8aef147f5f: checkpointed 122335 new records.
2026-10-10T22:31:42Z INFO [251/750] 9c657acc-7a20-4fc9-a9b3-8c8945e8f9b0: 110 datasets; 1.7 s; peak memory 1121 MiB.
2026-10-10T22:31:44Z INFO [252/750] 9c65cd43-a8ee-4ee8-bb63-241129271ad3: 118 datasets; 1.6 s; peak memory 1121 MiB.
2026-10-10T22:31:46Z INFO [253/750] 9c663b87-0758-43bb-b914-08a5e459a5e9: 117 datasets; 1.6 s; peak memory 1121 MiB.
2026-10-10T22:32:43Z INFO [254/750] 9c6647d9-e16a-4cf3-9d18-5242c41ea56f: 54 datasets; 57.4 s; peak memory 1121 MiB.
2026-10-10T22:32:45Z INFO [255/750] 9c672c7d-2c7f-494d-8e15-e3c2cd34b7bd: 48 datasets; 1.4 s; peak memory 1121 MiB.
2026-10-10T22:32:47Z INFO [256/750] 9c679020-eef9-4ac8-b9a3-4b7c17bac5a4: 53 datasets; 2.2 s; peak memory 1121 MiB.
2026-10-10T22:32:49Z INFO [257/750] 9c68dfa8-51b5-4c6b-8181-dee4da10e849: 69 datasets; 1.8 s; peak memory 1121 MiB.
2026-10-10T22:34:39Z INFO [258/750] 9c69c602-185e-41cb-8c1b-d8fe0fa5b3ab: 55 datasets; 110.4 s; peak memory 1121 MiB.
2026-10-10T22:34:52Z INFO [259/750] 9c6c8536-da2d-48cf-a800-0629e7528382: 108 datasets; 13.0 s; peak memory 1121 MiB.
2026-10-10T22:34:55Z INFO [260/750] 9c6c9499-d977-422f-aed9-3e4edc27300d: 186 datasets; 3.4 s; peak memory 1121 MiB.
2026-10-10T22:35:00Z INFO [261/750] 9c6c9fb5-86cd-4fa9-8e40-a6ddc7806945: 332 datasets; 4.4 s; peak memory 1121 MiB.
2026-10-10T22:35:02Z INFO [262/750] 9c6cbb26-09f1-4bbf-9a6d-80573b835007: 110 datasets; 1.9 s; peak memory 1121 MiB.
2026-10-10T22:35:03Z INFO [263/750] 9c6d7c88-b22a-4f51-836a-cad2e0811659: 52 datasets; 1.3 s; peak memory 1121 MiB.
2026-10-10T22:35:04Z INFO [264/750] 9c6dae82-d4c3-48e1-b0ba-c8f3a242e0ef: 48 datasets; 1.3 s; peak memory 1121 MiB.
2026-10-10T22:35:06Z INFO [265/750] 9c6dc29d-a8f4-447f-b05d-e66110a7632e: 117 datasets; 1.6 s; peak memory 1121 MiB.
2026-10-10T22:35:09Z INFO [266/750] 9c6eedb3-61a1-45a4-b4cc-30fc4b471296: 114 datasets; 3.1 s; peak memory 1121 MiB.
2026-10-10T22:35:10Z INFO [267/750] 9c6efbfa-143a-4324-a722-ee029b77a2c0: 48 datasets; 1.5 s; peak memory 1121 MiB.
2026-10-10T22:35:22Z INFO [268/750] 9c6f4e74-1593-473f-a848-f0a59e1f1da1: 829 datasets; 12.0 s; peak memory 1121 MiB.
2026-10-10T22:35:24Z INFO [269/750] 9c6f88bd-8c4b-45bb-8c51-33eead98d0dd: 46 datasets; 1.6 s; peak memory 1121 MiB.
2026-10-10T22:35:26Z INFO [270/750] 9c6f9842-14d8-48b7-9369-d548262917c9: 117 datasets; 1.7 s; peak memory 1121 MiB.
2026-10-10T22:35:27Z INFO [271/750] 9c705b10-5dd7-42ef-8662-0ad87d3c78e8: 117 datasets; 1.7 s; peak memory 1121 MiB.
2026-10-10T22:35:28Z INFO [272/750] 9c710105-5a70-4096-bcbe-ed6705b65850: 51 datasets; 1.1 s; peak memory 1121 MiB.
2026-10-10T22:35:30Z INFO [273/750] 9c71ec90-cbd5-41b1-b85a-4bfd16ccc8d1: 48 datasets; 1.4 s; peak memory 1121 MiB.
2026-10-10T22:35:31Z INFO [274/750] 9c729122-b8f7-48c6-8a57-b716b0301473: 41 datasets; 1.3 s; peak memory 1121 MiB.
2026-10-10T22:35:33Z INFO [275/750] 9c73f607-07b6-4945-9788-afab20729d83: 117 datasets; 1.6 s; peak memory 1121 MiB.
2026-10-10T22:35:35Z INFO [276/750] 9c741c36-5f65-402e-ad6f-31480f755f66: 118 datasets; 1.8 s; peak memory 1121 MiB.
2026-10-10T22:35:39Z INFO [277/750] 9c7439b9-3daf-42c8-a536-8fffd81d92e3: 156 datasets; 4.0 s; peak memory 1121 MiB.
2026-10-10T22:35:42Z INFO [278/750] 9c747a4a-f1cc-4ebb-8b6f-dd8ccccf0b5b: 157 datasets; 3.6 s; peak memory 1121 MiB.
2026-10-10T22:35:43Z INFO [279/750] 9c74e3e6-56c0-44ab-b910-fd2b4262c6d6: 48 datasets; 1.3 s; peak memory 1121 MiB.
2026-10-10T22:35:45Z INFO [280/750] 9c74e651-2a78-406a-9036-999ac65d5646: 46 datasets; 1.7 s; peak memory 1121 MiB.
2026-10-10T22:35:47Z INFO [281/750] 9c751442-84b5-4c44-a279-335f879614ef: 66 datasets; 2.3 s; peak memory 1121 MiB.
2026-10-10T22:35:49Z INFO [282/750] 9c757c7c-dba8-4e7e-b320-0f19c7a10469: 48 datasets; 1.4 s; peak memory 1121 MiB.
2026-10-10T22:35:50Z INFO [283/750] 9c76344f-ef51-4d25-a19e-db0f7134a31e: 48 datasets; 1.4 s; peak memory 1121 MiB.
2026-10-10T22:35:52Z INFO [284/750] 9c76be3a-f510-456b-b616-fdafcc7708ee: 39 datasets; 1.6 s; peak memory 1121 MiB.
2026-10-10T22:35:53Z INFO [285/750] 9c7721a7-afd4-405a-bbac-a871dba87a8f: 48 datasets; 1.5 s; peak memory 1121 MiB.
2026-10-10T22:35:55Z INFO [286/750] 9c77b818-dc9b-463a-9389-f25dfa55752f: 117 datasets; 1.8 s; peak memory 1121 MiB.
2026-10-10T22:36:08Z INFO [287/750] 9c784476-021d-4e34-bc78-0577badb3c26: 720 datasets; 12.9 s; peak memory 1121 MiB.
2026-10-10T22:36:10Z INFO [288/750] 9c795085-36d5-4488-a584-5beeb80028c1: 74 datasets; 2.2 s; peak memory 1121 MiB.
2026-10-10T22:36:18Z INFO [289/750] 9c797af7-193d-476b-87b2-73426820d3f5: 538 datasets; 7.7 s; peak memory 1121 MiB.
2026-10-10T22:36:20Z INFO [290/750] 9c79a145-0ab5-4e46-893d-303ebe70b8a4: 112 datasets; 1.9 s; peak memory 1121 MiB.
2026-10-10T22:36:21Z INFO [291/750] 9c79af8c-e29f-449f-940e-5aa712b7b495: 48 datasets; 1.5 s; peak memory 1121 MiB.
2026-10-10T22:36:23Z INFO [292/750] 9c79f25a-bcf9-41f4-ba56-49b29978e8ea: 118 datasets; 1.8 s; peak memory 1121 MiB.
2026-10-10T22:36:25Z INFO [293/750] 9c7a3ede-ed38-4f21-9b99-942dd5b30881: 112 datasets; 2.0 s; peak memory 1121 MiB.
2026-10-10T22:36:27Z INFO [294/750] 9c7b141d-cd23-4613-90b8-8b332f34ec43: 46 datasets; 1.7 s; peak memory 1121 MiB.
2026-10-10T22:36:35Z INFO [295/750] 9c7b240c-befb-41cc-ad3b-530f239ba2a1: 106 datasets; 8.6 s; peak memory 1121 MiB.
2026-10-10T22:36:37Z INFO [296/750] 9c7b3189-9fea-4735-ac4b-779dcf988d2b: 153 datasets; 1.7 s; peak memory 1121 MiB.
2026-10-10T22:36:38Z INFO [297/750] 9c7b67c7-e2ba-4b25-8224-6b24e72d16a8: 48 datasets; 1.3 s; peak memory 1121 MiB.
2026-10-10T22:38:38Z INFO [298/750] 9c7b71f1-e680-453d-9109-a700f5cd16a5: 394 datasets; 119.2 s; peak memory 1121 MiB.
2026-10-10T22:40:36Z INFO [299/750] 9c7c3a9b-434a-454b-9159-41470de17b6f: 413 datasets; 118.6 s; peak memory 1121 MiB.
2026-10-10T22:40:38Z INFO [300/750] 9c7c4e86-d8aa-4ead-b923-4a72b4262261: 118 datasets; 1.9 s; peak memory 1121 MiB.
2026-10-10T22:40:38Z INFO [300/750] 9c7c4e86-d8aa-4ead-b923-4a72b4262261: checkpointed 122385 new records.
2026-10-10T22:40:40Z INFO [301/750] 9c7d710a-9bfc-4584-8cfa-9e5f342e9735: 48 datasets; 1.5 s; peak memory 1121 MiB.
2026-10-10T22:40:43Z INFO [302/750] 9c7e58cc-e87b-4fff-953e-32c0aa9cc8bc: 115 datasets; 3.4 s; peak memory 1121 MiB.
2026-10-10T22:40:45Z INFO [303/750] 9c807da7-0d5c-4657-aec8-30b3be4f22a5: 112 datasets; 2.1 s; peak memory 1121 MiB.
2026-10-10T22:40:48Z INFO [304/750] 9c8111b1-73c1-4066-bfc0-27ee861c7510: 112 datasets; 2.3 s; peak memory 1121 MiB.
2026-10-10T22:40:55Z INFO [305/750] 9c822468-40ab-4ec2-834e-34cb98a3b8ff: 208 datasets; 7.3 s; peak memory 1121 MiB.
2026-10-10T22:40:57Z INFO [306/750] 9c82fa07-8cbb-46c7-9a5e-dc4b4180080a: 62 datasets; 1.6 s; peak memory 1121 MiB.
2026-10-10T22:43:02Z INFO [307/750] 9c835f44-4331-4f84-8fa4-32fc5c9fbca7: 23326 datasets; 125.3 s; peak memory 1121 MiB.
2026-10-10T22:43:03Z INFO [308/750] 9c842383-e764-4023-8a91-49a6d753d6fc: 46 datasets; 1.2 s; peak memory 1121 MiB.
2026-10-10T22:46:43Z INFO [309/750] 9c845e96-e32c-4778-88e2-276bfc0834a6: 292 datasets; 219.9 s; peak memory 1121 MiB.
2026-10-10T22:46:45Z INFO [310/750] 9c852929-7cd2-434c-9caa-240bc2f38a4e: 112 datasets; 1.8 s; peak memory 1121 MiB.
2026-10-10T22:46:46Z INFO [311/750] 9c85a140-c7ab-476d-b0f7-4359ce7f4ac6: 48 datasets; 1.3 s; peak memory 1121 MiB.
2026-10-10T22:46:48Z INFO [312/750] 9c8643a0-5309-4e04-9c56-3d6df89570d3: 112 datasets; 2.2 s; peak memory 1121 MiB.
2026-10-10T22:46:54Z INFO [313/750] 9c8852fe-a52a-4a85-8f8e-52bf1562ab3a: 223 datasets; 5.9 s; peak memory 1121 MiB.
2026-10-10T22:46:56Z INFO [314/750] 9c886943-655f-4542-820a-9e33cfce6924: 66 datasets; 2.2 s; peak memory 1121 MiB.
2026-10-10T22:46:59Z INFO [315/750] 9c8a2359-ee36-4981-92c6-aa317d9b13a8: 112 datasets; 2.1 s; peak memory 1121 MiB.
2026-10-10T22:47:59Z INFO [316/750] 9c8a9919-e57c-4233-96ec-b9de3aa22025: 2188 datasets; 60.6 s; peak memory 1121 MiB.
2026-10-10T22:48:00Z INFO [317/750] 9c8b608b-e093-4624-8e4b-0a524dbc6f0c: 48 datasets; 1.4 s; peak memory 1121 MiB.
2026-10-10T22:48:07Z INFO [318/750] 9c8b9cab-fa01-48bb-bea8-35ae16fdeb9a: 199 datasets; 6.8 s; peak memory 1121 MiB.
2026-10-10T22:48:14Z INFO [319/750] 9c8c88fa-eb1d-410b-9768-976d83f5dadb: 223 datasets; 6.9 s; peak memory 1121 MiB.
2026-10-10T22:48:16Z INFO [320/750] 9c8ca320-9728-4835-8c1f-949442f37e7d: 79 datasets; 1.9 s; peak memory 1121 MiB.
2026-10-10T22:48:17Z INFO [321/750] 9c8ceb88-8d94-421d-9b36-258d1f96f538: 63 datasets; 1.5 s; peak memory 1121 MiB.
2026-10-10T22:48:19Z INFO [322/750] 9c8d3171-6631-4a75-8d33-bcb5ad9afb2d: 118 datasets; 1.9 s; peak memory 1121 MiB.
2026-10-10T22:48:35Z INFO [323/750] 9c8d651b-49cc-4e07-9d73-06d2512c1d54: 773 datasets; 15.2 s; peak memory 1121 MiB.
2026-10-10T22:48:37Z INFO [324/750] 9c8e4e8b-a55e-49f1-a922-b043bb5186cf: 112 datasets; 2.2 s; peak memory 1121 MiB.
2026-10-10T22:48:38Z INFO [325/750] 9c8f0c21-0028-45d2-a829-275bc74478c6: 118 datasets; 1.4 s; peak memory 1121 MiB.
2026-10-10T22:48:40Z INFO [326/750] 9c8f5d9b-c519-4c04-b301-a44ff5b3f9d0: 112 datasets; 2.3 s; peak memory 1121 MiB.
2026-10-10T22:48:42Z INFO [327/750] 9c8f96fe-5400-41c3-9904-52eec43a0986: 48 datasets; 1.5 s; peak memory 1121 MiB.
2026-10-10T22:48:44Z INFO [328/750] 9c8f9e52-2dcd-4fc8-ad07-92cf6bfa13bd: 116 datasets; 1.7 s; peak memory 1121 MiB.
2026-10-10T22:48:46Z INFO [329/750] 9c9237ff-b506-465d-8dcf-5efc825ffe58: 112 datasets; 2.6 s; peak memory 1121 MiB.
2026-10-10T22:48:50Z INFO [330/750] 9c93fd2d-53e9-4025-9143-f449dc5e9b77: 156 datasets; 3.6 s; peak memory 1121 MiB.
2026-10-10T22:48:52Z INFO [331/750] 9c948bd2-2823-4cdd-a20b-d3a752233be5: 117 datasets; 1.7 s; peak memory 1121 MiB.
2026-10-10T22:48:54Z INFO [332/750] 9c9520cb-f31c-4a05-9f84-9d804edcc07e: 71 datasets; 2.2 s; peak memory 1121 MiB.
2026-10-10T22:48:55Z INFO [333/750] 9c9530fe-d0e0-4880-a71a-41d80a09d1af: 56 datasets; 1.4 s; peak memory 1121 MiB.
2026-10-10T22:48:57Z INFO [334/750] 9c955dcb-890e-4e56-88ca-cbffcd87cc13: 110 datasets; 2.0 s; peak memory 1121 MiB.
2026-10-10T22:49:01Z INFO [335/750] 9c962fb2-a294-4f33-b6da-48d720cc41ef: 157 datasets; 3.3 s; peak memory 1121 MiB.
2026-10-10T22:49:02Z INFO [336/750] 9c96aae6-b666-4796-90b7-e7b5584876db: 48 datasets; 1.3 s; peak memory 1121 MiB.
2026-10-10T22:49:03Z INFO [337/750] 9c96df31-ebf6-44cd-8cda-bf5cba48817e: 48 datasets; 1.4 s; peak memory 1121 MiB.
2026-10-10T22:49:05Z INFO [338/750] 9c9729bf-c9fa-4cb3-be08-346afdbdb2fd: 112 datasets; 2.1 s; peak memory 1121 MiB.
2026-10-10T22:49:12Z INFO [339/750] 9c98a91a-7afa-4b57-90cc-6fc9ea9c12cb: 480 datasets; 6.9 s; peak memory 1121 MiB.
2026-10-10T22:49:14Z INFO [340/750] 9c98fbdb-7161-4b3c-9d7e-0ef7525e8564: 41 datasets; 1.3 s; peak memory 1121 MiB.
2026-10-10T22:49:18Z INFO [341/750] 9c992ba1-3616-4504-b37c-992ab0e21dd3: 246 datasets; 4.5 s; peak memory 1121 MiB.
2026-10-10T22:49:20Z INFO [342/750] 9c99d02a-b42a-43f4-8b07-3b7d84674cc9: 117 datasets; 1.8 s; peak memory 1121 MiB.
2026-10-10T22:49:34Z INFO [343/750] 9c9a2737-8dec-4106-b6fe-413e1a40f52f: 526 datasets; 14.6 s; peak memory 1121 MiB.
2026-10-10T22:49:38Z INFO [344/750] 9c9a87ea-605a-41bc-b9f7-c9ba1954b58e: 156 datasets; 3.9 s; peak memory 1121 MiB.
2026-10-10T22:49:40Z INFO [345/750] 9c9aa1f8-9dc1-4b0e-930c-88e1cba06cdb: 57 datasets; 1.3 s; peak memory 1121 MiB.
2026-10-10T22:49:42Z INFO [346/750] 9c9ab3a9-4ce5-4223-91cc-394f2cb076d7: 71 datasets; 2.4 s; peak memory 1121 MiB.
2026-10-10T22:49:44Z INFO [347/750] 9c9ab6bf-1ba3-4ca1-a4a1-7556be4cd1ff: 112 datasets; 2.1 s; peak memory 1121 MiB.
2026-10-10T22:49:45Z INFO [348/750] 9c9b506e-f470-4d1e-a3bb-e7dd6eb61638: 46 datasets; 1.1 s; peak memory 1121 MiB.
2026-10-10T22:49:47Z INFO [349/750] 9c9ca5ce-5776-4ce6-bf43-e4c20760295a: 48 datasets; 1.4 s; peak memory 1121 MiB.
2026-10-10T22:49:48Z INFO [350/750] 9c9d4e5b-ddb2-484c-b9d9-bd7d6c63d2cc: 48 datasets; 1.4 s; peak memory 1121 MiB.
2026-10-10T22:49:48Z INFO [350/750] 9c9d4e5b-ddb2-484c-b9d9-bd7d6c63d2cc: checkpointed 122435 new records.
2026-10-10T22:49:49Z INFO [351/750] 9c9d71fd-12a1-4445-a304-64361de7dd83: 48 datasets; 1.3 s; peak memory 1121 MiB.
2026-10-10T22:49:51Z INFO [352/750] 9c9dc2b9-3ca2-43f0-b74b-30b0a7433a9b: 48 datasets; 1.5 s; peak memory 1121 MiB.
2026-10-10T22:49:53Z INFO [353/750] 9c9e3843-ad18-4c26-8906-0b6f1d85960e: 116 datasets; 1.8 s; peak memory 1121 MiB.
2026-10-10T22:50:00Z INFO [354/750] 9c9ffcc8-5ead-498f-bee7-acec6b0304d0: 454 datasets; 7.1 s; peak memory 1121 MiB.
2026-10-10T22:50:01Z INFO [355/750] 9ca0222b-1a5d-4e7b-be7f-9ef9426d3bc3: 38 datasets; 1.3 s; peak memory 1121 MiB.
2026-10-10T22:50:03Z INFO [356/750] 9ca02f0a-67bd-4713-9b78-ab224ce87a80: 69 datasets; 1.9 s; peak memory 1121 MiB.
2026-10-10T22:50:58Z INFO [357/750] 9ca0791f-daa5-4247-89f6-3c6dff093d0c: 108 datasets; 55.3 s; peak memory 1121 MiB.
2026-10-10T22:51:00Z INFO [358/750] 9ca15c6f-e425-40aa-9074-85e4bd3071f9: 112 datasets; 2.1 s; peak memory 1121 MiB.
2026-10-10T22:51:01Z INFO [359/750] 9ca15e84-5139-4f55-9f7d-5ad28257555d: 35 datasets; 1.1 s; peak memory 1121 MiB.
2026-10-10T22:51:03Z INFO [360/750] 9ca27777-43e1-49d6-a346-76fc99dc8778: 48 datasets; 1.4 s; peak memory 1121 MiB.
2026-10-10T22:51:04Z INFO [361/750] 9ca297e2-c58e-4221-8a7d-e3f30ea87c0a: 48 datasets; 1.2 s; peak memory 1121 MiB.
2026-10-10T22:53:12Z INFO [362/750] 9ca31724-4398-47ca-a767-13469710fe24: 5606 datasets; 128.1 s; peak memory 1121 MiB.
2026-10-10T22:53:14Z INFO [363/750] 9ca438f9-20c6-4598-9711-71ff35b3119e: 41 datasets; 1.4 s; peak memory 1121 MiB.
2026-10-10T22:53:15Z INFO [364/750] 9ca43eca-67a5-4906-a2cc-872604f491a5: 37 datasets; 1.3 s; peak memory 1121 MiB.
2026-10-10T22:53:16Z INFO [365/750] 9ca4fc49-b6d6-4bc3-88d9-01c4a47e9f1e: 48 datasets; 1.4 s; peak memory 1121 MiB.
2026-10-10T22:53:38Z INFO [366/750] 9ca5459a-e4c8-411d-934e-e08ed7b4c94a: 48 datasets; 22.2 s; peak memory 1121 MiB.
2026-10-10T22:53:40Z INFO [367/750] 9ca61b08-c609-41da-b0ad-1275ee5f4066: 85 datasets; 1.7 s; peak memory 1121 MiB.
2026-10-10T22:53:42Z INFO [368/750] 9ca76805-e755-45eb-a4e6-4da179d878dc: 74 datasets; 1.6 s; peak memory 1121 MiB.
2026-10-10T22:53:44Z INFO [369/750] 9ca780bf-edff-4b5b-8847-175bedc15b1a: 112 datasets; 2.0 s; peak memory 1121 MiB.
2026-10-10T22:53:55Z INFO [370/750] 9ca7bfb3-5747-4185-b8fa-6500dc368e5e: 768 datasets; 11.6 s; peak memory 1121 MiB.
2026-10-10T22:54:06Z INFO [371/750] 9ca81a7d-abe4-4a8c-8070-cbf1c4e522e1: 1109 datasets; 10.2 s; peak memory 1121 MiB.
2026-10-10T22:54:07Z INFO [372/750] 9ca949ab-5dbc-4749-ad8b-5a1ca5136370: 112 datasets; 1.7 s; peak memory 1121 MiB.
2026-10-10T22:54:09Z INFO [373/750] 9caa2518-264f-43ec-b6f9-9829d145d9f9: 48 datasets; 1.4 s; peak memory 1121 MiB.
2026-10-10T22:54:10Z INFO [374/750] 9caa441a-87a3-445d-97a3-bde58e32963a: 52 datasets; 1.6 s; peak memory 1121 MiB.
2026-10-10T22:54:12Z INFO [375/750] 9caa87e3-babe-4744-a85e-0ba9b35b1174: 110 datasets; 1.9 s; peak memory 1121 MiB.
2026-10-10T22:54:14Z INFO [376/750] 9cab8dea-fa96-422c-872b-f43bdace5cdf: 48 datasets; 1.3 s; peak memory 1121 MiB.
2026-10-10T22:54:22Z INFO [377/750] 9cac4544-01aa-4a48-8d54-f26b14c159ad: 527 datasets; 8.2 s; peak memory 1121 MiB.
2026-10-10T22:54:23Z INFO [378/750] 9cac8901-a064-4efd-94ef-8fc8d9241910: 72 datasets; 1.6 s; peak memory 1121 MiB.
2026-10-10T22:54:26Z INFO [379/750] 9cacfb5a-9ff3-45f0-a28c-8db6130fd679: 113 datasets; 2.8 s; peak memory 1121 MiB.
2026-10-10T22:55:18Z INFO [380/750] 9cada174-02ec-412f-a137-9f822d448df3: 52 datasets; 52.1 s; peak memory 1121 MiB.
2026-10-10T22:55:20Z INFO [381/750] 9cae45c6-c8c6-4a28-a374-db20cccb416e: 115 datasets; 1.6 s; peak memory 1121 MiB.
2026-10-10T22:55:23Z INFO [382/750] 9caecb47-31f3-4064-bac6-56e5456b190c: 115 datasets; 3.0 s; peak memory 1121 MiB.
2026-10-10T22:55:25Z INFO [383/750] 9caf278d-51cd-4f58-bcd0-982bb6c6a7df: 132 datasets; 1.8 s; peak memory 1121 MiB.
2026-10-10T22:55:26Z INFO [384/750] 9caf9b15-5b8f-45ef-9406-8b9c78aa3953: 118 datasets; 1.7 s; peak memory 1121 MiB.
2026-10-10T22:55:28Z INFO [385/750] 9cafcbdd-b154-4c38-bb19-4c0893fd047d: 50 datasets; 1.2 s; peak memory 1121 MiB.
2026-10-10T22:55:29Z INFO [386/750] 9cafe035-e6a7-4862-ad12-9f03fea74ae5: 110 datasets; 1.9 s; peak memory 1121 MiB.
2026-10-10T22:55:31Z INFO [387/750] 9cafe0bf-aea1-434c-999d-1704706ef0a4: 48 datasets; 1.4 s; peak memory 1121 MiB.
2026-10-10T22:55:32Z INFO [388/750] 9cb15251-a08b-4c49-9af7-2d00a333db9f: 116 datasets; 1.5 s; peak memory 1121 MiB.
2026-10-10T22:55:37Z INFO [389/750] 9cb1ff5d-9ba0-48f8-b974-06504190eb7a: 346 datasets; 4.9 s; peak memory 1121 MiB.
2026-10-10T22:55:39Z INFO [390/750] 9cb28b0c-6a7c-4dcf-92ce-b44f41e050e0: 42 datasets; 1.4 s; peak memory 1121 MiB.
2026-10-10T22:55:47Z INFO [391/750] 9cb2e382-0553-4712-ba60-5bf252f4a221: 219 datasets; 8.0 s; peak memory 1121 MiB.
2026-10-10T22:55:49Z INFO [392/750] 9cb33ea3-f3ff-4a8e-88f4-66e750815d68: 49 datasets; 2.3 s; peak memory 1121 MiB.
2026-10-10T22:55:50Z INFO [393/750] 9cb3894d-9dc1-4c5e-916a-1af262a22b33: 48 datasets; 1.4 s; peak memory 1121 MiB.
2026-10-10T22:55:52Z INFO [394/750] 9cb3b03b-1033-4eef-9c87-504db518f72d: 77 datasets; 1.7 s; peak memory 1121 MiB.
2026-10-10T22:56:05Z INFO [395/750] 9cb58749-0d4f-422c-8b23-f5e124fcb2c6: 107 datasets; 12.6 s; peak memory 1121 MiB.
2026-10-10T22:56:14Z INFO [396/750] 9cb6b19e-10c5-4073-929f-b0cb41526d45: 56 datasets; 9.4 s; peak memory 1121 MiB.
2026-10-10T22:56:16Z INFO [397/750] 9cb6ef09-ffea-44c5-a0ff-a7e66551eaea: 66 datasets; 1.8 s; peak memory 1121 MiB.
2026-10-10T22:56:17Z INFO [398/750] 9cb770db-8b70-4684-abb7-065842ead072: 46 datasets; 1.1 s; peak memory 1121 MiB.
2026-10-10T22:56:18Z INFO [399/750] 9cb8fddb-a07a-417f-bb63-c4ce609b2e1c: 52 datasets; 1.6 s; peak memory 1121 MiB.
2026-10-10T22:56:20Z INFO [400/750] 9cb912d3-1aa2-4a08-a25a-fa1b1541bc2c: 112 datasets; 1.8 s; peak memory 1121 MiB.
2026-10-10T22:56:20Z INFO [400/750] 9cb912d3-1aa2-4a08-a25a-fa1b1541bc2c: checkpointed 122485 new records.
2026-10-10T22:56:22Z INFO [401/750] 9cb970b9-2886-40d4-bd4d-f17699565073: 66 datasets; 1.9 s; peak memory 1121 MiB.
2026-10-10T22:56:25Z INFO [402/750] 9cb9ebe4-1e8b-4197-ac0d-9d25f741af38: 71 datasets; 2.2 s; peak memory 1121 MiB.
2026-10-10T22:56:28Z INFO [403/750] 9cba1205-a985-417a-8abe-3d7363e53401: 123 datasets; 3.2 s; peak memory 1121 MiB.
2026-10-10T22:56:37Z INFO [404/750] 9cba14e0-1ba1-497e-af0f-ff5ebbd517af: 11477 datasets; 9.5 s; peak memory 1121 MiB.
2026-10-10T22:56:45Z INFO [405/750] 9cba22b0-cbc7-4384-a987-8ff92019769f: 542 datasets; 7.5 s; peak memory 1121 MiB.
2026-10-10T22:56:47Z INFO [406/750] 9cba2507-6353-4866-aff9-4624837e430b: 66 datasets; 2.1 s; peak memory 1121 MiB.
2026-10-10T22:56:48Z INFO [407/750] 9cba265d-a5f8-4fd1-931a-64baeac3fba0: 72 datasets; 1.5 s; peak memory 1121 MiB.
2026-10-10T22:56:50Z INFO [408/750] 9cba26b9-116f-4ae8-b40a-d8dbfa030d03: 48 datasets; 1.5 s; peak memory 1121 MiB.
2026-10-10T22:56:54Z INFO [409/750] 9cba7bfc-6984-4059-8346-4cb3748676a7: 156 datasets; 4.0 s; peak memory 1121 MiB.
2026-10-10T22:56:57Z INFO [410/750] 9cbbd8fd-e60e-4103-a999-808883ec8efe: 119 datasets; 2.7 s; peak memory 1121 MiB.
2026-10-10T22:56:59Z INFO [411/750] 9cbc3ef6-c143-4ee8-b497-aa55d71498d6: 90 datasets; 2.7 s; peak memory 1121 MiB.
2026-10-10T22:57:03Z INFO [412/750] 9cbdf402-2a47-4efe-a309-3efaa2da745c: 90 datasets; 3.4 s; peak memory 1121 MiB.
2026-10-10T22:57:05Z INFO [413/750] 9cc029d9-602c-4002-a834-f6f6ba7e2ba6: 110 datasets; 1.9 s; peak memory 1121 MiB.
2026-10-10T22:57:14Z INFO [414/750] 9cc08f11-e5ce-49d1-8e0b-3375259e27d2: 631 datasets; 8.8 s; peak memory 1121 MiB.
2026-10-10T22:57:17Z INFO [415/750] 9cc13be6-7e9f-42fb-b822-607e728faa6d: 115 datasets; 3.1 s; peak memory 1121 MiB.
2026-10-10T22:57:19Z INFO [416/750] 9cc1b703-7f6f-4dec-b4b6-5d6376d06aa0: 112 datasets; 2.1 s; peak memory 1121 MiB.
2026-10-10T22:57:21Z INFO [417/750] 9cc1f82c-006d-46c4-acb6-8f9fb394dc10: 112 datasets; 2.0 s; peak memory 1121 MiB.
2026-10-10T22:57:22Z INFO [418/750] 9cc221c5-2c46-45bb-a4cc-c6bad9873725: 117 datasets; 1.7 s; peak memory 1121 MiB.
2026-10-10T22:57:54Z INFO [419/750] 9cc309a5-10e6-4a21-a998-7fd40027f6bc: 1257 datasets; 31.4 s; peak memory 1121 MiB.
2026-10-10T22:57:55Z INFO [420/750] 9cc31157-ccf2-431a-8a71-852bc5e14115: 48 datasets; 1.4 s; peak memory 1121 MiB.
2026-10-10T22:58:11Z INFO [421/750] 9cc35cc6-b11d-4597-a8e5-22863a31d5f6: 428 datasets; 15.5 s; peak memory 1121 MiB.
2026-10-10T22:58:13Z INFO [422/750] 9cc3c2b3-ca13-4d14-81c1-911881e41f4d: 71 datasets; 2.0 s; peak memory 1121 MiB.
2026-10-10T22:58:14Z INFO [423/750] 9cc3cc92-d589-4b71-8930-3d06c213122b: 117 datasets; 1.8 s; peak memory 1121 MiB.
2026-10-10T22:58:16Z INFO [424/750] 9cc3da9d-b2fb-4709-9047-015926737e0c: 118 datasets; 1.7 s; peak memory 1121 MiB.
2026-10-10T22:58:22Z INFO [425/750] 9cc4283d-7092-481f-81b9-a857c547ce71: 229 datasets; 6.1 s; peak memory 1121 MiB.
2026-10-10T22:58:24Z INFO [426/750] 9cc43f40-2c6b-443e-953a-92630da1a1ac: 117 datasets; 1.7 s; peak memory 1121 MiB.
2026-10-10T22:58:34Z INFO [427/750] 9cc45496-6dc5-4986-9b78-026a67fcd707: 336 datasets; 10.1 s; peak memory 1121 MiB.
2026-10-10T22:58:46Z INFO [428/750] 9cc46319-fa11-4e6a-9325-cfee77d8e965: 44 datasets; 12.3 s; peak memory 1121 MiB.
2026-10-10T22:58:49Z INFO [429/750] 9cc5b47d-bacd-4576-ba55-9ae096697a0b: 69 datasets; 2.4 s; peak memory 1121 MiB.
2026-10-10T22:58:56Z INFO [430/750] 9cc5bba7-4a78-4db6-9883-a869f6f1adc8: 196 datasets; 7.1 s; peak memory 1121 MiB.
2026-10-10T22:59:13Z INFO [431/750] 9cc64557-abe5-4109-91af-ff57fb0ccaf6: 915 datasets; 17.1 s; peak memory 1121 MiB.
2026-10-10T22:59:14Z INFO [432/750] 9cc78763-d522-4790-9bf8-8b0e10fae518: 48 datasets; 1.4 s; peak memory 1121 MiB.
2026-10-10T22:59:16Z INFO [433/750] 9cc872be-51d6-4fc1-94bf-d3c70744c9c9: 64 datasets; 1.5 s; peak memory 1121 MiB.
2026-10-10T22:59:17Z INFO [434/750] 9cc94aaa-8b43-4a5a-8cfe-62a6c7bfdd84: 117 datasets; 1.5 s; peak memory 1121 MiB.
2026-10-10T22:59:33Z INFO [435/750] 9ccba817-0358-45c0-b329-16fd6a9abe5d: 1024 datasets; 15.5 s; peak memory 1121 MiB.
2026-10-10T22:59:34Z INFO [436/750] 9ccd65c0-f141-4cc8-9a3b-df6063ed8f21: 112 datasets; 1.6 s; peak memory 1121 MiB.
2026-10-10T22:59:36Z INFO [437/750] 9ccd97f7-74c1-4684-86be-be680c7029f6: 48 datasets; 1.4 s; peak memory 1121 MiB.
2026-10-10T22:59:37Z INFO [438/750] 9ccde454-0619-4776-be8e-9f39e830a7b3: 112 datasets; 1.7 s; peak memory 1121 MiB.
2026-10-10T22:59:39Z INFO [439/750] 9cceef80-85b1-4d6e-8b82-f974532cad32: 116 datasets; 1.6 s; peak memory 1121 MiB.
2026-10-10T22:59:40Z INFO [440/750] 9ccf1c3b-c205-422f-98a3-c3179af212d0: 46 datasets; 1.3 s; peak memory 1121 MiB.
2026-10-10T22:59:43Z INFO [441/750] 9ccf8f38-bb44-4d89-b436-80d51ecbec7c: 152 datasets; 2.7 s; peak memory 1121 MiB.
2026-10-10T22:59:45Z INFO [442/750] 9ccfc02b-9fa8-4815-bf89-37e01abf3eb5: 110 datasets; 1.9 s; peak memory 1121 MiB.
2026-10-10T22:59:46Z INFO [443/750] 9cd0d43f-277d-44df-810c-e6de6dfbd104: 46 datasets; 1.2 s; peak memory 1121 MiB.
2026-10-10T22:59:47Z INFO [444/750] 9cd0ee67-7a7a-4b90-9433-842bb21122fe: 48 datasets; 1.3 s; peak memory 1121 MiB.
2026-10-10T22:59:49Z INFO [445/750] 9cd0eebe-1927-48d2-9fa0-121dea7cbd9e: 33 datasets; 1.2 s; peak memory 1121 MiB.
2026-10-10T22:59:50Z INFO [446/750] 9cd12af2-f9d4-497d-8a6c-84368a30c09b: 48 datasets; 1.4 s; peak memory 1121 MiB.
2026-10-10T22:59:51Z INFO [447/750] 9cd149a6-a894-402d-91aa-7da6959a475d: 48 datasets; 1.5 s; peak memory 1121 MiB.
2026-10-10T22:59:54Z INFO [448/750] 9cd23daf-06ed-4d00-ab22-5b8ba6c58cf5: 119 datasets; 2.7 s; peak memory 1121 MiB.
2026-10-10T22:59:56Z INFO [449/750] 9cd2ae57-a333-449d-a4dc-f2c924bd5ceb: 48 datasets; 1.5 s; peak memory 1121 MiB.
2026-10-10T23:00:11Z INFO [450/750] 9cd36e20-d609-4a7c-9b68-0ebeb13b917c: 428 datasets; 15.7 s; peak memory 1121 MiB.
2026-10-10T23:00:12Z INFO [450/750] 9cd36e20-d609-4a7c-9b68-0ebeb13b917c: checkpointed 122535 new records.
2026-10-10T23:00:14Z INFO [451/750] 9cd3858c-95d0-450a-8501-e913800b3344: 66 datasets; 2.5 s; peak memory 1121 MiB.
2026-10-10T23:00:16Z INFO [452/750] 9cd42b64-33c2-455b-80ab-02b5df917ba2: 66 datasets; 2.1 s; peak memory 1121 MiB.
2026-10-10T23:00:23Z INFO [453/750] 9cd469d1-3800-48b0-91d4-12215b26f0ef: 198 datasets; 6.4 s; peak memory 1121 MiB.
2026-10-10T23:00:26Z INFO [454/750] 9cd4b92d-7fb8-4340-94ab-88f416079dd0: 115 datasets; 3.2 s; peak memory 1121 MiB.
2026-10-10T23:00:29Z INFO [455/750] 9cd52b76-0f1e-490e-800a-e3ae9f4a7269: 119 datasets; 3.3 s; peak memory 1121 MiB.
2026-10-10T23:00:30Z INFO [456/750] 9cd5310d-4d76-4575-8678-3a94bd169b7b: 63 datasets; 1.4 s; peak memory 1121 MiB.
2026-10-10T23:00:45Z INFO [457/750] 9cd6f252-e935-49a5-b7d7-b3cd8dba602f: 1052 datasets; 14.9 s; peak memory 1121 MiB.
2026-10-10T23:00:47Z INFO [458/750] 9cd729d2-b35f-4b59-b842-aac6fa177860: 48 datasets; 1.4 s; peak memory 1121 MiB.
2026-10-10T23:00:49Z INFO [459/750] 9cd9ee9e-e20f-4764-bcb3-d1fe7b374032: 84 datasets; 1.8 s; peak memory 1121 MiB.
2026-10-10T23:00:50Z INFO [460/750] 9cda1e82-b921-46db-9ac3-48ef4a91e843: 48 datasets; 1.3 s; peak memory 1121 MiB.
2026-10-10T23:00:51Z INFO [461/750] 9cda7464-a085-458f-a4a8-c4b5a18d6e15: 118 datasets; 1.5 s; peak memory 1121 MiB.
2026-10-10T23:00:53Z INFO [462/750] 9cda945c-9483-46f2-9f57-814fc5fe0775: 48 datasets; 1.4 s; peak memory 1121 MiB.
2026-10-10T23:00:54Z INFO [463/750] 9cdb4945-ab19-43ea-b864-41dafacc6df1: 117 datasets; 1.7 s; peak memory 1121 MiB.
2026-10-10T23:00:57Z INFO [464/750] 9cdcfbef-4f3d-47eb-a4f6-2a10ebddeb99: 112 datasets; 2.1 s; peak memory 1121 MiB.
2026-10-10T23:00:58Z INFO [465/750] 9cdd2913-95e7-4bd0-8368-4c40c392395e: 116 datasets; 1.3 s; peak memory 1121 MiB.
2026-10-10T23:01:01Z INFO [466/750] 9cde383a-cf77-4ed9-89b0-9c81f43f5a13: 128 datasets; 2.7 s; peak memory 1121 MiB.
2026-10-10T23:01:03Z INFO [467/750] 9cdee8b2-c654-4eac-ba1c-15b38475fc62: 112 datasets; 1.9 s; peak memory 1121 MiB.
2026-10-10T23:01:04Z INFO [468/750] 9cdf8648-c864-48a1-911d-043f283bf804: 48 datasets; 1.4 s; peak memory 1121 MiB.
2026-10-10T23:01:05Z INFO [469/750] 9ce07c9c-0386-4642-bdbc-0bb4935e3959: 112 datasets; 1.5 s; peak memory 1121 MiB.
2026-10-10T23:01:07Z INFO [470/750] 9ce1cdf2-db0c-4d4b-9ab8-f4aab189dd71: 48 datasets; 1.5 s; peak memory 1121 MiB.
2026-10-10T23:01:08Z INFO [471/750] 9ce2da7b-0385-4b9e-b455-64c0d3fdf64f: 48 datasets; 1.3 s; peak memory 1121 MiB.
2026-10-10T23:01:10Z INFO [472/750] 9ce315b3-c3b5-4574-8474-4c5694fe1d62: 48 datasets; 1.4 s; peak memory 1121 MiB.
2026-10-10T23:01:32Z INFO [473/750] 9ce3bb85-6824-4aeb-8711-232e416894a2: 48 datasets; 22.4 s; peak memory 1121 MiB.
2026-10-10T23:01:33Z INFO [474/750] 9ce41410-2859-4e24-bf63-4fab489bb82b: 37 datasets; 1.3 s; peak memory 1121 MiB.
2026-10-10T23:01:35Z INFO [475/750] 9ce490d2-f579-49c2-a16e-97bffb9fc5c1: 48 datasets; 1.3 s; peak memory 1121 MiB.
2026-10-10T23:01:52Z INFO [476/750] 9ce4dc13-43b0-4a04-8da9-1a41bd0f254c: 3019 datasets; 17.9 s; peak memory 1121 MiB.
2026-10-10T23:02:00Z INFO [477/750] 9ce5bd37-95a7-464d-9222-4f340673f7b4: 257 datasets; 7.7 s; peak memory 1121 MiB.
2026-10-10T23:02:08Z INFO [478/750] 9ce70936-9e93-469b-9bcc-ad090643788a: 728 datasets; 8.2 s; peak memory 1121 MiB.
2026-10-10T23:02:15Z INFO [479/750] 9ce72c32-6b7c-457d-b21d-a110641599ad: 238 datasets; 6.6 s; peak memory 1121 MiB.
2026-10-10T23:02:16Z INFO [480/750] 9ce8036f-13f6-4d03-9144-fc7f7746507a: 48 datasets; 1.4 s; peak memory 1121 MiB.
2026-10-10T23:02:18Z INFO [481/750] 9ce85f35-0e1c-472b-a9d1-fa59da6e2422: 72 datasets; 1.7 s; peak memory 1121 MiB.
2026-10-10T23:02:20Z INFO [482/750] 9ce86915-2c9a-455d-bddc-5889981d046e: 289 datasets; 1.9 s; peak memory 1121 MiB.
2026-10-10T23:02:21Z INFO [483/750] 9ce8c6b8-afc2-4c91-b9d4-8a0b4ba8ee3b: 117 datasets; 1.5 s; peak memory 1121 MiB.
2026-10-10T23:02:29Z INFO [484/750] 9ce95edc-bbfa-4998-bc27-32dcb7e79879: 193 datasets; 7.2 s; peak memory 1121 MiB.
2026-10-10T23:02:30Z INFO [485/750] 9cea7337-c671-49db-924f-b8a5cc36e02c: 41 datasets; 1.4 s; peak memory 1121 MiB.
2026-10-10T23:02:31Z INFO [486/750] 9ceac8d2-edb3-4654-a241-2f85e2229423: 48 datasets; 1.4 s; peak memory 1121 MiB.
2026-10-10T23:02:33Z INFO [487/750] 9ceb4f2d-e10a-4701-995a-03eab726746b: 52 datasets; 1.7 s; peak memory 1121 MiB.
2026-10-10T23:02:35Z INFO [488/750] 9cebe6ce-2f29-45d0-8263-0b0ca5d196fd: 118 datasets; 1.6 s; peak memory 1121 MiB.
2026-10-10T23:02:37Z INFO [489/750] 9cec6663-b598-444c-ada7-a6fd7386c290: 70 datasets; 2.6 s; peak memory 1121 MiB.
2026-10-10T23:02:39Z INFO [490/750] 9cecb366-2eb4-477e-8614-99de7e6cfe66: 48 datasets; 1.3 s; peak memory 1121 MiB.
2026-10-10T23:02:40Z INFO [491/750] 9ced3760-4daa-4a3b-a6b2-31f11711434e: 46 datasets; 1.2 s; peak memory 1121 MiB.
2026-10-10T23:02:41Z INFO [492/750] 9cee1b99-d52a-4165-9655-7478e2b32d37: 76 datasets; 1.5 s; peak memory 1121 MiB.
2026-10-10T23:02:43Z INFO [493/750] 9cef7962-80b3-4927-a027-1da7444133ce: 110 datasets; 1.8 s; peak memory 1121 MiB.
2026-10-10T23:02:55Z INFO [494/750] 9cf10291-e59e-4f44-b329-e4f37003301a: 969 datasets; 11.5 s; peak memory 1121 MiB.
2026-10-10T23:02:56Z INFO [495/750] 9cf17502-8ade-4eab-90c6-32b883aa77fe: 56 datasets; 1.4 s; peak memory 1121 MiB.
2026-10-10T23:02:58Z INFO [496/750] 9cf2dfeb-0237-4696-9ca9-3f9f623d0d2a: 117 datasets; 1.8 s; peak memory 1121 MiB.
2026-10-10T23:03:00Z INFO [497/750] 9cf4a46d-22f4-4b5e-9742-13282d6068ca: 112 datasets; 1.9 s; peak memory 1121 MiB.
2026-10-10T23:03:01Z INFO [498/750] 9cf60229-85ca-49f1-9dc0-4f809a400858: 48 datasets; 1.2 s; peak memory 1121 MiB.
2026-10-10T23:03:04Z INFO [499/750] 9cf649ae-145f-4d6c-bd97-b449da5684e7: 138 datasets; 3.3 s; peak memory 1121 MiB.
2026-10-10T23:03:06Z INFO [500/750] 9cf77928-2c3d-46a3-9b0c-14d8168b71ce: 51 datasets; 1.6 s; peak memory 1121 MiB.
2026-10-10T23:03:06Z INFO [500/750] 9cf77928-2c3d-46a3-9b0c-14d8168b71ce: checkpointed 122585 new records.
2026-10-10T23:03:07Z INFO [501/750] 9cf78142-e164-4d15-b5d6-ae535075a5fb: 38 datasets; 1.3 s; peak memory 1121 MiB.
2026-10-10T23:03:09Z INFO [502/750] 9cf7fdbf-f735-410a-9363-be506366456c: 66 datasets; 1.9 s; peak memory 1121 MiB.
2026-10-10T23:03:13Z INFO [503/750] 9cf82e3d-8a49-4ba1-8773-55aff533c075: 156 datasets; 3.4 s; peak memory 1121 MiB.
2026-10-10T23:03:14Z INFO [504/750] 9cf86f3b-8298-4d6c-a51d-da98d5af7ed8: 46 datasets; 1.2 s; peak memory 1121 MiB.
2026-10-10T23:05:13Z INFO [505/750] 9cf8ac0c-aa4b-415e-8b8c-4008d6d13f5e: 167 datasets; 119.3 s; peak memory 1121 MiB.
2026-10-10T23:05:16Z INFO [506/750] 9cf8e6cd-4e20-4729-a749-d32bbdaf8e26: 93 datasets; 2.2 s; peak memory 1121 MiB.
2026-10-10T23:05:17Z INFO [507/750] 9cf94459-ca9d-49d8-816c-20bd7db20b42: 66 datasets; 1.9 s; peak memory 1121 MiB.
2026-10-10T23:05:20Z INFO [508/750] 9cfa96c5-6248-41a4-806e-d9e24c861187: 71 datasets; 2.4 s; peak memory 1121 MiB.
2026-10-10T23:05:36Z INFO [509/750] 9cfb0f68-b0e5-4ecf-9e71-79f64f52abf2: 1459 datasets; 16.4 s; peak memory 1121 MiB.
2026-10-10T23:05:38Z INFO [510/750] 9cfb6666-fd22-4da2-ae52-0edb2a2f0421: 116 datasets; 1.9 s; peak memory 1121 MiB.
2026-10-10T23:05:42Z INFO [511/750] 9cfb84a2-29e2-489f-ad2b-478f79084d01: 118 datasets; 3.4 s; peak memory 1121 MiB.
2026-10-10T23:05:43Z INFO [512/750] 9cfcfa13-0414-4327-8ba4-6ba2924f4f0e: 48 datasets; 1.3 s; peak memory 1121 MiB.
2026-10-10T23:05:44Z INFO [513/750] 9cfd35c6-6998-4919-af41-3f50f9351458: 48 datasets; 1.3 s; peak memory 1121 MiB.
2026-10-10T23:05:46Z INFO [514/750] 9cfda2df-90ca-4669-b0f3-2d8757bfbc1e: 118 datasets; 1.5 s; peak memory 1121 MiB.
2026-10-10T23:05:49Z INFO [515/750] 9cfebca9-914b-49cd-872b-59481fb09172: 115 datasets; 3.2 s; peak memory 1121 MiB.
2026-10-10T23:05:56Z INFO [516/750] 9d0059df-4e98-4215-9d0c-fcd49a370e48: 47 datasets; 7.5 s; peak memory 1121 MiB.
2026-10-10T23:05:58Z INFO [517/750] 9d02ddeb-d820-490f-88d9-1e13c7b0bca7: 48 datasets; 1.4 s; peak memory 1121 MiB.
2026-10-10T23:06:00Z INFO [518/750] 9d03080e-348c-41cd-b0a7-ea0bcd55388a: 117 datasets; 1.7 s; peak memory 1121 MiB.
2026-10-10T23:06:02Z INFO [519/750] 9d031c58-c3f3-4758-863d-bebaf7b705b7: 71 datasets; 2.1 s; peak memory 1121 MiB.
2026-10-10T23:06:09Z INFO [520/750] 9d03bf75-b5a9-4944-aea5-0d1b802dbe81: 341 datasets; 7.7 s; peak memory 1121 MiB.
2026-10-10T23:06:21Z INFO [521/750] 9d03f130-4e79-403b-9046-027b3ed97d36: 1267 datasets; 11.9 s; peak memory 1121 MiB.
2026-10-10T23:06:22Z INFO [522/750] 9d04353c-912c-43aa-aac4-98b10a6d860f: 46 datasets; 1.0 s; peak memory 1121 MiB.
2026-10-10T23:06:24Z INFO [523/750] 9d046ac2-3058-4cdd-9f6e-e33925136f5a: 66 datasets; 2.2 s; peak memory 1121 MiB.
2026-10-10T23:06:26Z INFO [524/750] 9d049e54-9617-4f6e-be50-0c6a3b04fe2b: 48 datasets; 1.4 s; peak memory 1121 MiB.
2026-10-10T23:06:27Z INFO [525/750] 9d052ddd-a6d1-4fb9-890d-c5729ea2225a: 117 datasets; 1.6 s; peak memory 1121 MiB.
2026-10-10T23:06:29Z INFO [526/750] 9d052e8c-86bd-4b6b-92f1-ec3274dd29fa: 76 datasets; 1.9 s; peak memory 1121 MiB.
2026-10-10T23:06:31Z INFO [527/750] 9d05511d-d09a-4c89-b090-e1346c0f0cb0: 69 datasets; 1.6 s; peak memory 1121 MiB.
2026-10-10T23:06:37Z INFO [528/750] 9d05c285-8d48-4581-9a34-03044dbcb539: 3067 datasets; 6.4 s; peak memory 1121 MiB.
2026-10-10T23:06:45Z INFO [529/750] 9d05fa3c-76c3-4082-bdc5-13bc283e32bb: 537 datasets; 7.8 s; peak memory 1121 MiB.
2026-10-10T23:06:52Z INFO [530/750] 9d067621-84c2-44d7-82dc-68142e16e9aa: 538 datasets; 6.6 s; peak memory 1121 MiB.
2026-10-10T23:06:53Z INFO [531/750] 9d0723cb-b02f-4331-b852-682e69ba9610: 66 datasets; 1.4 s; peak memory 1121 MiB.
2026-10-10T23:06:54Z INFO [532/750] 9d0735cb-88a8-4f64-bb63-a4c21bc968a8: 57 datasets; 1.2 s; peak memory 1121 MiB.
2026-10-10T23:07:12Z INFO [533/750] 9d09d8ae-142d-47a0-9855-dfe83a28a4ce: 1056 datasets; 17.9 s; peak memory 1121 MiB.
2026-10-10T23:07:14Z INFO [534/750] 9d0b6375-e4a5-470f-a91a-1039464007a5: 33 datasets; 1.4 s; peak memory 1121 MiB.
2026-10-10T23:07:16Z INFO [535/750] 9d0c3ce3-7b6e-4ae8-9c52-a9318a23790d: 53 datasets; 2.6 s; peak memory 1121 MiB.
2026-10-10T23:07:18Z INFO [536/750] 9d0ddeaa-ef95-4367-ac2b-ee1fbf0c5ae2: 132 datasets; 1.7 s; peak memory 1121 MiB.
2026-10-10T23:07:20Z INFO [537/750] 9d0df501-b68d-4742-998e-c1db97a2e345: 70 datasets; 1.7 s; peak memory 1121 MiB.
2026-10-10T23:07:22Z INFO [538/750] 9d0e0454-f64b-4a0c-87c6-fdc30f60c393: 66 datasets; 2.0 s; peak memory 1121 MiB.
2026-10-10T23:07:24Z INFO [539/750] 9d0e929d-b0a5-4d26-be0a-9e935fdea7a0: 112 datasets; 2.2 s; peak memory 1121 MiB.
2026-10-10T23:07:28Z INFO [540/750] 9d0f063f-3c83-4043-ad9c-04de1b686436: 156 datasets; 3.9 s; peak memory 1121 MiB.
2026-10-10T23:07:30Z INFO [541/750] 9d0f275e-a0c9-4fee-a3b8-5fe57b63d7b2: 49 datasets; 1.8 s; peak memory 1121 MiB.
2026-10-10T23:07:31Z INFO [542/750] 9d0fe468-8386-487d-80ce-390fe074a844: 46 datasets; 1.3 s; peak memory 1121 MiB.
2026-10-10T23:07:32Z INFO [543/750] 9d1132a6-e246-435e-bb74-08029e3298dd: 117 datasets; 1.6 s; peak memory 1121 MiB.
2026-10-10T23:07:38Z INFO [544/750] 9d11b4eb-05a9-4226-9f6c-365ea1b30ade: 224 datasets; 5.3 s; peak memory 1121 MiB.
2026-10-10T23:07:39Z INFO [545/750] 9d128fcc-c3da-455f-8852-80c2704b93bd: 52 datasets; 1.6 s; peak memory 1121 MiB.
2026-10-10T23:07:53Z INFO [546/750] 9d12906f-b5a4-42b7-9810-aa52abb8ca59: 4505 datasets; 13.2 s; peak memory 1121 MiB.
2026-10-10T23:07:55Z INFO [547/750] 9d132402-cef4-4dc3-bb4e-8b0bdcbe32ba: 112 datasets; 2.1 s; peak memory 1121 MiB.
2026-10-10T23:07:56Z INFO [548/750] 9d138f1e-c0ee-40d8-8bff-77da5420464f: 55 datasets; 1.2 s; peak memory 1121 MiB.
2026-10-10T23:07:59Z INFO [549/750] 9d139cfe-a3d5-4984-8cd9-6d8ae3663195: 168 datasets; 3.3 s; peak memory 1121 MiB.
2026-10-10T23:08:01Z INFO [550/750] 9d14b983-7c5b-4f08-9801-53e1a1c38686: 46 datasets; 1.5 s; peak memory 1121 MiB.
2026-10-10T23:08:01Z INFO [550/750] 9d14b983-7c5b-4f08-9801-53e1a1c38686: checkpointed 122635 new records.
2026-10-10T23:08:03Z INFO [551/750] 9d14eb90-6e6c-418f-a749-087889b85f99: 64 datasets; 2.0 s; peak memory 1121 MiB.
2026-10-10T23:08:04Z INFO [552/750] 9d159ec1-8d94-49f4-9219-0ce71e7bd631: 48 datasets; 1.4 s; peak memory 1121 MiB.
2026-10-10T23:08:10Z INFO [553/750] 9d167310-cd5d-4c70-91cb-0d8da7c20b50: 229 datasets; 6.2 s; peak memory 1121 MiB.
2026-10-10T23:08:12Z INFO [554/750] 9d17f38e-f037-4765-9b20-e0963b721bd0: 52 datasets; 1.5 s; peak memory 1121 MiB.
2026-10-10T23:08:14Z INFO [555/750] 9d18084b-00a6-48cb-b76b-b5be1e58c7c7: 112 datasets; 1.9 s; peak memory 1121 MiB.
2026-10-10T23:08:17Z INFO [556/750] 9d18a123-0eef-4c87-8cde-11a7f93c15f3: 115 datasets; 3.0 s; peak memory 1121 MiB.
2026-10-10T23:08:18Z INFO [557/750] 9d18a896-7129-494f-94d3-51cb98f13288: 110 datasets; 1.6 s; peak memory 1121 MiB.
2026-10-10T23:08:22Z INFO [558/750] 9d18bd62-8f04-49c8-94ce-cd74a0bb9561: 88 datasets; 3.5 s; peak memory 1121 MiB.
2026-10-10T23:08:23Z INFO [559/750] 9d19ad17-7eab-4865-a38f-9bf5ded68394: 52 datasets; 1.2 s; peak memory 1121 MiB.
2026-10-10T23:08:25Z INFO [560/750] 9d1a96a1-de96-41c6-b827-3defb20cea52: 117 datasets; 1.9 s; peak memory 1121 MiB.
2026-10-10T23:08:44Z INFO [561/750] 9d1b6b6b-0ed8-4bc9-9cec-cc7c19658ae5: 1692 datasets; 19.1 s; peak memory 1121 MiB.
2026-10-10T23:08:46Z INFO [562/750] 9d1c721f-b8df-4e9c-85a5-d3f2b4676efa: 117 datasets; 1.6 s; peak memory 1121 MiB.
2026-10-10T23:08:48Z INFO [563/750] 9d1c736e-ced2-4419-8589-fdcc7d791d7b: 53 datasets; 2.7 s; peak memory 1121 MiB.
2026-10-10T23:08:50Z INFO [564/750] 9d1d642b-9b5c-40df-9ea2-e18991e0712a: 112 datasets; 1.9 s; peak memory 1121 MiB.
2026-10-10T23:08:52Z INFO [565/750] 9d1eed53-376a-44db-942f-5aafee148995: 116 datasets; 1.4 s; peak memory 1121 MiB.
2026-10-10T23:08:54Z INFO [566/750] 9d1f6936-afeb-4e54-9e1d-07fb991d718e: 71 datasets; 2.3 s; peak memory 1121 MiB.
2026-10-10T23:09:05Z INFO [567/750] 9d2140f2-dabb-4ac7-a881-2ce6796d233f: 1705 datasets; 10.6 s; peak memory 1121 MiB.
2026-10-10T23:09:07Z INFO [568/750] 9d21e6ed-b09e-419d-ab09-692fe7a14c32: 67 datasets; 2.1 s; peak memory 1121 MiB.
2026-10-10T23:09:09Z INFO [569/750] 9d22a388-d2b6-41fb-b74e-5ee41760a770: 112 datasets; 2.0 s; peak memory 1121 MiB.
2026-10-10T23:09:10Z INFO [570/750] 9d23ed0e-3b5f-42fe-8f20-b1d24badbaef: 48 datasets; 1.3 s; peak memory 1121 MiB.
2026-10-10T23:09:17Z INFO [571/750] 9d245262-53f1-4627-a949-b830b6234cc9: 196 datasets; 6.9 s; peak memory 1121 MiB.
2026-10-10T23:09:22Z INFO [572/750] 9d262c21-add6-4bf7-9b7e-bcc8a7ef31c9: 229 datasets; 5.5 s; peak memory 1121 MiB.
2026-10-10T23:09:24Z INFO [573/750] 9d264527-035a-4a16-bca3-1e81a315da9b: 48 datasets; 1.4 s; peak memory 1121 MiB.
2026-10-10T23:09:26Z INFO [574/750] 9d26782c-718f-4547-8b66-26c7239ccbef: 71 datasets; 2.5 s; peak memory 1121 MiB.
2026-10-10T23:09:28Z INFO [575/750] 9d26d639-89eb-4f56-acf5-63b713e393b9: 112 datasets; 2.0 s; peak memory 1121 MiB.
2026-10-10T23:09:29Z INFO [576/750] 9d27265d-d8ac-4449-9845-e0064138feb7: 46 datasets; 1.1 s; peak memory 1121 MiB.
2026-10-10T23:09:32Z INFO [577/750] 9d27341f-a659-4fa1-8f54-98e4149c2c1c: 71 datasets; 2.3 s; peak memory 1121 MiB.
2026-10-10T23:09:33Z INFO [578/750] 9d27455c-3c54-418f-b4ea-31d5fd2c8af8: 48 datasets; 1.5 s; peak memory 1121 MiB.
2026-10-10T23:09:34Z INFO [579/750] 9d2750f0-5898-48c0-b21c-bccb3efa3fe7: 46 datasets; 1.2 s; peak memory 1121 MiB.
2026-10-10T23:09:36Z INFO [580/750] 9d277a06-58ff-4aaa-bc15-2d1e3eaaf089: 48 datasets; 1.3 s; peak memory 1121 MiB.
2026-10-10T23:09:37Z INFO [581/750] 9d27a6e7-ef25-4b53-b0cf-901b83dea12b: 48 datasets; 1.2 s; peak memory 1121 MiB.
2026-10-10T23:09:42Z INFO [582/750] 9d28148f-689f-42dd-adc2-d97e323099a3: 229 datasets; 5.7 s; peak memory 1121 MiB.
2026-10-10T23:09:44Z INFO [583/750] 9d29157b-88c2-466b-8020-a2928e76710e: 53 datasets; 2.0 s; peak memory 1121 MiB.
2026-10-10T23:09:52Z INFO [584/750] 9d2937bd-92a5-4687-8ecf-fa41c44acac4: 341 datasets; 7.5 s; peak memory 1121 MiB.
2026-10-10T23:09:53Z INFO [585/750] 9d29815f-e57b-47d2-96e2-c6489bf741a6: 48 datasets; 1.3 s; peak memory 1121 MiB.
2026-10-10T23:09:55Z INFO [586/750] 9d29b526-aca3-4ff2-844f-ff543b8c5840: 112 datasets; 2.2 s; peak memory 1121 MiB.
2026-10-10T23:09:57Z INFO [587/750] 9d2ab519-994f-4904-8bbc-830d18b397bd: 48 datasets; 1.3 s; peak memory 1121 MiB.
2026-10-10T23:09:59Z INFO [588/750] 9d2b44a7-8514-46aa-8fd2-430765020c52: 112 datasets; 1.8 s; peak memory 1121 MiB.
2026-10-10T23:10:20Z INFO [589/750] 9d2c43da-7b9d-4201-ab98-30d80615944f: 48 datasets; 21.4 s; peak memory 1121 MiB.
2026-10-10T23:10:21Z INFO [590/750] 9d2ce2df-6e61-4073-87f4-a278131ebca5: 63 datasets; 1.2 s; peak memory 1121 MiB.
2026-10-10T23:10:31Z INFO [591/750] 9d2d3c39-a9e6-4f58-a6d2-116081d04df9: 574 datasets; 9.8 s; peak memory 1121 MiB.
2026-10-10T23:10:32Z INFO [592/750] 9d2dd116-80b8-4d67-9a6b-0808f9dfbb76: 48 datasets; 1.4 s; peak memory 1121 MiB.
2026-10-10T23:10:44Z INFO [593/750] 9d2e44ec-c79d-4f74-a3b1-184d007d6a5b: 97 datasets; 11.9 s; peak memory 1121 MiB.
2026-10-10T23:10:46Z INFO [594/750] 9d2ee12e-91a2-4497-88ff-f68e3721c491: 48 datasets; 1.3 s; peak memory 1121 MiB.
2026-10-10T23:10:47Z INFO [595/750] 9d2f37ce-37ea-400a-8d2f-7dadb90c6659: 48 datasets; 1.4 s; peak memory 1121 MiB.
2026-10-10T23:10:49Z INFO [596/750] 9d2fb8c7-e25a-4539-8d7a-296dff5b24ca: 112 datasets; 2.2 s; peak memory 1121 MiB.
2026-10-10T23:10:51Z INFO [597/750] 9d327d39-3311-4c10-82bc-feadaa05bb16: 112 datasets; 2.2 s; peak memory 1121 MiB.
2026-10-10T23:10:53Z INFO [598/750] 9d329a9a-f9b1-44e3-a3ea-565747ceb77b: 71 datasets; 1.9 s; peak memory 1121 MiB.
2026-10-10T23:10:55Z INFO [599/750] 9d32ebaf-fdbc-4738-9b37-bbd4ffdcaf29: 48 datasets; 1.3 s; peak memory 1121 MiB.
2026-10-10T23:10:56Z INFO [600/750] 9d33cd02-9924-4fd6-b12e-9f2b68058f59: 48 datasets; 1.2 s; peak memory 1121 MiB.
2026-10-10T23:10:56Z INFO [600/750] 9d33cd02-9924-4fd6-b12e-9f2b68058f59: checkpointed 122685 new records.
2026-10-10T23:10:58Z INFO [601/750] 9d33fda8-bddd-474e-8062-6ec542716593: 112 datasets; 2.1 s; peak memory 1121 MiB.
2026-10-10T23:11:01Z INFO [602/750] 9d340d74-b483-42b0-a97e-5a3a6ff61234: 78 datasets; 2.4 s; peak memory 1121 MiB.
2026-10-10T23:11:03Z INFO [603/750] 9d343490-419a-4269-8068-6438850fd230: 66 datasets; 1.9 s; peak memory 1121 MiB.
2026-10-10T23:11:04Z INFO [604/750] 9d345f6d-1ec0-4c7c-9e70-eae18c09619b: 46 datasets; 1.2 s; peak memory 1121 MiB.
2026-10-10T23:11:05Z INFO [605/750] 9d351d44-c8a0-463b-b6fd-9a4e2541df02: 48 datasets; 1.3 s; peak memory 1121 MiB.
2026-10-10T23:11:07Z INFO [606/750] 9d35c0dc-5824-4990-912a-86227ccddd48: 117 datasets; 1.7 s; peak memory 1121 MiB.
2026-10-10T23:11:08Z INFO [607/750] 9d35e0c2-b42e-408f-85e1-97953906807f: 48 datasets; 1.4 s; peak memory 1121 MiB.
2026-10-10T23:11:09Z INFO [608/750] 9d3620fc-a0bb-4d15-9f7a-54608489b7f0: 48 datasets; 1.3 s; peak memory 1121 MiB.
2026-10-10T23:11:13Z INFO [609/750] 9d36bae4-1daf-4118-88a4-8fac37305312: 116 datasets; 3.2 s; peak memory 1121 MiB.
2026-10-10T23:11:14Z INFO [610/750] 9d38007d-47ea-403d-a727-14eae2c6a79e: 48 datasets; 1.3 s; peak memory 1121 MiB.
2026-10-10T23:11:16Z INFO [611/750] 9d380655-c7dd-41ba-9f4a-36e15a313790: 66 datasets; 1.9 s; peak memory 1121 MiB.
2026-10-10T23:11:39Z INFO [612/750] 9d3815e0-8df3-4e95-aa8d-eb70ea17b8b2: 578 datasets; 23.5 s; peak memory 1121 MiB.
2026-10-10T23:11:40Z INFO [613/750] 9d396534-3fad-4846-ae6d-35cf107cad00: 21 datasets; 1.1 s; peak memory 1121 MiB.
2026-10-10T23:11:43Z INFO [614/750] 9d39d908-0c9e-4812-b87d-b092f92e0c73: 112 datasets; 2.2 s; peak memory 1121 MiB.
2026-10-10T23:11:44Z INFO [615/750] 9d3a080f-5745-4f7f-9088-ac31835fce8d: 48 datasets; 1.3 s; peak memory 1121 MiB.
2026-10-10T23:11:46Z INFO [616/750] 9d3a29bb-f83d-40da-8696-3a6c56997205: 76 datasets; 2.0 s; peak memory 1121 MiB.
2026-10-10T23:11:48Z INFO [617/750] 9d3a4041-6b47-4723-9277-2866baccc598: 117 datasets; 1.7 s; peak memory 1121 MiB.
2026-10-10T23:11:50Z INFO [618/750] 9d3a95ee-64db-4e3e-9f6c-fe2f37f4086c: 112 datasets; 2.4 s; peak memory 1121 MiB.
2026-10-10T23:11:52Z INFO [619/750] 9d3aae34-6886-4e44-b6b9-43cff79b1384: 118 datasets; 1.5 s; peak memory 1121 MiB.
2026-10-10T23:11:53Z INFO [620/750] 9d3af6d5-23bf-4ca2-8af1-6e9be7fbdc9d: 74 datasets; 1.6 s; peak memory 1121 MiB.
2026-10-10T23:11:56Z INFO [621/750] 9d3c91ac-f914-41de-8818-bf5b3d11674a: 38 datasets; 2.8 s; peak memory 1121 MiB.
2026-10-10T23:11:59Z INFO [622/750] 9d3dd523-d36f-4603-937d-6822cd8a64e8: 85 datasets; 3.3 s; peak memory 1121 MiB.
2026-10-10T23:12:01Z INFO [623/750] 9d3dd8f6-edbc-4882-9000-401403d14d23: 53 datasets; 1.4 s; peak memory 1121 MiB.
2026-10-10T23:12:02Z INFO [624/750] 9d3df089-3c9e-4a7a-b824-c096038054ee: 117 datasets; 1.7 s; peak memory 1121 MiB.
2026-10-10T23:12:04Z INFO [625/750] 9d3efc70-c119-4832-b545-2cbbd4016e87: 48 datasets; 1.3 s; peak memory 1121 MiB.
2026-10-10T23:12:06Z INFO [626/750] 9d3f9a66-246e-44e3-88d4-948adcd28937: 124 datasets; 2.0 s; peak memory 1121 MiB.
2026-10-10T23:12:10Z INFO [627/750] 9d416155-695a-42ba-801f-d6ae9729cd10: 48 datasets; 4.0 s; peak memory 1121 MiB.
2026-10-10T23:12:11Z INFO [628/750] 9d41a862-ae1e-4e5f-842f-00f2bbd373b6: 114 datasets; 1.3 s; peak memory 1121 MiB.
2026-10-10T23:12:14Z INFO [629/750] 9d41d8bc-bef9-4665-8af8-08aff99c0f73: 116 datasets; 3.3 s; peak memory 1121 MiB.
2026-10-10T23:12:18Z INFO [630/750] 9d4218f0-8334-4dbb-8e1f-140a7f15a42b: 118 datasets; 3.3 s; peak memory 1121 MiB.
2026-10-10T23:12:19Z INFO [631/750] 9d424ad7-884f-4711-be3e-7d1acb3390a0: 48 datasets; 1.4 s; peak memory 1121 MiB.
2026-10-10T23:12:20Z INFO [632/750] 9d431a0e-28f5-42c8-96a1-6e9690f58c2e: 48 datasets; 1.4 s; peak memory 1121 MiB.
2026-10-10T23:12:22Z INFO [633/750] 9d439cde-974e-43a7-acce-046712531f79: 66 datasets; 1.8 s; peak memory 1121 MiB.
2026-10-10T23:12:24Z INFO [634/750] 9d43f9e8-4d86-4806-ba03-47294229adf8: 117 datasets; 1.6 s; peak memory 1121 MiB.
2026-10-10T23:12:25Z INFO [635/750] 9d43fcee-8db5-4602-8620-d551cddf7990: 48 datasets; 1.3 s; peak memory 1121 MiB.
2026-10-10T23:12:34Z INFO [636/750] 9d44b899-045c-4868-a191-f4bbd05f8266: 9079 datasets; 8.5 s; peak memory 1121 MiB.
2026-10-10T23:12:37Z INFO [637/750] 9d45148d-98b3-4af0-b61f-2ef14d3d73a0: 156 datasets; 3.9 s; peak memory 1121 MiB.
2026-10-10T23:12:39Z INFO [638/750] 9d452aa4-954c-4085-9883-83fbb6d8a267: 112 datasets; 2.0 s; peak memory 1121 MiB.
2026-10-10T23:57:33Z INFO [639/750] 9d453adb-9092-4096-ada8-46c2918697fe: 1858 datasets; 2693.6 s; peak memory 1258 MiB.
2026-10-10T23:57:36Z INFO [640/750] 9d468d47-cd66-4a88-b914-50182340f3ad: 131 datasets; 2.5 s; peak memory 1258 MiB.
2026-10-10T23:57:37Z INFO [641/750] 9d46acac-34e0-4604-b488-a250e2c5117d: 48 datasets; 1.5 s; peak memory 1258 MiB.
2026-10-10T23:57:40Z INFO [642/750] 9d47a681-6d39-4f23-b47a-e22039b26c27: 119 datasets; 2.7 s; peak memory 1258 MiB.
2026-10-10T23:57:42Z INFO [643/750] 9d486880-847b-48d1-9f51-e0baaa4ffa79: 72 datasets; 1.8 s; peak memory 1258 MiB.
2026-10-10T23:57:43Z INFO [644/750] 9d4868b5-a099-4001-ab7d-148da32624f6: 46 datasets; 1.2 s; peak memory 1258 MiB.
2026-10-10T23:57:45Z INFO [645/750] 9d4a38f3-9f71-4311-9c78-8d1e044d1c82: 275 datasets; 2.1 s; peak memory 1258 MiB.
2026-10-10T23:57:49Z INFO [646/750] 9d4afe8c-2e40-411c-a1ce-1d38f45a8dd3: 89 datasets; 4.3 s; peak memory 1258 MiB.
2026-10-10T23:57:50Z INFO [647/750] 9d4b06dc-d468-4440-8337-0332016ca72e: 46 datasets; 1.1 s; peak memory 1258 MiB.
2026-10-10T23:57:52Z INFO [648/750] 9d4bd121-e908-4ab1-a274-c85d07fb301b: 45 datasets; 1.7 s; peak memory 1258 MiB.
2026-10-10T23:57:54Z INFO [649/750] 9d4bee39-3537-4766-8279-3b4c829c620b: 69 datasets; 1.9 s; peak memory 1258 MiB.
2026-10-10T23:57:55Z INFO [650/750] 9d4c0524-6da1-4144-b1eb-605d3ea2534c: 48 datasets; 1.4 s; peak memory 1258 MiB.
2026-10-10T23:57:55Z INFO [650/750] 9d4c0524-6da1-4144-b1eb-605d3ea2534c: checkpointed 122735 new records.
2026-10-10T23:57:57Z INFO [651/750] 9d4ca24d-4887-4e5d-baba-d0bde4988b23: 48 datasets; 1.4 s; peak memory 1258 MiB.
2026-10-10T23:57:58Z INFO [652/750] 9d4cf3d0-28e9-4bec-92f9-18766677ec39: 114 datasets; 1.4 s; peak memory 1258 MiB.
2026-10-10T23:58:00Z INFO [653/750] 9d4cfd6c-a774-48e8-9961-2a16a93f2e0a: 66 datasets; 2.2 s; peak memory 1258 MiB.
2026-10-10T23:58:02Z INFO [654/750] 9d4d4b6c-f39d-4f0c-965a-500c69fa4965: 37 datasets; 1.2 s; peak memory 1258 MiB.
2026-10-10T23:58:05Z INFO [655/750] 9d4d9913-df57-4e65-81f9-0e1f36977930: 114 datasets; 3.3 s; peak memory 1258 MiB.
2026-10-10T23:58:07Z INFO [656/750] 9d4e1074-2b15-426a-b3aa-6aace44e5c68: 117 datasets; 1.7 s; peak memory 1258 MiB.
2026-10-10T23:58:09Z INFO [657/750] 9d4e4b64-5347-4e00-9af9-48e821f8a5b4: 83 datasets; 1.9 s; peak memory 1258 MiB.
2026-10-10T23:58:12Z INFO [658/750] 9d4e7f61-ed7a-483e-ad6b-7755f3d1fdf3: 118 datasets; 3.4 s; peak memory 1258 MiB.
2026-10-10T23:58:14Z INFO [659/750] 9d4e8425-4032-413a-b5c9-523e2fc82e6c: 51 datasets; 1.6 s; peak memory 1258 MiB.
2026-10-10T23:58:31Z INFO [660/750] 9d4f8a19-d629-4d22-90b3-b3e9b929f6d0: 842 datasets; 17.8 s; peak memory 1258 MiB.
2026-10-10T23:58:39Z INFO [661/750] 9d51f8a4-0730-4fad-880c-548a1183358d: 478 datasets; 7.4 s; peak memory 1258 MiB.
2026-10-10T23:58:42Z INFO [662/750] 9d520f52-7178-46c7-a61e-e7cd1c1e2901: 119 datasets; 3.0 s; peak memory 1258 MiB.
2026-10-10T23:58:50Z INFO [663/750] 9d542463-ee59-4043-80d8-5ece2f97ebd2: 56 datasets; 8.4 s; peak memory 1258 MiB.
2026-10-10T23:58:52Z INFO [664/750] 9d55fed7-ca0f-40b5-8530-31a9804b08fd: 117 datasets; 1.5 s; peak memory 1258 MiB.
2026-10-10T23:58:54Z INFO [665/750] 9d57205e-8923-45c8-83c4-cc67e1f71375: 112 datasets; 2.2 s; peak memory 1258 MiB.
2026-10-10T23:58:55Z INFO [666/750] 9d57a1c3-1bbb-4fef-97ba-4564bba78ce6: 48 datasets; 1.4 s; peak memory 1258 MiB.
2026-10-10T23:58:57Z INFO [667/750] 9d57e76d-9150-4cb4-926f-5ccd5887506f: 116 datasets; 1.6 s; peak memory 1258 MiB.
2026-10-10T23:58:58Z INFO [668/750] 9d58673c-06f9-48d4-ad26-2e985cc5b571: 41 datasets; 1.4 s; peak memory 1258 MiB.
2026-10-10T23:59:00Z INFO [669/750] 9d58962f-acc7-426e-96e7-290d8d0a124d: 48 datasets; 1.4 s; peak memory 1258 MiB.
2026-10-10T23:59:01Z INFO [670/750] 9d58d621-5180-47c6-b6e0-1be31d4b14a8: 46 datasets; 1.1 s; peak memory 1258 MiB.
2026-10-10T23:59:16Z INFO [671/750] 9d58ed01-a934-4c81-9155-19fa724b681e: 1950 datasets; 15.3 s; peak memory 1258 MiB.
2026-10-10T23:59:18Z INFO [672/750] 9d598705-185c-4f19-a090-54dd3e446a29: 219 datasets; 2.1 s; peak memory 1258 MiB.
2026-10-10T23:59:20Z INFO [673/750] 9d59ef75-0fdd-4d4c-8aef-892bb2e5dcef: 49 datasets; 1.8 s; peak memory 1258 MiB.
2026-10-10T23:59:30Z INFO [674/750] 9d5a1740-506a-4844-a259-b0f7a7d32268: 56 datasets; 9.6 s; peak memory 1258 MiB.
2026-10-10T23:59:31Z INFO [675/750] 9d5ad725-1870-44d9-8969-8bea35b7049a: 48 datasets; 1.4 s; peak memory 1258 MiB.
2026-10-10T23:59:33Z INFO [676/750] 9d5b0403-2d4f-48e2-9a8b-5bd36f3d3231: 70 datasets; 2.5 s; peak memory 1258 MiB.
2026-10-10T23:59:40Z INFO [677/750] 9d5b2d69-9da0-4247-b8e2-b1cad2692ba2: 168 datasets; 6.7 s; peak memory 1258 MiB.
2026-10-10T23:59:42Z INFO [678/750] 9d5b5871-1bcf-4a8f-8ac7-48709471ffb5: 118 datasets; 1.8 s; peak memory 1258 MiB.
2026-10-10T23:59:45Z INFO [679/750] 9d5b5ffc-c5b7-444e-a6be-fd79a00c1bbd: 114 datasets; 3.2 s; peak memory 1258 MiB.
2026-10-10T23:59:47Z INFO [680/750] 9d5bec73-cda1-4a35-9144-e0b94cffd58a: 117 datasets; 1.6 s; peak memory 1258 MiB.
2026-10-10T23:59:48Z INFO [681/750] 9d5c77b8-5ddc-4acf-9c42-a6f1b3907c9f: 46 datasets; 1.2 s; peak memory 1258 MiB.
2026-10-10T23:59:50Z INFO [682/750] 9d5c913b-3279-48ea-bd18-02ff40537801: 118 datasets; 1.9 s; peak memory 1258 MiB.
2026-10-10T23:59:56Z INFO [683/750] 9d5dabf9-26db-4684-b0f6-5a0e6380c425: 229 datasets; 6.2 s; peak memory 1258 MiB.
2026-10-10T23:59:58Z INFO [684/750] 9d5db363-dd36-4e67-878e-dc4d93ac37cc: 112 datasets; 2.0 s; peak memory 1258 MiB.
2026-10-11T00:00:00Z INFO [685/750] 9d5ecefe-1287-449c-a4fc-ea3d4e817091: 64 datasets; 2.3 s; peak memory 1258 MiB.
2026-10-11T00:00:03Z INFO [686/750] 9d5edbc6-15fb-42c4-aa42-d3eb9a537d75: 38 datasets; 2.7 s; peak memory 1258 MiB.
2026-10-11T00:00:06Z INFO [687/750] 9d5f05d5-6ce5-4d78-a301-819d3d1ae2a3: 101 datasets; 2.9 s; peak memory 1258 MiB.
2026-10-11T00:00:08Z INFO [688/750] 9d5f5924-0926-46ac-8a2d-a62402da9b54: 62 datasets; 1.8 s; peak memory 1258 MiB.
2026-10-11T00:00:09Z INFO [689/750] 9d5fb2ab-5b1a-46ea-86d4-68df543a44a0: 48 datasets; 1.2 s; peak memory 1258 MiB.
2026-10-11T00:00:11Z INFO [690/750] 9d5fcbd2-b172-476b-bd10-f68e5eb0afed: 117 datasets; 1.7 s; peak memory 1258 MiB.
2026-10-11T00:00:13Z INFO [691/750] 9d5fda1a-f293-4a70-b906-c8d68dce28fb: 112 datasets; 2.2 s; peak memory 1258 MiB.
2026-10-11T00:00:14Z INFO [692/750] 9d60273b-2be0-4eaf-8a89-bdb2ba60180f: 49 datasets; 1.6 s; peak memory 1258 MiB.
2026-10-11T00:00:16Z INFO [693/750] 9d6052cf-8dc1-4d44-82e7-bf43e9cb8d54: 48 datasets; 1.2 s; peak memory 1258 MiB.
2026-10-11T00:00:17Z INFO [694/750] 9d6067c4-7978-455c-b6b2-a3d47de44923: 47 datasets; 1.3 s; peak memory 1258 MiB.
2026-10-11T00:00:18Z INFO [695/750] 9d612c25-c7ae-4f27-9154-482f78d7e0f3: 48 datasets; 1.3 s; peak memory 1258 MiB.
2026-10-11T00:00:20Z INFO [696/750] 9d6162ed-c2b3-451f-8359-1b6ccb23f315: 118 datasets; 1.5 s; peak memory 1258 MiB.
2026-10-11T00:00:22Z INFO [697/750] 9d617d1b-e8ec-40ce-aa1b-1f2cded93f14: 116 datasets; 1.9 s; peak memory 1258 MiB.
2026-10-11T00:00:24Z INFO [698/750] 9d61c0bc-1894-48fc-8ae3-88c571f658fa: 117 datasets; 2.6 s; peak memory 1258 MiB.
2026-10-11T00:00:35Z INFO [699/750] 9d6206aa-0c23-4961-8d7c-ed37d89d938a: 717 datasets; 10.5 s; peak memory 1258 MiB.
2026-10-11T00:00:48Z INFO [700/750] 9d6209a4-e4de-48ec-af59-06de6523b2d4: 108 datasets; 13.0 s; peak memory 1258 MiB.
2026-10-11T00:00:48Z INFO [700/750] 9d6209a4-e4de-48ec-af59-06de6523b2d4: checkpointed 122785 new records.
2026-10-11T00:00:51Z INFO [701/750] 9d62257d-88da-4791-b12e-969cfc57f64f: 118 datasets; 2.8 s; peak memory 1258 MiB.
2026-10-11T00:00:52Z INFO [702/750] 9d62f57d-901b-4908-b8c5-bd0928b400e2: 48 datasets; 1.3 s; peak memory 1258 MiB.
2026-10-11T00:00:54Z INFO [703/750] 9d63b131-b8e8-4730-ac5d-86301d724258: 52 datasets; 1.6 s; peak memory 1258 MiB.
2026-10-11T00:00:55Z INFO [704/750] 9d642318-9e95-4d32-bb10-dd1efa903663: 48 datasets; 1.5 s; peak memory 1258 MiB.
2026-10-11T00:00:57Z INFO [705/750] 9d645080-d7c1-4d13-bcb7-0088c49c8136: 112 datasets; 1.5 s; peak memory 1258 MiB.
2026-10-11T00:00:58Z INFO [706/750] 9d6567bd-f18c-4f5f-b196-7c36ba7f6c2b: 56 datasets; 1.0 s; peak memory 1258 MiB.
2026-10-11T00:00:59Z INFO [707/750] 9d65a19f-b38c-4545-b958-833868407910: 48 datasets; 1.2 s; peak memory 1258 MiB.
2026-10-11T00:01:01Z INFO [708/750] 9d66078f-1300-4024-8ed5-663ae59cd821: 142 datasets; 1.7 s; peak memory 1258 MiB.
2026-10-11T00:15:02Z INFO [709/750] 9d666a14-ac93-47dc-935e-dfc9870e1c47: 248 datasets; 841.1 s; peak memory 1258 MiB.
2026-10-11T00:15:39Z INFO [710/750] 9d66ed40-af31-43aa-b4ba-246d2206dcad: 53 datasets; 37.0 s; peak memory 1258 MiB.
2026-10-11T00:15:43Z INFO [711/750] 9d673ba4-42f1-4a4e-a3d4-12927a0790e3: 153 datasets; 4.3 s; peak memory 1258 MiB.
2026-10-11T00:15:45Z INFO [712/750] 9d67e40b-2506-4c6f-869d-c870cff88e5a: 84 datasets; 1.9 s; peak memory 1258 MiB.
2026-10-11T00:15:46Z INFO [713/750] 9d682b8d-cdcf-4eae-84ad-3aec3c9c8863: 117 datasets; 1.5 s; peak memory 1258 MiB.
2026-10-11T00:15:48Z INFO [714/750] 9d692db5-d67e-4de9-82a4-ccc4cb4945cd: 56 datasets; 1.2 s; peak memory 1258 MiB.
2026-10-11T00:15:49Z INFO [715/750] 9d695db7-27ef-4920-aa25-62647b85a6cd: 48 datasets; 1.6 s; peak memory 1258 MiB.
2026-10-11T00:15:50Z INFO [716/750] 9d6a9084-98e1-4f4c-b992-7e63f3ad46a2: 56 datasets; 1.3 s; peak memory 1258 MiB.
2026-10-11T00:15:51Z INFO [717/750] 9d6b0106-c15b-4e96-a446-8056e375c7b3: 35 datasets; 1.0 s; peak memory 1258 MiB.
2026-10-11T00:16:03Z INFO [718/750] 9d6b92f5-5591-48e8-bc8c-17f910706853: 44 datasets; 11.4 s; peak memory 1258 MiB.
2026-10-11T00:16:09Z INFO [719/750] 9d6bb2d8-4fa5-43e5-ab43-bb9382f32c1f: 174 datasets; 6.2 s; peak memory 1258 MiB.
2026-10-11T00:16:11Z INFO [720/750] 9d6c9b9b-36cf-4290-91a3-1acc8ac5e3e6: 52 datasets; 1.6 s; peak memory 1258 MiB.
2026-10-11T00:16:12Z INFO [721/750] 9d6d3add-6b62-454a-a72e-5b58d3438aa4: 48 datasets; 1.4 s; peak memory 1258 MiB.
2026-10-11T00:16:13Z INFO [722/750] 9d6d8b9c-ab28-4c2e-a3f4-7a39be9dad5c: 46 datasets; 1.3 s; peak memory 1258 MiB.
2026-10-11T00:16:15Z INFO [723/750] 9d6dccd9-5442-4a6e-814d-de35a91d7641: 112 datasets; 2.1 s; peak memory 1258 MiB.
2026-10-11T00:16:17Z INFO [724/750] 9d6dd30b-cb2d-4c82-b93b-8ea8aa6105aa: 48 datasets; 1.3 s; peak memory 1258 MiB.
2026-10-11T00:16:18Z INFO [725/750] 9d6e2770-03a9-4abb-ada0-630d84943052: 50 datasets; 1.4 s; peak memory 1258 MiB.
2026-10-11T00:16:25Z INFO [726/750] 9d6f413c-ebdc-493c-983c-fcbd5ef35c28: 223 datasets; 6.5 s; peak memory 1258 MiB.
2026-10-11T00:16:34Z INFO [727/750] 9d6f81ac-9248-4320-8ef9-3e58803e4062: 731 datasets; 9.1 s; peak memory 1258 MiB.
2026-10-11T00:16:51Z INFO [728/750] 9d703c88-584e-40ce-8557-91723610bfce: 38 datasets; 17.5 s; peak memory 1258 MiB.
2026-10-11T00:16:53Z INFO [729/750] 9d703e8b-7946-436a-a013-fed795dc8441: 118 datasets; 1.6 s; peak memory 1258 MiB.
2026-10-11T00:16:54Z INFO [730/750] 9d705139-f116-4750-8be1-dcadcb87cd0e: 68 datasets; 1.6 s; peak memory 1258 MiB.
2026-10-11T00:16:56Z INFO [731/750] 9d757d08-11b7-4d49-92cd-041d47fd26b8: 52 datasets; 1.5 s; peak memory 1258 MiB.
2026-10-11T00:16:57Z INFO [732/750] 9d75d3df-a6de-4830-aa43-a7787c4d3239: 46 datasets; 1.1 s; peak memory 1258 MiB.
2026-10-11T00:17:02Z INFO [733/750] 9d767972-733d-4f35-ae8d-b57b228ed5f5: 286 datasets; 4.6 s; peak memory 1258 MiB.
2026-10-11T00:17:04Z INFO [734/750] 9d76c528-22e7-4fa4-949f-01d9a5e2020e: 38 datasets; 2.0 s; peak memory 1258 MiB.
2026-10-11T00:17:06Z INFO [735/750] 9d76ceee-5540-469e-ab29-d1dc99ccfae6: 119 datasets; 2.5 s; peak memory 1258 MiB.
2026-10-11T00:17:08Z INFO [736/750] 9d7735a0-3538-4b68-9e34-059834c68b91: 118 datasets; 1.7 s; peak memory 1258 MiB.
2026-10-11T00:17:09Z INFO [737/750] 9d7743a0-7cc7-4e4f-8eb8-8e957e7d4fc8: 64 datasets; 1.5 s; peak memory 1258 MiB.
2026-10-11T00:17:11Z INFO [738/750] 9d77757c-ef07-4a55-beff-b0d20221d595: 117 datasets; 1.8 s; peak memory 1258 MiB.
2026-10-11T00:17:13Z INFO [739/750] 9d7852ed-6ee7-4b65-a66a-b0033b9b65be: 118 datasets; 1.6 s; peak memory 1258 MiB.
2026-10-11T00:17:14Z INFO [740/750] 9d7a4ed2-b076-4ff2-a83e-835520016f90: 117 datasets; 1.6 s; peak memory 1258 MiB.
2026-10-11T00:17:21Z INFO [741/750] 9d7acff8-877e-4017-9785-92a487cb9c1f: 223 datasets; 6.8 s; peak memory 1258 MiB.
2026-10-11T00:17:23Z INFO [742/750] 9d7af62a-d43d-4b94-aad3-68821c178222: 117 datasets; 1.8 s; peak memory 1258 MiB.
2026-10-11T00:17:24Z INFO [743/750] 9d7b5948-079c-4783-9669-50e0f5c71db7: 47 datasets; 1.5 s; peak memory 1258 MiB.
2026-10-11T00:17:32Z INFO [744/750] 9d7b984e-7886-4038-b854-3904d6c73bc9: 3352 datasets; 7.5 s; peak memory 1258 MiB.
2026-10-11T00:17:49Z INFO [745/750] 9d7bba55-f948-43d4-9ca0-e9d0d5195999: 1043 datasets; 16.7 s; peak memory 1258 MiB.
2026-10-11T00:18:05Z INFO [746/750] 9d7c2c26-8b42-4b3d-a56a-d477e662326a: 816 datasets; 16.8 s; peak memory 1258 MiB.
2026-10-11T00:18:07Z INFO [747/750] 9d7c6649-9e1e-4481-9cf8-3bca5ce062e1: 48 datasets; 1.2 s; peak memory 1258 MiB.
2026-10-11T00:18:08Z INFO [748/750] 9d7cc224-32cd-496d-9ddf-226127920183: 65 datasets; 1.7 s; peak memory 1258 MiB.
2026-10-11T00:18:09Z INFO [749/750] 9d7d4936-8001-4d25-bd61-b4751cae4307: 45 datasets; 1.1 s; peak memory 1258 MiB.
2026-10-11T00:18:11Z INFO [750/750] 9d7da699-ad24-4503-ba8e-3d385984fa5b: 48 datasets; 1.4 s; peak memory 1258 MiB.
2026-10-11T00:18:11Z INFO [750/750] 9d7da699-ad24-4503-ba8e-3d385984fa5b: checkpointed 122835 new records.
2026-10-11T00:18:11Z INFO Wrote 122835 records to /tmp/derivatives/valid_nwb_file_to_number_of_datasets.jsonl (750 new, 0 failed) in 135.4 min (peak memory 1258 MiB).
