2026-10-09T02:40:36Z INFO Logging to /tmp/logs/update_2026-10-09T02-40-36Z.log.
2026-10-09T02:40:36Z INFO Update valid-nwb-file-to-number-of-datasets (base directory /tmp).
2026-10-09T02:40:37Z INFO Processing 750 items (104835 already recorded).
2026-10-09T02:40:39Z INFO [1/750] 782261fb-159f-467a-95e0-9e5ae1cfa03c: 64 datasets; 1.9 s; peak memory 119 MiB.
2026-10-09T02:40:40Z INFO [2/750] 7823286a-edf1-4da1-b9a1-939ec7292290: 48 datasets; 0.8 s; peak memory 119 MiB.
2026-10-09T02:40:41Z INFO [3/750] 78233a11-8653-4d64-a2fb-b1a05234618c: 121 datasets; 1.4 s; peak memory 124 MiB.
2026-10-09T02:40:42Z INFO [4/750] 7823bac1-5f0e-4a8a-9e1c-fc8fd21d7337: 70 datasets; 1.2 s; peak memory 124 MiB.
2026-10-09T02:40:43Z INFO [5/750] 7823eee6-6815-4fc2-9a06-bff9e974421f: 117 datasets; 0.8 s; peak memory 125 MiB.
2026-10-09T02:40:44Z INFO [6/750] 7823fd00-7164-4142-a7c5-60acec0cf140: 48 datasets; 0.8 s; peak memory 126 MiB.
2026-10-09T02:40:45Z INFO [7/750] 78243098-40a3-407a-a830-d19c2166364a: 112 datasets; 1.0 s; peak memory 126 MiB.
2026-10-09T02:40:46Z INFO [8/750] 78248acd-6525-4bb4-814c-03bfdac0ce0c: 152 datasets; 1.0 s; peak memory 126 MiB.
2026-10-09T02:40:47Z INFO [9/750] 7824d07e-2cc8-4882-9e27-570630f53791: 112 datasets; 1.1 s; peak memory 127 MiB.
2026-10-09T02:40:48Z INFO [10/750] 782551fb-e6d6-4d9b-867e-695e2bfb3f34: 117 datasets; 0.8 s; peak memory 127 MiB.
2026-10-09T02:40:48Z INFO [11/750] 782578d6-7b62-4bdf-93bc-7a423d63da19: 48 datasets; 0.8 s; peak memory 127 MiB.
2026-10-09T02:40:50Z INFO [12/750] 78263ba3-36bd-42b3-8ccd-1ab98017a1af: 71 datasets; 1.6 s; peak memory 127 MiB.
2026-10-09T02:40:51Z INFO [13/750] 78264f77-543f-431c-91c1-66baa58d4b29: 52 datasets; 0.8 s; peak memory 127 MiB.
2026-10-09T02:40:52Z INFO [14/750] 7826bc80-65ba-4e65-b40a-833da09ffc16: 112 datasets; 1.0 s; peak memory 127 MiB.
2026-10-09T02:40:52Z INFO [15/750] 78287a5b-7519-4132-98d9-16a544ab5e71: 48 datasets; 0.7 s; peak memory 128 MiB.
2026-10-09T02:40:54Z INFO [16/750] 78288474-2bb4-41a5-8413-0e421481ef4f: 71 datasets; 1.4 s; peak memory 128 MiB.
2026-10-09T02:40:55Z INFO [17/750] 78289952-b0d5-4081-afdf-38b97d80b673: 117 datasets; 0.8 s; peak memory 128 MiB.
2026-10-09T02:40:56Z INFO [18/750] 7828a12c-9a67-447b-9ee1-074fa422670d: 71 datasets; 1.6 s; peak memory 128 MiB.
2026-10-09T02:40:57Z INFO [19/750] 7828e45b-9272-4942-ab34-0321878bebe4: 48 datasets; 0.8 s; peak memory 129 MiB.
2026-10-09T02:40:58Z INFO [20/750] 782947ac-25a6-4e97-b7b0-674feec07c06: 117 datasets; 1.1 s; peak memory 129 MiB.
2026-10-09T02:40:59Z INFO [21/750] 7829b6fc-f207-4bf3-94e5-ebdedf24b31e: 46 datasets; 0.6 s; peak memory 129 MiB.
2026-10-09T02:41:00Z INFO [22/750] 7829bc55-1131-4944-b295-75f2dfaac03a: 112 datasets; 1.0 s; peak memory 129 MiB.
2026-10-09T02:41:01Z INFO [23/750] 782a00a9-d901-4b49-b5d7-cf1890260715: 116 datasets; 0.9 s; peak memory 129 MiB.
2026-10-09T02:41:01Z INFO [24/750] 782a7fbe-f4ed-47a1-bbc1-dce6ff462a9c: 46 datasets; 0.5 s; peak memory 129 MiB.
2026-10-09T02:41:05Z INFO [25/750] 782b6efd-52a0-46c0-b366-d6564461ce90: 538 datasets; 3.8 s; peak memory 138 MiB.
2026-10-09T02:41:11Z INFO [26/750] 782c5cb3-1f5e-4283-a3a4-5bc8fee0b015: 868 datasets; 6.1 s; peak memory 161 MiB.
2026-10-09T02:41:12Z INFO [27/750] 782ce61f-2587-4c69-93f0-a1d06ee6af27: 79 datasets; 0.9 s; peak memory 161 MiB.
2026-10-09T02:41:21Z INFO [28/750] 782d5252-2f9d-48e3-8632-7ce6c1e97c3f: 106 datasets; 8.8 s; peak memory 161 MiB.
2026-10-09T02:41:22Z INFO [29/750] 782d9cb1-d8ed-4995-89d9-2af55645df32: 110 datasets; 0.8 s; peak memory 161 MiB.
2026-10-09T02:41:22Z INFO [30/750] 782daaf9-db2b-46e1-87ed-93040b7acc42: 114 datasets; 0.8 s; peak memory 161 MiB.
2026-10-09T02:41:23Z INFO [31/750] 782e90c5-8a02-453e-8e14-d04ddf61223b: 117 datasets; 0.8 s; peak memory 161 MiB.
2026-10-09T02:41:26Z INFO [32/750] 782ec1b2-a7b9-4636-801e-db39b797d63f: 84 datasets; 2.8 s; peak memory 161 MiB.
2026-10-09T02:41:27Z INFO [33/750] 782f1d17-f8e9-425a-9c03-1f768a5444e6: 48 datasets; 0.9 s; peak memory 161 MiB.
2026-10-09T02:41:30Z INFO [34/750] 78318f64-9750-4985-9b52-9d311eae1dad: 507 datasets; 3.0 s; peak memory 162 MiB.
2026-10-09T02:41:33Z INFO [35/750] 7831dbdc-3ceb-49bf-aa49-086aa81d2a7b: 225 datasets; 3.2 s; peak memory 162 MiB.
2026-10-09T02:42:53Z INFO [36/750] 783211f2-125b-472e-b8aa-e9892863df08: 394 datasets; 79.9 s; peak memory 246 MiB.
2026-10-09T02:42:54Z INFO [37/750] 78326885-1317-44f4-97a2-221646dabe60: 112 datasets; 0.9 s; peak memory 246 MiB.
2026-10-09T02:42:57Z INFO [38/750] 783384ca-e6d7-40d3-b839-d03f6c22ce27: 208 datasets; 3.6 s; peak memory 246 MiB.
2026-10-09T02:44:43Z INFO [39/750] 7833bf4b-217d-4e71-ba0f-a4daf98f204c: 394 datasets; 105.9 s; peak memory 284 MiB.
2026-10-09T02:44:44Z INFO [40/750] 783552e6-667b-4ad9-9d1d-794695da2cf3: 39 datasets; 0.8 s; peak memory 284 MiB.
2026-10-09T02:44:50Z INFO [41/750] 7835763a-8ce9-4aac-911f-61acc20ad7d2: 11477 datasets; 6.2 s; peak memory 284 MiB.
2026-10-09T02:44:51Z INFO [42/750] 78357e32-20d2-48bb-85ac-d912876a9b4d: 38 datasets; 0.8 s; peak memory 284 MiB.
2026-10-09T02:44:54Z INFO [43/750] 7835cb8c-6bf5-4a71-99b5-497987883bc3: 99 datasets; 2.6 s; peak memory 284 MiB.
2026-10-09T02:44:56Z INFO [44/750] 78369690-882f-4e93-b5c8-557dfc76761f: 71 datasets; 1.8 s; peak memory 284 MiB.
2026-10-09T02:44:57Z INFO [45/750] 78369bd3-8cbd-4546-8a89-6ee5ef70de0b: 156 datasets; 1.8 s; peak memory 284 MiB.
2026-10-09T02:44:58Z INFO [46/750] 7836ec32-5848-4690-979b-083eb50ff798: 21 datasets; 0.7 s; peak memory 284 MiB.
2026-10-09T02:45:02Z INFO [47/750] 78374f92-4097-483c-a581-3a0aaa037234: 238 datasets; 4.0 s; peak memory 284 MiB.
2026-10-09T02:45:04Z INFO [48/750] 783867a7-efb9-45ba-9c19-aabd88b3e246: 116 datasets; 1.7 s; peak memory 284 MiB.
2026-10-09T02:45:22Z INFO [49/750] 78390723-7764-419e-af46-2ebf1d0cbf56: 48 datasets; 18.0 s; peak memory 284 MiB.
2026-10-09T02:45:22Z INFO [50/750] 7839566b-91a2-4911-a509-8b898702dd5f: 45 datasets; 0.6 s; peak memory 284 MiB.
2026-10-09T02:45:23Z INFO [50/750] 7839566b-91a2-4911-a509-8b898702dd5f: checkpointed 104885 new records.
2026-10-09T02:45:24Z INFO [51/750] 7839df23-5371-4396-b5a2-abe951b8cae3: 93 datasets; 1.1 s; peak memory 284 MiB.
2026-10-09T02:45:25Z INFO [52/750] 783ac85e-5cb3-461d-aa56-e6600cfbdf5f: 112 datasets; 0.9 s; peak memory 284 MiB.
2026-10-09T02:45:25Z INFO [53/750] 783c7b61-3046-421b-8543-5a6746b12ce2: 112 datasets; 0.9 s; peak memory 284 MiB.
2026-10-09T02:45:27Z INFO [54/750] 783dff5a-64df-4394-af5e-8d285ed07e7b: 71 datasets; 1.5 s; peak memory 284 MiB.
2026-10-09T02:45:28Z INFO [55/750] 783f7ce9-ac0c-4d4f-854d-86f385c92407: 48 datasets; 0.9 s; peak memory 284 MiB.
2026-10-09T02:45:29Z INFO [56/750] 784177c7-bfc5-4d94-992a-eac34e41747a: 116 datasets; 1.0 s; peak memory 284 MiB.
2026-10-09T02:45:29Z INFO [57/750] 78417a24-1e79-4f2b-a3d4-f80279ec70a0: 48 datasets; 0.7 s; peak memory 284 MiB.
2026-10-09T02:45:30Z INFO [58/750] 784203d0-dbcb-44d6-b1bc-3371376e8473: 117 datasets; 0.9 s; peak memory 284 MiB.
2026-10-09T02:45:32Z INFO [59/750] 7842c498-0a6a-4fd9-9609-49ec43ebb213: 118 datasets; 1.7 s; peak memory 284 MiB.
2026-10-09T02:45:33Z INFO [60/750] 7842fdd3-bd8e-4977-a487-dac2114bdac0: 48 datasets; 0.9 s; peak memory 284 MiB.
2026-10-09T02:45:34Z INFO [61/750] 78432b0f-34c6-409d-80ab-64c3fd8d94ce: 38 datasets; 0.7 s; peak memory 284 MiB.
2026-10-09T02:47:30Z INFO [62/750] 78438903-09d2-4a9a-ae65-5017c868d4fd: 163 datasets; 116.1 s; peak memory 386 MiB.
2026-10-09T02:47:31Z INFO [63/750] 7843e31e-433b-438e-ab73-d3e95a444061: 66 datasets; 1.1 s; peak memory 386 MiB.
2026-10-09T02:47:32Z INFO [64/750] 78442c75-bbbc-44cd-9480-5f30bb9630c3: 77 datasets; 0.9 s; peak memory 386 MiB.
2026-10-09T02:47:40Z INFO [65/750] 7844b8e9-e42c-436f-8c80-be1ade8690c1: 357 datasets; 7.8 s; peak memory 386 MiB.
2026-10-09T02:47:40Z INFO [66/750] 784518fa-1c0b-413c-b44d-e0ebb5be2473: 48 datasets; 0.8 s; peak memory 386 MiB.
2026-10-09T02:47:41Z INFO [67/750] 78458714-6249-46a6-98d0-bfb1b2117ea3: 116 datasets; 0.8 s; peak memory 386 MiB.
2026-10-09T02:47:43Z INFO [68/750] 78459eac-9d22-4ce6-85ef-5389a3921c10: 66 datasets; 1.4 s; peak memory 386 MiB.
2026-10-09T02:47:58Z INFO [69/750] 784616e6-2b26-4713-b606-72d2892d27f9: 41 datasets; 15.1 s; peak memory 386 MiB.
2026-10-09T02:47:59Z INFO [70/750] 78465446-1695-413e-97fd-979e7876f865: 117 datasets; 0.9 s; peak memory 386 MiB.
2026-10-09T02:47:59Z INFO [71/750] 78470e0a-2b47-4ab4-b86c-6a87bec9781b: 33 datasets; 0.6 s; peak memory 386 MiB.
2026-10-09T02:48:00Z INFO [72/750] 78472edb-f97c-44a2-a489-a178643ce42a: 117 datasets; 0.9 s; peak memory 386 MiB.
2026-10-09T02:48:01Z INFO [73/750] 78474b6d-9c22-4771-b6e7-b0e03f9a46d6: 117 datasets; 1.0 s; peak memory 386 MiB.
2026-10-09T02:48:07Z INFO [74/750] 7847757b-7d5e-4649-a27c-8b35c4ff9e57: 384 datasets; 5.9 s; peak memory 386 MiB.
2026-10-09T02:48:08Z INFO [75/750] 7848cc08-19a4-4f0a-b13b-3cc18a209643: 112 datasets; 1.3 s; peak memory 386 MiB.
2026-10-09T02:48:15Z INFO [76/750] 7849459e-95a6-4696-a626-1e84782c0fd3: 11477 datasets; 6.6 s; peak memory 386 MiB.
2026-10-09T02:48:20Z INFO [77/750] 7849f81c-491a-4a7b-a36e-717505d6ef8d: 56 datasets; 4.7 s; peak memory 386 MiB.
2026-10-09T02:48:20Z INFO [78/750] 784bbc1c-f66c-46ce-8eb5-f9e97c9bfd47: 116 datasets; 0.8 s; peak memory 386 MiB.
2026-10-09T02:48:25Z INFO [79/750] 784beab2-5f47-40ed-8523-3db8beaa4317: 555 datasets; 4.4 s; peak memory 386 MiB.
2026-10-09T02:48:44Z INFO [80/750] 784c185a-cf83-43b1-be2e-750d40fbeba7: 48 datasets; 19.3 s; peak memory 386 MiB.
2026-10-09T02:55:59Z INFO [81/750] 784c434b-8038-4996-b699-b7e6bb2936f7: 109 datasets; 435.2 s; peak memory 1244 MiB.
2026-10-09T02:56:00Z INFO [82/750] 784d7279-e051-4f39-b8c0-65193b03e1a9: 117 datasets; 0.9 s; peak memory 1244 MiB.
2026-10-09T02:56:01Z INFO [83/750] 784d98d8-41eb-4513-ac8b-2bc096e2c64c: 64 datasets; 0.8 s; peak memory 1244 MiB.
2026-10-09T02:56:02Z INFO [84/750] 784e090c-8b22-4212-b607-f39b7094884c: 118 datasets; 0.9 s; peak memory 1244 MiB.
2026-10-09T02:56:03Z INFO [85/750] 784e8dbf-bd87-4500-a79a-4f51d8683d6d: 48 datasets; 0.9 s; peak memory 1244 MiB.
2026-10-09T02:56:03Z INFO [86/750] 784ea269-dadb-4f62-b34c-0a60b1daa3da: 48 datasets; 0.8 s; peak memory 1244 MiB.
2026-10-09T02:56:05Z INFO [87/750] 784ee46f-623e-43f1-ae47-c84d5c4237d3: 112 datasets; 1.0 s; peak memory 1244 MiB.
2026-10-09T02:56:05Z INFO [88/750] 784f31b1-d31f-4161-88a3-314fe06881c7: 116 datasets; 0.9 s; peak memory 1244 MiB.
2026-10-09T02:56:06Z INFO [89/750] 784f82bd-62ea-4bc5-a34b-b494caf01cb4: 112 datasets; 1.1 s; peak memory 1244 MiB.
2026-10-09T02:56:07Z INFO [90/750] 78509c2c-9474-4afe-bdab-0db6d0c19f69: 48 datasets; 0.6 s; peak memory 1244 MiB.
2026-10-09T02:56:08Z INFO [91/750] 785287c2-30ef-41e0-8570-aa3e085fdfed: 117 datasets; 0.8 s; peak memory 1244 MiB.
2026-10-09T02:56:10Z INFO [92/750] 7852c71e-2930-42cf-8586-d2e16e3c61e5: 386 datasets; 2.5 s; peak memory 1244 MiB.
2026-10-09T02:56:11Z INFO [93/750] 78538a07-f3e4-4b8a-b97f-02ffe636c404: 64 datasets; 0.8 s; peak memory 1244 MiB.
2026-10-09T02:56:12Z INFO [94/750] 7853c6cc-2d21-4d63-ae02-fa19df0e50c3: 48 datasets; 0.9 s; peak memory 1244 MiB.
2026-10-09T02:56:13Z INFO [95/750] 785444e1-eb68-4511-9747-aa9d315b2990: 117 datasets; 0.9 s; peak memory 1244 MiB.
2026-10-09T02:56:22Z INFO [96/750] 785479af-0a0e-42e3-b0c0-197947a46e2b: 44 datasets; 9.1 s; peak memory 1244 MiB.
2026-10-09T02:56:27Z INFO [97/750] 7854a7e5-14dc-46cb-b576-a0aad5fdf5ad: 79 datasets; 5.0 s; peak memory 1244 MiB.
2026-10-09T02:56:33Z INFO [98/750] 7855ae3e-1b25-4655-ae18-17e70b4e50c6: 921 datasets; 5.9 s; peak memory 1244 MiB.
2026-10-09T02:56:34Z INFO [99/750] 78565321-b079-4c44-b6b7-997bf2c4d31f: 48 datasets; 0.8 s; peak memory 1244 MiB.
2026-10-09T02:56:35Z INFO [100/750] 785656b7-0e6c-448c-af8b-ce03e96b3986: 78 datasets; 1.9 s; peak memory 1244 MiB.
2026-10-09T02:56:36Z INFO [100/750] 785656b7-0e6c-448c-af8b-ce03e96b3986: checkpointed 104935 new records.
2026-10-09T02:56:37Z INFO [101/750] 7857a32f-5fe3-483b-b5d4-505bf80a61c7: 69 datasets; 1.2 s; peak memory 1244 MiB.
2026-10-09T02:56:38Z INFO [102/750] 78585d91-acc2-40f5-bb2e-3ad5208c26f1: 42 datasets; 0.8 s; peak memory 1244 MiB.
2026-10-09T02:56:39Z INFO [103/750] 7858c56f-7551-468f-b0d7-5555df9d40ba: 48 datasets; 0.9 s; peak memory 1244 MiB.
2026-10-09T02:56:39Z INFO [104/750] 785af7ac-bec9-45a4-b5f4-e1281b0d6b51: 48 datasets; 0.9 s; peak memory 1244 MiB.
2026-10-09T02:56:41Z INFO [105/750] 785af882-00bc-4f02-97f0-2258a95ecdc8: 112 datasets; 1.1 s; peak memory 1244 MiB.
2026-10-09T02:56:43Z INFO [106/750] 785c298c-2e9c-4656-8801-d2f3815d4506: 86 datasets; 2.2 s; peak memory 1244 MiB.
2026-10-09T02:56:44Z INFO [107/750] 785e6c4a-566f-4ed1-b978-27aece509023: 64 datasets; 0.9 s; peak memory 1244 MiB.
2026-10-09T02:56:51Z INFO [108/750] 7860101f-f5dc-4a18-b083-e1b76cd1ac37: 603 datasets; 7.4 s; peak memory 1244 MiB.
2026-10-09T02:56:55Z INFO [109/750] 7860c176-86b3-4e0e-836a-027759ba97b4: 505 datasets; 3.8 s; peak memory 1244 MiB.
2026-10-09T02:56:57Z INFO [110/750] 78612ce1-59e3-41ee-a6dc-44f6f9fef216: 87 datasets; 2.0 s; peak memory 1244 MiB.
2026-10-09T02:57:03Z INFO [111/750] 786224f5-a953-44ff-8c8f-8145c424dd9f: 107 datasets; 5.8 s; peak memory 1244 MiB.
2026-10-09T02:57:04Z INFO [112/750] 78624002-245f-4974-a0e9-d21004216e1f: 64 datasets; 1.1 s; peak memory 1244 MiB.
2026-10-09T02:57:05Z INFO [113/750] 7862faf5-e26a-4e0f-8ce0-dceaf15ad7af: 85 datasets; 1.0 s; peak memory 1244 MiB.
2026-10-09T02:57:05Z INFO [114/750] 7863103f-50af-4e30-8827-4d42aa73ba66: 46 datasets; 0.6 s; peak memory 1244 MiB.
2026-10-09T02:57:13Z INFO [115/750] 78634045-8655-41e3-9eaf-4afda92e5a90: 1158 datasets; 7.3 s; peak memory 1244 MiB.
2026-10-09T02:57:15Z INFO [116/750] 786365b3-cfb1-4b44-adbc-db8d8af4003b: 366 datasets; 2.1 s; peak memory 1244 MiB.
2026-10-09T02:57:19Z INFO [117/750] 7863d47d-3b9a-4e67-9718-a923d11a3e34: 229 datasets; 4.0 s; peak memory 1244 MiB.
2026-10-09T02:57:20Z INFO [118/750] 78641fed-081e-44af-a1c2-8ca249c30352: 65 datasets; 0.7 s; peak memory 1244 MiB.
2026-10-09T02:57:20Z INFO [119/750] 78645522-8c4c-46b9-876e-201249a8a7f5: 51 datasets; 0.8 s; peak memory 1244 MiB.
2026-10-09T02:57:21Z INFO [120/750] 78646f1f-c4c7-4404-a85f-ecd711b5c3b4: 48 datasets; 0.8 s; peak memory 1244 MiB.
2026-10-09T02:57:22Z INFO [121/750] 7864d404-57e4-49a6-bcdd-5d24c45a9a5e: 158 datasets; 1.1 s; peak memory 1244 MiB.
2026-10-09T02:57:27Z INFO [122/750] 786615d7-d8eb-44ea-a586-5a840179a315: 264 datasets; 4.5 s; peak memory 1244 MiB.
2026-10-09T02:57:28Z INFO [123/750] 7866bfef-9d29-4d71-a95b-69160cb103af: 94 datasets; 1.8 s; peak memory 1244 MiB.
2026-10-09T02:57:30Z INFO [124/750] 7866cfdb-2ddc-4cf5-9c27-d060bb0f4ba3: 66 datasets; 1.2 s; peak memory 1244 MiB.
2026-10-09T02:57:31Z INFO [125/750] 7866f63f-ca43-403a-bcb0-0d0628c628ef: 71 datasets; 1.6 s; peak memory 1244 MiB.
2026-10-09T02:57:32Z INFO [126/750] 786710b5-10f8-4dee-9325-06709c11d10f: 118 datasets; 0.8 s; peak memory 1244 MiB.
2026-10-09T02:57:33Z INFO [127/750] 786821a9-0606-4074-a748-bfa20b4a3a8a: 71 datasets; 1.5 s; peak memory 1244 MiB.
2026-10-09T02:57:39Z INFO [128/750] 78693cbf-4ccf-4c95-a438-be473bc1325b: 257 datasets; 5.2 s; peak memory 1244 MiB.
2026-10-09T02:57:39Z INFO [129/750] 7869871f-0ec7-401b-80ec-92d7766f3a79: 48 datasets; 0.7 s; peak memory 1244 MiB.
2026-10-09T02:57:40Z INFO [130/750] 7869b1be-74f6-41c8-9e41-490926f28a54: 117 datasets; 0.9 s; peak memory 1244 MiB.
2026-10-09T02:57:41Z INFO [131/750] 786c316e-b959-4e70-b5ac-2857f927fc38: 84 datasets; 0.8 s; peak memory 1244 MiB.
2026-10-09T02:57:43Z INFO [132/750] 786c9812-4f6c-49f4-ab1d-e0688ac405a0: 114 datasets; 2.0 s; peak memory 1244 MiB.
2026-10-09T02:57:46Z INFO [133/750] 786cb273-788d-4fef-87dc-f393ccbb96e7: 229 datasets; 3.0 s; peak memory 1244 MiB.
2026-10-09T02:57:47Z INFO [134/750] 786cb3ac-2ed7-4d80-85e9-a55045792b8b: 50 datasets; 0.5 s; peak memory 1244 MiB.
2026-10-09T02:57:47Z INFO [135/750] 786de382-96e2-4eb8-ab31-f1a88e02b1c8: 48 datasets; 0.8 s; peak memory 1244 MiB.
2026-10-09T02:57:49Z INFO [136/750] 786efcbb-7302-4992-800d-b28f1279f50a: 115 datasets; 1.9 s; peak memory 1244 MiB.
2026-10-09T02:57:59Z INFO [137/750] 786f597b-9253-4d9a-8fdc-bcab59ec3072: 41 datasets; 10.0 s; peak memory 1244 MiB.
2026-10-09T02:58:00Z INFO [138/750] 78700cc4-089b-4583-b6c3-b7e2144d0964: 116 datasets; 0.8 s; peak memory 1244 MiB.
2026-10-09T02:58:01Z INFO [139/750] 7870286e-09d6-46b7-8bd0-2ca04520fa8d: 49 datasets; 0.6 s; peak memory 1244 MiB.
2026-10-09T02:58:10Z INFO [140/750] 78715ab8-ebe2-4be2-a99f-0461430c8c34: 907 datasets; 8.8 s; peak memory 1244 MiB.
2026-10-09T02:58:11Z INFO [141/750] 78723da6-ee8c-4761-acfd-e2ea78ed91ad: 82 datasets; 1.3 s; peak memory 1244 MiB.
2026-10-09T02:58:12Z INFO [142/750] 78732134-0bfe-479c-bac9-3699ce462c30: 48 datasets; 0.8 s; peak memory 1244 MiB.
2026-10-09T02:58:13Z INFO [143/750] 78733267-f425-4199-a633-b12b4634ba55: 112 datasets; 1.0 s; peak memory 1244 MiB.
2026-10-09T02:58:17Z INFO [144/750] 787395ab-69e7-4291-9e80-139c88d8e6ae: 200 datasets; 4.3 s; peak memory 1244 MiB.
2026-10-09T02:58:18Z INFO [145/750] 7873d441-3b2b-484d-96db-1acc00bacfe5: 51 datasets; 0.8 s; peak memory 1244 MiB.
2026-10-09T02:58:19Z INFO [146/750] 7874a97b-69cb-4107-8199-f08f7844cebd: 66 datasets; 1.3 s; peak memory 1244 MiB.
2026-10-09T02:58:20Z INFO [147/750] 787557e3-cbf3-482d-b803-9f6d40125d07: 118 datasets; 0.8 s; peak memory 1244 MiB.
2026-10-09T02:58:21Z INFO [148/750] 78774d8b-ec46-44a9-8eaa-cbcc42735759: 112 datasets; 1.1 s; peak memory 1244 MiB.
2026-10-09T02:58:24Z INFO [149/750] 7877a976-a1cf-4a2a-ba11-9809c7ea0eb9: 79 datasets; 2.7 s; peak memory 1244 MiB.
2026-10-09T02:58:25Z INFO [150/750] 787901a6-9f6e-4790-b40f-b1a93c02b0a6: 45 datasets; 0.6 s; peak memory 1244 MiB.
2026-10-09T02:58:25Z INFO [150/750] 787901a6-9f6e-4790-b40f-b1a93c02b0a6: checkpointed 104985 new records.
2026-10-09T02:58:27Z INFO [151/750] 787955e6-07ce-4df9-af3b-df2358b3f366: 38 datasets; 1.9 s; peak memory 1244 MiB.
2026-10-09T02:58:30Z INFO [152/750] 7879823f-6edf-4be9-af14-1ccf202e319f: 613 datasets; 3.9 s; peak memory 1244 MiB.
2026-10-09T02:58:31Z INFO [153/750] 78799fac-e0b9-413a-934d-d6d62dcfd437: 69 datasets; 0.8 s; peak memory 1244 MiB.
2026-10-09T02:58:32Z INFO [154/750] 787a20de-a5b4-4c5f-b524-e00b455aacb8: 117 datasets; 0.8 s; peak memory 1244 MiB.
2026-10-09T02:58:33Z INFO [155/750] 787ab147-788a-43b2-a74c-2c7410888f06: 48 datasets; 0.8 s; peak memory 1244 MiB.
2026-10-09T02:58:34Z INFO [156/750] 787b8afe-5c3e-435f-9ae6-940b19220c96: 48 datasets; 0.8 s; peak memory 1244 MiB.
2026-10-09T02:58:34Z INFO [157/750] 787c7876-bf9f-437f-be1c-870009c5e35b: 112 datasets; 0.9 s; peak memory 1244 MiB.
2026-10-09T02:58:35Z INFO [158/750] 787c820a-149e-4216-83f5-21f94f73b599: 39 datasets; 0.8 s; peak memory 1244 MiB.
2026-10-09T02:58:36Z INFO [159/750] 787d4fb3-e339-48a8-be97-ab1534e128e0: 48 datasets; 0.7 s; peak memory 1244 MiB.
2026-10-09T02:58:40Z INFO [160/750] 787db872-e623-412b-8c0a-8e8fa2c2f617: 538 datasets; 4.2 s; peak memory 1244 MiB.
2026-10-09T02:58:43Z INFO [161/750] 787e0bcb-adfd-4e6a-917a-4362dbcdd788: 458 datasets; 3.1 s; peak memory 1244 MiB.
2026-10-09T02:58:45Z INFO [162/750] 787e0e8f-9a1c-4d7d-8b36-60dd355e55cd: 38 datasets; 1.6 s; peak memory 1244 MiB.
2026-10-09T02:58:47Z INFO [163/750] 787e6d58-b697-4e14-bc18-fdf59c1d4e04: 118 datasets; 1.9 s; peak memory 1244 MiB.
2026-10-09T02:58:48Z INFO [164/750] 787ec39f-461d-433c-98c9-92ecedfd5e7d: 118 datasets; 0.9 s; peak memory 1244 MiB.
2026-10-09T02:58:49Z INFO [165/750] 787ef250-8bed-4ad0-9ab1-04f0f0abc6ae: 124 datasets; 1.2 s; peak memory 1244 MiB.
2026-10-09T02:58:50Z INFO [166/750] 787f36a7-b281-470c-9a44-fbedb7c8df34: 33 datasets; 0.7 s; peak memory 1244 MiB.
2026-10-09T02:58:50Z INFO [167/750] 7880583c-45bf-4343-a447-8839417f14bf: 48 datasets; 0.8 s; peak memory 1244 MiB.
2026-10-09T02:58:51Z INFO [168/750] 7880d9b5-90a1-4731-85bc-bf581b075885: 153 datasets; 1.1 s; peak memory 1244 MiB.
2026-10-09T02:58:52Z INFO [169/750] 78814ba1-58d6-45a4-852d-25be68d822b4: 48 datasets; 0.6 s; peak memory 1244 MiB.
2026-10-09T02:58:53Z INFO [170/750] 7882b1f2-934d-4f6b-8781-da52b9c57bb9: 48 datasets; 0.8 s; peak memory 1244 MiB.
2026-10-09T02:58:57Z INFO [171/750] 78835cec-72ca-4ff8-a167-320a1b1c2256: 538 datasets; 4.0 s; peak memory 1244 MiB.
2026-10-09T02:58:58Z INFO [172/750] 788370f4-3497-4cf5-9535-a22831fe3e94: 41 datasets; 0.8 s; peak memory 1244 MiB.
2026-10-09T02:58:58Z INFO [173/750] 7883bd12-c72f-4bff-8986-8ab6a410ead1: 48 datasets; 0.7 s; peak memory 1244 MiB.
2026-10-09T02:58:59Z INFO [174/750] 7883d846-63b2-4eee-9745-bbe995b75f90: 72 datasets; 0.7 s; peak memory 1244 MiB.
2026-10-09T02:59:00Z INFO [175/750] 78841a9c-1243-4bbb-8123-38202c54a565: 52 datasets; 0.9 s; peak memory 1244 MiB.
2026-10-09T02:59:01Z INFO [176/750] 788597ae-cbd1-4525-a5e5-ab6942def85a: 115 datasets; 1.0 s; peak memory 1244 MiB.
2026-10-09T02:59:02Z INFO [177/750] 7885d774-82dd-4a9e-b2cf-01af7652bf2d: 48 datasets; 0.8 s; peak memory 1244 MiB.
2026-10-09T02:59:04Z INFO [178/750] 7885df82-8bb7-4a7f-9bde-63f9f52730c1: 157 datasets; 2.0 s; peak memory 1244 MiB.
2026-10-09T02:59:09Z INFO [179/750] 788651ac-e2ee-4835-ab4d-5506577376ce: 219 datasets; 5.1 s; peak memory 1244 MiB.
2026-10-09T02:59:10Z INFO [180/750] 7887323c-61a3-4888-9b13-a1b538f5138a: 110 datasets; 1.1 s; peak memory 1244 MiB.
2026-10-09T02:59:11Z INFO [181/750] 788757e6-7354-4d49-85c3-ef3c63304e17: 112 datasets; 1.3 s; peak memory 1244 MiB.
2026-10-09T02:59:12Z INFO [182/750] 78875951-c1ae-46c9-a9f2-70908a842db2: 48 datasets; 0.9 s; peak memory 1244 MiB.
2026-10-09T02:59:13Z INFO [183/750] 788776a4-c462-4d92-9ea5-c2579c1dfb97: 46 datasets; 1.0 s; peak memory 1244 MiB.
2026-10-09T02:59:14Z INFO [184/750] 788966a8-ebcb-4723-9238-195cc3e9f715: 289 datasets; 0.9 s; peak memory 1244 MiB.
2026-10-09T02:59:18Z INFO [185/750] 7889c602-2837-4449-be5c-cb0671061a9b: 200 datasets; 3.6 s; peak memory 1244 MiB.
2026-10-09T02:59:19Z INFO [186/750] 7889e519-6ce5-4118-9239-c5f5fd7729d8: 112 datasets; 1.0 s; peak memory 1244 MiB.
2026-10-09T02:59:19Z INFO [187/750] 7889e892-2ef0-4836-9c87-fb43aea5caf3: 48 datasets; 0.7 s; peak memory 1244 MiB.
2026-10-09T02:59:20Z INFO [188/750] 788b0a75-abfc-4f76-94dc-921750473516: 48 datasets; 0.6 s; peak memory 1244 MiB.
2026-10-09T02:59:55Z INFO [189/750] 788b4192-c69d-4f27-89df-6e1c4adebb6e: 52 datasets; 34.9 s; peak memory 1244 MiB.
2026-10-09T02:59:56Z INFO [190/750] 788c8328-5dd5-4c32-b628-1ef0765d97c0: 112 datasets; 1.3 s; peak memory 1244 MiB.
2026-10-09T02:59:57Z INFO [191/750] 788c9bc3-fdd8-4d49-ad99-979adb7de162: 48 datasets; 0.8 s; peak memory 1244 MiB.
2026-10-09T02:59:58Z INFO [192/750] 788cbfda-6851-4089-9c3a-04af71825c28: 79 datasets; 0.8 s; peak memory 1244 MiB.
2026-10-09T02:59:58Z INFO [193/750] 788d0b45-ab58-4993-8a71-7042871191c5: 48 datasets; 0.7 s; peak memory 1244 MiB.
2026-10-09T03:00:00Z INFO [194/750] 788e0c02-81a5-4ab6-8efd-cb2e01abc478: 70 datasets; 1.2 s; peak memory 1244 MiB.
2026-10-09T03:00:01Z INFO [195/750] 788e5cc0-d61d-4784-8045-8f05e7c445d2: 112 datasets; 1.1 s; peak memory 1244 MiB.
2026-10-09T03:00:09Z INFO [196/750] 788e8659-443a-43cf-8ec2-37cd551eea7d: 782 datasets; 8.7 s; peak memory 1244 MiB.
2026-10-09T03:00:11Z INFO [197/750] 788fcf87-1b7f-4bf0-81b0-a11c730e764f: 85 datasets; 1.4 s; peak memory 1244 MiB.
2026-10-09T03:00:14Z INFO [198/750] 789000d1-74e9-4030-958c-72b5f3a4868e: 229 datasets; 3.2 s; peak memory 1244 MiB.
2026-10-09T03:00:15Z INFO [199/750] 78906247-c775-4d5a-ba1e-29e79ec19786: 48 datasets; 0.8 s; peak memory 1244 MiB.
2026-10-09T03:00:15Z INFO [200/750] 789102f2-65b1-4846-ab2f-783e94b363a8: 46 datasets; 0.6 s; peak memory 1244 MiB.
2026-10-09T03:00:15Z INFO [200/750] 789102f2-65b1-4846-ab2f-783e94b363a8: checkpointed 105035 new records.
2026-10-09T03:00:16Z INFO [201/750] 7891187b-8ee4-491a-b9a3-87abb1c25d62: 46 datasets; 0.5 s; peak memory 1244 MiB.
2026-10-09T03:00:17Z INFO [202/750] 78913480-d2b4-47b9-acce-00bcf139f4f9: 116 datasets; 0.8 s; peak memory 1244 MiB.
2026-10-09T03:00:18Z INFO [203/750] 78914114-d257-42ef-a914-e55b2d90c83f: 66 datasets; 1.1 s; peak memory 1244 MiB.
2026-10-09T03:00:20Z INFO [204/750] 78921fe9-0d4c-466a-ba57-950051fc2e37: 208 datasets; 2.5 s; peak memory 1244 MiB.
2026-10-09T03:00:22Z INFO [205/750] 78938f6c-df02-4444-ab99-60019ce8fb16: 150 datasets; 1.9 s; peak memory 1244 MiB.
2026-10-09T03:00:23Z INFO [206/750] 7893dbc0-1563-4c95-9160-0a5436a2c926: 112 datasets; 1.0 s; peak memory 1244 MiB.
2026-10-09T03:00:24Z INFO [207/750] 789405aa-9724-4329-b64c-8151e5d9c6db: 52 datasets; 0.8 s; peak memory 1244 MiB.
2026-10-09T03:00:27Z INFO [208/750] 78940f91-b083-42c6-ae58-aff04addd670: 538 datasets; 3.0 s; peak memory 1244 MiB.
2026-10-09T03:00:33Z INFO [209/750] 78948486-00cd-4e2f-acc2-8900c540fca0: 1009 datasets; 6.0 s; peak memory 1244 MiB.
2026-10-09T03:00:34Z INFO [210/750] 7895daad-e5c4-4d43-8a93-d230671edba7: 48 datasets; 0.9 s; peak memory 1244 MiB.
2026-10-09T03:00:35Z INFO [211/750] 7895ebdf-bf66-4e95-9975-d0b028e78ef8: 112 datasets; 1.2 s; peak memory 1244 MiB.
2026-10-09T03:00:46Z INFO [212/750] 7895ed89-974f-492f-b128-de0561a73210: 44 datasets; 11.1 s; peak memory 1244 MiB.
2026-10-09T03:00:47Z INFO [213/750] 7896b466-8102-4909-83ed-b1cbb2705ca9: 117 datasets; 0.8 s; peak memory 1244 MiB.
2026-10-09T03:00:48Z INFO [214/750] 7896e266-5d54-4264-8e51-5c01665c459f: 112 datasets; 0.8 s; peak memory 1244 MiB.
2026-10-09T03:00:49Z INFO [215/750] 7896e6ee-ef78-4eb7-8fb1-8b66759494bb: 48 datasets; 0.8 s; peak memory 1244 MiB.
2026-10-09T03:00:50Z INFO [216/750] 7898b6c6-964b-4bc1-a58e-5df4d34e0702: 71 datasets; 1.2 s; peak memory 1244 MiB.
2026-10-09T03:00:51Z INFO [217/750] 789916e1-1584-48b5-a38a-ef8b2d23a390: 110 datasets; 0.8 s; peak memory 1244 MiB.
2026-10-09T03:00:51Z INFO [218/750] 789b30cb-9a81-48f0-8484-f94487249414: 52 datasets; 0.7 s; peak memory 1244 MiB.
2026-10-09T03:00:53Z INFO [219/750] 789b5488-b8a8-42a1-8803-3aefc3b58239: 116 datasets; 1.7 s; peak memory 1244 MiB.
2026-10-09T03:00:54Z INFO [220/750] 789b6f00-02fc-4388-8405-cdca18fc0d90: 46 datasets; 0.6 s; peak memory 1244 MiB.
2026-10-09T03:00:55Z INFO [221/750] 789b70dd-77e1-4f70-bb5f-598abf86b01f: 48 datasets; 0.7 s; peak memory 1244 MiB.
2026-10-09T03:01:02Z INFO [222/750] 789d984b-d56d-4c85-90c5-9f5f46933af5: 49 datasets; 7.7 s; peak memory 1244 MiB.
2026-10-09T03:01:03Z INFO [223/750] 789dba89-d787-49c0-832a-33cd6d95e3bd: 46 datasets; 0.5 s; peak memory 1244 MiB.
2026-10-09T03:01:04Z INFO [224/750] 789e09e4-7e14-4a0b-bde4-e97ded927a3f: 52 datasets; 0.9 s; peak memory 1244 MiB.
2026-10-09T03:01:05Z INFO [225/750] 789e95f7-0125-4f53-88f1-162449b045be: 38 datasets; 0.9 s; peak memory 1244 MiB.
2026-10-09T03:01:11Z INFO [226/750] 789e9a1f-282a-4e99-ae51-14c161e545ce: 1603 datasets; 6.6 s; peak memory 1244 MiB.
2026-10-09T03:01:12Z INFO [227/750] 789ebd55-0615-4fac-95ca-16bc5fe041c4: 45 datasets; 0.6 s; peak memory 1244 MiB.
2026-10-09T03:01:13Z INFO [228/750] 789ebfcf-1bf0-421a-b903-7642437fd5a6: 111 datasets; 0.7 s; peak memory 1244 MiB.
2026-10-09T03:01:13Z INFO [229/750] 789f237b-35a8-4b52-9338-17f03ef33151: 48 datasets; 0.8 s; peak memory 1244 MiB.
2026-10-09T03:01:15Z INFO [230/750] 789f502a-c5f6-463a-aa63-b506ac879587: 172 datasets; 1.6 s; peak memory 1244 MiB.
2026-10-09T03:01:23Z INFO [231/750] 78a08141-1c05-428d-ab26-efc97c9a5219: 1057 datasets; 8.1 s; peak memory 1244 MiB.
2026-10-09T03:01:24Z INFO [232/750] 78a1881b-5ea7-4eec-8141-4444391ef895: 49 datasets; 0.9 s; peak memory 1244 MiB.
2026-10-09T03:01:25Z INFO [233/750] 78a23ea9-7bb0-4832-bcd4-b5ae42e722b3: 118 datasets; 1.1 s; peak memory 1244 MiB.
2026-10-09T03:01:26Z INFO [234/750] 78a2a4b8-83ad-48ad-a9db-58c9b75da666: 112 datasets; 1.2 s; peak memory 1244 MiB.
2026-10-09T03:01:27Z INFO [235/750] 78a31cdb-1dd0-4750-953d-f029295ab7b6: 46 datasets; 0.5 s; peak memory 1244 MiB.
2026-10-09T03:01:29Z INFO [236/750] 78a3321d-9f08-4fa4-93a2-77909bfe2c52: 104 datasets; 2.1 s; peak memory 1244 MiB.
2026-10-09T03:01:30Z INFO [237/750] 78a481a6-4ce5-4cba-825e-80df02c0f1d9: 116 datasets; 1.0 s; peak memory 1244 MiB.
2026-10-09T03:01:33Z INFO [238/750] 78a48b1a-a530-4d71-90a5-7d4769eb06e5: 55 datasets; 3.4 s; peak memory 1244 MiB.
2026-10-09T03:01:34Z INFO [239/750] 78a4eb9c-dd85-4aed-8066-9ea212e337d1: 289 datasets; 1.1 s; peak memory 1244 MiB.
2026-10-09T03:04:27Z INFO [240/750] 78a58614-09e4-4e29-a492-8bbeaf7a8cf6: 173 datasets; 172.7 s; peak memory 1244 MiB.
2026-10-09T03:04:29Z INFO [241/750] 78a5e6f7-2679-400d-9083-096de8524d8f: 114 datasets; 2.3 s; peak memory 1244 MiB.
2026-10-09T03:04:37Z INFO [242/750] 78a5e7f4-44f3-459b-8de7-c391ec16f91e: 658 datasets; 7.4 s; peak memory 1244 MiB.
2026-10-09T03:04:38Z INFO [243/750] 78a6bd60-da8e-4711-99f9-8a64551d3c5e: 48 datasets; 1.0 s; peak memory 1244 MiB.
2026-10-09T03:04:39Z INFO [244/750] 78a78ce8-454a-459d-9394-aa451839b561: 59 datasets; 1.2 s; peak memory 1244 MiB.
2026-10-09T03:07:45Z INFO [245/750] 78a84400-59e8-47a2-917b-f15ee72530d3: 54044 datasets; 186.0 s; peak memory 1244 MiB.
2026-10-09T03:07:46Z INFO [246/750] 78a9170e-8cf6-43bf-870d-1461c5faeed5: 48 datasets; 0.7 s; peak memory 1244 MiB.
2026-10-09T03:07:49Z INFO [247/750] 78a95c3c-533b-4555-9318-fa606326c93f: 90 datasets; 3.4 s; peak memory 1244 MiB.
2026-10-09T03:07:50Z INFO [248/750] 78a9f873-4b45-4c1a-a649-d758decce734: 48 datasets; 0.8 s; peak memory 1244 MiB.
2026-10-09T03:07:51Z INFO [249/750] 78aa20ce-97fa-474f-b8b7-7de372c96fc8: 117 datasets; 1.1 s; peak memory 1244 MiB.
2026-10-09T03:07:52Z INFO [250/750] 78aa33f3-0f4d-4b4e-80d1-927411fe4b05: 48 datasets; 0.7 s; peak memory 1244 MiB.
2026-10-09T03:07:52Z INFO [250/750] 78aa33f3-0f4d-4b4e-80d1-927411fe4b05: checkpointed 105085 new records.
2026-10-09T03:07:52Z INFO [251/750] 78aac613-37da-46e8-9a92-4a40da3e9470: 48 datasets; 0.7 s; peak memory 1244 MiB.
2026-10-09T03:07:54Z INFO [252/750] 78ab0282-e54c-457f-a0bb-951dd3fb8920: 110 datasets; 1.3 s; peak memory 1244 MiB.
2026-10-09T03:08:02Z INFO [253/750] 78ab9710-7808-4913-9285-4fe08ca0e1a6: 1731 datasets; 8.6 s; peak memory 1244 MiB.
2026-10-09T03:08:03Z INFO [254/750] 78ac33a4-6b34-410e-a870-828ff152ab91: 48 datasets; 0.6 s; peak memory 1244 MiB.
2026-10-09T03:08:04Z INFO [255/750] 78ac6243-3dc6-4002-8b2d-989f5e3d0c60: 97 datasets; 1.3 s; peak memory 1244 MiB.
2026-10-09T03:08:05Z INFO [256/750] 78ac8abd-af13-4956-9f91-08f5d7944461: 62 datasets; 1.1 s; peak memory 1244 MiB.
2026-10-09T03:08:06Z INFO [257/750] 78acd206-ba9f-48a5-840b-36e791ab9ef3: 38 datasets; 0.7 s; peak memory 1244 MiB.
2026-10-09T03:08:10Z INFO [258/750] 78acfca6-0877-4637-b94e-397639e8dc1c: 515 datasets; 4.3 s; peak memory 1244 MiB.
2026-10-09T03:08:12Z INFO [259/750] 78ad07fd-8fb6-42c7-ad97-8329eacd56bb: 53 datasets; 1.2 s; peak memory 1244 MiB.
2026-10-09T03:08:13Z INFO [260/750] 78ad4140-a0fd-4d85-9948-5b2175673367: 71 datasets; 1.7 s; peak memory 1244 MiB.
2026-10-09T03:08:14Z INFO [261/750] 78adc0f9-7756-4f34-917a-e27332aba1f7: 118 datasets; 0.9 s; peak memory 1244 MiB.
2026-10-09T03:08:15Z INFO [262/750] 78ae0045-3e02-45ed-a012-1d061b9db1c3: 61 datasets; 1.2 s; peak memory 1244 MiB.
2026-10-09T03:08:17Z INFO [263/750] 78aed7b1-6993-45e7-b614-98c3597d8ff0: 69 datasets; 1.3 s; peak memory 1244 MiB.
2026-10-09T03:08:18Z INFO [264/750] 78aefd59-93d3-4716-b95f-77f0e4b86963: 69 datasets; 1.2 s; peak memory 1244 MiB.
2026-10-09T03:08:19Z INFO [265/750] 78af038c-c9ce-4f46-a7e4-cc2b51ae410a: 116 datasets; 1.0 s; peak memory 1244 MiB.
2026-10-09T03:08:20Z INFO [266/750] 78af6ba7-69ac-444b-ae89-c2e45c359853: 79 datasets; 1.1 s; peak memory 1244 MiB.
2026-10-09T03:08:23Z INFO [267/750] 78b1ae6d-3c1b-4cca-ab55-c983b6018a8d: 538 datasets; 3.1 s; peak memory 1244 MiB.
2026-10-09T03:08:24Z INFO [268/750] 78b2ba1a-2021-4e8b-82f8-6d6846b4e0e7: 46 datasets; 0.6 s; peak memory 1244 MiB.
2026-10-09T03:08:26Z INFO [269/750] 78b2fa59-d693-470e-a30e-e136ce429c79: 115 datasets; 1.8 s; peak memory 1244 MiB.
2026-10-09T03:08:26Z INFO [270/750] 78b3184d-6c0d-437a-928a-efbe93773367: 117 datasets; 0.8 s; peak memory 1244 MiB.
2026-10-09T03:08:32Z INFO [271/750] 78b3667f-0f2c-49bb-b610-e974e5cb8e03: 11477 datasets; 5.7 s; peak memory 1244 MiB.
2026-10-09T03:08:33Z INFO [272/750] 78b4e37b-501e-4b79-8eed-d82f54b19ab1: 46 datasets; 0.5 s; peak memory 1244 MiB.
2026-10-09T03:08:33Z INFO [273/750] 78b4eb29-e670-4b43-9e83-4a81b0b8f02c: 48 datasets; 0.8 s; peak memory 1244 MiB.
2026-10-09T03:08:52Z INFO [274/750] 78b55abe-56c0-426f-87b2-504a458f8185: 48 datasets; 18.9 s; peak memory 1244 MiB.
2026-10-09T03:08:56Z INFO [275/750] 78b62f65-53ae-4c80-adc3-3dd9c03a8328: 491 datasets; 3.2 s; peak memory 1244 MiB.
2026-10-09T03:08:57Z INFO [276/750] 78b77c4f-3f2b-4022-bd24-d82795d1d2ed: 117 datasets; 1.2 s; peak memory 1244 MiB.
2026-10-09T03:08:58Z INFO [277/750] 78b7ef0c-0b02-4f58-bd6d-d11b259ed954: 112 datasets; 1.0 s; peak memory 1244 MiB.
2026-10-09T03:08:59Z INFO [278/750] 78b84320-a553-451b-a3c4-d04006a02ccf: 48 datasets; 0.9 s; peak memory 1244 MiB.
2026-10-09T03:08:59Z INFO [279/750] 78b88f87-843a-4ff4-9f3b-b1096793b177: 64 datasets; 0.8 s; peak memory 1244 MiB.
2026-10-09T03:09:01Z INFO [280/750] 78b90600-a41a-434c-87d2-168e98699285: 121 datasets; 1.4 s; peak memory 1244 MiB.
2026-10-09T03:09:02Z INFO [281/750] 78b9dd02-6437-49e3-b2eb-d50f2d25fc02: 46 datasets; 0.9 s; peak memory 1244 MiB.
2026-10-09T03:09:02Z INFO [282/750] 78b9eca0-8e71-47d8-aa67-03747c649001: 36 datasets; 0.6 s; peak memory 1244 MiB.
2026-10-09T03:09:03Z INFO [283/750] 78ba7af4-0a7c-4a6d-8fc8-9ff0f4e5aa63: 110 datasets; 0.9 s; peak memory 1244 MiB.
2026-10-09T03:10:56Z INFO [284/750] 78bc6aab-1aa9-420f-87ba-7f19e34977ec: 407 datasets; 112.3 s; peak memory 1244 MiB.
2026-10-09T03:10:57Z INFO [285/750] 78bcc12d-b227-4911-9410-679f294691f5: 158 datasets; 1.6 s; peak memory 1244 MiB.
2026-10-09T03:10:58Z INFO [286/750] 78bd1b60-884a-457a-8bb1-034674bde5ad: 48 datasets; 0.8 s; peak memory 1244 MiB.
2026-10-09T03:10:59Z INFO [287/750] 78bdba9d-6d0d-4244-80c8-d346d5a50d30: 119 datasets; 1.6 s; peak memory 1244 MiB.
2026-10-09T03:11:00Z INFO [288/750] 78be2f68-8baa-4a4f-9de0-c9ee92a7d807: 116 datasets; 0.8 s; peak memory 1244 MiB.
2026-10-09T03:11:01Z INFO [289/750] 78be9b95-1e85-4703-ab7f-85e7b3952f00: 117 datasets; 0.9 s; peak memory 1244 MiB.
2026-10-09T03:11:02Z INFO [290/750] 78bf1ef6-e750-49ee-91d9-1fe669d253e4: 49 datasets; 0.9 s; peak memory 1244 MiB.
2026-10-09T03:11:04Z INFO [291/750] 78bfce42-9f90-4fdb-9c2c-21c29c18767c: 118 datasets; 1.6 s; peak memory 1244 MiB.
2026-10-09T03:11:05Z INFO [292/750] 78c04f07-46d7-4e34-be14-23861f5cc72d: 117 datasets; 1.1 s; peak memory 1244 MiB.
2026-10-09T03:11:06Z INFO [293/750] 78c1c82f-3c2b-48eb-b6e4-49e3073a3e38: 115 datasets; 1.8 s; peak memory 1244 MiB.
2026-10-09T03:11:08Z INFO [294/750] 78c2d46b-a430-493f-a511-f512dddb6dd9: 79 datasets; 1.1 s; peak memory 1244 MiB.
2026-10-09T03:11:09Z INFO [295/750] 78c300ff-d4b1-4b4d-885c-d12339bbc59b: 71 datasets; 1.1 s; peak memory 1244 MiB.
2026-10-09T03:11:12Z INFO [296/750] 78c38131-a090-453e-a3cb-65586746e701: 538 datasets; 3.2 s; peak memory 1244 MiB.
2026-10-09T03:11:12Z INFO [297/750] 78c3e966-f6de-47be-a940-8601ce44db24: 58 datasets; 0.7 s; peak memory 1244 MiB.
2026-10-09T03:11:13Z INFO [298/750] 78c3ef70-d3e3-4f78-bb5f-6c3502a9f794: 42 datasets; 1.0 s; peak memory 1244 MiB.
2026-10-09T03:11:15Z INFO [299/750] 78c3f5ec-2682-4aaf-b8b1-1ec958612f66: 62 datasets; 1.2 s; peak memory 1244 MiB.
2026-10-09T03:11:18Z INFO [300/750] 78c416cf-f934-48e5-86c1-fd135d2561e4: 584 datasets; 3.7 s; peak memory 1244 MiB.
2026-10-09T03:11:18Z INFO [300/750] 78c416cf-f934-48e5-86c1-fd135d2561e4: checkpointed 105135 new records.
2026-10-09T03:11:19Z INFO [301/750] 78c4f1d5-f7ab-474d-aa2f-d22e08e1f70d: 117 datasets; 0.8 s; peak memory 1244 MiB.
2026-10-09T03:11:20Z INFO [302/750] 78c66c1f-81e1-4207-9dad-1bfc287a2d61: 50 datasets; 1.0 s; peak memory 1244 MiB.
2026-10-09T03:11:21Z INFO [303/750] 78c69a2b-1ad1-40f7-b9e2-48ac7f7b016f: 118 datasets; 0.8 s; peak memory 1244 MiB.
2026-10-09T03:11:22Z INFO [304/750] 78c77cbd-79ec-426d-be58-a7481170eba8: 48 datasets; 0.9 s; peak memory 1244 MiB.
2026-10-09T03:11:23Z INFO [305/750] 78c7e745-5aaa-4e19-a222-228a1f2585fc: 71 datasets; 1.4 s; peak memory 1244 MiB.
2026-10-09T03:11:24Z INFO [306/750] 78c84e51-a653-4024-a7a3-6a0659288bc8: 48 datasets; 0.9 s; peak memory 1244 MiB.
2026-10-09T03:11:35Z INFO [307/750] 78c885d0-9a20-4e1d-a6dd-2b86a9e19512: 278 datasets; 10.9 s; peak memory 1244 MiB.
2026-10-09T03:11:53Z INFO [308/750] 78c99ab2-6d6e-4205-a012-18b968139279: 1001 datasets; 17.3 s; peak memory 1244 MiB.
2026-10-09T03:11:54Z INFO [309/750] 78c9ab00-d089-4b87-bffa-a4f5200af225: 117 datasets; 1.1 s; peak memory 1244 MiB.
2026-10-09T03:11:55Z INFO [310/750] 78ca5b44-1caf-4f20-a1df-621c890774ca: 116 datasets; 0.8 s; peak memory 1244 MiB.
2026-10-09T03:11:55Z INFO [311/750] 78ca6dc5-9c8e-4233-8d26-873a34a1010b: 48 datasets; 0.7 s; peak memory 1244 MiB.
2026-10-09T03:11:57Z INFO [312/750] 78cad7b2-7e07-45b9-ad9a-4a8077683d94: 70 datasets; 1.3 s; peak memory 1244 MiB.
2026-10-09T03:11:57Z INFO [313/750] 78cb1027-c805-446c-b392-6896bb694cbf: 45 datasets; 0.6 s; peak memory 1244 MiB.
2026-10-09T03:11:59Z INFO [314/750] 78cb318d-a1ad-4a14-87de-c86321982213: 71 datasets; 1.7 s; peak memory 1244 MiB.
2026-10-09T03:12:00Z INFO [315/750] 78cb9745-5666-4409-8773-f5182d7e25fa: 119 datasets; 1.3 s; peak memory 1244 MiB.
2026-10-09T03:12:01Z INFO [316/750] 78cc10e8-a2c9-4ab2-ab0f-bf2ca80171f0: 116 datasets; 0.6 s; peak memory 1244 MiB.
2026-10-09T03:12:02Z INFO [317/750] 78cc3fa3-931f-4654-86f7-9725f276dd90: 245 datasets; 1.7 s; peak memory 1244 MiB.
2026-10-09T03:12:11Z INFO [318/750] 78cc8bcd-b0d8-4526-92e9-81a6cc5bd00e: 775 datasets; 8.2 s; peak memory 1244 MiB.
2026-10-09T03:12:11Z INFO [319/750] 78cceb09-e403-498d-bf4a-bfd3e2b1131e: 48 datasets; 0.7 s; peak memory 1244 MiB.
2026-10-09T03:12:19Z INFO [320/750] 78cd1e44-28cd-4ab7-aa5c-e0191baebc23: 520 datasets; 7.1 s; peak memory 1244 MiB.
2026-10-09T03:12:19Z INFO [321/750] 78cd6731-3dcc-42b2-bd4f-4d7de932cbc9: 64 datasets; 0.7 s; peak memory 1244 MiB.
2026-10-09T03:12:20Z INFO [322/750] 78cd8f02-7c25-4b75-a24d-2654c06d4989: 48 datasets; 0.8 s; peak memory 1244 MiB.
2026-10-09T03:12:22Z INFO [323/750] 78ce7d66-7b2f-4e3b-9e0b-5007cc429e47: 71 datasets; 1.6 s; peak memory 1244 MiB.
2026-10-09T03:12:23Z INFO [324/750] 78cecad5-8cee-4c1b-b08e-9d3b11c62855: 78 datasets; 1.6 s; peak memory 1244 MiB.
2026-10-09T03:12:24Z INFO [325/750] 78cffed8-04e6-4027-8da6-89c1c2129a7f: 117 datasets; 0.8 s; peak memory 1244 MiB.
2026-10-09T03:12:30Z INFO [326/750] 78d12fbf-9993-4245-8f86-6f11ea8a4e43: 776 datasets; 5.7 s; peak memory 1244 MiB.
2026-10-09T03:12:31Z INFO [327/750] 78d2087d-24be-4f21-a931-1f1f19277e75: 112 datasets; 1.0 s; peak memory 1244 MiB.
2026-10-09T03:12:32Z INFO [328/750] 78d21a3b-2d4c-4411-8f90-a0e9a99e97d6: 48 datasets; 0.8 s; peak memory 1244 MiB.
2026-10-09T03:12:32Z INFO [329/750] 78d251ce-3e43-4139-8e19-dedf00939a89: 46 datasets; 0.4 s; peak memory 1244 MiB.
2026-10-09T03:12:33Z INFO [330/750] 78d2abc6-efe6-4601-a3f5-49d18b5ad509: 48 datasets; 0.8 s; peak memory 1244 MiB.
2026-10-09T03:12:34Z INFO [331/750] 78d34349-b079-4d93-bcbd-1c2f5eb72f43: 117 datasets; 0.7 s; peak memory 1244 MiB.
2026-10-09T03:12:35Z INFO [332/750] 78d47b51-f697-4e9b-9163-dd391c3aabe4: 66 datasets; 1.1 s; peak memory 1244 MiB.
2026-10-09T03:12:36Z INFO [333/750] 78d4aac6-c9dc-401a-8811-eec8f791446c: 117 datasets; 1.0 s; peak memory 1244 MiB.
2026-10-09T03:14:07Z INFO [334/750] 78d4ae9b-673b-4ac7-a97a-0516f75dd2f4: 58 datasets; 91.2 s; peak memory 1244 MiB.
2026-10-09T03:14:12Z INFO [335/750] 78d4fa70-e2e5-42d0-9bcc-60be59d203a0: 196 datasets; 4.7 s; peak memory 1244 MiB.
2026-10-09T03:14:17Z INFO [336/750] 78d5269e-099b-41e3-bf0d-1b5332a5a224: 700 datasets; 5.4 s; peak memory 1244 MiB.
2026-10-09T03:14:18Z INFO [337/750] 78d52d6c-0e0b-424f-9b4c-acd445e64948: 66 datasets; 1.3 s; peak memory 1244 MiB.
2026-10-09T03:14:19Z INFO [338/750] 78d5dda9-b090-408d-9d05-6dcf6640b6b0: 116 datasets; 0.8 s; peak memory 1244 MiB.
2026-10-09T03:14:20Z INFO [339/750] 78d65d87-2f37-425e-a826-c4a4eab246ee: 69 datasets; 1.3 s; peak memory 1244 MiB.
2026-10-09T03:14:25Z INFO [340/750] 78d6a42b-ac9f-4ac8-bf9e-6133b5660512: 229 datasets; 4.5 s; peak memory 1244 MiB.
2026-10-09T03:14:26Z INFO [341/750] 78d7cb91-3e8b-492d-a041-4963d47a48ed: 117 datasets; 0.8 s; peak memory 1244 MiB.
2026-10-09T03:14:27Z INFO [342/750] 78d88f72-89a4-4d75-b2aa-d8172624f495: 78 datasets; 1.4 s; peak memory 1244 MiB.
2026-10-09T03:14:28Z INFO [343/750] 78d8d134-dd5e-474e-bf68-5ec6633ef0a8: 131 datasets; 0.8 s; peak memory 1244 MiB.
2026-10-09T03:14:36Z INFO [344/750] 78d94cc8-4b7e-410e-98af-c5474e760efe: 1071 datasets; 8.5 s; peak memory 1244 MiB.
2026-10-09T03:14:41Z INFO [345/750] 78d9bcda-8d79-4b62-b38b-ca8a63066175: 580 datasets; 4.8 s; peak memory 1244 MiB.
2026-10-09T03:14:42Z INFO [346/750] 78da3ef3-b238-44c0-9751-686a6fe7cc0d: 112 datasets; 1.1 s; peak memory 1244 MiB.
2026-10-09T03:14:49Z INFO [347/750] 78dad621-5607-454e-9468-9e7dd6775ddf: 107 datasets; 6.7 s; peak memory 1244 MiB.
2026-10-09T03:14:55Z INFO [348/750] 78dbb7a8-8e77-4173-b3d0-8ee803ec6fd2: 1197 datasets; 6.0 s; peak memory 1244 MiB.
2026-10-09T03:14:56Z INFO [349/750] 78dcfae9-d166-421b-825d-f4baaef8b5b7: 48 datasets; 0.8 s; peak memory 1244 MiB.
2026-10-09T03:14:56Z INFO [350/750] 78dddfbb-7f2d-4cbd-8ccf-f042f715b3d9: 118 datasets; 0.7 s; peak memory 1244 MiB.
2026-10-09T03:14:56Z INFO [350/750] 78dddfbb-7f2d-4cbd-8ccf-f042f715b3d9: checkpointed 105185 new records.
2026-10-09T03:14:57Z INFO [351/750] 78de375d-d797-49a0-92cf-dc698b5a558d: 48 datasets; 0.9 s; peak memory 1244 MiB.
2026-10-09T03:14:59Z INFO [352/750] 78deaadb-b05f-45c4-9fdc-2b60176d2f4b: 119 datasets; 1.6 s; peak memory 1244 MiB.
2026-10-09T03:14:59Z INFO [353/750] 78dedfad-bdc6-4dd8-9bf2-5f0c6acb3ba9: 56 datasets; 0.5 s; peak memory 1244 MiB.
2026-10-09T03:15:00Z INFO [354/750] 78df00a3-980b-4d89-9f0d-8046ad41522e: 118 datasets; 0.9 s; peak memory 1244 MiB.
2026-10-09T03:15:01Z INFO [355/750] 78e05642-502e-4daa-bcb3-336ff8687fa0: 46 datasets; 0.8 s; peak memory 1244 MiB.
2026-10-09T03:15:18Z INFO [356/750] 78e0696d-38cc-48c0-8e00-f42fa4153067: 48 datasets; 16.4 s; peak memory 1244 MiB.
2026-10-09T03:15:20Z INFO [357/750] 78e10c77-4541-4bbb-b4cf-569bbac0087f: 115 datasets; 2.1 s; peak memory 1244 MiB.
2026-10-09T03:15:21Z INFO [358/750] 78e23879-93e8-4e76-a8f0-87b37df5fd3a: 53 datasets; 1.3 s; peak memory 1244 MiB.
2026-10-09T03:15:22Z INFO [359/750] 78e310b5-1ba1-4d1e-9e67-1ba4ff5f0776: 48 datasets; 0.8 s; peak memory 1244 MiB.
2026-10-09T03:15:29Z INFO [360/750] 78e38c3f-470b-4438-9cdd-311fec61ee8c: 969 datasets; 6.8 s; peak memory 1244 MiB.
2026-10-09T03:15:30Z INFO [361/750] 78e39e31-a313-4b08-b081-cfbc1e2bd996: 48 datasets; 0.9 s; peak memory 1244 MiB.
2026-10-09T03:15:30Z INFO [362/750] 78e4c3fd-1579-433c-9d6b-6d907be5fa5c: 46 datasets; 0.5 s; peak memory 1244 MiB.
2026-10-09T03:15:31Z INFO [363/750] 78e57240-a079-4286-b412-0ea214297bd4: 76 datasets; 0.7 s; peak memory 1244 MiB.
2026-10-09T03:15:32Z INFO [364/750] 78e5b84a-40ea-4ded-a41c-0b6d668888a3: 117 datasets; 0.9 s; peak memory 1244 MiB.
2026-10-09T03:15:32Z INFO [365/750] 78e852c0-c05a-41e3-b69b-9f5565a7ad0f: 45 datasets; 0.6 s; peak memory 1244 MiB.
2026-10-09T03:17:06Z INFO [366/750] 78e865b1-6223-42f4-bb10-eba1ede6f8d0: 55 datasets; 93.7 s; peak memory 1244 MiB.
2026-10-09T03:17:07Z INFO [367/750] 78e8f592-ea05-43a8-b2ee-68f6c56a23f9: 48 datasets; 0.9 s; peak memory 1244 MiB.
2026-10-09T03:17:08Z INFO [368/750] 78e9ce45-455e-4348-8294-5bc83f4c2986: 116 datasets; 1.0 s; peak memory 1244 MiB.
2026-10-09T03:17:10Z INFO [369/750] 78ea4816-8565-4506-9fae-7025e09ddf54: 119 datasets; 1.7 s; peak memory 1244 MiB.
2026-10-09T03:17:11Z INFO [370/750] 78eab005-bdfa-4e3e-8dc9-a0da9de0e0a2: 71 datasets; 1.6 s; peak memory 1244 MiB.
2026-10-09T03:17:13Z INFO [371/750] 78eb00cb-5ce9-4d7e-94a8-dd07935768ac: 114 datasets; 1.8 s; peak memory 1244 MiB.
2026-10-09T03:17:14Z INFO [372/750] 78eb94a0-c7d0-4f48-a7b7-e754efaa0ccb: 112 datasets; 1.7 s; peak memory 1244 MiB.
2026-10-09T03:17:21Z INFO [373/750] 78eba280-ac6f-4063-b194-9cfb82e435ea: 849 datasets; 6.8 s; peak memory 1244 MiB.
2026-10-09T03:17:22Z INFO [374/750] 78ebb487-e83e-4fa0-89f6-7becbb194153: 52 datasets; 0.6 s; peak memory 1244 MiB.
2026-10-09T03:17:25Z INFO [375/750] 78ed0b06-e040-455e-a75c-d65be66c3443: 494 datasets; 3.2 s; peak memory 1244 MiB.
2026-10-09T03:17:26Z INFO [376/750] 78ed3335-8f1b-4b6c-91b9-ca870e9fcf80: 101 datasets; 1.2 s; peak memory 1244 MiB.
2026-10-09T03:17:27Z INFO [377/750] 78ed7ce9-40fb-4283-b4bb-9bf44e4f388d: 112 datasets; 1.0 s; peak memory 1244 MiB.
2026-10-09T03:17:28Z INFO [378/750] 78edaf2c-46af-43d4-a147-7fb829ea3f44: 112 datasets; 0.9 s; peak memory 1244 MiB.
2026-10-09T03:17:29Z INFO [379/750] 78ee3379-7576-42fb-9196-48cde27a8b79: 117 datasets; 0.9 s; peak memory 1244 MiB.
2026-10-09T03:17:31Z INFO [380/750] 78f00adb-15e6-4777-9b77-75bbe659426c: 156 datasets; 1.9 s; peak memory 1244 MiB.
2026-10-09T03:17:32Z INFO [381/750] 78f08b3a-6a5d-43d1-8faa-fb35dbfd581e: 112 datasets; 0.8 s; peak memory 1244 MiB.
2026-10-09T03:17:33Z INFO [382/750] 78f0d598-d5a3-447d-8d85-5a9b6dab2506: 112 datasets; 1.0 s; peak memory 1244 MiB.
2026-10-09T03:17:34Z INFO [383/750] 78f23582-085a-4732-a6a1-d7f104c848a4: 48 datasets; 0.8 s; peak memory 1244 MiB.
2026-10-09T03:17:35Z INFO [384/750] 78f436f0-f444-4ad6-8f98-b809366f8a79: 48 datasets; 0.9 s; peak memory 1244 MiB.
2026-10-09T03:17:35Z INFO [385/750] 78f55b51-167f-4d37-9a7f-ab89878bf4c8: 52 datasets; 0.6 s; peak memory 1244 MiB.
2026-10-09T03:17:36Z INFO [386/750] 78f5976e-99ca-4358-9d9c-3dd3b8178534: 39 datasets; 0.9 s; peak memory 1244 MiB.
2026-10-09T03:17:46Z INFO [387/750] 78f69069-cf79-40dc-87b1-ab0a4e8bd748: 38 datasets; 10.1 s; peak memory 1244 MiB.
2026-10-09T03:17:47Z INFO [388/750] 78f6dfa5-57a7-47fc-b973-14c83ab68c3b: 58 datasets; 0.5 s; peak memory 1244 MiB.
2026-10-09T03:17:47Z INFO [389/750] 78f720c4-b7ab-4fc1-bf47-864ba2359ab5: 46 datasets; 0.6 s; peak memory 1244 MiB.
2026-10-09T03:17:57Z INFO [390/750] 78f76c8f-9ad3-467c-8bf1-f4b441c09328: 369 datasets; 9.7 s; peak memory 1244 MiB.
2026-10-09T03:17:59Z INFO [391/750] 78f77ff0-11f5-43e5-9785-bac139772dc5: 71 datasets; 1.5 s; peak memory 1244 MiB.
2026-10-09T03:17:59Z INFO [392/750] 78f7faf6-30b5-4b35-8e15-9c8b39f01bcc: 46 datasets; 0.6 s; peak memory 1244 MiB.
2026-10-09T03:18:00Z INFO [393/750] 78f8cb35-6e9d-4fce-b3d3-74f7fab3687a: 48 datasets; 0.8 s; peak memory 1244 MiB.
2026-10-09T03:18:01Z INFO [394/750] 78f9475d-43ac-4b03-935b-db7d4881d14c: 46 datasets; 0.6 s; peak memory 1244 MiB.
2026-10-09T03:18:02Z INFO [395/750] 78fa2b2a-1610-40ba-9463-a6eb0915b615: 168 datasets; 1.8 s; peak memory 1244 MiB.
2026-10-09T03:18:04Z INFO [396/750] 78fb8477-c195-49a8-9c1a-0781d24a6682: 38 datasets; 1.4 s; peak memory 1244 MiB.
2026-10-09T03:18:05Z INFO [397/750] 78fbb72b-2458-490d-99ca-9208198f0a56: 48 datasets; 0.8 s; peak memory 1244 MiB.
2026-10-09T03:18:07Z INFO [398/750] 78fcc285-c11f-4cb0-ae4a-6d2bb6203cf5: 170 datasets; 2.0 s; peak memory 1244 MiB.
2026-10-09T03:18:11Z INFO [399/750] 78fcc649-0d5d-4d9f-8b44-6fb8b5fd7ae2: 223 datasets; 4.1 s; peak memory 1244 MiB.
2026-10-09T03:18:12Z INFO [400/750] 78fd6e9b-a442-4fd0-afe0-9ecc353ef311: 48 datasets; 0.8 s; peak memory 1244 MiB.
2026-10-09T03:18:12Z INFO [400/750] 78fd6e9b-a442-4fd0-afe0-9ecc353ef311: checkpointed 105235 new records.
2026-10-09T03:18:13Z INFO [401/750] 78fe0c20-b42c-44f5-adcc-ccf1b9ff0e9b: 78 datasets; 0.8 s; peak memory 1244 MiB.
2026-10-09T03:18:13Z INFO [402/750] 78fe5813-a074-4232-8649-145038ae83f5: 46 datasets; 0.7 s; peak memory 1244 MiB.
2026-10-09T03:18:14Z INFO [403/750] 78fef4ba-f8b9-4445-95af-ccf99d634dea: 48 datasets; 0.8 s; peak memory 1244 MiB.
2026-10-09T03:18:15Z INFO [404/750] 78ff803f-d739-4385-a3af-8bceaf449447: 48 datasets; 0.8 s; peak memory 1244 MiB.
2026-10-09T03:18:19Z INFO [405/750] 79008787-fe38-4ba4-b923-44dc773b04d1: 482 datasets; 4.0 s; peak memory 1244 MiB.
2026-10-09T03:18:20Z INFO [406/750] 7900b033-028c-4a5b-b6a5-49a214bb1d76: 49 datasets; 0.9 s; peak memory 1244 MiB.
2026-10-09T03:18:30Z INFO [407/750] 790164ad-c3ac-4993-81a3-0fa38fd9bb8f: 893 datasets; 10.4 s; peak memory 1244 MiB.
2026-10-09T03:18:31Z INFO [408/750] 79025fdf-3286-4eb0-a8bc-cc7ad0a989cf: 48 datasets; 0.8 s; peak memory 1244 MiB.
2026-10-09T03:18:32Z INFO [409/750] 7902b3c0-57b5-4afb-bdb6-63a707883446: 112 datasets; 1.0 s; peak memory 1244 MiB.
2026-10-09T03:18:33Z INFO [410/750] 7902e46c-cc9b-4937-8425-393cbea253e2: 170 datasets; 1.2 s; peak memory 1244 MiB.
2026-10-09T03:18:35Z INFO [411/750] 79038b21-517a-46b1-97e3-9a5170e7f578: 71 datasets; 1.9 s; peak memory 1244 MiB.
2026-10-09T03:18:36Z INFO [412/750] 7903b08c-b4ae-479f-9ac5-ed2f9d3b2945: 118 datasets; 0.9 s; peak memory 1244 MiB.
2026-10-09T03:18:46Z INFO [413/750] 790407ed-858c-44b5-b134-4fb148b107c8: 428 datasets; 10.0 s; peak memory 1244 MiB.
2026-10-09T03:18:48Z INFO [414/750] 7904503c-3db1-4261-9768-05f7cd36b41d: 38 datasets; 1.5 s; peak memory 1244 MiB.
2026-10-09T03:18:48Z INFO [415/750] 79058a79-9dd0-464c-8124-ef245daa5d31: 48 datasets; 0.9 s; peak memory 1244 MiB.
2026-10-09T03:18:49Z INFO [416/750] 790639a7-ce8b-456b-95ea-118aa92a961b: 55 datasets; 0.6 s; peak memory 1244 MiB.
2026-10-09T03:18:50Z INFO [417/750] 7906b0ad-eb4d-4b0c-a5bb-3939cd2d6cca: 112 datasets; 1.0 s; peak memory 1244 MiB.
2026-10-09T03:18:51Z INFO [418/750] 7906fc75-b799-4f4d-b3c9-3c031ccf9008: 46 datasets; 0.7 s; peak memory 1244 MiB.
2026-10-09T03:18:51Z INFO [419/750] 7907c25e-4f06-4096-9aa6-f269aa82c9ec: 112 datasets; 0.7 s; peak memory 1244 MiB.
2026-10-09T03:18:58Z INFO [420/750] 7907fe0f-49fb-4502-ba76-49441717669b: 44 datasets; 6.4 s; peak memory 1244 MiB.
2026-10-09T03:20:51Z INFO [421/750] 790822c6-8b43-4d78-87ff-41891b6a7703: 394 datasets; 112.7 s; peak memory 1244 MiB.
2026-10-09T03:20:52Z INFO [422/750] 7909dca4-c289-45b4-b2fb-2faf60689f7f: 48 datasets; 1.0 s; peak memory 1244 MiB.
2026-10-09T03:20:53Z INFO [423/750] 790a05dd-0dab-41a7-8c25-46c5ea4d9f32: 68 datasets; 1.7 s; peak memory 1244 MiB.
2026-10-09T03:20:55Z INFO [424/750] 790a7bf6-08eb-4d9d-afb9-dfb9c35e4dd2: 156 datasets; 1.9 s; peak memory 1244 MiB.
2026-10-09T03:20:56Z INFO [425/750] 790cf9bd-ff33-4e06-a10d-8f1760645e83: 48 datasets; 0.8 s; peak memory 1244 MiB.
2026-10-09T03:20:57Z INFO [426/750] 790d475c-09f7-493a-959c-4b65f4fbce11: 52 datasets; 0.9 s; peak memory 1244 MiB.
2026-10-09T03:21:18Z INFO [427/750] 790d8707-f4c9-459e-97eb-2a256ce8ffe0: 1198 datasets; 21.4 s; peak memory 1244 MiB.
2026-10-09T03:21:20Z INFO [428/750] 790def92-c496-416e-9139-194b9408c4e4: 286 datasets; 2.2 s; peak memory 1244 MiB.
2026-10-09T03:21:21Z INFO [429/750] 790e4c9a-6aaf-4e2f-aeb5-fa5de2a0b328: 118 datasets; 0.9 s; peak memory 1244 MiB.
2026-10-09T03:21:23Z INFO [430/750] 790e6a83-2ade-47d6-a44c-d847accbf03e: 93 datasets; 1.3 s; peak memory 1244 MiB.
2026-10-09T03:21:24Z INFO [431/750] 790e9f8b-12c4-4613-9e11-7de33dd180d4: 112 datasets; 1.2 s; peak memory 1244 MiB.
2026-10-09T03:21:24Z INFO [432/750] 790fa055-1d37-4cad-bb96-664af64fa4d8: 46 datasets; 0.6 s; peak memory 1244 MiB.
2026-10-09T03:21:25Z INFO [433/750] 79100a57-10b1-4326-b2e3-c56e88bcf3fb: 112 datasets; 1.0 s; peak memory 1244 MiB.
2026-10-09T03:21:26Z INFO [434/750] 791015a1-d2c1-4aba-b54a-45ea6415d093: 57 datasets; 0.6 s; peak memory 1244 MiB.
2026-10-09T03:21:27Z INFO [435/750] 79103196-47ca-4770-9eed-67e8822d45fb: 112 datasets; 1.0 s; peak memory 1244 MiB.
2026-10-09T03:21:28Z INFO [436/750] 79107473-e6a5-4711-85e3-f9255ab467af: 48 datasets; 0.8 s; peak memory 1244 MiB.
2026-10-09T03:21:33Z INFO [437/750] 7910d321-5607-4bac-bb69-4bfccf8ff25c: 266 datasets; 5.1 s; peak memory 1244 MiB.
2026-10-09T03:21:34Z INFO [438/750] 79114419-790e-4be6-885f-402514e84b25: 48 datasets; 0.8 s; peak memory 1244 MiB.
2026-10-09T03:21:35Z INFO [439/750] 7911f1c0-e68e-43aa-a8ae-d05f4e724869: 74 datasets; 0.9 s; peak memory 1244 MiB.
2026-10-09T03:21:41Z INFO [440/750] 7911f905-2bd3-4de6-8d58-d7666b93bfae: 1095 datasets; 6.5 s; peak memory 1244 MiB.
2026-10-09T03:21:42Z INFO [441/750] 7912fe81-240d-427f-b85e-e46dec7375fd: 117 datasets; 0.8 s; peak memory 1244 MiB.
2026-10-09T03:21:43Z INFO [442/750] 7914c9c7-8ab5-4fd0-b494-5020f48906e4: 58 datasets; 0.6 s; peak memory 1244 MiB.
2026-10-09T03:21:45Z INFO [443/750] 791516af-3018-4fe5-822d-9d5f2641518d: 156 datasets; 2.0 s; peak memory 1244 MiB.
2026-10-09T03:21:47Z INFO [444/750] 79156f39-a271-4a15-82a7-3ccfda3fd624: 88 datasets; 2.1 s; peak memory 1244 MiB.
2026-10-09T03:21:47Z INFO [445/750] 79162c73-a7c3-4b7f-9ff3-c6da9e88c870: 48 datasets; 0.7 s; peak memory 1244 MiB.
2026-10-09T03:21:48Z INFO [446/750] 79164691-62af-43ab-a160-121f790a44ae: 48 datasets; 0.8 s; peak memory 1244 MiB.
2026-10-09T03:21:50Z INFO [447/750] 7916bc1d-270f-4060-9192-d2a458e2cbf3: 156 datasets; 2.0 s; peak memory 1244 MiB.
2026-10-09T03:21:51Z INFO [448/750] 7917de23-c63a-4476-9d99-74107370bbf7: 48 datasets; 0.8 s; peak memory 1244 MiB.
2026-10-09T03:21:52Z INFO [449/750] 7918ee3e-a140-45fe-9986-61c4942be2c4: 112 datasets; 0.9 s; peak memory 1244 MiB.
2026-10-09T03:21:53Z INFO [450/750] 791926c4-960e-465e-8294-0f0a9f7c4370: 48 datasets; 0.9 s; peak memory 1244 MiB.
2026-10-09T03:21:53Z INFO [450/750] 791926c4-960e-465e-8294-0f0a9f7c4370: checkpointed 105285 new records.
2026-10-09T03:21:58Z INFO [451/750] 7919a202-1838-4fe9-8849-7c9057d9f832: 563 datasets; 5.3 s; peak memory 1244 MiB.
2026-10-09T03:21:59Z INFO [452/750] 7919db7e-1436-4104-bf11-29a525e5b095: 71 datasets; 1.1 s; peak memory 1244 MiB.
2026-10-09T03:22:00Z INFO [453/750] 7919e153-c0b3-4214-9634-ee5db056678c: 46 datasets; 1.2 s; peak memory 1244 MiB.
2026-10-09T03:22:02Z INFO [454/750] 791a1fb3-9a2f-480e-8f1d-df0592191287: 69 datasets; 1.2 s; peak memory 1244 MiB.
2026-10-09T03:22:02Z INFO [455/750] 791aca05-4f80-43dd-a385-e46511c26ba8: 48 datasets; 0.7 s; peak memory 1244 MiB.
2026-10-09T03:22:03Z INFO [456/750] 791b413f-e388-46d3-a206-b3333fed4c20: 46 datasets; 0.7 s; peak memory 1244 MiB.
2026-10-09T03:22:04Z INFO [457/750] 791b4fb7-acfa-41a3-8439-ac765d4fd488: 48 datasets; 0.8 s; peak memory 1244 MiB.
2026-10-09T03:22:05Z INFO [458/750] 791b6935-0f91-4c74-87d3-de4e99e01673: 113 datasets; 1.0 s; peak memory 1244 MiB.
2026-10-09T03:22:06Z INFO [459/750] 791bbac8-d6d8-4c01-9dc6-f8fd2adde263: 52 datasets; 0.9 s; peak memory 1244 MiB.
2026-10-09T03:22:07Z INFO [460/750] 791c22fa-e03c-41be-9e34-241bfc1833cd: 68 datasets; 1.8 s; peak memory 1244 MiB.
2026-10-09T03:22:09Z INFO [461/750] 791daffc-06ae-4946-b102-6d9998d6ade9: 112 datasets; 1.1 s; peak memory 1244 MiB.
2026-10-09T03:22:10Z INFO [462/750] 791ddb49-4d74-4fe4-8620-cc60c97f176e: 117 datasets; 1.0 s; peak memory 1244 MiB.
2026-10-09T03:22:11Z INFO [463/750] 792085a1-8b1a-453e-9e86-d376aae41456: 186 datasets; 1.7 s; peak memory 1244 MiB.
2026-10-09T03:22:16Z INFO [464/750] 7920ce0e-c7ce-4484-9633-2213a294e578: 229 datasets; 4.3 s; peak memory 1244 MiB.
2026-10-09T03:22:18Z INFO [465/750] 7920d92d-5c36-4a40-be95-510874ab284f: 589 datasets; 2.9 s; peak memory 1244 MiB.
2026-10-09T03:22:19Z INFO [466/750] 79211205-4680-45df-8764-a8df7e0e983d: 78 datasets; 0.9 s; peak memory 1244 MiB.
2026-10-09T03:22:20Z INFO [467/750] 7921334c-5ff4-4e6f-bb29-b8803e4b963c: 48 datasets; 0.8 s; peak memory 1244 MiB.
2026-10-09T03:22:21Z INFO [468/750] 7921b705-e818-4db0-870e-dc9b7d2cc35f: 112 datasets; 1.2 s; peak memory 1244 MiB.
2026-10-09T03:22:25Z INFO [469/750] 79227409-7074-44f3-8a34-e269dd404b19: 174 datasets; 3.3 s; peak memory 1244 MiB.
2026-10-09T03:22:35Z INFO [470/750] 7922b546-b28b-4d1c-8ad8-0a82b8bb4add: 285 datasets; 10.2 s; peak memory 1244 MiB.
2026-10-09T03:22:46Z INFO [471/750] 7922fbb1-3550-4c72-a4b5-2f3eb15dc767: 5681 datasets; 11.1 s; peak memory 1244 MiB.
2026-10-09T03:22:47Z INFO [472/750] 79230e23-8b66-4ce7-8159-a892bd7d5e28: 64 datasets; 0.9 s; peak memory 1244 MiB.
2026-10-09T03:22:48Z INFO [473/750] 79234633-4a30-4273-81bd-667de31a791b: 117 datasets; 0.8 s; peak memory 1244 MiB.
2026-10-09T03:22:49Z INFO [474/750] 79238908-da25-451c-8f32-443d233264b0: 116 datasets; 1.7 s; peak memory 1244 MiB.
2026-10-09T03:22:50Z INFO [475/750] 79239c48-3f85-4fd1-8ae6-843ba3409fab: 48 datasets; 0.8 s; peak memory 1244 MiB.
2026-10-09T03:22:51Z INFO [476/750] 7924edee-16d4-4753-b2da-21538872c620: 52 datasets; 0.9 s; peak memory 1244 MiB.
2026-10-09T03:22:53Z INFO [477/750] 79250565-7c60-403d-9fda-4e452a6e89f6: 57 datasets; 1.4 s; peak memory 1244 MiB.
2026-10-09T03:22:54Z INFO [478/750] 79255df2-1a6f-4be6-81a1-53af468e8ec9: 71 datasets; 1.5 s; peak memory 1244 MiB.
2026-10-09T03:22:55Z INFO [479/750] 79258f22-f0f7-4341-8b8c-67679ef800a3: 45 datasets; 1.1 s; peak memory 1244 MiB.
2026-10-09T03:22:56Z INFO [480/750] 7925fad4-caf7-493c-aca9-7e34df791189: 142 datasets; 0.8 s; peak memory 1244 MiB.
2026-10-09T03:22:57Z INFO [481/750] 7927894a-69b1-4b0f-99df-6f70210a1c9b: 48 datasets; 0.7 s; peak memory 1244 MiB.
2026-10-09T03:23:04Z INFO [482/750] 7927a460-1274-404b-ad22-d36a8bc64de9: 237 datasets; 7.0 s; peak memory 1244 MiB.
2026-10-09T03:23:05Z INFO [483/750] 7927d576-baa2-4905-89cb-3e47f8480856: 92 datasets; 0.8 s; peak memory 1244 MiB.
2026-10-09T03:23:05Z INFO [484/750] 7927dfdd-3d97-400e-b522-dd0c2fd38b2c: 48 datasets; 0.9 s; peak memory 1244 MiB.
2026-10-09T03:23:06Z INFO [485/750] 79282e9b-62ed-4563-831e-2a317d7edfce: 48 datasets; 0.8 s; peak memory 1244 MiB.
2026-10-09T03:23:08Z INFO [486/750] 7928b339-8b38-4400-a92e-3f07bfcba9d8: 114 datasets; 1.9 s; peak memory 1244 MiB.
2026-10-09T03:23:09Z INFO [487/750] 7928c1fa-34b0-48de-a11e-2be15301047b: 48 datasets; 0.8 s; peak memory 1244 MiB.
2026-10-09T03:23:10Z INFO [488/750] 792941bb-68c1-4664-9040-51eb1412ad5c: 76 datasets; 1.3 s; peak memory 1244 MiB.
2026-10-09T03:23:11Z INFO [489/750] 792960a9-6e50-4bb7-a1a2-6cef0c21aa3f: 118 datasets; 1.3 s; peak memory 1244 MiB.
2026-10-09T03:23:12Z INFO [490/750] 7929e62f-c884-4aec-9bf7-c2a864683959: 48 datasets; 1.0 s; peak memory 1244 MiB.
2026-10-09T03:23:21Z INFO [491/750] 792a2800-2137-4a6d-9c93-83d1cd936f85: 107 datasets; 8.7 s; peak memory 1244 MiB.
2026-10-09T03:23:22Z INFO [492/750] 792a645c-0ae7-4105-9fd6-bec4cc94e20f: 117 datasets; 1.0 s; peak memory 1244 MiB.
2026-10-09T03:23:23Z INFO [493/750] 792bbb6f-6c34-410a-b78d-d70070dc3379: 65 datasets; 0.7 s; peak memory 1244 MiB.
2026-10-09T03:23:30Z INFO [494/750] 792be54b-4d27-4f88-af6e-d29dc24d559d: 108 datasets; 6.8 s; peak memory 1244 MiB.
2026-10-09T03:23:34Z INFO [495/750] 792c2ae5-0919-4013-b712-f0c88c38fcb0: 1577 datasets; 4.5 s; peak memory 1244 MiB.
2026-10-09T03:23:35Z INFO [496/750] 792c5c58-a882-4370-8940-a98098f5da33: 117 datasets; 0.8 s; peak memory 1244 MiB.
2026-10-09T03:23:48Z INFO [497/750] 792d38d8-ead4-4700-86d3-c9fc0921d1c4: 864 datasets; 13.5 s; peak memory 1244 MiB.
2026-10-09T03:23:49Z INFO [498/750] 792d7bfa-a1e2-4301-b40f-235d9cfe5173: 52 datasets; 0.6 s; peak memory 1244 MiB.
2026-10-09T03:23:50Z INFO [499/750] 792dd926-9272-4ca9-ba06-fce7b1a2f3d0: 112 datasets; 1.0 s; peak memory 1244 MiB.
2026-10-09T03:23:51Z INFO [500/750] 792dee97-2317-41dd-8f32-6e2ba0548753: 48 datasets; 0.7 s; peak memory 1244 MiB.
2026-10-09T03:23:51Z INFO [500/750] 792dee97-2317-41dd-8f32-6e2ba0548753: checkpointed 105335 new records.
2026-10-09T03:23:51Z INFO [501/750] 792e17b8-5dc5-4c45-87e8-5a1125eba670: 121 datasets; 0.7 s; peak memory 1244 MiB.
2026-10-09T03:23:56Z INFO [502/750] 792ef656-7d22-4b2a-9f6e-2d43c816293d: 193 datasets; 5.0 s; peak memory 1244 MiB.
2026-10-09T03:23:58Z INFO [503/750] 7930b866-6eef-4883-8bef-b0c45987ff92: 71 datasets; 1.7 s; peak memory 1244 MiB.
2026-10-09T03:23:59Z INFO [504/750] 79311345-c88a-4134-af98-d0cb2f4be5be: 42 datasets; 0.7 s; peak memory 1244 MiB.
2026-10-09T03:24:00Z INFO [505/750] 7931954b-dede-46d9-8dfb-3595a912b01d: 52 datasets; 0.8 s; peak memory 1244 MiB.
2026-10-09T03:24:00Z INFO [506/750] 7931e87a-808e-47fa-aad8-eaaebf92c9ae: 112 datasets; 0.9 s; peak memory 1244 MiB.
2026-10-09T03:24:02Z INFO [507/750] 79326ae9-5e21-498f-9c14-6bf3accf97aa: 66 datasets; 1.3 s; peak memory 1244 MiB.
2026-10-09T03:24:03Z INFO [508/750] 7932a343-dee9-4008-b1ed-fb403de25792: 117 datasets; 1.0 s; peak memory 1244 MiB.
2026-10-09T03:24:04Z INFO [509/750] 79332a89-21f1-4b0b-88b1-b95cd7255725: 47 datasets; 1.2 s; peak memory 1244 MiB.
2026-10-09T03:24:08Z INFO [510/750] 7933cade-40d6-4997-8066-e30594eeaa43: 470 datasets; 3.7 s; peak memory 1244 MiB.
2026-10-09T03:24:09Z INFO [511/750] 79342fa1-c623-42b1-8d76-1f45f8fa3858: 48 datasets; 0.8 s; peak memory 1244 MiB.
2026-10-09T03:24:10Z INFO [512/750] 7934f2be-3e36-456f-8f33-66760bfffa0d: 112 datasets; 1.1 s; peak memory 1244 MiB.
2026-10-09T03:24:11Z INFO [513/750] 79351a88-068a-4559-be43-fe79ea8fd3fe: 77 datasets; 1.0 s; peak memory 1244 MiB.
2026-10-09T03:24:12Z INFO [514/750] 79353947-7925-436d-b59c-8e8f6b07a1c2: 117 datasets; 0.8 s; peak memory 1244 MiB.
2026-10-09T03:24:12Z INFO [515/750] 79355978-adfe-4880-9d0f-b8bba8098b4f: 48 datasets; 0.8 s; peak memory 1244 MiB.
2026-10-09T03:24:13Z INFO [516/750] 7935bb10-cdbb-4d9c-94b8-97be338f3133: 112 datasets; 0.9 s; peak memory 1244 MiB.
2026-10-09T03:24:14Z INFO [517/750] 79361307-1bb9-4488-98d2-d3275bb7cf28: 36 datasets; 0.6 s; peak memory 1244 MiB.
2026-10-09T03:24:20Z INFO [518/750] 793613b3-1f46-405a-be2e-276211c4e32d: 339 datasets; 6.0 s; peak memory 1244 MiB.
2026-10-09T03:24:21Z INFO [519/750] 7936c4ae-d9ee-4efd-94bf-650debee518c: 48 datasets; 1.0 s; peak memory 1244 MiB.
2026-10-09T03:24:22Z INFO [520/750] 7938ea25-ddd3-438b-b3c3-23f76a629e7e: 118 datasets; 1.6 s; peak memory 1244 MiB.
2026-10-09T03:24:23Z INFO [521/750] 79396c17-daca-45eb-8d17-a54890272fd5: 48 datasets; 0.8 s; peak memory 1244 MiB.
2026-10-09T03:24:24Z INFO [522/750] 79398966-2fd5-4124-9748-edc8cbcf858c: 48 datasets; 0.8 s; peak memory 1244 MiB.
2026-10-09T03:24:26Z INFO [523/750] 7939a4fe-79ca-49a1-bc86-71b8e9c78a29: 115 datasets; 2.0 s; peak memory 1244 MiB.
2026-10-09T03:24:28Z INFO [524/750] 7939cb76-6044-4794-a959-94448e24ff62: 138 datasets; 1.9 s; peak memory 1244 MiB.
2026-10-09T03:24:29Z INFO [525/750] 793a7faa-b24c-4a44-9363-f73d47539582: 45 datasets; 1.1 s; peak memory 1244 MiB.
2026-10-09T03:24:30Z INFO [526/750] 793dc145-a592-483a-a283-d83f79b38eac: 110 datasets; 0.9 s; peak memory 1244 MiB.
2026-10-09T03:24:31Z INFO [527/750] 793f3ff2-97c3-4d39-8782-97b1546f1f0a: 48 datasets; 0.9 s; peak memory 1244 MiB.
2026-10-09T03:24:40Z INFO [528/750] 793fae5e-fc78-40ff-a53c-1feb0129ab70: 808 datasets; 8.8 s; peak memory 1244 MiB.
2026-10-09T03:25:19Z INFO [529/750] 79403382-6bd6-4a81-aeff-55b89d6adec0: 52 datasets; 39.8 s; peak memory 1244 MiB.
2026-10-09T03:27:10Z INFO [530/750] 79414d86-2877-47ab-b852-4c71711a1262: 269 datasets; 111.1 s; peak memory 1244 MiB.
2026-10-09T03:27:12Z INFO [531/750] 79419443-6a92-4591-a6d5-5230a2290203: 53 datasets; 1.4 s; peak memory 1244 MiB.
2026-10-09T03:27:13Z INFO [532/750] 794196ea-5533-48f2-afc4-1f5e0215e224: 48 datasets; 1.0 s; peak memory 1244 MiB.
2026-10-09T03:27:14Z INFO [533/750] 794219ba-0091-414b-806f-c1ce0549e7b0: 48 datasets; 0.9 s; peak memory 1244 MiB.
2026-10-09T03:27:26Z INFO [534/750] 79422a71-6b11-43b3-9113-9eef316b545a: 331 datasets; 12.0 s; peak memory 1244 MiB.
2026-10-09T03:27:26Z INFO [535/750] 79427826-8bb0-46e4-8bbf-e6af6855c5af: 46 datasets; 0.5 s; peak memory 1244 MiB.
2026-10-09T03:27:27Z INFO [536/750] 7942a206-7fbe-4b9d-8988-7af7e15112a9: 48 datasets; 1.0 s; peak memory 1244 MiB.
2026-10-09T03:27:30Z INFO [537/750] 79433cfe-1e62-437d-8122-24e5e3cc8e5f: 133 datasets; 2.8 s; peak memory 1244 MiB.
2026-10-09T03:27:31Z INFO [538/750] 7943aba1-6dbf-4bd2-ac20-0cb67ca96a9d: 48 datasets; 0.9 s; peak memory 1244 MiB.
2026-10-09T03:27:31Z INFO [539/750] 7943dcee-ff0d-4789-979f-74c37587dffd: 48 datasets; 0.8 s; peak memory 1244 MiB.
2026-10-09T03:27:34Z INFO [540/750] 79459e1b-9090-4c12-875a-8a562f7e5af5: 48 datasets; 2.5 s; peak memory 1244 MiB.
2026-10-09T03:27:35Z INFO [541/750] 7945c325-174c-4583-8286-a1079cad3048: 48 datasets; 0.6 s; peak memory 1244 MiB.
2026-10-09T03:27:36Z INFO [542/750] 79466f8b-f942-4446-b906-bc3b75ed0691: 118 datasets; 0.8 s; peak memory 1244 MiB.
2026-10-09T03:27:37Z INFO [543/750] 79472ccf-b368-4f58-aab9-c00fc6df8716: 71 datasets; 1.0 s; peak memory 1244 MiB.
2026-10-09T03:27:37Z INFO [544/750] 794787d9-e7f8-45fc-a64a-1e1093b8b2b5: 48 datasets; 0.8 s; peak memory 1244 MiB.
2026-10-09T03:27:38Z INFO [545/750] 79482a33-5149-4d80-a2ca-981eb9e1d47f: 46 datasets; 0.5 s; peak memory 1244 MiB.
2026-10-09T03:27:41Z INFO [546/750] 79482e44-b489-4519-87b9-824cc0087392: 224 datasets; 2.8 s; peak memory 1244 MiB.
2026-10-09T03:27:42Z INFO [547/750] 79488296-f51e-4e02-b66b-3cf6647240cc: 64 datasets; 1.0 s; peak memory 1244 MiB.
2026-10-09T03:27:43Z INFO [548/750] 7948aa09-9515-463b-9247-571613338277: 71 datasets; 1.2 s; peak memory 1244 MiB.
2026-10-09T03:27:52Z INFO [549/750] 79493b09-bfbe-439b-933a-9709f0e80a1d: 93 datasets; 9.1 s; peak memory 1244 MiB.
2026-10-09T03:28:01Z INFO [550/750] 7949b2c1-7653-4d81-b9e2-62aea72e359b: 1502 datasets; 9.2 s; peak memory 1244 MiB.
2026-10-09T03:28:01Z INFO [550/750] 7949b2c1-7653-4d81-b9e2-62aea72e359b: checkpointed 105385 new records.
2026-10-09T03:28:09Z INFO [551/750] 7949e1b5-88e1-480c-a4cf-61c196ba52d9: 11485 datasets; 7.6 s; peak memory 1244 MiB.
2026-10-09T03:28:10Z INFO [552/750] 794b140a-30d7-4f3e-a420-47cb8d95b611: 117 datasets; 1.0 s; peak memory 1244 MiB.
2026-10-09T03:28:10Z INFO [553/750] 794b45c5-f045-40c2-9a5b-378b83157223: 52 datasets; 0.6 s; peak memory 1244 MiB.
2026-10-09T03:28:13Z INFO [554/750] 794bac2a-44b0-4361-8712-29bc3c1ccc01: 111 datasets; 2.8 s; peak memory 1244 MiB.
2026-10-09T03:28:21Z INFO [555/750] 794be32e-2c7d-4476-a61f-0ea8d7dced75: 1041 datasets; 7.9 s; peak memory 1244 MiB.
2026-10-09T03:28:22Z INFO [556/750] 794c1eff-5654-4a86-8dac-44d17f25f2f6: 117 datasets; 1.1 s; peak memory 1244 MiB.
2026-10-09T03:28:24Z INFO [557/750] 794ca0d8-4c09-4c69-910a-68b274bb4f60: 53 datasets; 1.6 s; peak memory 1244 MiB.
2026-10-09T03:28:25Z INFO [558/750] 794d5118-1178-4265-9096-4b9da3cd1bd5: 58 datasets; 1.2 s; peak memory 1244 MiB.
2026-10-09T03:28:26Z INFO [559/750] 794d75fe-d4ef-44ff-b085-d2879ce9c077: 117 datasets; 0.8 s; peak memory 1244 MiB.
2026-10-09T03:28:27Z INFO [560/750] 794dbdce-5950-4d88-b5bc-2168feb7394e: 48 datasets; 0.9 s; peak memory 1244 MiB.
2026-10-09T03:28:28Z INFO [561/750] 794dd2bc-a492-43c1-9072-7f1a99c0e56b: 117 datasets; 0.8 s; peak memory 1244 MiB.
2026-10-09T03:28:36Z INFO [562/750] 794e2424-10d2-495d-9777-ab12f4a59aa5: 1533 datasets; 8.6 s; peak memory 1244 MiB.
2026-10-09T03:28:40Z INFO [563/750] 794e59d9-c9a3-4c4d-8ac5-ea163952efbd: 257 datasets; 4.1 s; peak memory 1244 MiB.
2026-10-09T03:29:07Z INFO [564/750] 794e8b39-e2f1-438c-a4de-7645df88add8: 14795 datasets; 26.5 s; peak memory 1244 MiB.
2026-10-09T03:29:08Z INFO [565/750] 79503192-0285-48d8-9b4a-5d30d8750a3f: 48 datasets; 0.8 s; peak memory 1244 MiB.
2026-10-09T03:29:26Z INFO [566/750] 7951af02-ae30-4cfa-b887-8649aef74616: 48 datasets; 18.4 s; peak memory 1244 MiB.
2026-10-09T03:29:27Z INFO [567/750] 7951d4f8-f691-4ec4-8f82-cebcd9d404d9: 48 datasets; 0.8 s; peak memory 1244 MiB.
2026-10-09T03:29:27Z INFO [568/750] 7952dbcb-6318-41e5-a96d-1f9d33ef8fe4: 46 datasets; 0.6 s; peak memory 1244 MiB.
2026-10-09T03:29:28Z INFO [569/750] 79559015-2c1c-4149-8449-faea4c3ca25d: 116 datasets; 0.9 s; peak memory 1244 MiB.
2026-10-09T03:29:29Z INFO [570/750] 7955a0ab-0840-497f-b7e1-cae138411d0f: 112 datasets; 1.0 s; peak memory 1244 MiB.
2026-10-09T03:29:30Z INFO [571/750] 795604a6-888d-4848-b5d5-a7c955f6553f: 48 datasets; 0.9 s; peak memory 1244 MiB.
2026-10-09T03:29:32Z INFO [572/750] 79567528-06c5-492a-9e1c-1c4da386e60e: 186 datasets; 1.7 s; peak memory 1244 MiB.
2026-10-09T03:29:34Z INFO [573/750] 7956768d-b05e-4939-a820-fca7cb79b402: 85 datasets; 2.1 s; peak memory 1244 MiB.
2026-10-09T03:29:35Z INFO [574/750] 795704fc-e939-4a59-9da6-4df3ff15c88c: 70 datasets; 1.0 s; peak memory 1244 MiB.
2026-10-09T03:29:36Z INFO [575/750] 795730b6-49d9-4289-bb7b-eadecbe65ffe: 38 datasets; 0.6 s; peak memory 1244 MiB.
2026-10-09T03:29:36Z INFO [576/750] 7957411e-692a-4c66-850e-ef66144d0316: 55 datasets; 0.6 s; peak memory 1244 MiB.
2026-10-09T03:29:44Z INFO [577/750] 7957a610-280f-4de8-b875-9f91b08953eb: 1165 datasets; 7.7 s; peak memory 1244 MiB.
2026-10-09T03:29:46Z INFO [578/750] 7957b63f-e0da-4bc3-9bd1-386eacc8be09: 156 datasets; 2.2 s; peak memory 1244 MiB.
2026-10-09T03:29:50Z INFO [579/750] 7958d417-e7eb-4446-96b1-4c718fecdd20: 538 datasets; 3.8 s; peak memory 1244 MiB.
2026-10-09T03:30:03Z INFO [580/750] 7958d5d5-cae9-4f52-a3d7-8d006059c426: 8045 datasets; 12.6 s; peak memory 1244 MiB.
2026-10-09T03:30:03Z INFO [581/750] 795900ca-2224-4b44-a282-a4c9bf778888: 117 datasets; 0.9 s; peak memory 1244 MiB.
2026-10-09T03:30:04Z INFO [582/750] 7959133b-98ac-419d-b014-a792a9a83960: 116 datasets; 0.9 s; peak memory 1244 MiB.
2026-10-09T03:30:05Z INFO [583/750] 79593e69-8d57-4bc4-a890-ee32748d508c: 170 datasets; 0.9 s; peak memory 1244 MiB.
2026-10-09T03:30:06Z INFO [584/750] 795a7468-dbaf-490b-b8e2-be9f5e4faa32: 48 datasets; 0.7 s; peak memory 1244 MiB.
2026-10-09T03:30:07Z INFO [585/750] 795ab141-9fd5-4474-b25f-097dfc706d6e: 67 datasets; 0.9 s; peak memory 1244 MiB.
2026-10-09T03:30:08Z INFO [586/750] 795b0860-ec24-4a66-8e7d-942b3a655a37: 77 datasets; 0.9 s; peak memory 1244 MiB.
2026-10-09T03:30:09Z INFO [587/750] 795c2714-0d7d-4f19-8941-ec13b2336832: 66 datasets; 1.0 s; peak memory 1244 MiB.
2026-10-09T03:30:15Z INFO [588/750] 795c2bfc-62fc-4831-bcd5-f472816e5733: 391 datasets; 6.1 s; peak memory 1244 MiB.
2026-10-09T03:30:16Z INFO [589/750] 795d9470-cce7-4afc-9174-0656fd936402: 117 datasets; 0.9 s; peak memory 1244 MiB.
2026-10-09T03:30:17Z INFO [590/750] 795e8c9b-82ef-4efc-9633-26a9783d8165: 49 datasets; 1.2 s; peak memory 1244 MiB.
2026-10-09T03:30:18Z INFO [591/750] 795eac9c-fee4-45f1-9de5-d77da0d77556: 110 datasets; 1.1 s; peak memory 1244 MiB.
2026-10-09T03:30:25Z INFO [592/750] 795f5862-9570-401c-9436-034020fa71fb: 625 datasets; 6.5 s; peak memory 1244 MiB.
2026-10-09T03:30:25Z INFO [593/750] 795fdcc7-f96b-4bae-81e4-99feb82d1f15: 57 datasets; 0.6 s; peak memory 1244 MiB.
2026-10-09T03:30:26Z INFO [594/750] 796032e7-18e1-4b5b-8b22-3cf2ba16f5b6: 46 datasets; 0.6 s; peak memory 1244 MiB.
2026-10-09T03:30:35Z INFO [595/750] 79606c80-01b8-4992-a892-345300aefb5f: 691 datasets; 9.3 s; peak memory 1244 MiB.
2026-10-09T03:30:36Z INFO [596/750] 79607144-9f82-4424-9669-cf084f9c862c: 45 datasets; 0.6 s; peak memory 1244 MiB.
2026-10-09T03:30:38Z INFO [597/750] 7960719e-c132-4cc8-bd39-8ad5ceb4a10b: 71 datasets; 1.8 s; peak memory 1244 MiB.
2026-10-09T03:31:19Z INFO [598/750] 79622b3e-b562-45cc-b1c2-6c1e933528a5: 52 datasets; 41.6 s; peak memory 1244 MiB.
2026-10-09T03:31:20Z INFO [599/750] 79638bde-c927-457b-8c6f-0b51cc4939cd: 117 datasets; 0.9 s; peak memory 1244 MiB.
2026-10-09T03:31:21Z INFO [600/750] 7963d006-283a-4dfd-b19b-704a33b0c42c: 49 datasets; 1.0 s; peak memory 1244 MiB.
2026-10-09T03:31:21Z INFO [600/750] 7963d006-283a-4dfd-b19b-704a33b0c42c: checkpointed 105435 new records.
2026-10-09T03:31:22Z INFO [601/750] 79651f37-c970-42a5-b114-ed068b9fe1c8: 69 datasets; 1.0 s; peak memory 1244 MiB.
2026-10-09T03:31:23Z INFO [602/750] 79671e2c-45f5-4792-9234-76d4a93a4131: 59 datasets; 0.9 s; peak memory 1244 MiB.
2026-10-09T03:31:24Z INFO [603/750] 7967a8ce-a962-428c-b1d7-7b79098acf62: 48 datasets; 0.8 s; peak memory 1244 MiB.
2026-10-09T03:31:25Z INFO [604/750] 7968728e-0736-471c-9f19-9da95bb4d219: 48 datasets; 0.8 s; peak memory 1244 MiB.
2026-10-09T03:31:27Z INFO [605/750] 7968b7ed-9685-46f5-a440-f74bc69c57de: 115 datasets; 2.0 s; peak memory 1244 MiB.
2026-10-09T03:31:28Z INFO [606/750] 7969343f-47b7-4f39-a755-fc0197419cb3: 70 datasets; 1.3 s; peak memory 1244 MiB.
2026-10-09T03:31:30Z INFO [607/750] 7969bf9b-2c3e-420d-944b-86827673409a: 114 datasets; 2.1 s; peak memory 1244 MiB.
2026-10-09T03:31:31Z INFO [608/750] 7969f0b1-e607-4cce-9b06-e5c7eb3edb76: 48 datasets; 1.0 s; peak memory 1244 MiB.
2026-10-09T03:31:33Z INFO [609/750] 796a6d48-d27a-4c0e-97e1-79af4d623910: 115 datasets; 1.7 s; peak memory 1244 MiB.
2026-10-09T03:31:34Z INFO [610/750] 796b6ba0-e1c5-4249-a381-a0ac5e7daa68: 48 datasets; 0.8 s; peak memory 1244 MiB.
2026-10-09T03:31:35Z INFO [611/750] 796c006b-d3ad-4c76-8afe-9dcbf064002f: 67 datasets; 0.8 s; peak memory 1244 MiB.
2026-10-09T03:31:42Z INFO [612/750] 796ca092-1117-4dad-a4a7-b4848e19c1b0: 1201 datasets; 7.9 s; peak memory 1244 MiB.
2026-10-09T03:31:43Z INFO [613/750] 796cb71d-0284-4637-b19b-7f77265128c2: 36 datasets; 0.6 s; peak memory 1244 MiB.
2026-10-09T03:31:44Z INFO [614/750] 796d25ef-8c24-4274-8dfa-00082b75708d: 112 datasets; 0.9 s; peak memory 1244 MiB.
2026-10-09T03:31:45Z INFO [615/750] 796d7dd0-9857-44d0-b823-16157cd34897: 48 datasets; 0.8 s; peak memory 1244 MiB.
2026-10-09T03:31:46Z INFO [616/750] 796e1c4d-95a5-437e-8e87-54469a8e1578: 117 datasets; 1.1 s; peak memory 1244 MiB.
2026-10-09T03:31:47Z INFO [617/750] 79707503-2360-4ff4-bccc-002beb84743b: 102 datasets; 1.0 s; peak memory 1244 MiB.
2026-10-09T03:31:52Z INFO [618/750] 7970753d-bfe2-4e11-b2fd-6d9f0c854a5e: 199 datasets; 5.2 s; peak memory 1244 MiB.
2026-10-09T03:31:53Z INFO [619/750] 7970b7bb-85f7-4af1-a0d0-722a65e8305e: 84 datasets; 0.7 s; peak memory 1244 MiB.
2026-10-09T03:31:54Z INFO [620/750] 79712416-bb90-4c3f-aa6e-2f293b2ac1d3: 112 datasets; 1.1 s; peak memory 1244 MiB.
2026-10-09T03:32:02Z INFO [621/750] 7971e99a-9e66-4734-a82b-9ce53ef4af70: 603 datasets; 8.4 s; peak memory 1244 MiB.
2026-10-09T03:32:03Z INFO [622/750] 79727c37-4378-4510-8b0c-22af61535164: 71 datasets; 1.0 s; peak memory 1244 MiB.
2026-10-09T03:32:04Z INFO [623/750] 7974387c-a221-4ada-b68d-65b23bd65417: 48 datasets; 0.9 s; peak memory 1244 MiB.
2026-10-09T03:32:05Z INFO [624/750] 79752a37-c4df-4886-8d73-72e4f221d0a0: 48 datasets; 0.7 s; peak memory 1244 MiB.
2026-10-09T03:32:06Z INFO [625/750] 79759583-d05c-4828-80de-c2a85f565ccb: 112 datasets; 1.0 s; peak memory 1244 MiB.
2026-10-09T03:32:07Z INFO [626/750] 79764245-7575-4106-aeea-8bd12ca775a9: 112 datasets; 1.0 s; peak memory 1244 MiB.
2026-10-09T03:32:08Z INFO [627/750] 79769038-ff3d-4667-97e4-d76d9584ac6b: 66 datasets; 1.2 s; peak memory 1244 MiB.
2026-10-09T03:32:09Z INFO [628/750] 797695b4-bd79-4324-b89d-ee7fce6206d3: 122 datasets; 1.0 s; peak memory 1244 MiB.
2026-10-09T03:32:10Z INFO [629/750] 79777de3-20a6-44f2-92ad-199c0fc3ddc1: 72 datasets; 0.7 s; peak memory 1244 MiB.
2026-10-09T03:32:48Z INFO [630/750] 7977e447-413c-4df1-882d-0bcd08084309: 13004 datasets; 37.8 s; peak memory 1244 MiB.
2026-10-09T03:32:49Z INFO [631/750] 797861ad-8f6c-4c29-a2cc-d93e28f03416: 117 datasets; 1.1 s; peak memory 1244 MiB.
2026-10-09T03:32:50Z INFO [632/750] 79795baf-773c-429b-96dc-cfa3e62e31aa: 48 datasets; 0.7 s; peak memory 1244 MiB.
2026-10-09T03:33:01Z INFO [633/750] 797bcfb8-04ef-4a8b-aa48-aa8f411b466c: 1292 datasets; 11.0 s; peak memory 1244 MiB.
2026-10-09T03:33:33Z INFO [634/750] 797c041f-1799-4033-aaf3-db70266e0b5a: 52 datasets; 31.9 s; peak memory 1244 MiB.
2026-10-09T03:33:34Z INFO [635/750] 797e5730-4c53-4804-9254-b2243ab0b17a: 119 datasets; 1.0 s; peak memory 1244 MiB.
2026-10-09T03:33:34Z INFO [636/750] 797e6bcc-2d93-43d6-8e64-ce6610dfd6da: 56 datasets; 0.6 s; peak memory 1244 MiB.
2026-10-09T03:33:36Z INFO [637/750] 797e6e77-0e27-4f25-9d70-9ac2c04e9033: 163 datasets; 2.0 s; peak memory 1244 MiB.
2026-10-09T03:33:41Z INFO [638/750] 797e797c-cd1d-4a79-ad5e-1b5a7253e61f: 79 datasets; 5.2 s; peak memory 1244 MiB.
2026-10-09T03:33:42Z INFO [639/750] 797fb2c5-8826-49e9-848b-7fe6a084e698: 48 datasets; 0.8 s; peak memory 1244 MiB.
2026-10-09T03:33:44Z INFO [640/750] 79806cad-f352-4b03-82a6-24920e3d8985: 146 datasets; 1.7 s; peak memory 1244 MiB.
2026-10-09T03:33:46Z INFO [641/750] 7981441c-112e-4906-822b-bcbc03644bdd: 163 datasets; 1.8 s; peak memory 1244 MiB.
2026-10-09T03:33:47Z INFO [642/750] 7981c263-ea7f-45fc-b156-b2cf93f252ba: 48 datasets; 0.8 s; peak memory 1244 MiB.
2026-10-09T03:33:47Z INFO [643/750] 7982c88b-9597-4c36-be26-4e88591c9440: 48 datasets; 0.7 s; peak memory 1244 MiB.
2026-10-09T03:33:48Z INFO [644/750] 79834084-ada4-45a8-9f67-39c516bfcf48: 48 datasets; 0.9 s; peak memory 1244 MiB.
2026-10-09T03:33:49Z INFO [645/750] 79834c9a-7f3e-4354-9853-f3809580e62e: 49 datasets; 0.8 s; peak memory 1244 MiB.
2026-10-09T03:33:50Z INFO [646/750] 7983ac41-7156-4bc1-8d4c-a52d2a9fe144: 112 datasets; 0.9 s; peak memory 1244 MiB.
2026-10-09T03:33:51Z INFO [647/750] 79869f16-b0da-4b5e-8298-81e62c5b688a: 117 datasets; 0.7 s; peak memory 1244 MiB.
2026-10-09T03:35:03Z INFO [648/750] 7987185b-de0a-4e67-bad6-7ff661346e82: 58 datasets; 71.9 s; peak memory 1244 MiB.
2026-10-09T03:35:10Z INFO [649/750] 79875a50-d837-4132-9c46-9b888bb85e50: 5161 datasets; 7.3 s; peak memory 1244 MiB.
2026-10-09T03:35:12Z INFO [650/750] 79876e31-076e-4147-af78-46a001044810: 119 datasets; 1.9 s; peak memory 1244 MiB.
2026-10-09T03:35:12Z INFO [650/750] 79876e31-076e-4147-af78-46a001044810: checkpointed 105485 new records.
2026-10-09T03:35:20Z INFO [651/750] 79877741-40d2-48b4-912a-98b794b36d60: 1116 datasets; 8.3 s; peak memory 1244 MiB.
2026-10-09T03:35:21Z INFO [652/750] 7987a415-adbc-4a88-b0fe-59307e660b06: 48 datasets; 0.9 s; peak memory 1244 MiB.
2026-10-09T03:35:22Z INFO [653/750] 7988010a-1b55-40bd-9ab9-bcd6c4d8f1ee: 66 datasets; 1.4 s; peak memory 1244 MiB.
2026-10-09T03:35:23Z INFO [654/750] 79880243-3fab-42a4-9e0a-d0323a59dece: 117 datasets; 0.8 s; peak memory 1244 MiB.
2026-10-09T03:35:24Z INFO [655/750] 7989007f-3d85-4ed2-b225-9f860f2d5374: 112 datasets; 0.8 s; peak memory 1244 MiB.
2026-10-09T03:35:25Z INFO [656/750] 7989acef-34a9-42de-bb81-334df58747a5: 121 datasets; 0.7 s; peak memory 1244 MiB.
2026-10-09T03:35:26Z INFO [657/750] 798a3361-b164-47e3-9b22-bdf1dd279053: 121 datasets; 0.9 s; peak memory 1244 MiB.
2026-10-09T03:35:28Z INFO [658/750] 798a4261-b5a3-4f50-808d-172a4584dcc6: 156 datasets; 2.1 s; peak memory 1244 MiB.
2026-10-09T03:35:29Z INFO [659/750] 798a72ce-8c61-4281-ba7b-621c1ce20633: 121 datasets; 1.6 s; peak memory 1244 MiB.
2026-10-09T03:35:38Z INFO [660/750] 798be95c-bfd8-4f58-a86f-665b1f51ceed: 703 datasets; 8.9 s; peak memory 1244 MiB.
2026-10-09T03:35:39Z INFO [661/750] 798c51b9-67d0-436e-81cf-c5cccf4d7e78: 118 datasets; 0.9 s; peak memory 1244 MiB.
2026-10-09T03:35:43Z INFO [662/750] 798d6377-133f-4555-9aa7-faa4c11a35f2: 229 datasets; 4.0 s; peak memory 1244 MiB.
2026-10-09T03:35:44Z INFO [663/750] 798dec9d-90a3-4e83-bae9-e045156023ca: 48 datasets; 1.0 s; peak memory 1244 MiB.
2026-10-09T03:35:45Z INFO [664/750] 798deecb-0895-447d-854a-b0218779154f: 85 datasets; 1.0 s; peak memory 1244 MiB.
2026-10-09T03:35:46Z INFO [665/750] 798e24e1-d0eb-404a-9777-83241dfa6a0d: 112 datasets; 1.2 s; peak memory 1244 MiB.
2026-10-09T03:37:47Z INFO [666/750] 798fc60a-f42d-499e-8022-ceee41ca9bae: 190 datasets; 121.2 s; peak memory 1244 MiB.
2026-10-09T03:37:48Z INFO [667/750] 798fdd91-0a21-4860-9b30-b141b6c7baba: 114 datasets; 0.9 s; peak memory 1244 MiB.
2026-10-09T03:37:50Z INFO [668/750] 79909816-28f4-4858-94a3-ae98eaf0d201: 66 datasets; 1.2 s; peak memory 1244 MiB.
2026-10-09T03:37:51Z INFO [669/750] 7990d9c1-01ab-4ccb-b2c1-8d28ccb8b790: 49 datasets; 1.1 s; peak memory 1244 MiB.
2026-10-09T03:37:53Z INFO [670/750] 79923a94-fa6c-4788-bdb6-d5e4a8743e5c: 38 datasets; 2.4 s; peak memory 1244 MiB.
2026-10-09T03:37:54Z INFO [671/750] 7992c2e1-eaa9-4f92-9ae1-d328ee0b32f5: 48 datasets; 0.9 s; peak memory 1244 MiB.
2026-10-09T03:37:56Z INFO [672/750] 799317a5-9eb6-48e0-a81c-aab3465de520: 119 datasets; 1.7 s; peak memory 1244 MiB.
2026-10-09T03:37:57Z INFO [673/750] 799369dc-062c-4762-9991-15074f74c304: 45 datasets; 0.9 s; peak memory 1244 MiB.
2026-10-09T03:37:57Z INFO [674/750] 7993dea0-8169-4369-aff4-bc562dba1875: 64 datasets; 0.9 s; peak memory 1244 MiB.
2026-10-09T03:37:58Z INFO [675/750] 79944ec3-1163-4d93-ac36-6e79c4b0c741: 46 datasets; 0.6 s; peak memory 1244 MiB.
2026-10-09T03:37:59Z INFO [676/750] 79956177-4afb-445b-baae-f507db748ba2: 117 datasets; 0.9 s; peak memory 1244 MiB.
2026-10-09T03:38:00Z INFO [677/750] 79959d85-1243-48f3-84a1-76c6137d795f: 48 datasets; 0.6 s; peak memory 1244 MiB.
2026-10-09T03:38:03Z INFO [678/750] 7995f547-6b7a-46e6-8c7e-2091a246bb88: 475 datasets; 3.6 s; peak memory 1244 MiB.
2026-10-09T03:38:10Z INFO [679/750] 7996682c-0405-4a97-95ea-cfb57dac9453: 1012 datasets; 7.2 s; peak memory 1244 MiB.
2026-10-09T03:38:11Z INFO [680/750] 79969ac6-8dc3-49c3-8ade-7b28ede3cb06: 118 datasets; 0.9 s; peak memory 1244 MiB.
2026-10-09T03:38:25Z INFO [681/750] 7996c2ff-0ad2-46ce-814f-00fab7c49863: 2075 datasets; 13.7 s; peak memory 1244 MiB.
2026-10-09T03:38:26Z INFO [682/750] 7996c975-0669-4d3f-8209-a8ab1517447a: 112 datasets; 1.1 s; peak memory 1244 MiB.
2026-10-09T03:38:32Z INFO [683/750] 7996e792-43e5-460c-a0fb-4fdd8a02bd61: 56 datasets; 5.7 s; peak memory 1244 MiB.
2026-10-09T03:38:35Z INFO [684/750] 79976c89-020c-492e-bc27-05c04514975f: 325 datasets; 2.8 s; peak memory 1244 MiB.
2026-10-09T03:38:36Z INFO [685/750] 7997bff9-baa5-44c4-9a5f-74c74503ecaf: 62 datasets; 1.1 s; peak memory 1244 MiB.
2026-10-09T03:38:37Z INFO [686/750] 7997fb76-b83d-497f-b254-09fef990c9a2: 69 datasets; 1.1 s; peak memory 1244 MiB.
2026-10-09T03:38:46Z INFO [687/750] 7998edb9-9920-4569-bb6e-2074791dc736: 44 datasets; 9.4 s; peak memory 1244 MiB.
2026-10-09T03:38:55Z INFO [688/750] 799a35e5-bc97-45db-8591-096686feec76: 1156 datasets; 8.6 s; peak memory 1244 MiB.
2026-10-09T03:38:56Z INFO [689/750] 799b2ddc-d3c0-420e-9a56-ceba3db4761b: 112 datasets; 1.3 s; peak memory 1244 MiB.
2026-10-09T03:38:57Z INFO [690/750] 799ba0d8-1990-4460-b8a0-908bba3d8d32: 39 datasets; 0.6 s; peak memory 1244 MiB.
2026-10-09T03:38:59Z INFO [691/750] 799be733-c7eb-46dd-844c-1a20accabd06: 90 datasets; 1.8 s; peak memory 1244 MiB.
2026-10-09T03:38:59Z INFO [692/750] 799da0dc-6699-42a1-8766-1a65de006235: 112 datasets; 0.9 s; peak memory 1244 MiB.
2026-10-09T03:39:00Z INFO [693/750] 799dddaa-c6c6-4106-a73f-2016aad9753f: 112 datasets; 1.0 s; peak memory 1244 MiB.
2026-10-09T03:39:12Z INFO [694/750] 799e2284-12fb-4d17-a460-9e87471a3abb: 38 datasets; 11.2 s; peak memory 1244 MiB.
2026-10-09T03:39:13Z INFO [695/750] 799e246d-1132-4e35-be37-e27ce40c01a7: 74 datasets; 1.1 s; peak memory 1244 MiB.
2026-10-09T03:39:14Z INFO [696/750] 79a0711e-6857-4b77-9d57-94e52ba35827: 71 datasets; 1.1 s; peak memory 1244 MiB.
2026-10-09T03:39:15Z INFO [697/750] 79a1691d-317d-463c-a772-dc854687588e: 117 datasets; 1.1 s; peak memory 1244 MiB.
2026-10-09T03:39:16Z INFO [698/750] 79a2f906-1c91-48ce-bf83-0985ecd82b95: 230 datasets; 1.1 s; peak memory 1244 MiB.
2026-10-09T03:39:21Z INFO [699/750] 79a4a1e9-321d-4db7-b7a2-f213d0443993: 56 datasets; 4.9 s; peak memory 1244 MiB.
2026-10-09T03:39:22Z INFO [700/750] 79a4c99e-b50f-44dd-a414-b8feeb44e5d4: 71 datasets; 1.0 s; peak memory 1244 MiB.
2026-10-09T03:39:22Z INFO [700/750] 79a4c99e-b50f-44dd-a414-b8feeb44e5d4: checkpointed 105535 new records.
2026-10-09T03:39:26Z INFO [701/750] 79a4f83f-4e79-4628-922d-f5392ac3d020: 196 datasets; 4.5 s; peak memory 1244 MiB.
2026-10-09T03:39:28Z INFO [702/750] 79a58d1b-a9c5-48e7-8fc5-8a4364169cfe: 112 datasets; 1.1 s; peak memory 1244 MiB.
2026-10-09T03:39:29Z INFO [703/750] 79a605fc-0fa2-46fe-b2c2-111525a8cd6e: 112 datasets; 1.2 s; peak memory 1244 MiB.
2026-10-09T03:39:30Z INFO [704/750] 79a6811c-51a4-4dfa-84f4-73491a26653f: 48 datasets; 0.8 s; peak memory 1244 MiB.
2026-10-09T03:39:31Z INFO [705/750] 79a6edc7-9e70-4986-8fe8-401e2135c3d7: 118 datasets; 1.0 s; peak memory 1244 MiB.
2026-10-09T03:39:31Z INFO [706/750] 79a7bec7-b01e-4f0e-bed6-f2c46d2846a8: 48 datasets; 0.7 s; peak memory 1244 MiB.
2026-10-09T03:39:34Z INFO [707/750] 79a7e20e-3736-4943-8b45-af4b272c0391: 481 datasets; 2.4 s; peak memory 1244 MiB.
2026-10-09T03:39:35Z INFO [708/750] 79a861a8-db9e-467b-aa8f-c09c9cb205ec: 71 datasets; 1.5 s; peak memory 1244 MiB.
2026-10-09T03:39:39Z INFO [709/750] 79ab3e0f-91f0-4016-a6a8-14e933d9999c: 538 datasets; 4.3 s; peak memory 1244 MiB.
2026-10-09T03:39:41Z INFO [710/750] 79ab94ec-4a0e-4ba9-9c01-cc0f4692d66c: 116 datasets; 1.9 s; peak memory 1244 MiB.
2026-10-09T03:39:42Z INFO [711/750] 79abe16e-dd79-4027-9450-049fa6cd96f8: 45 datasets; 0.6 s; peak memory 1244 MiB.
2026-10-09T03:39:43Z INFO [712/750] 79ad0519-eac3-4ba0-9ece-560e2b59314b: 48 datasets; 0.8 s; peak memory 1244 MiB.
2026-10-09T03:39:44Z INFO [713/750] 79ad0767-e0a9-4a11-a7e7-7433d8bcebb9: 68 datasets; 1.0 s; peak memory 1244 MiB.
2026-10-09T03:39:45Z INFO [714/750] 79ad219c-3d0b-4e46-b242-fffebb5ca630: 48 datasets; 0.7 s; peak memory 1244 MiB.
2026-10-09T03:39:50Z INFO [715/750] 79ad4460-5838-4fe8-b66b-47efa07d0a80: 865 datasets; 5.1 s; peak memory 1244 MiB.
2026-10-09T03:39:54Z INFO [716/750] 79ad77bd-38d8-4d98-8c71-c88b55f471a7: 538 datasets; 4.6 s; peak memory 1244 MiB.
2026-10-09T03:39:57Z INFO [717/750] 79ad9f71-61da-4e59-a8b3-b447c9949939: 442 datasets; 2.6 s; peak memory 1244 MiB.
2026-10-09T03:39:59Z INFO [718/750] 79add808-32bc-46a9-ba20-437f82f77dec: 71 datasets; 1.8 s; peak memory 1244 MiB.
2026-10-09T03:40:00Z INFO [719/750] 79adef40-d2fc-4298-ad8d-97658c98975d: 70 datasets; 0.8 s; peak memory 1244 MiB.
2026-10-09T03:40:00Z INFO [720/750] 79ae05b2-0782-488f-a3d3-8544148c72af: 48 datasets; 0.8 s; peak memory 1244 MiB.
2026-10-09T03:40:01Z INFO [721/750] 79ae29df-44a0-4f92-abd3-b4a6de64debb: 46 datasets; 0.9 s; peak memory 1244 MiB.
2026-10-09T03:40:04Z INFO [722/750] 79ae6841-1440-4826-8615-8e288356be69: 366 datasets; 2.5 s; peak memory 1244 MiB.
2026-10-09T03:40:16Z INFO [723/750] 79ae7609-2024-4cb4-be4e-a72109141731: 670 datasets; 12.2 s; peak memory 1244 MiB.
2026-10-09T03:40:17Z INFO [724/750] 79aecfb7-87be-4944-ab65-e32d5d074242: 118 datasets; 1.1 s; peak memory 1244 MiB.
2026-10-09T03:40:18Z INFO [725/750] 79aef012-0331-4654-b582-41cb63e44db2: 112 datasets; 1.1 s; peak memory 1244 MiB.
2026-10-09T03:40:19Z INFO [726/750] 79b126bd-e502-4415-85a3-da7d7cebc8bd: 48 datasets; 0.7 s; peak memory 1244 MiB.
2026-10-09T03:42:10Z INFO [727/750] 79b1b6ee-cd45-4ef0-9d4d-0dda2c87e91f: 394 datasets; 111.6 s; peak memory 1244 MiB.
2026-10-09T03:42:12Z INFO [728/750] 79b2b13e-e692-4cb1-b6ad-dd4016f7adf9: 112 datasets; 1.3 s; peak memory 1244 MiB.
2026-10-09T03:42:12Z INFO [729/750] 79b30bbf-4017-42da-8f25-ca0501ea2987: 118 datasets; 0.9 s; peak memory 1244 MiB.
2026-10-09T03:42:14Z INFO [730/750] 79b334dc-f71f-4d2f-8e8d-868707a00413: 112 datasets; 1.2 s; peak memory 1244 MiB.
2026-10-09T03:42:15Z INFO [731/750] 79b34a7f-dd6d-4e1a-bae0-d3455553a162: 117 datasets; 1.0 s; peak memory 1244 MiB.
2026-10-09T03:42:16Z INFO [732/750] 79b477af-7213-44dc-9e6a-8ea3eb04c4da: 48 datasets; 0.9 s; peak memory 1244 MiB.
2026-10-09T03:42:17Z INFO [733/750] 79b4dc85-f435-4daf-9028-801ca0bb7e79: 71 datasets; 1.9 s; peak memory 1244 MiB.
2026-10-09T03:42:18Z INFO [734/750] 79b51efa-400f-4b89-ab07-e1dc4ebffd32: 46 datasets; 0.5 s; peak memory 1244 MiB.
2026-10-09T03:42:22Z INFO [735/750] 79b5caef-60cf-4449-bf98-562a3813daa0: 174 datasets; 4.2 s; peak memory 1244 MiB.
2026-10-09T03:42:23Z INFO [736/750] 79b5cb5e-6bcb-4997-bf8f-3345e1831b34: 118 datasets; 1.0 s; peak memory 1244 MiB.
2026-10-09T03:42:24Z INFO [737/750] 79b65a93-5f6e-4799-9685-d68354fc050c: 57 datasets; 0.7 s; peak memory 1244 MiB.
2026-10-09T03:42:25Z INFO [738/750] 79b69083-700f-4d99-9302-ac9091146c2f: 66 datasets; 1.4 s; peak memory 1244 MiB.
2026-10-09T03:42:33Z INFO [739/750] 79b702cc-134c-4b1a-b81e-8f975c8b7eeb: 1571 datasets; 8.0 s; peak memory 1244 MiB.
2026-10-09T03:42:35Z INFO [740/750] 79b72c60-429d-4021-ade0-20cd5fd0d03c: 112 datasets; 1.2 s; peak memory 1244 MiB.
2026-10-09T03:42:35Z INFO [741/750] 79b72c87-2557-49db-854f-5a18325d3de5: 117 datasets; 0.9 s; peak memory 1244 MiB.
2026-10-09T03:42:37Z INFO [742/750] 79b792b8-5429-44f2-97bc-728c1d402ce1: 62 datasets; 1.1 s; peak memory 1244 MiB.
2026-10-09T03:42:38Z INFO [743/750] 79b8cd8e-0aa3-4b10-a83f-6be770b0d270: 93 datasets; 1.1 s; peak memory 1244 MiB.
2026-10-09T03:42:39Z INFO [744/750] 79b98b10-814e-4571-bad0-9be790d00485: 38 datasets; 1.7 s; peak memory 1244 MiB.
2026-10-09T03:42:42Z INFO [745/750] 79b99276-688a-4b57-a290-0b606fec03cc: 115 datasets; 2.2 s; peak memory 1244 MiB.
2026-10-09T03:42:47Z INFO [746/750] 79b9e506-bfff-4462-a946-698cbd4051a0: 56 datasets; 5.2 s; peak memory 1244 MiB.
2026-10-09T03:42:48Z INFO [747/750] 79ba2a21-53cd-405a-9fa8-3d4656434a86: 117 datasets; 1.0 s; peak memory 1244 MiB.
2026-10-09T03:42:54Z INFO [748/750] 79ba8675-f36c-4e0d-912d-edb953a89994: 947 datasets; 6.7 s; peak memory 1244 MiB.
2026-10-09T03:42:55Z INFO [749/750] 79ba9027-52ba-4570-9f69-3b3fdf290402: 48 datasets; 0.9 s; peak memory 1244 MiB.
2026-10-09T03:42:56Z INFO [750/750] 79bad626-ac3e-4d8f-9bc2-09c3abfd3579: 49 datasets; 1.0 s; peak memory 1244 MiB.
2026-10-09T03:42:57Z INFO [750/750] 79bad626-ac3e-4d8f-9bc2-09c3abfd3579: checkpointed 105585 new records.
2026-10-09T03:42:57Z INFO Wrote 105585 records to /tmp/derivatives/valid_nwb_file_to_number_of_datasets.jsonl (750 new, 0 failed) in 62.3 min (peak memory 1244 MiB).
