2026-10-09T13:14:00Z INFO Logging to /tmp/logs/update_2026-10-09T13-14-00Z.log.
2026-10-09T13:14:00Z INFO Update valid-nwb-file-to-number-of-datasets (base directory /tmp).
2026-10-09T13:14:00Z INFO Processing 750 items (109335 already recorded).
2026-10-09T13:14:02Z INFO [1/750] 00c4ef28-e6cd-42d4-88be-e7f5e5990879: 39 datasets; 1.8 s; peak memory 120 MiB.
2026-10-09T13:14:04Z INFO [2/750] 01d80f29-7e32-4d95-9ccb-0cfc2ca48ede: 39 datasets; 1.5 s; peak memory 120 MiB.
2026-10-09T13:14:05Z INFO [3/750] 05816952-d049-4610-bdfb-f7a3a9fe268a: 39 datasets; 1.6 s; peak memory 120 MiB.
2026-10-09T13:14:07Z INFO [4/750] 08cbe3bd-bc48-4780-bb85-49df1911ef51: 39 datasets; 1.5 s; peak memory 120 MiB.
2026-10-09T13:14:08Z INFO [5/750] 09abda3a-441a-4f03-b15e-16d56875f7a9: 39 datasets; 1.6 s; peak memory 121 MiB.
2026-10-09T13:14:10Z INFO [6/750] 09dad3d9-69a9-481e-a7db-761a9b4ca04a: 39 datasets; 1.5 s; peak memory 121 MiB.
2026-10-09T13:14:12Z INFO [7/750] 0afd79c1-9fdb-42d2-be6a-8399c523a893: 39 datasets; 1.7 s; peak memory 121 MiB.
2026-10-09T13:14:13Z INFO [8/750] 0c89a6d9-0b39-4dcd-b5c6-3d16ce012ac0: 39 datasets; 1.4 s; peak memory 121 MiB.
2026-10-09T13:14:15Z INFO [9/750] 0f3501b9-157c-4e28-bf6f-f740ae75cf71: 39 datasets; 1.6 s; peak memory 121 MiB.
2026-10-09T13:14:16Z INFO [10/750] 10f0421d-a3b3-43ed-869a-a9c9bf6353fb: 39 datasets; 1.5 s; peak memory 121 MiB.
2026-10-09T13:14:18Z INFO [11/750] 154ffd51-1f73-4cab-b302-03fed9b02b08: 39 datasets; 1.5 s; peak memory 121 MiB.
2026-10-09T13:14:19Z INFO [12/750] 15feff40-6a26-401d-a2fc-55274150d3f8: 39 datasets; 1.5 s; peak memory 121 MiB.
2026-10-09T13:14:21Z INFO [13/750] 174dc191-19f2-4e87-ba9c-da8529fee031: 39 datasets; 1.5 s; peak memory 121 MiB.
2026-10-09T13:14:22Z INFO [14/750] 189185b8-ae32-4a3c-9a0e-f1f04430b13f: 39 datasets; 1.4 s; peak memory 121 MiB.
2026-10-09T13:14:24Z INFO [15/750] 195cb35f-bd21-4d46-9eab-2aea3cd196e7: 39 datasets; 1.4 s; peak memory 122 MiB.
2026-10-09T13:14:25Z INFO [16/750] 19801fef-f4de-4ee8-b77b-f7d5e64cfeb5: 39 datasets; 1.5 s; peak memory 122 MiB.
2026-10-09T13:14:27Z INFO [17/750] 1b5ad137-5b6d-4245-ac16-36ad03a4b77b: 39 datasets; 1.4 s; peak memory 122 MiB.
2026-10-09T13:14:28Z INFO [18/750] 1c4658d7-1d90-44e2-8e9a-84a50cb2acf5: 39 datasets; 1.4 s; peak memory 122 MiB.
2026-10-09T13:14:29Z INFO [19/750] 1e6aaafd-2260-4448-8d36-94bdf93a9c6e: 39 datasets; 1.4 s; peak memory 123 MiB.
2026-10-09T13:14:31Z INFO [20/750] 1f07ea96-6e27-4990-bd62-72fe6984022d: 39 datasets; 1.4 s; peak memory 123 MiB.
2026-10-09T13:14:32Z INFO [21/750] 2214a984-c248-404c-9129-161f307f9fbc: 39 datasets; 1.4 s; peak memory 123 MiB.
2026-10-09T13:14:34Z INFO [22/750] 2384c463-d1fc-4893-8631-5671f5f4bdf2: 39 datasets; 1.4 s; peak memory 123 MiB.
2026-10-09T13:14:35Z INFO [23/750] 255ff935-b551-4e51-92e4-3edc3667ce44: 39 datasets; 1.4 s; peak memory 123 MiB.
2026-10-09T13:14:37Z INFO [24/750] 2624ad51-4d3c-407c-836f-c150ee0da4c4: 39 datasets; 1.4 s; peak memory 123 MiB.
2026-10-09T13:14:38Z INFO [25/750] 2ad6bdb2-0e43-4965-b2cb-cab709f3defc: 39 datasets; 1.4 s; peak memory 123 MiB.
2026-10-09T13:14:39Z INFO [26/750] 2bf5e85f-c3f8-41af-89e7-79ee91615515: 39 datasets; 1.4 s; peak memory 123 MiB.
2026-10-09T13:14:41Z INFO [27/750] 2c8d4520-1687-44c2-9bab-3aa1760efba6: 39 datasets; 1.3 s; peak memory 123 MiB.
2026-10-09T13:14:42Z INFO [28/750] 2e14f9af-62d4-4a1a-a6f2-84a1e1ad93d9: 39 datasets; 1.4 s; peak memory 123 MiB.
2026-10-09T13:14:43Z INFO [29/750] 2e46f2ab-4cf6-40c8-a4a9-ffd6717d155f: 39 datasets; 1.4 s; peak memory 123 MiB.
2026-10-09T13:14:45Z INFO [30/750] 2ed0aaed-6c88-4f24-ac78-0178f7c32e4a: 39 datasets; 1.5 s; peak memory 123 MiB.
2026-10-09T13:14:47Z INFO [31/750] 2ef02a1e-dfcb-47c6-a50b-f9a150123184: 39 datasets; 1.5 s; peak memory 123 MiB.
2026-10-09T13:14:48Z INFO [32/750] 2f75774e-b0d3-40a9-9d12-5f04bbaf31e9: 39 datasets; 1.4 s; peak memory 123 MiB.
2026-10-09T13:14:49Z INFO [33/750] 304e0c2e-b7df-42ea-9596-115f936fcec1: 39 datasets; 1.5 s; peak memory 123 MiB.
2026-10-09T13:14:51Z INFO [34/750] 3140644e-6805-4284-9107-1b6ae094162f: 39 datasets; 1.3 s; peak memory 123 MiB.
2026-10-09T13:14:52Z INFO [35/750] 321dfd14-72a1-40d7-856b-170eb11c475a: 39 datasets; 1.4 s; peak memory 123 MiB.
2026-10-09T13:14:54Z INFO [36/750] 326026b5-51ab-4e43-87ef-2ce1348f3890: 39 datasets; 1.4 s; peak memory 123 MiB.
2026-10-09T13:14:55Z INFO [37/750] 32c8e7f6-72a2-4d70-a63b-6e62d496c146: 39 datasets; 1.4 s; peak memory 123 MiB.
2026-10-09T13:14:57Z INFO [38/750] 344c008b-61eb-4e5c-bc4d-8465a75993f5: 39 datasets; 1.5 s; peak memory 123 MiB.
2026-10-09T13:14:58Z INFO [39/750] 344dd7d3-7a18-4b4a-85ec-769eaeff00ee: 39 datasets; 1.4 s; peak memory 123 MiB.
2026-10-09T13:15:00Z INFO [40/750] 35b21cf5-3192-46cc-bd97-cd3977446fec: 39 datasets; 1.4 s; peak memory 123 MiB.
2026-10-09T13:15:01Z INFO [41/750] 3650c75f-fc06-4b57-918d-ff4e9cd0e780: 39 datasets; 1.4 s; peak memory 123 MiB.
2026-10-09T13:15:02Z INFO [42/750] 39d6b25c-9675-4bba-b076-9264cc949aae: 39 datasets; 1.4 s; peak memory 123 MiB.
2026-10-09T13:15:04Z INFO [43/750] 3a01ba28-0cfa-4c3e-8c09-43b1a45bd2ac: 39 datasets; 1.6 s; peak memory 123 MiB.
2026-10-09T13:15:05Z INFO [44/750] 3b7edf47-bd63-4a70-bfde-3c5dd3551fc4: 39 datasets; 1.5 s; peak memory 123 MiB.
2026-10-09T13:15:07Z INFO [45/750] 3d1b5ffa-ac5f-40a8-b5d4-c1047ebfc70e: 39 datasets; 1.5 s; peak memory 123 MiB.
2026-10-09T13:15:08Z INFO [46/750] 3ee624ff-ebcf-4b4e-ba16-0c6820983763: 39 datasets; 1.4 s; peak memory 123 MiB.
2026-10-09T13:15:10Z INFO [47/750] 409dcace-624f-4b89-b539-f7a7190b816e: 39 datasets; 1.5 s; peak memory 123 MiB.
2026-10-09T13:15:11Z INFO [48/750] 40b5570c-9ca1-4bf3-9a6e-9bb00998fb56: 39 datasets; 1.6 s; peak memory 123 MiB.
2026-10-09T13:15:13Z INFO [49/750] 41908ee0-0056-4fcc-8342-39a7dc5a0b2d: 39 datasets; 1.4 s; peak memory 123 MiB.
2026-10-09T13:15:14Z INFO [50/750] 41d3f27c-bd01-4ea8-aa6d-55dc4409ad6d: 39 datasets; 1.5 s; peak memory 123 MiB.
2026-10-09T13:15:15Z INFO [50/750] 41d3f27c-bd01-4ea8-aa6d-55dc4409ad6d: checkpointed 109385 new records.
2026-10-09T13:15:16Z INFO [51/750] 42195ba1-d7b2-4694-b239-fb77efa1400d: 39 datasets; 1.6 s; peak memory 123 MiB.
2026-10-09T13:15:18Z INFO [52/750] 42734f6b-6c0b-4c98-98cd-e5dd3a974277: 39 datasets; 1.4 s; peak memory 123 MiB.
2026-10-09T13:15:19Z INFO [53/750] 467f8797-437b-4127-ba6d-60385d197673: 39 datasets; 1.4 s; peak memory 123 MiB.
2026-10-09T13:15:20Z INFO [54/750] 46bbe41c-a530-4787-a905-cd252c52bd2d: 39 datasets; 1.5 s; peak memory 123 MiB.
2026-10-09T13:15:22Z INFO [55/750] 476b92b0-5433-46b6-a067-39aae4be126c: 39 datasets; 1.4 s; peak memory 123 MiB.
2026-10-09T13:15:23Z INFO [56/750] 486e55ad-c38c-4c37-b0ec-97afe0acf4e9: 39 datasets; 1.4 s; peak memory 123 MiB.
2026-10-09T13:15:25Z INFO [57/750] 499f34e9-ebd0-4a0a-bd08-04fd3d1bd8b3: 39 datasets; 1.4 s; peak memory 123 MiB.
2026-10-09T13:15:26Z INFO [58/750] 4bbc9d3e-7937-4923-b2a2-c300e0d5700b: 39 datasets; 1.4 s; peak memory 123 MiB.
2026-10-09T13:15:27Z INFO [59/750] 4f17fe77-3760-48cc-9aa8-7b10a14e17f2: 39 datasets; 1.3 s; peak memory 123 MiB.
2026-10-09T13:15:29Z INFO [60/750] 505f3f86-5f41-4105-877a-94c41544857e: 39 datasets; 1.5 s; peak memory 123 MiB.
2026-10-09T13:15:30Z INFO [61/750] 51492069-0c3a-4581-96b6-5c4744ab8dd5: 39 datasets; 1.5 s; peak memory 123 MiB.
2026-10-09T13:15:32Z INFO [62/750] 52236d03-f8de-4af2-b817-2b35e63c7ae5: 39 datasets; 1.6 s; peak memory 123 MiB.
2026-10-09T13:15:34Z INFO [63/750] 559a9afc-44e7-4776-b153-103d08298abf: 39 datasets; 1.5 s; peak memory 123 MiB.
2026-10-09T13:15:35Z INFO [64/750] 58f5f824-8a90-4456-9a47-7253e172669c: 39 datasets; 1.6 s; peak memory 123 MiB.
2026-10-09T13:15:37Z INFO [65/750] 599850d9-24ef-417d-853e-073a6ca47d63: 39 datasets; 1.4 s; peak memory 123 MiB.
2026-10-09T13:15:38Z INFO [66/750] 59993431-0d59-4c74-b825-d49316093fae: 39 datasets; 1.5 s; peak memory 123 MiB.
2026-10-09T13:15:40Z INFO [67/750] 5a04619e-df79-41fc-87ce-fa80dc8236f6: 39 datasets; 1.5 s; peak memory 123 MiB.
2026-10-09T13:15:41Z INFO [68/750] 5a59f92b-7bc3-4989-8d17-60a9007d5f7a: 39 datasets; 1.4 s; peak memory 124 MiB.
2026-10-09T13:15:43Z INFO [69/750] 5be2779f-5bf5-4da1-9907-7b99a3f8279e: 39 datasets; 1.5 s; peak memory 124 MiB.
2026-10-09T13:15:44Z INFO [70/750] 5c273177-d678-4c8c-a86f-a3f2c54b3550: 39 datasets; 1.4 s; peak memory 124 MiB.
2026-10-09T13:15:48Z INFO [71/750] 5d8f5e01-2aa6-40c2-be3e-256a16d08b90: 103 datasets; 3.5 s; peak memory 125 MiB.
2026-10-09T13:15:49Z INFO [72/750] 5d911df1-7b72-4bf3-a3a1-6c159d62b982: 39 datasets; 1.5 s; peak memory 125 MiB.
2026-10-09T13:15:51Z INFO [73/750] 5dc71473-65d9-4e78-950e-b3aa2990923e: 39 datasets; 1.5 s; peak memory 125 MiB.
2026-10-09T13:15:52Z INFO [74/750] 6029e3f0-cbf8-4955-b356-d837efc40e9f: 39 datasets; 1.4 s; peak memory 125 MiB.
2026-10-09T13:15:53Z INFO [75/750] 604cd569-0c27-481f-8b66-123aa6459420: 39 datasets; 1.5 s; peak memory 125 MiB.
2026-10-09T13:15:55Z INFO [76/750] 63eb08cc-f28b-4f9d-a176-43d8447e5e70: 39 datasets; 1.6 s; peak memory 125 MiB.
2026-10-09T13:15:56Z INFO [77/750] 6514d3e9-6278-4c60-9b48-b3aec03013b8: 39 datasets; 1.5 s; peak memory 125 MiB.
2026-10-09T13:15:58Z INFO [78/750] 668f2810-c4c7-4042-bb50-6c5f932711b1: 39 datasets; 1.5 s; peak memory 125 MiB.
2026-10-09T13:15:59Z INFO [79/750] 66eeab5d-09a7-4247-a5d4-2af80eca7daf: 39 datasets; 1.4 s; peak memory 125 MiB.
2026-10-09T13:16:01Z INFO [80/750] 687f986d-524a-40e2-addd-83342cb00f1c: 39 datasets; 1.5 s; peak memory 126 MiB.
2026-10-09T13:16:02Z INFO [81/750] 6992bd6a-a935-49c5-9c0d-32bceaa8740c: 39 datasets; 1.5 s; peak memory 126 MiB.
2026-10-09T13:16:04Z INFO [82/750] 6a8aacf0-89f9-447c-a5fd-b814e3476946: 39 datasets; 1.5 s; peak memory 126 MiB.
2026-10-09T13:16:05Z INFO [83/750] 6c03fb93-f3fc-4132-81d5-0b89cc76f1c2: 39 datasets; 1.5 s; peak memory 126 MiB.
2026-10-09T13:16:07Z INFO [84/750] 6cd6b77c-ce9c-4cbc-a4e6-be9f2349f3d5: 39 datasets; 1.5 s; peak memory 126 MiB.
2026-10-09T13:16:09Z INFO [85/750] 6dd04b99-276d-448a-b8ce-6aee2ffd71bd: 39 datasets; 1.6 s; peak memory 126 MiB.
2026-10-09T13:16:10Z INFO [86/750] 6e194ccd-7603-4eb5-b17d-73e8bf99dc3b: 39 datasets; 1.4 s; peak memory 126 MiB.
2026-10-09T13:16:11Z INFO [87/750] 7253d405-35e2-45ef-95e6-18257185a9fa: 39 datasets; 1.4 s; peak memory 126 MiB.
2026-10-09T13:16:13Z INFO [88/750] 7321efcb-8169-4aab-8aea-ce90c184f4fa: 39 datasets; 1.4 s; peak memory 126 MiB.
2026-10-09T13:16:14Z INFO [89/750] 7369ceed-8af4-4123-8131-13f03deebefc: 39 datasets; 1.5 s; peak memory 126 MiB.
2026-10-09T13:16:16Z INFO [90/750] 74b44cac-1604-4bb9-bc92-287998c04c2e: 39 datasets; 1.4 s; peak memory 126 MiB.
2026-10-09T13:16:17Z INFO [91/750] 763148a9-b424-4ec0-8959-001585e3e7c8: 39 datasets; 1.5 s; peak memory 126 MiB.
2026-10-09T13:16:19Z INFO [92/750] 76cdfa5e-160c-41ea-8c02-8595bec3fd99: 39 datasets; 1.4 s; peak memory 126 MiB.
2026-10-09T13:16:20Z INFO [93/750] 77543c26-5186-48ce-9029-12bf5a4ad9f5: 39 datasets; 1.5 s; peak memory 126 MiB.
2026-10-09T13:16:21Z INFO [94/750] 777c6a1b-66b1-4f6a-92dd-a44518995f4b: 39 datasets; 1.4 s; peak memory 126 MiB.
2026-10-09T13:16:23Z INFO [95/750] 77b33f1d-7aa6-411a-9455-a353bfc0c27a: 39 datasets; 1.4 s; peak memory 126 MiB.
2026-10-09T13:16:24Z INFO [96/750] 7b16ada0-f572-40c7-b556-4b82c509f34c: 39 datasets; 1.6 s; peak memory 126 MiB.
2026-10-09T13:16:26Z INFO [97/750] 7b3ae653-740d-4dc3-8a19-3f5598c3182c: 39 datasets; 1.5 s; peak memory 126 MiB.
2026-10-09T13:16:28Z INFO [98/750] 7c2a1377-b820-4f75-a37d-eda1ae442fcc: 39 datasets; 1.5 s; peak memory 126 MiB.
2026-10-09T13:16:29Z INFO [99/750] 7d395972-9377-410d-9932-a10266544e52: 39 datasets; 1.5 s; peak memory 126 MiB.
2026-10-09T13:16:30Z INFO [100/750] 7f49b836-3180-4983-a951-49711ba860ac: 39 datasets; 1.4 s; peak memory 126 MiB.
2026-10-09T13:16:31Z INFO [100/750] 7f49b836-3180-4983-a951-49711ba860ac: checkpointed 109435 new records.
2026-10-09T13:16:35Z INFO [101/750] 8184e1eb-9737-4a85-867a-bea590e8446a: 186 datasets; 4.3 s; peak memory 131 MiB.
2026-10-09T13:17:29Z INFO [102/750] 818619c4-e49d-4d80-8b8b-bbd2df1cacca: 52 datasets; 54.3 s; peak memory 206 MiB.
2026-10-09T13:17:30Z INFO [103/750] 81868ea0-0f0a-4084-8e7d-b4545acbf23c: 35 datasets; 1.1 s; peak memory 206 MiB.
2026-10-09T13:17:32Z INFO [104/750] 81875a6b-66e9-4204-a496-9ec79a3af1a0: 112 datasets; 1.8 s; peak memory 206 MiB.
2026-10-09T13:17:34Z INFO [105/750] 8187d4bc-a82b-41ea-bab0-e1fe8f501012: 48 datasets; 1.5 s; peak memory 206 MiB.
2026-10-09T13:17:36Z INFO [106/750] 8187f69c-ba4d-46fc-b158-3771e66b7c56: 66 datasets; 2.1 s; peak memory 206 MiB.
2026-10-09T13:17:39Z INFO [107/750] 818823dd-6e4c-436b-af50-70ed04d9b615: 86 datasets; 2.6 s; peak memory 206 MiB.
2026-10-09T13:17:40Z INFO [108/750] 8188d7fa-33fb-4c23-a9b9-b7f782b321ab: 48 datasets; 1.6 s; peak memory 206 MiB.
2026-10-09T13:17:43Z INFO [109/750] 81895270-faf9-46c1-948b-46fc6a3eb7f7: 38 datasets; 3.2 s; peak memory 206 MiB.
2026-10-09T13:17:45Z INFO [110/750] 818a0571-670c-4498-b7da-536fb7aadd73: 48 datasets; 1.6 s; peak memory 206 MiB.
2026-10-09T13:17:46Z INFO [111/750] 818a177c-5e87-4a98-ac43-cc26aad9c73a: 57 datasets; 1.2 s; peak memory 206 MiB.
2026-10-09T13:17:47Z INFO [112/750] 818a3ef2-dd9b-4f83-baa7-0106baab5ceb: 51 datasets; 1.3 s; peak memory 206 MiB.
2026-10-09T13:17:49Z INFO [113/750] 818aba59-6d54-4093-919f-7698ea483e3b: 66 datasets; 2.0 s; peak memory 206 MiB.
2026-10-09T13:17:58Z INFO [114/750] 818b900f-5391-4b3d-af85-d42da8aa1f0c: 538 datasets; 8.1 s; peak memory 206 MiB.
2026-10-09T13:17:59Z INFO [115/750] 818c9522-93a3-4069-a4af-f30b861c56ae: 52 datasets; 1.7 s; peak memory 206 MiB.
2026-10-09T13:18:01Z INFO [116/750] 818cf1d5-3b22-4337-b757-46d6850d7936: 112 datasets; 2.0 s; peak memory 206 MiB.
2026-10-09T13:18:04Z INFO [117/750] 818d2449-4be9-4c06-a0af-18b27e35cfc0: 71 datasets; 2.4 s; peak memory 206 MiB.
2026-10-09T13:18:10Z INFO [118/750] 818d5c38-c714-48f5-9979-8c25abe4378d: 225 datasets; 6.8 s; peak memory 206 MiB.
2026-10-09T13:18:12Z INFO [119/750] 818d6b2f-51e0-4fa8-b0fc-8fb8e3cb76d2: 46 datasets; 1.4 s; peak memory 206 MiB.
2026-10-09T13:18:13Z INFO [120/750] 818ddb09-526e-429b-bf75-9fdf752647b7: 52 datasets; 1.3 s; peak memory 206 MiB.
2026-10-09T13:18:15Z INFO [121/750] 818dfe7f-a038-4ea7-9add-75af8f5153ad: 68 datasets; 1.5 s; peak memory 206 MiB.
2026-10-09T13:18:19Z INFO [122/750] 818f5257-627d-4255-8ee3-0bb1edf35077: 188 datasets; 4.7 s; peak memory 206 MiB.
2026-10-09T13:18:21Z INFO [123/750] 818fcc69-8c0f-455e-9f36-63571cfd37e0: 289 datasets; 2.2 s; peak memory 206 MiB.
2026-10-09T13:18:24Z INFO [124/750] 818fef6e-b4a2-44f3-bf17-a09bda9e56e5: 71 datasets; 2.6 s; peak memory 206 MiB.
2026-10-09T13:18:26Z INFO [125/750] 81900be0-b5ea-4758-93bc-abb9f5943c87: 118 datasets; 1.8 s; peak memory 206 MiB.
2026-10-09T13:18:27Z INFO [126/750] 8190854d-6169-4600-8e3e-181ccffdf010: 48 datasets; 1.5 s; peak memory 206 MiB.
2026-10-09T13:18:29Z INFO [127/750] 8190afea-ff3a-463c-b39c-7223e9dd9d2c: 49 datasets; 1.2 s; peak memory 206 MiB.
2026-10-09T13:18:42Z INFO [128/750] 8192d301-6cac-48cb-802c-9e4b81fc2d62: 325 datasets; 13.7 s; peak memory 206 MiB.
2026-10-09T13:18:56Z INFO [129/750] 8193eef3-eee6-439e-87cc-66f955573aa3: 282 datasets; 14.0 s; peak memory 206 MiB.
2026-10-09T13:18:59Z INFO [130/750] 819428f0-40d5-4043-ac8c-b032494e52c9: 131 datasets; 2.3 s; peak memory 206 MiB.
2026-10-09T13:19:03Z INFO [131/750] 81948ffd-b643-4723-850b-120a84bbba15: 179 datasets; 4.3 s; peak memory 206 MiB.
2026-10-09T13:19:05Z INFO [132/750] 81949afb-4a67-430f-8fbb-b06f98faf3ba: 39 datasets; 1.7 s; peak memory 206 MiB.
2026-10-09T13:19:06Z INFO [133/750] 8194b50b-7cc7-4176-a530-124d1537974e: 46 datasets; 1.1 s; peak memory 206 MiB.
2026-10-09T13:19:07Z INFO [134/750] 8195509a-4e35-4a77-b0c0-13c1261a1110: 65 datasets; 1.5 s; peak memory 206 MiB.
2026-10-09T13:19:14Z INFO [135/750] 8195ab51-c57e-4f8b-881f-0cdefce76eaa: 458 datasets; 7.0 s; peak memory 206 MiB.
2026-10-09T13:19:16Z INFO [136/750] 8198b66e-a9de-4528-9d2c-e31c8e52f805: 112 datasets; 1.7 s; peak memory 206 MiB.
2026-10-09T13:19:18Z INFO [137/750] 8198eabe-ca6e-4312-9531-9f10890e8478: 62 datasets; 1.8 s; peak memory 206 MiB.
2026-10-09T13:19:34Z INFO [138/750] 8198eda5-c0f6-4943-900e-ba0ab3dfd77a: 49 datasets; 16.4 s; peak memory 206 MiB.
2026-10-09T13:19:36Z INFO [139/750] 81996091-d785-4d1a-9529-57587ddb8f1f: 77 datasets; 1.6 s; peak memory 206 MiB.
2026-10-09T13:19:37Z INFO [140/750] 81997b9a-23ff-4f32-873d-9fd4e1e484ea: 58 datasets; 1.1 s; peak memory 206 MiB.
2026-10-09T13:19:40Z INFO [141/750] 819a5d36-4b44-4448-8622-8564c8de0a53: 114 datasets; 3.3 s; peak memory 206 MiB.
2026-10-09T13:19:42Z INFO [142/750] 819c06b5-b31e-4785-978c-008463c84382: 112 datasets; 1.6 s; peak memory 206 MiB.
2026-10-09T13:19:43Z INFO [143/750] 819caf06-0052-4499-9e95-6e66210098bf: 46 datasets; 1.1 s; peak memory 206 MiB.
2026-10-09T13:19:45Z INFO [144/750] 819cd391-8de5-449d-9eb9-5e8aafde5d2b: 117 datasets; 2.0 s; peak memory 206 MiB.
2026-10-09T13:19:47Z INFO [145/750] 819eca26-97c4-4f3b-8755-8646edd0264c: 118 datasets; 1.7 s; peak memory 206 MiB.
2026-10-09T13:19:51Z INFO [146/750] 819f02bf-dd44-45c4-ab06-7ec44d63de48: 156 datasets; 4.0 s; peak memory 206 MiB.
2026-10-09T13:19:52Z INFO [147/750] 819f2b2a-0d11-460a-a56a-6f13f1343974: 62 datasets; 1.5 s; peak memory 206 MiB.
2026-10-09T13:19:53Z INFO [148/750] 819f3b93-ba4f-432b-bf5e-579876b52853: 46 datasets; 1.1 s; peak memory 206 MiB.
2026-10-09T13:24:28Z INFO [149/750] 819fcac8-63da-4602-bb62-74c0b64f50ef: 250 datasets; 274.9 s; peak memory 408 MiB.
2026-10-09T13:24:30Z INFO [150/750] 81a0a839-9e34-428b-9066-239eb223826f: 46 datasets; 1.7 s; peak memory 408 MiB.
2026-10-09T13:24:30Z INFO [150/750] 81a0a839-9e34-428b-9066-239eb223826f: checkpointed 109485 new records.
2026-10-09T13:24:32Z INFO [151/750] 81a0d474-07cb-493e-99da-0db6fd3dac06: 48 datasets; 1.6 s; peak memory 408 MiB.
2026-10-09T13:27:18Z INFO [152/750] 81a1193e-9b56-4439-87c2-04278a5dac8f: 433 datasets; 166.9 s; peak memory 408 MiB.
2026-10-09T13:27:22Z INFO [153/750] 81a1dbfd-a092-4c92-940d-e2ec6cee17c6: 115 datasets; 3.6 s; peak memory 408 MiB.
2026-10-09T13:27:24Z INFO [154/750] 81a2b0f6-ad54-4307-b38e-317f60455269: 48 datasets; 1.6 s; peak memory 408 MiB.
2026-10-09T13:27:25Z INFO [155/750] 81a3608b-2abf-425f-ba0a-f5caf1ba0887: 48 datasets; 1.5 s; peak memory 408 MiB.
2026-10-09T13:27:33Z INFO [156/750] 81a3f1d7-2fa2-4839-9ec8-092bb58b643f: 193 datasets; 7.9 s; peak memory 408 MiB.
2026-10-09T13:27:34Z INFO [157/750] 81a405ab-a22c-407c-8012-b1a2e7626448: 43 datasets; 1.4 s; peak memory 408 MiB.
2026-10-09T13:27:36Z INFO [158/750] 81a4649f-7042-4aac-a251-353e1def6b09: 54 datasets; 1.2 s; peak memory 408 MiB.
2026-10-09T13:27:38Z INFO [159/750] 81a55ed0-793a-4750-9bef-f8484a0c8e3b: 117 datasets; 2.2 s; peak memory 408 MiB.
2026-10-09T13:27:40Z INFO [160/750] 81a6249c-35d5-47bf-a68c-7011ef888834: 71 datasets; 2.6 s; peak memory 408 MiB.
2026-10-09T13:27:42Z INFO [161/750] 81a6f114-d092-4667-a3b0-514b2209616f: 48 datasets; 1.5 s; peak memory 408 MiB.
2026-10-09T13:27:44Z INFO [162/750] 81a6f696-6043-4df5-928b-3edc8ef40686: 48 datasets; 1.6 s; peak memory 408 MiB.
2026-10-09T13:27:47Z INFO [163/750] 81a6fe41-f881-4cdd-9209-81360019bee1: 114 datasets; 3.4 s; peak memory 408 MiB.
2026-10-09T13:28:09Z INFO [164/750] 81a733c1-bdf2-4929-92a0-54988fad9078: 310 datasets; 22.4 s; peak memory 408 MiB.
2026-10-09T13:28:11Z INFO [165/750] 81a796e7-fe8a-440c-b9dd-1f43c8f91c50: 46 datasets; 1.3 s; peak memory 408 MiB.
2026-10-09T13:28:12Z INFO [166/750] 81a7b1a9-d1d1-41d8-8ddb-49f89b4f7800: 116 datasets; 1.8 s; peak memory 408 MiB.
2026-10-09T13:28:15Z INFO [167/750] 81a8f5cd-f8d9-45b3-95c8-9aa3c02bb3d8: 71 datasets; 2.5 s; peak memory 408 MiB.
2026-10-09T13:28:18Z INFO [168/750] 81abc771-9c3e-4e17-bfe8-56d6c957c026: 118 datasets; 2.8 s; peak memory 408 MiB.
2026-10-09T13:28:20Z INFO [169/750] 81ac20fc-8b0b-4f90-9831-010cf3d11690: 116 datasets; 1.9 s; peak memory 408 MiB.
2026-10-09T13:28:22Z INFO [170/750] 81ac934c-fd97-461a-8201-54e9a98c4f1a: 113 datasets; 2.1 s; peak memory 408 MiB.
2026-10-09T13:28:32Z INFO [171/750] 81ad207b-e4fe-4c52-8811-62cbb56f22fb: 266 datasets; 10.1 s; peak memory 408 MiB.
2026-10-09T13:28:38Z INFO [172/750] 81adb7bb-a43f-4d70-bfa2-d9ec69982d03: 324 datasets; 6.6 s; peak memory 408 MiB.
2026-10-09T13:28:46Z INFO [173/750] 81ae8844-5bb6-4888-bbc4-a2120ca7b3e3: 117 datasets; 7.7 s; peak memory 408 MiB.
2026-10-09T13:28:48Z INFO [174/750] 81ae960f-96b6-48f2-a0d4-b3d29cbc5c5f: 66 datasets; 2.1 s; peak memory 408 MiB.
2026-10-09T13:28:50Z INFO [175/750] 81aed060-0eaa-4355-8a8c-06b6ceb9667a: 64 datasets; 1.6 s; peak memory 408 MiB.
2026-10-09T13:28:53Z INFO [176/750] 81af0d4d-fdf7-4d79-82dd-4609f414ac3f: 119 datasets; 2.9 s; peak memory 408 MiB.
2026-10-09T13:28:55Z INFO [177/750] 81af22aa-c62a-4d06-9eb5-947c11cdf2f5: 47 datasets; 2.2 s; peak memory 408 MiB.
2026-10-09T13:29:15Z INFO [178/750] 81aff87d-ae21-4863-8132-3262967721c3: 41 datasets; 19.6 s; peak memory 408 MiB.
2026-10-09T13:29:17Z INFO [179/750] 81b04ac6-03af-4fec-b951-46631ec82be6: 117 datasets; 1.8 s; peak memory 408 MiB.
2026-10-09T13:29:18Z INFO [180/750] 81b061de-471b-4fb4-9d3d-2ad4abe7ec67: 48 datasets; 1.4 s; peak memory 408 MiB.
2026-10-09T13:29:19Z INFO [181/750] 81b0ac0f-bbf1-4cd9-a163-dcd26c39f134: 48 datasets; 1.5 s; peak memory 408 MiB.
2026-10-09T13:29:22Z INFO [182/750] 81b11a72-bad7-4295-84d8-c9e6ad84cf95: 155 datasets; 2.8 s; peak memory 408 MiB.
2026-10-09T13:29:23Z INFO [183/750] 81b27acf-0fc7-4021-8500-d994e91db11b: 52 datasets; 1.2 s; peak memory 408 MiB.
2026-10-09T13:29:27Z INFO [184/750] 81b2800e-1569-4fee-af9c-82dd076128e2: 98 datasets; 3.3 s; peak memory 408 MiB.
2026-10-09T13:29:28Z INFO [185/750] 81b2a670-7004-43d0-9832-7d3f0f43be0e: 46 datasets; 1.4 s; peak memory 408 MiB.
2026-10-09T13:29:30Z INFO [186/750] 81b2adc7-27f0-464f-8651-59e99a6a97b8: 71 datasets; 2.3 s; peak memory 408 MiB.
2026-10-09T13:29:32Z INFO [187/750] 81b2f4af-36cb-43ca-b661-d306b192c3fa: 117 datasets; 1.7 s; peak memory 408 MiB.
2026-10-09T13:29:34Z INFO [188/750] 81b31bb2-d6dd-47b5-ad51-c08993fa8335: 112 datasets; 2.2 s; peak memory 408 MiB.
2026-10-09T13:29:38Z INFO [189/750] 81b3bd67-2fa8-468e-99b1-5648ead8c184: 156 datasets; 4.0 s; peak memory 408 MiB.
2026-10-09T13:29:40Z INFO [190/750] 81b3e11c-d7fd-4890-bce8-4d54828eebbb: 48 datasets; 1.4 s; peak memory 408 MiB.
2026-10-09T13:29:42Z INFO [191/750] 81b3fd9b-f11b-4a03-bafb-ed0c5ac8e81e: 69 datasets; 2.0 s; peak memory 408 MiB.
2026-10-09T13:29:43Z INFO [192/750] 81b5f2c2-ab95-41b5-a095-3ed76a1d6581: 78 datasets; 1.8 s; peak memory 408 MiB.
2026-10-09T13:29:45Z INFO [193/750] 81b65f0d-d47e-4248-960e-81c2c279a191: 48 datasets; 1.4 s; peak memory 408 MiB.
2026-10-09T13:29:48Z INFO [194/750] 81b6acad-24a5-4c42-ad64-cca24eb99810: 38 datasets; 2.9 s; peak memory 408 MiB.
2026-10-09T13:30:07Z INFO [195/750] 81b6ed4d-b04b-48d4-8d14-1c09f84a20e6: 1032 datasets; 19.3 s; peak memory 408 MiB.
2026-10-09T13:30:08Z INFO [196/750] 81b6f1d6-aa3d-4d3e-bfaf-035108f9408c: 46 datasets; 1.4 s; peak memory 408 MiB.
2026-10-09T13:30:10Z INFO [197/750] 81b739b7-c3c1-4cdd-ab54-c4d8710a5825: 50 datasets; 1.2 s; peak memory 408 MiB.
2026-10-09T13:30:12Z INFO [198/750] 81b87828-36b4-4290-8f70-0a612ba94297: 69 datasets; 2.1 s; peak memory 408 MiB.
2026-10-09T13:30:14Z INFO [199/750] 81b95d05-63db-4058-aae6-daacb8a0b7f1: 117 datasets; 1.8 s; peak memory 408 MiB.
2026-10-09T13:30:16Z INFO [200/750] 81b98c14-f5eb-4560-b882-2ecd666627cd: 47 datasets; 2.1 s; peak memory 408 MiB.
2026-10-09T13:30:16Z INFO [200/750] 81b98c14-f5eb-4560-b882-2ecd666627cd: checkpointed 109535 new records.
2026-10-09T13:30:17Z INFO [201/750] 81bad6df-68c4-45d6-8069-64c085db6491: 52 datasets; 1.5 s; peak memory 408 MiB.
2026-10-09T13:30:19Z INFO [202/750] 81bb37d2-4921-4e22-8b43-feedf84fbbd6: 117 datasets; 2.1 s; peak memory 408 MiB.
2026-10-09T13:30:21Z INFO [203/750] 81bb7fa3-3675-40ba-9d33-ee73d5d89606: 41 datasets; 1.4 s; peak memory 408 MiB.
2026-10-09T13:30:22Z INFO [204/750] 81bbd268-8f95-4f88-a65c-e9f8943f3275: 46 datasets; 1.2 s; peak memory 408 MiB.
2026-10-09T13:30:24Z INFO [205/750] 81bca9f7-145b-410d-9e2a-ffa368726674: 84 datasets; 1.8 s; peak memory 408 MiB.
2026-10-09T13:30:26Z INFO [206/750] 81bcd696-f44d-4146-8d27-27a7c792d2d5: 71 datasets; 2.5 s; peak memory 408 MiB.
2026-10-09T13:30:28Z INFO [207/750] 81bd7e97-011b-43ea-beba-45f7d92788d7: 48 datasets; 1.5 s; peak memory 408 MiB.
2026-10-09T13:30:29Z INFO [208/750] 81bdf459-7bae-42af-9ef7-a9a787d0c930: 35 datasets; 1.2 s; peak memory 408 MiB.
2026-10-09T13:30:31Z INFO [209/750] 81be03eb-96c6-42ea-89b1-4af7ce865dd2: 48 datasets; 1.7 s; peak memory 408 MiB.
2026-10-09T13:30:33Z INFO [210/750] 81be415b-c4ae-44c1-9c78-d2efa4edcc87: 66 datasets; 2.1 s; peak memory 408 MiB.
2026-10-09T13:30:35Z INFO [211/750] 81be8391-33a6-4608-b872-9bb48b5b5d7b: 109 datasets; 2.2 s; peak memory 408 MiB.
2026-10-09T13:30:37Z INFO [212/750] 81bedfb7-c218-4196-8a88-38739fcd3c5c: 48 datasets; 1.4 s; peak memory 408 MiB.
2026-10-09T13:30:38Z INFO [213/750] 81bf6779-7435-4c98-be89-72168de4417a: 52 datasets; 1.6 s; peak memory 408 MiB.
2026-10-09T13:30:40Z INFO [214/750] 81c1ad61-4826-4664-9db7-a25c1eb4eeca: 107 datasets; 1.6 s; peak memory 408 MiB.
2026-10-09T13:30:41Z INFO [215/750] 81c202ed-b512-48ec-af35-4be4aac1a6ec: 48 datasets; 1.5 s; peak memory 408 MiB.
2026-10-09T13:31:40Z INFO [216/750] 81c2b893-fc86-4c22-93cf-ed5892b74203: 52 datasets; 58.9 s; peak memory 408 MiB.
2026-10-09T13:31:45Z INFO [217/750] 81c324dd-f84b-49d9-bae2-563d4a0e0bcc: 316 datasets; 4.7 s; peak memory 408 MiB.
2026-10-09T13:31:47Z INFO [218/750] 81c36005-da47-4498-905e-5b49a5db3345: 69 datasets; 1.9 s; peak memory 408 MiB.
2026-10-09T13:31:50Z INFO [219/750] 81c3792f-9ffa-4ace-aeed-54a87423c0a9: 118 datasets; 3.0 s; peak memory 408 MiB.
2026-10-09T13:31:51Z INFO [220/750] 81c4194a-fe4c-4038-9488-dca380810d46: 46 datasets; 1.2 s; peak memory 408 MiB.
2026-10-09T13:31:53Z INFO [221/750] 81c42129-28d4-4d0c-bf79-e9e3de87c6d4: 62 datasets; 1.8 s; peak memory 408 MiB.
2026-10-09T13:31:55Z INFO [222/750] 81c43a2b-2b41-4d3e-abf7-5a8f58091e85: 112 datasets; 2.3 s; peak memory 408 MiB.
2026-10-09T13:31:57Z INFO [223/750] 81c63e32-2d25-4d0f-a89d-05261ac4787f: 46 datasets; 2.0 s; peak memory 408 MiB.
2026-10-09T13:31:59Z INFO [224/750] 81c67b8e-349c-4639-bd7f-4da81e5235a2: 46 datasets; 1.3 s; peak memory 408 MiB.
2026-10-09T13:32:00Z INFO [225/750] 81c68c32-0d90-4394-80b0-4edf541f01a6: 76 datasets; 1.5 s; peak memory 408 MiB.
2026-10-09T13:32:02Z INFO [226/750] 81c69bf7-a819-4336-9f09-a4f2b7587d78: 39 datasets; 1.5 s; peak memory 408 MiB.
2026-10-09T13:32:17Z INFO [227/750] 81c6a627-e9ad-42b5-a265-1e9f2d2aa021: 1023 datasets; 15.2 s; peak memory 408 MiB.
2026-10-09T13:32:18Z INFO [228/750] 81c6ca51-24ea-4cbc-8c0a-c4383a84749c: 56 datasets; 1.3 s; peak memory 408 MiB.
2026-10-09T13:32:20Z INFO [229/750] 81c77d45-448c-42f4-8dd7-381873c4c82b: 48 datasets; 1.5 s; peak memory 408 MiB.
2026-10-09T13:32:21Z INFO [230/750] 81c795ab-fed2-45c1-bf3c-5e9e1cb39fe5: 48 datasets; 1.5 s; peak memory 408 MiB.
2026-10-09T13:32:23Z INFO [231/750] 81c7d1b0-9005-4017-ae46-b68ba0850759: 48 datasets; 1.5 s; peak memory 408 MiB.
2026-10-09T13:32:24Z INFO [232/750] 81c87b25-4da4-4727-8b49-233abbb6a9ff: 48 datasets; 1.7 s; peak memory 408 MiB.
2026-10-09T13:32:26Z INFO [233/750] 81c8a4cb-ac35-4648-b2f9-3064e992d614: 72 datasets; 1.7 s; peak memory 408 MiB.
2026-10-09T13:32:28Z INFO [234/750] 81c9b213-3ae9-47fe-90cd-17c9607b5147: 261 datasets; 2.2 s; peak memory 408 MiB.
2026-10-09T13:32:30Z INFO [235/750] 81cb3c69-7e43-4b38-b293-65512ed932c4: 48 datasets; 1.4 s; peak memory 408 MiB.
2026-10-09T13:32:32Z INFO [236/750] 81cb8a1b-8a6a-4417-9a46-4261cf6d5383: 158 datasets; 2.8 s; peak memory 408 MiB.
2026-10-09T13:32:35Z INFO [237/750] 81cb8a9c-d0dc-4ed6-af76-d9283a16195e: 78 datasets; 2.4 s; peak memory 408 MiB.
2026-10-09T13:32:37Z INFO [238/750] 81ccecc7-9336-4c72-8215-644756711f31: 53 datasets; 1.9 s; peak memory 408 MiB.
2026-10-09T13:32:38Z INFO [239/750] 81cd1702-24ac-4de8-82a7-edb840d44e22: 46 datasets; 1.2 s; peak memory 408 MiB.
2026-10-09T13:32:40Z INFO [240/750] 81cd9b5b-54d7-4af5-b7e9-c9fda855c345: 110 datasets; 1.9 s; peak memory 408 MiB.
2026-10-09T13:32:42Z INFO [241/750] 81cfae67-9bb1-4df9-8a13-7458e28badc1: 71 datasets; 2.2 s; peak memory 408 MiB.
2026-10-09T13:33:08Z INFO [242/750] 81cfcf0d-38c8-463e-8e5d-7d1655d6a348: 36 datasets; 26.4 s; peak memory 408 MiB.
2026-10-09T13:33:10Z INFO [243/750] 81d07646-b2e6-4a4a-b406-2b84896cbe6d: 51 datasets; 1.8 s; peak memory 408 MiB.
2026-10-09T13:33:12Z INFO [244/750] 81d0d8e5-485a-49da-803f-aaa06a4c013c: 56 datasets; 1.3 s; peak memory 408 MiB.
2026-10-09T13:33:13Z INFO [245/750] 81d178dd-1bcd-4390-9ce2-4c672bffbd65: 48 datasets; 1.5 s; peak memory 408 MiB.
2026-10-09T13:33:15Z INFO [246/750] 81d20bfa-7b97-49bd-adba-fb87e719dc74: 132 datasets; 1.8 s; peak memory 408 MiB.
2026-10-09T13:33:16Z INFO [247/750] 81d3eca6-be68-4be6-b04c-7c022a95b041: 118 datasets; 1.7 s; peak memory 408 MiB.
2026-10-09T13:33:18Z INFO [248/750] 81d4e6a2-fd3d-432e-8e51-81048027f30e: 66 datasets; 1.9 s; peak memory 408 MiB.
2026-10-09T13:33:20Z INFO [249/750] 81d60fe4-1896-4da9-900e-78210b525c63: 118 datasets; 1.7 s; peak memory 408 MiB.
2026-10-09T13:33:23Z INFO [250/750] 81d8d97a-c553-468c-ad93-d3dda12190d2: 38 datasets; 2.9 s; peak memory 408 MiB.
2026-10-09T13:33:23Z INFO [250/750] 81d8d97a-c553-468c-ad93-d3dda12190d2: checkpointed 109585 new records.
2026-10-09T13:33:25Z INFO [251/750] 81d922ab-e31d-47cc-88f0-c1cae9557c16: 112 datasets; 2.1 s; peak memory 408 MiB.
2026-10-09T13:33:28Z INFO [252/750] 81da06e0-ccb4-4f34-9f75-8e57b53b4390: 119 datasets; 2.8 s; peak memory 408 MiB.
2026-10-09T13:33:30Z INFO [253/750] 81da6793-6c64-444b-b950-c763478ac369: 69 datasets; 2.1 s; peak memory 408 MiB.
2026-10-09T13:33:32Z INFO [254/750] 81da9408-5244-4490-b07a-a42dc3dc2430: 117 datasets; 1.7 s; peak memory 408 MiB.
2026-10-09T13:33:35Z INFO [255/750] 81db9917-9aa3-4a5e-8b32-1d0f28c61a0a: 66 datasets; 2.7 s; peak memory 408 MiB.
2026-10-09T13:33:36Z INFO [256/750] 81dbc42e-3171-4699-95c6-9620aab96d94: 77 datasets; 1.7 s; peak memory 408 MiB.
2026-10-09T13:33:42Z INFO [257/750] 81dbf1a4-5892-4d6e-8dcf-2f6beddf0b2c: 344 datasets; 5.3 s; peak memory 408 MiB.
2026-10-09T13:33:43Z INFO [258/750] 81dc2928-2b8d-4ec9-9328-4be2597c3c02: 66 datasets; 1.9 s; peak memory 408 MiB.
2026-10-09T13:33:57Z INFO [259/750] 81dd1bb1-997c-4211-935c-c3501178324c: 1078 datasets; 13.2 s; peak memory 408 MiB.
2026-10-09T13:34:17Z INFO [260/750] 81dd4301-0ca7-4681-9bb7-563d4fa9e315: 919 datasets; 20.1 s; peak memory 408 MiB.
2026-10-09T13:34:18Z INFO [261/750] 81dfe6d9-631c-4c26-b8af-59e9b9cd78db: 38 datasets; 1.4 s; peak memory 408 MiB.
2026-10-09T13:34:20Z INFO [262/750] 81dfe93c-89c7-4f14-a342-96c0c011a765: 35 datasets; 1.6 s; peak memory 408 MiB.
2026-10-09T13:34:28Z INFO [263/750] 81e09aa8-20ad-4ec9-b2d0-41bed029e3d4: 49 datasets; 8.3 s; peak memory 408 MiB.
2026-10-09T13:34:29Z INFO [264/750] 81e0f852-126b-4882-a3b0-4af14aa41ae4: 41 datasets; 1.3 s; peak memory 408 MiB.
2026-10-09T13:34:31Z INFO [265/750] 81e2669a-1ba4-4dab-8752-7fe2c6a4edf7: 48 datasets; 1.6 s; peak memory 408 MiB.
2026-10-09T13:34:33Z INFO [266/750] 81e2ecd1-9d90-4684-abe1-2cc49016f1c1: 48 datasets; 1.5 s; peak memory 408 MiB.
2026-10-09T13:34:34Z INFO [267/750] 81e31713-c3ce-4b3b-a564-c410021d442f: 48 datasets; 1.5 s; peak memory 408 MiB.
2026-10-09T13:34:48Z INFO [268/750] 81e3e0f8-1b53-4a5b-b370-fbff0240e732: 949 datasets; 14.2 s; peak memory 408 MiB.
2026-10-09T13:34:52Z INFO [269/750] 81e4adb6-ebe1-494b-ac82-db695890e5d0: 70 datasets; 3.3 s; peak memory 408 MiB.
2026-10-09T13:34:55Z INFO [270/750] 81e50248-9050-4199-a348-c91f761da4e4: 118 datasets; 3.7 s; peak memory 408 MiB.
2026-10-09T13:34:57Z INFO [271/750] 81e5f498-93fc-45f1-b9a3-8c80c6c0aea5: 117 datasets; 1.8 s; peak memory 408 MiB.
2026-10-09T13:34:59Z INFO [272/750] 81e61470-1c7f-408c-9740-022c562ea6f2: 47 datasets; 2.2 s; peak memory 408 MiB.
2026-10-09T13:35:01Z INFO [273/750] 81e64188-e454-412e-964f-6d1597d754f3: 117 datasets; 1.7 s; peak memory 408 MiB.
2026-10-09T13:35:04Z INFO [274/750] 81e71b52-846a-4ac3-99cc-76b39ccc4524: 83 datasets; 2.9 s; peak memory 408 MiB.
2026-10-09T13:35:07Z INFO [275/750] 81e7490f-1393-4938-84a0-395d2a46f4c1: 118 datasets; 3.4 s; peak memory 408 MiB.
2026-10-09T13:35:09Z INFO [276/750] 81e7f9bb-3354-492b-ab53-df9dbdc0e93a: 114 datasets; 1.9 s; peak memory 408 MiB.
2026-10-09T13:35:22Z INFO [277/750] 81e81a02-794e-468e-b75d-c5406dff2459: 396 datasets; 12.9 s; peak memory 408 MiB.
2026-10-09T13:35:25Z INFO [278/750] 81e825ad-9211-466e-92f5-1952d6d52bf9: 38 datasets; 3.0 s; peak memory 408 MiB.
2026-10-09T13:35:27Z INFO [279/750] 81e85b41-bfff-4200-a960-c1d92954a97c: 112 datasets; 2.0 s; peak memory 408 MiB.
2026-10-09T13:35:29Z INFO [280/750] 81e86a2c-b6d5-4c92-9161-343386761aab: 48 datasets; 1.5 s; peak memory 408 MiB.
2026-10-09T13:35:30Z INFO [281/750] 81e89475-56b0-4619-9db7-98a11ec2cb0e: 48 datasets; 1.5 s; peak memory 408 MiB.
2026-10-09T13:35:39Z INFO [282/750] 81e8caaa-764e-4079-b118-cec4951ba958: 759 datasets; 9.0 s; peak memory 408 MiB.
2026-10-09T13:35:41Z INFO [283/750] 81e94810-831e-4e80-befa-37d2a2395e07: 116 datasets; 1.6 s; peak memory 408 MiB.
2026-10-09T13:35:43Z INFO [284/750] 81e96c75-4395-4577-9d24-a746f17039a6: 117 datasets; 1.8 s; peak memory 408 MiB.
2026-10-09T13:35:44Z INFO [285/750] 81e9795b-9acd-4e60-ba87-aea1670eafae: 48 datasets; 1.5 s; peak memory 408 MiB.
2026-10-09T13:35:46Z INFO [286/750] 81ea2014-6773-4d0f-ae23-d5727a04d410: 117 datasets; 1.7 s; peak memory 408 MiB.
2026-10-09T13:35:48Z INFO [287/750] 81eb4f0e-57f8-489e-8733-fd336455c86a: 67 datasets; 2.0 s; peak memory 408 MiB.
2026-10-09T13:35:56Z INFO [288/750] 81ebbdfd-856d-469a-a001-6510434345aa: 568 datasets; 8.5 s; peak memory 408 MiB.
2026-10-09T13:36:03Z INFO [289/750] 81ec4755-b589-4970-af90-068176f4adbf: 225 datasets; 6.8 s; peak memory 408 MiB.
2026-10-09T13:36:05Z INFO [290/750] 81ecbafb-00e4-4424-8c3c-e4e148f19526: 102 datasets; 2.3 s; peak memory 408 MiB.
2026-10-09T13:36:07Z INFO [291/750] 81ecbfd4-4826-4b7c-a7a8-17bbab666936: 48 datasets; 1.5 s; peak memory 408 MiB.
2026-10-09T13:36:10Z INFO [292/750] 81ecc66c-1254-4a8b-bdc1-fc18e87e9724: 186 datasets; 3.6 s; peak memory 408 MiB.
2026-10-09T13:36:12Z INFO [293/750] 81ecf2f7-b006-4c5d-abf3-f67b55702c38: 48 datasets; 1.5 s; peak memory 408 MiB.
2026-10-09T13:36:14Z INFO [294/750] 81eedd08-4c47-460c-94e6-c99f19309b0a: 112 datasets; 2.0 s; peak memory 408 MiB.
2026-10-09T13:36:15Z INFO [295/750] 81eee0f4-67e6-403e-921d-0541ed48efc0: 46 datasets; 1.4 s; peak memory 408 MiB.
2026-10-09T13:37:01Z INFO [296/750] 81ef0096-213e-4860-9662-210e509e5853: 185 datasets; 45.8 s; peak memory 408 MiB.
2026-10-09T13:37:18Z INFO [297/750] 81ef20b5-887e-488c-aad6-39252f035551: 257 datasets; 17.0 s; peak memory 408 MiB.
2026-10-09T13:37:20Z INFO [298/750] 81ef71a2-53d7-4c15-bdd9-e75895ed7fde: 117 datasets; 1.8 s; peak memory 408 MiB.
2026-10-09T13:37:22Z INFO [299/750] 81efc24d-7664-4cc0-b3e2-55a8f11dd9b8: 69 datasets; 2.0 s; peak memory 408 MiB.
2026-10-09T13:37:24Z INFO [300/750] 81f01392-394e-4c25-9018-870b9298cfff: 112 datasets; 2.2 s; peak memory 408 MiB.
2026-10-09T13:37:24Z INFO [300/750] 81f01392-394e-4c25-9018-870b9298cfff: checkpointed 109635 new records.
2026-10-09T13:37:26Z INFO [301/750] 81f01b21-9ace-4b48-b401-d9f49c986611: 76 datasets; 2.0 s; peak memory 408 MiB.
2026-10-09T13:37:28Z INFO [302/750] 81f048f4-ea3b-4705-a4e9-4172c9884f2a: 48 datasets; 1.5 s; peak memory 408 MiB.
2026-10-09T13:37:45Z INFO [303/750] 81f0c56b-8aa0-4b8e-b22e-bbc779497395: 902 datasets; 16.9 s; peak memory 408 MiB.
2026-10-09T13:37:46Z INFO [304/750] 81f0f389-d68f-45b1-b304-735a4466d115: 48 datasets; 1.6 s; peak memory 408 MiB.
2026-10-09T13:37:49Z INFO [305/750] 81f17db1-8f21-4a8e-a0b1-66e355399b23: 64 datasets; 3.0 s; peak memory 408 MiB.
2026-10-09T13:37:53Z INFO [306/750] 81f1e4ac-3787-498e-9bca-86f66621b598: 115 datasets; 3.4 s; peak memory 408 MiB.
2026-10-09T13:37:56Z INFO [307/750] 81f20775-1778-49ac-918c-0657c1138324: 138 datasets; 3.6 s; peak memory 408 MiB.
2026-10-09T13:37:59Z INFO [308/750] 81f23245-32b8-44f6-8c85-88ca71c409c8: 98 datasets; 2.8 s; peak memory 408 MiB.
2026-10-09T13:38:01Z INFO [309/750] 81f24846-0549-45b4-ae6d-122e379adf3f: 69 datasets; 2.2 s; peak memory 408 MiB.
2026-10-09T13:38:03Z INFO [310/750] 81f24b6d-3269-49c1-8607-85e2db7f01d1: 43 datasets; 1.5 s; peak memory 408 MiB.
2026-10-09T13:38:04Z INFO [311/750] 81f2a0a3-6151-41be-aac5-b299c83aa7ca: 46 datasets; 1.2 s; peak memory 408 MiB.
2026-10-09T13:38:09Z INFO [312/750] 81f3fa67-3a97-428e-ab0a-ba8637886247: 79 datasets; 5.6 s; peak memory 408 MiB.
2026-10-09T13:38:11Z INFO [313/750] 81f5bd9f-dd94-4218-93c1-4dbff5188d39: 52 datasets; 1.2 s; peak memory 408 MiB.
2026-10-09T13:38:12Z INFO [314/750] 81f61acf-f37c-484d-bf7e-77e06ebc27a7: 68 datasets; 1.5 s; peak memory 408 MiB.
2026-10-09T13:38:14Z INFO [315/750] 81f74732-e20b-463b-9355-b33a029222c5: 112 datasets; 2.0 s; peak memory 408 MiB.
2026-10-09T13:38:31Z INFO [316/750] 81f8161f-e967-4344-b803-773bf256cf84: 1314 datasets; 16.7 s; peak memory 408 MiB.
2026-10-09T13:38:54Z INFO [317/750] 81f84d7f-9d62-44f7-84a1-093d4906b47a: 48 datasets; 23.4 s; peak memory 408 MiB.
2026-10-09T13:39:10Z INFO [318/750] 81f85173-c40d-4f0f-ad4b-5f763204d90f: 970 datasets; 15.7 s; peak memory 408 MiB.
2026-10-09T13:39:12Z INFO [319/750] 81f85901-cc16-4854-870b-f22a518ed1df: 112 datasets; 2.5 s; peak memory 408 MiB.
2026-10-09T13:39:16Z INFO [320/750] 81f86d83-43a5-4edf-a6d0-dd8f8529f317: 102 datasets; 4.0 s; peak memory 408 MiB.
2026-10-09T13:39:18Z INFO [321/750] 81f90c5a-76a7-4448-96b6-d2dca2beef1d: 48 datasets; 1.5 s; peak memory 408 MiB.
2026-10-09T13:39:21Z INFO [322/750] 81f97688-733c-4e3c-8269-bed67630d091: 71 datasets; 2.6 s; peak memory 408 MiB.
2026-10-09T13:39:23Z INFO [323/750] 81f9a088-d36d-427b-b5e9-f0bd8b059ad3: 112 datasets; 2.2 s; peak memory 408 MiB.
2026-10-09T13:39:31Z INFO [324/750] 81fa6535-b928-4b73-8da2-0591684c3d17: 223 datasets; 8.5 s; peak memory 408 MiB.
2026-10-09T13:39:33Z INFO [325/750] 81fb0605-f1db-492a-83e1-4ef040065860: 41 datasets; 1.4 s; peak memory 408 MiB.
2026-10-09T13:39:35Z INFO [326/750] 81fbf4d6-6b2d-47ab-9332-9f6dfff33c76: 68 datasets; 2.0 s; peak memory 408 MiB.
2026-10-09T13:39:38Z INFO [327/750] 81fc53ab-19a0-46aa-b4bd-5c8e7b2f46aa: 116 datasets; 3.7 s; peak memory 408 MiB.
2026-10-09T13:39:40Z INFO [328/750] 81fd25e1-0b05-4958-8e14-eb5a7494a154: 48 datasets; 1.4 s; peak memory 408 MiB.
2026-10-09T13:39:50Z INFO [329/750] 81fdd2b3-4db9-4470-8bc0-5c3a6cf75c6a: 501 datasets; 9.8 s; peak memory 408 MiB.
2026-10-09T13:40:10Z INFO [330/750] 8200479b-5e7c-4ca3-8327-0a0df326502f: 1233 datasets; 20.6 s; peak memory 408 MiB.
2026-10-09T13:40:50Z INFO [331/750] 8201d925-0000-4e40-b89a-6bbe287a2959: 58 datasets; 40.0 s; peak memory 408 MiB.
2026-10-09T13:41:02Z INFO [332/750] 8202258d-e1bf-4f6f-98b6-daf3c74ea550: 680 datasets; 11.4 s; peak memory 408 MiB.
2026-10-09T13:41:04Z INFO [333/750] 820275ed-23cd-44e9-9fcb-d2ddb6c6be05: 112 datasets; 2.1 s; peak memory 408 MiB.
2026-10-09T13:41:07Z INFO [334/750] 8203b314-aadf-4ee7-8951-b66baaa3acb9: 119 datasets; 3.5 s; peak memory 408 MiB.
2026-10-09T13:41:09Z INFO [335/750] 8203b380-43a5-493c-9e32-d412a462c41e: 51 datasets; 2.0 s; peak memory 408 MiB.
2026-10-09T13:41:11Z INFO [336/750] 8203ce17-aa56-4be4-a70e-c43dc3822066: 45 datasets; 1.7 s; peak memory 408 MiB.
2026-10-09T13:41:31Z INFO [337/750] 8206d0c1-18a2-4305-8ea0-ab83e16b2435: 4372 datasets; 19.6 s; peak memory 408 MiB.
2026-10-09T13:41:32Z INFO [338/750] 8207d973-9fb6-4fb6-bde8-5a4922615d75: 48 datasets; 1.4 s; peak memory 408 MiB.
2026-10-09T13:41:33Z INFO [339/750] 82083dda-5f40-4617-bd8c-98ce3a194ce6: 45 datasets; 1.2 s; peak memory 408 MiB.
2026-10-09T13:41:34Z INFO [340/750] 8208705b-46f7-4739-bd32-b06e85fe1141: 46 datasets; 1.2 s; peak memory 408 MiB.
2026-10-09T13:41:36Z INFO [341/750] 8208825e-b38b-4fd6-be03-e004c16ef1e9: 48 datasets; 1.5 s; peak memory 408 MiB.
2026-10-09T13:41:37Z INFO [342/750] 8208b918-a7a5-463f-ad02-1accaf007e1f: 48 datasets; 1.4 s; peak memory 408 MiB.
2026-10-09T13:41:39Z INFO [343/750] 82092351-b26c-4bbf-919a-c4c0ce75818a: 46 datasets; 1.3 s; peak memory 408 MiB.
2026-10-09T13:41:41Z INFO [344/750] 82092d86-287f-44dc-a213-1ee2927b712b: 113 datasets; 2.0 s; peak memory 408 MiB.
2026-10-09T13:41:42Z INFO [345/750] 82094077-1616-4327-b385-955ac837d137: 48 datasets; 1.5 s; peak memory 408 MiB.
2026-10-09T13:41:43Z INFO [346/750] 82099dbc-a5e1-48c8-af0e-49fa7d82a604: 52 datasets; 1.2 s; peak memory 408 MiB.
2026-10-09T13:41:45Z INFO [347/750] 820a0724-eaad-49ca-b095-e395a212295c: 117 datasets; 1.7 s; peak memory 408 MiB.
2026-10-09T13:41:47Z INFO [348/750] 820a414c-470a-49d8-94ed-8401611b99fa: 112 datasets; 2.2 s; peak memory 408 MiB.
2026-10-09T13:41:49Z INFO [349/750] 820a5237-554f-4ba9-b079-17bd56221116: 52 datasets; 1.6 s; peak memory 408 MiB.
2026-10-09T13:41:51Z INFO [350/750] 820a5757-2762-4e43-95a9-fb739c5e1de5: 72 datasets; 1.6 s; peak memory 408 MiB.
2026-10-09T13:41:51Z INFO [350/750] 820a5757-2762-4e43-95a9-fb739c5e1de5: checkpointed 109685 new records.
2026-10-09T13:41:53Z INFO [351/750] 820b5dd0-bae0-4565-9fc7-75688d243fa4: 116 datasets; 1.8 s; peak memory 408 MiB.
2026-10-09T13:41:55Z INFO [352/750] 820d47a8-1680-4aa9-828b-baf15e3c6b46: 110 datasets; 2.2 s; peak memory 408 MiB.
2026-10-09T13:42:11Z INFO [353/750] 820dc7da-3b39-48d6-af68-6715a4b153ee: 4589 datasets; 16.0 s; peak memory 408 MiB.
2026-10-09T13:42:13Z INFO [354/750] 820e13ae-7cbd-4871-9cc5-756b73ddd6d1: 62 datasets; 1.8 s; peak memory 408 MiB.
2026-10-09T13:42:37Z INFO [355/750] 820e4f93-e795-419a-b0d2-52563afa162f: 806 datasets; 24.8 s; peak memory 408 MiB.
2026-10-09T13:42:56Z INFO [356/750] 820e539a-3263-463e-8b9e-4e9b9df27817: 735 datasets; 18.7 s; peak memory 408 MiB.
2026-10-09T13:42:58Z INFO [357/750] 820e6758-46ac-487a-9b30-39697ef45784: 63 datasets; 2.2 s; peak memory 408 MiB.
2026-10-09T13:43:00Z INFO [358/750] 820e6b59-e08b-42dd-854f-63a0c7e7db11: 62 datasets; 1.9 s; peak memory 408 MiB.
2026-10-09T13:43:04Z INFO [359/750] 820e82c9-2f5d-49a8-ab42-1756a417456f: 38 datasets; 3.4 s; peak memory 408 MiB.
2026-10-09T13:43:05Z INFO [360/750] 820fe9ed-b96f-4b1d-a943-b0416d8362d7: 48 datasets; 1.4 s; peak memory 408 MiB.
2026-10-09T13:43:25Z INFO [361/750] 82103dd1-a5dc-4ccc-8108-74840da51a92: 44 datasets; 20.1 s; peak memory 408 MiB.
2026-10-09T13:43:26Z INFO [362/750] 8210ce68-b310-49c0-a285-37e00b95a201: 48 datasets; 1.5 s; peak memory 408 MiB.
2026-10-09T13:43:28Z INFO [363/750] 82118178-2c42-4162-84a1-7bb71d240686: 48 datasets; 1.6 s; peak memory 408 MiB.
2026-10-09T13:43:30Z INFO [364/750] 82125be8-b8cb-4b25-a407-08949fbc8b6e: 48 datasets; 1.5 s; peak memory 408 MiB.
2026-10-09T13:43:36Z INFO [365/750] 82128d4e-9d43-48e5-a76c-7b40215a3bfa: 43 datasets; 6.9 s; peak memory 408 MiB.
2026-10-09T13:43:38Z INFO [366/750] 8212b2b7-ea6c-4300-a5cc-ea1a4c5d8732: 45 datasets; 1.2 s; peak memory 408 MiB.
2026-10-09T13:43:42Z INFO [367/750] 821342fd-5bbc-48d4-ac80-c62ea981ef32: 92 datasets; 4.5 s; peak memory 408 MiB.
2026-10-09T13:43:44Z INFO [368/750] 8213513b-e4fe-4e17-8531-cc0af2622aa2: 77 datasets; 1.9 s; peak memory 408 MiB.
2026-10-09T13:43:46Z INFO [369/750] 8214ab24-f5aa-4b9d-a0c5-1c7af2e3f263: 117 datasets; 1.8 s; peak memory 408 MiB.
2026-10-09T13:43:47Z INFO [370/750] 82155ea2-857a-44b5-ab89-ab433a70e952: 48 datasets; 1.6 s; peak memory 408 MiB.
2026-10-09T13:43:49Z INFO [371/750] 8215b3b8-a873-4c38-ab5c-e14c5ac4412f: 71 datasets; 2.1 s; peak memory 408 MiB.
2026-10-09T13:43:52Z INFO [372/750] 8215d4e3-905e-4078-83a1-6c6c5dffce13: 64 datasets; 2.3 s; peak memory 408 MiB.
2026-10-09T13:43:53Z INFO [373/750] 8215daed-f961-484b-a6e1-d1a873813e2e: 39 datasets; 1.4 s; peak memory 408 MiB.
2026-10-09T13:48:37Z INFO [374/750] 8215ebc1-095c-4895-aebc-6d663d60827e: 169 datasets; 283.8 s; peak memory 420 MiB.
2026-10-09T13:48:39Z INFO [375/750] 82162572-60d9-47f9-9e11-814a9f0cd5a9: 113 datasets; 1.7 s; peak memory 420 MiB.
2026-10-09T13:48:40Z INFO [376/750] 82179840-6566-42ae-90af-f05d6d3d18b9: 48 datasets; 1.5 s; peak memory 420 MiB.
2026-10-09T13:48:42Z INFO [377/750] 8217eff4-3b17-4863-87fe-08c89426acd7: 70 datasets; 1.8 s; peak memory 420 MiB.
2026-10-09T13:48:44Z INFO [378/750] 8217fc28-9b5b-4eb2-b56f-5c08c4910819: 116 datasets; 1.8 s; peak memory 420 MiB.
2026-10-09T13:48:46Z INFO [379/750] 8218102e-8503-4c2c-be7e-12d5481a5a54: 110 datasets; 2.0 s; peak memory 420 MiB.
2026-10-09T13:48:51Z INFO [380/750] 8218a940-016c-403f-a7ed-c9e8fb522c6b: 48 datasets; 4.8 s; peak memory 420 MiB.
2026-10-09T13:48:52Z INFO [381/750] 821909d0-368c-42fd-b9ea-953aaf2bb550: 48 datasets; 1.4 s; peak memory 420 MiB.
2026-10-09T13:48:54Z INFO [382/750] 8219db60-90ea-4127-bdef-27eb2254352b: 48 datasets; 1.5 s; peak memory 420 MiB.
2026-10-09T13:48:55Z INFO [383/750] 821b3f44-3e4a-4d65-9724-1992d1e5ecba: 48 datasets; 1.6 s; peak memory 420 MiB.
2026-10-09T13:48:56Z INFO [384/750] 821b4900-3882-4d33-b56e-145036163975: 57 datasets; 1.2 s; peak memory 420 MiB.
2026-10-09T13:48:58Z INFO [385/750] 821b8ba6-0afa-4276-8b52-6a70a1da69cb: 48 datasets; 1.6 s; peak memory 420 MiB.
2026-10-09T13:48:59Z INFO [386/750] 821c0e31-d363-4e47-92a8-897cc10e6a09: 46 datasets; 1.1 s; peak memory 420 MiB.
2026-10-09T13:49:01Z INFO [387/750] 821c9386-6260-484e-964f-06da371898c5: 118 datasets; 1.7 s; peak memory 420 MiB.
2026-10-09T13:49:02Z INFO [388/750] 821d2fa9-ed7c-4042-9a72-66887540cad8: 69 datasets; 1.8 s; peak memory 420 MiB.
2026-10-09T13:49:15Z INFO [389/750] 821d552c-aeaa-45d1-90fa-4b805c738e93: 668 datasets; 12.1 s; peak memory 420 MiB.
2026-10-09T13:49:17Z INFO [390/750] 821d861f-a76b-424f-8914-6291e3ab86e2: 71 datasets; 2.7 s; peak memory 420 MiB.
2026-10-09T13:49:19Z INFO [391/750] 821daae1-1dcf-4f14-95c8-4b2ee5492d86: 261 datasets; 2.1 s; peak memory 420 MiB.
2026-10-09T13:49:22Z INFO [392/750] 821dd3e4-7b5b-4c41-b1de-13c9a673abad: 112 datasets; 2.6 s; peak memory 420 MiB.
2026-10-09T13:49:30Z INFO [393/750] 821e6af3-0352-470f-a4a0-5749d83fb2eb: 538 datasets; 8.1 s; peak memory 420 MiB.
2026-10-09T13:49:31Z INFO [394/750] 821f5176-1936-49bc-9328-406fdcde60d8: 48 datasets; 1.5 s; peak memory 420 MiB.
2026-10-09T13:49:33Z INFO [395/750] 821fbe33-a56d-408a-b94f-d0cae825d37c: 47 datasets; 1.3 s; peak memory 420 MiB.
2026-10-09T13:49:44Z INFO [396/750] 821fcb1f-d843-4606-8a36-c592fe720ca1: 461 datasets; 11.7 s; peak memory 420 MiB.
2026-10-09T13:49:46Z INFO [397/750] 821ff223-727f-4ac2-9cff-f33e76611d8c: 67 datasets; 1.7 s; peak memory 420 MiB.
2026-10-09T13:49:53Z INFO [398/750] 8220244a-2deb-4f39-8383-02653767485d: 118 datasets; 6.5 s; peak memory 420 MiB.
2026-10-09T13:49:58Z INFO [399/750] 822025ae-aadb-411c-aef7-42f5a957ca9d: 85 datasets; 5.0 s; peak memory 420 MiB.
2026-10-09T13:49:59Z INFO [400/750] 82206f5f-f0c7-40bd-a8db-6e813fbad475: 48 datasets; 1.4 s; peak memory 420 MiB.
2026-10-09T13:49:59Z INFO [400/750] 82206f5f-f0c7-40bd-a8db-6e813fbad475: checkpointed 109735 new records.
2026-10-09T13:50:00Z INFO [401/750] 8221000e-f0b9-4f3a-a2f6-7e2be3dbe168: 55 datasets; 1.2 s; peak memory 420 MiB.
2026-10-09T13:50:02Z INFO [402/750] 822105a8-0433-4965-b012-0076f8785fbd: 118 datasets; 1.9 s; peak memory 420 MiB.
2026-10-09T13:50:04Z INFO [403/750] 82224c92-707c-4196-b47e-717dd84049a9: 52 datasets; 1.7 s; peak memory 420 MiB.
2026-10-09T13:50:05Z INFO [404/750] 82229341-04d9-4566-ad8f-62f7de343ed8: 48 datasets; 1.4 s; peak memory 420 MiB.
2026-10-09T13:50:07Z INFO [405/750] 822393f3-2d77-4303-a068-ec57c1c1c4b1: 117 datasets; 1.7 s; peak memory 420 MiB.
2026-10-09T13:50:11Z INFO [406/750] 8225a7dc-4608-468a-9b85-aa30f8d58337: 67 datasets; 3.4 s; peak memory 420 MiB.
2026-10-09T13:50:12Z INFO [407/750] 82261b1f-faf4-43ca-be7c-c3f95341f939: 38 datasets; 1.2 s; peak memory 420 MiB.
2026-10-09T13:50:14Z INFO [408/750] 82269405-5f84-4182-a6b7-8858cc061b51: 72 datasets; 1.9 s; peak memory 420 MiB.
2026-10-09T13:50:15Z INFO [409/750] 8227ce69-3481-47ab-bcf6-fab311491a31: 119 datasets; 1.3 s; peak memory 420 MiB.
2026-10-09T13:50:16Z INFO [410/750] 82287ccf-ddab-4dcc-862b-baca4d1df102: 48 datasets; 1.4 s; peak memory 420 MiB.
2026-10-09T13:50:18Z INFO [411/750] 822885b7-d63c-4c49-b6de-ae01306f9837: 117 datasets; 1.8 s; peak memory 420 MiB.
2026-10-09T13:50:19Z INFO [412/750] 82292b8b-73a2-4c4b-bc3d-2b4b3a872543: 48 datasets; 1.4 s; peak memory 420 MiB.
2026-10-09T13:50:22Z INFO [413/750] 8229379e-2913-4b4b-b176-6ce7246462de: 38 datasets; 2.6 s; peak memory 420 MiB.
2026-10-09T13:50:24Z INFO [414/750] 8229b98d-adea-4838-be21-cf1a5ff32e62: 62 datasets; 1.9 s; peak memory 420 MiB.
2026-10-09T13:50:26Z INFO [415/750] 822a2731-9512-46c9-a647-aae3731c9325: 112 datasets; 2.1 s; peak memory 420 MiB.
2026-10-09T13:50:28Z INFO [416/750] 822a761f-89f2-4bf2-b6c0-ec1eb64b5bca: 69 datasets; 2.2 s; peak memory 420 MiB.
2026-10-09T13:50:30Z INFO [417/750] 822ae500-1a8d-4ecf-a2e8-c33825fdb14e: 48 datasets; 1.4 s; peak memory 420 MiB.
2026-10-09T13:50:32Z INFO [418/750] 822bb050-fd77-4114-a7b9-ba054d8862d5: 112 datasets; 2.3 s; peak memory 420 MiB.
2026-10-09T13:50:34Z INFO [419/750] 822bd09d-e524-4b45-8ad6-94e095b15eee: 117 datasets; 1.8 s; peak memory 420 MiB.
2026-10-09T13:50:35Z INFO [420/750] 822d2c66-6168-4fd9-8bf0-4740a5a4f2fa: 48 datasets; 1.4 s; peak memory 420 MiB.
2026-10-09T13:50:37Z INFO [421/750] 822d5d33-a3c0-49cb-bd4d-4a4f74aab8c9: 49 datasets; 2.0 s; peak memory 420 MiB.
2026-10-09T13:50:39Z INFO [422/750] 822d9547-6428-4440-8167-130c63ff3bc0: 66 datasets; 2.0 s; peak memory 420 MiB.
2026-10-09T13:50:47Z INFO [423/750] 822e1f70-c9ca-4ae6-88a4-3866759e6c0f: 535 datasets; 8.3 s; peak memory 420 MiB.
2026-10-09T13:50:49Z INFO [424/750] 822e9903-5f18-49dc-ba62-e5d9c06ed731: 110 datasets; 1.6 s; peak memory 420 MiB.
2026-10-09T13:50:55Z INFO [425/750] 822eb944-d7d2-4c2f-ac5d-3d96a75475e8: 79 datasets; 5.7 s; peak memory 420 MiB.
2026-10-09T13:50:56Z INFO [426/750] 822f9795-807c-4860-badb-901a9696bf0c: 48 datasets; 1.5 s; peak memory 420 MiB.
2026-10-09T13:50:59Z INFO [427/750] 8230bc0f-b0aa-443d-9d41-530ffb129113: 71 datasets; 2.9 s; peak memory 420 MiB.
2026-10-09T13:51:01Z INFO [428/750] 8230cca9-1d29-4e9c-86d8-f1027e43c625: 66 datasets; 2.1 s; peak memory 420 MiB.
2026-10-09T13:51:04Z INFO [429/750] 82314148-dc58-4075-99b8-26261a462858: 118 datasets; 2.7 s; peak memory 420 MiB.
2026-10-09T13:51:06Z INFO [430/750] 82314e77-0760-4e42-b7db-806d3f8fb19c: 118 datasets; 2.0 s; peak memory 420 MiB.
2026-10-09T13:51:07Z INFO [431/750] 8231c9e5-91fb-481c-9a71-0033b502a86a: 48 datasets; 1.5 s; peak memory 420 MiB.
2026-10-09T13:51:09Z INFO [432/750] 82320207-cf2f-4c2e-8580-0c0b0af50d9c: 48 datasets; 1.5 s; peak memory 420 MiB.
2026-10-09T13:51:10Z INFO [433/750] 823259eb-5afd-4f65-8e3c-600338598202: 48 datasets; 1.4 s; peak memory 420 MiB.
2026-10-09T13:51:21Z INFO [434/750] 8232a34d-9edc-4c0d-ad2f-efbfa3d03d14: 635 datasets; 10.9 s; peak memory 420 MiB.
2026-10-09T13:51:23Z INFO [435/750] 82334966-e912-4ff9-9bca-1c391f5622c7: 48 datasets; 1.5 s; peak memory 420 MiB.
2026-10-09T13:51:50Z INFO [436/750] 823367b2-5113-454b-8778-8a32e6a81ea7: 893 datasets; 27.6 s; peak memory 420 MiB.
2026-10-09T13:51:52Z INFO [437/750] 82349427-b1f4-44bf-8abe-243e61f596d6: 48 datasets; 1.5 s; peak memory 420 MiB.
2026-10-09T13:51:53Z INFO [438/750] 8235292c-ec30-4938-8128-9f25145ebd9f: 48 datasets; 1.4 s; peak memory 420 MiB.
2026-10-09T13:51:55Z INFO [439/750] 82353fd5-cc5f-4f4f-b475-cbe0678fe5cf: 116 datasets; 1.7 s; peak memory 420 MiB.
2026-10-09T13:52:07Z INFO [440/750] 8236208b-044e-4e2e-bfa8-4021424e62eb: 797 datasets; 12.1 s; peak memory 420 MiB.
2026-10-09T13:52:09Z INFO [441/750] 823692db-f867-4ae4-9c3a-cd92a58985c8: 69 datasets; 1.7 s; peak memory 420 MiB.
2026-10-09T13:52:10Z INFO [442/750] 8236f569-2406-49dd-998c-412e06a1c32b: 117 datasets; 1.6 s; peak memory 420 MiB.
2026-10-09T13:52:13Z INFO [443/750] 82379c18-6629-4e40-8a33-6b066e2ed838: 110 datasets; 2.2 s; peak memory 420 MiB.
2026-10-09T13:52:15Z INFO [444/750] 8237ed53-8417-4f0e-8bd6-50efc220561b: 118 datasets; 2.6 s; peak memory 420 MiB.
2026-10-09T13:52:36Z INFO [445/750] 82392695-123b-4b53-8e41-4ade2a49d9c5: 44 datasets; 20.6 s; peak memory 420 MiB.
2026-10-09T13:52:39Z INFO [446/750] 8239e5f8-1f58-4ce1-bb2c-880ea1503da1: 66 datasets; 2.9 s; peak memory 420 MiB.
2026-10-09T13:52:40Z INFO [447/750] 823aa790-e4e6-4f18-8fa9-f1568d2035be: 48 datasets; 1.5 s; peak memory 420 MiB.
2026-10-09T13:52:42Z INFO [448/750] 823b5b02-4abe-423e-8dde-9ca97cb77efe: 48 datasets; 1.4 s; peak memory 420 MiB.
2026-10-09T13:52:43Z INFO [449/750] 823b9fe9-e13f-481c-ba7f-7c8ce21547c8: 46 datasets; 1.1 s; peak memory 420 MiB.
2026-10-09T13:53:42Z INFO [450/750] 823c13d7-1796-44ff-b0eb-d079cd09687d: 55 datasets; 59.6 s; peak memory 420 MiB.
2026-10-09T13:53:43Z INFO [450/750] 823c13d7-1796-44ff-b0eb-d079cd09687d: checkpointed 109785 new records.
2026-10-09T13:53:44Z INFO [451/750] 823c1e38-c469-4ddc-9113-8d03650183c5: 113 datasets; 1.7 s; peak memory 420 MiB.
2026-10-09T13:53:46Z INFO [452/750] 823ca00c-a457-4d47-a26f-f19d65026387: 48 datasets; 1.5 s; peak memory 420 MiB.
2026-10-09T13:53:48Z INFO [453/750] 823cb6c6-f691-4460-a330-e7ad4010e126: 71 datasets; 2.6 s; peak memory 420 MiB.
2026-10-09T13:53:50Z INFO [454/750] 823db89f-f6ce-4553-9ad3-b309f0a40fc1: 116 datasets; 1.8 s; peak memory 420 MiB.
2026-10-09T13:54:03Z INFO [455/750] 823e4d5a-cb06-4386-a598-4ed0f34dd164: 493 datasets; 13.0 s; peak memory 420 MiB.
2026-10-09T13:54:05Z INFO [456/750] 823e73f9-f6c9-41ae-b0f4-b95f9e2df381: 48 datasets; 1.5 s; peak memory 420 MiB.
2026-10-09T13:54:06Z INFO [457/750] 823ed524-511b-4c91-82da-092afb763ef3: 48 datasets; 1.4 s; peak memory 420 MiB.
2026-10-09T13:54:07Z INFO [458/750] 823f843c-555d-4701-9fac-7ad6d4b76546: 52 datasets; 1.4 s; peak memory 420 MiB.
2026-10-09T13:54:09Z INFO [459/750] 82404149-9c56-4a51-a428-7ccbbff5b2eb: 42 datasets; 1.6 s; peak memory 420 MiB.
2026-10-09T13:54:45Z INFO [460/750] 8241a0ee-609a-4a03-a662-f734c5c582b8: 1377 datasets; 36.3 s; peak memory 420 MiB.
2026-10-09T13:54:48Z INFO [461/750] 824201fe-4bd7-434c-b4f8-aff4f5979658: 153 datasets; 2.2 s; peak memory 420 MiB.
2026-10-09T13:54:50Z INFO [462/750] 82423e38-4b38-48f6-b227-b3cdc8be1d32: 247 datasets; 2.3 s; peak memory 420 MiB.
2026-10-09T13:54:51Z INFO [463/750] 8243621e-3ab8-4a77-b18f-9cca96644762: 48 datasets; 1.4 s; peak memory 420 MiB.
2026-10-09T13:54:53Z INFO [464/750] 82451f32-f45c-4527-9cad-a9d94981bc24: 48 datasets; 1.7 s; peak memory 420 MiB.
2026-10-09T13:54:55Z INFO [465/750] 8245386d-9d93-4a0f-9407-f2a4045189ae: 69 datasets; 1.6 s; peak memory 420 MiB.
2026-10-09T13:54:56Z INFO [466/750] 82477678-b965-45b1-8c13-97a48e0c10cd: 48 datasets; 1.6 s; peak memory 420 MiB.
2026-10-09T13:54:58Z INFO [467/750] 8247b2cb-d35f-4506-9828-6353c5d6cdf1: 116 datasets; 1.8 s; peak memory 420 MiB.
2026-10-09T13:55:00Z INFO [468/750] 8247d125-c58a-483c-aa53-9d69b1e13dd9: 52 datasets; 1.7 s; peak memory 420 MiB.
2026-10-09T13:55:01Z INFO [469/750] 8248053f-c3cf-4877-a30b-5ebe616eda30: 46 datasets; 1.2 s; peak memory 420 MiB.
2026-10-09T13:55:02Z INFO [470/750] 8249a5b3-9e0e-4f0c-a172-a1a4f8770ec8: 48 datasets; 1.4 s; peak memory 420 MiB.
2026-10-09T13:55:04Z INFO [471/750] 824a4d1a-2151-4873-ab0b-e769ae1ca29e: 66 datasets; 1.9 s; peak memory 420 MiB.
2026-10-09T13:55:05Z INFO [472/750] 824c06e1-7b15-47b0-b0ed-f4f1ecb7838e: 45 datasets; 1.2 s; peak memory 420 MiB.
2026-10-09T13:55:07Z INFO [473/750] 824c22db-a741-4818-b33e-e070a946cbdd: 46 datasets; 1.4 s; peak memory 420 MiB.
2026-10-09T13:55:09Z INFO [474/750] 824c7116-1e55-4d40-a3d7-9d3d41bb7ac5: 117 datasets; 1.9 s; peak memory 420 MiB.
2026-10-09T13:55:16Z INFO [475/750] 824d408f-b3c3-4b1d-97c9-2a7c15022c3c: 196 datasets; 7.4 s; peak memory 420 MiB.
2026-10-09T13:55:18Z INFO [476/750] 824e2184-e6f8-4da7-86da-0e838dbe4f64: 79 datasets; 2.1 s; peak memory 420 MiB.
2026-10-09T13:55:20Z INFO [477/750] 824e4723-11ce-4663-a0ad-a4b30ffec566: 110 datasets; 1.7 s; peak memory 420 MiB.
2026-10-09T13:55:21Z INFO [478/750] 824eba5e-2d96-4379-b122-c75379656435: 48 datasets; 1.5 s; peak memory 420 MiB.
2026-10-09T13:55:23Z INFO [479/750] 824ecb04-15fd-462e-8582-c5779081a841: 118 datasets; 1.8 s; peak memory 420 MiB.
2026-10-09T13:55:30Z INFO [480/750] 824f89d9-ccd1-4b48-8510-dc82f362fc98: 111 datasets; 7.3 s; peak memory 420 MiB.
2026-10-09T13:55:32Z INFO [481/750] 824ffbb1-dc81-48a8-b77a-60c771912a4f: 48 datasets; 1.4 s; peak memory 420 MiB.
2026-10-09T13:55:33Z INFO [482/750] 8251cff3-04d5-489e-9f25-ff93e9ae4365: 116 datasets; 1.7 s; peak memory 420 MiB.
2026-10-09T13:55:36Z INFO [483/750] 8252b45c-bfef-452b-86e2-742dd7c1f7a3: 69 datasets; 2.5 s; peak memory 420 MiB.
2026-10-09T13:55:55Z INFO [484/750] 8253eb11-90ff-4bf8-93ed-19c36468dc2e: 1065 datasets; 19.0 s; peak memory 420 MiB.
2026-10-09T13:55:56Z INFO [485/750] 82542414-2296-421e-b265-4f02e9695670: 48 datasets; 1.5 s; peak memory 420 MiB.
2026-10-09T13:56:00Z INFO [486/750] 82543713-30d1-4b55-a4ff-f36c1ad7d117: 156 datasets; 3.8 s; peak memory 420 MiB.
2026-10-09T13:56:04Z INFO [487/750] 8255d589-6346-4e5c-bf94-8ca8f6cf11a7: 157 datasets; 3.4 s; peak memory 420 MiB.
2026-10-09T13:56:05Z INFO [488/750] 82562b5d-f9dd-40b8-98ab-f4619ca82c08: 48 datasets; 1.5 s; peak memory 420 MiB.
2026-10-09T13:56:18Z INFO [489/750] 82569a80-75d6-4b04-ab1d-b8e2208e8a08: 61 datasets; 12.8 s; peak memory 420 MiB.
2026-10-09T13:57:03Z INFO [490/750] 8257141c-5659-49c2-ac0c-ea9ac6cfd901: 3482 datasets; 44.7 s; peak memory 420 MiB.
2026-10-09T13:57:04Z INFO [491/750] 82574116-64f6-4aec-8c54-e5231c061c38: 85 datasets; 1.9 s; peak memory 420 MiB.
2026-10-09T13:57:07Z INFO [492/750] 8257d2be-6304-4de9-8ff7-c2d1d48e383a: 112 datasets; 2.1 s; peak memory 420 MiB.
2026-10-09T13:57:08Z INFO [493/750] 8259b66c-bba7-4d84-9314-c3d5b529c5fd: 57 datasets; 1.3 s; peak memory 420 MiB.
2026-10-09T13:57:19Z INFO [494/750] 8259bb89-0757-42a8-8620-9e626cc37281: 1053 datasets; 10.8 s; peak memory 420 MiB.
2026-10-09T13:59:31Z INFO [495/750] 825a066e-c367-43d9-baf6-816c729bb831: 260 datasets; 132.1 s; peak memory 420 MiB.
2026-10-09T13:59:49Z INFO [496/750] 825b03b6-28c7-4954-b907-14f867fa5e69: 868 datasets; 18.6 s; peak memory 420 MiB.
2026-10-09T13:59:51Z INFO [497/750] 825b1035-892c-4066-90bf-88c662130c8e: 68 datasets; 1.6 s; peak memory 420 MiB.
2026-10-09T13:59:52Z INFO [498/750] 825bb24d-e3c4-43fd-b5e5-71a096715205: 119 datasets; 1.5 s; peak memory 420 MiB.
2026-10-09T13:59:54Z INFO [499/750] 825c57a5-15f8-42fa-b4aa-25be84ff1ec2: 39 datasets; 1.5 s; peak memory 420 MiB.
2026-10-09T13:59:58Z INFO [500/750] 825c783c-14be-454b-b3f5-2e2cb6103a7c: 46 datasets; 4.0 s; peak memory 420 MiB.
2026-10-09T13:59:58Z INFO [500/750] 825c783c-14be-454b-b3f5-2e2cb6103a7c: checkpointed 109835 new records.
2026-10-09T14:00:01Z INFO [501/750] 825ca180-cfd9-4977-8637-dca59b8311ff: 146 datasets; 2.8 s; peak memory 420 MiB.
2026-10-09T14:00:03Z INFO [502/750] 825de0f0-8058-4595-9fd8-27755b18e21e: 116 datasets; 1.7 s; peak memory 420 MiB.
2026-10-09T14:00:06Z INFO [503/750] 825e2d97-98a6-4242-9dc4-2625afd134d5: 80 datasets; 3.3 s; peak memory 420 MiB.
2026-10-09T14:00:22Z INFO [504/750] 825e4de3-531e-4513-830e-826a846e188b: 1023 datasets; 16.0 s; peak memory 420 MiB.
2026-10-09T14:00:24Z INFO [505/750] 825e8880-cb0d-4379-8a71-3c2555924b1c: 117 datasets; 1.8 s; peak memory 420 MiB.
2026-10-09T14:00:40Z INFO [506/750] 825ed9e6-1100-42c1-a907-27fc5f29ba1d: 896 datasets; 16.4 s; peak memory 420 MiB.
2026-10-09T14:00:43Z INFO [507/750] 825f046a-1553-4ebe-bae9-659bfbc60eb7: 71 datasets; 2.8 s; peak memory 420 MiB.
2026-10-09T14:00:44Z INFO [508/750] 8260128c-e9ce-443c-bee0-51960bc32ae0: 46 datasets; 1.1 s; peak memory 420 MiB.
2026-10-09T14:00:46Z INFO [509/750] 82601296-9131-4921-ae4a-20546cb314bd: 131 datasets; 2.2 s; peak memory 420 MiB.
2026-10-09T14:00:55Z INFO [510/750] 82615553-0e16-4d9a-832e-5405e1188ca0: 564 datasets; 8.6 s; peak memory 420 MiB.
2026-10-09T14:00:57Z INFO [511/750] 8261a92f-423d-4a43-8f81-7747988ff434: 116 datasets; 1.7 s; peak memory 420 MiB.
2026-10-09T14:00:58Z INFO [512/750] 82626363-194f-4d74-bc4f-c1402af1aea1: 45 datasets; 1.7 s; peak memory 420 MiB.
2026-10-09T14:01:00Z INFO [513/750] 82637786-e3ca-4083-a381-aecdea9aac0b: 64 datasets; 2.1 s; peak memory 420 MiB.
2026-10-09T14:01:02Z INFO [514/750] 82640c4f-7361-42d1-9c19-03f27a52b748: 131 datasets; 1.9 s; peak memory 420 MiB.
2026-10-09T14:01:05Z INFO [515/750] 8264bf01-eb24-4c67-b8d7-24c4fe7ec833: 290 datasets; 2.3 s; peak memory 420 MiB.
2026-10-09T14:01:06Z INFO [516/750] 82652f39-002c-4b78-aeff-5c8e63ff597c: 116 datasets; 1.8 s; peak memory 420 MiB.
2026-10-09T14:01:08Z INFO [517/750] 8265ce87-5f4a-4786-a62a-6740ba2d8934: 48 datasets; 1.5 s; peak memory 420 MiB.
2026-10-09T14:01:09Z INFO [518/750] 8267124d-d4c3-4dee-b909-6de385a9ddc8: 57 datasets; 1.2 s; peak memory 420 MiB.
2026-10-09T14:01:10Z INFO [519/750] 8267f296-03df-4866-85e0-fd94971f59e2: 46 datasets; 1.3 s; peak memory 420 MiB.
2026-10-09T14:01:13Z INFO [520/750] 8267fbca-d041-49c1-af47-6013c7ce0f5b: 113 datasets; 2.3 s; peak memory 420 MiB.
2026-10-09T14:01:14Z INFO [521/750] 82680a65-c469-47da-9365-e212bd366a6d: 48 datasets; 1.6 s; peak memory 420 MiB.
2026-10-09T14:01:16Z INFO [522/750] 8268e74e-65f2-489d-b43e-b5495567717a: 110 datasets; 1.9 s; peak memory 420 MiB.
2026-10-09T14:01:20Z INFO [523/750] 826918f8-b85d-4ef3-ac53-aa97d38a2fd2: 118 datasets; 3.8 s; peak memory 420 MiB.
2026-10-09T14:01:33Z INFO [524/750] 82692515-5f50-424f-97e4-eb663c348a0b: 106 datasets; 12.6 s; peak memory 420 MiB.
2026-10-09T14:01:34Z INFO [525/750] 8269ba97-bf6e-46a2-8432-18b2d79a4ee5: 48 datasets; 1.5 s; peak memory 420 MiB.
2026-10-09T14:01:35Z INFO [526/750] 826a0d67-a235-4523-9c1e-e26561c95f8e: 38 datasets; 1.3 s; peak memory 420 MiB.
2026-10-09T14:01:37Z INFO [527/750] 826a7087-239d-4ffd-a4ad-ccbd56b35ee8: 48 datasets; 1.4 s; peak memory 420 MiB.
2026-10-09T14:01:39Z INFO [528/750] 826b8716-43b6-4f2d-9712-5ef22e41bba1: 112 datasets; 2.0 s; peak memory 420 MiB.
2026-10-09T14:01:42Z INFO [529/750] 826d322d-f4bd-49d0-ab6c-881d877f68dc: 117 datasets; 2.8 s; peak memory 420 MiB.
2026-10-09T14:01:49Z INFO [530/750] 826d3466-0392-4587-86aa-b0d7845063d8: 538 datasets; 7.1 s; peak memory 420 MiB.
2026-10-09T14:01:56Z INFO [531/750] 826d7b0e-c7bf-438e-96a4-e41f1e66a981: 174 datasets; 6.8 s; peak memory 420 MiB.
2026-10-09T14:01:57Z INFO [532/750] 826de69d-f1ba-42cb-a0a0-873ecbf953ed: 84 datasets; 2.0 s; peak memory 420 MiB.
2026-10-09T14:02:01Z INFO [533/750] 826f3a91-20ce-496b-bc04-6186be43fff4: 184 datasets; 3.3 s; peak memory 420 MiB.
2026-10-09T14:02:03Z INFO [534/750] 826fbaf7-a555-4643-82e1-7f730b32b689: 112 datasets; 2.3 s; peak memory 420 MiB.
2026-10-09T14:02:12Z INFO [535/750] 82707074-59a6-447d-a784-38602502f12c: 3271 datasets; 8.8 s; peak memory 420 MiB.
2026-10-09T14:02:14Z INFO [536/750] 8270b257-8bb0-4550-a23e-3a45772a5af6: 66 datasets; 2.0 s; peak memory 420 MiB.
2026-10-09T14:02:15Z INFO [537/750] 82712c6f-5738-402e-baeb-85b68325c667: 48 datasets; 1.5 s; peak memory 420 MiB.
2026-10-09T14:02:17Z INFO [538/750] 8271daff-6944-4b13-b1b6-a6c96d7d4335: 48 datasets; 1.5 s; peak memory 420 MiB.
2026-10-09T14:02:19Z INFO [539/750] 82729101-23d7-4bc2-9a11-5ac8e21ccbbf: 118 datasets; 2.0 s; peak memory 420 MiB.
2026-10-09T14:02:21Z INFO [540/750] 827362f3-da93-4f1a-9c00-032842ba3819: 48 datasets; 1.7 s; peak memory 420 MiB.
2026-10-09T14:02:22Z INFO [541/750] 8273c10e-859a-4a5e-87b6-99c7036825d7: 48 datasets; 1.5 s; peak memory 420 MiB.
2026-10-09T14:02:24Z INFO [542/750] 82745731-036e-44c9-b810-329941b6e880: 48 datasets; 1.5 s; peak memory 420 MiB.
2026-10-09T14:02:25Z INFO [543/750] 82752eae-3801-4b86-aaf3-ba7f0ed2f319: 62 datasets; 1.5 s; peak memory 420 MiB.
2026-10-09T14:02:27Z INFO [544/750] 8275980f-aea6-4f8f-81da-b24c80ac9888: 117 datasets; 1.8 s; peak memory 420 MiB.
2026-10-09T14:02:32Z INFO [545/750] 8276954a-5182-4c0a-8418-eb6b70c2915e: 184 datasets; 5.0 s; peak memory 420 MiB.
2026-10-09T14:02:58Z INFO [546/750] 8276cc62-ff29-4422-87a8-c87add4bc5d8: 48 datasets; 26.3 s; peak memory 420 MiB.
2026-10-09T14:03:00Z INFO [547/750] 82773492-4169-4886-bcfd-1152751f42b7: 48 datasets; 1.6 s; peak memory 420 MiB.
2026-10-09T14:03:03Z INFO [548/750] 8277dd25-249c-4517-bd4a-fe575c655657: 92 datasets; 3.8 s; peak memory 420 MiB.
2026-10-09T14:03:05Z INFO [549/750] 8278250b-f172-4ea2-89a2-c28df65cc8a2: 132 datasets; 1.9 s; peak memory 420 MiB.
2026-10-09T14:03:07Z INFO [550/750] 8278a090-97fe-47e9-8547-41acf6b8ada5: 45 datasets; 1.2 s; peak memory 420 MiB.
2026-10-09T14:03:07Z INFO [550/750] 8278a090-97fe-47e9-8547-41acf6b8ada5: checkpointed 109885 new records.
2026-10-09T14:04:10Z INFO [551/750] 8278dc10-a432-482b-9919-0035871e9a6a: 55 datasets; 62.8 s; peak memory 420 MiB.
2026-10-09T14:04:14Z INFO [552/750] 82790313-aecc-4bd7-8e9a-58f664c5d623: 156 datasets; 4.1 s; peak memory 420 MiB.
2026-10-09T14:04:18Z INFO [553/750] 827960ad-38e1-4514-88d5-564b90d1e4a7: 50 datasets; 4.7 s; peak memory 420 MiB.
2026-10-09T14:04:20Z INFO [554/750] 8279755c-7e3e-476b-b838-2243dc260144: 48 datasets; 1.5 s; peak memory 420 MiB.
2026-10-09T14:04:26Z INFO [555/750] 827b2a21-b53b-4b06-8818-a25bfeca1a94: 223 datasets; 6.4 s; peak memory 420 MiB.
2026-10-09T14:04:29Z INFO [556/750] 827b56cd-8f2f-4806-af8e-f3793432d334: 53 datasets; 2.6 s; peak memory 420 MiB.
2026-10-09T14:04:31Z INFO [557/750] 827e1156-162b-4977-a6ee-6724ac878677: 117 datasets; 1.9 s; peak memory 420 MiB.
2026-10-09T14:04:32Z INFO [558/750] 827fb658-5d95-457a-9993-8e3ed9a590bf: 38 datasets; 1.3 s; peak memory 420 MiB.
2026-10-09T14:04:34Z INFO [559/750] 82800047-c6dc-4283-b072-f21d441a8320: 50 datasets; 1.8 s; peak memory 420 MiB.
2026-10-09T14:04:38Z INFO [560/750] 82803a6c-f568-4c63-8b1b-adfa9fb34170: 182 datasets; 3.7 s; peak memory 420 MiB.
2026-10-09T14:04:39Z INFO [561/750] 82803e2b-ce3b-4e31-91a1-f3d3d7ab36b0: 48 datasets; 1.5 s; peak memory 420 MiB.
2026-10-09T14:04:41Z INFO [562/750] 828078e6-2a9a-40f9-99fb-6dc3e9cb3c58: 84 datasets; 2.0 s; peak memory 420 MiB.
2026-10-09T14:04:43Z INFO [563/750] 8281e5c6-8dd5-4a29-840c-3729dc1eb851: 117 datasets; 1.9 s; peak memory 420 MiB.
2026-10-09T14:04:55Z INFO [564/750] 8281e753-e293-4e3b-aab6-14234ac0ef89: 3571 datasets; 12.0 s; peak memory 420 MiB.
2026-10-09T14:04:56Z INFO [565/750] 828272ee-c93c-4ffb-89d5-1d568ef315ed: 48 datasets; 1.4 s; peak memory 420 MiB.
2026-10-09T14:05:00Z INFO [566/750] 82830d71-289b-4f22-a22a-f7c5a0f66f8e: 157 datasets; 3.8 s; peak memory 420 MiB.
2026-10-09T14:05:14Z INFO [567/750] 8284424e-048e-42cc-8769-950328bcf8cf: 409 datasets; 13.8 s; peak memory 420 MiB.
2026-10-09T14:05:16Z INFO [568/750] 82847f57-8772-4b28-a2f8-b244696533fc: 76 datasets; 2.3 s; peak memory 420 MiB.
2026-10-09T14:05:22Z INFO [569/750] 82852581-30fd-44ad-bd69-dc634014cdb7: 494 datasets; 5.5 s; peak memory 420 MiB.
2026-10-09T14:05:32Z INFO [570/750] 82855dbf-5977-441d-92ef-0384734d4034: 664 datasets; 10.6 s; peak memory 420 MiB.
2026-10-09T14:05:34Z INFO [571/750] 8285dc37-ba23-48e6-b965-83d7915b7c15: 48 datasets; 1.4 s; peak memory 420 MiB.
2026-10-09T14:06:32Z INFO [572/750] 8286a2a3-8dec-48c6-8629-51de19a79d30: 55 datasets; 57.8 s; peak memory 420 MiB.
2026-10-09T14:06:33Z INFO [573/750] 828740e1-c7e2-470f-aec5-e952520a725b: 116 datasets; 1.6 s; peak memory 420 MiB.
2026-10-09T14:06:47Z INFO [574/750] 8287875c-7393-4360-a072-7b985e38ca67: 769 datasets; 13.4 s; peak memory 420 MiB.
2026-10-09T14:06:53Z INFO [575/750] 8287ec9f-bbcf-4d47-b538-6ffedb0b1c63: 200 datasets; 6.6 s; peak memory 420 MiB.
2026-10-09T14:06:56Z INFO [576/750] 828808a1-9acc-446a-bfde-7682f5113f80: 66 datasets; 2.3 s; peak memory 420 MiB.
2026-10-09T14:06:58Z INFO [577/750] 828879b1-4c96-4354-b544-17ce6169c4be: 69 datasets; 1.9 s; peak memory 420 MiB.
2026-10-09T14:07:00Z INFO [578/750] 82890d90-62d8-46b3-b241-e4a92b4b7060: 66 datasets; 2.0 s; peak memory 420 MiB.
2026-10-09T14:07:18Z INFO [579/750] 828a8f60-0802-4bc3-838b-ad4ce8693219: 38 datasets; 18.1 s; peak memory 420 MiB.
2026-10-09T14:07:19Z INFO [580/750] 828ce90d-54b5-49b5-9367-c5cfcb68f8b9: 118 datasets; 1.8 s; peak memory 420 MiB.
2026-10-09T14:07:21Z INFO [581/750] 828d0bf8-d51c-4aaa-95d7-d7a9cb0a3bc4: 46 datasets; 1.1 s; peak memory 420 MiB.
2026-10-09T14:07:22Z INFO [582/750] 828d43ee-bafc-4170-b0be-ae50018c2027: 57 datasets; 1.3 s; peak memory 420 MiB.
2026-10-09T14:07:25Z INFO [583/750] 828e122d-e01b-41f4-9a11-5a515ab07914: 84 datasets; 3.5 s; peak memory 420 MiB.
2026-10-09T14:07:27Z INFO [584/750] 828e1c91-3f27-49a4-860b-5cce70aec5ee: 39 datasets; 1.6 s; peak memory 420 MiB.
2026-10-09T14:07:29Z INFO [585/750] 828fc8ae-8da6-4b02-b290-88a9f962eb83: 117 datasets; 2.0 s; peak memory 420 MiB.
2026-10-09T14:07:41Z INFO [586/750] 829019a6-3f30-49ec-ad28-4d283989d8d6: 890 datasets; 12.2 s; peak memory 420 MiB.
2026-10-09T14:07:43Z INFO [587/750] 8290e8ad-f0fb-4ced-8229-6212ac26aec4: 118 datasets; 1.9 s; peak memory 420 MiB.
2026-10-09T14:07:52Z INFO [588/750] 82931a71-a308-43c6-bd55-3925a5d49356: 537 datasets; 9.4 s; peak memory 420 MiB.
2026-10-09T14:07:55Z INFO [589/750] 8294264d-6d97-4a87-b812-ca3e080de45f: 69 datasets; 2.5 s; peak memory 420 MiB.
2026-10-09T14:07:56Z INFO [590/750] 82943f29-dd73-46e3-b26a-868fb65977ac: 62 datasets; 1.4 s; peak memory 420 MiB.
2026-10-09T14:08:14Z INFO [591/750] 8294980a-d82d-4f9c-8a50-2c562a615b9f: 1027 datasets; 17.7 s; peak memory 420 MiB.
2026-10-09T14:08:16Z INFO [592/750] 8295c5c6-bc43-456f-b13d-6dc1ada328ff: 289 datasets; 2.2 s; peak memory 420 MiB.
2026-10-09T14:08:20Z INFO [593/750] 8295ce79-2ffc-437a-b90f-a281d5dd6cd6: 146 datasets; 3.6 s; peak memory 420 MiB.
2026-10-09T14:08:40Z INFO [594/750] 8295eddb-0b31-48a2-8fad-d856c91173f0: 1371 datasets; 20.1 s; peak memory 420 MiB.
2026-10-09T14:08:51Z INFO [595/750] 82962959-0ede-4716-94bb-501fea0419b9: 1053 datasets; 10.9 s; peak memory 420 MiB.
2026-10-09T14:08:55Z INFO [596/750] 82966fbd-1a01-43f1-8bf0-3d86cb3d8c8b: 116 datasets; 3.8 s; peak memory 420 MiB.
2026-10-09T14:08:58Z INFO [597/750] 82966fd1-ba41-4e07-8c33-dfd89c5a5851: 116 datasets; 3.6 s; peak memory 420 MiB.
2026-10-09T14:11:27Z INFO [598/750] 8296ba34-dcc3-4134-a9b0-633f5399739f: 269 datasets; 149.1 s; peak memory 420 MiB.
2026-10-09T14:11:29Z INFO [599/750] 8296d8ad-73b9-442b-a5e1-e700293a7739: 50 datasets; 1.3 s; peak memory 420 MiB.
2026-10-09T14:18:34Z INFO [600/750] 8296dbc2-90b0-4b7c-8443-8525bcf419ed: 99 datasets; 425.9 s; peak memory 1333 MiB.
2026-10-09T14:18:35Z INFO [600/750] 8296dbc2-90b0-4b7c-8443-8525bcf419ed: checkpointed 109935 new records.
2026-10-09T14:18:38Z INFO [601/750] 82983627-8f62-4ea7-a612-2f8b2f27cfdf: 168 datasets; 3.5 s; peak memory 1333 MiB.
2026-10-09T14:18:40Z INFO [602/750] 829a9200-51ce-4175-9bc2-8bf8de5b6415: 48 datasets; 1.6 s; peak memory 1333 MiB.
2026-10-09T14:18:41Z INFO [603/750] 829ad594-2b81-4b40-8fee-5ee800809511: 48 datasets; 1.5 s; peak memory 1333 MiB.
2026-10-09T14:18:43Z INFO [604/750] 829b0540-4d4b-4ba9-8be6-0b6be79be2e4: 48 datasets; 1.5 s; peak memory 1333 MiB.
2026-10-09T14:18:44Z INFO [605/750] 829b13e6-0316-4b06-9c7d-17ff3862824d: 50 datasets; 1.3 s; peak memory 1333 MiB.
2026-10-09T14:18:46Z INFO [606/750] 829b8601-25c5-45b0-a12e-43646cffb612: 62 datasets; 1.5 s; peak memory 1333 MiB.
2026-10-09T14:18:49Z INFO [607/750] 829cc83a-4603-4e3d-936f-484bcf06cbcb: 95 datasets; 3.3 s; peak memory 1333 MiB.
2026-10-09T14:18:51Z INFO [608/750] 829ce817-6519-4690-9ee1-9d4499c7d10c: 70 datasets; 1.9 s; peak memory 1333 MiB.
2026-10-09T14:18:52Z INFO [609/750] 829d64ce-a9ab-4524-98b3-125a23b72652: 52 datasets; 1.6 s; peak memory 1333 MiB.
2026-10-09T14:19:07Z INFO [610/750] 829e7591-cb2c-4360-a07f-10a2461528a3: 1042 datasets; 14.5 s; peak memory 1333 MiB.
2026-10-09T14:19:09Z INFO [611/750] 829eea01-edc9-4f4e-acee-efaca600a2cc: 112 datasets; 2.3 s; peak memory 1333 MiB.
2026-10-09T14:19:16Z INFO [612/750] 829f2470-0d82-4198-8659-d822965d031d: 223 datasets; 6.6 s; peak memory 1333 MiB.
2026-10-09T14:19:18Z INFO [613/750] 829f3e71-8eec-4fb3-a0a6-123e42ff3aef: 48 datasets; 1.8 s; peak memory 1333 MiB.
2026-10-09T14:19:20Z INFO [614/750] 829f4273-54d5-40e5-8691-39e771755b26: 71 datasets; 2.2 s; peak memory 1333 MiB.
2026-10-09T14:19:22Z INFO [615/750] 829f9cef-2425-43cb-a7e0-40160a6a9d29: 71 datasets; 2.6 s; peak memory 1333 MiB.
2026-10-09T14:19:24Z INFO [616/750] 829faa00-fcf3-408a-9ea4-bec67a790199: 117 datasets; 1.8 s; peak memory 1333 MiB.
2026-10-09T14:19:27Z INFO [617/750] 82a029b7-8b07-4e66-8c7f-a840d218bfef: 38 datasets; 3.0 s; peak memory 1333 MiB.
2026-10-09T14:19:32Z INFO [618/750] 82a138f9-f462-4791-ba0a-afefcd25cbca: 180 datasets; 5.2 s; peak memory 1333 MiB.
2026-10-09T14:19:49Z INFO [619/750] 82a262a0-4465-4059-9b4f-5ed136fa2726: 969 datasets; 16.4 s; peak memory 1333 MiB.
2026-10-09T14:19:51Z INFO [620/750] 82a347ce-0a3b-4ec7-8181-4d49a1110549: 71 datasets; 1.8 s; peak memory 1333 MiB.
2026-10-09T14:19:52Z INFO [621/750] 82a393bb-e745-4299-8fe3-e990cf015dce: 41 datasets; 1.3 s; peak memory 1333 MiB.
2026-10-09T14:19:54Z INFO [622/750] 82a40ae0-81c1-4ad8-863d-6ef3d4e3f57a: 52 datasets; 1.8 s; peak memory 1333 MiB.
2026-10-09T14:19:55Z INFO [623/750] 82a45ede-2078-4143-ac38-9e110c09336b: 48 datasets; 1.5 s; peak memory 1333 MiB.
2026-10-09T14:19:57Z INFO [624/750] 82a4c6f1-8a67-4ae0-a3ca-3a7b5511527a: 275 datasets; 2.2 s; peak memory 1333 MiB.
2026-10-09T14:20:11Z INFO [625/750] 82a5dd4d-44d6-4cc2-b473-d16c9583c9d2: 777 datasets; 13.4 s; peak memory 1333 MiB.
2026-10-09T14:20:13Z INFO [626/750] 82a7b3ff-fcd5-4c38-af48-413efa35e7a0: 112 datasets; 2.0 s; peak memory 1333 MiB.
2026-10-09T14:20:15Z INFO [627/750] 82a7ffd8-cb8d-4dcb-884f-5838b27f8da6: 69 datasets; 1.7 s; peak memory 1333 MiB.
2026-10-09T14:20:36Z INFO [628/750] 82a8e51c-09e5-4f90-9b27-86bbfb749aeb: 432 datasets; 21.4 s; peak memory 1333 MiB.
2026-10-09T14:20:44Z INFO [629/750] 82a903cc-9b70-43bf-bfc4-5f6ede8ba479: 196 datasets; 7.9 s; peak memory 1333 MiB.
2026-10-09T14:20:51Z INFO [630/750] 82aa3a7c-1686-4e70-b16d-3df019020884: 225 datasets; 6.9 s; peak memory 1333 MiB.
2026-10-09T14:20:53Z INFO [631/750] 82aaaeea-9de5-43ae-9fb9-d7bee854aeb4: 117 datasets; 1.9 s; peak memory 1333 MiB.
2026-10-09T14:20:54Z INFO [632/750] 82acbd40-2bbd-4120-bbef-1869fb1e76a2: 48 datasets; 1.6 s; peak memory 1333 MiB.
2026-10-09T14:20:56Z INFO [633/750] 82acbe33-58c9-4f5f-a893-9b7c2e8624fd: 48 datasets; 1.5 s; peak memory 1333 MiB.
2026-10-09T14:20:57Z INFO [634/750] 82acd3d9-46b3-4282-9176-dd55a15ccf78: 52 datasets; 1.5 s; peak memory 1333 MiB.
2026-10-09T14:20:59Z INFO [635/750] 82ae3e5e-984a-4037-b086-a77b62a5d2f1: 117 datasets; 1.8 s; peak memory 1333 MiB.
2026-10-09T14:21:01Z INFO [636/750] 82aeeaf7-261c-482e-b2c1-28675f2dfbd1: 62 datasets; 1.8 s; peak memory 1333 MiB.
2026-10-09T14:21:12Z INFO [637/750] 82afdbb9-3252-43d8-bc6a-ee8b5549eb70: 9087 datasets; 10.9 s; peak memory 1333 MiB.
2026-10-09T14:21:48Z INFO [638/750] 82afe0f3-dd7a-43f8-9163-0a360907a4fd: 48 datasets; 36.4 s; peak memory 1333 MiB.
2026-10-09T14:21:50Z INFO [639/750] 82b15016-7cbf-480b-aeb9-70ab87ab862a: 66 datasets; 1.6 s; peak memory 1333 MiB.
2026-10-09T14:21:51Z INFO [640/750] 82b1c1ea-7432-4b51-91cc-46f44175ea5c: 49 datasets; 1.8 s; peak memory 1333 MiB.
2026-10-09T14:21:53Z INFO [641/750] 82b23474-8839-4c0d-8c54-e23eba9a1ede: 116 datasets; 1.8 s; peak memory 1333 MiB.
2026-10-09T14:21:55Z INFO [642/750] 82b48852-1cbd-42e4-baf9-4d0d3929da34: 48 datasets; 1.6 s; peak memory 1333 MiB.
2026-10-09T14:22:09Z INFO [643/750] 82b529b9-df58-4adb-8fc0-a9c7e3245892: 369 datasets; 14.5 s; peak memory 1333 MiB.
2026-10-09T14:22:11Z INFO [644/750] 82b54384-4b0b-49de-85a6-71b6b45c1108: 48 datasets; 1.4 s; peak memory 1333 MiB.
2026-10-09T14:22:15Z INFO [645/750] 82b54866-3b22-4356-8d19-b03a19e4ec4d: 98 datasets; 3.8 s; peak memory 1333 MiB.
2026-10-09T14:22:33Z INFO [646/750] 82b5ccb7-402d-49fa-80d0-cae99e2f5e7f: 577 datasets; 18.1 s; peak memory 1333 MiB.
2026-10-09T14:22:34Z INFO [647/750] 82b724b9-4378-48e6-87f5-bcd5851eb134: 70 datasets; 1.6 s; peak memory 1333 MiB.
2026-10-09T14:22:37Z INFO [648/750] 82b790f8-93b8-4299-be14-82169eeb8fd3: 66 datasets; 2.4 s; peak memory 1333 MiB.
2026-10-09T14:22:38Z INFO [649/750] 82b8f975-2167-4e02-a223-6dde3231a925: 48 datasets; 1.5 s; peak memory 1333 MiB.
2026-10-09T14:22:40Z INFO [650/750] 82ba1da4-6b4b-46c3-90f1-febc6e25a723: 52 datasets; 1.7 s; peak memory 1333 MiB.
2026-10-09T14:22:40Z INFO [650/750] 82ba1da4-6b4b-46c3-90f1-febc6e25a723: checkpointed 109985 new records.
2026-10-09T14:22:44Z INFO [651/750] 82ba6a0e-ff09-4018-a8d5-beadacc17cbc: 156 datasets; 4.0 s; peak memory 1333 MiB.
2026-10-09T14:22:45Z INFO [652/750] 82ba77ac-92fa-4a63-904b-7c6750fd00e8: 47 datasets; 1.4 s; peak memory 1333 MiB.
2026-10-09T14:22:47Z INFO [653/750] 82ba9834-580e-4c05-a2db-6e3de64c8aa2: 116 datasets; 1.8 s; peak memory 1333 MiB.
2026-10-09T14:22:49Z INFO [654/750] 82bb7937-810c-402b-b775-89951312ada1: 52 datasets; 1.6 s; peak memory 1333 MiB.
2026-10-09T14:22:51Z INFO [655/750] 82bb8260-5f45-45d4-8407-2f27aac20493: 101 datasets; 2.6 s; peak memory 1333 MiB.
2026-10-09T14:22:55Z INFO [656/750] 82bbf59d-acde-4629-909d-38742267b91d: 151 datasets; 3.3 s; peak memory 1333 MiB.
2026-10-09T14:22:56Z INFO [657/750] 82bd3a13-62a8-421d-89a6-22df330495e4: 48 datasets; 1.5 s; peak memory 1333 MiB.
2026-10-09T14:22:58Z INFO [658/750] 82bd3c7f-41af-4e96-adae-16e08cd41764: 48 datasets; 1.5 s; peak memory 1333 MiB.
2026-10-09T14:23:01Z INFO [659/750] 82bda2c9-5ec2-40b8-b7d6-1d6945d5565f: 68 datasets; 2.8 s; peak memory 1333 MiB.
2026-10-09T14:23:13Z INFO [660/750] 82be1cb5-bb78-49f9-87ac-16eeaa386397: 396 datasets; 12.8 s; peak memory 1333 MiB.
2026-10-09T14:23:15Z INFO [661/750] 82c08e1f-28ee-4353-a8bf-009226a59ddf: 21 datasets; 1.1 s; peak memory 1333 MiB.
2026-10-09T14:23:22Z INFO [662/750] 82c1378a-cc85-4c6b-b0db-53358d91499d: 485 datasets; 7.8 s; peak memory 1333 MiB.
2026-10-09T14:23:24Z INFO [663/750] 82c15b91-9b56-499f-8192-dab94c008a87: 51 datasets; 1.6 s; peak memory 1333 MiB.
2026-10-09T14:23:26Z INFO [664/750] 82c1e3ad-bef4-40a9-8778-aa9478188a22: 112 datasets; 2.0 s; peak memory 1333 MiB.
2026-10-09T14:23:54Z INFO [665/750] 82c26648-07ea-4e9d-adb4-4e143b47d375: 2070 datasets; 27.6 s; peak memory 1333 MiB.
2026-10-09T14:23:55Z INFO [666/750] 82c26b4e-622b-4134-9fc9-64507a1bea2e: 48 datasets; 1.7 s; peak memory 1333 MiB.
2026-10-09T14:23:57Z INFO [667/750] 82c2c99d-b405-43da-9285-4b085e4ee5fe: 118 datasets; 1.8 s; peak memory 1333 MiB.
2026-10-09T14:23:59Z INFO [668/750] 82c3c669-ce65-4c5c-b13b-3e87af6d90d5: 48 datasets; 1.6 s; peak memory 1333 MiB.
2026-10-09T14:24:02Z INFO [669/750] 82c3ead2-ef5f-45f6-8059-12809ce63e84: 92 datasets; 3.0 s; peak memory 1333 MiB.
2026-10-09T14:24:03Z INFO [670/750] 82c479e6-eb9d-48db-9c1a-6b34f5225eb3: 117 datasets; 1.6 s; peak memory 1333 MiB.
2026-10-09T14:24:05Z INFO [671/750] 82c4a829-fccd-4eec-88a4-1120dadb17cb: 116 datasets; 1.9 s; peak memory 1333 MiB.
2026-10-09T14:24:07Z INFO [672/750] 82c4b5d4-1ea2-48ee-80da-d7f08b77c50a: 69 datasets; 1.8 s; peak memory 1333 MiB.
2026-10-09T14:24:08Z INFO [673/750] 82c4e393-93c3-40ff-9c55-18b78f257aa0: 48 datasets; 1.5 s; peak memory 1333 MiB.
2026-10-09T14:24:10Z INFO [674/750] 82c557a8-5432-432e-b34d-b612b1454ef2: 48 datasets; 1.5 s; peak memory 1333 MiB.
2026-10-09T14:24:11Z INFO [675/750] 82c60592-7508-4e23-85d3-5d1011f303e8: 48 datasets; 1.4 s; peak memory 1333 MiB.
2026-10-09T14:24:13Z INFO [676/750] 82c673d4-77a5-42f9-829f-00db40fee6da: 117 datasets; 1.9 s; peak memory 1333 MiB.
2026-10-09T14:24:15Z INFO [677/750] 82c70647-ad88-4126-a470-ea11d5d1ece5: 48 datasets; 1.5 s; peak memory 1333 MiB.
2026-10-09T14:24:17Z INFO [678/750] 82c7f1df-e1e5-458b-97de-8caab73bd35e: 117 datasets; 1.9 s; peak memory 1333 MiB.
2026-10-09T14:24:18Z INFO [679/750] 82c95928-e3f7-4cc7-a80a-5f9a8cdf32b9: 49 datasets; 1.7 s; peak memory 1333 MiB.
2026-10-09T14:24:20Z INFO [680/750] 82c9a98a-f2b8-462a-a213-e494cdb773ff: 110 datasets; 1.5 s; peak memory 1333 MiB.
2026-10-09T14:24:21Z INFO [681/750] 82ca231a-a6b9-47c8-9354-28872a862a5f: 48 datasets; 1.5 s; peak memory 1333 MiB.
2026-10-09T14:24:23Z INFO [682/750] 82ca8d0d-36a8-42b1-ad25-a55393a55f86: 48 datasets; 1.5 s; peak memory 1333 MiB.
2026-10-09T14:24:25Z INFO [683/750] 82cbe3e4-73ff-4101-af3e-c1d44adefa0f: 112 datasets; 2.1 s; peak memory 1333 MiB.
2026-10-09T14:24:29Z INFO [684/750] 82cc7b04-c775-4adf-bfe6-dee9e942ef36: 38 datasets; 3.5 s; peak memory 1333 MiB.
2026-10-09T14:24:42Z INFO [685/750] 82cd45d5-001a-4c0d-9ef9-f771c48b80d1: 774 datasets; 13.7 s; peak memory 1333 MiB.
2026-10-09T14:24:46Z INFO [686/750] 82ce1321-a6c1-41a1-8300-8cf368e318d8: 104 datasets; 3.6 s; peak memory 1333 MiB.
2026-10-09T14:24:47Z INFO [687/750] 82ce1e4c-f8be-4621-a916-90be97cb8156: 50 datasets; 1.4 s; peak memory 1333 MiB.
2026-10-09T14:24:49Z INFO [688/750] 82cfc5cd-9bd5-4a5d-b6c0-6cb08067ba0d: 48 datasets; 1.4 s; peak memory 1333 MiB.
2026-10-09T14:24:51Z INFO [689/750] 82d01947-53e4-4d08-9a98-adadf2c8ebd2: 112 datasets; 2.0 s; peak memory 1333 MiB.
2026-10-09T14:24:52Z INFO [690/750] 82d0da21-7864-45c9-aa9a-bfd0731774c0: 38 datasets; 1.2 s; peak memory 1333 MiB.
2026-10-09T14:24:55Z INFO [691/750] 82d12b86-27e6-4775-a353-3c4b13a17917: 148 datasets; 2.9 s; peak memory 1333 MiB.
2026-10-09T14:24:56Z INFO [692/750] 82d1a4c9-bea2-42fe-bc29-f75ad5090ffc: 48 datasets; 1.5 s; peak memory 1333 MiB.
2026-10-09T14:24:58Z INFO [693/750] 82d1c39e-526a-4363-94ea-ed92b383bbc1: 118 datasets; 1.8 s; peak memory 1333 MiB.
2026-10-09T14:25:01Z INFO [694/750] 82d2921e-f23f-4420-b1ed-4efb719cc5d3: 102 datasets; 2.5 s; peak memory 1333 MiB.
2026-10-09T14:25:09Z INFO [695/750] 82d2d902-900b-4459-b36b-6ae5c088c0e4: 565 datasets; 8.6 s; peak memory 1333 MiB.
2026-10-09T14:25:11Z INFO [696/750] 82d3097a-ac9a-4a7a-b95f-002ed0a39b5a: 48 datasets; 1.5 s; peak memory 1333 MiB.
2026-10-09T14:25:13Z INFO [697/750] 82d38aa6-cacd-4699-863b-23c5f0b7433b: 66 datasets; 2.0 s; peak memory 1333 MiB.
2026-10-09T14:25:18Z INFO [698/750] 82d3b8d5-b17e-4682-aeee-4dfb46b9ceee: 215 datasets; 5.4 s; peak memory 1333 MiB.
2026-10-09T14:25:20Z INFO [699/750] 82d42366-54b0-482b-bde8-a9274bdab1f6: 48 datasets; 1.5 s; peak memory 1333 MiB.
2026-10-09T14:25:21Z INFO [700/750] 82d4dbb8-d25c-4284-92cb-1db3559c2219: 65 datasets; 1.8 s; peak memory 1333 MiB.
2026-10-09T14:25:22Z INFO [700/750] 82d4dbb8-d25c-4284-92cb-1db3559c2219: checkpointed 110035 new records.
2026-10-09T14:25:30Z INFO [701/750] 82d4ea9c-b3e7-4dba-88b6-10d8f865c08b: 200 datasets; 7.9 s; peak memory 1333 MiB.
2026-10-09T14:25:31Z INFO [702/750] 82d6d70b-5e74-4567-877c-3c66199d0b5b: 48 datasets; 1.5 s; peak memory 1333 MiB.
2026-10-09T14:25:34Z INFO [703/750] 82d7d107-bf64-44dd-844f-a7ae6e10c4e3: 71 datasets; 2.7 s; peak memory 1333 MiB.
2026-10-09T14:25:35Z INFO [704/750] 82d7d2fe-9a4d-4a1c-89a6-32e6a900a973: 48 datasets; 1.6 s; peak memory 1333 MiB.
2026-10-09T14:25:36Z INFO [705/750] 82d7fbba-caf9-4bdc-91f4-249662b8a8b0: 52 datasets; 1.2 s; peak memory 1333 MiB.
2026-10-09T14:25:38Z INFO [706/750] 82d837cf-3d57-4a3c-aae5-5c4e5f05d9fd: 41 datasets; 1.3 s; peak memory 1333 MiB.
2026-10-09T14:25:40Z INFO [707/750] 82d8fa42-656c-4075-b7c6-735e8b18c766: 112 datasets; 2.3 s; peak memory 1333 MiB.
2026-10-09T14:25:53Z INFO [708/750] 82da205d-b5bb-4d22-9a30-d67f45f0b021: 823 datasets; 12.9 s; peak memory 1333 MiB.
2026-10-09T14:25:55Z INFO [709/750] 82da428a-e352-4ea2-8b13-33b361c68abb: 48 datasets; 1.5 s; peak memory 1333 MiB.
2026-10-09T14:25:56Z INFO [710/750] 82daef38-c708-4b65-b0e6-dd9973907037: 48 datasets; 1.5 s; peak memory 1333 MiB.
2026-10-09T14:26:13Z INFO [711/750] 82dafebe-c14a-4678-b48f-51f7889dfc73: 1219 datasets; 17.3 s; peak memory 1333 MiB.
2026-10-09T14:26:14Z INFO [712/750] 82dc8b77-8d8f-45a3-ac94-46a9bdd55870: 45 datasets; 1.1 s; peak memory 1333 MiB.
2026-10-09T14:26:18Z INFO [713/750] 82dd68f8-acf5-49e7-b678-cc25a56de17c: 115 datasets; 3.5 s; peak memory 1333 MiB.
2026-10-09T14:26:25Z INFO [714/750] 82dd9308-3623-4101-8337-f0df51802728: 231 datasets; 7.1 s; peak memory 1333 MiB.
2026-10-09T14:26:27Z INFO [715/750] 82dd967e-9d0d-4166-adb9-a667bc8849b7: 49 datasets; 1.9 s; peak memory 1333 MiB.
2026-10-09T14:26:29Z INFO [716/750] 82ddcafe-fd94-4e2d-87a2-83a420f28fe5: 69 datasets; 1.9 s; peak memory 1333 MiB.
2026-10-09T14:26:41Z INFO [717/750] 82de40ee-e990-4f8f-b51f-e824ceea1de8: 973 datasets; 11.7 s; peak memory 1333 MiB.
2026-10-09T14:26:43Z INFO [718/750] 82de7ea3-8aaa-453d-b803-8d7dc41ec8c0: 112 datasets; 2.1 s; peak memory 1333 MiB.
2026-10-09T14:26:44Z INFO [719/750] 82dee18c-0fe5-48ed-aa5d-42cbc315e13f: 48 datasets; 1.6 s; peak memory 1333 MiB.
2026-10-09T14:27:02Z INFO [720/750] 82df8a5e-c0fa-47a5-bdb1-581bdb987111: 1299 datasets; 17.4 s; peak memory 1333 MiB.
2026-10-09T14:27:04Z INFO [721/750] 82e0adc4-edf1-4ec0-9ab3-b80ffedbb98b: 102 datasets; 2.7 s; peak memory 1333 MiB.
2026-10-09T14:27:06Z INFO [722/750] 82e11a91-3410-40f9-a4c7-623b9cbe1444: 48 datasets; 1.5 s; peak memory 1333 MiB.
2026-10-09T14:27:07Z INFO [723/750] 82e201c6-4433-4eeb-aaad-390574320841: 48 datasets; 1.5 s; peak memory 1333 MiB.
2026-10-09T14:27:09Z INFO [724/750] 82e24ca2-4b01-4084-99ab-5ebdf1af785b: 46 datasets; 1.3 s; peak memory 1333 MiB.
2026-10-09T14:27:11Z INFO [725/750] 82e2859a-b949-4d33-8b11-039ee1cb2e62: 70 datasets; 2.3 s; peak memory 1333 MiB.
2026-10-09T14:27:12Z INFO [726/750] 82e2fa3f-2b09-4380-b16e-e0c2c4557d45: 48 datasets; 1.5 s; peak memory 1333 MiB.
2026-10-09T14:27:19Z INFO [727/750] 82e4c01e-c83a-497a-9752-d915052ca9a8: 174 datasets; 6.8 s; peak memory 1333 MiB.
2026-10-09T14:27:20Z INFO [728/750] 82e5b724-b33c-44e1-a155-500295a0db39: 53 datasets; 1.2 s; peak memory 1333 MiB.
2026-10-09T14:27:22Z INFO [729/750] 82e6eb3d-4d5d-4854-9496-befa5952c590: 66 datasets; 1.6 s; peak memory 1333 MiB.
2026-10-09T14:27:24Z INFO [730/750] 82e806ba-03c9-4740-8708-a5d29ea414cb: 112 datasets; 2.2 s; peak memory 1333 MiB.
2026-10-09T14:27:26Z INFO [731/750] 82e81c69-ddfd-4629-b7b6-aa1c5038bee7: 153 datasets; 2.2 s; peak memory 1333 MiB.
2026-10-09T14:27:33Z INFO [732/750] 82e8ea6d-7b65-4129-a7df-d87edfe51524: 550 datasets; 7.0 s; peak memory 1333 MiB.
2026-10-09T14:27:39Z INFO [733/750] 82eb81c8-9c0a-4c5d-a1b2-6cc64ecc4646: 436 datasets; 5.9 s; peak memory 1333 MiB.
2026-10-09T14:27:41Z INFO [734/750] 82ec3e68-2569-4317-85e1-91c2670614a1: 56 datasets; 1.5 s; peak memory 1333 MiB.
2026-10-09T14:27:43Z INFO [735/750] 82ed0192-23df-478a-8ac7-f651f987af65: 62 datasets; 1.9 s; peak memory 1333 MiB.
2026-10-09T14:27:47Z INFO [736/750] 82edc7af-0bee-4c0b-9306-6c6d282633f3: 156 datasets; 4.0 s; peak memory 1333 MiB.
2026-10-09T14:27:48Z INFO [737/750] 82edd177-478a-460a-a98a-8a561f77e89f: 48 datasets; 1.5 s; peak memory 1333 MiB.
2026-10-09T14:27:50Z INFO [738/750] 82edde3c-4c91-45fb-9037-4deab1525d90: 48 datasets; 1.5 s; peak memory 1333 MiB.
2026-10-09T14:27:52Z INFO [739/750] 82ee0dce-c14c-47d3-aaf6-f688b6230c5e: 112 datasets; 2.1 s; peak memory 1333 MiB.
2026-10-09T14:27:54Z INFO [740/750] 82ee9862-fb96-4442-99dd-38a5ec76e155: 69 datasets; 2.1 s; peak memory 1333 MiB.
2026-10-09T14:27:56Z INFO [741/750] 82ef2a4c-2180-4ceb-8028-aebb73823f5d: 69 datasets; 2.1 s; peak memory 1333 MiB.
2026-10-09T14:27:58Z INFO [742/750] 82f05cf8-d70c-4f08-b597-f78f18a0e4ef: 117 datasets; 1.9 s; peak memory 1333 MiB.
2026-10-09T14:28:00Z INFO [743/750] 82f09856-c6d5-4a87-8a74-39a4d9e162fe: 117 datasets; 1.9 s; peak memory 1333 MiB.
2026-10-09T14:28:01Z INFO [744/750] 82f0c1cf-930b-4294-96d8-c3cd26f86815: 39 datasets; 1.5 s; peak memory 1333 MiB.
2026-10-09T14:28:35Z INFO [745/750] 82f1a3de-522b-4101-824c-da4c227aebb8: 7676 datasets; 34.0 s; peak memory 1333 MiB.
2026-10-09T14:28:37Z INFO [746/750] 82f29f90-3374-4c10-917e-715f6f313f2a: 116 datasets; 1.7 s; peak memory 1333 MiB.
2026-10-09T14:28:38Z INFO [747/750] 82f2a83a-3cca-4df0-b021-0ee2c2332ff6: 48 datasets; 1.5 s; peak memory 1333 MiB.
2026-10-09T14:28:40Z INFO [748/750] 82f2ce2f-2df7-47eb-aac1-e2b78140bc2a: 110 datasets; 2.0 s; peak memory 1333 MiB.
2026-10-09T14:28:51Z INFO [749/750] 82f30105-93e8-49a7-8939-3287ad1030d4: 1053 datasets; 10.7 s; peak memory 1333 MiB.
2026-10-09T14:29:15Z INFO [750/750] 82f30333-ad3b-4dcd-bbed-fc1b7e30c89d: 517 datasets; 24.2 s; peak memory 1333 MiB.
2026-10-09T14:29:15Z INFO [750/750] 82f30333-ad3b-4dcd-bbed-fc1b7e30c89d: checkpointed 110085 new records.
2026-10-09T14:29:16Z INFO Wrote 110085 records to /tmp/derivatives/valid_nwb_file_to_number_of_datasets.jsonl (750 new, 0 failed) in 75.3 min (peak memory 1333 MiB).
