2026-10-10T18:11:15Z INFO Logging to /tmp/logs/update_2026-10-10T18-11-15Z.log.
2026-10-10T18:11:15Z INFO Update valid-nwb-file-to-number-of-datasets (base directory /tmp).
2026-10-10T18:11:16Z INFO Processing 750 items (119835 already recorded).
2026-10-10T18:11:17Z INFO [1/750] 970483fa-2130-408d-9951-8e192f8b26ff: 48 datasets; 1.0 s; peak memory 121 MiB.
2026-10-10T18:11:17Z INFO [2/750] 9704e803-1ce1-4ab6-a24d-74a7e9e2848b: 48 datasets; 0.7 s; peak memory 122 MiB.
2026-10-10T18:11:18Z INFO [3/750] 9706d3f7-baee-40f0-ab5a-cc2d88a42b9b: 50 datasets; 0.6 s; peak memory 122 MiB.
2026-10-10T18:11:19Z INFO [4/750] 97074528-4516-4a3d-a89d-3fd4b9ac4ecb: 48 datasets; 0.7 s; peak memory 122 MiB.
2026-10-10T18:11:19Z INFO [5/750] 9707a690-f188-48dc-874a-c237a4962cfa: 48 datasets; 0.7 s; peak memory 122 MiB.
2026-10-10T18:11:37Z INFO [6/750] 970864aa-ddc7-493a-b38c-a8346f614a52: 36 datasets; 18.0 s; peak memory 181 MiB.
2026-10-10T18:11:38Z INFO [7/750] 9708a6db-1c04-4e15-925b-d38c8029c71a: 48 datasets; 0.7 s; peak memory 182 MiB.
2026-10-10T18:11:45Z INFO [8/750] 9708c103-5c7d-4986-87fc-aeff4dac3d6f: 44 datasets; 6.9 s; peak memory 182 MiB.
2026-10-10T18:11:46Z INFO [9/750] 970a8502-cc01-4e95-ab92-b6256cdb9d96: 71 datasets; 0.9 s; peak memory 182 MiB.
2026-10-10T18:11:47Z INFO [10/750] 970aa03f-ff60-43f9-82df-324ef3d021e4: 110 datasets; 0.7 s; peak memory 182 MiB.
2026-10-10T18:11:47Z INFO [11/750] 970bcfd1-dd7b-45ce-9603-f0711d8f2cf1: 38 datasets; 0.5 s; peak memory 182 MiB.
2026-10-10T18:11:50Z INFO [12/750] 970bded3-9f0a-4f07-b815-fdf12bf4a32e: 404 datasets; 2.6 s; peak memory 182 MiB.
2026-10-10T18:11:50Z INFO [13/750] 970d1931-9738-4d1a-88ca-8aeabb6b7942: 84 datasets; 0.5 s; peak memory 182 MiB.
2026-10-10T18:13:12Z INFO [14/750] 970e04ba-eb9e-4469-bb30-3fda33a4e89a: 167 datasets; 82.0 s; peak memory 282 MiB.
2026-10-10T18:13:13Z INFO [15/750] 970e495c-bd27-4502-86c4-cde48ed81a13: 48 datasets; 0.7 s; peak memory 282 MiB.
2026-10-10T18:13:14Z INFO [16/750] 970e5c77-199e-4198-889b-35acdb336164: 119 datasets; 1.7 s; peak memory 282 MiB.
2026-10-10T18:13:17Z INFO [17/750] 970f00b8-caed-4da3-8175-6ea71fab8470: 188 datasets; 2.1 s; peak memory 282 MiB.
2026-10-10T18:13:17Z INFO [18/750] 97104e8f-1dd7-418a-b30c-31ba4a0ae060: 117 datasets; 0.8 s; peak memory 282 MiB.
2026-10-10T18:13:18Z INFO [19/750] 97109e99-50c6-415b-82b2-deebd3350fcb: 52 datasets; 0.6 s; peak memory 282 MiB.
2026-10-10T18:13:19Z INFO [20/750] 9711e276-7aba-4038-85f5-bd52685b9720: 71 datasets; 1.2 s; peak memory 282 MiB.
2026-10-10T18:13:24Z INFO [21/750] 9711f849-648c-47b8-879a-439a08f1f0a5: 705 datasets; 4.6 s; peak memory 282 MiB.
2026-10-10T18:13:25Z INFO [22/750] 971344f6-d252-47a8-997f-5e7b9f83a4bb: 66 datasets; 1.1 s; peak memory 282 MiB.
2026-10-10T18:13:29Z INFO [23/750] 97147673-0da7-4790-a854-ed80ec57cbe3: 206 datasets; 3.8 s; peak memory 282 MiB.
2026-10-10T18:13:30Z INFO [24/750] 9714dafc-abd5-4b76-a59a-b57173ca071c: 66 datasets; 0.9 s; peak memory 282 MiB.
2026-10-10T18:13:31Z INFO [25/750] 97158081-0a6d-4d10-9b8f-4cc3496a84b2: 71 datasets; 1.0 s; peak memory 282 MiB.
2026-10-10T18:13:31Z INFO [26/750] 9715cd95-4e16-4e71-b7b8-58c633f28752: 48 datasets; 0.6 s; peak memory 282 MiB.
2026-10-10T18:13:32Z INFO [27/750] 971613dc-f5ad-4b38-b93f-ad2018955330: 112 datasets; 0.8 s; peak memory 282 MiB.
2026-10-10T18:13:33Z INFO [28/750] 9716a529-fc2b-423b-a12c-7402692845e1: 112 datasets; 0.8 s; peak memory 282 MiB.
2026-10-10T18:13:33Z INFO [29/750] 9717d818-29f3-4d8c-9716-966ae9b78fcf: 48 datasets; 0.5 s; peak memory 282 MiB.
2026-10-10T18:13:34Z INFO [30/750] 9719136e-ba28-43b3-a83b-18533b284085: 48 datasets; 0.6 s; peak memory 282 MiB.
2026-10-10T18:13:35Z INFO [31/750] 97193882-cc28-40c0-9555-9c9f45bea9be: 48 datasets; 0.6 s; peak memory 282 MiB.
2026-10-10T18:13:35Z INFO [32/750] 97199933-874d-4add-bebd-bad99f4de1c2: 48 datasets; 0.5 s; peak memory 282 MiB.
2026-10-10T18:13:47Z INFO [33/750] 9719d11b-9b32-49da-a4cf-8ccf6ed79c0f: 48 datasets; 12.0 s; peak memory 282 MiB.
2026-10-10T18:13:49Z INFO [34/750] 9719d6f6-4505-4e8b-93e2-c53c8ec274b5: 90 datasets; 1.6 s; peak memory 282 MiB.
2026-10-10T18:13:49Z INFO [35/750] 971a20e6-3b0b-46fb-b9cd-db1e31ad893f: 110 datasets; 0.8 s; peak memory 282 MiB.
2026-10-10T18:13:51Z INFO [36/750] 971a246e-ba9d-4738-8a61-5b33b9bf4853: 45 datasets; 1.2 s; peak memory 282 MiB.
2026-10-10T18:13:51Z INFO [37/750] 971a5fea-ecb8-465c-ae2d-7155dd68f37b: 48 datasets; 0.6 s; peak memory 282 MiB.
2026-10-10T18:13:52Z INFO [38/750] 971b0806-a902-4461-a7db-a742187d9a15: 119 datasets; 1.0 s; peak memory 282 MiB.
2026-10-10T18:13:53Z INFO [39/750] 971b309b-9903-4848-aad5-e3bf18c2232a: 48 datasets; 0.7 s; peak memory 282 MiB.
2026-10-10T18:13:56Z INFO [40/750] 971ba0b6-dd24-4d8c-bc51-04b95e105305: 193 datasets; 3.4 s; peak memory 282 MiB.
2026-10-10T18:13:57Z INFO [41/750] 971bde11-b860-40b8-9d79-6af2e414ac12: 68 datasets; 1.1 s; peak memory 282 MiB.
2026-10-10T18:13:58Z INFO [42/750] 971bec13-6d24-4139-a440-03474bfc0f81: 62 datasets; 1.0 s; peak memory 282 MiB.
2026-10-10T18:13:59Z INFO [43/750] 971c2b96-136c-4fa2-bf61-4eb3727db036: 48 datasets; 0.5 s; peak memory 282 MiB.
2026-10-10T18:13:59Z INFO [44/750] 971cdb82-b0eb-491e-94b4-0f82478b6085: 48 datasets; 0.5 s; peak memory 282 MiB.
2026-10-10T18:14:00Z INFO [45/750] 971f0e83-fd4a-4aad-9697-e18907bd1f6b: 46 datasets; 0.7 s; peak memory 282 MiB.
2026-10-10T18:14:01Z INFO [46/750] 971f1c09-78bf-4720-b35c-dd3af1fb9de7: 48 datasets; 0.5 s; peak memory 282 MiB.
2026-10-10T18:14:01Z INFO [47/750] 971f570d-2c60-4751-9bb3-73692dee80b6: 46 datasets; 0.5 s; peak memory 282 MiB.
2026-10-10T18:14:02Z INFO [48/750] 971fdc12-7ac8-45ea-96d6-7fc830f31f49: 117 datasets; 0.7 s; peak memory 282 MiB.
2026-10-10T18:14:02Z INFO [49/750] 971fed24-c152-4c6c-923f-df33d7c0ffc5: 54 datasets; 0.4 s; peak memory 282 MiB.
2026-10-10T18:14:03Z INFO [50/750] 971fee55-3fcf-4fec-9e1b-a6fcc71a745f: 48 datasets; 0.5 s; peak memory 282 MiB.
2026-10-10T18:14:03Z INFO [50/750] 971fee55-3fcf-4fec-9e1b-a6fcc71a745f: checkpointed 119885 new records.
2026-10-10T18:14:03Z INFO [51/750] 97200c99-f1ce-407b-831e-5f53a22af49a: 48 datasets; 0.5 s; peak memory 282 MiB.
2026-10-10T18:14:04Z INFO [52/750] 9721079a-9ec0-4752-867f-dc6b8a8e7f8d: 115 datasets; 0.7 s; peak memory 282 MiB.
2026-10-10T18:14:10Z INFO [53/750] 97211758-7ec9-43c4-8dce-59d2e7feb51d: 801 datasets; 6.3 s; peak memory 282 MiB.
2026-10-10T18:14:11Z INFO [54/750] 9721e6df-3893-4452-90a9-3a762e7731be: 48 datasets; 0.6 s; peak memory 282 MiB.
2026-10-10T18:14:12Z INFO [55/750] 97221048-0988-4d55-bb6a-f885532943ad: 116 datasets; 0.6 s; peak memory 282 MiB.
2026-10-10T18:14:12Z INFO [56/750] 9722166e-d769-4a89-bc16-0a5dbf4e7cd4: 69 datasets; 0.8 s; peak memory 282 MiB.
2026-10-10T18:14:13Z INFO [57/750] 97225157-1825-46dc-8a93-d937e858242b: 122 datasets; 0.7 s; peak memory 282 MiB.
2026-10-10T18:14:17Z INFO [58/750] 9723b556-40f7-4c43-be88-461b3a8831ea: 193 datasets; 3.8 s; peak memory 282 MiB.
2026-10-10T18:14:18Z INFO [59/750] 97249478-4818-4d01-a1a9-bd9f7a51f48f: 66 datasets; 0.8 s; peak memory 282 MiB.
2026-10-10T18:14:18Z INFO [60/750] 9725624e-f336-4246-946e-1e4e2845f0c5: 114 datasets; 0.6 s; peak memory 282 MiB.
2026-10-10T18:14:19Z INFO [61/750] 9725700d-4e66-4254-a10a-f31f9d4d221e: 31 datasets; 0.5 s; peak memory 282 MiB.
2026-10-10T18:14:20Z INFO [62/750] 97258414-02e0-4cf0-964e-527c246db96d: 49 datasets; 0.7 s; peak memory 282 MiB.
2026-10-10T18:14:23Z INFO [63/750] 9725a0c9-67b3-448b-9dd0-89d42cc718db: 493 datasets; 3.5 s; peak memory 282 MiB.
2026-10-10T18:14:24Z INFO [64/750] 97273999-9146-4438-abb4-5594b7931eae: 118 datasets; 0.8 s; peak memory 282 MiB.
2026-10-10T18:14:25Z INFO [65/750] 9729389c-dff2-4691-9bd6-91b4ed55bc30: 115 datasets; 1.5 s; peak memory 282 MiB.
2026-10-10T18:14:26Z INFO [66/750] 972a6581-afbf-4d32-90b9-487edc456bf9: 62 datasets; 0.5 s; peak memory 282 MiB.
2026-10-10T18:14:26Z INFO [67/750] 972b25f5-d36e-4036-8358-ace42e168485: 48 datasets; 0.6 s; peak memory 282 MiB.
2026-10-10T18:14:27Z INFO [68/750] 972be65a-247a-4311-8223-d147e9c12e6f: 109 datasets; 0.8 s; peak memory 282 MiB.
2026-10-10T18:14:30Z INFO [69/750] 972bff88-2c1b-4798-a316-4c839526c3eb: 184 datasets; 2.3 s; peak memory 282 MiB.
2026-10-10T18:14:30Z INFO [70/750] 972c2a93-720a-4531-abc3-33278aecd782: 117 datasets; 0.6 s; peak memory 282 MiB.
2026-10-10T18:14:32Z INFO [71/750] 972ca575-e0e3-4850-8785-1793eaf5db07: 90 datasets; 1.6 s; peak memory 282 MiB.
2026-10-10T18:14:35Z INFO [72/750] 972d6032-e759-4343-9430-45418a64f2c9: 672 datasets; 3.5 s; peak memory 282 MiB.
2026-10-10T18:14:36Z INFO [73/750] 972dc62d-f14a-48e6-903b-e11d55f9f8f4: 48 datasets; 0.5 s; peak memory 282 MiB.
2026-10-10T18:14:36Z INFO [74/750] 972e5326-1272-4544-b883-110a25af98f7: 48 datasets; 0.5 s; peak memory 282 MiB.
2026-10-10T18:14:37Z INFO [75/750] 972ee26b-8b5a-4eb9-bf9e-fc6d8d3ac172: 66 datasets; 0.9 s; peak memory 282 MiB.
2026-10-10T18:14:38Z INFO [76/750] 972fd53e-c016-4abd-b57c-398ccce846fe: 48 datasets; 0.5 s; peak memory 282 MiB.
2026-10-10T18:14:39Z INFO [77/750] 9730a7ad-e7dd-4e12-8ae9-8beac0cb4ac0: 66 datasets; 0.8 s; peak memory 282 MiB.
2026-10-10T18:14:39Z INFO [78/750] 9730ef61-5fdf-43d1-815d-ab936e53240a: 118 datasets; 0.6 s; peak memory 282 MiB.
2026-10-10T18:14:40Z INFO [79/750] 973107bd-cd62-4720-ad12-fcc37097ed29: 114 datasets; 0.6 s; peak memory 282 MiB.
2026-10-10T18:14:41Z INFO [80/750] 9731abdb-aa7a-4734-a8dd-e84012364a97: 117 datasets; 0.8 s; peak memory 282 MiB.
2026-10-10T18:14:41Z INFO [81/750] 9732365b-a42e-4666-91dc-a52ce53b1db1: 46 datasets; 0.6 s; peak memory 282 MiB.
2026-10-10T18:14:42Z INFO [82/750] 97332fde-4079-4df9-b906-a18d1bab7dd9: 62 datasets; 0.9 s; peak memory 282 MiB.
2026-10-10T18:14:44Z INFO [83/750] 9733350b-ab76-4b15-b416-734c8bb629b2: 60 datasets; 1.7 s; peak memory 282 MiB.
2026-10-10T18:14:45Z INFO [84/750] 97339450-ff30-4ae2-8338-1230301970a0: 85 datasets; 1.6 s; peak memory 282 MiB.
2026-10-10T18:14:57Z INFO [85/750] 9733c318-7602-4fdb-acfd-ab9c8174087a: 522 datasets; 11.2 s; peak memory 282 MiB.
2026-10-10T18:14:58Z INFO [86/750] 9733e51f-4634-490e-a38b-7be0d5402eba: 114 datasets; 1.4 s; peak memory 282 MiB.
2026-10-10T18:14:59Z INFO [87/750] 97349a4e-215a-4c83-b33b-47310b6e5740: 112 datasets; 0.7 s; peak memory 282 MiB.
2026-10-10T18:15:00Z INFO [88/750] 9734c1dd-8807-479d-8f53-d30d35fb3a02: 48 datasets; 0.7 s; peak memory 282 MiB.
2026-10-10T18:15:00Z INFO [89/750] 9736f974-31bf-4177-9709-5916ee9ad053: 112 datasets; 0.9 s; peak memory 282 MiB.
2026-10-10T18:15:01Z INFO [90/750] 97371f0b-f7dd-4b0d-80ab-0b3b55bca535: 48 datasets; 0.5 s; peak memory 282 MiB.
2026-10-10T18:15:01Z INFO [91/750] 9737b128-484c-4a66-9f12-7d0716fdacef: 46 datasets; 0.4 s; peak memory 282 MiB.
2026-10-10T18:15:02Z INFO [92/750] 973a478b-7f52-422b-b478-712bc909278d: 46 datasets; 0.4 s; peak memory 282 MiB.
2026-10-10T18:15:02Z INFO [93/750] 973ad1b6-fba6-4633-8350-f1397f0203ef: 48 datasets; 0.5 s; peak memory 282 MiB.
2026-10-10T18:15:03Z INFO [94/750] 973af0dc-a981-4d33-9706-484673346d2b: 48 datasets; 0.5 s; peak memory 282 MiB.
2026-10-10T18:15:15Z INFO [95/750] 973b3563-bc65-4c68-9a74-2d28197124e3: 1014 datasets; 12.3 s; peak memory 282 MiB.
2026-10-10T18:15:45Z INFO [96/750] 973b59f3-4e5f-477b-8cb0-9d3ce1c9e06b: 10169 datasets; 30.4 s; peak memory 282 MiB.
2026-10-10T18:16:05Z INFO [97/750] 973bb1dd-7e0f-46c2-9c52-096312a6587f: 48 datasets; 19.2 s; peak memory 282 MiB.
2026-10-10T18:16:05Z INFO [98/750] 973bf154-0b08-4f7e-bea8-1d81b19e3bbf: 48 datasets; 0.6 s; peak memory 282 MiB.
2026-10-10T18:16:06Z INFO [99/750] 973ce022-649b-416e-a68a-a5972749ac87: 117 datasets; 0.7 s; peak memory 282 MiB.
2026-10-10T18:16:07Z INFO [100/750] 973d47e0-df59-4d5d-9e44-e86a37880183: 110 datasets; 0.8 s; peak memory 282 MiB.
2026-10-10T18:16:07Z INFO [100/750] 973d47e0-df59-4d5d-9e44-e86a37880183: checkpointed 119935 new records.
2026-10-10T18:16:08Z INFO [101/750] 973d67f6-169c-42fa-bc82-1d25d3c29170: 48 datasets; 0.5 s; peak memory 282 MiB.
2026-10-10T18:16:08Z INFO [102/750] 973d7fa8-7512-4730-9804-2f0ee6d222af: 48 datasets; 0.6 s; peak memory 282 MiB.
2026-10-10T18:16:09Z INFO [103/750] 973e7cc5-513e-4355-938b-ab55f444b273: 56 datasets; 0.4 s; peak memory 282 MiB.
2026-10-10T18:16:09Z INFO [104/750] 973ea57a-cbb0-48f8-a6ca-292b2fa3d2a3: 50 datasets; 0.4 s; peak memory 282 MiB.
2026-10-10T18:16:10Z INFO [105/750] 973ed926-33ad-4121-8ac9-dc6193a7cfa7: 116 datasets; 0.6 s; peak memory 282 MiB.
2026-10-10T18:16:11Z INFO [106/750] 973ef0ef-aa61-424e-9ed3-9e939d9e7e19: 165 datasets; 1.6 s; peak memory 282 MiB.
2026-10-10T18:16:12Z INFO [107/750] 973effa2-9941-474e-bb44-d28a8fd0e9b2: 112 datasets; 0.6 s; peak memory 282 MiB.
2026-10-10T18:16:13Z INFO [108/750] 973f1ea8-e48a-4ca3-91ad-e1833af0e9a6: 117 datasets; 1.4 s; peak memory 282 MiB.
2026-10-10T18:16:15Z INFO [109/750] 973f5eec-5ec3-4d2f-9ff1-d539d7d66b0c: 114 datasets; 1.6 s; peak memory 282 MiB.
2026-10-10T18:16:15Z INFO [110/750] 973f96ab-34f2-45c9-b3b1-6b317a5d62a3: 118 datasets; 0.7 s; peak memory 282 MiB.
2026-10-10T18:16:16Z INFO [111/750] 973fa675-3bf6-4c28-89da-078ca956b041: 46 datasets; 0.5 s; peak memory 282 MiB.
2026-10-10T18:16:16Z INFO [112/750] 973fbee9-75cb-47a5-a3bf-85be4246ca8c: 57 datasets; 0.4 s; peak memory 282 MiB.
2026-10-10T18:16:17Z INFO [113/750] 973fca9b-ede1-4afd-b2af-8296e6d3ff1a: 52 datasets; 0.4 s; peak memory 282 MiB.
2026-10-10T18:16:18Z INFO [114/750] 97401f35-25fe-4ae0-a6e0-f0def7ddfc45: 85 datasets; 1.7 s; peak memory 282 MiB.
2026-10-10T18:16:19Z INFO [115/750] 97405598-cedd-45b3-8221-8b1ce7011672: 46 datasets; 0.4 s; peak memory 282 MiB.
2026-10-10T18:16:19Z INFO [116/750] 97408562-013b-4a48-a9ca-6fd80f123a67: 48 datasets; 0.7 s; peak memory 282 MiB.
2026-10-10T18:16:20Z INFO [117/750] 9741969a-af50-453e-b70b-9f500abdba48: 37 datasets; 0.5 s; peak memory 282 MiB.
2026-10-10T18:16:21Z INFO [118/750] 9742ee53-ad5c-4bd0-8beb-e9180edbd647: 186 datasets; 1.4 s; peak memory 282 MiB.
2026-10-10T18:16:22Z INFO [119/750] 9743283d-1d54-4bfd-b2ac-4031bc5a054b: 118 datasets; 0.5 s; peak memory 282 MiB.
2026-10-10T18:16:22Z INFO [120/750] 974363ec-612f-432c-ae98-1e449c61963d: 117 datasets; 0.6 s; peak memory 282 MiB.
2026-10-10T18:16:23Z INFO [121/750] 9744b785-a43d-40ba-9df3-f7dc9c8bde50: 117 datasets; 0.8 s; peak memory 282 MiB.
2026-10-10T18:16:25Z INFO [122/750] 97458bba-370c-40ab-80c1-3acf833af7a1: 152 datasets; 1.6 s; peak memory 282 MiB.
2026-10-10T18:16:26Z INFO [123/750] 9745ade7-6cdf-430d-aa63-318af339d48b: 71 datasets; 1.2 s; peak memory 282 MiB.
2026-10-10T18:16:31Z INFO [124/750] 9745f03d-0e44-4269-a474-736dec8a41e2: 56 datasets; 4.9 s; peak memory 282 MiB.
2026-10-10T18:16:32Z INFO [125/750] 97465fa3-888d-48ac-89c1-81765726bd6b: 117 datasets; 0.6 s; peak memory 282 MiB.
2026-10-10T18:16:32Z INFO [126/750] 974730dc-9e2e-4e4e-81bc-1262a2c87bf0: 116 datasets; 0.8 s; peak memory 282 MiB.
2026-10-10T18:16:33Z INFO [127/750] 9747612a-ca07-4b56-930e-c2e98e371c40: 48 datasets; 0.6 s; peak memory 282 MiB.
2026-10-10T18:16:35Z INFO [128/750] 97476885-2502-48e7-90a2-101478ff4b77: 152 datasets; 1.6 s; peak memory 282 MiB.
2026-10-10T18:16:41Z INFO [129/750] 97481139-4df6-4de4-819c-ee481b898606: 778 datasets; 6.7 s; peak memory 282 MiB.
2026-10-10T18:16:42Z INFO [130/750] 974948b9-24bc-49d0-bcd7-271eda4731af: 48 datasets; 0.6 s; peak memory 282 MiB.
2026-10-10T18:16:43Z INFO [131/750] 97497520-dd35-4968-88a8-1fecab833569: 70 datasets; 0.8 s; peak memory 282 MiB.
2026-10-10T18:16:44Z INFO [132/750] 9749869e-b316-4c3b-9a24-8831bd0e19be: 112 datasets; 1.1 s; peak memory 282 MiB.
2026-10-10T18:16:49Z INFO [133/750] 974998cb-defd-4c83-ae3f-9039abba60d4: 664 datasets; 5.4 s; peak memory 282 MiB.
2026-10-10T18:16:50Z INFO [134/750] 974a6a03-e13f-4e25-9986-083c48a5562d: 41 datasets; 0.5 s; peak memory 282 MiB.
2026-10-10T18:16:50Z INFO [135/750] 974ac6db-5c6f-4de6-bec8-4df225694f0b: 112 datasets; 0.7 s; peak memory 282 MiB.
2026-10-10T18:16:51Z INFO [136/750] 974b0fb2-6771-4685-8802-ec3b1a834e0f: 69 datasets; 0.7 s; peak memory 282 MiB.
2026-10-10T18:16:52Z INFO [137/750] 974c4779-cf9b-4b51-85b5-6d12c13c56c6: 184 datasets; 1.1 s; peak memory 282 MiB.
2026-10-10T18:16:53Z INFO [138/750] 974c85c2-f894-4964-90fc-235159e156f3: 83 datasets; 0.6 s; peak memory 282 MiB.
2026-10-10T18:16:53Z INFO [139/750] 974d4eac-681a-489c-9f4f-c360f1b9f777: 48 datasets; 0.6 s; peak memory 282 MiB.
2026-10-10T18:16:58Z INFO [140/750] 974d586b-d21b-4ea3-bfe0-f4c5ecc7ecc8: 294 datasets; 4.6 s; peak memory 282 MiB.
2026-10-10T18:16:59Z INFO [141/750] 974dcefb-c425-4d11-a163-ae9427076242: 69 datasets; 0.8 s; peak memory 282 MiB.
2026-10-10T18:17:00Z INFO [142/750] 974e1d91-8f94-4cea-ac12-f420298b62b2: 118 datasets; 0.7 s; peak memory 282 MiB.
2026-10-10T18:17:02Z INFO [143/750] 974ebe15-366b-4f1b-9eaa-9876df60d473: 526 datasets; 2.8 s; peak memory 282 MiB.
2026-10-10T18:17:03Z INFO [144/750] 974ee689-0ec3-48ab-876e-ea4c998c12e9: 38 datasets; 0.5 s; peak memory 282 MiB.
2026-10-10T18:17:03Z INFO [145/750] 974face0-044f-4f6a-b84b-126491468858: 35 datasets; 0.5 s; peak memory 282 MiB.
2026-10-10T18:17:04Z INFO [146/750] 9750d19b-6532-4bb4-a6e7-bae9be82f40d: 110 datasets; 0.8 s; peak memory 282 MiB.
2026-10-10T18:17:05Z INFO [147/750] 97520ed6-820a-45df-92a1-1706da286899: 117 datasets; 0.7 s; peak memory 282 MiB.
2026-10-10T18:17:06Z INFO [148/750] 97525608-85e4-489d-8207-0daf71f73b51: 71 datasets; 1.0 s; peak memory 282 MiB.
2026-10-10T18:17:06Z INFO [149/750] 97526849-3a51-4ad0-b7fb-560522c8ebff: 48 datasets; 0.6 s; peak memory 282 MiB.
2026-10-10T18:17:07Z INFO [150/750] 975301f8-9045-4e39-a450-33daf0234165: 48 datasets; 0.6 s; peak memory 282 MiB.
2026-10-10T18:17:07Z INFO [150/750] 975301f8-9045-4e39-a450-33daf0234165: checkpointed 119985 new records.
2026-10-10T18:17:13Z INFO [151/750] 9753595a-76c3-4fe8-92da-8fa88f32461b: 303 datasets; 5.4 s; peak memory 282 MiB.
2026-10-10T18:17:13Z INFO [152/750] 97538f60-d45e-4fab-bb7b-511a0d0d394d: 117 datasets; 0.8 s; peak memory 282 MiB.
2026-10-10T18:17:14Z INFO [153/750] 97539f64-6b32-48c7-b92a-bec92e93eb9f: 41 datasets; 0.5 s; peak memory 282 MiB.
2026-10-10T18:17:14Z INFO [154/750] 9753ffae-73d3-4b29-b47e-247fc98334b7: 48 datasets; 0.4 s; peak memory 282 MiB.
2026-10-10T18:17:15Z INFO [155/750] 97541d7c-0ff4-4f4f-8279-e488ae1a1878: 48 datasets; 0.7 s; peak memory 282 MiB.
2026-10-10T18:17:16Z INFO [156/750] 9754aca8-383c-48cc-bf70-f8cab2681880: 66 datasets; 0.9 s; peak memory 282 MiB.
2026-10-10T18:17:17Z INFO [157/750] 97557087-dda8-4619-80cc-73633834ea63: 118 datasets; 0.6 s; peak memory 282 MiB.
2026-10-10T18:17:17Z INFO [158/750] 97564b83-b4e2-49f4-8b72-013b2d85a4a8: 46 datasets; 0.5 s; peak memory 282 MiB.
2026-10-10T18:17:23Z INFO [159/750] 9757dd51-d83f-4a90-8546-0f6a43bf020e: 945 datasets; 6.0 s; peak memory 282 MiB.
2026-10-10T18:17:24Z INFO [160/750] 9758c816-53e3-4694-ac4e-438eb6446f45: 50 datasets; 0.7 s; peak memory 282 MiB.
2026-10-10T18:17:24Z INFO [161/750] 975a82af-b40f-45f3-8914-e63625f1ef86: 116 datasets; 0.6 s; peak memory 282 MiB.
2026-10-10T18:17:25Z INFO [162/750] 975b7d19-7186-4488-b3c7-1a779090ad09: 117 datasets; 0.7 s; peak memory 282 MiB.
2026-10-10T18:17:25Z INFO [163/750] 975bfb10-3a85-4563-b9c9-0de1c4c41fbb: 54 datasets; 0.5 s; peak memory 282 MiB.
2026-10-10T18:17:26Z INFO [164/750] 975c5a57-1125-4332-a641-bd6b02cca541: 46 datasets; 0.4 s; peak memory 282 MiB.
2026-10-10T18:17:27Z INFO [165/750] 975d702a-25ed-4fdf-ba57-d90bb947f5ce: 112 datasets; 0.6 s; peak memory 282 MiB.
2026-10-10T18:17:27Z INFO [166/750] 975dcb93-1374-45ce-922e-7231d6bd9fdb: 113 datasets; 0.7 s; peak memory 282 MiB.
2026-10-10T18:17:28Z INFO [167/750] 975ddcd5-acd9-438b-bf30-4cd3963377ad: 48 datasets; 0.5 s; peak memory 282 MiB.
2026-10-10T18:17:28Z INFO [168/750] 975e0c0a-26f5-482c-ac68-03904776a46f: 48 datasets; 0.5 s; peak memory 282 MiB.
2026-10-10T18:17:29Z INFO [169/750] 975e66df-94d0-49d9-8787-9c651192b6e7: 117 datasets; 0.6 s; peak memory 282 MiB.
2026-10-10T18:17:29Z INFO [170/750] 975f6f88-c18a-4b1f-a387-9dd8bdde6f98: 48 datasets; 0.5 s; peak memory 282 MiB.
2026-10-10T18:17:30Z INFO [171/750] 97600699-075f-44c1-956a-811f904be400: 117 datasets; 0.5 s; peak memory 282 MiB.
2026-10-10T18:17:38Z INFO [172/750] 97605ce2-5188-4e82-95b1-841a92cfd889: 432 datasets; 7.7 s; peak memory 282 MiB.
2026-10-10T18:17:46Z INFO [173/750] 97607909-9058-4247-b70c-15aae7de2448: 557 datasets; 8.5 s; peak memory 282 MiB.
2026-10-10T18:17:47Z INFO [174/750] 976080de-70b4-424b-a3a7-c614f8b910a7: 101 datasets; 0.5 s; peak memory 282 MiB.
2026-10-10T18:17:47Z INFO [175/750] 9761f283-0448-47df-abda-6e43f2b2dd32: 48 datasets; 0.4 s; peak memory 282 MiB.
2026-10-10T18:17:53Z INFO [176/750] 97629fa2-3847-4423-8062-21bf375b1dad: 11485 datasets; 5.7 s; peak memory 282 MiB.
2026-10-10T18:17:53Z INFO [177/750] 97631fef-2e63-4e75-96c8-1addf308f86d: 52 datasets; 0.6 s; peak memory 282 MiB.
2026-10-10T18:17:54Z INFO [178/750] 9763b7f5-f0f4-4da5-864a-e5536b4170e4: 48 datasets; 0.6 s; peak memory 282 MiB.
2026-10-10T18:17:55Z INFO [179/750] 976425d2-bb97-4a14-8207-986034004ca7: 118 datasets; 0.9 s; peak memory 282 MiB.
2026-10-10T18:17:56Z INFO [180/750] 97645857-a1a7-4632-8eac-ec7abe38f59e: 155 datasets; 0.9 s; peak memory 282 MiB.
2026-10-10T18:18:09Z INFO [181/750] 9764728e-ad50-4e9d-983f-a27fda0b452a: 6595 datasets; 13.4 s; peak memory 310 MiB.
2026-10-10T18:18:10Z INFO [182/750] 97650206-a2f9-4e3f-a482-5799485134ea: 44 datasets; 0.5 s; peak memory 310 MiB.
2026-10-10T18:18:10Z INFO [183/750] 97653bc3-7e59-4cb5-a0c2-2a948d787d40: 46 datasets; 0.3 s; peak memory 310 MiB.
2026-10-10T18:18:10Z INFO [184/750] 976590e1-db05-4db8-9dad-923a865ce6bc: 52 datasets; 0.3 s; peak memory 310 MiB.
2026-10-10T18:18:11Z INFO [185/750] 97668336-b000-46ab-8be6-a62662554e64: 51 datasets; 0.4 s; peak memory 310 MiB.
2026-10-10T18:18:12Z INFO [186/750] 97682a13-aaae-4d7d-b58a-eb4d8430113d: 71 datasets; 1.2 s; peak memory 310 MiB.
2026-10-10T18:18:13Z INFO [187/750] 976833ed-a04d-46e8-b3f4-271ec90246f9: 110 datasets; 0.9 s; peak memory 310 MiB.
2026-10-10T18:18:14Z INFO [188/750] 976898cf-a25c-4a78-84d9-1bd31bb84992: 112 datasets; 0.7 s; peak memory 310 MiB.
2026-10-10T18:18:14Z INFO [189/750] 9769286a-333c-43d9-8c5b-a27cf26891cd: 57 datasets; 0.5 s; peak memory 310 MiB.
2026-10-10T18:18:15Z INFO [190/750] 976afd48-9e02-423e-9473-fb81b79c4055: 71 datasets; 1.0 s; peak memory 310 MiB.
2026-10-10T18:18:20Z INFO [191/750] 976bc4e5-1867-4737-ab13-349bf21d233e: 3343 datasets; 4.8 s; peak memory 310 MiB.
2026-10-10T18:18:21Z INFO [192/750] 976c0677-e8b1-43b9-b44e-f7dc4221e05f: 71 datasets; 1.3 s; peak memory 310 MiB.
2026-10-10T18:18:22Z INFO [193/750] 976c22f4-07cb-49b4-868a-3cf1834314bb: 52 datasets; 0.9 s; peak memory 310 MiB.
2026-10-10T18:18:22Z INFO [194/750] 976c52dc-b8a0-4759-97e9-f002ac518bc3: 39 datasets; 0.5 s; peak memory 310 MiB.
2026-10-10T18:18:23Z INFO [195/750] 976c873e-215b-4725-8054-65e33b8e95bc: 112 datasets; 0.7 s; peak memory 310 MiB.
2026-10-10T18:18:24Z INFO [196/750] 976d1d38-3cd1-4f0c-85b2-86401796456b: 45 datasets; 0.4 s; peak memory 310 MiB.
2026-10-10T18:18:24Z INFO [197/750] 976d6aa7-c1f1-4caf-b38f-523b5b6f7ffb: 70 datasets; 0.5 s; peak memory 310 MiB.
2026-10-10T18:18:29Z INFO [198/750] 976d77c6-8c6d-4e68-9519-f7e6bf6bdbfb: 339 datasets; 5.4 s; peak memory 310 MiB.
2026-10-10T18:18:30Z INFO [199/750] 976de7d8-520f-4f93-8aec-24111f93973a: 112 datasets; 0.7 s; peak memory 310 MiB.
2026-10-10T18:18:31Z INFO [200/750] 976f2f5e-35b9-4c0a-ae9a-c2ba440395c6: 41 datasets; 0.6 s; peak memory 310 MiB.
2026-10-10T18:18:31Z INFO [200/750] 976f2f5e-35b9-4c0a-ae9a-c2ba440395c6: checkpointed 120035 new records.
2026-10-10T18:18:32Z INFO [201/750] 976fc3f2-bc71-4276-950a-3216fc5eb8ee: 155 datasets; 1.1 s; peak memory 310 MiB.
2026-10-10T18:18:33Z INFO [202/750] 97702256-13ab-4b96-aad6-fcad5517a426: 152 datasets; 1.3 s; peak memory 310 MiB.
2026-10-10T18:18:35Z INFO [203/750] 97706954-c697-4da0-9bf8-7fb868f04122: 116 datasets; 1.4 s; peak memory 310 MiB.
2026-10-10T18:18:35Z INFO [204/750] 97709feb-76c6-43cb-8cb0-9ac1e3cecdfc: 117 datasets; 0.8 s; peak memory 310 MiB.
2026-10-10T18:18:38Z INFO [205/750] 9770e49b-7dbc-4322-a151-05795a47a6e7: 435 datasets; 2.6 s; peak memory 310 MiB.
2026-10-10T18:18:39Z INFO [206/750] 977126f2-188d-4212-a8e3-1e8724f7039e: 110 datasets; 1.0 s; peak memory 310 MiB.
2026-10-10T18:18:40Z INFO [207/750] 97719772-56bf-463f-b468-b9cdcbc7db13: 48 datasets; 0.6 s; peak memory 310 MiB.
2026-10-10T18:18:47Z INFO [208/750] 97746829-371a-4719-a0b6-90f032d4e3ad: 98 datasets; 7.2 s; peak memory 310 MiB.
2026-10-10T18:18:47Z INFO [209/750] 97747df3-7a88-435a-870a-321ccdd41e27: 48 datasets; 0.6 s; peak memory 310 MiB.
2026-10-10T18:18:59Z INFO [210/750] 977524f3-6a23-4787-bd59-752ffe2ffbe0: 522 datasets; 11.6 s; peak memory 310 MiB.
2026-10-10T18:19:00Z INFO [211/750] 97755a10-5a3c-472f-94a7-3658856027a9: 37 datasets; 0.4 s; peak memory 310 MiB.
2026-10-10T18:19:00Z INFO [212/750] 977591b8-3059-4b34-afdf-1cd3ac56230f: 63 datasets; 0.5 s; peak memory 310 MiB.
2026-10-10T18:19:01Z INFO [213/750] 9775a69d-0b42-438f-867d-815f1d3a91b9: 117 datasets; 0.6 s; peak memory 310 MiB.
2026-10-10T18:19:06Z INFO [214/750] 9776163a-1a9d-462c-8cee-38bc7a881b83: 718 datasets; 5.0 s; peak memory 310 MiB.
2026-10-10T18:19:07Z INFO [215/750] 977672df-0cce-417d-8194-2430efc2beb0: 112 datasets; 0.8 s; peak memory 310 MiB.
2026-10-10T18:19:07Z INFO [216/750] 97767c26-3043-47d5-9848-de5235880d1a: 48 datasets; 0.6 s; peak memory 310 MiB.
2026-10-10T18:19:08Z INFO [217/750] 9776bd0f-4441-445b-aed6-f2638664fc8a: 66 datasets; 1.1 s; peak memory 310 MiB.
2026-10-10T18:19:09Z INFO [218/750] 97773987-0d15-4039-b7d4-9857ff8906b1: 48 datasets; 0.6 s; peak memory 310 MiB.
2026-10-10T18:19:10Z INFO [219/750] 9777c49e-3d83-42e7-adc0-af4928df26d1: 68 datasets; 0.6 s; peak memory 310 MiB.
2026-10-10T18:19:10Z INFO [220/750] 977888d0-7096-4226-adbb-a781ce394d03: 59 datasets; 0.8 s; peak memory 310 MiB.
2026-10-10T18:19:11Z INFO [221/750] 97790733-5fc8-45e2-b746-5c1a6f41b96c: 118 datasets; 0.6 s; peak memory 310 MiB.
2026-10-10T18:19:12Z INFO [222/750] 9779336e-9d1e-4ce0-8069-62c86d7ada41: 71 datasets; 1.2 s; peak memory 310 MiB.
2026-10-10T18:19:13Z INFO [223/750] 9779cff4-fe4d-4b86-b3f5-e1a8362f5b75: 53 datasets; 0.4 s; peak memory 310 MiB.
2026-10-10T18:19:14Z INFO [224/750] 977ac0ab-c914-4d3a-84b8-94df5692e81c: 71 datasets; 1.2 s; peak memory 310 MiB.
2026-10-10T18:19:20Z INFO [225/750] 977af328-c7f5-4436-9150-9664d20a65ff: 1465 datasets; 6.0 s; peak memory 310 MiB.
2026-10-10T18:19:20Z INFO [226/750] 977b07d6-bc3d-4414-96c0-6031234bba08: 110 datasets; 0.7 s; peak memory 310 MiB.
2026-10-10T18:19:21Z INFO [227/750] 977bd707-9519-4ca3-9b58-bc9562520e1f: 112 datasets; 1.0 s; peak memory 310 MiB.
2026-10-10T18:19:42Z INFO [228/750] 977be1c0-0ca3-42c8-9a29-3bc10a7a1d07: 5116 datasets; 20.5 s; peak memory 369 MiB.
2026-10-10T18:19:43Z INFO [229/750] 977bf510-d39f-45aa-879c-5faf4f7eb78c: 48 datasets; 0.7 s; peak memory 369 MiB.
2026-10-10T18:19:43Z INFO [230/750] 977c70db-74d2-4e85-b83c-ca6e86ac2a67: 46 datasets; 0.4 s; peak memory 369 MiB.
2026-10-10T18:19:44Z INFO [231/750] 977c8918-837d-413d-8937-6dd7778de244: 48 datasets; 0.5 s; peak memory 369 MiB.
2026-10-10T18:19:52Z INFO [232/750] 977d3e26-12f4-444a-a10c-53f40ef79872: 6691 datasets; 8.7 s; peak memory 369 MiB.
2026-10-10T18:19:53Z INFO [233/750] 977de934-84a8-48c2-8dcb-db7b2bfd56e4: 48 datasets; 0.5 s; peak memory 369 MiB.
2026-10-10T18:19:53Z INFO [234/750] 977e4180-cff5-4cea-8f21-c336cdceaa96: 52 datasets; 0.5 s; peak memory 369 MiB.
2026-10-10T18:19:54Z INFO [235/750] 9780b19e-253a-4e76-9559-91920662fac7: 48 datasets; 0.5 s; peak memory 369 MiB.
2026-10-10T18:19:54Z INFO [236/750] 97819483-4e77-4938-a623-4edccb15c1a4: 52 datasets; 0.5 s; peak memory 369 MiB.
2026-10-10T18:19:57Z INFO [237/750] 9782bae6-9a91-462e-a179-18028cbd3598: 538 datasets; 2.9 s; peak memory 369 MiB.
2026-10-10T18:19:59Z INFO [238/750] 9782cc06-28f4-4b3d-b6bb-e7f08850ace1: 38 datasets; 2.1 s; peak memory 369 MiB.
2026-10-10T18:20:00Z INFO [239/750] 9783ee14-da75-4361-9527-3cee68e57433: 79 datasets; 0.8 s; peak memory 369 MiB.
2026-10-10T18:20:01Z INFO [240/750] 97866ad4-7001-4e8d-a7f8-18ca7dd3cbc8: 117 datasets; 0.8 s; peak memory 369 MiB.
2026-10-10T18:20:03Z INFO [241/750] 9787009a-2961-4730-811e-a7e9bd04e9e6: 82 datasets; 2.0 s; peak memory 369 MiB.
2026-10-10T18:20:03Z INFO [242/750] 97874b50-f921-4355-8413-051696814815: 52 datasets; 0.5 s; peak memory 369 MiB.
2026-10-10T18:20:04Z INFO [243/750] 9787921d-5f3f-43f1-80ff-e299362ab167: 112 datasets; 0.7 s; peak memory 369 MiB.
2026-10-10T18:20:10Z INFO [244/750] 9787a77b-4ff8-49c3-89da-24cc25f1be0b: 11477 datasets; 5.8 s; peak memory 369 MiB.
2026-10-10T18:20:11Z INFO [245/750] 9787c0d8-1682-4853-a665-7c6f1c2ef123: 79 datasets; 0.8 s; peak memory 369 MiB.
2026-10-10T18:20:11Z INFO [246/750] 9787c831-0995-4eab-aa5c-cf85213e5e57: 69 datasets; 0.7 s; peak memory 369 MiB.
2026-10-10T18:20:12Z INFO [247/750] 97883fbd-c5fb-4ad6-b34a-64be33a534a8: 66 datasets; 0.8 s; peak memory 369 MiB.
2026-10-10T18:20:13Z INFO [248/750] 97887cb8-d5b3-463f-9fe4-72104a462f2b: 66 datasets; 0.9 s; peak memory 369 MiB.
2026-10-10T18:20:14Z INFO [249/750] 97894114-b5c2-4e2d-ac6f-2b884a67ac57: 52 datasets; 1.2 s; peak memory 369 MiB.
2026-10-10T18:20:18Z INFO [250/750] 9789416c-a10c-42d8-b4f1-6974c3e2194b: 1101 datasets; 4.3 s; peak memory 369 MiB.
2026-10-10T18:20:19Z INFO [250/750] 9789416c-a10c-42d8-b4f1-6974c3e2194b: checkpointed 120085 new records.
2026-10-10T18:20:20Z INFO [251/750] 97896e85-1084-428d-92fe-273390538af8: 112 datasets; 1.0 s; peak memory 369 MiB.
2026-10-10T18:20:20Z INFO [252/750] 978a56ed-05d4-446e-8f3d-9760beeb1313: 117 datasets; 0.8 s; peak memory 369 MiB.
2026-10-10T18:20:21Z INFO [253/750] 978ab9ec-c543-4b9c-be62-cff184e94f0d: 66 datasets; 0.8 s; peak memory 369 MiB.
2026-10-10T18:20:22Z INFO [254/750] 978aefca-7be9-4410-b1d7-8c9e527ec0f1: 117 datasets; 0.7 s; peak memory 369 MiB.
2026-10-10T18:20:22Z INFO [255/750] 978b4708-42ef-41ac-849f-301faad26f6e: 48 datasets; 0.5 s; peak memory 369 MiB.
2026-10-10T18:20:24Z INFO [256/750] 978b9359-49fe-4938-a59c-287f113b6eba: 115 datasets; 1.3 s; peak memory 369 MiB.
2026-10-10T18:20:24Z INFO [257/750] 978b9d70-6519-4e11-b858-9d46a0d9ee4f: 112 datasets; 0.7 s; peak memory 369 MiB.
2026-10-10T18:20:25Z INFO [258/750] 978eaded-bcc1-4ae3-8198-a7c3dd795082: 115 datasets; 1.1 s; peak memory 369 MiB.
2026-10-10T18:20:26Z INFO [259/750] 9790db46-ec5a-4241-9957-80f257219dc7: 116 datasets; 0.8 s; peak memory 369 MiB.
2026-10-10T18:20:27Z INFO [260/750] 97918deb-6a50-44ba-b190-9c24d9cb67e7: 48 datasets; 0.5 s; peak memory 369 MiB.
2026-10-10T18:21:43Z INFO [261/750] 97919174-a1f8-4696-a1b1-ff0d67483928: 241 datasets; 76.7 s; peak memory 392 MiB.
2026-10-10T18:21:44Z INFO [262/750] 9791c789-75fe-4a38-b3d9-ffd8aab4f979: 48 datasets; 0.7 s; peak memory 392 MiB.
2026-10-10T18:21:45Z INFO [263/750] 97949112-a4a0-4893-9e11-938b47b85533: 48 datasets; 0.6 s; peak memory 392 MiB.
2026-10-10T18:21:49Z INFO [264/750] 97954c77-72ed-4a45-9efe-dd123d52abdf: 589 datasets; 4.7 s; peak memory 392 MiB.
2026-10-10T18:21:52Z INFO [265/750] 97955a33-9cf4-448f-9ead-31fd85712116: 378 datasets; 2.8 s; peak memory 392 MiB.
2026-10-10T18:21:53Z INFO [266/750] 979592f7-3f50-463e-8a5b-255a1156e57f: 261 datasets; 0.9 s; peak memory 392 MiB.
2026-10-10T18:21:53Z INFO [267/750] 97965055-db55-4b74-9b6e-8374e9c9ff34: 46 datasets; 0.4 s; peak memory 392 MiB.
2026-10-10T18:21:54Z INFO [268/750] 97967b6a-3fd1-4904-a084-70c980621c8a: 48 datasets; 0.7 s; peak memory 392 MiB.
2026-10-10T18:21:55Z INFO [269/750] 9796b41c-01f0-40bd-86a9-c38a87090fe5: 112 datasets; 1.1 s; peak memory 392 MiB.
2026-10-10T18:21:56Z INFO [270/750] 9799be67-9331-4182-bdef-06cc699a2a64: 71 datasets; 1.1 s; peak memory 392 MiB.
2026-10-10T18:21:57Z INFO [271/750] 9799fe6d-4947-4355-9eee-56c4575187db: 48 datasets; 0.6 s; peak memory 392 MiB.
2026-10-10T18:21:58Z INFO [272/750] 979a2d74-c784-4d1e-8551-0c28bc1902fa: 116 datasets; 0.6 s; peak memory 392 MiB.
2026-10-10T18:21:58Z INFO [273/750] 979ba543-b22a-49de-865c-4dd503b4e712: 49 datasets; 0.5 s; peak memory 392 MiB.
2026-10-10T18:22:00Z INFO [274/750] 979bf291-fb49-49b6-8568-4ff0c9e4f468: 339 datasets; 1.8 s; peak memory 392 MiB.
2026-10-10T18:22:02Z INFO [275/750] 979c3c3c-497b-47dd-b857-79bb99628b0d: 38 datasets; 2.2 s; peak memory 392 MiB.
2026-10-10T18:22:03Z INFO [276/750] 979c950f-3c0f-402c-a4b2-8eb683276777: 48 datasets; 0.5 s; peak memory 392 MiB.
2026-10-10T18:22:03Z INFO [277/750] 979cb986-5a01-48e7-9e1f-8ef9543a5679: 116 datasets; 0.7 s; peak memory 392 MiB.
2026-10-10T18:22:04Z INFO [278/750] 979e4590-fbf4-4725-bdc7-0399694f057c: 48 datasets; 0.6 s; peak memory 392 MiB.
2026-10-10T18:22:05Z INFO [279/750] 979f55f2-8cfb-4fc8-8163-6dd614ac66f8: 117 datasets; 0.6 s; peak memory 392 MiB.
2026-10-10T18:22:09Z INFO [280/750] 979f74d0-0656-49c7-80fb-266954f818cf: 779 datasets; 4.3 s; peak memory 392 MiB.
2026-10-10T18:22:10Z INFO [281/750] 979f96ef-6be2-4da1-a06d-eb2e704bcaab: 69 datasets; 0.9 s; peak memory 392 MiB.
2026-10-10T18:22:10Z INFO [282/750] 979faab0-94f3-4f20-a032-acdb67ff0eb5: 48 datasets; 0.6 s; peak memory 392 MiB.
2026-10-10T18:22:16Z INFO [283/750] 97a05d42-a45a-44c7-997f-9b96d229182f: 106 datasets; 6.0 s; peak memory 392 MiB.
2026-10-10T18:22:17Z INFO [284/750] 97a1dd3a-16d7-4e96-9f64-e5ae1166d1a5: 68 datasets; 1.0 s; peak memory 392 MiB.
2026-10-10T18:22:18Z INFO [285/750] 97a28457-536c-4b58-a44d-0c4b05e06b4a: 48 datasets; 0.5 s; peak memory 392 MiB.
2026-10-10T18:25:16Z INFO [286/750] 97a29e81-2835-488f-b6d5-64e8c5161929: 436 datasets; 178.2 s; peak memory 570 MiB.
2026-10-10T18:25:17Z INFO [287/750] 97a46c20-63dd-4d0e-af58-d8b4fa3ad73c: 48 datasets; 0.6 s; peak memory 570 MiB.
2026-10-10T18:25:25Z INFO [288/750] 97a4f8cd-439d-411e-b5e8-11d15874a14b: 966 datasets; 8.7 s; peak memory 570 MiB.
2026-10-10T18:25:29Z INFO [289/750] 97a629b6-d3cc-44c8-9fc2-1c78a6408d04: 638 datasets; 3.6 s; peak memory 570 MiB.
2026-10-10T18:25:30Z INFO [290/750] 97a69257-482b-4bb5-a902-bf4e47308373: 71 datasets; 1.2 s; peak memory 570 MiB.
2026-10-10T18:25:31Z INFO [291/750] 97a6eea9-8f54-401d-aa79-036ef1cf5688: 165 datasets; 1.3 s; peak memory 570 MiB.
2026-10-10T18:26:01Z INFO [292/750] 97a7460d-c0d9-4c78-80fe-a10427e39dd2: 55 datasets; 29.9 s; peak memory 570 MiB.
2026-10-10T18:26:02Z INFO [293/750] 97a86d28-caf2-41eb-be87-d8e11f72d54e: 48 datasets; 0.8 s; peak memory 570 MiB.
2026-10-10T18:26:03Z INFO [294/750] 97a888ed-28c7-49cc-ac24-3949f43127da: 45 datasets; 0.6 s; peak memory 570 MiB.
2026-10-10T18:26:04Z INFO [295/750] 97a8ef3d-777e-4953-ab0a-74a44fdd12ba: 71 datasets; 1.3 s; peak memory 570 MiB.
2026-10-10T18:26:05Z INFO [296/750] 97a90e04-38b7-4919-983b-44842af0f5c9: 117 datasets; 0.7 s; peak memory 570 MiB.
2026-10-10T18:26:18Z INFO [297/750] 97a9c0fc-4c3c-48a9-a83d-36a2241261b1: 48 datasets; 13.5 s; peak memory 570 MiB.
2026-10-10T18:26:19Z INFO [298/750] 97a9cb38-53bf-4fae-a733-65a17a876115: 48 datasets; 0.5 s; peak memory 570 MiB.
2026-10-10T18:26:19Z INFO [299/750] 97aafd97-216a-49ac-9caa-e961d90096af: 66 datasets; 0.8 s; peak memory 570 MiB.
2026-10-10T18:26:20Z INFO [300/750] 97ab4f08-00cf-4694-a51b-fe1faf8148b5: 48 datasets; 0.5 s; peak memory 570 MiB.
2026-10-10T18:26:20Z INFO [300/750] 97ab4f08-00cf-4694-a51b-fe1faf8148b5: checkpointed 120135 new records.
2026-10-10T18:26:21Z INFO [301/750] 97acd7f8-9dd5-4fca-bdb4-479f995084c3: 48 datasets; 0.5 s; peak memory 570 MiB.
2026-10-10T18:26:21Z INFO [302/750] 97ad0260-4173-4a0f-bdbf-80098c628a48: 60 datasets; 0.5 s; peak memory 570 MiB.
2026-10-10T18:26:22Z INFO [303/750] 97ae0374-f193-44cc-8b9b-69adc087900b: 275 datasets; 1.0 s; peak memory 570 MiB.
2026-10-10T18:26:23Z INFO [304/750] 97ae6453-8723-49eb-b963-9202e70630e9: 91 datasets; 1.2 s; peak memory 570 MiB.
2026-10-10T18:26:24Z INFO [305/750] 97b09767-3be3-466f-b0fa-1974ad2a8ee2: 116 datasets; 0.5 s; peak memory 570 MiB.
2026-10-10T18:26:25Z INFO [306/750] 97b10f00-ff25-41bf-bdc3-2fdfd5f25b3f: 112 datasets; 0.9 s; peak memory 570 MiB.
2026-10-10T18:26:26Z INFO [307/750] 97b14031-764c-4107-800e-b412fd022afe: 112 datasets; 0.9 s; peak memory 570 MiB.
2026-10-10T18:26:26Z INFO [308/750] 97b186d6-826f-4ace-8ca9-f1a71cde2df4: 118 datasets; 0.6 s; peak memory 570 MiB.
2026-10-10T18:26:27Z INFO [309/750] 97b22e32-0155-481a-ada7-f67a1c45c4dc: 71 datasets; 1.2 s; peak memory 570 MiB.
2026-10-10T18:26:28Z INFO [310/750] 97b2de08-576e-402c-9e4d-546ccf94fbad: 48 datasets; 0.6 s; peak memory 570 MiB.
2026-10-10T18:26:29Z INFO [311/750] 97b2f272-fa28-4a5f-9ebc-67038974263f: 48 datasets; 0.6 s; peak memory 570 MiB.
2026-10-10T18:26:29Z INFO [312/750] 97b378f8-1785-47f9-a48c-e041b24392fe: 112 datasets; 0.6 s; peak memory 570 MiB.
2026-10-10T18:26:30Z INFO [313/750] 97b3b752-881c-4194-a3c9-6f8ea025b400: 56 datasets; 0.4 s; peak memory 570 MiB.
2026-10-10T18:26:30Z INFO [314/750] 97b3be0f-6f45-4d6f-915e-19996b362bee: 111 datasets; 0.7 s; peak memory 570 MiB.
2026-10-10T18:26:34Z INFO [315/750] 97b3c5e0-8fe0-4872-bc6c-e0d10391d7b4: 225 datasets; 3.9 s; peak memory 570 MiB.
2026-10-10T18:26:35Z INFO [316/750] 97b41782-112f-4acf-ac7c-d043e75a1f0d: 52 datasets; 0.6 s; peak memory 570 MiB.
2026-10-10T18:26:36Z INFO [317/750] 97b48ebb-046b-4790-ac6d-2ddb3de89dc8: 79 datasets; 0.7 s; peak memory 570 MiB.
2026-10-10T18:26:36Z INFO [318/750] 97b4c9c5-59b9-4d1c-9683-6d23aaf4b2b4: 46 datasets; 0.5 s; peak memory 570 MiB.
2026-10-10T18:26:37Z INFO [319/750] 97b4e038-c101-4f28-a4b7-ed2544157602: 38 datasets; 1.1 s; peak memory 570 MiB.
2026-10-10T18:26:38Z INFO [320/750] 97b555cd-3b4d-4126-a39e-5dc55a9753ab: 118 datasets; 0.6 s; peak memory 570 MiB.
2026-10-10T18:26:50Z INFO [321/750] 97b5d2ff-f32e-4939-85d9-3cc04cb51393: 522 datasets; 11.9 s; peak memory 570 MiB.
2026-10-10T18:26:52Z INFO [322/750] 97b619e6-402b-432e-9e4a-9ae20bbff281: 38 datasets; 2.3 s; peak memory 570 MiB.
2026-10-10T18:26:52Z INFO [323/750] 97b64832-fcff-4c40-9745-a9160c69cf4f: 46 datasets; 0.3 s; peak memory 570 MiB.
2026-10-10T18:26:53Z INFO [324/750] 97b6599a-8d24-4442-b03b-40f7a10e1302: 115 datasets; 0.8 s; peak memory 570 MiB.
2026-10-10T18:27:01Z INFO [325/750] 97b689af-21a3-4218-aacf-194ea428dbc8: 931 datasets; 7.5 s; peak memory 570 MiB.
2026-10-10T18:27:01Z INFO [326/750] 97b69631-ecfb-42a6-832b-4b22c1c2936e: 69 datasets; 0.6 s; peak memory 570 MiB.
2026-10-10T18:27:02Z INFO [327/750] 97b6f147-a3d0-4d2f-92aa-b12c708d3687: 116 datasets; 0.6 s; peak memory 570 MiB.
2026-10-10T18:27:02Z INFO [328/750] 97b6fbab-b25a-49f0-8b56-7f729cd62780: 48 datasets; 0.6 s; peak memory 570 MiB.
2026-10-10T18:27:03Z INFO [329/750] 97b741e4-ba90-47c0-8d52-1a7181f0e080: 110 datasets; 0.9 s; peak memory 570 MiB.
2026-10-10T18:27:04Z INFO [330/750] 97b8056d-fc2c-4d36-83bd-0eff882e9682: 48 datasets; 0.6 s; peak memory 570 MiB.
2026-10-10T18:27:04Z INFO [331/750] 97b8468c-ed51-477c-a8c5-4f73c6d9f867: 117 datasets; 0.6 s; peak memory 570 MiB.
2026-10-10T18:27:05Z INFO [332/750] 97b8e40b-a6b2-4465-a2b5-61c49132a6f4: 78 datasets; 0.5 s; peak memory 570 MiB.
2026-10-10T18:27:09Z INFO [333/750] 97b9ff13-d26e-4e4f-be45-c7ad54c2120f: 391 datasets; 4.3 s; peak memory 570 MiB.
2026-10-10T18:27:17Z INFO [334/750] 97bafbf0-417d-4f5f-ad8d-0152f38aa592: 979 datasets; 7.3 s; peak memory 570 MiB.
2026-10-10T18:27:17Z INFO [335/750] 97bb2e28-a6f2-40fe-8229-6b5038f0fc42: 48 datasets; 0.6 s; peak memory 570 MiB.
2026-10-10T18:27:18Z INFO [336/750] 97bc2679-690e-4e0f-bcce-b3441cfb7a44: 37 datasets; 0.4 s; peak memory 570 MiB.
2026-10-10T18:27:18Z INFO [337/750] 97bc3f76-f01e-4375-9075-d1bf9460a5c9: 70 datasets; 0.7 s; peak memory 570 MiB.
2026-10-10T18:27:19Z INFO [338/750] 97bcca87-093b-4c63-939f-e3bf607c084d: 48 datasets; 0.6 s; peak memory 570 MiB.
2026-10-10T18:27:20Z INFO [339/750] 97bd0158-b3dd-4892-9742-523c65abcf1d: 48 datasets; 0.7 s; peak memory 570 MiB.
2026-10-10T18:27:21Z INFO [340/750] 97bd2a40-8300-450c-b554-475d6021f3c4: 69 datasets; 1.1 s; peak memory 570 MiB.
2026-10-10T18:27:21Z INFO [341/750] 97bd8d99-7b24-45b8-bcb0-ff7d4e3c89e1: 48 datasets; 0.6 s; peak memory 570 MiB.
2026-10-10T18:27:22Z INFO [342/750] 97bef2bb-1929-45a9-8f4f-f8af4d4b2697: 48 datasets; 0.6 s; peak memory 570 MiB.
2026-10-10T18:27:23Z INFO [343/750] 97c01ac2-441b-4ecc-b69f-a548050e9cac: 48 datasets; 0.7 s; peak memory 570 MiB.
2026-10-10T18:27:23Z INFO [344/750] 97c1075f-0cc4-462d-9acb-25ac26ec0e64: 51 datasets; 0.7 s; peak memory 570 MiB.
2026-10-10T18:27:24Z INFO [345/750] 97c11197-3143-4b28-a3b5-875d3380877f: 118 datasets; 0.6 s; peak memory 570 MiB.
2026-10-10T18:27:24Z INFO [346/750] 97c21894-2e19-43ca-ab2f-3fd5f62a6df2: 46 datasets; 0.4 s; peak memory 570 MiB.
2026-10-10T18:27:25Z INFO [347/750] 97c23bb2-ea87-4159-864d-727d156918c9: 48 datasets; 0.6 s; peak memory 570 MiB.
2026-10-10T18:27:26Z INFO [348/750] 97c374aa-b1ed-4e3b-915b-d78b52386ab7: 112 datasets; 0.7 s; peak memory 570 MiB.
2026-10-10T18:27:26Z INFO [349/750] 97c39cf1-bd74-495b-969c-699ae7e70f18: 48 datasets; 0.7 s; peak memory 570 MiB.
2026-10-10T18:27:27Z INFO [350/750] 97c468c6-d0e3-4eb9-af67-29f516ec44c4: 112 datasets; 0.7 s; peak memory 570 MiB.
2026-10-10T18:27:27Z INFO [350/750] 97c468c6-d0e3-4eb9-af67-29f516ec44c4: checkpointed 120185 new records.
2026-10-10T18:27:28Z INFO [351/750] 97c508d4-5c3f-44b3-b551-5483f7b685b2: 75 datasets; 1.0 s; peak memory 570 MiB.
2026-10-10T18:27:29Z INFO [352/750] 97c53253-201d-4eb4-b1f0-ab0b049e3af8: 48 datasets; 0.6 s; peak memory 570 MiB.
2026-10-10T18:27:32Z INFO [353/750] 97c5397d-8abf-4938-ab34-681220e26999: 260 datasets; 3.0 s; peak memory 570 MiB.
2026-10-10T18:27:32Z INFO [354/750] 97c5a6b5-5cd2-4a0a-9e48-5b7f6319d379: 46 datasets; 0.5 s; peak memory 570 MiB.
2026-10-10T18:29:35Z INFO [355/750] 97c60bf4-49d5-48be-bfeb-66416eb59511: 173 datasets; 122.6 s; peak memory 570 MiB.
2026-10-10T18:29:36Z INFO [356/750] 97c63f9a-21e8-443d-8d7f-28c3a5c12d00: 48 datasets; 0.7 s; peak memory 570 MiB.
2026-10-10T18:29:37Z INFO [357/750] 97c64e3a-bc01-4c19-85ce-7e66f3d5bc99: 144 datasets; 1.0 s; peak memory 570 MiB.
2026-10-10T18:29:37Z INFO [358/750] 97c657a5-80d9-4ace-b327-557fbda1f5da: 112 datasets; 0.8 s; peak memory 570 MiB.
2026-10-10T18:29:46Z INFO [359/750] 97c71aad-7ae3-4af1-a7c3-30ca449f015a: 741 datasets; 8.6 s; peak memory 570 MiB.
2026-10-10T18:29:47Z INFO [360/750] 97c85869-632e-40b9-8596-861efaa754d0: 110 datasets; 0.9 s; peak memory 570 MiB.
2026-10-10T18:29:48Z INFO [361/750] 97c85b7c-1043-48bb-848e-3ddaccecaa41: 48 datasets; 0.7 s; peak memory 570 MiB.
2026-10-10T18:29:58Z INFO [362/750] 97c8ad12-ee5b-4678-b59f-cf739595df99: 967 datasets; 10.5 s; peak memory 570 MiB.
2026-10-10T18:30:07Z INFO [363/750] 97c90702-bfe0-4ee6-8b39-49cd8b8ca280: 710 datasets; 8.4 s; peak memory 570 MiB.
2026-10-10T18:30:07Z INFO [364/750] 97c9bcb3-fecf-49ec-8087-954a14f29580: 92 datasets; 0.6 s; peak memory 570 MiB.
2026-10-10T18:30:08Z INFO [365/750] 97cbbd9b-ef7b-4f10-9b43-bda8bac7161b: 41 datasets; 0.5 s; peak memory 570 MiB.
2026-10-10T18:30:08Z INFO [366/750] 97cbe7c2-e141-483b-917f-75cfa8c28afb: 62 datasets; 0.7 s; peak memory 570 MiB.
2026-10-10T18:30:09Z INFO [367/750] 97cc0d1a-e9f6-4ecc-a211-f1f65595d815: 69 datasets; 0.8 s; peak memory 570 MiB.
2026-10-10T18:30:10Z INFO [368/750] 97cc9a8e-ed17-4f39-b2aa-bcbc537b22dd: 116 datasets; 0.6 s; peak memory 570 MiB.
2026-10-10T18:30:11Z INFO [369/750] 97cd3e0d-1821-4720-82f5-b781330c5463: 116 datasets; 0.9 s; peak memory 570 MiB.
2026-10-10T18:30:12Z INFO [370/750] 97ce2119-ad35-454f-a931-0d6294681f80: 119 datasets; 1.7 s; peak memory 570 MiB.
2026-10-10T18:30:13Z INFO [371/750] 97ceb60b-e563-4931-8177-efae6c0ddaca: 116 datasets; 0.7 s; peak memory 570 MiB.
2026-10-10T18:30:27Z INFO [372/750] 97d02c6e-730b-4374-9b81-c64066f6e8b6: 48 datasets; 13.8 s; peak memory 570 MiB.
2026-10-10T18:30:28Z INFO [373/750] 97d054dc-ed2a-4f71-a76f-0cc0edab81bc: 261 datasets; 0.8 s; peak memory 570 MiB.
2026-10-10T18:30:31Z INFO [374/750] 97d058d5-a9a4-4f53-93b5-daa98f5786b7: 53 datasets; 3.0 s; peak memory 570 MiB.
2026-10-10T18:30:31Z INFO [375/750] 97d12295-9df4-4776-8c96-ca014196ff11: 48 datasets; 0.7 s; peak memory 570 MiB.
2026-10-10T18:30:39Z INFO [376/750] 97d17ab1-4461-427c-85e0-ec6ec6c413cf: 106 datasets; 7.6 s; peak memory 570 MiB.
2026-10-10T18:30:50Z INFO [377/750] 97d2b652-7fcb-4fd9-97bd-4b2c60d3d830: 733 datasets; 10.7 s; peak memory 570 MiB.
2026-10-10T18:30:50Z INFO [378/750] 97d2dede-3566-49eb-99a5-9ee4f5458284: 66 datasets; 0.9 s; peak memory 570 MiB.
2026-10-10T18:30:51Z INFO [379/750] 97d3711f-991a-4f73-9159-0ce2acbd8148: 52 datasets; 0.6 s; peak memory 570 MiB.
2026-10-10T18:30:53Z INFO [380/750] 97d3c59b-4227-47c1-97f2-ce16682bf20c: 153 datasets; 1.8 s; peak memory 570 MiB.
2026-10-10T18:30:54Z INFO [381/750] 97d454e7-fa78-4215-aa08-a7ed1c6bd378: 112 datasets; 0.7 s; peak memory 570 MiB.
2026-10-10T18:30:54Z INFO [382/750] 97d57536-ae48-495e-8dcd-39398152ab0e: 48 datasets; 0.6 s; peak memory 570 MiB.
2026-10-10T18:30:55Z INFO [383/750] 97d68574-51db-4427-b88b-40f1fefcef65: 112 datasets; 0.8 s; peak memory 570 MiB.
2026-10-10T18:30:56Z INFO [384/750] 97d6fab9-3c97-4713-81e3-cc3882cce0ea: 48 datasets; 0.6 s; peak memory 570 MiB.
2026-10-10T18:30:57Z INFO [385/750] 97d73ce2-7567-4d3e-9009-535ecfdd7bb1: 90 datasets; 1.3 s; peak memory 570 MiB.
2026-10-10T18:30:58Z INFO [386/750] 97d7da75-42be-41ac-8733-ef0384256428: 70 datasets; 1.3 s; peak memory 570 MiB.
2026-10-10T18:30:59Z INFO [387/750] 97d8095f-82d1-42bf-bf26-afb77c749e85: 51 datasets; 0.4 s; peak memory 570 MiB.
2026-10-10T18:30:59Z INFO [388/750] 97d8285c-a3a8-4bac-9771-530e78585d36: 66 datasets; 0.9 s; peak memory 570 MiB.
2026-10-10T18:31:01Z INFO [389/750] 97d84410-4557-4cf9-b1b4-628b191ef847: 71 datasets; 1.1 s; peak memory 570 MiB.
2026-10-10T18:31:01Z INFO [390/750] 97d99790-9e1e-438a-8464-e54db4c783b6: 117 datasets; 0.5 s; peak memory 570 MiB.
2026-10-10T18:31:02Z INFO [391/750] 97d9c206-a52d-4721-8efd-28495ce0a94c: 48 datasets; 0.5 s; peak memory 570 MiB.
2026-10-10T18:31:02Z INFO [392/750] 97da6848-81cc-4058-9851-28d25eb72954: 45 datasets; 0.5 s; peak memory 570 MiB.
2026-10-10T18:31:03Z INFO [393/750] 97daa54e-ceb4-4279-908f-b87a5e8c4d93: 112 datasets; 0.7 s; peak memory 570 MiB.
2026-10-10T18:31:04Z INFO [394/750] 97db335f-8558-455e-b784-b1accef6b1a1: 308 datasets; 1.7 s; peak memory 570 MiB.
2026-10-10T18:31:05Z INFO [395/750] 97db9bf8-e7bd-4208-95b7-79a63e6d4df4: 48 datasets; 0.6 s; peak memory 570 MiB.
2026-10-10T18:31:06Z INFO [396/750] 97dc0ade-c9b2-4304-a1ef-b2e6433c25f3: 110 datasets; 0.7 s; peak memory 570 MiB.
2026-10-10T18:31:06Z INFO [397/750] 97dcbe4f-1b86-44e5-a61b-ec7410411c2e: 52 datasets; 0.5 s; peak memory 570 MiB.
2026-10-10T18:31:11Z INFO [398/750] 97dd644a-767c-49af-9f48-73ec2a110447: 200 datasets; 4.3 s; peak memory 570 MiB.
2026-10-10T18:31:11Z INFO [399/750] 97dd7f42-9b0a-45f1-b9a1-b4d4b4b303a2: 48 datasets; 0.5 s; peak memory 570 MiB.
2026-10-10T18:31:12Z INFO [400/750] 97de16a6-af0b-44ab-acdf-06dba3df53b2: 119 datasets; 1.1 s; peak memory 570 MiB.
2026-10-10T18:31:12Z INFO [400/750] 97de16a6-af0b-44ab-acdf-06dba3df53b2: checkpointed 120235 new records.
2026-10-10T18:31:13Z INFO [401/750] 97de4764-a1f9-4db5-bfb8-24fdde6a53d8: 48 datasets; 0.5 s; peak memory 570 MiB.
2026-10-10T18:31:14Z INFO [402/750] 97de4b1d-8e6c-4ce1-b535-40d43ad87f96: 170 datasets; 0.8 s; peak memory 570 MiB.
2026-10-10T18:31:14Z INFO [403/750] 97decf94-5515-47c5-b061-8970b151e3bb: 112 datasets; 0.6 s; peak memory 570 MiB.
2026-10-10T18:31:15Z INFO [404/750] 97e0215a-0b80-4a88-a784-963ca8d686a3: 38 datasets; 0.5 s; peak memory 570 MiB.
2026-10-10T18:31:17Z INFO [405/750] 97e100b6-772c-4fe7-9e96-4b8fd7273f3b: 156 datasets; 1.6 s; peak memory 570 MiB.
2026-10-10T18:31:17Z INFO [406/750] 97e13010-0bf6-42d1-a541-93fc4d387b41: 116 datasets; 0.8 s; peak memory 570 MiB.
2026-10-10T18:31:18Z INFO [407/750] 97e1b956-1bbc-423d-ba6c-e03518c01a48: 72 datasets; 0.8 s; peak memory 570 MiB.
2026-10-10T18:31:19Z INFO [408/750] 97e1d41f-2467-43c7-b763-f845c3e11319: 52 datasets; 0.5 s; peak memory 570 MiB.
2026-10-10T18:32:31Z INFO [409/750] 97e4a64b-4ff9-42ba-9dad-b9b0919cb68e: 55 datasets; 72.7 s; peak memory 570 MiB.
2026-10-10T18:32:32Z INFO [410/750] 97e539b1-d3c1-4134-81ad-21e263de4d56: 69 datasets; 1.1 s; peak memory 570 MiB.
2026-10-10T18:32:48Z INFO [411/750] 97e65653-5bd5-4171-bbdd-0841e9e041a2: 5699 datasets; 15.4 s; peak memory 570 MiB.
2026-10-10T18:32:49Z INFO [412/750] 97e6708b-25ac-47c9-a5ff-839b1fb37846: 66 datasets; 0.8 s; peak memory 570 MiB.
2026-10-10T18:32:49Z INFO [413/750] 97e6c946-0c3f-4853-b7ec-0050ad26594d: 116 datasets; 0.8 s; peak memory 570 MiB.
2026-10-10T18:32:50Z INFO [414/750] 97e78e8d-5c8e-4136-afac-30a86765d87e: 112 datasets; 0.7 s; peak memory 570 MiB.
2026-10-10T18:32:51Z INFO [415/750] 97e78f31-dfd9-4f5c-ad63-ab51289780d1: 118 datasets; 0.7 s; peak memory 570 MiB.
2026-10-10T18:32:52Z INFO [416/750] 97e7b221-1318-437b-b630-817c4c913451: 112 datasets; 0.7 s; peak memory 570 MiB.
2026-10-10T18:32:55Z INFO [417/750] 97e7c5f1-cc2a-4dd6-b263-5a9fc11dda94: 548 datasets; 3.1 s; peak memory 570 MiB.
2026-10-10T18:32:55Z INFO [418/750] 97e83c13-9a0e-4d5e-94a9-016130552618: 69 datasets; 0.7 s; peak memory 570 MiB.
2026-10-10T18:32:56Z INFO [419/750] 97e881a7-e724-4d97-8ca7-32348268d6e1: 112 datasets; 0.7 s; peak memory 570 MiB.
2026-10-10T18:32:57Z INFO [420/750] 97e8fcd5-b2cb-4cda-a734-12f8f7a68342: 112 datasets; 0.6 s; peak memory 570 MiB.
2026-10-10T18:32:57Z INFO [421/750] 97e9d7a0-c3f0-47b7-8edc-3250505b8e19: 52 datasets; 0.6 s; peak memory 570 MiB.
2026-10-10T18:32:58Z INFO [422/750] 97eac4c2-f9ea-4ec8-a5a0-9d3851ddb3bc: 48 datasets; 0.7 s; peak memory 570 MiB.
2026-10-10T18:32:59Z INFO [423/750] 97eb353a-4e1d-472f-b21f-1d2880049c5f: 71 datasets; 0.9 s; peak memory 570 MiB.
2026-10-10T18:33:00Z INFO [424/750] 97ecbc26-461d-4df8-a02f-0164578a069a: 153 datasets; 1.5 s; peak memory 570 MiB.
2026-10-10T18:33:17Z INFO [425/750] 97ee020f-95bc-4004-8bf2-493b9c1362dd: 36 datasets; 16.4 s; peak memory 570 MiB.
2026-10-10T18:33:17Z INFO [426/750] 97ee0ffe-d155-41b5-b694-81b032c1aedd: 38 datasets; 0.6 s; peak memory 570 MiB.
2026-10-10T18:33:19Z INFO [427/750] 97ee6463-b789-4265-8574-fb56766310a9: 156 datasets; 1.5 s; peak memory 570 MiB.
2026-10-10T18:33:19Z INFO [428/750] 97ee7993-3464-4e80-aad9-ec29583dc7df: 117 datasets; 0.6 s; peak memory 570 MiB.
2026-10-10T18:33:20Z INFO [429/750] 97ee7cae-d3e5-4d88-ba5e-4a2968595e92: 46 datasets; 0.8 s; peak memory 570 MiB.
2026-10-10T18:33:21Z INFO [430/750] 97f05036-aea8-4b61-8ff3-9f8639a64621: 116 datasets; 0.7 s; peak memory 570 MiB.
2026-10-10T18:33:21Z INFO [431/750] 97f18f02-91a9-4685-8d03-c5bfe1e92ca8: 48 datasets; 0.6 s; peak memory 570 MiB.
2026-10-10T18:33:22Z INFO [432/750] 97f213d5-3e1d-4473-b512-4519ddbd6c77: 112 datasets; 0.6 s; peak memory 570 MiB.
2026-10-10T18:33:23Z INFO [433/750] 97f2c745-1e25-440d-bbf5-1f88f3de3ab2: 71 datasets; 0.8 s; peak memory 570 MiB.
2026-10-10T18:33:23Z INFO [434/750] 97f2d5e4-01a4-4a61-88e3-4b85597d769f: 114 datasets; 0.4 s; peak memory 570 MiB.
2026-10-10T18:33:24Z INFO [435/750] 97f325bb-e77b-444b-ab81-cf2d98911347: 48 datasets; 0.7 s; peak memory 570 MiB.
2026-10-10T18:33:24Z INFO [436/750] 97f338c7-8d99-4151-a20a-69ee55884552: 50 datasets; 0.4 s; peak memory 570 MiB.
2026-10-10T18:33:25Z INFO [437/750] 97f48979-0fea-445e-98f6-978900e88d40: 114 datasets; 0.7 s; peak memory 570 MiB.
2026-10-10T18:33:26Z INFO [438/750] 97f4c002-2301-4b63-b5bd-054d90afb990: 48 datasets; 0.7 s; peak memory 570 MiB.
2026-10-10T18:33:32Z INFO [439/750] 97f532ae-26b1-4439-8f76-791d038ca427: 11477 datasets; 5.8 s; peak memory 570 MiB.
2026-10-10T18:33:32Z INFO [440/750] 97f5b32f-767a-484c-800d-4cc3d9114518: 275 datasets; 0.7 s; peak memory 570 MiB.
2026-10-10T18:33:33Z INFO [441/750] 97f5d4be-fb93-4917-938e-71a963c84452: 110 datasets; 0.7 s; peak memory 570 MiB.
2026-10-10T18:33:33Z INFO [442/750] 97f5f0fd-92d5-4a21-8b49-9c6577202888: 48 datasets; 0.5 s; peak memory 570 MiB.
2026-10-10T18:33:37Z INFO [443/750] 97f6b50f-1d3a-4e5f-9209-1c61b641bfa8: 682 datasets; 3.7 s; peak memory 570 MiB.
2026-10-10T18:36:08Z INFO [444/750] 97f72451-d74c-48ac-a136-0260efc43dfa: 436 datasets; 150.6 s; peak memory 570 MiB.
2026-10-10T18:36:08Z INFO [445/750] 97f76186-3eec-4a86-b5d5-24c513784cd5: 118 datasets; 0.7 s; peak memory 570 MiB.
2026-10-10T18:36:17Z INFO [446/750] 97f87440-8c37-4351-b339-41859544124b: 1944 datasets; 8.6 s; peak memory 570 MiB.
2026-10-10T18:36:18Z INFO [447/750] 97f88159-014a-4bfc-9566-97648a6514b9: 112 datasets; 0.8 s; peak memory 570 MiB.
2026-10-10T18:36:18Z INFO [448/750] 97f8a163-6801-476a-875d-0e95438e61ac: 46 datasets; 0.5 s; peak memory 570 MiB.
2026-10-10T18:36:19Z INFO [449/750] 97f8f8fe-f337-4bd0-8d7d-0377c4c27cac: 62 datasets; 0.9 s; peak memory 570 MiB.
2026-10-10T18:36:20Z INFO [450/750] 97fa5b65-7a8f-4e7e-8286-70a8072a3639: 107 datasets; 0.9 s; peak memory 570 MiB.
2026-10-10T18:36:20Z INFO [450/750] 97fa5b65-7a8f-4e7e-8286-70a8072a3639: checkpointed 120285 new records.
2026-10-10T18:36:21Z INFO [451/750] 97fb0379-558c-46c0-83a7-a2c0e2ce8d39: 289 datasets; 0.7 s; peak memory 570 MiB.
2026-10-10T18:36:27Z INFO [452/750] 97fb4a0a-35b8-416f-bd80-41413401e37e: 606 datasets; 5.6 s; peak memory 570 MiB.
2026-10-10T18:36:28Z INFO [453/750] 97fc4252-6718-4520-a37a-bddc9800d396: 38 datasets; 1.3 s; peak memory 570 MiB.
2026-10-10T18:36:29Z INFO [454/750] 97fcdc70-3134-49a0-a213-ffcd8703e1aa: 118 datasets; 0.7 s; peak memory 570 MiB.
2026-10-10T18:36:29Z INFO [455/750] 97fcf082-36b8-43dd-9e3d-875ab926fa50: 112 datasets; 0.7 s; peak memory 570 MiB.
2026-10-10T18:36:30Z INFO [456/750] 97ff3f99-975e-4b89-9bf0-3eb64a143a7a: 48 datasets; 0.6 s; peak memory 570 MiB.
2026-10-10T18:36:31Z INFO [457/750] 97ff5992-44e4-4695-8173-72990db60903: 48 datasets; 0.7 s; peak memory 570 MiB.
2026-10-10T18:36:31Z INFO [458/750] 97ff94a5-ccc7-4d51-ad39-a2e952f89081: 57 datasets; 0.4 s; peak memory 570 MiB.
2026-10-10T18:36:33Z INFO [459/750] 97ffd9a6-b9a8-4abd-996b-360faf8b0c6e: 116 datasets; 1.5 s; peak memory 570 MiB.
2026-10-10T18:36:33Z INFO [460/750] 97ffe732-b523-4d2d-9602-64306ff65e15: 117 datasets; 0.8 s; peak memory 570 MiB.
2026-10-10T18:36:34Z INFO [461/750] 9800923f-5eff-4e29-8171-382a71a4c7b1: 71 datasets; 1.1 s; peak memory 570 MiB.
2026-10-10T18:36:35Z INFO [462/750] 9802dac1-c13e-4f38-ace9-9f965f05d6ff: 92 datasets; 0.7 s; peak memory 570 MiB.
2026-10-10T18:36:36Z INFO [463/750] 9802fc45-8080-4649-a96a-8377e277a632: 71 datasets; 1.2 s; peak memory 570 MiB.
2026-10-10T18:36:37Z INFO [464/750] 98032028-7317-48aa-adc4-1fd37d143f3e: 48 datasets; 0.5 s; peak memory 570 MiB.
2026-10-10T18:36:50Z INFO [465/750] 98040df6-71e0-4b42-bb4e-30ab1245be4a: 48 datasets; 12.8 s; peak memory 570 MiB.
2026-10-10T18:36:50Z INFO [466/750] 9804280b-80e1-4138-8d77-4b8231360729: 66 datasets; 0.7 s; peak memory 570 MiB.
2026-10-10T18:36:51Z INFO [467/750] 98053986-406b-4948-bf97-92dafb9f7d99: 48 datasets; 0.5 s; peak memory 570 MiB.
2026-10-10T18:36:55Z INFO [468/750] 98060160-7a82-4f2c-9cb7-ec2518f682e7: 538 datasets; 4.5 s; peak memory 570 MiB.
2026-10-10T18:36:56Z INFO [469/750] 980776b3-e0af-4733-a53f-8699ddd7d975: 59 datasets; 0.6 s; peak memory 570 MiB.
2026-10-10T18:36:57Z INFO [470/750] 9807fe51-e11b-4ce9-968f-2a145607d716: 48 datasets; 0.7 s; peak memory 570 MiB.
2026-10-10T18:36:57Z INFO [471/750] 980876a0-c1fe-4397-a98b-5a75e35c943b: 48 datasets; 0.6 s; peak memory 570 MiB.
2026-10-10T18:37:01Z INFO [472/750] 980968b4-317f-4058-96c4-fcd6bbcf2c5c: 1871 datasets; 3.7 s; peak memory 570 MiB.
2026-10-10T18:37:01Z INFO [473/750] 980a05d6-5e05-436c-ad26-c3c7c3b6be6f: 48 datasets; 0.6 s; peak memory 570 MiB.
2026-10-10T18:37:02Z INFO [474/750] 980a4dd8-889e-4b7c-987e-16cf23fb88d8: 39 datasets; 0.6 s; peak memory 570 MiB.
2026-10-10T18:37:03Z INFO [475/750] 980a579f-b6bd-4bc5-9ec3-92fa1094deb6: 48 datasets; 0.6 s; peak memory 570 MiB.
2026-10-10T18:37:04Z INFO [476/750] 980a77f0-bec5-47ae-a2e5-539f396efa50: 85 datasets; 1.6 s; peak memory 570 MiB.
2026-10-10T18:37:05Z INFO [477/750] 980aeb78-1e27-4d96-8a30-13d85aa0a653: 69 datasets; 0.8 s; peak memory 570 MiB.
2026-10-10T18:37:06Z INFO [478/750] 980ceaea-7a89-49a0-ba9c-b81a0d7aed5a: 117 datasets; 0.7 s; peak memory 570 MiB.
2026-10-10T18:37:06Z INFO [479/750] 980d9a34-9695-4c7c-b862-6dedfdc6cbde: 117 datasets; 0.8 s; peak memory 570 MiB.
2026-10-10T18:45:08Z INFO [480/750] 980e6316-b072-48dd-876c-ff9648b520f9: 114 datasets; 481.2 s; peak memory 1218 MiB.
2026-10-10T18:45:08Z INFO [481/750] 980f7122-4b3f-4be5-b638-fbd8dd2ab388: 66 datasets; 0.7 s; peak memory 1218 MiB.
2026-10-10T18:45:09Z INFO [482/750] 9810e9b9-b5db-49ab-aa4a-c4e40c389c3f: 118 datasets; 0.8 s; peak memory 1218 MiB.
2026-10-10T18:45:10Z INFO [483/750] 9810fa74-8aac-4603-aa31-78b1b6c46f42: 116 datasets; 0.6 s; peak memory 1218 MiB.
2026-10-10T18:45:11Z INFO [484/750] 98112f21-2500-4e9d-98dc-9c50e7957968: 48 datasets; 0.7 s; peak memory 1218 MiB.
2026-10-10T18:45:11Z INFO [485/750] 98113184-87a9-45e5-a275-c5b87b1c4fed: 117 datasets; 0.8 s; peak memory 1218 MiB.
2026-10-10T18:50:45Z INFO [486/750] 9811ee83-a9ea-465a-95a5-8646c4c3ab20: 109 datasets; 333.2 s; peak memory 1253 MiB.
2026-10-10T18:50:46Z INFO [487/750] 9812a3b0-a93d-4cc5-8f6f-7a249070604a: 71 datasets; 1.3 s; peak memory 1253 MiB.
2026-10-10T18:50:46Z INFO [488/750] 981350fc-136d-41ae-9170-4fba7ab21def: 48 datasets; 0.5 s; peak memory 1253 MiB.
2026-10-10T18:50:50Z INFO [489/750] 981421ae-1f09-4aa5-8f59-8958ae7f7be0: 229 datasets; 3.7 s; peak memory 1253 MiB.
2026-10-10T18:50:51Z INFO [490/750] 9814b2c6-a957-4cc8-b037-abf0a63e1fde: 48 datasets; 0.7 s; peak memory 1253 MiB.
2026-10-10T18:50:55Z INFO [491/750] 9814bef9-3ec6-48cb-b010-ed4893324886: 229 datasets; 3.9 s; peak memory 1253 MiB.
2026-10-10T18:50:58Z INFO [492/750] 9814c6ad-cdf8-4a27-b641-85ee4179102f: 152 datasets; 3.2 s; peak memory 1253 MiB.
2026-10-10T18:50:59Z INFO [493/750] 9815afc2-150f-4cf4-90cb-e8571a0d0776: 112 datasets; 0.8 s; peak memory 1253 MiB.
2026-10-10T18:51:00Z INFO [494/750] 9815dae8-179c-4efb-90be-c8f2d9144d62: 112 datasets; 1.0 s; peak memory 1253 MiB.
2026-10-10T18:51:01Z INFO [495/750] 98166d94-3d24-4038-80fe-755bca99afea: 118 datasets; 1.4 s; peak memory 1253 MiB.
2026-10-10T18:51:02Z INFO [496/750] 98175412-45db-48bf-9640-81cbe5f94a15: 117 datasets; 0.8 s; peak memory 1253 MiB.
2026-10-10T18:51:03Z INFO [497/750] 9817a748-eeb5-4a2a-8e46-6cee7e325a6d: 179 datasets; 1.6 s; peak memory 1253 MiB.
2026-10-10T18:51:04Z INFO [498/750] 9817f25e-c9fa-48f6-8150-d14d86931aa4: 48 datasets; 0.6 s; peak memory 1253 MiB.
2026-10-10T18:51:05Z INFO [499/750] 98186aaf-1983-47cf-b8d2-6c30e59ec29d: 48 datasets; 0.5 s; peak memory 1253 MiB.
2026-10-10T18:51:05Z INFO [500/750] 981895e2-3dca-4eb8-9fa3-c7a460a8effb: 117 datasets; 0.6 s; peak memory 1253 MiB.
2026-10-10T18:51:05Z INFO [500/750] 981895e2-3dca-4eb8-9fa3-c7a460a8effb: checkpointed 120335 new records.
2026-10-10T18:51:07Z INFO [501/750] 981999dc-b863-476f-b8eb-ed1d8de40588: 115 datasets; 1.2 s; peak memory 1253 MiB.
2026-10-10T18:51:09Z INFO [502/750] 981bd06a-7656-425e-b268-c2df049f3ab6: 538 datasets; 2.6 s; peak memory 1253 MiB.
2026-10-10T18:51:20Z INFO [503/750] 981c8063-3785-423d-aed4-7749da12dc6d: 677 datasets; 11.2 s; peak memory 1253 MiB.
2026-10-10T18:51:21Z INFO [504/750] 981ca42b-cde1-45f5-8cf1-258119eba0a2: 66 datasets; 0.9 s; peak memory 1253 MiB.
2026-10-10T18:51:22Z INFO [505/750] 981d4858-b511-42ef-a88d-814169989577: 48 datasets; 0.7 s; peak memory 1253 MiB.
2026-10-10T18:51:23Z INFO [506/750] 981e3aa4-fbb0-42a0-ae95-382730ae1340: 42 datasets; 0.6 s; peak memory 1253 MiB.
2026-10-10T18:51:24Z INFO [507/750] 981ea2a3-29c4-44d6-abd1-b1717c8befe9: 153 datasets; 1.6 s; peak memory 1253 MiB.
2026-10-10T18:51:30Z INFO [508/750] 981f4d7a-08a3-4c3d-ae50-92ce4408125b: 843 datasets; 6.2 s; peak memory 1253 MiB.
2026-10-10T18:51:31Z INFO [509/750] 981f574d-01ba-425b-b6da-82c2b6eb1341: 117 datasets; 0.7 s; peak memory 1253 MiB.
2026-10-10T18:51:32Z INFO [510/750] 981f596f-8b85-4355-a759-b347c79426ee: 62 datasets; 0.9 s; peak memory 1253 MiB.
2026-10-10T18:51:35Z INFO [511/750] 981fafe2-836c-4881-940f-a8dea9ad0900: 196 datasets; 3.2 s; peak memory 1253 MiB.
2026-10-10T18:51:36Z INFO [512/750] 981fd872-2ef7-45e0-a331-239ec6080dd0: 62 datasets; 0.8 s; peak memory 1253 MiB.
2026-10-10T18:51:37Z INFO [513/750] 981feb6f-06b4-496a-b65a-de7fa160e902: 60 datasets; 0.6 s; peak memory 1253 MiB.
2026-10-10T18:51:37Z INFO [514/750] 9820d687-3aa3-4c00-945c-3bcc92ba4e5e: 116 datasets; 0.7 s; peak memory 1253 MiB.
2026-10-10T18:52:55Z INFO [515/750] 98216da1-992d-4ba6-bc5f-df66cb02b5a5: 260 datasets; 77.6 s; peak memory 1253 MiB.
2026-10-10T18:52:56Z INFO [516/750] 98223c17-8c21-44ff-9c95-aae6a5f6fdd6: 103 datasets; 1.1 s; peak memory 1253 MiB.
2026-10-10T18:52:57Z INFO [517/750] 98229504-d01d-4c4f-8aad-e80b1bf234ba: 115 datasets; 1.2 s; peak memory 1253 MiB.
2026-10-10T18:52:58Z INFO [518/750] 9822ce6f-c904-4814-9834-ba0c13b780e0: 48 datasets; 0.6 s; peak memory 1253 MiB.
2026-10-10T18:52:58Z INFO [519/750] 98239409-8455-4c57-862e-0338e32889bc: 66 datasets; 0.6 s; peak memory 1253 MiB.
2026-10-10T18:53:02Z INFO [520/750] 9824a90a-e65f-437c-9372-377d1a56f899: 538 datasets; 3.4 s; peak memory 1253 MiB.
2026-10-10T18:53:02Z INFO [521/750] 9824c651-ba3b-4ae2-a6cc-ade18b01cfbd: 46 datasets; 0.4 s; peak memory 1253 MiB.
2026-10-10T18:53:05Z INFO [522/750] 9824ce2d-1030-47f5-abe9-6d94e6ce409f: 170 datasets; 3.0 s; peak memory 1253 MiB.
2026-10-10T18:53:09Z INFO [523/750] 982542ae-63c7-4f66-b730-fc02ca77ed6d: 538 datasets; 3.9 s; peak memory 1253 MiB.
2026-10-10T18:53:13Z INFO [524/750] 98257946-fa32-40cb-8d3a-c71432c8c3b8: 298 datasets; 3.7 s; peak memory 1253 MiB.
2026-10-10T18:53:14Z INFO [525/750] 9825d553-cedf-408a-867d-b18cb4de0817: 52 datasets; 0.7 s; peak memory 1253 MiB.
2026-10-10T18:53:14Z INFO [526/750] 9825d73f-b062-4512-941b-c9deb4051a60: 48 datasets; 0.5 s; peak memory 1253 MiB.
2026-10-10T18:53:15Z INFO [527/750] 9825dbfb-9433-4bac-a3d7-9960821dfe39: 118 datasets; 0.6 s; peak memory 1253 MiB.
2026-10-10T18:53:15Z INFO [528/750] 9826049a-a518-42b0-9ec1-dcf5a81f6405: 41 datasets; 0.5 s; peak memory 1253 MiB.
2026-10-10T18:53:16Z INFO [529/750] 98264c40-141a-4bd5-8ee4-0a64a16d5e86: 62 datasets; 0.7 s; peak memory 1253 MiB.
2026-10-10T18:53:17Z INFO [530/750] 98265583-c8e4-48f4-82cd-4b5736dc3aea: 112 datasets; 0.7 s; peak memory 1253 MiB.
2026-10-10T18:53:19Z INFO [531/750] 9826cce2-b041-4ddb-b49e-88304e330f46: 410 datasets; 2.6 s; peak memory 1253 MiB.
2026-10-10T18:53:20Z INFO [532/750] 98280955-6d63-4c1e-a83b-1cf911ab9c6b: 117 datasets; 0.7 s; peak memory 1253 MiB.
2026-10-10T18:53:21Z INFO [533/750] 98286d16-4a86-4529-9d4a-7ab9ff1bea09: 112 datasets; 0.9 s; peak memory 1253 MiB.
2026-10-10T18:53:22Z INFO [534/750] 98288780-8e3a-4e34-a047-1234c9c8b466: 118 datasets; 0.8 s; peak memory 1253 MiB.
2026-10-10T18:53:25Z INFO [535/750] 982aae95-2747-4f99-999a-26fa04745328: 56 datasets; 3.7 s; peak memory 1253 MiB.
2026-10-10T18:53:26Z INFO [536/750] 982b16d4-de1c-4709-816a-458dbe6e3059: 71 datasets; 1.1 s; peak memory 1253 MiB.
2026-10-10T18:53:27Z INFO [537/750] 982b906f-c940-4468-a4e4-49e7b3ab2ee9: 69 datasets; 0.7 s; peak memory 1253 MiB.
2026-10-10T18:53:28Z INFO [538/750] 982c2755-4779-4e21-8dbd-a8f69ee7dd90: 117 datasets; 0.8 s; peak memory 1253 MiB.
2026-10-10T18:53:29Z INFO [539/750] 982cb939-2a3f-487a-be76-052eb18e3cb0: 142 datasets; 0.7 s; peak memory 1253 MiB.
2026-10-10T18:53:29Z INFO [540/750] 982d1280-6ad1-4279-9564-07b26f93593e: 112 datasets; 0.8 s; peak memory 1253 MiB.
2026-10-10T18:53:30Z INFO [541/750] 982e13e8-a95e-49be-a72d-e15aac1540bf: 48 datasets; 0.5 s; peak memory 1253 MiB.
2026-10-10T18:53:36Z INFO [542/750] 982e180e-f52c-48eb-bd26-f49668cd9828: 410 datasets; 6.5 s; peak memory 1253 MiB.
2026-10-10T18:53:37Z INFO [543/750] 982ff093-65ca-4ca4-a6e9-06ea40f37ed4: 112 datasets; 0.8 s; peak memory 1253 MiB.
2026-10-10T18:53:38Z INFO [544/750] 98316b58-aa29-4e9b-bc53-71fd0322b068: 85 datasets; 1.1 s; peak memory 1253 MiB.
2026-10-10T18:53:40Z INFO [545/750] 9831f261-8384-4da1-8dc7-9cd201b4271f: 156 datasets; 1.5 s; peak memory 1253 MiB.
2026-10-10T18:53:43Z INFO [546/750] 98328081-309a-4be9-9dc4-d142d92d2be9: 174 datasets; 3.1 s; peak memory 1253 MiB.
2026-10-10T18:53:55Z INFO [547/750] 9832c6f7-3ad4-444f-9c24-23e544de94a0: 872 datasets; 12.0 s; peak memory 1253 MiB.
2026-10-10T18:53:55Z INFO [548/750] 983316e4-9322-4e52-b79b-3a24e95a9ff9: 46 datasets; 0.3 s; peak memory 1253 MiB.
2026-10-10T18:53:56Z INFO [549/750] 98339204-04aa-468f-920f-b0669badc9b5: 38 datasets; 1.2 s; peak memory 1253 MiB.
2026-10-10T18:53:57Z INFO [550/750] 98345bb4-aaae-40ff-a251-d994c4ea8848: 70 datasets; 0.8 s; peak memory 1253 MiB.
2026-10-10T18:53:58Z INFO [550/750] 98345bb4-aaae-40ff-a251-d994c4ea8848: checkpointed 120385 new records.
2026-10-10T18:53:58Z INFO [551/750] 9834e893-7d30-46e5-b53a-9dda75971c27: 70 datasets; 0.8 s; peak memory 1253 MiB.
2026-10-10T18:53:59Z INFO [552/750] 98360f2e-3a73-4683-a4b8-11a1de99d925: 62 datasets; 0.5 s; peak memory 1253 MiB.
2026-10-10T18:54:00Z INFO [553/750] 983652c7-8cac-4216-b972-bcac7ce88c85: 98 datasets; 1.5 s; peak memory 1253 MiB.
2026-10-10T18:54:01Z INFO [554/750] 983689ec-4f05-4913-a6e0-caa90e1f8dd4: 112 datasets; 0.8 s; peak memory 1253 MiB.
2026-10-10T18:54:02Z INFO [555/750] 98369d27-75e9-4794-9af6-d30722c425a2: 48 datasets; 0.6 s; peak memory 1253 MiB.
2026-10-10T18:54:02Z INFO [556/750] 98372ea4-b084-4694-9a21-6a09ba60ad34: 48 datasets; 0.6 s; peak memory 1253 MiB.
2026-10-10T18:54:03Z INFO [557/750] 9838525f-443a-4522-be87-92ef24f1b54c: 275 datasets; 0.8 s; peak memory 1253 MiB.
2026-10-10T18:54:04Z INFO [558/750] 983896bc-2577-43f5-8442-396dffb5a01f: 99 datasets; 0.5 s; peak memory 1253 MiB.
2026-10-10T18:54:04Z INFO [559/750] 9838aa0f-aed4-42cd-bd49-a49af5cfe21e: 118 datasets; 0.7 s; peak memory 1253 MiB.
2026-10-10T18:54:05Z INFO [560/750] 98392275-72e6-402c-9933-35820670f653: 48 datasets; 0.7 s; peak memory 1253 MiB.
2026-10-10T18:54:06Z INFO [561/750] 9839b321-6a9a-4bba-b2a8-ba8c4264b680: 117 datasets; 0.5 s; peak memory 1253 MiB.
2026-10-10T18:54:06Z INFO [562/750] 983a62e2-674e-44ef-921c-428523067597: 45 datasets; 0.4 s; peak memory 1253 MiB.
2026-10-10T18:54:34Z INFO [563/750] 983aa1cb-07bc-417b-a1b6-e51fb8d4d3c9: 2188 datasets; 28.3 s; peak memory 1253 MiB.
2026-10-10T18:54:35Z INFO [564/750] 983ae7d9-e1f0-45fc-9cac-2d70b32e1df7: 66 datasets; 0.9 s; peak memory 1253 MiB.
2026-10-10T18:54:36Z INFO [565/750] 983b1fc8-d9cc-428b-bf88-23cbeb5a9921: 114 datasets; 0.4 s; peak memory 1253 MiB.
2026-10-10T18:54:40Z INFO [566/750] 983b2a2a-ce7a-405c-8fb0-d22185757992: 850 datasets; 4.6 s; peak memory 1253 MiB.
2026-10-10T18:54:41Z INFO [567/750] 983b546c-ffb1-499b-bc85-6b60486a6989: 69 datasets; 0.9 s; peak memory 1253 MiB.
2026-10-10T18:54:43Z INFO [568/750] 983b841d-a42d-4fe3-bc83-c3c068448f78: 90 datasets; 1.4 s; peak memory 1253 MiB.
2026-10-10T18:54:45Z INFO [569/750] 983c0b17-8d93-445c-b461-bbc6264b72dd: 92 datasets; 2.8 s; peak memory 1253 MiB.
2026-10-10T18:54:47Z INFO [570/750] 983c4294-fbe0-4e90-af8f-05d8db1b41b9: 66 datasets; 1.1 s; peak memory 1253 MiB.
2026-10-10T18:54:50Z INFO [571/750] 983cb2e7-df57-43a3-8884-2dcf64f4c027: 538 datasets; 3.0 s; peak memory 1253 MiB.
2026-10-10T18:54:50Z INFO [572/750] 983cd752-9056-4194-b2c6-056c57aada2e: 116 datasets; 0.7 s; peak memory 1253 MiB.
2026-10-10T18:54:56Z INFO [573/750] 983d2a66-f5dd-487a-a136-12632d1fd429: 11477 datasets; 6.2 s; peak memory 1253 MiB.
2026-10-10T18:54:58Z INFO [574/750] 983db773-d306-41f2-8958-7e44f47157a1: 118 datasets; 1.4 s; peak memory 1253 MiB.
2026-10-10T18:54:59Z INFO [575/750] 983dd3b7-d0cc-48bf-8aa5-d80170465f93: 69 datasets; 1.2 s; peak memory 1253 MiB.
2026-10-10T18:55:03Z INFO [576/750] 983e785c-1d83-4538-bcaa-6b7e5187699d: 231 datasets; 3.8 s; peak memory 1253 MiB.
2026-10-10T18:55:04Z INFO [577/750] 983e9e88-7bf7-4314-a715-340d3747c545: 117 datasets; 0.7 s; peak memory 1253 MiB.
2026-10-10T18:55:09Z INFO [578/750] 983eb223-7e46-4ea1-aa89-738d64fd59e6: 619 datasets; 4.9 s; peak memory 1253 MiB.
2026-10-10T18:55:09Z INFO [579/750] 983f1d8e-6a46-4254-a92d-31d43f864a42: 52 datasets; 0.6 s; peak memory 1253 MiB.
2026-10-10T18:55:31Z INFO [580/750] 983f73e6-4f18-4900-9c99-671bce6b95ac: 96 datasets; 21.6 s; peak memory 1253 MiB.
2026-10-10T18:55:31Z INFO [581/750] 983f7de2-9dfa-4ddb-88a6-1f62721fd62b: 116 datasets; 0.6 s; peak memory 1253 MiB.
2026-10-10T18:55:32Z INFO [582/750] 98403b9b-871c-4a43-9da6-b43d704d69ca: 110 datasets; 0.9 s; peak memory 1253 MiB.
2026-10-10T18:55:33Z INFO [583/750] 9840ac8c-250d-4d67-8a5d-13ce2178a7fd: 46 datasets; 0.5 s; peak memory 1253 MiB.
2026-10-10T18:55:33Z INFO [584/750] 9840dd66-2dc5-4ab9-9a6f-90f813c1a057: 50 datasets; 0.7 s; peak memory 1253 MiB.
2026-10-10T18:55:34Z INFO [585/750] 9840e631-4bb7-4667-b741-065e2e81a189: 48 datasets; 0.5 s; peak memory 1253 MiB.
2026-10-10T18:55:35Z INFO [586/750] 9840ed0b-09fd-4df0-88b8-0652cf378423: 66 datasets; 0.9 s; peak memory 1253 MiB.
2026-10-10T18:55:41Z INFO [587/750] 9841cca9-d12e-4bca-a1e4-dbeebf0e9832: 1533 datasets; 6.3 s; peak memory 1253 MiB.
2026-10-10T18:55:42Z INFO [588/750] 9842b5d9-5cc2-4ca9-adc7-b7ed2d3a148d: 48 datasets; 0.6 s; peak memory 1253 MiB.
2026-10-10T18:55:42Z INFO [589/750] 9842d79e-69a2-479c-b997-31abf6d83ff5: 48 datasets; 0.6 s; peak memory 1253 MiB.
2026-10-10T18:55:43Z INFO [590/750] 98433849-d77b-4f08-8b3a-cc11925ba0e6: 48 datasets; 0.6 s; peak memory 1253 MiB.
2026-10-10T18:55:44Z INFO [591/750] 98447f83-ee53-4161-9c5c-43cddfa43243: 112 datasets; 0.9 s; peak memory 1253 MiB.
2026-10-10T18:55:44Z INFO [592/750] 9845eb7f-f9bc-4707-8aa7-1fa96c62d9d7: 52 datasets; 0.6 s; peak memory 1253 MiB.
2026-10-10T18:55:45Z INFO [593/750] 9845ecce-ac0a-4d54-b178-98eb7886b312: 118 datasets; 0.7 s; peak memory 1253 MiB.
2026-10-10T18:55:46Z INFO [594/750] 984682fa-957b-41fa-a6de-72a06ae2f217: 63 datasets; 0.6 s; peak memory 1253 MiB.
2026-10-10T18:55:46Z INFO [595/750] 98468b3d-a4cc-40f0-be8c-39d38269e1ea: 48 datasets; 0.5 s; peak memory 1253 MiB.
2026-10-10T18:55:59Z INFO [596/750] 9846aca7-67e3-4dde-a067-9caa7f57936f: 48 datasets; 12.5 s; peak memory 1253 MiB.
2026-10-10T18:56:00Z INFO [597/750] 9846f51a-4746-4ed1-8437-c428594696eb: 82 datasets; 1.6 s; peak memory 1253 MiB.
2026-10-10T18:56:01Z INFO [598/750] 9846f5a5-ba45-478d-8915-bbee1f9d23d1: 66 datasets; 0.7 s; peak memory 1253 MiB.
2026-10-10T18:56:02Z INFO [599/750] 9847c998-db7a-497e-942c-de0b153f01e2: 71 datasets; 1.1 s; peak memory 1253 MiB.
2026-10-10T18:56:03Z INFO [600/750] 98487689-c6e3-4f4d-887c-d57cf933f555: 46 datasets; 0.7 s; peak memory 1253 MiB.
2026-10-10T18:56:03Z INFO [600/750] 98487689-c6e3-4f4d-887c-d57cf933f555: checkpointed 120435 new records.
2026-10-10T18:56:04Z INFO [601/750] 9848a7ba-4bc5-45fa-98ee-f86f276fd076: 119 datasets; 1.2 s; peak memory 1253 MiB.
2026-10-10T18:56:08Z INFO [602/750] 9848da80-955c-41f8-a33e-9d5036ec11fe: 193 datasets; 4.1 s; peak memory 1253 MiB.
2026-10-10T18:56:09Z INFO [603/750] 98491e21-7aeb-4a3f-89d7-7e981cc2ceef: 48 datasets; 0.6 s; peak memory 1253 MiB.
2026-10-10T18:56:10Z INFO [604/750] 98497a93-9e64-4d75-9789-0b5c477a6ca6: 52 datasets; 0.6 s; peak memory 1253 MiB.
2026-10-10T18:56:10Z INFO [605/750] 9849ce5b-747b-4447-891b-c7115d7921ab: 38 datasets; 0.6 s; peak memory 1253 MiB.
2026-10-10T18:56:17Z INFO [606/750] 984a090d-0078-459c-b05a-2a7a579f4d20: 948 datasets; 6.8 s; peak memory 1253 MiB.
2026-10-10T18:57:45Z INFO [607/750] 984b7a05-822f-4782-a290-0209f8118d0e: 260 datasets; 87.9 s; peak memory 1253 MiB.
2026-10-10T18:57:47Z INFO [608/750] 984ccd90-68a2-49a4-a6c2-db31a1a74dd1: 85 datasets; 1.8 s; peak memory 1253 MiB.
2026-10-10T18:57:49Z INFO [609/750] 984d4d9d-810e-429e-9bd7-99a158f07bdd: 459 datasets; 2.0 s; peak memory 1253 MiB.
2026-10-10T18:57:49Z INFO [610/750] 984d963e-50d2-4e4f-8609-636951a73553: 46 datasets; 0.4 s; peak memory 1253 MiB.
2026-10-10T18:57:51Z INFO [611/750] 984e233b-1338-4572-97da-a56c012b64a6: 156 datasets; 2.0 s; peak memory 1253 MiB.
2026-10-10T18:57:52Z INFO [612/750] 984e6e6c-89dd-4abc-b653-51fbcb37dfde: 61 datasets; 0.5 s; peak memory 1253 MiB.
2026-10-10T18:57:52Z INFO [613/750] 984f55ad-c317-4abf-ad65-341238ab7418: 117 datasets; 0.7 s; peak memory 1253 MiB.
2026-10-10T18:57:53Z INFO [614/750] 984f9a00-6190-4ede-8ed0-5f63db6fc46a: 116 datasets; 0.7 s; peak memory 1253 MiB.
2026-10-10T18:58:00Z INFO [615/750] 984fb4f3-511a-472b-a2c3-86eb82b4e162: 823 datasets; 7.5 s; peak memory 1253 MiB.
2026-10-10T18:58:04Z INFO [616/750] 98507e2d-370c-43e4-ab56-feb1ca0067d9: 534 datasets; 3.8 s; peak memory 1253 MiB.
2026-10-10T18:58:05Z INFO [617/750] 9850c9ea-c29c-44d2-a282-51c40518beb2: 48 datasets; 0.6 s; peak memory 1253 MiB.
2026-10-10T18:58:06Z INFO [618/750] 985158a2-d5f2-4c8e-b78c-e124e55468e8: 118 datasets; 0.8 s; peak memory 1253 MiB.
2026-10-10T18:58:07Z INFO [619/750] 985192f2-6b00-4bf5-ba0b-05bfdcf2dc42: 109 datasets; 0.9 s; peak memory 1253 MiB.
2026-10-10T18:58:07Z INFO [620/750] 9851b9ae-2fb3-4518-99cf-f95b8bc47494: 56 datasets; 0.5 s; peak memory 1253 MiB.
2026-10-10T18:58:08Z INFO [621/750] 9851c34a-f6f2-4c00-b788-aee41fb02962: 69 datasets; 1.0 s; peak memory 1253 MiB.
2026-10-10T18:58:09Z INFO [622/750] 98524711-6e17-4065-bb04-bb4711f21c8b: 115 datasets; 1.4 s; peak memory 1253 MiB.
2026-10-10T18:58:10Z INFO [623/750] 9853b2c9-a67e-4bbd-9e35-23ded514bbfb: 117 datasets; 0.8 s; peak memory 1253 MiB.
2026-10-10T18:58:11Z INFO [624/750] 9853ff14-5e9c-4816-91e2-43c574d743de: 66 datasets; 1.1 s; peak memory 1253 MiB.
2026-10-10T18:58:13Z INFO [625/750] 98544202-b27a-4583-ac5f-d4d59933b9af: 123 datasets; 1.3 s; peak memory 1253 MiB.
2026-10-10T18:58:13Z INFO [626/750] 9854761a-5907-4b4a-ab65-8d8672af6981: 48 datasets; 0.6 s; peak memory 1253 MiB.
2026-10-10T18:58:14Z INFO [627/750] 98552f7b-24bb-41c3-9459-e060d374606a: 117 datasets; 0.7 s; peak memory 1253 MiB.
2026-10-10T18:58:16Z INFO [628/750] 98553ccc-06c9-47ce-b2df-cd280cbe6341: 334 datasets; 1.9 s; peak memory 1253 MiB.
2026-10-10T18:58:16Z INFO [629/750] 98560d05-311b-4901-868e-f6714968fbba: 117 datasets; 0.6 s; peak memory 1253 MiB.
2026-10-10T18:58:18Z INFO [630/750] 985769f0-8c74-4187-b755-cd7858e60928: 91 datasets; 1.2 s; peak memory 1253 MiB.
2026-10-10T18:58:21Z INFO [631/750] 9858e209-c00b-4339-9797-bae321c0e860: 538 datasets; 3.0 s; peak memory 1253 MiB.
2026-10-10T18:58:22Z INFO [632/750] 985a17e6-b740-4f86-8557-5687835c04f1: 221 datasets; 1.3 s; peak memory 1253 MiB.
2026-10-10T18:58:23Z INFO [633/750] 985a2ca3-880e-4d93-9fc4-ecf32cedd0b6: 117 datasets; 0.8 s; peak memory 1253 MiB.
2026-10-10T18:58:24Z INFO [634/750] 985a918f-f4c3-4c11-a55a-7157e4fb467c: 66 datasets; 1.2 s; peak memory 1253 MiB.
2026-10-10T18:58:30Z INFO [635/750] 985abb39-94de-4a7c-8471-d834a4335f6a: 728 datasets; 5.7 s; peak memory 1253 MiB.
2026-10-10T18:58:31Z INFO [636/750] 985b0a9b-3e8b-4c2a-923e-f6de97e27f4a: 85 datasets; 1.7 s; peak memory 1253 MiB.
2026-10-10T18:58:34Z INFO [637/750] 985bad23-821c-46b5-bf9a-e505c2aa2bd3: 44 datasets; 2.8 s; peak memory 1253 MiB.
2026-10-10T18:58:35Z INFO [638/750] 985be56a-cb28-4614-bebb-5bfb9887872d: 48 datasets; 0.6 s; peak memory 1253 MiB.
2026-10-10T18:58:35Z INFO [639/750] 985c5731-ce6b-443d-a6f7-52412421e344: 48 datasets; 0.6 s; peak memory 1253 MiB.
2026-10-10T18:58:36Z INFO [640/750] 985cbc32-2209-4ebb-8291-f6b2c823a8be: 92 datasets; 0.5 s; peak memory 1253 MiB.
2026-10-10T18:58:37Z INFO [641/750] 985d3a26-681a-43af-b38b-7cf9121d8899: 110 datasets; 0.9 s; peak memory 1253 MiB.
2026-10-10T18:58:39Z INFO [642/750] 985d3f4c-4e4c-4a28-9731-04d5a99ab52f: 465 datasets; 2.7 s; peak memory 1253 MiB.
2026-10-10T18:58:40Z INFO [643/750] 985d620b-beee-4361-ac05-41678665bd8e: 48 datasets; 0.4 s; peak memory 1253 MiB.
2026-10-10T18:58:40Z INFO [644/750] 985dbe4b-b48b-4f78-9afa-1ed8afabbce3: 117 datasets; 0.5 s; peak memory 1253 MiB.
2026-10-10T18:58:41Z INFO [645/750] 985e558e-2161-4550-b47b-91c8df43dba4: 48 datasets; 0.5 s; peak memory 1253 MiB.
2026-10-10T18:58:41Z INFO [646/750] 985ebffb-e46d-4344-9c7d-734afcc509d5: 72 datasets; 0.5 s; peak memory 1253 MiB.
2026-10-10T18:58:42Z INFO [647/750] 985f51aa-1b24-4699-b9e5-b62a6d5a22f1: 38 datasets; 0.5 s; peak memory 1253 MiB.
2026-10-10T18:58:42Z INFO [648/750] 98608fd7-b8e0-4e29-9328-d59d2dc7eb27: 53 datasets; 0.5 s; peak memory 1253 MiB.
2026-10-10T18:58:43Z INFO [649/750] 9860bd1b-904c-49d8-8338-3d4a3f5f43ac: 112 datasets; 0.7 s; peak memory 1253 MiB.
2026-10-10T18:58:44Z INFO [650/750] 98627742-40d8-4bd6-8763-0e34d714f11f: 77 datasets; 0.8 s; peak memory 1253 MiB.
2026-10-10T18:58:44Z INFO [650/750] 98627742-40d8-4bd6-8763-0e34d714f11f: checkpointed 120485 new records.
2026-10-10T18:58:44Z INFO [651/750] 986515bf-d3ac-48cd-932b-76e2882191cd: 72 datasets; 0.5 s; peak memory 1253 MiB.
2026-10-10T18:58:45Z INFO [652/750] 9865df2d-ea25-4ea1-b467-1e9cc7a413ae: 54 datasets; 0.4 s; peak memory 1253 MiB.
2026-10-10T18:58:46Z INFO [653/750] 98672417-0e13-49e7-a97f-b67b11121bb1: 117 datasets; 0.6 s; peak memory 1253 MiB.
2026-10-10T18:58:46Z INFO [654/750] 9867632a-2f88-4423-a62c-074e450969d5: 45 datasets; 0.4 s; peak memory 1253 MiB.
2026-10-10T18:58:48Z INFO [655/750] 9867d4db-ba43-4eb0-ac0e-6e7396ac9711: 168 datasets; 1.6 s; peak memory 1253 MiB.
2026-10-10T18:58:48Z INFO [656/750] 98682c19-103d-4ce0-aef0-eac9c437512b: 77 datasets; 0.6 s; peak memory 1253 MiB.
2026-10-10T18:58:49Z INFO [657/750] 9868b2de-0094-4da6-9bdc-52d741583f70: 117 datasets; 0.7 s; peak memory 1253 MiB.
2026-10-10T18:58:50Z INFO [658/750] 9869145b-0e9d-44e5-b587-91f372ead876: 112 datasets; 0.9 s; peak memory 1253 MiB.
2026-10-10T18:58:50Z INFO [659/750] 986a1619-a993-4dad-94e7-954ba2520db5: 48 datasets; 0.6 s; peak memory 1253 MiB.
2026-10-10T18:58:51Z INFO [660/750] 986bab90-12d4-4b62-941a-05405cab09f1: 45 datasets; 0.4 s; peak memory 1253 MiB.
2026-10-10T18:58:59Z INFO [661/750] 986c69bb-5534-4caa-a95b-b3686d2bce76: 3175 datasets; 7.8 s; peak memory 1253 MiB.
2026-10-10T18:58:59Z INFO [662/750] 986cb962-dc03-4c12-a152-19dfa4303acb: 112 datasets; 0.7 s; peak memory 1253 MiB.
2026-10-10T18:59:00Z INFO [663/750] 986e650f-5730-478d-beae-2c5666309c35: 62 datasets; 0.7 s; peak memory 1253 MiB.
2026-10-10T18:59:01Z INFO [664/750] 986f9983-3899-4fc2-9926-89453a123c15: 48 datasets; 0.6 s; peak memory 1253 MiB.
2026-10-10T18:59:01Z INFO [665/750] 986fe6d5-5174-4360-ad46-ede440b08242: 117 datasets; 0.6 s; peak memory 1253 MiB.
2026-10-10T19:01:28Z INFO [666/750] 987014e8-a3a9-4862-b75c-598c52f31563: 283 datasets; 146.7 s; peak memory 1253 MiB.
2026-10-10T19:01:29Z INFO [667/750] 987022bb-a04b-4477-9ac7-ba1830ae020f: 52 datasets; 0.7 s; peak memory 1253 MiB.
2026-10-10T19:01:36Z INFO [668/750] 98704682-62cb-41ff-8022-a68f896eb384: 259 datasets; 7.1 s; peak memory 1253 MiB.
2026-10-10T19:01:37Z INFO [669/750] 98709529-dd94-4d8e-93e2-ea5e7f0e5bf2: 112 datasets; 0.8 s; peak memory 1253 MiB.
2026-10-10T19:01:37Z INFO [670/750] 9870b5bd-5f7e-49c8-925c-dd3453026c84: 170 datasets; 0.7 s; peak memory 1253 MiB.
2026-10-10T19:01:38Z INFO [671/750] 9870ef10-e2a0-41ca-914b-fd2ce20d6204: 50 datasets; 0.5 s; peak memory 1253 MiB.
2026-10-10T19:01:45Z INFO [672/750] 987136dc-9b82-4d6a-9563-c1ef9e68422b: 981 datasets; 7.2 s; peak memory 1253 MiB.
2026-10-10T19:01:52Z INFO [673/750] 9872054c-05ee-4306-9161-d287c34d1763: 1312 datasets; 7.4 s; peak memory 1253 MiB.
2026-10-10T19:02:01Z INFO [674/750] 98724a55-168a-4a8e-ae78-540b85ce12d8: 1786 datasets; 8.9 s; peak memory 1253 MiB.
2026-10-10T19:02:02Z INFO [675/750] 98726960-be6d-4826-8aff-5dfc0242b29f: 117 datasets; 0.6 s; peak memory 1253 MiB.
2026-10-10T19:02:03Z INFO [676/750] 9872e6b8-bf70-4856-ac38-815210dc3e6f: 71 datasets; 1.3 s; peak memory 1253 MiB.
2026-10-10T19:02:04Z INFO [677/750] 98738089-693f-444b-830b-89c7d9bd3bc9: 116 datasets; 0.8 s; peak memory 1253 MiB.
2026-10-10T19:02:05Z INFO [678/750] 9874a5c6-da4b-4e6a-a3f8-595292eea6f2: 52 datasets; 0.7 s; peak memory 1253 MiB.
2026-10-10T19:02:05Z INFO [679/750] 9875c43b-7420-41a7-ba8d-2cc6c5889e7c: 84 datasets; 0.7 s; peak memory 1253 MiB.
2026-10-10T19:02:06Z INFO [680/750] 98760d49-2dc7-4a18-9e19-d2a135abfafc: 131 datasets; 0.7 s; peak memory 1253 MiB.
2026-10-10T19:02:07Z INFO [681/750] 98760f56-43c4-4a82-aead-e5f9dbb19dfb: 135 datasets; 1.5 s; peak memory 1253 MiB.
2026-10-10T19:02:08Z INFO [682/750] 987693a4-c829-4978-aad0-c4d443d230d7: 52 datasets; 0.5 s; peak memory 1253 MiB.
2026-10-10T19:02:19Z INFO [683/750] 9877398a-45fb-42a2-9908-43eb8962b926: 1141 datasets; 11.5 s; peak memory 1253 MiB.
2026-10-10T19:02:22Z INFO [684/750] 9878bf4a-0e69-4cda-a106-5fea7353cadc: 86 datasets; 2.7 s; peak memory 1253 MiB.
2026-10-10T19:02:28Z INFO [685/750] 98795755-6d4e-47b5-b3d1-b39bba7f79c4: 98 datasets; 5.9 s; peak memory 1253 MiB.
2026-10-10T19:02:31Z INFO [686/750] 9879d081-9213-46c7-9cdf-fa47c69fc031: 229 datasets; 2.9 s; peak memory 1253 MiB.
2026-10-10T19:02:31Z INFO [687/750] 987b825c-8595-46a4-8025-11f77413b473: 56 datasets; 0.4 s; peak memory 1253 MiB.
2026-10-10T19:02:32Z INFO [688/750] 987b9f7f-1be4-4ee1-b944-0a3339315de4: 36 datasets; 0.5 s; peak memory 1253 MiB.
2026-10-10T19:02:32Z INFO [689/750] 987c5b29-02f4-498f-b950-fc320b32b8f0: 112 datasets; 0.7 s; peak memory 1253 MiB.
2026-10-10T19:02:33Z INFO [690/750] 987ccdf0-ae55-4f44-bc25-4dc8bce870c1: 132 datasets; 0.6 s; peak memory 1253 MiB.
2026-10-10T19:02:33Z INFO [691/750] 987d648a-f991-4a8a-a8fe-b2c71fe1507d: 41 datasets; 0.5 s; peak memory 1253 MiB.
2026-10-10T19:02:35Z INFO [692/750] 987d6cd2-2044-456c-9e88-7449451c36ca: 209 datasets; 1.3 s; peak memory 1253 MiB.
2026-10-10T19:02:35Z INFO [693/750] 987d734d-328b-40ca-8be1-2014f8975034: 42 datasets; 0.5 s; peak memory 1253 MiB.
2026-10-10T19:02:37Z INFO [694/750] 987f6f0a-4cdf-42c8-812e-742b8ca82bee: 186 datasets; 1.3 s; peak memory 1253 MiB.
2026-10-10T19:02:37Z INFO [695/750] 9880105f-d0f4-4039-a0ac-b58cb3dccd4c: 48 datasets; 0.7 s; peak memory 1253 MiB.
2026-10-10T19:02:42Z INFO [696/750] 9880365f-2b28-484e-abf6-22a2385c548a: 766 datasets; 5.0 s; peak memory 1253 MiB.
2026-10-10T19:02:43Z INFO [697/750] 9880de21-8896-4c8b-810e-26980ef46f2e: 66 datasets; 0.9 s; peak memory 1253 MiB.
2026-10-10T19:02:44Z INFO [698/750] 98837664-aa48-4073-ab72-6d534b2d0282: 66 datasets; 0.7 s; peak memory 1253 MiB.
2026-10-10T19:02:45Z INFO [699/750] 9883c95e-0d66-4466-8675-f0302ce1dc79: 70 datasets; 0.7 s; peak memory 1253 MiB.
2026-10-10T19:02:46Z INFO [700/750] 9883f277-ce73-4b11-92cd-b0b511dc590b: 328 datasets; 1.7 s; peak memory 1253 MiB.
2026-10-10T19:02:47Z INFO [700/750] 9883f277-ce73-4b11-92cd-b0b511dc590b: checkpointed 120535 new records.
2026-10-10T19:02:47Z INFO [701/750] 9883fd70-0cfa-4499-b205-4fe57c383829: 52 datasets; 0.6 s; peak memory 1253 MiB.
2026-10-10T19:02:48Z INFO [702/750] 98848448-5fa0-47bc-bd88-2b6241247314: 112 datasets; 0.7 s; peak memory 1253 MiB.
2026-10-10T19:02:48Z INFO [703/750] 988510f2-8a23-4294-b5c6-19032ddba30a: 116 datasets; 0.7 s; peak memory 1253 MiB.
2026-10-10T19:02:49Z INFO [704/750] 988540ca-fcac-4e25-a3ac-10fd74a26453: 48 datasets; 0.6 s; peak memory 1253 MiB.
2026-10-10T19:02:50Z INFO [705/750] 98854f1f-b838-4315-a7db-61dcebd3a60b: 48 datasets; 0.6 s; peak memory 1253 MiB.
2026-10-10T19:02:52Z INFO [706/750] 98856740-03c4-4b54-a947-e8c3f7df3483: 229 datasets; 2.8 s; peak memory 1253 MiB.
2026-10-10T19:02:55Z INFO [707/750] 9886256b-43d1-490d-996d-2eb66223687d: 244 datasets; 2.2 s; peak memory 1253 MiB.
2026-10-10T19:02:59Z INFO [708/750] 98862ce5-0550-4795-8a40-0425549a1f6a: 792 datasets; 4.0 s; peak memory 1253 MiB.
2026-10-10T19:02:59Z INFO [709/750] 98866b14-5e40-4f9f-8f45-765ea3a2e0ab: 110 datasets; 0.8 s; peak memory 1253 MiB.
2026-10-10T19:03:00Z INFO [710/750] 988691b1-50a3-457f-975e-e0a1c8ce5f15: 48 datasets; 0.6 s; peak memory 1253 MiB.
2026-10-10T19:03:01Z INFO [711/750] 9886bdb6-f685-4807-94d2-1be6108b98c7: 48 datasets; 0.6 s; peak memory 1253 MiB.
2026-10-10T19:03:01Z INFO [712/750] 9887c75b-b92d-479c-83dc-662a961ba6ad: 48 datasets; 0.5 s; peak memory 1253 MiB.
2026-10-10T19:03:02Z INFO [713/750] 9888a88b-012b-4196-bf84-9d824c0e7ed0: 66 datasets; 0.6 s; peak memory 1253 MiB.
2026-10-10T19:03:02Z INFO [714/750] 988ad64a-9ede-40ca-a496-ed7cbf95b606: 119 datasets; 0.5 s; peak memory 1253 MiB.
2026-10-10T19:03:03Z INFO [715/750] 988bd675-e72c-48d2-8730-b52bde7656bd: 117 datasets; 0.5 s; peak memory 1253 MiB.
2026-10-10T19:03:03Z INFO [716/750] 988c3eed-6ffd-47d1-8fbf-e8f2bcd56d14: 46 datasets; 0.4 s; peak memory 1253 MiB.
2026-10-10T19:03:10Z INFO [717/750] 988caf65-7e80-4721-bae5-af4d4d14286c: 996 datasets; 6.7 s; peak memory 1253 MiB.
2026-10-10T19:03:11Z INFO [718/750] 988ce4c9-dd22-40c3-adad-ca11b7d0a50d: 112 datasets; 0.8 s; peak memory 1253 MiB.
2026-10-10T19:03:15Z INFO [719/750] 988d8064-1cb1-43d1-9caa-19b4cacf0e29: 193 datasets; 4.3 s; peak memory 1253 MiB.
2026-10-10T19:03:16Z INFO [720/750] 988e0eb6-d97e-4545-aa7b-f536e30b9a5f: 112 datasets; 0.8 s; peak memory 1253 MiB.
2026-10-10T19:03:16Z INFO [721/750] 988e6f40-1e66-4bf8-8251-f204e6545057: 117 datasets; 0.6 s; peak memory 1253 MiB.
2026-10-10T19:03:17Z INFO [722/750] 988e7213-dc20-4697-b15a-87eb3841f4a2: 45 datasets; 0.9 s; peak memory 1253 MiB.
2026-10-10T19:03:18Z INFO [723/750] 988fa894-ea50-40b9-8be5-c03d51ca1789: 48 datasets; 0.6 s; peak memory 1253 MiB.
2026-10-10T19:03:19Z INFO [724/750] 988fe717-432f-4c32-b6cc-342d204da124: 70 datasets; 0.7 s; peak memory 1253 MiB.
2026-10-10T19:03:21Z INFO [725/750] 989066b5-3910-4beb-bfc5-85c55f435324: 159 datasets; 2.0 s; peak memory 1253 MiB.
2026-10-10T19:03:22Z INFO [726/750] 989100a3-e1d7-4912-9da7-8ad326204d9d: 150 datasets; 1.8 s; peak memory 1253 MiB.
2026-10-10T19:03:23Z INFO [727/750] 98911903-d209-447f-82ea-a505f06f3431: 118 datasets; 0.6 s; peak memory 1253 MiB.
2026-10-10T19:03:25Z INFO [728/750] 989198e3-7a52-4bef-a5d4-665dbf9fb563: 38 datasets; 1.6 s; peak memory 1253 MiB.
2026-10-10T19:03:25Z INFO [729/750] 9891bfa0-8676-4472-8f28-f430625fe85f: 110 datasets; 0.6 s; peak memory 1253 MiB.
2026-10-10T19:03:26Z INFO [730/750] 989340c0-9e78-406a-8a29-4f84065c7022: 77 datasets; 0.6 s; peak memory 1253 MiB.
2026-10-10T19:04:45Z INFO [731/750] 9893e40a-a74d-439b-b519-21152ad5aec3: 407 datasets; 78.7 s; peak memory 1253 MiB.
2026-10-10T19:04:46Z INFO [732/750] 9894e8d5-5942-4d4d-837a-5f3a13e59afd: 114 datasets; 1.3 s; peak memory 1253 MiB.
2026-10-10T19:04:47Z INFO [733/750] 9895055a-bb85-4933-9ffb-b1ac6157edb3: 66 datasets; 0.9 s; peak memory 1253 MiB.
2026-10-10T19:04:47Z INFO [734/750] 9895119c-e880-482b-b4c6-bddff26a2808: 45 datasets; 0.5 s; peak memory 1253 MiB.
2026-10-10T19:04:48Z INFO [735/750] 989561d6-1146-4489-a579-ab205d2076e2: 45 datasets; 0.6 s; peak memory 1253 MiB.
2026-10-10T19:04:49Z INFO [736/750] 989628c6-0d8c-42f0-9542-1851a59f03d9: 66 datasets; 0.7 s; peak memory 1253 MiB.
2026-10-10T19:04:49Z INFO [737/750] 989726b0-486c-4775-9fda-422ca3921997: 48 datasets; 0.5 s; peak memory 1253 MiB.
2026-10-10T19:04:50Z INFO [738/750] 98989f19-6558-4dde-bc82-147810ee2c92: 116 datasets; 0.6 s; peak memory 1253 MiB.
2026-10-10T19:04:50Z INFO [739/750] 9899a3a2-a5ab-4772-a035-587afdc3a7a6: 117 datasets; 0.8 s; peak memory 1253 MiB.
2026-10-10T19:04:51Z INFO [740/750] 989a0da5-ce7b-4370-991a-be16f25b6566: 117 datasets; 0.6 s; peak memory 1253 MiB.
2026-10-10T19:04:55Z INFO [741/750] 989a2858-ed68-46c3-b5c2-1eed06e2496b: 776 datasets; 3.8 s; peak memory 1253 MiB.
2026-10-10T19:04:55Z INFO [742/750] 989a2f0e-d6e6-41ea-9607-8ec03620e4bd: 84 datasets; 0.6 s; peak memory 1253 MiB.
2026-10-10T19:04:56Z INFO [743/750] 989adc08-15ff-4f36-8240-5d4c6b18fb9d: 48 datasets; 0.5 s; peak memory 1253 MiB.
2026-10-10T19:04:56Z INFO [744/750] 989af897-bc7a-4f07-ac3c-570aea43a5f5: 46 datasets; 0.4 s; peak memory 1253 MiB.
2026-10-10T19:04:57Z INFO [745/750] 989b265e-191d-4292-8b86-d866b4edeb03: 48 datasets; 0.5 s; peak memory 1253 MiB.
2026-10-10T19:04:58Z INFO [746/750] 989ce8e4-bfb6-42cd-a450-510622e03828: 62 datasets; 0.8 s; peak memory 1253 MiB.
2026-10-10T19:04:59Z INFO [747/750] 989cfaad-892c-4847-9b93-b4500c5939fd: 170 datasets; 1.3 s; peak memory 1253 MiB.
2026-10-10T19:05:01Z INFO [748/750] 989d6121-3178-403b-8d81-45318a965795: 472 datasets; 2.4 s; peak memory 1253 MiB.
2026-10-10T19:05:06Z INFO [749/750] 989e437b-1202-4335-b452-dded68e5afa0: 682 datasets; 4.5 s; peak memory 1253 MiB.
2026-10-10T19:05:06Z INFO [750/750] 989eaeb2-11b5-48eb-bf36-d657429041af: 48 datasets; 0.6 s; peak memory 1253 MiB.
2026-10-10T19:05:07Z INFO [750/750] 989eaeb2-11b5-48eb-bf36-d657429041af: checkpointed 120585 new records.
2026-10-10T19:05:07Z INFO Wrote 120585 records to /tmp/derivatives/valid_nwb_file_to_number_of_datasets.jsonl (750 new, 0 failed) in 53.9 min (peak memory 1253 MiB).
