2026-10-09T06:47:09Z INFO Logging to /tmp/logs/update_2026-10-09T06-47-09Z.log.
2026-10-09T06:47:09Z INFO Update valid-nwb-file-to-number-of-datasets (base directory /tmp).
2026-10-09T06:47:09Z INFO Processing 750 items (107085 already recorded).
2026-10-09T06:47:24Z INFO [1/750] 7cd43239-c547-47b0-b592-c3dd584ca7b9: 363 datasets; 14.9 s; peak memory 136 MiB.
2026-10-09T06:47:25Z INFO [2/750] 7cd52927-e1ba-4440-b2c0-f837e0b335b0: 52 datasets; 0.9 s; peak memory 136 MiB.
2026-10-09T06:47:34Z INFO [3/750] 7cd5880e-9849-4959-bd3b-b29fb48350e6: 2408 datasets; 9.3 s; peak memory 185 MiB.
2026-10-09T06:47:35Z INFO [4/750] 7cd5b8f9-7534-404f-a0d5-3fdac9fc45e3: 112 datasets; 1.0 s; peak memory 185 MiB.
2026-10-09T06:47:36Z INFO [5/750] 7cd5bf36-8119-454c-b48a-62594ca3e943: 71 datasets; 1.3 s; peak memory 185 MiB.
2026-10-09T06:47:37Z INFO [6/750] 7cd61005-7dec-4ccb-a718-75e11edabff1: 79 datasets; 0.8 s; peak memory 186 MiB.
2026-10-09T06:47:38Z INFO [7/750] 7cd612a7-7ac2-49fa-a137-4966ee1581ab: 48 datasets; 0.7 s; peak memory 186 MiB.
2026-10-09T06:47:39Z INFO [8/750] 7cd6bad6-5b15-4ffd-90e9-76435055879f: 114 datasets; 0.7 s; peak memory 186 MiB.
2026-10-09T06:47:39Z INFO [9/750] 7cd76f29-6f44-4c49-a0b4-286d782503e3: 48 datasets; 0.7 s; peak memory 186 MiB.
2026-10-09T06:47:43Z INFO [10/750] 7cd7d38c-c25a-4b13-b234-ba19afcf675d: 560 datasets; 3.4 s; peak memory 186 MiB.
2026-10-09T06:47:43Z INFO [11/750] 7cd7e76a-c9d6-4d91-b552-4be0c4bee607: 84 datasets; 0.7 s; peak memory 186 MiB.
2026-10-09T06:47:46Z INFO [12/750] 7cd885f7-08fa-4c4d-9344-09619b9c2bfd: 490 datasets; 2.8 s; peak memory 186 MiB.
2026-10-09T06:47:53Z INFO [13/750] 7cd88f58-44cc-459d-996b-dcf48d36eda7: 759 datasets; 6.6 s; peak memory 187 MiB.
2026-10-09T06:47:59Z INFO [14/750] 7cda6693-7131-4d3b-b16b-ca58d2c7412f: 49 datasets; 6.2 s; peak memory 187 MiB.
2026-10-09T06:48:03Z INFO [15/750] 7cdbeea2-26f8-4c66-b25a-344b7fdbb13c: 193 datasets; 4.1 s; peak memory 187 MiB.
2026-10-09T06:48:20Z INFO [16/750] 7cdd08da-a897-43dc-b325-27c8aa8f513c: 48 datasets; 16.7 s; peak memory 187 MiB.
2026-10-09T06:48:24Z INFO [17/750] 7cdf10de-f6f1-4a44-99c7-daab1d2d1b78: 572 datasets; 4.1 s; peak memory 188 MiB.
2026-10-09T06:48:25Z INFO [18/750] 7cdf43a1-f3a5-428d-ac64-80a43a4b598c: 121 datasets; 1.2 s; peak memory 188 MiB.
2026-10-09T06:48:27Z INFO [19/750] 7cdf4cc2-ab21-4796-8d52-f18933cf91f5: 138 datasets; 1.9 s; peak memory 188 MiB.
2026-10-09T06:48:28Z INFO [20/750] 7ce0d1af-f3b5-4eb0-bab8-054e03f43d8d: 66 datasets; 0.9 s; peak memory 188 MiB.
2026-10-09T06:48:30Z INFO [21/750] 7ce0e0c5-cf4e-40ef-8c09-3705b57ea597: 90 datasets; 2.0 s; peak memory 188 MiB.
2026-10-09T06:48:31Z INFO [22/750] 7ce159d7-464f-4936-a7e3-1466f53520ff: 46 datasets; 0.6 s; peak memory 188 MiB.
2026-10-09T06:48:34Z INFO [23/750] 7ce1bfe9-5c09-4df8-b5f3-2dfe416838c1: 229 datasets; 3.2 s; peak memory 188 MiB.
2026-10-09T06:48:35Z INFO [24/750] 7ce27e39-fdea-4f18-bb9f-f3acff520b80: 48 datasets; 0.6 s; peak memory 188 MiB.
2026-10-09T06:48:38Z INFO [25/750] 7ce31ce6-5e2e-423b-bdca-306c746ffc2b: 106 datasets; 3.4 s; peak memory 188 MiB.
2026-10-09T06:48:40Z INFO [26/750] 7ce36644-6c98-4bdb-be96-30071d2d71d6: 119 datasets; 1.6 s; peak memory 188 MiB.
2026-10-09T06:48:41Z INFO [27/750] 7ce3c462-c81c-4f1c-b194-84db843880f4: 69 datasets; 0.9 s; peak memory 188 MiB.
2026-10-09T06:48:42Z INFO [28/750] 7ce546d3-6910-4b84-a72a-fce5332fbcef: 156 datasets; 1.7 s; peak memory 188 MiB.
2026-10-09T06:48:43Z INFO [29/750] 7ce6b1c4-1948-47d6-9c41-2b988a4077a0: 111 datasets; 0.8 s; peak memory 188 MiB.
2026-10-09T06:48:44Z INFO [30/750] 7ce72c79-3195-41aa-b99f-45a0b5b5fb0f: 39 datasets; 0.7 s; peak memory 188 MiB.
2026-10-09T06:50:25Z INFO [31/750] 7ce92c0b-40f9-4e51-acc6-f8a89b4ca99b: 413 datasets; 101.6 s; peak memory 294 MiB.
2026-10-09T06:50:26Z INFO [32/750] 7ce9ed15-0c20-40e5-8006-61df966217a3: 116 datasets; 0.6 s; peak memory 294 MiB.
2026-10-09T06:50:27Z INFO [33/750] 7cea644a-ab2e-43d9-a557-5a91a66c2f69: 71 datasets; 1.4 s; peak memory 294 MiB.
2026-10-09T06:50:33Z INFO [34/750] 7ceabf06-247d-4e92-91df-e16dc636a6c1: 343 datasets; 5.8 s; peak memory 294 MiB.
2026-10-09T06:51:36Z INFO [35/750] 7cebe8db-dca0-4408-9390-131cf2728548: 5606 datasets; 63.1 s; peak memory 424 MiB.
2026-10-09T06:51:37Z INFO [36/750] 7cebed11-8c9b-49be-95a9-9639b827fd61: 48 datasets; 0.6 s; peak memory 424 MiB.
2026-10-09T06:51:38Z INFO [37/750] 7cebf0b2-92c9-4d27-80db-543a4f6b8f2e: 112 datasets; 1.0 s; peak memory 424 MiB.
2026-10-09T06:51:39Z INFO [38/750] 7cec0f9f-eb31-4591-8b31-b6f9e5d3de9f: 118 datasets; 0.8 s; peak memory 424 MiB.
2026-10-09T06:51:39Z INFO [39/750] 7cecb243-6967-47b7-8aaa-f7a5123ac6a2: 118 datasets; 0.7 s; peak memory 424 MiB.
2026-10-09T06:51:41Z INFO [40/750] 7ced5f3d-7068-464b-b8d2-e4bb587876d3: 156 datasets; 1.7 s; peak memory 424 MiB.
2026-10-09T06:51:42Z INFO [41/750] 7cedf061-bbdb-4387-8060-3e3ffa03c279: 47 datasets; 0.5 s; peak memory 424 MiB.
2026-10-09T06:51:42Z INFO [42/750] 7cf0678a-d3c7-456b-9914-57bc4a42bfc6: 48 datasets; 0.9 s; peak memory 424 MiB.
2026-10-09T06:51:43Z INFO [43/750] 7cf0f997-e2e8-431a-bd07-0a3cb08b0c58: 48 datasets; 0.8 s; peak memory 424 MiB.
2026-10-09T06:51:44Z INFO [44/750] 7cf10f44-7f09-475d-9594-8f2dd338f1ac: 111 datasets; 1.0 s; peak memory 424 MiB.
2026-10-09T06:51:45Z INFO [45/750] 7cf1104b-1774-489a-8026-0c85e28e4a3e: 48 datasets; 0.7 s; peak memory 424 MiB.
2026-10-09T06:51:47Z INFO [46/750] 7cf14a04-c737-4732-8455-a0efca824092: 116 datasets; 1.6 s; peak memory 424 MiB.
2026-10-09T06:51:48Z INFO [47/750] 7cf21dc0-c973-4a02-9dde-55a9f31b7bca: 47 datasets; 1.2 s; peak memory 424 MiB.
2026-10-09T06:51:53Z INFO [48/750] 7cf2a853-c652-43e9-aa4a-62a8e7f524ef: 336 datasets; 5.8 s; peak memory 424 MiB.
2026-10-09T06:51:54Z INFO [49/750] 7cf3ffc5-997c-44ab-b0af-d9f03e8d8a48: 63 datasets; 0.6 s; peak memory 424 MiB.
2026-10-09T06:51:55Z INFO [50/750] 7cf426f5-d03e-4efd-b576-82b0d2fa7321: 42 datasets; 0.6 s; peak memory 424 MiB.
2026-10-09T06:51:55Z INFO [50/750] 7cf426f5-d03e-4efd-b576-82b0d2fa7321: checkpointed 107135 new records.
2026-10-09T06:51:55Z INFO [51/750] 7cf488ba-7546-4163-aeb0-6c2237021e50: 48 datasets; 0.7 s; peak memory 424 MiB.
2026-10-09T06:51:57Z INFO [52/750] 7cf4adb9-ee90-48ed-80c0-d436e0cfbcc6: 110 datasets; 1.2 s; peak memory 424 MiB.
2026-10-09T06:51:57Z INFO [53/750] 7cf4bc28-27a6-4453-b3f9-a6d613283875: 48 datasets; 0.7 s; peak memory 424 MiB.
2026-10-09T06:51:58Z INFO [54/750] 7cf4c485-adbc-410f-83bb-f08618c651dd: 59 datasets; 0.8 s; peak memory 424 MiB.
2026-10-09T06:51:59Z INFO [55/750] 7cf4e724-fa18-4a8a-b7b9-27e44c0b50f2: 48 datasets; 0.7 s; peak memory 424 MiB.
2026-10-09T06:52:01Z INFO [56/750] 7cf538e5-874c-4b71-a0c9-760fcf4003da: 352 datasets; 2.2 s; peak memory 424 MiB.
2026-10-09T06:52:02Z INFO [57/750] 7cf55d8d-9707-495a-8371-2eb98fc75764: 48 datasets; 0.7 s; peak memory 424 MiB.
2026-10-09T06:52:03Z INFO [58/750] 7cf56858-7ee3-4dd1-bc80-58db2bcba03e: 66 datasets; 1.2 s; peak memory 424 MiB.
2026-10-09T06:52:04Z INFO [59/750] 7cf5a52b-7fd0-43f6-829f-8fd9b857fc09: 117 datasets; 0.8 s; peak memory 424 MiB.
2026-10-09T06:52:14Z INFO [60/750] 7cf6384e-7033-4e37-8d9f-4ea313150d2d: 41 datasets; 9.9 s; peak memory 424 MiB.
2026-10-09T06:52:15Z INFO [61/750] 7cf6e95c-7705-4fbf-bc7e-56d62d5d7213: 71 datasets; 1.3 s; peak memory 424 MiB.
2026-10-09T06:52:15Z INFO [62/750] 7cf7a674-5400-4eb5-aa9d-aeecde984899: 61 datasets; 0.6 s; peak memory 424 MiB.
2026-10-09T06:52:16Z INFO [63/750] 7cf7a9c0-83e3-44ea-8882-4a233f1a0d51: 48 datasets; 0.7 s; peak memory 424 MiB.
2026-10-09T06:52:17Z INFO [64/750] 7cf7b0a2-9630-4b35-ae6f-ceed304f71e5: 48 datasets; 0.6 s; peak memory 424 MiB.
2026-10-09T06:52:17Z INFO [65/750] 7cf7b629-6ff5-4fd7-b7e7-5fe36a6a3044: 42 datasets; 0.6 s; peak memory 424 MiB.
2026-10-09T06:52:21Z INFO [66/750] 7cf7f978-8cb4-47d2-8050-239e70d985af: 623 datasets; 3.3 s; peak memory 425 MiB.
2026-10-09T06:52:21Z INFO [67/750] 7cf9dd8c-1e13-43dd-a9a9-6a8954551eec: 117 datasets; 0.8 s; peak memory 425 MiB.
2026-10-09T06:52:22Z INFO [68/750] 7cfa89ce-63d0-4b32-a4ee-ab464d1a3935: 117 datasets; 0.8 s; peak memory 425 MiB.
2026-10-09T06:52:31Z INFO [69/750] 7cfb4293-0eb1-47fa-adb0-f7e426aa1faa: 1791 datasets; 8.4 s; peak memory 425 MiB.
2026-10-09T06:52:31Z INFO [70/750] 7cfc33b3-5402-4f92-b379-e1b1926dff29: 48 datasets; 0.5 s; peak memory 425 MiB.
2026-10-09T06:52:40Z INFO [71/750] 7cfc9cb1-ac4a-4d48-9a0e-2b4c49f53ca8: 1185 datasets; 9.3 s; peak memory 425 MiB.
2026-10-09T06:52:41Z INFO [72/750] 7cfdd94d-c1e9-4429-bc00-d6ec2a102edb: 78 datasets; 0.8 s; peak memory 425 MiB.
2026-10-09T06:52:42Z INFO [73/750] 7cfe1731-31cb-4457-a698-c61189bd1848: 56 datasets; 0.5 s; peak memory 425 MiB.
2026-10-09T06:52:43Z INFO [74/750] 7cff40d5-384a-4b31-bd13-46fa61a5d0a1: 114 datasets; 1.6 s; peak memory 425 MiB.
2026-10-09T06:52:44Z INFO [75/750] 7cff56f8-92db-4bcb-8008-99ce816f02ea: 112 datasets; 0.9 s; peak memory 425 MiB.
2026-10-09T06:52:45Z INFO [76/750] 7cff6941-972b-4477-9a7d-de98092e925a: 69 datasets; 0.8 s; peak memory 425 MiB.
2026-10-09T06:52:46Z INFO [77/750] 7cff8b53-1d29-4c95-aba8-739a0f97b748: 70 datasets; 0.9 s; peak memory 425 MiB.
2026-10-09T06:52:49Z INFO [78/750] 7cffa644-0f79-47d2-a979-e3aecae7b94c: 791 datasets; 3.4 s; peak memory 425 MiB.
2026-10-09T06:52:50Z INFO [79/750] 7d00f6ef-4e99-4c2f-9bf8-5639c66d546c: 117 datasets; 0.8 s; peak memory 425 MiB.
2026-10-09T06:52:51Z INFO [80/750] 7d03146f-8baf-4cb7-8537-b95530a0e51c: 45 datasets; 0.5 s; peak memory 425 MiB.
2026-10-09T06:52:51Z INFO [81/750] 7d037f55-d0dd-4312-b91f-5fddbc0ac665: 48 datasets; 0.8 s; peak memory 425 MiB.
2026-10-09T06:52:53Z INFO [82/750] 7d03ebeb-cd9b-41b9-bad7-201898b91da9: 39 datasets; 1.5 s; peak memory 425 MiB.
2026-10-09T06:52:54Z INFO [83/750] 7d042797-d582-4044-b1cc-fad8d79b16b1: 112 datasets; 0.8 s; peak memory 425 MiB.
2026-10-09T06:52:54Z INFO [84/750] 7d050ffe-86e8-4665-9875-2175d83eb861: 35 datasets; 0.5 s; peak memory 425 MiB.
2026-10-09T06:52:56Z INFO [85/750] 7d05341f-714e-48f7-be4e-136b4fcb679a: 156 datasets; 1.6 s; peak memory 425 MiB.
2026-10-09T06:52:57Z INFO [86/750] 7d05b907-0b0f-4812-82f8-309ca10002ef: 59 datasets; 0.9 s; peak memory 425 MiB.
2026-10-09T06:52:57Z INFO [87/750] 7d07e706-b43b-46a2-b4c4-1643305f4b3a: 118 datasets; 0.7 s; peak memory 425 MiB.
2026-10-09T06:52:58Z INFO [88/750] 7d080c37-6cb0-43d5-8cab-68122c41a37f: 48 datasets; 0.7 s; peak memory 425 MiB.
2026-10-09T06:53:02Z INFO [89/750] 7d082c76-03c7-43be-b538-8e8688402198: 200 datasets; 3.6 s; peak memory 425 MiB.
2026-10-09T06:53:03Z INFO [90/750] 7d0842c2-0c53-4da0-892d-b4ece3288087: 52 datasets; 0.9 s; peak memory 425 MiB.
2026-10-09T06:53:03Z INFO [91/750] 7d096922-41e6-489f-9c88-a4bed76a8a3e: 48 datasets; 0.9 s; peak memory 425 MiB.
2026-10-09T06:53:04Z INFO [92/750] 7d0990ef-9f8b-4880-a6d3-54f9725d3849: 48 datasets; 0.8 s; peak memory 425 MiB.
2026-10-09T06:53:05Z INFO [93/750] 7d0a47ae-7516-4185-9557-ec79e4bc71e7: 51 datasets; 1.0 s; peak memory 425 MiB.
2026-10-09T06:53:07Z INFO [94/750] 7d0b8bc4-8d3f-4782-a275-24678270a4b8: 1813 datasets; 2.0 s; peak memory 425 MiB.
2026-10-09T06:53:08Z INFO [95/750] 7d0bae35-4504-4b0f-b96f-6123b94707dd: 117 datasets; 0.8 s; peak memory 425 MiB.
2026-10-09T06:53:09Z INFO [96/750] 7d0c0554-40ac-4d4f-a614-c5345b58c09a: 410 datasets; 1.0 s; peak memory 425 MiB.
2026-10-09T06:53:10Z INFO [97/750] 7d0e0ddf-2c39-41c2-b365-d0a3fb9f08f4: 118 datasets; 0.8 s; peak memory 425 MiB.
2026-10-09T06:53:11Z INFO [98/750] 7d0e264e-512c-4f6a-9bc0-d338d856ec4b: 121 datasets; 0.7 s; peak memory 425 MiB.
2026-10-09T06:53:11Z INFO [99/750] 7d0e7dd8-9d39-44f2-985d-63647e3a1f32: 116 datasets; 0.9 s; peak memory 425 MiB.
2026-10-09T06:53:12Z INFO [100/750] 7d0ff716-fc54-4873-bab6-5b6bd40d014f: 115 datasets; 0.7 s; peak memory 425 MiB.
2026-10-09T06:53:12Z INFO [100/750] 7d0ff716-fc54-4873-bab6-5b6bd40d014f: checkpointed 107185 new records.
2026-10-09T06:53:13Z INFO [101/750] 7d113dab-e019-432b-891a-cd5f01f7e737: 66 datasets; 1.1 s; peak memory 425 MiB.
2026-10-09T06:53:15Z INFO [102/750] 7d1155a7-e1ca-4fe4-a023-ee610392e511: 138 datasets; 1.9 s; peak memory 425 MiB.
2026-10-09T06:53:18Z INFO [103/750] 7d116a31-434a-486d-8b03-b631d3ff7f4f: 223 datasets; 3.2 s; peak memory 425 MiB.
2026-10-09T06:53:19Z INFO [104/750] 7d128baf-a3b3-4cef-8273-414381e12300: 48 datasets; 0.7 s; peak memory 425 MiB.
2026-10-09T06:53:20Z INFO [105/750] 7d130fe7-66b7-4c64-9a46-911e744b0b72: 118 datasets; 1.3 s; peak memory 425 MiB.
2026-10-09T06:53:21Z INFO [106/750] 7d131d11-a50a-463b-ba68-c1b57e4a81b5: 116 datasets; 1.0 s; peak memory 425 MiB.
2026-10-09T06:53:22Z INFO [107/750] 7d1323ff-a28c-41bf-b194-a8466d798ac9: 35 datasets; 0.6 s; peak memory 425 MiB.
2026-10-09T06:53:24Z INFO [108/750] 7d13485c-bdad-4714-92b5-c4164924460c: 117 datasets; 1.6 s; peak memory 425 MiB.
2026-10-09T06:53:26Z INFO [109/750] 7d13c3ab-9040-480d-a1ee-c7195c6e7e09: 48 datasets; 2.2 s; peak memory 425 MiB.
2026-10-09T06:53:29Z INFO [110/750] 7d15327a-8965-48cf-ac1b-98f4f6c588d0: 538 datasets; 3.6 s; peak memory 425 MiB.
2026-10-09T06:53:30Z INFO [111/750] 7d15d499-a0d7-411b-a23a-7a45bbe74e12: 49 datasets; 0.8 s; peak memory 425 MiB.
2026-10-09T06:53:31Z INFO [112/750] 7d1693db-5497-4412-b8b6-c8b9effb94bd: 112 datasets; 0.9 s; peak memory 425 MiB.
2026-10-09T06:53:32Z INFO [113/750] 7d183d5d-a90c-4682-803e-2fc28a69ae9d: 48 datasets; 0.8 s; peak memory 425 MiB.
2026-10-09T06:53:33Z INFO [114/750] 7d19f11d-6879-4966-8848-ef131f8bd053: 117 datasets; 0.7 s; peak memory 425 MiB.
2026-10-09T06:53:34Z INFO [115/750] 7d1b5472-7cd0-45c8-857e-002f30085129: 71 datasets; 1.5 s; peak memory 425 MiB.
2026-10-09T06:53:35Z INFO [116/750] 7d1b58cd-5950-46ea-b0c4-4863590eded2: 48 datasets; 0.7 s; peak memory 425 MiB.
2026-10-09T06:53:38Z INFO [117/750] 7d1d281b-bfed-4160-9ad6-8c7b6fd3a1d2: 465 datasets; 3.3 s; peak memory 425 MiB.
2026-10-09T06:53:39Z INFO [118/750] 7d1dcee8-deac-4cbe-b025-da1b8ecc61c2: 48 datasets; 0.8 s; peak memory 425 MiB.
2026-10-09T06:53:40Z INFO [119/750] 7d1f0f3f-8e54-4078-ab8f-1032afe9467b: 69 datasets; 0.7 s; peak memory 425 MiB.
2026-10-09T06:53:40Z INFO [120/750] 7d1f38f6-5922-433e-8243-dd03d25bec6d: 41 datasets; 0.6 s; peak memory 425 MiB.
2026-10-09T06:53:41Z INFO [121/750] 7d206649-79b2-4ad6-a36d-2ebe05c84bb6: 52 datasets; 0.6 s; peak memory 425 MiB.
2026-10-09T06:53:42Z INFO [122/750] 7d21c1b4-8fa0-431b-91f0-e6d71bdf3674: 110 datasets; 1.0 s; peak memory 425 MiB.
2026-10-09T06:53:43Z INFO [123/750] 7d21c91a-2587-4896-be63-695a26756331: 48 datasets; 0.8 s; peak memory 425 MiB.
2026-10-09T06:53:43Z INFO [124/750] 7d223ad0-5cc0-4a9e-8a89-96e56da953de: 46 datasets; 0.5 s; peak memory 425 MiB.
2026-10-09T06:53:45Z INFO [125/750] 7d2373ab-e64a-45ad-af6d-64f45b3e913b: 156 datasets; 1.7 s; peak memory 425 MiB.
2026-10-09T06:53:45Z INFO [126/750] 7d243a60-1eb1-4817-9136-8dfea3a0ce07: 41 datasets; 0.5 s; peak memory 425 MiB.
2026-10-09T06:53:51Z INFO [127/750] 7d258e97-2566-42e1-bdcd-f07f2936f97c: 805 datasets; 5.5 s; peak memory 425 MiB.
2026-10-09T06:53:52Z INFO [128/750] 7d26288d-ddb6-4716-ac3a-0df7270c9aa7: 118 datasets; 0.9 s; peak memory 425 MiB.
2026-10-09T06:54:00Z INFO [129/750] 7d263efb-d810-41f0-9c84-f8077613f22b: 758 datasets; 8.5 s; peak memory 425 MiB.
2026-10-09T06:54:01Z INFO [130/750] 7d268425-bc50-437c-b1da-2ff7d212894a: 117 datasets; 1.0 s; peak memory 425 MiB.
2026-10-09T06:54:02Z INFO [131/750] 7d274ca7-d098-4045-87b7-35d410bd5f32: 111 datasets; 0.7 s; peak memory 425 MiB.
2026-10-09T06:54:03Z INFO [132/750] 7d2787ba-9f60-4044-afc5-da7c5c0b6371: 48 datasets; 0.6 s; peak memory 425 MiB.
2026-10-09T06:54:03Z INFO [133/750] 7d27ea0b-472a-4232-a093-8ca6230787d8: 48 datasets; 0.8 s; peak memory 425 MiB.
2026-10-09T06:54:13Z INFO [134/750] 7d282637-1c7a-4468-8bb5-695f6d2526d9: 723 datasets; 9.8 s; peak memory 425 MiB.
2026-10-09T06:54:14Z INFO [135/750] 7d284039-e9c4-410d-9ee3-8a259c92c401: 116 datasets; 0.8 s; peak memory 425 MiB.
2026-10-09T06:54:15Z INFO [136/750] 7d29a136-8367-47f2-b162-b668e777458d: 42 datasets; 0.6 s; peak memory 425 MiB.
2026-10-09T06:54:15Z INFO [137/750] 7d2a452f-0eec-4598-87c0-fd700fc3dcd3: 48 datasets; 0.7 s; peak memory 425 MiB.
2026-10-09T06:54:16Z INFO [138/750] 7d2a754b-d0d2-4c2e-8cb4-4f28aad290ea: 38 datasets; 0.7 s; peak memory 425 MiB.
2026-10-09T06:54:17Z INFO [139/750] 7d2a9a5b-cc01-49d2-8a7e-500252551f48: 48 datasets; 0.8 s; peak memory 425 MiB.
2026-10-09T06:54:18Z INFO [140/750] 7d2b3470-6d3d-4ffb-9227-16e856ab7933: 48 datasets; 0.7 s; peak memory 425 MiB.
2026-10-09T06:54:19Z INFO [141/750] 7d2bf45a-2707-4630-b7dc-8e9818293d40: 48 datasets; 0.9 s; peak memory 425 MiB.
2026-10-09T06:54:19Z INFO [142/750] 7d2c14e8-9970-4b76-936b-62f4342e5eb1: 46 datasets; 0.4 s; peak memory 425 MiB.
2026-10-09T06:54:20Z INFO [143/750] 7d2da8ff-72da-4f4d-983e-11766ce1a793: 52 datasets; 0.5 s; peak memory 425 MiB.
2026-10-09T06:54:20Z INFO [144/750] 7d2e5819-1b82-45cf-bd7a-1675de84b3a8: 48 datasets; 0.8 s; peak memory 425 MiB.
2026-10-09T06:56:00Z INFO [145/750] 7d2f1810-9f8d-48b0-a55e-a3d5ea422f7d: 413 datasets; 99.9 s; peak memory 425 MiB.
2026-10-09T06:56:01Z INFO [146/750] 7d2f197c-a239-458f-aecf-b9dc949d6870: 48 datasets; 0.8 s; peak memory 425 MiB.
2026-10-09T06:58:31Z INFO [147/750] 7d2f22e0-e4f8-47aa-ada5-7ece88eb460c: 99 datasets; 150.0 s; peak memory 1339 MiB.
2026-10-09T06:58:32Z INFO [148/750] 7d303127-e590-4e12-8fc5-fc97d2e73461: 116 datasets; 1.0 s; peak memory 1339 MiB.
2026-10-09T06:58:33Z INFO [149/750] 7d31fbfd-9ecb-452d-95b0-96e4bc527f0f: 71 datasets; 1.3 s; peak memory 1339 MiB.
2026-10-09T06:58:34Z INFO [150/750] 7d3306c0-6ed1-4733-b4dd-eddc6e592cdd: 46 datasets; 0.4 s; peak memory 1339 MiB.
2026-10-09T06:58:34Z INFO [150/750] 7d3306c0-6ed1-4733-b4dd-eddc6e592cdd: checkpointed 107235 new records.
2026-10-09T06:58:35Z INFO [151/750] 7d33c109-8f7c-4e78-bc9d-91ce0d50244c: 117 datasets; 0.7 s; peak memory 1339 MiB.
2026-10-09T06:59:11Z INFO [152/750] 7d34819a-5f0b-4b0c-8284-ea15922cd950: 4265 datasets; 36.4 s; peak memory 1339 MiB.
2026-10-09T06:59:12Z INFO [153/750] 7d348b77-83e8-4f5d-be3b-d62ba00da29a: 116 datasets; 0.7 s; peak memory 1339 MiB.
2026-10-09T06:59:13Z INFO [154/750] 7d350cf3-6081-41e8-b05d-e434c1a9474c: 101 datasets; 1.1 s; peak memory 1339 MiB.
2026-10-09T06:59:14Z INFO [155/750] 7d354654-9e92-4422-b844-f596fac4abb3: 118 datasets; 0.8 s; peak memory 1339 MiB.
2026-10-09T06:59:17Z INFO [156/750] 7d35aaef-397e-44fc-b0c5-d3a27b7266f4: 648 datasets; 3.4 s; peak memory 1339 MiB.
2026-10-09T06:59:18Z INFO [157/750] 7d3604e4-3035-4a56-8177-a65a802d3675: 116 datasets; 0.7 s; peak memory 1339 MiB.
2026-10-09T06:59:18Z INFO [158/750] 7d364bfa-6fc9-4d9c-813d-59cfd29caf35: 47 datasets; 0.5 s; peak memory 1339 MiB.
2026-10-09T06:59:19Z INFO [159/750] 7d36a426-06b8-4225-9b90-0c7fa730752e: 117 datasets; 0.9 s; peak memory 1339 MiB.
2026-10-09T06:59:26Z INFO [160/750] 7d382981-c1af-43ec-8063-f844fb9690ef: 752 datasets; 6.8 s; peak memory 1339 MiB.
2026-10-09T06:59:27Z INFO [161/750] 7d387c6b-97fa-47ba-8414-74036a40caa7: 69 datasets; 1.1 s; peak memory 1339 MiB.
2026-10-09T06:59:29Z INFO [162/750] 7d39607c-ca81-441e-b63f-6a2828010931: 211 datasets; 1.4 s; peak memory 1339 MiB.
2026-10-09T06:59:30Z INFO [163/750] 7d3a7865-0f0e-4ea6-94dd-831e2bb457cf: 64 datasets; 1.0 s; peak memory 1339 MiB.
2026-10-09T06:59:30Z INFO [164/750] 7d3a8bf1-bded-487b-92b1-0aad0bfba2ab: 46 datasets; 0.6 s; peak memory 1339 MiB.
2026-10-09T06:59:31Z INFO [165/750] 7d3aac9d-f46d-4ad7-95a3-77fca87d8338: 71 datasets; 1.1 s; peak memory 1339 MiB.
2026-10-09T07:00:01Z INFO [166/750] 7d3aca39-78c0-48b4-b946-7241facf0277: 36 datasets; 29.5 s; peak memory 1339 MiB.
2026-10-09T07:00:01Z INFO [167/750] 7d3af02f-14be-41c2-830c-df199deb230c: 48 datasets; 0.5 s; peak memory 1339 MiB.
2026-10-09T07:00:02Z INFO [168/750] 7d3b3cd3-2ac6-4fb7-8e60-4b783bd2f9ed: 112 datasets; 0.6 s; peak memory 1339 MiB.
2026-10-09T07:00:11Z INFO [169/750] 7d3b93bd-1a4f-4a47-9642-0dff637f34c3: 729 datasets; 8.6 s; peak memory 1339 MiB.
2026-10-09T07:00:12Z INFO [170/750] 7d3ba12c-ae3c-4718-acea-07762589d819: 109 datasets; 1.0 s; peak memory 1339 MiB.
2026-10-09T07:00:13Z INFO [171/750] 7d3c398f-ac71-473a-8294-e3a4bf4351ea: 71 datasets; 1.0 s; peak memory 1339 MiB.
2026-10-09T07:00:14Z INFO [172/750] 7d3c688c-e034-4f27-a97c-6069b124dab4: 66 datasets; 1.0 s; peak memory 1339 MiB.
2026-10-09T07:00:15Z INFO [173/750] 7d3c7607-c250-4e8a-bf32-79e63cd9f528: 204 datasets; 1.4 s; peak memory 1339 MiB.
2026-10-09T07:00:16Z INFO [174/750] 7d3ca193-efd9-4db0-bb7d-ec1ff61709b1: 51 datasets; 0.8 s; peak memory 1339 MiB.
2026-10-09T07:00:16Z INFO [175/750] 7d3cb48f-7698-46a6-91fe-52265439f054: 118 datasets; 0.8 s; peak memory 1339 MiB.
2026-10-09T07:00:17Z INFO [176/750] 7d3cb77e-c4ae-4022-81e1-8427bdbe21fb: 113 datasets; 0.7 s; peak memory 1339 MiB.
2026-10-09T07:00:21Z INFO [177/750] 7d3cfd03-e885-4bed-abb3-5b043fb0cf7b: 255 datasets; 3.8 s; peak memory 1339 MiB.
2026-10-09T07:00:23Z INFO [178/750] 7d3d24b8-b2d8-44b1-b48e-9df3e5370670: 184 datasets; 2.2 s; peak memory 1339 MiB.
2026-10-09T07:00:33Z INFO [179/750] 7d3d6ff5-71b3-4dc9-a093-1fc463569adb: 4395 datasets; 9.4 s; peak memory 1339 MiB.
2026-10-09T07:00:33Z INFO [180/750] 7d3e1115-3023-47c3-925c-e4a810cfd6cd: 57 datasets; 0.4 s; peak memory 1339 MiB.
2026-10-09T07:00:39Z INFO [181/750] 7d4014f4-48d3-42e9-956b-4d48b665c7ff: 903 datasets; 5.7 s; peak memory 1339 MiB.
2026-10-09T07:00:39Z INFO [182/750] 7d402f15-208a-417b-9ba0-604324300cdb: 48 datasets; 0.7 s; peak memory 1339 MiB.
2026-10-09T07:00:40Z INFO [183/750] 7d408aa5-76f4-4a7b-8c63-6abd7fdbe22a: 112 datasets; 0.9 s; peak memory 1339 MiB.
2026-10-09T07:00:41Z INFO [184/750] 7d412e89-b1b5-460a-aac6-c750bf114d0b: 50 datasets; 0.6 s; peak memory 1339 MiB.
2026-10-09T07:00:42Z INFO [185/750] 7d419614-cd96-4aaf-bc96-0225009b84d7: 65 datasets; 0.7 s; peak memory 1339 MiB.
2026-10-09T07:00:42Z INFO [186/750] 7d42397d-f201-4911-8c6e-03b1450cf6b6: 48 datasets; 0.6 s; peak memory 1339 MiB.
2026-10-09T07:00:45Z INFO [187/750] 7d427297-465b-4091-9fa2-b9ad409cc017: 470 datasets; 3.0 s; peak memory 1339 MiB.
2026-10-09T07:02:36Z INFO [188/750] 7d4275a1-84d9-4973-ad45-3317833ba48c: 413 datasets; 111.2 s; peak memory 1339 MiB.
2026-10-09T07:02:39Z INFO [189/750] 7d43be9c-6a11-4b5d-aef9-6b9e1994ee05: 156 datasets; 2.1 s; peak memory 1339 MiB.
2026-10-09T07:02:39Z INFO [190/750] 7d4448b9-b4af-4853-8f9e-085eaab38443: 48 datasets; 0.8 s; peak memory 1339 MiB.
2026-10-09T07:02:41Z INFO [191/750] 7d449ee9-96c6-49ef-8a61-a3c84a02158d: 71 datasets; 1.6 s; peak memory 1339 MiB.
2026-10-09T07:02:42Z INFO [192/750] 7d44b025-140f-4a3a-b35b-4fbc8ea0ec97: 48 datasets; 0.7 s; peak memory 1339 MiB.
2026-10-09T07:02:43Z INFO [193/750] 7d463c15-25a2-46aa-83f1-a8cded082846: 85 datasets; 1.8 s; peak memory 1339 MiB.
2026-10-09T07:02:44Z INFO [194/750] 7d46829f-3229-4679-9fd6-be01a28e5a0b: 48 datasets; 0.7 s; peak memory 1339 MiB.
2026-10-09T07:02:45Z INFO [195/750] 7d46a1b2-8a52-44c9-af77-4fc9cac36156: 116 datasets; 0.8 s; peak memory 1339 MiB.
2026-10-09T07:02:46Z INFO [196/750] 7d48385f-3ed4-4678-a21b-a8d53ce45170: 116 datasets; 0.7 s; peak memory 1339 MiB.
2026-10-09T07:02:47Z INFO [197/750] 7d491688-dc37-41c7-9dba-ac086b000cf6: 64 datasets; 1.1 s; peak memory 1339 MiB.
2026-10-09T07:02:47Z INFO [198/750] 7d495486-28d1-4eb7-86a0-bc866ce2c845: 46 datasets; 0.5 s; peak memory 1339 MiB.
2026-10-09T07:03:08Z INFO [199/750] 7d4a9dda-292d-46e2-81ae-c9b7b6edfb1e: 48 datasets; 20.2 s; peak memory 1339 MiB.
2026-10-09T07:03:37Z INFO [200/750] 7d4ae19c-85c4-4bc9-8513-b6b988a5f188: 36 datasets; 29.8 s; peak memory 1339 MiB.
2026-10-09T07:03:38Z INFO [200/750] 7d4ae19c-85c4-4bc9-8513-b6b988a5f188: checkpointed 107285 new records.
2026-10-09T07:03:46Z INFO [201/750] 7d4af07a-453a-4cb1-8fd3-dcfbf4c255bc: 856 datasets; 8.5 s; peak memory 1339 MiB.
2026-10-09T07:03:47Z INFO [202/750] 7d4b15cc-16cd-4229-849f-2eda8b2556ef: 48 datasets; 0.8 s; peak memory 1339 MiB.
2026-10-09T07:03:48Z INFO [203/750] 7d4b8f2b-d3c6-4cdc-a1e8-d3498f447ed7: 48 datasets; 0.7 s; peak memory 1339 MiB.
2026-10-09T07:04:28Z INFO [204/750] 7d4be28c-e368-4048-93f4-eed832f2150c: 55 datasets; 40.8 s; peak memory 1339 MiB.
2026-10-09T07:04:29Z INFO [205/750] 7d4c380a-7f78-42a0-9f07-d5f1f7d57d81: 112 datasets; 0.8 s; peak memory 1339 MiB.
2026-10-09T07:04:31Z INFO [206/750] 7d4c89de-8f2d-4b64-aed9-a744fd6a47e1: 38 datasets; 1.6 s; peak memory 1339 MiB.
2026-10-09T07:04:33Z INFO [207/750] 7d4c906b-479c-4b93-82f0-f89f372840e1: 182 datasets; 2.3 s; peak memory 1339 MiB.
2026-10-09T07:04:36Z INFO [208/750] 7d4cc8c1-5ea7-45e1-8248-9433776ee57a: 537 datasets; 3.4 s; peak memory 1339 MiB.
2026-10-09T07:04:38Z INFO [209/750] 7d4cee3f-c9c7-42b8-b179-5737d034ef00: 68 datasets; 1.4 s; peak memory 1339 MiB.
2026-10-09T07:04:39Z INFO [210/750] 7d4d8112-b354-47a4-a8d5-8fbf6d1067ad: 48 datasets; 0.8 s; peak memory 1339 MiB.
2026-10-09T07:04:40Z INFO [211/750] 7d4def34-83d9-4678-a36a-9295c01cb8bc: 112 datasets; 1.0 s; peak memory 1339 MiB.
2026-10-09T07:04:41Z INFO [212/750] 7d4e4ce0-82b0-4eb8-b2e6-8d0cfacdb61f: 48 datasets; 0.9 s; peak memory 1339 MiB.
2026-10-09T07:04:41Z INFO [213/750] 7d4ede4b-6fa6-4d8a-aec3-296eb47c3d77: 48 datasets; 0.7 s; peak memory 1339 MiB.
2026-10-09T07:04:42Z INFO [214/750] 7d4f0f8f-8320-4d71-91a5-8126f3943a71: 112 datasets; 1.0 s; peak memory 1339 MiB.
2026-10-09T07:04:43Z INFO [215/750] 7d4fdff8-c423-482a-9111-db4a7635db70: 45 datasets; 0.8 s; peak memory 1339 MiB.
2026-10-09T07:04:44Z INFO [216/750] 7d5015c8-6469-47ce-9bfa-b4c7ea7d7d83: 116 datasets; 0.7 s; peak memory 1339 MiB.
2026-10-09T07:04:45Z INFO [217/750] 7d506095-5d78-40cb-a55c-0b0ad638a10a: 66 datasets; 1.0 s; peak memory 1339 MiB.
2026-10-09T07:04:46Z INFO [218/750] 7d514769-fa91-4d3d-9fd6-e390d9a79272: 69 datasets; 0.9 s; peak memory 1339 MiB.
2026-10-09T07:04:47Z INFO [219/750] 7d516327-de77-4410-9f6c-cd26638f0ba2: 38 datasets; 1.8 s; peak memory 1339 MiB.
2026-10-09T07:04:48Z INFO [220/750] 7d5195da-bed5-4575-bd3d-84d42e7b1512: 52 datasets; 0.8 s; peak memory 1339 MiB.
2026-10-09T07:04:49Z INFO [221/750] 7d51ef80-3550-4053-9a4f-ac35f24302da: 118 datasets; 0.7 s; peak memory 1339 MiB.
2026-10-09T07:04:55Z INFO [222/750] 7d520ccc-6644-4af7-badf-a50fefea242c: 698 datasets; 6.1 s; peak memory 1339 MiB.
2026-10-09T07:04:56Z INFO [223/750] 7d5378f6-41d3-4b12-ab81-1bc49b86b8e1: 48 datasets; 0.6 s; peak memory 1339 MiB.
2026-10-09T07:04:56Z INFO [224/750] 7d5457f4-2cd0-4044-bd6d-049a5c12488f: 48 datasets; 0.6 s; peak memory 1339 MiB.
2026-10-09T07:04:57Z INFO [225/750] 7d5490cb-2d53-4255-9366-95c7d512cc71: 70 datasets; 1.0 s; peak memory 1339 MiB.
2026-10-09T07:04:58Z INFO [226/750] 7d54d994-c206-472c-98b8-77e122f1665d: 48 datasets; 0.7 s; peak memory 1339 MiB.
2026-10-09T07:04:59Z INFO [227/750] 7d55b24a-876d-4f3b-9261-c6d547e8293b: 112 datasets; 0.9 s; peak memory 1339 MiB.
2026-10-09T07:05:00Z INFO [228/750] 7d55e12e-affa-4af4-a463-585d6b48262a: 33 datasets; 0.8 s; peak memory 1339 MiB.
2026-10-09T07:05:00Z INFO [229/750] 7d5603e2-9d69-4b99-914a-2eace88e4c21: 47 datasets; 0.6 s; peak memory 1339 MiB.
2026-10-09T07:05:01Z INFO [230/750] 7d562c59-42fe-40e1-9d25-50872c7a36ea: 62 datasets; 0.7 s; peak memory 1339 MiB.
2026-10-09T07:05:06Z INFO [231/750] 7d56446e-6bae-4a86-8caf-8e542b34fb5d: 193 datasets; 4.6 s; peak memory 1339 MiB.
2026-10-09T07:05:11Z INFO [232/750] 7d565bc6-669e-444b-9def-2a06271255be: 885 datasets; 5.0 s; peak memory 1339 MiB.
2026-10-09T07:05:11Z INFO [233/750] 7d57059e-8db7-44f0-a285-f9053e1a30ec: 68 datasets; 0.8 s; peak memory 1339 MiB.
2026-10-09T07:05:12Z INFO [234/750] 7d576333-9e60-4c5a-9f0a-979a572b31d2: 48 datasets; 0.7 s; peak memory 1339 MiB.
2026-10-09T07:05:13Z INFO [235/750] 7d579464-fd4b-4f50-86e1-f178a80a8079: 84 datasets; 0.9 s; peak memory 1339 MiB.
2026-10-09T07:05:14Z INFO [236/750] 7d579d0e-83e1-4181-af92-2c9eabeb8fa1: 46 datasets; 0.6 s; peak memory 1339 MiB.
2026-10-09T07:05:14Z INFO [237/750] 7d57f757-158a-4671-b364-41f89ce934bc: 50 datasets; 0.6 s; peak memory 1339 MiB.
2026-10-09T07:05:17Z INFO [238/750] 7d58c325-a6b0-409c-b702-9ca06ce4e517: 156 datasets; 2.2 s; peak memory 1339 MiB.
2026-10-09T07:05:17Z INFO [239/750] 7d59f771-9142-41a0-933c-82f0eaa2da5a: 54 datasets; 0.6 s; peak memory 1339 MiB.
2026-10-09T07:05:18Z INFO [240/750] 7d5a0f24-23dd-4cfa-81dd-20dff9488434: 48 datasets; 0.8 s; peak memory 1339 MiB.
2026-10-09T07:07:06Z INFO [241/750] 7d5a187e-a745-4353-8165-ae92542e5e0e: 269 datasets; 108.6 s; peak memory 1339 MiB.
2026-10-09T07:07:08Z INFO [242/750] 7d5a75b0-939d-4181-bc74-78fbba74f437: 66 datasets; 1.0 s; peak memory 1339 MiB.
2026-10-09T07:07:09Z INFO [243/750] 7d5a95f8-f333-491d-b0cf-a2c6583ba39d: 66 datasets; 1.2 s; peak memory 1339 MiB.
2026-10-09T07:07:11Z INFO [244/750] 7d5bdc53-0c4a-4e81-969c-d49955ae57bb: 156 datasets; 1.9 s; peak memory 1339 MiB.
2026-10-09T07:07:11Z INFO [245/750] 7d5cd405-b465-46c6-ab86-db116bb25ed1: 48 datasets; 0.7 s; peak memory 1339 MiB.
2026-10-09T07:07:13Z INFO [246/750] 7d5d78e3-d963-475f-abb9-8c0c21bc4c95: 115 datasets; 1.8 s; peak memory 1339 MiB.
2026-10-09T07:07:14Z INFO [247/750] 7d5de032-f963-44ca-8d26-b893bae43b16: 71 datasets; 0.8 s; peak memory 1339 MiB.
2026-10-09T07:08:24Z INFO [248/750] 7d5e997e-5781-4e78-ab57-df19a2d65074: 5606 datasets; 69.9 s; peak memory 1339 MiB.
2026-10-09T07:08:25Z INFO [249/750] 7d5eb8ef-8801-4810-b410-221795070cc5: 71 datasets; 1.3 s; peak memory 1339 MiB.
2026-10-09T07:08:31Z INFO [250/750] 7d61a03c-1e80-429e-b813-b59b057bce1c: 795 datasets; 5.5 s; peak memory 1339 MiB.
2026-10-09T07:08:31Z INFO [250/750] 7d61a03c-1e80-429e-b813-b59b057bce1c: checkpointed 107335 new records.
2026-10-09T07:08:32Z INFO [251/750] 7d61e3fc-811d-40a0-b077-b97e19ea4531: 52 datasets; 0.7 s; peak memory 1339 MiB.
2026-10-09T07:08:39Z INFO [252/750] 7d62ceea-b1fe-4464-b2b1-92553e731f9d: 855 datasets; 7.8 s; peak memory 1339 MiB.
2026-10-09T07:08:41Z INFO [253/750] 7d6316fb-c143-419a-8a17-485c8c0092ee: 71 datasets; 1.3 s; peak memory 1339 MiB.
2026-10-09T07:08:42Z INFO [254/750] 7d6337e9-93b2-41f6-af26-b77da6d121b6: 48 datasets; 0.8 s; peak memory 1339 MiB.
2026-10-09T07:08:42Z INFO [255/750] 7d638429-9f05-44d7-b0fc-7a9203f6d1cf: 48 datasets; 0.7 s; peak memory 1339 MiB.
2026-10-09T07:08:46Z INFO [256/750] 7d63bebd-53c4-438d-9f84-82b869ae1f90: 229 datasets; 3.5 s; peak memory 1339 MiB.
2026-10-09T07:08:47Z INFO [257/750] 7d63bfe2-b556-4009-8a91-1faceb805fba: 71 datasets; 1.4 s; peak memory 1339 MiB.
2026-10-09T07:08:48Z INFO [258/750] 7d63c44a-9e87-4124-bb54-fa756e72ccf7: 112 datasets; 0.9 s; peak memory 1339 MiB.
2026-10-09T07:08:49Z INFO [259/750] 7d65292e-716d-4c5d-b39b-a341bd23bd53: 112 datasets; 1.4 s; peak memory 1339 MiB.
2026-10-09T07:08:57Z INFO [260/750] 7d65c7ee-8eab-4997-b520-92e8c434869d: 7606 datasets; 7.9 s; peak memory 1339 MiB.
2026-10-09T07:08:58Z INFO [261/750] 7d65de6c-b749-4f80-887c-aadd2c58a12e: 52 datasets; 0.7 s; peak memory 1339 MiB.
2026-10-09T07:08:59Z INFO [262/750] 7d660a96-5bc3-48bd-aa75-6e039b9ab3e9: 68 datasets; 0.7 s; peak memory 1339 MiB.
2026-10-09T07:09:00Z INFO [263/750] 7d6853b1-936e-44bc-b69a-4b08ca566f3b: 66 datasets; 1.0 s; peak memory 1339 MiB.
2026-10-09T07:09:01Z INFO [264/750] 7d68679d-694f-4b80-ab55-916eb55845c8: 72 datasets; 1.0 s; peak memory 1339 MiB.
2026-10-09T07:09:10Z INFO [265/750] 7d6966e5-10d6-42b0-b131-6df4b2ef6bc2: 1308 datasets; 9.1 s; peak memory 1339 MiB.
2026-10-09T07:09:11Z INFO [266/750] 7d69c9d7-ede4-4bba-928e-e0976d50c98c: 112 datasets; 0.9 s; peak memory 1339 MiB.
2026-10-09T07:09:12Z INFO [267/750] 7d6a3199-cf4b-470c-a753-0f919a77aee5: 110 datasets; 1.0 s; peak memory 1339 MiB.
2026-10-09T07:09:13Z INFO [268/750] 7d6ab890-ac94-490e-a985-e9d1ba145dd5: 38 datasets; 1.5 s; peak memory 1339 MiB.
2026-10-09T07:09:15Z INFO [269/750] 7d6b0943-a560-44b8-8a33-55856b79e4c2: 119 datasets; 1.6 s; peak memory 1339 MiB.
2026-10-09T07:09:18Z INFO [270/750] 7d6b5c5a-72bb-4a51-ad07-f3299801c4c9: 517 datasets; 3.3 s; peak memory 1339 MiB.
2026-10-09T07:09:19Z INFO [271/750] 7d6b5f35-6de6-45ed-bc72-fad8374ed1b3: 48 datasets; 0.8 s; peak memory 1339 MiB.
2026-10-09T07:09:20Z INFO [272/750] 7d6c0cfe-dbdd-41e0-8166-a8531e9e1942: 112 datasets; 1.0 s; peak memory 1339 MiB.
2026-10-09T07:09:21Z INFO [273/750] 7d6c7cb1-4d1f-4c67-bd9b-2232dbc9b808: 110 datasets; 1.0 s; peak memory 1339 MiB.
2026-10-09T07:09:22Z INFO [274/750] 7d6c9d49-ad10-41e5-921a-b91296272229: 48 datasets; 0.8 s; peak memory 1339 MiB.
2026-10-09T07:09:23Z INFO [275/750] 7d6ced56-de0d-4fbd-a444-e9150f97b526: 117 datasets; 0.8 s; peak memory 1339 MiB.
2026-10-09T07:09:25Z INFO [276/750] 7d6d0687-c9b9-4464-8c68-1d862f16f2ef: 115 datasets; 1.9 s; peak memory 1339 MiB.
2026-10-09T07:09:25Z INFO [277/750] 7d6d4195-a77a-4542-a1e1-7cffe82f13f5: 112 datasets; 0.8 s; peak memory 1339 MiB.
2026-10-09T07:09:26Z INFO [278/750] 7d6db941-392b-44e3-bb9d-30cea67297dd: 117 datasets; 0.8 s; peak memory 1339 MiB.
2026-10-09T07:09:29Z INFO [279/750] 7d6dc276-fb46-49f7-9d68-b1d80f4804fc: 92 datasets; 3.2 s; peak memory 1339 MiB.
2026-10-09T07:09:30Z INFO [280/750] 7d6e1d8f-706e-47d4-aa68-c9ceb43caf26: 47 datasets; 0.6 s; peak memory 1339 MiB.
2026-10-09T07:09:31Z INFO [281/750] 7d6e31f0-50f3-4f84-95fe-42f19bd3eb69: 49 datasets; 0.7 s; peak memory 1339 MiB.
2026-10-09T07:09:47Z INFO [282/750] 7d6ec0ce-a1b5-497e-a323-7de9fae57d4c: 280 datasets; 16.3 s; peak memory 1339 MiB.
2026-10-09T07:09:51Z INFO [283/750] 7d700eff-69a4-4483-b51d-c089474b373a: 208 datasets; 4.5 s; peak memory 1339 MiB.
2026-10-09T07:09:52Z INFO [284/750] 7d701ec0-9076-4876-b2d1-23c07613216b: 84 datasets; 0.9 s; peak memory 1339 MiB.
2026-10-09T07:09:53Z INFO [285/750] 7d70e52a-2a44-4d4f-b3f2-2098386bfc91: 71 datasets; 1.1 s; peak memory 1339 MiB.
2026-10-09T07:09:54Z INFO [286/750] 7d713aec-7cfc-43ac-99b9-14fb09bad29a: 52 datasets; 0.7 s; peak memory 1339 MiB.
2026-10-09T07:09:55Z INFO [287/750] 7d7210bd-bbeb-4a83-abc7-b19fc00440ea: 48 datasets; 0.7 s; peak memory 1339 MiB.
2026-10-09T07:09:56Z INFO [288/750] 7d72c201-8677-432e-8dd1-50fe76264430: 66 datasets; 0.9 s; peak memory 1339 MiB.
2026-10-09T07:09:56Z INFO [289/750] 7d731b68-8db4-462c-b5b8-480c39e337ba: 46 datasets; 0.6 s; peak memory 1339 MiB.
2026-10-09T07:09:58Z INFO [290/750] 7d736c86-1fab-4b22-91a7-e80b172789a3: 245 datasets; 1.9 s; peak memory 1339 MiB.
2026-10-09T07:09:59Z INFO [291/750] 7d73d942-9983-4c8b-b69a-42542f4e52bb: 112 datasets; 1.1 s; peak memory 1339 MiB.
2026-10-09T07:10:00Z INFO [292/750] 7d73e62c-ec0c-4ed5-914d-2538cfc2b696: 117 datasets; 0.8 s; peak memory 1339 MiB.
2026-10-09T07:10:01Z INFO [293/750] 7d750789-e107-4605-814a-1ddbb9642a68: 48 datasets; 0.9 s; peak memory 1339 MiB.
2026-10-09T07:10:02Z INFO [294/750] 7d75c450-ddee-436f-9117-d7586938be1a: 112 datasets; 0.8 s; peak memory 1339 MiB.
2026-10-09T07:11:37Z INFO [295/750] 7d764579-538a-41d2-86d2-bb801dbe86a2: 45 datasets; 95.4 s; peak memory 1339 MiB.
2026-10-09T07:11:38Z INFO [296/750] 7d7648b5-cc9f-4f89-924e-7df0efe34f1c: 117 datasets; 0.6 s; peak memory 1339 MiB.
2026-10-09T07:11:39Z INFO [297/750] 7d766639-71e2-4560-812b-7c36b78fdc0b: 117 datasets; 0.7 s; peak memory 1339 MiB.
2026-10-09T07:11:39Z INFO [298/750] 7d766aff-2421-4ffc-8019-0411a10d29b7: 48 datasets; 0.8 s; peak memory 1339 MiB.
2026-10-09T07:11:40Z INFO [299/750] 7d76d78f-eae4-4672-bdda-d042ca76c530: 48 datasets; 0.8 s; peak memory 1339 MiB.
2026-10-09T07:11:41Z INFO [300/750] 7d76f209-a624-43c1-98a3-94c57eb8de3e: 118 datasets; 0.7 s; peak memory 1339 MiB.
2026-10-09T07:11:41Z INFO [300/750] 7d76f209-a624-43c1-98a3-94c57eb8de3e: checkpointed 107385 new records.
2026-10-09T07:11:49Z INFO [301/750] 7d773977-9feb-4053-a167-efa10ab0ddf5: 65 datasets; 8.3 s; peak memory 1339 MiB.
2026-10-09T07:11:50Z INFO [302/750] 7d77f364-73c4-4ade-a964-7202cbe03cdf: 117 datasets; 0.7 s; peak memory 1339 MiB.
2026-10-09T07:11:54Z INFO [303/750] 7d7970ed-5776-4bdf-ba8d-35bf65d665d1: 229 datasets; 3.6 s; peak memory 1339 MiB.
2026-10-09T07:11:55Z INFO [304/750] 7d79854c-092d-4ce5-a853-474b937d5688: 71 datasets; 1.6 s; peak memory 1339 MiB.
2026-10-09T07:11:56Z INFO [305/750] 7d7ac3f2-72f4-49e9-9fac-661507b5c0a6: 46 datasets; 0.4 s; peak memory 1339 MiB.
2026-10-09T07:11:57Z INFO [306/750] 7d7b0671-2182-4f47-a892-aee9ccf6374c: 66 datasets; 0.9 s; peak memory 1339 MiB.
2026-10-09T07:11:57Z INFO [307/750] 7d7b82cc-a92f-48ee-a94f-31457784765f: 112 datasets; 0.8 s; peak memory 1339 MiB.
2026-10-09T07:11:59Z INFO [308/750] 7d7c1a05-1761-4ac9-9d54-bf3c42137b0b: 115 datasets; 1.7 s; peak memory 1339 MiB.
2026-10-09T07:12:00Z INFO [309/750] 7d7c948a-f975-479f-9c8b-817848bdd49c: 64 datasets; 0.9 s; peak memory 1339 MiB.
2026-10-09T07:12:01Z INFO [310/750] 7d7d23dc-480d-4ed9-aad2-d73ceffd16c1: 45 datasets; 0.5 s; peak memory 1339 MiB.
2026-10-09T07:12:01Z INFO [311/750] 7d7e5ec5-a6ea-4e91-a41c-c809870ccda4: 48 datasets; 0.7 s; peak memory 1339 MiB.
2026-10-09T07:12:02Z INFO [312/750] 7d7e6b46-86f1-47e7-aa6b-22e50ba2a137: 39 datasets; 0.5 s; peak memory 1339 MiB.
2026-10-09T07:12:03Z INFO [313/750] 7d7f0224-aa50-40cb-8106-e6265c091a57: 48 datasets; 0.8 s; peak memory 1339 MiB.
2026-10-09T07:12:03Z INFO [314/750] 7d7f2d49-22de-48b2-8450-89cdfb5e5cc4: 48 datasets; 0.6 s; peak memory 1339 MiB.
2026-10-09T07:12:04Z INFO [315/750] 7d7f9205-02ad-4225-a698-d12216b97bfb: 117 datasets; 0.7 s; peak memory 1339 MiB.
2026-10-09T07:12:05Z INFO [316/750] 7d7ff72a-75de-4f07-9d40-9b69bb6aa3e4: 66 datasets; 1.2 s; peak memory 1339 MiB.
2026-10-09T07:12:06Z INFO [317/750] 7d8011b5-4bb3-47ee-9cc4-bdbaee0fb1f5: 74 datasets; 0.8 s; peak memory 1339 MiB.
2026-10-09T07:12:07Z INFO [318/750] 7d80bc34-b78a-48a5-9924-1676a6e54c3b: 112 datasets; 1.1 s; peak memory 1339 MiB.
2026-10-09T07:12:10Z INFO [319/750] 7d80c8de-c768-4701-8878-7b2b656efe02: 538 datasets; 2.8 s; peak memory 1339 MiB.
2026-10-09T07:12:11Z INFO [320/750] 7d819a63-501a-40a9-b8d9-473cd9e2e12a: 117 datasets; 0.8 s; peak memory 1339 MiB.
2026-10-09T07:12:12Z INFO [321/750] 7d81feb6-6b77-4483-92dd-e20065472102: 116 datasets; 0.8 s; peak memory 1339 MiB.
2026-10-09T07:12:15Z INFO [322/750] 7d8237a9-9c3d-47c2-93ed-9e96abd7b401: 561 datasets; 3.4 s; peak memory 1339 MiB.
2026-10-09T07:12:24Z INFO [323/750] 7d82760b-0c11-44d8-8875-de56c74ed288: 1524 datasets; 8.9 s; peak memory 1339 MiB.
2026-10-09T07:12:58Z INFO [324/750] 7d82a0fd-3db3-4976-84e8-2c40c1e9578e: 1828 datasets; 34.2 s; peak memory 1339 MiB.
2026-10-09T07:12:59Z INFO [325/750] 7d82dfb2-e5f0-41a1-9027-941337db9a25: 36 datasets; 0.5 s; peak memory 1339 MiB.
2026-10-09T07:12:59Z INFO [326/750] 7d82fa4e-c5de-427b-a771-621edda3cf5f: 52 datasets; 0.5 s; peak memory 1339 MiB.
2026-10-09T07:13:00Z INFO [327/750] 7d83286a-0132-4c4e-9a48-097fa064809a: 48 datasets; 0.7 s; peak memory 1339 MiB.
2026-10-09T07:13:01Z INFO [328/750] 7d83b271-e650-43e5-b20c-86a92570de8d: 66 datasets; 1.4 s; peak memory 1339 MiB.
2026-10-09T07:13:03Z INFO [329/750] 7d83bd09-a781-48e5-8145-7e9bcd11f8df: 457 datasets; 2.1 s; peak memory 1339 MiB.
2026-10-09T07:13:04Z INFO [330/750] 7d83e4f0-2202-4044-b89b-da4eeee571e9: 52 datasets; 0.6 s; peak memory 1339 MiB.
2026-10-09T07:13:05Z INFO [331/750] 7d8487ed-ac60-49e4-8ab3-3273eda55ad8: 51 datasets; 1.0 s; peak memory 1339 MiB.
2026-10-09T07:13:06Z INFO [332/750] 7d848ec9-7f52-4ad7-a2d5-895ca6bacab3: 59 datasets; 0.9 s; peak memory 1339 MiB.
2026-10-09T07:13:06Z INFO [333/750] 7d86dd30-1883-4100-b110-ba7ff8c61707: 48 datasets; 0.7 s; peak memory 1339 MiB.
2026-10-09T07:13:07Z INFO [334/750] 7d86dd40-ccf8-40bb-80b2-1a6e85a553aa: 117 datasets; 0.7 s; peak memory 1339 MiB.
2026-10-09T07:13:08Z INFO [335/750] 7d872d05-4223-4fa3-a4ad-765fcdb489dc: 115 datasets; 0.7 s; peak memory 1339 MiB.
2026-10-09T07:13:08Z INFO [336/750] 7d87a456-49f7-43ed-bbfd-ab031e902075: 118 datasets; 0.6 s; peak memory 1339 MiB.
2026-10-09T07:13:09Z INFO [337/750] 7d87a916-cd9e-47e0-8528-5a8b5577700d: 116 datasets; 0.8 s; peak memory 1339 MiB.
2026-10-09T07:13:11Z INFO [338/750] 7d8825a0-e8e2-4524-8904-b2c459b605bf: 112 datasets; 1.3 s; peak memory 1339 MiB.
2026-10-09T07:13:12Z INFO [339/750] 7d88a616-3d26-4abc-b48e-e761805c48a1: 115 datasets; 1.5 s; peak memory 1339 MiB.
2026-10-09T07:13:13Z INFO [340/750] 7d8905fb-61a5-4699-b285-9cbc1f71f437: 117 datasets; 0.9 s; peak memory 1339 MiB.
2026-10-09T07:13:14Z INFO [341/750] 7d892641-0f9d-4bde-a9ae-a1fd67e4cf77: 48 datasets; 0.6 s; peak memory 1339 MiB.
2026-10-09T07:13:16Z INFO [342/750] 7d8b2f42-ed28-4156-8de2-7a248013b8c5: 84 datasets; 2.5 s; peak memory 1339 MiB.
2026-10-09T07:13:17Z INFO [343/750] 7d8b5b71-7865-4487-85fb-5ae7fa266fcc: 69 datasets; 0.9 s; peak memory 1339 MiB.
2026-10-09T07:13:18Z INFO [344/750] 7d8c0d1b-6eee-4265-8f60-d48f8e047df6: 46 datasets; 0.5 s; peak memory 1339 MiB.
2026-10-09T07:13:18Z INFO [345/750] 7d8e0356-1929-4b4e-8d59-18f1c99fc006: 101 datasets; 1.0 s; peak memory 1339 MiB.
2026-10-09T07:13:19Z INFO [346/750] 7d8e66e6-8804-4671-916d-e1670ec59f34: 48 datasets; 0.7 s; peak memory 1339 MiB.
2026-10-09T07:13:20Z INFO [347/750] 7d8ec172-6b50-41b7-a583-759265256fc0: 48 datasets; 0.7 s; peak memory 1339 MiB.
2026-10-09T07:13:21Z INFO [348/750] 7d8eed73-20be-4463-938a-009a33d29cb7: 48 datasets; 1.0 s; peak memory 1339 MiB.
2026-10-09T07:13:21Z INFO [349/750] 7d8f21ad-816c-4a80-bfd5-a69145d0ee79: 46 datasets; 0.5 s; peak memory 1339 MiB.
2026-10-09T07:13:26Z INFO [350/750] 7d8feaa2-7c2e-4e44-927c-068751c421c3: 704 datasets; 4.9 s; peak memory 1339 MiB.
2026-10-09T07:13:26Z INFO [350/750] 7d8feaa2-7c2e-4e44-927c-068751c421c3: checkpointed 107435 new records.
2026-10-09T07:13:27Z INFO [351/750] 7d902cd9-71b4-4d95-8777-945de3cf5697: 48 datasets; 0.6 s; peak memory 1339 MiB.
2026-10-09T07:13:28Z INFO [352/750] 7d9061d0-34ed-4a33-8061-20e6628b4dd7: 63 datasets; 0.7 s; peak memory 1339 MiB.
2026-10-09T07:13:29Z INFO [353/750] 7d90b613-df4b-4853-bb3a-7c6ac5859243: 48 datasets; 0.8 s; peak memory 1339 MiB.
2026-10-09T07:13:29Z INFO [354/750] 7d90b772-e358-4293-8e65-edeecf150ac3: 116 datasets; 0.7 s; peak memory 1339 MiB.
2026-10-09T07:13:30Z INFO [355/750] 7d90fa6f-c970-4c81-b71f-76cef879671b: 115 datasets; 0.6 s; peak memory 1339 MiB.
2026-10-09T07:13:30Z INFO [356/750] 7d91abb5-9694-460a-af41-453868e6818b: 58 datasets; 0.6 s; peak memory 1339 MiB.
2026-10-09T07:13:31Z INFO [357/750] 7d929644-b4e3-42ab-941e-0ca12ce11616: 57 datasets; 0.6 s; peak memory 1339 MiB.
2026-10-09T07:13:32Z INFO [358/750] 7d935e73-0c6c-4fda-bb76-30e68f7ea64e: 48 datasets; 0.7 s; peak memory 1339 MiB.
2026-10-09T07:13:33Z INFO [359/750] 7d9386de-c2d5-429b-b2bb-fcf07cc6fe7c: 117 datasets; 0.8 s; peak memory 1339 MiB.
2026-10-09T07:13:33Z INFO [360/750] 7d93da27-f466-43fa-bb3e-151b8c63bcea: 118 datasets; 0.8 s; peak memory 1339 MiB.
2026-10-09T07:13:34Z INFO [361/750] 7d93e5e2-51bf-4230-99f1-55b2cf45543e: 48 datasets; 0.7 s; peak memory 1339 MiB.
2026-10-09T07:13:35Z INFO [362/750] 7d947253-683c-437a-abaa-2a662e2cb0cb: 118 datasets; 1.5 s; peak memory 1339 MiB.
2026-10-09T07:13:36Z INFO [363/750] 7d948905-c68a-4eb3-bb8f-a44d84235bf0: 48 datasets; 0.9 s; peak memory 1339 MiB.
2026-10-09T07:13:37Z INFO [364/750] 7d94c0b4-fb82-4066-a049-34dc4fc9233f: 117 datasets; 0.8 s; peak memory 1339 MiB.
2026-10-09T07:13:38Z INFO [365/750] 7d9679af-54b5-4605-bba3-fe8af2f3e511: 45 datasets; 0.6 s; peak memory 1339 MiB.
2026-10-09T07:13:41Z INFO [366/750] 7d96bd3a-30bc-419a-8865-d1d5d4c5e30e: 225 datasets; 3.2 s; peak memory 1339 MiB.
2026-10-09T07:13:42Z INFO [367/750] 7d96cc38-87de-479d-af8d-339e47f7e3c5: 48 datasets; 0.7 s; peak memory 1339 MiB.
2026-10-09T07:13:43Z INFO [368/750] 7d979035-7c5b-4784-a114-5e98e19a0c54: 69 datasets; 0.8 s; peak memory 1339 MiB.
2026-10-09T07:13:43Z INFO [369/750] 7d97aad9-d096-4b21-b98b-77c1b98c2bdf: 39 datasets; 0.5 s; peak memory 1339 MiB.
2026-10-09T07:13:45Z INFO [370/750] 7d97c1f3-ead3-498d-829d-13495cc4368d: 71 datasets; 1.5 s; peak memory 1339 MiB.
2026-10-09T07:13:45Z INFO [371/750] 7d984f25-7ae3-4bd3-a94c-6999dc6b403d: 110 datasets; 0.8 s; peak memory 1339 MiB.
2026-10-09T07:13:46Z INFO [372/750] 7d9aa427-7505-4327-8d2c-22cb8e87098b: 118 datasets; 0.8 s; peak memory 1339 MiB.
2026-10-09T07:13:49Z INFO [373/750] 7d9aba9c-d7fa-4a4a-8ef0-33ef3e1eb741: 99 datasets; 2.4 s; peak memory 1339 MiB.
2026-10-09T07:13:50Z INFO [374/750] 7d9b5a71-c2b5-4d78-815f-29b62fec50b9: 71 datasets; 1.1 s; peak memory 1339 MiB.
2026-10-09T07:13:56Z INFO [375/750] 7d9c6644-d92c-4437-a91b-5a0f0ba33ca1: 409 datasets; 5.9 s; peak memory 1339 MiB.
2026-10-09T07:13:56Z INFO [376/750] 7d9c71d5-4204-4bb5-87a9-39223519b943: 152 datasets; 0.9 s; peak memory 1339 MiB.
2026-10-09T07:13:57Z INFO [377/750] 7d9f2752-4bf2-4fb7-911c-b307deaab4f1: 112 datasets; 0.9 s; peak memory 1339 MiB.
2026-10-09T07:14:06Z INFO [378/750] 7d9fca84-bb6c-471b-b073-6ecb51f44368: 1011 datasets; 8.2 s; peak memory 1339 MiB.
2026-10-09T07:14:06Z INFO [379/750] 7da1c448-1690-4a26-9871-6fe128fa5fb9: 45 datasets; 0.6 s; peak memory 1339 MiB.
2026-10-09T07:14:07Z INFO [380/750] 7da1ecca-17b6-4de5-9e6f-99814030f0fc: 69 datasets; 1.0 s; peak memory 1339 MiB.
2026-10-09T07:14:08Z INFO [381/750] 7da29b7b-4bba-46db-ae52-03cbaf8d4035: 109 datasets; 0.9 s; peak memory 1339 MiB.
2026-10-09T07:14:09Z INFO [382/750] 7da3dfb1-8045-42aa-8c04-dd630af63078: 114 datasets; 0.6 s; peak memory 1339 MiB.
2026-10-09T07:14:09Z INFO [383/750] 7da44480-4b31-49e9-9aac-00d72176f2ad: 112 datasets; 0.8 s; peak memory 1339 MiB.
2026-10-09T07:14:27Z INFO [384/750] 7da550bc-4a44-4863-ac9d-7306e3276ce3: 48 datasets; 18.0 s; peak memory 1339 MiB.
2026-10-09T07:14:28Z INFO [385/750] 7da5a1c3-74aa-435b-a8c8-9eaca527785b: 117 datasets; 0.7 s; peak memory 1339 MiB.
2026-10-09T07:14:29Z INFO [386/750] 7da63eed-9a0a-4fed-b4a5-3bebe0449bbf: 112 datasets; 1.0 s; peak memory 1339 MiB.
2026-10-09T07:14:32Z INFO [387/750] 7da696cb-bbde-4776-b71f-e34a09fef074: 229 datasets; 3.3 s; peak memory 1339 MiB.
2026-10-09T07:14:33Z INFO [388/750] 7da72fde-9938-41dd-8c8c-33827aba855c: 46 datasets; 0.5 s; peak memory 1339 MiB.
2026-10-09T07:16:11Z INFO [389/750] 7da7443a-41ec-4060-b463-05e1ed7893fd: 241 datasets; 98.2 s; peak memory 1339 MiB.
2026-10-09T07:16:12Z INFO [390/750] 7da74933-ee32-4481-ae73-eef00ee48807: 51 datasets; 0.6 s; peak memory 1339 MiB.
2026-10-09T07:16:12Z INFO [391/750] 7da833ee-0675-42b9-86a1-3c645982c241: 118 datasets; 0.8 s; peak memory 1339 MiB.
2026-10-09T07:16:13Z INFO [392/750] 7da8b3ed-087c-4839-841c-3ca22aa8fa76: 84 datasets; 0.7 s; peak memory 1339 MiB.
2026-10-09T07:16:14Z INFO [393/750] 7da8b84f-db2d-4093-9a72-28e3f8fe8064: 117 datasets; 0.7 s; peak memory 1339 MiB.
2026-10-09T07:17:57Z INFO [394/750] 7da96213-16d0-48b7-8bb7-1e51f11513d4: 269 datasets; 103.2 s; peak memory 1339 MiB.
2026-10-09T07:17:58Z INFO [395/750] 7da9e6f8-8e34-4c7e-a2f6-8eb5f0803ca4: 48 datasets; 0.6 s; peak memory 1339 MiB.
2026-10-09T07:17:58Z INFO [396/750] 7da9f7c0-c59d-447a-bc28-3d95dececd93: 118 datasets; 0.7 s; peak memory 1339 MiB.
2026-10-09T07:18:01Z INFO [397/750] 7daba820-0e2a-49bd-8bc9-35965a4b4c92: 135 datasets; 2.1 s; peak memory 1339 MiB.
2026-10-09T07:18:01Z INFO [398/750] 7dad5e6b-562e-49c9-a06a-5eab5bb58af1: 63 datasets; 0.7 s; peak memory 1339 MiB.
2026-10-09T07:18:04Z INFO [399/750] 7dae5745-99e2-4877-ab76-6758ea43c65a: 106 datasets; 2.3 s; peak memory 1339 MiB.
2026-10-09T07:18:04Z INFO [400/750] 7daf595a-d927-45e6-8796-2f36acc41633: 112 datasets; 0.9 s; peak memory 1339 MiB.
2026-10-09T07:18:05Z INFO [400/750] 7daf595a-d927-45e6-8796-2f36acc41633: checkpointed 107485 new records.
2026-10-09T07:18:11Z INFO [401/750] 7dafa7da-7c00-4893-97b5-c7563e7bb259: 106 datasets; 6.7 s; peak memory 1339 MiB.
2026-10-09T07:18:12Z INFO [402/750] 7dafebcc-4d1a-42a8-8eb2-e09b477dc541: 69 datasets; 0.9 s; peak memory 1339 MiB.
2026-10-09T07:18:13Z INFO [403/750] 7db00700-18c2-47e1-b9f6-e61c51bae6c9: 117 datasets; 0.9 s; peak memory 1339 MiB.
2026-10-09T07:18:31Z INFO [404/750] 7db0499b-a9fb-4752-82ce-d35448f2dfd9: 48 datasets; 18.0 s; peak memory 1339 MiB.
2026-10-09T07:18:33Z INFO [405/750] 7db0a04f-4554-4523-8cb6-3347f77df8ff: 186 datasets; 2.0 s; peak memory 1339 MiB.
2026-10-09T07:18:34Z INFO [406/750] 7db0df66-3f1c-4c9c-86c1-4d6c307c94bc: 112 datasets; 0.9 s; peak memory 1339 MiB.
2026-10-09T07:18:35Z INFO [407/750] 7db11f8f-9f37-49cc-b431-56690aceb47a: 48 datasets; 0.8 s; peak memory 1339 MiB.
2026-10-09T07:18:36Z INFO [408/750] 7db17a82-fbb9-4da3-a852-d3ba2c207373: 62 datasets; 1.0 s; peak memory 1339 MiB.
2026-10-09T07:18:36Z INFO [409/750] 7db1b783-b213-47ed-874b-8337c859b75f: 45 datasets; 0.5 s; peak memory 1339 MiB.
2026-10-09T07:18:37Z INFO [410/750] 7db2a501-601b-4ecc-91ed-bb22bbcc605e: 112 datasets; 1.0 s; peak memory 1339 MiB.
2026-10-09T07:18:39Z INFO [411/750] 7db3217e-30fa-4489-b154-c11a2bfc8af6: 62 datasets; 1.2 s; peak memory 1339 MiB.
2026-10-09T07:18:39Z INFO [412/750] 7db33e34-21c8-47a5-8ab7-4fbdfeb2762a: 56 datasets; 0.7 s; peak memory 1339 MiB.
2026-10-09T07:18:40Z INFO [413/750] 7db39a09-6672-42fe-92cb-896b7f40aa2f: 112 datasets; 0.6 s; peak memory 1339 MiB.
2026-10-09T07:18:41Z INFO [414/750] 7db3c540-7a15-4a5c-8266-5ad22ddc641c: 112 datasets; 0.8 s; peak memory 1339 MiB.
2026-10-09T07:18:41Z INFO [415/750] 7db3d353-0046-41a6-82df-fe01bca22bf5: 57 datasets; 0.5 s; peak memory 1339 MiB.
2026-10-09T07:18:42Z INFO [416/750] 7db3faef-f5dd-4601-ab7d-1a8ad461e383: 48 datasets; 0.7 s; peak memory 1339 MiB.
2026-10-09T07:18:43Z INFO [417/750] 7db3fbd8-ad7d-428d-b68c-ca26431dfb16: 65 datasets; 0.7 s; peak memory 1339 MiB.
2026-10-09T07:18:43Z INFO [418/750] 7db4907a-bf04-4ccd-813e-a71052477e6a: 48 datasets; 0.8 s; peak memory 1339 MiB.
2026-10-09T07:18:44Z INFO [419/750] 7db5cbe6-644d-463b-8d70-7be038aff30f: 45 datasets; 0.6 s; peak memory 1339 MiB.
2026-10-09T07:18:45Z INFO [420/750] 7db66a63-e9d0-4dc3-91ff-9fbd00482019: 112 datasets; 0.9 s; peak memory 1339 MiB.
2026-10-09T07:18:46Z INFO [421/750] 7db74126-ac2a-4c67-bc1c-9c676ec7592e: 112 datasets; 0.8 s; peak memory 1339 MiB.
2026-10-09T07:18:46Z INFO [422/750] 7db7809f-8df6-4af1-99cd-752e31c39fdd: 63 datasets; 0.5 s; peak memory 1339 MiB.
2026-10-09T07:18:47Z INFO [423/750] 7dbae751-984c-451f-9382-a1cfacbdcfd6: 118 datasets; 0.7 s; peak memory 1339 MiB.
2026-10-09T07:18:47Z INFO [424/750] 7dbb1691-bfff-4bbc-903a-f3e1cd005e3b: 48 datasets; 0.6 s; peak memory 1339 MiB.
2026-10-09T07:18:48Z INFO [425/750] 7dbb40eb-89f6-4eeb-b2b4-f31b0c2bedd4: 48 datasets; 0.7 s; peak memory 1339 MiB.
2026-10-09T07:18:50Z INFO [426/750] 7dbb754e-f485-43f8-9844-729fdad37d89: 116 datasets; 1.7 s; peak memory 1339 MiB.
2026-10-09T07:18:50Z INFO [427/750] 7dbd4594-6598-487b-bd56-3b677b421386: 48 datasets; 0.7 s; peak memory 1339 MiB.
2026-10-09T07:18:54Z INFO [428/750] 7dbd90fe-3ea9-4a6c-a68b-69df29e3cc87: 229 datasets; 3.5 s; peak memory 1339 MiB.
2026-10-09T07:18:55Z INFO [429/750] 7dbe510c-36ce-42a5-ba02-dbe07c109ad7: 48 datasets; 0.8 s; peak memory 1339 MiB.
2026-10-09T07:18:58Z INFO [430/750] 7dbe9b81-3906-47b1-b84e-4616e7141161: 494 datasets; 3.2 s; peak memory 1339 MiB.
2026-10-09T07:18:59Z INFO [431/750] 7dbef2c5-924b-4fde-bde6-a71138268479: 118 datasets; 0.8 s; peak memory 1339 MiB.
2026-10-09T07:19:00Z INFO [432/750] 7dbf17df-a828-454d-9bc1-c2e1343a7999: 146 datasets; 1.6 s; peak memory 1339 MiB.
2026-10-09T07:19:01Z INFO [433/750] 7dbf4eeb-e9ee-456b-b4ad-d2932738b939: 110 datasets; 0.9 s; peak memory 1339 MiB.
2026-10-09T07:19:02Z INFO [434/750] 7dc02daa-663d-426c-86d6-fcb515d01aca: 233 datasets; 0.9 s; peak memory 1339 MiB.
2026-10-09T07:19:03Z INFO [435/750] 7dc0b8ad-4923-4552-9e39-49548065c1a5: 117 datasets; 0.8 s; peak memory 1339 MiB.
2026-10-09T07:19:04Z INFO [436/750] 7dc0da75-daf1-42eb-8485-0d90309f89fb: 117 datasets; 0.7 s; peak memory 1339 MiB.
2026-10-09T07:20:56Z INFO [437/750] 7dc0f22e-457e-4c5b-b920-6ffa1f3d4b03: 167 datasets; 112.3 s; peak memory 1339 MiB.
2026-10-09T07:20:56Z INFO [438/750] 7dc1fd05-9701-4c2e-ae74-8150793b5dad: 48 datasets; 0.6 s; peak memory 1339 MiB.
2026-10-09T07:20:58Z INFO [439/750] 7dc252f5-e9f2-470c-8cda-729c13949f19: 114 datasets; 1.8 s; peak memory 1339 MiB.
2026-10-09T07:21:04Z INFO [440/750] 7dc259be-bed8-4cfa-9c48-676ed1a4ffc1: 3249 datasets; 5.5 s; peak memory 1339 MiB.
2026-10-09T07:21:05Z INFO [441/750] 7dc27baa-5f41-43c9-9f9e-58595ca2b96c: 49 datasets; 1.0 s; peak memory 1339 MiB.
2026-10-09T07:21:06Z INFO [442/750] 7dc29727-f9b2-469d-bfa7-11a158d9408e: 112 datasets; 0.8 s; peak memory 1339 MiB.
2026-10-09T07:21:06Z INFO [443/750] 7dc2ff96-d526-4798-a212-ae4ef98b054a: 48 datasets; 0.8 s; peak memory 1339 MiB.
2026-10-09T07:21:07Z INFO [444/750] 7dc35903-ea2c-447a-ad1a-0c35e8effbe7: 62 datasets; 1.0 s; peak memory 1339 MiB.
2026-10-09T07:23:03Z INFO [445/750] 7dc3c08d-ee27-4659-a67f-3ba78334f6e9: 167 datasets; 115.8 s; peak memory 1339 MiB.
2026-10-09T07:23:04Z INFO [446/750] 7dc3f1d3-f27e-4de3-9f7e-ac697b3901b0: 112 datasets; 1.0 s; peak memory 1339 MiB.
2026-10-09T07:23:05Z INFO [447/750] 7dc45cbe-44f1-495e-b384-6ed1ca1960b0: 117 datasets; 0.8 s; peak memory 1339 MiB.
2026-10-09T07:23:16Z INFO [448/750] 7dc4a529-e35a-4cad-ab7b-6b2f10e55569: 44 datasets; 11.0 s; peak memory 1339 MiB.
2026-10-09T07:23:17Z INFO [449/750] 7dc4a5e3-8fb7-4543-baa3-43d1d2a6bf2a: 45 datasets; 0.7 s; peak memory 1339 MiB.
2026-10-09T07:23:20Z INFO [450/750] 7dc525ab-d9d2-479a-9266-c64eb2b97684: 538 datasets; 3.7 s; peak memory 1339 MiB.
2026-10-09T07:23:21Z INFO [450/750] 7dc525ab-d9d2-479a-9266-c64eb2b97684: checkpointed 107535 new records.
2026-10-09T07:23:22Z INFO [451/750] 7dc59cab-9659-4cfe-a8e8-6610d9bf13c9: 48 datasets; 0.9 s; peak memory 1339 MiB.
2026-10-09T07:23:22Z INFO [452/750] 7dc69c3e-fb46-485e-8f79-fec685b18414: 117 datasets; 0.9 s; peak memory 1339 MiB.
2026-10-09T07:23:23Z INFO [453/750] 7dc805d8-4680-458a-b9ff-50196deb8232: 65 datasets; 0.9 s; peak memory 1339 MiB.
2026-10-09T07:23:24Z INFO [454/750] 7dc80e92-694b-49a5-a6c0-ecdf82527cce: 48 datasets; 0.7 s; peak memory 1339 MiB.
2026-10-09T07:23:26Z INFO [455/750] 7dc9087b-dbe2-45d2-b001-c4f2f2623867: 119 datasets; 1.5 s; peak memory 1339 MiB.
2026-10-09T07:23:26Z INFO [456/750] 7dc93826-fa4f-4e76-82b1-4e5293ee9c09: 117 datasets; 0.8 s; peak memory 1339 MiB.
2026-10-09T07:23:27Z INFO [457/750] 7dcaae63-0be4-443d-9891-823ad7d223a2: 51 datasets; 0.5 s; peak memory 1339 MiB.
2026-10-09T07:23:28Z INFO [458/750] 7dcbaeec-6466-4fca-a3f0-37bc5bb037c2: 289 datasets; 1.0 s; peak memory 1339 MiB.
2026-10-09T07:23:29Z INFO [459/750] 7dcbd145-ec50-4a97-a4bc-6cd4758841f7: 117 datasets; 0.7 s; peak memory 1339 MiB.
2026-10-09T07:23:32Z INFO [460/750] 7dcc6409-82f3-480c-9335-557ab1ee77a3: 717 datasets; 3.4 s; peak memory 1339 MiB.
2026-10-09T07:23:33Z INFO [461/750] 7dcd3cda-fa8f-4e94-99b5-70528520b7e9: 117 datasets; 0.8 s; peak memory 1339 MiB.
2026-10-09T07:23:34Z INFO [462/750] 7dcd6251-5636-4298-86be-b7b8ddd2812e: 51 datasets; 0.6 s; peak memory 1339 MiB.
2026-10-09T07:23:34Z INFO [463/750] 7dcec856-fa29-4db5-b515-f09ac7268a9f: 48 datasets; 0.7 s; peak memory 1339 MiB.
2026-10-09T07:23:35Z INFO [464/750] 7dcf034e-9567-4d61-9b6c-d6162f7afb5c: 132 datasets; 0.9 s; peak memory 1339 MiB.
2026-10-09T07:23:36Z INFO [465/750] 7dcf10e8-a78b-4fc3-8aca-5a104799736d: 112 datasets; 0.7 s; peak memory 1339 MiB.
2026-10-09T07:23:36Z INFO [466/750] 7dcf5018-988d-4d63-bdc7-9e422e331a19: 48 datasets; 0.7 s; peak memory 1339 MiB.
2026-10-09T07:23:37Z INFO [467/750] 7dd06a4c-a687-4b9a-a180-11ee43d3e17a: 51 datasets; 0.8 s; peak memory 1339 MiB.
2026-10-09T07:23:38Z INFO [468/750] 7dd1b0d9-57c8-4d47-8657-f6b8fe2d637d: 78 datasets; 0.8 s; peak memory 1339 MiB.
2026-10-09T07:23:39Z INFO [469/750] 7dd33ffa-3b0b-4db4-b7a9-a8d83607238b: 66 datasets; 1.1 s; peak memory 1339 MiB.
2026-10-09T07:23:40Z INFO [470/750] 7dd3ad2b-2e49-46ff-97ef-daa587623a55: 48 datasets; 0.8 s; peak memory 1339 MiB.
2026-10-09T07:23:41Z INFO [471/750] 7dd41e92-881d-4da8-a81a-8de292ea7c9d: 48 datasets; 0.8 s; peak memory 1339 MiB.
2026-10-09T07:23:41Z INFO [472/750] 7dd45676-5310-4e56-9c8c-f86964f71898: 48 datasets; 0.6 s; peak memory 1339 MiB.
2026-10-09T07:23:42Z INFO [473/750] 7dd47adf-f3bc-4820-aa54-28bcb6921604: 70 datasets; 0.6 s; peak memory 1339 MiB.
2026-10-09T07:23:48Z INFO [474/750] 7dd4905e-409a-42a1-bccc-a4b28423221f: 343 datasets; 5.7 s; peak memory 1339 MiB.
2026-10-09T07:23:55Z INFO [475/750] 7dd524ad-347c-4658-9c7d-65068095fef6: 1533 datasets; 7.2 s; peak memory 1339 MiB.
2026-10-09T07:24:07Z INFO [476/750] 7dd5aed4-28a7-4c29-b733-f5e2c6b14ba8: 49 datasets; 11.9 s; peak memory 1339 MiB.
2026-10-09T07:24:08Z INFO [477/750] 7dd6a924-7cee-436b-b629-1b619d2aa66e: 118 datasets; 0.9 s; peak memory 1339 MiB.
2026-10-09T07:26:01Z INFO [478/750] 7dd8a2c2-2b67-410b-b980-8169fe933867: 167 datasets; 113.4 s; peak memory 1339 MiB.
2026-10-09T07:26:02Z INFO [479/750] 7dd8cef0-c21e-4519-92e2-1f97a9aa1079: 116 datasets; 1.2 s; peak memory 1339 MiB.
2026-10-09T07:26:03Z INFO [480/750] 7dda0bcc-c568-4841-97dc-b9f0c20f2d7e: 48 datasets; 0.8 s; peak memory 1339 MiB.
2026-10-09T07:26:04Z INFO [481/750] 7dda4251-d0fc-44c5-86b8-5d01c15885a3: 302 datasets; 0.9 s; peak memory 1339 MiB.
2026-10-09T07:26:05Z INFO [482/750] 7ddaa875-595c-4844-8718-e06f57796b66: 48 datasets; 0.9 s; peak memory 1339 MiB.
2026-10-09T07:26:06Z INFO [483/750] 7ddbcfc3-0b32-48c9-86d9-fe8872f172fa: 117 datasets; 0.9 s; peak memory 1339 MiB.
2026-10-09T07:26:09Z INFO [484/750] 7ddc1e56-1a5c-4db9-a27e-100e477eb6c4: 538 datasets; 3.7 s; peak memory 1339 MiB.
2026-10-09T07:26:11Z INFO [485/750] 7ddcd440-0a32-4e9e-a0ef-016c2c755468: 146 datasets; 1.5 s; peak memory 1339 MiB.
2026-10-09T07:26:15Z INFO [486/750] 7ddd204d-5a36-42cb-bf6a-16e10cae0915: 687 datasets; 3.8 s; peak memory 1339 MiB.
2026-10-09T07:26:16Z INFO [487/750] 7ddd3495-bd88-4c8c-9845-f3d814c27327: 112 datasets; 1.1 s; peak memory 1339 MiB.
2026-10-09T07:26:17Z INFO [488/750] 7ddd3882-94db-400f-b451-40ef79ccff6c: 117 datasets; 0.7 s; peak memory 1339 MiB.
2026-10-09T07:26:45Z INFO [489/750] 7ddd5cf1-1460-4ca8-9950-9c604a9ff3ad: 36 datasets; 28.3 s; peak memory 1339 MiB.
2026-10-09T07:26:45Z INFO [490/750] 7ddd8042-5839-4330-be3a-6caad60629c9: 116 datasets; 0.7 s; peak memory 1339 MiB.
2026-10-09T07:26:46Z INFO [491/750] 7dddb52c-3556-4739-8aeb-a6f1a62169c3: 116 datasets; 0.8 s; peak memory 1339 MiB.
2026-10-09T07:26:52Z INFO [492/750] 7ddf2f29-51af-4507-8a45-1e6e4b1c1b2e: 11485 datasets; 5.2 s; peak memory 1339 MiB.
2026-10-09T07:26:52Z INFO [493/750] 7de002e2-d0c2-47c7-a797-0ebce91037d3: 51 datasets; 0.9 s; peak memory 1339 MiB.
2026-10-09T07:26:53Z INFO [494/750] 7de0ef86-0ca7-436d-a724-53418c2e01d7: 112 datasets; 1.0 s; peak memory 1339 MiB.
2026-10-09T07:26:54Z INFO [495/750] 7de13375-b5cb-4bb7-9a39-0b27c9509428: 48 datasets; 0.7 s; peak memory 1339 MiB.
2026-10-09T07:26:57Z INFO [496/750] 7de17729-33ec-496d-b543-96eccc5e4603: 38 datasets; 3.3 s; peak memory 1339 MiB.
2026-10-09T07:26:58Z INFO [497/750] 7de1de70-a525-4111-975a-ede2db81de11: 71 datasets; 1.0 s; peak memory 1339 MiB.
2026-10-09T07:27:00Z INFO [498/750] 7de23c0d-9f87-4310-b767-46b440ac6812: 66 datasets; 1.2 s; peak memory 1339 MiB.
2026-10-09T07:27:00Z INFO [499/750] 7de25e84-5d73-43f0-ac1e-c9226a9cd0c9: 48 datasets; 0.7 s; peak memory 1339 MiB.
2026-10-09T07:27:01Z INFO [500/750] 7de3a283-43fc-4a88-9425-71c0f8e7112a: 48 datasets; 0.6 s; peak memory 1339 MiB.
2026-10-09T07:27:01Z INFO [500/750] 7de3a283-43fc-4a88-9425-71c0f8e7112a: checkpointed 107585 new records.
2026-10-09T07:27:02Z INFO [501/750] 7de3df69-94ef-47ea-97cf-120f2db8e204: 45 datasets; 0.9 s; peak memory 1339 MiB.
2026-10-09T07:27:03Z INFO [502/750] 7de3ec34-4a88-4ccd-81bc-8558f4b7ce7d: 112 datasets; 0.6 s; peak memory 1339 MiB.
2026-10-09T07:27:17Z INFO [503/750] 7de40ed0-efa3-45bf-822e-9613751cfb68: 1387 datasets; 14.0 s; peak memory 1339 MiB.
2026-10-09T07:27:20Z INFO [504/750] 7de43055-f95a-4262-859e-3bfbcb9b811c: 501 datasets; 3.6 s; peak memory 1339 MiB.
2026-10-09T07:27:21Z INFO [505/750] 7de4442f-b3ec-4c6a-833f-91cf5ae3ad71: 66 datasets; 1.1 s; peak memory 1339 MiB.
2026-10-09T07:27:28Z INFO [506/750] 7de5d488-57f8-410e-a0c7-446010de527e: 97 datasets; 6.8 s; peak memory 1339 MiB.
2026-10-09T07:27:32Z INFO [507/750] 7de74b00-b921-4704-b308-5ff876335ae3: 196 datasets; 4.3 s; peak memory 1339 MiB.
2026-10-09T07:27:33Z INFO [508/750] 7de76167-d43d-4ca1-a654-74c84e94121e: 112 datasets; 0.8 s; peak memory 1339 MiB.
2026-10-09T07:27:34Z INFO [509/750] 7de766c6-8144-499f-9c4d-609bb7ee6eb0: 48 datasets; 0.6 s; peak memory 1339 MiB.
2026-10-09T07:27:35Z INFO [510/750] 7de7c2c3-f5ba-46a8-ad60-0b73c2c8f5df: 48 datasets; 0.8 s; peak memory 1339 MiB.
2026-10-09T07:27:36Z INFO [511/750] 7de7cec8-04d3-407a-88c8-94464760f78b: 112 datasets; 1.0 s; peak memory 1339 MiB.
2026-10-09T07:27:36Z INFO [512/750] 7de7d2e2-c00f-458a-938b-33eda7a3a17d: 46 datasets; 0.4 s; peak memory 1339 MiB.
2026-10-09T07:27:37Z INFO [513/750] 7de8179d-260a-4b41-9a26-d87a8942fafc: 66 datasets; 0.9 s; peak memory 1339 MiB.
2026-10-09T07:27:38Z INFO [514/750] 7de8af02-1762-467e-bcd4-9301777f634a: 48 datasets; 0.8 s; peak memory 1339 MiB.
2026-10-09T07:27:38Z INFO [515/750] 7de8f143-9434-4da6-8c4e-9abfa15984a6: 48 datasets; 0.8 s; peak memory 1339 MiB.
2026-10-09T07:27:39Z INFO [516/750] 7dea9302-535e-4876-a6ca-69e702a6931e: 52 datasets; 0.8 s; peak memory 1339 MiB.
2026-10-09T07:27:40Z INFO [517/750] 7deb334e-5054-44d6-a640-906c2ed98730: 48 datasets; 0.6 s; peak memory 1339 MiB.
2026-10-09T07:27:56Z INFO [518/750] 7debe9ed-703e-4558-81af-060c99365bfb: 48 datasets; 16.4 s; peak memory 1339 MiB.
2026-10-09T07:27:57Z INFO [519/750] 7ded4e72-0a33-40eb-adbe-9bbee681c281: 68 datasets; 0.9 s; peak memory 1339 MiB.
2026-10-09T07:27:58Z INFO [520/750] 7ded760d-e395-4d18-8dae-8d2b25a54ede: 112 datasets; 1.1 s; peak memory 1339 MiB.
2026-10-09T07:27:59Z INFO [521/750] 7defdccf-1169-4fef-961d-4d75b4df7d7a: 50 datasets; 0.6 s; peak memory 1339 MiB.
2026-10-09T07:27:59Z INFO [522/750] 7df01b48-e96a-45c9-81fc-6dd5ff822ab6: 110 datasets; 0.7 s; peak memory 1339 MiB.
2026-10-09T07:28:00Z INFO [523/750] 7df0a1e8-b6f1-4673-9829-48cff3efb17a: 112 datasets; 0.9 s; peak memory 1339 MiB.
2026-10-09T07:28:01Z INFO [524/750] 7df0b27d-d8c3-41c2-8964-4ae0fe6d4ad3: 33 datasets; 0.6 s; peak memory 1339 MiB.
2026-10-09T07:28:02Z INFO [525/750] 7df1daef-323b-4542-8462-07aa26ca4df6: 48 datasets; 0.8 s; peak memory 1339 MiB.
2026-10-09T07:28:02Z INFO [526/750] 7df1eb07-0a53-43a9-b2d7-3faae9b741bd: 41 datasets; 0.5 s; peak memory 1339 MiB.
2026-10-09T07:28:03Z INFO [527/750] 7df1ecf1-b195-4e66-a9cf-a2cef843bc7d: 48 datasets; 0.7 s; peak memory 1339 MiB.
2026-10-09T07:28:04Z INFO [528/750] 7df2679d-51a4-419f-898c-c2372ad22cd9: 110 datasets; 0.9 s; peak memory 1339 MiB.
2026-10-09T07:28:04Z INFO [529/750] 7df28fb4-79a2-4ddd-a508-1f6100981421: 84 datasets; 0.6 s; peak memory 1339 MiB.
2026-10-09T07:28:05Z INFO [530/750] 7df50f86-aafc-478f-a794-6c3361b308e1: 52 datasets; 0.7 s; peak memory 1339 MiB.
2026-10-09T07:28:06Z INFO [531/750] 7df56624-58ec-45ed-b45d-e68e2521fab6: 66 datasets; 1.0 s; peak memory 1339 MiB.
2026-10-09T07:28:11Z INFO [532/750] 7df7968f-4729-42cb-acb4-43001987d86a: 396 datasets; 5.3 s; peak memory 1339 MiB.
2026-10-09T07:28:12Z INFO [533/750] 7df7d259-bf4a-4dc3-b34d-382b4794b80c: 48 datasets; 0.7 s; peak memory 1339 MiB.
2026-10-09T07:28:20Z INFO [534/750] 7df7e1e1-33a6-4f80-a114-f6f7b5f86ebe: 263 datasets; 7.5 s; peak memory 1339 MiB.
2026-10-09T07:28:29Z INFO [535/750] 7df80e1a-48b3-422e-bdda-92595c593b06: 1569 datasets; 9.8 s; peak memory 1339 MiB.
2026-10-09T07:28:31Z INFO [536/750] 7df9607b-1558-433a-b832-791a546151ec: 78 datasets; 1.2 s; peak memory 1339 MiB.
2026-10-09T07:28:31Z INFO [537/750] 7df98e24-4f69-4644-b79d-e41db4ca90a3: 117 datasets; 0.7 s; peak memory 1339 MiB.
2026-10-09T07:28:32Z INFO [538/750] 7df9e616-29dd-4978-9412-773bd99563f7: 48 datasets; 0.9 s; peak memory 1339 MiB.
2026-10-09T07:28:33Z INFO [539/750] 7dfa721d-2b99-4461-a850-e75e3458e045: 50 datasets; 0.6 s; peak memory 1339 MiB.
2026-10-09T07:30:33Z INFO [540/750] 7dfb059b-8b56-40ae-ba97-ab38015f5f69: 260 datasets; 120.7 s; peak memory 1339 MiB.
2026-10-09T07:30:34Z INFO [541/750] 7dfb7f14-6243-4295-be44-c33efe43e096: 48 datasets; 0.7 s; peak memory 1339 MiB.
2026-10-09T07:30:35Z INFO [542/750] 7dfc384f-2ebc-49ba-a364-5f0dc34db6d6: 117 datasets; 1.4 s; peak memory 1339 MiB.
2026-10-09T07:30:37Z INFO [543/750] 7dfc6186-d080-4a49-9729-78f01f5d51cc: 38 datasets; 1.9 s; peak memory 1339 MiB.
2026-10-09T07:30:39Z INFO [544/750] 7dfc8d58-acb3-4d65-afb2-4b13dcef9661: 116 datasets; 1.7 s; peak memory 1339 MiB.
2026-10-09T07:30:41Z INFO [545/750] 7dfd03e3-f0ac-4c87-b306-e747e7445df9: 115 datasets; 1.6 s; peak memory 1339 MiB.
2026-10-09T07:30:42Z INFO [546/750] 7dfdbd22-f4f5-4783-8c68-d5575bc8c3e4: 64 datasets; 1.3 s; peak memory 1339 MiB.
2026-10-09T07:30:43Z INFO [547/750] 7dfe62f4-0fae-483d-8018-7db7960da978: 112 datasets; 0.8 s; peak memory 1339 MiB.
2026-10-09T07:30:43Z INFO [548/750] 7dfe8b0b-e8dc-465f-9d34-d39e9c5fac34: 46 datasets; 0.6 s; peak memory 1339 MiB.
2026-10-09T07:30:44Z INFO [549/750] 7dfee0f4-2bdb-40e4-9bd7-17afa7ce0e22: 117 datasets; 1.0 s; peak memory 1339 MiB.
2026-10-09T07:30:45Z INFO [550/750] 7dff75c5-d0bb-46bc-b13a-81d4615a6984: 48 datasets; 0.8 s; peak memory 1339 MiB.
2026-10-09T07:30:45Z INFO [550/750] 7dff75c5-d0bb-46bc-b13a-81d4615a6984: checkpointed 107635 new records.
2026-10-09T07:30:46Z INFO [551/750] 7dffa3b9-a64b-44ca-bca1-aff337b50d3b: 71 datasets; 1.1 s; peak memory 1339 MiB.
2026-10-09T07:32:46Z INFO [552/750] 7e009f0f-32ca-4a9c-9488-be71657339d0: 62 datasets; 119.7 s; peak memory 1339 MiB.
2026-10-09T07:32:47Z INFO [553/750] 7e012ca3-43d9-46ce-a349-94cc31937484: 46 datasets; 0.6 s; peak memory 1339 MiB.
2026-10-09T07:32:48Z INFO [554/750] 7e0143ac-6362-4973-a7ef-2c5eaa7afc2e: 57 datasets; 1.1 s; peak memory 1339 MiB.
2026-10-09T07:32:49Z INFO [555/750] 7e01756b-6e3c-4efb-b6e8-6a5d34b078f1: 48 datasets; 0.7 s; peak memory 1339 MiB.
2026-10-09T07:32:49Z INFO [556/750] 7e018a7b-75b2-4eff-b900-c029995ba205: 118 datasets; 0.8 s; peak memory 1339 MiB.
2026-10-09T07:32:50Z INFO [557/750] 7e023f72-27a8-40db-9ee5-959da653dd5d: 48 datasets; 0.7 s; peak memory 1339 MiB.
2026-10-09T07:32:51Z INFO [558/750] 7e02988c-e53a-4188-837a-7940a6aed435: 117 datasets; 0.6 s; peak memory 1339 MiB.
2026-10-09T07:32:51Z INFO [559/750] 7e032721-63d9-4642-a845-f60e2c224fee: 114 datasets; 0.6 s; peak memory 1339 MiB.
2026-10-09T07:33:03Z INFO [560/750] 7e03907e-2e86-4a7a-ad99-0281aa1eba07: 288 datasets; 11.5 s; peak memory 1339 MiB.
2026-10-09T07:33:04Z INFO [561/750] 7e04435f-f92c-4722-8138-56d91d766445: 48 datasets; 0.6 s; peak memory 1339 MiB.
2026-10-09T07:33:05Z INFO [562/750] 7e04c6b7-a395-4cae-af67-bbb57ffbe071: 62 datasets; 1.1 s; peak memory 1339 MiB.
2026-10-09T07:33:06Z INFO [563/750] 7e052746-135d-4432-a0aa-c20c833c584a: 68 datasets; 0.8 s; peak memory 1339 MiB.
2026-10-09T07:33:06Z INFO [564/750] 7e06803d-98be-4114-a815-c63dde298f56: 112 datasets; 0.8 s; peak memory 1339 MiB.
2026-10-09T07:33:07Z INFO [565/750] 7e074b08-ec6f-47f9-a397-24744e5dc29c: 41 datasets; 0.5 s; peak memory 1339 MiB.
2026-10-09T07:33:08Z INFO [566/750] 7e07819d-855c-4abd-a05b-c4cf433c0ca1: 48 datasets; 0.8 s; peak memory 1339 MiB.
2026-10-09T07:33:08Z INFO [567/750] 7e07c4c0-cd6d-4389-a8c9-8c5c2476eac0: 46 datasets; 0.4 s; peak memory 1339 MiB.
2026-10-09T07:33:09Z INFO [568/750] 7e0826e1-3bb5-4a00-a7a4-048ae31ee6cf: 68 datasets; 1.1 s; peak memory 1339 MiB.
2026-10-09T07:33:10Z INFO [569/750] 7e08a21d-faa6-4deb-a1c7-4902f91ac8bf: 112 datasets; 0.9 s; peak memory 1339 MiB.
2026-10-09T07:33:11Z INFO [570/750] 7e0a4795-c452-4892-b933-81b2e84b1239: 112 datasets; 1.1 s; peak memory 1339 MiB.
2026-10-09T07:33:12Z INFO [571/750] 7e0a64ee-f77b-4cf4-8016-ec948953a462: 46 datasets; 0.5 s; peak memory 1339 MiB.
2026-10-09T07:33:12Z INFO [572/750] 7e0c9af1-b821-4588-93eb-2c2ef939df52: 52 datasets; 0.7 s; peak memory 1339 MiB.
2026-10-09T07:33:13Z INFO [573/750] 7e0cc8ee-8353-4de8-b885-5a16d78602b2: 62 datasets; 1.0 s; peak memory 1339 MiB.
2026-10-09T07:33:14Z INFO [574/750] 7e0dcd63-e91c-4df1-bf07-fbdb90cac7c7: 48 datasets; 0.8 s; peak memory 1339 MiB.
2026-10-09T07:33:15Z INFO [575/750] 7e0e5bca-7363-47c9-b9d4-069e469bd58b: 48 datasets; 0.7 s; peak memory 1339 MiB.
2026-10-09T07:36:41Z INFO [576/750] 7e0eb51d-324b-4212-a8a8-c9b1123e7ae7: 264 datasets; 206.3 s; peak memory 1339 MiB.
2026-10-09T07:36:42Z INFO [577/750] 7e0f0e63-7d17-4294-a340-6ae46c04061a: 112 datasets; 1.0 s; peak memory 1339 MiB.
2026-10-09T07:37:18Z INFO [578/750] 7e0f2c60-13ee-4a8c-8afb-dd9807073381: 17467 datasets; 35.8 s; peak memory 1339 MiB.
2026-10-09T07:37:19Z INFO [579/750] 7e0f39af-e207-4c0e-97e7-fa70a7b76686: 70 datasets; 0.8 s; peak memory 1339 MiB.
2026-10-09T07:37:20Z INFO [580/750] 7e11a5e6-fb07-435c-bcac-c29de7df1135: 117 datasets; 0.7 s; peak memory 1339 MiB.
2026-10-09T07:37:20Z INFO [581/750] 7e11ec6d-7db5-49ac-a4f7-96d68ecde505: 112 datasets; 0.8 s; peak memory 1339 MiB.
2026-10-09T07:37:21Z INFO [582/750] 7e1261e0-a1fc-47f4-b950-85b3a875b00a: 69 datasets; 1.2 s; peak memory 1339 MiB.
2026-10-09T07:37:22Z INFO [583/750] 7e12cf6d-70ce-4796-8bcc-9c97235493fc: 112 datasets; 0.9 s; peak memory 1339 MiB.
2026-10-09T07:37:23Z INFO [584/750] 7e1318fd-d629-444b-82a3-f36fbb9b755d: 67 datasets; 0.9 s; peak memory 1339 MiB.
2026-10-09T07:37:24Z INFO [585/750] 7e13675f-972f-4e93-aade-3f37a9a0c9e7: 48 datasets; 0.9 s; peak memory 1339 MiB.
2026-10-09T07:37:25Z INFO [586/750] 7e14722b-6ef6-4d7e-9eeb-9f157da72dcd: 41 datasets; 0.6 s; peak memory 1339 MiB.
2026-10-09T07:37:26Z INFO [587/750] 7e14ec7d-b880-47fd-98ef-92c51d3c9e21: 112 datasets; 1.0 s; peak memory 1339 MiB.
2026-10-09T07:37:26Z INFO [588/750] 7e15213d-a5a0-4c7d-973b-de1cefc4960b: 46 datasets; 0.4 s; peak memory 1339 MiB.
2026-10-09T07:37:33Z INFO [589/750] 7e15fdbc-c7ee-4122-876b-a2ca9c82e786: 1089 datasets; 6.4 s; peak memory 1339 MiB.
2026-10-09T07:37:33Z INFO [590/750] 7e165644-813e-4510-b36e-21ce45f925e5: 48 datasets; 0.8 s; peak memory 1339 MiB.
2026-10-09T07:38:53Z INFO [591/750] 7e16a181-e162-4619-830d-39d6543367d9: 42614 datasets; 79.4 s; peak memory 1339 MiB.
2026-10-09T07:38:54Z INFO [592/750] 7e16b684-e761-4ae1-9c01-4c53242bb234: 52 datasets; 0.9 s; peak memory 1339 MiB.
2026-10-09T07:38:54Z INFO [593/750] 7e16bc93-0704-4ea8-b3ed-4b2632963c41: 56 datasets; 0.5 s; peak memory 1339 MiB.
2026-10-09T07:38:55Z INFO [594/750] 7e1742b4-7715-4596-9d99-adae853571ed: 46 datasets; 0.5 s; peak memory 1339 MiB.
2026-10-09T07:38:56Z INFO [595/750] 7e179a81-d0f6-4b7e-a049-343ff0a1203c: 69 datasets; 1.0 s; peak memory 1339 MiB.
2026-10-09T07:38:56Z INFO [596/750] 7e192b07-0e54-4bdc-b504-18c5e91cd6d9: 46 datasets; 0.5 s; peak memory 1339 MiB.
2026-10-09T07:38:57Z INFO [597/750] 7e1970d0-3159-46b3-a647-e2b21e41c866: 110 datasets; 0.8 s; peak memory 1339 MiB.
2026-10-09T07:38:57Z INFO [598/750] 7e1a5cf3-e658-40cd-9df3-d7eab7f063ba: 117 datasets; 0.6 s; peak memory 1339 MiB.
2026-10-09T07:38:58Z INFO [599/750] 7e1a6d36-d53b-4927-befe-6d8d73858cf2: 117 datasets; 0.9 s; peak memory 1339 MiB.
2026-10-09T07:38:59Z INFO [600/750] 7e1c646d-e0d4-4474-8e25-0f2c120f73af: 117 datasets; 1.0 s; peak memory 1339 MiB.
2026-10-09T07:39:00Z INFO [600/750] 7e1c646d-e0d4-4474-8e25-0f2c120f73af: checkpointed 107685 new records.
2026-10-09T07:39:00Z INFO [601/750] 7e1cc531-e35e-4c25-b050-2191852c17ca: 69 datasets; 0.9 s; peak memory 1339 MiB.
2026-10-09T07:39:18Z INFO [602/750] 7e1cc92e-62d0-43ba-9225-5d0bb0ce8132: 569 datasets; 18.0 s; peak memory 1339 MiB.
2026-10-09T07:39:19Z INFO [603/750] 7e1e39f7-c877-476f-a4e5-13334e219a97: 84 datasets; 0.8 s; peak memory 1339 MiB.
2026-10-09T07:39:20Z INFO [604/750] 7e1fcb53-2f56-41e9-977c-11db2e0af681: 48 datasets; 1.0 s; peak memory 1339 MiB.
2026-10-09T07:39:33Z INFO [605/750] 7e1fdae9-12d7-4c6e-b3e5-538087c7897c: 13636 datasets; 12.5 s; peak memory 1339 MiB.
2026-10-09T07:39:33Z INFO [606/750] 7e20a340-6ff3-4869-98c0-b7e54e2cbac7: 112 datasets; 0.7 s; peak memory 1339 MiB.
2026-10-09T07:43:04Z INFO [607/750] 7e219582-790d-4660-b6a8-32b84eea2df4: 283 datasets; 210.3 s; peak memory 1339 MiB.
2026-10-09T07:43:04Z INFO [608/750] 7e21ba93-221a-4e20-96e0-8bf84d9af74d: 112 datasets; 0.7 s; peak memory 1339 MiB.
2026-10-09T07:43:06Z INFO [609/750] 7e21c7b6-bbfa-46ed-a5af-99def6fe4f3c: 70 datasets; 1.8 s; peak memory 1339 MiB.
2026-10-09T07:43:07Z INFO [610/750] 7e21d514-58d6-4a57-a220-c92b8bff8cdd: 71 datasets; 1.4 s; peak memory 1339 MiB.
2026-10-09T07:43:09Z INFO [611/750] 7e227343-4229-44fb-a197-b8597e09d5dc: 112 datasets; 1.1 s; peak memory 1339 MiB.
2026-10-09T07:43:12Z INFO [612/750] 7e234397-c617-4e21-87b2-f0d8396d6f2a: 229 datasets; 3.5 s; peak memory 1339 MiB.
2026-10-09T07:43:14Z INFO [613/750] 7e245a06-3141-4d37-a6c3-9553483dd90a: 156 datasets; 1.9 s; peak memory 1339 MiB.
2026-10-09T07:43:15Z INFO [614/750] 7e25554c-b62f-48b0-880d-7ddb672a0ec2: 101 datasets; 1.0 s; peak memory 1339 MiB.
2026-10-09T07:43:16Z INFO [615/750] 7e25ec62-fd42-4343-8212-d73a98cec662: 48 datasets; 0.7 s; peak memory 1339 MiB.
2026-10-09T07:43:20Z INFO [616/750] 7e2686e7-7f22-4b10-8bc4-297530d02666: 223 datasets; 3.9 s; peak memory 1339 MiB.
2026-10-09T07:43:20Z INFO [617/750] 7e27dce1-43ce-423b-a76d-d542c1d4d12f: 48 datasets; 0.7 s; peak memory 1339 MiB.
2026-10-09T07:46:15Z INFO [618/750] 7e28dac0-6f4b-4b17-9f24-2b94f989dd93: 173 datasets; 174.4 s; peak memory 1339 MiB.
2026-10-09T07:46:16Z INFO [619/750] 7e294423-acf0-459a-ae35-60d22b6c5ff9: 71 datasets; 1.0 s; peak memory 1339 MiB.
2026-10-09T07:46:16Z INFO [620/750] 7e29bbd6-a96f-47fd-896e-6285e1d489e1: 46 datasets; 0.7 s; peak memory 1339 MiB.
2026-10-09T07:46:17Z INFO [621/750] 7e29fef6-d93f-4bb9-bcc3-6d775319704d: 48 datasets; 0.8 s; peak memory 1339 MiB.
2026-10-09T07:48:06Z INFO [622/750] 7e2a3846-c56d-43bd-ab7b-1617b81d3348: 190 datasets; 109.4 s; peak memory 1339 MiB.
2026-10-09T07:48:12Z INFO [623/750] 7e2a5eb5-3559-470d-ad4c-d379c46aa0e8: 336 datasets; 5.1 s; peak memory 1339 MiB.
2026-10-09T07:48:13Z INFO [624/750] 7e2b0ae0-cf8b-4329-b591-63f8e6261219: 53 datasets; 1.2 s; peak memory 1339 MiB.
2026-10-09T07:48:26Z INFO [625/750] 7e2b83b9-11e7-4617-8783-420a4d64169d: 363 datasets; 13.1 s; peak memory 1339 MiB.
2026-10-09T07:48:26Z INFO [626/750] 7e2c84b0-57b1-48c0-8416-18db879473a3: 46 datasets; 0.5 s; peak memory 1339 MiB.
2026-10-09T07:48:27Z INFO [627/750] 7e2cc2de-dbad-438f-a02a-acc067899c21: 56 datasets; 0.7 s; peak memory 1339 MiB.
2026-10-09T07:48:33Z INFO [628/750] 7e2ccaff-bb4e-47a5-86e8-f72a71b61c5f: 4313 datasets; 5.8 s; peak memory 1339 MiB.
2026-10-09T07:48:34Z INFO [629/750] 7e2d0f6b-ebcc-4153-8d1e-99d8ede77d5b: 48 datasets; 0.7 s; peak memory 1339 MiB.
2026-10-09T07:48:34Z INFO [630/750] 7e2d6a16-9e8a-406c-bd4c-96f86bcd4d31: 72 datasets; 0.7 s; peak memory 1339 MiB.
2026-10-09T07:48:35Z INFO [631/750] 7e2ddf6f-efa3-4baa-a618-be6b048ffc86: 71 datasets; 0.9 s; peak memory 1339 MiB.
2026-10-09T07:48:36Z INFO [632/750] 7e2e00c1-b254-4906-a877-95cf7f134c7d: 118 datasets; 0.8 s; peak memory 1339 MiB.
2026-10-09T07:48:37Z INFO [633/750] 7e2e2558-057d-4a7f-be3d-0363e8de8046: 46 datasets; 0.8 s; peak memory 1339 MiB.
2026-10-09T07:48:44Z INFO [634/750] 7e2ea3cc-f5e3-4bce-b540-20f4c94be7f5: 97 datasets; 6.8 s; peak memory 1339 MiB.
2026-10-09T07:48:44Z INFO [635/750] 7e2fc985-14e8-43e7-aad7-7f531d33e94e: 112 datasets; 0.9 s; peak memory 1339 MiB.
2026-10-09T07:48:45Z INFO [636/750] 7e2fffee-eb95-4378-9006-2a429e2a06c7: 76 datasets; 0.7 s; peak memory 1339 MiB.
2026-10-09T07:48:47Z INFO [637/750] 7e303b6a-1ce5-4816-959c-5c95165faea6: 71 datasets; 1.4 s; peak memory 1339 MiB.
2026-10-09T07:48:47Z INFO [638/750] 7e304043-df6e-4ed6-b20a-06d82c10c116: 110 datasets; 0.7 s; peak memory 1339 MiB.
2026-10-09T07:48:48Z INFO [639/750] 7e305048-c1e9-4f17-b8d2-828124067999: 112 datasets; 0.9 s; peak memory 1339 MiB.
2026-10-09T07:48:49Z INFO [640/750] 7e30abdd-ff67-44d3-a47e-9e5947b0bb04: 118 datasets; 0.8 s; peak memory 1339 MiB.
2026-10-09T07:48:50Z INFO [641/750] 7e31406f-9c79-42c0-ba4f-300b6337c0fd: 112 datasets; 0.9 s; peak memory 1339 MiB.
2026-10-09T07:48:53Z INFO [642/750] 7e3187a6-e0f6-4105-920b-0f9b5150964f: 496 datasets; 3.0 s; peak memory 1339 MiB.
2026-10-09T07:49:04Z INFO [643/750] 7e31aa98-aa09-426d-b329-a5d1664fafe0: 271 datasets; 11.3 s; peak memory 1339 MiB.
2026-10-09T07:49:05Z INFO [644/750] 7e3214f0-c620-44fa-aa69-4f26c34b57ef: 112 datasets; 0.9 s; peak memory 1339 MiB.
2026-10-09T07:49:15Z INFO [645/750] 7e328d7d-2520-4aa3-a3a4-8b97470d451f: 658 datasets; 10.0 s; peak memory 1339 MiB.
2026-10-09T07:49:19Z INFO [646/750] 7e356021-66a9-4076-af41-faf923f7d036: 538 datasets; 3.7 s; peak memory 1339 MiB.
2026-10-09T07:49:20Z INFO [647/750] 7e358b13-bc04-4cb8-825a-de36e0c764f8: 121 datasets; 1.1 s; peak memory 1339 MiB.
2026-10-09T07:49:21Z INFO [648/750] 7e361878-60ff-46c8-b67d-36fe2b87b284: 118 datasets; 0.8 s; peak memory 1339 MiB.
2026-10-09T07:49:22Z INFO [649/750] 7e37e394-69a6-47f7-bc9e-50f4babe7cda: 70 datasets; 1.1 s; peak memory 1339 MiB.
2026-10-09T07:49:22Z INFO [650/750] 7e382e08-614b-45ae-a704-ccffcb9814dd: 48 datasets; 0.7 s; peak memory 1339 MiB.
2026-10-09T07:49:23Z INFO [650/750] 7e382e08-614b-45ae-a704-ccffcb9814dd: checkpointed 107735 new records.
2026-10-09T07:49:23Z INFO [651/750] 7e38b3fd-a0ce-4c82-af33-4ec0d0e1f77d: 45 datasets; 0.7 s; peak memory 1339 MiB.
2026-10-09T07:49:24Z INFO [652/750] 7e38de32-6234-4022-8642-4ec7e5f3ed53: 48 datasets; 0.8 s; peak memory 1339 MiB.
2026-10-09T07:49:25Z INFO [653/750] 7e392d76-cf15-4768-9fd1-b3bca80e84c4: 84 datasets; 0.6 s; peak memory 1339 MiB.
2026-10-09T07:49:25Z INFO [654/750] 7e39bed8-dca0-4dad-9d8e-c937c1c48178: 46 datasets; 0.6 s; peak memory 1339 MiB.
2026-10-09T07:49:33Z INFO [655/750] 7e3b1617-0501-46d5-8664-0f13570d80ef: 406 datasets; 7.5 s; peak memory 1339 MiB.
2026-10-09T07:49:33Z INFO [656/750] 7e3c558a-9a95-4a57-af60-6d99ae11e92b: 48 datasets; 0.7 s; peak memory 1339 MiB.
2026-10-09T07:49:34Z INFO [657/750] 7e3cc258-3d08-46d6-a7fb-6d7bf3e5808d: 142 datasets; 0.8 s; peak memory 1339 MiB.
2026-10-09T07:49:35Z INFO [658/750] 7e3d5110-6cb1-4854-bdcb-e5dff3b5c608: 116 datasets; 1.0 s; peak memory 1339 MiB.
2026-10-09T07:49:36Z INFO [659/750] 7e3d649c-d8c6-4f46-b9e5-ecd5f2ffb5c4: 112 datasets; 0.9 s; peak memory 1339 MiB.
2026-10-09T07:49:37Z INFO [660/750] 7e3dfb7a-2625-4cce-b5c5-d310d038bc40: 66 datasets; 0.8 s; peak memory 1339 MiB.
2026-10-09T08:00:30Z INFO [661/750] 7e3e0785-4793-4d7f-b07a-bb2d63b127f2: 86 datasets; 653.5 s; peak memory 1339 MiB.
2026-10-09T08:00:31Z INFO [662/750] 7e3eba24-ad48-4133-b8c0-7a663b6db6a1: 48 datasets; 0.9 s; peak memory 1339 MiB.
2026-10-09T08:00:34Z INFO [663/750] 7e3f6a38-acae-4f28-8bc0-2654899b4fa3: 38 datasets; 2.9 s; peak memory 1339 MiB.
2026-10-09T08:00:36Z INFO [664/750] 7e41b99a-bb8a-436f-a340-61e6b6a6e63c: 186 datasets; 1.6 s; peak memory 1339 MiB.
2026-10-09T08:00:36Z INFO [665/750] 7e420815-5d70-47eb-b91c-5c3ff883af60: 119 datasets; 0.6 s; peak memory 1339 MiB.
2026-10-09T08:00:37Z INFO [666/750] 7e422d0d-f9e9-4a53-b9c7-073f4d774e88: 118 datasets; 0.8 s; peak memory 1339 MiB.
2026-10-09T08:00:38Z INFO [667/750] 7e42dd4f-e1cd-4541-b5b9-50be69d9e57f: 68 datasets; 0.7 s; peak memory 1339 MiB.
2026-10-09T08:00:39Z INFO [668/750] 7e435deb-d840-42ea-8d17-ca245e1d8c20: 112 datasets; 0.7 s; peak memory 1339 MiB.
2026-10-09T08:00:39Z INFO [669/750] 7e439440-549d-48bf-869d-0876920c5340: 118 datasets; 0.6 s; peak memory 1339 MiB.
2026-10-09T08:00:40Z INFO [670/750] 7e43fc46-a642-4830-b1cd-22b46981a2a4: 112 datasets; 0.8 s; peak memory 1339 MiB.
2026-10-09T08:00:42Z INFO [671/750] 7e442143-52f1-40c4-8ee6-978506998eff: 114 datasets; 1.8 s; peak memory 1339 MiB.
2026-10-09T08:01:19Z INFO [672/750] 7e4426b4-99f0-40e4-8252-9a26c55573a4: 52 datasets; 37.5 s; peak memory 1339 MiB.
2026-10-09T08:01:20Z INFO [673/750] 7e444130-9c1c-4ff3-85dd-07a205b24455: 101 datasets; 0.5 s; peak memory 1339 MiB.
2026-10-09T08:01:21Z INFO [674/750] 7e44ef4d-5184-42aa-abfb-fdc8d61737b4: 48 datasets; 0.7 s; peak memory 1339 MiB.
2026-10-09T08:01:21Z INFO [675/750] 7e452084-0e91-4a91-b210-0a01765aeab6: 48 datasets; 0.8 s; peak memory 1339 MiB.
2026-10-09T08:01:23Z INFO [676/750] 7e462cce-f187-4caf-bce5-c3d8a95052d1: 115 datasets; 1.5 s; peak memory 1339 MiB.
2026-10-09T08:01:32Z INFO [677/750] 7e467030-80d7-419b-a69c-64db165ccbee: 106 datasets; 8.9 s; peak memory 1339 MiB.
2026-10-09T08:01:33Z INFO [678/750] 7e46b2ea-b6d5-4783-bb2f-0846bdebe50c: 38 datasets; 1.5 s; peak memory 1339 MiB.
2026-10-09T08:01:34Z INFO [679/750] 7e46be7a-b0cf-4fb2-9fb9-24a3d4a5db7d: 49 datasets; 1.0 s; peak memory 1339 MiB.
2026-10-09T08:01:37Z INFO [680/750] 7e46e31f-35f9-4639-a777-46c4087e029a: 92 datasets; 2.4 s; peak memory 1339 MiB.
2026-10-09T08:01:37Z INFO [681/750] 7e46fb70-eec8-4693-a72e-2eaf57c2e242: 52 datasets; 0.7 s; peak memory 1339 MiB.
2026-10-09T08:01:38Z INFO [682/750] 7e47cd0c-2bd9-4a55-a1d6-951abf2c9100: 117 datasets; 0.8 s; peak memory 1339 MiB.
2026-10-09T08:01:39Z INFO [683/750] 7e48549c-552b-4094-9f7c-c27b03edefd1: 117 datasets; 0.7 s; peak memory 1339 MiB.
2026-10-09T08:01:40Z INFO [684/750] 7e496912-005e-4e1a-89e8-0688304865b2: 62 datasets; 0.7 s; peak memory 1339 MiB.
2026-10-09T08:01:41Z INFO [685/750] 7e49f8c0-0ce0-4d9c-9edf-aa7f378b42b1: 71 datasets; 1.0 s; peak memory 1339 MiB.
2026-10-09T08:01:41Z INFO [686/750] 7e4a14cf-f8a5-497d-af1b-2512c9b1272d: 275 datasets; 0.8 s; peak memory 1339 MiB.
2026-10-09T08:01:42Z INFO [687/750] 7e4a4d13-e6bf-4ac5-bbb3-c1f3beb2e3e7: 118 datasets; 0.7 s; peak memory 1339 MiB.
2026-10-09T08:01:43Z INFO [688/750] 7e4a572f-018e-4783-94d0-6055a9521bb9: 64 datasets; 0.9 s; peak memory 1339 MiB.
2026-10-09T08:01:44Z INFO [689/750] 7e4a57bf-7229-4158-ac80-b23a49dfb8ae: 118 datasets; 1.0 s; peak memory 1339 MiB.
2026-10-09T08:01:45Z INFO [690/750] 7e4a7a60-68af-4a2e-b3da-48292efa8690: 48 datasets; 0.8 s; peak memory 1339 MiB.
2026-10-09T08:01:45Z INFO [691/750] 7e4a7b48-bc8f-46e6-911a-4f09ee3305e6: 50 datasets; 0.6 s; peak memory 1339 MiB.
2026-10-09T08:01:46Z INFO [692/750] 7e4ace64-ed0b-43a4-aca3-95223bcf147f: 48 datasets; 0.7 s; peak memory 1339 MiB.
2026-10-09T08:01:47Z INFO [693/750] 7e4ad1b1-89f4-48a9-81ab-795d07b67a1b: 117 datasets; 0.8 s; peak memory 1339 MiB.
2026-10-09T08:01:48Z INFO [694/750] 7e4c1a1c-4718-4ed0-9ab2-164667e09dbf: 48 datasets; 0.7 s; peak memory 1339 MiB.
2026-10-09T08:01:52Z INFO [695/750] 7e4c4c2a-4ce0-4b1f-a42e-4f3a27f8ec3f: 200 datasets; 4.7 s; peak memory 1339 MiB.
2026-10-09T08:01:53Z INFO [696/750] 7e4c6a5a-30f0-4ffe-92a6-4c31cb3d0a9d: 118 datasets; 0.8 s; peak memory 1339 MiB.
2026-10-09T08:01:55Z INFO [697/750] 7e4cfbed-28eb-41d2-acab-d585790b20fb: 548 datasets; 1.7 s; peak memory 1339 MiB.
2026-10-09T08:01:56Z INFO [698/750] 7e4d5f11-2517-4df9-9f63-0f8ab034d73c: 48 datasets; 0.8 s; peak memory 1339 MiB.
2026-10-09T08:01:57Z INFO [699/750] 7e4d6cc2-175f-40bc-bae7-f1ba52a97950: 48 datasets; 0.9 s; peak memory 1339 MiB.
2026-10-09T08:02:01Z INFO [700/750] 7e4e1d2c-7f39-47be-9dfc-7da768cf6c40: 640 datasets; 4.9 s; peak memory 1339 MiB.
2026-10-09T08:02:02Z INFO [700/750] 7e4e1d2c-7f39-47be-9dfc-7da768cf6c40: checkpointed 107785 new records.
2026-10-09T08:02:02Z INFO [701/750] 7e4ec355-6d9a-442e-bf9d-78304af49f67: 48 datasets; 0.8 s; peak memory 1339 MiB.
2026-10-09T08:02:03Z INFO [702/750] 7e4eed7c-f1cc-4110-b6dd-c90617435339: 66 datasets; 0.9 s; peak memory 1339 MiB.
2026-10-09T08:02:05Z INFO [703/750] 7e4ef086-5055-4ea8-9a1a-d7398a646321: 71 datasets; 1.6 s; peak memory 1339 MiB.
2026-10-09T08:02:05Z INFO [704/750] 7e4f8e3f-31bb-49a5-8ba7-56520d7d2a8d: 46 datasets; 0.4 s; peak memory 1339 MiB.
2026-10-09T08:02:10Z INFO [705/750] 7e4f91d4-8b1e-448b-b865-166bbd99c1d8: 11477 datasets; 5.0 s; peak memory 1339 MiB.
2026-10-09T08:02:11Z INFO [706/750] 7e4fc29f-54e6-41eb-8ab3-59fa947305ca: 124 datasets; 1.0 s; peak memory 1339 MiB.
2026-10-09T08:02:12Z INFO [707/750] 7e504107-70f5-4cc1-ac96-1aae9582faa4: 71 datasets; 1.0 s; peak memory 1339 MiB.
2026-10-09T08:02:14Z INFO [708/750] 7e505150-3bfa-44df-a967-be5a1324cf70: 38 datasets; 1.5 s; peak memory 1339 MiB.
2026-10-09T08:02:16Z INFO [709/750] 7e505e9b-1755-41a9-8351-d9b10fd3eca3: 114 datasets; 1.8 s; peak memory 1339 MiB.
2026-10-09T08:02:16Z INFO [710/750] 7e507de7-7c1d-44e3-afcf-57d198762ad6: 56 datasets; 0.4 s; peak memory 1339 MiB.
2026-10-09T08:02:18Z INFO [711/750] 7e509332-ccd5-4428-9413-15a908466701: 283 datasets; 2.0 s; peak memory 1339 MiB.
2026-10-09T08:02:19Z INFO [712/750] 7e50d0ab-58f1-4259-a2dd-33d7ecdac21d: 112 datasets; 0.8 s; peak memory 1339 MiB.
2026-10-09T08:02:20Z INFO [713/750] 7e51a5a8-d9ee-44dd-b3b3-c3acd47e5d98: 172 datasets; 1.3 s; peak memory 1339 MiB.
2026-10-09T08:02:21Z INFO [714/750] 7e52c20c-0660-4e3f-bcf5-cf3a54e43b0b: 132 datasets; 1.2 s; peak memory 1339 MiB.
2026-10-09T08:02:22Z INFO [715/750] 7e52c410-bc3a-4341-bca6-1e0118584a31: 59 datasets; 0.8 s; peak memory 1339 MiB.
2026-10-09T08:02:23Z INFO [716/750] 7e5415dc-77a8-4916-9ccf-9560ea365665: 48 datasets; 0.6 s; peak memory 1339 MiB.
2026-10-09T08:02:24Z INFO [717/750] 7e54e9b0-7e72-4897-a911-39bfefea9a1d: 68 datasets; 1.6 s; peak memory 1339 MiB.
2026-10-09T08:02:25Z INFO [718/750] 7e55998a-d7b8-46e7-bdef-c890e63d1516: 44 datasets; 0.7 s; peak memory 1339 MiB.
2026-10-09T08:04:24Z INFO [719/750] 7e5795b7-4ea2-4d54-bc68-6890d622c2a7: 167 datasets; 119.3 s; peak memory 1339 MiB.
2026-10-09T08:04:25Z INFO [720/750] 7e5832b4-8582-4a7f-b743-ee06c4537709: 46 datasets; 0.6 s; peak memory 1339 MiB.
2026-10-09T08:04:25Z INFO [721/750] 7e58d574-7967-438e-85ee-1c014d8c0dcf: 46 datasets; 0.6 s; peak memory 1339 MiB.
2026-10-09T08:04:26Z INFO [722/750] 7e58feb2-ff55-43ad-8e75-3a51251f1c76: 117 datasets; 0.9 s; peak memory 1339 MiB.
2026-10-09T08:04:28Z INFO [723/750] 7e596607-b3da-4423-bbdb-3acebfdb229c: 48 datasets; 1.1 s; peak memory 1339 MiB.
2026-10-09T08:04:39Z INFO [724/750] 7e5a29fb-4171-4966-98eb-c5a97324301a: 44 datasets; 11.3 s; peak memory 1339 MiB.
2026-10-09T08:04:40Z INFO [725/750] 7e5a3aec-3645-4248-a5b5-20c8fefc959e: 62 datasets; 1.0 s; peak memory 1339 MiB.
2026-10-09T08:04:43Z INFO [726/750] 7e5a3bda-1af1-4f31-87d3-676e7bab988c: 538 datasets; 3.7 s; peak memory 1339 MiB.
2026-10-09T08:04:44Z INFO [727/750] 7e5a5260-e7e9-4639-b551-178940e4fd4c: 48 datasets; 0.9 s; peak memory 1339 MiB.
2026-10-09T08:04:45Z INFO [728/750] 7e5af998-bc20-428a-8a3e-5a4063fd5604: 66 datasets; 1.1 s; peak memory 1339 MiB.
2026-10-09T08:04:46Z INFO [729/750] 7e5b5344-423b-4a9f-afd9-70bc85b1567b: 64 datasets; 0.6 s; peak memory 1339 MiB.
2026-10-09T08:05:21Z INFO [730/750] 7e5bf8be-c3cd-4b1f-b0b4-32eb19d79c3d: 52 datasets; 34.6 s; peak memory 1339 MiB.
2026-10-09T08:05:21Z INFO [731/750] 7e5cbee3-bd64-4616-8003-ba8df9343abe: 112 datasets; 0.8 s; peak memory 1339 MiB.
2026-10-09T08:05:22Z INFO [732/750] 7e5ce235-1e6c-494a-b4bc-0d6c8f5171d4: 117 datasets; 0.8 s; peak memory 1339 MiB.
2026-10-09T08:05:24Z INFO [733/750] 7e5da36b-7825-4724-b722-ac18fd630adb: 115 datasets; 1.5 s; peak memory 1339 MiB.
2026-10-09T08:05:24Z INFO [734/750] 7e5e2ca9-a36b-4c8b-b799-28076437f8b6: 59 datasets; 0.6 s; peak memory 1339 MiB.
2026-10-09T08:05:31Z INFO [735/750] 7e5f2db6-4693-445e-9ff4-b57b83f61ebf: 4948 datasets; 6.4 s; peak memory 1339 MiB.
2026-10-09T08:05:32Z INFO [736/750] 7e5f38b8-7893-415e-b8ed-38f5c49d4fea: 78 datasets; 1.1 s; peak memory 1339 MiB.
2026-10-09T08:05:33Z INFO [737/750] 7e5f7e58-b2d4-40e8-b7d9-fe11643729e8: 52 datasets; 1.2 s; peak memory 1339 MiB.
2026-10-09T08:05:34Z INFO [738/750] 7e5f982b-923b-4ee3-ae49-b4f9b5b5a307: 52 datasets; 1.0 s; peak memory 1339 MiB.
2026-10-09T08:09:37Z INFO [739/750] 7e5fe1a7-0b47-4a5a-a33f-3228c322a132: 62 datasets; 242.5 s; peak memory 1339 MiB.
2026-10-09T08:09:38Z INFO [740/750] 7e5fff16-dc42-4af4-9f4f-94cc4de07355: 71 datasets; 1.2 s; peak memory 1339 MiB.
2026-10-09T08:09:39Z INFO [741/750] 7e606503-f6d6-4af2-807f-6271b5cfb56b: 66 datasets; 1.0 s; peak memory 1339 MiB.
2026-10-09T08:09:40Z INFO [742/750] 7e60af26-fe64-4ac8-a4a5-6910b122d38a: 66 datasets; 1.1 s; peak memory 1339 MiB.
2026-10-09T08:09:40Z INFO [743/750] 7e60c841-3fc5-460e-bba3-366c792abf35: 48 datasets; 0.8 s; peak memory 1339 MiB.
2026-10-09T08:09:41Z INFO [744/750] 7e615876-7afa-4456-98bd-33a58e10f1ca: 52 datasets; 0.8 s; peak memory 1339 MiB.
2026-10-09T08:09:42Z INFO [745/750] 7e618215-c8a6-4272-8346-90aa32c4e247: 48 datasets; 0.7 s; peak memory 1339 MiB.
2026-10-09T08:10:02Z INFO [746/750] 7e61b6ae-a93e-41b0-a846-a50309af8967: 48 datasets; 20.2 s; peak memory 1339 MiB.
2026-10-09T08:10:09Z INFO [747/750] 7e622b4a-8c07-4bc0-83c1-662ccfaca908: 1161 datasets; 7.3 s; peak memory 1339 MiB.
2026-10-09T08:10:14Z INFO [748/750] 7e623159-4053-4547-958c-a33e8eddcb47: 422 datasets; 4.9 s; peak memory 1339 MiB.
2026-10-09T08:10:15Z INFO [749/750] 7e63718d-1c86-45e2-91d5-fff6196fbafc: 48 datasets; 0.8 s; peak memory 1339 MiB.
2026-10-09T08:10:16Z INFO [750/750] 7e63d2f6-7357-4bdf-bd56-2cd9372e11f0: 63 datasets; 0.9 s; peak memory 1339 MiB.
2026-10-09T08:10:16Z INFO [750/750] 7e63d2f6-7357-4bdf-bd56-2cd9372e11f0: checkpointed 107835 new records.
2026-10-09T08:10:16Z INFO Wrote 107835 records to /tmp/derivatives/valid_nwb_file_to_number_of_datasets.jsonl (750 new, 0 failed) in 83.1 min (peak memory 1339 MiB).
