2026-10-05T10:13:39Z INFO Logging to /tmp/logs/update_2026-10-05T10-13-39Z.log.
2026-10-05T10:13:39Z INFO Update valid-nwb-file-to-number-of-datasets (base directory /tmp).
2026-10-05T10:13:39Z INFO Processing 750 items (77085 already recorded).
2026-10-05T10:13:41Z INFO [1/750] 3e76e851-e90b-401d-8c27-bc9aa3956de9: 112 datasets; 1.7 s; peak memory 111 MiB.
2026-10-05T10:13:42Z INFO [2/750] 3e77759c-9516-490d-ad6b-76f552ee1fd7: 66 datasets; 1.1 s; peak memory 111 MiB.
2026-10-05T10:13:43Z INFO [3/750] 3e777c54-6da0-4dda-9c62-bce6adb5bc9d: 48 datasets; 1.0 s; peak memory 111 MiB.
2026-10-05T10:13:44Z INFO [4/750] 3e77f9af-ee6e-477e-97ef-03e83a259d4f: 112 datasets; 0.9 s; peak memory 112 MiB.
2026-10-05T10:13:45Z INFO [5/750] 3e784913-568c-445a-a2d6-cfb591d63703: 31 datasets; 0.6 s; peak memory 112 MiB.
2026-10-05T10:13:46Z INFO [6/750] 3e789c9d-ac5a-4bed-8d46-db7732b6042a: 48 datasets; 0.9 s; peak memory 112 MiB.
2026-10-05T10:13:52Z INFO [7/750] 3e78b10f-710e-4420-acee-8e4bcff63e4f: 339 datasets; 6.1 s; peak memory 121 MiB.
2026-10-05T10:15:39Z INFO [8/750] 3e78d0af-6bb9-4dbd-8698-bc254adf819f: 167 datasets; 107.1 s; peak memory 266 MiB.
2026-10-05T10:15:40Z INFO [9/750] 3e7a17d2-0859-4f85-81c9-7e51ede8bdf4: 48 datasets; 0.9 s; peak memory 266 MiB.
2026-10-05T10:15:40Z INFO [10/750] 3e7a2156-baa0-4e28-ad57-dbf3e442ea2a: 117 datasets; 0.8 s; peak memory 266 MiB.
2026-10-05T10:15:41Z INFO [11/750] 3e7a826f-7fc4-4c79-8fbb-d753bf51fde3: 48 datasets; 0.9 s; peak memory 266 MiB.
2026-10-05T10:15:59Z INFO [12/750] 3e7af3cf-c7f1-4bd5-867c-e4f5145d178d: 1464 datasets; 17.8 s; peak memory 266 MiB.
2026-10-05T10:16:00Z INFO [13/750] 3e7b7e96-8817-4210-a679-d65292a07934: 51 datasets; 1.1 s; peak memory 266 MiB.
2026-10-05T10:16:01Z INFO [14/750] 3e7bdc90-4f80-4fa1-a4e5-7f2a5814b159: 117 datasets; 1.0 s; peak memory 266 MiB.
2026-10-05T10:16:02Z INFO [15/750] 3e7c9f4f-f7c2-44ba-9139-a714da8467cf: 42 datasets; 0.7 s; peak memory 266 MiB.
2026-10-05T10:16:03Z INFO [16/750] 3e7e0af9-4c66-42ed-9979-4ff9ee3b889c: 71 datasets; 1.4 s; peak memory 266 MiB.
2026-10-05T10:16:05Z INFO [17/750] 3e7e84e4-81d8-4515-8675-c181879cd9f0: 116 datasets; 1.8 s; peak memory 266 MiB.
2026-10-05T10:16:06Z INFO [18/750] 3e7e9a74-7244-45db-bda8-779cce76ace7: 51 datasets; 1.0 s; peak memory 266 MiB.
2026-10-05T10:16:09Z INFO [19/750] 3e7ee7e8-271a-4516-a248-89747367e7f5: 434 datasets; 3.1 s; peak memory 266 MiB.
2026-10-05T10:16:10Z INFO [20/750] 3e7f3367-a4df-4484-a4b2-869608019c76: 117 datasets; 0.9 s; peak memory 266 MiB.
2026-10-05T10:16:11Z INFO [21/750] 3e7f3572-5dba-4596-99e3-cccd62e2edac: 39 datasets; 0.9 s; peak memory 266 MiB.
2026-10-05T10:16:12Z INFO [22/750] 3e7fa25e-edb0-4718-944c-0168bbe849ab: 48 datasets; 0.8 s; peak memory 266 MiB.
2026-10-05T10:16:13Z INFO [23/750] 3e7fb9a5-d388-48b8-8245-c441a09ac7a7: 117 datasets; 0.8 s; peak memory 266 MiB.
2026-10-05T10:16:13Z INFO [24/750] 3e7fea47-53b3-4618-bbf2-8b124a1cb4a4: 117 datasets; 0.9 s; peak memory 266 MiB.
2026-10-05T10:16:15Z INFO [25/750] 3e80d74f-d151-478c-99f6-ee4fa8fa50ee: 112 datasets; 1.0 s; peak memory 266 MiB.
2026-10-05T10:16:15Z INFO [26/750] 3e8263bb-f24c-42a9-b49b-9c2e55d5712c: 117 datasets; 0.8 s; peak memory 266 MiB.
2026-10-05T10:16:16Z INFO [27/750] 3e82ce5c-2f42-49bd-b1b2-7940699405e9: 112 datasets; 1.0 s; peak memory 266 MiB.
2026-10-05T10:16:17Z INFO [28/750] 3e836f43-36b5-4525-9e5e-4c6287e5e098: 48 datasets; 0.8 s; peak memory 266 MiB.
2026-10-05T10:16:18Z INFO [29/750] 3e8384e6-0898-454d-8bb1-651be9eff993: 48 datasets; 0.9 s; peak memory 266 MiB.
2026-10-05T10:16:19Z INFO [30/750] 3e83e6e5-67a0-4411-9879-09927ecb4253: 101 datasets; 1.1 s; peak memory 266 MiB.
2026-10-05T10:16:20Z INFO [31/750] 3e845922-e08d-4753-8e40-be2a74dd994f: 48 datasets; 0.8 s; peak memory 266 MiB.
2026-10-05T10:16:20Z INFO [32/750] 3e84a7de-06c2-406a-976e-ee3b29aa69a0: 46 datasets; 0.5 s; peak memory 266 MiB.
2026-10-05T10:16:21Z INFO [33/750] 3e851d09-2582-4029-9618-bc4138984f23: 117 datasets; 0.8 s; peak memory 266 MiB.
2026-10-05T10:16:22Z INFO [34/750] 3e856b53-19b1-4da0-9d8b-d29525b21316: 118 datasets; 0.8 s; peak memory 266 MiB.
2026-10-05T10:16:23Z INFO [35/750] 3e85b6f6-8208-45cb-bbb8-0f8d32b19971: 48 datasets; 0.7 s; peak memory 266 MiB.
2026-10-05T10:16:24Z INFO [36/750] 3e877550-cd55-4197-8632-8b2b7bb887a5: 71 datasets; 1.0 s; peak memory 266 MiB.
2026-10-05T10:16:25Z INFO [37/750] 3e87e0d4-027f-4e8f-86cc-fb36e7cb3692: 117 datasets; 0.9 s; peak memory 266 MiB.
2026-10-05T10:16:28Z INFO [38/750] 3e889112-3ce2-4483-b59e-0ea16bfa77ff: 229 datasets; 3.7 s; peak memory 266 MiB.
2026-10-05T10:17:20Z INFO [39/750] 3e88accb-991b-44d6-aead-f699ea31be28: 50 datasets; 52.2 s; peak memory 266 MiB.
2026-10-05T10:17:21Z INFO [40/750] 3e88d607-95cd-43a4-be7d-a72ce836ab0c: 53 datasets; 0.7 s; peak memory 266 MiB.
2026-10-05T10:17:22Z INFO [41/750] 3e8a1308-c509-4a27-9fb3-dc142c648ba5: 52 datasets; 0.7 s; peak memory 266 MiB.
2026-10-05T10:17:23Z INFO [42/750] 3e8a1e17-ba7a-4ac4-bd14-4212a23fb9a0: 48 datasets; 0.8 s; peak memory 266 MiB.
2026-10-05T10:17:24Z INFO [43/750] 3e8aaf21-5412-4d50-85f3-bf773bb1ddee: 112 datasets; 1.0 s; peak memory 266 MiB.
2026-10-05T10:17:25Z INFO [44/750] 3e8b0df6-ffe4-4a91-9ffa-16a502d95001: 289 datasets; 1.1 s; peak memory 266 MiB.
2026-10-05T10:17:26Z INFO [45/750] 3e8b13e9-80ab-4d99-ac14-e6aae1c2adf0: 52 datasets; 0.9 s; peak memory 266 MiB.
2026-10-05T10:17:28Z INFO [46/750] 3e8b7e68-23b9-4a4f-bc92-c5a4095f409f: 48 datasets; 2.0 s; peak memory 266 MiB.
2026-10-05T10:17:29Z INFO [47/750] 3e8c0042-3f6a-47ed-8f64-21ab34b81c93: 48 datasets; 0.9 s; peak memory 266 MiB.
2026-10-05T10:17:29Z INFO [48/750] 3e8cd581-c8fe-4389-86b1-abf2f163369c: 58 datasets; 0.8 s; peak memory 266 MiB.
2026-10-05T10:17:32Z INFO [49/750] 3e8cf3f7-81c0-4c66-b1ee-caf085e67996: 417 datasets; 2.9 s; peak memory 266 MiB.
2026-10-05T10:17:38Z INFO [50/750] 3e8d14a8-d092-4243-9b5d-427d52073949: 710 datasets; 6.2 s; peak memory 266 MiB.
2026-10-05T10:17:39Z INFO [50/750] 3e8d14a8-d092-4243-9b5d-427d52073949: checkpointed 77135 records.
2026-10-05T10:19:40Z INFO [51/750] 3e8d3d26-d8e2-4614-b618-eeaf8b992dad: 167 datasets; 121.9 s; peak memory 300 MiB.
2026-10-05T10:19:41Z INFO [52/750] 3e8d5cc4-08ba-42b9-b442-44be0607e722: 117 datasets; 0.8 s; peak memory 300 MiB.
2026-10-05T10:20:00Z INFO [53/750] 3e8e2d07-bac1-42bb-af2a-dd12d8bbe2d3: 48 datasets; 18.4 s; peak memory 300 MiB.
2026-10-05T10:20:10Z INFO [54/750] 3e8eb418-7373-4896-95d5-814d7764d364: 1862 datasets; 10.3 s; peak memory 300 MiB.
2026-10-05T10:20:11Z INFO [55/750] 3e8f197b-b684-4af0-9d69-88529b6ce95e: 66 datasets; 1.3 s; peak memory 300 MiB.
2026-10-05T10:20:12Z INFO [56/750] 3e8fc6fa-8829-411f-be5c-7c654487ed47: 84 datasets; 0.9 s; peak memory 300 MiB.
2026-10-05T10:20:13Z INFO [57/750] 3e9096e7-ac47-4d83-89e1-e5730ace9478: 117 datasets; 0.9 s; peak memory 300 MiB.
2026-10-05T10:20:14Z INFO [58/750] 3e909a5a-cf6d-4259-9fdb-34b2d18cedcf: 117 datasets; 0.7 s; peak memory 300 MiB.
2026-10-05T10:20:14Z INFO [59/750] 3e91c9c9-ead6-4e1b-adc2-e99537b59136: 48 datasets; 0.8 s; peak memory 300 MiB.
2026-10-05T10:20:16Z INFO [60/750] 3e92b031-c118-4c45-a775-67d07d41dd26: 110 datasets; 1.1 s; peak memory 300 MiB.
2026-10-05T10:20:16Z INFO [61/750] 3e932ee3-f6ca-4345-827b-b71fa93c0fa1: 117 datasets; 0.9 s; peak memory 300 MiB.
2026-10-05T10:20:17Z INFO [62/750] 3e9348db-c55b-41a9-8d6b-88e03eacc776: 46 datasets; 0.5 s; peak memory 300 MiB.
2026-10-05T10:20:18Z INFO [63/750] 3e93dcd7-4ef1-4a66-a55f-ca9dceadd04f: 117 datasets; 0.8 s; peak memory 300 MiB.
2026-10-05T10:20:19Z INFO [64/750] 3e93e16c-f0b9-4c9a-a0bc-b765c9ceed76: 112 datasets; 1.0 s; peak memory 300 MiB.
2026-10-05T10:20:19Z INFO [65/750] 3e93f409-1cd9-4b9e-9e27-f70c8faea131: 21 datasets; 0.5 s; peak memory 300 MiB.
2026-10-05T10:20:20Z INFO [66/750] 3e95b595-353e-41a2-a81a-5733f3eff0a9: 48 datasets; 0.8 s; peak memory 300 MiB.
2026-10-05T10:20:21Z INFO [67/750] 3e970526-e9a5-4318-bfcf-e33224c94dd0: 48 datasets; 0.7 s; peak memory 300 MiB.
2026-10-05T10:20:25Z INFO [68/750] 3e974302-1868-4fc4-aecd-12f796718e7a: 537 datasets; 4.3 s; peak memory 300 MiB.
2026-10-05T10:20:26Z INFO [69/750] 3e97ed9c-64a7-4333-a564-e0e1b9351e4d: 65 datasets; 0.8 s; peak memory 300 MiB.
2026-10-05T10:20:27Z INFO [70/750] 3e97f2a6-8d84-46c5-bf11-49adbadc4fa9: 114 datasets; 0.7 s; peak memory 300 MiB.
2026-10-05T10:20:29Z INFO [71/750] 3e97f90d-6a59-4495-a495-3644513a40d4: 428 datasets; 2.8 s; peak memory 300 MiB.
2026-10-05T10:20:30Z INFO [72/750] 3e984ed4-4947-412f-9fa7-539487edd6b1: 48 datasets; 0.9 s; peak memory 300 MiB.
2026-10-05T10:20:31Z INFO [73/750] 3e9904cf-50cc-4fca-b93b-04edda91d21a: 112 datasets; 1.1 s; peak memory 300 MiB.
2026-10-05T10:20:32Z INFO [74/750] 3e9940ef-5ea2-4360-a686-bb8471b2e878: 48 datasets; 0.8 s; peak memory 300 MiB.
2026-10-05T10:20:33Z INFO [75/750] 3e9953c7-414a-4bda-9f5a-7e50e05e287a: 48 datasets; 0.7 s; peak memory 300 MiB.
2026-10-05T10:20:35Z INFO [76/750] 3e9965b6-c8cb-46ad-8dcc-52209fb08aeb: 156 datasets; 2.1 s; peak memory 300 MiB.
2026-10-05T10:20:36Z INFO [77/750] 3e9a0e05-3003-440c-b787-6f91b3876b08: 117 datasets; 0.8 s; peak memory 300 MiB.
2026-10-05T10:20:36Z INFO [78/750] 3e9a62e6-1d8b-4c53-aa31-00e2001594a1: 57 datasets; 0.5 s; peak memory 300 MiB.
2026-10-05T10:20:39Z INFO [79/750] 3e9af483-8aa8-4e0d-beb1-98ca05aa92fd: 538 datasets; 3.0 s; peak memory 300 MiB.
2026-10-05T10:20:48Z INFO [80/750] 3e9c0ade-d3a2-4579-be04-9c71c690fbee: 835 datasets; 8.5 s; peak memory 300 MiB.
2026-10-05T10:20:49Z INFO [81/750] 3e9cb2b9-2922-4eea-b3c5-34d267100c3f: 99 datasets; 0.8 s; peak memory 300 MiB.
2026-10-05T10:20:50Z INFO [82/750] 3e9d19f6-dcc6-41b8-8c40-6e1c83730bf9: 66 datasets; 1.3 s; peak memory 300 MiB.
2026-10-05T10:20:54Z INFO [83/750] 3e9db21b-6346-44df-b4b3-13504ca2c3a0: 623 datasets; 4.6 s; peak memory 300 MiB.
2026-10-05T10:20:55Z INFO [84/750] 3e9ebbf7-bf87-44e9-8ce4-893d8a2f3ca7: 36 datasets; 0.6 s; peak memory 300 MiB.
2026-10-05T10:20:56Z INFO [85/750] 3e9ef173-e24d-45b3-ac72-38e9d8ffc17c: 92 datasets; 0.9 s; peak memory 300 MiB.
2026-10-05T10:20:57Z INFO [86/750] 3e9f6249-8fee-4c7d-8ade-c4f8f10cb589: 112 datasets; 1.0 s; peak memory 300 MiB.
2026-10-05T10:20:58Z INFO [87/750] 3e9ff216-2637-4f1b-8d48-0368e4bf0016: 52 datasets; 1.0 s; peak memory 300 MiB.
2026-10-05T10:20:59Z INFO [88/750] 3ea01e31-a1f6-4999-bca6-1442909167da: 112 datasets; 1.1 s; peak memory 300 MiB.
2026-10-05T10:21:00Z INFO [89/750] 3ea0211e-0d20-4f0c-b9a6-84ae3391e7fb: 39 datasets; 0.6 s; peak memory 300 MiB.
2026-10-05T10:21:01Z INFO [90/750] 3ea04ab4-f823-4f01-aa66-332243d98da9: 69 datasets; 1.2 s; peak memory 300 MiB.
2026-10-05T10:21:02Z INFO [91/750] 3ea05884-d287-4d80-aad0-d10aa2e6f39b: 48 datasets; 0.7 s; peak memory 300 MiB.
2026-10-05T10:21:03Z INFO [92/750] 3ea061fa-bca8-4d05-9c70-1dc81980af8e: 112 datasets; 1.0 s; peak memory 300 MiB.
2026-10-05T10:21:58Z INFO [93/750] 3ea090ce-ae2e-4e67-8f14-d95a50129975: 128 datasets; 55.0 s; peak memory 300 MiB.
2026-10-05T10:21:58Z INFO [94/750] 3ea09afb-ff56-4662-844f-355b9c83be67: 48 datasets; 0.8 s; peak memory 300 MiB.
2026-10-05T10:22:10Z INFO [95/750] 3ea0a270-b261-4542-a3c6-0c4ad9695734: 38 datasets; 12.1 s; peak memory 300 MiB.
2026-10-05T10:23:05Z INFO [96/750] 3ea12af5-5b21-48f9-8920-228592cce6f1: 130 datasets; 55.0 s; peak memory 300 MiB.
2026-10-05T10:23:25Z INFO [97/750] 3ea1a348-e7c5-45fc-96fa-212221d83ec6: 48 datasets; 19.1 s; peak memory 300 MiB.
2026-10-05T10:23:26Z INFO [98/750] 3ea299a4-5dfb-4586-8432-4e09b415c25c: 117 datasets; 1.0 s; peak memory 300 MiB.
2026-10-05T10:23:26Z INFO [99/750] 3ea3127c-58b6-4c11-bc78-796d1736da43: 52 datasets; 0.8 s; peak memory 300 MiB.
2026-10-05T10:23:27Z INFO [100/750] 3ea514bc-7c78-487b-95bb-0a3818452a78: 56 datasets; 0.6 s; peak memory 300 MiB.
2026-10-05T10:23:27Z INFO [100/750] 3ea514bc-7c78-487b-95bb-0a3818452a78: checkpointed 77185 records.
2026-10-05T10:23:28Z INFO [101/750] 3ea54d58-a291-4420-83b3-b689469621c9: 45 datasets; 1.1 s; peak memory 300 MiB.
2026-10-05T10:23:30Z INFO [102/750] 3ea5b9d7-402a-4f15-b9d9-27fa81d8350e: 115 datasets; 1.8 s; peak memory 300 MiB.
2026-10-05T10:23:31Z INFO [103/750] 3ea625bc-73f1-4d16-a3f4-b367dd187134: 275 datasets; 1.0 s; peak memory 300 MiB.
2026-10-05T10:23:32Z INFO [104/750] 3ea62cbd-4d28-4799-b86b-2329a0ece0aa: 46 datasets; 0.6 s; peak memory 300 MiB.
2026-10-05T10:23:33Z INFO [105/750] 3ea62f47-278a-402c-91a4-830d2647d1df: 112 datasets; 1.4 s; peak memory 300 MiB.
2026-10-05T10:23:34Z INFO [106/750] 3ea63182-21a3-4417-9535-8de5600aeada: 66 datasets; 1.0 s; peak memory 300 MiB.
2026-10-05T10:23:43Z INFO [107/750] 3ea7bfd0-95e2-47a1-9efe-a7fed6c51d94: 1115 datasets; 8.8 s; peak memory 300 MiB.
2026-10-05T10:23:44Z INFO [108/750] 3ea8030c-ffcb-46d3-ae19-089b9bd43b61: 117 datasets; 0.9 s; peak memory 300 MiB.
2026-10-05T10:23:45Z INFO [109/750] 3ea81edc-882e-4ad9-ae20-a2523be29df7: 53 datasets; 1.2 s; peak memory 300 MiB.
2026-10-05T10:23:46Z INFO [110/750] 3ea882c9-61b4-4bd8-8d4e-66cf7ddeacc3: 71 datasets; 1.4 s; peak memory 300 MiB.
2026-10-05T10:23:48Z INFO [111/750] 3ea887a7-2246-44a0-a5d2-dc25e244639b: 138 datasets; 1.5 s; peak memory 300 MiB.
2026-10-05T10:23:49Z INFO [112/750] 3ea9673b-8cdc-4637-9a6b-18787db3cb3b: 48 datasets; 0.9 s; peak memory 300 MiB.
2026-10-05T10:23:50Z INFO [113/750] 3ea99805-5485-43bb-9232-182392d0e7d7: 112 datasets; 1.0 s; peak memory 300 MiB.
2026-10-05T10:23:51Z INFO [114/750] 3ea9e5c0-7ee9-4863-ae90-53202f2ca6da: 48 datasets; 0.9 s; peak memory 300 MiB.
2026-10-05T10:23:51Z INFO [115/750] 3eaa0549-3abb-4563-969e-75aa3fa9f863: 50 datasets; 0.6 s; peak memory 300 MiB.
2026-10-05T10:23:52Z INFO [116/750] 3eaa15c9-b931-4b9c-ae52-ce72706af2f8: 112 datasets; 1.1 s; peak memory 300 MiB.
2026-10-05T10:23:54Z INFO [117/750] 3eaaf23e-75ad-45f9-9fbe-0a39be320e55: 143 datasets; 1.5 s; peak memory 300 MiB.
2026-10-05T10:23:55Z INFO [118/750] 3eac086a-21cf-461e-a131-6c2c5d24eb18: 52 datasets; 0.9 s; peak memory 300 MiB.
2026-10-05T10:23:56Z INFO [119/750] 3eac14f8-ab44-47d4-8267-fe2c91fecc09: 118 datasets; 0.9 s; peak memory 300 MiB.
2026-10-05T10:23:56Z INFO [120/750] 3eac82eb-d887-40de-8da1-2c6dac40d8d8: 38 datasets; 0.6 s; peak memory 300 MiB.
2026-10-05T10:23:57Z INFO [121/750] 3eaddd2d-43df-419a-954a-d52a558d4a0c: 112 datasets; 1.2 s; peak memory 300 MiB.
2026-10-05T10:23:58Z INFO [122/750] 3eae0975-cc16-4273-ac83-a2550b7824a9: 46 datasets; 0.8 s; peak memory 300 MiB.
2026-10-05T10:23:59Z INFO [123/750] 3eaea0a0-edc0-4d06-9546-66741a7ca6e3: 102 datasets; 1.2 s; peak memory 300 MiB.
2026-10-05T10:24:08Z INFO [124/750] 3eaf2c0c-8f1d-4c0c-9a64-bd772b057830: 1281 datasets; 8.1 s; peak memory 300 MiB.
2026-10-05T10:24:08Z INFO [125/750] 3eafeb02-5810-4681-ba80-5165037886a8: 33 datasets; 0.7 s; peak memory 300 MiB.
2026-10-05T10:24:11Z INFO [126/750] 3eb075ce-75c7-4f32-94f4-6747ff07724f: 53 datasets; 2.3 s; peak memory 300 MiB.
2026-10-05T10:24:12Z INFO [127/750] 3eb22ed8-b61f-42be-b69d-6b91c2e4a940: 114 datasets; 1.9 s; peak memory 300 MiB.
2026-10-05T10:26:09Z INFO [128/750] 3eb2879d-9c2f-4c86-a252-534554293ae2: 9295 datasets; 116.1 s; peak memory 412 MiB.
2026-10-05T10:26:09Z INFO [129/750] 3eb2c7cc-47f5-49a6-9f2b-19a2767bd8c8: 52 datasets; 0.6 s; peak memory 412 MiB.
2026-10-05T10:26:10Z INFO [130/750] 3eb4d054-20fd-4f69-a51d-97e1cc0d9f1a: 69 datasets; 0.9 s; peak memory 412 MiB.
2026-10-05T10:26:11Z INFO [131/750] 3eb60195-9830-4996-a2ac-b0aba634bbbd: 152 datasets; 1.4 s; peak memory 412 MiB.
2026-10-05T10:26:12Z INFO [132/750] 3eb6293a-07f3-4db4-b0af-4ef0c61b1997: 53 datasets; 0.7 s; peak memory 412 MiB.
2026-10-05T10:26:16Z INFO [133/750] 3eb6bb35-1f7a-4c1b-8653-3e3cf2d21910: 229 datasets; 3.5 s; peak memory 412 MiB.
2026-10-05T10:26:17Z INFO [134/750] 3eb7904a-3368-4180-8bba-9d5ef05ec593: 66 datasets; 1.5 s; peak memory 412 MiB.
2026-10-05T10:26:22Z INFO [135/750] 3eb80f89-e82d-4b46-9431-ad8aa8f04503: 521 datasets; 4.5 s; peak memory 412 MiB.
2026-10-05T10:26:53Z INFO [136/750] 3eb8ca74-c07c-44fe-b34a-32bd75abd967: 1042 datasets; 31.1 s; peak memory 412 MiB.
2026-10-05T10:26:54Z INFO [137/750] 3eb95cf9-4a5a-43c7-a4c3-73c4036579e1: 48 datasets; 0.8 s; peak memory 412 MiB.
2026-10-05T10:26:54Z INFO [138/750] 3eba357e-224e-4898-ac48-327442d1730c: 118 datasets; 0.8 s; peak memory 412 MiB.
2026-10-05T10:26:56Z INFO [139/750] 3eba70a2-7524-408a-af0c-0b14e8ada20e: 41 datasets; 1.6 s; peak memory 412 MiB.
2026-10-05T10:26:58Z INFO [140/750] 3eba886e-f48f-4959-9009-f87529d63f0e: 114 datasets; 1.8 s; peak memory 412 MiB.
2026-10-05T10:27:00Z INFO [141/750] 3ebad475-b37b-4bb0-a0aa-262dd284daa3: 38 datasets; 1.7 s; peak memory 412 MiB.
2026-10-05T10:27:00Z INFO [142/750] 3ebc07d9-0d3a-43d6-8cfd-301d5fd5d945: 45 datasets; 0.5 s; peak memory 412 MiB.
2026-10-05T10:27:01Z INFO [143/750] 3ebc9a5c-9e07-4666-9b94-20dbb0442410: 64 datasets; 1.0 s; peak memory 412 MiB.
2026-10-05T10:27:02Z INFO [144/750] 3ebcee95-3c86-44e0-ab67-ad9d5c9dafa0: 69 datasets; 1.2 s; peak memory 412 MiB.
2026-10-05T10:27:03Z INFO [145/750] 3ebd239c-8c93-4839-a15a-47c9f8fd2033: 48 datasets; 0.7 s; peak memory 412 MiB.
2026-10-05T10:27:04Z INFO [146/750] 3ebd7123-cbf7-4978-ab85-58a5c12e0d38: 116 datasets; 0.9 s; peak memory 412 MiB.
2026-10-05T10:27:06Z INFO [147/750] 3ebd849b-3d2d-49cd-b005-44d287e24f0b: 348 datasets; 2.4 s; peak memory 412 MiB.
2026-10-05T10:27:07Z INFO [148/750] 3ebd8d1f-8ae0-49a3-a8dd-084730ec5b0e: 62 datasets; 1.1 s; peak memory 412 MiB.
2026-10-05T10:27:09Z INFO [149/750] 3ebe15ac-8d63-4380-9fae-5ac22ae5fa1c: 57 datasets; 1.4 s; peak memory 412 MiB.
2026-10-05T10:27:09Z INFO [150/750] 3ebf45da-c6e9-4006-9a42-ebb5d58b7479: 39 datasets; 0.7 s; peak memory 412 MiB.
2026-10-05T10:27:09Z INFO [150/750] 3ebf45da-c6e9-4006-9a42-ebb5d58b7479: checkpointed 77235 records.
2026-10-05T10:27:11Z INFO [151/750] 3ebfba44-3ca1-48fc-9326-010d9007e129: 66 datasets; 1.1 s; peak memory 412 MiB.
2026-10-05T10:27:11Z INFO [152/750] 3ec07d2c-2506-43a5-b2ef-3108b2c124c4: 52 datasets; 0.8 s; peak memory 412 MiB.
2026-10-05T10:27:12Z INFO [153/750] 3ec0948b-73ea-4df7-b88e-8ae0f72c9ee1: 117 datasets; 0.9 s; peak memory 412 MiB.
2026-10-05T10:27:13Z INFO [154/750] 3ec0dfb3-db24-4ccb-a5dd-d5f11f540201: 112 datasets; 1.2 s; peak memory 412 MiB.
2026-10-05T10:27:14Z INFO [155/750] 3ec0f0fc-0ef9-4ec9-99d1-4475b7d9a91e: 110 datasets; 0.9 s; peak memory 412 MiB.
2026-10-05T10:27:16Z INFO [156/750] 3ec14728-6bcb-4468-bea0-c400a36800f3: 156 datasets; 1.9 s; peak memory 412 MiB.
2026-10-05T10:27:18Z INFO [157/750] 3ec1b1e5-5891-4662-8641-3d2774be834a: 115 datasets; 1.5 s; peak memory 412 MiB.
2026-10-05T10:27:18Z INFO [158/750] 3ec209a4-43c5-4c92-b3fc-7bd91db92a0f: 55 datasets; 0.5 s; peak memory 412 MiB.
2026-10-05T10:27:19Z INFO [159/750] 3ec2d773-c1e5-4cdb-826d-fc471acdcc6b: 102 datasets; 1.0 s; peak memory 412 MiB.
2026-10-05T10:27:25Z INFO [160/750] 3ec458cb-9f33-4a84-9e3e-2a170e4a5b7e: 384 datasets; 5.8 s; peak memory 412 MiB.
2026-10-05T10:27:26Z INFO [161/750] 3ec458d1-5795-4642-8544-41b9a6355580: 62 datasets; 1.0 s; peak memory 412 MiB.
2026-10-05T10:27:27Z INFO [162/750] 3ec4dc9c-7236-4afb-8609-7f055083bae9: 49 datasets; 1.0 s; peak memory 412 MiB.
2026-10-05T10:27:28Z INFO [163/750] 3ec54ddc-32b1-49c0-ba03-1055acb14cab: 48 datasets; 0.9 s; peak memory 412 MiB.
2026-10-05T10:27:29Z INFO [164/750] 3ec6d954-3ea5-4cd7-81e1-1d1825d1cf1f: 67 datasets; 1.0 s; peak memory 412 MiB.
2026-10-05T10:27:30Z INFO [165/750] 3ec82e4b-9839-49c8-907c-464b469b289f: 117 datasets; 0.9 s; peak memory 412 MiB.
2026-10-05T10:27:33Z INFO [166/750] 3ec87cd4-557d-439f-96e1-af10d74e4216: 484 datasets; 3.6 s; peak memory 412 MiB.
2026-10-05T10:27:38Z INFO [167/750] 3ec95871-d2c0-4303-a016-48df463841cc: 800 datasets; 4.3 s; peak memory 412 MiB.
2026-10-05T10:27:39Z INFO [168/750] 3eca490c-2463-4c89-8ac8-65a574278747: 118 datasets; 0.9 s; peak memory 412 MiB.
2026-10-05T10:27:43Z INFO [169/750] 3eca7396-937b-420e-863a-3275ccd77e2a: 633 datasets; 4.0 s; peak memory 412 MiB.
2026-10-05T10:27:43Z INFO [170/750] 3eca8e1e-18f6-4738-9ee3-96c02337eefe: 53 datasets; 0.7 s; peak memory 412 MiB.
2026-10-05T10:27:45Z INFO [171/750] 3eca9c85-24cd-4346-9671-c764380f0873: 138 datasets; 1.7 s; peak memory 412 MiB.
2026-10-05T10:27:46Z INFO [172/750] 3ecaf277-17a6-4a29-a3ab-5172a0eeeadb: 35 datasets; 0.6 s; peak memory 412 MiB.
2026-10-05T10:27:47Z INFO [173/750] 3ecb1953-a79f-4166-b5fc-51a151dbf0ec: 119 datasets; 1.3 s; peak memory 412 MiB.
2026-10-05T10:29:33Z INFO [174/750] 3ecc0777-188d-456f-9937-8d29ffbcf7d7: 449 datasets; 105.7 s; peak memory 412 MiB.
2026-10-05T10:29:34Z INFO [175/750] 3ecc96fb-0ceb-4975-988a-f5af568deec9: 33 datasets; 0.9 s; peak memory 412 MiB.
2026-10-05T10:29:35Z INFO [176/750] 3ecca1b3-0ecd-4faa-a502-3faa714c7a0b: 118 datasets; 0.9 s; peak memory 412 MiB.
2026-10-05T10:29:36Z INFO [177/750] 3ecd2af7-0e51-4c6d-adcd-c26f4135bcc1: 48 datasets; 1.1 s; peak memory 412 MiB.
2026-10-05T10:29:37Z INFO [178/750] 3ecdb92b-8817-4b53-8ac6-878237068a25: 48 datasets; 1.0 s; peak memory 412 MiB.
2026-10-05T10:29:50Z INFO [179/750] 3ece77e2-015f-4327-8380-3a4e1172fb78: 1234 datasets; 13.2 s; peak memory 412 MiB.
2026-10-05T10:29:51Z INFO [180/750] 3eceda2a-a7b3-43ba-94b4-87599f7b776d: 430 datasets; 1.3 s; peak memory 412 MiB.
2026-10-05T10:29:53Z INFO [181/750] 3ed009d6-6d4a-4f41-ac44-18717fb08911: 71 datasets; 1.5 s; peak memory 412 MiB.
2026-10-05T10:29:53Z INFO [182/750] 3ed041ca-2b06-4764-92cd-4bc53855e7ed: 48 datasets; 0.9 s; peak memory 412 MiB.
2026-10-05T10:29:54Z INFO [183/750] 3ed09cf0-34e1-4053-9d0f-023bf4722a5e: 48 datasets; 0.7 s; peak memory 412 MiB.
2026-10-05T10:29:57Z INFO [184/750] 3ed127ff-601c-4114-b0ab-f46151a4fcea: 538 datasets; 3.0 s; peak memory 412 MiB.
2026-10-05T10:31:43Z INFO [185/750] 3ed14291-3cc8-4498-822d-7a828a843904: 414 datasets; 105.6 s; peak memory 412 MiB.
2026-10-05T10:31:44Z INFO [186/750] 3ed17d1f-8777-4982-9fea-7716d8555319: 71 datasets; 1.3 s; peak memory 412 MiB.
2026-10-05T10:31:45Z INFO [187/750] 3ed2ad39-8f02-4dba-af95-cb25ce62cd54: 48 datasets; 0.8 s; peak memory 412 MiB.
2026-10-05T10:31:48Z INFO [188/750] 3ed2ca98-6545-4626-b4a2-3d2e1ec18856: 50 datasets; 2.8 s; peak memory 412 MiB.
2026-10-05T10:31:48Z INFO [189/750] 3ed321b3-307f-458e-9591-4d1ea0165e8d: 48 datasets; 0.7 s; peak memory 412 MiB.
2026-10-05T10:31:49Z INFO [190/750] 3ed34ea3-22f0-499a-b0c1-d01162c4f862: 48 datasets; 0.9 s; peak memory 412 MiB.
2026-10-05T10:31:50Z INFO [191/750] 3ed512e2-ab18-42fc-b23c-d043cff75591: 72 datasets; 0.8 s; peak memory 412 MiB.
2026-10-05T10:31:51Z INFO [192/750] 3ed51d89-095e-4daa-84c7-fb6f12998357: 48 datasets; 0.9 s; peak memory 412 MiB.
2026-10-05T10:31:56Z INFO [193/750] 3ed6da26-7462-47b4-8f63-81244f4502e3: 56 datasets; 5.1 s; peak memory 412 MiB.
2026-10-05T10:31:57Z INFO [194/750] 3ed6f14f-0758-4213-b992-da48eff73e90: 112 datasets; 1.0 s; peak memory 412 MiB.
2026-10-05T10:31:59Z INFO [195/750] 3ed737a8-9790-4be9-9779-9a99402fa020: 118 datasets; 1.6 s; peak memory 412 MiB.
2026-10-05T10:32:02Z INFO [196/750] 3ed7d26e-adae-40af-8105-f9f0c3491bcd: 538 datasets; 3.7 s; peak memory 412 MiB.
2026-10-05T10:32:03Z INFO [197/750] 3ed7fd6f-5cfc-4860-bf16-633e3202789f: 48 datasets; 0.8 s; peak memory 412 MiB.
2026-10-05T10:32:04Z INFO [198/750] 3ed85468-c020-4c48-821d-5794c990f06c: 44 datasets; 0.5 s; peak memory 412 MiB.
2026-10-05T10:32:05Z INFO [199/750] 3ed8d05e-98fc-4c39-9567-e2f38c4f6932: 49 datasets; 0.9 s; peak memory 412 MiB.
2026-10-05T10:33:10Z INFO [200/750] 3ed97390-5795-41df-8ee7-e76d5a174569: 77 datasets; 65.2 s; peak memory 412 MiB.
2026-10-05T10:33:10Z INFO [200/750] 3ed97390-5795-41df-8ee7-e76d5a174569: checkpointed 77285 records.
2026-10-05T10:33:11Z INFO [201/750] 3edb0e9b-5f8c-411e-86ab-cf6d6763d70c: 149 datasets; 1.1 s; peak memory 412 MiB.
2026-10-05T10:33:12Z INFO [202/750] 3edba4e5-51b5-48df-bed0-242287ed002c: 57 datasets; 0.8 s; peak memory 412 MiB.
2026-10-05T10:33:12Z INFO [203/750] 3edda483-24ba-4c66-84a4-57da5d6fe442: 46 datasets; 0.6 s; peak memory 412 MiB.
2026-10-05T10:33:14Z INFO [204/750] 3edde9bc-1d0e-4c8a-8b43-3908f73da11d: 115 datasets; 1.9 s; peak memory 412 MiB.
2026-10-05T10:33:19Z INFO [205/750] 3ede5ce6-eb0f-401f-8207-765fab6d01a5: 56 datasets; 4.9 s; peak memory 412 MiB.
2026-10-05T10:33:20Z INFO [206/750] 3edebd4f-18d3-4a40-8680-87ca38844cec: 46 datasets; 0.7 s; peak memory 412 MiB.
2026-10-05T10:33:21Z INFO [207/750] 3edfa6a2-b90b-4e2e-ad3d-2db674dd2ecb: 48 datasets; 0.8 s; peak memory 412 MiB.
2026-10-05T10:33:22Z INFO [208/750] 3ee1c0ff-196e-472d-bbca-08da1ce57666: 112 datasets; 1.1 s; peak memory 412 MiB.
2026-10-05T10:33:23Z INFO [209/750] 3ee1e2c3-1c35-4301-acfb-9349792cb8e9: 69 datasets; 1.0 s; peak memory 412 MiB.
2026-10-05T10:33:24Z INFO [210/750] 3ee1f190-c9cf-48f2-aa1b-c243258902d8: 117 datasets; 0.9 s; peak memory 412 MiB.
2026-10-05T10:33:24Z INFO [211/750] 3ee235a4-7554-4cff-b9d8-2aaf3fec4b1e: 48 datasets; 0.9 s; peak memory 412 MiB.
2026-10-05T10:33:40Z INFO [212/750] 3ee2e4d0-d3ab-4c71-87a9-7f3be48cf7c1: 280 datasets; 15.0 s; peak memory 412 MiB.
2026-10-05T10:33:40Z INFO [213/750] 3ee31228-fda0-4d58-9322-7c38b720fa11: 48 datasets; 0.7 s; peak memory 412 MiB.
2026-10-05T10:33:42Z INFO [214/750] 3ee372cd-5d0c-4c7c-8d7f-4db3fb208e0a: 114 datasets; 1.8 s; peak memory 412 MiB.
2026-10-05T10:33:43Z INFO [215/750] 3ee3ef56-dc04-4ec1-959f-fa46257cd607: 52 datasets; 0.8 s; peak memory 412 MiB.
2026-10-05T10:33:45Z INFO [216/750] 3ee42317-767d-4135-844a-96a8ec7ad56b: 133 datasets; 2.2 s; peak memory 412 MiB.
2026-10-05T10:33:46Z INFO [217/750] 3ee435c5-4c98-4631-8ecb-ad09cf01fba4: 51 datasets; 0.5 s; peak memory 412 MiB.
2026-10-05T10:33:47Z INFO [218/750] 3ee443cf-f41c-4fb0-a5c4-875f937dcecb: 110 datasets; 1.2 s; peak memory 412 MiB.
2026-10-05T10:33:52Z INFO [219/750] 3ee5119b-ca06-49c9-9bd6-3461a43ec130: 1053 datasets; 5.2 s; peak memory 412 MiB.
2026-10-05T10:33:53Z INFO [220/750] 3ee65e1c-4927-47ee-8a84-ae11f8704491: 79 datasets; 0.9 s; peak memory 412 MiB.
2026-10-05T10:33:54Z INFO [221/750] 3ee6d13e-63d9-4aca-8dd8-6105110ad0c3: 275 datasets; 0.9 s; peak memory 412 MiB.
2026-10-05T10:33:55Z INFO [222/750] 3ee79f93-7ae3-437f-aa23-0c77ae6f7631: 121 datasets; 1.0 s; peak memory 412 MiB.
2026-10-05T10:33:56Z INFO [223/750] 3ee809c4-e620-43f3-9032-553499afec23: 69 datasets; 1.2 s; peak memory 412 MiB.
2026-10-05T10:34:01Z INFO [224/750] 3ee854b0-fc29-4582-8109-e15b94e8420e: 56 datasets; 4.9 s; peak memory 412 MiB.
2026-10-05T10:34:02Z INFO [225/750] 3ee87796-2094-4d9e-b70e-5d49c9e81e21: 110 datasets; 1.1 s; peak memory 412 MiB.
2026-10-05T10:34:06Z INFO [226/750] 3ee9c6e9-8053-42eb-b9b9-d39648103c0a: 607 datasets; 4.1 s; peak memory 412 MiB.
2026-10-05T10:34:07Z INFO [227/750] 3eea83df-56a4-49a0-9d0d-6df717545716: 121 datasets; 0.8 s; peak memory 412 MiB.
2026-10-05T10:34:08Z INFO [228/750] 3eeabd5c-face-4eaf-8968-f6dbbf321e88: 112 datasets; 1.1 s; peak memory 412 MiB.
2026-10-05T10:34:09Z INFO [229/750] 3eeae5c0-9b63-42db-a96b-b59b0b2c5c02: 112 datasets; 1.0 s; peak memory 412 MiB.
2026-10-05T10:34:10Z INFO [230/750] 3eeaf84f-5312-4b37-b8fa-5a44808bc67f: 117 datasets; 0.9 s; peak memory 412 MiB.
2026-10-05T10:34:11Z INFO [231/750] 3eeb1b36-30a4-4d09-8398-bb9ba11772a4: 117 datasets; 0.9 s; peak memory 412 MiB.
2026-10-05T10:34:16Z INFO [232/750] 3eeb3025-62bc-4d5e-9be9-29e3d3e4e57c: 193 datasets; 5.1 s; peak memory 412 MiB.
2026-10-05T10:34:17Z INFO [233/750] 3eeb4087-03e0-4628-bf25-2a9ebb802e14: 110 datasets; 1.0 s; peak memory 412 MiB.
2026-10-05T10:34:18Z INFO [234/750] 3eec5b40-1299-4b31-bb79-9295a147f6d4: 38 datasets; 0.7 s; peak memory 412 MiB.
2026-10-05T10:34:18Z INFO [235/750] 3eecbcb9-2559-4468-bcdb-13221509108b: 117 datasets; 0.7 s; peak memory 412 MiB.
2026-10-05T10:34:26Z INFO [236/750] 3eef37a7-de37-482e-a914-158ad5e11e7f: 747 datasets; 7.2 s; peak memory 412 MiB.
2026-10-05T10:34:27Z INFO [237/750] 3eef9a84-db15-4826-965f-65d2a9bdc7d5: 62 datasets; 1.3 s; peak memory 412 MiB.
2026-10-05T10:34:27Z INFO [238/750] 3eefddf6-4237-4e94-83d9-fc27ee0c5048: 33 datasets; 0.5 s; peak memory 412 MiB.
2026-10-05T10:34:28Z INFO [239/750] 3ef03c9e-7c7e-4850-970f-125e0c914785: 46 datasets; 0.5 s; peak memory 412 MiB.
2026-10-05T10:34:29Z INFO [240/750] 3ef11c01-cc44-4700-8c2e-2b4af8c2b7c8: 48 datasets; 0.8 s; peak memory 412 MiB.
2026-10-05T10:34:29Z INFO [241/750] 3ef1bae1-d239-488f-b1ad-dff2cf1778d0: 56 datasets; 0.5 s; peak memory 412 MiB.
2026-10-05T10:34:30Z INFO [242/750] 3ef1caea-1a45-4d73-b8e0-e992130c0024: 275 datasets; 1.1 s; peak memory 412 MiB.
2026-10-05T10:36:42Z INFO [243/750] 3ef24920-df4d-44cd-b230-742dae52c754: 99 datasets; 131.3 s; peak memory 1288 MiB.
2026-10-05T10:36:43Z INFO [244/750] 3ef29715-cdb9-4a09-b798-30a51ea09ea7: 71 datasets; 1.2 s; peak memory 1288 MiB.
2026-10-05T10:36:44Z INFO [245/750] 3ef346df-ad98-4344-bc58-f572972f1610: 93 datasets; 1.1 s; peak memory 1288 MiB.
2026-10-05T10:36:45Z INFO [246/750] 3ef860bd-bb59-4caf-bffc-c34965034b8d: 97 datasets; 0.8 s; peak memory 1288 MiB.
2026-10-05T10:36:46Z INFO [247/750] 3ef8f09c-c9db-45ba-918c-b832f877426e: 121 datasets; 0.8 s; peak memory 1288 MiB.
2026-10-05T10:36:47Z INFO [248/750] 3ef9dff2-90a1-45b7-85aa-a4b5f0cf060a: 112 datasets; 1.1 s; peak memory 1288 MiB.
2026-10-05T10:36:48Z INFO [249/750] 3efd1f4f-3ca9-4d70-bcf6-c810353a0d9a: 158 datasets; 1.0 s; peak memory 1288 MiB.
2026-10-05T10:36:49Z INFO [250/750] 3efd7ea4-9e9b-478f-bd5c-5594d369f505: 101 datasets; 1.1 s; peak memory 1288 MiB.
2026-10-05T10:36:49Z INFO [250/750] 3efd7ea4-9e9b-478f-bd5c-5594d369f505: checkpointed 77335 records.
2026-10-05T10:36:49Z INFO [251/750] 3efef937-5e8a-43f9-9e84-4754397da976: 56 datasets; 0.5 s; peak memory 1288 MiB.
2026-10-05T10:36:50Z INFO [252/750] 3eff57c7-707b-4e80-aa15-66831f337a0a: 48 datasets; 0.7 s; peak memory 1288 MiB.
2026-10-05T10:36:51Z INFO [253/750] 3effa91f-a00c-4ec8-b6bc-4d000b8c0154: 112 datasets; 1.1 s; peak memory 1288 MiB.
2026-10-05T10:36:53Z INFO [254/750] 3f005f4a-793e-417f-ad8f-72af676c6346: 116 datasets; 1.6 s; peak memory 1288 MiB.
2026-10-05T10:36:54Z INFO [255/750] 3f00dbfb-25b9-4464-aaaa-e3becc4f1aa8: 118 datasets; 0.9 s; peak memory 1288 MiB.
2026-10-05T10:36:55Z INFO [256/750] 3f010e2a-77c1-403a-b870-6915adad9406: 48 datasets; 0.9 s; peak memory 1288 MiB.
2026-10-05T10:36:56Z INFO [257/750] 3f0166a8-1dac-44d6-8125-5b15eefc2587: 48 datasets; 1.0 s; peak memory 1288 MiB.
2026-10-05T10:36:57Z INFO [258/750] 3f017c00-27be-40b2-928b-5796dcb389cc: 155 datasets; 1.4 s; peak memory 1288 MiB.
2026-10-05T10:36:58Z INFO [259/750] 3f019937-5458-4248-b715-8ff3a6b6ec9f: 58 datasets; 0.5 s; peak memory 1288 MiB.
2026-10-05T10:36:59Z INFO [260/750] 3f01dd87-41e2-4431-a781-b6eba69b7dbe: 62 datasets; 1.1 s; peak memory 1288 MiB.
2026-10-05T10:37:01Z INFO [261/750] 3f037a81-83ad-4e36-ac43-204f21f67b44: 38 datasets; 1.9 s; peak memory 1288 MiB.
2026-10-05T10:37:01Z INFO [262/750] 3f045c2e-d9da-4778-9ed0-b4267017ff6c: 46 datasets; 0.6 s; peak memory 1288 MiB.
2026-10-05T10:37:02Z INFO [263/750] 3f04cd67-2805-486d-ab48-ddb9722a7a2e: 48 datasets; 0.8 s; peak memory 1288 MiB.
2026-10-05T10:37:03Z INFO [264/750] 3f05759c-18de-4e88-bfc9-cebf1f0f0e32: 48 datasets; 1.0 s; peak memory 1288 MiB.
2026-10-05T10:37:04Z INFO [265/750] 3f064586-2103-4c31-abb9-ec48662eb667: 118 datasets; 0.9 s; peak memory 1288 MiB.
2026-10-05T10:37:14Z INFO [266/750] 3f065ae0-6839-4574-be9f-ab1a4fe4c1dc: 81 datasets; 10.5 s; peak memory 1288 MiB.
2026-10-05T10:37:15Z INFO [267/750] 3f06b7d0-f46c-42a5-afac-61d960306b51: 112 datasets; 1.0 s; peak memory 1288 MiB.
2026-10-05T10:37:16Z INFO [268/750] 3f06c56f-4e82-4bee-875c-e454f074e0bf: 116 datasets; 0.9 s; peak memory 1288 MiB.
2026-10-05T10:37:17Z INFO [269/750] 3f070dc0-d865-4e0e-ac68-4fd128641286: 48 datasets; 0.8 s; peak memory 1288 MiB.
2026-10-05T10:37:18Z INFO [270/750] 3f074c09-fae9-42b4-ac45-7e78107c27d8: 46 datasets; 0.5 s; peak memory 1288 MiB.
2026-10-05T10:37:19Z INFO [271/750] 3f07917a-060e-483e-9886-a22a4b57502d: 51 datasets; 1.1 s; peak memory 1288 MiB.
2026-10-05T10:37:19Z INFO [272/750] 3f086cc1-62f0-4dd5-bb92-918a3785118a: 45 datasets; 0.5 s; peak memory 1288 MiB.
2026-10-05T10:37:20Z INFO [273/750] 3f098368-dc3b-448e-8d02-8754f7e5fdb5: 45 datasets; 0.8 s; peak memory 1288 MiB.
2026-10-05T10:37:22Z INFO [274/750] 3f09f5c5-43c5-4831-ad65-54bbdb21e859: 170 datasets; 1.9 s; peak memory 1288 MiB.
2026-10-05T10:37:26Z INFO [275/750] 3f0abe23-9ebf-43d5-95a0-158677a12e1d: 196 datasets; 3.9 s; peak memory 1288 MiB.
2026-10-05T10:37:27Z INFO [276/750] 3f0bf930-322b-4e3e-9922-aa6faab60712: 116 datasets; 1.1 s; peak memory 1288 MiB.
2026-10-05T10:37:33Z INFO [277/750] 3f0bfcc8-71ee-4c38-ab8d-e4634db52ed3: 846 datasets; 5.7 s; peak memory 1288 MiB.
2026-10-05T10:37:34Z INFO [278/750] 3f0c2c7d-a35b-4a16-a944-7b1d7f5de81e: 118 datasets; 0.9 s; peak memory 1288 MiB.
2026-10-05T10:37:34Z INFO [279/750] 3f0cfa5c-0942-48f3-8365-42c0712ebc37: 56 datasets; 0.5 s; peak memory 1288 MiB.
2026-10-05T10:37:35Z INFO [280/750] 3f0d28b3-da53-4d38-91ed-c3905021c536: 69 datasets; 1.1 s; peak memory 1288 MiB.
2026-10-05T10:39:38Z INFO [281/750] 3f0d3495-3d64-4fbe-bc84-77a7b77839ce: 260 datasets; 122.4 s; peak memory 1288 MiB.
2026-10-05T10:39:41Z INFO [282/750] 3f0d761d-5bb7-4a3e-aa3f-39942fdf1f3d: 465 datasets; 3.1 s; peak memory 1288 MiB.
2026-10-05T10:39:42Z INFO [283/750] 3f0d7621-52a0-435a-aa93-65be6454a290: 168 datasets; 1.7 s; peak memory 1288 MiB.
2026-10-05T10:40:02Z INFO [284/750] 3f0e7bca-4ab5-4def-a270-f12d931c0c41: 48 datasets; 19.4 s; peak memory 1288 MiB.
2026-10-05T10:40:02Z INFO [285/750] 3f0e8b3a-d911-4405-93ed-72e3cdf60c05: 33 datasets; 0.5 s; peak memory 1288 MiB.
2026-10-05T10:40:03Z INFO [286/750] 3f0efe5d-7b09-4a98-ab2a-91740d7dcdb4: 48 datasets; 0.8 s; peak memory 1288 MiB.
2026-10-05T10:40:04Z INFO [287/750] 3f0fcb73-edb5-47e7-b872-a4a59600c537: 112 datasets; 1.1 s; peak memory 1288 MiB.
2026-10-05T10:40:06Z INFO [288/750] 3f10bb30-2843-4cca-83b6-969297c7ae4f: 71 datasets; 1.8 s; peak memory 1288 MiB.
2026-10-05T10:40:12Z INFO [289/750] 3f117c66-f953-4c71-939d-b5305334746b: 11477 datasets; 5.9 s; peak memory 1288 MiB.
2026-10-05T10:40:19Z INFO [290/750] 3f1306ca-3bfd-4ec9-8d55-8ad2e9b0269e: 225 datasets; 7.5 s; peak memory 1288 MiB.
2026-10-05T10:40:20Z INFO [291/750] 3f13f7b1-a51a-48b9-885e-d2a3b8902dd1: 117 datasets; 0.9 s; peak memory 1288 MiB.
2026-10-05T10:40:21Z INFO [292/750] 3f140ec8-f9db-409f-a647-5985c92e62f6: 110 datasets; 1.4 s; peak memory 1288 MiB.
2026-10-05T10:40:26Z INFO [293/750] 3f14d603-209a-4ca5-bb4d-9d92ec6d5030: 200 datasets; 4.8 s; peak memory 1288 MiB.
2026-10-05T10:40:27Z INFO [294/750] 3f14f9af-4624-4493-8d46-ba20ed83efc2: 48 datasets; 0.8 s; peak memory 1288 MiB.
2026-10-05T10:40:28Z INFO [295/750] 3f161649-7a47-48d3-aab5-99d2cf954fab: 84 datasets; 0.8 s; peak memory 1288 MiB.
2026-10-05T10:40:29Z INFO [296/750] 3f162d7c-1a2f-4f47-a926-36e30821eeea: 112 datasets; 1.2 s; peak memory 1288 MiB.
2026-10-05T10:40:33Z INFO [297/750] 3f163cd7-3a1e-46dd-990b-21bcdc26567f: 107 datasets; 3.5 s; peak memory 1288 MiB.
2026-10-05T10:41:02Z INFO [298/750] 3f16e637-1225-42e6-9f59-fc1bbf9aaacd: 895 datasets; 29.1 s; peak memory 1288 MiB.
2026-10-05T10:41:02Z INFO [299/750] 3f17f6f5-cb4b-4e12-a395-2063fa08357f: 46 datasets; 0.5 s; peak memory 1288 MiB.
2026-10-05T10:41:08Z INFO [300/750] 3f185d01-0c1a-455c-87e1-ca97b570df1b: 855 datasets; 6.2 s; peak memory 1288 MiB.
2026-10-05T10:41:09Z INFO [300/750] 3f185d01-0c1a-455c-87e1-ca97b570df1b: checkpointed 77385 records.
2026-10-05T10:41:10Z INFO [301/750] 3f18b2bc-ee53-491f-a384-b0b487f82ede: 112 datasets; 1.2 s; peak memory 1288 MiB.
2026-10-05T10:41:17Z INFO [302/750] 3f18e33f-1bcb-48d3-9b78-8519e50c1a25: 49 datasets; 7.5 s; peak memory 1288 MiB.
2026-10-05T10:41:23Z INFO [303/750] 3f18ec4c-6dbb-435c-80d0-ee2a8cd6521c: 196 datasets; 5.3 s; peak memory 1288 MiB.
2026-10-05T10:41:24Z INFO [304/750] 3f191405-9bea-48d0-9ebb-1bd3211d24a1: 92 datasets; 0.9 s; peak memory 1288 MiB.
2026-10-05T10:41:32Z INFO [305/750] 3f19b2b2-dde4-4f0b-bf3a-f9fee007c367: 5489 datasets; 8.7 s; peak memory 1288 MiB.
2026-10-05T10:41:40Z INFO [306/750] 3f19bca0-3a9b-4a0f-b927-3445e16828f3: 1164 datasets; 7.7 s; peak memory 1288 MiB.
2026-10-05T10:41:41Z INFO [307/750] 3f1af0bd-62a2-4406-8ce3-9c6465e885fc: 67 datasets; 1.2 s; peak memory 1288 MiB.
2026-10-05T10:41:49Z INFO [308/750] 3f1b3653-b84d-4730-8cd4-afd683037636: 988 datasets; 7.5 s; peak memory 1288 MiB.
2026-10-05T10:41:49Z INFO [309/750] 3f1b9e70-9afc-4d82-b378-d39e67c2ed7e: 48 datasets; 0.9 s; peak memory 1288 MiB.
2026-10-05T10:41:50Z INFO [310/750] 3f1bbe92-5cb0-4ac0-8989-6938b49f6041: 46 datasets; 0.8 s; peak memory 1288 MiB.
2026-10-05T10:41:53Z INFO [311/750] 3f1cb9ac-9022-4ee6-9067-a0ec57645856: 90 datasets; 2.3 s; peak memory 1288 MiB.
2026-10-05T10:41:53Z INFO [312/750] 3f1cdc44-6058-4128-ade5-0af61ae09408: 117 datasets; 0.9 s; peak memory 1288 MiB.
2026-10-05T10:41:55Z INFO [313/750] 3f1ce467-18bf-4445-8598-709f74045979: 66 datasets; 1.2 s; peak memory 1288 MiB.
2026-10-05T10:41:58Z INFO [314/750] 3f1dbb45-bc17-408d-9dc3-be9446d89a95: 538 datasets; 3.5 s; peak memory 1288 MiB.
2026-10-05T10:42:00Z INFO [315/750] 3f1e0c05-3b74-4dff-a999-f48aae27c056: 90 datasets; 1.9 s; peak memory 1288 MiB.
2026-10-05T10:42:02Z INFO [316/750] 3f1e60b0-0d58-4291-9a58-47f0b36a7e71: 89 datasets; 2.0 s; peak memory 1288 MiB.
2026-10-05T10:42:03Z INFO [317/750] 3f1e7bd7-d73d-404e-b3d0-aebbd216532d: 42 datasets; 0.7 s; peak memory 1288 MiB.
2026-10-05T10:42:04Z INFO [318/750] 3f1e7db3-81b0-4968-b7c7-4924e22adacc: 71 datasets; 1.1 s; peak memory 1288 MiB.
2026-10-05T10:42:05Z INFO [319/750] 3f208125-fabe-47ff-9e6e-cc44c7cc63cf: 62 datasets; 0.6 s; peak memory 1288 MiB.
2026-10-05T10:42:05Z INFO [320/750] 3f209a48-9cd8-4424-baa9-5f37c598f003: 49 datasets; 0.8 s; peak memory 1288 MiB.
2026-10-05T10:42:09Z INFO [321/750] 3f20f655-a981-4809-9e0f-6760348ff7cd: 229 datasets; 3.6 s; peak memory 1288 MiB.
2026-10-05T10:42:10Z INFO [322/750] 3f210137-c40f-4803-8122-644e2e2005f2: 48 datasets; 1.0 s; peak memory 1288 MiB.
2026-10-05T10:42:11Z INFO [323/750] 3f212d96-9173-405c-8bb1-2b363e82715d: 109 datasets; 1.0 s; peak memory 1288 MiB.
2026-10-05T10:45:40Z INFO [324/750] 3f2134ec-ab8c-4d79-95d2-445b55e0eb6a: 472 datasets; 208.5 s; peak memory 1288 MiB.
2026-10-05T10:45:41Z INFO [325/750] 3f221fe5-4284-42ab-9e8b-7d1e70ea2d27: 116 datasets; 1.0 s; peak memory 1288 MiB.
2026-10-05T10:45:41Z INFO [326/750] 3f2232f9-5095-476f-a210-87ef56aa17bb: 48 datasets; 0.8 s; peak memory 1288 MiB.
2026-10-05T10:45:43Z INFO [327/750] 3f228e96-1b5f-4d8c-ad2f-db9757a44c7f: 156 datasets; 2.1 s; peak memory 1288 MiB.
2026-10-05T10:45:44Z INFO [328/750] 3f233c3c-48db-4254-b1fa-3f3c2f830c04: 48 datasets; 0.8 s; peak memory 1288 MiB.
2026-10-05T10:45:49Z INFO [329/750] 3f247f5d-a674-4a78-8577-59f4dced44de: 547 datasets; 5.1 s; peak memory 1288 MiB.
2026-10-05T10:45:52Z INFO [330/750] 3f258e38-7a5d-4e91-9dbc-8d92d081d4ea: 485 datasets; 2.6 s; peak memory 1288 MiB.
2026-10-05T10:46:01Z INFO [331/750] 3f26bc60-70a8-4433-b660-8aad89a46269: 1096 datasets; 8.8 s; peak memory 1288 MiB.
2026-10-05T10:46:02Z INFO [332/750] 3f2798e4-d887-4ee9-bd99-65043156cb3d: 101 datasets; 1.3 s; peak memory 1288 MiB.
2026-10-05T10:46:03Z INFO [333/750] 3f27adfb-38be-4adc-b84c-878b4413f659: 48 datasets; 0.8 s; peak memory 1288 MiB.
2026-10-05T10:46:07Z INFO [334/750] 3f2883f5-dde5-45b4-831c-af0876a4429f: 534 datasets; 4.2 s; peak memory 1288 MiB.
2026-10-05T10:46:26Z INFO [335/750] 3f295d3e-9b8b-4915-8a4f-e91fdcf6a081: 48 datasets; 18.8 s; peak memory 1288 MiB.
2026-10-05T10:46:29Z INFO [336/750] 3f2b522d-8023-4a15-8624-4af94cee84a6: 174 datasets; 3.8 s; peak memory 1288 MiB.
2026-10-05T10:46:30Z INFO [337/750] 3f2b55b4-4521-4a53-bfbb-05531d040589: 48 datasets; 0.8 s; peak memory 1288 MiB.
2026-10-05T10:46:31Z INFO [338/750] 3f2e7008-507b-49c2-beda-9a81c8068438: 66 datasets; 1.0 s; peak memory 1288 MiB.
2026-10-05T10:46:32Z INFO [339/750] 3f2fa5a2-501e-4ab7-84b2-826636545109: 110 datasets; 1.1 s; peak memory 1288 MiB.
2026-10-05T10:46:34Z INFO [340/750] 3f2fcbbc-ebf5-4d62-80e0-510b17088994: 138 datasets; 1.8 s; peak memory 1288 MiB.
2026-10-05T10:46:35Z INFO [341/750] 3f2fd7d9-98a1-4db5-a7da-6a4412a61660: 62 datasets; 1.1 s; peak memory 1288 MiB.
2026-10-05T10:46:36Z INFO [342/750] 3f306d0f-1a83-4e8e-9bb7-15e640beb886: 64 datasets; 1.0 s; peak memory 1288 MiB.
2026-10-05T10:46:38Z INFO [343/750] 3f32058e-0b57-47cd-aee3-fb43c86f6749: 38 datasets; 1.5 s; peak memory 1288 MiB.
2026-10-05T10:46:39Z INFO [344/750] 3f32058f-cfd9-40af-9bb5-25c1f0ea0f21: 66 datasets; 1.3 s; peak memory 1288 MiB.
2026-10-05T10:46:39Z INFO [345/750] 3f329f85-8e86-4694-abe2-6a9a87cdba31: 46 datasets; 0.6 s; peak memory 1288 MiB.
2026-10-05T10:46:48Z INFO [346/750] 3f32f2f5-3f8d-43ba-a725-3f2f5203221b: 892 datasets; 8.3 s; peak memory 1288 MiB.
2026-10-05T10:46:54Z INFO [347/750] 3f330a5c-aa80-467e-9581-e2e1b46807cb: 371 datasets; 6.0 s; peak memory 1288 MiB.
2026-10-05T10:46:54Z INFO [348/750] 3f331b76-d20b-4e80-b223-c18d14709872: 56 datasets; 0.6 s; peak memory 1288 MiB.
2026-10-05T10:46:55Z INFO [349/750] 3f336034-bf77-4b22-babd-d38823767ea6: 48 datasets; 0.7 s; peak memory 1288 MiB.
2026-10-05T10:47:01Z INFO [350/750] 3f34b32d-b179-4800-89e7-88208644e69a: 391 datasets; 5.6 s; peak memory 1288 MiB.
2026-10-05T10:47:01Z INFO [350/750] 3f34b32d-b179-4800-89e7-88208644e69a: checkpointed 77435 records.
2026-10-05T10:47:02Z INFO [351/750] 3f356b2b-bfc6-4619-86de-405165bd804d: 48 datasets; 0.8 s; peak memory 1288 MiB.
2026-10-05T10:47:03Z INFO [352/750] 3f35a6f3-a12f-4c13-9253-e064c189059a: 112 datasets; 1.0 s; peak memory 1288 MiB.
2026-10-05T10:47:03Z INFO [353/750] 3f35ced4-d80a-4fff-841e-3357fc34a66b: 117 datasets; 0.9 s; peak memory 1288 MiB.
2026-10-05T10:47:05Z INFO [354/750] 3f364b1b-20e2-4966-8162-efcc359080e8: 38 datasets; 1.6 s; peak memory 1288 MiB.
2026-10-05T10:47:06Z INFO [355/750] 3f371ba1-8727-49f8-be24-f041e2079119: 50 datasets; 0.7 s; peak memory 1288 MiB.
2026-10-05T10:47:07Z INFO [356/750] 3f376046-ac96-43d3-b78f-bb55b8d1b9af: 117 datasets; 1.0 s; peak memory 1288 MiB.
2026-10-05T10:47:08Z INFO [357/750] 3f377635-486e-4b06-bbbf-e2e6ff91eb35: 69 datasets; 1.0 s; peak memory 1288 MiB.
2026-10-05T10:47:09Z INFO [358/750] 3f38ce75-7bd5-4c2e-a8ff-0996a7300a65: 48 datasets; 0.8 s; peak memory 1288 MiB.
2026-10-05T10:47:09Z INFO [359/750] 3f39a558-fa72-4bf2-9b83-683c6b3dc842: 66 datasets; 0.7 s; peak memory 1288 MiB.
2026-10-05T10:47:15Z INFO [360/750] 3f39f678-b380-4cad-a767-2db597c7a0d3: 861 datasets; 5.5 s; peak memory 1288 MiB.
2026-10-05T10:47:16Z INFO [361/750] 3f3ad28c-a994-410c-b1d4-70bfe0fcc53f: 117 datasets; 0.8 s; peak memory 1288 MiB.
2026-10-05T10:47:17Z INFO [362/750] 3f3b09ce-7c88-4ff5-807e-b70cfbd50e9b: 71 datasets; 1.0 s; peak memory 1288 MiB.
2026-10-05T10:47:20Z INFO [363/750] 3f3b3217-6b4e-4dfe-9c3c-51ca448a0bc7: 524 datasets; 3.5 s; peak memory 1288 MiB.
2026-10-05T10:47:21Z INFO [364/750] 3f3c0a40-78a3-4c1e-90c3-4f825563f3fb: 110 datasets; 0.8 s; peak memory 1288 MiB.
2026-10-05T10:47:29Z INFO [365/750] 3f3c545f-fe1b-4dc3-ad2e-935d2df157ce: 807 datasets; 7.8 s; peak memory 1288 MiB.
2026-10-05T10:47:30Z INFO [366/750] 3f3e07d6-597f-4d2a-8674-424fae7b192e: 69 datasets; 1.0 s; peak memory 1288 MiB.
2026-10-05T10:47:30Z INFO [367/750] 3f3e4b48-35f9-4023-a76b-b0047938d110: 48 datasets; 0.6 s; peak memory 1288 MiB.
2026-10-05T10:47:31Z INFO [368/750] 3f3eee3b-eb0f-4ce0-996e-6ed78c527d22: 112 datasets; 0.9 s; peak memory 1288 MiB.
2026-10-05T10:47:32Z INFO [369/750] 3f40466f-ecaf-41e0-bf9b-74e5559df851: 48 datasets; 0.7 s; peak memory 1288 MiB.
2026-10-05T10:47:33Z INFO [370/750] 3f415689-1764-4473-9080-160cd5f36951: 48 datasets; 0.9 s; peak memory 1288 MiB.
2026-10-05T10:48:35Z INFO [371/750] 3f417e86-49cf-413e-acee-56fb19db95f6: 58 datasets; 62.3 s; peak memory 1288 MiB.
2026-10-05T10:48:36Z INFO [372/750] 3f41a40c-7c5d-48a0-afe3-40758b2df207: 124 datasets; 1.0 s; peak memory 1288 MiB.
2026-10-05T10:48:37Z INFO [373/750] 3f41c661-dad4-4c97-bd17-a4748adfcac6: 38 datasets; 1.4 s; peak memory 1288 MiB.
2026-10-05T10:48:39Z INFO [374/750] 3f423e4b-cecc-45d8-a1b5-3361121f1660: 112 datasets; 1.1 s; peak memory 1288 MiB.
2026-10-05T10:48:40Z INFO [375/750] 3f42b9be-4e8e-4aea-8f19-1b6bb78fd61d: 69 datasets; 1.3 s; peak memory 1288 MiB.
2026-10-05T10:48:41Z INFO [376/750] 3f42d282-bd78-4e36-82a2-6dcc6894933b: 84 datasets; 0.9 s; peak memory 1288 MiB.
2026-10-05T10:48:41Z INFO [377/750] 3f4364fc-c932-4d9d-95e3-70870386eead: 46 datasets; 0.5 s; peak memory 1288 MiB.
2026-10-05T10:48:42Z INFO [378/750] 3f439e0d-1879-440b-a4c2-020d1d4865ff: 117 datasets; 0.8 s; peak memory 1288 MiB.
2026-10-05T10:48:43Z INFO [379/750] 3f43cf16-c9db-4073-95fb-9cc7e662d713: 41 datasets; 0.6 s; peak memory 1288 MiB.
2026-10-05T10:48:44Z INFO [380/750] 3f442ac6-7d18-4f16-a8ab-49ddef28b4f9: 69 datasets; 1.0 s; peak memory 1288 MiB.
2026-10-05T10:48:44Z INFO [381/750] 3f44a803-7c3a-4f74-9243-3c6a7d49f9e7: 48 datasets; 0.7 s; peak memory 1288 MiB.
2026-10-05T10:48:45Z INFO [382/750] 3f44b6f5-b056-451a-a7ef-25ae2909c237: 52 datasets; 0.9 s; peak memory 1288 MiB.
2026-10-05T10:48:46Z INFO [383/750] 3f44f55c-4907-4fc5-a6b8-a10481bffd62: 289 datasets; 0.9 s; peak memory 1288 MiB.
2026-10-05T10:48:46Z INFO [384/750] 3f450e69-bc38-4da0-80cf-7af61dbc4872: 46 datasets; 0.5 s; peak memory 1288 MiB.
2026-10-05T10:48:47Z INFO [385/750] 3f455be3-ea4f-4c5e-8826-0f867c522adb: 112 datasets; 0.9 s; peak memory 1288 MiB.
2026-10-05T10:48:58Z INFO [386/750] 3f45db4b-83b6-4416-826a-ef1030c86e2b: 429 datasets; 11.0 s; peak memory 1288 MiB.
2026-10-05T10:49:02Z INFO [387/750] 3f47227d-4739-493a-a7dd-91ede85fffbb: 155 datasets; 3.1 s; peak memory 1288 MiB.
2026-10-05T10:49:02Z INFO [388/750] 3f4734b1-14fb-4e1a-896f-888771d41318: 119 datasets; 0.7 s; peak memory 1288 MiB.
2026-10-05T10:49:03Z INFO [389/750] 3f479699-6379-44df-9ee0-3479bdcff993: 117 datasets; 0.9 s; peak memory 1288 MiB.
2026-10-05T10:49:04Z INFO [390/750] 3f47a697-7ed4-491a-8cda-37225e86936c: 52 datasets; 0.8 s; peak memory 1288 MiB.
2026-10-05T10:49:05Z INFO [391/750] 3f47b4a5-502d-4bf5-8618-a3450d338901: 48 datasets; 0.7 s; peak memory 1288 MiB.
2026-10-05T10:49:06Z INFO [392/750] 3f48bd88-7ca6-4d79-b383-c64ed159e06d: 112 datasets; 1.0 s; peak memory 1288 MiB.
2026-10-05T10:49:15Z INFO [393/750] 3f48c20e-c746-4748-8a71-704316f44bc7: 835 datasets; 9.2 s; peak memory 1288 MiB.
2026-10-05T10:49:16Z INFO [394/750] 3f491dd6-7a0c-4552-b718-a24ddc5bc29c: 112 datasets; 1.0 s; peak memory 1288 MiB.
2026-10-05T10:49:20Z INFO [395/750] 3f49266c-d2d4-4033-8b99-4cf4f0fb646f: 196 datasets; 4.5 s; peak memory 1288 MiB.
2026-10-05T10:49:21Z INFO [396/750] 3f49554a-a5bb-4ae2-80b4-c33299ba6a7b: 49 datasets; 1.1 s; peak memory 1288 MiB.
2026-10-05T10:49:22Z INFO [397/750] 3f49adf3-a657-4323-a938-713cb50e99fa: 52 datasets; 0.8 s; peak memory 1288 MiB.
2026-10-05T10:49:23Z INFO [398/750] 3f49d1ed-fa20-472b-9d1a-ff9b26995944: 41 datasets; 0.7 s; peak memory 1288 MiB.
2026-10-05T10:49:24Z INFO [399/750] 3f49d660-7642-414d-b363-153849110115: 118 datasets; 1.4 s; peak memory 1288 MiB.
2026-10-05T10:49:25Z INFO [400/750] 3f4aaf1e-22a2-4b4c-a01b-a8e4e6cfac3e: 48 datasets; 0.9 s; peak memory 1288 MiB.
2026-10-05T10:49:25Z INFO [400/750] 3f4aaf1e-22a2-4b4c-a01b-a8e4e6cfac3e: checkpointed 77485 records.
2026-10-05T10:49:26Z INFO [401/750] 3f4ac16f-837c-4f70-8efa-b028273bed64: 48 datasets; 0.7 s; peak memory 1288 MiB.
2026-10-05T10:49:27Z INFO [402/750] 3f4c8ad9-6cd1-401d-a949-dea0811608e4: 51 datasets; 0.6 s; peak memory 1288 MiB.
2026-10-05T10:49:27Z INFO [403/750] 3f4cd382-aa38-4bf0-89c8-68af4eed5216: 48 datasets; 0.8 s; peak memory 1288 MiB.
2026-10-05T10:49:31Z INFO [404/750] 3f4d3053-c3df-45c0-85f1-816054997643: 465 datasets; 3.7 s; peak memory 1288 MiB.
2026-10-05T10:49:32Z INFO [405/750] 3f4d3795-e48b-429e-951f-91f3f3ba077f: 48 datasets; 0.8 s; peak memory 1288 MiB.
2026-10-05T10:50:16Z INFO [406/750] 3f4e2819-6359-4610-be64-106d8d20948d: 5488 datasets; 44.5 s; peak memory 1288 MiB.
2026-10-05T10:50:17Z INFO [407/750] 3f4e8807-3783-4075-a933-0dcab78c18f0: 48 datasets; 0.8 s; peak memory 1288 MiB.
2026-10-05T10:50:20Z INFO [408/750] 3f4f63e5-0b75-4134-bd62-a68ae032f4b0: 48 datasets; 2.3 s; peak memory 1288 MiB.
2026-10-05T10:50:20Z INFO [409/750] 3f506a48-496b-43c3-b42c-a4b5534f3927: 48 datasets; 0.7 s; peak memory 1288 MiB.
2026-10-05T10:50:21Z INFO [410/750] 3f513e0d-3d65-40f9-9d7d-e648c5ad829f: 51 datasets; 1.1 s; peak memory 1288 MiB.
2026-10-05T10:50:22Z INFO [411/750] 3f520ad7-b81a-4182-8005-a38723c28115: 117 datasets; 0.8 s; peak memory 1288 MiB.
2026-10-05T10:50:27Z INFO [412/750] 3f52f157-b2b8-4f8d-a3a1-5dc9199dd420: 257 datasets; 4.7 s; peak memory 1288 MiB.
2026-10-05T10:50:28Z INFO [413/750] 3f53c31b-0126-4aaf-b3a8-d3fcb264de77: 117 datasets; 0.9 s; peak memory 1288 MiB.
2026-10-05T10:50:29Z INFO [414/750] 3f54200f-23cd-4cf6-afa6-42a92db5d466: 112 datasets; 0.9 s; peak memory 1288 MiB.
2026-10-05T10:50:29Z INFO [415/750] 3f5425ce-fbfe-4b1e-9e7a-54efcd71fc6c: 112 datasets; 0.7 s; peak memory 1288 MiB.
2026-10-05T10:50:30Z INFO [416/750] 3f559418-fe13-4603-891a-7bc24c5a6b22: 66 datasets; 0.9 s; peak memory 1288 MiB.
2026-10-05T10:50:31Z INFO [417/750] 3f55bf06-7eb1-4550-98ae-cd91796a3949: 112 datasets; 0.9 s; peak memory 1288 MiB.
2026-10-05T10:54:18Z INFO [418/750] 3f567df9-b6b8-4157-9187-6655c682e9df: 283 datasets; 227.2 s; peak memory 1288 MiB.
2026-10-05T10:54:19Z INFO [419/750] 3f575c0a-ab64-47a3-aa4c-dd6d85aa9b40: 48 datasets; 0.8 s; peak memory 1288 MiB.
2026-10-05T10:54:20Z INFO [420/750] 3f57fe55-24a4-447f-a816-b000120c57e6: 52 datasets; 0.5 s; peak memory 1288 MiB.
2026-10-05T10:54:21Z INFO [421/750] 3f58c6b7-585e-45d1-aa3f-509a90a4aab6: 117 datasets; 0.9 s; peak memory 1288 MiB.
2026-10-05T10:54:24Z INFO [422/750] 3f592f28-c986-42bb-b084-41df88c2a8ae: 229 datasets; 3.4 s; peak memory 1288 MiB.
2026-10-05T10:54:26Z INFO [423/750] 3f59413d-e187-4e63-bfad-77bbbad29b7f: 71 datasets; 1.4 s; peak memory 1288 MiB.
2026-10-05T10:54:27Z INFO [424/750] 3f594924-42f8-4391-8bde-a20911e99d4e: 62 datasets; 1.1 s; peak memory 1288 MiB.
2026-10-05T10:54:28Z INFO [425/750] 3f59bdce-55dd-4c9d-803b-47e6d41d68dd: 48 datasets; 0.9 s; peak memory 1288 MiB.
2026-10-05T10:54:33Z INFO [426/750] 3f59ebc4-ff16-40f3-a7b2-775781d0472e: 658 datasets; 5.9 s; peak memory 1288 MiB.
2026-10-05T10:54:35Z INFO [427/750] 3f5bfced-311f-46b6-8dcc-7785a0c8753e: 152 datasets; 1.3 s; peak memory 1288 MiB.
2026-10-05T10:54:35Z INFO [428/750] 3f5c274a-1df5-4734-8340-c5ea261b0b78: 117 datasets; 0.8 s; peak memory 1288 MiB.
2026-10-05T10:54:36Z INFO [429/750] 3f5cb855-450d-4ad4-aa23-d8e3b8bca755: 57 datasets; 0.6 s; peak memory 1288 MiB.
2026-10-05T10:55:40Z INFO [430/750] 3f5d0394-2465-4586-a6e4-632f4985b7f6: 58 datasets; 64.1 s; peak memory 1288 MiB.
2026-10-05T10:55:41Z INFO [431/750] 3f5de459-8033-4f61-893d-4866e49c5d51: 48 datasets; 0.9 s; peak memory 1288 MiB.
2026-10-05T10:55:42Z INFO [432/750] 3f5e521d-8018-4858-b9e3-c779db2beb05: 33 datasets; 0.8 s; peak memory 1288 MiB.
2026-10-05T10:55:43Z INFO [433/750] 3f5e67be-692c-43f1-84dd-1f5029514c4b: 69 datasets; 0.8 s; peak memory 1288 MiB.
2026-10-05T10:55:44Z INFO [434/750] 3f5e713e-e6da-4efd-a7a0-e53fda29e3c3: 118 datasets; 0.9 s; peak memory 1288 MiB.
2026-10-05T10:55:45Z INFO [435/750] 3f5eb7c2-621e-4c15-b705-a8f45556e8a1: 71 datasets; 1.0 s; peak memory 1288 MiB.
2026-10-05T10:55:45Z INFO [436/750] 3f602bef-7689-4f56-b1d1-eb6e6c89f6f1: 46 datasets; 0.7 s; peak memory 1288 MiB.
2026-10-05T10:55:52Z INFO [437/750] 3f60be41-8a24-42cf-9a4c-6aa10fcda5db: 854 datasets; 6.5 s; peak memory 1288 MiB.
2026-10-05T10:55:55Z INFO [438/750] 3f610823-ed76-4fbd-8cc9-46a5bcc7ebbb: 464 datasets; 2.6 s; peak memory 1288 MiB.
2026-10-05T10:55:55Z INFO [439/750] 3f6290b5-6344-4b68-b1df-f6b1b0136315: 48 datasets; 0.9 s; peak memory 1288 MiB.
2026-10-05T10:55:56Z INFO [440/750] 3f629867-a13f-4a1d-b4e7-8c00cb9ebd3d: 71 datasets; 1.1 s; peak memory 1288 MiB.
2026-10-05T10:55:57Z INFO [441/750] 3f631026-ada6-4397-bf69-7cfa40a89728: 118 datasets; 0.9 s; peak memory 1288 MiB.
2026-10-05T10:55:58Z INFO [442/750] 3f63d2d8-d973-4179-a55e-22be47ff3d17: 58 datasets; 0.6 s; peak memory 1288 MiB.
2026-10-05T10:55:59Z INFO [443/750] 3f657ef0-ab58-4d71-b367-d73103fee35e: 48 datasets; 0.7 s; peak memory 1288 MiB.
2026-10-05T10:56:07Z INFO [444/750] 3f66006c-2baf-4b42-aa40-b4a2eb77ac2c: 1217 datasets; 8.7 s; peak memory 1288 MiB.
2026-10-05T10:57:57Z INFO [445/750] 3f6621ac-364d-43aa-b456-d786a229f802: 241 datasets; 109.4 s; peak memory 1288 MiB.
2026-10-05T10:57:59Z INFO [446/750] 3f6635c6-083f-49ef-95f6-d195d643b1d7: 101 datasets; 2.2 s; peak memory 1288 MiB.
2026-10-05T10:58:00Z INFO [447/750] 3f668912-e114-4511-9892-0ea57c061e0d: 230 datasets; 1.1 s; peak memory 1288 MiB.
2026-10-05T10:58:02Z INFO [448/750] 3f66fc61-183f-48b3-a1be-f91a8724a97d: 90 datasets; 1.8 s; peak memory 1288 MiB.
2026-10-05T10:58:03Z INFO [449/750] 3f673a97-1ac3-47cc-a4af-d21528c67613: 70 datasets; 1.0 s; peak memory 1288 MiB.
2026-10-05T10:58:13Z INFO [450/750] 3f6833e5-f5f1-40ab-943b-37c336be0808: 44 datasets; 10.0 s; peak memory 1288 MiB.
2026-10-05T10:58:13Z INFO [450/750] 3f6833e5-f5f1-40ab-943b-37c336be0808: checkpointed 77535 records.
2026-10-05T10:58:15Z INFO [451/750] 3f68b95b-899a-4a81-b4ab-caea7eb2a43e: 71 datasets; 1.7 s; peak memory 1288 MiB.
2026-10-05T10:58:16Z INFO [452/750] 3f68d150-d78a-471d-ac7a-350a1b21021a: 112 datasets; 1.3 s; peak memory 1288 MiB.
2026-10-05T10:58:22Z INFO [453/750] 3f6a103f-6cc6-49b8-b171-bcecbb7d900d: 1053 datasets; 5.5 s; peak memory 1288 MiB.
2026-10-05T10:58:23Z INFO [454/750] 3f6a5dcb-f6e5-47d8-869e-d170ccba27b6: 71 datasets; 1.1 s; peak memory 1288 MiB.
2026-10-05T10:58:25Z INFO [455/750] 3f6a9f17-28a3-4aa9-9a52-f4cf7c9848dc: 114 datasets; 1.9 s; peak memory 1288 MiB.
2026-10-05T10:58:25Z INFO [456/750] 3f6b2e4a-d3ef-4915-b601-9c461e8e2897: 116 datasets; 0.9 s; peak memory 1288 MiB.
2026-10-05T10:58:29Z INFO [457/750] 3f6b7a4c-d905-456d-b08d-9bce0f4d80b3: 738 datasets; 4.0 s; peak memory 1288 MiB.
2026-10-05T10:58:40Z INFO [458/750] 3f6bb7c7-9964-469d-a2f6-813808e42330: 5681 datasets; 10.6 s; peak memory 1288 MiB.
2026-10-05T10:58:41Z INFO [459/750] 3f6d55f3-0869-468b-8372-4bff06177928: 117 datasets; 0.9 s; peak memory 1288 MiB.
2026-10-05T10:58:42Z INFO [460/750] 3f6d7012-6f4c-419b-9139-5a518b24bec0: 65 datasets; 0.8 s; peak memory 1288 MiB.
2026-10-05T10:58:45Z INFO [461/750] 3f6d7a44-038f-468f-b6a4-eb929a7f986b: 479 datasets; 2.9 s; peak memory 1288 MiB.
2026-10-05T10:58:46Z INFO [462/750] 3f6e543b-600e-42c0-9d35-9105731c8c0c: 118 datasets; 0.9 s; peak memory 1288 MiB.
2026-10-05T10:58:49Z INFO [463/750] 3f6e615d-2dee-4553-a185-902a99c40f7c: 184 datasets; 3.2 s; peak memory 1288 MiB.
2026-10-05T10:58:50Z INFO [464/750] 3f6f0a27-e651-4037-8de2-97d17c1cbb7e: 39 datasets; 1.0 s; peak memory 1288 MiB.
2026-10-05T10:58:51Z INFO [465/750] 3f6fff33-d883-43f0-a7d6-a997209abaa2: 46 datasets; 0.9 s; peak memory 1288 MiB.
2026-10-05T10:58:52Z INFO [466/750] 3f70685c-a967-4af8-81cb-24df56c03db5: 112 datasets; 1.1 s; peak memory 1288 MiB.
2026-10-05T10:58:53Z INFO [467/750] 3f70a38e-1929-4a8e-92e5-8e2aaa416c77: 68 datasets; 1.4 s; peak memory 1288 MiB.
2026-10-05T10:58:54Z INFO [468/750] 3f71480d-0ade-4f41-8c86-85855ed311cf: 117 datasets; 0.9 s; peak memory 1288 MiB.
2026-10-05T10:58:55Z INFO [469/750] 3f7180cc-7340-4296-8adc-2edbd91945a2: 118 datasets; 0.8 s; peak memory 1288 MiB.
2026-10-05T10:58:56Z INFO [470/750] 3f71a0b3-68f8-47dd-afe8-8973eb24269e: 114 datasets; 0.6 s; peak memory 1288 MiB.
2026-10-05T10:58:57Z INFO [471/750] 3f732027-ba50-4b1f-992e-e1a925f1e8a0: 186 datasets; 1.6 s; peak memory 1288 MiB.
2026-10-05T10:59:07Z INFO [472/750] 3f736eb1-2049-41a5-959e-be04c459a4ed: 49 datasets; 9.6 s; peak memory 1288 MiB.
2026-10-05T10:59:07Z INFO [473/750] 3f741e63-c815-451d-9f4a-8a8a0b48c564: 48 datasets; 0.7 s; peak memory 1288 MiB.
2026-10-05T10:59:08Z INFO [474/750] 3f743426-65ae-4474-b56a-8cc26f77861a: 117 datasets; 0.8 s; peak memory 1288 MiB.
2026-10-05T10:59:09Z INFO [475/750] 3f766342-203e-4fbc-a559-5f104a930c1d: 69 datasets; 1.2 s; peak memory 1288 MiB.
2026-10-05T10:59:10Z INFO [476/750] 3f767ae5-1824-42b7-8060-a2ada5330753: 78 datasets; 0.9 s; peak memory 1288 MiB.
2026-10-05T10:59:14Z INFO [477/750] 3f76a9bf-06ce-4450-b662-653cf134ff40: 57 datasets; 3.3 s; peak memory 1288 MiB.
2026-10-05T10:59:17Z INFO [478/750] 3f7712f6-d06e-40c8-a69c-165b5061e29f: 223 datasets; 3.5 s; peak memory 1288 MiB.
2026-10-05T10:59:18Z INFO [479/750] 3f776c6d-6d0d-459b-a26c-12a1b9ac6f7a: 48 datasets; 0.9 s; peak memory 1288 MiB.
2026-10-05T10:59:19Z INFO [480/750] 3f78070c-c65f-4f5f-a014-a1225df6c535: 62 datasets; 1.0 s; peak memory 1288 MiB.
2026-10-05T10:59:20Z INFO [481/750] 3f78b50d-2f44-4028-ac7a-ef00a8b19fba: 124 datasets; 1.1 s; peak memory 1288 MiB.
2026-10-05T10:59:26Z INFO [482/750] 3f78e88e-02d1-4ba8-ac54-17da3004f98a: 82 datasets; 5.8 s; peak memory 1288 MiB.
2026-10-05T10:59:34Z INFO [483/750] 3f7988b3-84e9-4ba6-91fa-6382179e381c: 871 datasets; 8.2 s; peak memory 1288 MiB.
2026-10-05T10:59:35Z INFO [484/750] 3f7aa65c-4352-4411-8d1e-69563af331fc: 48 datasets; 0.8 s; peak memory 1288 MiB.
2026-10-05T10:59:36Z INFO [485/750] 3f7aedcc-2b54-4517-b43a-0b719818ff9c: 48 datasets; 0.9 s; peak memory 1288 MiB.
2026-10-05T10:59:37Z INFO [486/750] 3f7b88c1-90c5-41d1-b322-49b7b8195a70: 118 datasets; 0.7 s; peak memory 1288 MiB.
2026-10-05T10:59:37Z INFO [487/750] 3f7bc427-8cd6-4d18-85d9-4af6f0fdeb3a: 117 datasets; 0.8 s; peak memory 1288 MiB.
2026-10-05T10:59:38Z INFO [488/750] 3f7bf0c9-0975-41d2-8cc1-70309fc3cfb7: 55 datasets; 0.6 s; peak memory 1288 MiB.
2026-10-05T10:59:39Z INFO [489/750] 3f7bf29a-0e4f-49b8-a4f8-ac58a5f848ab: 64 datasets; 1.2 s; peak memory 1288 MiB.
2026-10-05T10:59:40Z INFO [490/750] 3f7c1000-2d24-43ee-bd0d-4532ea08ed7e: 112 datasets; 1.0 s; peak memory 1288 MiB.
2026-10-05T11:00:24Z INFO [491/750] 3f7d77e0-17ef-441b-8bec-182c11478de3: 2878 datasets; 44.0 s; peak memory 1288 MiB.
2026-10-05T11:03:59Z INFO [492/750] 3f7da8e9-8284-4983-86f5-5c82e93d1640: 436 datasets; 214.3 s; peak memory 1288 MiB.
2026-10-05T11:04:02Z INFO [493/750] 3f7db5c9-e069-4cf9-8f9a-61815a8df850: 371 datasets; 2.9 s; peak memory 1288 MiB.
2026-10-05T11:04:02Z INFO [494/750] 3f7eda3f-bd48-4484-903d-9f2d9d914d60: 117 datasets; 0.8 s; peak memory 1288 MiB.
2026-10-05T11:04:03Z INFO [495/750] 3f7eecde-32ce-4fcb-8229-922c7a20e041: 289 datasets; 1.1 s; peak memory 1288 MiB.
2026-10-05T11:04:04Z INFO [496/750] 3f7f0874-8466-48aa-bead-eb753ff6e3c6: 52 datasets; 0.8 s; peak memory 1288 MiB.
2026-10-05T11:04:08Z INFO [497/750] 3f7fb5a7-1e5d-4a3c-bb4a-389e03a4ee92: 106 datasets; 3.6 s; peak memory 1288 MiB.
2026-10-05T11:04:09Z INFO [498/750] 3f7ff3c5-7f25-4254-a11b-f3f4cb4490c0: 52 datasets; 0.8 s; peak memory 1288 MiB.
2026-10-05T11:04:11Z INFO [499/750] 3f806e20-46a4-4415-9ab9-e82f1d1389c6: 138 datasets; 1.9 s; peak memory 1288 MiB.
2026-10-05T11:04:12Z INFO [500/750] 3f80c32c-5230-4d49-b285-9c4167cd6e73: 62 datasets; 1.4 s; peak memory 1288 MiB.
2026-10-05T11:04:12Z INFO [500/750] 3f80c32c-5230-4d49-b285-9c4167cd6e73: checkpointed 77585 records.
2026-10-05T11:04:16Z INFO [501/750] 3f80fd0e-d05f-4191-b961-414a771cedf2: 509 datasets; 3.7 s; peak memory 1288 MiB.
2026-10-05T11:04:17Z INFO [502/750] 3f816952-f066-4a2a-af76-30657f620c67: 38 datasets; 1.5 s; peak memory 1288 MiB.
2026-10-05T11:04:18Z INFO [503/750] 3f82519b-5cc9-4aca-b589-1fd7ce6943bb: 109 datasets; 0.9 s; peak memory 1288 MiB.
2026-10-05T11:04:19Z INFO [504/750] 3f8383b8-8028-4c1f-bd67-a977d6295373: 71 datasets; 1.3 s; peak memory 1288 MiB.
2026-10-05T11:04:20Z INFO [505/750] 3f868e51-cb5e-4a7f-a29f-b218be494371: 46 datasets; 0.7 s; peak memory 1288 MiB.
2026-10-05T11:04:21Z INFO [506/750] 3f868ffe-77ea-4db6-8610-f843cd4cc631: 117 datasets; 0.8 s; peak memory 1288 MiB.
2026-10-05T11:04:22Z INFO [507/750] 3f86b236-438a-42f5-89f4-687a3d342018: 81 datasets; 1.1 s; peak memory 1288 MiB.
2026-10-05T11:04:23Z INFO [508/750] 3f872a56-880e-4895-be4b-515e638c9c8b: 52 datasets; 0.8 s; peak memory 1288 MiB.
2026-10-05T11:06:11Z INFO [509/750] 3f874bc6-613d-4e33-853d-b24e2a8b11fd: 280 datasets; 107.8 s; peak memory 1288 MiB.
2026-10-05T11:06:13Z INFO [510/750] 3f881859-4941-4fe3-9ddb-ab439ba425e4: 119 datasets; 2.1 s; peak memory 1288 MiB.
2026-10-05T11:06:22Z INFO [511/750] 3f8996b0-bcb3-40c1-9bdc-9f55d2c94a66: 781 datasets; 9.1 s; peak memory 1288 MiB.
2026-10-05T11:06:23Z INFO [512/750] 3f89c118-e426-4aaf-94fc-83a062bddeeb: 112 datasets; 1.2 s; peak memory 1288 MiB.
2026-10-05T11:06:24Z INFO [513/750] 3f89ef6b-c106-4c8b-812d-97f6bbecb602: 116 datasets; 1.0 s; peak memory 1288 MiB.
2026-10-05T11:06:25Z INFO [514/750] 3f8a9aa5-2ad7-4cc7-bed2-4aae93a3f5f4: 84 datasets; 0.9 s; peak memory 1288 MiB.
2026-10-05T11:06:26Z INFO [515/750] 3f8b51b5-4d4a-476c-a37e-474064623098: 48 datasets; 0.9 s; peak memory 1288 MiB.
2026-10-05T11:06:27Z INFO [516/750] 3f8bbf33-7f8e-482a-8219-c39fd3711630: 54 datasets; 0.8 s; peak memory 1288 MiB.
2026-10-05T11:06:27Z INFO [517/750] 3f8c1a28-723b-4b7a-8edd-b6e2f46d6702: 48 datasets; 0.6 s; peak memory 1288 MiB.
2026-10-05T11:06:28Z INFO [518/750] 3f8cdcf9-ea2c-4112-86f2-616faec9d46a: 71 datasets; 1.0 s; peak memory 1288 MiB.
2026-10-05T11:06:29Z INFO [519/750] 3f8d097b-7404-4665-88a1-d05c153bb435: 117 datasets; 0.9 s; peak memory 1288 MiB.
2026-10-05T11:06:30Z INFO [520/750] 3f8ed64e-76d4-4800-9806-7bc591e373d6: 48 datasets; 0.9 s; peak memory 1288 MiB.
2026-10-05T11:06:35Z INFO [521/750] 3f8f2460-d20b-474a-b3e1-c96a4ab94608: 79 datasets; 5.1 s; peak memory 1288 MiB.
2026-10-05T11:06:36Z INFO [522/750] 3f8f24f0-771b-439e-b04a-0fb4dafbe325: 48 datasets; 0.8 s; peak memory 1288 MiB.
2026-10-05T11:06:38Z INFO [523/750] 3f8fb487-76ca-469f-89f3-a3af1ea5ad5f: 116 datasets; 2.0 s; peak memory 1288 MiB.
2026-10-05T11:06:39Z INFO [524/750] 3f8fe793-7d19-4296-af76-7ae96970cca6: 48 datasets; 0.8 s; peak memory 1288 MiB.
2026-10-05T11:06:40Z INFO [525/750] 3f900fa2-f050-46d8-8a2a-03d6eecdac5c: 98 datasets; 1.6 s; peak memory 1288 MiB.
2026-10-05T11:06:41Z INFO [526/750] 3f90b8af-1ee7-4055-bd08-793d5f43df85: 48 datasets; 0.8 s; peak memory 1288 MiB.
2026-10-05T11:06:43Z INFO [527/750] 3f90de78-7170-4a5c-8808-8c236cda1706: 68 datasets; 1.5 s; peak memory 1288 MiB.
2026-10-05T11:06:44Z INFO [528/750] 3f910f90-b691-4574-808b-7745d2e065c0: 45 datasets; 0.9 s; peak memory 1288 MiB.
2026-10-05T11:06:44Z INFO [529/750] 3f913c3d-70c2-4f0b-8cb8-42f748764574: 52 datasets; 0.8 s; peak memory 1288 MiB.
2026-10-05T11:06:45Z INFO [530/750] 3f916e21-24eb-4819-9126-6cd44b72113f: 48 datasets; 0.7 s; peak memory 1288 MiB.
2026-10-05T11:06:46Z INFO [531/750] 3f91af8c-5ff9-4814-bebb-8ea047576709: 48 datasets; 0.8 s; peak memory 1288 MiB.
2026-10-05T11:06:47Z INFO [532/750] 3f91d0f3-4482-40d1-a46f-2f6cecb2cee6: 116 datasets; 0.8 s; peak memory 1288 MiB.
2026-10-05T11:06:49Z INFO [533/750] 3f91e8f6-561b-4ad3-a2b3-cab7a0918d2d: 104 datasets; 2.0 s; peak memory 1288 MiB.
2026-10-05T11:10:16Z INFO [534/750] 3f924fa1-fcd1-4056-a3ad-21050f9921f0: 417 datasets; 207.3 s; peak memory 1288 MiB.
2026-10-05T11:10:17Z INFO [535/750] 3f934b84-8beb-4a22-a0ca-272f53b13b26: 131 datasets; 1.2 s; peak memory 1288 MiB.
2026-10-05T11:10:18Z INFO [536/750] 3f94341c-ac53-461e-9544-5d75d14f9faa: 112 datasets; 1.1 s; peak memory 1288 MiB.
2026-10-05T11:10:20Z INFO [537/750] 3f946446-b769-44d9-ac99-f4e0c2ec397f: 76 datasets; 1.5 s; peak memory 1288 MiB.
2026-10-05T11:10:25Z INFO [538/750] 3f956d0c-5dce-46a7-b39c-d0eb29beecdf: 208 datasets; 4.9 s; peak memory 1288 MiB.
2026-10-05T11:10:25Z INFO [539/750] 3f957f23-7917-4d57-b027-b49a14bdbde0: 84 datasets; 0.9 s; peak memory 1288 MiB.
2026-10-05T11:10:26Z INFO [540/750] 3f96101d-188d-4ac7-9795-c2ee403882ed: 68 datasets; 0.8 s; peak memory 1288 MiB.
2026-10-05T11:10:27Z INFO [541/750] 3f965f30-b029-42a4-939c-30ecbf8dc6d4: 37 datasets; 0.6 s; peak memory 1288 MiB.
2026-10-05T11:10:34Z INFO [542/750] 3f96672a-d57e-4bb1-842d-19c31cbdc3a4: 108 datasets; 6.7 s; peak memory 1288 MiB.
2026-10-05T11:10:34Z INFO [543/750] 3f966849-34c5-4aa0-a093-cab489dae16c: 117 datasets; 0.8 s; peak memory 1288 MiB.
2026-10-05T11:10:35Z INFO [544/750] 3f96766a-305d-4e40-a23b-198ee7d74e9b: 66 datasets; 0.9 s; peak memory 1288 MiB.
2026-10-05T11:10:37Z INFO [545/750] 3f971502-9f3a-4f4e-876c-a0efdc229481: 115 datasets; 2.0 s; peak memory 1288 MiB.
2026-10-05T11:10:38Z INFO [546/750] 3f976c9e-68cc-4a99-9a0f-11c5084c99e3: 117 datasets; 1.0 s; peak memory 1288 MiB.
2026-10-05T11:10:39Z INFO [547/750] 3f984f39-0d4e-4cbd-a9df-18657a28934e: 72 datasets; 0.8 s; peak memory 1288 MiB.
2026-10-05T11:10:40Z INFO [548/750] 3f988838-9f77-4c42-a7a1-528b8d9af011: 52 datasets; 0.9 s; peak memory 1288 MiB.
2026-10-05T11:10:41Z INFO [549/750] 3f988918-9e59-4d86-bf24-9102bf9a6d08: 46 datasets; 0.4 s; peak memory 1288 MiB.
2026-10-05T11:10:42Z INFO [550/750] 3f997f9d-98c9-431d-b33c-1dec20a1ce6a: 69 datasets; 1.0 s; peak memory 1288 MiB.
2026-10-05T11:10:42Z INFO [550/750] 3f997f9d-98c9-431d-b33c-1dec20a1ce6a: checkpointed 77635 records.
2026-10-05T11:10:43Z INFO [551/750] 3f99e756-3bdf-4c0b-9ad7-f747ccfde75b: 170 datasets; 0.9 s; peak memory 1288 MiB.
2026-10-05T11:13:07Z INFO [552/750] 3f9a10a5-f32b-488e-85cc-8c239abb734a: 12141 datasets; 144.1 s; peak memory 1288 MiB.
2026-10-05T11:13:07Z INFO [553/750] 3f9a3e6c-ceea-4d97-a01d-4d77814a9e34: 57 datasets; 0.7 s; peak memory 1288 MiB.
2026-10-05T11:13:12Z INFO [554/750] 3f9b2b16-1007-477f-9e3e-5b865d24d400: 655 datasets; 4.1 s; peak memory 1288 MiB.
2026-10-05T11:13:18Z INFO [555/750] 3f9b7cf3-6775-4657-9473-57e7fa4d752c: 11485 datasets; 7.0 s; peak memory 1288 MiB.
2026-10-05T11:13:19Z INFO [556/750] 3f9b7ec1-d3cd-4d13-ba37-0289d007bef2: 84 datasets; 0.7 s; peak memory 1288 MiB.
2026-10-05T11:13:20Z INFO [557/750] 3f9b9a7f-87ad-406b-88f0-0b9a3ce68f36: 131 datasets; 1.0 s; peak memory 1288 MiB.
2026-10-05T11:13:21Z INFO [558/750] 3f9bd4f0-b2e8-4177-b820-789bbbf589ef: 117 datasets; 0.8 s; peak memory 1288 MiB.
2026-10-05T11:13:22Z INFO [559/750] 3f9c1bfd-b25e-4d68-b306-e8c58314441f: 48 datasets; 0.8 s; peak memory 1288 MiB.
2026-10-05T11:13:23Z INFO [560/750] 3f9c2873-4c7e-4766-8ce3-066ec594f7f3: 48 datasets; 0.9 s; peak memory 1288 MiB.
2026-10-05T11:13:24Z INFO [561/750] 3f9c3d2c-6e3b-406e-9f6a-6b34955e837b: 110 datasets; 0.9 s; peak memory 1288 MiB.
2026-10-05T11:13:24Z INFO [562/750] 3f9ddeaf-190d-4349-ad0b-ba343000a027: 51 datasets; 0.7 s; peak memory 1288 MiB.
2026-10-05T11:13:31Z INFO [563/750] 3f9e6eca-1b7a-4878-a541-278f2a964c12: 669 datasets; 6.6 s; peak memory 1288 MiB.
2026-10-05T11:13:34Z INFO [564/750] 3f9e9757-5e50-43d2-9889-4e6d7a59ed15: 53 datasets; 3.5 s; peak memory 1288 MiB.
2026-10-05T11:13:35Z INFO [565/750] 3f9eb5e2-2adb-4dc9-9e6a-36553512fb13: 62 datasets; 1.1 s; peak memory 1288 MiB.
2026-10-05T11:13:38Z INFO [566/750] 3f9f0884-6c57-449d-a4fc-032c6b4f4253: 38 datasets; 3.0 s; peak memory 1288 MiB.
2026-10-05T11:13:39Z INFO [567/750] 3fa041c5-06f3-443e-982b-33ea4bb529c6: 112 datasets; 0.9 s; peak memory 1288 MiB.
2026-10-05T11:13:40Z INFO [568/750] 3fa08e2e-30e7-4393-a873-04db9c40585d: 52 datasets; 0.9 s; peak memory 1288 MiB.
2026-10-05T11:13:41Z INFO [569/750] 3fa0f1f0-5698-476d-80c5-9fa6ff8353db: 48 datasets; 0.8 s; peak memory 1288 MiB.
2026-10-05T11:13:42Z INFO [570/750] 3fa17446-194e-484f-86b0-aeeb595ec29d: 117 datasets; 1.0 s; peak memory 1288 MiB.
2026-10-05T11:13:43Z INFO [571/750] 3fa21d77-4dee-401d-b401-8120689bfd55: 51 datasets; 1.0 s; peak memory 1288 MiB.
2026-10-05T11:13:45Z INFO [572/750] 3fa3b681-84ca-48ba-a043-0a06ba872305: 168 datasets; 1.7 s; peak memory 1288 MiB.
2026-10-05T11:13:46Z INFO [573/750] 3fa4f2d2-87f2-4de8-be39-1ee084420755: 48 datasets; 0.8 s; peak memory 1288 MiB.
2026-10-05T11:13:46Z INFO [574/750] 3fa502ca-40b8-4e2f-92c9-2040809b02cb: 51 datasets; 0.9 s; peak memory 1288 MiB.
2026-10-05T11:13:55Z INFO [575/750] 3fa513eb-6f53-45ef-b860-06cfd9291b3d: 915 datasets; 8.1 s; peak memory 1288 MiB.
2026-10-05T11:13:56Z INFO [576/750] 3fa5236f-3add-4dea-bb91-594736b6bc6a: 115 datasets; 1.8 s; peak memory 1288 MiB.
2026-10-05T11:13:57Z INFO [577/750] 3fa54eeb-dce1-493c-b58b-c0b402ab7168: 116 datasets; 0.8 s; peak memory 1288 MiB.
2026-10-05T11:14:00Z INFO [578/750] 3fa59997-b2b9-4763-827d-0b2701348e58: 479 datasets; 3.2 s; peak memory 1288 MiB.
2026-10-05T11:14:01Z INFO [579/750] 3fa6d657-aa61-4295-8910-b2ffe12416ea: 110 datasets; 1.0 s; peak memory 1288 MiB.
2026-10-05T11:14:07Z INFO [580/750] 3fa78563-a8f1-41f9-ad66-6fce3dfdf38f: 3305 datasets; 5.6 s; peak memory 1288 MiB.
2026-10-05T11:14:09Z INFO [581/750] 3fa88c8d-65bb-44db-b588-2bb97906fa70: 71 datasets; 1.7 s; peak memory 1288 MiB.
2026-10-05T11:14:09Z INFO [582/750] 3fa8f938-a0ea-4e3a-93ae-c4f65a856836: 48 datasets; 0.7 s; peak memory 1288 MiB.
2026-10-05T11:14:10Z INFO [583/750] 3fa931e2-6edc-4452-83c7-e63843b3c67e: 48 datasets; 0.7 s; peak memory 1288 MiB.
2026-10-05T11:14:21Z INFO [584/750] 3fa93a50-38bc-4e33-abf0-3bb7c3e7f469: 797 datasets; 11.0 s; peak memory 1288 MiB.
2026-10-05T11:14:22Z INFO [585/750] 3fa969db-6efa-4a97-9296-4403778bde31: 50 datasets; 0.7 s; peak memory 1288 MiB.
2026-10-05T11:14:23Z INFO [586/750] 3faa9c9b-21ce-4850-80ca-995def6b1322: 112 datasets; 1.1 s; peak memory 1288 MiB.
2026-10-05T11:14:24Z INFO [587/750] 3faad357-6cfe-4811-ac1a-12d2e9d7e9c8: 51 datasets; 0.8 s; peak memory 1288 MiB.
2026-10-05T11:14:24Z INFO [588/750] 3fab0999-edab-4735-9903-507a29f10e27: 48 datasets; 0.6 s; peak memory 1288 MiB.
2026-10-05T11:14:41Z INFO [589/750] 3fab0f5c-065b-416b-b2b8-a2f565019edf: 1047 datasets; 16.3 s; peak memory 1288 MiB.
2026-10-05T11:14:42Z INFO [590/750] 3fab38e7-400d-4c39-a7f5-baae9e5cc36c: 112 datasets; 1.3 s; peak memory 1288 MiB.
2026-10-05T11:14:43Z INFO [591/750] 3fabc49c-4d98-4040-ab8a-7e9f444b94f8: 52 datasets; 0.8 s; peak memory 1288 MiB.
2026-10-05T11:14:44Z INFO [592/750] 3fac4b08-67c3-44c3-9126-6219e31d752b: 48 datasets; 0.7 s; peak memory 1288 MiB.
2026-10-05T11:14:45Z INFO [593/750] 3fac831e-eefe-409a-98fc-184d1b0ab2b5: 112 datasets; 1.0 s; peak memory 1288 MiB.
2026-10-05T11:14:46Z INFO [594/750] 3fad09d5-9844-4649-b318-b534713b409e: 117 datasets; 1.0 s; peak memory 1288 MiB.
2026-10-05T11:14:46Z INFO [595/750] 3fad6dce-a6f3-4719-ad3a-4d6bc2445df0: 49 datasets; 0.6 s; peak memory 1288 MiB.
2026-10-05T11:14:47Z INFO [596/750] 3fad7665-6f7a-4311-ac14-feb92a69d142: 71 datasets; 1.2 s; peak memory 1288 MiB.
2026-10-05T11:14:49Z INFO [597/750] 3fae92ed-8a15-4e79-9c8a-366d4ad838d5: 123 datasets; 1.8 s; peak memory 1288 MiB.
2026-10-05T11:14:50Z INFO [598/750] 3faf1b15-dd76-457e-81f1-f71e871db8ed: 48 datasets; 0.7 s; peak memory 1288 MiB.
2026-10-05T11:14:51Z INFO [599/750] 3faf607a-c7bb-4a1e-9e8e-0d0cf3664874: 48 datasets; 0.9 s; peak memory 1288 MiB.
2026-10-05T11:14:51Z INFO [600/750] 3faf7ec7-69d0-48b3-9b3a-619a49b4794d: 52 datasets; 0.8 s; peak memory 1288 MiB.
2026-10-05T11:14:52Z INFO [600/750] 3faf7ec7-69d0-48b3-9b3a-619a49b4794d: checkpointed 77685 records.
2026-10-05T11:14:53Z INFO [601/750] 3fb081a4-d762-4fa1-8bf1-5d58de3c951f: 118 datasets; 1.0 s; peak memory 1288 MiB.
2026-10-05T11:14:56Z INFO [602/750] 3fb09bf0-3e45-4d9a-899a-d1d141206f59: 208 datasets; 3.3 s; peak memory 1288 MiB.
2026-10-05T11:14:57Z INFO [603/750] 3fb0caea-d6cf-45c5-8f31-8caffbb3a346: 39 datasets; 0.8 s; peak memory 1288 MiB.
2026-10-05T11:14:57Z INFO [604/750] 3fb11b44-4920-4e10-a654-713203709115: 48 datasets; 0.7 s; peak memory 1288 MiB.
2026-10-05T11:14:58Z INFO [605/750] 3fb135c4-cab8-4cf3-89a5-b010a533e525: 112 datasets; 1.0 s; peak memory 1288 MiB.
2026-10-05T11:15:03Z INFO [606/750] 3fb17183-6944-4c97-b45f-cb8f2b360f40: 1053 datasets; 5.0 s; peak memory 1288 MiB.
2026-10-05T11:15:04Z INFO [607/750] 3fb18030-2807-48ef-ba98-ad3e17e1d907: 46 datasets; 0.8 s; peak memory 1288 MiB.
2026-10-05T11:15:05Z INFO [608/750] 3fb1a635-ab98-4d4b-9689-bfe92ef89150: 48 datasets; 0.8 s; peak memory 1288 MiB.
2026-10-05T11:15:06Z INFO [609/750] 3fb1a8ef-5c7b-4d09-85a2-2718646dfe69: 56 datasets; 0.5 s; peak memory 1288 MiB.
2026-10-05T11:15:06Z INFO [610/750] 3fb27f44-285c-43b3-ac29-5b5d8a439281: 48 datasets; 0.8 s; peak memory 1288 MiB.
2026-10-05T11:15:07Z INFO [611/750] 3fb2c85c-faac-4163-8906-cb89530e7008: 48 datasets; 0.7 s; peak memory 1288 MiB.
2026-10-05T11:15:08Z INFO [612/750] 3fb2c8b9-26db-47c0-86c2-9594678a8263: 50 datasets; 0.7 s; peak memory 1288 MiB.
2026-10-05T11:15:10Z INFO [613/750] 3fb4f9a6-01ef-4ce2-95fb-d8771390ec35: 90 datasets; 2.3 s; peak memory 1288 MiB.
2026-10-05T11:15:12Z INFO [614/750] 3fb5fdf9-f4ff-4b0d-ae92-bb234ab1b34a: 66 datasets; 1.5 s; peak memory 1288 MiB.
2026-10-05T11:15:13Z INFO [615/750] 3fb6bf2a-275f-4a32-92c4-3670cea94192: 119 datasets; 1.6 s; peak memory 1288 MiB.
2026-10-05T11:15:15Z INFO [616/750] 3fb70e17-d901-4e06-90e7-786c5251944a: 154 datasets; 2.1 s; peak memory 1288 MiB.
2026-10-05T11:15:16Z INFO [617/750] 3fb795a3-6054-42ca-9690-a156025b64ec: 46 datasets; 0.5 s; peak memory 1288 MiB.
2026-10-05T11:15:17Z INFO [618/750] 3fb86556-3743-48d5-9d9d-46e9ae473248: 117 datasets; 0.8 s; peak memory 1288 MiB.
2026-10-05T11:15:18Z INFO [619/750] 3fb97555-129a-4ddc-a40c-426c38b54cae: 59 datasets; 0.9 s; peak memory 1288 MiB.
2026-10-05T11:15:18Z INFO [620/750] 3fb9dfc9-a88f-46e5-8973-326fa6613928: 118 datasets; 0.8 s; peak memory 1288 MiB.
2026-10-05T11:15:19Z INFO [621/750] 3fb9fee9-f2ec-4bc3-b448-c526e87f74ed: 48 datasets; 0.7 s; peak memory 1288 MiB.
2026-10-05T11:15:23Z INFO [622/750] 3fbaed63-d4ca-4130-967f-66262c940b3b: 533 datasets; 4.2 s; peak memory 1288 MiB.
2026-10-05T11:15:24Z INFO [623/750] 3fbb6ec0-e979-44e8-9efe-1c277c5e8a55: 78 datasets; 0.8 s; peak memory 1288 MiB.
2026-10-05T11:15:25Z INFO [624/750] 3fbbb386-4842-4293-b88c-8b75470c6eae: 66 datasets; 1.1 s; peak memory 1288 MiB.
2026-10-05T11:15:26Z INFO [625/750] 3fbc65f7-0e6b-4a2f-9ae3-805aa1405024: 50 datasets; 0.6 s; peak memory 1288 MiB.
2026-10-05T11:15:27Z INFO [626/750] 3fbc9f89-3a4f-4753-8e9f-d4ab79581dea: 48 datasets; 0.8 s; peak memory 1288 MiB.
2026-10-05T11:15:27Z INFO [627/750] 3fbe0b90-aa22-4b65-9229-e8cb1f64cff5: 48 datasets; 0.7 s; peak memory 1288 MiB.
2026-10-05T11:15:32Z INFO [628/750] 3fbe449c-cdf4-45f6-aa54-a93a659652d0: 200 datasets; 4.5 s; peak memory 1288 MiB.
2026-10-05T11:15:33Z INFO [629/750] 3fbef588-4bc0-4b3c-8b04-0bca8c167779: 48 datasets; 0.9 s; peak memory 1288 MiB.
2026-10-05T11:15:34Z INFO [630/750] 3fbf1c30-735a-45d9-b505-2cf58ed2f32e: 118 datasets; 0.9 s; peak memory 1288 MiB.
2026-10-05T11:15:34Z INFO [631/750] 3fbf5e2e-d99c-4d21-9611-4ab712d979a1: 48 datasets; 0.6 s; peak memory 1288 MiB.
2026-10-05T11:15:36Z INFO [632/750] 3fc04348-1d09-4501-8b69-13f9c9647a57: 153 datasets; 1.9 s; peak memory 1288 MiB.
2026-10-05T11:15:39Z INFO [633/750] 3fc155d7-3ad5-4044-bc8f-7589aa846f80: 400 datasets; 2.7 s; peak memory 1288 MiB.
2026-10-05T11:15:40Z INFO [634/750] 3fc27fec-8512-4806-ac91-03c897c0a567: 112 datasets; 0.9 s; peak memory 1288 MiB.
2026-10-05T11:15:41Z INFO [635/750] 3fc47649-b9d5-4a8f-a96b-e694eea921c5: 66 datasets; 1.0 s; peak memory 1288 MiB.
2026-10-05T11:15:42Z INFO [636/750] 3fc500ae-272e-4a98-af5d-3ff2f7c00001: 48 datasets; 0.7 s; peak memory 1288 MiB.
2026-10-05T11:15:42Z INFO [637/750] 3fc525d0-7482-42f9-b0ed-1fd1ead8a7d9: 61 datasets; 0.7 s; peak memory 1288 MiB.
2026-10-05T11:15:43Z INFO [638/750] 3fc7c813-151b-443f-95ae-8990078ebe3f: 52 datasets; 0.8 s; peak memory 1288 MiB.
2026-10-05T11:15:45Z INFO [639/750] 3fc7fd3a-c507-479d-a45a-6aad85a50abb: 115 datasets; 1.6 s; peak memory 1288 MiB.
2026-10-05T11:15:48Z INFO [640/750] 3fc84a0a-fa48-4209-91a4-57d550901b61: 168 datasets; 3.2 s; peak memory 1288 MiB.
2026-10-05T11:15:49Z INFO [641/750] 3fc84dcf-d912-486f-a548-b4b2dbb55878: 118 datasets; 0.8 s; peak memory 1288 MiB.
2026-10-05T11:15:50Z INFO [642/750] 3fc86c8d-86d8-406e-adda-9cf0dbd98624: 112 datasets; 1.1 s; peak memory 1288 MiB.
2026-10-05T11:15:51Z INFO [643/750] 3fc9a3b3-c894-4104-92d4-c25a2546c5aa: 71 datasets; 1.1 s; peak memory 1288 MiB.
2026-10-05T11:15:52Z INFO [644/750] 3fc9af1f-609f-41aa-a7bc-64b99ef3fc54: 72 datasets; 0.9 s; peak memory 1288 MiB.
2026-10-05T11:15:53Z INFO [645/750] 3fca3cab-e27e-4b94-a786-e68c059f3dfc: 118 datasets; 0.9 s; peak memory 1288 MiB.
2026-10-05T11:15:54Z INFO [646/750] 3fca412f-f2f1-4d6d-8568-bdee6b334a82: 112 datasets; 1.0 s; peak memory 1288 MiB.
2026-10-05T11:15:55Z INFO [647/750] 3fcaffaa-649f-4bf7-9069-fe2b32c5126f: 68 datasets; 0.8 s; peak memory 1288 MiB.
2026-10-05T11:15:55Z INFO [648/750] 3fcb4e81-9732-4dee-bf42-d0afe43c0b2e: 46 datasets; 0.4 s; peak memory 1288 MiB.
2026-10-05T11:15:56Z INFO [649/750] 3fcba058-e4d8-47ff-92b5-f7e02ecad1fe: 48 datasets; 0.8 s; peak memory 1288 MiB.
2026-10-05T11:15:56Z INFO [650/750] 3fccc2b3-bb3e-4c74-b318-b542e281ffea: 48 datasets; 0.6 s; peak memory 1288 MiB.
2026-10-05T11:15:57Z INFO [650/750] 3fccc2b3-bb3e-4c74-b318-b542e281ffea: checkpointed 77735 records.
2026-10-05T11:15:57Z INFO [651/750] 3fcdc62c-d73d-4d59-b0aa-1ba662b7a92e: 46 datasets; 0.4 s; peak memory 1288 MiB.
2026-10-05T11:15:59Z INFO [652/750] 3fceace7-baeb-436f-9fbe-254021529b16: 85 datasets; 2.0 s; peak memory 1288 MiB.
2026-10-05T11:16:00Z INFO [653/750] 3fd029de-33f7-422d-9cf1-567c8f6dc528: 48 datasets; 0.7 s; peak memory 1288 MiB.
2026-10-05T11:16:02Z INFO [654/750] 3fd1407b-e8ed-4a76-b79f-37535d37f766: 38 datasets; 2.0 s; peak memory 1288 MiB.
2026-10-05T11:16:03Z INFO [655/750] 3fd2de1a-8e3d-44e4-889e-fe55bcfdfa0d: 117 datasets; 1.0 s; peak memory 1288 MiB.
2026-10-05T11:16:11Z INFO [656/750] 3fd32270-9528-4156-8c70-9b3ce3338729: 1373 datasets; 8.5 s; peak memory 1288 MiB.
2026-10-05T11:16:12Z INFO [657/750] 3fd33216-7d4f-4a42-a8bc-db1a0185e773: 48 datasets; 0.7 s; peak memory 1288 MiB.
2026-10-05T11:16:13Z INFO [658/750] 3fd44515-0111-4b1b-b20e-8e63d410aa53: 48 datasets; 0.7 s; peak memory 1288 MiB.
2026-10-05T11:16:13Z INFO [659/750] 3fd4fc7e-b6ce-4c31-accf-e285c421834f: 48 datasets; 0.7 s; peak memory 1288 MiB.
2026-10-05T11:16:14Z INFO [660/750] 3fd53502-17b0-4ad4-a6d3-2c17d91be282: 48 datasets; 0.8 s; peak memory 1288 MiB.
2026-10-05T11:16:15Z INFO [661/750] 3fd664e8-4aea-4a09-a3e3-28b00d58fb46: 112 datasets; 0.9 s; peak memory 1288 MiB.
2026-10-05T11:16:21Z INFO [662/750] 3fd6a25f-f6ad-4f9e-ac0a-e6703203e37c: 713 datasets; 5.9 s; peak memory 1288 MiB.
2026-10-05T11:16:27Z INFO [663/750] 3fd73471-3e81-4129-b521-1f196517e28e: 850 datasets; 5.7 s; peak memory 1288 MiB.
2026-10-05T11:16:28Z INFO [664/750] 3fd7988e-2abe-479e-9517-1eed358d2816: 71 datasets; 1.1 s; peak memory 1288 MiB.
2026-10-05T11:23:01Z INFO [665/750] 3fd80335-9dfd-4d81-9aa2-c536b8a91d88: 62 datasets; 392.9 s; peak memory 1288 MiB.
2026-10-05T11:23:02Z INFO [666/750] 3fd8458d-f0c3-40cf-80e1-79b7945c767a: 117 datasets; 1.1 s; peak memory 1288 MiB.
2026-10-05T11:23:03Z INFO [667/750] 3fd87f9a-342c-42da-950e-f8056e186f2e: 48 datasets; 0.8 s; peak memory 1288 MiB.
2026-10-05T11:23:04Z INFO [668/750] 3fd88081-70a6-4309-9fc9-9b1002160efd: 52 datasets; 1.4 s; peak memory 1288 MiB.
2026-10-05T11:23:05Z INFO [669/750] 3fd8c2c5-390e-41c6-a6ef-d94cfeb9439f: 76 datasets; 1.5 s; peak memory 1288 MiB.
2026-10-05T11:23:06Z INFO [670/750] 3fd8ce16-752a-43be-a871-c96f0a23d10d: 66 datasets; 1.0 s; peak memory 1288 MiB.
2026-10-05T11:23:09Z INFO [671/750] 3fd8fc82-a87c-428a-9a48-79b7c97f99d6: 327 datasets; 2.5 s; peak memory 1288 MiB.
2026-10-05T11:23:10Z INFO [672/750] 3fd974d5-262c-4416-98d6-dc5f8e3554b3: 117 datasets; 0.9 s; peak memory 1288 MiB.
2026-10-05T11:23:11Z INFO [673/750] 3fd9b983-3c9e-4b0a-96db-2fd0c4cb4205: 48 datasets; 0.8 s; peak memory 1288 MiB.
2026-10-05T11:23:12Z INFO [674/750] 3fd9f784-bb8d-4017-86d7-8b955410c438: 48 datasets; 1.0 s; peak memory 1288 MiB.
2026-10-05T11:23:13Z INFO [675/750] 3fda2d08-0761-48bd-805c-e3fb99d185ba: 117 datasets; 0.9 s; peak memory 1288 MiB.
2026-10-05T11:23:16Z INFO [676/750] 3fdad805-d3a3-4253-8616-9be64318e6c6: 229 datasets; 3.5 s; peak memory 1288 MiB.
2026-10-05T11:23:17Z INFO [677/750] 3fdaf7a0-f651-4347-bc7d-9ad7fc34ac3e: 48 datasets; 0.7 s; peak memory 1288 MiB.
2026-10-05T11:23:18Z INFO [678/750] 3fdbe90b-49bc-48ca-a506-c72a57b244f3: 48 datasets; 0.8 s; peak memory 1288 MiB.
2026-10-05T11:23:26Z INFO [679/750] 3fdc1576-0d46-4430-9a2b-d1701d905977: 1038 datasets; 8.0 s; peak memory 1288 MiB.
2026-10-05T11:23:27Z INFO [680/750] 3fdc331f-67df-4fac-9385-6f333e1befa7: 71 datasets; 1.0 s; peak memory 1288 MiB.
2026-10-05T11:23:27Z INFO [681/750] 3fddaf55-6ed5-44c8-b6a7-c79909f09b44: 48 datasets; 0.8 s; peak memory 1288 MiB.
2026-10-05T11:23:35Z INFO [682/750] 3fdf30aa-9a6c-45c2-af61-fd0376bf5513: 1133 datasets; 7.3 s; peak memory 1288 MiB.
2026-10-05T11:23:36Z INFO [683/750] 3fdfabf9-a985-471f-b8ce-74df8a58931a: 38 datasets; 1.5 s; peak memory 1288 MiB.
2026-10-05T11:23:37Z INFO [684/750] 3fe1a18b-cd12-4d34-bd60-a99fa4cc37b6: 48 datasets; 1.0 s; peak memory 1288 MiB.
2026-10-05T11:25:18Z INFO [685/750] 3fe275d3-6034-424b-9424-c88ecb29fb23: 257 datasets; 100.8 s; peak memory 1288 MiB.
2026-10-05T11:25:19Z INFO [686/750] 3fe386ee-421c-4145-a2c7-9e5cee180c65: 45 datasets; 0.6 s; peak memory 1288 MiB.
2026-10-05T11:25:19Z INFO [687/750] 3fe394af-9dad-45cb-88cb-d17425c82d2c: 48 datasets; 0.7 s; peak memory 1288 MiB.
2026-10-05T11:25:21Z INFO [688/750] 3fe3dfe6-3710-4dad-b078-b9e0eddc60fe: 70 datasets; 1.3 s; peak memory 1288 MiB.
2026-10-05T11:25:22Z INFO [689/750] 3fe3e19b-004f-4446-b839-7046bebb57b0: 116 datasets; 0.9 s; peak memory 1288 MiB.
2026-10-05T11:25:22Z INFO [690/750] 3fe48db7-bf78-4f01-a31d-4c1bc890931a: 46 datasets; 0.7 s; peak memory 1288 MiB.
2026-10-05T11:25:23Z INFO [691/750] 3fe49d8f-a24d-4119-b101-d8c39c4d7c65: 118 datasets; 0.8 s; peak memory 1288 MiB.
2026-10-05T11:25:24Z INFO [692/750] 3fe4dbe4-42c8-4972-b06b-663ee43e84a8: 118 datasets; 0.9 s; peak memory 1288 MiB.
2026-10-05T11:25:25Z INFO [693/750] 3fe4e20d-7e63-43ff-8624-c6c34bbf35d9: 66 datasets; 0.9 s; peak memory 1288 MiB.
2026-10-05T11:25:26Z INFO [694/750] 3fe54995-5bc7-44ff-95ac-2f4b0dbf4b4a: 47 datasets; 1.2 s; peak memory 1288 MiB.
2026-10-05T11:25:27Z INFO [695/750] 3fe55d2f-12aa-4cf9-9381-887f0c794cd3: 112 datasets; 1.1 s; peak memory 1288 MiB.
2026-10-05T11:25:28Z INFO [696/750] 3fe60296-ab26-49d0-9a83-8f901e56d8d4: 48 datasets; 0.7 s; peak memory 1288 MiB.
2026-10-05T11:25:29Z INFO [697/750] 3fe69766-4f47-42f4-8c17-9f7990768fe8: 118 datasets; 0.9 s; peak memory 1288 MiB.
2026-10-05T11:25:30Z INFO [698/750] 3fe6e55b-1800-4460-85d6-acf18fdfb14d: 112 datasets; 1.2 s; peak memory 1288 MiB.
2026-10-05T11:25:31Z INFO [699/750] 3fe6fdbd-cf8f-4435-b2a3-44dc047c14b1: 64 datasets; 1.3 s; peak memory 1288 MiB.
2026-10-05T11:25:32Z INFO [700/750] 3fe82143-8326-4d71-8a9f-c69973bc2194: 48 datasets; 0.8 s; peak memory 1288 MiB.
2026-10-05T11:25:32Z INFO [700/750] 3fe82143-8326-4d71-8a9f-c69973bc2194: checkpointed 77785 records.
2026-10-05T11:25:34Z INFO [701/750] 3fe93cb6-74bd-47cd-9908-8f61a003c24a: 115 datasets; 1.5 s; peak memory 1288 MiB.
2026-10-05T11:27:19Z INFO [702/750] 3fe97371-07f7-44c4-8391-2da33f80152d: 167 datasets; 105.2 s; peak memory 1288 MiB.
2026-10-05T11:27:20Z INFO [703/750] 3fea4122-7e4f-49bb-8fd6-e1c78bea38a1: 48 datasets; 1.1 s; peak memory 1288 MiB.
2026-10-05T11:27:22Z INFO [704/750] 3feab76b-eaa8-4b64-92d2-2a54738638ce: 156 datasets; 2.1 s; peak memory 1288 MiB.
2026-10-05T11:27:23Z INFO [705/750] 3feb547b-8b4e-4cb6-8028-5424c3f879b1: 42 datasets; 0.8 s; peak memory 1288 MiB.
2026-10-05T11:27:24Z INFO [706/750] 3febb360-5a92-4055-b34e-b9fdecdee965: 109 datasets; 0.9 s; peak memory 1288 MiB.
2026-10-05T11:27:31Z INFO [707/750] 3febbcfb-025f-440d-bf58-91d3e23703d0: 47 datasets; 6.7 s; peak memory 1288 MiB.
2026-10-05T11:27:32Z INFO [708/750] 3fec4414-1513-44df-8abe-22187dc1fda3: 71 datasets; 1.7 s; peak memory 1288 MiB.
2026-10-05T11:27:33Z INFO [709/750] 3feca540-29bf-4653-b7e7-1b1b3c99907f: 117 datasets; 0.9 s; peak memory 1288 MiB.
2026-10-05T11:27:34Z INFO [710/750] 3fed6a90-e490-41cd-b8e8-e59863a44482: 66 datasets; 1.1 s; peak memory 1288 MiB.
2026-10-05T11:27:35Z INFO [711/750] 3fedfc07-4943-4937-86fb-48952ce61af9: 117 datasets; 0.8 s; peak memory 1288 MiB.
2026-10-05T11:27:36Z INFO [712/750] 3fee2b0d-1efa-4092-b53f-fd2ee0932bd5: 116 datasets; 0.9 s; peak memory 1288 MiB.
2026-10-05T11:27:37Z INFO [713/750] 3fee3468-ec90-408f-824f-01bd4248abca: 110 datasets; 1.2 s; peak memory 1288 MiB.
2026-10-05T11:27:38Z INFO [714/750] 3feea4c2-3d49-4438-9185-eee313baaae4: 118 datasets; 0.9 s; peak memory 1288 MiB.
2026-10-05T11:27:39Z INFO [715/750] 3ff0a210-9d9f-4758-83cb-8fe284da5011: 45 datasets; 0.8 s; peak memory 1288 MiB.
2026-10-05T11:27:40Z INFO [716/750] 3ff0f818-2f55-4c97-b4fb-a3ca03c2b877: 52 datasets; 0.7 s; peak memory 1288 MiB.
2026-10-05T11:27:41Z INFO [717/750] 3ff18b5c-071a-426d-96b5-7c3aaa9a5e5d: 71 datasets; 1.7 s; peak memory 1288 MiB.
2026-10-05T11:27:42Z INFO [718/750] 3ff1f088-212a-4616-8958-1d1ccac02991: 46 datasets; 0.6 s; peak memory 1288 MiB.
2026-10-05T11:27:43Z INFO [719/750] 3ff2816e-2745-4b3b-a77b-1aa78f72afd9: 66 datasets; 1.0 s; peak memory 1288 MiB.
2026-10-05T11:27:44Z INFO [720/750] 3ff3dd71-7a3f-4809-93eb-d6e245dca976: 68 datasets; 0.8 s; peak memory 1288 MiB.
2026-10-05T11:27:44Z INFO [721/750] 3ff4e491-4962-4e4f-aef3-71ee394af4ad: 48 datasets; 0.7 s; peak memory 1288 MiB.
2026-10-05T11:27:45Z INFO [722/750] 3ff5288e-2fb8-45a2-8591-62d0414d95ab: 112 datasets; 1.0 s; peak memory 1288 MiB.
2026-10-05T11:27:50Z INFO [723/750] 3ff63bd8-b19b-4ce8-ac67-deccc44fcde2: 523 datasets; 4.8 s; peak memory 1288 MiB.
2026-10-05T11:27:51Z INFO [724/750] 3ff652a9-a977-4971-947c-d1c7a23d24fc: 117 datasets; 0.9 s; peak memory 1288 MiB.
2026-10-05T11:27:53Z INFO [725/750] 3ff689ce-9003-4339-8d07-e9c089fd0ba6: 115 datasets; 1.7 s; peak memory 1288 MiB.
2026-10-05T11:27:54Z INFO [726/750] 3ff6b1a1-35c3-4678-bb67-2321d2244b62: 112 datasets; 1.1 s; peak memory 1288 MiB.
2026-10-05T11:27:56Z INFO [727/750] 3ff76cd3-ca46-4233-b78f-694f9bf6fce2: 71 datasets; 1.7 s; peak memory 1288 MiB.
2026-10-05T11:27:58Z INFO [728/750] 3ff79cf5-cddb-476c-96de-10a4d7a78bbb: 80 datasets; 1.9 s; peak memory 1288 MiB.
2026-10-05T11:27:58Z INFO [729/750] 3ff9a3b8-5061-4314-b518-906c3168327e: 39 datasets; 0.8 s; peak memory 1288 MiB.
2026-10-05T11:27:59Z INFO [730/750] 3ffa20c0-17d4-4184-a6a2-061b39b61d39: 48 datasets; 0.8 s; peak memory 1288 MiB.
2026-10-05T11:28:00Z INFO [731/750] 3ffaab0e-71af-4334-9d13-2ef98d6fc91d: 117 datasets; 1.1 s; peak memory 1288 MiB.
2026-10-05T11:28:14Z INFO [732/750] 3ffacba6-4a2b-4fbf-9398-8466a8f376a4: 3055 datasets; 13.5 s; peak memory 1288 MiB.
2026-10-05T11:28:14Z INFO [733/750] 3ffcc0ec-310c-47b4-82dc-c4141432a865: 48 datasets; 0.8 s; peak memory 1288 MiB.
2026-10-05T11:28:15Z INFO [734/750] 3ffdbc97-8cf4-4e4f-b2f4-dae74270103f: 48 datasets; 0.7 s; peak memory 1288 MiB.
2026-10-05T11:28:16Z INFO [735/750] 3ffe476b-452f-4da6-910a-db2f10b65789: 118 datasets; 0.9 s; peak memory 1288 MiB.
2026-10-05T11:28:17Z INFO [736/750] 3ffef993-9347-42c9-aaab-a001a0912abc: 48 datasets; 0.8 s; peak memory 1288 MiB.
2026-10-05T11:28:18Z INFO [737/750] 3fff8547-b45c-4ae8-966d-74a9348ae020: 48 datasets; 0.8 s; peak memory 1288 MiB.
2026-10-05T11:28:18Z INFO [738/750] 400008b2-65b1-4a4f-aca5-45f718d2a09a: 48 datasets; 0.8 s; peak memory 1288 MiB.
2026-10-05T11:28:23Z INFO [739/750] 40008f2f-f595-418c-98c6-24da91dfd378: 785 datasets; 5.0 s; peak memory 1288 MiB.
2026-10-05T11:28:24Z INFO [740/750] 4001a6fd-41b7-42af-9164-2dc50d707929: 118 datasets; 0.9 s; peak memory 1288 MiB.
2026-10-05T11:28:26Z INFO [741/750] 4001ba18-9b10-49bc-acfb-c3f34bf3369b: 101 datasets; 2.0 s; peak memory 1288 MiB.
2026-10-05T11:28:27Z INFO [742/750] 4001dbf9-b2e7-4949-9d32-8807f6b9f5ff: 46 datasets; 0.7 s; peak memory 1288 MiB.
2026-10-05T11:28:28Z INFO [743/750] 40028ec4-87ef-4662-9748-87469c92565f: 48 datasets; 0.7 s; peak memory 1288 MiB.
2026-10-05T11:28:29Z INFO [744/750] 4003145c-2041-400c-aa3f-95e214bc26c4: 48 datasets; 0.7 s; peak memory 1288 MiB.
2026-10-05T11:28:30Z INFO [745/750] 40034c5b-8b74-4528-a84f-0e732e852130: 112 datasets; 1.0 s; peak memory 1288 MiB.
2026-10-05T11:28:31Z INFO [746/750] 40037d0a-06c5-44f8-a028-b908679f3a79: 70 datasets; 1.0 s; peak memory 1288 MiB.
2026-10-05T11:28:31Z INFO [747/750] 40047214-77ee-4e27-be71-46793f73be65: 52 datasets; 0.8 s; peak memory 1288 MiB.
2026-10-05T11:28:32Z INFO [748/750] 4004e41f-22e8-4a10-b305-aecb0571d0da: 54 datasets; 0.6 s; peak memory 1288 MiB.
2026-10-05T11:28:33Z INFO [749/750] 4005a9fe-34c6-4eb5-a1db-b78e67909632: 51 datasets; 0.9 s; peak memory 1288 MiB.
2026-10-05T11:28:34Z INFO [750/750] 4006582c-3c87-4036-a0b0-523008e650fc: 116 datasets; 0.8 s; peak memory 1288 MiB.
2026-10-05T11:28:34Z INFO [750/750] 4006582c-3c87-4036-a0b0-523008e650fc: checkpointed 77835 records.
2026-10-05T11:28:34Z INFO Wrote 77835 records to /tmp/derivatives/valid_nwb_file_to_number_of_datasets.jsonl (750 new, 0 failed) in 74.9 min (peak memory 1288 MiB).
