2026-09-23T21:23:10Z INFO Logging to /tmp/logs/update_2026-09-23T21-23-10Z.log.
2026-09-23T21:23:10Z INFO Update valid-nwb-file-to-number-of-datasets (base directory /tmp).
2026-09-23T21:23:10Z INFO Processing 380 items (55418 already recorded).
2026-09-23T21:23:20Z INFO [1/380] 11d29c76-0c11-483a-86db-7b1988c5d03e: 56 datasets; 9.8 s; peak memory 110 MiB.
2026-09-23T21:23:21Z INFO [2/380] 11d38f6a-d28d-468f-a942-bc2284024cf5: 71 datasets; 1.5 s; peak memory 110 MiB.
2026-09-23T21:23:22Z INFO [3/380] 11d4e474-9164-4e37-ac11-d41347e57812: 48 datasets; 0.9 s; peak memory 110 MiB.
2026-09-23T21:23:23Z INFO [4/380] 11d746fa-bdc2-4a92-83b5-8a4b77fe8a38: 118 datasets; 0.9 s; peak memory 110 MiB.
2026-09-23T21:23:24Z INFO [5/380] 11d77b47-c29c-4477-8a4f-b6d7adadc4a9: 48 datasets; 0.9 s; peak memory 111 MiB.
2026-09-23T21:23:25Z INFO [6/380] 11d8a194-f938-4aba-a59c-ea65a16672b8: 58 datasets; 0.6 s; peak memory 111 MiB.
2026-09-23T21:23:26Z INFO [7/380] 11d93f52-f83d-42b6-aecc-51ea86898fd8: 69 datasets; 1.0 s; peak memory 111 MiB.
2026-09-23T21:23:26Z INFO [8/380] 11d94c55-0ec5-4d8a-83f7-1eccbad80a95: 48 datasets; 0.9 s; peak memory 111 MiB.
2026-09-23T21:23:27Z INFO [9/380] 11d9d0b8-13f8-4ccb-a456-a4c7b5558450: 48 datasets; 0.9 s; peak memory 111 MiB.
2026-09-23T21:23:28Z INFO [10/380] 11da770a-56e0-41aa-95bc-75d1eb6c6504: 48 datasets; 0.9 s; peak memory 111 MiB.
2026-09-23T21:23:29Z INFO [11/380] 11da9056-ab64-40f9-b14b-78f7fa81afc2: 48 datasets; 0.8 s; peak memory 111 MiB.
2026-09-23T21:23:30Z INFO [12/380] 11dacd19-ca04-4a4e-a7b0-fb10e7d4f846: 48 datasets; 0.7 s; peak memory 111 MiB.
2026-09-23T21:23:31Z INFO [13/380] 11db390b-76b0-44a6-bc6c-9444376a03a7: 112 datasets; 0.8 s; peak memory 111 MiB.
2026-09-23T21:23:32Z INFO [14/380] 11db6667-8d7c-4003-8740-0d3d52f098f9: 112 datasets; 1.1 s; peak memory 111 MiB.
2026-09-23T21:23:33Z INFO [15/380] 11db8c5f-4ed9-41c5-8eb0-36b78b41abd3: 66 datasets; 1.1 s; peak memory 111 MiB.
2026-09-23T21:23:34Z INFO [16/380] 11dbada3-56e2-4c85-87d5-ade73d45dd07: 70 datasets; 1.3 s; peak memory 112 MiB.
2026-09-23T21:23:35Z INFO [17/380] 11dbd60f-58b3-4668-86b1-c966c3ce29c0: 60 datasets; 0.7 s; peak memory 112 MiB.
2026-09-23T21:23:36Z INFO [18/380] 11dc4696-8397-48b4-997b-0015b3d4973f: 77 datasets; 1.1 s; peak memory 112 MiB.
2026-09-23T21:23:38Z INFO [19/380] 11de4dbb-06a2-47df-8a4c-07ef55df3760: 102 datasets; 1.7 s; peak memory 112 MiB.
2026-09-23T21:23:38Z INFO [20/380] 11df0366-de40-4955-97f5-7944c95a0913: 112 datasets; 0.9 s; peak memory 112 MiB.
2026-09-23T21:23:40Z INFO [21/380] 11e02d61-5d5a-4f3f-bf40-58fbff135686: 71 datasets; 1.8 s; peak memory 112 MiB.
2026-09-23T21:23:41Z INFO [22/380] 11e0d70e-eaac-442e-8a85-12834df27c4b: 57 datasets; 0.6 s; peak memory 112 MiB.
2026-09-23T21:23:42Z INFO [23/380] 11e11d3d-4349-4ac5-8c9c-4120c5a20ed6: 115 datasets; 0.9 s; peak memory 112 MiB.
2026-09-23T21:23:42Z INFO [24/380] 11e16620-ea63-48e2-af1d-757e915c18b5: 48 datasets; 0.9 s; peak memory 112 MiB.
2026-09-23T21:23:44Z INFO [25/380] 11e18a2d-cd89-4101-8296-e84951a0ebb1: 123 datasets; 1.9 s; peak memory 112 MiB.
2026-09-23T21:23:45Z INFO [26/380] 11e25a7e-d94d-47b5-84f8-d442a70b108a: 112 datasets; 1.1 s; peak memory 112 MiB.
2026-09-23T21:23:46Z INFO [27/380] 11e2b502-e7b2-4872-8f9f-e7bd5004e34c: 117 datasets; 0.8 s; peak memory 112 MiB.
2026-09-23T21:23:47Z INFO [28/380] 11e34c8f-967e-4c55-971f-3462f6b6632a: 33 datasets; 0.6 s; peak memory 112 MiB.
2026-09-23T21:23:50Z INFO [29/380] 11e36a66-7a7b-4684-b015-d1ed0276fdcf: 38 datasets; 3.1 s; peak memory 112 MiB.
2026-09-23T21:23:50Z INFO [30/380] 11e44296-e009-4078-9ff1-2b268b5b1f41: 46 datasets; 0.4 s; peak memory 112 MiB.
2026-09-23T21:23:51Z INFO [31/380] 11e44ad1-83b8-42aa-90bf-782d5c94466e: 117 datasets; 0.9 s; peak memory 113 MiB.
2026-09-23T21:23:52Z INFO [32/380] 11e49c92-5af8-4c11-b5df-7131920b53fc: 48 datasets; 0.9 s; peak memory 113 MiB.
2026-09-23T21:23:53Z INFO [33/380] 11e567e9-3bac-460c-ac5b-61285a0caf1b: 52 datasets; 0.7 s; peak memory 113 MiB.
2026-09-23T21:24:02Z INFO [34/380] 11e5e937-b8f3-451a-8664-14b0346d7e5d: 277 datasets; 9.3 s; peak memory 126 MiB.
2026-09-23T21:24:03Z INFO [35/380] 11e6374a-3139-40f8-99f0-164622241642: 66 datasets; 0.9 s; peak memory 126 MiB.
2026-09-23T21:24:41Z INFO [36/380] 11e6ec10-f8e9-44ff-a57d-8367e15c30f1: 55 datasets; 38.4 s; peak memory 200 MiB.
2026-09-23T21:24:45Z INFO [37/380] 11e6f258-de0a-42b9-b7e4-b221580a05b8: 460 datasets; 3.1 s; peak memory 200 MiB.
2026-09-23T21:24:47Z INFO [38/380] 11e6fbd2-7727-42e1-a5ac-68f571b1b958: 78 datasets; 2.0 s; peak memory 200 MiB.
2026-09-23T21:24:47Z INFO [39/380] 11e7aeea-a059-4a69-90ab-5c0ebd339d11: 60 datasets; 0.9 s; peak memory 200 MiB.
2026-09-23T21:24:49Z INFO [40/380] 11e8301b-144c-43f6-a3a4-6e38b3f815f7: 64 datasets; 1.5 s; peak memory 200 MiB.
2026-09-23T21:24:54Z INFO [41/380] 11e89513-5ed1-4fc2-bc8f-4d32fe869e73: 4102 datasets; 5.3 s; peak memory 200 MiB.
2026-09-23T21:24:55Z INFO [42/380] 11e93042-2657-4b85-b033-1ee759817673: 56 datasets; 0.6 s; peak memory 200 MiB.
2026-09-23T21:24:56Z INFO [43/380] 11e9fbf5-64be-468b-9833-80746fb17793: 119 datasets; 1.5 s; peak memory 200 MiB.
2026-09-23T21:24:57Z INFO [44/380] 11ea1097-a9c5-4db7-8e99-82a1f6c777fb: 83 datasets; 1.0 s; peak memory 200 MiB.
2026-09-23T21:24:58Z INFO [45/380] 11eac290-0f75-42d8-982a-8ca25373505c: 48 datasets; 0.9 s; peak memory 200 MiB.
2026-09-23T21:25:07Z INFO [46/380] 11eb665a-9204-4904-9d94-c923c4555094: 657 datasets; 9.2 s; peak memory 201 MiB.
2026-09-23T21:25:09Z INFO [47/380] 11ebc16f-3eee-4b67-a5d6-16cce19d84a8: 66 datasets; 1.2 s; peak memory 201 MiB.
2026-09-23T21:25:16Z INFO [48/380] 11ebcd44-48f5-498f-98f6-430d7e028468: 967 datasets; 7.8 s; peak memory 201 MiB.
2026-09-23T21:25:18Z INFO [49/380] 11ebed8f-c38d-43c9-8342-098918138a2e: 115 datasets; 1.9 s; peak memory 201 MiB.
2026-09-23T21:25:20Z INFO [50/380] 11ebfeb2-1d34-4779-ad1e-2bde9017c249: 116 datasets; 1.8 s; peak memory 201 MiB.
2026-09-23T21:25:20Z INFO [50/380] 11ebfeb2-1d34-4779-ad1e-2bde9017c249: checkpointed 55468 records.
2026-09-23T21:25:21Z INFO [51/380] 11ec77b9-c931-4779-8536-67735488da7f: 41 datasets; 0.5 s; peak memory 201 MiB.
2026-09-23T21:25:28Z INFO [52/380] 11eca715-f59a-4f71-a42e-5706d04b0665: 542 datasets; 7.3 s; peak memory 201 MiB.
2026-09-23T21:25:29Z INFO [53/380] 11ee000e-1890-415c-a316-07eed2aac577: 48 datasets; 0.7 s; peak memory 201 MiB.
2026-09-23T21:25:30Z INFO [54/380] 11ee001e-1354-447b-a545-6d8be013237d: 39 datasets; 0.8 s; peak memory 201 MiB.
2026-09-23T21:25:35Z INFO [55/380] 11ee6172-2cbc-4131-ab37-4fedf1a0d80d: 46 datasets; 5.5 s; peak memory 201 MiB.
2026-09-23T21:25:41Z INFO [56/380] 11ee716f-4be4-49af-86aa-b2af23f4b880: 38 datasets; 5.5 s; peak memory 201 MiB.
2026-09-23T21:25:41Z INFO [57/380] 11ee8084-a567-435b-b533-444923c0140c: 48 datasets; 0.9 s; peak memory 201 MiB.
2026-09-23T21:25:59Z INFO [58/380] 11ee8d3a-b164-4c17-84e2-4a761ba5ec68: 979 datasets; 17.5 s; peak memory 201 MiB.
2026-09-23T21:26:00Z INFO [59/380] 11eeb954-97ef-4902-8409-24989dae959e: 66 datasets; 1.2 s; peak memory 201 MiB.
2026-09-23T21:26:01Z INFO [60/380] 11eed946-5b46-47cf-ba65-3a7627f85771: 48 datasets; 0.7 s; peak memory 201 MiB.
2026-09-23T21:26:02Z INFO [61/380] 11eede50-a27b-4d8b-8ce5-192981258f33: 79 datasets; 0.9 s; peak memory 201 MiB.
2026-09-23T21:26:02Z INFO [62/380] 11efd6e6-1b59-44a5-96c7-843e97ee5566: 48 datasets; 0.8 s; peak memory 201 MiB.
2026-09-23T21:26:04Z INFO [63/380] 11f0be72-b5cb-4dec-872b-ce453ffee39a: 69 datasets; 1.2 s; peak memory 201 MiB.
2026-09-23T21:28:28Z INFO [64/380] 11f0da7b-a05b-4508-9540-6eb793b9777f: 58 datasets; 144.7 s; peak memory 266 MiB.
2026-09-23T21:28:29Z INFO [65/380] 11f15691-529b-47ea-8a78-fab6a9fbadcf: 48 datasets; 1.0 s; peak memory 266 MiB.
2026-09-23T21:28:38Z INFO [66/380] 11f190c2-b7a3-4b16-be3d-c32a47d90673: 588 datasets; 8.5 s; peak memory 266 MiB.
2026-09-23T21:28:40Z INFO [67/380] 11f1ef7b-7afa-4f9d-bb5c-e1957d40bfa1: 71 datasets; 1.7 s; peak memory 266 MiB.
2026-09-23T21:28:49Z INFO [68/380] 11f362a8-1f2b-4779-b383-e6affd3aa9c9: 719 datasets; 9.2 s; peak memory 266 MiB.
2026-09-23T21:28:50Z INFO [69/380] 11f3b531-ef2c-44da-b6a7-3e8f83221ba9: 118 datasets; 1.0 s; peak memory 266 MiB.
2026-09-23T21:29:15Z INFO [70/380] 11f3c185-10a8-4808-a89d-3ae50cd4507e: 426 datasets; 24.8 s; peak memory 266 MiB.
2026-09-23T21:29:15Z INFO [71/380] 11f3d9e6-0619-4f3b-aff1-b10435cbcb57: 48 datasets; 0.8 s; peak memory 266 MiB.
2026-09-23T21:29:16Z INFO [72/380] 11f3e0d0-4edd-4a8e-bf53-b9bd5b8391e4: 118 datasets; 1.0 s; peak memory 266 MiB.
2026-09-23T21:29:21Z INFO [73/380] 11f421ee-a92c-4da0-8e03-1cb125033c4a: 1005 datasets; 5.0 s; peak memory 266 MiB.
2026-09-23T21:29:23Z INFO [74/380] 11f433b5-17cf-452d-a67b-24403bec05e5: 112 datasets; 1.2 s; peak memory 266 MiB.
2026-09-23T21:29:23Z INFO [75/380] 11f4873a-bb94-445b-9a6d-6952171482d6: 46 datasets; 0.5 s; peak memory 266 MiB.
2026-09-23T21:29:24Z INFO [76/380] 11f48ffd-e66f-4b33-a346-286638ecb6cc: 46 datasets; 0.6 s; peak memory 266 MiB.
2026-09-23T21:29:25Z INFO [77/380] 11f50bf2-a51f-4077-a2f5-96c3cc535607: 62 datasets; 1.2 s; peak memory 266 MiB.
2026-09-23T21:29:26Z INFO [78/380] 11f50bfe-d3db-4a63-820d-6af2e3a7f028: 52 datasets; 0.8 s; peak memory 266 MiB.
2026-09-23T21:29:27Z INFO [79/380] 11f65b60-01f0-48f8-805e-9f0cd1b0c9d8: 113 datasets; 1.0 s; peak memory 266 MiB.
2026-09-23T21:29:28Z INFO [80/380] 11f68282-640e-49b6-a27f-a6858de2cd2b: 66 datasets; 1.0 s; peak memory 266 MiB.
2026-09-23T21:29:29Z INFO [81/380] 11f6f243-f5ad-46a0-a944-20f7ff6df797: 117 datasets; 0.8 s; peak memory 266 MiB.
2026-09-23T21:30:13Z INFO [82/380] 11f7b47e-bb42-42bf-b138-b8f58d5c7840: 5157 datasets; 45.0 s; peak memory 266 MiB.
2026-09-23T21:30:15Z INFO [83/380] 11f7c8cc-7223-4c4c-9708-971dd32bd90f: 112 datasets; 1.1 s; peak memory 266 MiB.
2026-09-23T21:30:24Z INFO [84/380] 11f8700e-f585-415e-b3ca-b13cc1620ef6: 1175 datasets; 9.1 s; peak memory 266 MiB.
2026-09-23T21:30:27Z INFO [85/380] 11f8c177-b44f-4874-a526-a891b14de36a: 224 datasets; 3.1 s; peak memory 266 MiB.
2026-09-23T21:31:03Z INFO [86/380] 11f8cc2e-afac-4dac-b575-567471c8ba15: 2374 datasets; 36.4 s; peak memory 266 MiB.
2026-09-23T21:31:27Z INFO [87/380] 11f90025-e8bd-40da-82b4-16fb0eecc8ca: 1279 datasets; 23.5 s; peak memory 266 MiB.
2026-09-23T21:31:27Z INFO [88/380] 11f92f3a-ac9f-4022-bbe2-ef0f21bb8dff: 52 datasets; 0.8 s; peak memory 266 MiB.
2026-09-23T21:31:29Z INFO [89/380] 11f93b27-0367-4344-8e71-5f0e82074d1a: 94 datasets; 1.9 s; peak memory 266 MiB.
2026-09-23T21:31:30Z INFO [90/380] 11f99a2c-f06a-4f15-bb9d-8db12c6c86be: 48 datasets; 0.8 s; peak memory 266 MiB.
2026-09-23T21:31:31Z INFO [91/380] 11fb8235-157f-4239-9fc2-7620978a61c5: 118 datasets; 0.8 s; peak memory 266 MiB.
2026-09-23T21:31:32Z INFO [92/380] 11fb97ad-fb19-4b0d-ba27-817a46de01d9: 48 datasets; 0.6 s; peak memory 266 MiB.
2026-09-23T21:31:33Z INFO [93/380] 11fbc4d1-a204-4f06-af01-9b20905404f5: 64 datasets; 1.2 s; peak memory 266 MiB.
2026-09-23T21:31:39Z INFO [94/380] 11fc6920-b435-4628-9446-35754187f33d: 979 datasets; 6.4 s; peak memory 266 MiB.
2026-09-23T21:31:46Z INFO [95/380] 11fc6a93-d244-4752-b8bf-b5fb6873d8c6: 827 datasets; 7.2 s; peak memory 266 MiB.
2026-09-23T21:31:47Z INFO [96/380] 11fcb818-bca0-44e1-a074-76e02b5c332b: 37 datasets; 0.7 s; peak memory 266 MiB.
2026-09-23T21:31:53Z INFO [97/380] 11fda530-e803-474c-8d48-2a0e0bbef3ad: 336 datasets; 5.8 s; peak memory 266 MiB.
2026-09-23T21:31:53Z INFO [98/380] 11feaeef-3944-402a-add1-519a7056c4b4: 46 datasets; 0.6 s; peak memory 266 MiB.
2026-09-23T21:31:54Z INFO [99/380] 11ff0d56-e359-4ca0-8562-788c921538f4: 57 datasets; 0.6 s; peak memory 266 MiB.
2026-09-23T21:31:55Z INFO [100/380] 11ffb9ce-d6fe-4d85-a7fb-bb599e6dda48: 45 datasets; 0.6 s; peak memory 266 MiB.
2026-09-23T21:31:55Z INFO [100/380] 11ffb9ce-d6fe-4d85-a7fb-bb599e6dda48: checkpointed 55518 records.
2026-09-23T21:32:00Z INFO [101/380] 12002ebd-c3c0-4c7d-9a77-db590f4795d9: 1016 datasets; 5.0 s; peak memory 266 MiB.
2026-09-23T21:32:01Z INFO [102/380] 1200b15a-028a-4414-943e-b32aeaf31200: 110 datasets; 1.0 s; peak memory 266 MiB.
2026-09-23T21:32:02Z INFO [103/380] 1200e0e3-e430-4006-a469-53f1fde9c00d: 117 datasets; 0.9 s; peak memory 266 MiB.
2026-09-23T21:32:02Z INFO [104/380] 1200f110-f397-46d2-a2e0-f6ae84674653: 48 datasets; 0.8 s; peak memory 266 MiB.
2026-09-23T21:32:11Z INFO [105/380] 12015104-8ec2-4418-872e-51ed11095dec: 268 datasets; 8.8 s; peak memory 266 MiB.
2026-09-23T21:32:42Z INFO [106/380] 12019d91-2b45-45da-89cb-f345f018722d: 52 datasets; 31.4 s; peak memory 266 MiB.
2026-09-23T21:32:44Z INFO [107/380] 1201b39a-a8ae-4032-89ab-eb8c5402f42f: 109 datasets; 1.1 s; peak memory 266 MiB.
2026-09-23T21:32:44Z INFO [108/380] 12035adc-54f9-4e3b-8131-2ffb6b0cf7c3: 48 datasets; 0.9 s; peak memory 266 MiB.
2026-09-23T21:32:45Z INFO [109/380] 12041904-7898-4d75-9c4d-85f160d81e51: 48 datasets; 0.8 s; peak memory 266 MiB.
2026-09-23T21:32:46Z INFO [110/380] 12041b2a-269d-412b-8df8-c68c79604681: 117 datasets; 0.9 s; peak memory 266 MiB.
2026-09-23T21:32:47Z INFO [111/380] 1205bbd8-888a-4c32-b63e-4a1268ff95b7: 85 datasets; 1.0 s; peak memory 266 MiB.
2026-09-23T21:32:48Z INFO [112/380] 1205f767-eecb-4afd-a374-028c5fd7c6f4: 48 datasets; 1.1 s; peak memory 266 MiB.
2026-09-23T21:32:49Z INFO [113/380] 12060631-d404-43ea-a54e-32d7e47a4470: 46 datasets; 0.6 s; peak memory 266 MiB.
2026-09-23T21:32:49Z INFO [114/380] 1206f64c-3d08-4916-8039-ce5e121555d4: 48 datasets; 0.8 s; peak memory 266 MiB.
2026-09-23T21:32:53Z INFO [115/380] 1208df2d-6d5b-4037-b56f-0d6f6b2f9d60: 417 datasets; 3.2 s; peak memory 266 MiB.
2026-09-23T21:32:54Z INFO [116/380] 1208eb1e-8106-4d13-b157-b834ad6b1d53: 70 datasets; 1.8 s; peak memory 266 MiB.
2026-09-23T21:33:05Z INFO [117/380] 1209f31a-acda-4ee9-9d9b-4eb861acf8f4: 267 datasets; 10.5 s; peak memory 266 MiB.
2026-09-23T21:33:06Z INFO [118/380] 120a2703-8221-4418-889f-be0adf7495cf: 116 datasets; 0.9 s; peak memory 266 MiB.
2026-09-23T21:33:17Z INFO [119/380] 120a27e8-f074-41fd-80be-513db971a0dc: 1282 datasets; 11.4 s; peak memory 266 MiB.
2026-09-23T21:33:18Z INFO [120/380] 120a6996-db51-4ade-aba8-5087c0e6d68f: 70 datasets; 1.3 s; peak memory 266 MiB.
2026-09-23T21:33:22Z INFO [121/380] 120abe6d-b4d4-44a6-b8af-bfa70bb337f0: 223 datasets; 3.4 s; peak memory 266 MiB.
2026-09-23T21:33:23Z INFO [122/380] 120aeeca-3322-4569-b04d-864adbe35bc1: 48 datasets; 0.8 s; peak memory 266 MiB.
2026-09-23T21:33:24Z INFO [123/380] 120b3e34-b185-4a48-ae86-cddf1fa345be: 66 datasets; 1.1 s; peak memory 266 MiB.
2026-09-23T21:33:24Z INFO [124/380] 120b836e-9afb-492b-9d44-974f89656b11: 36 datasets; 0.6 s; peak memory 266 MiB.
2026-09-23T21:33:25Z INFO [125/380] 120c1ef9-093e-4646-82fb-850abc4ae2bc: 70 datasets; 1.0 s; peak memory 266 MiB.
2026-09-23T21:33:28Z INFO [126/380] 120cfb9e-71fc-445f-b4fe-d7e32399f4db: 84 datasets; 2.3 s; peak memory 266 MiB.
2026-09-23T21:33:29Z INFO [127/380] 120d912a-4407-4399-9c9e-7554f1ce6f36: 112 datasets; 1.0 s; peak memory 266 MiB.
2026-09-23T21:33:29Z INFO [128/380] 120dd847-87da-4ca8-97c5-b91969f12fae: 48 datasets; 0.7 s; peak memory 266 MiB.
2026-09-23T21:33:30Z INFO [129/380] 120df354-e893-4d32-91e6-5d6abfb784a3: 48 datasets; 0.7 s; peak memory 266 MiB.
2026-09-23T21:33:31Z INFO [130/380] 120e44a1-5706-46e9-ab6e-f1a6fe7cc24c: 69 datasets; 1.2 s; peak memory 266 MiB.
2026-09-23T21:33:32Z INFO [131/380] 120f147a-ce99-41da-9dc0-05d67c6517f0: 46 datasets; 0.8 s; peak memory 266 MiB.
2026-09-23T21:33:33Z INFO [132/380] 120f542e-9dbf-4e31-9021-e6c7460f38ff: 116 datasets; 0.9 s; peak memory 266 MiB.
2026-09-23T21:33:34Z INFO [133/380] 120f78da-7bc0-40f9-8019-c90e4995bcb3: 116 datasets; 0.9 s; peak memory 266 MiB.
2026-09-23T21:33:35Z INFO [134/380] 12101f91-5658-4f2b-90fa-82943835d730: 230 datasets; 1.0 s; peak memory 266 MiB.
2026-09-23T21:33:35Z INFO [135/380] 12103d53-aba2-49a7-ae4a-bebacb0e4749: 117 datasets; 0.7 s; peak memory 266 MiB.
2026-09-23T21:33:37Z INFO [136/380] 1210a0bb-3534-4d5f-94c7-b4905a1eedc0: 88 datasets; 1.8 s; peak memory 266 MiB.
2026-09-23T21:33:38Z INFO [137/380] 12111f9c-54e0-4794-a151-4016e61b1a38: 48 datasets; 0.7 s; peak memory 266 MiB.
2026-09-23T21:33:39Z INFO [138/380] 12118745-95b5-4634-800c-56a068ad650d: 112 datasets; 1.2 s; peak memory 266 MiB.
2026-09-23T21:33:40Z INFO [139/380] 1212a13c-cd5a-4d7a-895d-5926e5f7d5d3: 50 datasets; 1.0 s; peak memory 266 MiB.
2026-09-23T21:33:49Z INFO [140/380] 1212b804-9350-470b-a18e-dbd8cd944a09: 1257 datasets; 8.8 s; peak memory 266 MiB.
2026-09-23T21:33:50Z INFO [141/380] 12134ed9-8cb8-4b9b-840f-f31d01b93aaf: 52 datasets; 0.9 s; peak memory 266 MiB.
2026-09-23T21:33:51Z INFO [142/380] 121350f7-2f15-4894-b070-3bfbb20f3cd3: 118 datasets; 1.8 s; peak memory 266 MiB.
2026-09-23T21:33:52Z INFO [143/380] 1215143d-de87-4b46-b417-0e0bac375456: 48 datasets; 0.8 s; peak memory 266 MiB.
2026-09-23T21:33:58Z INFO [144/380] 1215d3f1-4998-4119-a1c8-3e2bc03ca793: 525 datasets; 5.8 s; peak memory 266 MiB.
2026-09-23T21:34:01Z INFO [145/380] 121643b9-965a-48cb-b1cc-a781615665dc: 334 datasets; 2.6 s; peak memory 266 MiB.
2026-09-23T21:34:32Z INFO [146/380] 1216b8bb-5b2d-463f-8814-dd441be25ae3: 5975 datasets; 31.5 s; peak memory 266 MiB.
2026-09-23T21:34:33Z INFO [147/380] 121720c9-e282-4112-bb5e-b4af4895da0a: 116 datasets; 0.9 s; peak memory 266 MiB.
2026-09-23T21:34:34Z INFO [148/380] 1217343c-f3cb-40c9-933c-eacd21fb8af3: 48 datasets; 0.7 s; peak memory 266 MiB.
2026-09-23T21:34:34Z INFO [149/380] 12174aa1-75f8-4865-b70a-23d7ed7f583c: 74 datasets; 0.8 s; peak memory 266 MiB.
2026-09-23T21:34:35Z INFO [150/380] 1217db55-6c2b-4a4c-b3c8-ebac212d1f82: 117 datasets; 0.9 s; peak memory 266 MiB.
2026-09-23T21:34:35Z INFO [150/380] 1217db55-6c2b-4a4c-b3c8-ebac212d1f82: checkpointed 55568 records.
2026-09-23T21:34:36Z INFO [151/380] 12183924-2f33-492d-8687-27f8ecb8f0c8: 46 datasets; 0.7 s; peak memory 266 MiB.
2026-09-23T21:34:37Z INFO [152/380] 121a1419-772f-407b-931e-1f6fdcc2d56b: 101 datasets; 1.2 s; peak memory 266 MiB.
2026-09-23T21:34:38Z INFO [153/380] 121aa54f-7a26-4e7a-855f-e209fac313cb: 43 datasets; 0.7 s; peak memory 266 MiB.
2026-09-23T21:34:39Z INFO [154/380] 121ad2be-6ddc-48e5-850d-76d4ddb02744: 48 datasets; 0.8 s; peak memory 266 MiB.
2026-09-23T21:34:40Z INFO [155/380] 121b56b5-3d0d-49bb-9297-bd9d6ae249b5: 233 datasets; 1.1 s; peak memory 266 MiB.
2026-09-23T21:34:41Z INFO [156/380] 121b9342-fa95-4e19-8af4-9b427f1757b7: 117 datasets; 0.8 s; peak memory 266 MiB.
2026-09-23T21:34:42Z INFO [157/380] 121c346c-e1ed-4bc9-a021-1b243412f0d8: 112 datasets; 1.1 s; peak memory 266 MiB.
2026-09-23T21:34:42Z INFO [158/380] 121da5c1-1e62-4edc-8ee1-7d32ddeab1db: 44 datasets; 0.5 s; peak memory 266 MiB.
2026-09-23T21:34:43Z INFO [159/380] 121dcef4-e731-44db-859f-8f961bc107ed: 48 datasets; 0.8 s; peak memory 266 MiB.
2026-09-23T21:34:44Z INFO [160/380] 121dfcbe-390b-4e0b-ae3e-10b7e3cd1239: 112 datasets; 0.9 s; peak memory 266 MiB.
2026-09-23T21:34:45Z INFO [161/380] 121e2cbb-5de4-464d-8f20-7c85137059e8: 85 datasets; 0.7 s; peak memory 266 MiB.
2026-09-23T21:34:45Z INFO [162/380] 121e8fe4-a633-422b-8a9f-c9116648c46c: 48 datasets; 0.7 s; peak memory 266 MiB.
2026-09-23T21:34:46Z INFO [163/380] 121ef46f-6008-41a2-acd0-a9eebf55a271: 38 datasets; 0.6 s; peak memory 266 MiB.
2026-09-23T21:34:47Z INFO [164/380] 121f035b-8e03-4ec3-8432-9e265cb5f36d: 48 datasets; 0.8 s; peak memory 266 MiB.
2026-09-23T21:34:48Z INFO [165/380] 121f2566-6460-45de-ac8b-6fba0d873a1a: 119 datasets; 1.6 s; peak memory 266 MiB.
2026-09-23T21:34:58Z INFO [166/380] 121f537b-2391-4335-aca1-42136475a638: 1095 datasets; 9.7 s; peak memory 266 MiB.
2026-09-23T21:35:02Z INFO [167/380] 121f5974-fe5e-4ed1-a1e1-9f6f447f9448: 467 datasets; 3.4 s; peak memory 266 MiB.
2026-09-23T21:35:02Z INFO [168/380] 121fcbec-44a6-4e6b-b6c5-347da2cf2c45: 56 datasets; 0.6 s; peak memory 266 MiB.
2026-09-23T21:35:03Z INFO [169/380] 121ff89c-63ae-40b3-915f-6978e45abd07: 48 datasets; 0.7 s; peak memory 266 MiB.
2026-09-23T21:35:04Z INFO [170/380] 12201348-d45a-4678-a7db-40da18fdcaf2: 112 datasets; 1.1 s; peak memory 266 MiB.
2026-09-23T21:35:05Z INFO [171/380] 122015e2-1ed5-45a0-9b90-33a9d6654a05: 112 datasets; 1.2 s; peak memory 266 MiB.
2026-09-23T21:35:06Z INFO [172/380] 122019fc-ef8d-4e3c-a7ff-2495211b0e15: 48 datasets; 0.8 s; peak memory 266 MiB.
2026-09-23T21:35:06Z INFO [173/380] 1221263b-f8a8-4935-801a-1c1130ce4b4e: 46 datasets; 0.5 s; peak memory 266 MiB.
2026-09-23T21:35:15Z INFO [174/380] 12213733-f2a4-4f96-b27e-16a657582eaf: 295 datasets; 9.1 s; peak memory 266 MiB.
2026-09-23T21:35:16Z INFO [175/380] 12231469-3eea-4ebc-85fe-dcd922cfe67d: 71 datasets; 0.9 s; peak memory 266 MiB.
2026-09-23T21:35:17Z INFO [176/380] 1223d42e-0e81-4385-9a52-8074b59b7caf: 48 datasets; 0.7 s; peak memory 266 MiB.
2026-09-23T21:35:20Z INFO [177/380] 1224106b-06f6-4a29-970e-78714c1e01c1: 178 datasets; 2.6 s; peak memory 266 MiB.
2026-09-23T21:35:21Z INFO [178/380] 1225a220-011e-4835-8d3d-bf90747bf43e: 60 datasets; 1.0 s; peak memory 266 MiB.
2026-09-23T21:35:22Z INFO [179/380] 1225c307-def8-41a1-ad6c-910d9cc3e376: 118 datasets; 0.8 s; peak memory 266 MiB.
2026-09-23T21:35:23Z INFO [180/380] 122607e7-75b1-4a4f-9d62-5232feea57c4: 66 datasets; 1.4 s; peak memory 266 MiB.
2026-09-23T21:35:24Z INFO [181/380] 1226946d-2167-4dd4-9909-1fcadf8c1465: 48 datasets; 0.8 s; peak memory 266 MiB.
2026-09-23T21:37:30Z INFO [182/380] 122694f6-2581-4218-9f00-963af2fe1551: 167 datasets; 126.2 s; peak memory 293 MiB.
2026-09-23T21:37:31Z INFO [183/380] 1227d65c-a3c4-4e0c-94ba-d7dc2eccc981: 48 datasets; 1.0 s; peak memory 293 MiB.
2026-09-23T21:37:33Z INFO [184/380] 12283c9b-6149-4981-8010-38c63e41ac25: 138 datasets; 1.9 s; peak memory 293 MiB.
2026-09-23T21:37:37Z INFO [185/380] 1228415a-1cd2-44e2-ad59-8c87f3ef0445: 229 datasets; 4.0 s; peak memory 293 MiB.
2026-09-23T21:37:38Z INFO [186/380] 1228c416-6ba4-4a1d-af59-6973ed089126: 48 datasets; 0.8 s; peak memory 293 MiB.
2026-09-23T21:37:38Z INFO [187/380] 1228dc38-0dff-4856-b197-9f9771154139: 56 datasets; 0.6 s; peak memory 293 MiB.
2026-09-23T21:37:39Z INFO [188/380] 12291183-811e-4512-93b8-f8cd24e52ff0: 117 datasets; 1.0 s; peak memory 293 MiB.
2026-09-23T21:37:40Z INFO [189/380] 12298b03-60ee-4bc9-8703-4a48c964c449: 58 datasets; 1.4 s; peak memory 293 MiB.
2026-09-23T21:37:42Z INFO [190/380] 122ad4d8-647b-49d9-992b-0f55c9e0f1fe: 112 datasets; 1.1 s; peak memory 293 MiB.
2026-09-23T21:37:43Z INFO [191/380] 122bcd31-2025-4cc0-8893-ea9ffac15000: 117 datasets; 0.9 s; peak memory 293 MiB.
2026-09-23T21:37:43Z INFO [192/380] 122d7796-6bf3-41fd-9588-a0ab9173878e: 117 datasets; 0.9 s; peak memory 293 MiB.
2026-09-23T21:37:45Z INFO [193/380] 122d9b95-433b-433f-af03-f0ed5a8ffb3a: 114 datasets; 1.8 s; peak memory 293 MiB.
2026-09-23T21:37:53Z INFO [194/380] 122ded53-02cb-4754-9410-ce06319c5015: 11485 datasets; 7.7 s; peak memory 293 MiB.
2026-09-23T21:37:54Z INFO [195/380] 122e9d9f-8201-498e-ae1b-ad67df4c2a88: 45 datasets; 0.7 s; peak memory 293 MiB.
2026-09-23T21:37:54Z INFO [196/380] 122f3d58-d0cd-45ce-a706-2aeee35fb44e: 45 datasets; 0.7 s; peak memory 293 MiB.
2026-09-23T21:37:55Z INFO [197/380] 122f48e9-d34c-4a02-9a6f-9f6211fb696d: 46 datasets; 0.5 s; peak memory 293 MiB.
2026-09-23T21:37:56Z INFO [198/380] 122f9538-8877-4679-b22d-40ae8953d4ae: 111 datasets; 1.5 s; peak memory 293 MiB.
2026-09-23T21:37:58Z INFO [199/380] 12305f60-5d53-45fc-a84a-bc1de12ccfa5: 115 datasets; 1.7 s; peak memory 293 MiB.
2026-09-23T21:37:59Z INFO [200/380] 12309178-a161-4588-a2db-2f823eea3318: 48 datasets; 1.0 s; peak memory 293 MiB.
2026-09-23T21:37:59Z INFO [200/380] 12309178-a161-4588-a2db-2f823eea3318: checkpointed 55618 records.
2026-09-23T21:38:00Z INFO [201/380] 1230d2ec-c89c-4eb1-a4c9-ea7e944e325d: 48 datasets; 0.9 s; peak memory 293 MiB.
2026-09-23T21:38:01Z INFO [202/380] 123237a3-0fc9-4279-a233-0d43afcf7d8f: 86 datasets; 1.4 s; peak memory 293 MiB.
2026-09-23T21:38:02Z INFO [203/380] 1232e661-8518-4acd-a2ac-b8e2bb7d5c9a: 48 datasets; 0.8 s; peak memory 293 MiB.
2026-09-23T21:38:03Z INFO [204/380] 1232f915-dfcc-44dc-9dba-01b0aad35a76: 116 datasets; 1.0 s; peak memory 293 MiB.
2026-09-23T21:38:34Z INFO [205/380] 12331c6c-1773-4743-93cc-f47318d928f6: 2401 datasets; 31.3 s; peak memory 293 MiB.
2026-09-23T21:38:36Z INFO [206/380] 1233a047-9995-4dc9-a165-ffc3ad78e76a: 110 datasets; 1.2 s; peak memory 293 MiB.
2026-09-23T21:38:36Z INFO [207/380] 12341f9f-a878-4193-9a48-3d77a6e181c1: 48 datasets; 0.8 s; peak memory 293 MiB.
2026-09-23T21:38:39Z INFO [208/380] 1234795a-8904-4acd-8294-ee6b35823257: 156 datasets; 2.5 s; peak memory 293 MiB.
2026-09-23T21:38:48Z INFO [209/380] 1235ec9c-5b62-41fb-8947-7aa7c5e963ac: 1459 datasets; 8.6 s; peak memory 293 MiB.
2026-09-23T21:38:48Z INFO [210/380] 12364d6d-1440-4acb-b8c4-589689039451: 117 datasets; 0.9 s; peak memory 293 MiB.
2026-09-23T21:38:50Z INFO [211/380] 1236eb43-41b6-4d57-a955-45ed70f49e85: 116 datasets; 1.0 s; peak memory 293 MiB.
2026-09-23T21:38:50Z INFO [212/380] 1236f925-ff1e-40f6-9446-94707d7a52b3: 48 datasets; 0.7 s; peak memory 293 MiB.
2026-09-23T21:38:51Z INFO [213/380] 1237a22e-1c54-4ca0-b960-d114b1ffa75a: 48 datasets; 0.7 s; peak memory 293 MiB.
2026-09-23T21:38:52Z INFO [214/380] 12382fc7-378d-447f-abfc-61cd294d16f3: 71 datasets; 1.1 s; peak memory 293 MiB.
2026-09-23T21:38:52Z INFO [215/380] 12385aab-7078-459b-beeb-aeb8bff303be: 49 datasets; 0.5 s; peak memory 293 MiB.
2026-09-23T21:38:54Z INFO [216/380] 12388f91-3998-4586-a805-74ceedbddb58: 66 datasets; 1.2 s; peak memory 293 MiB.
2026-09-23T21:38:54Z INFO [217/380] 1239df50-c2bc-4c9e-a7e2-8fceb823b63b: 63 datasets; 0.6 s; peak memory 293 MiB.
2026-09-23T21:38:55Z INFO [218/380] 123a2644-802c-47b0-a907-593b71112a20: 118 datasets; 0.8 s; peak memory 293 MiB.
2026-09-23T21:38:56Z INFO [219/380] 123a6d68-d47d-426d-a706-a6b7d5e2cab4: 116 datasets; 0.8 s; peak memory 293 MiB.
2026-09-23T21:38:57Z INFO [220/380] 123ca2c4-e542-46ae-a15e-4288a816cb36: 48 datasets; 0.7 s; peak memory 293 MiB.
2026-09-23T21:38:57Z INFO [221/380] 123d2c8c-1d9d-4a5d-8e3d-f5d80ef68ef1: 48 datasets; 0.7 s; peak memory 293 MiB.
2026-09-23T21:39:10Z INFO [222/380] 123e8e3a-0480-451a-86fd-8d9e0fd00e0f: 5355 datasets; 13.0 s; peak memory 293 MiB.
2026-09-23T21:39:11Z INFO [223/380] 123f412d-5508-4584-9b81-c3d8488d8f46: 116 datasets; 0.8 s; peak memory 293 MiB.
2026-09-23T21:39:12Z INFO [224/380] 123f60a1-b332-442e-850f-5206d3a77867: 121 datasets; 0.6 s; peak memory 293 MiB.
2026-09-23T21:39:13Z INFO [225/380] 123f7c0c-5789-475b-846b-ada8cc415fce: 112 datasets; 1.0 s; peak memory 293 MiB.
2026-09-23T21:39:13Z INFO [226/380] 123f847c-95d9-445a-b82b-792060d0e6db: 48 datasets; 0.7 s; peak memory 293 MiB.
2026-09-23T21:39:14Z INFO [227/380] 1240195e-3812-4145-90b7-ee169150b96b: 48 datasets; 0.8 s; peak memory 293 MiB.
2026-09-23T21:39:15Z INFO [228/380] 12402105-b7a5-4fb7-9104-39eec9c02ce2: 69 datasets; 0.8 s; peak memory 293 MiB.
2026-09-23T21:39:25Z INFO [229/380] 124046f3-de4c-4282-beb8-1debfcd5d0f5: 1227 datasets; 10.5 s; peak memory 293 MiB.
2026-09-23T21:39:31Z INFO [230/380] 1241486c-137c-4086-b89b-1150c6224489: 9079 datasets; 5.9 s; peak memory 293 MiB.
2026-09-23T21:39:32Z INFO [231/380] 12414a9e-e429-480c-9f03-411adc1deda5: 71 datasets; 0.9 s; peak memory 293 MiB.
2026-09-23T21:39:36Z INFO [232/380] 12415cf0-7e0d-4ae5-a3d5-1b426f865e59: 229 datasets; 3.8 s; peak memory 293 MiB.
2026-09-23T21:39:37Z INFO [233/380] 1241959b-4eb8-424d-9da0-ebf7b5736ec4: 52 datasets; 0.6 s; peak memory 293 MiB.
2026-09-23T21:39:38Z INFO [234/380] 12420852-30b3-4107-8211-cb7b61555f3f: 112 datasets; 0.9 s; peak memory 293 MiB.
2026-09-23T21:39:38Z INFO [235/380] 1242178f-2342-4812-a8a3-5f4a5bc0aca2: 48 datasets; 0.7 s; peak memory 293 MiB.
2026-09-23T21:39:39Z INFO [236/380] 1242627f-7b68-4415-b21b-3bb9bfc1d644: 110 datasets; 0.8 s; peak memory 293 MiB.
2026-09-23T21:39:49Z INFO [237/380] 1242ac71-6197-4f94-a6c6-3e3caa3f9c98: 331 datasets; 10.0 s; peak memory 293 MiB.
2026-09-23T21:41:47Z INFO [238/380] 1243f7b5-aa1c-42c4-a2ab-57f55ab98148: 260 datasets; 118.2 s; peak memory 403 MiB.
2026-09-23T21:41:51Z INFO [239/380] 12443364-73c5-47d5-82f4-ef976f5cfe12: 229 datasets; 3.3 s; peak memory 403 MiB.
2026-09-23T21:41:52Z INFO [240/380] 124600a8-44fb-4c9f-b577-cf4d14ef8dc2: 113 datasets; 1.2 s; peak memory 403 MiB.
2026-09-23T21:41:54Z INFO [241/380] 12460bfd-07cc-46f5-8f59-519307d612bd: 156 datasets; 2.2 s; peak memory 403 MiB.
2026-09-23T21:41:55Z INFO [242/380] 1247fc1a-ad02-4e7c-ad3f-c7a4014c49b9: 71 datasets; 0.9 s; peak memory 403 MiB.
2026-09-23T21:41:58Z INFO [243/380] 1248607a-40e7-4606-8ba7-9d02bdf7d83a: 419 datasets; 2.9 s; peak memory 403 MiB.
2026-09-23T21:42:01Z INFO [244/380] 12498b74-d1df-474c-9220-7e524c696404: 46 datasets; 3.4 s; peak memory 403 MiB.
2026-09-23T21:42:02Z INFO [245/380] 1249a68b-2fb4-49e3-b02d-41eb60d90a33: 46 datasets; 0.6 s; peak memory 403 MiB.
2026-09-23T21:42:03Z INFO [246/380] 124a745e-1f4e-4585-b4b8-cbba82fcdb5f: 48 datasets; 0.8 s; peak memory 403 MiB.
2026-09-23T21:42:04Z INFO [247/380] 124acc53-a531-495c-badb-43aa32a7ce36: 42 datasets; 0.8 s; peak memory 403 MiB.
2026-09-23T21:42:04Z INFO [248/380] 124b2e02-2ba0-436e-991e-981974c56dda: 116 datasets; 0.8 s; peak memory 403 MiB.
2026-09-23T21:42:05Z INFO [249/380] 124c3dc4-9c68-49b5-b7bb-052fbdeaa224: 48 datasets; 0.8 s; peak memory 403 MiB.
2026-09-23T21:42:06Z INFO [250/380] 124e4633-08f7-4d19-b6ed-23ed0c251658: 117 datasets; 0.8 s; peak memory 403 MiB.
2026-09-23T21:42:06Z INFO [250/380] 124e4633-08f7-4d19-b6ed-23ed0c251658: checkpointed 55668 records.
2026-09-23T21:42:07Z INFO [251/380] 124e7eb2-5d46-47b7-a6cf-dd317950d6e2: 54 datasets; 0.6 s; peak memory 403 MiB.
2026-09-23T21:42:08Z INFO [252/380] 124efbbf-f079-43c4-91e8-61f59c9401cb: 111 datasets; 1.0 s; peak memory 403 MiB.
2026-09-23T21:42:11Z INFO [253/380] 124efef8-e5d2-42dd-8734-c6d8deadaa9e: 668 datasets; 3.8 s; peak memory 403 MiB.
2026-09-23T21:42:12Z INFO [254/380] 124f5fe2-d2f9-4763-9a56-6bf7b70d2d6c: 83 datasets; 0.8 s; peak memory 403 MiB.
2026-09-23T21:42:13Z INFO [255/380] 124f6cb5-0892-4348-bc7d-155cecd5d670: 170 datasets; 1.1 s; peak memory 403 MiB.
2026-09-23T21:42:14Z INFO [256/380] 124f7e52-3c76-43ab-96bd-e281db735e30: 38 datasets; 0.6 s; peak memory 403 MiB.
2026-09-23T21:42:15Z INFO [257/380] 12514035-22af-47e6-96af-282555ba1ce2: 45 datasets; 0.9 s; peak memory 403 MiB.
2026-09-23T21:42:16Z INFO [258/380] 1251c57c-8849-4964-b23f-9dc4468f06d7: 48 datasets; 0.8 s; peak memory 403 MiB.
2026-09-23T21:42:17Z INFO [259/380] 1251e73d-441b-4130-b071-015e1bf6d9ea: 33 datasets; 0.9 s; peak memory 403 MiB.
2026-09-23T21:42:18Z INFO [260/380] 12522d01-f4da-4423-ac6b-6fb227faa0dd: 110 datasets; 1.2 s; peak memory 403 MiB.
2026-09-23T21:42:19Z INFO [261/380] 125292f9-971c-4027-95df-ce871c24a600: 71 datasets; 1.0 s; peak memory 403 MiB.
2026-09-23T21:42:20Z INFO [262/380] 125318fa-5cdc-49e6-8ce8-3f307649db2a: 112 datasets; 0.9 s; peak memory 403 MiB.
2026-09-23T21:42:20Z INFO [263/380] 12535101-3ccb-4a6e-83a8-c8e89b5db215: 46 datasets; 0.6 s; peak memory 403 MiB.
2026-09-23T21:42:22Z INFO [264/380] 12535109-2438-40d6-a6ec-05c1c545e11c: 115 datasets; 1.6 s; peak memory 403 MiB.
2026-09-23T21:42:23Z INFO [265/380] 12539831-cbdc-44cf-bbec-c15bc7d8fbd9: 117 datasets; 0.9 s; peak memory 403 MiB.
2026-09-23T21:42:26Z INFO [266/380] 1253eea8-6548-4539-a0ff-be47c9ba7ce0: 533 datasets; 3.6 s; peak memory 403 MiB.
2026-09-23T21:42:29Z INFO [267/380] 1254455e-bef2-443c-ba44-1ed4304a7054: 111 datasets; 2.7 s; peak memory 403 MiB.
2026-09-23T21:42:30Z INFO [268/380] 1254548d-4ebd-48d0-b42f-86ec4515ab78: 71 datasets; 1.3 s; peak memory 403 MiB.
2026-09-23T21:42:31Z INFO [269/380] 125461e5-22c5-422a-a61e-60d7757fc7e5: 112 datasets; 1.0 s; peak memory 403 MiB.
2026-09-23T21:42:32Z INFO [270/380] 12548bba-b547-4bd5-a5a6-e56d04cc8ccd: 48 datasets; 0.6 s; peak memory 403 MiB.
2026-09-23T21:42:33Z INFO [271/380] 1254d287-eb87-4a80-95f1-0b7b23371fef: 113 datasets; 1.1 s; peak memory 403 MiB.
2026-09-23T21:42:35Z INFO [272/380] 1254f907-de33-4551-b564-3da16bf1fb0a: 163 datasets; 2.1 s; peak memory 403 MiB.
2026-09-23T21:42:36Z INFO [273/380] 12555985-f1d0-4027-9770-7699e35a4050: 52 datasets; 0.8 s; peak memory 403 MiB.
2026-09-23T21:42:37Z INFO [274/380] 1255cceb-2eb4-4c2d-a90e-e0fe9eff33f1: 48 datasets; 0.7 s; peak memory 403 MiB.
2026-09-23T21:42:37Z INFO [275/380] 12569eec-a831-43f9-89f0-9a473ee350bf: 48 datasets; 0.8 s; peak memory 403 MiB.
2026-09-23T21:42:38Z INFO [276/380] 12578473-1b21-4b49-8502-95f71a0db2d6: 84 datasets; 1.0 s; peak memory 403 MiB.
2026-09-23T21:42:39Z INFO [277/380] 1257bf30-998e-44b8-afd7-fe33b43a58a4: 59 datasets; 0.7 s; peak memory 403 MiB.
2026-09-23T21:42:40Z INFO [278/380] 125864cf-d055-4978-96d0-acef5f190e50: 50 datasets; 0.6 s; peak memory 403 MiB.
2026-09-23T21:42:40Z INFO [279/380] 1258be3b-7d35-4ac5-a0f1-e25527b64386: 49 datasets; 0.8 s; peak memory 403 MiB.
2026-09-23T21:42:41Z INFO [280/380] 1258d09b-cc1b-40d7-a6c7-889462571c81: 46 datasets; 0.4 s; peak memory 403 MiB.
2026-09-23T21:42:42Z INFO [281/380] 125a86bd-7f93-4d09-a6bf-d291f3ba256a: 48 datasets; 0.7 s; peak memory 403 MiB.
2026-09-23T21:42:43Z INFO [282/380] 125afa04-0f20-46e1-a8f6-53e35e0cd103: 112 datasets; 1.0 s; peak memory 403 MiB.
2026-09-23T21:42:43Z INFO [283/380] 125ceb82-b587-4c71-83af-3371ccf65283: 112 datasets; 0.9 s; peak memory 403 MiB.
2026-09-23T21:42:46Z INFO [284/380] 125df51a-be52-4574-96b7-26b955be1957: 117 datasets; 2.7 s; peak memory 403 MiB.
2026-09-23T21:42:47Z INFO [285/380] 125e093e-e4d8-4d72-9c24-d774ae206d5b: 48 datasets; 0.7 s; peak memory 403 MiB.
2026-09-23T21:42:49Z INFO [286/380] 125fc347-ea2d-4571-8d96-1d81980d07bc: 114 datasets; 1.9 s; peak memory 403 MiB.
2026-09-23T21:42:49Z INFO [287/380] 126147eb-c6fd-46b9-bd09-194200e4ce6f: 36 datasets; 0.7 s; peak memory 403 MiB.
2026-09-23T21:42:50Z INFO [288/380] 12617c66-b813-4048-b218-05554201b4ba: 48 datasets; 0.8 s; peak memory 403 MiB.
2026-09-23T21:42:51Z INFO [289/380] 1262e222-4692-400a-b84e-8cd9e324a23e: 66 datasets; 0.9 s; peak memory 403 MiB.
2026-09-23T21:43:15Z INFO [290/380] 126311e8-658e-4043-8cfb-440a3a326079: 48 datasets; 23.7 s; peak memory 403 MiB.
2026-09-23T21:43:16Z INFO [291/380] 12639941-4a2e-4955-bd49-10dbba12aceb: 52 datasets; 0.7 s; peak memory 403 MiB.
2026-09-23T21:47:13Z INFO [292/380] 1263b99e-eb99-497e-b1e7-b0a3e38a19cc: 436 datasets; 237.5 s; peak memory 533 MiB.
2026-09-23T21:47:14Z INFO [293/380] 12640f33-231a-42a7-b1ab-e3c61ad9091c: 38 datasets; 0.8 s; peak memory 533 MiB.
2026-09-23T21:47:15Z INFO [294/380] 126613e7-11a3-4a0c-8d15-7b2ab9f075a2: 118 datasets; 1.6 s; peak memory 533 MiB.
2026-09-23T21:47:16Z INFO [295/380] 1266308f-ec74-4cd1-a81a-d537c18bb2eb: 48 datasets; 0.9 s; peak memory 533 MiB.
2026-09-23T21:47:17Z INFO [296/380] 1266c4f9-7f73-4f1a-b02a-ac64f8752cd8: 63 datasets; 0.8 s; peak memory 533 MiB.
2026-09-23T21:47:18Z INFO [297/380] 12672eab-1637-400d-88fe-82ab0130d89b: 52 datasets; 0.8 s; peak memory 533 MiB.
2026-09-23T21:47:20Z INFO [298/380] 1267b4fc-c933-4703-8ec1-25145a4cf7b5: 92 datasets; 1.9 s; peak memory 533 MiB.
2026-09-23T21:47:21Z INFO [299/380] 1268126d-dc0a-4241-8da4-cb50c87677c6: 117 datasets; 1.0 s; peak memory 533 MiB.
2026-09-23T21:47:41Z INFO [300/380] 12688cb9-cccf-488f-82aa-ee5934eadf44: 48 datasets; 19.8 s; peak memory 533 MiB.
2026-09-23T21:47:41Z INFO [300/380] 12688cb9-cccf-488f-82aa-ee5934eadf44: checkpointed 55718 records.
2026-09-23T21:47:42Z INFO [301/380] 12690b7e-7351-46ac-be64-4e2376e713c5: 66 datasets; 1.1 s; peak memory 533 MiB.
2026-09-23T21:47:43Z INFO [302/380] 1269863b-2055-4dd1-bbe9-cd2184684d69: 117 datasets; 0.9 s; peak memory 533 MiB.
2026-09-23T21:47:44Z INFO [303/380] 1269bc3c-5a83-46a8-bfec-cc65b1e5c55b: 110 datasets; 0.9 s; peak memory 533 MiB.
2026-09-23T21:47:46Z INFO [304/380] 126a1077-1413-4d18-a522-610f795cdbb8: 118 datasets; 1.8 s; peak memory 533 MiB.
2026-09-23T21:47:46Z INFO [305/380] 126a3802-44fd-4c0f-9197-ed34b20c42d9: 48 datasets; 0.7 s; peak memory 533 MiB.
2026-09-23T21:47:47Z INFO [306/380] 126b7b53-f6a4-4476-be15-10120dfbd884: 48 datasets; 0.6 s; peak memory 533 MiB.
2026-09-23T21:47:47Z INFO [307/380] 126bbcb6-d2ae-4a4a-b585-9e6ab8151ca0: 46 datasets; 0.6 s; peak memory 533 MiB.
2026-09-23T21:47:48Z INFO [308/380] 126c3d6e-65fb-4750-8d1c-a892cb4c5a98: 52 datasets; 0.7 s; peak memory 533 MiB.
2026-09-23T21:47:49Z INFO [309/380] 126c487a-edeb-490a-981b-cf21552ff528: 69 datasets; 0.8 s; peak memory 533 MiB.
2026-09-23T21:47:50Z INFO [310/380] 126cbf7b-1ae8-44e8-a8da-487c225fec15: 68 datasets; 1.3 s; peak memory 533 MiB.
2026-09-23T21:47:51Z INFO [311/380] 126d0fdd-fe8c-4cd0-82ac-f5a8ea2dc3a9: 42 datasets; 0.9 s; peak memory 533 MiB.
2026-09-23T21:47:52Z INFO [312/380] 126d5191-e49a-4e30-90ff-d6da4b742770: 109 datasets; 0.8 s; peak memory 533 MiB.
2026-09-23T21:47:53Z INFO [313/380] 126dc148-913a-4a84-a5c9-601da3dfad82: 48 datasets; 0.7 s; peak memory 533 MiB.
2026-09-23T21:47:53Z INFO [314/380] 126eec3d-1efc-44a0-8086-139f6b8b8b26: 48 datasets; 0.8 s; peak memory 533 MiB.
2026-09-23T21:47:55Z INFO [315/380] 126f8478-e555-4fd6-9b78-e90ad83203af: 71 datasets; 1.4 s; peak memory 533 MiB.
2026-09-23T21:47:56Z INFO [316/380] 126fa802-db00-400f-afb9-b984ce0e754c: 48 datasets; 0.8 s; peak memory 533 MiB.
2026-09-23T21:47:57Z INFO [317/380] 12702403-8a43-4c8a-afc3-f13621a52b81: 69 datasets; 1.2 s; peak memory 533 MiB.
2026-09-23T21:47:57Z INFO [318/380] 12702ecd-2ffc-4a0d-8049-b0d22529669f: 46 datasets; 0.5 s; peak memory 533 MiB.
2026-09-23T21:47:59Z INFO [319/380] 12704483-ebb1-4dc3-9d6e-05cc74f88bfc: 66 datasets; 1.3 s; peak memory 533 MiB.
2026-09-23T21:47:59Z INFO [320/380] 12712139-ee1b-4c20-9cd9-8455b8937e96: 48 datasets; 0.9 s; peak memory 533 MiB.
2026-09-23T21:48:00Z INFO [321/380] 1271b36a-a228-44e1-a223-4d5c5d69d094: 110 datasets; 1.1 s; peak memory 533 MiB.
2026-09-23T21:48:01Z INFO [322/380] 12722f7e-a132-4c9f-a643-edc122b2597c: 48 datasets; 0.7 s; peak memory 533 MiB.
2026-09-23T21:48:02Z INFO [323/380] 12723042-fd1d-430d-8c51-0954a2146d8b: 62 datasets; 1.1 s; peak memory 533 MiB.
2026-09-23T21:48:03Z INFO [324/380] 12726f6a-9245-49ec-94e2-5ec3ae859ee6: 112 datasets; 1.1 s; peak memory 533 MiB.
2026-09-23T21:48:05Z INFO [325/380] 127296c8-4314-4b8d-96bf-fffa3b325d77: 197 datasets; 2.2 s; peak memory 533 MiB.
2026-09-23T21:48:20Z INFO [326/380] 1272b61f-d316-4e55-a238-cafef4e28035: 794 datasets; 14.9 s; peak memory 533 MiB.
2026-09-23T21:48:27Z INFO [327/380] 1272cf92-43de-4699-8599-fb7e7fd455d1: 874 datasets; 6.3 s; peak memory 533 MiB.
2026-09-23T21:48:31Z INFO [328/380] 1272dd63-01c6-4829-8def-bd037dc8e498: 553 datasets; 3.9 s; peak memory 533 MiB.
2026-09-23T21:48:31Z INFO [329/380] 12736698-00d5-411e-968e-a14f73946bf1: 48 datasets; 0.7 s; peak memory 533 MiB.
2026-09-23T21:48:41Z INFO [330/380] 12765c87-15a9-4ffb-a869-d4c15afe30d9: 1314 datasets; 9.5 s; peak memory 533 MiB.
2026-09-23T21:48:42Z INFO [331/380] 12778a87-a686-46e6-8fc5-4e2523546e9d: 117 datasets; 0.8 s; peak memory 533 MiB.
2026-09-23T21:48:43Z INFO [332/380] 1277f007-9fa6-4c59-9a36-73878dd15e87: 158 datasets; 1.4 s; peak memory 533 MiB.
2026-09-23T21:48:52Z INFO [333/380] 12783649-b0bf-464b-a696-959c40ea9ffc: 876 datasets; 8.8 s; peak memory 533 MiB.
2026-09-23T21:48:53Z INFO [334/380] 12785737-e900-4b13-8d48-69ec405000b9: 46 datasets; 1.3 s; peak memory 533 MiB.
2026-09-23T21:48:54Z INFO [335/380] 127904ba-562f-4819-b011-f9404707c435: 86 datasets; 1.1 s; peak memory 533 MiB.
2026-09-23T21:48:55Z INFO [336/380] 127ac66d-4861-4a48-975f-4a51537a1f22: 117 datasets; 0.9 s; peak memory 533 MiB.
2026-09-23T21:49:02Z INFO [337/380] 127ba951-a417-4de7-917e-f0672ede66d1: 771 datasets; 7.2 s; peak memory 533 MiB.
2026-09-23T21:49:03Z INFO [338/380] 127ba9f5-293d-44b5-b22b-c8e4610636e2: 37 datasets; 0.7 s; peak memory 533 MiB.
2026-09-23T21:49:04Z INFO [339/380] 127bf413-1ec1-4f68-b977-227cc186c062: 116 datasets; 0.9 s; peak memory 533 MiB.
2026-09-23T21:49:05Z INFO [340/380] 127c2a09-3b77-44a7-9631-c64442a2ad0a: 118 datasets; 1.4 s; peak memory 533 MiB.
2026-09-23T21:49:07Z INFO [341/380] 127cd283-1d5b-47b9-b111-808584826f92: 119 datasets; 2.0 s; peak memory 533 MiB.
2026-09-23T21:49:11Z INFO [342/380] 127cf127-c3ef-4d2b-9ef2-339188cf2c04: 229 datasets; 3.6 s; peak memory 533 MiB.
2026-09-23T21:49:11Z INFO [343/380] 127d216b-99ed-4b1b-91d2-74e12334f150: 62 datasets; 0.6 s; peak memory 533 MiB.
2026-09-23T21:49:13Z INFO [344/380] 127dbdc5-b921-4cdb-b216-ecbb5cdaa1c3: 112 datasets; 1.3 s; peak memory 533 MiB.
2026-09-23T21:49:14Z INFO [345/380] 127ec4c3-cf35-4aae-be88-38e19dcc7c19: 69 datasets; 1.0 s; peak memory 533 MiB.
2026-09-23T21:49:15Z INFO [346/380] 127f17d3-8b3b-4ede-9fb8-90c97b6e289b: 79 datasets; 0.9 s; peak memory 533 MiB.
2026-09-23T21:49:24Z INFO [347/380] 127f705c-f27e-4b06-8b28-f906d0451313: 370 datasets; 9.1 s; peak memory 533 MiB.
2026-09-23T21:51:25Z INFO [348/380] 127f7149-5e5c-4ac4-b321-7566680132c0: 261 datasets; 121.1 s; peak memory 533 MiB.
2026-09-23T21:51:26Z INFO [349/380] 127f7909-06fb-4e8a-b339-fdbd55bde312: 117 datasets; 0.9 s; peak memory 533 MiB.
2026-09-23T21:51:38Z INFO [350/380] 127fc155-5fea-42e5-95b7-6f0fe653f859: 7825 datasets; 12.5 s; peak memory 533 MiB.
2026-09-23T21:51:38Z INFO [350/380] 127fc155-5fea-42e5-95b7-6f0fe653f859: checkpointed 55768 records.
2026-09-23T21:51:39Z INFO [351/380] 1280ef32-3c65-4196-b2eb-a1cc09739932: 48 datasets; 1.0 s; peak memory 533 MiB.
2026-09-23T21:51:40Z INFO [352/380] 1280f2b8-6f8c-4385-94ba-bd143fd61463: 46 datasets; 0.6 s; peak memory 533 MiB.
2026-09-23T21:51:41Z INFO [353/380] 1281da61-cde3-4f1c-87e6-b25c0ff91633: 118 datasets; 1.0 s; peak memory 533 MiB.
2026-09-23T21:51:43Z INFO [354/380] 12828d04-8ab4-493a-83f1-2fee41d496a0: 115 datasets; 2.1 s; peak memory 533 MiB.
2026-09-23T21:51:44Z INFO [355/380] 128299c1-cff9-48e5-ac54-150bb887e33c: 48 datasets; 0.9 s; peak memory 533 MiB.
2026-09-23T21:51:45Z INFO [356/380] 1282b937-4363-4147-9065-e43b50ac4c04: 63 datasets; 0.7 s; peak memory 533 MiB.
2026-09-23T21:51:46Z INFO [357/380] 1282c9e7-3c07-4932-b8d3-d8451ca5b9ca: 107 datasets; 1.2 s; peak memory 533 MiB.
2026-09-23T21:51:46Z INFO [358/380] 12838ded-9f38-444b-9537-b1dc0616347f: 45 datasets; 0.5 s; peak memory 533 MiB.
2026-09-23T21:51:47Z INFO [359/380] 128449c8-da61-4773-b897-e79613e09ba6: 33 datasets; 0.6 s; peak memory 533 MiB.
2026-09-23T21:51:48Z INFO [360/380] 12847eb3-982f-4329-b84b-a359a8cb06b6: 65 datasets; 1.2 s; peak memory 533 MiB.
2026-09-23T21:51:58Z INFO [361/380] 12860774-2abf-4829-94a4-6c471cf79077: 727 datasets; 9.9 s; peak memory 533 MiB.
2026-09-23T21:52:01Z INFO [362/380] 128612ed-d309-4a6f-908b-a0276e21a60a: 481 datasets; 3.2 s; peak memory 533 MiB.
2026-09-23T21:52:02Z INFO [363/380] 12864c5d-c3db-4b88-b4fc-7731a006497f: 101 datasets; 1.2 s; peak memory 533 MiB.
2026-09-23T21:52:03Z INFO [364/380] 12874cea-a6ae-4ddc-9e38-404734c43cfb: 116 datasets; 0.9 s; peak memory 533 MiB.
2026-09-23T21:52:15Z INFO [365/380] 1287ad48-dc21-43de-8aff-8d2748057517: 106 datasets; 11.7 s; peak memory 533 MiB.
2026-09-23T21:52:22Z INFO [366/380] 128811a2-a194-49d5-a32a-69ab794efd9b: 1335 datasets; 7.1 s; peak memory 533 MiB.
2026-09-23T21:52:23Z INFO [367/380] 128833a9-11ad-4e82-8482-cb0e2ad7a9f5: 50 datasets; 0.6 s; peak memory 533 MiB.
2026-09-23T21:52:24Z INFO [368/380] 1288b258-c0e9-4ca4-8932-f9f4646ff637: 110 datasets; 1.1 s; peak memory 533 MiB.
2026-09-23T21:52:25Z INFO [369/380] 12897cf0-7eda-4f90-b230-042c4b56ea1d: 123 datasets; 1.5 s; peak memory 533 MiB.
2026-09-23T21:52:27Z INFO [370/380] 1289cbd3-913c-41f6-b77e-19a29777ab86: 88 datasets; 2.0 s; peak memory 533 MiB.
2026-09-23T21:52:28Z INFO [371/380] 1289e785-6978-4744-bbb4-4e7d1870f58d: 52 datasets; 0.9 s; peak memory 533 MiB.
2026-09-23T21:52:30Z INFO [372/380] 1289e869-bdbf-4d40-8d6f-ddab37aaeba9: 115 datasets; 1.8 s; peak memory 533 MiB.
2026-09-23T21:52:30Z INFO [373/380] 128a5e3f-25bb-4d3e-bcaa-3a1b9b9db424: 46 datasets; 0.5 s; peak memory 533 MiB.
2026-09-23T21:52:31Z INFO [374/380] 128a790d-f92f-411d-a219-b2a32efa43aa: 48 datasets; 0.8 s; peak memory 533 MiB.
2026-09-23T21:52:39Z INFO [375/380] 128b6b86-cd95-4023-9a56-45bee98a1b02: 3693 datasets; 7.7 s; peak memory 533 MiB.
2026-09-23T21:52:40Z INFO [376/380] 128b9d28-eef5-4b53-ad46-f890393a2165: 114 datasets; 0.6 s; peak memory 533 MiB.
2026-09-23T21:52:40Z INFO [377/380] 128c2c70-f587-48ca-8f53-4b397a167c7c: 48 datasets; 0.8 s; peak memory 533 MiB.
2026-09-23T21:52:41Z INFO [378/380] 128c2ef4-8b91-4069-a068-8842eb4f0a46: 52 datasets; 0.7 s; peak memory 533 MiB.
2026-09-23T21:52:42Z INFO [379/380] 128c32f5-1de2-4d3e-8adb-ec23d5bb9819: 230 datasets; 0.9 s; peak memory 533 MiB.
2026-09-23T21:52:47Z INFO [380/380] ab5e3024-1afb-4abd-8292-530bdd871fc6: 79 datasets; 5.1 s; peak memory 533 MiB.
2026-09-23T21:52:47Z INFO Wrote 55798 records to /tmp/derivatives/valid_nwb_file_to_number_of_datasets.jsonl (380 new, 0 failed) in 29.6 min (peak memory 533 MiB).
