2026-10-06T16:33:21Z INFO Logging to /tmp/logs/update_2026-10-06T16-33-21Z.log.
2026-10-06T16:33:21Z INFO Update valid-nwb-file-to-number-of-datasets (base directory /tmp).
2026-10-06T16:33:21Z INFO Processing 750 items (86085 already recorded).
2026-10-06T16:33:23Z INFO [1/750] 512c7876-f78e-49e5-8dbe-7ff6d69160fb: 46 datasets; 1.6 s; peak memory 108 MiB.
2026-10-06T16:33:25Z INFO [2/750] 512c7886-88dc-46d4-bca7-c79de4cc4d2a: 101 datasets; 2.3 s; peak memory 111 MiB.
2026-10-06T16:33:26Z INFO [3/750] 512c85d2-1430-4bac-9cd3-d7ef2fe87bcd: 48 datasets; 1.2 s; peak memory 111 MiB.
2026-10-06T16:33:28Z INFO [4/750] 512d8f29-94b5-4480-9e4b-b46762668bef: 119 datasets; 1.3 s; peak memory 111 MiB.
2026-10-06T16:33:29Z INFO [5/750] 512e2eca-a9ae-4764-ae57-0fd83066fc2e: 46 datasets; 0.9 s; peak memory 112 MiB.
2026-10-06T16:33:30Z INFO [6/750] 51305752-3c5f-4ceb-b480-d25d1cee545a: 49 datasets; 1.5 s; peak memory 112 MiB.
2026-10-06T16:33:31Z INFO [7/750] 5130d9cf-f843-4167-80a8-183e6930b3af: 48 datasets; 1.2 s; peak memory 112 MiB.
2026-10-06T16:33:33Z INFO [8/750] 5130e199-bf8c-49e3-9bac-41b61f395070: 77 datasets; 1.5 s; peak memory 112 MiB.
2026-10-06T16:33:34Z INFO [9/750] 5131010c-3d2c-4d7b-a383-8b68734fc66c: 48 datasets; 1.3 s; peak memory 112 MiB.
2026-10-06T16:33:36Z INFO [10/750] 5131dd94-e52f-4139-8740-03fc9518c992: 62 datasets; 1.7 s; peak memory 112 MiB.
2026-10-06T16:33:37Z INFO [11/750] 5132129f-43a6-4527-8b25-29a91cf629a3: 46 datasets; 1.0 s; peak memory 112 MiB.
2026-10-06T16:33:38Z INFO [12/750] 5132d946-53d4-4676-a9fc-0f82fa7ef277: 112 datasets; 1.5 s; peak memory 115 MiB.
2026-10-06T16:33:40Z INFO [13/750] 513337ac-2196-4eb7-8e38-9d087497649f: 118 datasets; 1.6 s; peak memory 115 MiB.
2026-10-06T16:33:41Z INFO [14/750] 51340eda-ce5f-4f1a-acfe-f12d19e200f1: 48 datasets; 1.4 s; peak memory 115 MiB.
2026-10-06T16:33:43Z INFO [15/750] 5134736a-39a9-4c66-8136-9b620361840e: 117 datasets; 1.5 s; peak memory 115 MiB.
2026-10-06T16:33:58Z INFO [16/750] 5135f035-31b3-40f7-ae7b-ccfd0d976770: 98 datasets; 15.1 s; peak memory 142 MiB.
2026-10-06T16:34:01Z INFO [17/750] 51374887-e16b-4b3e-a987-68e0a896c7d1: 123 datasets; 3.3 s; peak memory 143 MiB.
2026-10-06T16:34:03Z INFO [18/750] 51388b7d-969c-43d2-978b-21ff8b496d3d: 133 datasets; 2.2 s; peak memory 143 MiB.
2026-10-06T16:34:26Z INFO [19/750] 51390b38-ea0e-42b9-931d-b6831e2bca53: 363 datasets; 22.5 s; peak memory 143 MiB.
2026-10-06T16:34:27Z INFO [20/750] 513921c5-b2e6-4b96-9560-9e1cc7339541: 52 datasets; 1.5 s; peak memory 143 MiB.
2026-10-06T16:34:29Z INFO [21/750] 513a65f9-34fa-48ac-83a3-384824e2221b: 118 datasets; 1.5 s; peak memory 143 MiB.
2026-10-06T16:35:52Z INFO [22/750] 513a80ec-5fa9-4859-9fac-9fc5959b5202: 15412 datasets; 83.4 s; peak memory 411 MiB.
2026-10-06T16:35:54Z INFO [23/750] 513a954d-1f48-429a-bf00-a3438e9b578e: 97 datasets; 1.5 s; peak memory 411 MiB.
2026-10-06T16:35:55Z INFO [24/750] 513ade33-d5c5-408d-b232-2ce72ca2b428: 48 datasets; 1.3 s; peak memory 411 MiB.
2026-10-06T16:36:00Z INFO [25/750] 513bd53e-4a34-46a3-b040-1c5e21da1350: 53 datasets; 4.6 s; peak memory 411 MiB.
2026-10-06T16:36:03Z INFO [26/750] 513be939-7ef4-4471-9042-3c3f95cbc7bf: 115 datasets; 3.1 s; peak memory 411 MiB.
2026-10-06T16:36:04Z INFO [27/750] 513d5fd5-860b-40e5-a27d-c0856bb14d07: 61 datasets; 1.7 s; peak memory 411 MiB.
2026-10-06T16:36:06Z INFO [28/750] 513e78ba-ab0f-4950-bbf5-755a27438156: 38 datasets; 1.2 s; peak memory 411 MiB.
2026-10-06T16:36:08Z INFO [29/750] 513e7b91-a16b-4de2-96e7-43ad31a7ddc5: 101 datasets; 2.1 s; peak memory 411 MiB.
2026-10-06T16:36:09Z INFO [30/750] 513e80ee-0fd8-44cb-b753-b24de94a0248: 52 datasets; 1.6 s; peak memory 411 MiB.
2026-10-06T16:36:11Z INFO [31/750] 513eaed5-314c-4c8f-99fd-09fda4c32d84: 118 datasets; 1.4 s; peak memory 411 MiB.
2026-10-06T16:36:12Z INFO [32/750] 513f4403-fc25-41e1-8fe8-14dad496be4f: 48 datasets; 1.3 s; peak memory 411 MiB.
2026-10-06T16:36:13Z INFO [33/750] 513f50d0-c6ea-4d99-b118-2b26b58fac14: 114 datasets; 1.4 s; peak memory 411 MiB.
2026-10-06T16:36:17Z INFO [34/750] 513f6332-1453-4147-abb5-43eaaa38d2fc: 114 datasets; 3.3 s; peak memory 411 MiB.
2026-10-06T16:36:18Z INFO [35/750] 513f7d94-7729-45d9-bb1d-835c745747cd: 48 datasets; 1.4 s; peak memory 411 MiB.
2026-10-06T16:36:33Z INFO [36/750] 51400f2a-ecb8-434a-9fd4-b9adbc8b9e1d: 284 datasets; 15.0 s; peak memory 411 MiB.
2026-10-06T16:36:35Z INFO [37/750] 5140d7fd-5185-4c12-b545-8c87b2e53063: 62 datasets; 1.9 s; peak memory 411 MiB.
2026-10-06T16:36:37Z INFO [38/750] 51410808-96ec-4e08-a4d1-1c538e3da356: 70 datasets; 2.4 s; peak memory 411 MiB.
2026-10-06T16:36:39Z INFO [39/750] 5141ff0a-641d-40cb-bb2e-1db3ad973218: 110 datasets; 1.8 s; peak memory 411 MiB.
2026-10-06T16:36:41Z INFO [40/750] 514219a6-9b7e-408e-a1f8-ddee0f0e6dba: 48 datasets; 1.4 s; peak memory 411 MiB.
2026-10-06T16:36:42Z INFO [41/750] 5142870d-39c5-4dc8-b93a-dbca20d0bcec: 112 datasets; 1.7 s; peak memory 411 MiB.
2026-10-06T16:36:44Z INFO [42/750] 51430e9c-3c05-44d9-bd3d-1070f5fae233: 116 datasets; 1.5 s; peak memory 411 MiB.
2026-10-06T16:36:46Z INFO [43/750] 51436b99-41e4-4416-bdd2-9bd8a63101cc: 38 datasets; 2.6 s; peak memory 411 MiB.
2026-10-06T16:36:47Z INFO [44/750] 5143a960-0609-4cfa-b09c-fd3fe8b7b71e: 58 datasets; 1.1 s; peak memory 411 MiB.
2026-10-06T16:37:02Z INFO [45/750] 5144821b-078c-4172-a2b2-323761e7045d: 70 datasets; 14.2 s; peak memory 411 MiB.
2026-10-06T16:37:03Z INFO [46/750] 5144e822-2b88-4396-bf64-86f03b061cf1: 48 datasets; 1.3 s; peak memory 411 MiB.
2026-10-06T16:37:04Z INFO [47/750] 5145152c-3e45-415e-9a0a-50e8250b924e: 48 datasets; 1.3 s; peak memory 411 MiB.
2026-10-06T16:37:05Z INFO [48/750] 51456890-528a-401a-bea1-d443a1e6afb5: 57 datasets; 1.2 s; peak memory 411 MiB.
2026-10-06T16:37:07Z INFO [49/750] 5145aa59-8b4d-401a-b783-d9e69d50e896: 77 datasets; 1.7 s; peak memory 411 MiB.
2026-10-06T16:37:09Z INFO [50/750] 514733b3-4789-445e-a8d4-a8ce75bec40a: 71 datasets; 1.9 s; peak memory 411 MiB.
2026-10-06T16:37:09Z INFO [50/750] 514733b3-4789-445e-a8d4-a8ce75bec40a: checkpointed 86135 records.
2026-10-06T16:37:10Z INFO [51/750] 5148868a-36d1-4936-8330-9f2c174aa620: 48 datasets; 1.5 s; peak memory 411 MiB.
2026-10-06T16:37:11Z INFO [52/750] 514a3531-ea95-4022-9ad4-2f1f9498bd8a: 56 datasets; 1.0 s; peak memory 411 MiB.
2026-10-06T16:37:13Z INFO [53/750] 514acfdd-11f4-48ed-a09d-006e9f4e8188: 48 datasets; 1.2 s; peak memory 411 MiB.
2026-10-06T16:37:23Z INFO [54/750] 514af535-0e09-419b-adbd-bd8f833e3b70: 11485 datasets; 10.5 s; peak memory 413 MiB.
2026-10-06T16:37:24Z INFO [55/750] 514c5050-9009-45c4-bc79-5dcb9bc1e731: 48 datasets; 1.2 s; peak memory 413 MiB.
2026-10-06T16:37:26Z INFO [56/750] 514c9338-8166-4b2b-9ff5-d05725cd8365: 153 datasets; 1.8 s; peak memory 413 MiB.
2026-10-06T16:37:51Z INFO [57/750] 514d4a19-aee4-4a4e-9e16-f82bef07c99f: 48 datasets; 25.2 s; peak memory 413 MiB.
2026-10-06T16:38:47Z INFO [58/750] 514dc62d-c73f-427a-a572-58fe670e1977: 52 datasets; 55.9 s; peak memory 413 MiB.
2026-10-06T16:38:49Z INFO [59/750] 514efccd-7bfd-4161-a074-3d6cf2e39adc: 112 datasets; 1.9 s; peak memory 413 MiB.
2026-10-06T16:38:51Z INFO [60/750] 514f8fa1-6f22-42e0-bc3d-6f3de1b8ac15: 48 datasets; 1.2 s; peak memory 413 MiB.
2026-10-06T16:38:52Z INFO [61/750] 51506f63-cd85-4556-a18b-3b3ce5e89478: 117 datasets; 1.6 s; peak memory 413 MiB.
2026-10-06T16:39:06Z INFO [62/750] 51508ee5-c489-429b-ac1a-e0abbb1145c0: 1195 datasets; 13.9 s; peak memory 413 MiB.
2026-10-06T16:39:07Z INFO [63/750] 5150c93d-9098-4fdb-b52a-654bd61fea9d: 118 datasets; 1.5 s; peak memory 413 MiB.
2026-10-06T16:39:24Z INFO [64/750] 515199dd-6793-451c-918f-ce0ee03fdc00: 1267 datasets; 16.1 s; peak memory 413 MiB.
2026-10-06T16:39:25Z INFO [65/750] 5151c3a9-c454-427f-8804-6e5b9961c2f9: 51 datasets; 1.7 s; peak memory 413 MiB.
2026-10-06T16:39:27Z INFO [66/750] 5153091d-86b3-470d-a1c6-55152687d84d: 70 datasets; 1.9 s; peak memory 413 MiB.
2026-10-06T16:39:29Z INFO [67/750] 51537d66-a28d-4d38-b2fd-02e04317d592: 117 datasets; 1.5 s; peak memory 413 MiB.
2026-10-06T16:39:32Z INFO [68/750] 515422e2-8692-47ad-8058-bdea3b77ba18: 156 datasets; 3.6 s; peak memory 413 MiB.
2026-10-06T16:39:33Z INFO [69/750] 51543277-1458-4700-ae5a-b9061218b3fc: 48 datasets; 1.2 s; peak memory 413 MiB.
2026-10-06T16:39:34Z INFO [70/750] 5154e70a-2f8c-4b1c-92f5-e4e108681d36: 46 datasets; 0.9 s; peak memory 413 MiB.
2026-10-06T16:39:36Z INFO [71/750] 51558b1a-8a1b-4953-a0d4-05bd7d4ee590: 48 datasets; 1.2 s; peak memory 413 MiB.
2026-10-06T16:39:37Z INFO [72/750] 51563416-2b19-472a-83ee-d0d15d46f403: 66 datasets; 1.9 s; peak memory 413 MiB.
2026-10-06T16:39:39Z INFO [73/750] 51568ab1-6c1b-4208-8ee7-86e4e14517d6: 48 datasets; 1.3 s; peak memory 413 MiB.
2026-10-06T16:39:40Z INFO [74/750] 5156a22b-99f7-4b9c-94d3-59a94a70322b: 46 datasets; 1.0 s; peak memory 413 MiB.
2026-10-06T16:39:41Z INFO [75/750] 51574441-a323-4681-9de9-3604832f19b0: 48 datasets; 1.3 s; peak memory 413 MiB.
2026-10-06T16:39:53Z INFO [76/750] 5157d36a-da7a-4722-bde8-bac0dc80352b: 647 datasets; 12.3 s; peak memory 413 MiB.
2026-10-06T16:39:55Z INFO [77/750] 5158f50e-209c-4ea5-8e42-3bd6b9a270f5: 118 datasets; 1.5 s; peak memory 413 MiB.
2026-10-06T16:39:58Z INFO [78/750] 5159549c-1faf-48ff-8f52-ead11b65c994: 156 datasets; 3.5 s; peak memory 413 MiB.
2026-10-06T16:40:07Z INFO [79/750] 51598373-a64c-4329-b178-adcfb38b4824: 193 datasets; 8.4 s; peak memory 413 MiB.
2026-10-06T16:40:15Z INFO [80/750] 5159afc7-a4ca-4d80-a55a-b92b42698141: 11477 datasets; 8.5 s; peak memory 413 MiB.
2026-10-06T16:40:17Z INFO [81/750] 515a4684-c0ea-4774-8710-85f0d2b64df0: 112 datasets; 1.8 s; peak memory 413 MiB.
2026-10-06T16:40:19Z INFO [82/750] 515ad2b4-edb7-4f34-bcb5-5ec249ba5e0a: 52 datasets; 1.4 s; peak memory 413 MiB.
2026-10-06T16:40:20Z INFO [83/750] 515be986-ec2a-408b-a06f-96498321b339: 57 datasets; 1.0 s; peak memory 413 MiB.
2026-10-06T16:40:21Z INFO [84/750] 515c598b-b2e3-44ce-913f-7ac4651433d9: 46 datasets; 1.3 s; peak memory 413 MiB.
2026-10-06T16:40:23Z INFO [85/750] 515c6dca-beaf-4c8d-ab57-29a2f77f7f7d: 117 datasets; 1.7 s; peak memory 413 MiB.
2026-10-06T16:40:26Z INFO [86/750] 515c7151-e087-44b5-b2e4-79051fd33dd1: 156 datasets; 3.5 s; peak memory 413 MiB.
2026-10-06T16:40:28Z INFO [87/750] 515c80bd-f2e9-4b0c-9def-005183d83ef4: 118 datasets; 1.6 s; peak memory 413 MiB.
2026-10-06T16:40:42Z INFO [88/750] 515e3854-7fde-4eaf-a31c-9562394c1469: 946 datasets; 14.3 s; peak memory 413 MiB.
2026-10-06T16:40:58Z INFO [89/750] 515e534f-6e1e-43fa-9408-5ece4d152727: 708 datasets; 15.6 s; peak memory 413 MiB.
2026-10-06T16:40:59Z INFO [90/750] 515e7d4e-b82d-4821-aea1-bf8ed956d11a: 48 datasets; 1.5 s; peak memory 413 MiB.
2026-10-06T16:41:01Z INFO [91/750] 515fe73c-086d-4531-b37f-63f78a462098: 118 datasets; 1.6 s; peak memory 413 MiB.
2026-10-06T16:41:02Z INFO [92/750] 51607e7b-bb3a-4248-a937-312c97217220: 118 datasets; 1.8 s; peak memory 413 MiB.
2026-10-06T16:41:04Z INFO [93/750] 51608bb7-1eba-4bcb-af71-552288defec4: 48 datasets; 1.4 s; peak memory 413 MiB.
2026-10-06T16:41:06Z INFO [94/750] 5160bc60-3947-467b-802f-f46fa96630d4: 101 datasets; 2.2 s; peak memory 413 MiB.
2026-10-06T16:41:09Z INFO [95/750] 5161c515-55a6-47ff-8a22-f4da9768a49e: 156 datasets; 3.5 s; peak memory 413 MiB.
2026-10-06T16:41:11Z INFO [96/750] 5161d989-14a5-41c7-994a-f508739fc829: 48 datasets; 1.3 s; peak memory 413 MiB.
2026-10-06T16:41:47Z INFO [97/750] 51620fcd-09b9-4b5f-ae0e-2f7848aad851: 42 datasets; 36.1 s; peak memory 413 MiB.
2026-10-06T16:41:48Z INFO [98/750] 5162a1b5-a259-4ddb-8ac9-e9e6368af38f: 57 datasets; 1.1 s; peak memory 413 MiB.
2026-10-06T16:41:50Z INFO [99/750] 5162c483-f9c9-49c4-ace9-3d2c427d11e7: 117 datasets; 1.8 s; peak memory 413 MiB.
2026-10-06T16:41:51Z INFO [100/750] 51633cf0-d26e-487e-9b35-b7750ca68a5c: 52 datasets; 1.4 s; peak memory 413 MiB.
2026-10-06T16:41:51Z INFO [100/750] 51633cf0-d26e-487e-9b35-b7750ca68a5c: checkpointed 86185 records.
2026-10-06T16:41:53Z INFO [101/750] 5164760d-06fe-45f6-bca7-edb1c18c924b: 48 datasets; 1.2 s; peak memory 413 MiB.
2026-10-06T16:41:55Z INFO [102/750] 5164e44b-3a5e-4125-b766-854c77906f07: 70 datasets; 2.2 s; peak memory 413 MiB.
2026-10-06T16:41:56Z INFO [103/750] 5165f244-18ca-4a83-beb6-8bbd35c44941: 117 datasets; 1.5 s; peak memory 413 MiB.
2026-10-06T16:41:58Z INFO [104/750] 5165f5cd-33b1-4dc6-ab8b-943941fd5a10: 117 datasets; 1.5 s; peak memory 413 MiB.
2026-10-06T16:42:03Z INFO [105/750] 5166e5e9-1d6a-492d-aff6-d71a2255ee2a: 457 datasets; 5.4 s; peak memory 413 MiB.
2026-10-06T16:42:05Z INFO [106/750] 5166f6a2-f804-468c-9662-9d7f18ad7c2f: 42 datasets; 1.3 s; peak memory 413 MiB.
2026-10-06T16:42:06Z INFO [107/750] 51674e98-bded-4b45-8dc2-1da1f339aa78: 77 datasets; 1.5 s; peak memory 413 MiB.
2026-10-06T16:42:09Z INFO [108/750] 51679bf9-3904-4ead-9cfb-9dcd195b9c75: 115 datasets; 3.1 s; peak memory 413 MiB.
2026-10-06T16:42:13Z INFO [109/750] 5167eed1-5fdd-4474-9828-71f10131d441: 101 datasets; 3.5 s; peak memory 413 MiB.
2026-10-06T16:42:15Z INFO [110/750] 516a2e3f-e220-49ef-ab03-44d27cbe7085: 102 datasets; 2.0 s; peak memory 413 MiB.
2026-10-06T16:42:17Z INFO [111/750] 516a77f4-2daf-4cbd-a94f-e341672115c1: 112 datasets; 2.0 s; peak memory 413 MiB.
2026-10-06T16:42:18Z INFO [112/750] 516b4468-57d4-45f1-91c9-0c6a54aaa50b: 57 datasets; 1.2 s; peak memory 413 MiB.
2026-10-06T16:42:19Z INFO [113/750] 516b7420-70fe-4a93-8ef3-c096b6c01593: 48 datasets; 1.3 s; peak memory 413 MiB.
2026-10-06T16:42:21Z INFO [114/750] 516b9d17-582b-4d54-b005-ae3a0e8fac20: 117 datasets; 1.7 s; peak memory 413 MiB.
2026-10-06T16:42:24Z INFO [115/750] 516c367e-0dd8-4651-95c8-ea7e0e3389cd: 66 datasets; 2.7 s; peak memory 413 MiB.
2026-10-06T16:42:33Z INFO [116/750] 516c4487-344e-407c-ba97-19b26a50cab9: 339 datasets; 9.8 s; peak memory 413 MiB.
2026-10-06T16:42:35Z INFO [117/750] 516c5856-84e7-44a9-84b9-df2db3ca1abb: 46 datasets; 1.5 s; peak memory 413 MiB.
2026-10-06T16:42:36Z INFO [118/750] 516c5a7f-1e05-43bc-87e6-426c13566e81: 46 datasets; 0.9 s; peak memory 413 MiB.
2026-10-06T16:42:42Z INFO [119/750] 516e0a21-5ba3-427d-ac42-d1e5f46b1d46: 538 datasets; 6.1 s; peak memory 413 MiB.
2026-10-06T16:42:44Z INFO [120/750] 516e133b-f61e-43cf-b97d-08f1d50aa55c: 64 datasets; 2.1 s; peak memory 413 MiB.
2026-10-06T16:42:49Z INFO [121/750] 516e7e76-9f4d-45fd-b48a-57be0a95aab2: 206 datasets; 4.9 s; peak memory 413 MiB.
2026-10-06T16:42:51Z INFO [122/750] 516f25d9-ed23-4b59-9ee8-0a841016f080: 75 datasets; 2.4 s; peak memory 413 MiB.
2026-10-06T16:42:53Z INFO [123/750] 516f680f-6125-4fa8-9984-e96245816b31: 48 datasets; 1.3 s; peak memory 413 MiB.
2026-10-06T16:42:54Z INFO [124/750] 51713084-0b6f-4780-b495-14f012805976: 57 datasets; 1.1 s; peak memory 413 MiB.
2026-10-06T16:42:55Z INFO [125/750] 517222e1-a6b9-40a1-a9fb-8a251d40d048: 48 datasets; 1.3 s; peak memory 413 MiB.
2026-10-06T16:42:56Z INFO [126/750] 51742092-5c81-4dce-968d-45cd47f68d7f: 46 datasets; 1.1 s; peak memory 413 MiB.
2026-10-06T16:42:58Z INFO [127/750] 51747fcc-c398-40db-b7be-805ad79463d9: 62 datasets; 1.9 s; peak memory 413 MiB.
2026-10-06T16:42:59Z INFO [128/750] 5174b3b9-51df-471f-bdc6-a31834e1804b: 48 datasets; 1.3 s; peak memory 413 MiB.
2026-10-06T16:43:01Z INFO [129/750] 51754538-c1ed-4280-81b7-3be7375491af: 112 datasets; 1.8 s; peak memory 413 MiB.
2026-10-06T16:43:02Z INFO [130/750] 51761ed0-9f47-424f-988b-2b7f8bde02b7: 52 datasets; 1.3 s; peak memory 413 MiB.
2026-10-06T16:43:19Z INFO [131/750] 5177f847-36a7-438d-bf9c-67c513bd1dec: 1101 datasets; 16.3 s; peak memory 413 MiB.
2026-10-06T16:43:24Z INFO [132/750] 517825c1-7ab2-4659-9537-56c288948d50: 404 datasets; 4.9 s; peak memory 413 MiB.
2026-10-06T16:43:25Z INFO [133/750] 517855ed-4c69-471b-a4f6-6582125fb63b: 275 datasets; 1.8 s; peak memory 413 MiB.
2026-10-06T16:43:35Z INFO [134/750] 5178c29a-60b9-418b-af53-fe30746ca5b9: 561 datasets; 9.3 s; peak memory 413 MiB.
2026-10-06T16:43:36Z INFO [135/750] 5178f746-6f90-4d71-8507-1c015d7f46b2: 117 datasets; 1.5 s; peak memory 413 MiB.
2026-10-06T16:43:38Z INFO [136/750] 5179496f-c942-49fe-b9c7-29a96cdf91fd: 118 datasets; 1.6 s; peak memory 413 MiB.
2026-10-06T16:43:39Z INFO [137/750] 5179aa48-0859-425d-8fd8-98fa24f25003: 48 datasets; 1.2 s; peak memory 413 MiB.
2026-10-06T16:43:43Z INFO [138/750] 517a8819-49ad-4630-b2c9-0b06865dec97: 156 datasets; 3.8 s; peak memory 413 MiB.
2026-10-06T16:43:51Z INFO [139/750] 517adbb9-e417-450a-b57f-767cb577b15f: 194 datasets; 8.3 s; peak memory 413 MiB.
2026-10-06T16:43:53Z INFO [140/750] 517b0d98-d60f-400d-82eb-c67815301756: 117 datasets; 1.5 s; peak memory 413 MiB.
2026-10-06T16:43:54Z INFO [141/750] 517b4621-ed08-4ac4-a758-8423c2ed3d68: 117 datasets; 1.5 s; peak memory 413 MiB.
2026-10-06T16:43:55Z INFO [142/750] 517c4f7c-a402-422a-aa5e-7f2409541c36: 48 datasets; 1.3 s; peak memory 413 MiB.
2026-10-06T16:46:36Z INFO [143/750] 517cafb3-4061-419f-bd60-c02428c25626: 430 datasets; 160.2 s; peak memory 413 MiB.
2026-10-06T16:46:43Z INFO [144/750] 517d38a2-4a96-44f4-b237-2e916c5b0290: 257 datasets; 7.3 s; peak memory 413 MiB.
2026-10-06T16:46:57Z INFO [145/750] 517d4160-2026-4a68-8302-97f748aa27fa: 97 datasets; 13.8 s; peak memory 413 MiB.
2026-10-06T16:46:58Z INFO [146/750] 517db870-1cc5-44e8-8ebb-abea8718c844: 112 datasets; 1.6 s; peak memory 413 MiB.
2026-10-06T16:47:00Z INFO [147/750] 517e2336-55cf-4cf8-b6d5-ff185064e48b: 112 datasets; 1.9 s; peak memory 413 MiB.
2026-10-06T16:47:13Z INFO [148/750] 517ed7e3-114b-4aa3-81fc-8e85598699c5: 108 datasets; 12.5 s; peak memory 413 MiB.
2026-10-06T16:47:21Z INFO [149/750] 518058ae-f3b9-42ba-8c20-a20bd581f2c7: 56 datasets; 8.6 s; peak memory 413 MiB.
2026-10-06T16:47:23Z INFO [150/750] 518076b3-9b3c-4c27-9b4b-44dc61276d3a: 66 datasets; 1.9 s; peak memory 413 MiB.
2026-10-06T16:47:23Z INFO [150/750] 518076b3-9b3c-4c27-9b4b-44dc61276d3a: checkpointed 86235 records.
2026-10-06T16:57:15Z INFO [151/750] 5180e0c5-c6f5-4ab8-804b-bf4b0596dafd: 99 datasets; 592.3 s; peak memory 1194 MiB.
2026-10-06T16:57:17Z INFO [152/750] 51811c5b-cd14-422d-a799-c73f9d681f91: 65 datasets; 1.4 s; peak memory 1194 MiB.
2026-10-06T16:57:19Z INFO [153/750] 51813dc4-b6ab-4024-b9e5-426507f31a44: 112 datasets; 2.3 s; peak memory 1194 MiB.
2026-10-06T16:57:21Z INFO [154/750] 51826b60-6c53-4e7d-820d-a33fa3885b43: 112 datasets; 1.7 s; peak memory 1194 MiB.
2026-10-06T16:57:23Z INFO [155/750] 518309e0-2b76-4f04-999e-77b8ecaf7a8b: 48 datasets; 1.5 s; peak memory 1194 MiB.
2026-10-06T16:57:24Z INFO [156/750] 51839ba2-2214-4bcf-849d-5808d340c19e: 68 datasets; 1.3 s; peak memory 1194 MiB.
2026-10-06T16:57:25Z INFO [157/750] 5183b50a-773b-44f6-af62-30a95081aa04: 50 datasets; 1.0 s; peak memory 1194 MiB.
2026-10-06T16:57:26Z INFO [158/750] 518439c7-7881-4e56-8e2a-f9d6ea2fbf5d: 48 datasets; 1.3 s; peak memory 1194 MiB.
2026-10-06T16:57:27Z INFO [159/750] 51845760-4c5d-492b-807f-40f650e983f3: 46 datasets; 1.0 s; peak memory 1194 MiB.
2026-10-06T16:57:29Z INFO [160/750] 518656c1-3f58-4162-9407-2c6c20e5f26a: 92 datasets; 1.9 s; peak memory 1194 MiB.
2026-10-06T16:57:57Z INFO [161/750] 5187b3cd-6256-44be-a615-8b8f21aa321b: 48 datasets; 27.9 s; peak memory 1194 MiB.
2026-10-06T16:57:58Z INFO [162/750] 5187cc8d-6de3-4aa8-b9bf-be21c900b45d: 116 datasets; 1.5 s; peak memory 1194 MiB.
2026-10-06T16:58:00Z INFO [163/750] 518986b8-c760-4997-bfbe-ba17b812e22e: 118 datasets; 1.5 s; peak memory 1194 MiB.
2026-10-06T16:58:01Z INFO [164/750] 518a2a7a-d446-469a-b3ec-03b5c840476b: 46 datasets; 1.0 s; peak memory 1194 MiB.
2026-10-06T16:58:02Z INFO [165/750] 518a567d-3a9a-4b9c-adca-d27b246c5ab2: 121 datasets; 1.4 s; peak memory 1194 MiB.
2026-10-06T16:58:10Z INFO [166/750] 518a8c55-25c9-4053-8ea8-30fc4d46b235: 534 datasets; 8.0 s; peak memory 1194 MiB.
2026-10-06T16:58:12Z INFO [167/750] 518a8e5f-7cde-46e0-88bf-182f1e5cea2f: 48 datasets; 1.3 s; peak memory 1194 MiB.
2026-10-06T16:58:15Z INFO [168/750] 518ac0c8-7db5-41df-b270-47505f511389: 116 datasets; 3.0 s; peak memory 1194 MiB.
2026-10-06T16:58:16Z INFO [169/750] 518b433d-1b0d-4c61-8f53-e141ccf002c8: 57 datasets; 1.0 s; peak memory 1194 MiB.
2026-10-06T16:58:23Z INFO [170/750] 518bd2ea-0856-4bf3-8f52-16a7e92004bf: 229 datasets; 6.9 s; peak memory 1194 MiB.
2026-10-06T16:58:24Z INFO [171/750] 518bf307-b1eb-4a96-b28d-8bc7f42f9a1d: 118 datasets; 1.5 s; peak memory 1194 MiB.
2026-10-06T16:58:39Z INFO [172/750] 518c54a2-e2fa-4c20-af99-74846e21433c: 670 datasets; 15.4 s; peak memory 1194 MiB.
2026-10-06T16:58:41Z INFO [173/750] 518c662e-92bb-485a-a6b2-1de9cb785765: 118 datasets; 1.5 s; peak memory 1194 MiB.
2026-10-06T16:58:51Z INFO [174/750] 518c704f-4a52-4f9d-8803-907ad7b0d02b: 300 datasets; 10.1 s; peak memory 1194 MiB.
2026-10-06T16:58:52Z INFO [175/750] 518cb863-b478-488c-84c2-6e65a1b3d270: 48 datasets; 1.3 s; peak memory 1194 MiB.
2026-10-06T16:58:54Z INFO [176/750] 518f294b-2558-453e-851f-0ff545c21039: 48 datasets; 1.3 s; peak memory 1194 MiB.
2026-10-06T16:58:55Z INFO [177/750] 518fefd8-9789-43a7-855f-685789933342: 68 datasets; 1.7 s; peak memory 1194 MiB.
2026-10-06T16:58:58Z INFO [178/750] 5190790f-9dbe-4671-8b68-e9259dd24854: 152 datasets; 2.5 s; peak memory 1194 MiB.
2026-10-06T16:59:00Z INFO [179/750] 5191519c-55bd-481a-82ce-8b2a8cfe8998: 66 datasets; 2.1 s; peak memory 1194 MiB.
2026-10-06T16:59:01Z INFO [180/750] 5191d7e8-361a-4206-b005-af53b62ef41c: 48 datasets; 1.5 s; peak memory 1194 MiB.
2026-10-06T16:59:03Z INFO [181/750] 51921374-9a12-4839-8145-17f4f777fbd3: 117 datasets; 1.7 s; peak memory 1194 MiB.
2026-10-06T16:59:04Z INFO [182/750] 5192d2d8-81bd-4432-9198-d9105be167c7: 46 datasets; 1.1 s; peak memory 1194 MiB.
2026-10-06T16:59:06Z INFO [183/750] 51931171-7b7e-491b-b4e4-b0199d41374d: 48 datasets; 1.5 s; peak memory 1194 MiB.
2026-10-06T16:59:07Z INFO [184/750] 51934eb8-69d6-4fab-9378-365e72a738bd: 48 datasets; 1.2 s; peak memory 1194 MiB.
2026-10-06T16:59:09Z INFO [185/750] 5193e757-cb74-4ec0-af53-e11659d2b4a5: 112 datasets; 1.9 s; peak memory 1194 MiB.
2026-10-06T16:59:10Z INFO [186/750] 5194ecf8-acd6-450a-90ce-d8c20ba6cae7: 46 datasets; 1.4 s; peak memory 1194 MiB.
2026-10-06T16:59:14Z INFO [187/750] 51951ccb-fdc9-4945-892a-a746d90b458a: 116 datasets; 3.3 s; peak memory 1194 MiB.
2026-10-06T16:59:36Z INFO [188/750] 5195feba-5c2d-46de-bb92-550534ea33c0: 432 datasets; 22.2 s; peak memory 1194 MiB.
2026-10-06T16:59:38Z INFO [189/750] 5196db75-c098-4cd8-a978-f9c293e6f2c9: 69 datasets; 1.8 s; peak memory 1194 MiB.
2026-10-06T16:59:47Z INFO [190/750] 5196f7c7-d3f0-4fc4-aee3-9cbb73b796d0: 56 datasets; 9.4 s; peak memory 1194 MiB.
2026-10-06T17:00:01Z INFO [191/750] 5197e81e-edd0-40a2-8b47-5316d25a20c3: 98 datasets; 14.1 s; peak memory 1194 MiB.
2026-10-06T17:00:03Z INFO [192/750] 519814c6-9791-4822-ad8c-e98e6720baca: 71 datasets; 1.6 s; peak memory 1194 MiB.
2026-10-06T17:00:04Z INFO [193/750] 5198c42e-4727-4e66-9a2a-14b6d3a27227: 52 datasets; 1.4 s; peak memory 1194 MiB.
2026-10-06T17:00:07Z INFO [194/750] 51991448-d3f1-47c6-bbce-5a8d4d18d2f2: 70 datasets; 2.6 s; peak memory 1194 MiB.
2026-10-06T17:00:17Z INFO [195/750] 519afa07-31d1-4012-a633-cc47e43f08a0: 336 datasets; 10.3 s; peak memory 1194 MiB.
2026-10-06T17:00:18Z INFO [196/750] 519b2103-ee02-4a4a-a6d3-1a509a03796e: 48 datasets; 1.3 s; peak memory 1194 MiB.
2026-10-06T17:00:21Z INFO [197/750] 519c727f-4c15-403e-9c79-00246c40e65d: 71 datasets; 2.4 s; peak memory 1194 MiB.
2026-10-06T17:00:29Z INFO [198/750] 519cfaab-e197-4a3a-a35a-f4aef8041b1c: 697 datasets; 8.4 s; peak memory 1194 MiB.
2026-10-06T17:00:30Z INFO [199/750] 519d16f2-0d0f-44f1-8269-abf73979d168: 48 datasets; 1.2 s; peak memory 1194 MiB.
2026-10-06T17:00:32Z INFO [200/750] 519d44b9-5327-4eb3-bbef-65a565070b23: 48 datasets; 1.5 s; peak memory 1194 MiB.
2026-10-06T17:00:32Z INFO [200/750] 519d44b9-5327-4eb3-bbef-65a565070b23: checkpointed 86285 records.
2026-10-06T17:01:23Z INFO [201/750] 519e15d6-e04c-4b1e-b17b-55eaca4fc939: 52 datasets; 51.2 s; peak memory 1194 MiB.
2026-10-06T17:01:27Z INFO [202/750] 519fb692-9643-45f2-98af-f5a34ffe7f5f: 156 datasets; 3.5 s; peak memory 1194 MiB.
2026-10-06T17:01:28Z INFO [203/750] 51a062c7-7aab-4004-80ed-81ab016448cf: 48 datasets; 1.2 s; peak memory 1194 MiB.
2026-10-06T17:01:29Z INFO [204/750] 51a0ed01-b08b-45bf-8e95-51d3d9d80a1c: 48 datasets; 1.3 s; peak memory 1194 MiB.
2026-10-06T17:01:32Z INFO [205/750] 51a20829-b254-43e4-a209-9357ec8b49c9: 71 datasets; 2.4 s; peak memory 1194 MiB.
2026-10-06T17:01:33Z INFO [206/750] 51a27ba9-3427-485c-a7d4-2c1ddeef4fbb: 117 datasets; 1.5 s; peak memory 1194 MiB.
2026-10-06T17:01:35Z INFO [207/750] 51a2e08a-2e9b-4f62-9876-354d8da55d60: 71 datasets; 2.1 s; peak memory 1194 MiB.
2026-10-06T17:01:36Z INFO [208/750] 51a3679a-2cbe-4afa-b7d6-4fe2444863ac: 57 datasets; 1.1 s; peak memory 1194 MiB.
2026-10-06T17:01:38Z INFO [209/750] 51a394d8-73d3-4dfd-b054-bb22ea95484f: 45 datasets; 1.5 s; peak memory 1194 MiB.
2026-10-06T17:01:39Z INFO [210/750] 51a3cbce-9443-4a93-b670-eccad58e7d93: 112 datasets; 1.6 s; peak memory 1194 MiB.
2026-10-06T17:01:53Z INFO [211/750] 51a407cc-4a3a-4bd3-b194-f6f2883eb571: 391 datasets; 13.3 s; peak memory 1194 MiB.
2026-10-06T17:02:05Z INFO [212/750] 51a42128-08f2-4d2d-a325-4997302a368d: 234 datasets; 12.6 s; peak memory 1194 MiB.
2026-10-06T17:02:07Z INFO [213/750] 51a43673-c8b5-4712-a42d-2b2bddf8150b: 71 datasets; 2.2 s; peak memory 1194 MiB.
2026-10-06T17:02:09Z INFO [214/750] 51a4587e-00e5-4a01-8af4-224a60d23a46: 48 datasets; 1.4 s; peak memory 1194 MiB.
2026-10-06T17:02:11Z INFO [215/750] 51a4b6af-8dd0-4f89-80cb-68845889a892: 74 datasets; 1.9 s; peak memory 1194 MiB.
2026-10-06T17:02:12Z INFO [216/750] 51a4fc20-4bdd-45f6-af6b-b8cdc2a72d11: 112 datasets; 1.5 s; peak memory 1194 MiB.
2026-10-06T17:02:14Z INFO [217/750] 51a525e8-05e4-4fd5-90b1-1805362a8599: 117 datasets; 1.5 s; peak memory 1194 MiB.
2026-10-06T17:02:21Z INFO [218/750] 51a5a72b-5390-49c7-8f1c-9e9a2e83c625: 196 datasets; 7.6 s; peak memory 1194 MiB.
2026-10-06T17:02:29Z INFO [219/750] 51a60457-d221-48b2-9295-2ec37965de38: 59 datasets; 7.3 s; peak memory 1194 MiB.
2026-10-06T17:02:29Z INFO [220/750] 51a62ab5-1412-4c9e-90c2-7b98266bf5ff: 53 datasets; 0.9 s; peak memory 1194 MiB.
2026-10-06T17:02:53Z INFO [221/750] 51a83b13-25fb-4ab5-b094-ddac787ea0d1: 1111 datasets; 23.1 s; peak memory 1194 MiB.
2026-10-06T17:02:55Z INFO [222/750] 51a87c36-fe76-4e79-aa63-dfeceacc4252: 112 datasets; 2.0 s; peak memory 1194 MiB.
2026-10-06T17:02:57Z INFO [223/750] 51a8be92-94a0-4e3d-ae4f-813b11b65a99: 70 datasets; 2.9 s; peak memory 1194 MiB.
2026-10-06T17:02:59Z INFO [224/750] 51a8f26c-f3e5-412a-9eef-95aba4311e12: 55 datasets; 1.2 s; peak memory 1194 MiB.
2026-10-06T17:03:05Z INFO [225/750] 51a93616-f27b-4adc-bdce-9f128a3f1e38: 492 datasets; 6.2 s; peak memory 1194 MiB.
2026-10-06T17:03:06Z INFO [226/750] 51a9853f-8309-49b7-a02c-2bc6b926eaae: 52 datasets; 1.4 s; peak memory 1194 MiB.
2026-10-06T17:03:27Z INFO [227/750] 51ab90a6-716f-4f08-8024-29ab90193efd: 38 datasets; 20.4 s; peak memory 1194 MiB.
2026-10-06T17:03:28Z INFO [228/750] 51ac44ba-c178-466a-b962-991953fd7696: 112 datasets; 1.8 s; peak memory 1194 MiB.
2026-10-06T17:03:30Z INFO [229/750] 51acaae9-7a2e-45d4-b433-6f7872c38a63: 116 datasets; 1.6 s; peak memory 1194 MiB.
2026-10-06T17:06:12Z INFO [230/750] 51af9232-94da-4ebb-a287-00959b979582: 260 datasets; 161.7 s; peak memory 1194 MiB.
2026-10-06T17:06:24Z INFO [231/750] 51afb423-91df-46a2-9928-277d983dc81f: 49 datasets; 12.0 s; peak memory 1194 MiB.
2026-10-06T17:06:26Z INFO [232/750] 51b09283-debe-4e0b-875d-00be3bb11f5f: 112 datasets; 1.9 s; peak memory 1194 MiB.
2026-10-06T17:06:27Z INFO [233/750] 51b0ad58-43e3-4ae5-90b3-fc16ee2c01e2: 117 datasets; 1.5 s; peak memory 1194 MiB.
2026-10-06T17:06:30Z INFO [234/750] 51b21878-cb19-4340-9935-22ca6318ab2d: 114 datasets; 3.1 s; peak memory 1194 MiB.
2026-10-06T17:06:43Z INFO [235/750] 51b22e82-8fa8-4f74-a2ef-14bb6f5100eb: 107 datasets; 12.2 s; peak memory 1194 MiB.
2026-10-06T17:06:45Z INFO [236/750] 51b32585-12e3-49a2-ba87-353afb7804ef: 98 datasets; 2.8 s; peak memory 1194 MiB.
2026-10-06T17:06:47Z INFO [237/750] 51b35705-67c9-48e9-8b5f-6bfaa0434391: 42 datasets; 1.3 s; peak memory 1194 MiB.
2026-10-06T17:06:48Z INFO [238/750] 51b3956d-b0f8-4319-840a-0c4d64cb6784: 33 datasets; 1.4 s; peak memory 1194 MiB.
2026-10-06T17:06:50Z INFO [239/750] 51b47c31-7101-400e-af79-12108c3a4434: 71 datasets; 2.1 s; peak memory 1194 MiB.
2026-10-06T17:06:56Z INFO [240/750] 51b4d96d-9c1e-4920-9bd1-ffce3d558cf5: 540 datasets; 6.1 s; peak memory 1194 MiB.
2026-10-06T17:06:57Z INFO [241/750] 51b51c20-ed45-4a42-9a67-767979245123: 48 datasets; 1.3 s; peak memory 1194 MiB.
2026-10-06T17:07:04Z INFO [242/750] 51b57d2d-fb0c-433d-ab4b-60081ebf7227: 257 datasets; 6.8 s; peak memory 1194 MiB.
2026-10-06T17:07:06Z INFO [243/750] 51b5eb48-2552-4060-8fe3-b7c20ce8e726: 47 datasets; 1.3 s; peak memory 1194 MiB.
2026-10-06T17:07:20Z INFO [244/750] 51b66170-a9ca-402b-a2f3-7d845f3b89b6: 600 datasets; 14.3 s; peak memory 1194 MiB.
2026-10-06T17:07:21Z INFO [245/750] 51b673ca-a12e-4957-9ca7-5492d7232c31: 110 datasets; 1.4 s; peak memory 1194 MiB.
2026-10-06T17:07:23Z INFO [246/750] 51b6ddfc-9eef-4393-91eb-2c68871d5827: 46 datasets; 1.3 s; peak memory 1194 MiB.
2026-10-06T17:07:26Z INFO [247/750] 51b71440-0546-4cc5-9f1d-7cad45795d01: 114 datasets; 3.3 s; peak memory 1194 MiB.
2026-10-06T17:07:28Z INFO [248/750] 51b71b30-2709-4364-98cc-18be1fc7d70c: 66 datasets; 1.6 s; peak memory 1194 MiB.
2026-10-06T17:07:29Z INFO [249/750] 51b84261-b1c7-44ed-95c4-0495a3fde4f6: 48 datasets; 1.3 s; peak memory 1194 MiB.
2026-10-06T17:07:31Z INFO [250/750] 51b87d7f-44d8-48a1-94f5-ff94017eb0da: 112 datasets; 1.7 s; peak memory 1194 MiB.
2026-10-06T17:07:31Z INFO [250/750] 51b87d7f-44d8-48a1-94f5-ff94017eb0da: checkpointed 86335 records.
2026-10-06T17:07:36Z INFO [251/750] 51b8b73c-9c13-40d9-ad01-4c3607dce0b7: 271 datasets; 5.7 s; peak memory 1194 MiB.
2026-10-06T17:07:38Z INFO [252/750] 51b9cb8a-1ddc-4608-bd1f-ac72169714cb: 48 datasets; 1.4 s; peak memory 1194 MiB.
2026-10-06T17:07:47Z INFO [253/750] 51bb8c94-b1a9-4e97-9a6e-0b0dcf083526: 553 datasets; 8.8 s; peak memory 1194 MiB.
2026-10-06T17:07:48Z INFO [254/750] 51bc42da-28c1-487c-babe-524c94db5f80: 46 datasets; 1.2 s; peak memory 1194 MiB.
2026-10-06T17:07:50Z INFO [255/750] 51bc5739-7d17-4b4d-bc89-427dba47224f: 112 datasets; 1.7 s; peak memory 1194 MiB.
2026-10-06T17:07:52Z INFO [256/750] 51bcf5b3-91fb-46a6-9cd9-70d437260f3d: 69 datasets; 2.0 s; peak memory 1194 MiB.
2026-10-06T17:07:55Z INFO [257/750] 51bd3ac2-19fe-48c4-95c1-8d63667f0908: 53 datasets; 3.2 s; peak memory 1194 MiB.
2026-10-06T17:08:09Z INFO [258/750] 51bdd631-b482-4a89-a976-bc2d864ef9c5: 671 datasets; 14.0 s; peak memory 1194 MiB.
2026-10-06T17:08:10Z INFO [259/750] 51becd0b-7092-4d3b-a30b-dbd2c0493b16: 118 datasets; 1.5 s; peak memory 1194 MiB.
2026-10-06T17:08:12Z INFO [260/750] 51bf7775-9d86-498b-99bf-5c80fcf65dab: 112 datasets; 1.8 s; peak memory 1194 MiB.
2026-10-06T17:08:14Z INFO [261/750] 51c0c51d-14dd-402b-ba1b-6f86ad021b4d: 116 datasets; 1.5 s; peak memory 1194 MiB.
2026-10-06T17:08:15Z INFO [262/750] 51c14a32-bc78-48e8-a283-2f2f5e29daf8: 116 datasets; 1.6 s; peak memory 1194 MiB.
2026-10-06T17:10:55Z INFO [263/750] 51c262d4-2948-4d0e-9274-b6b052c213ee: 99 datasets; 159.3 s; peak memory 1194 MiB.
2026-10-06T17:15:05Z INFO [264/750] 51c3855b-0ee3-40d4-8fb2-e397db0e908d: 13022 datasets; 250.6 s; peak memory 1194 MiB.
2026-10-06T17:15:07Z INFO [265/750] 51c4913a-89bf-4b10-bd13-5baee9f0d18d: 112 datasets; 1.9 s; peak memory 1194 MiB.
2026-10-06T17:15:08Z INFO [266/750] 51c5c1ef-c81e-401f-ab27-04ed9c3e8c6f: 48 datasets; 1.4 s; peak memory 1194 MiB.
2026-10-06T17:15:10Z INFO [267/750] 51c62e99-1d2d-40c5-9daf-8960398ca7bd: 66 datasets; 1.8 s; peak memory 1194 MiB.
2026-10-06T17:15:13Z INFO [268/750] 51c6a540-6fef-4975-b34a-3084c2062603: 71 datasets; 2.7 s; peak memory 1194 MiB.
2026-10-06T17:15:14Z INFO [269/750] 51c6d968-2034-4f8f-8cce-a31dbbe5f1d5: 60 datasets; 1.6 s; peak memory 1194 MiB.
2026-10-06T17:15:16Z INFO [270/750] 51c787a9-ebd5-4514-857b-fafba037af46: 48 datasets; 1.5 s; peak memory 1194 MiB.
2026-10-06T17:15:24Z INFO [271/750] 51c7ca73-9370-49c4-bfe1-676d249e7827: 566 datasets; 7.7 s; peak memory 1194 MiB.
2026-10-06T17:15:25Z INFO [272/750] 51c8045d-9930-4616-969d-ccc57bc95ec7: 118 datasets; 1.5 s; peak memory 1194 MiB.
2026-10-06T17:15:26Z INFO [273/750] 51c867eb-8cef-4bec-947e-4ddd76c87317: 48 datasets; 1.4 s; peak memory 1194 MiB.
2026-10-06T17:15:28Z INFO [274/750] 51c8f96d-501a-44bc-a5df-686453fd8837: 112 datasets; 1.7 s; peak memory 1194 MiB.
2026-10-06T17:15:30Z INFO [275/750] 51c96214-58cb-44ef-9a20-86ce6112ab4e: 50 datasets; 1.7 s; peak memory 1194 MiB.
2026-10-06T17:15:31Z INFO [276/750] 51c9b713-6640-4dd3-9bfc-f23c2610111e: 48 datasets; 1.5 s; peak memory 1194 MiB.
2026-10-06T17:15:33Z INFO [277/750] 51ca8db9-1338-45b6-be8c-b144c01dd0ae: 52 datasets; 1.5 s; peak memory 1194 MiB.
2026-10-06T17:18:24Z INFO [278/750] 51caf65d-061c-4e25-9b85-9883a404da8b: 280 datasets; 171.2 s; peak memory 1194 MiB.
2026-10-06T17:18:27Z INFO [279/750] 51cb132a-2102-4357-9eb1-fd532d4d0256: 156 datasets; 3.5 s; peak memory 1194 MiB.
2026-10-06T17:18:29Z INFO [280/750] 51cb3574-1227-409a-85a1-0d141901cf5f: 230 datasets; 1.7 s; peak memory 1194 MiB.
2026-10-06T17:18:44Z INFO [281/750] 51cb3602-a93b-49f8-ba19-f55da1b65e48: 926 datasets; 15.0 s; peak memory 1194 MiB.
2026-10-06T17:19:08Z INFO [282/750] 51cb5040-eef0-498e-957e-6024f20c8ab2: 812 datasets; 23.8 s; peak memory 1194 MiB.
2026-10-06T17:19:09Z INFO [283/750] 51cbae8a-b31f-4bcf-8abb-eb284ab5c433: 117 datasets; 1.4 s; peak memory 1194 MiB.
2026-10-06T17:19:20Z INFO [284/750] 51cc42e0-bf07-4a00-b8b6-01abda2c9e7b: 1101 datasets; 11.0 s; peak memory 1194 MiB.
2026-10-06T17:19:35Z INFO [285/750] 51cc4e5e-a922-487b-aeae-4dc52f73db98: 989 datasets; 15.0 s; peak memory 1194 MiB.
2026-10-06T17:19:37Z INFO [286/750] 51ccfc4f-966a-4b05-bf1f-a9c1309ca012: 112 datasets; 1.8 s; peak memory 1194 MiB.
2026-10-06T17:19:47Z INFO [287/750] 51cdb930-193a-498f-bd2b-86daf6f05b18: 334 datasets; 9.9 s; peak memory 1194 MiB.
2026-10-06T17:22:54Z INFO [288/750] 51cdca01-8ba3-47e3-bcc5-277e6e49740b: 413 datasets; 187.4 s; peak memory 1194 MiB.
2026-10-06T17:22:56Z INFO [289/750] 51cde7e1-8446-4a29-bb1a-627b27e333fb: 118 datasets; 1.5 s; peak memory 1194 MiB.
2026-10-06T17:23:10Z INFO [290/750] 51cf572f-b1cf-4ab7-a8e3-bae1cc4cd0b6: 841 datasets; 14.1 s; peak memory 1194 MiB.
2026-10-06T17:23:11Z INFO [291/750] 51cf877f-d9cc-4960-9f60-0d7210dbf26c: 56 datasets; 1.0 s; peak memory 1194 MiB.
2026-10-06T17:23:12Z INFO [292/750] 51d0965b-22cb-4a39-bb2f-dc79a029bbc3: 38 datasets; 1.2 s; peak memory 1194 MiB.
2026-10-06T18:09:42Z INFO [293/750] 51d0cbb9-0d29-493e-8871-71364dd3d2dd: 104 datasets; 2790.3 s; peak memory 1199 MiB.
2026-10-06T18:09:44Z INFO [294/750] 51d0fd04-e75e-46d1-9e4f-aca612e15329: 79 datasets; 1.8 s; peak memory 1199 MiB.
2026-10-06T18:09:48Z INFO [295/750] 51d10576-e3d8-4ba3-9c98-691eae9fda58: 115 datasets; 4.3 s; peak memory 1199 MiB.
2026-10-06T18:09:58Z INFO [296/750] 51d1250f-4084-4af2-aee2-23f5525add06: 1175 datasets; 9.2 s; peak memory 1199 MiB.
2026-10-06T18:09:59Z INFO [297/750] 51d1478f-a9f8-4870-a37b-4accadf004c5: 52 datasets; 1.7 s; peak memory 1199 MiB.
2026-10-06T18:10:03Z INFO [298/750] 51d1a3e1-78a9-4a9c-93bc-5de1f6c7a0cd: 147 datasets; 3.5 s; peak memory 1199 MiB.
2026-10-06T18:10:04Z INFO [299/750] 51d1cfa1-e330-45e7-ac42-d024e33a84fb: 48 datasets; 1.4 s; peak memory 1199 MiB.
2026-10-06T18:10:05Z INFO [300/750] 51d25e98-2cdd-4824-bdfa-70a1e56e96ec: 48 datasets; 1.3 s; peak memory 1199 MiB.
2026-10-06T18:10:06Z INFO [300/750] 51d25e98-2cdd-4824-bdfa-70a1e56e96ec: checkpointed 86385 records.
2026-10-06T18:10:08Z INFO [301/750] 51d2c40e-0fed-4e84-b5c4-30b4025945dd: 64 datasets; 2.8 s; peak memory 1199 MiB.
2026-10-06T18:10:09Z INFO [302/750] 51d3359e-ce78-4947-948d-5865fc048682: 58 datasets; 1.1 s; peak memory 1199 MiB.
2026-10-06T18:10:18Z INFO [303/750] 51d3c8e6-e6a6-41b0-9a21-bf231c9e74a1: 193 datasets; 8.3 s; peak memory 1199 MiB.
2026-10-06T18:10:23Z INFO [304/750] 51d416de-5208-4c21-b5e3-efb5e5956835: 475 datasets; 5.6 s; peak memory 1199 MiB.
2026-10-06T18:10:24Z INFO [305/750] 51d51361-ef36-4a3d-9934-86ad096fe457: 56 datasets; 1.0 s; peak memory 1199 MiB.
2026-10-06T18:10:27Z INFO [306/750] 51d51744-f248-4633-85ad-7a1a80fe0841: 112 datasets; 2.8 s; peak memory 1199 MiB.
2026-10-06T18:10:55Z INFO [307/750] 51d52240-a706-4f03-ac3c-51437a589be0: 48 datasets; 27.9 s; peak memory 1199 MiB.
2026-10-06T18:10:57Z INFO [308/750] 51d566f4-0745-447e-9fb1-5cd0e9a87dde: 59 datasets; 1.6 s; peak memory 1199 MiB.
2026-10-06T18:10:58Z INFO [309/750] 51d67abb-8228-4ff6-954e-a8795e2f1136: 77 datasets; 1.7 s; peak memory 1199 MiB.
2026-10-06T18:11:00Z INFO [310/750] 51d6e9f0-0077-402b-ab09-6188045b6cb1: 48 datasets; 1.4 s; peak memory 1199 MiB.
2026-10-06T18:11:01Z INFO [311/750] 51d786c7-b296-4636-902b-cc781a421b6f: 116 datasets; 1.5 s; peak memory 1199 MiB.
2026-10-06T18:11:40Z INFO [312/750] 51d90a4b-6073-4026-a0bb-9fcb4304d7d1: 36 datasets; 39.3 s; peak memory 1199 MiB.
2026-10-06T18:11:42Z INFO [313/750] 51d912e3-3048-43e4-aa76-20c84f4e478f: 116 datasets; 1.8 s; peak memory 1199 MiB.
2026-10-06T18:11:44Z INFO [314/750] 51d94a1a-4b9b-4027-ae5e-da790343df9f: 117 datasets; 1.5 s; peak memory 1199 MiB.
2026-10-06T18:11:45Z INFO [315/750] 51d98f89-61dc-44ca-828a-6bb0f5577c85: 48 datasets; 1.5 s; peak memory 1199 MiB.
2026-10-06T18:11:57Z INFO [316/750] 51d9c783-5580-4526-9537-860bd73163c0: 49 datasets; 12.2 s; peak memory 1199 MiB.
2026-10-06T18:11:59Z INFO [317/750] 51d9e7a2-a7b3-46f4-ba5e-e527904506db: 112 datasets; 1.6 s; peak memory 1199 MiB.
2026-10-06T18:12:09Z INFO [318/750] 51db2848-429e-403b-aea5-13963dbb3e12: 339 datasets; 10.3 s; peak memory 1199 MiB.
2026-10-06T18:12:11Z INFO [319/750] 51db873b-a404-435d-b857-de888b2a9e48: 48 datasets; 1.3 s; peak memory 1199 MiB.
2026-10-06T18:12:12Z INFO [320/750] 51db8ec7-81dc-4c0b-a28e-752ace6cbfb0: 117 datasets; 1.5 s; peak memory 1199 MiB.
2026-10-06T18:12:13Z INFO [321/750] 51db9342-fd8f-4255-9a61-a706d8d334a9: 48 datasets; 1.2 s; peak memory 1199 MiB.
2026-10-06T18:12:15Z INFO [322/750] 51dbea16-c99b-4ec2-b148-310c557cd111: 111 datasets; 1.2 s; peak memory 1199 MiB.
2026-10-06T18:12:16Z INFO [323/750] 51dd3de6-719f-487f-ab39-c46d72b51ba1: 118 datasets; 1.5 s; peak memory 1199 MiB.
2026-10-06T18:12:18Z INFO [324/750] 51dd7836-fa3f-439e-a1d7-97355770a4e7: 118 datasets; 1.6 s; peak memory 1199 MiB.
2026-10-06T18:12:19Z INFO [325/750] 51dd7b5b-17b6-4fdf-9ef7-259d41b59015: 118 datasets; 1.4 s; peak memory 1199 MiB.
2026-10-06T18:12:20Z INFO [326/750] 51dda47d-c696-49ae-95bf-0fee332833df: 48 datasets; 1.4 s; peak memory 1199 MiB.
2026-10-06T18:12:22Z INFO [327/750] 51ddecf5-52f6-4bc1-9a50-be64fe01d12d: 112 datasets; 1.9 s; peak memory 1199 MiB.
2026-10-06T18:12:25Z INFO [328/750] 51dee86c-cc79-420c-a0f3-1324746f614a: 76 datasets; 2.4 s; peak memory 1199 MiB.
2026-10-06T18:12:26Z INFO [329/750] 51dff7bc-068a-4954-98f0-5746e0676eff: 71 datasets; 1.7 s; peak memory 1199 MiB.
2026-10-06T18:12:28Z INFO [330/750] 51e17a65-e64e-48ee-84ca-0e7b608d0201: 48 datasets; 1.4 s; peak memory 1199 MiB.
2026-10-06T18:12:29Z INFO [331/750] 51e20efa-1b42-4b57-babe-625f60023a85: 46 datasets; 1.0 s; peak memory 1199 MiB.
2026-10-06T18:12:30Z INFO [332/750] 51e237b5-1dfe-493e-9c1b-092ad65d6c64: 77 datasets; 1.4 s; peak memory 1199 MiB.
2026-10-06T18:12:32Z INFO [333/750] 51e24b5d-0abf-499b-8318-32a2ecb709aa: 95 datasets; 2.1 s; peak memory 1199 MiB.
2026-10-06T18:12:34Z INFO [334/750] 51e3d7e5-4569-4951-bbbf-f185ce537e74: 51 datasets; 1.5 s; peak memory 1199 MiB.
2026-10-06T18:12:35Z INFO [335/750] 51e44222-faf2-4537-b54c-aaf667b0266c: 116 datasets; 1.6 s; peak memory 1199 MiB.
2026-10-06T18:12:50Z INFO [336/750] 51e54926-15e7-4888-bf1a-1cf7743d0d1d: 696 datasets; 14.2 s; peak memory 1199 MiB.
2026-10-06T18:12:51Z INFO [337/750] 51e68642-2845-4d02-9fa7-24cfc541a885: 46 datasets; 1.1 s; peak memory 1199 MiB.
2026-10-06T18:12:52Z INFO [338/750] 51e75b79-f078-4506-9dd9-60fc5b2d6d50: 118 datasets; 1.6 s; peak memory 1199 MiB.
2026-10-06T18:13:03Z INFO [339/750] 51e81b75-ce05-4b37-bc95-f41459a00cc1: 873 datasets; 10.7 s; peak memory 1199 MiB.
2026-10-06T18:13:15Z INFO [340/750] 51e8668b-876a-4ae9-b8c6-8d0b817ad649: 107 datasets; 12.2 s; peak memory 1199 MiB.
2026-10-06T18:13:17Z INFO [341/750] 51e8e7cf-249f-43be-90af-9a5bcb2b6335: 62 datasets; 1.9 s; peak memory 1199 MiB.
2026-10-06T18:13:18Z INFO [342/750] 51eac9b6-5630-4130-a0dc-454a062e615b: 46 datasets; 0.9 s; peak memory 1199 MiB.
2026-10-06T18:13:19Z INFO [343/750] 51ebb6b3-8c09-4725-ae5e-cabde191b6f0: 117 datasets; 1.4 s; peak memory 1199 MiB.
2026-10-06T18:13:26Z INFO [344/750] 51ebfaa4-42e1-4d44-98cc-09f22c46b4d0: 783 datasets; 6.7 s; peak memory 1199 MiB.
2026-10-06T18:13:27Z INFO [345/750] 51ee20ce-f411-4e2b-b041-3cb713fbdd3b: 48 datasets; 1.3 s; peak memory 1199 MiB.
2026-10-06T18:13:29Z INFO [346/750] 51ee25a3-11a3-4dbb-b123-bf66363d56a3: 48 datasets; 1.3 s; peak memory 1199 MiB.
2026-10-06T18:13:32Z INFO [347/750] 51ee467d-6e6e-477e-8a8b-2b95d1d719d0: 114 datasets; 3.2 s; peak memory 1199 MiB.
2026-10-06T18:13:34Z INFO [348/750] 51eef702-6a18-4cc7-bbaf-d1fb92f96d7d: 84 datasets; 1.6 s; peak memory 1199 MiB.
2026-10-06T18:13:34Z INFO [349/750] 51ef05a6-d769-42ba-ae79-3811422a6faf: 46 datasets; 0.9 s; peak memory 1199 MiB.
2026-10-06T18:13:35Z INFO [350/750] 51ef1cef-abdd-49f1-b3ea-db463b58bc55: 45 datasets; 1.1 s; peak memory 1199 MiB.
2026-10-06T18:13:36Z INFO [350/750] 51ef1cef-abdd-49f1-b3ea-db463b58bc55: checkpointed 86435 records.
2026-10-06T18:13:38Z INFO [351/750] 51ef26af-aed8-42cf-aaae-840fcd00fb1a: 81 datasets; 2.1 s; peak memory 1199 MiB.
2026-10-06T18:13:39Z INFO [352/750] 51ef2848-8e90-49dc-9325-91d3477d5235: 118 datasets; 1.5 s; peak memory 1199 MiB.
2026-10-06T18:13:41Z INFO [353/750] 51ef9f12-bdaa-49fe-891b-8f3d8a8f8e6e: 48 datasets; 1.3 s; peak memory 1199 MiB.
2026-10-06T18:13:56Z INFO [354/750] 51effbb5-03a3-4510-bb7c-7ce1460c56ab: 998 datasets; 15.9 s; peak memory 1199 MiB.
2026-10-06T18:13:58Z INFO [355/750] 51f023f9-2bd1-465b-a2f9-a63134e19e1c: 48 datasets; 1.5 s; peak memory 1199 MiB.
2026-10-06T18:14:00Z INFO [356/750] 51f05f3e-800f-491d-b6c3-4e98f28a6af6: 70 datasets; 2.2 s; peak memory 1199 MiB.
2026-10-06T18:14:02Z INFO [357/750] 51f16e8c-1d84-44b4-acba-4af5ce0bebde: 62 datasets; 2.1 s; peak memory 1199 MiB.
2026-10-06T18:14:03Z INFO [358/750] 51f17267-e2ff-4eb8-b803-4b74580f635f: 48 datasets; 1.3 s; peak memory 1199 MiB.
2026-10-06T18:14:05Z INFO [359/750] 51f1c440-6b50-49b8-a630-e3f8ae139cde: 117 datasets; 1.6 s; peak memory 1199 MiB.
2026-10-06T18:14:06Z INFO [360/750] 51f2c70f-ba8c-42a5-bf63-de8e72ca8bbf: 48 datasets; 1.3 s; peak memory 1199 MiB.
2026-10-06T18:14:08Z INFO [361/750] 51f2e043-5f29-41af-9e91-8251a3b3e342: 48 datasets; 1.3 s; peak memory 1199 MiB.
2026-10-06T18:14:10Z INFO [362/750] 51f441a2-6421-473b-8b83-1523cd71fa2e: 112 datasets; 1.9 s; peak memory 1199 MiB.
2026-10-06T18:14:11Z INFO [363/750] 51f470f6-d3bd-41af-9373-ac3bff2ad0ed: 48 datasets; 1.2 s; peak memory 1199 MiB.
2026-10-06T18:14:24Z INFO [364/750] 51f4de02-2300-4fed-a51a-20f99e940793: 971 datasets; 13.3 s; peak memory 1199 MiB.
2026-10-06T18:14:25Z INFO [365/750] 51f5befb-70ea-4912-8f79-127fc757ead2: 48 datasets; 1.3 s; peak memory 1199 MiB.
2026-10-06T18:14:26Z INFO [366/750] 51f6f00a-81f9-4902-a33b-09b79e9af893: 46 datasets; 1.0 s; peak memory 1199 MiB.
2026-10-06T18:14:28Z INFO [367/750] 51f7795a-ea68-405f-820a-ea12cd300781: 51 datasets; 1.6 s; peak memory 1199 MiB.
2026-10-06T18:14:29Z INFO [368/750] 51f78bdd-b3db-4124-a017-f1f20d97bad4: 48 datasets; 1.3 s; peak memory 1199 MiB.
2026-10-06T18:14:31Z INFO [369/750] 51f8ee09-b418-4b8c-90b1-9d8b517f3cc7: 48 datasets; 1.3 s; peak memory 1199 MiB.
2026-10-06T18:14:32Z INFO [370/750] 51f98e5f-c29a-43a6-8009-f63e74965967: 48 datasets; 1.3 s; peak memory 1199 MiB.
2026-10-06T18:14:33Z INFO [371/750] 51faf3c4-db1c-47b1-b582-07bf06db3c2d: 48 datasets; 1.4 s; peak memory 1199 MiB.
2026-10-06T18:14:35Z INFO [372/750] 51fb2369-86a7-46ba-a8f3-94473ec12923: 48 datasets; 1.3 s; peak memory 1199 MiB.
2026-10-06T18:14:48Z INFO [373/750] 51fbcfd4-de3c-487a-9bf5-83227af71705: 718 datasets; 13.1 s; peak memory 1199 MiB.
2026-10-06T18:14:49Z INFO [374/750] 51fcbbcf-5d5c-4ec2-ad37-28fe2880a373: 48 datasets; 1.4 s; peak memory 1199 MiB.
2026-10-06T18:14:50Z INFO [375/750] 51fcf5cb-6610-42cf-9d89-85ef7f473745: 117 datasets; 1.4 s; peak memory 1199 MiB.
2026-10-06T18:14:52Z INFO [376/750] 51fd7589-16b1-4b78-9a6d-cc7a636442bf: 48 datasets; 1.2 s; peak memory 1199 MiB.
2026-10-06T18:14:53Z INFO [377/750] 51fdce46-b268-4b54-a246-c5747e4cb5de: 57 datasets; 1.0 s; peak memory 1199 MiB.
2026-10-06T18:14:55Z INFO [378/750] 51fde0a1-c329-4577-a913-cb95317e4578: 53 datasets; 2.3 s; peak memory 1199 MiB.
2026-10-06T18:14:57Z INFO [379/750] 51fdefc5-a3ad-4759-8a51-2470ab55af1c: 112 datasets; 1.9 s; peak memory 1199 MiB.
2026-10-06T18:14:58Z INFO [380/750] 51fdf53d-0634-4b04-b078-24ab4094f65e: 48 datasets; 1.3 s; peak memory 1199 MiB.
2026-10-06T18:14:59Z INFO [381/750] 51fe4194-f4c5-4a1f-8584-2ca6231a999e: 46 datasets; 1.0 s; peak memory 1199 MiB.
2026-10-06T18:15:00Z INFO [382/750] 51fe9fd8-3f93-4543-911e-52da6a6a1c03: 41 datasets; 1.2 s; peak memory 1199 MiB.
2026-10-06T18:15:07Z INFO [383/750] 51feab43-ec2f-4fa2-90a2-b0e229730eec: 3955 datasets; 6.6 s; peak memory 1199 MiB.
2026-10-06T18:15:08Z INFO [384/750] 51ff1361-886d-454d-a110-3cac68371564: 117 datasets; 1.4 s; peak memory 1199 MiB.
2026-10-06T18:15:10Z INFO [385/750] 51ffaea3-706a-4b40-a699-f8951d50a2db: 112 datasets; 1.6 s; peak memory 1199 MiB.
2026-10-06T18:15:11Z INFO [386/750] 5200a33e-4482-4b01-8023-d4c3be1d4c41: 117 datasets; 1.4 s; peak memory 1199 MiB.
2026-10-06T18:15:21Z INFO [387/750] 5202ed42-fd58-4832-8aae-b403404652c5: 2909 datasets; 9.7 s; peak memory 1199 MiB.
2026-10-06T18:15:23Z INFO [388/750] 52036011-9bdc-408c-947f-3ccfead0e64d: 109 datasets; 1.5 s; peak memory 1199 MiB.
2026-10-06T18:15:31Z INFO [389/750] 5203e84b-94a8-4c78-9ce8-476a35e3eaab: 106 datasets; 8.4 s; peak memory 1199 MiB.
2026-10-06T18:15:35Z INFO [390/750] 5203ecdb-df75-46d3-9a13-7c35f2d383d4: 233 datasets; 4.4 s; peak memory 1199 MiB.
2026-10-06T18:17:33Z INFO [391/750] 52044fe0-1108-43d2-a29c-e062723c6ac3: 58 datasets; 117.4 s; peak memory 1199 MiB.
2026-10-06T18:17:41Z INFO [392/750] 5205453e-6f31-4e23-b6e4-f8d34f12d5e9: 818 datasets; 8.2 s; peak memory 1199 MiB.
2026-10-06T18:17:44Z INFO [393/750] 5206c0a9-b36b-496e-bc0c-c8904a980041: 38 datasets; 3.5 s; peak memory 1199 MiB.
2026-10-06T18:18:13Z INFO [394/750] 52075cd3-c9bd-4e90-b5fb-9d24967e7b5e: 48 datasets; 28.2 s; peak memory 1199 MiB.
2026-10-06T18:18:21Z INFO [395/750] 520777a4-a788-408a-9d65-3dfeceb0a54d: 878 datasets; 8.7 s; peak memory 1199 MiB.
2026-10-06T18:18:24Z INFO [396/750] 52096bae-c10a-4470-aece-08364a53125e: 175 datasets; 2.6 s; peak memory 1199 MiB.
2026-10-06T18:18:26Z INFO [397/750] 520a1828-a18c-4109-a15a-5821c07f159f: 117 datasets; 1.9 s; peak memory 1199 MiB.
2026-10-06T18:18:34Z INFO [398/750] 520ae7ad-0fae-4b3d-951c-910352ecb0d4: 297 datasets; 8.3 s; peak memory 1199 MiB.
2026-10-06T18:18:35Z INFO [399/750] 520b2d60-9f16-4ad7-a8b2-fe81bdb4367e: 48 datasets; 1.3 s; peak memory 1199 MiB.
2026-10-06T18:18:37Z INFO [400/750] 520bd7c6-0a25-4946-b3b8-4dd3b1f87661: 52 datasets; 1.1 s; peak memory 1199 MiB.
2026-10-06T18:18:37Z INFO [400/750] 520bd7c6-0a25-4946-b3b8-4dd3b1f87661: checkpointed 86485 records.
2026-10-06T18:18:38Z INFO [401/750] 520c05c4-c0a9-4c17-866c-19b65acb0e74: 46 datasets; 0.9 s; peak memory 1199 MiB.
2026-10-06T18:18:41Z INFO [402/750] 520c0c77-1489-41e9-b0a5-894797fde090: 85 datasets; 3.3 s; peak memory 1199 MiB.
2026-10-06T18:18:42Z INFO [403/750] 520cc295-66ca-41e4-85ef-174c4ab6687c: 48 datasets; 1.4 s; peak memory 1199 MiB.
2026-10-06T18:18:44Z INFO [404/750] 520d29d4-010f-443d-92a9-e278a8e5dac4: 52 datasets; 1.4 s; peak memory 1199 MiB.
2026-10-06T18:18:45Z INFO [405/750] 520d96fa-92e2-45dd-bc40-20c6e52f03aa: 52 datasets; 1.5 s; peak memory 1199 MiB.
2026-10-06T18:18:47Z INFO [406/750] 520dd1ed-2c9f-4e4f-9d39-d887fa7eee5d: 116 datasets; 1.4 s; peak memory 1199 MiB.
2026-10-06T18:18:48Z INFO [407/750] 520e28f5-9b7a-41ed-9252-e8928f8c504b: 66 datasets; 1.7 s; peak memory 1199 MiB.
2026-10-06T18:18:51Z INFO [408/750] 520e6ee6-0ee4-4cdc-a6ee-cb9604c30dd7: 117 datasets; 3.1 s; peak memory 1199 MiB.
2026-10-06T18:19:04Z INFO [409/750] 520e76a0-c089-4ece-a8d8-5df6abd588b9: 631 datasets; 12.3 s; peak memory 1199 MiB.
2026-10-06T18:19:06Z INFO [410/750] 520e9b61-c3cf-42d2-8ac3-4f40542ca2d4: 112 datasets; 1.9 s; peak memory 1199 MiB.
2026-10-06T18:19:07Z INFO [411/750] 520eb040-3b8a-432d-bb7a-580e58a353b3: 45 datasets; 1.0 s; peak memory 1199 MiB.
2026-10-06T18:19:08Z INFO [412/750] 5210f3d0-cb8d-4c76-9c04-0b4e77b9df41: 38 datasets; 1.1 s; peak memory 1199 MiB.
2026-10-06T18:19:09Z INFO [413/750] 52125c98-4fd8-41f4-9306-c5ee49397f0b: 52 datasets; 1.4 s; peak memory 1199 MiB.
2026-10-06T18:19:25Z INFO [414/750] 5213edbc-19dd-48a0-8139-1b79902f118a: 1145 datasets; 16.0 s; peak memory 1199 MiB.
2026-10-06T18:19:27Z INFO [415/750] 52148a47-9a85-4de5-9f6d-3255d70f5d30: 116 datasets; 1.5 s; peak memory 1199 MiB.
2026-10-06T18:19:28Z INFO [416/750] 52156358-5717-40a7-b362-bf5963685798: 48 datasets; 1.4 s; peak memory 1199 MiB.
2026-10-06T18:19:29Z INFO [417/750] 52177151-0b39-487d-a733-631f31ee3a36: 51 datasets; 1.2 s; peak memory 1199 MiB.
2026-10-06T18:19:31Z INFO [418/750] 5217a89c-d8c1-4e86-b711-6cc4f9cf0438: 66 datasets; 1.7 s; peak memory 1199 MiB.
2026-10-06T18:19:33Z INFO [419/750] 5218aa39-64f1-4377-a674-f805cce33d31: 112 datasets; 1.9 s; peak memory 1199 MiB.
2026-10-06T18:19:35Z INFO [420/750] 52196899-6e2e-4a6d-a389-940794c6a52c: 112 datasets; 1.9 s; peak memory 1199 MiB.
2026-10-06T18:19:36Z INFO [421/750] 52198707-a194-43d2-9d38-efc7738a2215: 48 datasets; 1.3 s; peak memory 1199 MiB.
2026-10-06T18:19:44Z INFO [422/750] 5219fdcc-4623-47fc-980d-f7e12a34e8b2: 537 datasets; 8.0 s; peak memory 1199 MiB.
2026-10-06T18:19:45Z INFO [423/750] 521a4b02-b642-4dbd-b423-f5169c43f8c9: 48 datasets; 1.4 s; peak memory 1199 MiB.
2026-10-06T18:19:51Z INFO [424/750] 521aba80-2009-4c37-a676-dec56338bc2e: 364 datasets; 5.4 s; peak memory 1199 MiB.
2026-10-06T18:19:52Z INFO [425/750] 521add06-673e-4eec-8441-7296ca6c3aca: 116 datasets; 1.4 s; peak memory 1199 MiB.
2026-10-06T18:19:54Z INFO [426/750] 521bd027-ccb6-4dc4-9084-0785879f2adc: 45 datasets; 1.6 s; peak memory 1199 MiB.
2026-10-06T18:20:00Z INFO [427/750] 521bebdf-cd96-49db-9fbe-1a972ed25596: 488 datasets; 6.4 s; peak memory 1199 MiB.
2026-10-06T18:20:02Z INFO [428/750] 521c6461-2ac6-49bd-a3dd-04313e5cffd3: 112 datasets; 2.0 s; peak memory 1199 MiB.
2026-10-06T18:20:04Z INFO [429/750] 521e9751-26c1-49f5-850f-2cbe0d1eeed5: 108 datasets; 1.6 s; peak memory 1199 MiB.
2026-10-06T18:20:06Z INFO [430/750] 521eba9e-f706-4880-9449-fe65c9eb9a3e: 131 datasets; 1.8 s; peak memory 1199 MiB.
2026-10-06T18:20:07Z INFO [431/750] 521ee0ca-701e-46ba-a054-0b3237c1ca4b: 110 datasets; 1.5 s; peak memory 1199 MiB.
2026-10-06T18:20:08Z INFO [432/750] 521f9573-1614-4ef6-b51d-b4ae98569d6b: 46 datasets; 1.1 s; peak memory 1199 MiB.
2026-10-06T18:20:12Z INFO [433/750] 521fad14-b522-4056-b8a3-14e059cad228: 119 datasets; 3.5 s; peak memory 1199 MiB.
2026-10-06T18:20:15Z INFO [434/750] 521fb089-cf2f-41db-9f19-46bf1a63f08d: 156 datasets; 3.7 s; peak memory 1199 MiB.
2026-10-06T18:20:17Z INFO [435/750] 521fc826-aa33-4135-82fb-194dfe92dcbc: 117 datasets; 1.4 s; peak memory 1199 MiB.
2026-10-06T18:20:19Z INFO [436/750] 521fd0fa-d8ff-4ab5-9fa2-c88fe41ad2ed: 112 datasets; 2.2 s; peak memory 1199 MiB.
2026-10-06T18:20:20Z INFO [437/750] 5221f389-b87e-4d08-b57f-27ee7ad34cc2: 33 datasets; 1.0 s; peak memory 1199 MiB.
2026-10-06T18:20:22Z INFO [438/750] 52231d85-ef5d-49a0-9f0c-2779e3a072dd: 90 datasets; 1.5 s; peak memory 1199 MiB.
2026-10-06T18:20:23Z INFO [439/750] 522338b0-8446-499c-8e23-9664fbe50496: 112 datasets; 1.7 s; peak memory 1199 MiB.
2026-10-06T18:20:27Z INFO [440/750] 522363c8-4d37-4d6b-a25c-2658ec5c92e4: 115 datasets; 3.8 s; peak memory 1199 MiB.
2026-10-06T18:20:30Z INFO [441/750] 52247dcf-3edb-4f3c-a265-d70fc669179e: 115 datasets; 2.9 s; peak memory 1199 MiB.
2026-10-06T18:20:31Z INFO [442/750] 522480b4-4718-4792-9bed-63033cb22245: 118 datasets; 1.5 s; peak memory 1199 MiB.
2026-10-06T18:20:33Z INFO [443/750] 522494a8-bdf1-40e6-a6f8-637e2bae4c02: 79 datasets; 1.7 s; peak memory 1199 MiB.
2026-10-06T18:20:35Z INFO [444/750] 5224e217-569f-423e-a06e-05dc1729b7f8: 170 datasets; 1.7 s; peak memory 1199 MiB.
2026-10-06T18:20:37Z INFO [445/750] 522541ad-f909-45d4-8ff5-f405067d3889: 66 datasets; 1.7 s; peak memory 1199 MiB.
2026-10-06T18:20:39Z INFO [446/750] 5225f6c6-b92f-4a74-9e8f-f5d5286c6f59: 64 datasets; 2.0 s; peak memory 1199 MiB.
2026-10-06T18:20:40Z INFO [447/750] 52261418-37b6-493c-be47-e229d869e30c: 44 datasets; 1.0 s; peak memory 1199 MiB.
2026-10-06T18:20:41Z INFO [448/750] 52263eda-abdc-4aa1-b445-a33f1d3b5460: 48 datasets; 1.3 s; peak memory 1199 MiB.
2026-10-06T18:20:42Z INFO [449/750] 52283c2d-25a2-4c99-9e0a-d89f4aa737ca: 46 datasets; 1.0 s; peak memory 1199 MiB.
2026-10-06T18:20:45Z INFO [450/750] 5228a9c8-43b8-4bd8-b6c1-131968e3c255: 38 datasets; 3.0 s; peak memory 1199 MiB.
2026-10-06T18:20:45Z INFO [450/750] 5228a9c8-43b8-4bd8-b6c1-131968e3c255: checkpointed 86535 records.
2026-10-06T18:20:47Z INFO [451/750] 52297791-0a5d-4b8c-a0a6-833057c7f8cb: 48 datasets; 1.4 s; peak memory 1199 MiB.
2026-10-06T18:20:48Z INFO [452/750] 5229f33c-2121-4770-be5d-7a81693dc623: 116 datasets; 1.5 s; peak memory 1199 MiB.
2026-10-06T18:20:49Z INFO [453/750] 522a351c-9dca-45a8-848e-7e0b7df53121: 89 datasets; 1.4 s; peak memory 1199 MiB.
2026-10-06T18:20:54Z INFO [454/750] 522ab6ac-7f70-44fe-9072-2eafaa093ab8: 369 datasets; 4.8 s; peak memory 1199 MiB.
2026-10-06T18:20:56Z INFO [455/750] 522abb1c-1560-4802-8096-9d57a52c58ff: 46 datasets; 1.4 s; peak memory 1199 MiB.
2026-10-06T18:20:57Z INFO [456/750] 522b0203-1e0a-4d78-b181-5817e741ddac: 64 datasets; 1.8 s; peak memory 1199 MiB.
2026-10-06T18:20:59Z INFO [457/750] 522c171f-3521-41c0-94c8-f0509ed9b79c: 46 datasets; 1.8 s; peak memory 1199 MiB.
2026-10-06T18:21:14Z INFO [458/750] 522c2549-dc9f-41b8-9fcc-d02ed73d141f: 11484 datasets; 14.3 s; peak memory 1199 MiB.
2026-10-06T18:21:15Z INFO [459/750] 522ca7c8-c254-4206-8a7a-42fdf87dfe84: 42 datasets; 1.2 s; peak memory 1199 MiB.
2026-10-06T18:21:16Z INFO [460/750] 522ce401-4366-4a1d-92a1-05959c4b1d0d: 48 datasets; 1.3 s; peak memory 1199 MiB.
2026-10-06T18:21:20Z INFO [461/750] 522e2ac0-c44a-4ccf-995d-6abce7942af2: 156 datasets; 3.7 s; peak memory 1199 MiB.
2026-10-06T18:21:27Z INFO [462/750] 522f2a4d-6788-4076-8c6c-0500a63f9fa4: 223 datasets; 6.8 s; peak memory 1199 MiB.
2026-10-06T18:21:28Z INFO [463/750] 522facc9-0419-414a-bccd-b14c92cede02: 46 datasets; 1.0 s; peak memory 1199 MiB.
2026-10-06T18:21:29Z INFO [464/750] 523071ed-e7e7-4c19-8118-15208f0bdad8: 48 datasets; 1.4 s; peak memory 1199 MiB.
2026-10-06T18:21:32Z INFO [465/750] 523133a8-8e8f-41ef-a808-c063dc7b7ea9: 55 datasets; 3.4 s; peak memory 1199 MiB.
2026-10-06T18:21:39Z INFO [466/750] 52314fb7-0f9c-46d7-b47f-624c544885bb: 225 datasets; 6.5 s; peak memory 1199 MiB.
2026-10-06T18:21:40Z INFO [467/750] 5232aadb-d899-4a88-908f-4bcbf316c07b: 46 datasets; 1.0 s; peak memory 1199 MiB.
2026-10-06T18:21:41Z INFO [468/750] 5232cb24-0194-481f-9a1e-6ce0852c51ab: 48 datasets; 1.2 s; peak memory 1199 MiB.
2026-10-06T18:21:43Z INFO [469/750] 52333ad0-0a71-4552-a3a0-5b2e95e00c72: 66 datasets; 1.8 s; peak memory 1199 MiB.
2026-10-06T18:21:45Z INFO [470/750] 52338cb2-6dec-4c3b-abd6-c7ca891ca354: 116 datasets; 1.7 s; peak memory 1199 MiB.
2026-10-06T18:21:47Z INFO [471/750] 5233f17f-cb72-4186-8030-4b04445e226d: 38 datasets; 2.8 s; peak memory 1199 MiB.
2026-10-06T18:21:50Z INFO [472/750] 5233f654-be39-4c31-b4f2-8350aad812bc: 71 datasets; 2.8 s; peak memory 1199 MiB.
2026-10-06T18:21:52Z INFO [473/750] 523417e4-8c15-46a5-8ef6-97d04290fbe1: 71 datasets; 2.1 s; peak memory 1199 MiB.
2026-10-06T18:21:54Z INFO [474/750] 52349a31-1b53-48c9-8987-943a8c64ecc3: 121 datasets; 1.5 s; peak memory 1199 MiB.
2026-10-06T18:21:55Z INFO [475/750] 5234aa2d-e1eb-4969-82ff-9e710fffcd69: 84 datasets; 1.4 s; peak memory 1199 MiB.
2026-10-06T18:21:56Z INFO [476/750] 5234c8dd-6a2e-4d29-833c-e352d6d3be68: 50 datasets; 1.2 s; peak memory 1199 MiB.
2026-10-06T18:21:58Z INFO [477/750] 5235138c-a6c0-4363-9df7-24f244264ed9: 112 datasets; 2.0 s; peak memory 1199 MiB.
2026-10-06T18:22:00Z INFO [478/750] 5235a7f6-d181-4849-90a3-bd914d8d4ad1: 110 datasets; 1.8 s; peak memory 1199 MiB.
2026-10-06T18:22:01Z INFO [479/750] 5235e4b2-939c-4c62-86c7-b027ee79ab0a: 55 datasets; 1.1 s; peak memory 1199 MiB.
2026-10-06T18:22:04Z INFO [480/750] 5236495b-cafa-4cbd-951f-12ae636cb258: 119 datasets; 2.6 s; peak memory 1199 MiB.
2026-10-06T18:22:06Z INFO [481/750] 5236638c-b0e6-4d15-a191-3adfb3fb031a: 71 datasets; 2.1 s; peak memory 1199 MiB.
2026-10-06T18:22:07Z INFO [482/750] 5237ff34-cfee-4301-9b25-709cb3215b1b: 117 datasets; 1.5 s; peak memory 1199 MiB.
2026-10-06T18:22:09Z INFO [483/750] 5239dc96-40d4-4d91-9b5a-a1995191d9d2: 46 datasets; 1.3 s; peak memory 1199 MiB.
2026-10-06T18:22:10Z INFO [484/750] 523a288c-a31b-451e-98d9-e4ec64255f89: 46 datasets; 1.0 s; peak memory 1199 MiB.
2026-10-06T18:22:11Z INFO [485/750] 523af061-8e77-456a-92b1-3f4e205731ea: 33 datasets; 1.0 s; peak memory 1199 MiB.
2026-10-06T18:22:12Z INFO [486/750] 523b9bdf-d0c2-4248-aa24-ea5395bbe75c: 48 datasets; 1.5 s; peak memory 1199 MiB.
2026-10-06T18:22:14Z INFO [487/750] 523bc2fb-860e-4eee-a091-04ffd19084e0: 117 datasets; 1.5 s; peak memory 1199 MiB.
2026-10-06T18:22:15Z INFO [488/750] 523bc529-65cf-4ec1-8abe-ee892a2080eb: 114 datasets; 1.3 s; peak memory 1199 MiB.
2026-10-06T18:22:17Z INFO [489/750] 523d4569-d931-48dc-b171-13632bd819bb: 70 datasets; 1.8 s; peak memory 1199 MiB.
2026-10-06T18:22:24Z INFO [490/750] 523d7efe-ba9e-4f03-8e4a-d3edfc689ccd: 229 datasets; 7.6 s; peak memory 1199 MiB.
2026-10-06T18:22:28Z INFO [491/750] 523d80a7-baa8-43d4-b213-66c7c6a33be5: 206 datasets; 4.0 s; peak memory 1199 MiB.
2026-10-06T18:22:30Z INFO [492/750] 523e4e24-8870-4581-8393-d8cc43d258c6: 48 datasets; 1.6 s; peak memory 1199 MiB.
2026-10-06T18:23:00Z INFO [493/750] 523e65af-4e06-443d-9d53-7e56110f3f9b: 48 datasets; 29.6 s; peak memory 1199 MiB.
2026-10-06T18:23:03Z INFO [494/750] 523e8473-746f-4c96-9889-09881fb28bc1: 188 datasets; 3.6 s; peak memory 1199 MiB.
2026-10-06T18:23:05Z INFO [495/750] 523eaa79-954c-4581-a37c-a05e617399d0: 48 datasets; 1.5 s; peak memory 1199 MiB.
2026-10-06T18:23:06Z INFO [496/750] 523fcd48-0b13-4fa6-9113-7f3133f562a0: 79 datasets; 1.7 s; peak memory 1199 MiB.
2026-10-06T18:23:08Z INFO [497/750] 523fddc2-f637-4675-abd9-607df5cae816: 118 datasets; 1.8 s; peak memory 1199 MiB.
2026-10-06T18:23:10Z INFO [498/750] 52400607-59ab-4214-8740-5b281ce37411: 69 datasets; 1.4 s; peak memory 1199 MiB.
2026-10-06T18:23:11Z INFO [499/750] 52403ca4-da84-4a59-ba63-f1643228c252: 118 datasets; 1.5 s; peak memory 1199 MiB.
2026-10-06T18:23:13Z INFO [500/750] 5240e003-ef9a-4522-853a-248721dcc6d7: 48 datasets; 1.5 s; peak memory 1199 MiB.
2026-10-06T18:23:13Z INFO [500/750] 5240e003-ef9a-4522-853a-248721dcc6d7: checkpointed 86585 records.
2026-10-06T18:23:14Z INFO [501/750] 52416408-2d00-4308-bef7-e10609b90352: 48 datasets; 1.3 s; peak memory 1199 MiB.
2026-10-06T18:23:16Z INFO [502/750] 52435551-9bae-4d88-ae78-ebe8f1564981: 109 datasets; 1.7 s; peak memory 1199 MiB.
2026-10-06T18:23:17Z INFO [503/750] 5243839c-1927-4283-a4e3-8497b014146b: 117 datasets; 1.5 s; peak memory 1199 MiB.
2026-10-06T18:23:25Z INFO [504/750] 52440749-e662-4fbc-968b-bd8a47b76c61: 514 datasets; 7.8 s; peak memory 1199 MiB.
2026-10-06T18:23:27Z INFO [505/750] 524584e5-2243-4939-b726-5484cdc63a12: 111 datasets; 2.0 s; peak memory 1199 MiB.
2026-10-06T18:23:29Z INFO [506/750] 52464039-3027-4aa1-b3f3-cf6946ddd991: 117 datasets; 1.7 s; peak memory 1199 MiB.
2026-10-06T18:23:30Z INFO [507/750] 524664de-b3d7-40d4-8503-f5338a59586e: 52 datasets; 1.5 s; peak memory 1199 MiB.
2026-10-06T18:23:32Z INFO [508/750] 52470149-5443-49cd-8dec-1ae5f9912e4e: 118 datasets; 1.6 s; peak memory 1199 MiB.
2026-10-06T18:23:34Z INFO [509/750] 52482617-235a-4121-9e0a-e77930fd8d2e: 49 datasets; 1.7 s; peak memory 1199 MiB.
2026-10-06T18:23:35Z INFO [510/750] 52487051-ac23-4d68-b7f8-5ad2f582e6d9: 48 datasets; 1.3 s; peak memory 1199 MiB.
2026-10-06T18:23:53Z INFO [511/750] 524983f7-df1e-49b9-b9db-bc292e9ea5d7: 41 datasets; 18.3 s; peak memory 1199 MiB.
2026-10-06T18:23:55Z INFO [512/750] 5249b0c6-d0f6-4b7c-8770-88acd718d18e: 117 datasets; 1.4 s; peak memory 1199 MiB.
2026-10-06T18:23:56Z INFO [513/750] 524a309e-41f8-45a5-ba24-cbb5f65c4f20: 49 datasets; 1.6 s; peak memory 1199 MiB.
2026-10-06T18:23:58Z INFO [514/750] 524a43dc-592f-4098-bee5-5c6d9f36768a: 74 datasets; 1.7 s; peak memory 1199 MiB.
2026-10-06T18:23:59Z INFO [515/750] 524a8942-b5b7-4da9-9d91-72c63ae4d4d0: 38 datasets; 1.2 s; peak memory 1199 MiB.
2026-10-06T18:24:00Z INFO [516/750] 524aecae-59dd-4212-9711-94c9adae0ed5: 48 datasets; 1.2 s; peak memory 1199 MiB.
2026-10-06T18:24:01Z INFO [517/750] 524b0168-151f-4303-a398-bdcb05c3feb8: 46 datasets; 0.9 s; peak memory 1199 MiB.
2026-10-06T18:24:03Z INFO [518/750] 524b3d21-0a28-4393-be7e-88606479ece9: 48 datasets; 1.3 s; peak memory 1199 MiB.
2026-10-06T18:24:10Z INFO [519/750] 524be563-22a9-4159-bfe9-63954e2c58b5: 538 datasets; 6.9 s; peak memory 1199 MiB.
2026-10-06T18:27:30Z INFO [520/750] 524bec27-7872-4613-9d5a-c3e92bedc015: 260 datasets; 200.0 s; peak memory 1199 MiB.
2026-10-06T18:27:40Z INFO [521/750] 524c1163-b943-4a1b-92a7-e79a5519a542: 725 datasets; 10.5 s; peak memory 1199 MiB.
2026-10-06T18:27:42Z INFO [522/750] 524c5286-3162-40bc-bb1c-323eeb38ac02: 117 datasets; 1.8 s; peak memory 1199 MiB.
2026-10-06T18:27:43Z INFO [523/750] 524c6ca9-11f8-4d49-9633-78acc502a9d3: 48 datasets; 1.4 s; peak memory 1199 MiB.
2026-10-06T18:27:45Z INFO [524/750] 524cf42f-8625-4263-acb6-d1ec8b948fac: 69 datasets; 1.7 s; peak memory 1199 MiB.
2026-10-06T18:27:47Z INFO [525/750] 524d28b2-716c-446d-87bb-0d001f288716: 112 datasets; 1.7 s; peak memory 1199 MiB.
2026-10-06T18:27:49Z INFO [526/750] 524da237-793f-443e-b86b-e9d8a608d004: 85 datasets; 2.3 s; peak memory 1199 MiB.
2026-10-06T18:27:52Z INFO [527/750] 524e499f-4d6b-4315-a6b3-9e195a326eb8: 144 datasets; 2.9 s; peak memory 1199 MiB.
2026-10-06T18:27:53Z INFO [528/750] 524e7a91-19d3-4f32-bcdb-cc20f0b74a56: 55 datasets; 1.0 s; peak memory 1199 MiB.
2026-10-06T18:27:55Z INFO [529/750] 524e869d-30f7-4665-b491-6b3cd37a4994: 117 datasets; 1.6 s; peak memory 1199 MiB.
2026-10-06T18:28:12Z INFO [530/750] 524eb9af-c40f-4401-acc4-f36919a3af38: 1325 datasets; 17.3 s; peak memory 1199 MiB.
2026-10-06T18:28:13Z INFO [531/750] 524ec9e1-1acc-4e3a-acd4-a8255c8fab7c: 74 datasets; 1.5 s; peak memory 1199 MiB.
2026-10-06T18:28:31Z INFO [532/750] 5250802f-4e69-4730-8b4a-63741217fc3e: 763 datasets; 17.3 s; peak memory 1199 MiB.
2026-10-06T18:28:33Z INFO [533/750] 5250f8cd-b2df-45f7-82b5-4bcf0fed49c5: 69 datasets; 2.0 s; peak memory 1199 MiB.
2026-10-06T18:28:36Z INFO [534/750] 525186be-3dc0-44f6-aebe-f4a511b6eab6: 152 datasets; 3.4 s; peak memory 1199 MiB.
2026-10-06T18:28:37Z INFO [535/750] 52518878-686c-4f48-9ec0-cabc25a3eb7a: 48 datasets; 1.4 s; peak memory 1199 MiB.
2026-10-06T18:28:39Z INFO [536/750] 52522170-340b-4dff-9df9-55a04bb67d86: 36 datasets; 1.2 s; peak memory 1199 MiB.
2026-10-06T18:28:40Z INFO [537/750] 52524680-4349-485d-b1dc-fd8f1f3c54a2: 45 datasets; 1.6 s; peak memory 1199 MiB.
2026-10-06T18:28:43Z INFO [538/750] 52528af5-7560-4abd-b1b4-5f271a32a94c: 118 datasets; 2.8 s; peak memory 1199 MiB.
2026-10-06T18:28:45Z INFO [539/750] 5252d701-cb23-498c-8024-3a174f90196c: 70 datasets; 1.8 s; peak memory 1199 MiB.
2026-10-06T18:28:48Z INFO [540/750] 52532d3e-d7c5-4306-80b1-49136dcb72dc: 119 datasets; 3.4 s; peak memory 1199 MiB.
2026-10-06T18:32:10Z INFO [541/750] 525414cb-2c9f-4cd0-b3d5-61fd2d6fa55d: 169 datasets; 201.6 s; peak memory 1199 MiB.
2026-10-06T18:32:12Z INFO [542/750] 5254657f-5ec2-40b4-8159-644d4f11a9b8: 72 datasets; 1.7 s; peak memory 1199 MiB.
2026-10-06T18:32:16Z INFO [543/750] 52546d30-454f-479d-b15f-99a08f3d92ce: 232 datasets; 4.2 s; peak memory 1199 MiB.
2026-10-06T18:32:18Z INFO [544/750] 52549ced-eacc-4056-811b-92e163171a58: 66 datasets; 1.9 s; peak memory 1199 MiB.
2026-10-06T18:32:19Z INFO [545/750] 5254ae39-51ac-491b-b177-9c94046a0203: 56 datasets; 1.0 s; peak memory 1199 MiB.
2026-10-06T18:32:32Z INFO [546/750] 5255a3ce-86aa-4974-ae1f-5bdbd1b27cae: 744 datasets; 13.4 s; peak memory 1199 MiB.
2026-10-06T18:32:35Z INFO [547/750] 5255c110-5c15-4f6c-9368-816aaad42ce7: 78 datasets; 2.5 s; peak memory 1199 MiB.
2026-10-06T18:32:36Z INFO [548/750] 52562c55-f824-459e-b57b-7f9ad2c06d41: 112 datasets; 1.8 s; peak memory 1199 MiB.
2026-10-06T18:33:03Z INFO [549/750] 52565032-3e30-4138-bd70-00e2850d2812: 48 datasets; 26.6 s; peak memory 1199 MiB.
2026-10-06T18:33:05Z INFO [550/750] 525669ee-d759-4df3-bb5b-c06e17403056: 112 datasets; 1.7 s; peak memory 1199 MiB.
2026-10-06T18:33:05Z INFO [550/750] 525669ee-d759-4df3-bb5b-c06e17403056: checkpointed 86635 records.
2026-10-06T18:33:07Z INFO [551/750] 52570f02-a45e-4c9b-8ee7-f4093bdc55a2: 69 datasets; 1.7 s; peak memory 1199 MiB.
2026-10-06T18:33:08Z INFO [552/750] 52573f69-9cdf-4579-8956-d1134d65dfa0: 66 datasets; 1.7 s; peak memory 1199 MiB.
2026-10-06T18:33:24Z INFO [553/750] 52580a75-21d0-41bb-8a14-d44e99321dfb: 1527 datasets; 15.5 s; peak memory 1199 MiB.
2026-10-06T18:33:25Z INFO [554/750] 525821fc-37d3-41a7-bde9-d557f970219b: 50 datasets; 1.2 s; peak memory 1199 MiB.
2026-10-06T18:33:27Z INFO [555/750] 525848ae-4926-4f89-a790-f7e7d800bec0: 45 datasets; 1.8 s; peak memory 1199 MiB.
2026-10-06T18:33:28Z INFO [556/750] 525850b5-d6c7-4356-b6a8-a67a01ac984c: 74 datasets; 1.6 s; peak memory 1199 MiB.
2026-10-06T18:33:30Z INFO [557/750] 5258aacd-c8b4-44a3-aaa9-b0407abbf53b: 112 datasets; 1.5 s; peak memory 1199 MiB.
2026-10-06T18:33:31Z INFO [558/750] 5258d1ae-f827-4594-abf0-bd3481bcf1cb: 48 datasets; 1.4 s; peak memory 1199 MiB.
2026-10-06T18:33:33Z INFO [559/750] 525974db-fe98-4350-82eb-f5d81b7129db: 48 datasets; 1.3 s; peak memory 1199 MiB.
2026-10-06T18:33:34Z INFO [560/750] 525a2802-0d87-4549-a6a2-adccb868be1f: 117 datasets; 1.5 s; peak memory 1199 MiB.
2026-10-06T18:33:35Z INFO [561/750] 525ad05c-6329-4ffc-b0b4-df9e66c352f6: 62 datasets; 1.4 s; peak memory 1199 MiB.
2026-10-06T18:33:37Z INFO [562/750] 525c086f-277f-4a07-8179-e6f50bdf889b: 112 datasets; 1.7 s; peak memory 1199 MiB.
2026-10-06T18:33:39Z INFO [563/750] 525c295b-986e-4696-83ba-d8765b2154ea: 116 datasets; 1.5 s; peak memory 1199 MiB.
2026-10-06T18:33:50Z INFO [564/750] 525c7bec-bf10-49bb-8887-ab1497d5f2ba: 785 datasets; 11.0 s; peak memory 1199 MiB.
2026-10-06T18:33:58Z INFO [565/750] 525d9ff3-e12b-4051-a9ae-0105478a6241: 266 datasets; 8.2 s; peak memory 1199 MiB.
2026-10-06T18:34:00Z INFO [566/750] 525db3b9-c223-4165-b20a-f4fa75ea0f01: 66 datasets; 2.2 s; peak memory 1199 MiB.
2026-10-06T18:34:02Z INFO [567/750] 525dd31e-b953-4f26-9a5f-3764c8146faf: 71 datasets; 1.9 s; peak memory 1199 MiB.
2026-10-06T18:34:03Z INFO [568/750] 525e186a-91ff-4873-8038-42c0d51dbb11: 52 datasets; 1.2 s; peak memory 1199 MiB.
2026-10-06T18:34:05Z INFO [569/750] 525e5450-a516-4413-9631-97468e39106c: 66 datasets; 2.1 s; peak memory 1199 MiB.
2026-10-06T18:34:21Z INFO [570/750] 525f0376-ff21-4094-821b-56829ddc93d5: 1091 datasets; 16.1 s; peak memory 1199 MiB.
2026-10-06T18:34:23Z INFO [571/750] 525f5e57-7dd0-4258-8bf4-d5c8f0cc9eb4: 116 datasets; 1.6 s; peak memory 1199 MiB.
2026-10-06T18:34:24Z INFO [572/750] 525fa33b-7677-4224-b9bb-2e0e750cea77: 48 datasets; 1.3 s; peak memory 1199 MiB.
2026-10-06T18:34:37Z INFO [573/750] 52609f24-eb4f-4772-9b04-2739b5566b15: 106 datasets; 12.7 s; peak memory 1199 MiB.
2026-10-06T18:51:25Z INFO [574/750] 52614874-adf2-42b8-a7fc-d702523228b0: 114 datasets; 1008.2 s; peak memory 1199 MiB.
2026-10-06T18:51:41Z INFO [575/750] 5261f7b6-7fe1-4fe4-8c4d-6d9c437aff20: 44 datasets; 15.6 s; peak memory 1199 MiB.
2026-10-06T18:51:42Z INFO [576/750] 52620a02-08a3-4232-b156-8c7417e9a129: 48 datasets; 1.3 s; peak memory 1199 MiB.
2026-10-06T18:51:57Z INFO [577/750] 5262bc19-4f56-4375-8f55-8232b02443ec: 44 datasets; 15.2 s; peak memory 1199 MiB.
2026-10-06T18:51:59Z INFO [578/750] 5263938e-119e-4a47-99c2-fdff1bbec42c: 118 datasets; 1.6 s; peak memory 1199 MiB.
2026-10-06T18:52:00Z INFO [579/750] 526409d7-22e2-4b76-b035-47294522b791: 39 datasets; 1.3 s; peak memory 1199 MiB.
2026-10-06T18:52:02Z INFO [580/750] 526439ba-597c-42e8-b2c7-ff9239288499: 48 datasets; 1.4 s; peak memory 1199 MiB.
2026-10-06T18:52:03Z INFO [581/750] 52645820-368a-4a48-93b7-aa17b3f5e563: 112 datasets; 1.3 s; peak memory 1199 MiB.
2026-10-06T18:52:05Z INFO [582/750] 52646708-faed-44c7-baad-4579283ca187: 121 datasets; 2.5 s; peak memory 1199 MiB.
2026-10-06T18:52:07Z INFO [583/750] 5264a73c-55c8-48a5-bb83-0dcb263140b9: 39 datasets; 1.5 s; peak memory 1199 MiB.
2026-10-06T18:52:08Z INFO [584/750] 52650d4b-27fa-4d51-a92a-d659c9475bb8: 49 datasets; 1.1 s; peak memory 1199 MiB.
2026-10-06T18:52:09Z INFO [585/750] 5265bf78-316a-450d-af4f-06cc7342fd4f: 48 datasets; 1.5 s; peak memory 1199 MiB.
2026-10-06T18:52:38Z INFO [586/750] 52665306-f334-44c3-98bd-276e956b7b38: 48 datasets; 28.3 s; peak memory 1199 MiB.
2026-10-06T18:52:40Z INFO [587/750] 52666989-7822-49ab-9a27-ad162ba343f2: 64 datasets; 2.6 s; peak memory 1199 MiB.
2026-10-06T18:52:44Z INFO [588/750] 52669c5d-46ef-41ad-907d-5ef70c305949: 101 datasets; 3.7 s; peak memory 1199 MiB.
2026-10-06T18:52:46Z INFO [589/750] 5266be8f-2aa5-4ea1-8f8f-69b1210f04be: 64 datasets; 2.2 s; peak memory 1199 MiB.
2026-10-06T18:52:48Z INFO [590/750] 526790b4-caa4-4fe3-b313-95a5bca864fc: 117 datasets; 1.5 s; peak memory 1199 MiB.
2026-10-06T18:52:50Z INFO [591/750] 526831ea-3dcd-4491-b62e-681cd4304d65: 112 datasets; 1.9 s; peak memory 1199 MiB.
2026-10-06T18:52:51Z INFO [592/750] 52688b7a-aa76-429a-80f8-ab4a8eb606a0: 48 datasets; 1.4 s; peak memory 1199 MiB.
2026-10-06T18:52:53Z INFO [593/750] 5268a589-6fee-4128-bdd5-dfe67e585760: 69 datasets; 1.7 s; peak memory 1199 MiB.
2026-10-06T18:52:54Z INFO [594/750] 5268d0c1-47b6-483e-a03c-dd253a99e0dd: 112 datasets; 1.5 s; peak memory 1199 MiB.
2026-10-06T18:52:55Z INFO [595/750] 5269db4b-3bf3-4c1a-abba-e473defd8dc2: 57 datasets; 1.0 s; peak memory 1199 MiB.
2026-10-06T18:52:57Z INFO [596/750] 526a2bfd-9b8d-41d6-957d-5c72d62574c3: 69 datasets; 1.6 s; peak memory 1199 MiB.
2026-10-06T18:53:12Z INFO [597/750] 526b5ffc-8072-4dfa-9e1c-d5ed6fdc0ce8: 896 datasets; 14.8 s; peak memory 1199 MiB.
2026-10-06T18:53:14Z INFO [598/750] 526bf7dc-bad0-4b52-944d-ca5abc4d1b11: 66 datasets; 2.0 s; peak memory 1199 MiB.
2026-10-06T18:53:15Z INFO [599/750] 526c2b6f-d9d1-4d1b-88a9-70023b61cf28: 48 datasets; 1.3 s; peak memory 1199 MiB.
2026-10-06T18:53:16Z INFO [600/750] 526c475f-a6f2-4b59-9c73-d947eeb95fa1: 57 datasets; 1.0 s; peak memory 1199 MiB.
2026-10-06T18:53:16Z INFO [600/750] 526c475f-a6f2-4b59-9c73-d947eeb95fa1: checkpointed 86685 records.
2026-10-06T18:53:19Z INFO [601/750] 526cc790-9828-4ab4-aac0-7235a7735862: 168 datasets; 2.9 s; peak memory 1199 MiB.
2026-10-06T18:53:20Z INFO [602/750] 526d6ae0-5664-4b74-ac2d-89379b75d6ec: 118 datasets; 1.4 s; peak memory 1199 MiB.
2026-10-06T18:53:21Z INFO [603/750] 526db528-c113-4315-a6ea-c0699e619d32: 52 datasets; 1.1 s; peak memory 1199 MiB.
2026-10-06T18:53:23Z INFO [604/750] 526e42e7-57a8-47db-b5ab-deb8d3e827e6: 66 datasets; 1.9 s; peak memory 1199 MiB.
2026-10-06T18:53:34Z INFO [605/750] 526eb353-d9a4-4683-9cba-6ceea94b0890: 409 datasets; 10.6 s; peak memory 1199 MiB.
2026-10-06T18:53:35Z INFO [606/750] 526f53f4-20c8-4729-84fc-67951ca58920: 112 datasets; 1.6 s; peak memory 1199 MiB.
2026-10-06T18:53:37Z INFO [607/750] 52709424-34c3-458c-860c-9f5412eca6d3: 48 datasets; 1.6 s; peak memory 1199 MiB.
2026-10-06T18:53:39Z INFO [608/750] 52709dbd-5606-4b3a-bb4a-53c276e66878: 68 datasets; 1.6 s; peak memory 1199 MiB.
2026-10-06T18:53:46Z INFO [609/750] 5271411a-4458-45ce-a3ce-18749792be8b: 196 datasets; 7.4 s; peak memory 1199 MiB.
2026-10-06T18:53:47Z INFO [610/750] 52718cca-25a2-4fbc-ba8c-145314387d63: 56 datasets; 1.0 s; peak memory 1199 MiB.
2026-10-06T18:53:50Z INFO [611/750] 5271c072-1185-4075-9c08-9990871ba780: 213 datasets; 3.1 s; peak memory 1199 MiB.
2026-10-06T18:53:59Z INFO [612/750] 52720990-7432-4b06-8599-38c3add6143b: 326 datasets; 9.1 s; peak memory 1199 MiB.
2026-10-06T18:54:04Z INFO [613/750] 52721fa9-48c5-4663-97b6-5e5fb4ab2729: 427 datasets; 4.9 s; peak memory 1199 MiB.
2026-10-06T18:54:05Z INFO [614/750] 5272207f-1409-4bd1-9ae2-8b6e1ecef318: 46 datasets; 1.2 s; peak memory 1199 MiB.
2026-10-06T18:54:07Z INFO [615/750] 527235c8-6642-4248-8a9b-79d7fdac53c1: 66 datasets; 1.9 s; peak memory 1199 MiB.
2026-10-06T18:54:09Z INFO [616/750] 5272a94e-f2eb-4c58-b0ad-61bb495bc0da: 86 datasets; 2.1 s; peak memory 1199 MiB.
2026-10-06T18:54:11Z INFO [617/750] 5273f7e4-7bea-4b10-8d64-a781eb0e8cfe: 48 datasets; 1.5 s; peak memory 1199 MiB.
2026-10-06T18:54:12Z INFO [618/750] 52746d6e-bf82-4f40-a344-1fe89dff1278: 41 datasets; 1.2 s; peak memory 1199 MiB.
2026-10-06T18:54:20Z INFO [619/750] 52751a27-0491-4724-928d-b65fb6fe6f53: 193 datasets; 8.0 s; peak memory 1199 MiB.
2026-10-06T18:54:22Z INFO [620/750] 52761a57-2599-40fc-8630-7aefbe2be07f: 112 datasets; 2.0 s; peak memory 1199 MiB.
2026-10-06T18:54:29Z INFO [621/750] 5276394a-06f1-4b8c-a8e5-1fdbd19c55b7: 538 datasets; 6.6 s; peak memory 1199 MiB.
2026-10-06T18:54:31Z INFO [622/750] 527691f1-8014-410e-86c5-712ad489b310: 221 datasets; 2.0 s; peak memory 1199 MiB.
2026-10-06T18:54:32Z INFO [623/750] 5277ab0c-9b74-4a46-8d30-d340fbd91162: 48 datasets; 1.4 s; peak memory 1199 MiB.
2026-10-06T18:54:33Z INFO [624/750] 527800b4-11ab-4236-8269-39699821c3b6: 46 datasets; 0.9 s; peak memory 1199 MiB.
2026-10-06T18:54:34Z INFO [625/750] 527850ba-d7ef-48fd-b8ea-b30f40469f24: 38 datasets; 1.0 s; peak memory 1199 MiB.
2026-10-06T18:54:36Z INFO [626/750] 527a0789-7a57-46bf-ac57-62354e1ac197: 112 datasets; 1.6 s; peak memory 1199 MiB.
2026-10-06T18:54:37Z INFO [627/750] 527a1ad3-d700-48e4-90d6-377a36a6261f: 48 datasets; 1.3 s; peak memory 1199 MiB.
2026-10-06T18:54:38Z INFO [628/750] 527b201a-603c-4ee5-8c29-e5a836605f1c: 117 datasets; 1.4 s; peak memory 1199 MiB.
2026-10-06T18:54:40Z INFO [629/750] 527b8eed-365a-4aff-a675-5faea54ca4fc: 118 datasets; 1.7 s; peak memory 1199 MiB.
2026-10-06T18:54:41Z INFO [630/750] 527c58e9-40ff-4a03-be02-6089980fd97b: 62 datasets; 1.3 s; peak memory 1199 MiB.
2026-10-06T18:54:43Z INFO [631/750] 527ceeff-0c98-42ff-8215-dd273ac7a0ba: 117 datasets; 1.5 s; peak memory 1199 MiB.
2026-10-06T18:54:44Z INFO [632/750] 527d4065-d42a-4110-a1cf-2fde5a1757ff: 48 datasets; 1.3 s; peak memory 1199 MiB.
2026-10-06T18:54:45Z INFO [633/750] 527da3df-efb9-420d-91de-df804ec212c0: 54 datasets; 1.1 s; peak memory 1199 MiB.
2026-10-06T18:55:01Z INFO [634/750] 527da47f-b00f-4ad1-afe2-5abf8d5f62a1: 432 datasets; 15.5 s; peak memory 1199 MiB.
2026-10-06T18:55:02Z INFO [635/750] 527def8c-3df5-4cfb-9b3d-0558ddf944f2: 48 datasets; 1.4 s; peak memory 1199 MiB.
2026-10-06T18:55:03Z INFO [636/750] 527e91d4-23bc-4bd9-99f5-b6e1dcfc51c1: 48 datasets; 1.3 s; peak memory 1199 MiB.
2026-10-06T18:55:18Z INFO [637/750] 527e9f94-0fac-4d21-b2bc-8897fccaa7d4: 943 datasets; 14.4 s; peak memory 1199 MiB.
2026-10-06T18:55:19Z INFO [638/750] 527f09b8-02f5-4216-b873-f35d195021a4: 45 datasets; 1.5 s; peak memory 1199 MiB.
2026-10-06T18:55:21Z INFO [639/750] 527f9746-f9b1-47f8-b810-69a4204bb88b: 46 datasets; 1.3 s; peak memory 1199 MiB.
2026-10-06T18:55:22Z INFO [640/750] 527ff237-ab9c-40bc-8f9e-4846f6152993: 48 datasets; 1.3 s; peak memory 1199 MiB.
2026-10-06T18:55:25Z INFO [641/750] 52804750-86c1-4296-9a69-0f39eb78dfd2: 115 datasets; 2.8 s; peak memory 1199 MiB.
2026-10-06T18:55:26Z INFO [642/750] 528050b5-8c18-4123-aee6-529aa1b6b24a: 48 datasets; 1.2 s; peak memory 1199 MiB.
2026-10-06T18:55:27Z INFO [643/750] 52810c06-47f2-4b01-a099-dad001681f51: 52 datasets; 1.5 s; peak memory 1199 MiB.
2026-10-06T18:55:29Z INFO [644/750] 528115d3-f631-4323-a6d2-9e9f3618d030: 117 datasets; 1.5 s; peak memory 1199 MiB.
2026-10-06T18:55:36Z INFO [645/750] 528141d8-6ba5-42d8-9bab-b06aecd80bf9: 198 datasets; 7.5 s; peak memory 1199 MiB.
2026-10-06T18:55:38Z INFO [646/750] 52815a07-d624-43fc-ae5a-41b2e7ad7cc4: 52 datasets; 1.3 s; peak memory 1199 MiB.
2026-10-06T18:55:41Z INFO [647/750] 528194bc-d939-4313-8c8e-8b819a1192e9: 90 datasets; 2.9 s; peak memory 1199 MiB.
2026-10-06T18:55:42Z INFO [648/750] 5281e214-6dd4-4158-9add-56ff3de6180a: 117 datasets; 1.5 s; peak memory 1199 MiB.
2026-10-06T18:55:43Z INFO [649/750] 52827aea-e58a-4c32-bd09-615e2515c686: 119 datasets; 1.3 s; peak memory 1199 MiB.
2026-10-06T18:55:45Z INFO [650/750] 52829792-b7c6-4443-8e31-70e99631bc61: 110 datasets; 2.0 s; peak memory 1199 MiB.
2026-10-06T18:55:46Z INFO [650/750] 52829792-b7c6-4443-8e31-70e99631bc61: checkpointed 86735 records.
2026-10-06T18:55:47Z INFO [651/750] 5282bfcb-7647-44e6-bf3d-e4780e921628: 83 datasets; 1.5 s; peak memory 1199 MiB.
2026-10-06T18:55:48Z INFO [652/750] 52836001-f933-4dda-a745-cc7e544f7391: 46 datasets; 0.9 s; peak memory 1199 MiB.
2026-10-06T18:55:49Z INFO [653/750] 5283f667-a92f-4e80-a745-13f3ea8d89b1: 48 datasets; 1.4 s; peak memory 1199 MiB.
2026-10-06T18:55:51Z INFO [654/750] 5284165f-8632-4d8f-8c7a-b1cc85b57997: 112 datasets; 1.7 s; peak memory 1199 MiB.
2026-10-06T18:55:52Z INFO [655/750] 52841e86-93fb-4352-bccf-d4d75a93a20a: 48 datasets; 1.2 s; peak memory 1199 MiB.
2026-10-06T18:55:56Z INFO [656/750] 5285401a-3fd5-4abe-a543-9dd8274bcd11: 115 datasets; 3.5 s; peak memory 1199 MiB.
2026-10-06T18:55:57Z INFO [657/750] 5285dea4-3df0-451f-82b9-d408f9b9e451: 46 datasets; 1.0 s; peak memory 1199 MiB.
2026-10-06T18:56:04Z INFO [658/750] 52867b26-cc27-48a2-83e2-9cf49fe2b298: 450 datasets; 7.0 s; peak memory 1199 MiB.
2026-10-06T18:56:07Z INFO [659/750] 5286a2dd-3e01-473b-906d-6623829febf5: 70 datasets; 3.1 s; peak memory 1199 MiB.
2026-10-06T18:56:09Z INFO [660/750] 52871285-9b7a-4ce4-9703-46429cf70946: 303 datasets; 1.8 s; peak memory 1199 MiB.
2026-10-06T18:56:10Z INFO [661/750] 528879bd-d922-4321-a12f-58a6856bd460: 117 datasets; 1.4 s; peak memory 1199 MiB.
2026-10-06T18:59:17Z INFO [662/750] 5288901c-0f26-4752-bed4-988449b8f6a0: 413 datasets; 187.3 s; peak memory 1199 MiB.
2026-10-06T18:59:19Z INFO [663/750] 5289509a-f641-41c2-ad4a-b2243a939f71: 110 datasets; 1.7 s; peak memory 1199 MiB.
2026-10-06T18:59:21Z INFO [664/750] 52896f17-262d-47b9-9788-31597bdd9e0f: 45 datasets; 1.6 s; peak memory 1199 MiB.
2026-10-06T18:59:22Z INFO [665/750] 52897708-339e-462b-a21e-7c855585ad6a: 112 datasets; 1.8 s; peak memory 1199 MiB.
2026-10-06T18:59:24Z INFO [666/750] 52899ea0-076c-4026-8799-e3e3cb53c44f: 77 datasets; 1.6 s; peak memory 1199 MiB.
2026-10-06T18:59:25Z INFO [667/750] 5289b758-0dea-41ac-94c5-88fc72e2eb4e: 57 datasets; 1.0 s; peak memory 1199 MiB.
2026-10-06T18:59:27Z INFO [668/750] 5289c4c8-328a-40ba-b809-1b3131a6485b: 66 datasets; 1.8 s; peak memory 1199 MiB.
2026-10-06T18:59:29Z INFO [669/750] 5289ca9c-b589-4ba5-ad6d-b79015678ca5: 71 datasets; 2.6 s; peak memory 1199 MiB.
2026-10-06T18:59:31Z INFO [670/750] 5289d66d-3dfe-4b4e-b32b-f2c9fd7dcec5: 83 datasets; 1.5 s; peak memory 1199 MiB.
2026-10-06T18:59:32Z INFO [671/750] 5289f3e9-622a-4afa-91ff-1d85f582c29c: 48 datasets; 1.3 s; peak memory 1199 MiB.
2026-10-06T18:59:34Z INFO [672/750] 528a32d5-41c1-47ef-8c45-76f1ba11c8fe: 48 datasets; 1.2 s; peak memory 1199 MiB.
2026-10-06T18:59:44Z INFO [673/750] 528a3713-a314-4c96-8187-a88587cc4511: 733 datasets; 10.1 s; peak memory 1199 MiB.
2026-10-06T18:59:45Z INFO [674/750] 528a3c51-31ae-43de-b3c9-60a16e1792ae: 116 datasets; 1.6 s; peak memory 1199 MiB.
2026-10-06T19:00:06Z INFO [675/750] 528b1ca2-cf82-4537-be8e-c14782ff57bb: 1064 datasets; 21.2 s; peak memory 1199 MiB.
2026-10-06T19:00:24Z INFO [676/750] 528b72ad-54b1-4bd7-b8ae-ee45d3d8ef07: 953 datasets; 17.4 s; peak memory 1199 MiB.
2026-10-06T19:00:31Z INFO [677/750] 528ba978-8c21-4755-97d8-91b46c53719f: 538 datasets; 7.5 s; peak memory 1199 MiB.
2026-10-06T19:00:33Z INFO [678/750] 528cbb4a-f535-4c43-82b4-9afdd7dc5bf4: 113 datasets; 2.1 s; peak memory 1199 MiB.
2026-10-06T19:00:35Z INFO [679/750] 528ccb4b-5b5a-4e80-ae3b-7f78e384515d: 50 datasets; 1.3 s; peak memory 1199 MiB.
2026-10-06T19:00:40Z INFO [680/750] 528d1406-9641-4ef4-a215-f1620abeb7da: 441 datasets; 5.1 s; peak memory 1199 MiB.
2026-10-06T19:00:41Z INFO [681/750] 528e4e7f-1a79-4812-8061-0c9d3a9ef659: 117 datasets; 1.6 s; peak memory 1199 MiB.
2026-10-06T19:00:43Z INFO [682/750] 528e831a-abbe-4d89-944e-2a8598badd10: 46 datasets; 1.3 s; peak memory 1199 MiB.
2026-10-06T19:00:53Z INFO [683/750] 52903a7c-9546-49c2-9fa5-43a3b6f86227: 375 datasets; 10.4 s; peak memory 1199 MiB.
2026-10-06T19:00:54Z INFO [684/750] 52906132-b9a8-4594-ae36-89eee21acbd5: 40 datasets; 1.2 s; peak memory 1199 MiB.
2026-10-06T19:00:56Z INFO [685/750] 5290a3f0-6bb7-452d-869d-45972c20f9ab: 48 datasets; 1.3 s; peak memory 1199 MiB.
2026-10-06T19:00:57Z INFO [686/750] 5290f168-2733-498f-9324-c818b75bde89: 48 datasets; 1.2 s; peak memory 1199 MiB.
2026-10-06T19:00:58Z INFO [687/750] 52910f6e-317a-4c7b-9774-71b8e1847bfc: 48 datasets; 1.4 s; peak memory 1199 MiB.
2026-10-06T19:01:01Z INFO [688/750] 5291676e-4bc6-408a-bc72-5f8663d1ed99: 38 datasets; 2.6 s; peak memory 1199 MiB.
2026-10-06T19:01:02Z INFO [689/750] 5291f519-a4c9-4db8-a764-bad49fdf4485: 44 datasets; 1.4 s; peak memory 1199 MiB.
2026-10-06T19:01:04Z INFO [690/750] 5293a848-a104-4fb5-a575-f2bc7c80788c: 112 datasets; 1.7 s; peak memory 1199 MiB.
2026-10-06T19:01:06Z INFO [691/750] 52940fb0-6c1e-442f-ad75-b8e315c278fe: 62 datasets; 1.8 s; peak memory 1199 MiB.
2026-10-06T19:01:09Z INFO [692/750] 5294144e-927a-42c2-a064-57cea35bf10b: 38 datasets; 2.9 s; peak memory 1199 MiB.
2026-10-06T19:01:10Z INFO [693/750] 52957c03-35a4-4e6d-ab94-0b7940a1635f: 289 datasets; 2.0 s; peak memory 1199 MiB.
2026-10-06T19:01:12Z INFO [694/750] 5295cc5d-9a30-4419-ba15-012f22cce6f8: 69 datasets; 1.9 s; peak memory 1199 MiB.
2026-10-06T19:01:14Z INFO [695/750] 529764f6-ccb6-425b-9567-df07bf97d709: 48 datasets; 1.4 s; peak memory 1199 MiB.
2026-10-06T19:01:15Z INFO [696/750] 5297726c-5a01-43f8-8e04-aa27ad28bc6f: 117 datasets; 1.6 s; peak memory 1199 MiB.
2026-10-06T19:01:23Z INFO [697/750] 52979995-bf37-443c-8cd8-061e057251f2: 196 datasets; 7.4 s; peak memory 1199 MiB.
2026-10-06T19:01:25Z INFO [698/750] 5297a4b9-ea35-47a3-8a98-ced37ebb2be5: 59 datasets; 1.9 s; peak memory 1199 MiB.
2026-10-06T19:02:55Z INFO [699/750] 5297df40-065f-4a91-8122-617be6a5bb72: 5944 datasets; 90.3 s; peak memory 1199 MiB.
2026-10-06T19:02:59Z INFO [700/750] 5298ec83-7bb9-429c-ba9f-a9404c05a507: 98 datasets; 3.9 s; peak memory 1199 MiB.
2026-10-06T19:02:59Z INFO [700/750] 5298ec83-7bb9-429c-ba9f-a9404c05a507: checkpointed 86785 records.
2026-10-06T19:06:00Z INFO [701/750] 52990181-9255-4c94-859a-9639b17b9db8: 62 datasets; 181.2 s; peak memory 1199 MiB.
2026-10-06T19:06:01Z INFO [702/750] 5299cbb9-ae1f-4c31-a0b1-ef7b88153d05: 48 datasets; 1.2 s; peak memory 1199 MiB.
2026-10-06T19:06:05Z INFO [703/750] 529a0134-02eb-4fd3-a955-4ef0a7ed1609: 99 datasets; 3.7 s; peak memory 1199 MiB.
2026-10-06T19:06:06Z INFO [704/750] 529a22c9-ba78-4397-aabf-127824d814a9: 48 datasets; 1.4 s; peak memory 1199 MiB.
2026-10-06T19:06:22Z INFO [705/750] 529b9611-8c1f-4955-8cae-e4a86354db4f: 446 datasets; 15.8 s; peak memory 1199 MiB.
2026-10-06T19:06:24Z INFO [706/750] 529cde7f-dbcb-4c56-9d00-24f7a22fc806: 48 datasets; 1.3 s; peak memory 1199 MiB.
2026-10-06T19:06:25Z INFO [707/750] 529ce6b4-8dad-48c5-98f1-6576aced5411: 48 datasets; 1.5 s; peak memory 1199 MiB.
2026-10-06T19:06:27Z INFO [708/750] 529cf497-3c2e-4879-9af6-c10f80907142: 112 datasets; 1.8 s; peak memory 1199 MiB.
2026-10-06T19:06:28Z INFO [709/750] 529d5928-a8f2-4f45-abc5-514a1f5be1cb: 117 datasets; 1.5 s; peak memory 1199 MiB.
2026-10-06T19:06:30Z INFO [710/750] 529d6df3-13a9-4151-91b3-7570e60a6284: 48 datasets; 1.3 s; peak memory 1199 MiB.
2026-10-06T19:06:31Z INFO [711/750] 529e01fa-8eb5-47f0-b3b9-499ff438956a: 117 datasets; 1.7 s; peak memory 1199 MiB.
2026-10-06T19:06:33Z INFO [712/750] 529e50ec-faa7-4bf5-b763-2ae840dcb11f: 118 datasets; 1.5 s; peak memory 1199 MiB.
2026-10-06T19:06:39Z INFO [713/750] 529ea76f-44df-428b-8983-c8b9fb982e67: 228 datasets; 6.2 s; peak memory 1199 MiB.
2026-10-06T19:06:40Z INFO [714/750] 529eaa5b-6916-46fd-996e-7dc7aa48572d: 49 datasets; 1.2 s; peak memory 1199 MiB.
2026-10-06T19:06:43Z INFO [715/750] 529ee7cb-e019-4d1a-8b1c-9ed9d40ec029: 71 datasets; 2.6 s; peak memory 1199 MiB.
2026-10-06T19:06:44Z INFO [716/750] 529ef45c-5a5b-4e6e-bee0-225f02f1392d: 64 datasets; 1.3 s; peak memory 1199 MiB.
2026-10-06T19:06:46Z INFO [717/750] 529f5582-167b-4a48-a188-4573ee4e8d2c: 48 datasets; 1.6 s; peak memory 1199 MiB.
2026-10-06T19:06:48Z INFO [718/750] 529fa0ee-2c71-4043-a540-a5bb2ee25aea: 48 datasets; 1.8 s; peak memory 1199 MiB.
2026-10-06T19:06:58Z INFO [719/750] 52a141e1-f8c4-4136-96f8-3aabc975dea8: 43 datasets; 10.0 s; peak memory 1199 MiB.
2026-10-06T19:07:10Z INFO [720/750] 52a167bc-03d2-45aa-87b7-a9040a5cf4e2: 402 datasets; 12.0 s; peak memory 1199 MiB.
2026-10-06T19:07:20Z INFO [721/750] 52a1c92c-e8cc-48dd-9d2c-aa08c9df3d57: 1053 datasets; 9.7 s; peak memory 1199 MiB.
2026-10-06T19:07:21Z INFO [722/750] 52a267f8-a80f-4495-a2d0-3e3768601ec5: 48 datasets; 1.4 s; peak memory 1199 MiB.
2026-10-06T19:07:23Z INFO [723/750] 52a2e8de-a866-4506-b2af-5566d5846054: 117 datasets; 1.6 s; peak memory 1199 MiB.
2026-10-06T19:07:24Z INFO [724/750] 52a36aba-db72-4822-b734-f48ed008fbe6: 112 datasets; 1.4 s; peak memory 1199 MiB.
2026-10-06T19:07:25Z INFO [725/750] 52a4154f-6b39-4cca-82cc-7d1220d37434: 46 datasets; 1.2 s; peak memory 1199 MiB.
2026-10-06T19:07:26Z INFO [726/750] 52a41fa0-adea-4b9f-a5c8-0517c5a6eb07: 46 datasets; 1.0 s; peak memory 1199 MiB.
2026-10-06T19:07:28Z INFO [727/750] 52a540b5-f5e7-4e10-949e-84bcb8725df1: 71 datasets; 2.3 s; peak memory 1199 MiB.
2026-10-06T19:07:32Z INFO [728/750] 52a59875-c636-408b-87fc-96b8b8eb296f: 156 datasets; 3.8 s; peak memory 1199 MiB.
2026-10-06T19:07:36Z INFO [729/750] 52a5a3ff-bf4d-4254-a233-d2e95499efd4: 156 datasets; 3.7 s; peak memory 1199 MiB.
2026-10-06T19:08:03Z INFO [730/750] 52a694cf-ac67-446d-a40a-aa1d013eccf3: 48 datasets; 26.9 s; peak memory 1199 MiB.
2026-10-06T19:08:04Z INFO [731/750] 52a6bf38-de98-4153-bf36-3e5052ca7854: 48 datasets; 1.3 s; peak memory 1199 MiB.
2026-10-06T19:08:06Z INFO [732/750] 52a75354-03f9-4abf-88e3-7bec38788859: 112 datasets; 1.7 s; peak memory 1199 MiB.
2026-10-06T19:08:09Z INFO [733/750] 52a7bef5-2100-491c-93a4-9c1add65cf3d: 115 datasets; 3.0 s; peak memory 1199 MiB.
2026-10-06T19:08:10Z INFO [734/750] 52a831c1-5272-41e6-a84f-7c299831f709: 83 datasets; 1.2 s; peak memory 1199 MiB.
2026-10-06T19:08:12Z INFO [735/750] 52a83a17-bbe8-4088-b0b7-7974a09f9cc7: 117 datasets; 1.5 s; peak memory 1199 MiB.
2026-10-06T19:08:13Z INFO [736/750] 52a8e7ee-c1ea-4968-87c1-86d118a31fd9: 48 datasets; 1.4 s; peak memory 1199 MiB.
2026-10-06T19:08:14Z INFO [737/750] 52a9ceb0-397b-4c68-bb25-9b507661f98a: 48 datasets; 1.4 s; peak memory 1199 MiB.
2026-10-06T19:08:16Z INFO [738/750] 52aa9c1e-2e6f-4c9d-957d-f145a87e6e98: 117 datasets; 1.6 s; peak memory 1199 MiB.
2026-10-06T19:08:20Z INFO [739/750] 52ab7624-ee11-4f07-9805-077c6783eacc: 82 datasets; 4.3 s; peak memory 1199 MiB.
2026-10-06T19:08:22Z INFO [740/750] 52ac0d7b-9273-45e1-8739-9d5c1d94931d: 116 datasets; 1.6 s; peak memory 1199 MiB.
2026-10-06T19:08:23Z INFO [741/750] 52acac42-025b-408f-9948-c69bb2026c68: 114 datasets; 1.5 s; peak memory 1199 MiB.
2026-10-06T19:10:13Z INFO [742/750] 52acc7c8-0c4e-4b4d-9520-ec4814cc8037: 77 datasets; 109.1 s; peak memory 1199 MiB.
2026-10-06T19:10:35Z INFO [743/750] 52ad6b3c-e09b-4372-95a6-b1a68e6b946f: 428 datasets; 22.5 s; peak memory 1199 MiB.
2026-10-06T19:10:37Z INFO [744/750] 52ad995d-cae1-4ce0-a55d-74872f314519: 66 datasets; 2.2 s; peak memory 1199 MiB.
2026-10-06T19:10:44Z INFO [745/750] 52adc2ec-e8fe-43d1-85fa-ca423c928c9d: 546 datasets; 6.8 s; peak memory 1199 MiB.
2026-10-06T19:10:46Z INFO [746/750] 52aee0a2-b717-435f-849a-20ef46497849: 45 datasets; 1.6 s; peak memory 1199 MiB.
2026-10-06T19:10:48Z INFO [747/750] 52af073c-d4cc-41a0-ab82-394213e24208: 71 datasets; 2.0 s; peak memory 1199 MiB.
2026-10-06T19:10:49Z INFO [748/750] 52af3991-229c-4d8c-82d0-fffdd718002a: 48 datasets; 1.4 s; peak memory 1199 MiB.
2026-10-06T19:10:51Z INFO [749/750] 52af49ca-98d1-458a-9669-0bb115272b88: 38 datasets; 1.8 s; peak memory 1199 MiB.
2026-10-06T19:10:52Z INFO [750/750] 52afddb0-ea42-4357-b17b-21e93a93877a: 46 datasets; 0.9 s; peak memory 1199 MiB.
2026-10-06T19:10:52Z INFO [750/750] 52afddb0-ea42-4357-b17b-21e93a93877a: checkpointed 86835 records.
2026-10-06T19:10:52Z INFO Wrote 86835 records to /tmp/derivatives/valid_nwb_file_to_number_of_datasets.jsonl (750 new, 0 failed) in 157.5 min (peak memory 1199 MiB).
