2026-10-02T16:37:53Z INFO Logging to /tmp/logs/update_2026-10-02T16-37-53Z.log.
2026-10-02T16:37:53Z INFO Update valid-nwb-file-to-number-of-datasets (base directory /tmp).
2026-10-02T16:37:53Z INFO Processing 750 items (64336 already recorded).
2026-10-02T16:37:54Z INFO [1/750] 241a0b6c-5f86-4289-8851-20fd4ffc276f: 49 datasets; 0.7 s; peak memory 101 MiB.
2026-10-02T16:37:54Z INFO [2/750] 241acd6b-5628-47d4-9381-bad97acac3f9: 117 datasets; 0.5 s; peak memory 106 MiB.
2026-10-02T16:37:55Z INFO [3/750] 241b8cc1-0830-467d-89b1-23615b8cd279: 118 datasets; 0.6 s; peak memory 107 MiB.
2026-10-02T16:37:57Z INFO [4/750] 241bcd77-45fe-41f3-a725-fcb3208c2cbe: 156 datasets; 1.7 s; peak memory 110 MiB.
2026-10-02T16:37:57Z INFO [5/750] 241bebbf-1213-4a8b-b837-d56794e8886e: 117 datasets; 0.6 s; peak memory 110 MiB.
2026-10-02T16:37:58Z INFO [6/750] 241c3d06-bb11-4666-9362-c9f615b60599: 48 datasets; 0.7 s; peak memory 110 MiB.
2026-10-02T16:37:59Z INFO [7/750] 241d07b1-1074-480a-9bcc-9f87b693d412: 66 datasets; 1.3 s; peak memory 111 MiB.
2026-10-02T16:38:06Z INFO [8/750] 241d6d5a-2204-44de-b442-4b13f5513e4c: 97 datasets; 6.6 s; peak memory 135 MiB.
2026-10-02T16:38:08Z INFO [9/750] 241d6da2-da10-4258-8cf6-cf7f9dabff48: 341 datasets; 2.6 s; peak memory 135 MiB.
2026-10-02T16:38:09Z INFO [10/750] 241d84e8-9c75-496f-9ffc-7fd30d94532f: 112 datasets; 0.7 s; peak memory 135 MiB.
2026-10-02T16:38:10Z INFO [11/750] 241d8ea9-ad61-48cc-b6c0-519bd306224f: 117 datasets; 0.7 s; peak memory 135 MiB.
2026-10-02T16:38:10Z INFO [12/750] 241e078a-ff11-4701-bd6f-d727f370a80e: 48 datasets; 0.7 s; peak memory 135 MiB.
2026-10-02T16:38:11Z INFO [13/750] 241e13d9-1199-4675-a25b-5764740d6c8e: 48 datasets; 0.6 s; peak memory 135 MiB.
2026-10-02T16:38:12Z INFO [14/750] 241e8a33-f5a1-448c-b15d-b22683e15e63: 42 datasets; 0.7 s; peak memory 136 MiB.
2026-10-02T16:38:15Z INFO [15/750] 241f1281-5a95-4d6d-8dfc-bb5ae0b0ba30: 538 datasets; 2.9 s; peak memory 136 MiB.
2026-10-02T16:38:16Z INFO [16/750] 241f1f49-42c1-4425-a172-b09ea6638a83: 138 datasets; 1.3 s; peak memory 136 MiB.
2026-10-02T16:38:17Z INFO [17/750] 241f5b26-8a8a-4fc0-8752-998346d2ed66: 118 datasets; 1.0 s; peak memory 136 MiB.
2026-10-02T16:38:18Z INFO [18/750] 241f7543-5ff2-4c46-8770-ae4e0622d686: 289 datasets; 0.8 s; peak memory 137 MiB.
2026-10-02T16:38:19Z INFO [19/750] 2420003b-b350-4a69-b1aa-b27f68179823: 198 datasets; 1.3 s; peak memory 137 MiB.
2026-10-02T16:50:26Z INFO [20/750] 24201add-8988-4508-aa90-c747d545c161: 216 datasets; 726.7 s; peak memory 1093 MiB.
2026-10-02T16:50:26Z INFO [21/750] 24208bb3-801e-4116-972b-ef9b785f2439: 117 datasets; 0.7 s; peak memory 1093 MiB.
2026-10-02T16:50:27Z INFO [22/750] 24218b07-afd8-4d5b-9f17-063d9ef4f922: 112 datasets; 0.7 s; peak memory 1093 MiB.
2026-10-02T16:50:28Z INFO [23/750] 2421af46-05c5-4dc5-8176-a05d07da56c9: 76 datasets; 1.1 s; peak memory 1093 MiB.
2026-10-02T16:50:30Z INFO [24/750] 24229ef8-0674-422f-8cfe-6b36c0e360dd: 156 datasets; 2.0 s; peak memory 1093 MiB.
2026-10-02T16:50:32Z INFO [25/750] 2422d83a-3374-4bdd-85bc-66a959b6d3dd: 53 datasets; 2.0 s; peak memory 1093 MiB.
2026-10-02T16:50:33Z INFO [26/750] 2423639d-5ff0-4b42-accf-52437975fcb2: 52 datasets; 0.6 s; peak memory 1093 MiB.
2026-10-02T16:50:34Z INFO [27/750] 2423af33-afd5-4d4f-8405-e02e791a551b: 52 datasets; 0.9 s; peak memory 1093 MiB.
2026-10-02T16:50:37Z INFO [28/750] 242480c2-7010-424b-88d2-a80f22aae51f: 200 datasets; 3.6 s; peak memory 1093 MiB.
2026-10-02T16:50:38Z INFO [29/750] 2425a315-4508-4fc2-86fe-539e49919abd: 48 datasets; 0.7 s; peak memory 1093 MiB.
2026-10-02T16:50:39Z INFO [30/750] 24263030-6a42-4b93-b6d9-2a5d355e046e: 48 datasets; 0.6 s; peak memory 1093 MiB.
2026-10-02T16:50:39Z INFO [31/750] 24265617-c12c-433b-8bde-4efc718e33e2: 69 datasets; 0.9 s; peak memory 1093 MiB.
2026-10-02T16:50:43Z INFO [32/750] 24285fbc-68e6-4316-9d8b-a13a0919baa0: 538 datasets; 3.1 s; peak memory 1093 MiB.
2026-10-02T16:50:45Z INFO [33/750] 2428c09a-3c15-41c2-aab0-11c4f483e08a: 532 datasets; 3.0 s; peak memory 1093 MiB.
2026-10-02T16:50:46Z INFO [34/750] 2428ebd8-4461-4a50-8474-680bf7300c93: 114 datasets; 0.6 s; peak memory 1093 MiB.
2026-10-02T16:50:46Z INFO [35/750] 242941f9-bd86-4d12-a390-a77b46ec0890: 48 datasets; 0.3 s; peak memory 1093 MiB.
2026-10-02T16:50:47Z INFO [36/750] 242a0182-9a34-4da2-a722-3f7684e6501d: 55 datasets; 0.4 s; peak memory 1093 MiB.
2026-10-02T16:50:47Z INFO [37/750] 242a127c-0390-41c7-852b-ed22956c5e8a: 48 datasets; 0.6 s; peak memory 1093 MiB.
2026-10-02T16:50:48Z INFO [38/750] 242a7b06-3b17-49d8-bd89-ae8b97f7e5c9: 118 datasets; 0.6 s; peak memory 1093 MiB.
2026-10-02T16:50:49Z INFO [39/750] 242a9dcf-b23c-47b2-8e5d-585ad7b9cfbf: 39 datasets; 1.2 s; peak memory 1093 MiB.
2026-10-02T16:50:50Z INFO [40/750] 242ac3d4-080d-4ac8-b26c-d2e711731c7d: 45 datasets; 0.4 s; peak memory 1093 MiB.
2026-10-02T16:50:50Z INFO [41/750] 242ad32d-9570-4b9d-89a0-c8596b7c94fe: 112 datasets; 0.5 s; peak memory 1093 MiB.
2026-10-02T16:50:51Z INFO [42/750] 242c7520-ea89-48ed-8349-539ca635813e: 112 datasets; 0.7 s; peak memory 1093 MiB.
2026-10-02T16:50:51Z INFO [43/750] 242c77d0-bbfd-4ca7-ad91-5134090cd1bd: 67 datasets; 0.6 s; peak memory 1093 MiB.
2026-10-02T16:50:55Z INFO [44/750] 242ca802-bcfd-4d82-89d6-6e5429a7b566: 534 datasets; 3.6 s; peak memory 1093 MiB.
2026-10-02T16:50:55Z INFO [45/750] 242cbc51-4a34-4f32-a13c-305db25acc6d: 52 datasets; 0.3 s; peak memory 1093 MiB.
2026-10-02T16:50:57Z INFO [46/750] 242d4296-95f1-4d6d-b513-c28755219ede: 68 datasets; 1.3 s; peak memory 1093 MiB.
2026-10-02T16:51:01Z INFO [47/750] 242ddf1a-4e3c-4498-8e10-1a32df3975de: 225 datasets; 4.0 s; peak memory 1093 MiB.
2026-10-02T16:51:03Z INFO [48/750] 242e1104-ff10-46fc-99d8-de19825c7fb8: 53 datasets; 2.2 s; peak memory 1093 MiB.
2026-10-02T16:51:04Z INFO [49/750] 242ebea9-3ebc-4dfe-ad74-13d143873ba4: 48 datasets; 0.7 s; peak memory 1093 MiB.
2026-10-02T16:51:04Z INFO [50/750] 242f0ebc-65cf-4385-9c2c-101f8ee79e5c: 112 datasets; 0.7 s; peak memory 1093 MiB.
2026-10-02T16:51:04Z INFO [50/750] 242f0ebc-65cf-4385-9c2c-101f8ee79e5c: checkpointed 64386 records.
2026-10-02T16:51:10Z INFO [51/750] 242f46a1-d2e1-4a4a-883e-38b28fbf7f3b: 743 datasets; 5.5 s; peak memory 1093 MiB.
2026-10-02T16:51:11Z INFO [52/750] 242f680c-54dc-4316-a396-9eb44f006cff: 117 datasets; 0.6 s; peak memory 1093 MiB.
2026-10-02T16:51:11Z INFO [53/750] 24314553-402d-4d5e-a77a-0385a3183631: 42 datasets; 0.7 s; peak memory 1093 MiB.
2026-10-02T16:51:12Z INFO [54/750] 243192b2-a5a1-489c-942f-d4e8ad841abb: 275 datasets; 0.7 s; peak memory 1093 MiB.
2026-10-02T16:51:13Z INFO [55/750] 2432a904-25f9-4ef0-8dae-98c0cb950b8b: 110 datasets; 0.9 s; peak memory 1093 MiB.
2026-10-02T16:51:14Z INFO [56/750] 2432e335-a06e-4556-aaef-3ad051a25b4c: 112 datasets; 0.7 s; peak memory 1093 MiB.
2026-10-02T16:51:14Z INFO [57/750] 24331a3a-fd33-4826-be95-feb9d134582c: 118 datasets; 0.5 s; peak memory 1093 MiB.
2026-10-02T16:51:15Z INFO [58/750] 24334a5c-48d7-4737-b06a-c18b95df67d7: 110 datasets; 0.7 s; peak memory 1093 MiB.
2026-10-02T16:51:16Z INFO [59/750] 2433807f-79f4-49de-969e-c085f9f51b4e: 42 datasets; 0.9 s; peak memory 1093 MiB.
2026-10-02T16:51:32Z INFO [60/750] 2433c3eb-c461-4695-b88f-2f0ecbc90241: 48 datasets; 15.9 s; peak memory 1093 MiB.
2026-10-02T16:51:32Z INFO [61/750] 2433de0c-2b02-4f3c-8785-bba0d2bb02db: 48 datasets; 0.6 s; peak memory 1093 MiB.
2026-10-02T16:51:33Z INFO [62/750] 243478d9-347c-4e73-ab56-631a74d17c16: 109 datasets; 1.0 s; peak memory 1093 MiB.
2026-10-02T16:51:34Z INFO [63/750] 2434cdd5-df86-4c4f-bd62-fa932c11c624: 46 datasets; 0.4 s; peak memory 1093 MiB.
2026-10-02T16:51:35Z INFO [64/750] 24351d75-d8e0-4403-b92c-534c335ff02e: 62 datasets; 0.9 s; peak memory 1093 MiB.
2026-10-02T16:51:35Z INFO [65/750] 24363cbe-ef6c-4035-97d0-e4f8ffe8be46: 112 datasets; 0.7 s; peak memory 1093 MiB.
2026-10-02T16:51:36Z INFO [66/750] 2437151b-5a63-4c9b-9127-91f1ddcc68e4: 52 datasets; 0.6 s; peak memory 1093 MiB.
2026-10-02T16:51:43Z INFO [67/750] 24376a5c-badb-477d-a8c2-edab6e68be72: 1072 datasets; 6.8 s; peak memory 1093 MiB.
2026-10-02T16:51:44Z INFO [68/750] 2438034c-544e-487f-843c-1c08cc9f49e9: 66 datasets; 0.9 s; peak memory 1093 MiB.
2026-10-02T16:51:44Z INFO [69/750] 243957a0-5781-4ecf-b65e-cb17083dacfc: 112 datasets; 0.6 s; peak memory 1093 MiB.
2026-10-02T16:51:45Z INFO [70/750] 2439a9eb-0aef-4cc9-86f8-b6bb4fcb0c08: 48 datasets; 0.7 s; peak memory 1093 MiB.
2026-10-02T16:51:46Z INFO [71/750] 243a0efc-8603-400b-ac43-ff1209275808: 48 datasets; 0.7 s; peak memory 1093 MiB.
2026-10-02T16:51:47Z INFO [72/750] 243a2d10-9bc5-4f26-bf35-ed5a906e45bf: 66 datasets; 1.0 s; peak memory 1093 MiB.
2026-10-02T16:51:47Z INFO [73/750] 243a3419-a0e5-436b-87b0-dff1b5cdac79: 112 datasets; 0.9 s; peak memory 1093 MiB.
2026-10-02T16:51:48Z INFO [74/750] 243c4627-9b0e-4d13-b2ab-82218cdccd28: 112 datasets; 0.7 s; peak memory 1093 MiB.
2026-10-02T16:51:49Z INFO [75/750] 243cc244-a8b6-492d-a8bf-1f58a6768402: 71 datasets; 1.2 s; peak memory 1093 MiB.
2026-10-02T16:51:50Z INFO [76/750] 243d04f2-a0b0-4909-b872-09b629b46ded: 52 datasets; 0.4 s; peak memory 1093 MiB.
2026-10-02T16:51:51Z INFO [77/750] 243d933e-2f6a-4b7a-b22f-eb947d2aa859: 71 datasets; 1.0 s; peak memory 1093 MiB.
2026-10-02T16:51:52Z INFO [78/750] 243d9699-83b9-403b-85a3-bdceb1ec3108: 69 datasets; 1.3 s; peak memory 1093 MiB.
2026-10-02T16:51:58Z INFO [79/750] 243e1a5a-395d-4dfe-a867-e1443eb8f622: 108 datasets; 5.6 s; peak memory 1093 MiB.
2026-10-02T16:51:58Z INFO [80/750] 243e2e26-01f1-45be-bf34-8654ca5d9d5b: 117 datasets; 0.6 s; peak memory 1093 MiB.
2026-10-02T16:51:59Z INFO [81/750] 243ed7b8-3329-4563-a45a-8338325e1ee8: 52 datasets; 0.6 s; peak memory 1093 MiB.
2026-10-02T16:52:03Z INFO [82/750] 243f0f89-1553-492b-b9d3-a9c01a81ad47: 196 datasets; 4.2 s; peak memory 1093 MiB.
2026-10-02T16:52:04Z INFO [83/750] 243f5fb7-4dfd-4251-ac01-eaac8d033e75: 48 datasets; 0.7 s; peak memory 1093 MiB.
2026-10-02T16:52:05Z INFO [84/750] 243f9169-5f0f-4779-a838-77cc36a754a2: 112 datasets; 1.0 s; peak memory 1093 MiB.
2026-10-02T16:52:05Z INFO [85/750] 244004c6-af4a-4345-9433-4c586c1d7fe0: 48 datasets; 0.7 s; peak memory 1093 MiB.
2026-10-02T16:52:07Z INFO [86/750] 2440c326-c3f0-4284-b6ad-a8a1faeecb75: 133 datasets; 1.8 s; peak memory 1093 MiB.
2026-10-02T16:52:08Z INFO [87/750] 24412750-8bad-4a0e-8cf7-351354fb1faf: 37 datasets; 0.4 s; peak memory 1093 MiB.
2026-10-02T16:52:08Z INFO [88/750] 244131fc-19fe-4eec-8491-d5b68b86e803: 48 datasets; 0.7 s; peak memory 1093 MiB.
2026-10-02T16:52:13Z INFO [89/750] 24428b36-3f95-47b3-b249-63e49fba3c26: 845 datasets; 4.7 s; peak memory 1093 MiB.
2026-10-02T16:52:14Z INFO [90/750] 24439212-e8f1-4f78-bc0e-18dca1026889: 303 datasets; 0.8 s; peak memory 1093 MiB.
2026-10-02T16:52:15Z INFO [91/750] 2443fad0-4149-4540-bccd-b2833b937c0e: 64 datasets; 1.1 s; peak memory 1093 MiB.
2026-10-02T16:52:15Z INFO [92/750] 24445945-4b70-41d2-8e1e-31c59f3925b1: 46 datasets; 0.4 s; peak memory 1093 MiB.
2026-10-02T16:52:16Z INFO [93/750] 2444e048-9adc-4bc1-9fd8-80d806c30806: 48 datasets; 0.7 s; peak memory 1093 MiB.
2026-10-02T16:52:17Z INFO [94/750] 2444f63b-d804-46b8-98fb-ed5ff8d94e6f: 64 datasets; 0.9 s; peak memory 1093 MiB.
2026-10-02T16:52:20Z INFO [95/750] 244594a9-5e17-4031-a4d6-1aba7b9daf58: 538 datasets; 2.8 s; peak memory 1093 MiB.
2026-10-02T16:52:21Z INFO [96/750] 2445a40c-7db2-4f0a-aaef-075051e7ed56: 48 datasets; 0.9 s; peak memory 1093 MiB.
2026-10-02T16:52:21Z INFO [97/750] 2447f504-4968-4ebd-afa1-aed506c83542: 45 datasets; 0.7 s; peak memory 1093 MiB.
2026-10-02T16:52:22Z INFO [98/750] 24493b51-de3c-47b2-84cf-0b2c0a62d75c: 118 datasets; 0.8 s; peak memory 1093 MiB.
2026-10-02T16:52:23Z INFO [99/750] 244a7a8f-ea06-4d5e-b4c4-09e6ec853f90: 116 datasets; 0.6 s; peak memory 1093 MiB.
2026-10-02T16:52:23Z INFO [100/750] 244b2bac-e404-4025-a8f5-59dd05868d0c: 92 datasets; 0.8 s; peak memory 1093 MiB.
2026-10-02T16:52:24Z INFO [100/750] 244b2bac-e404-4025-a8f5-59dd05868d0c: checkpointed 64436 records.
2026-10-02T16:52:24Z INFO [101/750] 244ca3d3-b94d-4622-be35-b534ffd820d1: 48 datasets; 0.6 s; peak memory 1093 MiB.
2026-10-02T16:52:25Z INFO [102/750] 244cc833-3a43-4124-a654-a5bfa533909e: 48 datasets; 0.6 s; peak memory 1093 MiB.
2026-10-02T16:52:26Z INFO [103/750] 244cdbe6-1368-4065-a06a-ef41b5c414cd: 117 datasets; 0.7 s; peak memory 1093 MiB.
2026-10-02T16:52:26Z INFO [104/750] 244d5fce-1f6f-45d3-a3ee-d55b70e54caa: 48 datasets; 0.7 s; peak memory 1093 MiB.
2026-10-02T16:52:27Z INFO [105/750] 244d8fcd-1e5a-481f-b1ea-5c7a91511b5c: 37 datasets; 0.3 s; peak memory 1093 MiB.
2026-10-02T16:52:28Z INFO [106/750] 244df883-0b23-4944-855d-3aeb6b4ae37f: 66 datasets; 1.0 s; peak memory 1093 MiB.
2026-10-02T16:52:28Z INFO [107/750] 244e4b94-02ad-42d5-bef1-5a6b8a4197c9: 74 datasets; 0.8 s; peak memory 1093 MiB.
2026-10-02T16:52:29Z INFO [108/750] 244eb1ad-9aae-4063-8535-13fd2dae52ba: 48 datasets; 0.8 s; peak memory 1093 MiB.
2026-10-02T16:52:30Z INFO [109/750] 244ee123-2179-46f2-a35b-e0ce7d67013b: 35 datasets; 0.4 s; peak memory 1093 MiB.
2026-10-02T16:52:30Z INFO [110/750] 244ef345-cf27-4f50-99ef-4d4d436515d8: 48 datasets; 0.7 s; peak memory 1093 MiB.
2026-10-02T16:52:34Z INFO [111/750] 244f1daa-7eb8-4b78-9f8a-32fedee8b6f9: 196 datasets; 4.1 s; peak memory 1093 MiB.
2026-10-02T16:52:35Z INFO [112/750] 244f53ea-0d35-4c9e-bcc8-0bea59deb3ed: 118 datasets; 0.7 s; peak memory 1093 MiB.
2026-10-02T16:52:36Z INFO [113/750] 244fc305-7e69-436c-94a3-0d9ce3334953: 117 datasets; 0.6 s; peak memory 1093 MiB.
2026-10-02T16:52:36Z INFO [114/750] 2450fdd7-8081-4782-ae4e-e221eda77aaa: 49 datasets; 0.7 s; peak memory 1093 MiB.
2026-10-02T16:52:37Z INFO [115/750] 245147f0-4230-47af-9fa5-72a1b18acb34: 112 datasets; 0.6 s; peak memory 1093 MiB.
2026-10-02T16:52:38Z INFO [116/750] 24515f9b-e0d1-42fc-a15e-cd7068e6fc44: 112 datasets; 0.7 s; peak memory 1093 MiB.
2026-10-02T16:56:08Z INFO [117/750] 24520976-e5b9-4bfe-a230-dfed677cc1ab: 62 datasets; 210.5 s; peak memory 1093 MiB.
2026-10-02T16:56:09Z INFO [118/750] 2452a015-b354-4df2-bc8b-1a9002430c07: 56 datasets; 0.6 s; peak memory 1093 MiB.
2026-10-02T16:56:09Z INFO [119/750] 245350bc-4cb4-4f4a-96d8-8f4102dfc333: 48 datasets; 0.6 s; peak memory 1093 MiB.
2026-10-02T16:56:10Z INFO [120/750] 24545b2b-9f53-4ca7-a30f-28a8efb3bf0e: 41 datasets; 0.6 s; peak memory 1093 MiB.
2026-10-02T16:56:10Z INFO [121/750] 24545f4c-a9e2-4421-ab92-9d3a67e8ab66: 230 datasets; 0.7 s; peak memory 1093 MiB.
2026-10-02T16:56:11Z INFO [122/750] 24555f7c-2370-4076-b04e-91dfebf88aa4: 132 datasets; 1.0 s; peak memory 1093 MiB.
2026-10-02T16:56:12Z INFO [123/750] 2455cb66-20cd-440b-842c-aed34a83a69c: 153 datasets; 0.9 s; peak memory 1093 MiB.
2026-10-02T16:56:19Z INFO [124/750] 24598e95-c001-4ae9-badf-0d3873660198: 106 datasets; 7.0 s; peak memory 1093 MiB.
2026-10-02T16:56:20Z INFO [125/750] 2459e41d-f61a-4fe6-b798-182a296a19e5: 112 datasets; 0.8 s; peak memory 1093 MiB.
2026-10-02T16:56:21Z INFO [126/750] 245c89ce-c514-43a2-bc90-d04337bf1260: 71 datasets; 1.1 s; peak memory 1093 MiB.
2026-10-02T16:56:22Z INFO [127/750] 246076f6-396a-4f2c-9b0b-1364c509568e: 41 datasets; 0.6 s; peak memory 1093 MiB.
2026-10-02T16:56:22Z INFO [128/750] 2461bc6d-986f-47fc-9d49-93a6a52b737a: 56 datasets; 0.4 s; peak memory 1093 MiB.
2026-10-02T16:56:23Z INFO [129/750] 246327f4-969e-4c38-96b6-4027bf030960: 72 datasets; 0.7 s; peak memory 1093 MiB.
2026-10-02T16:56:24Z INFO [130/750] 24638e40-6cd2-4444-bcd0-2070ff9068ce: 48 datasets; 0.7 s; peak memory 1093 MiB.
2026-10-02T16:56:24Z INFO [131/750] 24641fa3-ee66-424d-9ccb-ec31cb5a063b: 118 datasets; 0.8 s; peak memory 1093 MiB.
2026-10-02T16:56:25Z INFO [132/750] 2464a5b2-023e-476c-8a37-547f777b8bd1: 52 datasets; 0.6 s; peak memory 1093 MiB.
2026-10-02T16:56:25Z INFO [133/750] 2464aa5c-509b-45b8-9d14-173f47f5b531: 54 datasets; 0.4 s; peak memory 1093 MiB.
2026-10-02T16:56:29Z INFO [134/750] 24652a06-4c9b-45b2-95e3-8a6f95b0afb6: 55 datasets; 4.0 s; peak memory 1093 MiB.
2026-10-02T16:56:30Z INFO [135/750] 24657a0f-2455-4b3c-b6ec-9b8dc7b8c6c1: 112 datasets; 0.7 s; peak memory 1093 MiB.
2026-10-02T16:56:34Z INFO [136/750] 24668de6-a470-428f-a6fa-dcc007740487: 152 datasets; 4.1 s; peak memory 1093 MiB.
2026-10-02T16:56:35Z INFO [137/750] 24682118-23b2-4504-964c-5dca1fd56f33: 110 datasets; 0.7 s; peak memory 1093 MiB.
2026-10-02T16:56:38Z INFO [138/750] 246835be-19f0-4d3d-a00f-430b70ac5765: 231 datasets; 3.0 s; peak memory 1093 MiB.
2026-10-02T16:56:38Z INFO [139/750] 246837a5-f768-4511-b888-3bdbf592ed55: 38 datasets; 0.5 s; peak memory 1093 MiB.
2026-10-02T16:56:40Z INFO [140/750] 2468c938-1eb4-48d6-860b-a239aaed343b: 156 datasets; 1.7 s; peak memory 1093 MiB.
2026-10-02T16:57:12Z INFO [141/750] 24696f11-66da-4c34-8679-27814a565c9f: 55 datasets; 31.6 s; peak memory 1093 MiB.
2026-10-02T16:57:12Z INFO [142/750] 246996a2-b651-45da-9a74-100a09e1add4: 48 datasets; 0.7 s; peak memory 1093 MiB.
2026-10-02T16:57:13Z INFO [143/750] 246a3522-02cc-455e-a3d8-a8a0d2c07451: 48 datasets; 0.6 s; peak memory 1093 MiB.
2026-10-02T16:57:14Z INFO [144/750] 246aa7f6-be7a-479a-96ad-ac48385f80d7: 116 datasets; 0.6 s; peak memory 1093 MiB.
2026-10-02T16:57:14Z INFO [145/750] 246d04f7-f895-4550-bc6f-04b32fe8e723: 112 datasets; 0.8 s; peak memory 1093 MiB.
2026-10-02T16:57:15Z INFO [146/750] 246d08af-e553-4654-9d73-7d8c6faa5bc1: 117 datasets; 0.6 s; peak memory 1093 MiB.
2026-10-02T16:57:15Z INFO [147/750] 246d3eb9-570f-4fe9-8ce0-5fd04e070e94: 45 datasets; 0.3 s; peak memory 1093 MiB.
2026-10-02T16:57:16Z INFO [148/750] 246e1110-bebb-4047-9793-74934cd13fe4: 93 datasets; 0.6 s; peak memory 1093 MiB.
2026-10-02T16:57:17Z INFO [149/750] 246e4d3e-e484-4a27-8f57-06f1906e7716: 48 datasets; 0.6 s; peak memory 1093 MiB.
2026-10-02T16:57:17Z INFO [150/750] 246e865d-c423-4daf-9d11-b7bc92846b5f: 69 datasets; 0.7 s; peak memory 1093 MiB.
2026-10-02T16:57:17Z INFO [150/750] 246e865d-c423-4daf-9d11-b7bc92846b5f: checkpointed 64486 records.
2026-10-02T16:57:18Z INFO [151/750] 246f6c0b-3571-4776-a71c-99072143677f: 46 datasets; 0.4 s; peak memory 1093 MiB.
2026-10-02T16:57:18Z INFO [152/750] 24706487-8d6b-402d-b818-0718d98da84b: 118 datasets; 0.6 s; peak memory 1093 MiB.
2026-10-02T16:59:02Z INFO [153/750] 24712a7a-afec-4b07-b44c-2cc07717006a: 167 datasets; 103.5 s; peak memory 1093 MiB.
2026-10-02T16:59:03Z INFO [154/750] 2471bdf4-dcab-404c-bde2-34b213b8e785: 114 datasets; 1.7 s; peak memory 1093 MiB.
2026-10-02T16:59:04Z INFO [155/750] 2471e822-e793-4221-ae43-7ce28aa0f331: 118 datasets; 0.6 s; peak memory 1093 MiB.
2026-10-02T16:59:06Z INFO [156/750] 24724790-2de9-4768-8b8e-c97c076ac599: 302 datasets; 1.8 s; peak memory 1093 MiB.
2026-10-02T16:59:07Z INFO [157/750] 2473a270-1b71-49e3-9103-3d0b7cf1c594: 48 datasets; 0.7 s; peak memory 1093 MiB.
2026-10-02T16:59:07Z INFO [158/750] 247433b6-7663-4657-8e6a-10b36e3415e2: 112 datasets; 0.7 s; peak memory 1093 MiB.
2026-10-02T16:59:16Z INFO [159/750] 247542ad-8332-40a0-a0c8-0fb8f36fce44: 61 datasets; 8.5 s; peak memory 1093 MiB.
2026-10-02T16:59:19Z INFO [160/750] 2475686e-5f53-401f-973a-4b454b0774a8: 223 datasets; 3.3 s; peak memory 1093 MiB.
2026-10-02T16:59:20Z INFO [161/750] 24768c14-5eef-455d-aafb-98aa57a719f8: 48 datasets; 0.7 s; peak memory 1093 MiB.
2026-10-02T16:59:21Z INFO [162/750] 2476aaf4-f76f-4b05-9263-f8b7640c036a: 53 datasets; 1.0 s; peak memory 1093 MiB.
2026-10-02T16:59:22Z INFO [163/750] 2476c25f-79df-428e-b86c-970a26864561: 156 datasets; 1.6 s; peak memory 1093 MiB.
2026-10-02T16:59:27Z INFO [164/750] 2476d1fc-d2cc-483a-bf6c-38f8cdf53b2c: 502 datasets; 5.1 s; peak memory 1093 MiB.
2026-10-02T16:59:28Z INFO [165/750] 2477b47b-5d21-4370-a432-3801353c3efa: 117 datasets; 0.6 s; peak memory 1093 MiB.
2026-10-02T16:59:29Z INFO [166/750] 2478c3d4-d33e-423d-a3c8-88eeb5251fdb: 48 datasets; 0.6 s; peak memory 1093 MiB.
2026-10-02T16:59:30Z INFO [167/750] 2479757b-3156-4a39-8616-de7919a30d43: 71 datasets; 1.2 s; peak memory 1093 MiB.
2026-10-02T16:59:31Z INFO [168/750] 2479d1eb-be57-422e-be49-aecb13ba2ad7: 61 datasets; 0.7 s; peak memory 1093 MiB.
2026-10-02T16:59:32Z INFO [169/750] 247a868b-aced-4ee3-8b66-b54c0b4dbb89: 123 datasets; 1.6 s; peak memory 1093 MiB.
2026-10-02T17:01:33Z INFO [170/750] 247b88bf-18ac-49be-9ad4-cc272090140d: 260 datasets; 120.8 s; peak memory 1093 MiB.
2026-10-02T17:01:34Z INFO [171/750] 247ba227-adab-479d-86f7-6ef0f5eec481: 48 datasets; 0.7 s; peak memory 1093 MiB.
2026-10-02T17:01:52Z INFO [172/750] 247bce95-3284-4f01-a26d-8079e085f8f8: 48 datasets; 18.4 s; peak memory 1093 MiB.
2026-10-02T17:01:52Z INFO [173/750] 247c70a5-b4c0-4c67-ad0e-490610c961aa: 57 datasets; 0.4 s; peak memory 1093 MiB.
2026-10-02T17:01:53Z INFO [174/750] 247d14f3-3ec8-4a3a-916b-1667ed9bf05f: 35 datasets; 0.4 s; peak memory 1093 MiB.
2026-10-02T17:01:54Z INFO [175/750] 247f26bc-cdbe-41e5-8ac0-56e385509e69: 112 datasets; 0.8 s; peak memory 1093 MiB.
2026-10-02T17:01:55Z INFO [176/750] 247f5233-8c1e-47bd-a1a5-69b6c2298828: 121 datasets; 1.2 s; peak memory 1093 MiB.
2026-10-02T17:01:55Z INFO [177/750] 24803bd2-52c2-40a1-9575-993ed9deea17: 48 datasets; 0.6 s; peak memory 1093 MiB.
2026-10-02T17:01:56Z INFO [178/750] 24809641-6280-41c0-82f7-13823587bba4: 67 datasets; 0.7 s; peak memory 1093 MiB.
2026-10-02T17:01:58Z INFO [179/750] 2480f592-0fc2-476f-a5af-b3dcba26fe1e: 115 datasets; 1.6 s; peak memory 1093 MiB.
2026-10-02T17:01:59Z INFO [180/750] 248116e0-da48-49e1-b02e-1f206b019e62: 65 datasets; 1.0 s; peak memory 1093 MiB.
2026-10-02T17:01:59Z INFO [181/750] 24812c97-995a-4459-85b8-4e07bca87d0c: 46 datasets; 0.4 s; peak memory 1093 MiB.
2026-10-02T17:02:00Z INFO [182/750] 2481899c-186a-4a0c-a02e-d780af149595: 118 datasets; 0.7 s; peak memory 1093 MiB.
2026-10-02T17:02:01Z INFO [183/750] 2481e495-133d-4705-91e3-c83497edf46d: 69 datasets; 0.9 s; peak memory 1093 MiB.
2026-10-02T17:02:04Z INFO [184/750] 24824fee-9321-4fa7-b1a0-396fc7015aa4: 238 datasets; 3.3 s; peak memory 1093 MiB.
2026-10-02T17:02:05Z INFO [185/750] 2482c85d-bd7a-42e8-8236-7075684b9d25: 48 datasets; 0.6 s; peak memory 1093 MiB.
2026-10-02T17:02:05Z INFO [186/750] 2483038f-d4da-4817-9d49-be51ea642e4e: 112 datasets; 0.6 s; peak memory 1093 MiB.
2026-10-02T17:02:06Z INFO [187/750] 2484561b-d51a-4333-97d2-faed45a1f2ad: 66 datasets; 1.1 s; peak memory 1093 MiB.
2026-10-02T17:02:07Z INFO [188/750] 2484aa75-6fd5-4441-bc43-27e3f57c92b7: 118 datasets; 0.7 s; peak memory 1093 MiB.
2026-10-02T17:02:08Z INFO [189/750] 24854228-0a30-4f5f-90c8-2058740d9b6e: 48 datasets; 0.8 s; peak memory 1093 MiB.
2026-10-02T17:02:16Z INFO [190/750] 24854b52-f8ff-4711-9f40-7c8bb6a3bc41: 158 datasets; 7.9 s; peak memory 1093 MiB.
2026-10-02T17:02:17Z INFO [191/750] 2486c812-89d3-43b5-a3a7-2c1a7eb79a4d: 156 datasets; 1.6 s; peak memory 1093 MiB.
2026-10-02T17:02:18Z INFO [192/750] 24879559-ee84-49e3-8799-b5735acfe2bd: 112 datasets; 1.0 s; peak memory 1093 MiB.
2026-10-02T17:02:19Z INFO [193/750] 2489857c-d057-4ce5-9acd-e28b16d6d5d9: 117 datasets; 0.6 s; peak memory 1093 MiB.
2026-10-02T17:02:20Z INFO [194/750] 248a00c8-614e-4e8b-b115-55ad41139379: 48 datasets; 0.7 s; peak memory 1093 MiB.
2026-10-02T17:02:25Z INFO [195/750] 248c1166-f305-45bf-9169-3cbb3c5e6eba: 208 datasets; 5.0 s; peak memory 1093 MiB.
2026-10-02T17:02:25Z INFO [196/750] 248c31ce-37ac-41f8-871a-6178bed09e2e: 48 datasets; 0.6 s; peak memory 1093 MiB.
2026-10-02T17:02:26Z INFO [197/750] 248cd6d2-8784-47ca-a6fb-d81713eeb0a1: 116 datasets; 0.7 s; peak memory 1093 MiB.
2026-10-02T17:02:27Z INFO [198/750] 248d69f3-1d44-4b30-81d1-45a6cd73908c: 69 datasets; 0.8 s; peak memory 1093 MiB.
2026-10-02T17:02:30Z INFO [199/750] 248eafb5-063d-4396-9835-0561df9d5c97: 538 datasets; 3.1 s; peak memory 1093 MiB.
2026-10-02T17:02:30Z INFO [200/750] 248f16b0-c8ab-4ae3-81cf-132eca3faafe: 48 datasets; 0.6 s; peak memory 1093 MiB.
2026-10-02T17:02:30Z INFO [200/750] 248f16b0-c8ab-4ae3-81cf-132eca3faafe: checkpointed 64536 records.
2026-10-02T17:02:32Z INFO [201/750] 248faa1e-0687-4d07-88c2-446119ffe687: 69 datasets; 1.1 s; peak memory 1093 MiB.
2026-10-02T17:02:32Z INFO [202/750] 248fbc59-b4b1-46a7-b08e-cdc723c7b089: 48 datasets; 0.6 s; peak memory 1093 MiB.
2026-10-02T17:02:33Z INFO [203/750] 249085d3-1d53-435d-bb73-36012c7e90dd: 48 datasets; 0.6 s; peak memory 1093 MiB.
2026-10-02T17:02:33Z INFO [204/750] 2490a9bf-3632-4fbf-a77d-8583bd5195c5: 115 datasets; 0.7 s; peak memory 1093 MiB.
2026-10-02T17:02:34Z INFO [205/750] 2490e735-81ee-4d10-b1b9-b154f862e87a: 48 datasets; 0.6 s; peak memory 1093 MiB.
2026-10-02T17:02:35Z INFO [206/750] 2491f1d2-f05a-4cac-8801-ccb55c3d7bd0: 47 datasets; 1.2 s; peak memory 1093 MiB.
2026-10-02T17:02:36Z INFO [207/750] 2492828c-8505-4a6e-b996-113e5ece89a5: 117 datasets; 0.6 s; peak memory 1093 MiB.
2026-10-02T17:02:36Z INFO [208/750] 2493abae-d771-4439-86f2-eccd9f01d8ff: 50 datasets; 0.6 s; peak memory 1093 MiB.
2026-10-02T17:02:37Z INFO [209/750] 2493bf2e-90e4-41d0-b47d-ba0ef9de8cf8: 48 datasets; 0.6 s; peak memory 1093 MiB.
2026-10-02T17:02:37Z INFO [210/750] 2493fef8-8e16-459d-815a-8440605efbf9: 33 datasets; 0.4 s; peak memory 1093 MiB.
2026-10-02T17:02:38Z INFO [211/750] 2494d626-bc5e-4ed3-95f0-edfc7b528c57: 46 datasets; 0.5 s; peak memory 1093 MiB.
2026-10-02T17:02:38Z INFO [212/750] 2495512c-0746-4be7-be1c-baf9aca7f384: 52 datasets; 0.8 s; peak memory 1093 MiB.
2026-10-02T17:02:39Z INFO [213/750] 249554c8-a340-4e46-860c-bed7eab3deab: 45 datasets; 0.4 s; peak memory 1093 MiB.
2026-10-02T17:02:40Z INFO [214/750] 24984bb4-5643-45f7-8851-ea969e07ea30: 74 datasets; 0.7 s; peak memory 1093 MiB.
2026-10-02T17:02:40Z INFO [215/750] 2498e487-f825-48d8-9cf4-fce9def05303: 84 datasets; 0.9 s; peak memory 1093 MiB.
2026-10-02T17:02:46Z INFO [216/750] 24999746-90d5-4c5c-ab52-b8b520c7b5e8: 48 datasets; 6.1 s; peak memory 1093 MiB.
2026-10-02T17:02:47Z INFO [217/750] 2499d490-e1ff-4ded-a66a-d14a999e05e2: 48 datasets; 0.8 s; peak memory 1093 MiB.
2026-10-02T17:02:54Z INFO [218/750] 249a2135-04d1-4f48-a3ba-dbb7a98d7e2a: 93 datasets; 6.4 s; peak memory 1093 MiB.
2026-10-02T17:02:55Z INFO [219/750] 249aa2f5-9ae4-48d7-a8b4-86c3b69106e5: 70 datasets; 1.1 s; peak memory 1093 MiB.
2026-10-02T17:02:56Z INFO [220/750] 249b39cd-cb66-4cd0-a06d-519d8a677f1b: 172 datasets; 1.4 s; peak memory 1093 MiB.
2026-10-02T17:02:57Z INFO [221/750] 249b6e99-d461-4577-9922-a70cf187e0d4: 117 datasets; 0.8 s; peak memory 1093 MiB.
2026-10-02T17:02:57Z INFO [222/750] 249bfe62-6e72-4aea-a030-367da3e33724: 112 datasets; 0.5 s; peak memory 1093 MiB.
2026-10-02T17:02:59Z INFO [223/750] 249c8efb-13b7-4ed1-beb1-911a9c92767e: 66 datasets; 1.0 s; peak memory 1093 MiB.
2026-10-02T17:03:04Z INFO [224/750] 249eb4e0-ce4b-4592-85a8-032bacb62f49: 946 datasets; 5.5 s; peak memory 1093 MiB.
2026-10-02T17:03:06Z INFO [225/750] 249ee126-2f86-4bc9-9310-209689dfc4e9: 85 datasets; 2.2 s; peak memory 1093 MiB.
2026-10-02T17:03:07Z INFO [226/750] 249f127f-3869-4403-a234-90cef13c659f: 38 datasets; 0.5 s; peak memory 1093 MiB.
2026-10-02T17:03:09Z INFO [227/750] 249f34f6-de7a-44ce-950e-ba3cbc25769a: 538 datasets; 2.7 s; peak memory 1093 MiB.
2026-10-02T17:03:10Z INFO [228/750] 24a0fe58-3d5d-410a-8052-cb97d142806e: 48 datasets; 0.7 s; peak memory 1093 MiB.
2026-10-02T17:03:11Z INFO [229/750] 24a1ad06-c731-4bb1-aefb-a7d7a57f32d9: 110 datasets; 0.6 s; peak memory 1093 MiB.
2026-10-02T17:03:11Z INFO [230/750] 24a29f46-4805-49fa-9d51-c2c16f4d8754: 46 datasets; 0.4 s; peak memory 1093 MiB.
2026-10-02T17:04:58Z INFO [231/750] 24a34f13-3fe1-4711-9f79-ac6ba63e234f: 190 datasets; 107.2 s; peak memory 1093 MiB.
2026-10-02T17:05:02Z INFO [232/750] 24a448bd-ae9a-4154-8946-003648badab8: 229 datasets; 3.7 s; peak memory 1093 MiB.
2026-10-02T17:05:05Z INFO [233/750] 24a52a36-b4a6-4de0-9148-eedba3cce491: 225 datasets; 2.9 s; peak memory 1093 MiB.
2026-10-02T17:05:06Z INFO [234/750] 24a592f8-77c8-44b7-8b3f-1ca34ac71e39: 69 datasets; 1.1 s; peak memory 1093 MiB.
2026-10-02T17:05:06Z INFO [235/750] 24a59697-fd94-4d83-b228-11837fbb79ed: 57 datasets; 0.4 s; peak memory 1093 MiB.
2026-10-02T17:05:07Z INFO [236/750] 24a5e563-93de-4e9b-a864-27424de330eb: 52 datasets; 0.6 s; peak memory 1093 MiB.
2026-10-02T17:05:09Z INFO [237/750] 24a65db1-167b-4ca3-854a-acc4a76d2e22: 538 datasets; 2.5 s; peak memory 1093 MiB.
2026-10-02T17:05:10Z INFO [238/750] 24a6b949-33a9-4656-8811-685dfb9b2dfe: 131 datasets; 0.8 s; peak memory 1093 MiB.
2026-10-02T17:05:11Z INFO [239/750] 24a6c0e6-fedd-4c7d-a0eb-8bbd9f2c4166: 48 datasets; 0.8 s; peak memory 1093 MiB.
2026-10-02T17:05:12Z INFO [240/750] 24a80d3b-bf44-4e85-bfd1-3fa0ba8cffa8: 46 datasets; 0.5 s; peak memory 1093 MiB.
2026-10-02T17:07:37Z INFO [241/750] 24a87fa4-a0da-47cb-9c0c-dd0b2addb919: 173 datasets; 145.4 s; peak memory 1093 MiB.
2026-10-02T17:09:42Z INFO [242/750] 24a8b057-8a8a-4eb5-854f-1cb549202933: 413 datasets; 125.1 s; peak memory 1093 MiB.
2026-10-02T17:09:43Z INFO [243/750] 24a92512-119d-42b2-8915-f78b8cb67eba: 48 datasets; 0.6 s; peak memory 1093 MiB.
2026-10-02T17:09:44Z INFO [244/750] 24aa386d-e047-4c67-bd38-30e382644840: 117 datasets; 1.5 s; peak memory 1093 MiB.
2026-10-02T17:09:46Z INFO [245/750] 24aaae22-b7f1-4033-8f05-b6a230ba7453: 138 datasets; 1.5 s; peak memory 1093 MiB.
2026-10-02T17:09:46Z INFO [246/750] 24aafd80-62c5-4e9e-b3f7-d6962d07c238: 46 datasets; 0.7 s; peak memory 1093 MiB.
2026-10-02T17:10:28Z INFO [247/750] 24ad07c6-2a49-4c76-902f-5ed0b0946420: 52 datasets; 42.0 s; peak memory 1093 MiB.
2026-10-02T17:10:29Z INFO [248/750] 24ad32fa-dd2f-4da4-99f3-a34b1be1796c: 110 datasets; 1.0 s; peak memory 1093 MiB.
2026-10-02T17:10:30Z INFO [249/750] 24ae5722-a088-41b6-b746-0e76bb787f52: 46 datasets; 0.7 s; peak memory 1093 MiB.
2026-10-02T17:10:31Z INFO [250/750] 24af45fc-01fe-4b49-ae8e-f915c3e02827: 66 datasets; 0.8 s; peak memory 1093 MiB.
2026-10-02T17:10:31Z INFO [250/750] 24af45fc-01fe-4b49-ae8e-f915c3e02827: checkpointed 64586 records.
2026-10-02T17:12:13Z INFO [251/750] 24b10f12-7276-4468-9851-7d8717645c50: 261 datasets; 102.4 s; peak memory 1093 MiB.
2026-10-02T17:12:17Z INFO [252/750] 24b1c3a9-2b2b-4f39-a76c-13edc9463a1e: 547 datasets; 3.4 s; peak memory 1093 MiB.
2026-10-02T17:12:17Z INFO [253/750] 24b26828-1efa-4cb9-b09c-9b66bf877dca: 48 datasets; 0.7 s; peak memory 1093 MiB.
2026-10-02T17:12:18Z INFO [254/750] 24b27f47-e169-48ca-8e3e-f7ab5a10871b: 52 datasets; 0.6 s; peak memory 1093 MiB.
2026-10-02T17:12:19Z INFO [255/750] 24b280ea-38b6-40c8-bd21-4178f077bfe2: 48 datasets; 0.7 s; peak memory 1093 MiB.
2026-10-02T17:12:19Z INFO [256/750] 24b2ad43-4d4d-47a0-aaff-04ffdaf4e145: 78 datasets; 0.6 s; peak memory 1093 MiB.
2026-10-02T17:12:20Z INFO [257/750] 24b2e287-7192-463e-952b-efcb7ef1befe: 52 datasets; 1.0 s; peak memory 1093 MiB.
2026-10-02T17:12:21Z INFO [258/750] 24b2ee72-5dd8-4934-8118-b8e82b9e8b1a: 46 datasets; 0.4 s; peak memory 1093 MiB.
2026-10-02T17:12:25Z INFO [259/750] 24b345d9-5178-4cef-baa9-84e6e35a0fab: 706 datasets; 3.9 s; peak memory 1093 MiB.
2026-10-02T17:12:28Z INFO [260/750] 24b38da3-c1b8-4254-865f-192c269d3cac: 1363 datasets; 3.7 s; peak memory 1093 MiB.
2026-10-02T17:12:29Z INFO [261/750] 24b4817c-e965-422c-8368-19be32db8788: 66 datasets; 1.2 s; peak memory 1093 MiB.
2026-10-02T17:12:42Z INFO [262/750] 24b4f361-1138-477d-b6b5-94fd2ec6ea7f: 3341 datasets; 12.7 s; peak memory 1093 MiB.
2026-10-02T17:14:23Z INFO [263/750] 24b51ec1-281c-4a41-8dcf-f8b7f85d76dd: 413 datasets; 101.2 s; peak memory 1093 MiB.
2026-10-02T17:14:24Z INFO [264/750] 24b58848-27cd-4d4e-92b9-1804602df8ac: 70 datasets; 0.8 s; peak memory 1093 MiB.
2026-10-02T17:14:25Z INFO [265/750] 24b5cb77-7515-48b3-8815-40f024787106: 72 datasets; 0.6 s; peak memory 1093 MiB.
2026-10-02T17:14:29Z INFO [266/750] 24b703b5-530e-4ee1-9c3e-bef5bdc81fc0: 891 datasets; 4.5 s; peak memory 1093 MiB.
2026-10-02T17:14:30Z INFO [267/750] 24b7ef72-4b36-47d8-a860-14c584901256: 48 datasets; 0.7 s; peak memory 1093 MiB.
2026-10-02T17:14:32Z INFO [268/750] 24b828c3-1dc6-491b-a201-ddb3f90fcad0: 410 datasets; 2.2 s; peak memory 1093 MiB.
2026-10-02T17:14:34Z INFO [269/750] 24b8cd7f-f4fd-45ba-90af-ef4ba009e1ea: 70 datasets; 1.3 s; peak memory 1093 MiB.
2026-10-02T17:14:34Z INFO [270/750] 24b970be-8b4f-4383-ba72-408e461b9c10: 48 datasets; 0.7 s; peak memory 1093 MiB.
2026-10-02T17:14:35Z INFO [271/750] 24b9edb1-27a2-46e4-8210-40da316bc007: 66 datasets; 1.2 s; peak memory 1093 MiB.
2026-10-02T17:14:36Z INFO [272/750] 24bad2c2-ee4c-4996-bbad-2ec2bf662b0e: 52 datasets; 0.4 s; peak memory 1093 MiB.
2026-10-02T17:14:36Z INFO [273/750] 24bb6aa8-d04e-4954-93cc-97e0d60b3438: 48 datasets; 0.7 s; peak memory 1093 MiB.
2026-10-02T17:15:09Z INFO [274/750] 24bbbd32-6af7-4488-99df-243822d9b4d8: 52 datasets; 32.6 s; peak memory 1093 MiB.
2026-10-02T17:15:11Z INFO [275/750] 24bd6187-bad3-4677-81fd-cfd525c4bb1c: 475 datasets; 2.3 s; peak memory 1093 MiB.
2026-10-02T17:15:12Z INFO [276/750] 24bd7a5b-0537-42e6-a1d4-92e0ff9cec7a: 118 datasets; 0.5 s; peak memory 1093 MiB.
2026-10-02T17:15:13Z INFO [277/750] 24bda8ce-e324-4395-88d7-f27c32be1e58: 48 datasets; 0.6 s; peak memory 1093 MiB.
2026-10-02T17:15:16Z INFO [278/750] 24bdaede-5986-4583-8641-86c25f8f57fc: 223 datasets; 3.2 s; peak memory 1093 MiB.
2026-10-02T17:15:16Z INFO [279/750] 24bddffc-fb2f-438e-b2ba-c9a2fe566b0e: 69 datasets; 0.7 s; peak memory 1093 MiB.
2026-10-02T17:15:26Z INFO [280/750] 24be3e69-66d0-473d-ad1b-42800a4195f4: 38 datasets; 10.0 s; peak memory 1093 MiB.
2026-10-02T17:15:28Z INFO [281/750] 24be9773-6a0b-4d5a-b2fe-612fc8648ee3: 119 datasets; 1.3 s; peak memory 1093 MiB.
2026-10-02T17:15:28Z INFO [282/750] 24bee6bb-6abd-4053-8c14-fcd72d08700a: 48 datasets; 0.8 s; peak memory 1093 MiB.
2026-10-02T17:15:29Z INFO [283/750] 24c084be-ea4a-4610-9e99-7408b1ec33fe: 37 datasets; 0.4 s; peak memory 1093 MiB.
2026-10-02T17:15:29Z INFO [284/750] 24c10471-c6c1-4710-9e9d-fc1f9c3e1fbf: 117 datasets; 0.6 s; peak memory 1093 MiB.
2026-10-02T17:15:30Z INFO [285/750] 24c1b9c3-60b2-488d-ab70-a283fcef05b7: 48 datasets; 0.6 s; peak memory 1093 MiB.
2026-10-02T17:15:31Z INFO [286/750] 24c2b712-626f-4564-b1db-d53928e0e482: 275 datasets; 0.7 s; peak memory 1093 MiB.
2026-10-02T17:15:31Z INFO [287/750] 24c3fe62-27e4-4160-a93e-57e45b19573b: 117 datasets; 0.6 s; peak memory 1093 MiB.
2026-10-02T17:15:32Z INFO [288/750] 24c434e7-4c8d-455d-9bab-08a1a223e5c3: 56 datasets; 0.4 s; peak memory 1093 MiB.
2026-10-02T17:15:32Z INFO [289/750] 24c45f12-e40c-4529-b836-09653b372265: 37 datasets; 0.3 s; peak memory 1093 MiB.
2026-10-02T17:15:33Z INFO [290/750] 24c463d1-bb70-45f4-8483-871f87f725f4: 62 datasets; 0.8 s; peak memory 1093 MiB.
2026-10-02T17:15:34Z INFO [291/750] 24c46e6c-2b39-4264-88ea-c6816cd147e8: 112 datasets; 0.6 s; peak memory 1093 MiB.
2026-10-02T17:15:34Z INFO [292/750] 24c504d4-335c-40de-8b2b-78c163cb0d68: 118 datasets; 0.7 s; peak memory 1093 MiB.
2026-10-02T17:15:35Z INFO [293/750] 24c52803-3622-480a-b69b-f2d5c9e89cdb: 46 datasets; 0.5 s; peak memory 1093 MiB.
2026-10-02T17:15:35Z INFO [294/750] 24c55cf4-9dff-422f-a629-d13c0842b869: 52 datasets; 0.6 s; peak memory 1093 MiB.
2026-10-02T17:15:37Z INFO [295/750] 24c5905c-20e9-471d-9e56-2321ce9f0646: 71 datasets; 1.2 s; peak memory 1093 MiB.
2026-10-02T17:15:37Z INFO [296/750] 24c5a47f-645c-4ec7-8d91-53da5997b931: 71 datasets; 0.8 s; peak memory 1093 MiB.
2026-10-02T17:15:57Z INFO [297/750] 24c5c341-386a-4878-a132-04009d5c9cb7: 48 datasets; 19.4 s; peak memory 1093 MiB.
2026-10-02T17:15:58Z INFO [298/750] 24c60859-fa6f-4b66-ac1e-e95f586ee12c: 118 datasets; 0.7 s; peak memory 1093 MiB.
2026-10-02T17:15:58Z INFO [299/750] 24c66f3f-89bd-4fa1-aa6c-0341f1cbca73: 112 datasets; 0.9 s; peak memory 1093 MiB.
2026-10-02T17:17:38Z INFO [300/750] 24c6fab8-7f67-4a64-b975-6de3a6197639: 257 datasets; 99.3 s; peak memory 1093 MiB.
2026-10-02T17:17:38Z INFO [300/750] 24c6fab8-7f67-4a64-b975-6de3a6197639: checkpointed 64636 records.
2026-10-02T17:17:39Z INFO [301/750] 24c740f0-2910-47f8-878e-8aa37a529f00: 52 datasets; 1.0 s; peak memory 1093 MiB.
2026-10-02T17:17:44Z INFO [302/750] 24c741ea-d62e-415f-a969-da85264fd6a0: 709 datasets; 5.2 s; peak memory 1093 MiB.
2026-10-02T17:17:45Z INFO [303/750] 24c74446-eae3-4691-9f94-4b09f635378d: 117 datasets; 0.6 s; peak memory 1093 MiB.
2026-10-02T17:17:45Z INFO [304/750] 24c753da-5905-4224-b99f-34205c61efff: 52 datasets; 0.6 s; peak memory 1093 MiB.
2026-10-02T17:17:46Z INFO [305/750] 24ca8f6c-f124-455f-8f81-ecfbfe887750: 59 datasets; 0.6 s; peak memory 1093 MiB.
2026-10-02T17:17:47Z INFO [306/750] 24cb36fb-0de5-48df-91f3-89e181ad3a28: 48 datasets; 0.7 s; peak memory 1093 MiB.
2026-10-02T17:17:47Z INFO [307/750] 24cb435f-14d1-43b7-adad-a5a46b401031: 48 datasets; 0.7 s; peak memory 1093 MiB.
2026-10-02T17:17:48Z INFO [308/750] 24cc4891-5fd6-485b-ba81-83a6a270cc79: 107 datasets; 1.1 s; peak memory 1093 MiB.
2026-10-02T17:17:50Z INFO [309/750] 24cc5179-2b2d-4b5b-8668-0e3c5751fac6: 115 datasets; 1.4 s; peak memory 1093 MiB.
2026-10-02T17:17:52Z INFO [310/750] 24ccfa8f-67f9-4537-84b7-e5a8be6b1cda: 156 datasets; 1.7 s; peak memory 1093 MiB.
2026-10-02T17:17:53Z INFO [311/750] 24cd13df-26c1-42ad-ac9b-e7faec014d4c: 118 datasets; 1.4 s; peak memory 1093 MiB.
2026-10-02T17:19:38Z INFO [312/750] 24cd5441-6770-4b70-9460-0317ae441efd: 167 datasets; 105.2 s; peak memory 1093 MiB.
2026-10-02T17:19:41Z INFO [313/750] 24cdc1ce-1b51-4a03-abdd-b61bcd6d37f9: 465 datasets; 2.7 s; peak memory 1093 MiB.
2026-10-02T17:19:42Z INFO [314/750] 24ce0a86-6ee4-4480-910a-86e2406a5a38: 66 datasets; 1.2 s; peak memory 1093 MiB.
2026-10-02T17:19:43Z INFO [315/750] 24ced82e-8470-4f42-a8b2-53e399009fe2: 48 datasets; 0.6 s; peak memory 1093 MiB.
2026-10-02T17:19:43Z INFO [316/750] 24cedca9-d97f-4686-aeb2-539a980dd3d2: 112 datasets; 0.7 s; peak memory 1093 MiB.
2026-10-02T17:19:57Z INFO [317/750] 24cf2a1e-86e2-4bde-92c6-c0fc8809fc7e: 3799 datasets; 13.8 s; peak memory 1093 MiB.
2026-10-02T17:19:58Z INFO [318/750] 24cfabf3-a6bb-4ee0-8168-b2483cbfec74: 65 datasets; 0.6 s; peak memory 1093 MiB.
2026-10-02T17:19:58Z INFO [319/750] 24cfd316-ddfd-4f85-a2bb-938da3281e6f: 38 datasets; 0.5 s; peak memory 1093 MiB.
2026-10-02T17:19:59Z INFO [320/750] 24cfdaa5-683c-4ad9-9dd5-3a9c4ddf6b23: 48 datasets; 0.7 s; peak memory 1093 MiB.
2026-10-02T17:20:00Z INFO [321/750] 24d10584-5619-4688-bfd6-73addda44912: 117 datasets; 0.8 s; peak memory 1093 MiB.
2026-10-02T17:20:00Z INFO [322/750] 24d109b2-e7f4-425d-b6af-75725afd513a: 50 datasets; 0.7 s; peak memory 1093 MiB.
2026-10-02T17:20:16Z INFO [323/750] 24d142ce-7121-42fa-bece-eb2ae21a939f: 48 datasets; 15.5 s; peak memory 1093 MiB.
2026-10-02T17:20:19Z INFO [324/750] 24d2472b-685f-4e5e-a13a-a1947e8842f5: 639 datasets; 3.6 s; peak memory 1093 MiB.
2026-10-02T17:20:25Z INFO [325/750] 24d2b361-2bdb-41c5-b906-17e69c127f20: 532 datasets; 5.6 s; peak memory 1093 MiB.
2026-10-02T17:20:26Z INFO [326/750] 24d32797-9e86-4672-b1e0-8f989334fbee: 112 datasets; 0.7 s; peak memory 1093 MiB.
2026-10-02T17:20:26Z INFO [327/750] 24d3ccf9-d5bb-4521-a7f5-97819ac46a64: 121 datasets; 0.5 s; peak memory 1093 MiB.
2026-10-02T17:20:27Z INFO [328/750] 24d3fbdf-6da4-4026-b63d-0e9a029e1ac2: 117 datasets; 0.7 s; peak memory 1093 MiB.
2026-10-02T17:20:30Z INFO [329/750] 24d47f1a-a69f-47b0-83ec-6fe9071326ac: 229 datasets; 3.3 s; peak memory 1093 MiB.
2026-10-02T17:20:32Z INFO [330/750] 24d4ed1e-cfe3-46af-888f-7792fe15b81b: 110 datasets; 2.2 s; peak memory 1093 MiB.
2026-10-02T17:20:33Z INFO [331/750] 24d51d79-b657-4cf8-9f00-1ec551608a10: 49 datasets; 0.7 s; peak memory 1093 MiB.
2026-10-02T17:20:34Z INFO [332/750] 24d63721-c441-46f6-9e49-ad819ff88c87: 48 datasets; 0.7 s; peak memory 1093 MiB.
2026-10-02T17:20:34Z INFO [333/750] 24d64f79-2f5c-4612-895a-2d968608c1b6: 38 datasets; 0.4 s; peak memory 1093 MiB.
2026-10-02T17:20:35Z INFO [334/750] 24d6b391-9c0e-421b-8190-aef257fe173b: 117 datasets; 0.6 s; peak memory 1093 MiB.
2026-10-02T17:20:35Z INFO [335/750] 24d72777-5ab9-4423-9d06-cfbf771e1498: 46 datasets; 0.3 s; peak memory 1093 MiB.
2026-10-02T17:20:36Z INFO [336/750] 24d86463-496e-422b-8ffa-439a2480e1f3: 48 datasets; 0.5 s; peak memory 1093 MiB.
2026-10-02T17:20:36Z INFO [337/750] 24d8cff2-0df5-4b23-898e-519f30ad6a70: 118 datasets; 0.8 s; peak memory 1093 MiB.
2026-10-02T17:20:37Z INFO [338/750] 24d98aa7-fc3a-45be-bcd8-07e9eed9fe83: 124 datasets; 0.9 s; peak memory 1093 MiB.
2026-10-02T17:20:38Z INFO [339/750] 24d9e72e-af5b-4d50-b2c5-5c990140b693: 46 datasets; 0.5 s; peak memory 1093 MiB.
2026-10-02T17:20:39Z INFO [340/750] 24da1db4-13c0-4147-8242-3ebd05d63a29: 74 datasets; 0.9 s; peak memory 1093 MiB.
2026-10-02T17:20:39Z INFO [341/750] 24da598b-9716-417b-99fc-b197eeb2952b: 118 datasets; 0.6 s; peak memory 1093 MiB.
2026-10-02T17:20:40Z INFO [342/750] 24da68bd-40fe-4716-a5c7-e707e8fae5a0: 112 datasets; 0.7 s; peak memory 1093 MiB.
2026-10-02T17:20:40Z INFO [343/750] 24daa636-ad4e-4cf9-8704-8f4c024cc8a6: 58 datasets; 0.4 s; peak memory 1093 MiB.
2026-10-02T17:20:41Z INFO [344/750] 24dbc55e-216c-492d-baf4-59b700a30a2d: 84 datasets; 0.4 s; peak memory 1093 MiB.
2026-10-02T17:20:41Z INFO [345/750] 24dc3c9e-c8dd-40af-9864-16a580398687: 48 datasets; 0.5 s; peak memory 1093 MiB.
2026-10-02T17:20:42Z INFO [346/750] 24dcefcd-8e43-4280-b04d-af12e4ba306a: 117 datasets; 0.6 s; peak memory 1093 MiB.
2026-10-02T17:20:43Z INFO [347/750] 24de7e04-70fd-412c-8c94-2de764a31ce2: 119 datasets; 1.1 s; peak memory 1093 MiB.
2026-10-02T17:20:44Z INFO [348/750] 24df33c1-0722-4be5-ba35-27f6b86cce19: 51 datasets; 0.7 s; peak memory 1093 MiB.
2026-10-02T17:20:44Z INFO [349/750] 24df40bc-5a5e-4a5b-8c4c-95f01f9e74ef: 48 datasets; 0.5 s; peak memory 1093 MiB.
2026-10-02T17:20:46Z INFO [350/750] 24df4bb4-73d5-4ca8-93e0-ebcf795915c3: 119 datasets; 1.8 s; peak memory 1093 MiB.
2026-10-02T17:20:46Z INFO [350/750] 24df4bb4-73d5-4ca8-93e0-ebcf795915c3: checkpointed 64686 records.
2026-10-02T17:20:47Z INFO [351/750] 24df934d-fcb9-4b1a-a839-1a989bdb788d: 114 datasets; 0.7 s; peak memory 1093 MiB.
2026-10-02T17:20:55Z INFO [352/750] 24dfa847-c982-4668-82e6-4f5b47ce53ad: 267 datasets; 8.4 s; peak memory 1093 MiB.
2026-10-02T17:20:56Z INFO [353/750] 24dfb42d-cedc-402a-bd7f-f44f43115f2d: 47 datasets; 0.4 s; peak memory 1093 MiB.
2026-10-02T17:20:56Z INFO [354/750] 24e0fd1d-6df8-43b8-bc8c-ca950d05c73c: 46 datasets; 0.3 s; peak memory 1093 MiB.
2026-10-02T17:20:58Z INFO [355/750] 24e10b80-4322-4357-937d-0c9cd1ebc757: 156 datasets; 1.6 s; peak memory 1093 MiB.
2026-10-02T17:20:58Z INFO [356/750] 24e12d2f-587b-4004-a004-9534bc4f1d9b: 68 datasets; 0.6 s; peak memory 1093 MiB.
2026-10-02T17:20:59Z INFO [357/750] 24e2b2b4-918f-48a8-b331-844bba43c872: 102 datasets; 0.9 s; peak memory 1093 MiB.
2026-10-02T17:20:59Z INFO [358/750] 24e2e221-ad9a-48ae-a24f-6767a373b3fd: 57 datasets; 0.4 s; peak memory 1093 MiB.
2026-10-02T17:21:05Z INFO [359/750] 24e3570c-c553-420c-983d-0a0b8d10a834: 98 datasets; 5.9 s; peak memory 1093 MiB.
2026-10-02T17:21:06Z INFO [360/750] 24e378b0-1e40-4136-a861-2d2696c7e8c1: 71 datasets; 0.9 s; peak memory 1093 MiB.
2026-10-02T17:21:07Z INFO [361/750] 24e4ead9-6a0b-410b-96c9-37d00442f115: 48 datasets; 0.6 s; peak memory 1093 MiB.
2026-10-02T17:21:07Z INFO [362/750] 24e51c45-0d13-4b29-b1ce-1b06ba121e77: 48 datasets; 0.6 s; peak memory 1093 MiB.
2026-10-02T17:22:40Z INFO [363/750] 24e5555a-12ab-4cd0-83b1-d03407de3063: 55 datasets; 92.1 s; peak memory 1093 MiB.
2026-10-02T17:22:40Z INFO [364/750] 24e5be5d-afe7-4151-9a1a-e7ae24ada033: 79 datasets; 0.8 s; peak memory 1093 MiB.
2026-10-02T17:22:41Z INFO [365/750] 24e5efcb-a153-41c1-a90a-a3f4192d0871: 118 datasets; 0.6 s; peak memory 1093 MiB.
2026-10-02T17:22:42Z INFO [366/750] 24e641e5-45bd-4e2b-863c-5f4eeafd9bc0: 112 datasets; 0.8 s; peak memory 1093 MiB.
2026-10-02T17:22:42Z INFO [367/750] 24e8096c-18c2-44da-8257-684f4df6c1ed: 48 datasets; 0.7 s; peak memory 1093 MiB.
2026-10-02T17:22:44Z INFO [368/750] 24e8233c-46b6-4db6-bbed-61996c28c890: 71 datasets; 1.2 s; peak memory 1093 MiB.
2026-10-02T17:22:44Z INFO [369/750] 24e82e82-67f1-4617-9bab-215250f80fd2: 46 datasets; 0.5 s; peak memory 1093 MiB.
2026-10-02T17:22:45Z INFO [370/750] 24e94aaf-b2e9-4bbb-bd29-64ce2638ef4d: 50 datasets; 0.8 s; peak memory 1093 MiB.
2026-10-02T17:22:46Z INFO [371/750] 24eafe26-49ab-49bd-909e-60d1c1c56d42: 38 datasets; 1.3 s; peak memory 1093 MiB.
2026-10-02T17:23:21Z INFO [372/750] 24eb28b1-23ac-4c75-a2f8-75d0b5edc791: 55 datasets; 34.5 s; peak memory 1093 MiB.
2026-10-02T17:23:22Z INFO [373/750] 24ecdcc0-80d8-4d35-a9dd-4662e6f8c773: 119 datasets; 1.3 s; peak memory 1093 MiB.
2026-10-02T17:23:23Z INFO [374/750] 24ed1219-2771-4ace-a30d-de17ea4ef663: 71 datasets; 1.0 s; peak memory 1093 MiB.
2026-10-02T17:23:24Z INFO [375/750] 24ed1d50-1a87-4b5c-bfa3-1320202bdf9b: 69 datasets; 0.7 s; peak memory 1093 MiB.
2026-10-02T17:23:24Z INFO [376/750] 24ed6191-8c09-41d0-9a42-e548c8994797: 57 datasets; 0.3 s; peak memory 1093 MiB.
2026-10-02T17:23:24Z INFO [377/750] 24ee3c86-1f12-43cc-9445-8e83f5b5ad8d: 46 datasets; 0.4 s; peak memory 1093 MiB.
2026-10-02T17:23:25Z INFO [378/750] 24ef981d-bfe9-492d-85a5-6fd4d383c400: 49 datasets; 0.7 s; peak memory 1093 MiB.
2026-10-02T17:23:26Z INFO [379/750] 24f0fe08-4570-4a4d-9f4a-fab97eb8052a: 46 datasets; 0.5 s; peak memory 1093 MiB.
2026-10-02T17:23:27Z INFO [380/750] 24f10bce-1ddc-43d4-ae9b-84195e27ec23: 163 datasets; 1.3 s; peak memory 1093 MiB.
2026-10-02T17:23:27Z INFO [381/750] 24f11e1d-6db3-40f5-9723-86f757450f6f: 116 datasets; 0.6 s; peak memory 1093 MiB.
2026-10-02T17:23:29Z INFO [382/750] 24f18712-d810-41ef-86de-7f7b79998d45: 115 datasets; 1.5 s; peak memory 1093 MiB.
2026-10-02T17:23:30Z INFO [383/750] 24f23399-1614-447d-9094-3dd85ae0419e: 116 datasets; 0.6 s; peak memory 1093 MiB.
2026-10-02T17:23:31Z INFO [384/750] 24f248c6-c229-48a7-8368-067f4f75b19d: 78 datasets; 1.6 s; peak memory 1093 MiB.
2026-10-02T17:23:37Z INFO [385/750] 24f2718c-4902-465c-9539-f4199c064c89: 701 datasets; 5.6 s; peak memory 1093 MiB.
2026-10-02T17:24:34Z INFO [386/750] 24f32616-d078-4f7c-930d-2a7634037bda: 45935 datasets; 57.7 s; peak memory 1093 MiB.
2026-10-02T17:24:36Z INFO [387/750] 24f34fd3-7481-4f1b-9b0c-8f322e647bd6: 71 datasets; 1.1 s; peak memory 1093 MiB.
2026-10-02T17:24:36Z INFO [388/750] 24f36eed-c736-4a58-b483-560df55f30c9: 46 datasets; 0.4 s; peak memory 1093 MiB.
2026-10-02T17:24:37Z INFO [389/750] 24f388eb-c593-4445-9674-5baa854f3681: 48 datasets; 0.7 s; peak memory 1093 MiB.
2026-10-02T17:24:38Z INFO [390/750] 24f40564-5ef9-41b2-b40f-339f358c8697: 62 datasets; 1.2 s; peak memory 1093 MiB.
2026-10-02T17:24:38Z INFO [391/750] 24f4826b-3978-4472-ac46-c69eda785c46: 117 datasets; 0.5 s; peak memory 1093 MiB.
2026-10-02T17:24:42Z INFO [392/750] 24f53269-51b7-41a3-8ba9-66e4b4a5c4a6: 538 datasets; 3.4 s; peak memory 1093 MiB.
2026-10-02T17:24:42Z INFO [393/750] 24f5a27f-79bf-4100-bdc2-99a1af5e4b5e: 117 datasets; 0.7 s; peak memory 1093 MiB.
2026-10-02T17:24:48Z INFO [394/750] 24f5bdd4-312f-4500-8103-8c67a00defab: 11477 datasets; 5.2 s; peak memory 1093 MiB.
2026-10-02T17:24:49Z INFO [395/750] 24f6778f-cea2-443f-bcfa-21df1849ed68: 67 datasets; 1.1 s; peak memory 1093 MiB.
2026-10-02T17:24:50Z INFO [396/750] 24f67bc7-ba0c-4b33-b944-725d3ea6cedb: 172 datasets; 1.6 s; peak memory 1093 MiB.
2026-10-02T17:24:51Z INFO [397/750] 24f72e24-c4ae-4dfb-afe1-4b9d4ebafc87: 39 datasets; 0.6 s; peak memory 1093 MiB.
2026-10-02T17:24:51Z INFO [398/750] 24f787d7-1c49-4a1b-b0cc-cdab5b28e010: 56 datasets; 0.3 s; peak memory 1093 MiB.
2026-10-02T17:24:52Z INFO [399/750] 24f8392e-ef87-433c-9c9d-0029a2460306: 112 datasets; 0.7 s; peak memory 1093 MiB.
2026-10-02T17:24:54Z INFO [400/750] 24f85fed-a1b1-4a63-8fe1-b8afdae88385: 90 datasets; 1.5 s; peak memory 1093 MiB.
2026-10-02T17:24:54Z INFO [400/750] 24f85fed-a1b1-4a63-8fe1-b8afdae88385: checkpointed 64736 records.
2026-10-02T17:24:54Z INFO [401/750] 24f8be91-2193-4851-8ced-4f43b20789e0: 66 datasets; 0.9 s; peak memory 1093 MiB.
2026-10-02T17:24:55Z INFO [402/750] 24f8f7d1-999f-43ae-960f-cea7868d7aa7: 37 datasets; 0.7 s; peak memory 1093 MiB.
2026-10-02T17:24:56Z INFO [403/750] 24f96476-79ad-4c08-a8b8-ba64f6b05afe: 56 datasets; 0.4 s; peak memory 1093 MiB.
2026-10-02T17:25:03Z INFO [404/750] 24fa0df4-f778-43d7-abde-5f039c1aa6cc: 757 datasets; 7.2 s; peak memory 1093 MiB.
2026-10-02T17:25:03Z INFO [405/750] 24fa1a80-d0bf-4900-bed9-c70b068d44bd: 48 datasets; 0.6 s; peak memory 1093 MiB.
2026-10-02T17:25:04Z INFO [406/750] 24fa3408-7fdf-406c-af87-ae5cac95627c: 48 datasets; 0.6 s; peak memory 1093 MiB.
2026-10-02T17:25:05Z INFO [407/750] 24faa372-e42b-4b55-aa92-84f8590d4297: 66 datasets; 0.9 s; peak memory 1093 MiB.
2026-10-02T17:25:07Z INFO [408/750] 24fb3693-3d62-40ee-bb13-c2a230679adb: 156 datasets; 1.9 s; peak memory 1093 MiB.
2026-10-02T17:25:08Z INFO [409/750] 24fbc240-1ab4-43a1-b997-9ad9b5579b02: 116 datasets; 1.5 s; peak memory 1093 MiB.
2026-10-02T17:25:09Z INFO [410/750] 24fc8b49-23c4-4e4c-97d9-316239f7cd8f: 71 datasets; 1.2 s; peak memory 1093 MiB.
2026-10-02T17:25:12Z INFO [411/750] 24fc8f48-c353-4419-842b-940d3d8f7472: 84 datasets; 2.7 s; peak memory 1093 MiB.
2026-10-02T17:25:13Z INFO [412/750] 24fcc682-77b0-48f5-9b55-1601931959c1: 71 datasets; 1.1 s; peak memory 1093 MiB.
2026-10-02T17:25:14Z INFO [413/750] 24fceac7-a764-434d-886f-57810ae7764b: 117 datasets; 0.5 s; peak memory 1093 MiB.
2026-10-02T17:25:20Z INFO [414/750] 24fd13f0-d2e3-4d23-a613-004a39a5e612: 106 datasets; 6.5 s; peak memory 1093 MiB.
2026-10-02T17:25:32Z INFO [415/750] 24fd3bda-6714-46ff-bb1a-8897b585c6a6: 2309 datasets; 11.3 s; peak memory 1093 MiB.
2026-10-02T17:25:32Z INFO [416/750] 24fd480b-040a-4280-9324-46297a357a4a: 45 datasets; 0.4 s; peak memory 1093 MiB.
2026-10-02T17:25:33Z INFO [417/750] 24fd4d80-5bed-4547-b4c2-a5372681755c: 48 datasets; 0.8 s; peak memory 1093 MiB.
2026-10-02T17:25:36Z INFO [418/750] 24fdb10a-14f6-4629-8420-6d0cae3b8531: 229 datasets; 3.0 s; peak memory 1093 MiB.
2026-10-02T17:25:36Z INFO [419/750] 24fdf08f-c25a-4923-a75a-963beb687677: 46 datasets; 0.4 s; peak memory 1093 MiB.
2026-10-02T17:25:37Z INFO [420/750] 24fe5485-cd19-46be-a119-d88f84f6801b: 41 datasets; 0.6 s; peak memory 1093 MiB.
2026-10-02T17:25:37Z INFO [421/750] 24fef8ec-1f87-4f35-a1e3-3c5fbeeccdf8: 117 datasets; 0.7 s; peak memory 1093 MiB.
2026-10-02T17:25:38Z INFO [422/750] 24ff2d4c-c08f-4ee9-a20b-94b54ce9e20b: 110 datasets; 0.7 s; peak memory 1093 MiB.
2026-10-02T17:25:39Z INFO [423/750] 24ff775a-fa0b-46d9-9e53-b0c39a0e8e6b: 117 datasets; 0.5 s; peak memory 1093 MiB.
2026-10-02T17:25:45Z INFO [424/750] 24ff9c57-2453-4153-83e7-306616c2f8e7: 865 datasets; 6.3 s; peak memory 1093 MiB.
2026-10-02T17:25:46Z INFO [425/750] 25006aee-9db0-4ec6-ac0e-9f9a820da8f6: 112 datasets; 0.7 s; peak memory 1093 MiB.
2026-10-02T17:25:46Z INFO [426/750] 2501ce8d-cf10-4ac2-9537-e17606965dd9: 69 datasets; 0.8 s; peak memory 1093 MiB.
2026-10-02T17:25:47Z INFO [427/750] 250205a9-3bcb-4088-b5c9-f955d544c192: 62 datasets; 0.9 s; peak memory 1093 MiB.
2026-10-02T17:25:48Z INFO [428/750] 25024366-0d15-41a6-99e9-2295040adf5d: 58 datasets; 1.1 s; peak memory 1093 MiB.
2026-10-02T17:25:49Z INFO [429/750] 25025e9e-439d-4216-ba76-825dbbc45dbc: 76 datasets; 0.6 s; peak memory 1093 MiB.
2026-10-02T17:25:50Z INFO [430/750] 2502c4c2-5b39-4f0b-9d00-19f57073e068: 117 datasets; 0.6 s; peak memory 1093 MiB.
2026-10-02T17:25:50Z INFO [431/750] 2502e081-2174-4b55-9bb8-0f255e1d814c: 48 datasets; 0.8 s; peak memory 1093 MiB.
2026-10-02T17:25:54Z INFO [432/750] 25035d79-dc3d-492c-a740-2566da01bf72: 549 datasets; 3.4 s; peak memory 1093 MiB.
2026-10-02T17:25:54Z INFO [433/750] 25037855-a6bd-4fe6-8acf-0012097b6b89: 158 datasets; 0.6 s; peak memory 1093 MiB.
2026-10-02T17:25:55Z INFO [434/750] 2503dc97-fdef-424d-8dc3-165d396171a8: 117 datasets; 0.5 s; peak memory 1093 MiB.
2026-10-02T17:25:56Z INFO [435/750] 2503dcfe-ecd0-48b5-a211-e104e8325760: 48 datasets; 0.7 s; peak memory 1093 MiB.
2026-10-02T17:25:56Z INFO [436/750] 25044bfb-18b9-46a4-bec4-37bc1f838a09: 116 datasets; 0.7 s; peak memory 1093 MiB.
2026-10-02T17:26:06Z INFO [437/750] 2505130e-c9f4-456b-813d-bf6ec8564bec: 1202 datasets; 9.9 s; peak memory 1093 MiB.
2026-10-02T17:26:07Z INFO [438/750] 25055f12-ac3a-4609-a63b-45b3153de3b5: 69 datasets; 0.8 s; peak memory 1093 MiB.
2026-10-02T17:26:11Z INFO [439/750] 25065ea8-8a12-46b4-8b4c-57d7a9ee2c74: 193 datasets; 4.3 s; peak memory 1093 MiB.
2026-10-02T17:26:12Z INFO [440/750] 2506c530-d5d7-4c19-8340-5d377670778c: 48 datasets; 0.8 s; peak memory 1093 MiB.
2026-10-02T17:26:14Z INFO [441/750] 25085990-85f5-4717-ba5d-5b3cd36225c2: 115 datasets; 1.5 s; peak memory 1093 MiB.
2026-10-02T17:26:18Z INFO [442/750] 25091e5a-9aae-4580-92ff-9caeaca7728e: 56 datasets; 4.7 s; peak memory 1093 MiB.
2026-10-02T17:26:19Z INFO [443/750] 2509d8fd-3794-4686-9ad0-ba10dca5b899: 48 datasets; 0.7 s; peak memory 1093 MiB.
2026-10-02T17:26:20Z INFO [444/750] 250a164e-ce27-4984-8fc9-84036adb7939: 112 datasets; 0.7 s; peak memory 1093 MiB.
2026-10-02T17:26:20Z INFO [445/750] 250a2f12-6ddd-4c6c-adcc-edc107536f84: 48 datasets; 0.6 s; peak memory 1093 MiB.
2026-10-02T17:26:21Z INFO [446/750] 250bfd85-ba57-4f45-a286-23dc8a9daf78: 118 datasets; 0.7 s; peak memory 1093 MiB.
2026-10-02T17:26:22Z INFO [447/750] 250c1867-145a-468b-86f0-ba5396032da3: 112 datasets; 0.7 s; peak memory 1093 MiB.
2026-10-02T17:26:22Z INFO [448/750] 250c2b46-c9fc-4a9b-8751-98abf1c16e0b: 48 datasets; 0.6 s; peak memory 1093 MiB.
2026-10-02T17:41:06Z INFO [449/750] 250c54a3-fedc-40ae-a1d1-9a13742dd4c0: 99 datasets; 883.8 s; peak memory 1215 MiB.
2026-10-02T17:41:07Z INFO [450/750] 250c8a38-c76e-4066-b155-0e7f96e3a05b: 116 datasets; 0.7 s; peak memory 1215 MiB.
2026-10-02T17:41:07Z INFO [450/750] 250c8a38-c76e-4066-b155-0e7f96e3a05b: checkpointed 64786 records.
2026-10-02T17:41:14Z INFO [451/750] 250c98a8-7f8c-48a1-aa53-507e1e2a9127: 409 datasets; 6.8 s; peak memory 1215 MiB.
2026-10-02T17:41:15Z INFO [452/750] 250ca0c2-827c-46e7-9e1a-d456dcaae4e2: 117 datasets; 0.8 s; peak memory 1215 MiB.
2026-10-02T17:41:26Z INFO [453/750] 250cbacd-1ac6-4c09-ab9d-4b4ac83bab63: 41 datasets; 10.9 s; peak memory 1215 MiB.
2026-10-02T17:41:26Z INFO [454/750] 250cc30e-1b50-401c-96a5-dc9b0245be58: 49 datasets; 0.6 s; peak memory 1215 MiB.
2026-10-02T17:41:27Z INFO [455/750] 250e41fb-5694-4a80-999a-4b05df58fb8a: 117 datasets; 0.7 s; peak memory 1215 MiB.
2026-10-02T17:41:28Z INFO [456/750] 250e46ba-2050-400e-8240-81766be9a54d: 48 datasets; 0.9 s; peak memory 1215 MiB.
2026-10-02T17:41:29Z INFO [457/750] 25101174-355e-4c52-b070-be3133b66ed2: 303 datasets; 0.9 s; peak memory 1215 MiB.
2026-10-02T17:41:47Z INFO [458/750] 251024e1-b7d3-4865-ae4a-bde60ccdf3e2: 48 datasets; 18.4 s; peak memory 1215 MiB.
2026-10-02T17:41:48Z INFO [459/750] 251072e4-1919-4536-b214-bc77b1778aae: 261 datasets; 0.8 s; peak memory 1215 MiB.
2026-10-02T17:41:48Z INFO [460/750] 25111b7b-e13b-4ecb-b073-8fc6dac27f18: 56 datasets; 0.5 s; peak memory 1215 MiB.
2026-10-02T17:41:49Z INFO [461/750] 25118583-985d-4177-980f-43a574c3f471: 45 datasets; 0.7 s; peak memory 1215 MiB.
2026-10-02T17:41:55Z INFO [462/750] 251269c9-45fd-4c2a-a488-cbe94fe2cf86: 827 datasets; 6.2 s; peak memory 1215 MiB.
2026-10-02T17:41:56Z INFO [463/750] 2512c616-098d-4631-a6c2-c70147d85145: 55 datasets; 0.4 s; peak memory 1215 MiB.
2026-10-02T17:41:56Z INFO [464/750] 2512fe41-c5c0-40a2-b18d-3457cb0d6efc: 38 datasets; 0.5 s; peak memory 1215 MiB.
2026-10-02T17:41:57Z INFO [465/750] 25140c0c-6fa4-4f81-8fd2-7f7ed4da9908: 50 datasets; 0.6 s; peak memory 1215 MiB.
2026-10-02T17:41:57Z INFO [466/750] 251493d8-5a82-4344-a4a8-1575d005e86d: 48 datasets; 0.6 s; peak memory 1215 MiB.
2026-10-02T17:41:58Z INFO [467/750] 2514a86c-9c9b-473e-a61f-aa2f1792a00c: 112 datasets; 0.8 s; peak memory 1215 MiB.
2026-10-02T17:42:00Z INFO [468/750] 2514bd12-6240-4d2f-9e74-cd5ec7fa30e1: 90 datasets; 1.5 s; peak memory 1215 MiB.
2026-10-02T17:43:15Z INFO [469/750] 2514bf40-85fb-45b6-a964-611e0058e180: 62 datasets; 75.0 s; peak memory 1215 MiB.
2026-10-02T17:43:15Z INFO [470/750] 25164896-fc65-408d-a54a-814b98498013: 46 datasets; 0.6 s; peak memory 1215 MiB.
2026-10-02T17:43:16Z INFO [471/750] 25172e1f-97b9-438d-b315-3baf8aac46cd: 112 datasets; 0.8 s; peak memory 1215 MiB.
2026-10-02T17:43:17Z INFO [472/750] 2517f293-3daf-47ef-8b47-aeb4ef465828: 46 datasets; 0.9 s; peak memory 1215 MiB.
2026-10-02T17:43:18Z INFO [473/750] 2517f693-b3ad-4a72-943e-c2abf0026a45: 48 datasets; 0.7 s; peak memory 1215 MiB.
2026-10-02T17:43:18Z INFO [474/750] 25187360-9919-4cac-8423-ac267f56d0b1: 56 datasets; 0.3 s; peak memory 1215 MiB.
2026-10-02T17:43:20Z INFO [475/750] 2518f9ad-2487-463e-b431-2a8a83a5deef: 184 datasets; 2.2 s; peak memory 1215 MiB.
2026-10-02T17:43:21Z INFO [476/750] 2519361c-8b94-4855-8aa1-7022d75b91cd: 48 datasets; 0.7 s; peak memory 1215 MiB.
2026-10-02T17:43:22Z INFO [477/750] 2519dbcb-906c-432c-86a0-34765d944633: 117 datasets; 0.7 s; peak memory 1215 MiB.
2026-10-02T17:43:23Z INFO [478/750] 2519f273-f6a3-4cf3-b704-0ecf2c43aff8: 38 datasets; 1.4 s; peak memory 1215 MiB.
2026-10-02T17:43:24Z INFO [479/750] 251a0e98-f6a8-43b6-a98c-4cb528c7501f: 48 datasets; 0.7 s; peak memory 1215 MiB.
2026-10-02T17:43:24Z INFO [480/750] 251a6cc8-c2f3-4139-8324-b30790cda8ba: 39 datasets; 0.5 s; peak memory 1215 MiB.
2026-10-02T17:43:25Z INFO [481/750] 251ae991-5dbc-4961-a42b-bebbc3a19e8c: 48 datasets; 0.6 s; peak memory 1215 MiB.
2026-10-02T17:43:26Z INFO [482/750] 251bdd74-8049-441e-a1cf-e75640f3c0eb: 62 datasets; 0.8 s; peak memory 1215 MiB.
2026-10-02T17:43:29Z INFO [483/750] 251c704e-8ad2-45ed-b1a5-6f926b595452: 547 datasets; 3.1 s; peak memory 1215 MiB.
2026-10-02T17:43:29Z INFO [484/750] 251d01d7-2005-4804-9963-33f60274ab59: 57 datasets; 0.4 s; peak memory 1215 MiB.
2026-10-02T17:43:30Z INFO [485/750] 251d36e0-68d3-4be1-9293-1558b640784d: 112 datasets; 0.9 s; peak memory 1215 MiB.
2026-10-02T17:43:31Z INFO [486/750] 251db417-96a8-484c-a430-9044774e60d3: 48 datasets; 0.8 s; peak memory 1215 MiB.
2026-10-02T17:43:32Z INFO [487/750] 251de4db-3649-48be-b0f5-2d688b43e6c8: 118 datasets; 0.8 s; peak memory 1215 MiB.
2026-10-02T17:43:35Z INFO [488/750] 251e3e34-18c8-417a-9497-047e041d2ddb: 174 datasets; 3.0 s; peak memory 1215 MiB.
2026-10-02T17:43:35Z INFO [489/750] 251e4c89-81b9-4042-b0ad-77d8ee30e629: 112 datasets; 0.7 s; peak memory 1215 MiB.
2026-10-02T17:43:36Z INFO [490/750] 251f119b-14f5-438f-994a-5bef119e5122: 38 datasets; 0.6 s; peak memory 1215 MiB.
2026-10-02T17:43:37Z INFO [491/750] 251f7b2e-9179-433e-8c71-079a4ab87c97: 74 datasets; 0.9 s; peak memory 1215 MiB.
2026-10-02T17:43:37Z INFO [492/750] 251fcfa0-386d-43eb-95cc-33a9700d7f45: 62 datasets; 0.6 s; peak memory 1215 MiB.
2026-10-02T17:43:47Z INFO [493/750] 252032a9-4393-4130-bbcb-c0144a25083e: 1331 datasets; 9.8 s; peak memory 1215 MiB.
2026-10-02T17:43:48Z INFO [494/750] 25205d70-c8a2-4431-8a98-e7dac2e6b99a: 48 datasets; 0.8 s; peak memory 1215 MiB.
2026-10-02T17:43:49Z INFO [495/750] 2520649a-6305-4379-b26c-233f28e05105: 64 datasets; 0.7 s; peak memory 1215 MiB.
2026-10-02T17:43:49Z INFO [496/750] 25206dc3-c42b-4327-8e95-a4a0fa265358: 118 datasets; 0.7 s; peak memory 1215 MiB.
2026-10-02T17:43:50Z INFO [497/750] 252083f8-7878-4cdc-8bb0-66b64ff4c374: 37 datasets; 0.4 s; peak memory 1215 MiB.
2026-10-02T17:43:51Z INFO [498/750] 2520ecf1-09f2-4843-8fa6-4f1af7c0ca10: 69 datasets; 0.8 s; peak memory 1215 MiB.
2026-10-02T17:43:51Z INFO [499/750] 2521fe46-e451-4313-ac51-7da14190b982: 46 datasets; 0.4 s; peak memory 1215 MiB.
2026-10-02T17:43:52Z INFO [500/750] 25223283-c726-4b94-bb2a-21f5ab9aedba: 48 datasets; 0.5 s; peak memory 1215 MiB.
2026-10-02T17:43:52Z INFO [500/750] 25223283-c726-4b94-bb2a-21f5ab9aedba: checkpointed 64836 records.
2026-10-02T17:44:01Z INFO [501/750] 252275a9-0fbb-4c85-9a5c-3c4c47c7c394: 1192 datasets; 9.1 s; peak memory 1215 MiB.
2026-10-02T17:44:02Z INFO [502/750] 2523313a-6282-4dd1-ad8d-0b5977bf3b25: 46 datasets; 0.9 s; peak memory 1215 MiB.
2026-10-02T17:44:03Z INFO [503/750] 2523ec21-7698-4136-adb1-350da972a48c: 112 datasets; 0.8 s; peak memory 1215 MiB.
2026-10-02T17:44:08Z INFO [504/750] 25242d9b-951c-4c19-82ab-78e24a731407: 813 datasets; 5.0 s; peak memory 1215 MiB.
2026-10-02T17:44:08Z INFO [505/750] 252448ec-1df2-4c38-a304-2820933fb30a: 289 datasets; 0.8 s; peak memory 1215 MiB.
2026-10-02T17:44:15Z INFO [506/750] 2525261a-5de4-4408-bd17-f3c93b0f09c7: 742 datasets; 6.3 s; peak memory 1215 MiB.
2026-10-02T17:44:21Z INFO [507/750] 252530e5-ee50-4b8a-a70e-033ed6aba2d4: 4993 datasets; 6.6 s; peak memory 1215 MiB.
2026-10-02T17:44:22Z INFO [508/750] 25255897-9f6a-464a-ae98-16df9a081e50: 48 datasets; 0.8 s; peak memory 1215 MiB.
2026-10-02T17:44:23Z INFO [509/750] 2525a919-4d7e-4de5-9126-1f4801f6c808: 42 datasets; 0.6 s; peak memory 1215 MiB.
2026-10-02T17:44:23Z INFO [510/750] 2526dc41-06f0-4e66-8099-3c8be99d5b1d: 46 datasets; 0.4 s; peak memory 1215 MiB.
2026-10-02T17:44:24Z INFO [511/750] 25279643-aaa9-4a1d-afa1-84a2ed599d1f: 289 datasets; 0.7 s; peak memory 1215 MiB.
2026-10-02T17:44:25Z INFO [512/750] 25280305-f981-4d92-ab90-bbfc746859b3: 109 datasets; 0.6 s; peak memory 1215 MiB.
2026-10-02T17:44:25Z INFO [513/750] 252839de-1305-406d-b6f2-cc5df22ae2df: 117 datasets; 0.7 s; peak memory 1215 MiB.
2026-10-02T17:44:29Z INFO [514/750] 25291aaf-52de-410e-bb6c-40c571eb2d2e: 208 datasets; 4.0 s; peak memory 1215 MiB.
2026-10-02T17:44:30Z INFO [515/750] 25294e22-8996-4f5c-bd9c-7d460aad7c89: 66 datasets; 0.9 s; peak memory 1215 MiB.
2026-10-02T17:44:32Z INFO [516/750] 25296bbf-1c23-4def-932b-1bd1faa54c0a: 117 datasets; 1.5 s; peak memory 1215 MiB.
2026-10-02T17:44:42Z INFO [517/750] 252a1abe-1a2c-4131-9bb4-2ac1621a7603: 50 datasets; 10.8 s; peak memory 1215 MiB.
2026-10-02T17:44:43Z INFO [518/750] 252acb44-b0bd-4839-a6de-4a7a687639dd: 117 datasets; 0.6 s; peak memory 1215 MiB.
2026-10-02T17:44:44Z INFO [519/750] 252be741-ab5d-4f91-92fe-712d2cc90caa: 116 datasets; 0.8 s; peak memory 1215 MiB.
2026-10-02T17:44:46Z INFO [520/750] 252c98e7-8408-47b0-89c2-2ab9396449e8: 114 datasets; 1.6 s; peak memory 1215 MiB.
2026-10-02T17:44:49Z INFO [521/750] 252ddea2-004f-4846-812b-69fef4cf7ade: 480 datasets; 3.4 s; peak memory 1215 MiB.
2026-10-02T17:44:50Z INFO [522/750] 252de2ee-272e-41e2-b9f2-5c8da2b4afc3: 48 datasets; 0.7 s; peak memory 1215 MiB.
2026-10-02T17:44:54Z INFO [523/750] 252f5948-2189-441a-9c42-f881cd383d8c: 339 datasets; 4.7 s; peak memory 1215 MiB.
2026-10-02T17:44:55Z INFO [524/750] 252ffaa6-a930-4346-9403-9f50d4a922d2: 48 datasets; 0.8 s; peak memory 1215 MiB.
2026-10-02T17:44:56Z INFO [525/750] 25300e28-b481-4d70-9225-36b84d93a227: 48 datasets; 0.6 s; peak memory 1215 MiB.
2026-10-02T17:44:57Z INFO [526/750] 2530c99b-a218-4e0f-8ebf-b5e0f61e50f6: 66 datasets; 0.9 s; peak memory 1215 MiB.
2026-10-02T17:44:58Z INFO [527/750] 25313063-de64-4b06-a9a0-72917a5e074f: 94 datasets; 1.3 s; peak memory 1215 MiB.
2026-10-02T17:45:01Z INFO [528/750] 2531b717-654f-47cc-8426-6d0e1b77b8db: 440 datasets; 2.9 s; peak memory 1215 MiB.
2026-10-02T17:45:02Z INFO [529/750] 2531bd32-d78f-48c3-aff8-f15d1d9f17c2: 111 datasets; 1.0 s; peak memory 1215 MiB.
2026-10-02T17:45:02Z INFO [530/750] 25325df2-ce83-4cbe-982c-28e4d0857bcf: 35 datasets; 0.4 s; peak memory 1215 MiB.
2026-10-02T17:45:03Z INFO [531/750] 2532aabc-83dc-4438-90e9-c0445b2b8ae3: 112 datasets; 0.9 s; peak memory 1215 MiB.
2026-10-02T17:45:04Z INFO [532/750] 25332af4-3198-493c-b520-7941e5ce5668: 46 datasets; 0.4 s; peak memory 1215 MiB.
2026-10-02T17:45:05Z INFO [533/750] 25336ea2-a71b-405c-aab1-f5ae983a9eed: 49 datasets; 1.0 s; peak memory 1215 MiB.
2026-10-02T17:45:05Z INFO [534/750] 2533c3af-034a-4fe2-a131-338855b4610e: 42 datasets; 0.7 s; peak memory 1215 MiB.
2026-10-02T17:45:06Z INFO [535/750] 2535cfe5-0890-4660-ad52-8e6cf169686f: 118 datasets; 0.7 s; peak memory 1215 MiB.
2026-10-02T17:45:06Z INFO [536/750] 2535d949-cbf9-430c-8c75-0252f5082fa1: 58 datasets; 0.5 s; peak memory 1215 MiB.
2026-10-02T17:45:10Z INFO [537/750] 2535eb4d-d47d-4706-bf8e-f65caa4aaf81: 208 datasets; 3.4 s; peak memory 1215 MiB.
2026-10-02T17:45:17Z INFO [538/750] 253657d4-58b0-49b1-805e-5604d4032eee: 945 datasets; 6.9 s; peak memory 1215 MiB.
2026-10-02T17:45:18Z INFO [539/750] 253686f2-c626-4bf9-9b9b-ec736d98c94b: 303 datasets; 0.9 s; peak memory 1215 MiB.
2026-10-02T17:45:19Z INFO [540/750] 2536dd5c-1b7d-4ac3-86cf-445bdbf6445b: 48 datasets; 0.8 s; peak memory 1215 MiB.
2026-10-02T17:45:19Z INFO [541/750] 25370ec6-1904-46f6-8f63-3d0d8df9a659: 42 datasets; 0.7 s; peak memory 1215 MiB.
2026-10-02T17:45:21Z INFO [542/750] 25387641-e710-4172-8ac7-86c4102bca37: 115 datasets; 1.8 s; peak memory 1215 MiB.
2026-10-02T17:45:22Z INFO [543/750] 25397246-a7c0-48a8-9b01-77ade50f9961: 50 datasets; 0.6 s; peak memory 1215 MiB.
2026-10-02T17:56:22Z INFO [544/750] 2539c107-4f11-496f-b6f7-d954737137ff: 99 datasets; 660.7 s; peak memory 1215 MiB.
2026-10-02T17:56:24Z INFO [545/750] 2539c964-d6cc-448c-892c-dd70e381de2a: 84 datasets; 1.9 s; peak memory 1215 MiB.
2026-10-02T17:56:25Z INFO [546/750] 2539cadd-53b8-4481-ba6d-dbea59361a82: 118 datasets; 0.7 s; peak memory 1215 MiB.
2026-10-02T17:56:26Z INFO [547/750] 2539f05f-d349-43c9-83ea-2f2eb9978c12: 117 datasets; 0.8 s; peak memory 1215 MiB.
2026-10-02T17:56:29Z INFO [548/750] 253af908-a49a-469f-82dc-5bcf9515e093: 231 datasets; 3.2 s; peak memory 1215 MiB.
2026-10-02T17:56:29Z INFO [549/750] 253b2feb-f9b7-4eae-b257-dd87c9da9ed5: 70 datasets; 0.5 s; peak memory 1215 MiB.
2026-10-02T17:56:30Z INFO [550/750] 253b6f0c-0876-470f-a1a1-253132f57055: 48 datasets; 0.7 s; peak memory 1215 MiB.
2026-10-02T17:56:30Z INFO [550/750] 253b6f0c-0876-470f-a1a1-253132f57055: checkpointed 64886 records.
2026-10-02T17:56:31Z INFO [551/750] 253c8fa2-655b-42ec-a365-dc9e4995469a: 112 datasets; 0.9 s; peak memory 1215 MiB.
2026-10-02T17:56:32Z INFO [552/750] 253cd2b8-d8d3-41d8-80af-21d72bbb9775: 117 datasets; 0.8 s; peak memory 1215 MiB.
2026-10-02T17:56:32Z INFO [553/750] 253d5e02-d414-4ca2-b39f-9f158508018f: 33 datasets; 0.3 s; peak memory 1215 MiB.
2026-10-02T17:56:33Z INFO [554/750] 253dd247-6216-4a06-bd31-f8aff54cbd04: 112 datasets; 0.6 s; peak memory 1215 MiB.
2026-10-02T17:56:33Z INFO [555/750] 253de891-9489-491f-b5a3-5988a5d25da5: 48 datasets; 0.6 s; peak memory 1215 MiB.
2026-10-02T17:56:34Z INFO [556/750] 253dfcff-9a8b-4625-886f-e1ef93d53d3f: 112 datasets; 0.8 s; peak memory 1215 MiB.
2026-10-02T17:56:35Z INFO [557/750] 253ed8b6-6304-4f51-8aa8-538d212d0fbe: 68 datasets; 0.6 s; peak memory 1215 MiB.
2026-10-02T17:56:35Z INFO [558/750] 25406642-31c6-4e13-8253-8c1587ccfe59: 48 datasets; 0.7 s; peak memory 1215 MiB.
2026-10-02T17:56:36Z INFO [559/750] 25408b18-3867-4e1b-81a2-623797590698: 75 datasets; 1.0 s; peak memory 1215 MiB.
2026-10-02T17:56:37Z INFO [560/750] 25409951-63b1-4623-8bdc-1542fbe2f958: 48 datasets; 0.7 s; peak memory 1215 MiB.
2026-10-02T17:56:38Z INFO [561/750] 2540ace9-d645-4adc-bdd4-1d357ad738f5: 112 datasets; 0.8 s; peak memory 1215 MiB.
2026-10-02T17:56:39Z INFO [562/750] 2541742d-1043-4fc2-b74c-28c94d045f84: 48 datasets; 0.7 s; peak memory 1215 MiB.
2026-10-02T17:56:39Z INFO [563/750] 2541a2d0-bbb5-413c-b046-8f8b51110616: 37 datasets; 0.4 s; peak memory 1215 MiB.
2026-10-02T17:56:40Z INFO [564/750] 2541e2f2-bbc1-4211-b951-34ca3f48eef3: 48 datasets; 0.7 s; peak memory 1215 MiB.
2026-10-02T17:56:40Z INFO [565/750] 254337f7-0a16-4daa-8225-a8309d745747: 48 datasets; 0.7 s; peak memory 1215 MiB.
2026-10-02T17:56:41Z INFO [566/750] 25435e16-d7f6-4f2a-8578-ab0c78d013dd: 46 datasets; 0.4 s; peak memory 1215 MiB.
2026-10-02T17:56:42Z INFO [567/750] 2543abec-f0f9-42fe-b261-2f6c13d86be7: 118 datasets; 0.8 s; peak memory 1215 MiB.
2026-10-02T17:56:42Z INFO [568/750] 254410c7-d598-4014-a00b-e6af5031c676: 112 datasets; 0.7 s; peak memory 1215 MiB.
2026-10-02T17:56:43Z INFO [569/750] 254575cb-911f-4995-a49a-fef0e982a3c5: 57 datasets; 0.3 s; peak memory 1215 MiB.
2026-10-02T17:56:52Z INFO [570/750] 2545a4a1-4edf-4dc2-9947-52aef78ed829: 428 datasets; 9.7 s; peak memory 1215 MiB.
2026-10-02T17:56:53Z INFO [571/750] 2545c837-5f1c-4ea2-9451-bec2a69b4d18: 116 datasets; 0.7 s; peak memory 1215 MiB.
2026-10-02T17:57:01Z INFO [572/750] 2545e2d7-6fb2-4ece-ae64-57de27dd345b: 779 datasets; 8.0 s; peak memory 1215 MiB.
2026-10-02T17:57:02Z INFO [573/750] 254643cc-1a11-4a7a-ba46-a446d1d2584e: 133 datasets; 1.3 s; peak memory 1215 MiB.
2026-10-02T17:57:10Z INFO [574/750] 25471c0a-93c3-425e-90a5-2dc1098a7a37: 790 datasets; 7.5 s; peak memory 1215 MiB.
2026-10-02T17:57:10Z INFO [575/750] 25495c8e-2268-4738-a062-d326417e650c: 112 datasets; 0.6 s; peak memory 1215 MiB.
2026-10-02T17:57:11Z INFO [576/750] 254962e9-ebfa-4a21-8a38-1cd70c4a92c6: 112 datasets; 0.8 s; peak memory 1215 MiB.
2026-10-02T17:57:12Z INFO [577/750] 2549704f-eb8b-4903-8f0e-efe6c8ee8d13: 111 datasets; 0.6 s; peak memory 1215 MiB.
2026-10-02T17:57:13Z INFO [578/750] 254ae16f-cced-47d3-96a4-4610e2451d8e: 64 datasets; 0.9 s; peak memory 1215 MiB.
2026-10-02T17:57:13Z INFO [579/750] 254b60b7-a755-4641-8aa4-634801a8820c: 52 datasets; 0.7 s; peak memory 1215 MiB.
2026-10-02T17:57:15Z INFO [580/750] 254be5db-2093-4d7d-adc7-d945c66cedcc: 49 datasets; 1.3 s; peak memory 1215 MiB.
2026-10-02T17:57:15Z INFO [581/750] 254dffa6-74dd-4816-9bec-cf5460c7f906: 112 datasets; 0.8 s; peak memory 1215 MiB.
2026-10-02T17:57:16Z INFO [582/750] 254e9963-f255-4a02-86d1-f35a9e9be021: 50 datasets; 0.8 s; peak memory 1215 MiB.
2026-10-02T17:57:17Z INFO [583/750] 254ea0e3-cee8-4254-ac69-a660a8ad5ac2: 117 datasets; 0.7 s; peak memory 1215 MiB.
2026-10-02T17:57:19Z INFO [584/750] 254ef370-ba10-448d-ac7f-ffcace1466db: 321 datasets; 1.8 s; peak memory 1215 MiB.
2026-10-02T17:57:19Z INFO [585/750] 254f34cf-d827-413d-83dc-33bde8a9cd8c: 48 datasets; 0.6 s; peak memory 1215 MiB.
2026-10-02T17:57:24Z INFO [586/750] 254f3ad1-414a-4ba9-a383-45ecebed327f: 801 datasets; 4.8 s; peak memory 1215 MiB.
2026-10-02T17:57:25Z INFO [587/750] 254f7329-b58e-43e2-bb1f-e3089ad70028: 112 datasets; 0.7 s; peak memory 1215 MiB.
2026-10-02T17:57:27Z INFO [588/750] 254f8b3e-0566-4b4d-abc6-6e7370589b9e: 301 datasets; 2.1 s; peak memory 1215 MiB.
2026-10-02T17:57:28Z INFO [589/750] 255026ff-0d1c-4fce-833c-00d78db146e6: 110 datasets; 0.9 s; peak memory 1215 MiB.
2026-10-02T17:57:28Z INFO [590/750] 255147a9-75be-4f1f-bcd6-6e5d793e4781: 117 datasets; 0.6 s; peak memory 1215 MiB.
2026-10-02T17:57:31Z INFO [591/750] 25517ed5-6389-40d2-b726-82eaf496f213: 38 datasets; 2.4 s; peak memory 1215 MiB.
2026-10-02T17:57:31Z INFO [592/750] 255188af-a599-4aff-9ddc-21ddc1c3d1a6: 46 datasets; 0.4 s; peak memory 1215 MiB.
2026-10-02T17:58:09Z INFO [593/750] 25520678-8c57-4a43-938f-b5128debcafb: 55 datasets; 38.0 s; peak memory 1215 MiB.
2026-10-02T17:58:10Z INFO [594/750] 25522488-1030-41b5-9f82-78e162b0156b: 48 datasets; 0.8 s; peak memory 1215 MiB.
2026-10-02T17:58:10Z INFO [595/750] 255272a8-ecc3-4bfc-8b1f-d8e938a976e0: 46 datasets; 0.4 s; peak memory 1215 MiB.
2026-10-02T17:58:11Z INFO [596/750] 2553fffc-a352-412d-bf3c-5ad4d5de561a: 48 datasets; 0.7 s; peak memory 1215 MiB.
2026-10-02T17:58:12Z INFO [597/750] 255483db-e7af-4a10-a994-02e36cb5548e: 118 datasets; 0.6 s; peak memory 1215 MiB.
2026-10-02T17:58:12Z INFO [598/750] 2554fa4d-fa08-48ff-89f7-c441eefc751b: 49 datasets; 0.7 s; peak memory 1215 MiB.
2026-10-02T17:58:13Z INFO [599/750] 25552553-cddc-481f-ab72-2b0e54d87207: 112 datasets; 0.9 s; peak memory 1215 MiB.
2026-10-02T17:58:14Z INFO [600/750] 2555376a-e90a-4d6d-bbe7-3dff01076836: 57 datasets; 0.4 s; peak memory 1215 MiB.
2026-10-02T17:58:14Z INFO [600/750] 2555376a-e90a-4d6d-bbe7-3dff01076836: checkpointed 64936 records.
2026-10-02T17:58:15Z INFO [601/750] 2556bde7-1088-41fe-93dd-cbfcaa41368e: 114 datasets; 1.6 s; peak memory 1215 MiB.
2026-10-02T17:58:16Z INFO [602/750] 25575ae0-b3e9-4bb7-89ac-e764732c085e: 112 datasets; 1.1 s; peak memory 1215 MiB.
2026-10-02T17:58:17Z INFO [603/750] 2559197a-83c3-4e1b-b445-eab7955d4b97: 48 datasets; 0.6 s; peak memory 1215 MiB.
2026-10-02T17:58:18Z INFO [604/750] 25596353-0baa-45f5-bb3e-afea71ebcd01: 48 datasets; 0.7 s; peak memory 1215 MiB.
2026-10-02T17:58:18Z INFO [605/750] 255a1e7f-176c-411a-ab98-fa576ae98ca9: 74 datasets; 0.6 s; peak memory 1215 MiB.
2026-10-02T17:58:19Z INFO [606/750] 255b8a26-197d-4363-bb61-19675dc27632: 56 datasets; 0.3 s; peak memory 1215 MiB.
2026-10-02T17:58:19Z INFO [607/750] 255c364e-5373-45ef-8dcc-3215852f7ab4: 112 datasets; 0.5 s; peak memory 1215 MiB.
2026-10-02T17:58:24Z INFO [608/750] 255c3763-d84b-4d5e-80d2-c54e20526798: 49 datasets; 5.0 s; peak memory 1215 MiB.
2026-10-02T18:03:59Z INFO [609/750] 255daa79-7ecb-4f95-a936-9a6806b3f741: 99 datasets; 335.3 s; peak memory 1215 MiB.
2026-10-02T18:04:03Z INFO [610/750] 255e581d-6737-4b01-a58d-61bedcf204e6: 238 datasets; 3.5 s; peak memory 1215 MiB.
2026-10-02T18:04:04Z INFO [611/750] 255e6ee5-ea54-4cde-8c20-72645f4ed075: 112 datasets; 0.6 s; peak memory 1215 MiB.
2026-10-02T18:04:04Z INFO [612/750] 255f4894-f144-4108-bcbb-87d88442c76f: 117 datasets; 0.6 s; peak memory 1215 MiB.
2026-10-02T18:04:05Z INFO [613/750] 25604d36-714c-40db-a802-b208adf2a2d2: 48 datasets; 0.6 s; peak memory 1215 MiB.
2026-10-02T18:04:06Z INFO [614/750] 2560e27c-ad6b-4306-bbd9-cf23f5d963bc: 62 datasets; 1.3 s; peak memory 1215 MiB.
2026-10-02T18:04:07Z INFO [615/750] 25614ced-6712-48ce-9735-a663c7b15825: 48 datasets; 0.7 s; peak memory 1215 MiB.
2026-10-02T18:04:07Z INFO [616/750] 25621d21-22ed-47df-ad0c-f1bdfbbc290a: 48 datasets; 0.7 s; peak memory 1215 MiB.
2026-10-02T18:04:11Z INFO [617/750] 25622743-b98a-4456-88c4-c569566bd938: 229 datasets; 3.2 s; peak memory 1215 MiB.
2026-10-02T18:04:12Z INFO [618/750] 25630554-b7e1-4159-83d8-062adf63e0f4: 48 datasets; 0.9 s; peak memory 1215 MiB.
2026-10-02T18:04:13Z INFO [619/750] 25634125-e02e-4ab6-98e3-a1c2d2966360: 52 datasets; 1.4 s; peak memory 1215 MiB.
2026-10-02T18:04:14Z INFO [620/750] 256358ec-ebab-41b6-8736-b3acd184a013: 123 datasets; 1.3 s; peak memory 1215 MiB.
2026-10-02T18:04:16Z INFO [621/750] 2564a46c-e23b-4119-bf5c-7ed85d173af8: 71 datasets; 1.7 s; peak memory 1215 MiB.
2026-10-02T18:04:16Z INFO [622/750] 2564c929-9834-4e2e-9cd1-aa65a58c23d5: 35 datasets; 0.3 s; peak memory 1215 MiB.
2026-10-02T18:04:17Z INFO [623/750] 2565b451-cea1-4f55-a570-b388f45198cf: 121 datasets; 1.2 s; peak memory 1215 MiB.
2026-10-02T18:04:34Z INFO [624/750] 256661be-c6bd-4f05-b010-8dae342bd3a9: 940 datasets; 16.6 s; peak memory 1215 MiB.
2026-10-02T18:04:38Z INFO [625/750] 25675176-9c10-4fa6-aa0c-0d05035dc3f0: 119 datasets; 4.3 s; peak memory 1215 MiB.
2026-10-02T18:04:39Z INFO [626/750] 2567b566-1925-468c-8bb2-71adf6a5de41: 110 datasets; 0.8 s; peak memory 1215 MiB.
2026-10-02T18:04:40Z INFO [627/750] 2567dff3-9e0a-41b6-8a9b-6a4ebded2631: 112 datasets; 0.6 s; peak memory 1215 MiB.
2026-10-02T18:04:43Z INFO [628/750] 2567fa48-0b91-4641-8df6-22b160fecfc0: 538 datasets; 2.9 s; peak memory 1215 MiB.
2026-10-02T18:04:43Z INFO [629/750] 25690f85-a921-4d64-8bfa-62dc1862c01b: 116 datasets; 0.7 s; peak memory 1215 MiB.
2026-10-02T18:04:44Z INFO [630/750] 25695ce2-6c49-4c87-970c-449d3583caa4: 48 datasets; 0.8 s; peak memory 1215 MiB.
2026-10-02T18:04:46Z INFO [631/750] 256a00f5-bd56-4b5e-aeef-a9f4cfdb8cb6: 71 datasets; 1.7 s; peak memory 1215 MiB.
2026-10-02T18:04:47Z INFO [632/750] 256ca5d5-9c2d-45ee-986c-471f4f7f1965: 117 datasets; 0.9 s; peak memory 1215 MiB.
2026-10-02T18:04:48Z INFO [633/750] 256ce708-3b1d-499a-ae4a-3f7d51db289f: 48 datasets; 0.9 s; peak memory 1215 MiB.
2026-10-02T18:04:48Z INFO [634/750] 256dd79c-f595-49d6-a6ea-ddc8de0f6b5d: 48 datasets; 0.8 s; peak memory 1215 MiB.
2026-10-02T18:04:49Z INFO [635/750] 256e4f57-d694-4ea0-bae6-27cc7202dc99: 112 datasets; 0.6 s; peak memory 1215 MiB.
2026-10-02T18:06:58Z INFO [636/750] 256e8b53-ed16-49ee-909d-4b8b477ee877: 241 datasets; 129.5 s; peak memory 1215 MiB.
2026-10-02T18:06:59Z INFO [637/750] 256f5ada-2668-4c8f-9846-0d0e36f3070f: 50 datasets; 0.4 s; peak memory 1215 MiB.
2026-10-02T18:07:05Z INFO [638/750] 256f9459-202f-4d92-9de2-867bb60690cb: 850 datasets; 6.0 s; peak memory 1215 MiB.
2026-10-02T18:07:13Z INFO [639/750] 256fc3af-16f0-4860-9bf1-eefc74ac43f5: 830 datasets; 8.2 s; peak memory 1215 MiB.
2026-10-02T18:36:09Z INFO [640/750] 2570ebcf-425a-4593-ae71-e580aadbea77: 252 datasets; 1735.9 s; peak memory 1215 MiB.
2026-10-02T18:36:10Z INFO [641/750] 25726d4f-9f33-4518-8306-1f211b984054: 52 datasets; 0.7 s; peak memory 1215 MiB.
2026-10-02T18:36:11Z INFO [642/750] 25729e80-675a-4a2e-beb2-8ef844e21809: 84 datasets; 0.8 s; peak memory 1215 MiB.
2026-10-02T18:36:11Z INFO [643/750] 257394c3-5f9c-4b16-bc6e-20a1e0af09b0: 48 datasets; 0.6 s; peak memory 1215 MiB.
2026-10-02T18:40:01Z INFO [644/750] 25747750-62de-4385-afc1-c86c2dd9318a: 436 datasets; 230.1 s; peak memory 1215 MiB.
2026-10-02T18:40:02Z INFO [645/750] 2575668a-e101-4b79-b484-83598a08a860: 48 datasets; 0.5 s; peak memory 1215 MiB.
2026-10-02T18:40:02Z INFO [646/750] 25782508-c2dc-4084-94b3-1b7eeaa967d5: 48 datasets; 0.6 s; peak memory 1215 MiB.
2026-10-02T18:40:03Z INFO [647/750] 25791431-30a2-40bd-9f20-e409840c329d: 66 datasets; 1.1 s; peak memory 1215 MiB.
2026-10-02T18:40:08Z INFO [648/750] 25793550-cf11-41f2-a553-d3925abea7b8: 200 datasets; 4.5 s; peak memory 1215 MiB.
2026-10-02T18:40:09Z INFO [649/750] 257a58b1-55b9-42f5-b06b-2dbe113bd537: 112 datasets; 0.7 s; peak memory 1215 MiB.
2026-10-02T18:40:10Z INFO [650/750] 257b36a9-d8de-4196-ac02-645c4eb94801: 156 datasets; 1.6 s; peak memory 1215 MiB.
2026-10-02T18:40:10Z INFO [650/750] 257b36a9-d8de-4196-ac02-645c4eb94801: checkpointed 64986 records.
2026-10-02T18:40:11Z INFO [651/750] 257bd0e1-5994-482d-a5a8-7589d81f0efb: 112 datasets; 0.6 s; peak memory 1215 MiB.
2026-10-02T18:40:12Z INFO [652/750] 257d554b-4027-4be2-a349-066ada3d32a6: 101 datasets; 0.9 s; peak memory 1215 MiB.
2026-10-02T18:40:12Z INFO [653/750] 257d6e5d-3135-47f2-9f9e-34fddd0a383a: 48 datasets; 0.6 s; peak memory 1215 MiB.
2026-10-02T18:40:13Z INFO [654/750] 257dce32-fd4e-4a9c-bc93-f442def04396: 48 datasets; 0.6 s; peak memory 1215 MiB.
2026-10-02T18:40:14Z INFO [655/750] 257e47c1-3e7e-46b0-a11c-9861271aacd2: 49 datasets; 1.3 s; peak memory 1215 MiB.
2026-10-02T18:40:15Z INFO [656/750] 257eb343-ce1e-4e6a-b737-91bc44eb02f4: 48 datasets; 0.8 s; peak memory 1215 MiB.
2026-10-02T18:40:16Z INFO [657/750] 257ffeef-0d2d-4456-8247-e75dba264145: 46 datasets; 0.4 s; peak memory 1215 MiB.
2026-10-02T18:40:17Z INFO [658/750] 25805ff1-a1ea-414d-bd68-8a23d8b9ca90: 70 datasets; 1.6 s; peak memory 1215 MiB.
2026-10-02T18:40:18Z INFO [659/750] 25808165-8634-44fa-a267-83eb95a3e85d: 48 datasets; 0.5 s; peak memory 1215 MiB.
2026-10-02T18:40:19Z INFO [660/750] 25809532-b116-4efa-acba-f105c7ee6b1a: 66 datasets; 1.1 s; peak memory 1215 MiB.
2026-10-02T18:40:20Z INFO [661/750] 25810525-d9ee-4de4-9523-ebb30d82fad2: 123 datasets; 1.3 s; peak memory 1215 MiB.
2026-10-02T18:40:21Z INFO [662/750] 25813752-1e5e-4d55-8ad0-80fa0803c6b4: 48 datasets; 0.7 s; peak memory 1215 MiB.
2026-10-02T18:40:22Z INFO [663/750] 25817d36-604d-4e38-b67a-95dba564b7cb: 141 datasets; 1.4 s; peak memory 1215 MiB.
2026-10-02T18:40:29Z INFO [664/750] 25818be9-700b-4eb0-8457-33297618df65: 806 datasets; 6.7 s; peak memory 1215 MiB.
2026-10-02T18:40:30Z INFO [665/750] 2581b458-f1a2-4ea8-9e83-b9dfa07947d2: 118 datasets; 0.8 s; peak memory 1215 MiB.
2026-10-02T18:40:39Z INFO [666/750] 2581d0e0-85bb-4995-b03a-d51af329f8b5: 44 datasets; 9.8 s; peak memory 1215 MiB.
2026-10-02T18:40:40Z INFO [667/750] 258272e4-0894-4d64-bf30-cb2aa8e72dbb: 54 datasets; 0.5 s; peak memory 1215 MiB.
2026-10-02T18:40:41Z INFO [668/750] 2582c9ea-ba9a-49a4-8253-ae6b8474c2cd: 48 datasets; 0.7 s; peak memory 1215 MiB.
2026-10-02T18:40:41Z INFO [669/750] 2582cd85-ac49-4ace-83ef-938239dc572b: 117 datasets; 0.7 s; peak memory 1215 MiB.
2026-10-02T18:40:47Z INFO [670/750] 2583c850-bbcd-40ff-9862-fc050ffda447: 1056 datasets; 5.2 s; peak memory 1215 MiB.
2026-10-02T18:40:47Z INFO [671/750] 2583f4b0-ea22-48f3-9ff3-bef55745257a: 101 datasets; 1.0 s; peak memory 1215 MiB.
2026-10-02T18:40:48Z INFO [672/750] 2584e40f-b13a-4c46-b60e-749cb84814fa: 48 datasets; 0.6 s; peak memory 1215 MiB.
2026-10-02T18:40:49Z INFO [673/750] 25850b40-9f93-4dbc-9bba-ca94a644824b: 45 datasets; 0.5 s; peak memory 1215 MiB.
2026-10-02T18:40:52Z INFO [674/750] 2585c00e-c608-4134-b174-e5964319b75a: 225 datasets; 3.4 s; peak memory 1215 MiB.
2026-10-02T18:40:53Z INFO [675/750] 25862b7b-81ca-4ca8-9920-e95c88b1ca4c: 116 datasets; 0.7 s; peak memory 1215 MiB.
2026-10-02T18:40:55Z INFO [676/750] 2586e7a1-a380-42cf-b491-2118b49ffc21: 85 datasets; 2.0 s; peak memory 1215 MiB.
2026-10-02T18:40:55Z INFO [677/750] 25877486-7435-4638-8525-43f21389f0da: 48 datasets; 0.6 s; peak memory 1215 MiB.
2026-10-02T18:40:56Z INFO [678/750] 25878bb1-3827-46ed-b003-f7ab34c9c6ec: 118 datasets; 0.7 s; peak memory 1215 MiB.
2026-10-02T18:40:57Z INFO [679/750] 2587c56f-9a32-40bb-bc0d-97f79f83611f: 112 datasets; 1.0 s; peak memory 1215 MiB.
2026-10-02T18:41:03Z INFO [680/750] 2587cae2-6ab2-40f1-9e9d-c37a357b945a: 1164 datasets; 5.8 s; peak memory 1215 MiB.
2026-10-02T18:41:04Z INFO [681/750] 2587ec15-ecec-4196-8617-c0bf657b32f8: 112 datasets; 0.7 s; peak memory 1215 MiB.
2026-10-02T18:41:04Z INFO [682/750] 25883346-1804-4269-8eed-e74fa92811fa: 112 datasets; 0.8 s; peak memory 1215 MiB.
2026-10-02T18:41:05Z INFO [683/750] 25884964-78e9-4bd9-bac8-34e0d0262ba8: 116 datasets; 0.8 s; peak memory 1215 MiB.
2026-10-02T18:41:06Z INFO [684/750] 25886d9b-fd42-4f0b-a394-f524acb74b5a: 117 datasets; 0.8 s; peak memory 1215 MiB.
2026-10-02T18:41:09Z INFO [685/750] 25888034-2d27-4297-99fe-a36698385972: 420 datasets; 2.8 s; peak memory 1215 MiB.
2026-10-02T18:41:11Z INFO [686/750] 25888bbf-3d18-4bf1-9807-2c2f67928beb: 85 datasets; 1.8 s; peak memory 1215 MiB.
2026-10-02T18:41:11Z INFO [687/750] 2588aebb-81b0-4cc0-b0ee-08668652b17a: 49 datasets; 0.6 s; peak memory 1215 MiB.
2026-10-02T18:41:12Z INFO [688/750] 25892847-4e16-4992-b3fd-225ac8de3423: 48 datasets; 0.7 s; peak memory 1215 MiB.
2026-10-02T18:43:28Z INFO [689/750] 2589b7cd-f6fe-4d17-b410-8bb9c92e8053: 167 datasets; 136.1 s; peak memory 1215 MiB.
2026-10-02T18:43:29Z INFO [690/750] 258a3113-d6ab-4686-8896-48dc3ce724d1: 66 datasets; 1.4 s; peak memory 1215 MiB.
2026-10-02T18:43:30Z INFO [691/750] 258a6217-a024-441e-b467-828f26445655: 112 datasets; 0.8 s; peak memory 1215 MiB.
2026-10-02T18:43:31Z INFO [692/750] 258a72d3-6e79-4e22-b342-8ca382612562: 79 datasets; 0.7 s; peak memory 1215 MiB.
2026-10-02T18:43:32Z INFO [693/750] 258bbb37-a606-4b77-88e7-b29ada3a42f3: 48 datasets; 0.8 s; peak memory 1215 MiB.
2026-10-02T18:43:32Z INFO [694/750] 258be913-cea6-4168-8e1c-b0d983d402f5: 48 datasets; 0.6 s; peak memory 1215 MiB.
2026-10-02T18:43:33Z INFO [695/750] 258c162a-e41f-4472-8157-6f6f21aa6b9b: 66 datasets; 0.9 s; peak memory 1215 MiB.
2026-10-02T18:43:34Z INFO [696/750] 258d3c02-e721-4401-8453-01add36ed8d1: 121 datasets; 0.6 s; peak memory 1215 MiB.
2026-10-02T18:43:34Z INFO [697/750] 258dd141-5317-4a62-896b-46e2a6069fb3: 112 datasets; 0.8 s; peak memory 1215 MiB.
2026-10-02T18:49:05Z INFO [698/750] 258e1157-2c78-4ac3-9e8c-e017476832ec: 99 datasets; 330.4 s; peak memory 1260 MiB.
2026-10-02T18:49:06Z INFO [699/750] 258f14a4-3f12-4d6d-9ab4-35bc2c79587e: 76 datasets; 0.8 s; peak memory 1260 MiB.
2026-10-02T18:49:13Z INFO [700/750] 25927e76-aa6d-41cc-b2af-d61fe397d061: 49 datasets; 7.5 s; peak memory 1260 MiB.
2026-10-02T18:49:13Z INFO [700/750] 25927e76-aa6d-41cc-b2af-d61fe397d061: checkpointed 65036 records.
2026-10-02T18:49:14Z INFO [701/750] 25929771-cf60-4d84-b61f-9e94a1a4e393: 48 datasets; 0.7 s; peak memory 1260 MiB.
2026-10-02T18:49:15Z INFO [702/750] 25934a2b-e29c-4ee3-a0ed-2629a2c6eb8a: 116 datasets; 0.6 s; peak memory 1260 MiB.
2026-10-02T18:49:15Z INFO [703/750] 25941dfb-8958-4d9c-9406-cc8aa883adbe: 45 datasets; 0.7 s; peak memory 1260 MiB.
2026-10-02T18:49:16Z INFO [704/750] 259482ea-838c-492a-9bf6-9cf8c20936b5: 33 datasets; 0.4 s; peak memory 1260 MiB.
2026-10-02T18:49:17Z INFO [705/750] 259684a6-e044-4bce-b54d-126e8ed0a332: 115 datasets; 1.6 s; peak memory 1260 MiB.
2026-10-02T18:49:18Z INFO [706/750] 25976be7-42a9-48ce-bd0e-e9da40a978ef: 48 datasets; 0.6 s; peak memory 1260 MiB.
2026-10-02T18:49:20Z INFO [707/750] 25989fa3-5d85-4c53-b700-3fc0c1c8d326: 119 datasets; 1.7 s; peak memory 1260 MiB.
2026-10-02T18:49:20Z INFO [708/750] 25999597-5eb8-4171-a997-0bd53419df74: 112 datasets; 0.7 s; peak memory 1260 MiB.
2026-10-02T18:49:21Z INFO [709/750] 259b65d2-fb22-41e1-af2c-00bb48b019d5: 35 datasets; 0.4 s; peak memory 1260 MiB.
2026-10-02T18:49:21Z INFO [710/750] 259bd273-702f-4821-9db7-c7e0c7b4fbc6: 55 datasets; 0.6 s; peak memory 1260 MiB.
2026-10-02T18:49:26Z INFO [711/750] 259cb2b3-0b58-4a0f-9d3d-e97ffe139163: 838 datasets; 5.0 s; peak memory 1260 MiB.
2026-10-02T18:49:29Z INFO [712/750] 259cd674-8e34-4cdc-b182-a408fbffece6: 111 datasets; 2.6 s; peak memory 1260 MiB.
2026-10-02T18:49:30Z INFO [713/750] 259d7d38-1553-47a2-8a5c-e5830f6c5566: 46 datasets; 0.6 s; peak memory 1260 MiB.
2026-10-02T18:49:32Z INFO [714/750] 259f3dee-43e9-4294-a0b4-eb784037db74: 152 datasets; 1.9 s; peak memory 1260 MiB.
2026-10-02T18:49:33Z INFO [715/750] 25a03eb9-3b7b-4d29-b9aa-de9aa70e2997: 66 datasets; 1.1 s; peak memory 1260 MiB.
2026-10-02T18:49:34Z INFO [716/750] 25a0be0e-7d56-4e55-be5c-567daf9ce9b2: 156 datasets; 1.8 s; peak memory 1260 MiB.
2026-10-02T18:49:35Z INFO [717/750] 25a0cc47-6482-4a6f-bda2-9e7c7b82d097: 116 datasets; 0.7 s; peak memory 1260 MiB.
2026-10-02T18:49:36Z INFO [718/750] 25a1229e-48e3-4864-8c06-54aa9fdafcc7: 112 datasets; 0.9 s; peak memory 1260 MiB.
2026-10-02T18:49:37Z INFO [719/750] 25a1be49-9128-47eb-a6e0-e0e8cf9bfd23: 290 datasets; 0.7 s; peak memory 1260 MiB.
2026-10-02T18:49:39Z INFO [720/750] 25a1da35-ad5a-4a72-88ee-75839424dace: 84 datasets; 2.2 s; peak memory 1260 MiB.
2026-10-02T18:49:40Z INFO [721/750] 25a1e3dd-4619-458f-baea-623d826cae9a: 115 datasets; 1.7 s; peak memory 1260 MiB.
2026-10-02T18:49:41Z INFO [722/750] 25a27935-0cbc-4dc8-abb1-add6ebf6c095: 69 datasets; 1.0 s; peak memory 1260 MiB.
2026-10-02T18:49:42Z INFO [723/750] 25a3c0e8-abac-48f2-b764-e4f2c6c274f4: 31 datasets; 0.4 s; peak memory 1260 MiB.
2026-10-02T18:49:42Z INFO [724/750] 25a4c412-64bb-4243-baf9-505824acb0ff: 45 datasets; 0.6 s; peak memory 1260 MiB.
2026-10-02T18:49:43Z INFO [725/750] 25a5aa57-810a-4551-810d-6791654a14fb: 48 datasets; 0.6 s; peak memory 1260 MiB.
2026-10-02T18:49:44Z INFO [726/750] 25a5bdb2-0641-4afe-b79b-c704b6363b13: 38 datasets; 0.6 s; peak memory 1260 MiB.
2026-10-02T18:51:45Z INFO [727/750] 25a6bccb-6a81-4c5e-aa8f-8efee43b0dd4: 433 datasets; 121.2 s; peak memory 1260 MiB.
2026-10-02T18:51:46Z INFO [728/750] 25a771f5-fa17-457f-9c03-f8c00b784a28: 112 datasets; 0.8 s; peak memory 1260 MiB.
2026-10-02T18:51:50Z INFO [729/750] 25a7dad7-a418-45bd-b7aa-68b3822ef8b0: 196 datasets; 4.7 s; peak memory 1260 MiB.
2026-10-02T18:51:51Z INFO [730/750] 25a8461a-7698-41e7-918d-eecba48d9305: 62 datasets; 1.0 s; peak memory 1260 MiB.
2026-10-02T18:51:53Z INFO [731/750] 25a8ae0b-d99c-433f-b7be-c2977d2b3689: 115 datasets; 1.7 s; peak memory 1260 MiB.
2026-10-02T18:51:54Z INFO [732/750] 25a94cc8-46ef-4f1d-a430-ac89492426e9: 38 datasets; 0.6 s; peak memory 1260 MiB.
2026-10-02T18:51:54Z INFO [733/750] 25a973ce-4515-43ed-a801-a6f6f38ed03e: 48 datasets; 0.6 s; peak memory 1260 MiB.
2026-10-02T18:51:55Z INFO [734/750] 25a9b776-cde8-4ab1-9d6c-463b683c35c8: 78 datasets; 1.0 s; peak memory 1260 MiB.
2026-10-02T18:51:56Z INFO [735/750] 25aa22de-ef3f-4c74-98de-1718eab97c37: 117 datasets; 0.7 s; peak memory 1260 MiB.
2026-10-02T18:51:57Z INFO [736/750] 25abc5e2-e25e-4b3e-916c-b64cf21f6458: 71 datasets; 1.4 s; peak memory 1260 MiB.
2026-10-02T18:52:01Z INFO [737/750] 25abf05c-b269-4256-8332-5c0d9a94841f: 715 datasets; 3.2 s; peak memory 1260 MiB.
2026-10-02T18:52:02Z INFO [738/750] 25ac18a4-3dbe-4d78-b6e7-2e9b5982deca: 38 datasets; 1.5 s; peak memory 1260 MiB.
2026-10-02T18:52:03Z INFO [739/750] 25ac85ad-0287-4e4d-bd39-ae8004c69ea7: 109 datasets; 0.8 s; peak memory 1260 MiB.
2026-10-02T18:52:04Z INFO [740/750] 25acbdc1-74a8-462f-b33b-e2550c701e59: 78 datasets; 1.4 s; peak memory 1260 MiB.
2026-10-02T18:52:05Z INFO [741/750] 25acdf4d-540b-4f23-94d2-a7b11a23973e: 48 datasets; 0.6 s; peak memory 1260 MiB.
2026-10-02T18:52:06Z INFO [742/750] 25ad47a3-8e5b-4b15-8136-0dd416dfe495: 110 datasets; 0.9 s; peak memory 1260 MiB.
2026-10-02T18:52:07Z INFO [743/750] 25ad50ec-adbe-4115-9007-0160fe08d6ec: 80 datasets; 1.6 s; peak memory 1260 MiB.
2026-10-02T18:52:09Z INFO [744/750] 25adad7c-d771-4824-8197-15cbe9d2d952: 168 datasets; 1.3 s; peak memory 1260 MiB.
2026-10-02T18:52:09Z INFO [745/750] 25ae98bb-fb51-4f60-93fa-43a8767a4207: 117 datasets; 0.7 s; peak memory 1260 MiB.
2026-10-02T18:52:10Z INFO [746/750] 25aee35d-279a-4869-be2a-a89a90115be8: 117 datasets; 0.7 s; peak memory 1260 MiB.
2026-10-02T18:52:11Z INFO [747/750] 25aee3a3-b192-4557-a39c-080b2011ca9d: 64 datasets; 0.9 s; peak memory 1260 MiB.
2026-10-02T18:52:12Z INFO [748/750] 25aff559-8a7f-401a-9e9e-896f7003667b: 57 datasets; 0.5 s; peak memory 1260 MiB.
2026-10-02T18:52:14Z INFO [749/750] 25b098d8-643c-412f-9d61-5aae219974cd: 168 datasets; 3.0 s; peak memory 1260 MiB.
2026-10-02T18:52:16Z INFO [750/750] 25b0e004-0793-4cad-90b3-7138e9960bac: 64 datasets; 1.2 s; peak memory 1260 MiB.
2026-10-02T18:52:16Z INFO [750/750] 25b0e004-0793-4cad-90b3-7138e9960bac: checkpointed 65086 records.
2026-10-02T18:52:16Z INFO Wrote 65086 records to /tmp/derivatives/valid_nwb_file_to_number_of_datasets.jsonl (750 new, 0 failed) in 134.4 min (peak memory 1260 MiB).
