2026-09-27T21:12:53Z INFO Logging to /tmp/logs/update_2026-09-27T21-12-53Z.log.
2026-09-27T21:12:53Z INFO Update valid-nwb-file-to-number-of-datasets (base directory /tmp).
2026-09-27T21:12:53Z INFO Processing 361 items (59869 already recorded).
2026-09-27T21:12:55Z INFO [1/361] 1af36811-8150-4e77-ac29-5793fc658685: 62 datasets; 1.3 s; peak memory 98 MiB.
2026-09-27T21:12:55Z INFO [2/361] 1af45e93-bd70-4924-8f7a-96c5e189a8dd: 48 datasets; 0.6 s; peak memory 99 MiB.
2026-09-27T21:13:18Z INFO [3/361] 1af484c0-1638-43a7-9871-5f68ac075494: 52 datasets; 23.0 s; peak memory 164 MiB.
2026-09-27T21:13:25Z INFO [4/361] 1af4f27c-b74c-40af-860a-f24c5892a2fd: 813 datasets; 7.0 s; peak memory 164 MiB.
2026-09-27T21:13:26Z INFO [5/361] 1af54bd7-a4c4-4442-b34b-93695e439c70: 48 datasets; 0.6 s; peak memory 164 MiB.
2026-09-27T21:13:27Z INFO [6/361] 1af55522-66d9-4d63-acac-b1f9dd4c7496: 112 datasets; 1.0 s; peak memory 164 MiB.
2026-09-27T21:13:28Z INFO [7/361] 1af58c64-7f9a-4a63-b8a7-f29d954d6874: 117 datasets; 0.8 s; peak memory 164 MiB.
2026-09-27T21:13:29Z INFO [8/361] 1af58f08-f1d9-4f9b-b2f2-c97408339f60: 66 datasets; 0.9 s; peak memory 165 MiB.
2026-09-27T21:13:29Z INFO [9/361] 1af634ac-77ad-4c7e-8be1-0d80068f9405: 92 datasets; 0.8 s; peak memory 165 MiB.
2026-09-27T21:13:30Z INFO [10/361] 1af659ad-2701-45be-aea1-b89a58417f2f: 105 datasets; 1.0 s; peak memory 165 MiB.
2026-09-27T21:13:31Z INFO [11/361] 1af6bf98-4166-41bd-9a72-37ae070ff582: 46 datasets; 0.5 s; peak memory 165 MiB.
2026-09-27T21:13:34Z INFO [12/361] 1af6d203-d71e-4076-a2a3-f39cb70e48a1: 410 datasets; 2.6 s; peak memory 165 MiB.
2026-09-27T21:13:39Z INFO [13/361] 1af75f1d-a770-42f9-b1c8-b4789ae0136f: 712 datasets; 5.7 s; peak memory 165 MiB.
2026-09-27T21:13:40Z INFO [14/361] 1af8ad42-77ac-48f9-a760-d01b5c5ca4cb: 54 datasets; 0.5 s; peak memory 165 MiB.
2026-09-27T21:13:40Z INFO [15/361] 1afa07a2-6853-4da7-b5c5-277f262ee3c6: 46 datasets; 0.4 s; peak memory 165 MiB.
2026-09-27T21:13:41Z INFO [16/361] 1afac52c-b8f4-4a70-a25d-05a242378a7a: 48 datasets; 0.6 s; peak memory 165 MiB.
2026-09-27T21:13:42Z INFO [17/361] 1afb06bd-4643-40ac-bb0f-c29776988b1a: 99 datasets; 1.8 s; peak memory 165 MiB.
2026-09-27T21:13:43Z INFO [18/361] 1afc17cb-e333-405e-929e-e4aca7d12f1c: 45 datasets; 0.5 s; peak memory 165 MiB.
2026-09-27T21:13:43Z INFO [19/361] 1afc3821-5107-442a-bec5-1ea6a871fb36: 46 datasets; 0.5 s; peak memory 166 MiB.
2026-09-27T21:13:44Z INFO [20/361] 1afc6543-8239-421e-9b80-56da5b9cb191: 114 datasets; 0.6 s; peak memory 166 MiB.
2026-09-27T21:13:45Z INFO [21/361] 1afc7990-55f0-4f36-a2f2-18cbbc2d2159: 48 datasets; 0.7 s; peak memory 166 MiB.
2026-09-27T21:13:46Z INFO [22/361] 1afcb0ee-fd1c-499b-a823-4d09545b141c: 69 datasets; 1.0 s; peak memory 166 MiB.
2026-09-27T21:13:46Z INFO [23/361] 1afddeed-f687-4c04-ae66-8ef677f7eeca: 48 datasets; 0.5 s; peak memory 166 MiB.
2026-09-27T21:13:47Z INFO [24/361] 1afe12e2-8ea8-4142-90cd-804693253d09: 62 datasets; 1.1 s; peak memory 166 MiB.
2026-09-27T21:14:38Z INFO [25/361] 1afe4dc8-ce45-4446-8753-9936fa6bfc99: 50 datasets; 50.2 s; peak memory 236 MiB.
2026-09-27T21:14:38Z INFO [26/361] 1b00688e-6854-4479-8e6b-87c9d7905344: 48 datasets; 0.7 s; peak memory 236 MiB.
2026-09-27T21:14:53Z INFO [27/361] 1b0135d1-b194-400f-acf3-b579b302b827: 48 datasets; 14.9 s; peak memory 236 MiB.
2026-09-27T21:15:06Z INFO [28/361] 1b01c958-449f-4da3-ac9c-1411e05b4872: 1440 datasets; 13.1 s; peak memory 236 MiB.
2026-09-27T21:15:08Z INFO [29/361] 1b022849-ae55-4dd9-858e-80caefa9c827: 71 datasets; 1.5 s; peak memory 236 MiB.
2026-09-27T21:15:09Z INFO [30/361] 1b027c9d-eea2-44cf-84b8-8a45859a5554: 49 datasets; 0.8 s; peak memory 236 MiB.
2026-09-27T21:15:09Z INFO [31/361] 1b027cb8-d77c-4dc1-aa2b-478c4f04cf23: 117 datasets; 0.8 s; peak memory 236 MiB.
2026-09-27T21:15:17Z INFO [32/361] 1b029df2-9cac-4d07-bb86-f75ebe175b4d: 769 datasets; 7.3 s; peak memory 236 MiB.
2026-09-27T21:15:17Z INFO [33/361] 1b033a30-ed2d-4c68-b3f7-86061f992046: 117 datasets; 0.8 s; peak memory 236 MiB.
2026-09-27T21:15:18Z INFO [34/361] 1b03590c-ddd6-4b0a-89bb-ad418e6d75d1: 117 datasets; 0.5 s; peak memory 236 MiB.
2026-09-27T21:15:26Z INFO [35/361] 1b04a40e-4f40-4840-93d0-78fda0383a19: 1410 datasets; 7.6 s; peak memory 236 MiB.
2026-09-27T21:15:27Z INFO [36/361] 1b04cd93-ce02-4160-b0e1-b3a180ebbbdc: 71 datasets; 0.9 s; peak memory 236 MiB.
2026-09-27T21:15:28Z INFO [37/361] 1b053579-dd2b-4b44-8da4-56b39a24d594: 74 datasets; 1.0 s; peak memory 236 MiB.
2026-09-27T21:15:28Z INFO [38/361] 1b05636e-0e8d-4417-85ed-95bef93c3e1b: 112 datasets; 0.6 s; peak memory 236 MiB.
2026-09-27T21:15:29Z INFO [39/361] 1b056e37-d4be-4401-a646-6f66e1ad114a: 110 datasets; 0.7 s; peak memory 236 MiB.
2026-09-27T21:15:30Z INFO [40/361] 1b05718c-53d9-497c-83f5-59392bd6d113: 48 datasets; 0.6 s; peak memory 236 MiB.
2026-09-27T21:15:30Z INFO [41/361] 1b0614a1-cff8-468e-a664-96f57d09f08f: 48 datasets; 0.7 s; peak memory 236 MiB.
2026-09-27T21:15:31Z INFO [42/361] 1b074d1e-9329-45dc-8125-a4db982e54d5: 51 datasets; 0.7 s; peak memory 236 MiB.
2026-09-27T21:15:37Z INFO [43/361] 1b08f0ab-67ad-46cf-b083-c04b2b90a412: 1155 datasets; 5.7 s; peak memory 236 MiB.
2026-09-27T21:15:37Z INFO [44/361] 1b0a0c42-dd5d-4383-a8a6-894dbc179db7: 48 datasets; 0.6 s; peak memory 236 MiB.
2026-09-27T21:15:38Z INFO [45/361] 1b0a3c2f-1c10-42af-9fad-6a737dd1f099: 112 datasets; 1.0 s; peak memory 236 MiB.
2026-09-27T21:15:54Z INFO [46/361] 1b0ab8a9-b531-49be-bff8-4bb759d5fbc3: 48 datasets; 15.7 s; peak memory 236 MiB.
2026-09-27T21:15:54Z INFO [47/361] 1b0b550c-9326-4b9f-962b-1e7f57e91a0e: 72 datasets; 0.6 s; peak memory 236 MiB.
2026-09-27T21:15:55Z INFO [48/361] 1b0c4a61-bb5c-4616-b35f-fb274b49318d: 66 datasets; 0.9 s; peak memory 236 MiB.
2026-09-27T21:15:56Z INFO [49/361] 1b0da3dc-d7c1-4330-a6f6-606e97efafba: 40 datasets; 0.4 s; peak memory 236 MiB.
2026-09-27T21:16:05Z INFO [50/361] 1b0dbb12-4f07-4dbb-94e4-93361f4a942b: 1478 datasets; 9.0 s; peak memory 236 MiB.
2026-09-27T21:16:05Z INFO [50/361] 1b0dbb12-4f07-4dbb-94e4-93361f4a942b: checkpointed 59919 records.
2026-09-27T21:16:06Z INFO [51/361] 1b0dedb4-71cf-42d8-afad-7888573d5cbf: 46 datasets; 0.6 s; peak memory 236 MiB.
2026-09-27T21:16:08Z INFO [52/361] 1b0ece62-bf23-40fc-aa24-0d3302713455: 60 datasets; 2.6 s; peak memory 236 MiB.
2026-09-27T21:16:09Z INFO [53/361] 1b0f8efb-97d1-4d84-abed-0b1729b2791e: 112 datasets; 0.8 s; peak memory 236 MiB.
2026-09-27T21:16:10Z INFO [54/361] 1b0f9aaf-edd9-40d4-ac98-d453c51b6c79: 112 datasets; 0.9 s; peak memory 236 MiB.
2026-09-27T21:16:10Z INFO [55/361] 1b0fda33-ccd7-4e01-a859-3431596cf7ff: 57 datasets; 0.5 s; peak memory 236 MiB.
2026-09-27T21:22:39Z INFO [56/361] 1b105c8e-e77f-4661-a130-f26d7926a30a: 99 datasets; 388.7 s; peak memory 1119 MiB.
2026-09-27T21:22:40Z INFO [57/361] 1b10f877-12b1-49e2-8182-f9ebf70b52de: 48 datasets; 0.8 s; peak memory 1119 MiB.
2026-09-27T21:22:41Z INFO [58/361] 1b128c85-f32b-4093-a8b0-0340530183f6: 112 datasets; 0.9 s; peak memory 1119 MiB.
2026-09-27T21:22:42Z INFO [59/361] 1b133ce1-2213-48c3-bbe0-c55df6a8db00: 69 datasets; 0.9 s; peak memory 1119 MiB.
2026-09-27T21:22:42Z INFO [60/361] 1b13aaef-ffb3-4d6d-9940-6a653bd9b0fb: 118 datasets; 0.8 s; peak memory 1119 MiB.
2026-09-27T21:22:44Z INFO [61/361] 1b13ea5e-2f9a-4a0f-b294-514adc1641f1: 114 datasets; 1.5 s; peak memory 1119 MiB.
2026-09-27T21:22:45Z INFO [62/361] 1b16a58e-20ee-41c4-981e-3aa8c94d8391: 117 datasets; 0.8 s; peak memory 1119 MiB.
2026-09-27T21:22:45Z INFO [63/361] 1b181fa7-76d0-40d2-a719-52239c545d6d: 48 datasets; 0.6 s; peak memory 1119 MiB.
2026-09-27T21:22:47Z INFO [64/361] 1b193914-fc92-4d57-8c00-332cc67433a7: 115 datasets; 1.7 s; peak memory 1119 MiB.
2026-09-27T21:22:51Z INFO [65/361] 1b19b146-228f-472e-a3f7-44edaabcf783: 49 datasets; 3.8 s; peak memory 1119 MiB.
2026-09-27T21:22:51Z INFO [66/361] 1b19eabd-7bb7-40fa-9698-42fb1f950064: 60 datasets; 0.5 s; peak memory 1119 MiB.
2026-09-27T21:22:55Z INFO [67/361] 1b19f5ad-bf9b-43eb-80f0-cf39f0fa5463: 538 datasets; 3.5 s; peak memory 1119 MiB.
2026-09-27T21:22:55Z INFO [68/361] 1b1a6232-6af7-4783-be44-5d702c66e60d: 48 datasets; 0.6 s; peak memory 1119 MiB.
2026-09-27T21:22:56Z INFO [69/361] 1b1acc18-12d5-49ee-99c7-590c4c358abd: 117 datasets; 0.8 s; peak memory 1119 MiB.
2026-09-27T21:22:57Z INFO [70/361] 1b1b8be9-21fb-41c9-902c-61940e1d1a50: 117 datasets; 0.7 s; peak memory 1119 MiB.
2026-09-27T21:22:58Z INFO [71/361] 1b1c02ca-9a56-4c92-bd4e-c772c544ca4c: 66 datasets; 1.0 s; peak memory 1119 MiB.
2026-09-27T21:23:03Z INFO [72/361] 1b1c3bee-7ab3-4716-9846-30800a7109da: 671 datasets; 5.4 s; peak memory 1119 MiB.
2026-09-27T21:23:09Z INFO [73/361] 1b1cc320-39a3-43b5-b742-74dae145e385: 809 datasets; 5.5 s; peak memory 1119 MiB.
2026-09-27T21:23:14Z INFO [74/361] 1b1f58c6-7ca5-443f-a5b3-5a558337eca7: 106 datasets; 5.2 s; peak memory 1119 MiB.
2026-09-27T21:23:15Z INFO [75/361] 1b1fa49f-4f47-4187-8a92-2cd5285e6e81: 52 datasets; 0.6 s; peak memory 1119 MiB.
2026-09-27T21:23:16Z INFO [76/361] 1b20c525-c1e6-4185-8f69-e534d529fc20: 152 datasets; 1.0 s; peak memory 1119 MiB.
2026-09-27T21:23:16Z INFO [77/361] 1b216ff6-80a0-4ed5-a715-649f97667f48: 48 datasets; 0.7 s; peak memory 1119 MiB.
2026-09-27T21:23:17Z INFO [78/361] 1b221fe6-a4fd-4c14-8914-c6ba9eb0cd78: 33 datasets; 0.4 s; peak memory 1119 MiB.
2026-09-27T21:23:18Z INFO [79/361] 1b226a86-80c7-4b6a-8f42-9c2c0c0522d8: 90 datasets; 1.8 s; peak memory 1119 MiB.
2026-09-27T21:23:19Z INFO [80/361] 1b23a226-f774-445b-ae09-2a8ba05290a1: 45 datasets; 0.3 s; peak memory 1119 MiB.
2026-09-27T21:23:27Z INFO [81/361] 1b244b32-7bfe-43f3-8378-72eab59624b1: 1422 datasets; 8.4 s; peak memory 1119 MiB.
2026-09-27T21:23:28Z INFO [82/361] 1b24d6ad-bb61-41e5-b094-97debe167178: 46 datasets; 0.7 s; peak memory 1119 MiB.
2026-09-27T21:23:29Z INFO [83/361] 1b260e3c-a5ae-4978-89c6-3f7c32c1c957: 119 datasets; 1.1 s; peak memory 1119 MiB.
2026-09-27T21:23:32Z INFO [84/361] 1b2718a0-e47b-437b-8397-c076d2860738: 208 datasets; 3.2 s; peak memory 1119 MiB.
2026-09-27T21:23:33Z INFO [85/361] 1b28a63f-4795-4557-8204-4b2fe183c9ec: 117 datasets; 0.8 s; peak memory 1119 MiB.
2026-09-27T21:23:34Z INFO [86/361] 1b29793e-1d66-420e-9dd3-d08147236783: 48 datasets; 0.7 s; peak memory 1119 MiB.
2026-09-27T21:23:35Z INFO [87/361] 1b29b73b-1200-4d68-bc2e-71615748f5a5: 113 datasets; 0.9 s; peak memory 1119 MiB.
2026-09-27T21:23:36Z INFO [88/361] 1b2ba18e-f3f1-4e91-8a11-f02c3a56e886: 71 datasets; 1.1 s; peak memory 1119 MiB.
2026-09-27T21:23:36Z INFO [89/361] 1b2bb8a0-6261-44df-827a-70f28248b914: 51 datasets; 0.8 s; peak memory 1119 MiB.
2026-09-27T21:23:37Z INFO [90/361] 1b2bdb42-4716-4188-aebd-edcf0ed0e413: 112 datasets; 0.7 s; peak memory 1119 MiB.
2026-09-27T21:23:38Z INFO [91/361] 1b2bef07-b0f2-4784-aa4d-e22cf614798c: 62 datasets; 0.6 s; peak memory 1119 MiB.
2026-09-27T21:23:40Z INFO [92/361] 1b2c6825-8795-4fe6-b9e2-cc3531713a47: 150 datasets; 1.9 s; peak memory 1119 MiB.
2026-09-27T21:23:44Z INFO [93/361] 1b2c7910-9465-4e7c-b30f-f0dd3d410d4f: 52 datasets; 4.0 s; peak memory 1119 MiB.
2026-09-27T21:23:44Z INFO [94/361] 1b2e5fe3-3da8-4506-9347-a8600a599408: 52 datasets; 0.6 s; peak memory 1119 MiB.
2026-09-27T21:23:45Z INFO [95/361] 1b30148f-ba8c-44d2-a283-18a68c5c67c5: 112 datasets; 0.8 s; peak memory 1119 MiB.
2026-09-27T21:23:48Z INFO [96/361] 1b3042b7-fa26-4236-bd41-da3cd61153bc: 591 datasets; 3.0 s; peak memory 1119 MiB.
2026-09-27T21:23:49Z INFO [97/361] 1b30d050-9f95-4f1b-ae3d-b890c93f4068: 48 datasets; 0.7 s; peak memory 1119 MiB.
2026-09-27T21:23:49Z INFO [98/361] 1b31233c-85bc-4e42-a27d-699a1b49baa1: 48 datasets; 0.6 s; peak memory 1119 MiB.
2026-09-27T21:23:50Z INFO [99/361] 1b322a2f-4eca-415c-88a7-3f1071370a59: 51 datasets; 0.7 s; peak memory 1119 MiB.
2026-09-27T21:23:51Z INFO [100/361] 1b325904-05c0-4d0e-9d5c-d182d87ec958: 112 datasets; 0.9 s; peak memory 1119 MiB.
2026-09-27T21:23:51Z INFO [100/361] 1b325904-05c0-4d0e-9d5c-d182d87ec958: checkpointed 59969 records.
2026-09-27T21:23:51Z INFO [101/361] 1b328d87-57d2-4f8d-a00b-a7b38ebc8432: 46 datasets; 0.4 s; peak memory 1119 MiB.
2026-09-27T21:23:52Z INFO [102/361] 1b32d631-fe02-4573-94e3-39fd47310542: 118 datasets; 0.8 s; peak memory 1119 MiB.
2026-09-27T21:23:54Z INFO [103/361] 1b3323a2-3fbc-4d82-bc36-fba1f05519df: 180 datasets; 2.0 s; peak memory 1119 MiB.
2026-09-27T21:23:55Z INFO [104/361] 1b338d22-da56-4722-8b08-766039efd462: 48 datasets; 0.6 s; peak memory 1119 MiB.
2026-09-27T21:23:56Z INFO [105/361] 1b348004-1aba-4328-be26-2e81d61bd3a6: 62 datasets; 0.9 s; peak memory 1119 MiB.
2026-09-27T21:23:56Z INFO [106/361] 1b34a31c-5a79-4c49-81a4-265430772f28: 46 datasets; 0.4 s; peak memory 1119 MiB.
2026-09-27T21:23:57Z INFO [107/361] 1b34a37d-3ff5-4f57-970a-0af714098a92: 112 datasets; 0.9 s; peak memory 1119 MiB.
2026-09-27T21:23:58Z INFO [108/361] 1b34e5c2-a824-4982-925c-2093d2c219dd: 49 datasets; 0.9 s; peak memory 1119 MiB.
2026-09-27T21:23:58Z INFO [109/361] 1b34f143-c783-4170-b3db-63aa9ee38d92: 37 datasets; 0.3 s; peak memory 1119 MiB.
2026-09-27T21:23:59Z INFO [110/361] 1b351092-cbe0-4179-91fe-a1b78b775718: 116 datasets; 0.6 s; peak memory 1119 MiB.
2026-09-27T21:24:00Z INFO [111/361] 1b354138-91c3-43b7-a005-8b8b4d13b6f5: 102 datasets; 0.9 s; peak memory 1119 MiB.
2026-09-27T21:24:05Z INFO [112/361] 1b355901-48a2-40bb-a7bb-223c40f6b5fd: 406 datasets; 5.7 s; peak memory 1119 MiB.
2026-09-27T21:24:13Z INFO [113/361] 1b35d443-cc89-4d2e-a2fe-ce8c8580f8c9: 5425 datasets; 7.7 s; peak memory 1119 MiB.
2026-09-27T21:24:14Z INFO [114/361] 1b3692f7-dd10-433d-b875-d6eb459721de: 48 datasets; 0.6 s; peak memory 1119 MiB.
2026-09-27T21:24:14Z INFO [115/361] 1b36bc83-d02e-4b3b-917a-40c02b4ce7d4: 48 datasets; 0.6 s; peak memory 1119 MiB.
2026-09-27T21:24:15Z INFO [116/361] 1b36bf98-1672-45ea-b3ff-39ec73e7f3fd: 65 datasets; 0.8 s; peak memory 1119 MiB.
2026-09-27T21:24:16Z INFO [117/361] 1b36d676-87a3-47cc-8a43-4b51592389b4: 52 datasets; 0.7 s; peak memory 1119 MiB.
2026-09-27T21:24:17Z INFO [118/361] 1b370e83-e2e1-4c2c-b1f6-fad4f6bcc531: 112 datasets; 0.7 s; peak memory 1119 MiB.
2026-09-27T21:24:17Z INFO [119/361] 1b3710b2-bf4c-4be8-ba21-43c0d5a839a9: 48 datasets; 0.6 s; peak memory 1119 MiB.
2026-09-27T21:24:18Z INFO [120/361] 1b371add-999f-4ce0-bc93-c89625df3e5c: 112 datasets; 1.0 s; peak memory 1119 MiB.
2026-09-27T21:24:19Z INFO [121/361] 1b372bf0-7e0e-4147-8cb8-194b1068f2a3: 116 datasets; 0.6 s; peak memory 1119 MiB.
2026-09-27T21:24:19Z INFO [122/361] 1b37a3ee-2ba0-4cc8-bc73-5e654e49b0c3: 33 datasets; 0.3 s; peak memory 1119 MiB.
2026-09-27T21:24:20Z INFO [123/361] 1b37cd42-79b4-48cc-8144-a5644c75abfd: 66 datasets; 0.6 s; peak memory 1119 MiB.
2026-09-27T21:24:21Z INFO [124/361] 1b39b077-25d9-421a-bb95-ba1288354670: 112 datasets; 0.8 s; peak memory 1119 MiB.
2026-09-27T21:24:21Z INFO [125/361] 1b39dad2-355e-42c6-9337-67eef98137d2: 65 datasets; 0.6 s; peak memory 1119 MiB.
2026-09-27T21:24:22Z INFO [126/361] 1b39f664-a6e5-47fd-86dc-6aeae60f04dd: 48 datasets; 0.7 s; peak memory 1119 MiB.
2026-09-27T21:24:23Z INFO [127/361] 1b39faf4-df76-474f-8174-092c7b9e7f55: 112 datasets; 0.8 s; peak memory 1119 MiB.
2026-09-27T21:24:24Z INFO [128/361] 1b3af3b3-c892-490e-ae39-6fd6e5c8211f: 110 datasets; 0.9 s; peak memory 1119 MiB.
2026-09-27T21:24:24Z INFO [129/361] 1b3d2375-41ef-41bd-9eda-24490ae74e5e: 117 datasets; 0.6 s; peak memory 1119 MiB.
2026-09-27T21:24:25Z INFO [130/361] 1b3d2fb9-2e7e-419e-85cc-440d54835a09: 48 datasets; 0.6 s; peak memory 1119 MiB.
2026-09-27T21:24:26Z INFO [131/361] 1b3df003-58f0-4ae5-b0ed-a542b6071d6e: 116 datasets; 0.6 s; peak memory 1119 MiB.
2026-09-27T21:24:26Z INFO [132/361] 1b4031e4-7932-430c-b22b-171a4f81204a: 68 datasets; 0.6 s; peak memory 1119 MiB.
2026-09-27T21:24:27Z INFO [133/361] 1b41a9c3-331d-4c01-9ccb-5f0b821c5e77: 69 datasets; 0.9 s; peak memory 1119 MiB.
2026-09-27T21:24:28Z INFO [134/361] 1b429fcd-2364-49f3-bc29-af1d28c3a196: 117 datasets; 0.6 s; peak memory 1119 MiB.
2026-09-27T21:24:29Z INFO [135/361] 1b42ab5d-c00c-48ae-921b-80c9b8ebde10: 116 datasets; 1.7 s; peak memory 1119 MiB.
2026-09-27T21:24:30Z INFO [136/361] 1b42afc4-e84f-420e-a199-0577735cfd35: 66 datasets; 1.0 s; peak memory 1119 MiB.
2026-09-27T21:24:31Z INFO [137/361] 1b42d582-cebf-4b0d-accb-84c53eca1136: 48 datasets; 0.6 s; peak memory 1119 MiB.
2026-09-27T21:24:32Z INFO [138/361] 1b4364e9-f5e0-49f4-be8d-72ece203f5a3: 117 datasets; 0.8 s; peak memory 1119 MiB.
2026-09-27T21:24:32Z INFO [139/361] 1b43e104-ed87-462e-adce-3e8f5f110b4b: 35 datasets; 0.5 s; peak memory 1119 MiB.
2026-09-27T21:24:33Z INFO [140/361] 1b43f8fe-6171-4357-a86d-d19f30feb032: 48 datasets; 0.6 s; peak memory 1119 MiB.
2026-09-27T21:24:33Z INFO [141/361] 1b440544-6bb4-4df2-ab5c-8f71e7f546d2: 56 datasets; 0.5 s; peak memory 1119 MiB.
2026-09-27T21:24:34Z INFO [142/361] 1b45281c-bb8d-4c03-81d1-e1951d28f662: 42 datasets; 0.9 s; peak memory 1119 MiB.
2026-09-27T21:24:35Z INFO [143/361] 1b456f5e-4a67-40a7-85ab-7e0fd9b1afc0: 116 datasets; 0.7 s; peak memory 1119 MiB.
2026-09-27T21:24:35Z INFO [144/361] 1b457133-0bd0-463e-996d-89b6256915e2: 46 datasets; 0.4 s; peak memory 1119 MiB.
2026-09-27T21:24:39Z INFO [145/361] 1b46f895-e328-4065-8366-c364162a8904: 38 datasets; 3.8 s; peak memory 1119 MiB.
2026-09-27T21:24:40Z INFO [146/361] 1b474cbf-6046-4d4b-a520-035505b86452: 117 datasets; 0.7 s; peak memory 1119 MiB.
2026-09-27T21:24:41Z INFO [147/361] 1b482037-2652-4af0-ac29-6bf66f2cabf3: 112 datasets; 0.9 s; peak memory 1119 MiB.
2026-09-27T21:24:42Z INFO [148/361] 1b486391-55dd-4eef-814a-d0718f95e9f8: 116 datasets; 0.7 s; peak memory 1119 MiB.
2026-09-27T21:24:42Z INFO [149/361] 1b495862-757e-475b-9d0d-4239c0e37f15: 48 datasets; 0.6 s; peak memory 1119 MiB.
2026-09-27T21:24:43Z INFO [150/361] 1b497974-c26c-447a-97f2-c05db85e6669: 112 datasets; 0.8 s; peak memory 1119 MiB.
2026-09-27T21:24:43Z INFO [150/361] 1b497974-c26c-447a-97f2-c05db85e6669: checkpointed 60019 records.
2026-09-27T21:25:00Z INFO [151/361] 1b4cc61b-d005-476c-b094-3c8c97fd1f60: 48 datasets; 17.1 s; peak memory 1119 MiB.
2026-09-27T21:25:01Z INFO [152/361] 1b500396-4432-43f7-8073-df8b96b20007: 48 datasets; 0.6 s; peak memory 1119 MiB.
2026-09-27T21:25:01Z INFO [153/361] 1b502ae7-ec4d-4ec2-9718-16f1ae6b02bc: 48 datasets; 0.7 s; peak memory 1119 MiB.
2026-09-27T21:25:02Z INFO [154/361] 1b510ed0-1e05-4500-a1e1-6c0bb691c9e8: 46 datasets; 0.4 s; peak memory 1119 MiB.
2026-09-27T21:25:03Z INFO [155/361] 1b512b13-abfa-426d-b173-344e5a5ec61e: 66 datasets; 0.7 s; peak memory 1119 MiB.
2026-09-27T21:25:03Z INFO [156/361] 1b516565-cb79-49ff-8abf-2377669d26d9: 112 datasets; 0.6 s; peak memory 1119 MiB.
2026-09-27T21:25:04Z INFO [157/361] 1b52549e-b48b-4c49-ad26-1d369d079ea0: 114 datasets; 0.7 s; peak memory 1119 MiB.
2026-09-27T21:25:05Z INFO [158/361] 1b53c6e8-7b4f-4400-8a98-6b76895c636b: 98 datasets; 1.3 s; peak memory 1119 MiB.
2026-09-27T21:25:06Z INFO [159/361] 1b56389c-5b99-4cab-90fd-d98501d73dd5: 49 datasets; 0.7 s; peak memory 1119 MiB.
2026-09-27T21:25:06Z INFO [160/361] 1b578a24-b744-49a8-8855-07c91bce1d80: 90 datasets; 0.6 s; peak memory 1119 MiB.
2026-09-27T21:25:07Z INFO [161/361] 1b57fa2b-63f9-4aa3-bc3b-34e63150031b: 48 datasets; 0.6 s; peak memory 1119 MiB.
2026-09-27T21:25:08Z INFO [162/361] 1b5826e6-db71-4e41-9e53-2a0dafa3700f: 38 datasets; 0.5 s; peak memory 1119 MiB.
2026-09-27T21:25:08Z INFO [163/361] 1b5a500b-b046-48fd-b987-84ec2ea84c42: 45 datasets; 0.8 s; peak memory 1119 MiB.
2026-09-27T21:25:10Z INFO [164/361] 1b5ad14a-ea7f-4cf1-9490-16c9cd7fd8a9: 153 datasets; 1.9 s; peak memory 1119 MiB.
2026-09-27T21:25:11Z INFO [165/361] 1b5bbbe3-120b-4377-b71a-4d46092f1959: 56 datasets; 0.5 s; peak memory 1119 MiB.
2026-09-27T21:25:11Z INFO [166/361] 1b5d3665-10ce-4e81-8cf7-9a860f41551c: 46 datasets; 0.4 s; peak memory 1119 MiB.
2026-09-27T21:25:12Z INFO [167/361] 1b5d61cf-1089-4def-ac9a-4051229fa422: 48 datasets; 0.7 s; peak memory 1119 MiB.
2026-09-27T21:25:12Z INFO [168/361] 1b5e5062-f411-45b3-a21d-73cddbad744e: 48 datasets; 0.6 s; peak memory 1119 MiB.
2026-09-27T21:25:13Z INFO [169/361] 1b5e6512-eacc-4b49-bb46-e5bf49e75669: 118 datasets; 0.9 s; peak memory 1119 MiB.
2026-09-27T21:25:15Z INFO [170/361] 1b5f1ae1-2ef4-46bd-a30a-cc4acbc970d1: 1010 datasets; 2.0 s; peak memory 1119 MiB.
2026-09-27T21:25:16Z INFO [171/361] 1b5fc059-5a8c-41ee-805a-529f99f59b31: 51 datasets; 0.9 s; peak memory 1119 MiB.
2026-09-27T21:25:17Z INFO [172/361] 1b5fcec0-fbef-4f3e-9528-d4f493b15105: 112 datasets; 1.0 s; peak memory 1119 MiB.
2026-09-27T21:25:23Z INFO [173/361] 1b5fdc86-5280-4097-a0d3-26b11c2a06f3: 798 datasets; 5.5 s; peak memory 1119 MiB.
2026-09-27T21:25:23Z INFO [174/361] 1b5fef11-c244-4648-8f47-d3f97df12767: 39 datasets; 0.5 s; peak memory 1119 MiB.
2026-09-27T21:25:24Z INFO [175/361] 1b600be7-d9e1-4d03-a7fa-f16518033776: 58 datasets; 0.4 s; peak memory 1119 MiB.
2026-09-27T21:25:24Z INFO [176/361] 1b605179-650b-4c39-97c7-bd2ab6d5ed7d: 112 datasets; 0.8 s; peak memory 1119 MiB.
2026-09-27T21:25:25Z INFO [177/361] 1b61fe29-de19-4e2d-be07-9fc1898dec0f: 66 datasets; 0.9 s; peak memory 1119 MiB.
2026-09-27T21:25:26Z INFO [178/361] 1b626ece-ed8d-4898-a28c-1ab2073a700f: 69 datasets; 1.1 s; peak memory 1119 MiB.
2026-09-27T21:25:27Z INFO [179/361] 1b62ef64-b4cb-42e8-80d0-ebc0d397170e: 116 datasets; 0.8 s; peak memory 1119 MiB.
2026-09-27T21:25:28Z INFO [180/361] 1b62f71e-8e4e-46f4-b4da-c8644d30a192: 47 datasets; 0.6 s; peak memory 1119 MiB.
2026-09-27T21:25:29Z INFO [181/361] 1b63708b-4da7-4360-b440-64cc73f3cbb9: 51 datasets; 0.9 s; peak memory 1119 MiB.
2026-09-27T21:25:29Z INFO [182/361] 1b63eb33-d03c-4404-a346-63d0b5086e2a: 46 datasets; 0.6 s; peak memory 1119 MiB.
2026-09-27T21:25:30Z INFO [183/361] 1b656b72-8923-43cd-8ffd-61fd7bc9388a: 48 datasets; 0.6 s; peak memory 1119 MiB.
2026-09-27T21:25:33Z INFO [184/361] 1b659c45-9d76-401f-ae91-212231b46410: 538 datasets; 3.1 s; peak memory 1119 MiB.
2026-09-27T21:25:34Z INFO [185/361] 1b66119b-ae55-4a58-88cd-3bd36b9e87c0: 70 datasets; 1.1 s; peak memory 1119 MiB.
2026-09-27T21:25:35Z INFO [186/361] 1b663e78-2f81-4a35-a5df-81577ad56c00: 38 datasets; 1.2 s; peak memory 1119 MiB.
2026-09-27T21:25:37Z INFO [187/361] 1b6692e3-8dde-4bc6-80eb-cf2ce47d6278: 117 datasets; 1.2 s; peak memory 1119 MiB.
2026-09-27T21:25:37Z INFO [188/361] 1b66db97-4aac-476c-b18b-b389663731d2: 62 datasets; 0.9 s; peak memory 1119 MiB.
2026-09-27T21:25:38Z INFO [189/361] 1b67a8d7-4009-46bd-80ae-c7745964c9da: 46 datasets; 0.5 s; peak memory 1119 MiB.
2026-09-27T21:25:39Z INFO [190/361] 1b680fda-03b0-4ffd-bda0-81d18c6d1f4a: 118 datasets; 0.7 s; peak memory 1119 MiB.
2026-09-27T21:25:39Z INFO [191/361] 1b69050b-f295-4091-ab77-09af67256c20: 48 datasets; 0.7 s; peak memory 1119 MiB.
2026-09-27T21:25:40Z INFO [192/361] 1b69b520-fded-4e8a-9ee3-c23c41e75c05: 110 datasets; 0.8 s; peak memory 1119 MiB.
2026-09-27T21:25:41Z INFO [193/361] 1b69eec2-3b64-4dad-94d9-fb7fa87f7605: 121 datasets; 0.5 s; peak memory 1119 MiB.
2026-09-27T21:25:41Z INFO [194/361] 1b6a41d3-9a7c-45dc-b835-ab188e7bd786: 112 datasets; 0.7 s; peak memory 1119 MiB.
2026-09-27T21:25:42Z INFO [195/361] 1b6aad1f-b878-4a86-a307-691fbc8063ae: 62 datasets; 1.0 s; peak memory 1119 MiB.
2026-09-27T21:25:44Z INFO [196/361] 1b6b7955-ff3d-427e-9d7a-9ee7bb360ba0: 114 datasets; 1.5 s; peak memory 1119 MiB.
2026-09-27T21:25:44Z INFO [197/361] 1b6b8833-7c1c-4d6b-afe4-bbe463a1e90e: 46 datasets; 0.4 s; peak memory 1119 MiB.
2026-09-27T21:25:45Z INFO [198/361] 1b6b95d4-2bac-4a5d-b3a6-be3ecf9873d8: 117 datasets; 0.8 s; peak memory 1119 MiB.
2026-09-27T21:25:46Z INFO [199/361] 1b6bca83-524c-4d1e-bc7d-10906d7e8ca0: 141 datasets; 1.4 s; peak memory 1119 MiB.
2026-09-27T21:25:52Z INFO [200/361] 1b6ca915-3e02-4aaa-a441-8e1bcb28a1b6: 761 datasets; 5.6 s; peak memory 1119 MiB.
2026-09-27T21:25:52Z INFO [200/361] 1b6ca915-3e02-4aaa-a441-8e1bcb28a1b6: checkpointed 60069 records.
2026-09-27T21:25:53Z INFO [201/361] 1b6cc21d-e887-46bc-9694-48a0c2c5edca: 50 datasets; 0.7 s; peak memory 1119 MiB.
2026-09-27T21:25:54Z INFO [202/361] 1b6cecbe-4515-4f5b-bea3-3a30dae84db5: 48 datasets; 0.7 s; peak memory 1119 MiB.
2026-09-27T21:25:55Z INFO [203/361] 1b6ef295-0ef5-4c47-b90c-9e1b28059d64: 71 datasets; 1.2 s; peak memory 1119 MiB.
2026-09-27T21:25:55Z INFO [204/361] 1b6f71c4-f46b-4c95-bae4-4ba197aa1787: 116 datasets; 0.6 s; peak memory 1119 MiB.
2026-09-27T21:25:56Z INFO [205/361] 1b6f74c9-63c3-4f15-b92f-4a4c9d7fcd6a: 77 datasets; 0.7 s; peak memory 1119 MiB.
2026-09-27T21:25:58Z INFO [206/361] 1b6f8286-233f-4db7-b578-3ac9e4fca337: 157 datasets; 1.6 s; peak memory 1119 MiB.
2026-09-27T21:25:59Z INFO [207/361] 1b6fceff-ac29-4307-aa68-04854c7e7b90: 131 datasets; 1.0 s; peak memory 1119 MiB.
2026-09-27T21:25:59Z INFO [208/361] 1b6fd53c-1cd8-4dfd-b440-6c56315ec367: 72 datasets; 0.7 s; peak memory 1119 MiB.
2026-09-27T21:26:00Z INFO [209/361] 1b70211a-a23a-48d0-a47c-8a72f0cb81c6: 38 datasets; 0.5 s; peak memory 1119 MiB.
2026-09-27T21:26:00Z INFO [210/361] 1b708f4b-f398-44b8-8d1a-debd6ff27fee: 48 datasets; 0.6 s; peak memory 1119 MiB.
2026-09-27T21:26:13Z INFO [211/361] 1b71189a-b8e6-4418-9215-8a8dd703f509: 4150 datasets; 12.6 s; peak memory 1119 MiB.
2026-09-27T21:26:14Z INFO [212/361] 1b72ca5f-c9d8-4d2d-b444-bad52cb05139: 48 datasets; 0.6 s; peak memory 1119 MiB.
2026-09-27T21:26:15Z INFO [213/361] 1b732765-09b3-4956-9d3a-4675a52e332d: 66 datasets; 1.1 s; peak memory 1119 MiB.
2026-09-27T21:26:15Z INFO [214/361] 1b7425c9-848f-484d-bd66-cc95ac6a4dfb: 48 datasets; 0.6 s; peak memory 1119 MiB.
2026-09-27T21:26:16Z INFO [215/361] 1b74286d-5986-4ed4-85c6-0075d248deed: 48 datasets; 0.6 s; peak memory 1119 MiB.
2026-09-27T21:26:16Z INFO [216/361] 1b753053-816f-429a-8c81-3130d6b13567: 48 datasets; 0.5 s; peak memory 1119 MiB.
2026-09-27T21:26:17Z INFO [217/361] 1b765e75-a098-4f4c-a662-4da961424e8d: 48 datasets; 0.5 s; peak memory 1119 MiB.
2026-09-27T21:26:17Z INFO [218/361] 1b7723f3-1c7a-417b-a678-78c96fa15569: 46 datasets; 0.4 s; peak memory 1119 MiB.
2026-09-27T21:26:21Z INFO [219/361] 1b7730e7-64b9-4c88-9c63-652ed57d4f68: 231 datasets; 3.6 s; peak memory 1119 MiB.
2026-09-27T21:26:25Z INFO [220/361] 1b7766c9-9cbd-4389-a992-3a0f510017f3: 368 datasets; 4.0 s; peak memory 1119 MiB.
2026-09-27T21:26:26Z INFO [221/361] 1b78fe3c-c22a-482c-92c9-3f9cd7d91d71: 118 datasets; 0.8 s; peak memory 1119 MiB.
2026-09-27T21:26:26Z INFO [222/361] 1b794147-c376-44b4-9112-a44ebe695251: 112 datasets; 0.7 s; peak memory 1119 MiB.
2026-09-27T21:26:27Z INFO [223/361] 1b799e1a-b2b1-4378-aa6d-e8783dffb234: 68 datasets; 0.9 s; peak memory 1119 MiB.
2026-09-27T21:27:54Z INFO [224/361] 1b79e3d6-48ab-4020-a9f2-76af621f22eb: 430 datasets; 86.6 s; peak memory 1119 MiB.
2026-09-27T21:27:55Z INFO [225/361] 1b7a0370-f6d6-4d2b-89d9-0d9e99fd8fba: 48 datasets; 0.7 s; peak memory 1119 MiB.
2026-09-27T21:27:59Z INFO [226/361] 1b7a78ac-2cce-44a7-9775-1e2c9ec56642: 56 datasets; 4.9 s; peak memory 1119 MiB.
2026-09-27T21:28:00Z INFO [227/361] 1b7adac2-10a4-4d29-8325-276d3661bd2b: 112 datasets; 0.8 s; peak memory 1119 MiB.
2026-09-27T21:28:15Z INFO [228/361] 1b7b973f-f5a4-4350-b7aa-dd18ad917208: 48 datasets; 14.8 s; peak memory 1119 MiB.
2026-09-27T21:28:17Z INFO [229/361] 1b7b9cb1-7f05-4a75-8c0b-e0240793239e: 188 datasets; 1.7 s; peak memory 1119 MiB.
2026-09-27T21:28:18Z INFO [230/361] 1b7c2ff4-0727-44b1-badb-61d6b7e857d9: 116 datasets; 1.4 s; peak memory 1119 MiB.
2026-09-27T21:28:19Z INFO [231/361] 1b7c7050-f6ae-46b4-af52-1510d28406bb: 112 datasets; 0.8 s; peak memory 1119 MiB.
2026-09-27T21:28:19Z INFO [232/361] 1b7c925d-13a7-4433-b822-ba2c25359660: 46 datasets; 0.4 s; peak memory 1119 MiB.
2026-09-27T21:28:21Z INFO [233/361] 1b7d4d30-8c19-44f9-88e0-faaa334ec248: 85 datasets; 1.7 s; peak memory 1119 MiB.
2026-09-27T21:28:22Z INFO [234/361] 1b7d5fcf-c1f7-42d3-b75f-4a02bb528c50: 110 datasets; 0.7 s; peak memory 1119 MiB.
2026-09-27T21:28:22Z INFO [235/361] 1b7e3700-3d1c-4397-8027-16eff53d192b: 48 datasets; 0.6 s; peak memory 1119 MiB.
2026-09-27T21:28:23Z INFO [236/361] 1b7e452c-1c00-4977-9f79-39dac588ed43: 46 datasets; 0.8 s; peak memory 1119 MiB.
2026-09-27T21:28:24Z INFO [237/361] 1b7e72ea-4410-4cc3-b1a8-bdc12a9f97dd: 47 datasets; 1.0 s; peak memory 1119 MiB.
2026-09-27T21:29:55Z INFO [238/361] 1b8160d9-5928-4c3d-ab7e-3524e9b98067: 280 datasets; 90.5 s; peak memory 1119 MiB.
2026-09-27T21:29:55Z INFO [239/361] 1b8260fd-fa99-468e-8eeb-14aa7896d47d: 116 datasets; 0.7 s; peak memory 1119 MiB.
2026-09-27T21:29:56Z INFO [240/361] 1b82d10c-a477-4fd0-a3fb-0e83308038a0: 48 datasets; 0.8 s; peak memory 1119 MiB.
2026-09-27T21:29:57Z INFO [241/361] 1b82e75c-f6c5-45f0-b3e8-c384f6634bd8: 93 datasets; 0.8 s; peak memory 1119 MiB.
2026-09-27T21:29:58Z INFO [242/361] 1b831fbb-a633-4d03-b663-720117085ff6: 117 datasets; 0.7 s; peak memory 1119 MiB.
2026-09-27T21:29:59Z INFO [243/361] 1b83631d-9091-48a8-a339-5eb888a5eb75: 48 datasets; 0.7 s; peak memory 1119 MiB.
2026-09-27T21:29:59Z INFO [244/361] 1b8543ad-45f8-40c9-926b-674efd9c3cf7: 48 datasets; 0.6 s; peak memory 1119 MiB.
2026-09-27T21:30:00Z INFO [245/361] 1b868978-8283-4c2c-ab47-186d7033ecda: 66 datasets; 0.8 s; peak memory 1119 MiB.
2026-09-27T21:30:01Z INFO [246/361] 1b87079e-8bbf-42ac-904b-9c15e5efeefe: 70 datasets; 0.7 s; peak memory 1119 MiB.
2026-09-27T21:30:01Z INFO [247/361] 1b871ce5-bda5-4a22-a78b-8dd468867f06: 101 datasets; 0.5 s; peak memory 1119 MiB.
2026-09-27T21:30:02Z INFO [248/361] 1b878f49-d3f2-4181-81a9-98654dd69df7: 113 datasets; 1.1 s; peak memory 1119 MiB.
2026-09-27T21:30:03Z INFO [249/361] 1b87dded-cc9f-4220-b413-b6429f7e7a57: 48 datasets; 0.7 s; peak memory 1119 MiB.
2026-09-27T21:30:04Z INFO [250/361] 1b881202-43a1-4774-8389-3018f030321c: 48 datasets; 0.7 s; peak memory 1119 MiB.
2026-09-27T21:30:04Z INFO [250/361] 1b881202-43a1-4774-8389-3018f030321c: checkpointed 60119 records.
2026-09-27T21:30:04Z INFO [251/361] 1b883ac6-4ec7-4cdd-8784-38584faade32: 113 datasets; 0.7 s; peak memory 1119 MiB.
2026-09-27T21:30:05Z INFO [252/361] 1b884d99-a328-4c80-b958-32f8fb6e987b: 48 datasets; 0.6 s; peak memory 1119 MiB.
2026-09-27T21:30:06Z INFO [253/361] 1b88c0fa-75b2-4f21-971a-b73d14dc16c9: 115 datasets; 1.2 s; peak memory 1119 MiB.
2026-09-27T21:30:09Z INFO [254/361] 1b88d699-9c6c-495c-96b5-d402223a36fb: 92 datasets; 2.4 s; peak memory 1119 MiB.
2026-09-27T21:30:09Z INFO [255/361] 1b8aa521-cfba-4dc3-a193-7a8c30641c18: 48 datasets; 0.6 s; peak memory 1119 MiB.
2026-09-27T21:30:13Z INFO [256/361] 1b8ae058-71ed-4507-9cbc-8e50e3b82151: 229 datasets; 3.8 s; peak memory 1119 MiB.
2026-09-27T21:30:14Z INFO [257/361] 1b8b5718-0ef3-4316-875c-428243db232d: 118 datasets; 0.7 s; peak memory 1119 MiB.
2026-09-27T21:30:17Z INFO [258/361] 1b8baa3c-fc44-4a63-824a-1ea4236b07c1: 223 datasets; 3.5 s; peak memory 1119 MiB.
2026-09-27T21:30:18Z INFO [259/361] 1b8e00e9-74cc-49de-bc8a-2e840f13a7a6: 48 datasets; 0.5 s; peak memory 1119 MiB.
2026-09-27T21:30:19Z INFO [260/361] 1b8f5b30-ec3e-4a3e-870c-9a223580977c: 119 datasets; 1.2 s; peak memory 1119 MiB.
2026-09-27T21:30:29Z INFO [261/361] 1b915b86-04ec-4b5a-a821-5a8a2dae1240: 282 datasets; 9.9 s; peak memory 1119 MiB.
2026-09-27T21:30:29Z INFO [262/361] 1b9224ef-1055-423f-bc67-52f9aaef415d: 48 datasets; 0.6 s; peak memory 1119 MiB.
2026-09-27T21:30:30Z INFO [263/361] 1b923cce-5c8e-4181-8158-fd2ba350ec47: 48 datasets; 0.6 s; peak memory 1119 MiB.
2026-09-27T21:30:33Z INFO [264/361] 1b92438b-cc8c-4550-a8ec-e18aed8725c1: 225 datasets; 3.2 s; peak memory 1119 MiB.
2026-09-27T21:30:34Z INFO [265/361] 1b9247fe-bbca-4944-95f4-2b864167f8c6: 71 datasets; 1.0 s; peak memory 1119 MiB.
2026-09-27T21:30:36Z INFO [266/361] 1b92ec40-44d5-43c8-a95c-cf7e04c9d643: 156 datasets; 2.0 s; peak memory 1119 MiB.
2026-09-27T21:30:37Z INFO [267/361] 1b947d1f-954e-4131-a3dc-7456ae4d30f3: 118 datasets; 0.7 s; peak memory 1119 MiB.
2026-09-27T21:30:38Z INFO [268/361] 1b948869-226a-4c52-ba79-8beded2c38bf: 71 datasets; 1.2 s; peak memory 1119 MiB.
2026-09-27T21:30:39Z INFO [269/361] 1b953042-a749-49bb-80a2-984546fec79b: 46 datasets; 0.7 s; peak memory 1119 MiB.
2026-09-27T21:30:50Z INFO [270/361] 1b953ae9-7b32-490c-9ed9-af701f20a829: 1118 datasets; 10.8 s; peak memory 1119 MiB.
2026-09-27T21:30:50Z INFO [271/361] 1b95632a-9eee-448c-b3cf-2e9bd941bcc7: 48 datasets; 0.5 s; peak memory 1119 MiB.
2026-09-27T21:30:51Z INFO [272/361] 1b968c8a-2836-4361-b4e4-fdf3dddaee1b: 48 datasets; 0.5 s; peak memory 1119 MiB.
2026-09-27T21:30:51Z INFO [273/361] 1b9744da-d881-4fae-98ee-652e9169a05c: 48 datasets; 0.6 s; peak memory 1119 MiB.
2026-09-27T21:30:52Z INFO [274/361] 1b97a617-4043-4b9e-8164-4ff787c8052c: 66 datasets; 0.6 s; peak memory 1119 MiB.
2026-09-27T21:30:53Z INFO [275/361] 1b987a6d-228d-40b0-90d2-5a0a025e3def: 70 datasets; 0.9 s; peak memory 1119 MiB.
2026-09-27T21:30:54Z INFO [276/361] 1b993152-afe8-4d85-92f0-68d3853fc6f0: 133 datasets; 1.2 s; peak memory 1119 MiB.
2026-09-27T21:30:55Z INFO [277/361] 1b99b8be-8dc0-4703-aae4-57440242d338: 41 datasets; 0.5 s; peak memory 1119 MiB.
2026-09-27T21:31:02Z INFO [278/361] 1b99f5f1-a074-4546-8b18-7e1134b8b256: 1179 datasets; 7.0 s; peak memory 1119 MiB.
2026-09-27T21:31:02Z INFO [279/361] 1b9a7d72-bb79-443b-a125-bcc804ab78c8: 46 datasets; 0.7 s; peak memory 1119 MiB.
2026-09-27T21:31:04Z INFO [280/361] 1b9aa0d8-f56d-4ef1-a43b-c7fbeb855446: 115 datasets; 1.7 s; peak memory 1119 MiB.
2026-09-27T21:31:05Z INFO [281/361] 1b9ba532-6cde-40dd-aa83-83b666af94bb: 117 datasets; 0.8 s; peak memory 1119 MiB.
2026-09-27T21:31:06Z INFO [282/361] 1b9bbb04-1a60-40e0-8217-572c548482bf: 112 datasets; 0.9 s; peak memory 1119 MiB.
2026-09-27T21:31:06Z INFO [283/361] 1b9c7301-63ae-4706-8e89-129e580c76bf: 46 datasets; 0.4 s; peak memory 1119 MiB.
2026-09-27T21:31:08Z INFO [284/361] 1b9d58c1-7d60-4507-a028-233e1321c6e4: 115 datasets; 1.9 s; peak memory 1119 MiB.
2026-09-27T21:31:09Z INFO [285/361] 1b9dadaf-74b1-4867-8546-6e2dfb5aaacc: 71 datasets; 0.9 s; peak memory 1119 MiB.
2026-09-27T21:31:10Z INFO [286/361] 1b9e6f06-2666-44ee-a49a-79e6c0898f39: 71 datasets; 1.2 s; peak memory 1119 MiB.
2026-09-27T21:31:11Z INFO [287/361] 1b9f0ab9-d914-4352-b380-7f8111b0c66c: 112 datasets; 0.8 s; peak memory 1119 MiB.
2026-09-27T21:31:12Z INFO [288/361] 1ba01123-b695-4b35-a25b-a4c7382f85d1: 71 datasets; 0.9 s; peak memory 1119 MiB.
2026-09-27T21:31:12Z INFO [289/361] 1ba08c2a-fb4f-4ef3-a398-38b3607bf4df: 46 datasets; 0.5 s; peak memory 1119 MiB.
2026-09-27T21:31:13Z INFO [290/361] 1ba09084-361b-45ba-baeb-eec8504bc328: 52 datasets; 0.7 s; peak memory 1119 MiB.
2026-09-27T21:31:14Z INFO [291/361] 1ba090d2-3f2b-4646-a7fc-93a8baadfed9: 112 datasets; 0.7 s; peak memory 1119 MiB.
2026-09-27T21:31:15Z INFO [292/361] 1ba10845-5a1f-4e17-9607-a643e61d2db0: 114 datasets; 1.5 s; peak memory 1119 MiB.
2026-09-27T21:31:16Z INFO [293/361] 1ba16c82-b557-43ad-899e-9227cb61f865: 77 datasets; 0.7 s; peak memory 1119 MiB.
2026-09-27T21:31:17Z INFO [294/361] 1ba1d425-2425-4d7c-8b0f-a632334a379d: 117 datasets; 0.7 s; peak memory 1119 MiB.
2026-09-27T21:31:24Z INFO [295/361] 1ba231fa-015d-477b-a73f-bb70a5b38c9c: 1141 datasets; 7.5 s; peak memory 1119 MiB.
2026-09-27T21:31:25Z INFO [296/361] 1ba28632-6e67-4b03-a9f9-4d33919b3604: 48 datasets; 0.7 s; peak memory 1119 MiB.
2026-09-27T21:31:25Z INFO [297/361] 1ba39f0b-77c2-4b27-bc8f-8c4beb0807fe: 48 datasets; 0.5 s; peak memory 1119 MiB.
2026-09-27T21:31:26Z INFO [298/361] 1ba443ac-9e0d-4b78-b714-166229458bb0: 61 datasets; 0.6 s; peak memory 1119 MiB.
2026-09-27T21:31:35Z INFO [299/361] 1ba4b3e6-d3d1-4d37-aa43-a043187ff2b3: 1587 datasets; 8.8 s; peak memory 1119 MiB.
2026-09-27T21:31:35Z INFO [300/361] 1ba4d6d3-e9ad-4861-8244-f4155dbf1d8b: 46 datasets; 0.6 s; peak memory 1119 MiB.
2026-09-27T21:31:35Z INFO [300/361] 1ba4d6d3-e9ad-4861-8244-f4155dbf1d8b: checkpointed 60169 records.
2026-09-27T21:33:18Z INFO [301/361] 1ba540e0-e065-4791-b8a1-1a6acca62a2d: 414 datasets; 102.3 s; peak memory 1119 MiB.
2026-09-27T21:33:18Z INFO [302/361] 1ba5f2a1-db39-4d14-9125-5eb5944e1432: 116 datasets; 0.7 s; peak memory 1119 MiB.
2026-09-27T21:33:19Z INFO [303/361] 1ba60107-438f-4a35-8a3d-d6d0b58e7519: 118 datasets; 0.8 s; peak memory 1119 MiB.
2026-09-27T21:33:20Z INFO [304/361] 1ba66446-2b17-4a19-902e-3672ab218590: 66 datasets; 0.9 s; peak memory 1119 MiB.
2026-09-27T21:33:21Z INFO [305/361] 1ba6e5df-7aa3-4506-99a3-93f735d87ef3: 70 datasets; 0.6 s; peak memory 1119 MiB.
2026-09-27T21:33:28Z INFO [306/361] 1ba6f66c-a93e-49cf-915f-956ca4c35376: 1050 datasets; 7.3 s; peak memory 1119 MiB.
2026-09-27T21:33:29Z INFO [307/361] 1ba7665b-ee37-40a8-a969-ee228d9669b4: 62 datasets; 1.0 s; peak memory 1119 MiB.
2026-09-27T21:33:32Z INFO [308/361] 1ba8867d-2718-46b2-9c74-f3c523d68669: 223 datasets; 2.9 s; peak memory 1119 MiB.
2026-09-27T21:33:33Z INFO [309/361] 1ba88e6d-2c50-46d9-9073-78da075eb16a: 48 datasets; 0.6 s; peak memory 1119 MiB.
2026-09-27T21:33:34Z INFO [310/361] 1ba8d463-c29f-4006-b51a-67a25cd6def7: 38 datasets; 1.5 s; peak memory 1119 MiB.
2026-09-27T21:33:35Z INFO [311/361] 1ba993f2-1b9e-437d-ad05-78d29d9d8376: 38 datasets; 0.5 s; peak memory 1119 MiB.
2026-09-27T21:33:35Z INFO [312/361] 1baa03b9-cdb0-4a55-a10c-60ca5bbb81c8: 36 datasets; 0.7 s; peak memory 1119 MiB.
2026-09-27T21:33:38Z INFO [313/361] 1baa7312-2c83-48af-936f-e0e660177b47: 721 datasets; 3.1 s; peak memory 1119 MiB.
2026-09-27T21:33:39Z INFO [314/361] 1baabc99-b8ad-4e7f-aced-d61ae3fdfb79: 68 datasets; 0.7 s; peak memory 1119 MiB.
2026-09-27T21:33:40Z INFO [315/361] 1baacfb5-31b8-4050-b1e6-63f1c6428224: 48 datasets; 0.7 s; peak memory 1119 MiB.
2026-09-27T21:33:40Z INFO [316/361] 1bab87ec-8ab4-4601-af69-e6be7e55df3a: 59 datasets; 0.5 s; peak memory 1119 MiB.
2026-09-27T21:33:41Z INFO [317/361] 1bab8c82-585c-4099-bfd8-9c1ad8b7f535: 117 datasets; 0.6 s; peak memory 1119 MiB.
2026-09-27T21:33:42Z INFO [318/361] 1bac753d-6e28-4858-9a5e-7d9988c4fe90: 48 datasets; 0.7 s; peak memory 1119 MiB.
2026-09-27T21:33:42Z INFO [319/361] 1bac9cbc-1ea1-4320-a6ff-da0301fff8a1: 78 datasets; 0.7 s; peak memory 1119 MiB.
2026-09-27T21:33:49Z INFO [320/361] 1bac9cc9-c928-48e6-aeb2-ce331e4ebf64: 777 datasets; 6.5 s; peak memory 1119 MiB.
2026-09-27T21:33:50Z INFO [321/361] 1bad6d6f-ee93-461a-a5dc-3bbf24952fd3: 117 datasets; 0.8 s; peak memory 1119 MiB.
2026-09-27T21:33:50Z INFO [322/361] 1badad61-8ba5-42a2-9393-670764c296fb: 48 datasets; 0.6 s; peak memory 1119 MiB.
2026-09-27T21:33:58Z INFO [323/361] 1bae53b3-f4f2-4eee-8d69-b9f243cff895: 1260 datasets; 7.6 s; peak memory 1119 MiB.
2026-09-27T21:34:06Z INFO [324/361] 1bae8118-c8fe-454f-bfaa-64255dda1977: 1059 datasets; 8.6 s; peak memory 1119 MiB.
2026-09-27T21:34:07Z INFO [325/361] 1baeb54d-f798-4434-a6fa-4b65134a24be: 117 datasets; 0.6 s; peak memory 1119 MiB.
2026-09-27T21:34:08Z INFO [326/361] 1baee707-d449-4293-8bd8-9c0ae09f1263: 69 datasets; 0.6 s; peak memory 1119 MiB.
2026-09-27T21:34:08Z INFO [327/361] 1baf3d76-ddd2-445e-917e-6242929690b9: 52 datasets; 0.6 s; peak memory 1119 MiB.
2026-09-27T21:34:09Z INFO [328/361] 1baf80b1-f6d7-44e9-a706-f988ad8c52ee: 52 datasets; 0.4 s; peak memory 1119 MiB.
2026-09-27T21:34:11Z INFO [329/361] 1baf879a-ee25-4056-815b-bfb21563c193: 92 datasets; 2.3 s; peak memory 1119 MiB.
2026-09-27T21:34:12Z INFO [330/361] 1baf93e1-7046-411b-9c2f-5f3927113d09: 275 datasets; 1.0 s; peak memory 1119 MiB.
2026-09-27T21:34:13Z INFO [331/361] 1bafec4e-3528-4281-9fe9-4a41df1c5917: 64 datasets; 0.9 s; peak memory 1119 MiB.
2026-09-27T21:34:13Z INFO [332/361] 1bb03c72-897c-42f7-853b-ed2ff3b0270f: 46 datasets; 0.4 s; peak memory 1119 MiB.
2026-09-27T21:34:14Z INFO [333/361] 1bb06a2b-cbfe-4e37-8b30-b94e4bcbb1ab: 117 datasets; 0.6 s; peak memory 1119 MiB.
2026-09-27T21:34:15Z INFO [334/361] 1bb0b1c9-f6be-46e9-8128-8671d1cf11b6: 112 datasets; 0.7 s; peak memory 1119 MiB.
2026-09-27T21:35:36Z INFO [335/361] 1bb0ea75-649d-4f4e-97bf-5b8541481e27: 413 datasets; 81.7 s; peak memory 1119 MiB.
2026-09-27T21:35:37Z INFO [336/361] 1bb10d6f-e24d-41d3-b2f1-6693ffc7457f: 112 datasets; 0.9 s; peak memory 1119 MiB.
2026-09-27T21:35:38Z INFO [337/361] 1bb20962-5d58-4e8c-b40a-4739dd2eef4a: 48 datasets; 0.6 s; peak memory 1119 MiB.
2026-09-27T21:35:38Z INFO [338/361] 1bb221ba-834a-46b0-a00a-b2d1d032d998: 48 datasets; 0.5 s; peak memory 1119 MiB.
2026-09-27T21:35:42Z INFO [339/361] 1bb2222c-fa2c-4d8e-88b1-7500c8878d2d: 625 datasets; 3.2 s; peak memory 1119 MiB.
2026-09-27T21:35:42Z INFO [340/361] 1bb268f4-7198-494c-ad97-4da1fc95228c: 52 datasets; 0.6 s; peak memory 1119 MiB.
2026-09-27T21:35:43Z INFO [341/361] 1bb3467d-9d10-4229-8139-d22ce9f6d970: 46 datasets; 0.7 s; peak memory 1119 MiB.
2026-09-27T21:35:43Z INFO [342/361] 1bb40179-79bd-4503-96d8-c6c27fbb0bde: 50 datasets; 0.5 s; peak memory 1119 MiB.
2026-09-27T21:35:44Z INFO [343/361] 1bb5114b-aab2-4fe9-86bb-120af73ec0ad: 118 datasets; 0.6 s; peak memory 1119 MiB.
2026-09-27T21:35:45Z INFO [344/361] 1bb53ee8-4ef3-4987-8173-32e70ffa3356: 117 datasets; 0.8 s; peak memory 1119 MiB.
2026-09-27T21:35:48Z INFO [345/361] 1bb57cd5-a94c-4e52-89e9-af54616bfe95: 254 datasets; 3.5 s; peak memory 1119 MiB.
2026-09-27T21:35:49Z INFO [346/361] 1bb5bdcf-226a-4ad7-9bf9-62ba30249b46: 64 datasets; 0.7 s; peak memory 1119 MiB.
2026-09-27T21:35:50Z INFO [347/361] 1bb5f783-c6c6-4fae-a7d9-74e6d7eb485a: 84 datasets; 0.8 s; peak memory 1119 MiB.
2026-09-27T21:35:51Z INFO [348/361] 1bb60539-f61a-4df3-9cd6-baf76709ce22: 116 datasets; 1.4 s; peak memory 1119 MiB.
2026-09-27T21:35:52Z INFO [349/361] 1bb66743-4bad-4de8-becf-bd949d1b3d7b: 114 datasets; 0.6 s; peak memory 1119 MiB.
2026-09-27T21:36:25Z INFO [350/361] 1bb68077-d9fb-4ac2-9bd3-71b8eb94a75a: 52 datasets; 33.8 s; peak memory 1119 MiB.
2026-09-27T21:36:26Z INFO [350/361] 1bb68077-d9fb-4ac2-9bd3-71b8eb94a75a: checkpointed 60219 records.
2026-09-27T21:36:26Z INFO [351/361] 1bb742d4-1939-49aa-9b94-0f077330a4bb: 48 datasets; 0.6 s; peak memory 1119 MiB.
2026-09-27T21:36:27Z INFO [352/361] 1bb82270-e286-45b3-951a-17f766b8ada8: 116 datasets; 0.8 s; peak memory 1119 MiB.
2026-09-27T21:36:32Z INFO [353/361] 1bb8338b-3421-4431-a5a2-8ad2f82e7368: 194 datasets; 4.9 s; peak memory 1119 MiB.
2026-09-27T21:36:33Z INFO [354/361] 1bb851c9-2e39-4cb3-a683-35f367bd2020: 118 datasets; 1.0 s; peak memory 1119 MiB.
2026-09-27T21:36:35Z INFO [355/361] 1bb869a4-6a6a-4116-8021-1548f117df9e: 133 datasets; 1.7 s; peak memory 1119 MiB.
2026-09-27T21:36:35Z INFO [356/361] 1bb8cd36-e01c-4a52-b1ec-6d6bcdc89c6e: 117 datasets; 0.7 s; peak memory 1119 MiB.
2026-09-27T21:36:36Z INFO [357/361] 1bb8e3aa-1ac8-4724-805b-43d0560278d5: 118 datasets; 0.8 s; peak memory 1119 MiB.
2026-09-27T21:36:39Z INFO [358/361] 1bb9123f-6f79-4e73-b628-13524538c35d: 186 datasets; 3.4 s; peak memory 1119 MiB.
2026-09-27T21:36:40Z INFO [359/361] 1bba4c71-7f4e-4caf-b457-efae76c40e4c: 66 datasets; 1.0 s; peak memory 1119 MiB.
2026-09-27T21:36:41Z INFO [360/361] 1bbce7ef-0cea-456b-a15f-1166150dca4e: 51 datasets; 0.8 s; peak memory 1119 MiB.
2026-09-27T21:36:46Z INFO [361/361] b86ff562-5c4d-4d8d-9d65-e27431a8d5c3: 79 datasets; 5.0 s; peak memory 1119 MiB.
2026-09-27T21:36:46Z INFO Wrote 60230 records to /tmp/derivatives/valid_nwb_file_to_number_of_datasets.jsonl (361 new, 0 failed) in 23.9 min (peak memory 1119 MiB).
