2026-10-04T00:34:44Z INFO Logging to /tmp/logs/update_2026-10-04T00-34-44Z.log.
2026-10-04T00:34:44Z INFO Update valid-nwb-file-to-number-of-datasets (base directory /tmp).
2026-10-04T00:34:44Z INFO Processing 750 items (69586 already recorded).
2026-10-04T00:34:52Z INFO [1/750] 2ee30cd0-7f75-4909-8db4-78f4d42f73bd: 538 datasets; 7.1 s; peak memory 119 MiB.
2026-10-04T00:34:53Z INFO [2/750] 2ee38cf0-fcc4-4cda-9314-9bd1f77369b8: 116 datasets; 1.7 s; peak memory 119 MiB.
2026-10-04T00:34:55Z INFO [3/750] 2ee4903b-5d0b-45c2-9280-9e194341ac07: 46 datasets; 1.6 s; peak memory 119 MiB.
2026-10-04T00:34:56Z INFO [4/750] 2ee53456-51b7-4b9e-8b60-c8f0df35f20f: 118 datasets; 1.5 s; peak memory 120 MiB.
2026-10-04T00:34:58Z INFO [5/750] 2ee648bd-dfa4-425c-88c6-4a052a2fefad: 92 datasets; 1.5 s; peak memory 120 MiB.
2026-10-04T00:35:00Z INFO [6/750] 2ee6b8e6-71aa-443a-a83c-545809b7fcea: 46 datasets; 2.1 s; peak memory 120 MiB.
2026-10-04T00:35:01Z INFO [7/750] 2ee79991-e5a7-4970-9eac-1e13834330c1: 110 datasets; 1.3 s; peak memory 120 MiB.
2026-10-04T00:35:10Z INFO [8/750] 2ee8aa72-42e7-46bd-a42a-665de469b881: 794 datasets; 8.5 s; peak memory 134 MiB.
2026-10-04T00:35:11Z INFO [9/750] 2ee8e247-9d70-42a9-86d7-8a523dda3639: 46 datasets; 1.0 s; peak memory 134 MiB.
2026-10-04T00:35:12Z INFO [10/750] 2ee93e85-8ad3-4315-a906-3fb2743638b5: 116 datasets; 1.6 s; peak memory 134 MiB.
2026-10-04T00:35:14Z INFO [11/750] 2eea6576-a1d9-4de4-87c4-80546046049a: 79 datasets; 1.8 s; peak memory 135 MiB.
2026-10-04T00:35:15Z INFO [12/750] 2eea7a2e-2740-4f6f-9792-e2da8bde5e9d: 46 datasets; 0.9 s; peak memory 135 MiB.
2026-10-04T00:35:18Z INFO [13/750] 2eed09c1-a146-4839-bcc1-2fc7244f4ecc: 115 datasets; 2.7 s; peak memory 135 MiB.
2026-10-04T00:35:19Z INFO [14/750] 2eeda87a-279a-4420-a1e7-baba89adb9b9: 48 datasets; 1.3 s; peak memory 135 MiB.
2026-10-04T00:35:20Z INFO [15/750] 2eee6129-82df-4b27-83f8-886b2fddba9a: 52 datasets; 1.4 s; peak memory 135 MiB.
2026-10-04T00:35:22Z INFO [16/750] 2eee84d2-a95a-4b8c-b50f-5416ceb7d3d9: 112 datasets; 2.0 s; peak memory 135 MiB.
2026-10-04T00:35:30Z INFO [17/750] 2eeed210-de35-4060-b3e6-891d6c8bce9e: 646 datasets; 7.7 s; peak memory 136 MiB.
2026-10-04T00:36:26Z INFO [18/750] 2eef123f-44f1-445a-b24c-55ada0216da6: 55 datasets; 55.6 s; peak memory 210 MiB.
2026-10-04T00:36:27Z INFO [19/750] 2eefad35-7b19-44ab-b506-13f26d88f624: 48 datasets; 1.3 s; peak memory 210 MiB.
2026-10-04T00:36:29Z INFO [20/750] 2eeff729-66fd-4e2c-bf26-17de3ff47535: 117 datasets; 1.5 s; peak memory 210 MiB.
2026-10-04T00:36:30Z INFO [21/750] 2ef06b36-0eef-4f86-8b66-7ca08af6f27d: 69 datasets; 1.4 s; peak memory 210 MiB.
2026-10-04T00:36:33Z INFO [22/750] 2ef0eebe-a557-46d3-a2b7-2f94ba748322: 156 datasets; 3.6 s; peak memory 210 MiB.
2026-10-04T00:36:36Z INFO [23/750] 2ef125fa-e305-46ad-9c0b-797449ad5d70: 71 datasets; 2.5 s; peak memory 210 MiB.
2026-10-04T00:36:37Z INFO [24/750] 2ef15f0f-268f-4320-b056-bfe74fd725ea: 41 datasets; 1.4 s; peak memory 210 MiB.
2026-10-04T00:36:38Z INFO [25/750] 2ef1ab24-ab0b-4354-a35a-9c5495b48ac1: 45 datasets; 1.1 s; peak memory 210 MiB.
2026-10-04T00:36:42Z INFO [26/750] 2ef1d92b-ab96-46b9-b650-f156078d9020: 152 datasets; 3.5 s; peak memory 210 MiB.
2026-10-04T00:36:43Z INFO [27/750] 2ef1ff5c-fcf1-4fcc-99d3-d9d03a422a04: 45 datasets; 1.0 s; peak memory 210 MiB.
2026-10-04T00:36:44Z INFO [28/750] 2ef219bd-63f0-4b2f-b9fe-54ef375ccd3c: 46 datasets; 1.0 s; peak memory 210 MiB.
2026-10-04T00:36:46Z INFO [29/750] 2ef2a144-42d2-4ea3-b86b-bf58185c2d71: 117 datasets; 1.6 s; peak memory 210 MiB.
2026-10-04T00:36:58Z INFO [30/750] 2ef317c9-379c-4c8d-9006-b52c18fa5f3c: 4420 datasets; 12.8 s; peak memory 210 MiB.
2026-10-04T00:37:00Z INFO [31/750] 2ef418b9-5817-43d7-b794-0e3513411c14: 48 datasets; 1.3 s; peak memory 210 MiB.
2026-10-04T00:37:02Z INFO [32/750] 2ef47d83-be07-43de-a057-18925447e9fd: 69 datasets; 2.1 s; peak memory 210 MiB.
2026-10-04T00:37:03Z INFO [33/750] 2ef4db1e-5f66-4281-a7b3-1a953544a502: 48 datasets; 1.4 s; peak memory 210 MiB.
2026-10-04T00:37:05Z INFO [34/750] 2ef4e170-4376-4a61-b1a7-b19fa14d5274: 64 datasets; 1.7 s; peak memory 210 MiB.
2026-10-04T00:37:06Z INFO [35/750] 2ef4e825-9a04-4e20-88e0-75cacd273bcf: 46 datasets; 1.3 s; peak memory 210 MiB.
2026-10-04T00:37:07Z INFO [36/750] 2ef5f290-6326-4194-82b9-5076e945e9e8: 43 datasets; 1.3 s; peak memory 210 MiB.
2026-10-04T00:37:15Z INFO [37/750] 2ef65201-d1c7-49bf-a4f9-63cb3e08b8d0: 200 datasets; 7.1 s; peak memory 210 MiB.
2026-10-04T00:37:16Z INFO [38/750] 2ef67774-c22c-4cc5-a0f6-d5b2bcdc45a3: 45 datasets; 1.1 s; peak memory 210 MiB.
2026-10-04T00:37:17Z INFO [39/750] 2ef71d23-9d5c-4b74-a3e8-18f57674e31d: 71 datasets; 1.7 s; peak memory 210 MiB.
2026-10-04T00:37:28Z INFO [40/750] 2ef807d6-c9da-4c51-ab7b-a90ff1215fb7: 402 datasets; 11.1 s; peak memory 210 MiB.
2026-10-04T00:37:30Z INFO [41/750] 2ef83cbc-e9a1-4092-81a7-49a8e0eebf18: 116 datasets; 1.4 s; peak memory 210 MiB.
2026-10-04T00:37:31Z INFO [42/750] 2ef8638d-0a0e-4cc8-83bb-e1b7664eff08: 69 datasets; 1.4 s; peak memory 210 MiB.
2026-10-04T00:37:33Z INFO [43/750] 2ef8a834-89f7-40e4-ade6-039454fe2a94: 118 datasets; 1.8 s; peak memory 210 MiB.
2026-10-04T00:37:40Z INFO [44/750] 2ef8acb3-9b6d-4b67-947d-44ee49be6c35: 194 datasets; 6.8 s; peak memory 210 MiB.
2026-10-04T00:37:41Z INFO [45/750] 2ef8c825-9a74-490c-ae98-04530afaa14b: 52 datasets; 1.4 s; peak memory 210 MiB.
2026-10-04T00:37:42Z INFO [46/750] 2ef9051c-60cb-467a-a315-211df286b14b: 48 datasets; 1.2 s; peak memory 210 MiB.
2026-10-04T00:37:45Z INFO [47/750] 2ef94fca-8c24-48fd-a616-8be858329f86: 70 datasets; 2.3 s; peak memory 210 MiB.
2026-10-04T00:37:46Z INFO [48/750] 2ef9a03a-465c-45b0-b87d-96d2574d1978: 72 datasets; 1.6 s; peak memory 210 MiB.
2026-10-04T00:37:50Z INFO [49/750] 2ef9ba17-b167-4f11-b512-9ab557c2e3f7: 157 datasets; 3.3 s; peak memory 210 MiB.
2026-10-04T00:37:51Z INFO [50/750] 2efb7453-e0ba-413e-a338-84b3b055fe87: 48 datasets; 1.2 s; peak memory 210 MiB.
2026-10-04T00:37:51Z INFO [50/750] 2efb7453-e0ba-413e-a338-84b3b055fe87: checkpointed 69636 records.
2026-10-04T00:37:56Z INFO [51/750] 2efc991e-9808-4351-b00d-cb6e24bd0414: 173 datasets; 4.7 s; peak memory 210 MiB.
2026-10-04T00:37:57Z INFO [52/750] 2efdc7e4-32c5-48bb-bff6-b836212b248a: 48 datasets; 1.3 s; peak memory 210 MiB.
2026-10-04T00:37:58Z INFO [53/750] 2efe14fb-67ab-411e-92dd-4d9ab550b380: 48 datasets; 1.2 s; peak memory 210 MiB.
2026-10-04T00:38:01Z INFO [54/750] 2efe6984-bc0d-49c2-817c-2b4c513e6c19: 38 datasets; 2.5 s; peak memory 210 MiB.
2026-10-04T00:38:02Z INFO [55/750] 2efe9ddb-e5c7-4878-9a98-2f4042021917: 112 datasets; 1.6 s; peak memory 210 MiB.
2026-10-04T00:38:12Z INFO [56/750] 2efedac7-6d78-47ec-8d8c-6a9b5a696b85: 832 datasets; 10.0 s; peak memory 210 MiB.
2026-10-04T00:38:13Z INFO [57/750] 2effbcab-c546-4d40-ac01-174ac1147a07: 46 datasets; 0.9 s; peak memory 210 MiB.
2026-10-04T00:38:14Z INFO [58/750] 2effce63-4d61-449b-92c7-b3e19543442c: 118 datasets; 1.4 s; peak memory 210 MiB.
2026-10-04T00:38:16Z INFO [59/750] 2f003714-d1a9-4de4-88da-4d437c79cc5c: 118 datasets; 1.7 s; peak memory 210 MiB.
2026-10-04T00:38:18Z INFO [60/750] 2f016891-10c6-45d3-ab4b-a1169dbbebf9: 117 datasets; 1.5 s; peak memory 210 MiB.
2026-10-04T00:38:19Z INFO [61/750] 2f01ac46-89d3-43f3-af9a-50fbd1145088: 69 datasets; 1.8 s; peak memory 210 MiB.
2026-10-04T00:39:11Z INFO [62/750] 2f031faa-b3d1-40f7-addd-b516e88be1e7: 55 datasets; 51.6 s; peak memory 221 MiB.
2026-10-04T00:39:26Z INFO [63/750] 2f0390f1-43e2-4acb-8152-696ca94b75d5: 5681 datasets; 14.8 s; peak memory 221 MiB.
2026-10-04T00:39:27Z INFO [64/750] 2f03b127-dd59-4670-b76e-12565891c021: 118 datasets; 1.6 s; peak memory 221 MiB.
2026-10-04T00:39:38Z INFO [65/750] 2f04d4f6-58fa-4046-913d-baee9b69d4e5: 336 datasets; 10.7 s; peak memory 221 MiB.
2026-10-04T00:39:40Z INFO [66/750] 2f0515eb-8794-4d20-b49a-09b301864277: 118 datasets; 1.7 s; peak memory 221 MiB.
2026-10-04T00:39:48Z INFO [67/750] 2f06aa88-d5ba-48fa-a339-7a85eef304e8: 725 datasets; 7.9 s; peak memory 221 MiB.
2026-10-04T00:39:49Z INFO [68/750] 2f074d5d-05b2-41ff-bb33-1f1bd18525d8: 48 datasets; 1.3 s; peak memory 221 MiB.
2026-10-04T00:39:51Z INFO [69/750] 2f0803fc-18fe-4ed0-9193-6e589a6c71c4: 118 datasets; 1.5 s; peak memory 221 MiB.
2026-10-04T00:39:52Z INFO [70/750] 2f085c16-a050-438e-9736-ea9ec2a1e09a: 117 datasets; 1.4 s; peak memory 221 MiB.
2026-10-04T00:39:53Z INFO [71/750] 2f088ca8-deab-4a4f-81ff-e25d3f41c09c: 116 datasets; 1.4 s; peak memory 221 MiB.
2026-10-04T00:39:55Z INFO [72/750] 2f08f971-d9a0-4301-b2f4-6f9b04b57403: 48 datasets; 1.2 s; peak memory 221 MiB.
2026-10-04T00:39:57Z INFO [73/750] 2f0a19e1-f645-45ad-a966-a0af5c964944: 41 datasets; 2.7 s; peak memory 221 MiB.
2026-10-04T00:39:59Z INFO [74/750] 2f0ac10d-5db0-41e3-95ad-08eb5994511e: 152 datasets; 2.0 s; peak memory 221 MiB.
2026-10-04T00:40:01Z INFO [75/750] 2f0b38ba-3787-49cc-807f-b345d1e45652: 66 datasets; 1.7 s; peak memory 221 MiB.
2026-10-04T00:40:03Z INFO [76/750] 2f0bf0ee-50e9-4351-a436-66e0decaed0e: 101 datasets; 1.9 s; peak memory 221 MiB.
2026-10-04T00:40:04Z INFO [77/750] 2f0ca2df-2971-473f-9566-7af916a37335: 48 datasets; 1.3 s; peak memory 221 MiB.
2026-10-04T00:40:06Z INFO [78/750] 2f0d6163-fba5-4c65-a835-22bfcee7331d: 66 datasets; 1.6 s; peak memory 221 MiB.
2026-10-04T00:40:07Z INFO [79/750] 2f0eb560-be7d-4719-a6ca-17ecfdfbf7cf: 56 datasets; 1.0 s; peak memory 221 MiB.
2026-10-04T00:40:08Z INFO [80/750] 2f0ee4f5-5cfe-49d9-9ef1-f42ee86c422b: 117 datasets; 1.7 s; peak memory 221 MiB.
2026-10-04T00:40:10Z INFO [81/750] 2f0f097b-224f-49b0-b3d3-13c251bb47e2: 117 datasets; 1.5 s; peak memory 221 MiB.
2026-10-04T00:40:12Z INFO [82/750] 2f0fa340-ba3a-4aa0-97d3-2c2715733331: 117 datasets; 1.6 s; peak memory 221 MiB.
2026-10-04T00:40:15Z INFO [83/750] 2f0fc706-150e-4387-a353-8e550739b551: 115 datasets; 3.0 s; peak memory 221 MiB.
2026-10-04T00:40:16Z INFO [84/750] 2f10566b-01b4-43e3-b649-576a112372c8: 48 datasets; 1.3 s; peak memory 221 MiB.
2026-10-04T00:40:18Z INFO [85/750] 2f1232d1-53f5-463b-a3a4-591147af5bfb: 71 datasets; 1.9 s; peak memory 221 MiB.
2026-10-04T00:40:19Z INFO [86/750] 2f1268b0-c611-4b5f-abb1-fcd26c81d46b: 48 datasets; 1.3 s; peak memory 221 MiB.
2026-10-04T00:40:22Z INFO [87/750] 2f12acf6-cf49-4237-a46b-30734d645736: 115 datasets; 2.9 s; peak memory 221 MiB.
2026-10-04T00:40:23Z INFO [88/750] 2f13035d-3f7d-4bb5-b9bc-199911960753: 69 datasets; 1.5 s; peak memory 221 MiB.
2026-10-04T00:40:25Z INFO [89/750] 2f13520c-c278-4d8f-9f6c-65bbbcd31cb3: 118 datasets; 1.5 s; peak memory 221 MiB.
2026-10-04T00:40:27Z INFO [90/750] 2f136a20-6155-4017-9cdd-b57d1e8b712d: 66 datasets; 1.6 s; peak memory 221 MiB.
2026-10-04T00:40:28Z INFO [91/750] 2f13feb7-1453-4e56-9ad0-a2b0a073cc67: 48 datasets; 1.3 s; peak memory 221 MiB.
2026-10-04T00:40:29Z INFO [92/750] 2f14e82e-b3a8-496a-9966-46ff8c7cae4b: 48 datasets; 1.3 s; peak memory 221 MiB.
2026-10-04T00:40:31Z INFO [93/750] 2f158352-5324-4fca-859d-26422d2bd95c: 117 datasets; 1.3 s; peak memory 221 MiB.
2026-10-04T00:40:32Z INFO [94/750] 2f15a7c2-634f-4a24-bf1a-52ebbd51606f: 92 datasets; 1.5 s; peak memory 221 MiB.
2026-10-04T00:40:34Z INFO [95/750] 2f15e7db-face-4b0f-961d-61066f4b0db7: 112 datasets; 1.6 s; peak memory 221 MiB.
2026-10-04T00:40:47Z INFO [96/750] 2f1616db-d713-4e1b-be99-38af4f79e2af: 970 datasets; 13.7 s; peak memory 221 MiB.
2026-10-04T00:40:49Z INFO [97/750] 2f16189e-233d-4cb6-890f-ccc0d0780afa: 48 datasets; 1.4 s; peak memory 221 MiB.
2026-10-04T00:40:50Z INFO [98/750] 2f16301d-5731-440e-b34a-14fa75f370c5: 112 datasets; 1.4 s; peak memory 221 MiB.
2026-10-04T00:40:51Z INFO [99/750] 2f16672e-488b-42ea-99d1-2de71cdbb2e6: 46 datasets; 1.0 s; peak memory 221 MiB.
2026-10-04T00:41:03Z INFO [100/750] 2f16c3d0-8cd3-4813-aa62-1130f576226c: 61 datasets; 12.1 s; peak memory 221 MiB.
2026-10-04T00:41:03Z INFO [100/750] 2f16c3d0-8cd3-4813-aa62-1130f576226c: checkpointed 69686 records.
2026-10-04T00:41:06Z INFO [101/750] 2f16dc99-08a2-43e9-bd09-5db48e7827bf: 114 datasets; 2.9 s; peak memory 221 MiB.
2026-10-04T00:41:26Z INFO [102/750] 2f176441-6b66-4a7c-b96a-a0400b346eba: 48 datasets; 19.8 s; peak memory 221 MiB.
2026-10-04T00:41:33Z INFO [103/750] 2f179647-0796-4661-8b05-c2d81511643c: 467 datasets; 7.3 s; peak memory 221 MiB.
2026-10-04T00:41:35Z INFO [104/750] 2f18a413-ed23-4a6d-a0e8-63045c2e2b9f: 124 datasets; 2.0 s; peak memory 221 MiB.
2026-10-04T00:41:38Z INFO [105/750] 2f18dee6-6a39-43ee-b63c-3271528281f0: 90 datasets; 2.7 s; peak memory 221 MiB.
2026-10-04T00:41:39Z INFO [106/750] 2f190b69-44e3-477d-9f97-9f22d2f06607: 48 datasets; 1.3 s; peak memory 221 MiB.
2026-10-04T00:41:40Z INFO [107/750] 2f1936b9-1127-4f85-81d5-326fc5d788ff: 57 datasets; 1.1 s; peak memory 221 MiB.
2026-10-04T00:41:42Z INFO [108/750] 2f1953f5-728c-4339-900c-e13e56a36aa7: 116 datasets; 1.6 s; peak memory 221 MiB.
2026-10-04T00:41:43Z INFO [109/750] 2f1a51e2-8253-4f4b-a474-2e9699c9aa7b: 46 datasets; 1.2 s; peak memory 221 MiB.
2026-10-04T00:41:45Z INFO [110/750] 2f1b2424-37d3-48b7-a020-9860e9712e9b: 52 datasets; 1.5 s; peak memory 221 MiB.
2026-10-04T00:41:46Z INFO [111/750] 2f1b6026-9af7-4b57-a92f-83b7c0856285: 51 datasets; 1.0 s; peak memory 221 MiB.
2026-10-04T00:41:47Z INFO [112/750] 2f1ba3b3-275a-4d52-a4b6-c63e53ae4a9d: 48 datasets; 1.5 s; peak memory 221 MiB.
2026-10-04T00:41:54Z INFO [113/750] 2f1bcbee-fbec-4ec3-95f3-3683febe983e: 196 datasets; 6.7 s; peak memory 221 MiB.
2026-10-04T00:41:55Z INFO [114/750] 2f1d5218-c3eb-4480-ba99-0ed7ce918577: 48 datasets; 1.2 s; peak memory 221 MiB.
2026-10-04T00:41:56Z INFO [115/750] 2f1d77e3-a168-46ec-8e6f-8c01f49b151f: 48 datasets; 1.3 s; peak memory 221 MiB.
2026-10-04T00:41:58Z INFO [116/750] 2f1d7e9c-572b-495c-8ecb-07663e98fe75: 70 datasets; 1.7 s; peak memory 221 MiB.
2026-10-04T00:41:59Z INFO [117/750] 2f1e0058-f43f-4101-bad5-00f79b0509ed: 48 datasets; 1.3 s; peak memory 221 MiB.
2026-10-04T00:42:07Z INFO [118/750] 2f20467a-b2be-4153-880e-5b1f1655e1cb: 537 datasets; 7.3 s; peak memory 221 MiB.
2026-10-04T00:42:08Z INFO [119/750] 2f20742b-748a-40c3-9f2a-becc7d2e3667: 48 datasets; 1.2 s; peak memory 221 MiB.
2026-10-04T00:42:09Z INFO [120/750] 2f20c1d1-053d-4491-b5bd-d6d324793a21: 116 datasets; 1.5 s; peak memory 221 MiB.
2026-10-04T00:42:11Z INFO [121/750] 2f211eb8-c5eb-4727-9e1e-cb46772ee21c: 69 datasets; 1.8 s; peak memory 221 MiB.
2026-10-04T00:42:13Z INFO [122/750] 2f221172-73ef-4a3f-b20e-48ea541227e8: 112 datasets; 1.5 s; peak memory 221 MiB.
2026-10-04T00:42:15Z INFO [123/750] 2f22b11a-7d81-4f10-a64d-94b6cbe7b3d4: 112 datasets; 2.0 s; peak memory 221 MiB.
2026-10-04T00:42:16Z INFO [124/750] 2f23df11-1a36-4034-b78d-daddd956ab05: 48 datasets; 1.2 s; peak memory 221 MiB.
2026-10-04T00:42:17Z INFO [125/750] 2f23f470-b3d5-4c90-8212-3951c219a838: 69 datasets; 1.5 s; peak memory 221 MiB.
2026-10-04T00:42:19Z INFO [126/750] 2f244a7a-5906-4ad6-b4fc-e710a37d6151: 48 datasets; 1.2 s; peak memory 221 MiB.
2026-10-04T00:42:21Z INFO [127/750] 2f24d0c2-48c7-4f53-bb44-0797590cabd9: 53 datasets; 2.3 s; peak memory 221 MiB.
2026-10-04T00:42:22Z INFO [128/750] 2f25baa4-bbdf-4686-ad70-298d76321b23: 48 datasets; 1.2 s; peak memory 221 MiB.
2026-10-04T00:42:23Z INFO [129/750] 2f266b7d-99c9-404a-a82d-159fb2139fcd: 48 datasets; 1.3 s; peak memory 221 MiB.
2026-10-04T00:42:26Z INFO [130/750] 2f2676be-9d81-4cce-9894-978e96f39643: 119 datasets; 2.5 s; peak memory 221 MiB.
2026-10-04T00:42:27Z INFO [131/750] 2f26a526-f4bc-4e3d-a2c1-630557050cf7: 66 datasets; 1.6 s; peak memory 221 MiB.
2026-10-04T00:42:29Z INFO [132/750] 2f2786ed-583c-4b67-a516-2c89c6fb3b41: 66 datasets; 1.9 s; peak memory 221 MiB.
2026-10-04T00:42:31Z INFO [133/750] 2f27ef6e-b794-4955-8a19-677e8b9c35bd: 48 datasets; 1.4 s; peak memory 221 MiB.
2026-10-04T00:42:32Z INFO [134/750] 2f2805e1-3ad7-48f8-bc8b-dfd831bf0412: 76 datasets; 1.5 s; peak memory 221 MiB.
2026-10-04T00:42:34Z INFO [135/750] 2f2885d5-17e3-4d62-9fbd-e445554ec718: 112 datasets; 1.9 s; peak memory 221 MiB.
2026-10-04T00:42:35Z INFO [136/750] 2f2916dc-f965-4fad-8e6a-0b33166a1f8c: 57 datasets; 1.0 s; peak memory 221 MiB.
2026-10-04T00:42:36Z INFO [137/750] 2f292d59-b718-414e-9ffd-17e0e0a1aa56: 38 datasets; 1.3 s; peak memory 221 MiB.
2026-10-04T00:42:38Z INFO [138/750] 2f2943d4-ff93-45af-8431-d0a49b02d279: 83 datasets; 1.4 s; peak memory 221 MiB.
2026-10-04T00:42:40Z INFO [139/750] 2f294ba7-16d8-4816-98b5-f83787d49255: 117 datasets; 1.8 s; peak memory 221 MiB.
2026-10-04T00:42:43Z INFO [140/750] 2f2982da-72ce-4979-8bab-a7cf1c526c36: 85 datasets; 3.4 s; peak memory 221 MiB.
2026-10-04T00:42:44Z INFO [141/750] 2f2a60a6-52d3-4a7f-914d-708fba4ef31a: 48 datasets; 1.3 s; peak memory 221 MiB.
2026-10-04T00:42:46Z INFO [142/750] 2f2aa467-3bae-4460-8c43-b95507355343: 111 datasets; 1.7 s; peak memory 221 MiB.
2026-10-04T00:42:48Z INFO [143/750] 2f2b70ee-5e50-4528-9977-01a96449cb1c: 69 datasets; 1.9 s; peak memory 221 MiB.
2026-10-04T00:42:55Z INFO [144/750] 2f2c4bc1-8be2-4ffe-9dc8-8b6cbf8d0981: 538 datasets; 7.2 s; peak memory 221 MiB.
2026-10-04T00:42:58Z INFO [145/750] 2f2c4db9-614d-479f-bade-21152e1fa222: 123 datasets; 3.1 s; peak memory 221 MiB.
2026-10-04T00:43:00Z INFO [146/750] 2f2c7649-ad03-4191-9517-c2f865d51246: 118 datasets; 1.4 s; peak memory 221 MiB.
2026-10-04T00:43:01Z INFO [147/750] 2f2d971b-c8ae-4370-9525-a1c983f4e633: 112 datasets; 1.9 s; peak memory 221 MiB.
2026-10-04T00:43:03Z INFO [148/750] 2f2de172-cb8f-442d-865b-4aa49e586e40: 71 datasets; 1.9 s; peak memory 221 MiB.
2026-10-04T00:43:05Z INFO [149/750] 2f2deeb8-5988-45c2-a9a6-0230be3765e6: 84 datasets; 1.3 s; peak memory 221 MiB.
2026-10-04T00:43:06Z INFO [150/750] 2f2e30b0-d039-4328-9fdc-db06710a2435: 48 datasets; 1.2 s; peak memory 221 MiB.
2026-10-04T00:43:06Z INFO [150/750] 2f2e30b0-d039-4328-9fdc-db06710a2435: checkpointed 69736 records.
2026-10-04T00:43:08Z INFO [151/750] 2f2f2439-941f-4014-93f7-469fdfc4b9da: 117 datasets; 1.6 s; peak memory 221 MiB.
2026-10-04T00:43:09Z INFO [152/750] 2f2f3816-e613-4adc-be68-0f96f784d872: 39 datasets; 1.3 s; peak memory 221 MiB.
2026-10-04T00:43:12Z INFO [153/750] 2f2f4320-0483-4ef2-86c5-9a3ebc2c520d: 116 datasets; 3.0 s; peak memory 221 MiB.
2026-10-04T00:43:14Z INFO [154/750] 2f2f9a1c-b729-4233-b5e6-28be79ba0cf2: 71 datasets; 2.6 s; peak memory 221 MiB.
2026-10-04T00:43:22Z INFO [155/750] 2f2fce73-a53e-4b37-9d39-07656dc52785: 648 datasets; 7.2 s; peak memory 221 MiB.
2026-10-04T00:43:23Z INFO [156/750] 2f302ddd-7709-4cff-b4de-48bc083588a0: 48 datasets; 1.3 s; peak memory 221 MiB.
2026-10-04T00:43:43Z INFO [157/750] 2f30ffe6-1e5e-42b2-8587-41f303bc6748: 694 datasets; 20.1 s; peak memory 221 MiB.
2026-10-04T00:43:44Z INFO [158/750] 2f311ea6-7156-4412-bc59-38eaf02a36b5: 84 datasets; 1.5 s; peak memory 221 MiB.
2026-10-04T00:43:46Z INFO [159/750] 2f31707b-f5e2-4802-b844-ffbc723b0122: 117 datasets; 1.5 s; peak memory 221 MiB.
2026-10-04T00:43:49Z INFO [160/750] 2f31e928-bdfa-44d9-bcd6-7337c75c5021: 138 datasets; 3.4 s; peak memory 221 MiB.
2026-10-04T00:43:51Z INFO [161/750] 2f31ecff-6f8d-4de5-9da3-7bd3b9102938: 64 datasets; 1.8 s; peak memory 221 MiB.
2026-10-04T00:43:52Z INFO [162/750] 2f3223bb-b495-44e8-bb33-d904e01383b2: 119 datasets; 1.2 s; peak memory 221 MiB.
2026-10-04T00:43:57Z INFO [163/750] 2f324ab6-c03c-446b-8b4c-f72e11260b55: 38 datasets; 4.9 s; peak memory 222 MiB.
2026-10-04T00:43:59Z INFO [164/750] 2f329e56-abac-403b-9d89-baa7cdf87c67: 48 datasets; 1.2 s; peak memory 222 MiB.
2026-10-04T00:44:00Z INFO [165/750] 2f32f476-dab4-472b-869a-728a677034a6: 48 datasets; 1.3 s; peak memory 222 MiB.
2026-10-04T00:44:01Z INFO [166/750] 2f33edc7-66cf-4a80-9908-a26f180da285: 81 datasets; 1.6 s; peak memory 222 MiB.
2026-10-04T00:44:03Z INFO [167/750] 2f35501f-2b61-40a4-acd8-2e52b4f59daf: 93 datasets; 1.9 s; peak memory 222 MiB.
2026-10-04T00:44:17Z INFO [168/750] 2f35731e-0b41-461a-8515-68155997b2b0: 903 datasets; 13.2 s; peak memory 222 MiB.
2026-10-04T00:44:29Z INFO [169/750] 2f359ec0-df33-489b-bc58-3357f09b841d: 53 datasets; 12.0 s; peak memory 222 MiB.
2026-10-04T00:44:31Z INFO [170/750] 2f36565d-964d-4321-868f-c309f62172df: 69 datasets; 2.1 s; peak memory 222 MiB.
2026-10-04T00:44:32Z INFO [171/750] 2f3678c7-06e0-4910-a6d8-0f09d93dd58a: 48 datasets; 1.3 s; peak memory 222 MiB.
2026-10-04T00:44:35Z INFO [172/750] 2f380983-0971-47a7-ac0a-a0e477315934: 71 datasets; 2.5 s; peak memory 222 MiB.
2026-10-04T00:44:36Z INFO [173/750] 2f383eb8-a2e6-4cd6-a8bb-edd3f8efcc48: 48 datasets; 1.2 s; peak memory 222 MiB.
2026-10-04T00:44:37Z INFO [174/750] 2f39b413-b43d-4152-a6ee-a178e0700ea6: 109 datasets; 1.6 s; peak memory 222 MiB.
2026-10-04T00:44:39Z INFO [175/750] 2f3a47de-85f1-4b68-9247-c3a450fe59b8: 71 datasets; 2.1 s; peak memory 222 MiB.
2026-10-04T00:44:41Z INFO [176/750] 2f3ad8b5-c584-461d-be5d-73ba0b7bdabf: 116 datasets; 1.4 s; peak memory 222 MiB.
2026-10-04T00:44:43Z INFO [177/750] 2f3ad9b4-540e-4da0-bebb-1c454678ece2: 112 datasets; 1.8 s; peak memory 222 MiB.
2026-10-04T00:44:44Z INFO [178/750] 2f3b94bc-78fa-4039-94f5-14fc93aeb66b: 117 datasets; 1.5 s; peak memory 222 MiB.
2026-10-04T00:44:46Z INFO [179/750] 2f3bf754-7cf7-447a-811c-a579a17c6f5b: 112 datasets; 1.8 s; peak memory 222 MiB.
2026-10-04T00:44:49Z INFO [180/750] 2f3c7629-a283-4e42-ac3e-a36585c00fb3: 118 datasets; 3.4 s; peak memory 222 MiB.
2026-10-04T00:44:50Z INFO [181/750] 2f3cb872-9491-46e5-a2b6-c1547641f1f2: 48 datasets; 1.2 s; peak memory 222 MiB.
2026-10-04T00:44:53Z INFO [182/750] 2f3d5d19-defc-4d62-b927-0034efbd8baa: 38 datasets; 3.0 s; peak memory 222 MiB.
2026-10-04T00:44:55Z INFO [183/750] 2f3e16b0-394a-4535-bb3b-db3fe38376ed: 66 datasets; 1.6 s; peak memory 222 MiB.
2026-10-04T00:44:57Z INFO [184/750] 2f3e469b-5b31-47d6-b2be-8ff162affb1b: 118 datasets; 1.4 s; peak memory 222 MiB.
2026-10-04T00:45:03Z INFO [185/750] 2f3e630d-2a88-4aee-b900-60968ce94d84: 229 datasets; 6.3 s; peak memory 222 MiB.
2026-10-04T00:45:04Z INFO [186/750] 2f3e656c-d3ba-40ea-93fa-2b6308053323: 46 datasets; 1.1 s; peak memory 222 MiB.
2026-10-04T00:45:05Z INFO [187/750] 2f3edc58-b09e-4571-bb1c-1ffb2f768b57: 52 datasets; 1.3 s; peak memory 222 MiB.
2026-10-04T00:45:06Z INFO [188/750] 2f3f0436-ba08-4d4c-802d-1d4cebf6dd4d: 48 datasets; 1.3 s; peak memory 222 MiB.
2026-10-04T00:45:08Z INFO [189/750] 2f40523a-a115-4971-b790-65f5da538c5c: 117 datasets; 1.6 s; peak memory 222 MiB.
2026-10-04T00:45:09Z INFO [190/750] 2f407657-f57c-4399-b16a-f9bb5fc12a0a: 48 datasets; 1.3 s; peak memory 222 MiB.
2026-10-04T00:45:11Z INFO [191/750] 2f40b757-ba60-4c63-befc-ad15994531c2: 48 datasets; 1.3 s; peak memory 222 MiB.
2026-10-04T00:45:12Z INFO [192/750] 2f40f7ba-b960-4106-9ac8-6d364b4759d3: 37 datasets; 1.2 s; peak memory 222 MiB.
2026-10-04T00:47:51Z INFO [193/750] 2f41a04a-9ffe-49a2-8110-e966e1094e7e: 260 datasets; 158.8 s; peak memory 316 MiB.
2026-10-04T00:47:52Z INFO [194/750] 2f4234cf-8bae-4dee-9500-ecf366c39f3f: 48 datasets; 1.2 s; peak memory 316 MiB.
2026-10-04T00:47:53Z INFO [195/750] 2f4280da-01b9-4e02-ae78-825172a0a57a: 72 datasets; 1.3 s; peak memory 316 MiB.
2026-10-04T00:47:55Z INFO [196/750] 2f42ac2d-a024-4d37-a230-fd74bcf02942: 48 datasets; 1.3 s; peak memory 316 MiB.
2026-10-04T00:47:56Z INFO [197/750] 2f4308f1-a0ce-4479-8d1e-c2170fe841d7: 46 datasets; 1.2 s; peak memory 316 MiB.
2026-10-04T00:47:58Z INFO [198/750] 2f44728c-9c3f-4a3c-8700-9a27eacd0d01: 70 datasets; 2.0 s; peak memory 316 MiB.
2026-10-04T00:48:00Z INFO [199/750] 2f4563b7-bb1b-482d-bed1-ddb81e66eda9: 112 datasets; 1.8 s; peak memory 316 MiB.
2026-10-04T00:48:01Z INFO [200/750] 2f46689c-1ccc-4f44-b33a-8b14cf16366a: 116 datasets; 1.5 s; peak memory 316 MiB.
2026-10-04T00:48:01Z INFO [200/750] 2f46689c-1ccc-4f44-b33a-8b14cf16366a: checkpointed 69786 records.
2026-10-04T00:48:03Z INFO [201/750] 2f46eaff-dede-4e8d-927d-fc23505179fd: 116 datasets; 1.6 s; peak memory 316 MiB.
2026-10-04T00:48:04Z INFO [202/750] 2f471eee-918f-41cf-8772-d74ac3d34d4d: 50 datasets; 1.0 s; peak memory 316 MiB.
2026-10-04T00:48:11Z INFO [203/750] 2f47bc82-abec-4d3c-9f34-409540312ec9: 193 datasets; 7.2 s; peak memory 316 MiB.
2026-10-04T00:48:12Z INFO [204/750] 2f484be6-9818-4a27-b859-f68b6995e619: 45 datasets; 1.1 s; peak memory 316 MiB.
2026-10-04T00:48:14Z INFO [205/750] 2f4a6a12-fb68-45dc-b699-c3944c5446f8: 71 datasets; 2.2 s; peak memory 316 MiB.
2026-10-04T00:48:16Z INFO [206/750] 2f4ada86-2ada-427f-9e7d-c39e421d2ed7: 112 datasets; 2.0 s; peak memory 316 MiB.
2026-10-04T00:48:18Z INFO [207/750] 2f4ae043-37f5-4179-bf94-e0ec5c0a123c: 112 datasets; 1.9 s; peak memory 316 MiB.
2026-10-04T00:48:20Z INFO [208/750] 2f4b9350-f9e6-48d6-86a4-7057940949c3: 71 datasets; 2.4 s; peak memory 316 MiB.
2026-10-04T00:48:25Z INFO [209/750] 2f4db86c-6c5d-41ae-af6b-154ded83bdcd: 48 datasets; 4.1 s; peak memory 316 MiB.
2026-10-04T00:48:26Z INFO [210/750] 2f4f25f4-e41c-49fd-be50-8012893ec3c2: 62 datasets; 1.9 s; peak memory 316 MiB.
2026-10-04T00:48:28Z INFO [211/750] 2f506bdd-82f8-41c8-a1e4-3ebc69288de9: 64 datasets; 1.8 s; peak memory 316 MiB.
2026-10-04T00:48:30Z INFO [212/750] 2f508d4e-d3d2-4466-b6bc-61099fd6353c: 113 datasets; 1.7 s; peak memory 316 MiB.
2026-10-04T00:48:31Z INFO [213/750] 2f50ad5f-b0aa-40af-ad2f-3b634d6a9eda: 112 datasets; 1.6 s; peak memory 316 MiB.
2026-10-04T00:48:33Z INFO [214/750] 2f50b2a6-dca0-456f-97a7-37dd9cfd0050: 112 datasets; 1.5 s; peak memory 316 MiB.
2026-10-04T00:48:34Z INFO [215/750] 2f5145b0-2e1f-42b5-bf01-a17b1ee8ec7c: 36 datasets; 1.2 s; peak memory 316 MiB.
2026-10-04T00:48:36Z INFO [216/750] 2f517be1-e40b-4dde-a28e-a7c2fe200bad: 112 datasets; 1.7 s; peak memory 316 MiB.
2026-10-04T00:48:37Z INFO [217/750] 2f522ed8-6a29-4afd-a401-78b813164d75: 46 datasets; 1.2 s; peak memory 316 MiB.
2026-10-04T00:48:39Z INFO [218/750] 2f52302e-542a-43e1-967d-5fbdc4a50cba: 69 datasets; 1.8 s; peak memory 316 MiB.
2026-10-04T00:48:40Z INFO [219/750] 2f52747b-2875-4a83-bca2-6a24b4b07873: 48 datasets; 1.3 s; peak memory 316 MiB.
2026-10-04T00:48:46Z INFO [220/750] 2f52ec14-783f-4722-9460-88b4cc0dbbca: 213 datasets; 5.5 s; peak memory 316 MiB.
2026-10-04T00:48:47Z INFO [221/750] 2f53bcc7-cfab-4c11-a116-ba5b4fb38184: 48 datasets; 1.2 s; peak memory 316 MiB.
2026-10-04T00:48:48Z INFO [222/750] 2f546f45-43c1-4f23-9f1f-3713d1571d13: 45 datasets; 1.0 s; peak memory 316 MiB.
2026-10-04T00:48:49Z INFO [223/750] 2f54f291-7ce6-424f-bb3e-7b0edccfc8f6: 117 datasets; 1.5 s; peak memory 316 MiB.
2026-10-04T00:48:51Z INFO [224/750] 2f552b89-84da-4b7e-96e3-12730a55ac69: 74 datasets; 1.4 s; peak memory 316 MiB.
2026-10-04T00:48:52Z INFO [225/750] 2f56eea3-745d-46cb-9c65-51df6e0ec81e: 46 datasets; 0.9 s; peak memory 316 MiB.
2026-10-04T00:48:55Z INFO [226/750] 2f56fa3a-bceb-4b0b-9bc9-1fb415a08a43: 231 datasets; 3.4 s; peak memory 316 MiB.
2026-10-04T00:48:56Z INFO [227/750] 2f57d455-2cff-453f-9d31-ce8d427be8d3: 41 datasets; 1.2 s; peak memory 316 MiB.
2026-10-04T00:48:58Z INFO [228/750] 2f5888f3-20fc-496c-9821-dc7897584404: 112 datasets; 1.8 s; peak memory 316 MiB.
2026-10-04T00:49:00Z INFO [229/750] 2f58e290-05f3-41a5-8f22-ca83cf6c1d54: 110 datasets; 2.1 s; peak memory 316 MiB.
2026-10-04T00:49:01Z INFO [230/750] 2f5ac776-cada-43cf-9b27-8665fa497763: 48 datasets; 1.1 s; peak memory 316 MiB.
2026-10-04T00:49:03Z INFO [231/750] 2f5d6166-bc2a-4f0b-8306-2822e49ec3a0: 71 datasets; 2.1 s; peak memory 316 MiB.
2026-10-04T00:49:19Z INFO [232/750] 2f5dafc7-d22d-40db-8193-d3ed24f1ff33: 467 datasets; 15.2 s; peak memory 316 MiB.
2026-10-04T00:49:20Z INFO [233/750] 2f5dc5a3-31f4-4224-b742-3ba41b576803: 117 datasets; 1.4 s; peak memory 316 MiB.
2026-10-04T00:49:21Z INFO [234/750] 2f5dd9d7-4d06-4562-b283-db520cf6c353: 39 datasets; 1.3 s; peak memory 316 MiB.
2026-10-04T00:49:24Z INFO [235/750] 2f5ea876-3687-4908-b01c-815207b3e1a9: 119 datasets; 2.4 s; peak memory 316 MiB.
2026-10-04T00:49:25Z INFO [236/750] 2f5ead23-ed11-4481-8979-78af0e43b3d3: 48 datasets; 1.1 s; peak memory 316 MiB.
2026-10-04T00:49:26Z INFO [237/750] 2f5edc0e-8c59-4b01-a5f6-7b24e8309e0b: 117 datasets; 1.7 s; peak memory 316 MiB.
2026-10-04T00:49:28Z INFO [238/750] 2f5f03f8-9781-4ed5-8ffb-aba769c2f51b: 66 datasets; 1.5 s; peak memory 316 MiB.
2026-10-04T00:49:30Z INFO [239/750] 2f5f4714-bf20-409a-9244-c8b16a39dfaa: 66 datasets; 1.7 s; peak memory 316 MiB.
2026-10-04T00:49:32Z INFO [240/750] 2f604e8f-3cc0-498d-8421-d7161d4e45fa: 48 datasets; 2.0 s; peak memory 316 MiB.
2026-10-04T00:49:33Z INFO [241/750] 2f6080b0-2604-4ef9-b0ed-c0c964a03735: 117 datasets; 1.5 s; peak memory 316 MiB.
2026-10-04T00:49:34Z INFO [242/750] 2f60a392-097a-4150-8aaa-8a7d07f23734: 48 datasets; 1.2 s; peak memory 316 MiB.
2026-10-04T00:49:36Z INFO [243/750] 2f60b471-b26e-4464-84fc-75fd44d11794: 117 datasets; 1.5 s; peak memory 316 MiB.
2026-10-04T00:49:43Z INFO [244/750] 2f60b944-4fa3-4394-9d8c-c7bb1e9a3624: 200 datasets; 6.6 s; peak memory 316 MiB.
2026-10-04T00:49:48Z INFO [245/750] 2f60fb0e-7456-4186-8e05-3c5ef186f31f: 430 datasets; 5.3 s; peak memory 316 MiB.
2026-10-04T00:49:50Z INFO [246/750] 2f61c227-fafd-4bef-9ed9-b1d8041498c9: 101 datasets; 2.2 s; peak memory 316 MiB.
2026-10-04T00:49:51Z INFO [247/750] 2f626ce3-7e1b-4108-afc4-7c2773ca972b: 48 datasets; 1.2 s; peak memory 316 MiB.
2026-10-04T00:49:54Z INFO [248/750] 2f639bfe-ea94-4f33-9854-79d294a57cc3: 115 datasets; 2.8 s; peak memory 316 MiB.
2026-10-04T00:49:58Z INFO [249/750] 2f63c6fd-6f26-4b4c-8303-19491f5e46f3: 156 datasets; 3.6 s; peak memory 316 MiB.
2026-10-04T00:49:59Z INFO [250/750] 2f648507-c96c-4afc-993c-84fb9d730f97: 48 datasets; 1.4 s; peak memory 316 MiB.
2026-10-04T00:49:59Z INFO [250/750] 2f648507-c96c-4afc-993c-84fb9d730f97: checkpointed 69836 records.
2026-10-04T00:50:01Z INFO [251/750] 2f6507ec-7839-48c5-b6de-b5770fb04f8e: 117 datasets; 1.6 s; peak memory 316 MiB.
2026-10-04T00:50:03Z INFO [252/750] 2f65b0ed-f05c-48e3-b2e3-e73716e5a6da: 71 datasets; 1.9 s; peak memory 316 MiB.
2026-10-04T00:50:04Z INFO [253/750] 2f65d2d8-f87f-4f9f-a3da-1eddaa8ee689: 48 datasets; 1.2 s; peak memory 316 MiB.
2026-10-04T00:50:05Z INFO [254/750] 2f65e128-38f9-4e25-a3c8-05a3c14a2613: 59 datasets; 1.5 s; peak memory 316 MiB.
2026-10-04T00:50:06Z INFO [255/750] 2f65f371-9711-48b6-868a-48db55a94b83: 46 datasets; 0.9 s; peak memory 316 MiB.
2026-10-04T00:50:08Z INFO [256/750] 2f666b30-3d1e-4244-88e8-7bb22f8368d1: 117 datasets; 1.6 s; peak memory 316 MiB.
2026-10-04T00:50:09Z INFO [257/750] 2f66a25b-88ec-45e7-afdb-2394713b4184: 48 datasets; 1.2 s; peak memory 316 MiB.
2026-10-04T00:50:32Z INFO [258/750] 2f67bfcd-9a73-4743-9e53-ae099fd950cb: 1247 datasets; 22.4 s; peak memory 316 MiB.
2026-10-04T00:50:33Z INFO [259/750] 2f67e413-47a7-42f0-983a-c14173f990f8: 112 datasets; 1.4 s; peak memory 316 MiB.
2026-10-04T00:50:34Z INFO [260/750] 2f680d03-d06c-42eb-a2ee-5ffa7b73df1d: 85 datasets; 1.5 s; peak memory 316 MiB.
2026-10-04T00:50:36Z INFO [261/750] 2f686d7e-5c95-4d30-b452-9ef1b0dd8f66: 101 datasets; 1.3 s; peak memory 316 MiB.
2026-10-04T00:50:52Z INFO [262/750] 2f68ae90-0afa-4959-b03b-f46e582ebe52: 1115 datasets; 16.0 s; peak memory 316 MiB.
2026-10-04T00:50:53Z INFO [263/750] 2f68de4e-9790-4a79-a1b1-797677e0cb6c: 48 datasets; 1.3 s; peak memory 316 MiB.
2026-10-04T00:50:56Z INFO [264/750] 2f6961bc-8281-4a90-ba9c-a7fdb49f3f41: 101 datasets; 2.9 s; peak memory 316 MiB.
2026-10-04T00:50:59Z INFO [265/750] 2f698c2d-71ef-4773-b09e-56f6c26da48e: 80 datasets; 3.4 s; peak memory 316 MiB.
2026-10-04T00:51:01Z INFO [266/750] 2f6a0b81-64bc-4d99-a97d-f83efe0a6b87: 48 datasets; 1.3 s; peak memory 316 MiB.
2026-10-04T00:51:12Z INFO [267/750] 2f6a2388-0509-4380-886a-649dc45fb01a: 1144 datasets; 11.4 s; peak memory 316 MiB.
2026-10-04T00:51:13Z INFO [268/750] 2f6a2ee7-dd13-4c79-b047-65ff385255b8: 48 datasets; 1.3 s; peak memory 316 MiB.
2026-10-04T00:51:15Z INFO [269/750] 2f6a76d5-6f39-4c68-8dfa-715d6d3945ef: 48 datasets; 1.3 s; peak memory 316 MiB.
2026-10-04T00:51:16Z INFO [270/750] 2f6a89f9-4389-40ae-89b9-f69d9e9ef373: 68 datasets; 1.5 s; peak memory 316 MiB.
2026-10-04T00:51:18Z INFO [271/750] 2f6ac43a-8536-433e-93e7-18174c29c571: 118 datasets; 1.5 s; peak memory 316 MiB.
2026-10-04T00:51:20Z INFO [272/750] 2f6ad8e1-f635-4343-bc35-6f2a3059cfa7: 144 datasets; 2.3 s; peak memory 316 MiB.
2026-10-04T00:52:19Z INFO [273/750] 2f6b7ef7-4f59-4b82-b040-d4d6f633a61e: 21104 datasets; 59.5 s; peak memory 325 MiB.
2026-10-04T00:52:21Z INFO [274/750] 2f6bec2c-6758-468e-9624-07f2a6f24d95: 48 datasets; 1.2 s; peak memory 325 MiB.
2026-10-04T00:52:35Z INFO [275/750] 2f6c63bb-a725-4dde-bebd-a187878ac111: 1546 datasets; 14.2 s; peak memory 325 MiB.
2026-10-04T00:52:36Z INFO [276/750] 2f6c9905-87d2-4a46-8852-49b2f0f75d0f: 52 datasets; 1.0 s; peak memory 325 MiB.
2026-10-04T00:52:41Z INFO [277/750] 2f6d8e13-4659-42d8-b0fd-dd62c531bdc2: 229 datasets; 5.4 s; peak memory 325 MiB.
2026-10-04T00:52:43Z INFO [278/750] 2f6dd27b-3bb7-4acd-9d3d-c8f2cc3ac2a8: 115 datasets; 1.5 s; peak memory 325 MiB.
2026-10-04T00:52:44Z INFO [279/750] 2f6dfc9f-9084-49e2-a7bf-de0ea6d90954: 48 datasets; 1.3 s; peak memory 325 MiB.
2026-10-04T00:52:45Z INFO [280/750] 2f6e2052-c69e-4b63-8671-eacb55670c30: 38 datasets; 1.2 s; peak memory 325 MiB.
2026-10-04T00:52:47Z INFO [281/750] 2f6e635a-1c6d-43af-b941-a0a31d59f29e: 117 datasets; 1.6 s; peak memory 325 MiB.
2026-10-04T00:52:48Z INFO [282/750] 2f6ec102-f4bf-4d47-b713-c9af4c142429: 118 datasets; 1.5 s; peak memory 325 MiB.
2026-10-04T00:52:49Z INFO [283/750] 2f70dc87-87f0-45b4-a744-05445ff54ca4: 59 datasets; 1.3 s; peak memory 325 MiB.
2026-10-04T00:52:51Z INFO [284/750] 2f714f61-80c0-4d8a-b6aa-fa397a15664a: 48 datasets; 1.2 s; peak memory 325 MiB.
2026-10-04T00:52:52Z INFO [285/750] 2f71a7cc-2e83-4727-bb21-d302ddfdf9c2: 48 datasets; 1.3 s; peak memory 325 MiB.
2026-10-04T00:52:54Z INFO [286/750] 2f7250fe-1fd2-465e-b5bf-f2aabccecfff: 110 datasets; 1.9 s; peak memory 325 MiB.
2026-10-04T00:52:55Z INFO [287/750] 2f728b44-038a-4251-aadb-4a75d580b614: 42 datasets; 1.6 s; peak memory 325 MiB.
2026-10-04T00:52:57Z INFO [288/750] 2f72fc05-08b1-4cb6-97ed-41ff12b86e78: 48 datasets; 1.2 s; peak memory 325 MiB.
2026-10-04T00:52:58Z INFO [289/750] 2f735588-1f18-4f01-982d-c8a632ca4244: 118 datasets; 1.4 s; peak memory 325 MiB.
2026-10-04T00:52:59Z INFO [290/750] 2f739173-c54d-46a7-a2a5-4b9871a21f7c: 57 datasets; 1.0 s; peak memory 325 MiB.
2026-10-04T00:53:00Z INFO [291/750] 2f749bc0-8103-4720-89d0-aa8cf3d9eab6: 48 datasets; 1.3 s; peak memory 325 MiB.
2026-10-04T00:53:18Z INFO [292/750] 2f74e972-6ab7-4ea9-b744-f8af52767210: 4939 datasets; 17.6 s; peak memory 325 MiB.
2026-10-04T00:53:20Z INFO [293/750] 2f763288-ed47-4a0f-b56e-7b62d5a78db7: 112 datasets; 1.8 s; peak memory 325 MiB.
2026-10-04T00:53:21Z INFO [294/750] 2f766420-0167-41e7-b019-9cd5bacaef95: 48 datasets; 1.3 s; peak memory 325 MiB.
2026-10-04T00:53:22Z INFO [295/750] 2f775b9c-a40c-403b-b0f5-d901129d393a: 48 datasets; 1.3 s; peak memory 325 MiB.
2026-10-04T00:53:24Z INFO [296/750] 2f776771-36bb-4934-a5f8-0a48c62599c1: 44 datasets; 1.1 s; peak memory 325 MiB.
2026-10-04T00:53:33Z INFO [297/750] 2f779fa1-098b-49d4-a198-8b601d94cf7e: 391 datasets; 9.9 s; peak memory 325 MiB.
2026-10-04T00:53:35Z INFO [298/750] 2f77c022-4377-4f15-a127-c68e2ae0d10a: 117 datasets; 1.4 s; peak memory 325 MiB.
2026-10-04T00:53:44Z INFO [299/750] 2f79b51f-3e94-431c-a0ae-27c9aa2e4287: 391 datasets; 9.1 s; peak memory 325 MiB.
2026-10-04T00:53:53Z INFO [300/750] 2f79fdce-a1f4-4b7c-9c45-3335f5a2af85: 292 datasets; 9.3 s; peak memory 325 MiB.
2026-10-04T00:53:53Z INFO [300/750] 2f79fdce-a1f4-4b7c-9c45-3335f5a2af85: checkpointed 69886 records.
2026-10-04T00:54:02Z INFO [301/750] 2f7aaf88-0eb7-4a43-b346-7436bd7b63db: 825 datasets; 8.7 s; peak memory 325 MiB.
2026-10-04T00:54:07Z INFO [302/750] 2f7affbe-4d89-474a-8d48-40c082d90110: 269 datasets; 5.4 s; peak memory 325 MiB.
2026-10-04T00:54:08Z INFO [303/750] 2f7b690a-fab4-4f91-a866-9ae50e39214b: 45 datasets; 1.1 s; peak memory 325 MiB.
2026-10-04T00:54:12Z INFO [304/750] 2f7b788b-77f1-48a7-a71f-af0a0c4bec24: 138 datasets; 3.4 s; peak memory 325 MiB.
2026-10-04T00:54:13Z INFO [305/750] 2f7bab07-7c82-4ccc-ac2a-5765353ac243: 48 datasets; 1.2 s; peak memory 325 MiB.
2026-10-04T00:54:23Z INFO [306/750] 2f7c5524-deb5-4412-adbd-4dae87f81616: 812 datasets; 10.1 s; peak memory 325 MiB.
2026-10-04T00:54:24Z INFO [307/750] 2f7c6920-bb8f-45b4-97f6-244ad89e348c: 48 datasets; 1.2 s; peak memory 325 MiB.
2026-10-04T00:54:26Z INFO [308/750] 2f7ced24-6469-4e6d-a6f3-562708987d46: 118 datasets; 1.4 s; peak memory 325 MiB.
2026-10-04T00:56:40Z INFO [309/750] 2f7d9b01-1830-4964-84d9-9e22159ec015: 413 datasets; 134.0 s; peak memory 325 MiB.
2026-10-04T00:56:43Z INFO [310/750] 2f7feabf-d44e-4d01-9e43-814cbe3bc929: 156 datasets; 3.5 s; peak memory 325 MiB.
2026-10-04T00:56:45Z INFO [311/750] 2f806b20-aadf-4f81-b3e8-811fb028f137: 51 datasets; 1.6 s; peak memory 325 MiB.
2026-10-04T00:56:46Z INFO [312/750] 2f8105f7-ad14-4d77-a5c9-79759e21c17c: 116 datasets; 1.4 s; peak memory 325 MiB.
2026-10-04T00:56:47Z INFO [313/750] 2f817def-d0be-451a-b0b6-0e6a47ba44af: 48 datasets; 1.2 s; peak memory 325 MiB.
2026-10-04T00:56:49Z INFO [314/750] 2f819ab8-aa3d-4b79-91dd-fd7572ec910c: 51 datasets; 1.1 s; peak memory 325 MiB.
2026-10-04T00:56:50Z INFO [315/750] 2f82382d-be23-4d37-a70f-a9f4fadf53ce: 48 datasets; 1.2 s; peak memory 325 MiB.
2026-10-04T00:56:51Z INFO [316/750] 2f829c85-555b-449c-a715-79e61da5e062: 48 datasets; 1.3 s; peak memory 325 MiB.
2026-10-04T00:56:53Z INFO [317/750] 2f8405bb-e072-42e1-b447-6ce2e5a2c8db: 116 datasets; 1.5 s; peak memory 325 MiB.
2026-10-04T00:56:54Z INFO [318/750] 2f85d9e1-f59c-4536-834b-5185a8229501: 69 datasets; 1.8 s; peak memory 325 MiB.
2026-10-04T00:56:56Z INFO [319/750] 2f85fcb7-2313-4fc6-83a7-36d66544fc3e: 52 datasets; 1.5 s; peak memory 325 MiB.
2026-10-04T00:56:57Z INFO [320/750] 2f86302a-5664-4af3-8c4b-a3d04ccc7aff: 48 datasets; 1.2 s; peak memory 325 MiB.
2026-10-04T00:57:03Z INFO [321/750] 2f865c0a-baa6-4b29-b834-2fac69f5f701: 467 datasets; 6.0 s; peak memory 325 MiB.
2026-10-04T00:57:22Z INFO [322/750] 2f8675bb-b53c-4f36-a6aa-6d73dfbfd65a: 1346 datasets; 19.3 s; peak memory 325 MiB.
2026-10-04T00:57:24Z INFO [323/750] 2f87361f-d1bd-4da5-9577-27f8b407fbfc: 71 datasets; 1.9 s; peak memory 325 MiB.
2026-10-04T00:57:47Z INFO [324/750] 2f875bee-48bf-4f0d-9205-7fa72e9377cf: 96 datasets; 23.0 s; peak memory 325 MiB.
2026-10-04T00:57:49Z INFO [325/750] 2f87949a-0ca7-4b62-b52d-53e86498149b: 112 datasets; 2.1 s; peak memory 325 MiB.
2026-10-04T00:57:53Z INFO [326/750] 2f87a6ca-fa41-4b1e-bceb-fc27c6821f36: 156 datasets; 3.3 s; peak memory 325 MiB.
2026-10-04T00:57:54Z INFO [327/750] 2f882cb0-1454-4432-9427-fe1ab1404409: 66 datasets; 1.8 s; peak memory 325 MiB.
2026-10-04T00:58:56Z WARNING 2f884d28-9070-420d-88b2-5c958f9c43c3: failed while reading the NWB file (EndpointConnectionError: Could not connect to the endpoint URL: "https://dandiarchive.s3.us-east-2.amazonaws.com/blobs/2f8/84d/2f884d28-9070-420d-88b2-5c958f9c43c3")
2026-10-04T00:58:56Z WARNING [328/750] 2f884d28-9070-420d-88b2-5c958f9c43c3: leaving unrecorded for a later run to retry.
2026-10-04T00:59:22Z INFO [329/750] 2f88adc3-fa4d-4c48-8794-56920c81a7f2: 48 datasets; 26.5 s; peak memory 325 MiB.
2026-10-04T00:59:24Z INFO [330/750] 2f88c70e-35ae-47e5-b5a5-f28e3400105a: 112 datasets; 1.6 s; peak memory 325 MiB.
2026-10-04T00:59:25Z INFO [331/750] 2f88e21c-d476-4efd-af46-86416764f7bd: 48 datasets; 1.2 s; peak memory 325 MiB.
2026-10-04T00:59:27Z INFO [332/750] 2f88fc22-6059-47ea-87e2-df664bd07e50: 48 datasets; 2.4 s; peak memory 325 MiB.
2026-10-04T00:59:28Z INFO [333/750] 2f896f23-ea8e-4f8d-b8a1-0e28e6c95b57: 45 datasets; 1.0 s; peak memory 325 MiB.
2026-10-04T00:59:30Z INFO [334/750] 2f8a6cc6-5831-4667-8547-7ed2c915ddd4: 71 datasets; 2.1 s; peak memory 325 MiB.
2026-10-04T00:59:32Z INFO [335/750] 2f8accfe-97fa-4ca7-8643-f13d8bdddfc3: 64 datasets; 2.0 s; peak memory 325 MiB.
2026-10-04T00:59:34Z INFO [336/750] 2f8ae534-18cd-47f4-870d-2872735a6334: 117 datasets; 1.6 s; peak memory 325 MiB.
2026-10-04T00:59:35Z INFO [337/750] 2f8aef39-9b40-4ed0-9ea5-27b4b0dfc7bc: 48 datasets; 1.3 s; peak memory 325 MiB.
2026-10-04T00:59:36Z INFO [338/750] 2f8c60c7-737a-4747-a422-192ef3154261: 50 datasets; 1.1 s; peak memory 325 MiB.
2026-10-04T00:59:38Z INFO [339/750] 2f8cae71-439a-4e3f-b710-dcd880fa9fa9: 118 datasets; 1.4 s; peak memory 325 MiB.
2026-10-04T00:59:39Z INFO [340/750] 2f8cd2e6-4595-4b1b-8024-6cb141dd321c: 41 datasets; 1.1 s; peak memory 325 MiB.
2026-10-04T00:59:41Z INFO [341/750] 2f8d8b12-346d-4640-8050-7a80f238eaeb: 112 datasets; 2.1 s; peak memory 325 MiB.
2026-10-04T00:59:42Z INFO [342/750] 2f8e27ea-3fa9-4357-9146-8f4401daac6f: 48 datasets; 1.2 s; peak memory 325 MiB.
2026-10-04T00:59:43Z INFO [343/750] 2f8f74eb-4fd2-448e-b9b8-6d4ce4e3c2bd: 48 datasets; 1.2 s; peak memory 325 MiB.
2026-10-04T00:59:45Z INFO [344/750] 2f915891-1b0a-4d34-b9dc-613911875f61: 72 datasets; 1.2 s; peak memory 325 MiB.
2026-10-04T00:59:49Z INFO [345/750] 2f91a513-8cff-44e8-be01-eae12f2f99fc: 242 datasets; 4.3 s; peak memory 325 MiB.
2026-10-04T00:59:51Z INFO [346/750] 2f91bf7f-224c-4570-a21b-20902ab7777e: 66 datasets; 1.7 s; peak memory 325 MiB.
2026-10-04T00:59:52Z INFO [347/750] 2f9264fc-8b6e-4f60-979c-99ca3e3bc041: 48 datasets; 1.2 s; peak memory 325 MiB.
2026-10-04T00:59:53Z INFO [348/750] 2f92d6d8-ac9c-456f-bba7-3faee4f37954: 116 datasets; 1.6 s; peak memory 325 MiB.
2026-10-04T00:59:55Z INFO [349/750] 2f937054-4906-44c9-bdfa-7277f096406c: 101 datasets; 2.0 s; peak memory 325 MiB.
2026-10-04T00:59:57Z INFO [350/750] 2f93f3c2-e0ef-480e-8056-143737bddb8c: 48 datasets; 1.3 s; peak memory 325 MiB.
2026-10-04T00:59:57Z INFO [350/750] 2f93f3c2-e0ef-480e-8056-143737bddb8c: checkpointed 69935 records.
2026-10-04T00:59:58Z INFO [351/750] 2f945b44-1e5b-437e-979e-c364207843fc: 35 datasets; 1.0 s; peak memory 325 MiB.
2026-10-04T00:59:59Z INFO [352/750] 2f945fd0-9112-4318-ae4f-f7a96fe8c7fd: 48 datasets; 1.2 s; peak memory 325 MiB.
2026-10-04T01:00:01Z INFO [353/750] 2f95cfbc-c7cb-43e9-98e4-62a4428a0515: 117 datasets; 1.6 s; peak memory 325 MiB.
2026-10-04T01:00:02Z INFO [354/750] 2f96d035-2d48-4be5-af25-f4a9fc88d20e: 70 datasets; 1.7 s; peak memory 325 MiB.
2026-10-04T01:00:04Z INFO [355/750] 2f96ee89-a282-4480-a925-f69698c90edf: 118 datasets; 1.6 s; peak memory 325 MiB.
2026-10-04T01:02:17Z INFO [356/750] 2f9767c2-a253-491f-af89-7e45e677fe7b: 414 datasets; 133.1 s; peak memory 325 MiB.
2026-10-04T01:02:19Z INFO [357/750] 2f97bd19-5734-4596-a28b-85de67c9ddd9: 116 datasets; 1.6 s; peak memory 325 MiB.
2026-10-04T01:02:21Z INFO [358/750] 2f9880da-825d-4dc8-9cd9-64f0a9251ee1: 112 datasets; 2.1 s; peak memory 325 MiB.
2026-10-04T01:02:22Z INFO [359/750] 2f98ed52-c091-4f05-a7e7-9f3d32c66731: 112 datasets; 1.8 s; peak memory 325 MiB.
2026-10-04T01:02:24Z INFO [360/750] 2f994179-236b-44e0-b6ca-3073638330f3: 48 datasets; 1.1 s; peak memory 325 MiB.
2026-10-04T01:02:25Z INFO [361/750] 2f9ac4fa-a039-4c6c-8e69-383aac9b7d49: 48 datasets; 1.2 s; peak memory 325 MiB.
2026-10-04T01:02:26Z INFO [362/750] 2f9ada38-6d2b-4e10-8d10-7e2bd3fa6bb2: 117 datasets; 1.5 s; peak memory 325 MiB.
2026-10-04T01:02:34Z INFO [363/750] 2f9dbe35-ddfd-49fd-befb-05fe3d9974a5: 196 datasets; 7.3 s; peak memory 325 MiB.
2026-10-04T01:02:36Z INFO [364/750] 2f9debcc-bd7e-464f-9366-e9ce7360f2cd: 118 datasets; 2.5 s; peak memory 325 MiB.
2026-10-04T01:02:43Z INFO [365/750] 2f9e51a6-0c23-4477-8052-5b0397f8f403: 238 datasets; 6.5 s; peak memory 325 MiB.
2026-10-04T01:06:54Z INFO [366/750] 2f9e6b18-ce0d-4552-850a-d5205ceb76f1: 417 datasets; 251.3 s; peak memory 426 MiB.
2026-10-04T01:06:55Z INFO [367/750] 2f9eb9b0-e767-45dd-ab17-866c8f473b3b: 48 datasets; 1.3 s; peak memory 426 MiB.
2026-10-04T01:06:57Z INFO [368/750] 2f9f62d1-6134-45ee-a522-d75edd0a54fc: 112 datasets; 1.7 s; peak memory 426 MiB.
2026-10-04T01:06:59Z INFO [369/750] 2f9fd694-d3dc-4557-acb8-96b56e459055: 118 datasets; 1.5 s; peak memory 426 MiB.
2026-10-04T01:07:00Z INFO [370/750] 2fa139b6-9793-431f-93cc-dc633dcca215: 117 datasets; 1.4 s; peak memory 426 MiB.
2026-10-04T01:07:02Z INFO [371/750] 2fa13e24-7fc2-4873-9c1c-0bba641ef2e9: 117 datasets; 1.6 s; peak memory 426 MiB.
2026-10-04T01:07:03Z INFO [372/750] 2fa1c26a-cc92-4056-940c-9f22ba8e9e23: 116 datasets; 1.5 s; peak memory 426 MiB.
2026-10-04T01:07:11Z INFO [373/750] 2fa1e6d9-ffa2-4eb9-9bce-9112760ebcb1: 538 datasets; 7.8 s; peak memory 426 MiB.
2026-10-04T01:07:12Z INFO [374/750] 2fa2d637-5e97-4c9b-a9da-91b1937fffa3: 48 datasets; 1.2 s; peak memory 426 MiB.
2026-10-04T01:07:13Z INFO [375/750] 2fa30739-6339-44f4-96ba-78ed1617497e: 45 datasets; 1.1 s; peak memory 426 MiB.
2026-10-04T01:07:15Z INFO [376/750] 2fa442a8-8419-4a0d-8536-03620ba6c8c7: 117 datasets; 1.5 s; peak memory 426 MiB.
2026-10-04T01:07:16Z INFO [377/750] 2fa45f41-4d64-4b5d-98e3-3ea6ea238545: 48 datasets; 1.2 s; peak memory 426 MiB.
2026-10-04T01:07:17Z INFO [378/750] 2fa4c2ff-4dfa-42e7-a0bb-97f9b0a2be59: 48 datasets; 1.3 s; peak memory 426 MiB.
2026-10-04T01:07:18Z INFO [379/750] 2fa4d741-21e1-4f28-a721-34ae650edaff: 48 datasets; 1.1 s; peak memory 426 MiB.
2026-10-04T01:07:20Z INFO [380/750] 2fa51740-22e1-4a8e-99d6-699474dfca6a: 66 datasets; 1.9 s; peak memory 426 MiB.
2026-10-04T01:07:21Z INFO [381/750] 2fa5af64-e38f-480f-9782-dc27022d50fd: 48 datasets; 1.2 s; peak memory 426 MiB.
2026-10-04T01:07:23Z INFO [382/750] 2fa63182-259e-4fe4-8763-dea91fbb2d21: 118 datasets; 1.8 s; peak memory 426 MiB.
2026-10-04T01:07:24Z INFO [383/750] 2fa6985b-589a-432e-a119-2e61c2d0201c: 76 datasets; 1.3 s; peak memory 426 MiB.
2026-10-04T01:07:30Z INFO [384/750] 2fa69b36-2ea6-46d5-85e4-abef4930a640: 106 datasets; 5.6 s; peak memory 426 MiB.
2026-10-04T01:07:32Z INFO [385/750] 2fa6e82f-aa69-4c6a-8091-408782a2c56f: 78 datasets; 2.1 s; peak memory 426 MiB.
2026-10-04T01:07:34Z INFO [386/750] 2fa72dbd-74b4-4da7-a5a3-8591ba503fd2: 83 datasets; 1.9 s; peak memory 426 MiB.
2026-10-04T01:07:35Z INFO [387/750] 2fa91a78-a67f-4067-869b-ab840bd53b76: 49 datasets; 1.5 s; peak memory 426 MiB.
2026-10-04T01:07:37Z INFO [388/750] 2faa61f2-0025-479e-ae77-2817b89209bb: 102 datasets; 1.9 s; peak memory 426 MiB.
2026-10-04T01:07:38Z INFO [389/750] 2faa831c-26a9-4025-8871-2e7df2d879eb: 35 datasets; 1.1 s; peak memory 426 MiB.
2026-10-04T01:07:53Z INFO [390/750] 2fab892a-59ba-4de1-bd3b-3c03acba0293: 1347 datasets; 14.7 s; peak memory 426 MiB.
2026-10-04T01:07:55Z INFO [391/750] 2facc963-9046-4fe3-baf3-228f3c23acf4: 289 datasets; 2.0 s; peak memory 426 MiB.
2026-10-04T01:07:59Z INFO [392/750] 2fad13da-3d4c-4e0c-83cc-e661a6ff4769: 156 datasets; 3.3 s; peak memory 426 MiB.
2026-10-04T01:08:00Z INFO [393/750] 2fae4752-cca6-47d9-834d-3447bd8777a7: 116 datasets; 1.5 s; peak memory 426 MiB.
2026-10-04T01:08:01Z INFO [394/750] 2faef46a-f8a2-41d1-be28-895f368996c7: 48 datasets; 1.4 s; peak memory 426 MiB.
2026-10-04T01:10:55Z INFO [395/750] 2faf397f-82dc-4110-8442-3d7489aa7c08: 107 datasets; 173.9 s; peak memory 1142 MiB.
2026-10-04T01:10:57Z INFO [396/750] 2faf53db-e788-42b0-be69-1e56d9954ab5: 66 datasets; 1.8 s; peak memory 1142 MiB.
2026-10-04T01:10:58Z INFO [397/750] 2faf8025-b3b3-4aa4-984f-f4426ef8ba48: 48 datasets; 1.3 s; peak memory 1142 MiB.
2026-10-04T01:11:00Z INFO [398/750] 2fafc11a-6646-4b87-97e7-1fdfb4e5c79e: 48 datasets; 1.2 s; peak memory 1142 MiB.
2026-10-04T01:13:10Z INFO [399/750] 2fafc4e1-27a7-4295-aac2-5cba4dbfb331: 413 datasets; 130.1 s; peak memory 1142 MiB.
2026-10-04T01:13:22Z INFO [400/750] 2faffe45-9e0f-4238-9756-c873fdd3c78b: 793 datasets; 12.7 s; peak memory 1142 MiB.
2026-10-04T01:13:23Z INFO [400/750] 2faffe45-9e0f-4238-9756-c873fdd3c78b: checkpointed 69985 records.
2026-10-04T01:13:24Z INFO [401/750] 2fb002b2-35cf-463d-b337-c1b22960c8ae: 112 datasets; 1.5 s; peak memory 1142 MiB.
2026-10-04T01:15:49Z INFO [402/750] 2fb04db5-40cc-4acc-89e5-5f85a66c1766: 414 datasets; 144.6 s; peak memory 1142 MiB.
2026-10-04T01:16:06Z INFO [403/750] 2fb1ab95-a70d-400a-beb0-c901924fe55e: 41 datasets; 16.9 s; peak memory 1142 MiB.
2026-10-04T01:16:11Z INFO [404/750] 2fb20dea-d85c-4bc8-a9ea-076cdfd7ab01: 489 datasets; 5.0 s; peak memory 1142 MiB.
2026-10-04T01:16:12Z INFO [405/750] 2fb21efc-07d4-40d0-bd6f-84332d1ac537: 47 datasets; 1.1 s; peak memory 1142 MiB.
2026-10-04T01:16:13Z INFO [406/750] 2fb24e8f-bb16-41fa-b2b2-04e8a130b247: 117 datasets; 1.4 s; peak memory 1142 MiB.
2026-10-04T01:16:16Z INFO [407/750] 2fb36f81-c913-4498-a0f1-55426ba80e72: 53 datasets; 2.6 s; peak memory 1142 MiB.
2026-10-04T01:16:18Z INFO [408/750] 2fb5418c-bc99-4278-a7cb-f2b9c1f00a34: 60 datasets; 2.1 s; peak memory 1142 MiB.
2026-10-04T01:16:20Z INFO [409/750] 2fb5502e-0df4-48b1-98a1-44d0cfb5e3e3: 71 datasets; 2.4 s; peak memory 1142 MiB.
2026-10-04T01:16:21Z INFO [410/750] 2fb76a44-9d34-461a-8356-b72106602ac8: 48 datasets; 1.3 s; peak memory 1142 MiB.
2026-10-04T01:16:23Z INFO [411/750] 2fb82b78-605c-40bb-a04d-d920da0e62d1: 52 datasets; 1.3 s; peak memory 1142 MiB.
2026-10-04T01:16:24Z INFO [412/750] 2fb910db-17ce-4baf-8d04-151f334c514b: 52 datasets; 1.2 s; peak memory 1142 MiB.
2026-10-04T01:16:25Z INFO [413/750] 2fba444a-edbf-4ae9-9c5c-43e6d0ae613a: 48 datasets; 1.2 s; peak memory 1142 MiB.
2026-10-04T01:16:27Z INFO [414/750] 2fbab916-1df0-40d9-a8d9-81f280e59aea: 48 datasets; 1.4 s; peak memory 1142 MiB.
2026-10-04T01:16:28Z INFO [415/750] 2fbb4c0f-ab3a-4344-ae8a-6500954cb02f: 118 datasets; 1.5 s; peak memory 1142 MiB.
2026-10-04T01:16:32Z INFO [416/750] 2fbb62ca-a5c0-419b-bab7-e016235a9162: 206 datasets; 3.8 s; peak memory 1142 MiB.
2026-10-04T01:16:38Z INFO [417/750] 2fbc1cb9-5793-45a2-87f8-d52593162de3: 229 datasets; 6.0 s; peak memory 1142 MiB.
2026-10-04T01:16:39Z INFO [418/750] 2fbc8d78-96fe-47b0-8c1c-41fe378b933a: 48 datasets; 1.2 s; peak memory 1142 MiB.
2026-10-04T01:16:42Z INFO [419/750] 2fbc9aeb-a338-4e37-a059-fcdb088f6253: 116 datasets; 3.1 s; peak memory 1142 MiB.
2026-10-04T01:16:43Z INFO [420/750] 2fbcc4a7-5ba1-4966-842b-27fbe8775f16: 21 datasets; 1.0 s; peak memory 1142 MiB.
2026-10-04T01:16:46Z INFO [421/750] 2fbce988-b46e-4067-b419-9c7664ea1feb: 114 datasets; 3.0 s; peak memory 1142 MiB.
2026-10-04T01:16:47Z INFO [422/750] 2fbd6e54-4bca-4749-a52c-bff4e11a6ce5: 48 datasets; 1.3 s; peak memory 1142 MiB.
2026-10-04T01:16:49Z INFO [423/750] 2fbe3a20-8d9d-4595-933f-77b9eaa2d123: 48 datasets; 1.2 s; peak memory 1142 MiB.
2026-10-04T01:16:51Z INFO [424/750] 2fbeea2d-72cc-498f-a3b4-74fb6723b6bd: 71 datasets; 2.1 s; peak memory 1142 MiB.
2026-10-04T01:16:52Z INFO [425/750] 2fbf01ba-6487-4420-b8bd-8706d80b6dc0: 52 datasets; 1.5 s; peak memory 1142 MiB.
2026-10-04T01:16:54Z INFO [426/750] 2fbf1e29-3cbc-42d4-bfa4-e17931dfc928: 116 datasets; 1.4 s; peak memory 1142 MiB.
2026-10-04T01:16:56Z INFO [427/750] 2fc00c01-3928-468e-8ce7-395b2e0d8d4c: 69 datasets; 2.0 s; peak memory 1142 MiB.
2026-10-04T01:16:57Z INFO [428/750] 2fc05f50-2626-4811-9c00-cfff30554260: 116 datasets; 1.6 s; peak memory 1142 MiB.
2026-10-04T01:16:59Z INFO [429/750] 2fc0e74a-c63e-4d63-b2b3-509a0f605308: 112 datasets; 1.7 s; peak memory 1142 MiB.
2026-10-04T01:17:01Z INFO [430/750] 2fc103b1-b693-46d5-8a29-f34365601398: 112 datasets; 2.1 s; peak memory 1142 MiB.
2026-10-04T01:17:04Z INFO [431/750] 2fc166ed-ac84-483d-9e18-880bd5eef2f2: 38 datasets; 2.9 s; peak memory 1142 MiB.
2026-10-04T01:17:05Z INFO [432/750] 2fc222f5-1617-4134-8c94-76065a57864f: 48 datasets; 1.2 s; peak memory 1142 MiB.
2026-10-04T01:17:19Z INFO [433/750] 2fc300d5-9670-4f4f-b925-b819b5467fde: 880 datasets; 13.9 s; peak memory 1142 MiB.
2026-10-04T01:17:20Z INFO [434/750] 2fc39e0b-0ba0-4af7-b2ca-626690153987: 48 datasets; 1.3 s; peak memory 1142 MiB.
2026-10-04T01:17:22Z INFO [435/750] 2fc470b7-d317-40c1-8b07-7591478bf09b: 116 datasets; 1.5 s; peak memory 1142 MiB.
2026-10-04T01:17:31Z INFO [436/750] 2fc48635-b6b2-4963-b06b-6a7bcd076291: 11477 datasets; 9.2 s; peak memory 1142 MiB.
2026-10-04T01:17:33Z INFO [437/750] 2fc5ec89-ff99-4c8b-9e33-27082c448eda: 71 datasets; 2.2 s; peak memory 1142 MiB.
2026-10-04T01:17:34Z INFO [438/750] 2fc67db2-cd98-4574-9b37-8c077f8bc976: 48 datasets; 1.2 s; peak memory 1142 MiB.
2026-10-04T01:17:36Z INFO [439/750] 2fc68f7c-c0a7-49e1-88fc-138ae2bc4931: 48 datasets; 1.4 s; peak memory 1142 MiB.
2026-10-04T01:17:37Z INFO [440/750] 2fc7af82-6ca0-41cf-8ae0-b71d71cdeccf: 48 datasets; 1.4 s; peak memory 1142 MiB.
2026-10-04T01:17:39Z INFO [441/750] 2fc7d656-f7d0-4f24-8ddf-d77f3393520c: 117 datasets; 1.4 s; peak memory 1142 MiB.
2026-10-04T01:17:41Z INFO [442/750] 2fc85d7c-72a1-4e0b-832c-fbf72ac516ee: 112 datasets; 2.0 s; peak memory 1142 MiB.
2026-10-04T01:17:42Z INFO [443/750] 2fcc85f7-1a68-4613-a1f2-e21e91e57701: 48 datasets; 1.3 s; peak memory 1142 MiB.
2026-10-04T01:17:44Z INFO [444/750] 2fce20e8-1857-476d-95d7-c3f1f06c4f37: 69 datasets; 1.8 s; peak memory 1142 MiB.
2026-10-04T01:17:45Z INFO [445/750] 2fceabe8-908b-461a-b49d-9f4c9af88da5: 48 datasets; 1.3 s; peak memory 1142 MiB.
2026-10-04T01:17:46Z INFO [446/750] 2fcfa42c-ab82-4209-acbf-a6e1200039ae: 46 datasets; 1.3 s; peak memory 1142 MiB.
2026-10-04T01:17:48Z INFO [447/750] 2fcfacc0-4571-447b-a393-5612a8e85cb7: 85 datasets; 1.4 s; peak memory 1142 MiB.
2026-10-04T01:17:49Z INFO [448/750] 2fd0079b-fe11-48b4-a3e5-88be4aae37cb: 48 datasets; 1.3 s; peak memory 1142 MiB.
2026-10-04T01:17:50Z INFO [449/750] 2fd07044-726f-41b7-8632-dfa1829a2c62: 48 datasets; 1.3 s; peak memory 1142 MiB.
2026-10-04T01:17:59Z INFO [450/750] 2fd07e45-3329-4ffd-889d-da97793e5b47: 11477 datasets; 8.4 s; peak memory 1142 MiB.
2026-10-04T01:17:59Z INFO [450/750] 2fd07e45-3329-4ffd-889d-da97793e5b47: checkpointed 70035 records.
2026-10-04T01:18:01Z INFO [451/750] 2fd082b3-3f50-4ab8-9e26-bbbce5957fc1: 71 datasets; 1.6 s; peak memory 1142 MiB.
2026-10-04T01:18:02Z INFO [452/750] 2fd0bd52-08da-4a70-b68f-afb05db8f212: 40 datasets; 1.0 s; peak memory 1142 MiB.
2026-10-04T01:18:13Z INFO [453/750] 2fd11725-1b38-4972-a89a-5421cd6dfed2: 336 datasets; 11.3 s; peak memory 1142 MiB.
2026-10-04T01:18:14Z INFO [454/750] 2fd25591-f725-4bec-9d4f-74d9432c1a7c: 41 datasets; 1.2 s; peak memory 1142 MiB.
2026-10-04T01:18:17Z INFO [455/750] 2fd28c06-b010-4efe-85f9-9156e0fbe833: 118 datasets; 3.3 s; peak memory 1142 MiB.
2026-10-04T01:18:20Z INFO [456/750] 2fd2b6c4-f24b-42bc-bb8a-bbd13f154e94: 112 datasets; 2.3 s; peak memory 1142 MiB.
2026-10-04T01:18:43Z INFO [457/750] 2fd482e3-a4da-4583-8b71-de2ddd6d169a: 887 datasets; 23.2 s; peak memory 1142 MiB.
2026-10-04T01:18:45Z INFO [458/750] 2fd6088a-6271-4c12-a964-03c4ba29794a: 112 datasets; 1.7 s; peak memory 1142 MiB.
2026-10-04T01:18:48Z INFO [459/750] 2fd80dfc-8783-4059-9f98-aee9d63fdd02: 183 datasets; 3.1 s; peak memory 1142 MiB.
2026-10-04T01:18:51Z INFO [460/750] 2fd851dd-5f8d-4a2a-9609-c58424db51da: 186 datasets; 3.2 s; peak memory 1142 MiB.
2026-10-04T01:21:06Z INFO [461/750] 2fd89b2b-72d3-48c3-9e6f-5afb84af18cf: 167 datasets; 135.4 s; peak memory 1142 MiB.
2026-10-04T01:21:08Z INFO [462/750] 2fd8a3db-999c-48eb-8c48-ca527008fd9b: 69 datasets; 1.6 s; peak memory 1142 MiB.
2026-10-04T01:21:11Z INFO [463/750] 2fd8a79b-cb1f-45e2-bdae-1059af436b74: 115 datasets; 2.8 s; peak memory 1142 MiB.
2026-10-04T01:21:17Z INFO [464/750] 2fd8fb12-3c21-4067-b8e8-44972b064b50: 152 datasets; 6.6 s; peak memory 1142 MiB.
2026-10-04T01:21:20Z INFO [465/750] 2fda9454-e0d4-4748-9671-e2dcaee8fbea: 53 datasets; 2.6 s; peak memory 1142 MiB.
2026-10-04T01:21:21Z INFO [466/750] 2fdafd7a-a966-45c2-b313-8fe4da10af1a: 48 datasets; 1.2 s; peak memory 1142 MiB.
2026-10-04T01:21:23Z INFO [467/750] 2fdb240e-bf77-42ce-9d5d-2fddc134c802: 112 datasets; 2.0 s; peak memory 1142 MiB.
2026-10-04T01:21:48Z INFO [468/750] 2fdbacdd-1e13-4f89-b49b-db9443a30dc0: 48 datasets; 25.1 s; peak memory 1142 MiB.
2026-10-04T01:21:50Z INFO [469/750] 2fdbb5c2-c3d7-4849-b481-af3b74ad7c37: 71 datasets; 1.8 s; peak memory 1142 MiB.
2026-10-04T01:21:51Z INFO [470/750] 2fdc4da7-a02f-41fe-b55a-84bb1e6324bd: 46 datasets; 1.0 s; peak memory 1142 MiB.
2026-10-04T01:21:52Z INFO [471/750] 2fdc860a-855f-4489-95e3-badb25c5105e: 48 datasets; 1.1 s; peak memory 1142 MiB.
2026-10-04T01:21:53Z INFO [472/750] 2fdd0468-b69a-421d-b4ce-931d29bff96a: 43 datasets; 1.1 s; peak memory 1142 MiB.
2026-10-04T01:23:54Z INFO [473/750] 2fdd6f75-8fa7-46d5-b291-346248c5cdc5: 5606 datasets; 120.9 s; peak memory 1142 MiB.
2026-10-04T01:23:56Z INFO [474/750] 2fdf979a-b08e-41ed-8c8d-806960ba04fb: 117 datasets; 1.6 s; peak memory 1142 MiB.
2026-10-04T01:24:16Z INFO [475/750] 2fdffbd2-f158-4877-86dd-f456446f67c8: 953 datasets; 20.4 s; peak memory 1142 MiB.
2026-10-04T01:24:18Z INFO [476/750] 2fe06762-0ead-4f30-a0ab-3e38c3e356bf: 112 datasets; 2.2 s; peak memory 1142 MiB.
2026-10-04T01:24:19Z INFO [477/750] 2fe07e51-03c6-4b3f-88cf-628e43df3611: 46 datasets; 0.9 s; peak memory 1142 MiB.
2026-10-04T01:24:21Z INFO [478/750] 2fe0a851-aebb-43f9-a1ae-a6e335fe0ea6: 48 datasets; 1.2 s; peak memory 1142 MiB.
2026-10-04T01:24:22Z INFO [479/750] 2fe0aa06-4a80-42e7-913c-02a240694ed5: 60 datasets; 1.6 s; peak memory 1142 MiB.
2026-10-04T01:24:33Z INFO [480/750] 2fe0c247-bbc5-4d06-a134-55c1db9f1b76: 3347 datasets; 11.2 s; peak memory 1142 MiB.
2026-10-04T01:24:34Z INFO [481/750] 2fe0dea8-1108-4aee-b7f0-3ae19c350117: 48 datasets; 1.1 s; peak memory 1142 MiB.
2026-10-04T01:26:42Z INFO [482/750] 2fe196d8-074e-40cd-8e9b-12c93fe38182: 414 datasets; 127.9 s; peak memory 1142 MiB.
2026-10-04T01:26:43Z INFO [483/750] 2fe1de67-2094-4c49-9bb3-30ae104c0827: 86 datasets; 1.2 s; peak memory 1142 MiB.
2026-10-04T01:26:45Z INFO [484/750] 2fe1f372-c36d-4f6e-b887-3b38231c33cd: 48 datasets; 1.2 s; peak memory 1142 MiB.
2026-10-04T01:26:46Z INFO [485/750] 2fe330e2-2e8b-4a6f-93db-7f25975e7f4e: 48 datasets; 1.2 s; peak memory 1142 MiB.
2026-10-04T01:26:48Z INFO [486/750] 2fe4d6dc-1dd0-4a04-ae49-3058d22bc8fa: 70 datasets; 2.2 s; peak memory 1142 MiB.
2026-10-04T01:26:49Z INFO [487/750] 2fe5446e-de35-47db-a452-4ed89e6ac20a: 48 datasets; 1.2 s; peak memory 1142 MiB.
2026-10-04T01:27:01Z INFO [488/750] 2fe55396-582e-402c-bf00-5ae485f088ef: 107 datasets; 12.0 s; peak memory 1142 MiB.
2026-10-04T01:27:03Z INFO [489/750] 2fe5b2b9-8538-410d-8064-f07a4a2b9e43: 117 datasets; 1.5 s; peak memory 1142 MiB.
2026-10-04T01:27:04Z INFO [490/750] 2fe62a03-4d1b-49b0-9306-8860ac0043ba: 62 datasets; 1.5 s; peak memory 1142 MiB.
2026-10-04T01:27:12Z INFO [491/750] 2fe6a73b-32e6-41c8-84db-0662a7126b12: 854 datasets; 7.2 s; peak memory 1142 MiB.
2026-10-04T01:27:14Z INFO [492/750] 2fe6c799-3257-4e19-8ab8-a2bc43b4fbd2: 71 datasets; 2.4 s; peak memory 1142 MiB.
2026-10-04T01:27:15Z INFO [493/750] 2fe6f64c-e185-4112-95ee-c754b645d8e6: 39 datasets; 1.3 s; peak memory 1142 MiB.
2026-10-04T01:27:17Z INFO [494/750] 2fe761ff-2692-4845-984e-0df4d80738dd: 112 datasets; 1.7 s; peak memory 1142 MiB.
2026-10-04T01:27:18Z INFO [495/750] 2fe7eb78-d99a-4db6-8bfb-8780591839da: 84 datasets; 1.4 s; peak memory 1142 MiB.
2026-10-04T01:27:19Z INFO [496/750] 2fe7f55b-e96f-44a2-a329-4d1a4ae9f7b5: 57 datasets; 1.0 s; peak memory 1142 MiB.
2026-10-04T01:27:21Z INFO [497/750] 2fe7f714-e4bb-4044-a9f9-3fdd8a91fe61: 48 datasets; 1.3 s; peak memory 1142 MiB.
2026-10-04T01:27:30Z INFO [498/750] 2fe8eef1-fc29-4d5d-a5af-3d796cb3910e: 391 datasets; 9.2 s; peak memory 1142 MiB.
2026-10-04T01:27:31Z INFO [499/750] 2fe90ca7-44b8-41b5-b274-61ba2041973a: 112 datasets; 1.5 s; peak memory 1142 MiB.
2026-10-04T01:27:33Z INFO [500/750] 2fe92278-632e-4a8d-b0fe-891f5a5d18ed: 112 datasets; 2.0 s; peak memory 1142 MiB.
2026-10-04T01:27:33Z INFO [500/750] 2fe92278-632e-4a8d-b0fe-891f5a5d18ed: checkpointed 70085 records.
2026-10-04T01:27:35Z INFO [501/750] 2fea5400-ea0a-4c5c-81a9-626cee780ed5: 48 datasets; 1.2 s; peak memory 1142 MiB.
2026-10-04T01:27:37Z INFO [502/750] 2feb567a-aff2-4d35-97f1-5392802fef2c: 112 datasets; 2.1 s; peak memory 1142 MiB.
2026-10-04T01:27:38Z INFO [503/750] 2feb6c4b-46d0-404d-b6d1-0016992f152f: 117 datasets; 1.6 s; peak memory 1142 MiB.
2026-10-04T01:27:40Z INFO [504/750] 2febda45-fcfd-45a8-adc8-f7d905e86f76: 112 datasets; 1.8 s; peak memory 1142 MiB.
2026-10-04T01:27:42Z INFO [505/750] 2febfe33-3470-42f6-8fbd-9da94ff0c3b0: 118 datasets; 1.4 s; peak memory 1142 MiB.
2026-10-04T01:27:47Z INFO [506/750] 2fec4726-eddb-4df5-a9eb-6ec0ccabbf18: 229 datasets; 5.4 s; peak memory 1142 MiB.
2026-10-04T01:27:49Z INFO [507/750] 2fec7c14-33de-4a7d-8783-e098a9d6b13d: 69 datasets; 1.9 s; peak memory 1142 MiB.
2026-10-04T01:27:51Z INFO [508/750] 2fed9856-cea3-4713-b7ff-4f1adea6c3c3: 112 datasets; 1.7 s; peak memory 1142 MiB.
2026-10-04T01:27:52Z INFO [509/750] 2fedf89e-5c22-4ea1-b860-eba17f8d70a8: 117 datasets; 1.4 s; peak memory 1142 MiB.
2026-10-04T01:28:00Z INFO [510/750] 2fedfab2-8fd4-49ac-952e-41c40ca717a1: 56 datasets; 8.1 s; peak memory 1142 MiB.
2026-10-04T01:28:03Z INFO [511/750] 2fee08ca-ab01-42b0-bf15-2423d1287a01: 39 datasets; 2.6 s; peak memory 1142 MiB.
2026-10-04T01:28:04Z INFO [512/750] 2fee2ba9-8fa0-4929-ad4a-769b0f81936a: 117 datasets; 1.5 s; peak memory 1142 MiB.
2026-10-04T01:28:05Z INFO [513/750] 2feebe94-a691-42ce-ba57-935a9e7d1640: 46 datasets; 1.1 s; peak memory 1142 MiB.
2026-10-04T01:28:07Z INFO [514/750] 2ff08cc0-d468-4601-94e9-e143c3add33e: 48 datasets; 1.3 s; peak memory 1142 MiB.
2026-10-04T01:28:08Z INFO [515/750] 2ff0c742-c514-4a86-b365-4dbbba312f46: 48 datasets; 1.2 s; peak memory 1142 MiB.
2026-10-04T01:28:10Z INFO [516/750] 2ff14f91-dfe8-4ad7-baf2-062161f16271: 112 datasets; 1.6 s; peak memory 1142 MiB.
2026-10-04T01:28:11Z INFO [517/750] 2ff1888b-1e2d-4b61-8f80-280ac2a15fa0: 109 datasets; 1.7 s; peak memory 1142 MiB.
2026-10-04T01:28:14Z INFO [518/750] 2ff23b53-7b74-4c7e-b549-0fb759805e6c: 115 datasets; 3.2 s; peak memory 1142 MiB.
2026-10-04T01:28:17Z INFO [519/750] 2ff2bc6c-dc3b-4b44-bad1-a19d1c8d133c: 66 datasets; 2.1 s; peak memory 1142 MiB.
2026-10-04T01:28:23Z INFO [520/750] 2ff65432-f9d4-4e25-8128-02e2df861049: 208 datasets; 6.0 s; peak memory 1142 MiB.
2026-10-04T01:28:25Z INFO [521/750] 2ff74983-db36-4ee0-8ab8-a469862a68a4: 69 datasets; 2.0 s; peak memory 1142 MiB.
2026-10-04T01:28:26Z INFO [522/750] 2ff78595-b562-4ae1-83a6-65410a25c8a1: 48 datasets; 1.3 s; peak memory 1142 MiB.
2026-10-04T01:28:46Z INFO [523/750] 2ff7b869-2cf4-4d42-9d03-1e9523f3dd27: 850 datasets; 20.6 s; peak memory 1142 MiB.
2026-10-04T01:28:49Z INFO [524/750] 2ff8789d-ac06-4f32-850e-94438562c1f9: 110 datasets; 2.2 s; peak memory 1142 MiB.
2026-10-04T01:28:50Z INFO [525/750] 2ff87d5b-3ca7-446c-8fd0-d511d743309d: 46 datasets; 1.2 s; peak memory 1142 MiB.
2026-10-04T01:28:51Z INFO [526/750] 2ff89045-4770-44f5-839b-df684698b209: 48 datasets; 1.2 s; peak memory 1142 MiB.
2026-10-04T01:28:53Z INFO [527/750] 2ff8d74c-72a2-4f25-ac47-fc703464dade: 113 datasets; 1.8 s; peak memory 1142 MiB.
2026-10-04T01:28:54Z INFO [528/750] 2ff93d66-0ead-4015-b735-5407e60d0f46: 92 datasets; 1.1 s; peak memory 1142 MiB.
2026-10-04T01:28:57Z INFO [529/750] 2ff95333-dfe9-4bb7-9282-ee55f12f5145: 90 datasets; 3.4 s; peak memory 1142 MiB.
2026-10-04T01:28:59Z INFO [530/750] 2ff9cfc3-d140-46d6-895d-4c58974556c5: 117 datasets; 1.6 s; peak memory 1142 MiB.
2026-10-04T01:29:01Z INFO [531/750] 2ffab574-e0a9-441e-a502-73a9cc0f2256: 112 datasets; 2.0 s; peak memory 1142 MiB.
2026-10-04T01:31:12Z INFO [532/750] 2ffb88cc-dce2-4295-bc54-cfd9870cf982: 167 datasets; 131.1 s; peak memory 1142 MiB.
2026-10-04T01:31:14Z INFO [533/750] 2ffc842b-9406-40c7-91b4-53c1a92e8ab2: 66 datasets; 2.0 s; peak memory 1142 MiB.
2026-10-04T01:32:31Z INFO [534/750] 2ffe2382-c5ee-4f37-a774-b3f8af0399f4: 6828 datasets; 77.2 s; peak memory 1142 MiB.
2026-10-04T01:32:33Z INFO [535/750] 2ffe29f9-bbcd-45e1-ae77-d39e8c7b4444: 48 datasets; 1.3 s; peak memory 1142 MiB.
2026-10-04T01:32:34Z INFO [536/750] 2ffe2b1b-6c16-4e88-aa08-6406c41799b5: 58 datasets; 1.1 s; peak memory 1142 MiB.
2026-10-04T01:35:17Z INFO [537/750] 2ffe82e1-3f36-4a76-a120-8841b86cb581: 18503 datasets; 163.0 s; peak memory 1142 MiB.
2026-10-04T01:35:18Z INFO [538/750] 2fff0a70-3393-4a3c-9b0c-54bc6668dc5b: 84 datasets; 1.8 s; peak memory 1142 MiB.
2026-10-04T01:35:23Z INFO [539/750] 2fff39c9-5a00-4e1d-95c0-2dc6aac62259: 477 datasets; 4.9 s; peak memory 1142 MiB.
2026-10-04T01:35:27Z INFO [540/750] 3002050b-75ad-4ac0-95f5-da83c9d0eca2: 38 datasets; 3.2 s; peak memory 1142 MiB.
2026-10-04T01:35:28Z INFO [541/750] 3002517f-6866-47c7-ac6a-4a9d54a6e464: 46 datasets; 1.1 s; peak memory 1142 MiB.
2026-10-04T01:35:30Z INFO [542/750] 3002fcc0-7c31-4dfe-8c6f-48193cbc7997: 119 datasets; 2.4 s; peak memory 1142 MiB.
2026-10-04T01:35:31Z INFO [543/750] 30037b42-19be-4a28-8c05-ba6a61ba4a92: 46 datasets; 0.9 s; peak memory 1142 MiB.
2026-10-04T01:35:33Z INFO [544/750] 300408fa-91df-408d-bfd1-d4e00790d8a1: 71 datasets; 2.0 s; peak memory 1142 MiB.
2026-10-04T01:35:35Z INFO [545/750] 30046e69-e6c1-42c1-b461-4e08c56401ec: 112 datasets; 1.9 s; peak memory 1142 MiB.
2026-10-04T01:35:37Z INFO [546/750] 3006018a-8ed1-470f-8ed1-4e2babb3198a: 117 datasets; 1.5 s; peak memory 1142 MiB.
2026-10-04T01:35:38Z INFO [547/750] 300634be-277b-411b-ba00-71c549f95ec2: 116 datasets; 1.4 s; peak memory 1142 MiB.
2026-10-04T01:35:53Z INFO [548/750] 3006a7ce-3807-453f-a640-4e1c31986884: 737 datasets; 15.1 s; peak memory 1142 MiB.
2026-10-04T01:35:55Z INFO [549/750] 30079bd7-e356-4bd6-b564-1ebe81f1c087: 131 datasets; 1.7 s; peak memory 1142 MiB.
2026-10-04T01:36:07Z INFO [550/750] 30080dd7-cac9-4718-85fc-59370b62aba8: 2771 datasets; 12.3 s; peak memory 1142 MiB.
2026-10-04T01:36:07Z INFO [550/750] 30080dd7-cac9-4718-85fc-59370b62aba8: checkpointed 70135 records.
2026-10-04T01:36:21Z INFO [551/750] 30081900-2918-44bf-bddb-5788ad7fad05: 1115 datasets; 14.3 s; peak memory 1142 MiB.
2026-10-04T01:36:23Z INFO [552/750] 3008731e-3411-4fef-9d15-4293fc5f8d05: 112 datasets; 1.3 s; peak memory 1142 MiB.
2026-10-04T01:36:32Z INFO [553/750] 300876ce-24ae-4027-be6e-bf013dbd2734: 339 datasets; 9.2 s; peak memory 1142 MiB.
2026-10-04T01:36:33Z INFO [554/750] 30091b1f-6498-4f84-9806-7080b0dac6e3: 54 datasets; 1.1 s; peak memory 1142 MiB.
2026-10-04T01:36:35Z INFO [555/750] 30099515-f46e-4a0a-9238-78979f61220a: 65 datasets; 1.5 s; peak memory 1142 MiB.
2026-10-04T01:36:41Z INFO [556/750] 3009b407-7bf5-4a53-91f8-89c1efa0ea36: 196 datasets; 6.9 s; peak memory 1142 MiB.
2026-10-04T01:36:43Z INFO [557/750] 300a5f13-697c-49cf-82e0-273e843db47f: 48 datasets; 1.2 s; peak memory 1142 MiB.
2026-10-04T01:36:44Z INFO [558/750] 300bf8fd-3657-400d-b179-a8d892512c15: 41 datasets; 1.2 s; peak memory 1142 MiB.
2026-10-04T01:36:45Z INFO [559/750] 300d9f03-1b8a-471a-b383-7a10f8c4ceb0: 46 datasets; 1.2 s; peak memory 1142 MiB.
2026-10-04T01:36:47Z INFO [560/750] 300e2fae-1018-4a3e-b7d4-14cbd071f70f: 112 datasets; 1.9 s; peak memory 1142 MiB.
2026-10-04T01:36:49Z INFO [561/750] 300e5806-3269-485b-bde4-f86f56069303: 69 datasets; 1.8 s; peak memory 1142 MiB.
2026-10-04T01:36:51Z INFO [562/750] 300e7372-896c-4a85-8e8d-25b02d789126: 144 datasets; 2.2 s; peak memory 1142 MiB.
2026-10-04T01:36:54Z INFO [563/750] 300ec169-67c5-462b-9e64-d5d73c12acef: 156 datasets; 3.3 s; peak memory 1142 MiB.
2026-10-04T01:36:55Z INFO [564/750] 3010280c-f399-4834-9587-adbacdfafdc2: 51 datasets; 1.0 s; peak memory 1142 MiB.
2026-10-04T01:36:57Z INFO [565/750] 30109668-6bac-47a6-b8fd-dbd60519f8d1: 36 datasets; 1.1 s; peak memory 1142 MiB.
2026-10-04T01:36:58Z INFO [566/750] 301188f1-66f5-4d02-8244-951e287da9f3: 117 datasets; 1.4 s; peak memory 1142 MiB.
2026-10-04T01:37:09Z INFO [567/750] 30121ee7-74c1-4829-9346-ab6b4e8ac43d: 391 datasets; 10.7 s; peak memory 1142 MiB.
2026-10-04T01:37:10Z INFO [568/750] 3012b631-4a84-425b-b67f-7bccca44dabe: 118 datasets; 1.6 s; peak memory 1142 MiB.
2026-10-04T01:37:11Z INFO [569/750] 30133e18-2ad8-4ff9-a1d0-6c196eb44b61: 46 datasets; 1.1 s; peak memory 1142 MiB.
2026-10-04T01:37:13Z INFO [570/750] 301393e4-2805-47e1-8274-3d1f2f6f34f8: 117 datasets; 1.7 s; peak memory 1142 MiB.
2026-10-04T01:37:14Z INFO [571/750] 3014132b-29df-4bab-84da-457eca6234a9: 37 datasets; 1.3 s; peak memory 1142 MiB.
2026-10-04T01:37:16Z INFO [572/750] 3015b4a7-5d9e-443a-8e20-ae3cc8fdc29c: 102 datasets; 2.0 s; peak memory 1142 MiB.
2026-10-04T01:37:24Z INFO [573/750] 30165233-8974-46f5-88e1-818e92561761: 2821 datasets; 7.6 s; peak memory 1142 MiB.
2026-10-04T01:37:41Z INFO [574/750] 3016ac95-3b72-46b3-9424-9aefa38e50a5: 679 datasets; 16.5 s; peak memory 1142 MiB.
2026-10-04T01:37:42Z INFO [575/750] 3016c0ca-ca51-42d8-815c-59479965c762: 45 datasets; 1.1 s; peak memory 1142 MiB.
2026-10-04T01:37:43Z INFO [576/750] 3016db27-1afc-4859-b7b3-42bc70a1536c: 117 datasets; 1.5 s; peak memory 1142 MiB.
2026-10-04T01:37:44Z INFO [577/750] 30171521-dd47-42b9-b41a-f3b7018845d2: 48 datasets; 1.2 s; peak memory 1142 MiB.
2026-10-04T01:37:45Z INFO [578/750] 3017601c-d7a7-4416-b3bd-ddacce5779df: 48 datasets; 1.2 s; peak memory 1142 MiB.
2026-10-04T01:37:46Z INFO [579/750] 3017ce56-6db6-4f1b-9f43-daf710104617: 58 datasets; 1.0 s; peak memory 1142 MiB.
2026-10-04T01:37:52Z INFO [580/750] 30186cf2-8269-4ddd-8022-9e40da07b8e3: 229 datasets; 5.6 s; peak memory 1142 MiB.
2026-10-04T01:37:54Z INFO [581/750] 30193bdc-ec3d-41d1-b617-9a0dcca924d7: 289 datasets; 1.8 s; peak memory 1142 MiB.
2026-10-04T01:37:56Z INFO [582/750] 30194e62-ff02-4a5c-ac7f-5040b900a55f: 69 datasets; 1.9 s; peak memory 1142 MiB.
2026-10-04T01:37:57Z INFO [583/750] 3019e55b-d166-4666-b115-96b0c273c523: 116 datasets; 1.6 s; peak memory 1142 MiB.
2026-10-04T01:37:59Z INFO [584/750] 301a4d8e-7c98-4a78-9a8d-936a2105c85d: 48 datasets; 1.3 s; peak memory 1142 MiB.
2026-10-04T01:38:16Z INFO [585/750] 301ad94f-fa10-4152-8797-8ae9a2cc6264: 1140 datasets; 17.8 s; peak memory 1142 MiB.
2026-10-04T01:38:18Z INFO [586/750] 301b2026-6d8b-4b8a-82a5-8890e2a2a190: 77 datasets; 1.4 s; peak memory 1142 MiB.
2026-10-04T01:38:19Z INFO [587/750] 301b9179-3e46-451f-80fd-f4222c88a64b: 116 datasets; 1.4 s; peak memory 1142 MiB.
2026-10-04T01:38:22Z INFO [588/750] 301bb1d5-846d-43b3-af62-ed479d2d6070: 101 datasets; 2.8 s; peak memory 1142 MiB.
2026-10-04T01:38:24Z INFO [589/750] 301d0b9b-196d-4e60-9d34-b0b06046d0e6: 69 datasets; 1.9 s; peak memory 1142 MiB.
2026-10-04T01:38:26Z INFO [590/750] 301dbfe5-0f36-4c3d-8764-16bf70644946: 68 datasets; 1.5 s; peak memory 1142 MiB.
2026-10-04T01:38:27Z INFO [591/750] 301e9f10-e9dc-4afe-ac8d-c2b0579f68c9: 117 datasets; 1.4 s; peak memory 1142 MiB.
2026-10-04T01:38:28Z INFO [592/750] 301ea335-7e01-4b2d-8c32-9daea047a4f2: 116 datasets; 1.6 s; peak memory 1142 MiB.
2026-10-04T01:38:43Z INFO [593/750] 301f0c06-c833-405e-99eb-a8b7da6a1165: 802 datasets; 14.8 s; peak memory 1142 MiB.
2026-10-04T01:38:45Z INFO [594/750] 301f9126-0bd9-41e5-8ec6-ceea578de836: 118 datasets; 1.6 s; peak memory 1142 MiB.
2026-10-04T01:38:46Z INFO [595/750] 301fdbaa-3919-4f1f-8089-92334f7c88d7: 118 datasets; 1.5 s; peak memory 1142 MiB.
2026-10-04T01:38:48Z INFO [596/750] 3020670d-8799-4efc-aab1-8385e7895a64: 76 datasets; 2.0 s; peak memory 1142 MiB.
2026-10-04T01:38:50Z INFO [597/750] 30208de7-7d6c-4626-95b1-44677848c843: 118 datasets; 1.5 s; peak memory 1142 MiB.
2026-10-04T01:38:51Z INFO [598/750] 302129dd-63e5-46d6-bed8-90b89b4063e5: 117 datasets; 1.6 s; peak memory 1142 MiB.
2026-10-04T01:38:54Z INFO [599/750] 30217a66-4eec-4216-816b-0ef5e2fc483f: 90 datasets; 3.0 s; peak memory 1142 MiB.
2026-10-04T01:38:56Z INFO [600/750] 3021efb0-383c-43d1-91b4-f2cc90c5e2e5: 112 datasets; 2.0 s; peak memory 1142 MiB.
2026-10-04T01:38:56Z INFO [600/750] 3021efb0-383c-43d1-91b4-f2cc90c5e2e5: checkpointed 70185 records.
2026-10-04T01:38:58Z INFO [601/750] 3024048c-489a-4041-8233-250e3addd0f5: 69 datasets; 1.7 s; peak memory 1142 MiB.
2026-10-04T01:38:59Z INFO [602/750] 30241f65-077a-4804-ae37-dd3e106c05c1: 48 datasets; 1.2 s; peak memory 1142 MiB.
2026-10-04T01:39:01Z INFO [603/750] 30243036-cdd4-4036-b060-161bff3ec84b: 112 datasets; 1.9 s; peak memory 1142 MiB.
2026-10-04T01:39:03Z INFO [604/750] 302440e9-c14f-41b0-acbe-7f2031aeaef7: 116 datasets; 1.7 s; peak memory 1142 MiB.
2026-10-04T01:39:15Z INFO [605/750] 3024adeb-1aa8-4aef-9847-f55cb29ebfa2: 108 datasets; 11.6 s; peak memory 1142 MiB.
2026-10-04T01:39:18Z INFO [606/750] 30255eb6-fb49-4326-83cf-bc69d839f90f: 116 datasets; 2.9 s; peak memory 1142 MiB.
2026-10-04T01:39:20Z INFO [607/750] 30270bc5-0ef3-44db-ab7b-a0085987fd63: 112 datasets; 2.2 s; peak memory 1142 MiB.
2026-10-04T01:39:21Z INFO [608/750] 302712c7-595b-446d-9dfb-0e71944eb67c: 36 datasets; 1.1 s; peak memory 1142 MiB.
2026-10-04T01:39:22Z INFO [609/750] 30279b8c-5387-4e47-a6e2-865c71805cea: 69 datasets; 1.3 s; peak memory 1142 MiB.
2026-10-04T01:39:24Z INFO [610/750] 30285dc8-ca04-4c66-bd41-41593848f150: 112 datasets; 1.9 s; peak memory 1142 MiB.
2026-10-04T01:39:25Z INFO [611/750] 3028df35-f0e6-48ea-81a1-4a076648922c: 57 datasets; 1.0 s; peak memory 1142 MiB.
2026-10-04T01:39:28Z INFO [612/750] 3028fbb4-e652-4c9e-9e94-c8235ffb41fb: 114 datasets; 2.8 s; peak memory 1142 MiB.
2026-10-04T01:39:30Z INFO [613/750] 30296886-06e9-4f42-b022-618b9573c0ff: 66 datasets; 1.9 s; peak memory 1142 MiB.
2026-10-04T01:39:31Z INFO [614/750] 302a6985-3d49-4438-a3ab-ec5b5a92b41d: 51 datasets; 1.6 s; peak memory 1142 MiB.
2026-10-04T01:39:33Z INFO [615/750] 302aaf85-66ce-4734-8183-77613f584f69: 79 datasets; 1.8 s; peak memory 1142 MiB.
2026-10-04T01:39:34Z INFO [616/750] 302b0249-1480-4c81-88ab-6c709c6f5ad3: 48 datasets; 1.3 s; peak memory 1142 MiB.
2026-10-04T01:39:36Z INFO [617/750] 302ba4f7-e7a5-425a-b48a-3f0c18228b64: 46 datasets; 1.1 s; peak memory 1142 MiB.
2026-10-04T01:39:37Z INFO [618/750] 302c270c-1665-4e5f-abbc-70303f0ec0b9: 46 datasets; 1.1 s; peak memory 1142 MiB.
2026-10-04T01:39:38Z INFO [619/750] 302c8334-0f9e-41ff-904d-2311193ad7f4: 131 datasets; 1.7 s; peak memory 1142 MiB.
2026-10-04T01:39:40Z INFO [620/750] 302cf91d-973c-44bc-b204-ebf908820d00: 48 datasets; 1.3 s; peak memory 1142 MiB.
2026-10-04T01:39:43Z INFO [621/750] 302d8698-f581-42c4-8060-a750936c9f75: 119 datasets; 3.3 s; peak memory 1142 MiB.
2026-10-04T01:39:44Z INFO [622/750] 302ddb65-91e2-4abc-ab7c-040a95d8e61c: 117 datasets; 1.4 s; peak memory 1142 MiB.
2026-10-04T01:39:45Z INFO [623/750] 302de564-bb86-4674-8233-830ca580e409: 21 datasets; 1.0 s; peak memory 1142 MiB.
2026-10-04T01:39:48Z INFO [624/750] 302ea13b-a680-42bb-88a8-b096888483c7: 114 datasets; 3.2 s; peak memory 1142 MiB.
2026-10-04T01:39:50Z INFO [625/750] 302ec7e9-ebc1-4ea9-a876-831b67013435: 48 datasets; 1.2 s; peak memory 1142 MiB.
2026-10-04T01:39:59Z INFO [626/750] 302f4f28-aab3-47d4-9a3e-3327ea90fccd: 41 datasets; 9.0 s; peak memory 1142 MiB.
2026-10-04T01:40:12Z INFO [627/750] 30309452-5f2b-47d0-9d18-d75ff154367f: 4383 datasets; 13.3 s; peak memory 1142 MiB.
2026-10-04T01:40:13Z INFO [628/750] 3030e6cf-72da-47b2-9bc6-b7e7375a501f: 52 datasets; 1.4 s; peak memory 1142 MiB.
2026-10-04T01:40:28Z INFO [629/750] 3030eb5a-f27b-4f4f-bc34-5131aa1023ff: 897 datasets; 15.1 s; peak memory 1142 MiB.
2026-10-04T01:40:30Z INFO [630/750] 3031c416-3834-4895-b929-cc9e883ebd9a: 48 datasets; 1.3 s; peak memory 1142 MiB.
2026-10-04T01:40:31Z INFO [631/750] 3032cd62-b0e5-44a4-bf19-a8b8875bde3a: 118 datasets; 1.5 s; peak memory 1142 MiB.
2026-10-04T01:40:57Z INFO [632/750] 3032e9cc-dd87-426c-96aa-94fd5e9f729c: 685 datasets; 25.4 s; peak memory 1142 MiB.
2026-10-04T01:40:59Z INFO [633/750] 30336e38-d33f-4319-8d14-dab67b9e509c: 71 datasets; 2.2 s; peak memory 1142 MiB.
2026-10-04T01:41:02Z INFO [634/750] 303390b3-3e21-4ad6-bf0a-97d124b98271: 118 datasets; 3.0 s; peak memory 1142 MiB.
2026-10-04T01:41:03Z INFO [635/750] 30351c62-d94a-486b-9e0c-57671ff269bd: 72 datasets; 1.4 s; peak memory 1142 MiB.
2026-10-04T01:41:05Z INFO [636/750] 303599c0-8dae-445b-9c1e-ec0dddbf782d: 61 datasets; 1.4 s; peak memory 1142 MiB.
2026-10-04T01:41:06Z INFO [637/750] 30373a5f-2fa0-4d5e-98d4-7892cd30aee6: 117 datasets; 1.5 s; peak memory 1142 MiB.
2026-10-04T01:41:08Z INFO [638/750] 3037f608-2e9e-4fb2-b9b1-c68a027732d8: 117 datasets; 1.5 s; peak memory 1142 MiB.
2026-10-04T01:41:09Z INFO [639/750] 3038a616-eb0b-4534-9a07-280e8d997163: 48 datasets; 1.2 s; peak memory 1142 MiB.
2026-10-04T01:41:10Z INFO [640/750] 3038c2d8-8d58-4533-8d56-e38698882674: 59 datasets; 1.3 s; peak memory 1142 MiB.
2026-10-04T01:41:26Z INFO [641/750] 3038cb87-6708-49c1-9582-919c582c0703: 41 datasets; 15.8 s; peak memory 1142 MiB.
2026-10-04T01:41:29Z INFO [642/750] 3038fb4b-e2f3-480c-82b6-a06d7592c188: 116 datasets; 2.8 s; peak memory 1142 MiB.
2026-10-04T01:41:32Z INFO [643/750] 3039a6b2-8065-41e6-9f31-339a64f3d910: 156 datasets; 3.4 s; peak memory 1142 MiB.
2026-10-04T01:41:33Z INFO [644/750] 303b2958-7b13-4ead-b4d6-08c4f4311a84: 48 datasets; 1.3 s; peak memory 1142 MiB.
2026-10-04T01:41:35Z INFO [645/750] 303bc03f-c5bf-48bd-9e96-cf154595b39b: 62 datasets; 1.9 s; peak memory 1142 MiB.
2026-10-04T01:41:37Z INFO [646/750] 303bdde4-c220-4b03-9ba4-82be9113654c: 66 datasets; 2.2 s; peak memory 1142 MiB.
2026-10-04T01:41:39Z INFO [647/750] 303c1c25-618e-489f-a11e-61e6742c9edd: 117 datasets; 1.5 s; peak memory 1142 MiB.
2026-10-04T01:41:40Z INFO [648/750] 303c66a2-f7f5-4e8a-bbf9-6f8b1fb6e6ac: 46 datasets; 0.9 s; peak memory 1142 MiB.
2026-10-04T01:41:41Z INFO [649/750] 303ceb0c-3319-455a-89af-f173386d920b: 56 datasets; 1.0 s; peak memory 1142 MiB.
2026-10-04T01:41:47Z INFO [650/750] 303dbdb7-6c32-4945-b9a8-4633a555691d: 460 datasets; 5.8 s; peak memory 1142 MiB.
2026-10-04T01:41:47Z INFO [650/750] 303dbdb7-6c32-4945-b9a8-4633a555691d: checkpointed 70235 records.
2026-10-04T01:41:48Z INFO [651/750] 303ebaac-6365-4053-a7d4-3ab8b8ad1a45: 59 datasets; 1.3 s; peak memory 1142 MiB.
2026-10-04T01:41:49Z INFO [652/750] 303ec446-9e1a-4a01-a74b-a83cda91bf13: 116 datasets; 1.5 s; peak memory 1142 MiB.
2026-10-04T01:43:58Z INFO [653/750] 303fa28e-98f3-4169-9d89-66fb940226cb: 167 datasets; 128.3 s; peak memory 1142 MiB.
2026-10-04T01:43:59Z INFO [654/750] 304024f9-24e0-44b1-b62d-f89444519a9b: 48 datasets; 1.3 s; peak memory 1142 MiB.
2026-10-04T01:44:00Z INFO [655/750] 3040b46a-e3dd-4f28-85b0-cc275a64b3e8: 38 datasets; 1.1 s; peak memory 1142 MiB.
2026-10-04T01:44:02Z INFO [656/750] 3040dfc4-1b3c-4664-bd1b-2aed750c5bce: 112 datasets; 2.1 s; peak memory 1142 MiB.
2026-10-04T01:44:04Z INFO [657/750] 30412042-b5e8-43f8-a506-5946d5947860: 48 datasets; 1.3 s; peak memory 1142 MiB.
2026-10-04T01:44:05Z INFO [658/750] 30413e06-13d9-4aa2-9c7f-b8aa355e6076: 117 datasets; 1.4 s; peak memory 1142 MiB.
2026-10-04T01:44:07Z INFO [659/750] 304147c8-7c81-4a5f-97c4-510e3ed8076f: 112 datasets; 1.9 s; peak memory 1142 MiB.
2026-10-04T01:44:28Z INFO [660/750] 3041d5dc-53cf-4bec-b051-f92fafe05a2c: 1250 datasets; 20.7 s; peak memory 1142 MiB.
2026-10-04T01:44:34Z INFO [661/750] 3041da37-d7d1-46ca-a2e2-bb7908379b51: 538 datasets; 5.9 s; peak memory 1142 MiB.
2026-10-04T01:44:36Z INFO [662/750] 30431e03-d813-4210-900c-35094a5b567b: 115 datasets; 2.9 s; peak memory 1142 MiB.
2026-10-04T01:44:38Z INFO [663/750] 30442f1d-2972-4fd3-8fbd-3935fcc3ed86: 48 datasets; 1.3 s; peak memory 1142 MiB.
2026-10-04T01:44:39Z INFO [664/750] 304459f9-1ba1-498a-827b-58d3abe6a15e: 112 datasets; 1.5 s; peak memory 1142 MiB.
2026-10-04T01:44:41Z INFO [665/750] 304464a3-c9a2-4f25-8270-c553557bbc24: 112 datasets; 1.8 s; peak memory 1142 MiB.
2026-10-04T01:44:43Z INFO [666/750] 3044b08c-e0f4-449b-8a7b-6f0b77930028: 71 datasets; 1.6 s; peak memory 1142 MiB.
2026-10-04T01:44:44Z INFO [667/750] 3044d27e-42ca-4981-89fa-3ccee23909a9: 63 datasets; 1.2 s; peak memory 1142 MiB.
2026-10-04T01:44:51Z INFO [668/750] 30461416-a690-45b3-9375-5d3fcbeb09b0: 800 datasets; 7.6 s; peak memory 1142 MiB.
2026-10-04T01:44:53Z INFO [669/750] 30474f92-76c8-4a2a-8f3c-4a33cca5f45a: 71 datasets; 1.9 s; peak memory 1142 MiB.
2026-10-04T01:44:55Z INFO [670/750] 30479a56-c787-4527-9277-702aa124b8ca: 48 datasets; 1.2 s; peak memory 1142 MiB.
2026-10-04T01:44:57Z INFO [671/750] 30486273-7706-452d-a588-061b693ee906: 110 datasets; 2.0 s; peak memory 1142 MiB.
2026-10-04T01:45:00Z INFO [672/750] 30492cb4-16e9-430d-a270-164b5deffa60: 116 datasets; 3.0 s; peak memory 1142 MiB.
2026-10-04T01:45:01Z INFO [673/750] 30495042-eb6a-4740-ad66-7dd09c33f282: 48 datasets; 1.2 s; peak memory 1142 MiB.
2026-10-04T01:45:03Z INFO [674/750] 30497f1e-c121-40dd-99a0-dab1ce80d1e7: 111 datasets; 2.0 s; peak memory 1142 MiB.
2026-10-04T01:45:04Z INFO [675/750] 3049cbe5-7751-422f-94cf-cbef7127d38b: 48 datasets; 1.2 s; peak memory 1142 MiB.
2026-10-04T01:45:05Z INFO [676/750] 3049faf1-c2c5-429b-87e7-7c9deb6a5cc3: 48 datasets; 1.3 s; peak memory 1142 MiB.
2026-10-04T01:45:07Z INFO [677/750] 304a6305-7d29-49fc-b7c5-fedd98247c9a: 110 datasets; 1.7 s; peak memory 1142 MiB.
2026-10-04T01:45:20Z INFO [678/750] 304aea29-e6fb-4b59-bc9e-89ab71c1805d: 446 datasets; 13.2 s; peak memory 1142 MiB.
2026-10-04T01:45:21Z INFO [679/750] 304b285e-1cce-47f3-85b3-4beba70a27a0: 48 datasets; 1.1 s; peak memory 1142 MiB.
2026-10-04T01:45:23Z INFO [680/750] 304c0cc1-280c-450c-b907-d84b5b315b87: 48 datasets; 1.3 s; peak memory 1142 MiB.
2026-10-04T01:45:25Z INFO [681/750] 304c8aae-3c0b-4caf-bc02-46d0607c801a: 66 datasets; 2.0 s; peak memory 1142 MiB.
2026-10-04T01:45:31Z INFO [682/750] 304d37bc-07e6-4c15-b442-a8516cad5345: 616 datasets; 6.5 s; peak memory 1142 MiB.
2026-10-04T01:45:33Z INFO [683/750] 304f2f0f-5cfd-44d3-b2ff-bf9f313e16d1: 66 datasets; 1.9 s; peak memory 1142 MiB.
2026-10-04T01:45:34Z INFO [684/750] 304f3c54-1af3-422c-9250-2f386ac0e34d: 50 datasets; 1.0 s; peak memory 1142 MiB.
2026-10-04T01:45:40Z INFO [685/750] 304f8def-f7d2-4e2f-a31d-e6853282b389: 480 datasets; 5.9 s; peak memory 1142 MiB.
2026-10-04T01:45:41Z INFO [686/750] 30510363-ab08-4998-b8f7-6632ae0b9f65: 48 datasets; 1.3 s; peak memory 1142 MiB.
2026-10-04T01:45:43Z INFO [687/750] 30512f63-0599-4366-8176-329e31619a56: 118 datasets; 1.6 s; peak memory 1142 MiB.
2026-10-04T01:45:45Z INFO [688/750] 30513c0b-a658-46e5-b835-2b7f4ebfaaeb: 112 datasets; 1.9 s; peak memory 1142 MiB.
2026-10-04T01:45:46Z INFO [689/750] 30513dec-d8b3-4d13-beef-015298b46d37: 117 datasets; 1.4 s; peak memory 1142 MiB.
2026-10-04T01:45:49Z INFO [690/750] 3051738f-7672-45aa-b0f3-247812e9bacb: 38 datasets; 2.6 s; peak memory 1142 MiB.
2026-10-04T01:45:51Z INFO [691/750] 30520da9-3aef-49c5-9e5c-15108e3db5ba: 275 datasets; 2.2 s; peak memory 1142 MiB.
2026-10-04T01:45:52Z INFO [692/750] 30523a6c-bd9b-4910-9e2c-cb002207eb47: 48 datasets; 1.3 s; peak memory 1142 MiB.
2026-10-04T01:45:54Z INFO [693/750] 3052c5a2-4e11-4d8d-a12c-6df526a9911d: 66 datasets; 1.9 s; peak memory 1142 MiB.
2026-10-04T01:45:56Z INFO [694/750] 3053d189-3c1d-4151-b30e-7effef40ac1c: 66 datasets; 1.9 s; peak memory 1142 MiB.
2026-10-04T01:45:58Z INFO [695/750] 3054c186-0008-4c26-bf65-ac107d4bece8: 84 datasets; 1.7 s; peak memory 1142 MiB.
2026-10-04T01:45:59Z INFO [696/750] 3055af49-3a47-4a2e-b04f-e4bee048d90d: 79 datasets; 1.7 s; peak memory 1142 MiB.
2026-10-04T01:46:01Z INFO [697/750] 3056093d-d371-4364-bb55-7a1fff8d926c: 78 datasets; 1.9 s; peak memory 1142 MiB.
2026-10-04T01:46:02Z INFO [698/750] 305632e4-ca42-4435-bfc5-fa014e69c1d9: 42 datasets; 1.3 s; peak memory 1142 MiB.
2026-10-04T01:46:05Z INFO [699/750] 30563e67-0938-4462-b222-077e75fb5ac0: 77 datasets; 2.1 s; peak memory 1142 MiB.
2026-10-04T01:46:06Z INFO [700/750] 305662d2-2152-4210-84e1-56e5aa821615: 112 datasets; 1.4 s; peak memory 1142 MiB.
2026-10-04T01:46:06Z INFO [700/750] 305662d2-2152-4210-84e1-56e5aa821615: checkpointed 70285 records.
2026-10-04T01:46:08Z INFO [701/750] 305665f3-de94-4e00-8f65-c03d60690903: 289 datasets; 1.9 s; peak memory 1142 MiB.
2026-10-04T01:46:58Z INFO [702/750] 305685fa-c7fe-49e6-bf91-68c67cab21ff: 55 datasets; 50.2 s; peak memory 1142 MiB.
2026-10-04T01:47:00Z INFO [703/750] 30574f93-0cbd-4d9a-84eb-6eca055855ea: 124 datasets; 2.0 s; peak memory 1142 MiB.
2026-10-04T01:47:02Z INFO [704/750] 3057a9c5-9629-4c31-9718-5484afe4cc1a: 45 datasets; 1.7 s; peak memory 1142 MiB.
2026-10-04T01:47:04Z INFO [705/750] 3057b791-d6e6-4db1-8801-fce60737a631: 71 datasets; 2.2 s; peak memory 1142 MiB.
2026-10-04T01:47:10Z INFO [706/750] 3057eb88-0190-4aef-9d96-9979fec39774: 196 datasets; 6.3 s; peak memory 1142 MiB.
2026-10-04T01:47:12Z INFO [707/750] 30580c88-96c6-438b-8fa5-4dbe0bffd482: 69 datasets; 2.1 s; peak memory 1142 MiB.
2026-10-04T01:47:14Z INFO [708/750] 3058f8a7-6a62-4ee3-9ff5-24ce0f6fe687: 45 datasets; 1.4 s; peak memory 1142 MiB.
2026-10-04T01:47:15Z INFO [709/750] 30596a2e-2b31-452d-8ffd-5e521b0f6110: 48 datasets; 1.4 s; peak memory 1142 MiB.
2026-10-04T01:47:17Z INFO [710/750] 305b2471-82a4-42fe-8c2d-6301c96252e4: 118 datasets; 1.3 s; peak memory 1142 MiB.
2026-10-04T01:47:19Z INFO [711/750] 305b8bfa-1ac9-45be-a95f-af11b5be7f6b: 112 datasets; 2.0 s; peak memory 1142 MiB.
2026-10-04T01:47:20Z INFO [712/750] 305c22f9-7b1a-4331-8e66-6b3e73eb59e0: 112 datasets; 1.2 s; peak memory 1142 MiB.
2026-10-04T01:47:24Z INFO [713/750] 305c8c2b-a31b-4200-827b-acae517d586b: 38 datasets; 3.9 s; peak memory 1142 MiB.
2026-10-04T01:47:26Z INFO [714/750] 305cdf66-c7d1-4f7b-8d00-7f3e1a92d4a3: 112 datasets; 2.2 s; peak memory 1142 MiB.
2026-10-04T01:47:27Z INFO [715/750] 305d633c-b6da-49e1-b538-5fafbfd4f893: 69 datasets; 1.4 s; peak memory 1142 MiB.
2026-10-04T01:47:29Z INFO [716/750] 305ddee0-4ec9-4b70-9197-73f7d684d27b: 116 datasets; 1.5 s; peak memory 1142 MiB.
2026-10-04T01:47:31Z INFO [717/750] 305e0e9c-e18b-426a-b312-5d116722482b: 71 datasets; 1.9 s; peak memory 1142 MiB.
2026-10-04T01:47:32Z INFO [718/750] 305e692f-fc01-4d5c-881b-5f24b26bcc48: 76 datasets; 1.6 s; peak memory 1142 MiB.
2026-10-04T01:47:41Z INFO [719/750] 305f9c17-c166-45c2-bcc4-e6c1008084ef: 56 datasets; 8.6 s; peak memory 1142 MiB.
2026-10-04T01:47:42Z INFO [720/750] 30606448-7ce3-4cc5-a015-5bd18d4a24b2: 35 datasets; 1.0 s; peak memory 1142 MiB.
2026-10-04T01:48:05Z INFO [721/750] 30608516-8422-434f-9728-4ed8c1adab72: 48 datasets; 23.2 s; peak memory 1142 MiB.
2026-10-04T01:48:06Z INFO [722/750] 30609203-8293-4cdf-95cb-fbc1372d25e5: 46 datasets; 1.1 s; peak memory 1142 MiB.
2026-10-04T01:48:22Z INFO [723/750] 3062572b-cc05-4df6-8bbe-9c49225ce92f: 1093 datasets; 15.9 s; peak memory 1142 MiB.
2026-10-04T01:48:44Z INFO [724/750] 3062dad1-3377-4084-92aa-d1814b53675e: 48 datasets; 22.5 s; peak memory 1142 MiB.
2026-10-04T01:48:46Z INFO [725/750] 3062f091-6fe1-497e-8de1-851c8d7473b9: 118 datasets; 1.4 s; peak memory 1142 MiB.
2026-10-04T01:48:51Z INFO [726/750] 3062f1b3-1dd7-4e24-b10b-7e5b390bd4fc: 229 datasets; 5.5 s; peak memory 1142 MiB.
2026-10-04T01:48:54Z INFO [727/750] 30636b64-534f-40fa-99f8-b0a0375fe3f8: 70 datasets; 2.2 s; peak memory 1142 MiB.
2026-10-04T01:48:55Z INFO [728/750] 3063ac74-0bd9-458f-933b-8fa46f86dc3c: 117 datasets; 1.5 s; peak memory 1142 MiB.
2026-10-04T01:48:57Z INFO [729/750] 3063f80f-678b-4da2-81ce-5c980fe62b1a: 112 datasets; 1.8 s; peak memory 1142 MiB.
2026-10-04T01:48:58Z INFO [730/750] 30649013-f661-42b8-91bd-47edf62e4c94: 118 datasets; 1.4 s; peak memory 1142 MiB.
2026-10-04T01:49:00Z INFO [731/750] 3065c013-b3c9-4b70-8a94-9566b66225bf: 48 datasets; 1.2 s; peak memory 1142 MiB.
2026-10-04T01:49:02Z INFO [732/750] 3066559f-041c-462a-8f01-202427f78240: 115 datasets; 2.8 s; peak memory 1142 MiB.
2026-10-04T01:49:04Z INFO [733/750] 30666e10-a77d-4a9a-9c4b-7760c95c71ea: 112 datasets; 1.6 s; peak memory 1142 MiB.
2026-10-04T01:49:07Z INFO [734/750] 3066b2f5-11cd-438c-ac09-f10af85abd0a: 183 datasets; 3.5 s; peak memory 1142 MiB.
2026-10-04T01:49:09Z INFO [735/750] 3066e5d2-5c5d-4b6a-ba3a-2e0823b82d33: 112 datasets; 1.9 s; peak memory 1142 MiB.
2026-10-04T01:49:26Z INFO [736/750] 30671319-6da7-4032-a808-9868f61df856: 1160 datasets; 16.8 s; peak memory 1142 MiB.
2026-10-04T01:49:27Z INFO [737/750] 306786e7-801f-4ef9-bc1a-8237c501ba2f: 48 datasets; 1.2 s; peak memory 1142 MiB.
2026-10-04T01:49:29Z INFO [738/750] 30683c0a-6116-44d8-9507-15c916e89419: 71 datasets; 1.9 s; peak memory 1142 MiB.
2026-10-04T01:49:35Z INFO [739/750] 30689b44-8054-4928-b2d9-8e255b2d3015: 229 datasets; 6.0 s; peak memory 1142 MiB.
2026-10-04T01:49:41Z INFO [740/750] 30697761-b0d7-4e04-95a0-67cf98fcd5ea: 229 datasets; 6.2 s; peak memory 1142 MiB.
2026-10-04T01:49:44Z INFO [741/750] 306a2bd9-0c9e-4fa3-ad6e-5f7d72f216f6: 148 datasets; 2.7 s; peak memory 1142 MiB.
2026-10-04T01:49:46Z INFO [742/750] 306aadb8-2e7a-456f-bf69-dd6db6837dcc: 117 datasets; 1.5 s; peak memory 1142 MiB.
2026-10-04T01:49:47Z INFO [743/750] 306af565-3e6f-48d0-b755-8bca5ca3404a: 39 datasets; 1.4 s; peak memory 1142 MiB.
2026-10-04T01:49:48Z INFO [744/750] 306b2d07-67d0-4e21-a15f-c3e24221fa8a: 48 datasets; 1.2 s; peak memory 1142 MiB.
2026-10-04T01:50:02Z INFO [745/750] 306bf4d7-e270-40f6-9f07-d67db5a82c4e: 942 datasets; 13.6 s; peak memory 1142 MiB.
2026-10-04T01:50:03Z INFO [746/750] 306c56f9-9bc5-45c1-8ae8-7ec084eed895: 116 datasets; 1.4 s; peak memory 1142 MiB.
2026-10-04T01:50:18Z INFO [747/750] 306d0419-1145-4566-a3bf-da3a5dda5ed4: 41 datasets; 15.0 s; peak memory 1142 MiB.
2026-10-04T01:50:19Z INFO [748/750] 306dc447-62ec-4870-9b69-e6e2c6b1dc99: 41 datasets; 1.1 s; peak memory 1142 MiB.
2026-10-04T01:50:21Z INFO [749/750] 306ddde6-ab7a-41dd-9ba7-8981afd0c924: 59 datasets; 1.7 s; peak memory 1142 MiB.
2026-10-04T01:50:22Z INFO [750/750] 306ee6c8-e909-4e63-b70d-a155e0480894: 46 datasets; 1.2 s; peak memory 1142 MiB.
2026-10-04T01:50:22Z INFO [750/750] 306ee6c8-e909-4e63-b70d-a155e0480894: checkpointed 70335 records.
2026-10-04T01:50:22Z INFO Wrote 70335 records to /tmp/derivatives/valid_nwb_file_to_number_of_datasets.jsonl (749 new, 1 failed) in 75.6 min (peak memory 1142 MiB).
