2026-10-04T18:08:35Z INFO Logging to /tmp/logs/update_2026-10-04T18-08-35Z.log.
2026-10-04T18:08:35Z INFO Update valid-nwb-file-to-number-of-datasets (base directory /tmp).
2026-10-04T18:08:35Z INFO Processing 750 items (71835 already recorded).
2026-10-04T18:08:36Z INFO [1/750] 336d68ac-331c-43ae-aec3-836ffe7f917a: 114 datasets; 1.2 s; peak memory 103 MiB.
2026-10-04T18:08:38Z INFO [2/750] 336de3de-f164-4db3-a3d6-51816d87edfb: 79 datasets; 1.3 s; peak memory 105 MiB.
2026-10-04T18:08:40Z INFO [3/750] 336fb63c-b740-48a4-a96f-a67acb3bcf13: 119 datasets; 2.4 s; peak memory 106 MiB.
2026-10-04T18:08:41Z INFO [4/750] 33700d47-82a1-4ec0-ade7-601b7490ab9a: 46 datasets; 0.8 s; peak memory 107 MiB.
2026-10-04T18:08:42Z INFO [5/750] 33718647-3979-48dd-bd4e-e324faec3d28: 56 datasets; 0.9 s; peak memory 107 MiB.
2026-10-04T18:08:43Z INFO [6/750] 3371fdfc-a196-43e4-92eb-4db041382fa7: 117 datasets; 1.2 s; peak memory 109 MiB.
2026-10-04T18:08:44Z INFO [7/750] 3372b357-5b5b-41de-8bbd-d3b796d0eaf6: 46 datasets; 0.8 s; peak memory 109 MiB.
2026-10-04T18:08:45Z INFO [8/750] 3374399c-8129-405a-af5e-0feb9f9f5033: 117 datasets; 1.2 s; peak memory 110 MiB.
2026-10-04T18:08:47Z INFO [9/750] 33743f75-c140-4e9d-8553-382e820843d1: 142 datasets; 1.9 s; peak memory 111 MiB.
2026-10-04T18:08:48Z INFO [10/750] 33744b02-5503-4e7d-8c44-971e305e3b22: 51 datasets; 1.4 s; peak memory 111 MiB.
2026-10-04T18:08:50Z INFO [11/750] 3374746e-a775-4eec-8703-d01169eab8c3: 66 datasets; 1.4 s; peak memory 111 MiB.
2026-10-04T18:09:11Z INFO [12/750] 3374cef1-cd8b-4b54-a0a5-00c880c1c7a3: 48 datasets; 21.3 s; peak memory 133 MiB.
2026-10-04T18:09:12Z INFO [13/750] 3374e287-cec0-4cc9-b6eb-f3596206ec57: 117 datasets; 1.3 s; peak memory 133 MiB.
2026-10-04T18:09:13Z INFO [14/750] 3375aad3-44c4-4e4d-a3a6-4143954d4cf6: 48 datasets; 1.0 s; peak memory 133 MiB.
2026-10-04T18:09:15Z INFO [15/750] 337701b5-afaa-4e9c-b394-6e7e2fb9df7d: 112 datasets; 1.7 s; peak memory 134 MiB.
2026-10-04T18:09:17Z INFO [16/750] 337729e2-a7e2-43c4-b49f-eae98b6c5fd0: 112 datasets; 1.5 s; peak memory 134 MiB.
2026-10-04T18:09:19Z INFO [17/750] 33783854-9dee-4646-a941-aaf3bc8def26: 133 datasets; 2.9 s; peak memory 134 MiB.
2026-10-04T18:09:23Z INFO [18/750] 3378c97b-e00e-4fe2-ac9f-063a28e74e43: 38 datasets; 3.8 s; peak memory 134 MiB.
2026-10-04T18:09:27Z INFO [19/750] 33793dcc-36ee-438d-88cc-f61ba9b7d22d: 229 datasets; 4.0 s; peak memory 134 MiB.
2026-10-04T18:09:31Z INFO [20/750] 33793ed4-e78f-432b-9cc7-ec59624195b7: 50 datasets; 3.6 s; peak memory 134 MiB.
2026-10-04T18:09:32Z INFO [21/750] 3379f0d8-283d-4452-9f9d-9e588c7b19da: 66 datasets; 1.5 s; peak memory 134 MiB.
2026-10-04T18:09:33Z INFO [22/750] 337a22be-d5bc-46e4-a392-af7894ea4d7e: 48 datasets; 1.1 s; peak memory 134 MiB.
2026-10-04T18:09:35Z INFO [23/750] 337a49ec-160d-4fa1-bb5c-76c9f71175bd: 70 datasets; 1.5 s; peak memory 134 MiB.
2026-10-04T18:09:36Z INFO [24/750] 337ab704-21f5-46d6-bf6c-2befd65e4c84: 48 datasets; 1.0 s; peak memory 134 MiB.
2026-10-04T18:09:39Z INFO [25/750] 337acec5-312b-4dc3-bf8c-c53ef718f8ed: 111 datasets; 3.3 s; peak memory 134 MiB.
2026-10-04T18:09:44Z INFO [26/750] 337ad73e-5f7e-444d-8293-8398b871a7a0: 495 datasets; 5.2 s; peak memory 134 MiB.
2026-10-04T18:09:45Z INFO [27/750] 337b5276-cd27-4c41-b920-e2d6b10934ba: 48 datasets; 0.9 s; peak memory 134 MiB.
2026-10-04T18:09:46Z INFO [28/750] 337b9567-71a6-407d-9d14-28e39d0696cc: 45 datasets; 0.7 s; peak memory 134 MiB.
2026-10-04T18:09:47Z INFO [29/750] 337cfe8f-4013-47f3-a369-3d3823d08dab: 114 datasets; 1.1 s; peak memory 134 MiB.
2026-10-04T18:09:49Z INFO [30/750] 337d33c0-0c72-4925-bbaf-21e6f1288433: 70 datasets; 1.4 s; peak memory 134 MiB.
2026-10-04T18:09:52Z INFO [31/750] 337d84cc-ef7a-44cf-b545-070ff531fbef: 371 datasets; 3.2 s; peak memory 135 MiB.
2026-10-04T18:09:53Z INFO [32/750] 337e9aad-7983-488b-a7fb-59dca3f74715: 59 datasets; 1.2 s; peak memory 135 MiB.
2026-10-04T18:09:55Z INFO [33/750] 337f1885-2ec6-4483-b7a7-f5b00e8d61ba: 53 datasets; 2.0 s; peak memory 135 MiB.
2026-10-04T18:09:56Z INFO [34/750] 337f37db-c3bb-4fcb-ad89-11d574e60cc9: 84 datasets; 1.2 s; peak memory 135 MiB.
2026-10-04T18:09:57Z INFO [35/750] 337fee6f-a416-4bdc-ab91-883798debca0: 56 datasets; 0.8 s; peak memory 135 MiB.
2026-10-04T18:09:59Z INFO [36/750] 3380d8b3-6093-48c3-87ce-a2c84d8270af: 70 datasets; 1.8 s; peak memory 135 MiB.
2026-10-04T18:10:00Z INFO [37/750] 3382109c-af7a-4f04-9979-4bd574f0f51e: 69 datasets; 1.2 s; peak memory 135 MiB.
2026-10-04T18:10:01Z INFO [38/750] 3382cb26-7603-4a46-98ca-daa4edcbcbde: 48 datasets; 1.0 s; peak memory 135 MiB.
2026-10-04T18:10:04Z INFO [39/750] 3382ef0e-ea35-4e73-a7c9-5f6c958d6f97: 133 datasets; 3.3 s; peak memory 135 MiB.
2026-10-04T18:10:15Z INFO [40/750] 3383a57d-0310-4e2a-ad5f-72e76f06eb94: 511 datasets; 11.0 s; peak memory 139 MiB.
2026-10-04T18:10:16Z INFO [41/750] 3383edb3-dae0-426a-8769-cb71a2d7e515: 65 datasets; 1.3 s; peak memory 139 MiB.
2026-10-04T18:10:23Z INFO [42/750] 33860045-cf41-4ded-9627-e18ae9d3eeb1: 9078 datasets; 6.7 s; peak memory 270 MiB.
2026-10-04T18:10:36Z INFO [43/750] 3387126d-862b-4df8-b86b-0850fef29d86: 268 datasets; 13.3 s; peak memory 279 MiB.
2026-10-04T18:10:39Z INFO [44/750] 3387d37a-b082-4452-90af-6d288b490578: 153 datasets; 2.7 s; peak memory 279 MiB.
2026-10-04T18:10:40Z INFO [45/750] 3387d9fe-ba77-4ec7-aeeb-1655e4a4bf0b: 45 datasets; 1.2 s; peak memory 279 MiB.
2026-10-04T18:10:46Z INFO [46/750] 33891c8c-c412-4f04-a09d-22b65f264af1: 255 datasets; 5.7 s; peak memory 279 MiB.
2026-10-04T18:10:47Z INFO [47/750] 3389c417-c42b-4b94-a2dd-92b810ce8206: 48 datasets; 1.1 s; peak memory 279 MiB.
2026-10-04T18:10:48Z INFO [48/750] 338a31d1-abe7-4a32-b841-b15676a30fb9: 48 datasets; 1.1 s; peak memory 279 MiB.
2026-10-04T18:10:53Z INFO [49/750] 338a84ef-43b1-43c5-a189-5f74bd6be6cd: 537 datasets; 4.9 s; peak memory 280 MiB.
2026-10-04T18:13:01Z INFO [50/750] 338ac46a-11ae-47c7-88d5-6dbf4c1711b5: 261 datasets; 128.3 s; peak memory 415 MiB.
2026-10-04T18:13:02Z INFO [50/750] 338ac46a-11ae-47c7-88d5-6dbf4c1711b5: checkpointed 71885 records.
2026-10-04T18:13:03Z INFO [51/750] 338bac3a-c6ba-496c-a3ef-8f29d9d5caae: 113 datasets; 1.5 s; peak memory 415 MiB.
2026-10-04T18:13:04Z INFO [52/750] 338bd8bf-2d28-4b2b-8e3c-435dd929433b: 48 datasets; 1.0 s; peak memory 415 MiB.
2026-10-04T18:13:05Z INFO [53/750] 338c4f6b-ba3e-4e39-8bd6-8c148135a083: 50 datasets; 1.0 s; peak memory 415 MiB.
2026-10-04T18:13:06Z INFO [54/750] 338c5d0f-8b8a-4adb-a23f-0fdd6c000ed3: 48 datasets; 1.1 s; peak memory 415 MiB.
2026-10-04T18:13:34Z INFO [55/750] 338c9acf-9652-42bb-98d5-4c711eee3238: 48 datasets; 27.9 s; peak memory 415 MiB.
2026-10-04T18:13:35Z INFO [56/750] 338d0e63-085d-4646-924c-077a140ad205: 63 datasets; 1.0 s; peak memory 415 MiB.
2026-10-04T18:13:36Z INFO [57/750] 338d15a6-41f7-421d-a53c-8acfc5fd116d: 66 datasets; 1.5 s; peak memory 415 MiB.
2026-10-04T18:13:38Z INFO [58/750] 338d1fd2-3e70-4f21-b6ff-67947a6524fa: 53 datasets; 1.7 s; peak memory 415 MiB.
2026-10-04T18:13:39Z INFO [59/750] 338dcd78-f16d-4d11-b41e-f43a8eb9eba4: 46 datasets; 0.7 s; peak memory 415 MiB.
2026-10-04T18:13:40Z INFO [60/750] 338e5d1e-3888-49c2-b769-a874cf33bc0a: 48 datasets; 1.1 s; peak memory 415 MiB.
2026-10-04T18:13:46Z INFO [61/750] 338f2020-79cb-439f-a5a2-d7e120f30fe5: 511 datasets; 5.7 s; peak memory 415 MiB.
2026-10-04T18:13:51Z INFO [62/750] 33906798-be05-4bb6-aa3b-be1bd934800c: 203 datasets; 5.0 s; peak memory 415 MiB.
2026-10-04T18:13:52Z INFO [63/750] 3390778c-740d-4f37-b935-dbe4f064e302: 119 datasets; 1.0 s; peak memory 415 MiB.
2026-10-04T18:13:57Z INFO [64/750] 3392556c-846d-42bc-ae35-15e5c3efd94c: 200 datasets; 5.5 s; peak memory 415 MiB.
2026-10-04T18:14:04Z INFO [65/750] 3393d611-260f-4953-9d13-4e0c8f9fecf6: 619 datasets; 6.5 s; peak memory 415 MiB.
2026-10-04T18:14:06Z INFO [66/750] 339453f8-d4b2-470e-a9d7-a2a8a6a673e6: 68 datasets; 1.8 s; peak memory 415 MiB.
2026-10-04T18:14:07Z INFO [67/750] 3394aab8-2b97-41a9-8d2f-de9b73071ca0: 52 datasets; 1.2 s; peak memory 415 MiB.
2026-10-04T18:14:08Z INFO [68/750] 3394d6e6-e3db-4024-a23a-494e568cb40f: 116 datasets; 1.2 s; peak memory 415 MiB.
2026-10-04T18:14:18Z INFO [69/750] 339525ce-cbd6-4fb1-9232-ce4cb63d1275: 11485 datasets; 10.1 s; peak memory 415 MiB.
2026-10-04T18:14:19Z INFO [70/750] 339652e6-6868-4f54-bbe1-973cf658a4af: 41 datasets; 1.0 s; peak memory 415 MiB.
2026-10-04T18:14:20Z INFO [71/750] 33967e79-9f9d-4dc4-b3f2-6c5ad49607a0: 116 datasets; 1.2 s; peak memory 415 MiB.
2026-10-04T18:14:21Z INFO [72/750] 33973079-c318-44f7-a24d-befe6dd8b064: 70 datasets; 1.2 s; peak memory 415 MiB.
2026-10-04T18:14:23Z INFO [73/750] 33973b2b-fff6-4fff-b6ee-a8d9c68860d5: 85 datasets; 1.7 s; peak memory 415 MiB.
2026-10-04T18:14:35Z INFO [74/750] 33975be8-fd9a-44a2-b209-4cf350d7d9e0: 1395 datasets; 11.9 s; peak memory 415 MiB.
2026-10-04T18:14:36Z INFO [75/750] 33987ba3-9778-4a7d-aba7-99c4519ca00b: 116 datasets; 1.2 s; peak memory 415 MiB.
2026-10-04T18:14:37Z INFO [76/750] 339972b6-1a77-4f9a-9af0-5f50d34c8b7c: 48 datasets; 1.0 s; peak memory 415 MiB.
2026-10-04T18:14:38Z INFO [77/750] 339b0c50-13f3-4ce5-a52a-003500043fab: 110 datasets; 1.2 s; peak memory 415 MiB.
2026-10-04T18:14:43Z INFO [78/750] 339b81af-4dfd-4239-8374-59d28ecff4e4: 229 datasets; 4.7 s; peak memory 415 MiB.
2026-10-04T18:14:44Z INFO [79/750] 339b921f-72c0-40da-a149-1ce980268211: 33 datasets; 1.1 s; peak memory 415 MiB.
2026-10-04T18:16:43Z INFO [80/750] 339d7246-a94c-4ee2-8c80-201842c79e03: 167 datasets; 119.1 s; peak memory 415 MiB.
2026-10-04T18:16:45Z INFO [81/750] 339d9f35-2fac-4051-a365-2b1109f097a4: 112 datasets; 1.3 s; peak memory 415 MiB.
2026-10-04T18:16:46Z INFO [82/750] 339dc6ba-5bfe-4f38-9085-a36acacbcdaa: 48 datasets; 1.1 s; peak memory 415 MiB.
2026-10-04T18:16:47Z INFO [83/750] 339e3551-3ad4-43f8-be73-1ef818eb4388: 118 datasets; 1.3 s; peak memory 415 MiB.
2026-10-04T18:16:48Z INFO [84/750] 339e75fc-41aa-40e8-a4e3-46a4d83cac12: 275 datasets; 1.5 s; peak memory 415 MiB.
2026-10-04T18:16:54Z INFO [85/750] 339f6ea0-1517-41f1-aa0a-62e1be1b6fa1: 200 datasets; 6.0 s; peak memory 415 MiB.
2026-10-04T18:16:55Z INFO [86/750] 339f8f89-8475-473d-9c03-1c55dd2bc5eb: 48 datasets; 1.0 s; peak memory 415 MiB.
2026-10-04T18:17:02Z INFO [87/750] 339fe698-5faf-4d76-9436-1688592fa817: 193 datasets; 6.6 s; peak memory 415 MiB.
2026-10-04T18:17:03Z INFO [88/750] 33a01d2d-f172-4ec0-a2a0-91bf5d6ddb0f: 117 datasets; 1.1 s; peak memory 415 MiB.
2026-10-04T18:17:04Z INFO [89/750] 33a12221-48ab-43a7-94a9-e77e77dbdd26: 48 datasets; 1.1 s; peak memory 415 MiB.
2026-10-04T18:17:15Z INFO [90/750] 33a148e3-3e8f-49b3-b5ea-cb5bc8b92cb3: 656 datasets; 11.1 s; peak memory 415 MiB.
2026-10-04T18:17:16Z INFO [91/750] 33a17034-2343-40dd-a01b-0ac35cfe4fdd: 116 datasets; 1.1 s; peak memory 415 MiB.
2026-10-04T18:17:17Z INFO [92/750] 33a20607-fce1-482d-ac6f-47a120d14b86: 46 datasets; 0.8 s; peak memory 415 MiB.
2026-10-04T18:25:49Z INFO [93/750] 33a3103c-383e-434b-9d57-50de6c9679ff: 108 datasets; 512.2 s; peak memory 1251 MiB.
2026-10-04T18:25:51Z INFO [94/750] 33a43bf2-7435-4921-9f71-12caab76f596: 69 datasets; 1.3 s; peak memory 1251 MiB.
2026-10-04T18:25:52Z INFO [95/750] 33a45fa6-5187-4000-af23-53e7c9c0e70a: 117 datasets; 1.1 s; peak memory 1251 MiB.
2026-10-04T18:25:53Z INFO [96/750] 33a578b2-a7a5-4a5b-8179-2dfed3989db5: 48 datasets; 1.1 s; peak memory 1251 MiB.
2026-10-04T18:25:55Z INFO [97/750] 33a5a463-c337-4768-9100-345759b9e05f: 98 datasets; 2.2 s; peak memory 1251 MiB.
2026-10-04T18:25:57Z INFO [98/750] 33a5f3f8-e375-47e8-8dcc-5a662db3ecc4: 66 datasets; 2.1 s; peak memory 1251 MiB.
2026-10-04T18:25:58Z INFO [99/750] 33a7a5e7-4c1e-48c1-8429-d4cae9a92234: 68 datasets; 1.1 s; peak memory 1251 MiB.
2026-10-04T18:25:59Z INFO [100/750] 33a8f1e4-ce94-4150-9f94-87d0cce25d6e: 46 datasets; 1.0 s; peak memory 1251 MiB.
2026-10-04T18:25:59Z INFO [100/750] 33a8f1e4-ce94-4150-9f94-87d0cce25d6e: checkpointed 71935 records.
2026-10-04T18:26:00Z INFO [101/750] 33a92a02-73e3-422c-9352-e6763ceb38cc: 46 datasets; 0.8 s; peak memory 1251 MiB.
2026-10-04T18:26:01Z INFO [102/750] 33a9cc80-e399-41cd-b082-444746069373: 49 datasets; 1.3 s; peak memory 1251 MiB.
2026-10-04T18:26:04Z INFO [103/750] 33aa9e7c-9156-46c7-8d7c-86f4510ba469: 123 datasets; 2.5 s; peak memory 1251 MiB.
2026-10-04T18:26:07Z INFO [104/750] 33aaa5f1-5164-4e15-a25d-62aeefac3b6b: 85 datasets; 3.0 s; peak memory 1251 MiB.
2026-10-04T18:26:08Z INFO [105/750] 33aacbc3-3f44-46b9-bf95-8b4935d70046: 48 datasets; 1.1 s; peak memory 1251 MiB.
2026-10-04T18:26:16Z INFO [106/750] 33ab48b6-08a3-4dde-bf68-858acbc39209: 336 datasets; 8.2 s; peak memory 1251 MiB.
2026-10-04T18:26:17Z INFO [107/750] 33abbe2f-fbce-4c96-893e-d3fb0191f930: 56 datasets; 0.8 s; peak memory 1251 MiB.
2026-10-04T18:26:18Z INFO [108/750] 33acacf4-8a9d-46a5-b515-8bf7cc1cc0ba: 50 datasets; 1.0 s; peak memory 1251 MiB.
2026-10-04T18:26:26Z INFO [109/750] 33acb88a-22a2-4368-a880-29413004ae32: 44 datasets; 7.7 s; peak memory 1251 MiB.
2026-10-04T18:26:27Z INFO [110/750] 33ae9547-9af7-4bed-b413-f2be812437a0: 48 datasets; 0.9 s; peak memory 1251 MiB.
2026-10-04T18:26:28Z INFO [111/750] 33b05888-bc54-4426-8973-08850502fec2: 112 datasets; 1.5 s; peak memory 1251 MiB.
2026-10-04T18:26:29Z INFO [112/750] 33b065a1-b136-4834-9c7d-5a405213f385: 41 datasets; 0.9 s; peak memory 1251 MiB.
2026-10-04T18:26:30Z INFO [113/750] 33b0cfb3-ecff-4b37-92f9-db6bea4321e5: 62 datasets; 1.5 s; peak memory 1251 MiB.
2026-10-04T18:26:32Z INFO [114/750] 33b199a6-1536-48df-9afe-2051325e25d9: 65 datasets; 1.8 s; peak memory 1251 MiB.
2026-10-04T18:26:34Z INFO [115/750] 33b27183-a6ab-4f63-83d3-21552f85a875: 71 datasets; 1.8 s; peak memory 1251 MiB.
2026-10-04T18:26:35Z INFO [116/750] 33b2bc25-b5b0-40ec-8862-0976c6313f40: 118 datasets; 1.3 s; peak memory 1251 MiB.
2026-10-04T18:26:37Z INFO [117/750] 33b2d633-cabb-479f-ae6c-363223b8bfc4: 112 datasets; 1.2 s; peak memory 1251 MiB.
2026-10-04T18:26:38Z INFO [118/750] 33b3ea37-6679-4167-b928-22d9a1e59148: 76 datasets; 1.5 s; peak memory 1251 MiB.
2026-10-04T18:26:40Z INFO [119/750] 33b57e22-3f66-4dd7-b792-d9a9f91c4e52: 168 datasets; 2.4 s; peak memory 1251 MiB.
2026-10-04T18:26:43Z INFO [120/750] 33b5a221-3c84-41e9-9bcd-46d7f5491647: 90 datasets; 2.2 s; peak memory 1251 MiB.
2026-10-04T18:26:43Z INFO [121/750] 33b5da02-d63f-46b4-ba7b-db9ff35ab583: 54 datasets; 0.8 s; peak memory 1251 MiB.
2026-10-04T18:26:45Z INFO [122/750] 33b61447-52fa-4f9f-bb60-9c2281306b39: 52 datasets; 1.2 s; peak memory 1251 MiB.
2026-10-04T18:26:46Z INFO [123/750] 33b63364-8323-4cda-be4f-f565254eb5d1: 48 datasets; 1.0 s; peak memory 1251 MiB.
2026-10-04T18:26:48Z INFO [124/750] 33b6bce5-1d4b-4485-a852-56ad30e34353: 115 datasets; 2.3 s; peak memory 1251 MiB.
2026-10-04T18:26:49Z INFO [125/750] 33b74475-1c86-4397-9be5-d79ee7a57f73: 33 datasets; 0.7 s; peak memory 1251 MiB.
2026-10-04T18:26:58Z INFO [126/750] 33b7458c-71a0-4d26-8f7d-5992d17f4284: 391 datasets; 9.1 s; peak memory 1251 MiB.
2026-10-04T18:26:59Z INFO [127/750] 33b76c8d-3d14-4485-91a2-79ae0b5c7809: 56 datasets; 0.9 s; peak memory 1251 MiB.
2026-10-04T18:27:00Z INFO [128/750] 33b7b07d-c954-40ea-a775-35986903819f: 46 datasets; 1.0 s; peak memory 1251 MiB.
2026-10-04T18:29:45Z INFO [129/750] 33b8d652-5bd9-4523-9d9a-0f3e2fe0d46e: 99 datasets; 165.0 s; peak memory 1363 MiB.
2026-10-04T18:29:46Z INFO [130/750] 33b8ff20-8b2a-4fff-9d12-30600f2bb0e0: 117 datasets; 1.2 s; peak memory 1363 MiB.
2026-10-04T18:29:57Z INFO [131/750] 33b91c1b-5db6-493f-83c2-87fde387f3e6: 807 datasets; 10.9 s; peak memory 1363 MiB.
2026-10-04T18:29:58Z INFO [132/750] 33b95a2e-5e80-4821-a65e-c74527a856c3: 117 datasets; 1.3 s; peak memory 1363 MiB.
2026-10-04T18:30:00Z INFO [133/750] 33ba064a-efcb-41c3-8473-18839dcdb240: 113 datasets; 1.5 s; peak memory 1363 MiB.
2026-10-04T18:30:01Z INFO [134/750] 33ba4aa3-e50d-4e3c-be0a-dd731e8a523a: 62 datasets; 1.4 s; peak memory 1363 MiB.
2026-10-04T18:30:02Z INFO [135/750] 33ba9d3f-b664-44d9-9a21-884d91447591: 118 datasets; 1.1 s; peak memory 1363 MiB.
2026-10-04T18:30:03Z INFO [136/750] 33baa098-d9b1-455f-b10c-03c04bd034d7: 48 datasets; 1.1 s; peak memory 1363 MiB.
2026-10-04T18:30:04Z INFO [137/750] 33bacd9e-dd46-413d-ab73-4deb6c4f5ae1: 37 datasets; 0.7 s; peak memory 1363 MiB.
2026-10-04T18:30:06Z INFO [138/750] 33bb11f2-1223-49ca-bef3-f8bcb6c131fe: 64 datasets; 1.8 s; peak memory 1363 MiB.
2026-10-04T18:30:07Z INFO [139/750] 33bb4696-4dec-4491-b995-58bdaaff9206: 117 datasets; 1.3 s; peak memory 1363 MiB.
2026-10-04T18:30:17Z INFO [140/750] 33bbb844-5e28-49e2-becc-4bc83695708d: 788 datasets; 10.3 s; peak memory 1363 MiB.
2026-10-04T18:30:19Z INFO [141/750] 33bc00f2-3f80-4a0c-9e5b-0fda065b6525: 119 datasets; 2.2 s; peak memory 1363 MiB.
2026-10-04T18:30:33Z INFO [142/750] 33bc2639-95ef-4f1f-baf4-e73e1868c017: 38 datasets; 13.9 s; peak memory 1363 MiB.
2026-10-04T18:30:34Z INFO [143/750] 33bdd54d-d070-4274-879b-e6ad001a782d: 52 datasets; 0.9 s; peak memory 1363 MiB.
2026-10-04T18:30:36Z INFO [144/750] 33be0f47-6b6f-41ad-a99a-a461f68ce6a7: 155 datasets; 2.1 s; peak memory 1363 MiB.
2026-10-04T18:30:37Z INFO [145/750] 33bf8901-953e-4fe9-8675-148672c19c31: 48 datasets; 1.0 s; peak memory 1363 MiB.
2026-10-04T18:30:39Z INFO [146/750] 33bf8a4d-1cd3-4771-bd8b-8ed35da405b0: 117 datasets; 1.1 s; peak memory 1363 MiB.
2026-10-04T18:30:41Z INFO [147/750] 33bfa3f7-9fa3-4f20-93b5-6aeada987943: 115 datasets; 2.1 s; peak memory 1363 MiB.
2026-10-04T18:30:42Z INFO [148/750] 33c07fa2-664a-426f-83da-45bd0b50adb8: 69 datasets; 1.7 s; peak memory 1363 MiB.
2026-10-04T18:30:46Z INFO [149/750] 33c0a71e-ca61-4110-b4c6-c10f04a89256: 111 datasets; 3.4 s; peak memory 1363 MiB.
2026-10-04T18:30:47Z INFO [150/750] 33c0d8fa-9767-4bc2-95c8-86173c1a6b58: 112 datasets; 1.6 s; peak memory 1363 MiB.
2026-10-04T18:30:47Z INFO [150/750] 33c0d8fa-9767-4bc2-95c8-86173c1a6b58: checkpointed 71985 records.
2026-10-04T18:30:49Z INFO [151/750] 33c18e91-cce0-4700-8df2-92776b124c1d: 112 datasets; 1.5 s; peak memory 1363 MiB.
2026-10-04T18:30:53Z INFO [152/750] 33c1b15e-0a52-4825-9d4a-c498fe47c97c: 229 datasets; 4.6 s; peak memory 1363 MiB.
2026-10-04T18:30:57Z INFO [153/750] 33c27bfa-bdca-4359-a1e8-44b008c64f7b: 38 datasets; 3.7 s; peak memory 1363 MiB.
2026-10-04T18:30:58Z INFO [154/750] 33c29fb6-5c56-4717-baa1-886558900aea: 115 datasets; 1.2 s; peak memory 1363 MiB.
2026-10-04T18:31:00Z INFO [155/750] 33c2ed3b-433f-4ef4-90af-b1a410bdaee8: 117 datasets; 1.2 s; peak memory 1363 MiB.
2026-10-04T18:31:01Z INFO [156/750] 33c3b466-c060-4a4e-be48-d3d744ab27ef: 48 datasets; 1.2 s; peak memory 1363 MiB.
2026-10-04T18:31:03Z INFO [157/750] 33c45a2f-6976-4332-a75f-8a5da4718ba0: 115 datasets; 2.6 s; peak memory 1363 MiB.
2026-10-04T18:31:04Z INFO [158/750] 33c5026e-33e4-4e3f-9f45-a0645e087386: 117 datasets; 1.1 s; peak memory 1363 MiB.
2026-10-04T18:31:06Z INFO [159/750] 33c62f5e-ae7e-4612-a9ed-697534a73614: 132 datasets; 1.7 s; peak memory 1363 MiB.
2026-10-04T18:31:07Z INFO [160/750] 33c64178-cbfe-409e-816d-0c6eff556b47: 48 datasets; 1.0 s; peak memory 1363 MiB.
2026-10-04T18:31:28Z INFO [161/750] 33c6b262-549a-49f8-9149-187c5d270b0d: 48 datasets; 20.5 s; peak memory 1363 MiB.
2026-10-04T18:31:30Z INFO [162/750] 33c73968-a461-4b3e-b239-eb11b3a47cda: 102 datasets; 1.8 s; peak memory 1363 MiB.
2026-10-04T18:31:35Z INFO [163/750] 33c73f38-3cf8-46c7-a8de-0e08f6186aea: 314 datasets; 5.4 s; peak memory 1363 MiB.
2026-10-04T18:31:36Z INFO [164/750] 33c85b2d-1112-4d6c-b240-414f5e165afc: 118 datasets; 1.2 s; peak memory 1363 MiB.
2026-10-04T18:31:40Z INFO [165/750] 33c8e7f6-ca72-4150-a727-2454fcd0e986: 397 datasets; 3.8 s; peak memory 1363 MiB.
2026-10-04T18:31:41Z INFO [166/750] 33c903c0-a1e2-4ba7-bee0-ce9f7a6c5b03: 110 datasets; 1.5 s; peak memory 1363 MiB.
2026-10-04T18:31:42Z INFO [167/750] 33c99a58-800b-4148-8986-04ff53ac5a68: 46 datasets; 0.7 s; peak memory 1363 MiB.
2026-10-04T18:31:43Z INFO [168/750] 33c9b0cc-41a4-4c05-8227-efc0208a64f1: 118 datasets; 1.1 s; peak memory 1363 MiB.
2026-10-04T18:32:04Z INFO [169/750] 33ca056e-c143-4107-9c95-c1cc5aaa7a34: 48 datasets; 20.4 s; peak memory 1363 MiB.
2026-10-04T18:32:05Z INFO [170/750] 33ca8213-9ffe-43a2-9e13-1af027869d4a: 112 datasets; 1.8 s; peak memory 1363 MiB.
2026-10-04T18:32:07Z INFO [171/750] 33cb4b61-2af8-44ca-8c1a-112b37fd495e: 112 datasets; 1.6 s; peak memory 1363 MiB.
2026-10-04T18:32:08Z INFO [172/750] 33ccca6a-b180-4cd2-b56c-d4eb33268bb7: 48 datasets; 1.1 s; peak memory 1363 MiB.
2026-10-04T18:32:11Z INFO [173/750] 33cd1624-fe10-4611-8418-2bacc58916e2: 116 datasets; 2.5 s; peak memory 1363 MiB.
2026-10-04T18:32:12Z INFO [174/750] 33cf734b-0617-49d9-a8ff-b5f45e02de86: 48 datasets; 1.0 s; peak memory 1363 MiB.
2026-10-04T18:32:13Z INFO [175/750] 33d03c86-3920-442e-a4d9-bab9fe98c6d1: 116 datasets; 1.1 s; peak memory 1363 MiB.
2026-10-04T18:32:13Z INFO [176/750] 33d08e19-45d2-4e45-990d-58a253593a7a: 52 datasets; 0.8 s; peak memory 1363 MiB.
2026-10-04T18:32:35Z INFO [177/750] 33d14d92-4645-43ba-8d33-0e340f2a014a: 48 datasets; 22.0 s; peak memory 1363 MiB.
2026-10-04T18:32:36Z INFO [178/750] 33d1579d-0e7f-47b1-aad5-22a8dfe75bc0: 46 datasets; 1.0 s; peak memory 1363 MiB.
2026-10-04T18:32:46Z INFO [179/750] 33d1780d-7d6f-4d62-90ee-f8c3fad45c73: 812 datasets; 9.6 s; peak memory 1363 MiB.
2026-10-04T18:32:49Z INFO [180/750] 33d1a5c6-84c1-4a07-8584-748ed9ae9faf: 153 datasets; 2.7 s; peak memory 1363 MiB.
2026-10-04T18:32:50Z INFO [181/750] 33d1bc72-78e1-4699-b4ef-138b8987c9da: 56 datasets; 0.8 s; peak memory 1363 MiB.
2026-10-04T18:32:51Z INFO [182/750] 33d1e7e0-56de-4f8f-8bb2-e0ea5493797f: 112 datasets; 1.7 s; peak memory 1363 MiB.
2026-10-04T18:32:53Z INFO [183/750] 33d20062-5ca9-42ab-aaa1-848745e61769: 116 datasets; 1.2 s; peak memory 1363 MiB.
2026-10-04T18:32:53Z INFO [184/750] 33d21ae0-eba7-4d64-94f6-3a43cf2fee17: 38 datasets; 0.9 s; peak memory 1363 MiB.
2026-10-04T18:32:55Z INFO [185/750] 33d2886e-f730-4d8d-9214-b76a3b1edd52: 112 datasets; 1.3 s; peak memory 1363 MiB.
2026-10-04T18:33:03Z INFO [186/750] 33d2d345-e788-4ad5-8df5-be58f75f0d7b: 339 datasets; 8.6 s; peak memory 1363 MiB.
2026-10-04T18:33:04Z INFO [187/750] 33d2d9b5-bc46-46ad-bceb-575ffb477a65: 48 datasets; 1.0 s; peak memory 1363 MiB.
2026-10-04T18:33:09Z INFO [188/750] 33d59d41-4193-41a8-b8b2-16235684857a: 193 datasets; 5.1 s; peak memory 1363 MiB.
2026-10-04T18:33:11Z INFO [189/750] 33d60ce7-d368-4338-aef2-714b38084a69: 66 datasets; 1.7 s; peak memory 1363 MiB.
2026-10-04T18:33:12Z INFO [190/750] 33d71790-1ea0-4399-ae7d-cad845838a2b: 46 datasets; 0.7 s; peak memory 1363 MiB.
2026-10-04T18:33:13Z INFO [191/750] 33d723a4-9776-4cdf-aadb-365e8def443f: 62 datasets; 1.3 s; peak memory 1363 MiB.
2026-10-04T18:33:14Z INFO [192/750] 33d74923-1fa6-4bff-a05e-9ebd5968c8fc: 48 datasets; 1.0 s; peak memory 1363 MiB.
2026-10-04T18:33:15Z INFO [193/750] 33d76060-4748-466a-9d8a-24700977c7ed: 117 datasets; 1.3 s; peak memory 1363 MiB.
2026-10-04T18:33:17Z INFO [194/750] 33d7bde3-d766-4dbe-8d7b-46cbc805cc40: 117 datasets; 1.2 s; peak memory 1363 MiB.
2026-10-04T18:33:18Z INFO [195/750] 33d85df6-8079-4dc7-b404-00de21156b96: 117 datasets; 1.1 s; peak memory 1363 MiB.
2026-10-04T18:33:19Z INFO [196/750] 33d980e2-fb20-4579-9fb7-f68ce9ab1077: 117 datasets; 1.3 s; peak memory 1363 MiB.
2026-10-04T18:33:20Z INFO [197/750] 33d9bae7-6571-401a-942d-01e1b8696767: 48 datasets; 0.9 s; peak memory 1363 MiB.
2026-10-04T18:33:35Z INFO [198/750] 33d9c385-2f66-4add-95c8-c4802ca3cd99: 428 datasets; 15.3 s; peak memory 1363 MiB.
2026-10-04T18:33:37Z INFO [199/750] 33da7fe5-6163-49f8-8ab8-5103022d5215: 112 datasets; 1.5 s; peak memory 1363 MiB.
2026-10-04T18:33:42Z INFO [200/750] 33daf653-fa2f-437e-ae78-7e6fad555592: 229 datasets; 5.1 s; peak memory 1363 MiB.
2026-10-04T18:33:42Z INFO [200/750] 33daf653-fa2f-437e-ae78-7e6fad555592: checkpointed 72035 records.
2026-10-04T18:33:43Z INFO [201/750] 33db7eb7-81bd-4baf-b7aa-d1d269951ecf: 46 datasets; 0.7 s; peak memory 1363 MiB.
2026-10-04T18:33:45Z INFO [202/750] 33dbb348-ac5b-4dd7-8509-20d7551ccdc3: 116 datasets; 2.6 s; peak memory 1363 MiB.
2026-10-04T18:33:46Z INFO [203/750] 33dce7d8-6def-43b2-be92-d772623193e2: 48 datasets; 1.0 s; peak memory 1363 MiB.
2026-10-04T18:33:47Z INFO [204/750] 33dcf845-6226-4f82-8c78-e65de03a45d7: 121 datasets; 0.9 s; peak memory 1363 MiB.
2026-10-04T18:33:49Z INFO [205/750] 33dfb656-cf42-4388-b6bb-9a12571bce36: 115 datasets; 2.3 s; peak memory 1363 MiB.
2026-10-04T18:33:51Z INFO [206/750] 33dfc7bd-805a-485e-8970-776ccab16014: 112 datasets; 1.3 s; peak memory 1363 MiB.
2026-10-04T18:33:56Z INFO [207/750] 33dffe71-3db7-4441-a160-1decc1fdfac6: 653 datasets; 5.7 s; peak memory 1363 MiB.
2026-10-04T18:33:58Z INFO [208/750] 33e01ad7-9e5f-4e8c-8338-61d53d8749bd: 112 datasets; 1.7 s; peak memory 1363 MiB.
2026-10-04T18:34:00Z INFO [209/750] 33e01d4f-0687-4194-a82b-ef245553c890: 64 datasets; 1.6 s; peak memory 1363 MiB.
2026-10-04T18:34:01Z INFO [210/750] 33e0966f-3b1c-4746-b929-03d52e23f97b: 45 datasets; 1.6 s; peak memory 1363 MiB.
2026-10-04T18:34:03Z INFO [211/750] 33e0e441-10da-4ac0-be49-e6b29e098ca0: 118 datasets; 1.2 s; peak memory 1363 MiB.
2026-10-04T18:34:04Z INFO [212/750] 33e1aa7b-7dba-4dc4-9796-f11f2a99ca5d: 112 datasets; 1.4 s; peak memory 1363 MiB.
2026-10-04T18:34:05Z INFO [213/750] 33e20675-d5aa-4aa6-8d9d-360d93116a3c: 48 datasets; 1.1 s; peak memory 1363 MiB.
2026-10-04T18:34:06Z INFO [214/750] 33e23fb3-355e-427d-9012-20477146eccf: 37 datasets; 0.8 s; peak memory 1363 MiB.
2026-10-04T18:34:08Z INFO [215/750] 33e2dbee-80eb-4d63-a83d-17edc9356bba: 128 datasets; 1.8 s; peak memory 1363 MiB.
2026-10-04T18:34:12Z INFO [216/750] 33e48883-0707-496b-b790-e1d1750741ac: 38 datasets; 3.9 s; peak memory 1363 MiB.
2026-10-04T18:34:12Z INFO [217/750] 33e4d5f0-e571-4c97-b427-a8955295db65: 46 datasets; 0.8 s; peak memory 1363 MiB.
2026-10-04T18:34:22Z INFO [218/750] 33e4e510-a994-46a8-9b88-edce0bffe752: 4414 datasets; 10.0 s; peak memory 1363 MiB.
2026-10-04T18:34:23Z INFO [219/750] 33e585a5-970b-4d44-8fb3-25aefaba51c8: 48 datasets; 1.0 s; peak memory 1363 MiB.
2026-10-04T18:34:25Z INFO [220/750] 33e605cc-de49-4a33-994a-41c184179525: 71 datasets; 1.4 s; peak memory 1363 MiB.
2026-10-04T18:34:26Z INFO [221/750] 33e628ea-d4a6-404f-9679-da27ff2e8402: 48 datasets; 1.1 s; peak memory 1363 MiB.
2026-10-04T18:34:27Z INFO [222/750] 33e6c5a5-ebbf-4c28-89bc-3773c7eee7e5: 112 datasets; 1.6 s; peak memory 1363 MiB.
2026-10-04T18:34:28Z INFO [223/750] 33e6d2ef-93c9-4a85-a451-4ea8b95a284a: 45 datasets; 0.7 s; peak memory 1363 MiB.
2026-10-04T18:34:29Z INFO [224/750] 33e6f880-4dd4-4e11-997d-d2c5a271a054: 51 datasets; 1.2 s; peak memory 1363 MiB.
2026-10-04T18:34:31Z INFO [225/750] 33e7cf09-7c0d-469b-8ce0-93c6c229a8e2: 112 datasets; 1.6 s; peak memory 1363 MiB.
2026-10-04T18:34:32Z INFO [226/750] 33e7d846-408b-476d-9543-6094df2ae2b3: 48 datasets; 1.0 s; peak memory 1363 MiB.
2026-10-04T18:34:33Z INFO [227/750] 33e81d4a-6d59-4524-b354-d097372c13f8: 50 datasets; 0.8 s; peak memory 1363 MiB.
2026-10-04T18:34:35Z INFO [228/750] 33e850d6-9a8a-4732-b1d0-1ad767212461: 118 datasets; 1.9 s; peak memory 1363 MiB.
2026-10-04T18:34:37Z INFO [229/750] 33e94c75-302c-4f91-80ce-d7f287bf82c9: 71 datasets; 1.9 s; peak memory 1363 MiB.
2026-10-04T18:34:37Z INFO [230/750] 33e9a397-fef5-4ce2-ac64-5ce2293596d4: 48 datasets; 0.9 s; peak memory 1363 MiB.
2026-10-04T18:34:43Z INFO [231/750] 33ea40aa-5736-4194-a467-a8a12d894f35: 541 datasets; 6.0 s; peak memory 1363 MiB.
2026-10-04T18:34:45Z INFO [232/750] 33eb3287-fe67-478d-bb2f-f46ef154e25e: 116 datasets; 1.2 s; peak memory 1363 MiB.
2026-10-04T18:34:51Z INFO [233/750] 33ebc3e1-3d43-441b-84c1-27b5cbff5653: 538 datasets; 6.0 s; peak memory 1363 MiB.
2026-10-04T18:34:54Z INFO [234/750] 33ec9144-f1be-4706-9065-6d8e6f4cb780: 48 datasets; 3.6 s; peak memory 1363 MiB.
2026-10-04T18:34:55Z INFO [235/750] 33ee1c7f-0454-4a23-bf3a-dee139253ff2: 170 datasets; 1.3 s; peak memory 1363 MiB.
2026-10-04T18:35:14Z INFO [236/750] 33ee3184-0286-431e-adef-f872c1d5d75a: 1203 datasets; 18.9 s; peak memory 1363 MiB.
2026-10-04T18:35:16Z INFO [237/750] 33f1f3a9-d3c8-4f0f-8f63-e7dd1113e872: 113 datasets; 1.9 s; peak memory 1363 MiB.
2026-10-04T18:35:18Z INFO [238/750] 33f218df-c9cb-4641-abf5-c8cb161b3e2b: 112 datasets; 1.2 s; peak memory 1363 MiB.
2026-10-04T18:35:19Z INFO [239/750] 33f23955-fa96-442c-b164-ad13bbecb0a8: 52 datasets; 1.1 s; peak memory 1363 MiB.
2026-10-04T18:35:20Z INFO [240/750] 33f3372f-891c-4302-a21d-48cf896f288f: 117 datasets; 1.3 s; peak memory 1363 MiB.
2026-10-04T18:35:21Z INFO [241/750] 33f3b34a-3d1b-4a89-b931-d00ad985982c: 44 datasets; 0.8 s; peak memory 1363 MiB.
2026-10-04T18:35:22Z INFO [242/750] 33f3bc95-0afc-4f2f-a283-4744f4455bcc: 66 datasets; 1.6 s; peak memory 1363 MiB.
2026-10-04T18:37:16Z INFO [243/750] 33f63db5-2acc-4cf3-98e2-63fcf6b9a249: 260 datasets; 113.3 s; peak memory 1363 MiB.
2026-10-04T18:37:18Z INFO [244/750] 33f7ebdd-bf31-4c30-8b74-f9e8ef2366dd: 90 datasets; 2.3 s; peak memory 1363 MiB.
2026-10-04T18:37:20Z INFO [245/750] 33f7f112-3366-4574-9777-857ba75d0662: 165 datasets; 2.3 s; peak memory 1363 MiB.
2026-10-04T18:37:21Z INFO [246/750] 33f82873-bb1d-4ab4-bfea-cfe838d01cab: 48 datasets; 1.0 s; peak memory 1363 MiB.
2026-10-04T18:37:25Z INFO [247/750] 33f88587-c18a-4ba7-8188-4171b8dfb1c4: 192 datasets; 4.0 s; peak memory 1363 MiB.
2026-10-04T18:37:26Z INFO [248/750] 33f8de4c-ff23-49f7-804d-8535f2f01ddb: 54 datasets; 0.8 s; peak memory 1363 MiB.
2026-10-04T18:37:27Z INFO [249/750] 33f927ab-3dc3-43b3-a8d5-6d4bbfa44fcf: 118 datasets; 1.1 s; peak memory 1363 MiB.
2026-10-04T18:37:29Z INFO [250/750] 33f9c036-a248-47e0-a1da-704f3ad2ebe2: 69 datasets; 1.4 s; peak memory 1363 MiB.
2026-10-04T18:37:29Z INFO [250/750] 33f9c036-a248-47e0-a1da-704f3ad2ebe2: checkpointed 72085 records.
2026-10-04T18:37:30Z INFO [251/750] 33f9fe9d-46c8-436d-bd1b-a1c3639189b6: 114 datasets; 1.0 s; peak memory 1363 MiB.
2026-10-04T18:37:49Z INFO [252/750] 33fa29bc-fbf9-404c-a330-d693b58e73af: 48 datasets; 19.2 s; peak memory 1363 MiB.
2026-10-04T18:37:50Z INFO [253/750] 33fa5bce-27bf-4d30-875f-2853a6ea1c8f: 112 datasets; 1.4 s; peak memory 1363 MiB.
2026-10-04T18:37:53Z INFO [254/750] 33fc397d-bd47-4e92-8b9d-5b17e7b1bf26: 118 datasets; 2.4 s; peak memory 1363 MiB.
2026-10-04T18:37:54Z INFO [255/750] 33fca63f-c67c-4a15-a370-ba8ce11eab03: 68 datasets; 1.2 s; peak memory 1363 MiB.
2026-10-04T18:38:15Z INFO [256/750] 33fea77a-0013-40db-99fc-1a26112ebbd0: 48 datasets; 20.8 s; peak memory 1363 MiB.
2026-10-04T18:38:16Z INFO [257/750] 33ff9dc3-ee7c-4e06-8a05-e98d3d20fd75: 112 datasets; 1.1 s; peak memory 1363 MiB.
2026-10-04T18:38:17Z INFO [258/750] 3401237f-a5cf-472e-a615-541523fc269c: 48 datasets; 1.0 s; peak memory 1363 MiB.
2026-10-04T18:38:19Z INFO [259/750] 34017499-2afd-44a9-9049-30ff584d0dda: 158 datasets; 1.9 s; peak memory 1363 MiB.
2026-10-04T18:38:25Z INFO [260/750] 3402beb7-02a4-4354-8622-4786106c373c: 49 datasets; 5.8 s; peak memory 1363 MiB.
2026-10-04T18:38:26Z INFO [261/750] 3402c26b-65f1-412b-aaf4-dfe6cf33d724: 69 datasets; 1.5 s; peak memory 1363 MiB.
2026-10-04T18:38:27Z INFO [262/750] 34031140-d649-4d31-a4cc-07c974cbda5e: 52 datasets; 1.0 s; peak memory 1363 MiB.
2026-10-04T18:38:29Z INFO [263/750] 34034197-aaf1-4f02-9b92-3e1b126c9f91: 119 datasets; 1.9 s; peak memory 1363 MiB.
2026-10-04T18:38:32Z INFO [264/750] 34036d7d-40a9-4adb-acdd-99ccf0b7b7a8: 84 datasets; 3.0 s; peak memory 1363 MiB.
2026-10-04T18:38:33Z INFO [265/750] 34039a76-38ed-491b-aa1b-6247536a2165: 112 datasets; 1.3 s; peak memory 1363 MiB.
2026-10-04T18:38:35Z INFO [266/750] 3403c168-4816-4b75-80c8-b32c56f4da36: 117 datasets; 1.1 s; peak memory 1363 MiB.
2026-10-04T18:38:36Z INFO [267/750] 340440e5-1b1c-4e6b-b003-f8e6c5738cd8: 48 datasets; 1.0 s; peak memory 1363 MiB.
2026-10-04T18:38:37Z INFO [268/750] 340461d6-6001-42d6-bfd3-602eb28028fd: 48 datasets; 1.0 s; peak memory 1363 MiB.
2026-10-04T18:38:45Z INFO [269/750] 34046520-9c5d-4767-94e8-fe14310a27f6: 439 datasets; 8.4 s; peak memory 1363 MiB.
2026-10-04T18:38:47Z INFO [270/750] 3404aaa6-619d-44df-bddd-71fd6c9055fa: 53 datasets; 1.6 s; peak memory 1363 MiB.
2026-10-04T18:38:52Z INFO [271/750] 3404aecf-a083-4137-9402-788e67229e63: 567 datasets; 5.8 s; peak memory 1363 MiB.
2026-10-04T18:38:54Z INFO [272/750] 3404df1b-5b16-446d-849f-5c5ac2fa6e68: 112 datasets; 1.7 s; peak memory 1363 MiB.
2026-10-04T18:38:55Z INFO [273/750] 3405baee-cc3c-40e1-a5b2-f55b8be2a918: 38 datasets; 0.9 s; peak memory 1363 MiB.
2026-10-04T18:38:56Z INFO [274/750] 3406047f-ed2b-4ee8-8a89-d13055d5ac96: 118 datasets; 1.0 s; peak memory 1363 MiB.
2026-10-04T18:39:02Z INFO [275/750] 3406acca-9d97-4f2b-ad19-7bcca4d093c3: 538 datasets; 6.4 s; peak memory 1363 MiB.
2026-10-04T18:39:04Z INFO [276/750] 3406f1c6-563e-45d2-b291-7a45259eb6ac: 77 datasets; 1.3 s; peak memory 1363 MiB.
2026-10-04T18:39:04Z INFO [277/750] 34078a62-8d22-42eb-9674-bc6516c897b0: 37 datasets; 0.7 s; peak memory 1363 MiB.
2026-10-04T18:39:06Z INFO [278/750] 34079455-dfd8-431b-84a5-6702c1205ddc: 110 datasets; 1.9 s; peak memory 1363 MiB.
2026-10-04T18:39:08Z INFO [279/750] 3408c448-5ac8-41b3-a07d-f0bf51b2c65f: 117 datasets; 1.2 s; peak memory 1363 MiB.
2026-10-04T18:39:10Z INFO [280/750] 34095b48-ddff-4cb5-b3c6-f052a492cbc1: 38 datasets; 2.3 s; peak memory 1363 MiB.
2026-10-04T18:39:11Z INFO [281/750] 34096687-7692-4f59-ae8d-034bcf40e071: 48 datasets; 1.1 s; peak memory 1363 MiB.
2026-10-04T18:39:14Z INFO [282/750] 3409ae07-501d-4aa9-8a98-d34e0924e4d7: 156 datasets; 3.0 s; peak memory 1363 MiB.
2026-10-04T18:39:15Z INFO [283/750] 3409d867-38af-4250-97e6-8c8fd61f16d2: 68 datasets; 1.2 s; peak memory 1363 MiB.
2026-10-04T18:39:17Z INFO [284/750] 340a3c82-86c0-4dfc-a172-f288c646af85: 112 datasets; 1.3 s; peak memory 1363 MiB.
2026-10-04T18:39:18Z INFO [285/750] 340a4ce3-10b2-4bdf-8c02-833e5a05ea8b: 49 datasets; 1.2 s; peak memory 1363 MiB.
2026-10-04T18:39:19Z INFO [286/750] 340b0c7a-698f-45a7-98b1-84755adf4740: 112 datasets; 1.7 s; peak memory 1363 MiB.
2026-10-04T18:39:21Z INFO [287/750] 340c0984-a570-4983-9535-af00c0cb9929: 117 datasets; 1.2 s; peak memory 1363 MiB.
2026-10-04T18:39:22Z INFO [288/750] 340c1723-5a80-4bad-9630-2fb5993202e3: 112 datasets; 1.8 s; peak memory 1363 MiB.
2026-10-04T18:39:24Z INFO [289/750] 340e18bb-81f8-440b-981f-952b9d7934e3: 117 datasets; 1.5 s; peak memory 1363 MiB.
2026-10-04T18:39:25Z INFO [290/750] 340e3418-d02e-4767-8871-a67fec1914e1: 98 datasets; 1.5 s; peak memory 1363 MiB.
2026-10-04T18:39:29Z INFO [291/750] 340e67dc-214e-4aa2-a7b4-dc18607ece88: 46 datasets; 3.1 s; peak memory 1363 MiB.
2026-10-04T18:39:29Z INFO [292/750] 340eaad0-d183-4750-97a0-748eb8ee8973: 48 datasets; 0.9 s; peak memory 1363 MiB.
2026-10-04T18:39:31Z INFO [293/750] 340f3783-b9fc-49b7-a0bd-c0f0ee342f07: 118 datasets; 1.2 s; peak memory 1363 MiB.
2026-10-04T18:39:33Z INFO [294/750] 340f8646-53a1-44bd-85d8-334b15651a44: 38 datasets; 2.3 s; peak memory 1363 MiB.
2026-10-04T18:39:34Z INFO [295/750] 34100806-01e4-4679-a444-479906de89ec: 46 datasets; 0.8 s; peak memory 1363 MiB.
2026-10-04T18:39:35Z INFO [296/750] 3410b141-7bac-4dc6-b05e-f4967b8f5596: 116 datasets; 1.4 s; peak memory 1363 MiB.
2026-10-04T18:39:36Z INFO [297/750] 34113a3c-5a64-45cb-98ec-ef0dd09a59a1: 48 datasets; 1.1 s; peak memory 1363 MiB.
2026-10-04T18:39:37Z INFO [298/750] 34114819-6194-42fd-9fdd-9ee2a44d83d7: 62 datasets; 1.2 s; peak memory 1363 MiB.
2026-10-04T18:39:39Z INFO [299/750] 341215e4-3752-400d-9aa2-73e748feab3c: 112 datasets; 1.4 s; peak memory 1363 MiB.
2026-10-04T18:39:40Z INFO [300/750] 3412221c-f59d-4cfa-a5ef-164a357fa678: 51 datasets; 1.5 s; peak memory 1363 MiB.
2026-10-04T18:39:40Z INFO [300/750] 3412221c-f59d-4cfa-a5ef-164a357fa678: checkpointed 72135 records.
2026-10-04T18:39:49Z INFO [301/750] 341222e7-9523-4404-963c-c07d4e54b37e: 820 datasets; 8.9 s; peak memory 1363 MiB.
2026-10-04T18:39:50Z INFO [302/750] 34123ebd-f5a4-40a8-999e-60168f73555d: 117 datasets; 1.1 s; peak memory 1363 MiB.
2026-10-04T18:39:52Z INFO [303/750] 34132e7d-e459-41e3-a679-a23d1dc14a4d: 110 datasets; 1.1 s; peak memory 1363 MiB.
2026-10-04T18:39:53Z INFO [304/750] 34132ee7-ca5e-45f5-a3b1-45d8cc1f998c: 66 datasets; 1.3 s; peak memory 1363 MiB.
2026-10-04T18:39:58Z INFO [305/750] 3413f913-fac5-428e-a64c-1324b4252dd6: 87 datasets; 5.2 s; peak memory 1363 MiB.
2026-10-04T18:40:16Z INFO [306/750] 34140ca7-63c9-4ffe-993e-f1431cb58555: 282 datasets; 17.4 s; peak memory 1363 MiB.
2026-10-04T18:40:27Z INFO [307/750] 34148080-c1a6-4fbf-949f-0ed0e76f80c6: 989 datasets; 11.7 s; peak memory 1363 MiB.
2026-10-04T18:40:33Z INFO [308/750] 34154a53-7b13-47b8-9c04-558f0b9ad9a0: 692 datasets; 6.1 s; peak memory 1363 MiB.
2026-10-04T18:40:34Z INFO [309/750] 3415dfda-fbbb-40ba-bdc7-c3127ab4d480: 48 datasets; 1.0 s; peak memory 1363 MiB.
2026-10-04T18:40:36Z INFO [310/750] 34162988-4727-4e38-a2bd-ac2c35a0dee2: 71 datasets; 1.6 s; peak memory 1363 MiB.
2026-10-04T18:40:37Z INFO [311/750] 341665fe-343e-43df-a733-58bf70457c06: 66 datasets; 1.6 s; peak memory 1363 MiB.
2026-10-04T18:40:39Z INFO [312/750] 341666e2-9031-47be-8fa8-48db9c915ec6: 118 datasets; 1.4 s; peak memory 1363 MiB.
2026-10-04T18:40:45Z INFO [313/750] 341670b0-f595-48e5-bffc-a7ad438c5d6e: 56 datasets; 6.2 s; peak memory 1363 MiB.
2026-10-04T18:40:48Z INFO [314/750] 341708b8-8ce2-45cc-aa3e-79f31e1de2d8: 153 datasets; 3.1 s; peak memory 1363 MiB.
2026-10-04T18:42:45Z INFO [315/750] 3417fd95-2085-4ad1-a79b-25e22514e047: 413 datasets; 117.3 s; peak memory 1363 MiB.
2026-10-04T18:42:47Z INFO [316/750] 34180682-be12-4709-be63-04a9a1dc3ebd: 62 datasets; 1.3 s; peak memory 1363 MiB.
2026-10-04T18:42:49Z INFO [317/750] 3418160e-0a1f-4b3e-b40d-c32269cc7476: 115 datasets; 2.3 s; peak memory 1363 MiB.
2026-10-04T18:42:50Z INFO [318/750] 34183376-e125-4666-9d0b-f0a44a6aa63f: 112 datasets; 1.1 s; peak memory 1363 MiB.
2026-10-04T18:42:52Z INFO [319/750] 34186d18-0bb0-4b8a-a5be-0f346b497e85: 112 datasets; 1.6 s; peak memory 1363 MiB.
2026-10-04T18:43:08Z INFO [320/750] 3418d2dd-bea5-4880-b80a-8c396deae119: 843 datasets; 16.2 s; peak memory 1363 MiB.
2026-10-04T18:43:10Z INFO [321/750] 341936d3-4a3c-4708-a20f-9d6735898309: 112 datasets; 1.6 s; peak memory 1363 MiB.
2026-10-04T18:43:12Z INFO [322/750] 3419c57d-941b-446e-b09b-029b7bba5a5b: 115 datasets; 2.0 s; peak memory 1363 MiB.
2026-10-04T18:43:13Z INFO [323/750] 341a01c8-5047-4aee-8486-e98d5c2ddfc0: 116 datasets; 1.3 s; peak memory 1363 MiB.
2026-10-04T18:43:14Z INFO [324/750] 341a4062-1992-4229-8e6f-45e3da301922: 41 datasets; 1.0 s; peak memory 1363 MiB.
2026-10-04T18:43:15Z INFO [325/750] 341af562-6cb1-4c74-9f64-5b1d532d9fc9: 116 datasets; 1.1 s; peak memory 1363 MiB.
2026-10-04T18:43:16Z INFO [326/750] 341b7614-2733-4643-9779-4b0790a22a11: 112 datasets; 1.5 s; peak memory 1363 MiB.
2026-10-04T18:43:18Z INFO [327/750] 341b9836-ca79-4d37-b13e-0c146d222179: 93 datasets; 1.3 s; peak memory 1363 MiB.
2026-10-04T18:43:19Z INFO [328/750] 341b9c55-e7dc-418a-9ce2-457180e3b09e: 48 datasets; 1.0 s; peak memory 1363 MiB.
2026-10-04T18:43:20Z INFO [329/750] 341bc933-5dba-4371-ac6d-a8b8ee950bbc: 121 datasets; 1.0 s; peak memory 1363 MiB.
2026-10-04T18:43:21Z INFO [330/750] 341bf5e7-93a1-4d2c-98ff-a5c1f26bc34d: 230 datasets; 1.3 s; peak memory 1363 MiB.
2026-10-04T18:43:22Z INFO [331/750] 341c6d4f-992f-4235-8403-c919b78fb04a: 35 datasets; 0.8 s; peak memory 1363 MiB.
2026-10-04T18:43:23Z INFO [332/750] 341c8bd9-f7f0-4b7e-9efe-d464b58097a5: 52 datasets; 1.2 s; peak memory 1363 MiB.
2026-10-04T18:43:25Z INFO [333/750] 341dc11d-eb31-4eab-8685-ad0ef0a84210: 66 datasets; 1.5 s; peak memory 1363 MiB.
2026-10-04T18:43:26Z INFO [334/750] 341de7fe-b551-4ca1-b4ea-0b416f7c4124: 117 datasets; 1.2 s; peak memory 1363 MiB.
2026-10-04T18:43:28Z INFO [335/750] 341e9649-896f-4d75-843e-b0821b93b573: 193 datasets; 2.7 s; peak memory 1363 MiB.
2026-10-04T18:43:31Z INFO [336/750] 341ed9a0-21c1-4d56-bbaa-ee88518319ce: 114 datasets; 2.4 s; peak memory 1363 MiB.
2026-10-04T18:43:32Z INFO [337/750] 341f65e4-afcb-42a2-b536-289dd132bce3: 112 datasets; 1.3 s; peak memory 1363 MiB.
2026-10-04T18:43:42Z INFO [338/750] 341f87ad-bf54-457f-9a49-c7f5531e4716: 4732 datasets; 10.0 s; peak memory 1363 MiB.
2026-10-04T18:43:43Z INFO [339/750] 341fed54-8eee-470c-a226-e53cd2f845b1: 56 datasets; 1.0 s; peak memory 1363 MiB.
2026-10-04T18:43:44Z INFO [340/750] 34201ef8-6aaf-4aee-bae6-7775bb419d47: 46 datasets; 0.8 s; peak memory 1363 MiB.
2026-10-04T18:43:45Z INFO [341/750] 3420d0a5-4500-4e6e-b0c7-fa37aafda65e: 48 datasets; 0.9 s; peak memory 1363 MiB.
2026-10-04T18:43:46Z INFO [342/750] 3420d599-6311-4bcc-ad16-103495e1bf01: 48 datasets; 1.1 s; peak memory 1363 MiB.
2026-10-04T18:43:50Z INFO [343/750] 3420f48a-8750-4a4e-9dc5-cb1cd71a9e80: 451 datasets; 4.4 s; peak memory 1363 MiB.
2026-10-04T18:43:53Z INFO [344/750] 3421671f-2367-4323-9b78-a5f370d614f8: 150 datasets; 2.6 s; peak memory 1363 MiB.
2026-10-04T18:43:55Z INFO [345/750] 342188e8-5e8b-4e13-8f7e-a5e2148ea8a5: 47 datasets; 1.7 s; peak memory 1363 MiB.
2026-10-04T18:44:02Z INFO [346/750] 3421e83e-3c5a-4b91-9a7a-6f47cdc5f478: 9079 datasets; 7.5 s; peak memory 1363 MiB.
2026-10-04T18:44:03Z INFO [347/750] 3422d141-757f-45f3-bde9-60400515afa0: 112 datasets; 1.4 s; peak memory 1363 MiB.
2026-10-04T18:44:04Z INFO [348/750] 3422eb5e-10c0-40c1-936f-e5c8eb776291: 57 datasets; 0.9 s; peak memory 1363 MiB.
2026-10-04T18:44:05Z INFO [349/750] 3423c3a9-7880-4351-a0ec-bddb6dddbd73: 48 datasets; 1.0 s; peak memory 1363 MiB.
2026-10-04T18:44:07Z INFO [350/750] 34249e74-af48-476e-8089-b34451e8ec4b: 60 datasets; 1.2 s; peak memory 1363 MiB.
2026-10-04T18:44:07Z INFO [350/750] 34249e74-af48-476e-8089-b34451e8ec4b: checkpointed 72185 records.
2026-10-04T18:44:15Z INFO [351/750] 3424f39a-4434-4722-8714-9b15efb52217: 336 datasets; 7.9 s; peak memory 1363 MiB.
2026-10-04T18:44:16Z INFO [352/750] 34251317-4fe7-4aac-b8b2-91cf25519ccb: 118 datasets; 1.3 s; peak memory 1363 MiB.
2026-10-04T18:44:17Z INFO [353/750] 342515e0-d92e-43be-a885-6ac2ad560f58: 39 datasets; 1.0 s; peak memory 1363 MiB.
2026-10-04T18:44:18Z INFO [354/750] 34252450-def2-4f31-83c0-a2131dc9198d: 48 datasets; 1.0 s; peak memory 1363 MiB.
2026-10-04T18:44:30Z INFO [355/750] 342541e8-af15-4e93-9ea2-d2a2dbfeada8: 928 datasets; 11.7 s; peak memory 1363 MiB.
2026-10-04T18:44:31Z INFO [356/750] 34256181-28f0-4990-afd3-26bd25b29e5e: 69 datasets; 1.5 s; peak memory 1363 MiB.
2026-10-04T18:44:32Z INFO [357/750] 342577fa-6738-47da-9221-ebb2b88d3ec3: 48 datasets; 0.8 s; peak memory 1363 MiB.
2026-10-04T18:44:34Z INFO [358/750] 3426139f-73af-486d-9944-85d4e5184e24: 124 datasets; 1.8 s; peak memory 1363 MiB.
2026-10-04T18:44:36Z INFO [359/750] 342627bc-d5e9-46f8-a23c-d0d7adfc0946: 90 datasets; 2.3 s; peak memory 1363 MiB.
2026-10-04T18:44:37Z INFO [360/750] 3426ef4f-12ee-406d-a1de-7088c02ee607: 118 datasets; 1.3 s; peak memory 1363 MiB.
2026-10-04T18:44:42Z INFO [361/750] 34272f14-4c3f-493d-83af-4857ac87609f: 225 datasets; 5.1 s; peak memory 1363 MiB.
2026-10-04T18:44:44Z INFO [362/750] 3427b922-f02a-4630-977d-ce73d03693cd: 74 datasets; 1.2 s; peak memory 1363 MiB.
2026-10-04T18:44:45Z INFO [363/750] 3427bc40-f1b1-47bc-95c8-f31b320e5e72: 49 datasets; 1.0 s; peak memory 1363 MiB.
2026-10-04T18:44:49Z INFO [364/750] 3427d300-e341-462d-a8a7-a800842fd8da: 225 datasets; 4.4 s; peak memory 1363 MiB.
2026-10-04T18:44:50Z INFO [365/750] 342883b5-598d-4b50-b71f-19f48c03158b: 71 datasets; 1.4 s; peak memory 1363 MiB.
2026-10-04T18:45:04Z INFO [366/750] 34289961-0275-4ec8-8e04-548c126fb108: 588 datasets; 13.2 s; peak memory 1363 MiB.
2026-10-04T18:45:05Z INFO [367/750] 3428f542-031d-4fbe-8112-3255791a9ec1: 69 datasets; 1.4 s; peak memory 1363 MiB.
2026-10-04T18:45:18Z INFO [368/750] 3428fdcc-beff-4b13-82da-03accd65ddf7: 278 datasets; 13.4 s; peak memory 1363 MiB.
2026-10-04T18:45:24Z INFO [369/750] 34296965-317c-4836-a627-b5ff3e290f81: 538 datasets; 5.4 s; peak memory 1363 MiB.
2026-10-04T18:45:25Z INFO [370/750] 3429f778-8468-4706-8d01-8eaef560ece1: 35 datasets; 0.8 s; peak memory 1363 MiB.
2026-10-04T18:45:26Z INFO [371/750] 342a2317-d6d1-446d-a811-925c5b6cabfa: 48 datasets; 0.9 s; peak memory 1363 MiB.
2026-10-04T18:45:27Z INFO [372/750] 342a8fce-08e4-4b7c-817c-8d7a979de712: 112 datasets; 1.2 s; peak memory 1363 MiB.
2026-10-04T18:45:29Z INFO [373/750] 342b7fb5-a6b5-41c1-a0e8-33ae6843e229: 115 datasets; 2.5 s; peak memory 1363 MiB.
2026-10-04T18:45:31Z INFO [374/750] 342c4be3-6757-4d31-b4d8-85c78c4a1cc1: 64 datasets; 1.7 s; peak memory 1363 MiB.
2026-10-04T18:45:32Z INFO [375/750] 342c5e0a-59e0-4c64-b025-02121d838d69: 48 datasets; 0.9 s; peak memory 1363 MiB.
2026-10-04T18:45:33Z INFO [376/750] 342d0092-e5da-4f61-86ab-eff34f95c060: 48 datasets; 1.0 s; peak memory 1363 MiB.
2026-10-04T18:45:41Z INFO [377/750] 342d11b1-e545-431f-bc46-5d2b4eb1eac7: 339 datasets; 8.3 s; peak memory 1363 MiB.
2026-10-04T18:46:32Z INFO [378/750] 342e4190-1203-4186-aad2-4ab227154cad: 110 datasets; 51.1 s; peak memory 1363 MiB.
2026-10-04T18:46:33Z INFO [379/750] 342e5283-ff7e-4647-b430-94ab80f682b3: 48 datasets; 1.0 s; peak memory 1363 MiB.
2026-10-04T18:46:35Z INFO [380/750] 342ebcbe-3d20-47a2-9e72-5ed582543e8d: 112 datasets; 1.5 s; peak memory 1363 MiB.
2026-10-04T18:46:37Z INFO [381/750] 342fa6d2-5702-41ab-ab65-f3f3e66647af: 150 datasets; 2.4 s; peak memory 1363 MiB.
2026-10-04T18:46:44Z INFO [382/750] 34308c8a-6927-4fa5-8c00-23e08b790b81: 56 datasets; 6.7 s; peak memory 1363 MiB.
2026-10-04T18:46:45Z INFO [383/750] 3430919a-3cba-457d-8b1b-9da6399ac57d: 56 datasets; 1.4 s; peak memory 1363 MiB.
2026-10-04T18:46:46Z INFO [384/750] 3430b00b-c4ec-4932-903a-6dbdf0f673aa: 46 datasets; 0.7 s; peak memory 1363 MiB.
2026-10-04T18:46:47Z INFO [385/750] 3430dc6c-99b5-443b-b902-889688126de0: 118 datasets; 1.3 s; peak memory 1363 MiB.
2026-10-04T18:47:01Z INFO [386/750] 34316edc-4fa9-4ca9-a1d2-be84ce38275e: 1111 datasets; 13.2 s; peak memory 1363 MiB.
2026-10-04T18:47:02Z INFO [387/750] 34317c66-ceda-4c70-af8a-65bb407e7f15: 51 datasets; 1.2 s; peak memory 1363 MiB.
2026-10-04T18:47:03Z INFO [388/750] 3431e7c8-48a1-4f82-9a1e-24ba5724e3ff: 275 datasets; 1.5 s; peak memory 1363 MiB.
2026-10-04T18:47:05Z INFO [389/750] 3431fc4e-4861-4496-a8a3-e298dfe80ce7: 71 datasets; 1.9 s; peak memory 1363 MiB.
2026-10-04T18:47:06Z INFO [390/750] 3432c126-ab01-44f1-81bc-6af08a562f40: 56 datasets; 0.9 s; peak memory 1363 MiB.
2026-10-04T18:47:07Z INFO [391/750] 34335003-0cfb-4a00-bf5a-ba79d39fd28e: 117 datasets; 1.2 s; peak memory 1363 MiB.
2026-10-04T18:47:08Z INFO [392/750] 34336bf7-b8ee-45e8-ad7c-be7d74d30a7c: 116 datasets; 1.1 s; peak memory 1363 MiB.
2026-10-04T18:47:09Z INFO [393/750] 3433ddbc-7e50-4d44-a51f-c086aee9f66a: 46 datasets; 0.8 s; peak memory 1363 MiB.
2026-10-04T18:47:10Z INFO [394/750] 343475d5-d7e4-4280-8ca3-91ba0f2687f4: 47 datasets; 0.9 s; peak memory 1363 MiB.
2026-10-04T18:47:11Z INFO [395/750] 34352006-f4b8-4ed3-a6e3-fbd70b4faf27: 52 datasets; 1.2 s; peak memory 1363 MiB.
2026-10-04T18:47:12Z INFO [396/750] 3435497d-4dfa-4c08-af19-8f8d2a1b6856: 48 datasets; 0.9 s; peak memory 1363 MiB.
2026-10-04T18:49:10Z INFO [397/750] 3435a673-e596-4677-ad77-1e0d9dd02fe5: 129 datasets; 117.8 s; peak memory 1363 MiB.
2026-10-04T18:49:11Z INFO [398/750] 3435c989-606c-44ab-b00a-b2e8a7f05e45: 39 datasets; 0.8 s; peak memory 1363 MiB.
2026-10-04T18:49:21Z INFO [399/750] 3435d630-cc7b-4baa-a9fb-103549459a96: 1449 datasets; 10.4 s; peak memory 1363 MiB.
2026-10-04T18:49:22Z INFO [400/750] 34366c08-308f-4c33-82ba-8f4a2279a223: 45 datasets; 0.8 s; peak memory 1363 MiB.
2026-10-04T18:49:22Z INFO [400/750] 34366c08-308f-4c33-82ba-8f4a2279a223: checkpointed 72235 records.
2026-10-04T18:49:33Z INFO [401/750] 34367b9f-c8b9-4416-8e76-920df7deff64: 606 datasets; 11.2 s; peak memory 1363 MiB.
2026-10-04T18:51:26Z INFO [402/750] 34373e4e-2096-4f3e-8790-779424f6d8d3: 167 datasets; 113.3 s; peak memory 1363 MiB.
2026-10-04T18:51:27Z INFO [403/750] 34379281-f97b-418d-8f39-99c5a9ab68bb: 46 datasets; 0.8 s; peak memory 1363 MiB.
2026-10-04T18:51:29Z INFO [404/750] 3437be98-e1bb-4d57-b289-550f9f125db2: 118 datasets; 1.4 s; peak memory 1363 MiB.
2026-10-04T18:51:33Z INFO [405/750] 3438d120-facf-4f4d-b2e9-a4617588cd16: 229 datasets; 4.8 s; peak memory 1363 MiB.
2026-10-04T18:51:36Z INFO [406/750] 343ac5d0-ea43-4838-ab64-3372c3c5b0e0: 92 datasets; 3.1 s; peak memory 1363 MiB.
2026-10-04T18:51:37Z INFO [407/750] 343ae774-8e7f-4789-8bbe-72bb34c09b6c: 46 datasets; 0.8 s; peak memory 1363 MiB.
2026-10-04T18:51:38Z INFO [408/750] 343b0dda-6cbc-4a9f-beb3-fc1b5a7fa62b: 48 datasets; 1.0 s; peak memory 1363 MiB.
2026-10-04T18:51:39Z INFO [409/750] 343bcbc4-e49a-4e21-9c85-36b404510474: 117 datasets; 1.3 s; peak memory 1363 MiB.
2026-10-04T18:51:41Z INFO [410/750] 343cac24-51db-45a7-ae5c-5aff199a5b53: 117 datasets; 1.2 s; peak memory 1363 MiB.
2026-10-04T18:51:42Z INFO [411/750] 343ed959-d43b-468e-9cba-664a018e7602: 71 datasets; 1.7 s; peak memory 1363 MiB.
2026-10-04T18:51:44Z INFO [412/750] 343f2174-6a7c-46ed-b52f-a505e2f295c6: 141 datasets; 2.1 s; peak memory 1363 MiB.
2026-10-04T18:51:45Z INFO [413/750] 34408b0d-b018-4c33-9f7f-510ce1ea95d1: 48 datasets; 1.1 s; peak memory 1363 MiB.
2026-10-04T18:51:47Z INFO [414/750] 344134f8-125a-45fd-896c-4f9bdcfb9401: 116 datasets; 1.3 s; peak memory 1363 MiB.
2026-10-04T18:51:48Z INFO [415/750] 3441889d-d6ed-40dd-a97d-d1c97999c87d: 71 datasets; 1.5 s; peak memory 1363 MiB.
2026-10-04T18:53:52Z INFO [416/750] 34419705-90c1-4e7e-be4e-a5c77293737e: 14624 datasets; 123.9 s; peak memory 1363 MiB.
2026-10-04T18:53:53Z INFO [417/750] 34428f20-1765-4543-ac7b-d0f29a08241c: 72 datasets; 1.1 s; peak memory 1363 MiB.
2026-10-04T18:53:55Z INFO [418/750] 3442ce7f-3c7c-4636-ae23-128599c6ed2c: 101 datasets; 1.8 s; peak memory 1363 MiB.
2026-10-04T18:53:59Z INFO [419/750] 34430ee0-558d-4c9a-a322-4c1f6947c8df: 537 datasets; 4.4 s; peak memory 1363 MiB.
2026-10-04T18:54:02Z INFO [420/750] 3443ac41-e4cc-45a9-9cce-666f7600919e: 116 datasets; 2.1 s; peak memory 1363 MiB.
2026-10-04T18:54:03Z INFO [421/750] 3443b47b-981f-4a5f-bf48-cca575efec43: 74 datasets; 1.6 s; peak memory 1363 MiB.
2026-10-04T18:54:05Z INFO [422/750] 3443ef0e-b90d-45a2-a27e-75fa9a264996: 64 datasets; 1.9 s; peak memory 1363 MiB.
2026-10-04T18:54:08Z INFO [423/750] 3444275f-e37c-4e91-a71a-1b720282ffb3: 99 datasets; 2.8 s; peak memory 1363 MiB.
2026-10-04T18:54:09Z INFO [424/750] 344686c7-bf3f-49ff-b9d0-32523bb1f06f: 117 datasets; 1.2 s; peak memory 1363 MiB.
2026-10-04T18:54:10Z INFO [425/750] 3446885b-88e8-4089-91a0-982bbf807864: 37 datasets; 0.8 s; peak memory 1363 MiB.
2026-10-04T18:54:12Z INFO [426/750] 34469c22-824f-4248-8b39-2b7aeb26a342: 38 datasets; 2.3 s; peak memory 1363 MiB.
2026-10-04T18:54:19Z INFO [427/750] 3446ef4e-16c9-41e6-82b7-b42e610ea9cb: 11477 datasets; 7.3 s; peak memory 1363 MiB.
2026-10-04T18:54:21Z INFO [428/750] 3446f58d-3458-4c34-88e6-a6bd421b0a50: 48 datasets; 1.1 s; peak memory 1363 MiB.
2026-10-04T18:54:30Z INFO [429/750] 34480ff8-cc32-46de-98ff-e604a697b591: 336 datasets; 9.0 s; peak memory 1363 MiB.
2026-10-04T18:54:32Z INFO [430/750] 34486106-312d-4fb1-9917-67c0edc2cb81: 71 datasets; 2.1 s; peak memory 1363 MiB.
2026-10-04T18:54:33Z INFO [431/750] 34487413-2dd1-4be3-ad1f-87f62921a907: 48 datasets; 1.0 s; peak memory 1363 MiB.
2026-10-04T18:54:35Z INFO [432/750] 3449251e-4da8-46fc-9c0a-3d481169d36b: 114 datasets; 2.3 s; peak memory 1363 MiB.
2026-10-04T18:54:36Z INFO [433/750] 344a1477-9bcc-4fe0-8f38-4b234459915b: 118 datasets; 1.3 s; peak memory 1363 MiB.
2026-10-04T18:54:38Z INFO [434/750] 344a1821-b71f-4488-8095-d807fdabd205: 66 datasets; 1.5 s; peak memory 1363 MiB.
2026-10-04T18:54:39Z INFO [435/750] 344b0c8e-c0ee-4129-ae63-b20d70acf2ae: 303 datasets; 1.4 s; peak memory 1363 MiB.
2026-10-04T18:54:48Z INFO [436/750] 344b209a-4324-4d8b-9cc6-d68dafca9e7a: 838 datasets; 9.3 s; peak memory 1363 MiB.
2026-10-04T18:55:01Z INFO [437/750] 344b362a-0eee-4a52-a4fa-67ebfb2e4e99: 1033 datasets; 12.3 s; peak memory 1363 MiB.
2026-10-04T18:55:02Z INFO [438/750] 344b58df-631f-4166-81a2-625b47da8df4: 48 datasets; 1.1 s; peak memory 1363 MiB.
2026-10-04T18:55:03Z INFO [439/750] 344be881-89ed-42bf-ad81-1fb9f5f8ae32: 117 datasets; 1.2 s; peak memory 1363 MiB.
2026-10-04T18:55:04Z INFO [440/750] 344c0236-86e3-449a-9942-add360148480: 116 datasets; 1.2 s; peak memory 1363 MiB.
2026-10-04T18:55:06Z INFO [441/750] 344c922e-455d-4478-b386-07258c0d916c: 71 datasets; 1.8 s; peak memory 1363 MiB.
2026-10-04T18:55:07Z INFO [442/750] 344cab26-edd1-4cb5-a774-5a46fd0b87ab: 48 datasets; 1.0 s; peak memory 1363 MiB.
2026-10-04T18:55:14Z INFO [443/750] 344cb280-004e-4e88-bbe4-530a539daa99: 56 datasets; 7.1 s; peak memory 1363 MiB.
2026-10-04T18:55:23Z INFO [444/750] 344e5fdb-f96c-4cdd-bf13-78d3abfec8a0: 93 datasets; 8.5 s; peak memory 1363 MiB.
2026-10-04T18:57:15Z INFO [445/750] 344ee11c-c653-4a96-8772-1c209afcf17f: 167 datasets; 112.7 s; peak memory 1363 MiB.
2026-10-04T18:57:22Z INFO [446/750] 344f8721-3783-442f-a0d9-a69c4f10cb61: 56 datasets; 6.8 s; peak memory 1363 MiB.
2026-10-04T18:57:37Z INFO [447/750] 344fa188-1e80-4e76-ade6-03d7cb762d95: 147 datasets; 14.4 s; peak memory 1363 MiB.
2026-10-04T18:57:38Z INFO [448/750] 345187c3-0c50-447c-9f45-adf9d16d8b08: 48 datasets; 1.0 s; peak memory 1363 MiB.
2026-10-04T18:57:39Z INFO [449/750] 3451f9d4-9b6b-4df4-8286-ea5045587172: 45 datasets; 1.4 s; peak memory 1363 MiB.
2026-10-04T18:57:41Z INFO [450/750] 3452138e-c68d-466e-b963-ffaf9be29dea: 117 datasets; 2.4 s; peak memory 1363 MiB.
2026-10-04T18:57:41Z INFO [450/750] 3452138e-c68d-466e-b963-ffaf9be29dea: checkpointed 72285 records.
2026-10-04T18:57:51Z INFO [451/750] 34523077-9971-4187-9df1-791c907499e4: 1216 datasets; 9.6 s; peak memory 1363 MiB.
2026-10-04T18:57:53Z INFO [452/750] 34528039-d97f-4d5b-962c-9d7405dfe321: 110 datasets; 1.8 s; peak memory 1363 MiB.
2026-10-04T18:57:54Z INFO [453/750] 3452dd5c-3380-4700-ace5-6dcf1bbd2737: 117 datasets; 1.2 s; peak memory 1363 MiB.
2026-10-04T18:57:55Z INFO [454/750] 3452f71a-f70b-4550-b188-628f68c4c79d: 46 datasets; 0.9 s; peak memory 1363 MiB.
2026-10-04T18:57:56Z INFO [455/750] 34547035-a5e8-4032-9f78-3d52c452b49f: 71 datasets; 1.5 s; peak memory 1363 MiB.
2026-10-04T18:58:04Z INFO [456/750] 3454d6e3-f6f3-441f-bb1a-91304e8d4f4b: 339 datasets; 7.6 s; peak memory 1363 MiB.
2026-10-04T18:58:05Z INFO [457/750] 34551e9d-6835-4e7c-aa6f-d0a80024bdaa: 48 datasets; 1.0 s; peak memory 1363 MiB.
2026-10-04T18:58:06Z INFO [458/750] 3455c598-4da5-4dab-9cd1-daa599fd7538: 44 datasets; 1.0 s; peak memory 1363 MiB.
2026-10-04T18:58:07Z INFO [459/750] 345602da-a917-420b-9dc9-0afae8ac9348: 48 datasets; 1.0 s; peak memory 1363 MiB.
2026-10-04T18:58:08Z INFO [460/750] 34560936-ba81-4cc2-a0de-a84fc69ceb4b: 112 datasets; 1.0 s; peak memory 1363 MiB.
2026-10-04T18:58:10Z INFO [461/750] 3456e699-6bd6-4010-8d9c-ca2f9a229313: 64 datasets; 1.4 s; peak memory 1363 MiB.
2026-10-04T18:58:11Z INFO [462/750] 34587524-bed7-4aa0-a997-4cd500b754b2: 39 datasets; 1.1 s; peak memory 1363 MiB.
2026-10-04T18:58:23Z INFO [463/750] 34588206-6dcb-4bfa-bf0e-e57a7ce9dd27: 432 datasets; 12.6 s; peak memory 1363 MiB.
2026-10-04T19:00:13Z INFO [464/750] 3458849a-d126-47ec-9960-ce2c2418ad39: 167 datasets; 109.4 s; peak memory 1363 MiB.
2026-10-04T19:35:08Z INFO [465/750] 3458fa33-e987-42a9-8040-587aa98b21cb: 45 datasets; 2095.5 s; peak memory 1363 MiB.
2026-10-04T19:35:09Z INFO [466/750] 345a412f-2d31-4f62-a19a-a4b3e667e0b1: 48 datasets; 1.1 s; peak memory 1363 MiB.
2026-10-04T19:35:15Z INFO [467/750] 345b7cd2-240d-4686-b1cc-64258b3fdd49: 193 datasets; 5.6 s; peak memory 1363 MiB.
2026-10-04T19:35:16Z INFO [468/750] 345c1afa-046f-4123-9250-2c35efbb194c: 117 datasets; 1.2 s; peak memory 1363 MiB.
2026-10-04T19:35:19Z INFO [469/750] 345cf111-eef0-4247-bb08-06153750858b: 156 datasets; 2.7 s; peak memory 1363 MiB.
2026-10-04T19:35:21Z INFO [470/750] 345d8ee3-a8d0-4cc6-b8e3-1c11dc35d6a0: 101 datasets; 2.4 s; peak memory 1363 MiB.
2026-10-04T19:35:23Z INFO [471/750] 345df8e4-4a89-4a58-a8e6-db4d8e66188d: 101 datasets; 1.6 s; peak memory 1363 MiB.
2026-10-04T19:35:25Z INFO [472/750] 345e1dd2-85a1-4105-8a10-3e9c50c0eff2: 71 datasets; 2.1 s; peak memory 1363 MiB.
2026-10-04T19:35:26Z INFO [473/750] 345ee4be-6be5-441a-af52-e0b575532bb3: 48 datasets; 1.0 s; peak memory 1363 MiB.
2026-10-04T19:35:27Z INFO [474/750] 345fcea1-2d19-4608-bc46-25ca77104f32: 48 datasets; 1.0 s; peak memory 1363 MiB.
2026-10-04T19:35:30Z INFO [475/750] 34603c1f-dcf2-4d6d-aa57-7e89fc1df029: 156 datasets; 2.8 s; peak memory 1363 MiB.
2026-10-04T19:35:31Z INFO [476/750] 346254e8-bed6-443f-8c2e-9597eff0f0fe: 114 datasets; 0.9 s; peak memory 1363 MiB.
2026-10-04T19:35:32Z INFO [477/750] 3462f78f-c1d2-44ec-a350-e70a7630b1b9: 117 datasets; 1.2 s; peak memory 1363 MiB.
2026-10-04T19:35:50Z INFO [478/750] 346356b8-29f9-4ed8-962f-19c321b0daf2: 48 datasets; 17.7 s; peak memory 1363 MiB.
2026-10-04T19:35:51Z INFO [479/750] 34635a6b-60f0-44b5-b3be-7891f8fe64f1: 46 datasets; 1.0 s; peak memory 1363 MiB.
2026-10-04T19:37:53Z INFO [480/750] 3463fdf6-0307-4c98-add2-06b8a5299853: 129 datasets; 122.1 s; peak memory 1363 MiB.
2026-10-04T19:38:04Z INFO [481/750] 3465c9df-8007-4543-9860-736265b74f9e: 729 datasets; 11.1 s; peak memory 1363 MiB.
2026-10-04T19:38:05Z INFO [482/750] 34666ce1-ac74-4af2-869f-2a160073dbfa: 62 datasets; 1.3 s; peak memory 1363 MiB.
2026-10-04T19:38:07Z INFO [483/750] 3466960b-f85f-41b2-b680-77bb5fbb8dab: 115 datasets; 2.2 s; peak memory 1363 MiB.
2026-10-04T19:38:09Z INFO [484/750] 3466fcb7-948e-4adc-9213-300f873c2c6b: 66 datasets; 1.3 s; peak memory 1363 MiB.
2026-10-04T19:38:12Z INFO [485/750] 3467d429-ab17-42a8-87e1-3f68db2fb753: 156 datasets; 3.0 s; peak memory 1363 MiB.
2026-10-04T19:38:24Z INFO [486/750] 3468095d-6ce0-4110-bebc-400ef1e4f579: 737 datasets; 12.4 s; peak memory 1363 MiB.
2026-10-04T19:38:28Z INFO [487/750] 34688697-aad3-462a-bbb2-406a16e03d70: 502 datasets; 4.3 s; peak memory 1363 MiB.
2026-10-04T19:38:30Z INFO [488/750] 3468db9a-e916-4762-bcf4-452427e8b6ee: 112 datasets; 1.5 s; peak memory 1363 MiB.
2026-10-04T19:38:48Z INFO [489/750] 3468ef46-b875-4007-9050-d9da8919be7d: 48 datasets; 17.7 s; peak memory 1363 MiB.
2026-10-04T19:38:49Z INFO [490/750] 3468ef51-30b5-4687-b50d-1d32725867f0: 48 datasets; 1.1 s; peak memory 1363 MiB.
2026-10-04T19:38:50Z INFO [491/750] 34697305-005e-4e98-bcbd-7776d16e69d3: 117 datasets; 1.4 s; peak memory 1363 MiB.
2026-10-04T19:38:51Z INFO [492/750] 3469bf1f-4453-420f-8325-2635805f4ef2: 48 datasets; 1.0 s; peak memory 1363 MiB.
2026-10-04T19:38:53Z INFO [493/750] 346a3882-441d-4051-8560-fae53243adfd: 71 datasets; 1.7 s; peak memory 1363 MiB.
2026-10-04T19:38:53Z INFO [494/750] 346a9342-89af-4734-a6e1-60e7ab8f4f49: 46 datasets; 0.8 s; peak memory 1363 MiB.
2026-10-04T19:39:00Z INFO [495/750] 346b3c40-ed9a-416d-b7ca-4e2a6d6131d0: 658 datasets; 6.5 s; peak memory 1363 MiB.
2026-10-04T19:39:01Z INFO [496/750] 346b666a-2509-4aae-8f3c-96383a6da9f2: 112 datasets; 1.5 s; peak memory 1363 MiB.
2026-10-04T19:39:03Z INFO [497/750] 346c7308-94b7-4cf8-967c-7c3c832bc682: 52 datasets; 1.1 s; peak memory 1363 MiB.
2026-10-04T19:39:04Z INFO [498/750] 346d1cfc-9fb7-469a-be43-6351010ee517: 71 datasets; 1.9 s; peak memory 1363 MiB.
2026-10-04T19:39:06Z INFO [499/750] 346e2f4f-933c-49a8-92fd-1ab8ff7e8232: 59 datasets; 1.2 s; peak memory 1363 MiB.
2026-10-04T19:39:08Z INFO [500/750] 346ed071-7d29-4910-8c0b-b81cf6e8ded8: 123 datasets; 2.3 s; peak memory 1363 MiB.
2026-10-04T19:39:08Z INFO [500/750] 346ed071-7d29-4910-8c0b-b81cf6e8ded8: checkpointed 72335 records.
2026-10-04T19:39:10Z INFO [501/750] 346f7d33-c5f1-4145-9160-a28162f87fe1: 38 datasets; 2.0 s; peak memory 1363 MiB.
2026-10-04T19:39:11Z INFO [502/750] 347041e6-0efd-4390-bc5b-5c8ddd455647: 48 datasets; 1.0 s; peak memory 1363 MiB.
2026-10-04T19:39:14Z INFO [503/750] 3470a283-08ad-48b7-ab01-98f6733d9536: 258 datasets; 2.7 s; peak memory 1363 MiB.
2026-10-04T19:39:15Z INFO [504/750] 3470cb70-d102-4674-99b9-42aa98c4f5c0: 117 datasets; 1.2 s; peak memory 1363 MiB.
2026-10-04T19:39:17Z INFO [505/750] 3470efa5-ebd9-47ce-88b8-4deb81cd4c9f: 71 datasets; 1.7 s; peak memory 1363 MiB.
2026-10-04T19:39:18Z INFO [506/750] 3470ffec-d2e3-401f-9881-59b704b17e1f: 42 datasets; 1.1 s; peak memory 1363 MiB.
2026-10-04T19:39:19Z INFO [507/750] 3471a989-387d-4f20-8489-aa8359b38fa0: 118 datasets; 1.1 s; peak memory 1363 MiB.
2026-10-04T19:39:23Z INFO [508/750] 3471bb57-38bd-4b8f-ae0e-11b1ac69fb07: 206 datasets; 3.8 s; peak memory 1363 MiB.
2026-10-04T19:39:25Z INFO [509/750] 3471f5fe-4b3b-4301-b10a-3b613ee9cd45: 38 datasets; 2.0 s; peak memory 1363 MiB.
2026-10-04T19:39:27Z INFO [510/750] 34729b5f-47d4-4069-80b7-836467b2ad28: 116 datasets; 2.3 s; peak memory 1363 MiB.
2026-10-04T19:39:59Z INFO [511/750] 347376da-4b7e-453d-941f-f0795def78a8: 36 datasets; 31.8 s; peak memory 1363 MiB.
2026-10-04T19:40:02Z INFO [512/750] 3474d033-8556-4d56-953a-bc41f02db6ac: 114 datasets; 2.9 s; peak memory 1363 MiB.
2026-10-04T19:40:03Z INFO [513/750] 347507c8-aacb-45b9-ad1e-a2aea5f9e875: 46 datasets; 0.8 s; peak memory 1363 MiB.
2026-10-04T19:40:04Z INFO [514/750] 347541ac-bbd2-4622-b81e-07d5bb880cc3: 71 datasets; 1.5 s; peak memory 1363 MiB.
2026-10-04T19:40:05Z INFO [515/750] 3475b059-2684-409d-9c9a-bc223b4c2a1c: 117 datasets; 1.1 s; peak memory 1363 MiB.
2026-10-04T19:40:11Z INFO [516/750] 3476c3e1-dbb6-4b62-9512-9d75f2a5437a: 196 datasets; 6.3 s; peak memory 1363 MiB.
2026-10-04T19:40:13Z INFO [517/750] 3477f646-2448-4fe1-be91-01510a6e443a: 45 datasets; 1.3 s; peak memory 1363 MiB.
2026-10-04T19:40:14Z INFO [518/750] 34780ad2-4764-4613-879b-dc1653f5937b: 117 datasets; 1.3 s; peak memory 1363 MiB.
2026-10-04T19:40:15Z INFO [519/750] 3478ba26-cb1a-4627-ad1c-a0ef7fef4ab2: 48 datasets; 1.0 s; peak memory 1363 MiB.
2026-10-04T19:40:16Z INFO [520/750] 34791b1c-ac74-4449-8819-0ace094fbd24: 81 datasets; 1.2 s; peak memory 1363 MiB.
2026-10-04T19:40:21Z INFO [521/750] 34794e41-fafe-49a9-9cdb-06a2b1f5a882: 92 datasets; 4.4 s; peak memory 1363 MiB.
2026-10-04T19:40:25Z INFO [522/750] 347ad799-e807-4c5a-93dd-d144b78fa868: 305 datasets; 4.8 s; peak memory 1363 MiB.
2026-10-04T19:42:19Z INFO [523/750] 347afe7f-05aa-4fc2-a79c-1241c8810dbb: 167 datasets; 113.9 s; peak memory 1363 MiB.
2026-10-04T19:42:20Z INFO [524/750] 347b9c1f-4322-4856-913c-34942479bf48: 48 datasets; 1.0 s; peak memory 1363 MiB.
2026-10-04T19:42:26Z INFO [525/750] 347be342-5ba2-4497-a01b-2e481231c76b: 196 datasets; 5.6 s; peak memory 1363 MiB.
2026-10-04T19:42:27Z INFO [526/750] 347d5d83-9b14-42d2-907c-c2eca468459c: 58 datasets; 0.9 s; peak memory 1363 MiB.
2026-10-04T19:42:28Z INFO [527/750] 347d8542-b95a-4044-aece-ef7b9d33b887: 44 datasets; 0.8 s; peak memory 1363 MiB.
2026-10-04T19:42:29Z INFO [528/750] 347fccb2-dfef-47b4-9bcd-f7f27abe4a83: 110 datasets; 1.5 s; peak memory 1363 MiB.
2026-10-04T19:42:30Z INFO [529/750] 34800c33-295e-4422-9de9-5569fee51a00: 76 datasets; 1.4 s; peak memory 1363 MiB.
2026-10-04T19:42:31Z INFO [530/750] 34802a24-e3ac-4e40-9e37-268a7495c22c: 48 datasets; 1.0 s; peak memory 1363 MiB.
2026-10-04T19:42:32Z INFO [531/750] 3480663a-af08-4796-85a1-de341079cfa5: 47 datasets; 0.9 s; peak memory 1363 MiB.
2026-10-04T19:42:33Z INFO [532/750] 3480b5b3-6ed6-42f2-a3a4-f72061775b24: 54 datasets; 1.0 s; peak memory 1363 MiB.
2026-10-04T19:42:42Z INFO [533/750] 3480c204-f103-4ba3-bbee-ae1f97abbd01: 733 datasets; 8.8 s; peak memory 1363 MiB.
2026-10-04T19:42:43Z INFO [534/750] 3480d1f1-0e8d-46f3-b95d-85219421dc4c: 48 datasets; 1.0 s; peak memory 1363 MiB.
2026-10-04T19:42:44Z INFO [535/750] 34815147-f47f-4a5c-a74a-a95446626a9f: 48 datasets; 1.0 s; peak memory 1363 MiB.
2026-10-04T19:42:45Z INFO [536/750] 34829c80-07e0-4cfd-8ad8-9551d9c60625: 118 datasets; 1.1 s; peak memory 1363 MiB.
2026-10-04T19:42:46Z INFO [537/750] 3482f9e0-750c-4010-8877-78aff0c07793: 52 datasets; 1.1 s; peak memory 1363 MiB.
2026-10-04T19:42:47Z INFO [538/750] 3483d1d1-0da0-432b-92d9-8cfdc2b55ca5: 78 datasets; 1.2 s; peak memory 1363 MiB.
2026-10-04T19:42:48Z INFO [539/750] 348413ec-e2a0-4fd4-b80a-7d5d1111bec2: 54 datasets; 0.9 s; peak memory 1363 MiB.
2026-10-04T19:43:19Z INFO [540/750] 34848cb4-01b7-4c89-90b9-bc177a6d82ac: 55 datasets; 30.4 s; peak memory 1363 MiB.
2026-10-04T19:43:21Z INFO [541/750] 34869852-c37a-49e5-98f9-f39e96820b85: 114 datasets; 2.2 s; peak memory 1363 MiB.
2026-10-04T19:43:23Z INFO [542/750] 3487014f-5149-4137-87f1-1ee344cee92d: 112 datasets; 1.7 s; peak memory 1363 MiB.
2026-10-04T19:43:24Z INFO [543/750] 348709a0-3f5c-4647-ae10-74ff5326f511: 48 datasets; 1.0 s; peak memory 1363 MiB.
2026-10-04T19:43:45Z INFO [544/750] 34879f0c-e828-4858-82b2-660a7904d4b9: 48 datasets; 20.8 s; peak memory 1363 MiB.
2026-10-04T19:43:46Z INFO [545/750] 3488802a-8b3d-4cf4-8044-d2d7b5312023: 65 datasets; 1.3 s; peak memory 1363 MiB.
2026-10-04T19:43:47Z INFO [546/750] 348891e6-243b-4d29-bebc-fb169b3855b7: 121 datasets; 1.1 s; peak memory 1363 MiB.
2026-10-04T19:43:48Z INFO [547/750] 3488b957-d8d3-49cf-962a-b783610b9e24: 48 datasets; 1.1 s; peak memory 1363 MiB.
2026-10-04T19:43:51Z INFO [548/750] 348a4573-f7a2-4e54-9c3f-a10ab3173702: 156 datasets; 2.8 s; peak memory 1363 MiB.
2026-10-04T19:43:52Z INFO [549/750] 348b5ff3-82d4-4928-8c60-693920a43df6: 111 datasets; 1.1 s; peak memory 1363 MiB.
2026-10-04T19:44:00Z INFO [550/750] 348b76b3-b569-499c-81c8-f3b4e540c370: 11477 datasets; 8.1 s; peak memory 1363 MiB.
2026-10-04T19:44:00Z INFO [550/750] 348b76b3-b569-499c-81c8-f3b4e540c370: checkpointed 72385 records.
2026-10-04T19:44:02Z INFO [551/750] 348c4b8b-65d8-443f-bb84-666e5cb6b7f4: 66 datasets; 1.5 s; peak memory 1363 MiB.
2026-10-04T19:45:59Z INFO [552/750] 348c6165-539f-4c97-920c-af7aab037436: 413 datasets; 117.3 s; peak memory 1363 MiB.
2026-10-04T19:46:00Z INFO [553/750] 348c7098-3a6e-44f1-b081-7c523edd1107: 118 datasets; 1.2 s; peak memory 1363 MiB.
2026-10-04T19:46:21Z INFO [554/750] 348ca933-740e-4dbf-b2ec-16ce1f793936: 48 datasets; 21.2 s; peak memory 1363 MiB.
2026-10-04T19:46:24Z INFO [555/750] 348cb079-5743-4f57-8cde-9113507e6c91: 71 datasets; 2.1 s; peak memory 1363 MiB.
2026-10-04T19:46:25Z INFO [556/750] 348cc9bb-0865-4a65-9b42-4f8d3dcc32ca: 117 datasets; 1.2 s; peak memory 1363 MiB.
2026-10-04T19:46:27Z INFO [557/750] 348cf906-cd23-4846-a472-afd32f246cbc: 71 datasets; 1.8 s; peak memory 1363 MiB.
2026-10-04T19:46:31Z INFO [558/750] 348d390e-4a52-4a9d-ba69-49bfb562fab5: 208 datasets; 4.7 s; peak memory 1363 MiB.
2026-10-04T19:49:05Z INFO [559/750] 348d8e58-76df-4e62-95b8-5a29580a809c: 106 datasets; 153.9 s; peak memory 1363 MiB.
2026-10-04T19:49:06Z INFO [560/750] 348db3f0-6999-4759-aa59-e69c66bf3b80: 52 datasets; 1.2 s; peak memory 1363 MiB.
2026-10-04T19:49:07Z INFO [561/750] 348e3928-96fa-4f32-bee4-40c85cc42bbf: 41 datasets; 0.9 s; peak memory 1363 MiB.
2026-10-04T19:49:13Z INFO [562/750] 348e74fd-e056-4fef-ad38-d18b78c87501: 615 datasets; 6.2 s; peak memory 1363 MiB.
2026-10-04T19:49:15Z INFO [563/750] 348f61fe-2f04-430c-b5eb-b283ca5d2105: 118 datasets; 1.5 s; peak memory 1363 MiB.
2026-10-04T19:49:16Z INFO [564/750] 348f841f-94a1-47dc-8c09-2478cf96fb36: 48 datasets; 1.0 s; peak memory 1363 MiB.
2026-10-04T19:49:18Z INFO [565/750] 348f8c95-accb-40c5-86e1-b6d88735a5ff: 115 datasets; 2.2 s; peak memory 1363 MiB.
2026-10-04T19:49:20Z INFO [566/750] 3490242d-1d21-42b8-82d0-dd24ab53399b: 84 datasets; 1.5 s; peak memory 1363 MiB.
2026-10-04T19:49:21Z INFO [567/750] 3491045a-d04d-40bd-ac5a-221f418af5e1: 115 datasets; 1.2 s; peak memory 1363 MiB.
2026-10-04T19:49:23Z INFO [568/750] 3491bafc-2c22-464b-a2bb-f25af5d3a038: 71 datasets; 2.2 s; peak memory 1363 MiB.
2026-10-04T19:49:47Z INFO [569/750] 3492bbdf-769d-4b28-b38c-715d6cb2a283: 1433 datasets; 24.0 s; peak memory 1363 MiB.
2026-10-04T19:49:48Z INFO [570/750] 3492d9d1-3f74-41af-b927-e1819d85ee12: 48 datasets; 1.0 s; peak memory 1363 MiB.
2026-10-04T19:49:49Z INFO [571/750] 34931f00-b460-4c71-9829-6a4175c4911d: 48 datasets; 1.0 s; peak memory 1363 MiB.
2026-10-04T19:49:52Z INFO [572/750] 34933093-500c-4eea-ba53-2eaf6d5cbcc6: 150 datasets; 2.7 s; peak memory 1363 MiB.
2026-10-04T19:49:53Z INFO [573/750] 34936e71-e5e2-43f6-bfbd-00e0386f6f87: 52 datasets; 1.1 s; peak memory 1363 MiB.
2026-10-04T19:49:56Z INFO [574/750] 3493cd7a-12d9-4310-a12d-397e4e5897b5: 1503 datasets; 3.4 s; peak memory 1363 MiB.
2026-10-04T19:49:57Z INFO [575/750] 3493db7e-be8e-40fd-b1eb-2aa771d86069: 48 datasets; 1.0 s; peak memory 1363 MiB.
2026-10-04T19:50:03Z INFO [576/750] 3493f948-4e09-44f5-9a55-592979e4bc98: 196 datasets; 6.2 s; peak memory 1363 MiB.
2026-10-04T19:50:04Z INFO [577/750] 34943e40-5386-4765-919b-14d1abccfbdc: 46 datasets; 0.9 s; peak memory 1363 MiB.
2026-10-04T20:11:04Z INFO [578/750] 34951241-1637-413b-b95d-28ee3db02975: 216 datasets; 1259.5 s; peak memory 1363 MiB.
2026-10-04T20:11:05Z INFO [579/750] 3496281f-adcc-43fd-b398-ba42eed8e909: 71 datasets; 1.5 s; peak memory 1363 MiB.
2026-10-04T20:11:07Z INFO [580/750] 34963305-e550-4a79-9d36-6c8004036066: 66 datasets; 1.5 s; peak memory 1363 MiB.
2026-10-04T20:11:08Z INFO [581/750] 34964cb7-76e9-4758-a4bc-dd43b5b33c7c: 112 datasets; 1.2 s; peak memory 1363 MiB.
2026-10-04T20:11:09Z INFO [582/750] 34974e52-0c83-4bdc-85a4-fcab98e03f98: 66 datasets; 1.3 s; peak memory 1363 MiB.
2026-10-04T20:11:10Z INFO [583/750] 349868a8-7e14-4fb3-96d0-21f49ac3a0d7: 51 datasets; 0.7 s; peak memory 1363 MiB.
2026-10-04T20:11:11Z INFO [584/750] 34987122-455b-4aad-8c80-98ea8837b7ac: 39 datasets; 1.0 s; peak memory 1363 MiB.
2026-10-04T20:11:12Z INFO [585/750] 349a17fd-512d-4931-8614-2fdd02d8942e: 116 datasets; 1.3 s; peak memory 1363 MiB.
2026-10-04T20:11:13Z INFO [586/750] 349a4e94-578b-456b-a404-660f34ed6276: 46 datasets; 0.7 s; peak memory 1363 MiB.
2026-10-04T20:11:14Z INFO [587/750] 349ab557-1245-430c-bced-1951c0f74675: 117 datasets; 1.2 s; peak memory 1363 MiB.
2026-10-04T20:11:15Z INFO [588/750] 349ad9ff-b19a-42ba-9fca-c81596688ab2: 52 datasets; 0.9 s; peak memory 1363 MiB.
2026-10-04T20:11:16Z INFO [589/750] 349b99c0-ee45-4e84-9a7f-9d6d17e13643: 36 datasets; 0.8 s; peak memory 1363 MiB.
2026-10-04T20:11:22Z INFO [590/750] 349c9a60-baa6-4f1f-af54-c615000529bb: 256 datasets; 5.9 s; peak memory 1363 MiB.
2026-10-04T20:11:23Z INFO [591/750] 349cf74a-c22d-4278-a7dc-161b5d75cfbd: 68 datasets; 1.4 s; peak memory 1363 MiB.
2026-10-04T20:11:25Z INFO [592/750] 349d2bad-f14e-4f71-8dd1-a5a7a232daf3: 102 datasets; 1.6 s; peak memory 1363 MiB.
2026-10-04T20:11:33Z INFO [593/750] 349d6f1f-fb60-4958-93d0-faa0dfa470ea: 336 datasets; 7.9 s; peak memory 1363 MiB.
2026-10-04T20:13:27Z INFO [594/750] 349e3e1d-72fd-47f8-81fe-32389d67ed44: 167 datasets; 114.5 s; peak memory 1363 MiB.
2026-10-04T20:13:42Z INFO [595/750] 349e5ade-f7f8-40c4-a3e9-8c8e25647477: 1020 datasets; 14.4 s; peak memory 1363 MiB.
2026-10-04T20:13:43Z INFO [596/750] 349ec03b-017f-4f9f-9916-79ba6c22a6dc: 112 datasets; 1.8 s; peak memory 1363 MiB.
2026-10-04T20:13:44Z INFO [597/750] 349fc370-238f-4d0c-9c45-925c2bfae972: 48 datasets; 1.0 s; peak memory 1363 MiB.
2026-10-04T20:13:45Z INFO [598/750] 34a135d1-257b-4007-9901-1b9b33004a05: 52 datasets; 1.1 s; peak memory 1363 MiB.
2026-10-04T20:13:48Z INFO [599/750] 34a169a7-70d9-494e-98ac-2ace55335689: 115 datasets; 2.7 s; peak memory 1363 MiB.
2026-10-04T20:14:00Z INFO [600/750] 34a21b08-b149-437d-a429-bdade7ac7a88: 1131 datasets; 11.5 s; peak memory 1363 MiB.
2026-10-04T20:14:00Z INFO [600/750] 34a21b08-b149-437d-a429-bdade7ac7a88: checkpointed 72435 records.
2026-10-04T20:14:01Z INFO [601/750] 34a26a5b-d920-40dd-8bc2-983c25327474: 66 datasets; 1.6 s; peak memory 1363 MiB.
2026-10-04T20:14:03Z INFO [602/750] 34a2bc7f-6f85-4f44-a21d-698207602497: 118 datasets; 1.4 s; peak memory 1363 MiB.
2026-10-04T20:14:04Z INFO [603/750] 34a32e77-76fb-4011-9181-1387e39a3660: 45 datasets; 1.1 s; peak memory 1363 MiB.
2026-10-04T20:14:05Z INFO [604/750] 34a3b864-6000-43c9-910b-472ed53d8f57: 112 datasets; 1.4 s; peak memory 1363 MiB.
2026-10-04T20:14:06Z INFO [605/750] 34a4a0fb-6e9f-4254-9d08-48c3764d73d5: 118 datasets; 1.2 s; peak memory 1363 MiB.
2026-10-04T20:14:08Z INFO [606/750] 34a504b2-3d8c-4282-97dd-20e859a5ce9b: 131 datasets; 1.4 s; peak memory 1363 MiB.
2026-10-04T20:14:09Z INFO [607/750] 34a539c8-7667-46a2-8e80-5155ebe37f1b: 54 datasets; 0.8 s; peak memory 1363 MiB.
2026-10-04T20:14:10Z INFO [608/750] 34a56674-a450-447e-b779-921e21e6dcea: 112 datasets; 1.5 s; peak memory 1363 MiB.
2026-10-04T20:14:11Z INFO [609/750] 34a5d1e2-2223-48ce-a303-a0faac7d1e4b: 76 datasets; 1.1 s; peak memory 1363 MiB.
2026-10-04T20:14:12Z INFO [610/750] 34a76820-ada8-48ef-ae94-64b2e9f52c1a: 48 datasets; 1.0 s; peak memory 1363 MiB.
2026-10-04T20:14:14Z INFO [611/750] 34a9697d-1d5a-41e2-96ae-047cfec84ab3: 66 datasets; 1.6 s; peak memory 1363 MiB.
2026-10-04T20:14:15Z INFO [612/750] 34a9ba5d-e358-472b-8030-77b76ad9b32d: 76 datasets; 1.5 s; peak memory 1363 MiB.
2026-10-04T20:14:16Z INFO [613/750] 34a9c04d-b4ab-43df-a4b1-540fba4c41fd: 78 datasets; 1.1 s; peak memory 1363 MiB.
2026-10-04T20:14:17Z INFO [614/750] 34a9c47f-bdbd-4158-be50-d3844dcc912a: 57 datasets; 0.8 s; peak memory 1363 MiB.
2026-10-04T20:14:18Z INFO [615/750] 34aa2af2-ae5a-4c10-bad5-6a1e7c53b3c9: 48 datasets; 1.1 s; peak memory 1363 MiB.
2026-10-04T20:14:20Z INFO [616/750] 34aa4c4a-6558-4598-b4d1-482b06df66d6: 52 datasets; 1.2 s; peak memory 1363 MiB.
2026-10-04T20:14:23Z INFO [617/750] 34aa6e21-b7c5-4587-b3ca-6b02f195998b: 156 datasets; 2.9 s; peak memory 1363 MiB.
2026-10-04T20:16:20Z INFO [618/750] 34aab6d8-2a4e-4378-a341-ade0a9114ce3: 449 datasets; 117.2 s; peak memory 1363 MiB.
2026-10-04T20:16:21Z INFO [619/750] 34aabe1e-0091-4a03-9c73-c59f0e51a79f: 48 datasets; 1.2 s; peak memory 1363 MiB.
2026-10-04T20:16:22Z INFO [620/750] 34ab48d0-5e3f-4118-8b9b-db762f45b78f: 48 datasets; 1.0 s; peak memory 1363 MiB.
2026-10-04T20:16:23Z INFO [621/750] 34ab4edc-0168-4628-9022-d738e8f3271f: 48 datasets; 1.1 s; peak memory 1363 MiB.
2026-10-04T20:16:24Z INFO [622/750] 34ac4dee-7d1c-489c-ac37-c058ed111ff5: 48 datasets; 1.2 s; peak memory 1363 MiB.
2026-10-04T20:16:26Z INFO [623/750] 34ac6085-c260-466d-9685-6d9d970a7eaa: 122 datasets; 1.5 s; peak memory 1363 MiB.
2026-10-04T20:16:27Z INFO [624/750] 34acbd94-ce50-4aef-92a0-98e5faceb39b: 110 datasets; 1.2 s; peak memory 1363 MiB.
2026-10-04T20:16:29Z INFO [625/750] 34accc61-f116-4e1c-8535-d001e3c5a13c: 156 datasets; 2.6 s; peak memory 1363 MiB.
2026-10-04T20:16:41Z INFO [626/750] 34ad7265-ca76-4ba7-8ba6-b9313214b8a1: 86 datasets; 11.3 s; peak memory 1363 MiB.
2026-10-04T20:16:42Z INFO [627/750] 34ae1177-71c0-43b9-9ca5-778090d1e5d5: 74 datasets; 1.7 s; peak memory 1363 MiB.
2026-10-04T20:16:43Z INFO [628/750] 34aed60f-1833-4bcd-a53f-970ce1027728: 52 datasets; 1.1 s; peak memory 1363 MiB.
2026-10-04T20:16:44Z INFO [629/750] 34af22d0-e604-4f2e-bd52-c6f2598a46fb: 92 datasets; 1.0 s; peak memory 1363 MiB.
2026-10-04T20:16:46Z INFO [630/750] 34af4e0c-e99c-41f3-8c04-1bf4bfea10ec: 69 datasets; 1.2 s; peak memory 1363 MiB.
2026-10-04T20:16:47Z INFO [631/750] 34b04611-6e75-4b1a-bc6e-8592a77504c1: 111 datasets; 1.2 s; peak memory 1363 MiB.
2026-10-04T20:16:50Z INFO [632/750] 34b28660-4e84-4491-9f8d-0bdfb76ba438: 157 datasets; 2.6 s; peak memory 1363 MiB.
2026-10-04T20:16:51Z INFO [633/750] 34b2ff2c-1fa2-47d3-83d0-ee6671805487: 117 datasets; 1.2 s; peak memory 1363 MiB.
2026-10-04T20:16:52Z INFO [634/750] 34b30d9d-e578-45ac-b36c-53015414ad06: 53 datasets; 1.8 s; peak memory 1363 MiB.
2026-10-04T20:16:54Z INFO [635/750] 34b4398c-53d2-4f16-b84d-a91c339f6bb8: 112 datasets; 1.3 s; peak memory 1363 MiB.
2026-10-04T20:16:56Z INFO [636/750] 34b4dddd-3400-47a2-bec2-5256df0b6ed6: 124 datasets; 1.9 s; peak memory 1363 MiB.
2026-10-04T20:16:57Z INFO [637/750] 34b5988b-e28f-4e57-b3c4-b5e9af801300: 48 datasets; 1.0 s; peak memory 1363 MiB.
2026-10-04T20:16:58Z INFO [638/750] 34b66baa-8bec-4a34-8248-43d354313801: 48 datasets; 1.0 s; peak memory 1363 MiB.
2026-10-04T20:17:00Z INFO [639/750] 34b6a3f4-bc95-4817-b4a2-acca028c71f0: 115 datasets; 2.3 s; peak memory 1363 MiB.
2026-10-04T20:17:01Z INFO [640/750] 34b7433b-5a90-4a3f-8cc6-25170de5c115: 48 datasets; 1.0 s; peak memory 1363 MiB.
2026-10-04T20:17:02Z INFO [641/750] 34b7c6fa-d9db-406b-ae22-8caed0f25d5e: 48 datasets; 1.1 s; peak memory 1363 MiB.
2026-10-04T20:17:03Z INFO [642/750] 34b7dc78-4672-4026-ac48-34a9744948c2: 52 datasets; 1.0 s; peak memory 1363 MiB.
2026-10-04T20:17:17Z INFO [643/750] 34b7e2c0-f214-44c3-86df-f9cc0b1ad9e6: 41 datasets; 13.7 s; peak memory 1363 MiB.
2026-10-04T20:17:18Z INFO [644/750] 34b8bde8-11d9-47b4-8ae3-3ca8d9682631: 70 datasets; 1.4 s; peak memory 1363 MiB.
2026-10-04T20:17:19Z INFO [645/750] 34ba690f-6629-4517-a611-e6f154054373: 48 datasets; 1.0 s; peak memory 1363 MiB.
2026-10-04T20:17:21Z INFO [646/750] 34baac3f-1717-4411-9581-3c69d7d83668: 48 datasets; 1.1 s; peak memory 1363 MiB.
2026-10-04T20:17:21Z INFO [647/750] 34bb6c03-d6b2-46f1-a501-c928a54a7950: 37 datasets; 0.8 s; peak memory 1363 MiB.
2026-10-04T20:17:23Z INFO [648/750] 34bb865e-f9f7-449b-92f2-c0ff89752370: 58 datasets; 1.5 s; peak memory 1363 MiB.
2026-10-04T20:17:33Z INFO [649/750] 34bbfa87-200e-46e9-a07f-f60bfcd2f763: 860 datasets; 9.7 s; peak memory 1363 MiB.
2026-10-04T20:17:33Z INFO [650/750] 34bd37a3-947f-48a6-a463-7bb3e0af93b5: 56 datasets; 0.8 s; peak memory 1363 MiB.
2026-10-04T20:17:34Z INFO [650/750] 34bd37a3-947f-48a6-a463-7bb3e0af93b5: checkpointed 72485 records.
2026-10-04T20:17:46Z INFO [651/750] 34bd3e51-fbf0-40d7-af45-32ce14ce79a2: 38 datasets; 12.5 s; peak memory 1363 MiB.
2026-10-04T20:17:47Z INFO [652/750] 34bd4d45-43cc-46b5-a2f7-78d9339e86f2: 61 datasets; 1.1 s; peak memory 1363 MiB.
2026-10-04T20:17:48Z INFO [653/750] 34bdcd45-aa0c-4b04-97a5-bd9a9518fb05: 46 datasets; 0.8 s; peak memory 1363 MiB.
2026-10-04T20:17:50Z INFO [654/750] 34be9c2f-8c54-4c1b-afc0-a4cc381cb922: 71 datasets; 1.9 s; peak memory 1363 MiB.
2026-10-04T20:17:51Z INFO [655/750] 34bec7e6-136d-40c2-bbec-48607ad10668: 117 datasets; 1.1 s; peak memory 1363 MiB.
2026-10-04T20:17:52Z INFO [656/750] 34bf5273-a753-4b6a-9b15-b3eef2f9561f: 46 datasets; 0.8 s; peak memory 1363 MiB.
2026-10-04T20:17:53Z INFO [657/750] 34c057b2-964c-4452-b2be-5de0033d9ff9: 52 datasets; 1.2 s; peak memory 1363 MiB.
2026-10-04T20:17:54Z INFO [658/750] 34c1aa5d-921b-4ce0-a894-025ac55e18ac: 48 datasets; 0.9 s; peak memory 1363 MiB.
2026-10-04T20:17:55Z INFO [659/750] 34c1afac-0d02-4615-aa1e-7a504f05a822: 52 datasets; 1.0 s; peak memory 1363 MiB.
2026-10-04T20:17:56Z INFO [660/750] 34c28da0-7b2b-4efb-8864-11d8cda7a8d5: 56 datasets; 0.8 s; peak memory 1363 MiB.
2026-10-04T20:17:57Z INFO [661/750] 34c296b9-237f-4de1-b4ab-c41267816847: 116 datasets; 1.3 s; peak memory 1363 MiB.
2026-10-04T20:17:58Z INFO [662/750] 34c2e878-e0e9-4e71-96cd-3178fbda1058: 51 datasets; 1.3 s; peak memory 1363 MiB.
2026-10-04T20:17:59Z INFO [663/750] 34c34665-5998-49a0-a57d-933516376905: 59 datasets; 1.1 s; peak memory 1363 MiB.
2026-10-04T20:18:05Z INFO [664/750] 34c3ed8b-2a68-4fe5-91fd-99d6dd37c54a: 174 datasets; 5.2 s; peak memory 1363 MiB.
2026-10-04T20:18:07Z INFO [665/750] 34c436b6-af98-45e4-8a77-703657e83365: 118 datasets; 2.3 s; peak memory 1363 MiB.
2026-10-04T20:18:17Z INFO [666/750] 34c49327-8f5d-4280-9692-5a2f10bf61f9: 1672 datasets; 9.9 s; peak memory 1363 MiB.
2026-10-04T20:18:26Z INFO [667/750] 34c4e93b-0253-479d-a4ab-b1a97aba279c: 106 datasets; 8.9 s; peak memory 1363 MiB.
2026-10-04T20:18:30Z INFO [668/750] 34c5423a-f501-4f27-a09a-eef5ec6bf0e0: 106 datasets; 4.0 s; peak memory 1363 MiB.
2026-10-04T20:18:31Z INFO [669/750] 34c57e5b-a903-40d0-9f5d-4799f2f7a9e1: 118 datasets; 1.3 s; peak memory 1363 MiB.
2026-10-04T20:18:32Z INFO [670/750] 34c640e3-5070-425a-9b05-86f421fd9b82: 117 datasets; 1.2 s; peak memory 1363 MiB.
2026-10-04T20:18:34Z INFO [671/750] 34c68339-b22d-4b29-b50c-12b9ee89a968: 118 datasets; 1.7 s; peak memory 1363 MiB.
2026-10-04T20:18:39Z INFO [672/750] 34c69351-9d30-4af6-862a-d5e2e62101d1: 196 datasets; 5.7 s; peak memory 1363 MiB.
2026-10-04T20:18:40Z INFO [673/750] 34c6a46b-0cf7-4710-a54a-a273c0c55a7a: 48 datasets; 1.0 s; peak memory 1363 MiB.
2026-10-04T20:18:42Z INFO [674/750] 34c78e8d-b9dc-4db1-bb1b-9dc95499e84e: 78 datasets; 1.7 s; peak memory 1363 MiB.
2026-10-04T20:18:47Z INFO [675/750] 34c8d99c-9bb2-43ec-9a41-54e37d5e38aa: 200 datasets; 4.8 s; peak memory 1363 MiB.
2026-10-04T20:18:48Z INFO [676/750] 34c8e131-fd42-4c00-b6eb-9a3ca4134966: 116 datasets; 1.2 s; peak memory 1363 MiB.
2026-10-04T20:18:49Z INFO [677/750] 34c9160a-494b-49f4-b505-a5f6b35f2dc1: 33 datasets; 0.8 s; peak memory 1363 MiB.
2026-10-04T20:18:50Z INFO [678/750] 34c9d0ac-e605-4fcc-81a4-a27bbc9b5df1: 116 datasets; 1.1 s; peak memory 1363 MiB.
2026-10-04T20:18:51Z INFO [679/750] 34cb2a12-1d1d-4d84-bf2a-7193a834c9e7: 48 datasets; 1.0 s; peak memory 1363 MiB.
2026-10-04T20:18:52Z INFO [680/750] 34cb49ca-b7d2-45dd-83a4-63d7daf5634b: 48 datasets; 1.0 s; peak memory 1363 MiB.
2026-10-04T20:18:53Z INFO [681/750] 34cb553c-5583-4352-956f-dd35b2baf50b: 117 datasets; 1.3 s; peak memory 1363 MiB.
2026-10-04T20:18:55Z INFO [682/750] 34cc2305-3274-4511-bd8f-4cdb4121cfb6: 77 datasets; 1.2 s; peak memory 1363 MiB.
2026-10-04T20:18:56Z INFO [683/750] 34cc32c9-8cee-42ec-ad8f-957752222384: 116 datasets; 1.2 s; peak memory 1363 MiB.
2026-10-04T20:20:56Z INFO [684/750] 34cc51a2-008c-4607-91ab-de3a3226b3dd: 413 datasets; 120.4 s; peak memory 1363 MiB.
2026-10-04T20:20:58Z INFO [685/750] 34cd8325-3209-46c3-a396-ea9272e92331: 101 datasets; 1.6 s; peak memory 1363 MiB.
2026-10-04T20:20:59Z INFO [686/750] 34cd9893-21e0-45af-b67f-e7164bae0988: 112 datasets; 1.4 s; peak memory 1363 MiB.
2026-10-04T20:21:01Z INFO [687/750] 34cda13e-bd2f-4166-9ab5-63aabef8ff5a: 38 datasets; 2.2 s; peak memory 1363 MiB.
2026-10-04T20:21:07Z INFO [688/750] 34ce0fa1-2f3a-448f-be2f-3e2e01009499: 516 datasets; 5.6 s; peak memory 1363 MiB.
2026-10-04T20:21:11Z INFO [689/750] 34ce7050-3e8f-48f4-b611-a06fd1e7a94e: 184 datasets; 4.1 s; peak memory 1363 MiB.
2026-10-04T20:21:14Z INFO [690/750] 34cec5f1-3f7b-4d99-8066-91a7a6ee4aec: 80 datasets; 2.6 s; peak memory 1363 MiB.
2026-10-04T20:21:15Z INFO [691/750] 34ceceaa-f23f-4996-ac68-319ae94774b7: 102 datasets; 1.6 s; peak memory 1363 MiB.
2026-10-04T20:21:31Z INFO [692/750] 34cfa7f9-f8fa-46d1-8e37-827d8a2b2abb: 49 datasets; 16.0 s; peak memory 1363 MiB.
2026-10-04T20:21:32Z INFO [693/750] 34cfadc7-b30b-495c-ad82-066c5b288499: 48 datasets; 1.1 s; peak memory 1363 MiB.
2026-10-04T20:21:34Z INFO [694/750] 34cfb9ba-9723-4c96-9325-f4246b72c550: 117 datasets; 1.3 s; peak memory 1363 MiB.
2026-10-04T20:21:36Z INFO [695/750] 34cfd554-bd80-4f63-bc49-1641a82c9a69: 152 datasets; 1.8 s; peak memory 1363 MiB.
2026-10-04T20:21:37Z INFO [696/750] 34cfd57a-9b7d-4362-900a-5ba1de92603c: 77 datasets; 1.7 s; peak memory 1363 MiB.
2026-10-04T20:21:39Z INFO [697/750] 34d1e5a0-18b3-4953-8dca-cf16a16e306b: 116 datasets; 1.4 s; peak memory 1363 MiB.
2026-10-04T20:21:40Z INFO [698/750] 34d5d0b3-6cee-4d17-a995-187ccb64ccc9: 64 datasets; 1.2 s; peak memory 1363 MiB.
2026-10-04T20:21:41Z INFO [699/750] 34d71d8a-19f5-4c9b-bb65-5747cb4b5c7b: 39 datasets; 1.2 s; peak memory 1363 MiB.
2026-10-04T20:21:42Z INFO [700/750] 34d7f5fe-fdfc-4be4-9b3c-d5bf75c1bb14: 51 datasets; 1.0 s; peak memory 1363 MiB.
2026-10-04T20:21:42Z INFO [700/750] 34d7f5fe-fdfc-4be4-9b3c-d5bf75c1bb14: checkpointed 72535 records.
2026-10-04T20:21:43Z INFO [701/750] 34d8bb71-b669-4a6e-ad73-c1b2c6a309f3: 48 datasets; 0.9 s; peak memory 1363 MiB.
2026-10-04T20:21:44Z INFO [702/750] 34d8d56e-1c59-4b35-a4c5-3cf69f4dae9c: 48 datasets; 1.1 s; peak memory 1363 MiB.
2026-10-04T20:21:46Z INFO [703/750] 34d919de-bc7a-482a-96fe-2c6fc400f7f1: 123 datasets; 2.3 s; peak memory 1363 MiB.
2026-10-04T20:21:52Z INFO [704/750] 34d9a12f-50c9-46e1-b83a-4811f6309e3e: 350 datasets; 5.6 s; peak memory 1363 MiB.
2026-10-04T20:21:54Z INFO [705/750] 34da3881-d3c3-4be6-8f66-235e3d9660f7: 101 datasets; 1.7 s; peak memory 1363 MiB.
2026-10-04T20:21:55Z INFO [706/750] 34da698f-2fd0-4cba-b6f5-ca6c51d600e2: 48 datasets; 1.1 s; peak memory 1363 MiB.
2026-10-04T20:21:56Z INFO [707/750] 34da71e3-57b7-411d-aa2a-a6caddc04a53: 118 datasets; 1.1 s; peak memory 1363 MiB.
2026-10-04T20:21:57Z INFO [708/750] 34da98aa-b5b0-4352-82cf-498c0344e970: 48 datasets; 1.0 s; peak memory 1363 MiB.
2026-10-04T20:21:58Z INFO [709/750] 34db2858-8483-4c11-9d77-9dd335e3a4f3: 63 datasets; 1.0 s; peak memory 1363 MiB.
2026-10-04T20:21:59Z INFO [710/750] 34dc3030-33fd-4745-8836-212a475b9498: 57 datasets; 0.9 s; peak memory 1363 MiB.
2026-10-04T20:22:01Z INFO [711/750] 34dca9a5-c348-4262-9a0e-49340916f18d: 156 datasets; 2.6 s; peak memory 1363 MiB.
2026-10-04T20:22:02Z INFO [712/750] 34dd4dd6-b860-44e9-93d4-689cfd3b4d3b: 46 datasets; 1.1 s; peak memory 1363 MiB.
2026-10-04T20:22:04Z INFO [713/750] 34dd6889-0bfb-45e5-9609-6411cf488c1c: 117 datasets; 1.3 s; peak memory 1363 MiB.
2026-10-04T20:22:06Z INFO [714/750] 34dd6b3f-9479-478c-a6b4-34d422f7300d: 115 datasets; 2.2 s; peak memory 1363 MiB.
2026-10-04T20:22:16Z INFO [715/750] 34ddf539-a89f-49a4-847e-633d33d01efb: 106 datasets; 10.4 s; peak memory 1363 MiB.
2026-10-04T20:22:18Z INFO [716/750] 34ddf563-0197-4e0b-9bc1-eeaaeea82daa: 117 datasets; 1.3 s; peak memory 1363 MiB.
2026-10-04T20:22:19Z INFO [717/750] 34de595c-0b57-43bf-a216-9f755be1ef14: 116 datasets; 1.2 s; peak memory 1363 MiB.
2026-10-04T20:22:20Z INFO [718/750] 34de90c1-71f9-48c2-bdb9-0ebc8fa5bb07: 48 datasets; 1.0 s; peak memory 1363 MiB.
2026-10-04T20:22:21Z INFO [719/750] 34deeb61-3d53-48c9-a633-734a49f2ea40: 69 datasets; 1.1 s; peak memory 1363 MiB.
2026-10-04T20:22:22Z INFO [720/750] 34df913e-f70a-459e-a124-705995309760: 48 datasets; 1.0 s; peak memory 1363 MiB.
2026-10-04T20:22:23Z INFO [721/750] 34df94a9-42c6-46b6-9472-29b40e6bfa8c: 52 datasets; 0.8 s; peak memory 1363 MiB.
2026-10-04T20:22:24Z INFO [722/750] 34dfc66b-2907-429e-97ff-1b59fba0f80c: 116 datasets; 1.1 s; peak memory 1363 MiB.
2026-10-04T20:22:25Z INFO [723/750] 34dff9cf-2f58-4fc8-b1a1-c921939b4397: 117 datasets; 1.4 s; peak memory 1363 MiB.
2026-10-04T20:22:26Z INFO [724/750] 34e01e74-ce96-44d2-b08d-1bdb76525c6b: 116 datasets; 1.1 s; peak memory 1363 MiB.
2026-10-04T20:22:27Z INFO [725/750] 34e06770-4af1-4e5b-ac22-c239e81d3160: 48 datasets; 1.0 s; peak memory 1363 MiB.
2026-10-04T20:22:29Z INFO [726/750] 34e104dd-2f95-4f23-91ea-0ca6908db335: 51 datasets; 1.3 s; peak memory 1363 MiB.
2026-10-04T20:22:30Z INFO [727/750] 34e1bc5d-b6ff-4481-83f0-ef075b5318a2: 118 datasets; 1.0 s; peak memory 1363 MiB.
2026-10-04T20:22:31Z INFO [728/750] 34e20a02-c3a4-40a5-8fe2-487b027bc7b5: 46 datasets; 1.0 s; peak memory 1363 MiB.
2026-10-04T20:22:32Z INFO [729/750] 34e25c11-7235-472c-abf5-0210dcd2e1e5: 118 datasets; 1.3 s; peak memory 1363 MiB.
2026-10-04T20:22:35Z INFO [730/750] 34e29572-27ce-49a5-babb-a64196303e9f: 186 datasets; 2.4 s; peak memory 1363 MiB.
2026-10-04T20:22:36Z INFO [731/750] 34e38f82-c942-4e81-8e7b-e16fddcee695: 66 datasets; 1.5 s; peak memory 1363 MiB.
2026-10-04T20:22:37Z INFO [732/750] 34e3ad85-6295-4c51-b8ab-0fd757b4a25c: 112 datasets; 1.4 s; peak memory 1363 MiB.
2026-10-04T20:22:40Z INFO [733/750] 34e3c46f-f129-4126-806b-228028268568: 156 datasets; 2.6 s; peak memory 1363 MiB.
2026-10-04T20:22:42Z INFO [734/750] 34e4d118-bb03-478b-b34e-6b9b5150c26f: 71 datasets; 1.9 s; peak memory 1363 MiB.
2026-10-04T20:22:43Z INFO [735/750] 34e4f244-8c4a-4bb1-a385-99cb83da5d9c: 48 datasets; 1.1 s; peak memory 1363 MiB.
2026-10-04T20:22:49Z INFO [736/750] 34e5633d-6c2d-4208-85c6-a9212d8d849e: 196 datasets; 6.2 s; peak memory 1363 MiB.
2026-10-04T20:22:50Z INFO [737/750] 34e573b2-fdb7-4796-b99a-a733b1407a4e: 48 datasets; 1.1 s; peak memory 1363 MiB.
2026-10-04T20:22:51Z INFO [738/750] 34e57509-261b-41a9-9193-713c8efd858d: 45 datasets; 1.2 s; peak memory 1363 MiB.
2026-10-04T20:22:53Z INFO [739/750] 34e5f18b-3f4e-4805-b387-cc3782adb925: 112 datasets; 1.4 s; peak memory 1363 MiB.
2026-10-04T20:22:55Z INFO [740/750] 34e61def-3978-497a-9803-635afd3cac61: 116 datasets; 2.4 s; peak memory 1363 MiB.
2026-10-04T20:22:56Z INFO [741/750] 34e689dd-8ca6-434a-a8b2-3a6ce8478648: 39 datasets; 1.1 s; peak memory 1363 MiB.
2026-10-04T20:22:57Z INFO [742/750] 34e7146f-e2db-4264-9946-4ead91b3dcc9: 48 datasets; 1.0 s; peak memory 1363 MiB.
2026-10-04T20:22:59Z INFO [743/750] 34e75d2c-0f9d-4a76-8cb1-d365c6d1286b: 124 datasets; 1.8 s; peak memory 1363 MiB.
2026-10-04T20:23:00Z INFO [744/750] 34e7a249-9229-4555-b8d2-1e485b72f936: 45 datasets; 0.8 s; peak memory 1363 MiB.
2026-10-04T20:23:01Z INFO [745/750] 34e864b2-3f8f-408a-aa5c-7bc28ceaadcb: 48 datasets; 0.9 s; peak memory 1363 MiB.
2026-10-04T20:23:02Z INFO [746/750] 34e8e0ff-6c8a-474f-a4f5-2c95bbba07c2: 48 datasets; 1.1 s; peak memory 1363 MiB.
2026-10-04T20:23:03Z INFO [747/750] 34e91960-fab7-4780-ad49-2d59d3a4f2b5: 72 datasets; 1.3 s; peak memory 1363 MiB.
2026-10-04T20:23:05Z INFO [748/750] 34e95744-a4fa-43c2-a39d-051d0aa70138: 49 datasets; 2.1 s; peak memory 1363 MiB.
2026-10-04T20:23:17Z INFO [749/750] 34ea17cc-a12e-423f-b63d-2fc409a0340c: 638 datasets; 11.2 s; peak memory 1363 MiB.
2026-10-04T20:23:19Z INFO [750/750] 34eb2694-bb15-4f6c-9d09-b174e1568f83: 163 datasets; 2.8 s; peak memory 1363 MiB.
2026-10-04T20:23:20Z INFO [750/750] 34eb2694-bb15-4f6c-9d09-b174e1568f83: checkpointed 72585 records.
2026-10-04T20:23:20Z INFO Wrote 72585 records to /tmp/derivatives/valid_nwb_file_to_number_of_datasets.jsonl (750 new, 0 failed) in 134.7 min (peak memory 1363 MiB).
