2026-10-03T06:33:19Z INFO Logging to /tmp/logs/update_2026-10-03T06-33-19Z.log.
2026-10-03T06:33:19Z INFO Update valid-nwb-file-to-number-of-datasets (base directory /tmp).
2026-10-03T06:33:19Z INFO Processing 750 items (66586 already recorded).
2026-10-03T06:33:21Z INFO [1/750] 08b2cd01-16c0-4986-af8e-ba3b217bf9de: 85 datasets; 2.3 s; peak memory 104 MiB.
2026-10-03T06:33:24Z INFO [2/750] 0b145ea2-9ef2-491e-8a4d-5d6c9174f5dd: 85 datasets; 2.6 s; peak memory 107 MiB.
2026-10-03T06:33:26Z INFO [3/750] 0b3928b9-fcaf-4785-b1a7-b05d5f0dd12a: 85 datasets; 2.3 s; peak memory 107 MiB.
2026-10-03T06:33:27Z INFO [4/750] 0c2c9ea2-55a4-45f4-b80a-60df61c1e3c7: 85 datasets; 1.4 s; peak memory 107 MiB.
2026-10-03T06:33:29Z INFO [5/750] 0f98167d-a4d8-46a4-8bd4-5d79a06e975d: 85 datasets; 1.7 s; peak memory 107 MiB.
2026-10-03T06:33:31Z INFO [6/750] 0fd844ef-329b-475c-96ee-9e3bb8bc2856: 85 datasets; 2.4 s; peak memory 108 MiB.
2026-10-03T06:33:35Z INFO [7/750] 1788cbc1-51e2-4426-9d3c-ac68a8acca8b: 85 datasets; 3.1 s; peak memory 111 MiB.
2026-10-03T06:33:37Z INFO [8/750] 1a9c402b-03b2-44ea-868b-145f3116bfe8: 85 datasets; 2.6 s; peak memory 111 MiB.
2026-10-03T06:33:39Z INFO [9/750] 1b09d602-db38-4928-8923-dfae6141122e: 85 datasets; 1.3 s; peak memory 111 MiB.
2026-10-03T06:33:40Z INFO [10/750] 1e31a6b1-f917-4399-b9df-1a2b03344e96: 39 datasets; 1.2 s; peak memory 111 MiB.
2026-10-03T06:33:41Z INFO [11/750] 21767d51-c480-47d7-8cc8-76b36b323288: 85 datasets; 1.4 s; peak memory 111 MiB.
2026-10-03T06:33:45Z INFO [12/750] 21d7f690-9811-471a-afd5-b7ade1355987: 85 datasets; 3.5 s; peak memory 111 MiB.
2026-10-03T06:33:48Z INFO [13/750] 279d185a-de58-444b-a88e-79fd14f2a0ee: 85 datasets; 3.1 s; peak memory 111 MiB.
2026-10-03T06:33:49Z INFO [14/750] 28bbc597-2cb0-47a7-9b3f-efca2afca8d2: 48 datasets; 1.2 s; peak memory 111 MiB.
2026-10-03T06:33:51Z INFO [15/750] 28bc417b-a234-45d7-97f7-225ccfc1fe58: 112 datasets; 1.9 s; peak memory 112 MiB.
2026-10-03T06:33:52Z INFO [16/750] 28bc4741-27cf-424f-85fe-31d95b94d53a: 48 datasets; 1.2 s; peak memory 112 MiB.
2026-10-03T06:33:53Z INFO [17/750] 28bc4dfd-68a9-4026-9601-6e0dbd4a20b4: 50 datasets; 1.1 s; peak memory 112 MiB.
2026-10-03T06:33:55Z INFO [18/750] 28bc9cc1-fc36-43db-a7b2-9ca0f12786ef: 68 datasets; 2.3 s; peak memory 112 MiB.
2026-10-03T06:33:57Z INFO [19/750] 28bd3618-447b-4301-94ae-97a01c07ae5a: 57 datasets; 1.1 s; peak memory 113 MiB.
2026-10-03T06:33:58Z INFO [20/750] 28bd5162-2e08-4ba7-b303-0d9b24a706ae: 109 datasets; 1.7 s; peak memory 113 MiB.
2026-10-03T06:34:01Z INFO [21/750] 28bd9681-9f7c-49bd-9851-5adc84066a43: 144 datasets; 2.4 s; peak memory 113 MiB.
2026-10-03T06:34:02Z INFO [22/750] 28bdc5ca-ce1c-434d-a3f1-5b5b1e2fef12: 38 datasets; 1.1 s; peak memory 113 MiB.
2026-10-03T06:34:04Z INFO [23/750] 28bea610-df0e-4019-a47d-b9373fd047c8: 110 datasets; 2.1 s; peak memory 113 MiB.
2026-10-03T06:34:05Z INFO [24/750] 28becb45-4681-452d-8d4c-f6b59e9f0214: 84 datasets; 1.5 s; peak memory 113 MiB.
2026-10-03T06:34:06Z INFO [25/750] 28c044fd-108d-4d43-badd-98e13520574d: 50 datasets; 1.1 s; peak memory 113 MiB.
2026-10-03T06:34:08Z INFO [26/750] 28c0ca25-c997-4c1e-aedd-060e991a8d25: 66 datasets; 1.8 s; peak memory 113 MiB.
2026-10-03T06:34:11Z INFO [27/750] 28c1f3c9-8384-48a6-853b-8cba14656582: 156 datasets; 3.3 s; peak memory 113 MiB.
2026-10-03T06:34:18Z INFO [28/750] 28c247a9-9ae4-4886-81c8-1f1e01001828: 294 datasets; 6.6 s; peak memory 129 MiB.
2026-10-03T06:36:39Z INFO [29/750] 28c268f3-d7b6-4842-ae30-f4aafc78cae7: 167 datasets; 141.2 s; peak memory 264 MiB.
2026-10-03T06:36:40Z INFO [30/750] 28c27b44-5211-406c-b626-9c4cb70d8691: 37 datasets; 1.2 s; peak memory 264 MiB.
2026-10-03T06:36:42Z INFO [31/750] 28c2ee50-07ff-405d-a1b6-200f926d3c63: 66 datasets; 1.7 s; peak memory 264 MiB.
2026-10-03T06:36:48Z INFO [32/750] 28c3ee51-1b1c-491b-ab8b-48da680a5f4a: 3187 datasets; 6.1 s; peak memory 264 MiB.
2026-10-03T06:36:57Z INFO [33/750] 28c481f4-6356-46b6-a5fe-a2a74ab624da: 56 datasets; 8.7 s; peak memory 264 MiB.
2026-10-03T06:36:58Z INFO [34/750] 28c55c99-b77c-4a6e-bed6-e219c937e5ea: 48 datasets; 1.3 s; peak memory 264 MiB.
2026-10-03T06:37:00Z INFO [35/750] 28c5891b-efb3-4f64-abe5-b82a64062545: 118 datasets; 1.5 s; peak memory 264 MiB.
2026-10-03T06:37:01Z INFO [36/750] 28c68365-6810-4ca8-9495-57192ec3e3f2: 117 datasets; 1.5 s; peak memory 264 MiB.
2026-10-03T06:37:15Z INFO [37/750] 28c69119-5407-4e88-aec2-95af6c991522: 969 datasets; 13.3 s; peak memory 264 MiB.
2026-10-03T06:37:16Z INFO [38/750] 28c6a499-aed3-402d-9d10-d99de9a33b4d: 46 datasets; 1.1 s; peak memory 264 MiB.
2026-10-03T06:37:35Z INFO [39/750] 28c6bd8c-5f46-40a6-870c-ac640fd56a38: 41 datasets; 19.7 s; peak memory 264 MiB.
2026-10-03T06:37:37Z INFO [40/750] 28c735cd-f06a-4a00-8d04-c482e5a9a2d2: 117 datasets; 1.6 s; peak memory 264 MiB.
2026-10-03T06:37:38Z INFO [41/750] 28c75d88-7cab-4a4b-81f6-0eb5e7c60d91: 64 datasets; 1.4 s; peak memory 264 MiB.
2026-10-03T06:37:39Z INFO [42/750] 28c8acea-9238-4cb4-9e76-c761b2bf4216: 48 datasets; 1.1 s; peak memory 264 MiB.
2026-10-03T06:37:41Z INFO [43/750] 28c96454-cd04-49aa-830b-07698d8c0f0c: 72 datasets; 1.6 s; peak memory 264 MiB.
2026-10-03T06:38:00Z INFO [44/750] 28c9ee00-051c-453f-a0f1-558b9a325eba: 1249 datasets; 19.3 s; peak memory 264 MiB.
2026-10-03T06:38:02Z INFO [45/750] 28ca59a6-eb38-4e56-94bc-173efc10f7c7: 48 datasets; 1.3 s; peak memory 264 MiB.
2026-10-03T06:38:03Z INFO [46/750] 28ca8fdb-c4cd-4970-9123-423b762b9f44: 116 datasets; 1.4 s; peak memory 264 MiB.
2026-10-03T06:38:09Z INFO [47/750] 28cb3a35-f901-4408-b8cb-6fd9e6265342: 229 datasets; 5.6 s; peak memory 264 MiB.
2026-10-03T06:38:10Z INFO [48/750] 28cc17c6-7d2e-4a69-8ff4-6dc8d02b1c82: 118 datasets; 1.8 s; peak memory 264 MiB.
2026-10-03T06:38:11Z INFO [49/750] 28cc4045-7c05-48e9-99e7-ee002b91031a: 33 datasets; 0.9 s; peak memory 264 MiB.
2026-10-03T06:38:13Z INFO [50/750] 28cc9f57-8e09-4276-a558-cc7072a8e847: 62 datasets; 1.6 s; peak memory 264 MiB.
2026-10-03T06:38:13Z INFO [50/750] 28cc9f57-8e09-4276-a558-cc7072a8e847: checkpointed 66636 records.
2026-10-03T06:38:14Z INFO [51/750] 28cd2bdf-11e3-4c82-a0d9-de63399fe297: 40 datasets; 1.4 s; peak memory 264 MiB.
2026-10-03T06:38:16Z INFO [52/750] 28cd9a0d-5124-4f47-9e48-ce7bd7a3cd1e: 52 datasets; 1.5 s; peak memory 264 MiB.
2026-10-03T06:38:17Z INFO [53/750] 28cdf449-489a-48fb-963c-66819a1de6af: 117 datasets; 1.5 s; peak memory 264 MiB.
2026-10-03T06:38:20Z INFO [54/750] 28ce09ba-9ad8-4aca-ac26-1306e6f413f9: 168 datasets; 3.1 s; peak memory 264 MiB.
2026-10-03T06:38:23Z INFO [55/750] 28ce6aed-c875-4b7d-9132-c408e290d572: 141 datasets; 2.5 s; peak memory 264 MiB.
2026-10-03T06:38:25Z INFO [56/750] 28ce9f6c-20ce-4654-836f-4427c39290c1: 110 datasets; 1.8 s; peak memory 264 MiB.
2026-10-03T06:38:26Z INFO [57/750] 28cf3545-241f-48b6-af17-3320dbefc214: 48 datasets; 1.2 s; peak memory 264 MiB.
2026-10-03T06:38:28Z INFO [58/750] 28cf5f01-74b4-41df-99fe-a71cc0175b11: 69 datasets; 1.7 s; peak memory 264 MiB.
2026-10-03T06:40:58Z INFO [59/750] 28d0fb75-f706-44f8-9fae-dc1fbbfbbecb: 260 datasets; 150.5 s; peak memory 300 MiB.
2026-10-03T06:41:01Z INFO [60/750] 28d15693-f55b-44ae-ac6d-904ea605e490: 71 datasets; 2.4 s; peak memory 300 MiB.
2026-10-03T06:41:02Z INFO [61/750] 28d1584e-02bc-46cb-be4d-415b3f579736: 48 datasets; 1.3 s; peak memory 300 MiB.
2026-10-03T06:41:03Z INFO [62/750] 28d195ea-1bcc-4bfb-be3e-4af2d919d802: 46 datasets; 1.3 s; peak memory 300 MiB.
2026-10-03T06:41:05Z INFO [63/750] 28d2504b-eec4-4a50-bf9b-c8b12ed11ec2: 112 datasets; 1.7 s; peak memory 300 MiB.
2026-10-03T06:41:06Z INFO [64/750] 28d2aaef-bbf8-4266-94a6-7d8c05b7b1ea: 48 datasets; 1.3 s; peak memory 300 MiB.
2026-10-03T06:41:08Z INFO [65/750] 28d36359-ed97-4fe9-8a06-e809bdab4e39: 102 datasets; 1.9 s; peak memory 300 MiB.
2026-10-03T06:41:10Z INFO [66/750] 28d47e6b-2b30-4644-99bc-f24ce82600cb: 117 datasets; 1.8 s; peak memory 300 MiB.
2026-10-03T06:41:12Z INFO [67/750] 28d50ce3-fd74-4b03-ba72-16bc188165e8: 112 datasets; 1.9 s; peak memory 300 MiB.
2026-10-03T06:41:14Z INFO [68/750] 28d5acb8-2748-4a91-a56b-0497c1820fcd: 66 datasets; 2.0 s; peak memory 300 MiB.
2026-10-03T06:41:16Z INFO [69/750] 28d5e6c1-28cc-427e-96cd-bcbd29184702: 112 datasets; 1.9 s; peak memory 300 MiB.
2026-10-03T06:41:17Z INFO [70/750] 28d6472c-8a1d-44f1-b411-8f9a1f9823e3: 77 datasets; 1.5 s; peak memory 300 MiB.
2026-10-03T06:41:19Z INFO [71/750] 28d64aa1-9c21-49e9-b5eb-02c94d29b2a4: 102 datasets; 2.0 s; peak memory 300 MiB.
2026-10-03T06:41:21Z INFO [72/750] 28d66e9f-ab89-423b-8498-dc451f283b72: 118 datasets; 1.4 s; peak memory 300 MiB.
2026-10-03T06:41:22Z INFO [73/750] 28d7ecf5-7cd6-4d83-b444-9b18eb7cb7ee: 48 datasets; 1.3 s; peak memory 300 MiB.
2026-10-03T06:41:23Z INFO [74/750] 28d82e89-5bf3-49cf-b234-715cdcbd4326: 42 datasets; 1.4 s; peak memory 300 MiB.
2026-10-03T06:41:31Z INFO [75/750] 28dacc78-d1bf-4107-be10-742dc45f5773: 538 datasets; 7.5 s; peak memory 300 MiB.
2026-10-03T06:41:33Z INFO [76/750] 28db2ee1-c204-4f5c-b325-4f82bd726f24: 71 datasets; 2.6 s; peak memory 300 MiB.
2026-10-03T06:41:35Z INFO [77/750] 28db737d-335c-48e1-8f14-a460a6b82348: 117 datasets; 1.4 s; peak memory 300 MiB.
2026-10-03T06:41:36Z INFO [78/750] 28dbe0bf-da20-49b5-8411-e471cbf76253: 48 datasets; 1.2 s; peak memory 300 MiB.
2026-10-03T06:41:47Z INFO [79/750] 28dbf9f3-0791-463e-82c3-f5394edd63a5: 852 datasets; 10.6 s; peak memory 300 MiB.
2026-10-03T06:41:48Z INFO [80/750] 28ddeb6e-0efb-4497-82a1-e857fe771668: 50 datasets; 1.1 s; peak memory 300 MiB.
2026-10-03T06:41:51Z INFO [81/750] 28de0c51-e4cd-4f57-b47d-288c4bde6379: 80 datasets; 2.8 s; peak memory 300 MiB.
2026-10-03T06:41:52Z INFO [82/750] 28de930a-2d02-4987-9e0f-382ef397d553: 70 datasets; 1.6 s; peak memory 300 MiB.
2026-10-03T06:42:01Z INFO [83/750] 28deed36-6bcd-460e-96b1-527f78f8abf7: 957 datasets; 9.1 s; peak memory 300 MiB.
2026-10-03T06:42:02Z INFO [84/750] 28dfd19b-1cc7-43df-bde5-3cf56e6c4972: 48 datasets; 1.2 s; peak memory 300 MiB.
2026-10-03T06:42:04Z INFO [85/750] 28e02d54-5ace-4173-aecb-436b947ca4d8: 117 datasets; 1.5 s; peak memory 300 MiB.
2026-10-03T06:42:06Z INFO [86/750] 28e03fa8-548d-424e-9009-e5fec0533a49: 112 datasets; 1.8 s; peak memory 300 MiB.
2026-10-03T06:42:07Z INFO [87/750] 28e0873a-e0cc-49eb-97d2-17a838174c15: 114 datasets; 1.4 s; peak memory 300 MiB.
2026-10-03T06:46:16Z INFO [88/750] 28e156cd-58a0-4b59-b85b-68d02631b9b4: 292 datasets; 249.1 s; peak memory 410 MiB.
2026-10-03T06:46:18Z INFO [89/750] 28e24358-1901-4a04-b017-6faaae48ffa8: 118 datasets; 1.5 s; peak memory 410 MiB.
2026-10-03T06:46:42Z INFO [90/750] 28e27dec-d0aa-429e-8560-000d143ebf26: 675 datasets; 23.8 s; peak memory 410 MiB.
2026-10-03T06:46:47Z INFO [91/750] 28e3a20f-a200-4bb4-b02d-49b0e62a051f: 229 datasets; 5.3 s; peak memory 410 MiB.
2026-10-03T06:46:50Z INFO [92/750] 28e3b987-28b6-4f2d-b911-5ac28d3587a8: 38 datasets; 2.9 s; peak memory 410 MiB.
2026-10-03T06:46:52Z INFO [93/750] 28e4b994-2c64-4dee-856c-48718c40da62: 71 datasets; 2.3 s; peak memory 410 MiB.
2026-10-03T06:47:15Z INFO [94/750] 28e62128-4169-4962-a815-3b70f7aa5063: 47 datasets; 23.1 s; peak memory 410 MiB.
2026-10-03T06:47:16Z INFO [95/750] 28e6911d-288d-4253-ab52-acbbb912d5a4: 48 datasets; 1.2 s; peak memory 410 MiB.
2026-10-03T06:47:18Z INFO [96/750] 28e6aab5-818b-4e6a-a86c-8e92966c7852: 66 datasets; 2.0 s; peak memory 410 MiB.
2026-10-03T06:47:20Z INFO [97/750] 28e6c0c1-192c-422f-9319-2140ce0c8ae7: 48 datasets; 1.2 s; peak memory 410 MiB.
2026-10-03T06:47:21Z INFO [98/750] 28e7679c-25f7-48c6-81d7-24de84b22b3f: 48 datasets; 1.3 s; peak memory 410 MiB.
2026-10-03T06:47:24Z INFO [99/750] 28e7841e-2434-4283-8eb0-270f74d15084: 119 datasets; 2.8 s; peak memory 410 MiB.
2026-10-03T06:47:34Z INFO [100/750] 28e7efe6-94c1-448c-a8cc-41195c29ef0b: 49 datasets; 10.2 s; peak memory 410 MiB.
2026-10-03T06:47:34Z INFO [100/750] 28e7efe6-94c1-448c-a8cc-41195c29ef0b: checkpointed 66686 records.
2026-10-03T06:47:36Z INFO [101/750] 28e841da-a29a-44ce-aeba-6fa930c65222: 112 datasets; 1.8 s; peak memory 410 MiB.
2026-10-03T06:47:37Z INFO [102/750] 28e88fb5-3119-4470-aea5-c70c5e605573: 45 datasets; 1.0 s; peak memory 410 MiB.
2026-10-03T06:47:39Z INFO [103/750] 28e92ebb-3417-445d-8586-0dfe5a3f2fe5: 196 datasets; 2.4 s; peak memory 410 MiB.
2026-10-03T06:47:41Z INFO [104/750] 28e9b61e-b43b-42ec-a6ba-262321719ca8: 62 datasets; 1.5 s; peak memory 410 MiB.
2026-10-03T06:47:42Z INFO [105/750] 28eaa803-9cce-4b53-bbb3-c65870c99390: 48 datasets; 1.2 s; peak memory 410 MiB.
2026-10-03T06:47:43Z INFO [106/750] 28ecd560-6c79-4c97-acd2-8d55913f1305: 38 datasets; 1.1 s; peak memory 410 MiB.
2026-10-03T06:47:44Z INFO [107/750] 28ed6219-8c58-4d4a-8ef5-8a1fe30667d6: 46 datasets; 0.8 s; peak memory 410 MiB.
2026-10-03T06:47:49Z INFO [108/750] 28ed88ca-89fa-4dca-a2ed-935661328fd4: 200 datasets; 5.7 s; peak memory 410 MiB.
2026-10-03T06:47:51Z INFO [109/750] 28edb2d3-7542-4202-bd13-bb8f89996c1c: 48 datasets; 1.3 s; peak memory 410 MiB.
2026-10-03T06:47:52Z INFO [110/750] 28eddf43-c29e-42da-a1e3-48f0b21d7d02: 109 datasets; 1.7 s; peak memory 410 MiB.
2026-10-03T06:47:56Z INFO [111/750] 28ee606c-6d5e-4bf3-9846-8d2105b8d854: 138 datasets; 3.3 s; peak memory 410 MiB.
2026-10-03T06:47:57Z INFO [112/750] 28ee68d6-1846-4a23-ac80-b2c50cd2b8c2: 48 datasets; 1.2 s; peak memory 410 MiB.
2026-10-03T06:47:59Z INFO [113/750] 28ee72cd-31f2-479d-bf42-cf9435628307: 62 datasets; 1.6 s; peak memory 410 MiB.
2026-10-03T06:48:00Z INFO [114/750] 28eeaf64-428b-45b0-a73e-412b7dd08921: 50 datasets; 1.1 s; peak memory 410 MiB.
2026-10-03T06:48:01Z INFO [115/750] 28f06779-8fd4-4d16-a126-89bc69fd929d: 21 datasets; 0.9 s; peak memory 410 MiB.
2026-10-03T06:48:02Z INFO [116/750] 28f0a947-25c2-4203-8b03-2df6b1a860c3: 62 datasets; 1.6 s; peak memory 410 MiB.
2026-10-03T06:48:03Z INFO [117/750] 28f0ec71-97f6-4017-9df3-d48f3e99400f: 116 datasets; 1.3 s; peak memory 410 MiB.
2026-10-03T06:48:07Z INFO [118/750] 28f13838-ed96-4c4c-85b5-a8b728d8d180: 133 datasets; 3.8 s; peak memory 410 MiB.
2026-10-03T06:48:09Z INFO [119/750] 28f14afd-d7ec-4503-8f0f-2527316b2760: 74 datasets; 1.5 s; peak memory 410 MiB.
2026-10-03T06:48:14Z INFO [120/750] 28f24c86-13d6-4946-bd3e-55d3011c76bd: 229 datasets; 5.3 s; peak memory 410 MiB.
2026-10-03T06:48:16Z INFO [121/750] 28f2604b-c088-4d3b-93bf-699daf9d1a50: 48 datasets; 1.3 s; peak memory 410 MiB.
2026-10-03T06:48:23Z INFO [122/750] 28f3619b-68e6-49c6-bf08-ef3c05be82f1: 56 datasets; 7.6 s; peak memory 410 MiB.
2026-10-03T06:48:25Z INFO [123/750] 28f41f05-0a40-4578-9aa1-6eb71feefc75: 112 datasets; 2.0 s; peak memory 410 MiB.
2026-10-03T06:48:26Z INFO [124/750] 28f47dcd-f41a-4362-bdf1-49f881890034: 42 datasets; 1.3 s; peak memory 410 MiB.
2026-10-03T06:48:28Z INFO [125/750] 28f4ba8f-6008-41d5-af1f-db9e072153f1: 112 datasets; 1.7 s; peak memory 410 MiB.
2026-10-03T06:48:36Z INFO [126/750] 28f4e300-c082-4974-84a4-abee1993d708: 538 datasets; 7.8 s; peak memory 410 MiB.
2026-10-03T06:48:41Z INFO [127/750] 28f4ef2a-ec87-431a-bdc3-054de7c928da: 60 datasets; 4.6 s; peak memory 410 MiB.
2026-10-03T06:48:42Z INFO [128/750] 28f5ed9e-3bea-4310-8e40-f4755e1b320a: 117 datasets; 1.5 s; peak memory 410 MiB.
2026-10-03T06:48:44Z INFO [129/750] 28f6ae25-4e6e-4183-9191-2e9b3fb2a0b1: 112 datasets; 1.7 s; peak memory 410 MiB.
2026-10-03T06:48:45Z INFO [130/750] 28f6ae48-9d33-43cd-a009-edcdfd2b90df: 117 datasets; 1.4 s; peak memory 410 MiB.
2026-10-03T06:48:46Z INFO [131/750] 28f6d28c-70e0-4ed0-9220-591214a5dc31: 37 datasets; 0.9 s; peak memory 410 MiB.
2026-10-03T06:48:55Z INFO [132/750] 28f82dab-238e-40f1-bf79-89f42dd453ff: 879 datasets; 9.0 s; peak memory 410 MiB.
2026-10-03T06:48:58Z INFO [133/750] 28f8613b-f43e-40e6-92b4-c2c4efc303d0: 115 datasets; 2.8 s; peak memory 410 MiB.
2026-10-03T06:49:02Z INFO [134/750] 28f8eb7a-f83c-4341-9620-c97965f8b589: 184 datasets; 4.2 s; peak memory 410 MiB.
2026-10-03T06:49:04Z INFO [135/750] 28f94e14-c3ba-4afc-be8c-1e6888198265: 112 datasets; 1.8 s; peak memory 410 MiB.
2026-10-03T06:49:05Z INFO [136/750] 28f98cd7-c3c0-4784-84a4-69e039abbc0e: 48 datasets; 1.1 s; peak memory 410 MiB.
2026-10-03T06:53:20Z INFO [137/750] 28f9a201-1dc6-4dfa-9730-3bd6f4acd6ee: 417 datasets; 254.7 s; peak memory 410 MiB.
2026-10-03T06:53:21Z INFO [138/750] 28f9e31e-a353-4117-9f9c-15b955e3eeb8: 46 datasets; 1.0 s; peak memory 410 MiB.
2026-10-03T06:53:22Z INFO [139/750] 28f9fb15-7361-4e4b-b4ae-7262c0d230f3: 51 datasets; 1.0 s; peak memory 410 MiB.
2026-10-03T06:53:23Z INFO [140/750] 28fa871d-ccfe-4338-bed5-a4761e59f0d6: 48 datasets; 1.2 s; peak memory 410 MiB.
2026-10-03T06:53:25Z INFO [141/750] 28fa8ece-904c-43c6-b72e-d8399cdf06e1: 49 datasets; 2.0 s; peak memory 410 MiB.
2026-10-03T06:53:26Z INFO [142/750] 28fb846b-0b26-4493-8997-e1292ff1fb6d: 48 datasets; 1.3 s; peak memory 410 MiB.
2026-10-03T06:53:28Z INFO [143/750] 28fbab09-6ff0-4ff9-9c51-5d4d66cafd1b: 117 datasets; 1.6 s; peak memory 410 MiB.
2026-10-03T06:53:31Z INFO [144/750] 28fc42c6-adad-4194-a9c8-e475abe5d3b5: 90 datasets; 2.7 s; peak memory 410 MiB.
2026-10-03T06:53:37Z INFO [145/750] 28fd21f0-c478-488b-b336-9611524811ec: 196 datasets; 6.7 s; peak memory 410 MiB.
2026-10-03T06:53:45Z INFO [146/750] 28fd5d19-90e2-4631-b02a-e26e36b95747: 630 datasets; 7.9 s; peak memory 410 MiB.
2026-10-03T06:53:47Z INFO [147/750] 28fd6582-33de-45aa-bec0-a841c07a7509: 116 datasets; 1.5 s; peak memory 410 MiB.
2026-10-03T06:53:49Z INFO [148/750] 28fda220-a993-4c33-950f-6b0d609f7d0e: 38 datasets; 2.5 s; peak memory 410 MiB.
2026-10-03T06:53:51Z INFO [149/750] 28fe21eb-bd22-4423-a094-97d209f3fd91: 118 datasets; 1.5 s; peak memory 410 MiB.
2026-10-03T06:53:52Z INFO [150/750] 28fe2ab6-35a4-4bb7-ad76-247828a3b596: 48 datasets; 1.2 s; peak memory 410 MiB.
2026-10-03T06:53:52Z INFO [150/750] 28fe2ab6-35a4-4bb7-ad76-247828a3b596: checkpointed 66736 records.
2026-10-03T06:53:58Z INFO [151/750] 28fe5e55-1372-402c-9f3f-02c5b1da9bc7: 229 datasets; 6.0 s; peak memory 410 MiB.
2026-10-03T06:53:59Z INFO [152/750] 28ff81c3-8678-470c-b819-68b4076e86d8: 46 datasets; 1.3 s; peak memory 410 MiB.
2026-10-03T06:54:07Z INFO [153/750] 28ffe5c5-2176-4074-90d0-8c51e0d1e52a: 47 datasets; 8.1 s; peak memory 410 MiB.
2026-10-03T06:54:10Z INFO [154/750] 290091c9-421a-416c-9ffe-66d14c5eb3c7: 118 datasets; 3.0 s; peak memory 410 MiB.
2026-10-03T06:54:20Z INFO [155/750] 2900f11f-41af-4dee-818a-befa1e3cfe52: 4210 datasets; 9.6 s; peak memory 410 MiB.
2026-10-03T06:54:23Z INFO [156/750] 2900f4cb-801b-443f-b0a2-878a04c287af: 38 datasets; 2.8 s; peak memory 410 MiB.
2026-10-03T06:54:24Z INFO [157/750] 29012e6c-967f-4c4f-affc-7f1f362b3ea7: 63 datasets; 1.3 s; peak memory 410 MiB.
2026-10-03T06:54:26Z INFO [158/750] 29018678-5efa-44b7-8de8-5bfc7832fcbc: 112 datasets; 2.2 s; peak memory 410 MiB.
2026-10-03T06:54:28Z INFO [159/750] 2901e540-a5e6-4c4c-b8e7-63b84e9ebce5: 112 datasets; 1.8 s; peak memory 410 MiB.
2026-10-03T06:54:29Z INFO [160/750] 29025a81-a1c5-4f69-a505-e36d719aa33a: 48 datasets; 1.2 s; peak memory 410 MiB.
2026-10-03T06:54:31Z INFO [161/750] 29030b9a-5b22-4216-9fbb-f5a432497c4a: 48 datasets; 1.2 s; peak memory 410 MiB.
2026-10-03T06:54:32Z INFO [162/750] 290367c8-fb7a-4981-868b-0f03418a2185: 117 datasets; 1.5 s; peak memory 410 MiB.
2026-10-03T06:54:33Z INFO [163/750] 29036caf-769c-4fac-8434-d6eb7637b8a6: 49 datasets; 1.3 s; peak memory 410 MiB.
2026-10-03T06:54:35Z INFO [164/750] 2904a749-0c64-4fcc-a461-4858bbb64dfb: 48 datasets; 1.2 s; peak memory 410 MiB.
2026-10-03T06:54:36Z INFO [165/750] 2904d484-ae3e-4307-9b36-0a7b2d356615: 116 datasets; 1.7 s; peak memory 410 MiB.
2026-10-03T06:54:58Z INFO [166/750] 2905d54f-babf-4e83-b99f-2a01f7e677f1: 59 datasets; 21.8 s; peak memory 410 MiB.
2026-10-03T06:55:16Z INFO [167/750] 2906650b-0451-4156-9854-b7c0d192414b: 436 datasets; 18.0 s; peak memory 410 MiB.
2026-10-03T06:55:17Z INFO [168/750] 2906b6ab-84dd-4132-ba9c-8b44ba1c72bd: 48 datasets; 1.3 s; peak memory 410 MiB.
2026-10-03T06:55:19Z INFO [169/750] 2907832b-93cd-446b-8e2b-b7802afacd91: 60 datasets; 1.4 s; peak memory 410 MiB.
2026-10-03T06:55:20Z INFO [170/750] 2907b37f-6b94-499b-a4ac-c656b320887c: 117 datasets; 1.4 s; peak memory 410 MiB.
2026-10-03T06:55:33Z INFO [171/750] 290837f8-4160-4477-aa52-b1d766f6772d: 944 datasets; 13.2 s; peak memory 410 MiB.
2026-10-03T06:55:35Z INFO [172/750] 290924a2-0a83-41d7-874b-d47e306b9b58: 117 datasets; 1.6 s; peak memory 410 MiB.
2026-10-03T06:55:36Z INFO [173/750] 2909e0a9-e0fd-45ea-ae6a-fc4c167f8118: 71 datasets; 1.2 s; peak memory 410 MiB.
2026-10-03T06:55:38Z INFO [174/750] 290a1124-47ca-4893-be53-d20cca02fc6f: 71 datasets; 2.2 s; peak memory 410 MiB.
2026-10-03T06:55:39Z INFO [175/750] 290aacbf-3814-4804-93de-f368186e0a9e: 45 datasets; 1.0 s; peak memory 410 MiB.
2026-10-03T06:55:41Z INFO [176/750] 290abbbf-62f8-412d-8578-e8b0e4ba253e: 66 datasets; 1.7 s; peak memory 410 MiB.
2026-10-03T06:55:42Z INFO [177/750] 290b0666-4aea-4089-a3a1-69bed3822c06: 48 datasets; 1.2 s; peak memory 410 MiB.
2026-10-03T06:55:45Z INFO [178/750] 290b94be-85ac-4b26-9915-393f512629f8: 115 datasets; 2.8 s; peak memory 410 MiB.
2026-10-03T06:55:46Z INFO [179/750] 290bc366-5326-4439-833d-94c793672b7c: 84 datasets; 1.4 s; peak memory 410 MiB.
2026-10-03T06:55:48Z INFO [180/750] 290c00e5-1ea0-44d6-b293-1280435889df: 48 datasets; 1.2 s; peak memory 410 MiB.
2026-10-03T06:55:49Z INFO [181/750] 290c2b30-4a13-497d-a0eb-5a22231f94f7: 48 datasets; 1.2 s; peak memory 410 MiB.
2026-10-03T06:55:50Z INFO [182/750] 290c5cab-31fe-442b-84ec-8a0da1850e19: 45 datasets; 1.0 s; peak memory 410 MiB.
2026-10-03T06:56:30Z INFO [183/750] 290cda7a-2474-4459-8992-de2da0892657: 10322 datasets; 40.2 s; peak memory 410 MiB.
2026-10-03T06:56:46Z INFO [184/750] 290e98f1-091a-4991-a493-d0db75c52862: 38 datasets; 16.4 s; peak memory 410 MiB.
2026-10-03T06:56:48Z INFO [185/750] 290f0428-7653-4d1a-b9ec-fd5655bfaa32: 48 datasets; 1.3 s; peak memory 410 MiB.
2026-10-03T06:56:49Z INFO [186/750] 290fb003-3e43-4c43-a2f3-b821a7b545c0: 117 datasets; 1.6 s; peak memory 410 MiB.
2026-10-03T06:56:50Z INFO [187/750] 29107744-e59c-4665-b199-c09c3244a868: 48 datasets; 1.2 s; peak memory 410 MiB.
2026-10-03T06:56:52Z INFO [188/750] 29109408-081a-48ff-a845-5b1ad63bd5b4: 49 datasets; 1.4 s; peak memory 410 MiB.
2026-10-03T06:56:53Z INFO [189/750] 291108ef-d298-4472-bd47-61d4837687b2: 84 datasets; 1.5 s; peak memory 410 MiB.
2026-10-03T06:56:59Z INFO [190/750] 29112543-7d29-4324-9428-339ac3e8812d: 453 datasets; 5.3 s; peak memory 410 MiB.
2026-10-03T06:57:02Z INFO [191/750] 2911395f-d1fb-4b0d-80b2-d027bb2edac5: 116 datasets; 3.4 s; peak memory 410 MiB.
2026-10-03T06:57:04Z INFO [192/750] 2911bdf9-d2e1-47db-9058-6d3abace3334: 83 datasets; 1.7 s; peak memory 410 MiB.
2026-10-03T06:57:33Z INFO [193/750] 29121b89-bf50-4788-862f-5ae522cdd9a9: 1120 datasets; 29.8 s; peak memory 410 MiB.
2026-10-03T06:59:56Z INFO [194/750] 29133fb4-dcbc-4c30-88fe-a0e2fa463ce9: 16532 datasets; 142.7 s; peak memory 410 MiB.
2026-10-03T06:59:57Z INFO [195/750] 2913cce3-875c-48d1-a326-359c0dd6ac28: 48 datasets; 1.2 s; peak memory 410 MiB.
2026-10-03T07:00:08Z INFO [196/750] 2913dc3b-b930-4f84-b1bf-56b7baa76195: 725 datasets; 11.0 s; peak memory 410 MiB.
2026-10-03T07:00:10Z INFO [197/750] 2913f614-8a9a-4257-8fdf-20c39fc5b4a7: 48 datasets; 1.2 s; peak memory 410 MiB.
2026-10-03T07:00:12Z INFO [198/750] 29149d53-5944-4ba2-9b53-af58d50dccc7: 168 datasets; 2.9 s; peak memory 410 MiB.
2026-10-03T07:00:14Z INFO [199/750] 2915461d-1284-4c76-b7fd-f123d96ed498: 116 datasets; 1.6 s; peak memory 410 MiB.
2026-10-03T07:02:38Z INFO [200/750] 29155db9-b366-4e8f-ac06-5f1693d1d44c: 167 datasets; 143.7 s; peak memory 410 MiB.
2026-10-03T07:02:38Z INFO [200/750] 29155db9-b366-4e8f-ac06-5f1693d1d44c: checkpointed 66786 records.
2026-10-03T07:02:40Z INFO [201/750] 2915c38b-b60f-4107-836f-6598755de9c7: 66 datasets; 1.7 s; peak memory 410 MiB.
2026-10-03T07:02:41Z INFO [202/750] 29160be9-792a-43ee-871d-e876c7b2adb8: 38 datasets; 1.2 s; peak memory 410 MiB.
2026-10-03T07:02:42Z INFO [203/750] 2916c19d-0c89-4a00-ba11-06c4dbd2bfbc: 66 datasets; 1.7 s; peak memory 410 MiB.
2026-10-03T07:02:44Z INFO [204/750] 29172d2f-95cd-4cb8-8e68-892028bc41c5: 52 datasets; 1.4 s; peak memory 410 MiB.
2026-10-03T07:02:52Z INFO [205/750] 291770dc-933d-4c87-a483-79e6db9584d5: 208 datasets; 8.1 s; peak memory 410 MiB.
2026-10-03T07:02:54Z INFO [206/750] 29184192-3dd6-4774-b4e9-31601fb678ba: 289 datasets; 1.7 s; peak memory 410 MiB.
2026-10-03T07:02:57Z INFO [207/750] 2918a154-bfa6-49b6-a87f-340cca726b28: 118 datasets; 3.2 s; peak memory 410 MiB.
2026-10-03T07:03:14Z INFO [208/750] 291bc6f9-a6af-4660-bcd5-b7f8c111734b: 878 datasets; 17.3 s; peak memory 410 MiB.
2026-10-03T07:03:16Z INFO [209/750] 291c13f4-ce6e-46da-a2ba-5ac389fb5daf: 109 datasets; 1.6 s; peak memory 410 MiB.
2026-10-03T07:03:18Z INFO [210/750] 291c8f91-3f07-4606-abd1-dc8aa462a8cc: 69 datasets; 2.2 s; peak memory 410 MiB.
2026-10-03T07:03:20Z INFO [211/750] 291cb4be-8ca0-490d-95df-4a15cb63750a: 47 datasets; 1.9 s; peak memory 410 MiB.
2026-10-03T07:03:22Z INFO [212/750] 291df084-95ba-45a3-9351-69b4cebdfb37: 119 datasets; 2.1 s; peak memory 410 MiB.
2026-10-03T07:03:23Z INFO [213/750] 291e0dd5-ec43-4564-a90a-491b47ae7b2c: 46 datasets; 0.9 s; peak memory 410 MiB.
2026-10-03T07:03:28Z INFO [214/750] 291e2177-32fc-4c9c-bd84-7697cb59ad95: 438 datasets; 5.1 s; peak memory 410 MiB.
2026-10-03T07:03:29Z INFO [215/750] 291e5b0f-d813-42fc-bb28-ce5a42e2ec7e: 33 datasets; 1.0 s; peak memory 410 MiB.
2026-10-03T07:03:30Z INFO [216/750] 291eb8fd-7d5b-4881-b1a1-6cea243925bc: 48 datasets; 1.3 s; peak memory 410 MiB.
2026-10-03T07:03:32Z INFO [217/750] 291ecae4-d2be-46a7-b723-03fd392e9603: 112 datasets; 1.7 s; peak memory 410 MiB.
2026-10-03T07:03:33Z INFO [218/750] 291ef204-f399-4b46-be11-50d7ba46c5e6: 111 datasets; 1.4 s; peak memory 410 MiB.
2026-10-03T07:03:47Z INFO [219/750] 29214732-b96c-4882-ab27-ed1ec634c410: 944 datasets; 13.9 s; peak memory 410 MiB.
2026-10-03T07:03:49Z INFO [220/750] 29214d20-6cfc-49ac-9f17-1f73e5ded965: 112 datasets; 1.4 s; peak memory 410 MiB.
2026-10-03T07:03:50Z INFO [221/750] 29219cf9-4f8f-4a1b-a22e-648ecd53cf79: 117 datasets; 1.5 s; peak memory 410 MiB.
2026-10-03T07:03:52Z INFO [222/750] 2921de9e-b3cc-4b21-8e46-a851a98c27ed: 71 datasets; 2.3 s; peak memory 410 MiB.
2026-10-03T07:03:54Z INFO [223/750] 29222d50-30d9-48f7-b66a-6dbf6113a79d: 112 datasets; 1.8 s; peak memory 410 MiB.
2026-10-03T07:04:05Z INFO [224/750] 2922c348-c773-4d53-9dbf-40319740b383: 898 datasets; 10.6 s; peak memory 410 MiB.
2026-10-03T07:04:06Z INFO [225/750] 2923115d-4b35-4281-99b5-29528a873efb: 74 datasets; 1.1 s; peak memory 410 MiB.
2026-10-03T07:04:08Z INFO [226/750] 29233f28-a5cd-4183-998a-5ef24b368620: 112 datasets; 1.7 s; peak memory 410 MiB.
2026-10-03T07:04:09Z INFO [227/750] 2923ea38-d1f6-4658-9aba-6c5b76fcb0ed: 52 datasets; 1.6 s; peak memory 410 MiB.
2026-10-03T07:04:16Z INFO [228/750] 29240aed-280f-4d2c-a4f4-f411b8f50d87: 538 datasets; 7.3 s; peak memory 410 MiB.
2026-10-03T07:04:20Z INFO [229/750] 29241190-6749-4691-b198-a00ef4c9c3ba: 114 datasets; 3.1 s; peak memory 410 MiB.
2026-10-03T07:04:21Z INFO [230/750] 29242432-1b13-455f-8935-4aa6f97284fa: 48 datasets; 1.4 s; peak memory 410 MiB.
2026-10-03T07:04:23Z INFO [231/750] 2924378d-491a-4334-8291-f77eccff41ba: 112 datasets; 2.0 s; peak memory 410 MiB.
2026-10-03T07:04:25Z INFO [232/750] 29245d27-3263-4e75-9cf7-5508e37703d0: 112 datasets; 1.8 s; peak memory 410 MiB.
2026-10-03T07:04:26Z INFO [233/750] 2926732a-ac29-4b46-8cbf-b67c1cb22aba: 116 datasets; 1.3 s; peak memory 410 MiB.
2026-10-03T07:04:27Z INFO [234/750] 2927f4d0-fa60-49f6-be75-11ad271a2f9c: 47 datasets; 1.2 s; peak memory 410 MiB.
2026-10-03T07:04:28Z INFO [235/750] 2928070d-018a-4edf-a127-6c5af0b79e95: 42 datasets; 1.1 s; peak memory 410 MiB.
2026-10-03T07:04:30Z INFO [236/750] 29294aed-6583-4df8-8856-17d146df6d77: 70 datasets; 1.7 s; peak memory 410 MiB.
2026-10-03T07:04:46Z INFO [237/750] 2929e16c-c57a-4ed4-b30c-3bdcfd75af21: 447 datasets; 16.0 s; peak memory 410 MiB.
2026-10-03T07:04:47Z INFO [238/750] 292a8b35-378c-430c-996b-eecc71052ee6: 56 datasets; 1.0 s; peak memory 410 MiB.
2026-10-03T07:04:49Z INFO [239/750] 292addee-0cfb-4fbc-9d8f-193cba158b82: 66 datasets; 1.8 s; peak memory 410 MiB.
2026-10-03T07:04:51Z INFO [240/750] 292bbcdb-e06c-41d2-9e73-8b442e46318c: 71 datasets; 1.9 s; peak memory 410 MiB.
2026-10-03T07:04:54Z INFO [241/750] 292bc30f-c296-4004-90b3-629a8c5750a6: 150 datasets; 2.9 s; peak memory 410 MiB.
2026-10-03T07:04:55Z INFO [242/750] 292bfba4-fd1f-4b7f-bd02-d1328f5e2644: 112 datasets; 1.8 s; peak memory 410 MiB.
2026-10-03T07:04:58Z INFO [243/750] 292c09c0-08ce-4ac4-a8ec-f3002918d0df: 91 datasets; 2.6 s; peak memory 410 MiB.
2026-10-03T07:05:00Z INFO [244/750] 292d857e-523a-437e-82ac-73db35fc866f: 117 datasets; 1.6 s; peak memory 410 MiB.
2026-10-03T07:05:01Z INFO [245/750] 292d919d-fb5c-4956-a659-1c1d0df3500d: 66 datasets; 1.6 s; peak memory 410 MiB.
2026-10-03T07:05:02Z INFO [246/750] 292e0d15-c461-4d72-8896-5dabfb49171b: 48 datasets; 1.2 s; peak memory 410 MiB.
2026-10-03T07:05:04Z INFO [247/750] 2930400f-08e3-46b6-975f-ac99e9f3bc10: 48 datasets; 1.2 s; peak memory 410 MiB.
2026-10-03T07:05:05Z INFO [248/750] 2930db75-72a2-4342-9f18-1ffcd61cbf22: 52 datasets; 1.3 s; peak memory 410 MiB.
2026-10-03T07:05:15Z INFO [249/750] 29311f55-f296-4f8d-95fe-176eb4f921df: 106 datasets; 10.4 s; peak memory 410 MiB.
2026-10-03T07:05:17Z INFO [250/750] 29313983-233d-4cfb-91f8-a6e0789f2b90: 117 datasets; 1.4 s; peak memory 410 MiB.
2026-10-03T07:05:17Z INFO [250/750] 29313983-233d-4cfb-91f8-a6e0789f2b90: checkpointed 66836 records.
2026-10-03T07:05:18Z INFO [251/750] 29313f76-cdcc-4c17-8a2f-73433b54c721: 79 datasets; 1.6 s; peak memory 410 MiB.
2026-10-03T07:05:19Z INFO [252/750] 2931c830-a0a6-4f35-b1c7-6234069d0625: 37 datasets; 0.9 s; peak memory 410 MiB.
2026-10-03T07:05:22Z INFO [253/750] 293369aa-b1c0-4176-9292-46ac0e7a268b: 115 datasets; 3.0 s; peak memory 410 MiB.
2026-10-03T07:05:24Z INFO [254/750] 2933cb29-ae92-4f8a-8db6-d434b2402521: 48 datasets; 1.2 s; peak memory 410 MiB.
2026-10-03T07:05:25Z INFO [255/750] 2933ed6f-9a26-4188-bb15-5a165baba943: 117 datasets; 1.5 s; peak memory 410 MiB.
2026-10-03T07:05:26Z INFO [256/750] 2933f448-8a29-49e4-becf-4b3f48ac6aac: 48 datasets; 1.1 s; peak memory 410 MiB.
2026-10-03T07:05:27Z INFO [257/750] 2934385d-e369-4996-864a-0165078cd36e: 46 datasets; 0.9 s; peak memory 410 MiB.
2026-10-03T07:05:29Z INFO [258/750] 29347644-8896-4a30-a2c2-57908bf18938: 71 datasets; 1.8 s; peak memory 410 MiB.
2026-10-03T07:05:48Z INFO [259/750] 2934d2ac-0190-49b5-9d87-911735b1f2fd: 828 datasets; 18.9 s; peak memory 410 MiB.
2026-10-03T07:05:49Z INFO [260/750] 293619bd-18e4-4d62-9da8-26ffc7c5c4c4: 48 datasets; 1.2 s; peak memory 410 MiB.
2026-10-03T07:05:51Z INFO [261/750] 29367902-53e4-4494-8f6f-d3cf165980fc: 66 datasets; 1.8 s; peak memory 410 MiB.
2026-10-03T07:05:52Z INFO [262/750] 29367ac3-4194-47ab-84b3-5b50edc7c99a: 116 datasets; 1.5 s; peak memory 410 MiB.
2026-10-03T07:05:55Z INFO [263/750] 2936eb28-7165-4ff1-98de-d36630c1f4cf: 38 datasets; 2.8 s; peak memory 410 MiB.
2026-10-03T07:05:57Z INFO [264/750] 2936fde1-2934-4f1a-81ec-1fb4b453fb74: 110 datasets; 1.7 s; peak memory 410 MiB.
2026-10-03T07:05:58Z INFO [265/750] 293771f8-22ee-4c06-8793-57b33a1628a3: 39 datasets; 1.4 s; peak memory 410 MiB.
2026-10-03T07:06:01Z INFO [266/750] 29377969-1b24-4f8b-b1fc-e89a33c39c08: 165 datasets; 2.7 s; peak memory 410 MiB.
2026-10-03T07:06:02Z INFO [267/750] 2937bd44-225a-41b5-ad4a-59aa28c7c00d: 48 datasets; 1.2 s; peak memory 410 MiB.
2026-10-03T07:06:04Z INFO [268/750] 2937d256-78a1-404b-ba96-d7abc07d98d7: 66 datasets; 1.8 s; peak memory 410 MiB.
2026-10-03T07:06:05Z INFO [269/750] 2937dd2e-2694-400a-ab33-1a911b8db7d0: 112 datasets; 1.6 s; peak memory 410 MiB.
2026-10-03T07:06:07Z INFO [270/750] 2937e299-bb8b-4d74-bf5b-ca75c9db85f1: 112 datasets; 1.7 s; peak memory 410 MiB.
2026-10-03T07:06:09Z INFO [271/750] 2938c7fb-0dd1-4b54-9dbc-0a9beb2c6b64: 77 datasets; 1.5 s; peak memory 410 MiB.
2026-10-03T07:06:15Z INFO [272/750] 2938ef14-44f1-4f00-a1b4-e3fa0f65b39a: 196 datasets; 6.7 s; peak memory 410 MiB.
2026-10-03T07:06:18Z INFO [273/750] 293b7857-2d57-487f-ac52-2a3b3599cf92: 94 datasets; 2.9 s; peak memory 410 MiB.
2026-10-03T07:06:20Z INFO [274/750] 293e0ead-4a4a-402f-8963-b13166d2bd8f: 112 datasets; 1.7 s; peak memory 410 MiB.
2026-10-03T07:06:33Z INFO [275/750] 293f707f-4e6a-4fbc-8be3-d07ec2c09bcb: 721 datasets; 13.3 s; peak memory 410 MiB.
2026-10-03T07:06:35Z INFO [276/750] 293f940c-3b62-4a10-8f67-3115b4cc8b27: 48 datasets; 1.4 s; peak memory 410 MiB.
2026-10-03T07:06:58Z INFO [277/750] 29404e2d-e0b4-4563-8238-4abe2a35d4ce: 898 datasets; 23.6 s; peak memory 410 MiB.
2026-10-03T07:07:00Z INFO [278/750] 29407b85-f1ef-4424-ae9f-15cac986637a: 117 datasets; 1.7 s; peak memory 410 MiB.
2026-10-03T07:07:01Z INFO [279/750] 2940e1b9-f2b0-4d4b-ab8c-106bef0c66cc: 116 datasets; 1.5 s; peak memory 410 MiB.
2026-10-03T07:07:03Z INFO [280/750] 29414312-a5e5-44b3-8d32-95239fd4f33c: 37 datasets; 1.1 s; peak memory 410 MiB.
2026-10-03T07:07:04Z INFO [281/750] 2942b40c-d4cb-41c3-ac94-ee8427f7c9c3: 65 datasets; 1.4 s; peak memory 410 MiB.
2026-10-03T07:07:06Z INFO [282/750] 294631cb-1429-4176-ae1f-b5553aa17839: 64 datasets; 1.9 s; peak memory 410 MiB.
2026-10-03T07:07:07Z INFO [283/750] 2946e203-d0cb-449f-b0b3-450698668e3b: 52 datasets; 1.3 s; peak memory 410 MiB.
2026-10-03T07:07:22Z INFO [284/750] 29471a62-00de-4d23-846a-2b8ea84b5d40: 1073 datasets; 14.5 s; peak memory 410 MiB.
2026-10-03T07:07:24Z INFO [285/750] 29472798-ead7-437e-bb45-04f0c8b212d5: 70 datasets; 1.9 s; peak memory 410 MiB.
2026-10-03T07:07:26Z INFO [286/750] 2947564d-11c4-4d18-948c-77159057748e: 119 datasets; 2.3 s; peak memory 410 MiB.
2026-10-03T07:07:27Z INFO [287/750] 2947c173-4ab7-4e4d-885a-286ec65b2c95: 72 datasets; 1.4 s; peak memory 410 MiB.
2026-10-03T07:07:29Z INFO [288/750] 2948acbd-e670-484b-8459-fe9d9e7af8aa: 116 datasets; 1.6 s; peak memory 410 MiB.
2026-10-03T07:07:30Z INFO [289/750] 2948ce86-67b8-4ccc-a0bf-fcd56d1f3c0e: 46 datasets; 1.0 s; peak memory 410 MiB.
2026-10-03T07:07:31Z INFO [290/750] 294908e6-1769-401a-85bb-16e25e71bdb5: 117 datasets; 1.4 s; peak memory 410 MiB.
2026-10-03T07:07:39Z INFO [291/750] 294942d8-3377-432d-aed5-1e5b8ed445dc: 538 datasets; 7.6 s; peak memory 410 MiB.
2026-10-03T07:07:41Z INFO [292/750] 2949c4d9-a498-4c4e-8341-9bab7d27c0f1: 69 datasets; 1.6 s; peak memory 410 MiB.
2026-10-03T07:07:55Z INFO [293/750] 2949cf50-9660-493e-a42d-c024ddc27be2: 699 datasets; 13.9 s; peak memory 410 MiB.
2026-10-03T07:07:57Z INFO [294/750] 294a5ee5-e9d4-46a1-a282-a11d111c0506: 38 datasets; 2.6 s; peak memory 410 MiB.
2026-10-03T07:07:59Z INFO [295/750] 294aa09b-f42f-4f0c-a334-dc56e8137e53: 60 datasets; 1.6 s; peak memory 410 MiB.
2026-10-03T07:08:00Z INFO [296/750] 294ac581-50f5-4cb7-8762-0e746fd0b429: 48 datasets; 1.2 s; peak memory 410 MiB.
2026-10-03T07:08:01Z INFO [297/750] 294af4bf-1112-4ab8-a931-686ff6a04040: 45 datasets; 1.0 s; peak memory 410 MiB.
2026-10-03T07:08:03Z INFO [298/750] 294b31ec-2c58-4ea0-9ca4-d680e141b0a8: 66 datasets; 1.7 s; peak memory 410 MiB.
2026-10-03T07:08:07Z INFO [299/750] 294b796f-b635-4cbe-aa9b-9c91380055a5: 276 datasets; 4.5 s; peak memory 410 MiB.
2026-10-03T07:08:08Z INFO [300/750] 294bc8eb-95c6-4bb2-af95-cbe49b53503d: 48 datasets; 1.2 s; peak memory 410 MiB.
2026-10-03T07:08:08Z INFO [300/750] 294bc8eb-95c6-4bb2-af95-cbe49b53503d: checkpointed 66886 records.
2026-10-03T07:08:10Z INFO [301/750] 294d73dc-9f64-4636-b700-a515e0413b8f: 69 datasets; 1.6 s; peak memory 410 MiB.
2026-10-03T07:08:11Z INFO [302/750] 294dec5c-e8f8-4ff6-8bcf-f95e05dbcb3a: 46 datasets; 1.1 s; peak memory 410 MiB.
2026-10-03T07:21:34Z INFO [303/750] 294ee382-dac1-4777-a7ce-19ab47b226a5: 99 datasets; 802.6 s; peak memory 1139 MiB.
2026-10-03T07:21:35Z INFO [304/750] 294f5edc-63a8-425f-a816-73619bb2044a: 117 datasets; 1.4 s; peak memory 1139 MiB.
2026-10-03T07:21:41Z INFO [305/750] 29504498-8a92-4810-b1f8-8fb719b375fc: 229 datasets; 6.1 s; peak memory 1139 MiB.
2026-10-03T07:21:43Z INFO [306/750] 2950cfde-24d1-4c26-a6c0-816d217bd53d: 48 datasets; 1.3 s; peak memory 1139 MiB.
2026-10-03T07:21:44Z INFO [307/750] 29514965-d884-4460-8b23-1f4e638c7c47: 63 datasets; 1.1 s; peak memory 1139 MiB.
2026-10-03T07:21:45Z INFO [308/750] 29517bf7-0996-45c8-9413-17b161f831d3: 49 datasets; 0.9 s; peak memory 1139 MiB.
2026-10-03T07:21:46Z INFO [309/750] 2952d408-af76-410d-8525-8ff3a1b9f8fa: 117 datasets; 1.4 s; peak memory 1139 MiB.
2026-10-03T07:22:42Z INFO [310/750] 29535088-0aa9-440e-9c9a-e13fa1328947: 52 datasets; 56.2 s; peak memory 1139 MiB.
2026-10-03T07:22:44Z INFO [311/750] 2955d85a-bf9d-4f34-a83e-e294c843edab: 48 datasets; 1.3 s; peak memory 1139 MiB.
2026-10-03T07:22:45Z INFO [312/750] 29568271-bb53-4af3-b949-102a384fdd57: 77 datasets; 1.4 s; peak memory 1139 MiB.
2026-10-03T07:22:46Z INFO [313/750] 2958f032-4333-42b8-9b71-18fe3ea9eea2: 48 datasets; 1.2 s; peak memory 1139 MiB.
2026-10-03T07:22:48Z INFO [314/750] 295a6b75-8138-4cbb-b2dc-f529b8571ec3: 84 datasets; 1.4 s; peak memory 1139 MiB.
2026-10-03T07:22:49Z INFO [315/750] 295a9d5d-1fb5-409f-a093-d1ad874c8d48: 48 datasets; 1.3 s; peak memory 1139 MiB.
2026-10-03T07:22:50Z INFO [316/750] 295b1699-ae80-44c3-91fb-e601ec20d3b6: 112 datasets; 1.6 s; peak memory 1139 MiB.
2026-10-03T07:22:51Z INFO [317/750] 295b2341-1612-4bfa-868a-5a9dd4d7c4c1: 46 datasets; 0.9 s; peak memory 1139 MiB.
2026-10-03T07:22:53Z INFO [318/750] 295bfa77-103b-4faa-9e5a-8a7a4f08be65: 48 datasets; 1.2 s; peak memory 1139 MiB.
2026-10-03T07:22:57Z INFO [319/750] 295c26d8-7062-4eb0-8d06-95df9182baa8: 242 datasets; 4.8 s; peak memory 1139 MiB.
2026-10-03T07:22:59Z INFO [320/750] 295c2c83-38b6-4b1e-a777-897ca9d41c69: 48 datasets; 1.3 s; peak memory 1139 MiB.
2026-10-03T07:23:02Z INFO [321/750] 295c8f53-a871-4fe0-8506-72d46f59aaa9: 92 datasets; 3.7 s; peak memory 1139 MiB.
2026-10-03T07:23:04Z INFO [322/750] 295da2eb-566e-4958-9064-d22330cc77f4: 112 datasets; 1.5 s; peak memory 1139 MiB.
2026-10-03T07:23:06Z INFO [323/750] 295e1ca7-ee7c-4909-9b9b-edb254fa0882: 45 datasets; 1.7 s; peak memory 1139 MiB.
2026-10-03T07:23:07Z INFO [324/750] 295e253d-570c-4d14-aed3-e40be288ed30: 118 datasets; 1.6 s; peak memory 1139 MiB.
2026-10-03T07:23:14Z INFO [325/750] 295efdd8-a9f2-4b86-a7c7-078ae8422dd0: 529 datasets; 7.0 s; peak memory 1139 MiB.
2026-10-03T07:23:15Z INFO [326/750] 295f2225-c428-4375-a621-be166a3823e4: 55 datasets; 1.1 s; peak memory 1139 MiB.
2026-10-03T07:23:16Z INFO [327/750] 295f36db-6ce6-4470-9d0f-fe96d5a314b2: 58 datasets; 0.9 s; peak memory 1139 MiB.
2026-10-03T07:23:17Z INFO [328/750] 295f4c31-4bc6-4cee-bf88-ef8c82203865: 46 datasets; 1.0 s; peak memory 1139 MiB.
2026-10-03T07:23:19Z INFO [329/750] 295fe110-477f-49d8-8b0e-9d1e94086ac3: 68 datasets; 1.4 s; peak memory 1139 MiB.
2026-10-03T07:23:20Z INFO [330/750] 2960665d-fe20-4c42-b659-b11bcc31f48b: 48 datasets; 1.4 s; peak memory 1139 MiB.
2026-10-03T07:23:22Z INFO [331/750] 2960f0f0-2533-4098-9cc2-2c13832913c8: 71 datasets; 2.4 s; peak memory 1139 MiB.
2026-10-03T07:23:24Z INFO [332/750] 29613f59-6200-4101-b0ad-2e97b7f4bc23: 48 datasets; 1.3 s; peak memory 1139 MiB.
2026-10-03T07:23:25Z INFO [333/750] 29623ac3-3d5d-4d8b-a912-e48b82e983be: 116 datasets; 1.4 s; peak memory 1139 MiB.
2026-10-03T07:23:26Z INFO [334/750] 296274fa-336b-464b-8e98-586f65b9ce48: 48 datasets; 1.3 s; peak memory 1139 MiB.
2026-10-03T07:23:29Z INFO [335/750] 29634cfc-10ff-46bb-97b9-b4a24e75de78: 66 datasets; 2.5 s; peak memory 1139 MiB.
2026-10-03T07:23:30Z INFO [336/750] 2963986f-d697-4be5-bd31-39328e431dc1: 39 datasets; 1.2 s; peak memory 1139 MiB.
2026-10-03T07:23:31Z INFO [337/750] 2963ed8a-da8f-4679-91f7-5bb347535382: 48 datasets; 1.3 s; peak memory 1139 MiB.
2026-10-03T07:23:39Z INFO [338/750] 29648331-8fb7-4be6-a322-67cae38db1d0: 264 datasets; 7.1 s; peak memory 1139 MiB.
2026-10-03T07:23:42Z INFO [339/750] 2964917e-d4f9-475c-8820-dc5a53faf150: 116 datasets; 2.9 s; peak memory 1139 MiB.
2026-10-03T07:23:46Z INFO [340/750] 2964ccbe-e5a9-4206-8755-91186249d222: 346 datasets; 4.4 s; peak memory 1139 MiB.
2026-10-03T07:23:48Z INFO [341/750] 29664925-3928-4702-b059-3121db95f9a6: 70 datasets; 1.7 s; peak memory 1139 MiB.
2026-10-03T07:23:49Z INFO [342/750] 2966a6ab-cef4-44a5-a677-49ac5a343efa: 289 datasets; 1.7 s; peak memory 1139 MiB.
2026-10-03T07:23:51Z INFO [343/750] 2967294d-7935-48f0-a054-914b651a53cd: 48 datasets; 1.3 s; peak memory 1139 MiB.
2026-10-03T07:23:52Z INFO [344/750] 296744db-f60e-44e3-a43f-5c62bce4cdce: 117 datasets; 1.3 s; peak memory 1139 MiB.
2026-10-03T07:23:53Z INFO [345/750] 29679f3d-5067-49f9-b68c-5cfdb03b9ce6: 110 datasets; 1.5 s; peak memory 1139 MiB.
2026-10-03T07:23:56Z INFO [346/750] 29688e5c-0f24-4bfc-9f86-13aef1a24155: 64 datasets; 2.2 s; peak memory 1139 MiB.
2026-10-03T07:23:58Z INFO [347/750] 29695a19-b714-45d4-9ef7-61cb41f81ff1: 168 datasets; 2.8 s; peak memory 1139 MiB.
2026-10-03T07:24:00Z INFO [348/750] 29697236-e153-4ceb-8ab5-03cf349fedda: 118 datasets; 1.4 s; peak memory 1139 MiB.
2026-10-03T07:24:01Z INFO [349/750] 29699a68-683e-4fa5-8a97-a827d75960a2: 50 datasets; 1.0 s; peak memory 1139 MiB.
2026-10-03T07:24:07Z INFO [350/750] 2969ba9b-c6bc-4092-bb8e-44957bb68bb4: 194 datasets; 6.6 s; peak memory 1139 MiB.
2026-10-03T07:24:08Z INFO [350/750] 2969ba9b-c6bc-4092-bb8e-44957bb68bb4: checkpointed 66936 records.
2026-10-03T07:24:09Z INFO [351/750] 2969c039-e993-4419-808f-3dd8960204be: 59 datasets; 1.1 s; peak memory 1139 MiB.
2026-10-03T07:24:10Z INFO [352/750] 2969d47c-71b3-43f7-9e04-e2874cc9775d: 66 datasets; 1.8 s; peak memory 1139 MiB.
2026-10-03T07:24:20Z INFO [353/750] 296b4c33-3780-4be9-84ad-9c16158de4bd: 11477 datasets; 9.3 s; peak memory 1139 MiB.
2026-10-03T07:24:22Z INFO [354/750] 296c482f-df0b-4115-8d7c-9da9a76a67e8: 71 datasets; 1.9 s; peak memory 1139 MiB.
2026-10-03T07:24:23Z INFO [355/750] 296cdf02-22ad-4ccb-b203-2a0cc02b79a9: 71 datasets; 1.7 s; peak memory 1139 MiB.
2026-10-03T07:24:25Z INFO [356/750] 296d3c2b-93a6-461d-9415-e5dade7c8b5a: 46 datasets; 1.3 s; peak memory 1139 MiB.
2026-10-03T07:24:37Z INFO [357/750] 296f6d21-41b2-4bea-8769-7d3746ccec86: 44 datasets; 11.9 s; peak memory 1139 MiB.
2026-10-03T07:24:38Z INFO [358/750] 296fd766-097b-466e-b2a7-7c1dcad1eb4b: 56 datasets; 1.0 s; peak memory 1139 MiB.
2026-10-03T07:24:39Z INFO [359/750] 296fdeac-2e40-4f08-8173-28cf8c6b402c: 46 datasets; 1.2 s; peak memory 1139 MiB.
2026-10-03T07:24:41Z INFO [360/750] 29706924-82f1-4367-b87e-0975d629b99c: 112 datasets; 2.2 s; peak memory 1139 MiB.
2026-10-03T07:24:42Z INFO [361/750] 297075ca-eca4-4894-9b5b-1775968be7c5: 170 datasets; 1.5 s; peak memory 1139 MiB.
2026-10-03T07:24:44Z INFO [362/750] 2970b200-ece9-4f59-b1e3-d8bfefb036b5: 48 datasets; 1.4 s; peak memory 1139 MiB.
2026-10-03T07:24:53Z INFO [363/750] 2970ed10-87bf-4ca9-80e6-fd36e8900b9f: 11477 datasets; 9.7 s; peak memory 1139 MiB.
2026-10-03T07:24:55Z INFO [364/750] 29726399-d4ba-49ef-a4fd-4899753a13aa: 48 datasets; 1.2 s; peak memory 1139 MiB.
2026-10-03T07:24:56Z INFO [365/750] 29736194-e85d-4706-96b9-0ae5d2bc7066: 48 datasets; 1.2 s; peak memory 1139 MiB.
2026-10-03T07:24:59Z INFO [366/750] 297373cf-4914-4d69-9095-a692077f4db4: 156 datasets; 3.3 s; peak memory 1139 MiB.
2026-10-03T07:25:01Z INFO [367/750] 2973bc68-24d6-4df3-b6bb-aa6b8191de7d: 69 datasets; 1.6 s; peak memory 1139 MiB.
2026-10-03T07:25:22Z INFO [368/750] 297403d7-77dd-46c7-9ae3-37a6c6219cf5: 48 datasets; 20.7 s; peak memory 1139 MiB.
2026-10-03T07:25:23Z INFO [369/750] 2974f4e5-225c-4df5-908a-fde2c693fd02: 117 datasets; 1.3 s; peak memory 1139 MiB.
2026-10-03T07:25:24Z INFO [370/750] 297557c8-f329-4c99-81bb-e3513015fa71: 33 datasets; 0.8 s; peak memory 1139 MiB.
2026-10-03T07:25:25Z INFO [371/750] 2975640d-80e5-4f94-9a9b-1587dc56659d: 48 datasets; 1.2 s; peak memory 1139 MiB.
2026-10-03T07:27:36Z INFO [372/750] 29768b14-dc14-41a4-aaf3-2c0c1d5207ec: 167 datasets; 130.9 s; peak memory 1139 MiB.
2026-10-03T07:27:44Z INFO [373/750] 29769925-ad8a-4f8a-b8de-bb8acbc225a5: 358 datasets; 8.1 s; peak memory 1139 MiB.
2026-10-03T07:27:45Z INFO [374/750] 2976aaa4-559c-4fc0-bc8a-314cb911b115: 84 datasets; 1.1 s; peak memory 1139 MiB.
2026-10-03T07:27:51Z INFO [375/750] 29771c3d-ab74-43e3-8f1c-d6877f7916a0: 49 datasets; 6.5 s; peak memory 1139 MiB.
2026-10-03T07:27:53Z INFO [376/750] 29776a11-fc16-41c2-8fd0-99558b228a04: 117 datasets; 1.3 s; peak memory 1139 MiB.
2026-10-03T07:27:55Z INFO [377/750] 297905e6-a2f3-4091-b1d5-c0fa69a91884: 66 datasets; 1.9 s; peak memory 1139 MiB.
2026-10-03T07:27:56Z INFO [378/750] 29791f0f-d010-4f80-a613-0b351827c4df: 112 datasets; 1.1 s; peak memory 1139 MiB.
2026-10-03T07:27:57Z INFO [379/750] 29793109-dd6b-4dc6-8f64-4607f617aaa1: 48 datasets; 1.2 s; peak memory 1139 MiB.
2026-10-03T07:27:58Z INFO [380/750] 297ae618-c2f8-4f07-a6ce-9bfd60373c86: 117 datasets; 1.4 s; peak memory 1139 MiB.
2026-10-03T07:28:00Z INFO [381/750] 297b149b-92eb-4f57-a91f-5ab0d9915295: 117 datasets; 1.5 s; peak memory 1139 MiB.
2026-10-03T07:28:01Z INFO [382/750] 297b591f-5d0b-4168-930c-57f64f4786c0: 48 datasets; 1.2 s; peak memory 1139 MiB.
2026-10-03T07:28:02Z INFO [383/750] 297b6ab4-9b88-45ce-a000-6e2a08604365: 50 datasets; 1.1 s; peak memory 1139 MiB.
2026-10-03T07:28:10Z INFO [384/750] 297b9269-b7ec-44fe-9c4f-5e2eef7c5170: 642 datasets; 7.4 s; peak memory 1139 MiB.
2026-10-03T07:28:11Z INFO [385/750] 297c481f-a108-4e3f-8300-38316470e288: 44 datasets; 1.0 s; peak memory 1139 MiB.
2026-10-03T07:28:12Z INFO [386/750] 297e282a-05f6-4e40-a537-34a648ee21c5: 68 datasets; 1.3 s; peak memory 1139 MiB.
2026-10-03T07:28:13Z INFO [387/750] 297f1e1c-e2e2-44ce-bc17-52fcb5712b02: 116 datasets; 1.4 s; peak memory 1139 MiB.
2026-10-03T07:28:16Z INFO [388/750] 297f3ed1-9d4f-40a1-bbed-127496f15660: 115 datasets; 2.8 s; peak memory 1139 MiB.
2026-10-03T07:28:18Z INFO [389/750] 297fb14a-252f-4942-9e84-f9ee7c1c9d51: 117 datasets; 1.5 s; peak memory 1139 MiB.
2026-10-03T07:28:21Z INFO [390/750] 29803841-6191-479d-9037-7164bd556ae5: 156 datasets; 3.2 s; peak memory 1139 MiB.
2026-10-03T07:28:22Z INFO [391/750] 29815f60-9964-43eb-9683-10c0a44013c6: 48 datasets; 1.2 s; peak memory 1139 MiB.
2026-10-03T07:28:25Z INFO [392/750] 29826e20-f314-494e-8d12-d2cae27d7f9a: 186 datasets; 2.9 s; peak memory 1139 MiB.
2026-10-03T07:30:36Z INFO [393/750] 2982a295-3bee-4da9-b2ae-b931d80a0212: 167 datasets; 131.5 s; peak memory 1139 MiB.
2026-10-03T07:30:38Z INFO [394/750] 2983a763-4fe6-45d6-93a7-05b23980ea95: 50 datasets; 1.1 s; peak memory 1139 MiB.
2026-10-03T07:30:39Z INFO [395/750] 2983a7c6-ebc2-4f66-aac3-c59c17542c2a: 48 datasets; 1.2 s; peak memory 1139 MiB.
2026-10-03T07:30:40Z INFO [396/750] 2983fe75-5e3a-4e0d-ba0d-eaecf1266d12: 117 datasets; 1.4 s; peak memory 1139 MiB.
2026-10-03T07:30:41Z INFO [397/750] 29841cb2-b771-4a06-87dd-2265cb1247e2: 50 datasets; 1.1 s; peak memory 1139 MiB.
2026-10-03T07:30:56Z INFO [398/750] 29847b85-6f50-411e-b02f-eb0e25819696: 331 datasets; 14.7 s; peak memory 1139 MiB.
2026-10-03T07:30:57Z INFO [399/750] 298535fa-0e8e-4732-8f85-c883aa01d9d1: 44 datasets; 1.3 s; peak memory 1139 MiB.
2026-10-03T07:30:59Z INFO [400/750] 2985a56d-175d-4f57-8220-b3843e141bb4: 48 datasets; 1.3 s; peak memory 1139 MiB.
2026-10-03T07:30:59Z INFO [400/750] 2985a56d-175d-4f57-8220-b3843e141bb4: checkpointed 66986 records.
2026-10-03T07:31:00Z INFO [401/750] 29862c23-8ca0-44b7-a50f-4143f7f2560e: 48 datasets; 1.1 s; peak memory 1139 MiB.
2026-10-03T07:31:01Z INFO [402/750] 298636ce-8515-4a78-a915-3558f8cfe474: 112 datasets; 1.6 s; peak memory 1139 MiB.
2026-10-03T07:31:03Z INFO [403/750] 2986a197-50af-4cee-af4d-261667b1efe3: 64 datasets; 1.2 s; peak memory 1139 MiB.
2026-10-03T07:31:04Z INFO [404/750] 29871052-7d76-403a-9a72-5cbbebf26ffa: 116 datasets; 1.4 s; peak memory 1139 MiB.
2026-10-03T07:31:21Z INFO [405/750] 29872ff5-0eed-45a1-8288-ef71c8a2e9c7: 38 datasets; 16.6 s; peak memory 1139 MiB.
2026-10-03T07:31:22Z INFO [406/750] 2988a3c8-afa3-44ce-93b7-bb3c9f3f1737: 84 datasets; 1.6 s; peak memory 1139 MiB.
2026-10-03T07:31:25Z INFO [407/750] 2989785c-cd1f-4720-854f-c54a8a789b40: 71 datasets; 2.3 s; peak memory 1139 MiB.
2026-10-03T07:31:26Z INFO [408/750] 2989ceff-bca2-4d19-9b57-9377b335841c: 33 datasets; 0.9 s; peak memory 1139 MiB.
2026-10-03T07:31:27Z INFO [409/750] 2989d089-f492-4b4f-bb3c-79ffc7b2e254: 48 datasets; 1.2 s; peak memory 1139 MiB.
2026-10-03T07:31:28Z INFO [410/750] 2989f697-e808-49b2-b236-9ce25203f495: 48 datasets; 1.3 s; peak memory 1139 MiB.
2026-10-03T07:31:29Z INFO [411/750] 2989f774-2933-48cd-a5b3-33bcae6e0a69: 48 datasets; 1.2 s; peak memory 1139 MiB.
2026-10-03T07:31:31Z INFO [412/750] 298aa6aa-68e2-499c-ab85-ad2d7dfa93d9: 116 datasets; 1.3 s; peak memory 1139 MiB.
2026-10-03T07:31:32Z INFO [413/750] 298aa8c4-a017-4b77-ba9b-5c7dff6ba77b: 110 datasets; 1.6 s; peak memory 1139 MiB.
2026-10-03T07:31:34Z INFO [414/750] 298ab406-ba97-4b26-b727-544eb9b93191: 118 datasets; 1.5 s; peak memory 1139 MiB.
2026-10-03T07:31:37Z INFO [415/750] 298ac6c0-86bf-403e-b652-1d8d2226486b: 172 datasets; 3.1 s; peak memory 1139 MiB.
2026-10-03T07:32:26Z INFO [416/750] 298ac8fc-81c1-4f0d-b3f3-b2f75d7c9398: 55 datasets; 49.3 s; peak memory 1139 MiB.
2026-10-03T07:32:28Z INFO [417/750] 298bf7e0-4ec3-4c55-99ea-8dcff33c6b42: 152 datasets; 1.8 s; peak memory 1139 MiB.
2026-10-03T07:32:31Z INFO [418/750] 298d6330-ae33-4185-913a-51d9ea7386b5: 38 datasets; 2.6 s; peak memory 1139 MiB.
2026-10-03T07:32:32Z INFO [419/750] 298e7120-b80c-4571-b432-e8d1c19db854: 48 datasets; 1.7 s; peak memory 1139 MiB.
2026-10-03T07:32:33Z INFO [420/750] 298ec80f-0e61-4c03-8e41-17237dd80194: 119 datasets; 1.1 s; peak memory 1139 MiB.
2026-10-03T07:32:35Z INFO [421/750] 298ef173-084f-4291-aea4-4ded8e2f4788: 112 datasets; 1.6 s; peak memory 1139 MiB.
2026-10-03T07:32:47Z INFO [422/750] 298f0725-bfb5-4ddf-b4a8-fb42e12a8ea4: 273 datasets; 12.1 s; peak memory 1139 MiB.
2026-10-03T07:32:48Z INFO [423/750] 298f1773-092c-44ed-aea0-d2cd1b58d11b: 48 datasets; 1.2 s; peak memory 1139 MiB.
2026-10-03T07:32:50Z INFO [424/750] 298f92ac-fc6c-4343-9298-25f6da51b172: 117 datasets; 1.6 s; peak memory 1139 MiB.
2026-10-03T07:32:52Z INFO [425/750] 298f9da1-8e78-45c1-8355-d7f99ec4adeb: 112 datasets; 1.7 s; peak memory 1139 MiB.
2026-10-03T07:32:54Z INFO [426/750] 298fa075-98e9-4a47-aa99-477038de6352: 118 datasets; 2.7 s; peak memory 1139 MiB.
2026-10-03T07:32:56Z INFO [427/750] 298fde3d-2a9a-4ade-90aa-682e5c63069e: 48 datasets; 1.3 s; peak memory 1139 MiB.
2026-10-03T07:32:58Z INFO [428/750] 2990afaa-1849-4bf9-87af-d4c7d6f83ac9: 152 datasets; 2.2 s; peak memory 1139 MiB.
2026-10-03T07:32:59Z INFO [429/750] 2991f21f-2491-47f9-82f3-28f9dbeb20c8: 117 datasets; 1.3 s; peak memory 1139 MiB.
2026-10-03T07:33:01Z INFO [430/750] 2991fd92-52b0-4024-bb62-0b2180140209: 112 datasets; 1.8 s; peak memory 1139 MiB.
2026-10-03T07:33:02Z INFO [431/750] 2992a030-1254-4fb4-af68-26c58b657d62: 48 datasets; 1.2 s; peak memory 1139 MiB.
2026-10-03T07:33:03Z INFO [432/750] 29932427-1e32-4726-8abe-520ea9ef068d: 48 datasets; 1.2 s; peak memory 1139 MiB.
2026-10-03T07:33:11Z INFO [433/750] 29932659-bc65-45e2-86b9-6e67649710ce: 257 datasets; 7.3 s; peak memory 1139 MiB.
2026-10-03T07:33:12Z INFO [434/750] 29936768-4b03-4bf4-b1c9-d88d855fdbae: 117 datasets; 1.5 s; peak memory 1139 MiB.
2026-10-03T07:33:13Z INFO [435/750] 29949beb-741b-49d6-b6f6-ada044b9363c: 112 datasets; 1.2 s; peak memory 1139 MiB.
2026-10-03T07:33:15Z INFO [436/750] 299565ab-c9ba-4f77-a8fa-54d4f7ee5ffc: 116 datasets; 1.4 s; peak memory 1139 MiB.
2026-10-03T07:35:36Z INFO [437/750] 29964c1f-ec9d-4e54-aad3-a97270abef85: 254 datasets; 141.5 s; peak memory 1139 MiB.
2026-10-03T07:35:38Z INFO [438/750] 29967eca-7eb2-4035-a8a7-0c7d3d878c0d: 83 datasets; 1.5 s; peak memory 1139 MiB.
2026-10-03T07:35:39Z INFO [439/750] 299682d2-ee43-4b72-818c-492f81d6990d: 52 datasets; 1.3 s; peak memory 1139 MiB.
2026-10-03T07:35:40Z INFO [440/750] 299694bb-bb74-4923-ae0c-b1552fbc7764: 39 datasets; 1.3 s; peak memory 1139 MiB.
2026-10-03T07:35:42Z INFO [441/750] 29970467-a788-4f71-8fb3-831a7483f994: 52 datasets; 1.3 s; peak memory 1139 MiB.
2026-10-03T07:38:06Z INFO [442/750] 2997b568-8d02-4862-8e88-5da0689ca4e9: 261 datasets; 144.1 s; peak memory 1139 MiB.
2026-10-03T07:38:07Z INFO [443/750] 2997c7ee-34a3-484c-88cb-fa5d5ee4e1b1: 48 datasets; 1.2 s; peak memory 1139 MiB.
2026-10-03T07:38:08Z INFO [444/750] 2997dc7a-9e39-4e94-9292-3a7a404ec105: 48 datasets; 1.2 s; peak memory 1139 MiB.
2026-10-03T07:38:11Z INFO [445/750] 2997ea13-2c50-4490-8158-5ca9eb6dfd76: 125 datasets; 2.9 s; peak memory 1139 MiB.
2026-10-03T07:38:12Z INFO [446/750] 29981a1a-4a26-4d5a-9022-fd9303009420: 50 datasets; 1.0 s; peak memory 1139 MiB.
2026-10-03T07:38:13Z INFO [447/750] 299823fd-39b2-46da-96f9-6d605aa72dab: 48 datasets; 1.2 s; peak memory 1139 MiB.
2026-10-03T07:38:15Z INFO [448/750] 29983c2d-8f1d-4df8-9e89-3bfdb5413007: 48 datasets; 1.2 s; peak memory 1139 MiB.
2026-10-03T07:38:17Z INFO [449/750] 299850fe-bd54-4d25-8d4b-8325dc796a93: 71 datasets; 2.6 s; peak memory 1139 MiB.
2026-10-03T07:38:20Z INFO [450/750] 29988413-320e-439c-bc90-f65d7722e159: 99 datasets; 3.0 s; peak memory 1139 MiB.
2026-10-03T07:38:20Z INFO [450/750] 29988413-320e-439c-bc90-f65d7722e159: checkpointed 67036 records.
2026-10-03T07:38:22Z INFO [451/750] 29994feb-543e-486b-aac8-c17bd4432c8b: 112 datasets; 1.7 s; peak memory 1139 MiB.
2026-10-03T07:38:23Z INFO [452/750] 29998427-8c4e-497c-8ca4-309ae893747e: 48 datasets; 1.2 s; peak memory 1139 MiB.
2026-10-03T07:38:25Z INFO [453/750] 2999c732-bf3f-41c8-b75d-35f60017fea6: 112 datasets; 1.8 s; peak memory 1139 MiB.
2026-10-03T07:38:26Z INFO [454/750] 299b72c2-97bd-42fd-aede-7b6a308fbc5c: 51 datasets; 0.9 s; peak memory 1139 MiB.
2026-10-03T07:38:28Z INFO [455/750] 299c196c-374a-4374-853c-1f210ed69b75: 72 datasets; 1.4 s; peak memory 1139 MiB.
2026-10-03T07:38:29Z INFO [456/750] 299c1fd3-074b-42a3-8f6a-e3c9002ee926: 117 datasets; 1.4 s; peak memory 1139 MiB.
2026-10-03T07:38:30Z INFO [457/750] 299c3400-3b6c-4533-81c4-e6bccdfe3d78: 48 datasets; 1.3 s; peak memory 1139 MiB.
2026-10-03T07:38:32Z INFO [458/750] 299c3f4e-703c-4d37-b4ae-f68032adce88: 71 datasets; 1.9 s; peak memory 1139 MiB.
2026-10-03T07:38:33Z INFO [459/750] 299c8942-1459-4fd3-98ca-b0baab7b503c: 46 datasets; 1.2 s; peak memory 1139 MiB.
2026-10-03T07:38:35Z INFO [460/750] 299ca7cd-ab25-4c7f-bb20-e654c4e94535: 48 datasets; 1.2 s; peak memory 1139 MiB.
2026-10-03T07:38:36Z INFO [461/750] 299cab8d-64b6-48ff-a66a-a4f0a03cf2db: 118 datasets; 1.5 s; peak memory 1139 MiB.
2026-10-03T07:38:38Z INFO [462/750] 299ebe46-ea39-4fa0-893f-e39ca14e8008: 112 datasets; 1.7 s; peak memory 1139 MiB.
2026-10-03T07:38:39Z INFO [463/750] 299eeb9b-4a16-4aa5-9ff7-67d364d7adc2: 48 datasets; 1.2 s; peak memory 1139 MiB.
2026-10-03T07:38:40Z INFO [464/750] 299f2109-b369-4d1f-9f3c-3cb5da44539b: 60 datasets; 1.5 s; peak memory 1139 MiB.
2026-10-03T07:38:42Z INFO [465/750] 29a02cd5-f24e-425c-8784-93f14f5663f4: 131 datasets; 1.6 s; peak memory 1139 MiB.
2026-10-03T07:38:45Z INFO [466/750] 29a03b71-8835-4a4c-a3bb-9f63c65b53ef: 138 datasets; 3.1 s; peak memory 1139 MiB.
2026-10-03T07:38:47Z INFO [467/750] 29a08d41-e9bb-433b-9edd-e2bcd8d7827e: 57 datasets; 2.2 s; peak memory 1139 MiB.
2026-10-03T07:38:49Z INFO [468/750] 29a21d0c-c44b-40a9-ba51-c192c775fff0: 117 datasets; 1.7 s; peak memory 1139 MiB.
2026-10-03T07:38:51Z INFO [469/750] 29a2625e-f97c-431a-a32e-d7e284acf1a3: 93 datasets; 1.9 s; peak memory 1139 MiB.
2026-10-03T07:38:52Z INFO [470/750] 29a28bf8-0820-4335-aa43-3f70db276788: 92 datasets; 1.5 s; peak memory 1139 MiB.
2026-10-03T07:38:54Z INFO [471/750] 29a38dd4-5bd7-4916-99ec-24e72d2a5f71: 48 datasets; 1.1 s; peak memory 1139 MiB.
2026-10-03T07:38:55Z INFO [472/750] 29a3ae0f-a165-4566-a7b5-076477eb975d: 77 datasets; 1.1 s; peak memory 1139 MiB.
2026-10-03T07:38:57Z INFO [473/750] 29a4b2f3-23bd-457b-baad-67ebe92e159f: 118 datasets; 2.4 s; peak memory 1139 MiB.
2026-10-03T07:39:24Z INFO [474/750] 29a55d66-73e4-4ef1-a6ea-65faa9aee973: 5172 datasets; 26.9 s; peak memory 1139 MiB.
2026-10-03T07:39:25Z INFO [475/750] 29a5a558-4c17-4b51-b3d5-464ab26f50e3: 48 datasets; 1.2 s; peak memory 1139 MiB.
2026-10-03T07:39:26Z INFO [476/750] 29a5b8b2-9294-4fa7-9917-ce58bbac032e: 48 datasets; 1.3 s; peak memory 1139 MiB.
2026-10-03T07:39:28Z INFO [477/750] 29a7156a-9fbc-42f7-9682-4828459b7cf0: 117 datasets; 1.7 s; peak memory 1139 MiB.
2026-10-03T07:39:29Z INFO [478/750] 29a72371-e330-43c8-becf-af215b9f1ff6: 117 datasets; 1.4 s; peak memory 1139 MiB.
2026-10-03T07:39:30Z INFO [479/750] 29a75b20-7b66-4995-80eb-d3de1b5acc10: 46 datasets; 1.0 s; peak memory 1139 MiB.
2026-10-03T07:39:32Z INFO [480/750] 29a90d39-7d79-468c-9cc1-59143b7a6a98: 112 datasets; 1.9 s; peak memory 1139 MiB.
2026-10-03T07:39:34Z INFO [481/750] 29a92b9c-545f-4aeb-a3e3-6b0f7b0d9866: 51 datasets; 1.3 s; peak memory 1139 MiB.
2026-10-03T07:39:35Z INFO [482/750] 29a9d396-762a-420b-87f2-465f4e44c331: 48 datasets; 1.2 s; peak memory 1139 MiB.
2026-10-03T07:39:38Z INFO [483/750] 29a9f469-814f-4ff2-b8fd-f970614bacbc: 119 datasets; 2.8 s; peak memory 1139 MiB.
2026-10-03T07:39:39Z INFO [484/750] 29aa2180-882a-4414-98c6-804602f5f3ca: 42 datasets; 1.3 s; peak memory 1139 MiB.
2026-10-03T07:39:40Z INFO [485/750] 29ab0c57-d22f-4deb-a6de-1ead0e511711: 116 datasets; 1.4 s; peak memory 1139 MiB.
2026-10-03T07:39:52Z INFO [486/750] 29ab33b6-632b-43d1-b465-168a075fb33b: 97 datasets; 11.9 s; peak memory 1139 MiB.
2026-10-03T07:39:54Z INFO [487/750] 29ab86ef-fe17-4a7d-b9b7-c52b4a4174c7: 48 datasets; 1.3 s; peak memory 1139 MiB.
2026-10-03T07:39:55Z INFO [488/750] 29aba277-6cea-49dd-aa12-0a0b95051c82: 48 datasets; 1.3 s; peak memory 1139 MiB.
2026-10-03T07:39:58Z INFO [489/750] 29abaf20-03f8-4f26-b9b8-ebe177ba5974: 116 datasets; 2.9 s; peak memory 1139 MiB.
2026-10-03T07:40:03Z INFO [490/750] 29abd1fa-6e10-4812-a793-0e1160484d46: 352 datasets; 4.8 s; peak memory 1139 MiB.
2026-10-03T07:40:04Z INFO [491/750] 29af1865-e971-46c2-b7a5-98847c4f0121: 112 datasets; 1.8 s; peak memory 1139 MiB.
2026-10-03T07:40:06Z INFO [492/750] 29af9584-72d6-44bc-bcd5-af5459309ddf: 48 datasets; 1.2 s; peak memory 1139 MiB.
2026-10-03T07:40:07Z INFO [493/750] 29afd617-82ee-4c0e-9791-d874d40494e6: 52 datasets; 1.4 s; peak memory 1139 MiB.
2026-10-03T07:40:22Z INFO [494/750] 29afeb3c-8567-497f-b45b-20845612a751: 856 datasets; 14.7 s; peak memory 1139 MiB.
2026-10-03T07:40:23Z INFO [495/750] 29b012ce-9e4d-4f90-ba53-6caa949cf4d2: 38 datasets; 1.0 s; peak memory 1139 MiB.
2026-10-03T07:40:30Z INFO [496/750] 29b03978-92d5-4c8a-9f35-ff76da468e35: 538 datasets; 7.3 s; peak memory 1139 MiB.
2026-10-03T07:40:32Z INFO [497/750] 29b198d0-abdb-4db3-b802-57532229ef61: 46 datasets; 1.4 s; peak memory 1139 MiB.
2026-10-03T07:40:33Z INFO [498/750] 29b271ec-a239-4357-9ec4-f3b21d830e9a: 48 datasets; 1.4 s; peak memory 1139 MiB.
2026-10-03T07:40:39Z INFO [499/750] 29b27da6-9615-4ede-a1cc-12ebace2cc6c: 229 datasets; 5.8 s; peak memory 1139 MiB.
2026-10-03T07:40:40Z INFO [500/750] 29b3a4c6-3683-4d43-94ad-0fa701a45781: 48 datasets; 1.3 s; peak memory 1139 MiB.
2026-10-03T07:40:40Z INFO [500/750] 29b3a4c6-3683-4d43-94ad-0fa701a45781: checkpointed 67086 records.
2026-10-03T07:40:47Z INFO [501/750] 29b50531-12c6-471f-b490-618953a5abdb: 229 datasets; 6.7 s; peak memory 1139 MiB.
2026-10-03T07:40:48Z INFO [502/750] 29b63fd4-4c8c-4dcc-a874-6a5787f764d2: 48 datasets; 1.3 s; peak memory 1139 MiB.
2026-10-03T07:40:51Z INFO [503/750] 29b80bac-d875-42db-b613-8ba2cd265eef: 126 datasets; 2.6 s; peak memory 1139 MiB.
2026-10-03T07:40:52Z INFO [504/750] 29b8b488-8cf3-4502-a5aa-8339872e9673: 48 datasets; 1.2 s; peak memory 1139 MiB.
2026-10-03T07:40:53Z INFO [505/750] 29b92dfa-d214-463a-8648-46939f9ead9f: 48 datasets; 1.2 s; peak memory 1139 MiB.
2026-10-03T07:40:54Z INFO [506/750] 29b9812d-538c-46e6-a22d-07f9339a85ca: 50 datasets; 1.3 s; peak memory 1139 MiB.
2026-10-03T07:40:56Z INFO [507/750] 29b9a7d5-62f8-42a4-9c01-f3650db66d39: 48 datasets; 1.2 s; peak memory 1139 MiB.
2026-10-03T07:40:57Z INFO [508/750] 29b9ff6f-1252-4d42-917d-faf59521175f: 48 datasets; 1.3 s; peak memory 1139 MiB.
2026-10-03T07:40:58Z INFO [509/750] 29baaf5b-c651-4433-ab10-f046047e0324: 48 datasets; 1.2 s; peak memory 1139 MiB.
2026-10-03T07:40:59Z INFO [510/750] 29bbae2e-2728-4c1c-adb3-57bc2a011b87: 38 datasets; 1.1 s; peak memory 1139 MiB.
2026-10-03T07:41:21Z INFO [511/750] 29bbe57f-6819-4597-b81e-1e60bedcb83f: 48 datasets; 21.9 s; peak memory 1139 MiB.
2026-10-03T07:41:22Z INFO [512/750] 29bc55ab-e7a6-46ab-af68-3792a809b2a4: 48 datasets; 1.3 s; peak memory 1139 MiB.
2026-10-03T07:41:27Z INFO [513/750] 29bc5cfc-6168-4e68-95a4-cf93cb786795: 84 datasets; 4.2 s; peak memory 1139 MiB.
2026-10-03T07:41:28Z INFO [514/750] 29bc9014-2ba2-4895-90fc-973edafb4e22: 38 datasets; 1.2 s; peak memory 1139 MiB.
2026-10-03T07:41:29Z INFO [515/750] 29bd5b5e-f044-49f6-91d8-3f6f20ece886: 116 datasets; 1.5 s; peak memory 1139 MiB.
2026-10-03T07:41:31Z INFO [516/750] 29bd774a-eb0f-4c4c-9565-ecf4e75b61ca: 48 datasets; 1.3 s; peak memory 1139 MiB.
2026-10-03T07:41:32Z INFO [517/750] 29bd8f32-105b-47a9-a4bc-fb462e2cd29b: 42 datasets; 1.4 s; peak memory 1139 MiB.
2026-10-03T07:41:34Z INFO [518/750] 29bdbd79-19b6-4b46-902c-a9513ca3ad86: 110 datasets; 2.2 s; peak memory 1139 MiB.
2026-10-03T07:41:36Z INFO [519/750] 29bddf45-6cc6-4123-976d-a0b111e99657: 117 datasets; 1.4 s; peak memory 1139 MiB.
2026-10-03T07:41:39Z INFO [520/750] 29bea3b1-64f4-452a-9ddf-b8a9b27e820c: 138 datasets; 3.1 s; peak memory 1139 MiB.
2026-10-03T07:41:40Z INFO [521/750] 29beae2b-57a7-44c4-9365-e2629c56eb4a: 118 datasets; 1.3 s; peak memory 1139 MiB.
2026-10-03T07:41:41Z INFO [522/750] 29c03067-38c0-4d89-876c-d450681f5e3f: 48 datasets; 1.2 s; peak memory 1139 MiB.
2026-10-03T07:41:43Z INFO [523/750] 29c053fd-3071-44ee-ab5b-d6f9192908b4: 117 datasets; 1.4 s; peak memory 1139 MiB.
2026-10-03T07:41:44Z INFO [524/750] 29c0b53a-03a2-42f6-9da3-d00d43fa877c: 112 datasets; 1.5 s; peak memory 1139 MiB.
2026-10-03T07:41:48Z INFO [525/750] 29c161e4-65c4-4319-820e-550b4430df8f: 153 datasets; 3.6 s; peak memory 1139 MiB.
2026-10-03T07:41:54Z INFO [526/750] 29c199ae-b57d-4c4f-bbb7-d7f185046b72: 92 datasets; 5.8 s; peak memory 1139 MiB.
2026-10-03T07:41:56Z INFO [527/750] 29c2148e-139c-4070-bade-24fb34957125: 118 datasets; 2.6 s; peak memory 1139 MiB.
2026-10-03T07:41:57Z INFO [528/750] 29c28e7d-4681-4635-9dbd-fb7ced807a88: 48 datasets; 1.2 s; peak memory 1139 MiB.
2026-10-03T07:41:59Z INFO [529/750] 29c3213e-86e6-43e5-a98d-dcc821e7cffa: 48 datasets; 1.3 s; peak memory 1139 MiB.
2026-10-03T07:42:01Z INFO [530/750] 29c50edf-3036-462f-9e70-576192dc75ce: 38 datasets; 2.6 s; peak memory 1139 MiB.
2026-10-03T07:42:03Z INFO [531/750] 29c539be-8736-4e8c-9f52-37b65c52814f: 48 datasets; 1.2 s; peak memory 1139 MiB.
2026-10-03T07:42:05Z INFO [532/750] 29c5767f-cdca-4ea9-95cc-49b4ff193a1c: 112 datasets; 2.1 s; peak memory 1139 MiB.
2026-10-03T07:42:06Z INFO [533/750] 29c6208e-e8cb-4a07-9868-b0a587e49899: 48 datasets; 1.5 s; peak memory 1139 MiB.
2026-10-03T07:42:11Z INFO [534/750] 29c7e4ed-47f3-48e4-a80a-f46c40fba154: 59 datasets; 5.2 s; peak memory 1139 MiB.
2026-10-03T07:42:17Z INFO [535/750] 29c99127-6843-48e3-87e1-89953af5333a: 225 datasets; 6.1 s; peak memory 1139 MiB.
2026-10-03T07:42:32Z INFO [536/750] 29cab1ec-224e-44f5-b486-1b12c762230c: 955 datasets; 14.6 s; peak memory 1139 MiB.
2026-10-03T07:42:34Z INFO [537/750] 29cb1f33-25ff-4dd2-8a79-7006fe658937: 112 datasets; 2.2 s; peak memory 1139 MiB.
2026-10-03T07:42:35Z INFO [538/750] 29cb625b-c84c-40af-ad05-e0d4526c3138: 50 datasets; 1.1 s; peak memory 1139 MiB.
2026-10-03T07:42:45Z INFO [539/750] 29cb676f-6061-4ea5-a38e-c15a9cd82cf7: 694 datasets; 9.6 s; peak memory 1139 MiB.
2026-10-03T07:42:56Z INFO [540/750] 29cb754b-a55e-4113-b8ba-fecccd13bc84: 371 datasets; 11.3 s; peak memory 1139 MiB.
2026-10-03T07:42:58Z INFO [541/750] 29cbdcb0-be6d-4fe0-9dcb-d0d4c9741014: 117 datasets; 1.3 s; peak memory 1139 MiB.
2026-10-03T07:42:59Z INFO [542/750] 29cca50a-9aee-4c2c-84ef-8bb72b430f58: 48 datasets; 1.2 s; peak memory 1139 MiB.
2026-10-03T07:43:00Z INFO [543/750] 29cdf0bf-e792-4508-b111-f6dc56e57b51: 112 datasets; 1.5 s; peak memory 1139 MiB.
2026-10-03T07:43:07Z INFO [544/750] 29ce2b56-c2ee-4ffd-883f-791036213cf0: 194 datasets; 6.7 s; peak memory 1139 MiB.
2026-10-03T07:43:09Z INFO [545/750] 29cf241d-d189-43c2-9b85-922e99146bf8: 112 datasets; 2.2 s; peak memory 1139 MiB.
2026-10-03T07:43:10Z INFO [546/750] 29cf6d22-a29a-4407-9563-0491b16c9083: 59 datasets; 1.3 s; peak memory 1139 MiB.
2026-10-03T07:43:12Z INFO [547/750] 29cf7975-cf21-4f7e-935a-c9fb8fd96dae: 289 datasets; 1.8 s; peak memory 1139 MiB.
2026-10-03T07:43:14Z INFO [548/750] 29d0344a-a73b-4e86-862c-b04de22fe4ff: 69 datasets; 1.4 s; peak memory 1139 MiB.
2026-10-03T07:43:15Z INFO [549/750] 29d08998-5676-4bd1-aa90-2a26cf5c4177: 116 datasets; 1.4 s; peak memory 1139 MiB.
2026-10-03T07:43:17Z INFO [550/750] 29d0e428-71ee-427b-b5b6-3b6228726501: 112 datasets; 1.7 s; peak memory 1139 MiB.
2026-10-03T07:43:17Z INFO [550/750] 29d0e428-71ee-427b-b5b6-3b6228726501: checkpointed 67136 records.
2026-10-03T07:43:18Z INFO [551/750] 29d1b213-a156-4ebc-a0a2-2f4041d1c772: 46 datasets; 1.0 s; peak memory 1139 MiB.
2026-10-03T07:43:19Z INFO [552/750] 29d20f2b-0279-46df-8b1a-1042a9c05440: 118 datasets; 1.4 s; peak memory 1139 MiB.
2026-10-03T07:43:25Z INFO [553/750] 29d237e3-7635-486c-93fe-95d702e73664: 473 datasets; 6.2 s; peak memory 1139 MiB.
2026-10-03T07:43:27Z INFO [554/750] 29d23f65-4d0e-465a-b244-d0e21ed42ed0: 66 datasets; 1.6 s; peak memory 1139 MiB.
2026-10-03T07:43:29Z INFO [555/750] 29d2a367-5df4-4830-ab88-7847ce97946b: 118 datasets; 1.6 s; peak memory 1139 MiB.
2026-10-03T07:43:30Z INFO [556/750] 29d3267e-1a0b-4e8d-954a-15598a067ba5: 48 datasets; 1.3 s; peak memory 1139 MiB.
2026-10-03T07:43:31Z INFO [557/750] 29d34e39-aa92-47cc-8625-5f165f9822b0: 72 datasets; 1.4 s; peak memory 1139 MiB.
2026-10-03T07:43:33Z INFO [558/750] 29d3b8cf-e554-4ec5-897e-9ebb6bea419f: 112 datasets; 1.4 s; peak memory 1139 MiB.
2026-10-03T07:43:34Z INFO [559/750] 29d44178-6c98-4589-b7f5-627c669e4e4e: 46 datasets; 1.0 s; peak memory 1139 MiB.
2026-10-03T07:43:36Z INFO [560/750] 29d4d225-27e6-4576-90a7-efc3a4d20f7c: 112 datasets; 2.0 s; peak memory 1139 MiB.
2026-10-03T07:43:39Z INFO [561/750] 29d4d72f-b732-4003-9dfc-d0440dc56925: 150 datasets; 3.5 s; peak memory 1139 MiB.
2026-10-03T07:43:41Z INFO [562/750] 29d52ebf-08d4-421e-81a2-6226f967a986: 83 datasets; 1.6 s; peak memory 1139 MiB.
2026-10-03T07:43:50Z INFO [563/750] 29d5390e-328e-426b-860c-1a3b4afe4a25: 893 datasets; 8.9 s; peak memory 1139 MiB.
2026-10-03T07:43:52Z INFO [564/750] 29d63848-9e10-43f4-8bc7-0e0b1e94b02f: 119 datasets; 2.6 s; peak memory 1139 MiB.
2026-10-03T07:48:05Z INFO [565/750] 29d63dfb-3639-4267-b0c4-5ea95a0376c9: 417 datasets; 253.0 s; peak memory 1139 MiB.
2026-10-03T07:48:07Z INFO [566/750] 29d6aacb-a1f2-412c-a9be-e1b6664b2924: 48 datasets; 1.3 s; peak memory 1139 MiB.
2026-10-03T07:48:09Z INFO [567/750] 29d6fc2e-b27e-4b54-80ff-d5721503d9d9: 66 datasets; 1.9 s; peak memory 1139 MiB.
2026-10-03T07:48:10Z INFO [568/750] 29d735a2-8d51-4b48-b459-88c2733f9ad8: 41 datasets; 1.2 s; peak memory 1139 MiB.
2026-10-03T07:48:12Z INFO [569/750] 29d81652-8f39-45ed-aca1-db881285371f: 117 datasets; 2.4 s; peak memory 1139 MiB.
2026-10-03T07:48:13Z INFO [570/750] 29d8584a-2998-467c-ad0e-4727d4abc5e3: 46 datasets; 1.0 s; peak memory 1139 MiB.
2026-10-03T07:48:14Z INFO [571/750] 29d8b5ce-5af3-48b7-9594-fc661eca21d6: 50 datasets; 1.0 s; peak memory 1139 MiB.
2026-10-03T07:48:16Z INFO [572/750] 29d90a77-d212-4f54-9ebb-62a8956b3f49: 48 datasets; 1.3 s; peak memory 1139 MiB.
2026-10-03T07:48:17Z INFO [573/750] 29d998a8-4876-4946-8dd6-84393b1d6955: 52 datasets; 1.4 s; peak memory 1139 MiB.
2026-10-03T07:48:19Z INFO [574/750] 29da10a3-c659-4535-a811-017a09665ddd: 101 datasets; 2.0 s; peak memory 1139 MiB.
2026-10-03T07:48:20Z INFO [575/750] 29db72ae-3df6-4712-bd55-b0f55d159807: 48 datasets; 1.2 s; peak memory 1139 MiB.
2026-10-03T07:48:21Z INFO [576/750] 29dbf7b0-d001-4447-9a10-29527593bda7: 46 datasets; 1.4 s; peak memory 1139 MiB.
2026-10-03T07:48:23Z INFO [577/750] 29dc9b37-e9c9-493c-abbb-b9b4117c2256: 48 datasets; 1.3 s; peak memory 1139 MiB.
2026-10-03T07:48:24Z INFO [578/750] 29dd35b2-c424-4384-b194-59913ee8f949: 112 datasets; 1.6 s; peak memory 1139 MiB.
2026-10-03T07:48:31Z INFO [579/750] 29dd95b5-e3c6-47f6-a74f-a0e6a545dd8d: 141 datasets; 6.2 s; peak memory 1139 MiB.
2026-10-03T07:48:32Z INFO [580/750] 29ddd57e-26ea-47f0-bdc9-656bed966414: 82 datasets; 1.5 s; peak memory 1139 MiB.
2026-10-03T07:48:33Z INFO [581/750] 29ddfac7-7b3a-4286-b12e-773a0f2857dd: 45 datasets; 0.9 s; peak memory 1139 MiB.
2026-10-03T07:48:34Z INFO [582/750] 29de6856-8db7-4047-a80b-f81d86b35afc: 85 datasets; 1.5 s; peak memory 1139 MiB.
2026-10-03T07:48:36Z INFO [583/750] 29de6aac-27fd-4d6f-aec9-ae022ae723d6: 117 datasets; 1.4 s; peak memory 1139 MiB.
2026-10-03T07:48:37Z INFO [584/750] 29deb8fb-30bd-4c1b-a052-5f8c50b7ddd3: 48 datasets; 1.4 s; peak memory 1139 MiB.
2026-10-03T07:48:58Z INFO [585/750] 29df173a-d6de-4cb0-bf7c-483ca14a762a: 986 datasets; 20.6 s; peak memory 1139 MiB.
2026-10-03T07:49:00Z INFO [586/750] 29df70b4-c4a5-48ee-9f61-7f13305e7e1c: 53 datasets; 2.2 s; peak memory 1139 MiB.
2026-10-03T07:49:19Z INFO [587/750] 29df8255-d131-4d8e-8f60-231daa052817: 1300 datasets; 18.8 s; peak memory 1139 MiB.
2026-10-03T07:49:20Z INFO [588/750] 29e01b31-886e-452b-af5d-f3e8df31ed74: 48 datasets; 1.4 s; peak memory 1139 MiB.
2026-10-03T07:49:33Z INFO [589/750] 29e0f696-23bc-483d-992d-5e1c2742595a: 106 datasets; 12.8 s; peak memory 1139 MiB.
2026-10-03T07:49:34Z INFO [590/750] 29e1a82d-14a0-4f4b-9804-1bb47871cf52: 48 datasets; 1.2 s; peak memory 1139 MiB.
2026-10-03T07:49:36Z INFO [591/750] 29e2065b-b2d3-4e15-a44d-d8d475be8bcf: 39 datasets; 1.3 s; peak memory 1139 MiB.
2026-10-03T07:49:37Z INFO [592/750] 29e27a8a-62b7-4e34-aa1c-ec00e1a74cb2: 45 datasets; 1.0 s; peak memory 1139 MiB.
2026-10-03T07:49:40Z INFO [593/750] 29e27fdc-deca-43bd-8869-4d9dfbbea5af: 156 datasets; 3.5 s; peak memory 1139 MiB.
2026-10-03T07:49:42Z INFO [594/750] 29e2f337-9670-4ace-b526-300b010a915d: 51 datasets; 1.7 s; peak memory 1139 MiB.
2026-10-03T07:49:43Z INFO [595/750] 29e39b48-23c5-4c5d-9d0c-93853e51cde9: 50 datasets; 1.1 s; peak memory 1139 MiB.
2026-10-03T07:49:50Z INFO [596/750] 29e3c89b-5461-4d15-bd86-fa7041836999: 193 datasets; 7.0 s; peak memory 1139 MiB.
2026-10-03T07:50:45Z INFO [597/750] 29e3e208-30d4-44d3-a23a-7a3f0b7fe03b: 55 datasets; 54.9 s; peak memory 1139 MiB.
2026-10-03T07:50:46Z INFO [598/750] 29e4da8e-be11-48fc-a4b6-f551476de524: 117 datasets; 1.6 s; peak memory 1139 MiB.
2026-10-03T07:50:47Z INFO [599/750] 29e5dd79-e8f9-4dd6-b754-69fe30e9d3e5: 46 datasets; 1.0 s; peak memory 1139 MiB.
2026-10-03T07:50:49Z INFO [600/750] 29e60657-9db0-4496-80f6-e4a540e42649: 71 datasets; 1.9 s; peak memory 1139 MiB.
2026-10-03T07:50:49Z INFO [600/750] 29e60657-9db0-4496-80f6-e4a540e42649: checkpointed 67186 records.
2026-10-03T07:50:51Z INFO [601/750] 29e6abb6-dba0-40f4-bea9-e348d668161c: 112 datasets; 1.6 s; peak memory 1139 MiB.
2026-10-03T07:50:59Z INFO [602/750] 29e70091-06d4-4add-8918-8b409a0a5347: 729 datasets; 7.7 s; peak memory 1139 MiB.
2026-10-03T07:51:08Z INFO [603/750] 29e71a32-fbbf-4386-8836-ab0f44aed9dc: 339 datasets; 9.7 s; peak memory 1139 MiB.
2026-10-03T07:51:09Z INFO [604/750] 29e71ab0-83bb-4ec0-9b99-2757384f72ad: 50 datasets; 1.0 s; peak memory 1139 MiB.
2026-10-03T07:51:11Z INFO [605/750] 29e7cccc-e772-4ba8-9582-5ae677891b61: 116 datasets; 1.4 s; peak memory 1139 MiB.
2026-10-03T07:51:18Z INFO [606/750] 29e96487-6ab9-44e7-850c-b2c35164a701: 537 datasets; 7.0 s; peak memory 1139 MiB.
2026-10-03T07:51:19Z INFO [607/750] 29e9b24e-8cb4-448b-8ce6-a420dccd09e7: 118 datasets; 1.5 s; peak memory 1139 MiB.
2026-10-03T07:51:21Z INFO [608/750] 29e9da52-c19c-492f-8ab2-d8cc655fe583: 107 datasets; 1.8 s; peak memory 1139 MiB.
2026-10-03T07:51:29Z INFO [609/750] 29e9e7a8-3083-4a78-a976-914f35b82f51: 3259 datasets; 8.1 s; peak memory 1139 MiB.
2026-10-03T07:51:30Z INFO [610/750] 29ea58dc-48a1-4301-bf14-bf2df716c252: 72 datasets; 1.3 s; peak memory 1139 MiB.
2026-10-03T07:51:32Z INFO [611/750] 29ea86f1-9513-4ad5-b056-8ac228683ce9: 101 datasets; 1.9 s; peak memory 1139 MiB.
2026-10-03T07:51:34Z INFO [612/750] 29eb36f7-5de2-4416-b542-352623be3ce0: 113 datasets; 1.6 s; peak memory 1139 MiB.
2026-10-03T07:51:35Z INFO [613/750] 29eb4533-920b-4631-8ab4-dbf50387a4ff: 117 datasets; 1.4 s; peak memory 1139 MiB.
2026-10-03T07:51:37Z INFO [614/750] 29ebce61-6319-451f-854c-6c70b0174ef0: 70 datasets; 1.2 s; peak memory 1139 MiB.
2026-10-03T07:51:47Z INFO [615/750] 29ec71fa-0a37-426b-a9c0-f433444ebcb6: 336 datasets; 10.3 s; peak memory 1139 MiB.
2026-10-03T07:51:49Z INFO [616/750] 29ecf1db-fde0-45c7-9ae9-b14868f640f6: 119 datasets; 2.6 s; peak memory 1139 MiB.
2026-10-03T07:51:51Z INFO [617/750] 29eee3c4-68c3-4f28-a0e6-250b33d6d6fd: 77 datasets; 2.0 s; peak memory 1139 MiB.
2026-10-03T07:51:52Z INFO [618/750] 29ef3fc3-6c93-4d6c-89c4-02fe145b3307: 48 datasets; 1.2 s; peak memory 1139 MiB.
2026-10-03T07:51:58Z INFO [619/750] 29ef5fc4-c8e5-44c3-a6ea-9f168b4e653c: 229 datasets; 5.5 s; peak memory 1139 MiB.
2026-10-03T07:52:00Z INFO [620/750] 29f17a15-2737-496b-a727-6ffd00ef7e16: 112 datasets; 1.8 s; peak memory 1139 MiB.
2026-10-03T07:52:01Z INFO [621/750] 29f1c4d2-b780-4f11-b75b-86cfb0e477ca: 56 datasets; 1.0 s; peak memory 1139 MiB.
2026-10-03T07:52:02Z INFO [622/750] 29f2c6ba-a9c3-4c5f-90d8-d07a8c080e44: 57 datasets; 0.9 s; peak memory 1139 MiB.
2026-10-03T07:52:04Z INFO [623/750] 29f2df1f-05ce-46bc-83b4-59d63cf13bb9: 115 datasets; 2.7 s; peak memory 1139 MiB.
2026-10-03T07:52:06Z INFO [624/750] 29f316b0-0498-4243-ba59-def88bc4d14f: 118 datasets; 1.4 s; peak memory 1139 MiB.
2026-10-03T07:52:08Z INFO [625/750] 29f35256-5e80-458d-a4da-9ca542906c36: 71 datasets; 2.0 s; peak memory 1139 MiB.
2026-10-03T07:52:11Z INFO [626/750] 29f3a507-13d1-4254-9d50-e992438903a1: 98 datasets; 3.4 s; peak memory 1139 MiB.
2026-10-03T07:52:12Z INFO [627/750] 29f3bf0b-52c0-4445-b315-f4789563fe1e: 48 datasets; 1.2 s; peak memory 1139 MiB.
2026-10-03T07:52:14Z INFO [628/750] 29f4e1bd-27f4-428e-83d0-f3944ab26627: 48 datasets; 1.2 s; peak memory 1139 MiB.
2026-10-03T07:52:15Z INFO [629/750] 29f5cf11-72dc-4a09-ac63-bcf36b8db204: 66 datasets; 1.8 s; peak memory 1139 MiB.
2026-10-03T07:52:25Z INFO [630/750] 29f6218b-07fa-46b9-8b08-a4e8ac788a22: 399 datasets; 9.6 s; peak memory 1139 MiB.
2026-10-03T07:52:27Z INFO [631/750] 29f68d0a-4705-41c0-aac3-a9a934d1378a: 71 datasets; 2.1 s; peak memory 1139 MiB.
2026-10-03T07:52:29Z INFO [632/750] 29f7462f-8279-4f7f-a13f-3bcef21f6d42: 121 datasets; 1.5 s; peak memory 1139 MiB.
2026-10-03T07:52:40Z INFO [633/750] 29f76423-4d5e-4f74-a75b-5afcd2081c12: 754 datasets; 11.2 s; peak memory 1139 MiB.
2026-10-03T07:52:41Z INFO [634/750] 29f78b7f-82e3-45fc-bfea-b792f484d0ab: 41 datasets; 1.1 s; peak memory 1139 MiB.
2026-10-03T07:54:56Z INFO [635/750] 29f8b3bf-cbe5-4894-a8df-df6c25210986: 167 datasets; 135.1 s; peak memory 1139 MiB.
2026-10-03T07:54:57Z INFO [636/750] 29f8d439-0ec0-453d-bd15-2526f1e9811e: 48 datasets; 1.2 s; peak memory 1139 MiB.
2026-10-03T07:54:58Z INFO [637/750] 29f958b1-4a45-4928-b8c3-50be9dbf3338: 38 datasets; 1.2 s; peak memory 1139 MiB.
2026-10-03T07:54:59Z INFO [638/750] 29fb057e-daef-491a-af8c-19b3612bf84f: 46 datasets; 1.1 s; peak memory 1139 MiB.
2026-10-03T07:55:01Z INFO [639/750] 29fbe9fc-af88-466c-b1ca-aba6c8b7a0ed: 63 datasets; 1.2 s; peak memory 1139 MiB.
2026-10-03T07:55:02Z INFO [640/750] 29fca974-6737-4581-ae37-60377ca0ef7f: 275 datasets; 1.7 s; peak memory 1139 MiB.
2026-10-03T07:55:04Z INFO [641/750] 29fcd28a-1023-4af4-ad75-fc5217365d0d: 112 datasets; 1.7 s; peak memory 1139 MiB.
2026-10-03T07:55:06Z INFO [642/750] 29fdb7e3-b45d-4e88-bc40-9e3aa199a95e: 117 datasets; 1.9 s; peak memory 1139 MiB.
2026-10-03T07:55:08Z INFO [643/750] 29fdd4a3-7194-49aa-8075-d9775ebcf887: 112 datasets; 2.0 s; peak memory 1139 MiB.
2026-10-03T07:55:09Z INFO [644/750] 29fe7ba7-2e9f-4384-a885-abafb2986375: 57 datasets; 1.0 s; peak memory 1139 MiB.
2026-10-03T07:55:10Z INFO [645/750] 29ff0c1b-ea56-4cda-8e03-674a5417ffc4: 48 datasets; 1.2 s; peak memory 1139 MiB.
2026-10-03T07:55:12Z INFO [646/750] 29ff5044-25c7-4f78-9342-1bc37c3aab2f: 118 datasets; 1.5 s; peak memory 1139 MiB.
2026-10-03T07:55:13Z INFO [647/750] 29ffe405-3164-4485-a21a-33f83f00b4ff: 48 datasets; 1.3 s; peak memory 1139 MiB.
2026-10-03T07:55:14Z INFO [648/750] 2a008dd4-3148-4f05-8112-6a19928c3777: 48 datasets; 1.3 s; peak memory 1139 MiB.
2026-10-03T07:55:20Z INFO [649/750] 2a00a91d-7cb7-4680-aabf-15bbb33af5b0: 229 datasets; 6.1 s; peak memory 1139 MiB.
2026-10-03T07:55:21Z INFO [650/750] 2a02873a-ab68-4c8a-8871-2492c71659ef: 45 datasets; 0.9 s; peak memory 1139 MiB.
2026-10-03T07:55:21Z INFO [650/750] 2a02873a-ab68-4c8a-8871-2492c71659ef: checkpointed 67236 records.
2026-10-03T07:55:22Z INFO [651/750] 2a02cf03-a575-4af6-a466-254ddcb6d919: 48 datasets; 1.2 s; peak memory 1139 MiB.
2026-10-03T07:55:24Z INFO [652/750] 2a02ee92-c791-423b-8237-c05354016981: 52 datasets; 1.3 s; peak memory 1139 MiB.
2026-10-03T07:55:26Z INFO [653/750] 2a034245-c25d-4441-a17a-891d48b1d02b: 38 datasets; 2.6 s; peak memory 1139 MiB.
2026-10-03T07:55:40Z INFO [654/750] 2a0358a6-ea0e-423f-b812-c0c07f45eb85: 1060 datasets; 13.5 s; peak memory 1139 MiB.
2026-10-03T07:55:41Z INFO [655/750] 2a035d5c-dfe1-45b8-bee5-26a7b7d51cf5: 33 datasets; 0.9 s; peak memory 1139 MiB.
2026-10-03T07:55:43Z INFO [656/750] 2a03979f-8d4e-41ce-955a-a13665dcebc8: 112 datasets; 1.8 s; peak memory 1139 MiB.
2026-10-03T07:55:44Z INFO [657/750] 2a03d009-6452-452e-a0f5-76253c70db25: 289 datasets; 1.8 s; peak memory 1139 MiB.
2026-10-03T07:55:52Z INFO [658/750] 2a03d16a-7fdf-42cc-9949-0ac1d52d9ac1: 200 datasets; 7.5 s; peak memory 1139 MiB.
2026-10-03T07:55:53Z INFO [659/750] 2a03e0d0-31ce-43ee-be5f-08bd5326721b: 48 datasets; 1.2 s; peak memory 1139 MiB.
2026-10-03T07:55:55Z INFO [660/750] 2a047f1a-80d3-4629-8ab8-dbc919913015: 66 datasets; 1.9 s; peak memory 1139 MiB.
2026-10-03T07:55:56Z INFO [661/750] 2a06117c-0f42-40eb-ace6-65bcdec4c3d6: 46 datasets; 0.9 s; peak memory 1139 MiB.
2026-10-03T07:55:58Z INFO [662/750] 2a080e44-82f1-4525-b0fa-2624711c44a3: 112 datasets; 2.1 s; peak memory 1139 MiB.
2026-10-03T08:06:02Z INFO [663/750] 2a087af1-e052-405b-b393-c5d65d834c1c: 109 datasets; 603.8 s; peak memory 1231 MiB.
2026-10-03T08:06:04Z INFO [664/750] 2a099c5c-1c25-4d9e-88c0-a53c4447fda8: 112 datasets; 2.0 s; peak memory 1231 MiB.
2026-10-03T08:06:06Z INFO [665/750] 2a09c8cf-58c6-4722-8d63-d630581e2aaf: 69 datasets; 2.0 s; peak memory 1231 MiB.
2026-10-03T08:06:09Z INFO [666/750] 2a09f713-de0b-41b4-b7ed-75b0c4df6288: 156 datasets; 3.4 s; peak memory 1231 MiB.
2026-10-03T08:06:11Z INFO [667/750] 2a0a0fe1-498c-4a3a-899e-d7fb25612e10: 71 datasets; 1.7 s; peak memory 1231 MiB.
2026-10-03T08:06:13Z INFO [668/750] 2a0b1dc4-99bf-42a0-9af3-b471e758432b: 112 datasets; 2.0 s; peak memory 1231 MiB.
2026-10-03T08:06:16Z INFO [669/750] 2a0b96dd-d778-4841-bcf2-a9850d9ffe1f: 115 datasets; 2.9 s; peak memory 1231 MiB.
2026-10-03T08:06:17Z INFO [670/750] 2a0be2de-438d-4308-9565-c00ff92ff492: 48 datasets; 1.2 s; peak memory 1231 MiB.
2026-10-03T08:06:19Z INFO [671/750] 2a0c754c-f65a-4b14-8af0-8b2234cbbbde: 116 datasets; 1.8 s; peak memory 1231 MiB.
2026-10-03T08:06:20Z INFO [672/750] 2a0d2e86-bed5-4843-b9b2-6e38d09f9cad: 48 datasets; 1.3 s; peak memory 1231 MiB.
2026-10-03T08:06:23Z INFO [673/750] 2a0d4e0a-07a3-4ed1-8652-a4ba9290f987: 38 datasets; 3.0 s; peak memory 1231 MiB.
2026-10-03T08:06:45Z INFO [674/750] 2a0e2d34-566f-4caf-9217-19def6163812: 48 datasets; 21.3 s; peak memory 1231 MiB.
2026-10-03T08:06:46Z INFO [675/750] 2a0f59a1-db0f-447c-99f8-71e13b9842ea: 118 datasets; 1.7 s; peak memory 1231 MiB.
2026-10-03T08:06:48Z INFO [676/750] 2a0f7b9a-1256-446e-95a2-719770f03899: 71 datasets; 1.9 s; peak memory 1231 MiB.
2026-10-03T08:06:50Z INFO [677/750] 2a100b02-fd60-4ab9-96db-edaaf8b046af: 112 datasets; 2.1 s; peak memory 1231 MiB.
2026-10-03T08:06:52Z INFO [678/750] 2a10b1f6-1c04-496e-95e7-47ffae88aee5: 289 datasets; 1.7 s; peak memory 1231 MiB.
2026-10-03T08:06:53Z INFO [679/750] 2a10ef13-973a-4d65-9801-29c403f74f3c: 92 datasets; 1.3 s; peak memory 1231 MiB.
2026-10-03T08:06:55Z INFO [680/750] 2a10f71b-ed99-4ed1-9c3d-efd101925098: 48 datasets; 1.3 s; peak memory 1231 MiB.
2026-10-03T08:06:56Z INFO [681/750] 2a125858-a157-4216-99c1-146725d1da89: 116 datasets; 1.5 s; peak memory 1231 MiB.
2026-10-03T08:06:57Z INFO [682/750] 2a12f665-9487-4859-85a4-d42f969c27e3: 48 datasets; 1.3 s; peak memory 1231 MiB.
2026-10-03T08:06:59Z INFO [683/750] 2a1311a1-281e-4d1b-bc07-37b34adea76c: 112 datasets; 2.0 s; peak memory 1231 MiB.
2026-10-03T08:07:03Z INFO [684/750] 2a1363c9-7ca1-4f27-aebd-9e1d8847389b: 156 datasets; 3.7 s; peak memory 1231 MiB.
2026-10-03T08:07:04Z INFO [685/750] 2a144843-d089-4e30-8fdc-e0da426810d8: 54 datasets; 1.0 s; peak memory 1231 MiB.
2026-10-03T08:07:06Z INFO [686/750] 2a144c1b-17fc-462a-8a97-8ccc8f6705ed: 117 datasets; 1.5 s; peak memory 1231 MiB.
2026-10-03T08:07:07Z INFO [687/750] 2a145e34-fc75-4b01-97bf-8595e30627ae: 110 datasets; 1.5 s; peak memory 1231 MiB.
2026-10-03T08:07:08Z INFO [688/750] 2a14722a-d21b-449b-8121-756bc002ce94: 48 datasets; 1.2 s; peak memory 1231 MiB.
2026-10-03T08:07:10Z INFO [689/750] 2a14b323-e08f-4abb-b67a-6d1749cc0a75: 59 datasets; 1.7 s; peak memory 1231 MiB.
2026-10-03T08:07:24Z INFO [690/750] 2a156310-f9f0-4268-b0ab-c79acf7b3c9e: 647 datasets; 13.8 s; peak memory 1231 MiB.
2026-10-03T08:07:25Z INFO [691/750] 2a15b591-7f42-4b98-9b4c-55ff9d25e770: 48 datasets; 1.3 s; peak memory 1231 MiB.
2026-10-03T08:07:26Z INFO [692/750] 2a16b1e9-9a4f-4c5a-8d53-f98ee52247c2: 41 datasets; 1.2 s; peak memory 1231 MiB.
2026-10-03T08:07:28Z INFO [693/750] 2a17467a-14c6-4ff6-be1a-d4e607dee262: 66 datasets; 2.1 s; peak memory 1231 MiB.
2026-10-03T08:07:30Z INFO [694/750] 2a17644c-015f-461a-a575-eda4a3660a2f: 48 datasets; 1.3 s; peak memory 1231 MiB.
2026-10-03T08:07:46Z INFO [695/750] 2a183ef6-ba00-4546-888d-ff9c8a337d34: 111 datasets; 16.7 s; peak memory 1231 MiB.
2026-10-03T08:07:47Z INFO [696/750] 2a18a64d-c7e2-4b8f-a076-25a75892702b: 56 datasets; 1.0 s; peak memory 1231 MiB.
2026-10-03T08:07:53Z INFO [697/750] 2a1bbf94-0c12-4760-87a5-b74a90a51745: 538 datasets; 5.7 s; peak memory 1231 MiB.
2026-10-03T08:07:59Z INFO [698/750] 2a1bd661-161e-4242-b02b-fb54600f8fea: 287 datasets; 5.8 s; peak memory 1231 MiB.
2026-10-03T08:08:05Z INFO [699/750] 2a1c676d-26fc-4fc6-85a4-70fbb94bcb33: 229 datasets; 6.2 s; peak memory 1231 MiB.
2026-10-03T08:08:07Z INFO [700/750] 2a1cbb4a-696e-4e9b-b556-58f322ddc555: 112 datasets; 1.8 s; peak memory 1231 MiB.
2026-10-03T08:08:07Z INFO [700/750] 2a1cbb4a-696e-4e9b-b556-58f322ddc555: checkpointed 67286 records.
2026-10-03T08:08:09Z INFO [701/750] 2a1d1392-fa1b-49c9-8709-6eb4ca18ab92: 112 datasets; 1.8 s; peak memory 1231 MiB.
2026-10-03T08:08:10Z INFO [702/750] 2a1dc27f-3109-4599-b318-df10a9a9d746: 117 datasets; 1.5 s; peak memory 1231 MiB.
2026-10-03T08:08:29Z INFO [703/750] 2a1df213-8741-4b68-9f0e-915711f220a4: 557 datasets; 19.2 s; peak memory 1231 MiB.
2026-10-03T08:08:30Z INFO [704/750] 2a1e04ad-ac6c-416b-9bec-c50f3b1287e7: 46 datasets; 1.0 s; peak memory 1231 MiB.
2026-10-03T08:08:33Z INFO [705/750] 2a1e4f13-4687-4d8f-bcb9-59c288d4623e: 152 datasets; 2.3 s; peak memory 1231 MiB.
2026-10-03T08:08:34Z INFO [706/750] 2a1ea6ce-b008-45d0-a64d-4821b976b7e2: 48 datasets; 1.2 s; peak memory 1231 MiB.
2026-10-03T08:08:35Z INFO [707/750] 2a1ebd81-586f-4ae8-b242-dbc3c1c95947: 67 datasets; 1.3 s; peak memory 1231 MiB.
2026-10-03T08:08:36Z INFO [708/750] 2a1f86bb-2876-40c1-a422-0263cde8c7a6: 48 datasets; 1.2 s; peak memory 1231 MiB.
2026-10-03T08:08:38Z INFO [709/750] 2a1fecb3-6199-4c13-8abf-8c151cb58de4: 48 datasets; 1.3 s; peak memory 1231 MiB.
2026-10-03T08:08:39Z INFO [710/750] 2a204df9-0ed8-439b-ab0c-5e90dcee549f: 116 datasets; 1.4 s; peak memory 1231 MiB.
2026-10-03T08:08:40Z INFO [711/750] 2a20ed6e-fe0c-4791-91a5-694cdb6bdc9e: 43 datasets; 1.2 s; peak memory 1231 MiB.
2026-10-03T08:08:41Z INFO [712/750] 2a223060-0394-441c-a269-523a2da5ece5: 48 datasets; 1.2 s; peak memory 1231 MiB.
2026-10-03T08:08:50Z INFO [713/750] 2a226596-c017-4299-9e16-306faaa620ec: 11477 datasets; 8.4 s; peak memory 1231 MiB.
2026-10-03T08:08:54Z INFO [714/750] 2a22d8c9-fc43-4747-b3c7-791e10bb5fb4: 305 datasets; 4.5 s; peak memory 1231 MiB.
2026-10-03T08:08:56Z INFO [715/750] 2a233aeb-a821-4f8d-983f-ade65f8a04a1: 74 datasets; 1.5 s; peak memory 1231 MiB.
2026-10-03T08:09:13Z INFO [716/750] 2a247d68-e8b3-4f95-bbee-dd66fac98c08: 432 datasets; 17.2 s; peak memory 1231 MiB.
2026-10-03T08:09:16Z INFO [717/750] 2a247e4a-9483-423a-858a-feecba9cb4fb: 168 datasets; 2.8 s; peak memory 1231 MiB.
2026-10-03T08:09:19Z INFO [718/750] 2a24a5b2-860c-49ae-ac0a-d47210fcce2d: 118 datasets; 2.8 s; peak memory 1231 MiB.
2026-10-03T08:09:21Z INFO [719/750] 2a2577f7-e240-4585-9952-94370006a7d7: 112 datasets; 2.1 s; peak memory 1231 MiB.
2026-10-03T08:09:28Z INFO [720/750] 2a2660d4-47dd-4076-b642-d2baf3b58afb: 502 datasets; 6.7 s; peak memory 1231 MiB.
2026-10-03T08:09:33Z INFO [721/750] 2a277795-2095-418f-b20c-9fb095af7222: 229 datasets; 5.5 s; peak memory 1231 MiB.
2026-10-03T08:09:34Z INFO [722/750] 2a277cc7-981a-43e8-af0f-652e380f1e25: 48 datasets; 1.2 s; peak memory 1231 MiB.
2026-10-03T08:09:53Z INFO [723/750] 2a279898-1b34-4c16-b5f1-0fea1efb84a6: 1377 datasets; 18.4 s; peak memory 1231 MiB.
2026-10-03T08:09:54Z INFO [724/750] 2a27c2d7-d62b-4bc3-8581-1555c994812d: 117 datasets; 1.4 s; peak memory 1231 MiB.
2026-10-03T08:09:56Z INFO [725/750] 2a27d0ca-8f60-4403-9bdd-15c42c649a26: 66 datasets; 1.7 s; peak memory 1231 MiB.
2026-10-03T08:09:57Z INFO [726/750] 2a28a24b-9218-48b8-8705-1fb57a951f7b: 46 datasets; 1.1 s; peak memory 1231 MiB.
2026-10-03T08:10:00Z INFO [727/750] 2a28e3df-deac-43d9-b7ed-c42d06fdfb86: 90 datasets; 3.2 s; peak memory 1231 MiB.
2026-10-03T08:10:04Z INFO [728/750] 2a297c1f-ec0e-4dfa-83a5-3fe54065fa6d: 153 datasets; 3.4 s; peak memory 1231 MiB.
2026-10-03T08:10:05Z INFO [729/750] 2a2a428f-a6f4-4ca3-b834-467a1c551e3d: 117 datasets; 1.4 s; peak memory 1231 MiB.
2026-10-03T08:10:08Z INFO [730/750] 2a2a4619-85f8-4479-9fce-05898a0d014b: 152 datasets; 2.6 s; peak memory 1231 MiB.
2026-10-03T08:10:09Z INFO [731/750] 2a2abc79-be3b-4ce7-9a09-c202ca57d6ad: 46 datasets; 1.0 s; peak memory 1231 MiB.
2026-10-03T08:10:16Z INFO [732/750] 2a2b978d-6078-4c17-a7b6-3d4a39512d39: 685 datasets; 7.6 s; peak memory 1231 MiB.
2026-10-03T08:11:12Z INFO [733/750] 2a2c84a1-f2d0-4328-8d3f-7a0b8029c1a9: 106 datasets; 55.7 s; peak memory 1231 MiB.
2026-10-03T08:11:13Z INFO [734/750] 2a2d75df-0236-468d-96b0-e2d131a2da38: 62 datasets; 1.6 s; peak memory 1231 MiB.
2026-10-03T08:11:31Z INFO [735/750] 2a2ed481-e1e6-4f97-aa5e-358234731147: 700 datasets; 17.5 s; peak memory 1231 MiB.
2026-10-03T08:11:33Z INFO [736/750] 2a2f52af-6761-44f2-aa62-fb97c76321d4: 112 datasets; 1.9 s; peak memory 1231 MiB.
2026-10-03T08:11:35Z INFO [737/750] 2a2fb4c4-9c27-4d9f-b2b6-1f95eb91ed53: 66 datasets; 2.0 s; peak memory 1231 MiB.
2026-10-03T08:11:36Z INFO [738/750] 2a2fd432-e5c5-46c8-9093-ba6a2d8efd6b: 116 datasets; 1.3 s; peak memory 1231 MiB.
2026-10-03T08:11:38Z INFO [739/750] 2a3093bf-4795-4318-bfa1-1cc800493036: 116 datasets; 1.4 s; peak memory 1231 MiB.
2026-10-03T08:11:39Z INFO [740/750] 2a30b9b4-7b8f-452c-a010-b8784859c4b7: 48 datasets; 1.2 s; peak memory 1231 MiB.
2026-10-03T08:11:53Z INFO [741/750] 2a313f5c-cde4-4ae9-b29c-ea2c83c8f25d: 5681 datasets; 14.4 s; peak memory 1231 MiB.
2026-10-03T08:11:55Z INFO [742/750] 2a32962a-78a3-44ba-ad80-e08cc708e9bc: 117 datasets; 1.4 s; peak memory 1231 MiB.
2026-10-03T08:11:56Z INFO [743/750] 2a329e08-d86f-4168-a151-159e53e06db5: 121 datasets; 1.3 s; peak memory 1231 MiB.
2026-10-03T08:11:57Z INFO [744/750] 2a342243-5db4-45ea-bc00-fca8a93d8d86: 48 datasets; 1.2 s; peak memory 1231 MiB.
2026-10-03T08:12:04Z INFO [745/750] 2a346679-d4ff-4601-b343-9d94184bf394: 208 datasets; 6.4 s; peak memory 1231 MiB.
2026-10-03T08:12:05Z INFO [746/750] 2a346f8f-138f-44a7-b4d9-bda263faaa50: 70 datasets; 1.7 s; peak memory 1231 MiB.
2026-10-03T08:12:07Z INFO [747/750] 2a34d3e3-82bd-4884-b3ad-15ad8fe18429: 117 datasets; 1.5 s; peak memory 1231 MiB.
2026-10-03T08:12:08Z INFO [748/750] 2a34d50e-0788-444e-a364-7c3df82c7a67: 50 datasets; 1.2 s; peak memory 1231 MiB.
2026-10-03T08:12:10Z INFO [749/750] 2a34f2d0-6158-4e4d-a5dd-330e411ce0f2: 69 datasets; 1.8 s; peak memory 1231 MiB.
2026-10-03T08:12:12Z INFO [750/750] 2a35245d-41e4-4ebd-ba35-def2a2e4d00d: 38 datasets; 1.9 s; peak memory 1231 MiB.
2026-10-03T08:12:12Z INFO [750/750] 2a35245d-41e4-4ebd-ba35-def2a2e4d00d: checkpointed 67336 records.
2026-10-03T08:12:12Z INFO Wrote 67336 records to /tmp/derivatives/valid_nwb_file_to_number_of_datasets.jsonl (750 new, 0 failed) in 98.9 min (peak memory 1231 MiB).
