2026-10-06T05:00:48Z INFO Logging to /tmp/logs/update_2026-10-06T05-00-48Z.log.
2026-10-06T05:00:48Z INFO Update valid-nwb-file-to-number-of-datasets (base directory /tmp).
2026-10-06T05:00:48Z INFO Processing 750 items (82335 already recorded).
2026-10-06T05:00:49Z INFO [1/750] 49943cc4-5e98-4971-bb8e-0a8a42328059: 48 datasets; 1.4 s; peak memory 108 MiB.
2026-10-06T05:00:51Z INFO [2/750] 49944c1c-ff35-487f-8577-13168afd924f: 48 datasets; 1.3 s; peak memory 109 MiB.
2026-10-06T05:00:52Z INFO [3/750] 4994c6ae-7348-4ad4-bb7f-399a0628a017: 48 datasets; 1.2 s; peak memory 109 MiB.
2026-10-06T05:00:54Z INFO [4/750] 4994e4d1-73c4-481d-9f80-ccd95be8efdc: 69 datasets; 2.1 s; peak memory 112 MiB.
2026-10-06T05:00:55Z INFO [5/750] 4994f2a8-7e74-4872-92be-37a14da73b7e: 46 datasets; 1.0 s; peak memory 113 MiB.
2026-10-06T05:00:58Z INFO [6/750] 499536ea-43d2-4fb2-9b7a-685cced0dc08: 38 datasets; 2.9 s; peak memory 114 MiB.
2026-10-06T05:01:00Z INFO [7/750] 4995f5ad-2527-45a0-bb93-066e2bd2e83f: 46 datasets; 1.9 s; peak memory 114 MiB.
2026-10-06T05:01:01Z INFO [8/750] 49973d9a-0617-4e6f-845a-59ff76ef83d9: 77 datasets; 1.3 s; peak memory 114 MiB.
2026-10-06T05:01:03Z INFO [9/750] 4997c090-8c38-4978-b7d8-334d708be7f8: 112 datasets; 1.7 s; peak memory 116 MiB.
2026-10-06T05:01:06Z INFO [10/750] 4997d065-0918-4483-9821-5120cdafa88b: 156 datasets; 3.5 s; peak memory 117 MiB.
2026-10-06T05:01:07Z INFO [11/750] 4998b475-7b8f-4d22-9b82-08b94146ac08: 38 datasets; 1.0 s; peak memory 117 MiB.
2026-10-06T05:01:08Z INFO [12/750] 49990a5e-deb6-46ab-a2b5-2b93ba635091: 56 datasets; 1.0 s; peak memory 117 MiB.
2026-10-06T05:01:10Z INFO [13/750] 49992a60-dd89-4fb6-8870-9517f60fdf5f: 52 datasets; 1.4 s; peak memory 117 MiB.
2026-10-06T05:01:12Z INFO [14/750] 49996258-ca38-4e8f-be54-00b9fe2a0eab: 112 datasets; 2.0 s; peak memory 117 MiB.
2026-10-06T05:01:23Z INFO [15/750] 499a0d06-811f-4309-802d-44929a6bb9fe: 430 datasets; 11.3 s; peak memory 141 MiB.
2026-10-06T05:01:25Z INFO [16/750] 499a33f6-5118-498a-824e-06f9a21a099c: 112 datasets; 1.8 s; peak memory 141 MiB.
2026-10-06T05:01:27Z INFO [17/750] 499aa11b-ef9d-4288-a8a4-e4be93beea0a: 113 datasets; 2.1 s; peak memory 141 MiB.
2026-10-06T05:01:28Z INFO [18/750] 499b7c19-77ff-48d4-83b6-502b1ca6b388: 56 datasets; 1.1 s; peak memory 141 MiB.
2026-10-06T05:01:29Z INFO [19/750] 499cc39e-c8f3-49d5-83aa-ed55830aeb62: 46 datasets; 1.0 s; peak memory 141 MiB.
2026-10-06T05:01:31Z INFO [20/750] 499cee4d-a2db-4198-be86-d8b260837e32: 117 datasets; 1.7 s; peak memory 142 MiB.
2026-10-06T05:01:32Z INFO [21/750] 499eac63-6635-4fc9-a360-b46a750bad5b: 52 datasets; 1.3 s; peak memory 142 MiB.
2026-10-06T05:01:34Z INFO [22/750] 499ed41a-1d40-42ff-8efe-07364d4d80e9: 84 datasets; 1.7 s; peak memory 142 MiB.
2026-10-06T05:01:36Z INFO [23/750] 499edc1f-1d07-4b53-b52a-89759e50b1ba: 112 datasets; 1.9 s; peak memory 142 MiB.
2026-10-06T05:01:37Z INFO [24/750] 499fb4d7-0dce-4004-94e0-eabbf28ad8cb: 48 datasets; 1.2 s; peak memory 142 MiB.
2026-10-06T05:01:38Z INFO [25/750] 49a0e988-6521-4bff-9d53-cfa33669a1c5: 45 datasets; 1.0 s; peak memory 142 MiB.
2026-10-06T05:01:39Z INFO [26/750] 49a0fbaf-e121-4f49-ae6e-4fc5c857a0d6: 48 datasets; 1.3 s; peak memory 142 MiB.
2026-10-06T05:01:40Z INFO [27/750] 49a32a95-140b-4679-9605-6b36210ad386: 48 datasets; 1.2 s; peak memory 142 MiB.
2026-10-06T05:01:42Z INFO [28/750] 49a39a2a-384b-4d3b-be60-dfa2503af47e: 110 datasets; 1.9 s; peak memory 142 MiB.
2026-10-06T05:01:44Z INFO [29/750] 49a406f3-7822-4e31-ae80-a22690bb3185: 48 datasets; 1.3 s; peak memory 142 MiB.
2026-10-06T05:02:03Z INFO [30/750] 49a46f4d-0fca-45c6-bcdc-2843b1d6ed31: 533 datasets; 19.5 s; peak memory 172 MiB.
2026-10-06T05:02:06Z INFO [31/750] 49a4b660-afbe-4cbb-89bf-8b3f2007379d: 116 datasets; 3.0 s; peak memory 173 MiB.
2026-10-06T05:02:08Z INFO [32/750] 49a4cf5b-2f7c-4689-817e-f3bd49d69669: 116 datasets; 1.5 s; peak memory 173 MiB.
2026-10-06T05:02:09Z INFO [33/750] 49a4eee2-8049-45c7-8a74-e0fd2d936e56: 66 datasets; 1.7 s; peak memory 173 MiB.
2026-10-06T05:02:11Z INFO [34/750] 49a5213c-3422-4d22-9862-9e5ade06e952: 48 datasets; 1.2 s; peak memory 173 MiB.
2026-10-06T05:02:12Z INFO [35/750] 49a53839-b851-4d25-a772-01400d5de7ef: 42 datasets; 1.1 s; peak memory 173 MiB.
2026-10-06T05:02:13Z INFO [36/750] 49a54fba-e1d9-4f1c-9422-afc24f8640d1: 48 datasets; 1.2 s; peak memory 173 MiB.
2026-10-06T05:02:14Z INFO [37/750] 49a56a64-f12d-412c-be71-40339d59c043: 117 datasets; 1.4 s; peak memory 173 MiB.
2026-10-06T05:02:15Z INFO [38/750] 49a616c4-5550-44ac-9391-34daa1b3d62e: 48 datasets; 1.2 s; peak memory 173 MiB.
2026-10-06T05:02:19Z INFO [39/750] 49a62ae8-00dc-4dfd-aa78-84f76dfb4404: 161 datasets; 3.4 s; peak memory 173 MiB.
2026-10-06T05:02:21Z INFO [40/750] 49a64729-a52f-42ca-8ec6-028d3af82f02: 112 datasets; 2.0 s; peak memory 173 MiB.
2026-10-06T05:02:22Z INFO [41/750] 49a674eb-e96a-4290-ab68-c44946b1c44a: 48 datasets; 1.2 s; peak memory 173 MiB.
2026-10-06T05:02:39Z INFO [42/750] 49a72fae-440b-494c-a1f4-6beaa68b3c37: 1188 datasets; 17.1 s; peak memory 173 MiB.
2026-10-06T05:02:41Z INFO [43/750] 49a77ec3-21d5-47e2-a7bd-bde5cf4e1f0d: 110 datasets; 1.5 s; peak memory 173 MiB.
2026-10-06T05:02:42Z INFO [44/750] 49a79400-7cd0-4096-8545-ac9587b5e24f: 112 datasets; 1.8 s; peak memory 173 MiB.
2026-10-06T05:02:45Z INFO [45/750] 49a7cd6a-9ac5-40ac-be95-c49b739504ac: 146 datasets; 2.2 s; peak memory 173 MiB.
2026-10-06T05:02:46Z INFO [46/750] 49a7e4d2-961f-427a-bece-d09febe35358: 59 datasets; 1.6 s; peak memory 173 MiB.
2026-10-06T05:02:48Z INFO [47/750] 49a7f38b-a444-40be-b02f-8dcd0265147d: 48 datasets; 1.2 s; peak memory 173 MiB.
2026-10-06T05:02:49Z INFO [48/750] 49a8027b-b609-4745-93b2-df521e498e6d: 170 datasets; 1.7 s; peak memory 173 MiB.
2026-10-06T05:02:50Z INFO [49/750] 49a9bd41-4238-44c9-92ee-8804d16bf7f0: 54 datasets; 1.0 s; peak memory 173 MiB.
2026-10-06T05:02:52Z INFO [50/750] 49a9ca08-aebe-428f-9833-1db4660c01d8: 117 datasets; 1.5 s; peak memory 173 MiB.
2026-10-06T05:02:52Z INFO [50/750] 49a9ca08-aebe-428f-9833-1db4660c01d8: checkpointed 82385 records.
2026-10-06T05:02:54Z INFO [51/750] 49aac4c0-94f8-4056-9161-4de451884216: 230 datasets; 1.7 s; peak memory 173 MiB.
2026-10-06T05:02:55Z INFO [52/750] 49ab33b1-e353-47a8-86aa-0c363e20e0fa: 53 datasets; 1.0 s; peak memory 173 MiB.
2026-10-06T05:03:10Z INFO [53/750] 49ac2812-8e7b-4a3a-b36e-af4e86282d0f: 1475 datasets; 15.3 s; peak memory 173 MiB.
2026-10-06T05:03:11Z INFO [54/750] 49adbabd-19b1-4c6b-9cb9-7ee33e3187e5: 48 datasets; 1.2 s; peak memory 173 MiB.
2026-10-06T05:03:13Z INFO [55/750] 49ae8fd9-ecae-4942-8fc4-8e1d8dc06391: 71 datasets; 1.7 s; peak memory 173 MiB.
2026-10-06T05:03:14Z INFO [56/750] 49aeafa4-13fd-4ce9-9596-59d15c3a86b1: 52 datasets; 1.0 s; peak memory 173 MiB.
2026-10-06T05:03:16Z INFO [57/750] 49aef526-3f97-4d85-8578-2a3487232312: 119 datasets; 2.3 s; peak memory 173 MiB.
2026-10-06T05:03:18Z INFO [58/750] 49af1bdb-1790-4a42-86be-0602dbb0a268: 48 datasets; 1.3 s; peak memory 173 MiB.
2026-10-06T05:03:19Z INFO [59/750] 49b0aacf-fa50-4d49-9b92-1c1c0d89755a: 48 datasets; 1.2 s; peak memory 173 MiB.
2026-10-06T05:03:21Z INFO [60/750] 49b117ab-f921-431b-9cfd-e67ed509e5ff: 38 datasets; 2.6 s; peak memory 173 MiB.
2026-10-06T05:03:23Z INFO [61/750] 49b16d26-e16b-45b0-8cde-77a25ea7eb38: 49 datasets; 1.4 s; peak memory 173 MiB.
2026-10-06T05:03:24Z INFO [62/750] 49b1730d-df83-4301-a3e6-26526752daa1: 112 datasets; 1.7 s; peak memory 173 MiB.
2026-10-06T05:03:26Z INFO [63/750] 49b24e26-40bc-4e2e-8803-b0cc1346b778: 92 datasets; 1.4 s; peak memory 173 MiB.
2026-10-06T05:03:27Z INFO [64/750] 49b2fcea-20dd-48da-beec-462c544baa24: 48 datasets; 1.5 s; peak memory 173 MiB.
2026-10-06T05:03:29Z INFO [65/750] 49b3259e-5e3f-41db-b3f8-863126dd2fa4: 51 datasets; 1.5 s; peak memory 173 MiB.
2026-10-06T05:03:37Z INFO [66/750] 49b3b56a-7bd3-48cc-954c-3c4eef6e2c9f: 804 datasets; 8.6 s; peak memory 173 MiB.
2026-10-06T05:03:43Z INFO [67/750] 49b3e4c6-bfa3-40a0-9563-3a7936907915: 233 datasets; 5.4 s; peak memory 174 MiB.
2026-10-06T05:03:57Z INFO [68/750] 49b3f268-3ee4-4af3-ad88-79ed314979f2: 1092 datasets; 14.5 s; peak memory 174 MiB.
2026-10-06T05:03:59Z INFO [69/750] 49b4e1a7-4f01-4924-97e8-2c2fc4069437: 71 datasets; 2.1 s; peak memory 174 MiB.
2026-10-06T05:04:01Z INFO [70/750] 49b5a8f5-7649-4627-8637-26a43815439c: 62 datasets; 1.6 s; peak memory 174 MiB.
2026-10-06T05:04:02Z INFO [71/750] 49b5aa67-e901-48d4-891d-3072615667e7: 48 datasets; 1.3 s; peak memory 174 MiB.
2026-10-06T05:04:04Z INFO [72/750] 49b61f4c-51ad-4c99-bdb7-7e89dd81633b: 71 datasets; 2.1 s; peak memory 174 MiB.
2026-10-06T05:04:06Z INFO [73/750] 49b6a49b-13c6-4a62-a4f1-3ba9efff41d2: 48 datasets; 1.3 s; peak memory 174 MiB.
2026-10-06T05:04:07Z INFO [74/750] 49b6ef4b-6e94-4037-ade5-6d9f7b7faa5e: 48 datasets; 1.3 s; peak memory 174 MiB.
2026-10-06T05:04:08Z INFO [75/750] 49b70416-8033-4310-866e-0b8618279106: 48 datasets; 1.3 s; peak memory 174 MiB.
2026-10-06T05:04:10Z INFO [76/750] 49b86514-0037-4f01-afc5-437ce749403f: 112 datasets; 1.8 s; peak memory 174 MiB.
2026-10-06T05:04:12Z INFO [77/750] 49b8de71-26f8-4eaf-855c-b76f90f0e356: 117 datasets; 1.4 s; peak memory 174 MiB.
2026-10-06T05:04:13Z INFO [78/750] 49b9ae91-03d2-4916-9c61-b5f46ff0f0ef: 131 datasets; 1.3 s; peak memory 174 MiB.
2026-10-06T05:04:15Z INFO [79/750] 49ba36b6-d061-4853-901a-8b16157194f6: 61 datasets; 1.9 s; peak memory 174 MiB.
2026-10-06T05:04:16Z INFO [80/750] 49babcd8-2ca9-4c97-afb8-eb269f0883ae: 112 datasets; 1.4 s; peak memory 174 MiB.
2026-10-06T05:04:17Z INFO [81/750] 49bb6713-7db2-4513-bf91-06a9aa474615: 46 datasets; 1.0 s; peak memory 174 MiB.
2026-10-06T05:04:19Z INFO [82/750] 49bc111f-0862-4847-8d5f-9939a75b0d64: 118 datasets; 1.6 s; peak memory 174 MiB.
2026-10-06T05:04:20Z INFO [83/750] 49bcbce7-3c64-4a9a-b162-001b2a162d85: 118 datasets; 1.5 s; peak memory 174 MiB.
2026-10-06T05:04:29Z INFO [84/750] 49bccf2b-9354-40f2-82f4-a3ae69192ec7: 1081 datasets; 8.4 s; peak memory 174 MiB.
2026-10-06T05:04:30Z INFO [85/750] 49bd5bda-8a07-42d9-9051-602569ecfb3a: 48 datasets; 1.3 s; peak memory 174 MiB.
2026-10-06T05:04:31Z INFO [86/750] 49bf2bbc-b764-4d58-bae9-6a5f27d4e43a: 48 datasets; 1.4 s; peak memory 174 MiB.
2026-10-06T05:04:33Z INFO [87/750] 49c12d3d-b67f-4bbd-89a5-4a65c70a9e38: 52 datasets; 1.4 s; peak memory 174 MiB.
2026-10-06T05:04:33Z INFO [88/750] 49c1836d-8306-4c6f-ad12-1bb5f1cfa59c: 31 datasets; 0.9 s; peak memory 174 MiB.
2026-10-06T05:04:35Z INFO [89/750] 49c24ff3-5d45-4835-a51a-38b6e97c9cae: 48 datasets; 1.4 s; peak memory 174 MiB.
2026-10-06T05:06:55Z INFO [90/750] 49c29c7b-62f5-4f6b-af53-ae242f36f0cb: 167 datasets; 140.4 s; peak memory 280 MiB.
2026-10-06T05:06:57Z INFO [91/750] 49c2f0a3-bb52-48f7-9bb0-4e7f06b102cc: 70 datasets; 1.7 s; peak memory 280 MiB.
2026-10-06T05:07:22Z INFO [92/750] 49c36c51-4a7e-4c15-b2a4-329260a5c5be: 1091 datasets; 25.1 s; peak memory 280 MiB.
2026-10-06T05:07:24Z INFO [93/750] 49c573e6-baa5-48af-b483-3aa58fa259f2: 112 datasets; 1.8 s; peak memory 280 MiB.
2026-10-06T05:07:26Z INFO [94/750] 49c5754b-a638-4924-8022-b4f999755ad9: 71 datasets; 2.2 s; peak memory 280 MiB.
2026-10-06T05:07:27Z INFO [95/750] 49c579d0-c3f1-4aa3-b9af-72daebafa96e: 57 datasets; 1.1 s; peak memory 280 MiB.
2026-10-06T05:07:28Z INFO [96/750] 49c6109b-bb6f-47dd-b0d9-f1db662e229f: 48 datasets; 1.3 s; peak memory 280 MiB.
2026-10-06T05:07:30Z INFO [97/750] 49c6362a-1fea-4314-b80f-9018dc24ffc4: 45 datasets; 1.8 s; peak memory 280 MiB.
2026-10-06T05:07:32Z INFO [98/750] 49c889f1-58d3-43ce-8f71-1c21ed35f9dd: 79 datasets; 1.6 s; peak memory 280 MiB.
2026-10-06T05:07:35Z INFO [99/750] 49c940c4-ca5d-4338-8685-33a9e2d04b13: 85 datasets; 3.6 s; peak memory 280 MiB.
2026-10-06T05:07:37Z INFO [100/750] 49ca1516-839e-4a20-8a9e-b41d6034a4c6: 70 datasets; 1.7 s; peak memory 280 MiB.
2026-10-06T05:07:37Z INFO [100/750] 49ca1516-839e-4a20-8a9e-b41d6034a4c6: checkpointed 82435 records.
2026-10-06T05:07:54Z INFO [101/750] 49ca20ae-4668-4aa6-b46e-66dc6eb23a2d: 763 datasets; 17.0 s; peak memory 280 MiB.
2026-10-06T05:07:56Z INFO [102/750] 49ca6850-961c-4d5a-9c76-3b4f85bcc8f0: 112 datasets; 2.1 s; peak memory 280 MiB.
2026-10-06T05:07:58Z INFO [103/750] 49cacf82-395d-408f-944b-4ba85cfabae0: 112 datasets; 2.2 s; peak memory 280 MiB.
2026-10-06T05:07:59Z INFO [104/750] 49cbdbea-5a4e-40fb-9b46-99cb1b8c554a: 48 datasets; 1.2 s; peak memory 280 MiB.
2026-10-06T05:08:01Z INFO [105/750] 49cced88-02ff-43e5-9462-f9bccf2637df: 112 datasets; 1.6 s; peak memory 280 MiB.
2026-10-06T05:08:02Z INFO [106/750] 49cd406d-b497-45fd-97fb-b0317d8716c9: 116 datasets; 1.3 s; peak memory 280 MiB.
2026-10-06T05:08:11Z INFO [107/750] 49ce6246-5116-46be-bf95-c51dc3ba470e: 9079 datasets; 8.7 s; peak memory 280 MiB.
2026-10-06T05:08:13Z INFO [108/750] 49d00a51-ca32-4fd3-a493-f73572f31114: 67 datasets; 1.6 s; peak memory 280 MiB.
2026-10-06T05:08:14Z INFO [109/750] 49d0e2de-78eb-4705-bc17-b4fb8e5c2631: 112 datasets; 1.7 s; peak memory 280 MiB.
2026-10-06T05:09:38Z INFO [110/750] 49d0eed7-35b9-41ce-9fe9-75c5c2cd666a: 58 datasets; 83.8 s; peak memory 370 MiB.
2026-10-06T05:09:40Z INFO [111/750] 49d167ac-4942-49d5-a74c-b24b21a9663c: 59 datasets; 1.6 s; peak memory 370 MiB.
2026-10-06T05:09:41Z INFO [112/750] 49d38443-fa5c-400d-bf4d-b1b09df6d876: 112 datasets; 1.3 s; peak memory 370 MiB.
2026-10-06T05:09:43Z INFO [113/750] 49d3b24e-8c0a-4585-8f99-b64fbc4c9857: 112 datasets; 1.7 s; peak memory 370 MiB.
2026-10-06T05:09:44Z INFO [114/750] 49d51c46-5826-4cc6-8bb1-1d2fe134456c: 48 datasets; 1.3 s; peak memory 370 MiB.
2026-10-06T05:09:45Z INFO [115/750] 49d60c06-44a6-45bd-a37d-6e7911b1f9fe: 117 datasets; 1.4 s; peak memory 370 MiB.
2026-10-06T05:09:47Z INFO [116/750] 49d638c3-44c5-4443-9abc-fc278ff6b591: 112 datasets; 1.8 s; peak memory 370 MiB.
2026-10-06T05:09:49Z INFO [117/750] 49d6449f-d9df-4c30-a2bb-ab1a327b0fab: 112 datasets; 1.7 s; peak memory 370 MiB.
2026-10-06T05:09:50Z INFO [118/750] 49d67c26-6501-420f-b041-d7d0fbf34feb: 48 datasets; 1.3 s; peak memory 370 MiB.
2026-10-06T05:09:51Z INFO [119/750] 49d736c9-210e-48e9-974f-2f5298125db2: 76 datasets; 1.2 s; peak memory 370 MiB.
2026-10-06T05:09:53Z INFO [120/750] 49d7ae71-c219-4793-bd4a-dbde5fa001f7: 48 datasets; 1.3 s; peak memory 370 MiB.
2026-10-06T05:09:54Z INFO [121/750] 49d7bc03-5132-4bff-b881-e87077996436: 48 datasets; 1.3 s; peak memory 370 MiB.
2026-10-06T05:09:55Z INFO [122/750] 49d7f6a7-c74b-4ddc-bc56-331b3cf9eba7: 48 datasets; 1.2 s; peak memory 370 MiB.
2026-10-06T05:09:57Z INFO [123/750] 49d825d5-e44f-48d2-a763-2a489eac9f4d: 71 datasets; 1.7 s; peak memory 370 MiB.
2026-10-06T05:09:58Z INFO [124/750] 49d83986-eb42-481f-8d71-f1cab2768237: 33 datasets; 1.1 s; peak memory 370 MiB.
2026-10-06T05:09:59Z INFO [125/750] 49d8aa5b-df93-4525-a244-fa6febb7cb62: 48 datasets; 1.2 s; peak memory 370 MiB.
2026-10-06T05:10:02Z INFO [126/750] 49d8ca8f-6296-4b2e-8cf9-efbdb65d8df6: 66 datasets; 2.4 s; peak memory 370 MiB.
2026-10-06T05:10:03Z INFO [127/750] 49d8da4b-f4a5-4d07-9785-45051528bddc: 76 datasets; 1.8 s; peak memory 370 MiB.
2026-10-06T05:10:05Z INFO [128/750] 49d944cd-d6cc-447f-ba7f-b619de764da7: 112 datasets; 1.8 s; peak memory 370 MiB.
2026-10-06T05:10:07Z INFO [129/750] 49d98732-dfb0-48b6-b00a-9add56a5174d: 65 datasets; 2.2 s; peak memory 370 MiB.
2026-10-06T05:10:09Z INFO [130/750] 49d9a4de-04bd-4d06-b159-460a23400696: 51 datasets; 1.5 s; peak memory 370 MiB.
2026-10-06T05:10:10Z INFO [131/750] 49da67c0-6e0d-4603-9469-40d87e859ab4: 48 datasets; 1.2 s; peak memory 370 MiB.
2026-10-06T05:10:11Z INFO [132/750] 49da6e6e-0eed-4841-915d-8e4cd2fc2ef3: 67 datasets; 1.3 s; peak memory 370 MiB.
2026-10-06T05:10:13Z INFO [133/750] 49db8feb-0b9a-40f6-8cfb-a84846a57f03: 117 datasets; 1.6 s; peak memory 370 MiB.
2026-10-06T05:10:14Z INFO [134/750] 49dc1e39-b7f8-4108-96eb-870613708124: 112 datasets; 1.7 s; peak memory 370 MiB.
2026-10-06T05:10:17Z INFO [135/750] 49dc5362-f06c-456a-a8e8-36115f48d710: 71 datasets; 2.2 s; peak memory 370 MiB.
2026-10-06T05:10:32Z INFO [136/750] 49dd3ddf-8fa3-4fb5-8995-4c48fd4625c5: 1020 datasets; 14.9 s; peak memory 370 MiB.
2026-10-06T05:10:33Z INFO [137/750] 49dde529-bb8f-46cf-b2df-0d4dab3e4fc0: 59 datasets; 1.6 s; peak memory 370 MiB.
2026-10-06T05:10:35Z INFO [138/750] 49de076c-ef14-4b12-aaac-377d567af33f: 117 datasets; 1.6 s; peak memory 370 MiB.
2026-10-06T05:10:37Z INFO [139/750] 49dfdbc2-cb07-460e-90e6-3bb49b684947: 112 datasets; 1.8 s; peak memory 370 MiB.
2026-10-06T05:10:38Z INFO [140/750] 49e01ed4-b0d3-4e16-b5ae-52da140c93f6: 48 datasets; 1.2 s; peak memory 370 MiB.
2026-10-06T05:10:50Z INFO [141/750] 49e04c9c-43ad-499e-8f15-c2d929aef73a: 1112 datasets; 12.3 s; peak memory 370 MiB.
2026-10-06T05:16:17Z INFO [142/750] 49e0ee2f-1245-4422-a70e-8564693b49e2: 283 datasets; 326.8 s; peak memory 579 MiB.
2026-10-06T05:16:18Z INFO [143/750] 49e18e40-48b4-4443-923f-d21f9dbe9202: 117 datasets; 1.4 s; peak memory 579 MiB.
2026-10-06T05:16:20Z INFO [144/750] 49e22e7a-8996-491f-b821-c044986c4dcf: 48 datasets; 1.4 s; peak memory 579 MiB.
2026-10-06T05:16:21Z INFO [145/750] 49e27878-2a12-454d-9f7c-7f4b3da45ba6: 48 datasets; 1.3 s; peak memory 579 MiB.
2026-10-06T05:16:23Z INFO [146/750] 49e2a547-1821-412a-878d-8794d8e939e6: 275 datasets; 2.0 s; peak memory 579 MiB.
2026-10-06T05:16:25Z INFO [147/750] 49e2b04c-4843-4241-b337-9a8b418c75e7: 112 datasets; 2.1 s; peak memory 579 MiB.
2026-10-06T05:16:27Z INFO [148/750] 49e2fcff-eee7-4dac-8e4e-31f1d3f23ed7: 79 datasets; 1.7 s; peak memory 579 MiB.
2026-10-06T05:16:28Z INFO [149/750] 49e3e323-0953-4ff7-93f2-7e143468a1f8: 52 datasets; 1.4 s; peak memory 579 MiB.
2026-10-06T05:16:30Z INFO [150/750] 49e42ae7-43eb-4031-956c-83ab54d4b4f7: 112 datasets; 1.8 s; peak memory 579 MiB.
2026-10-06T05:16:30Z INFO [150/750] 49e42ae7-43eb-4031-956c-83ab54d4b4f7: checkpointed 82485 records.
2026-10-06T05:16:32Z INFO [151/750] 49e46bc3-6731-444e-a777-165741347ba3: 69 datasets; 1.5 s; peak memory 579 MiB.
2026-10-06T05:16:33Z INFO [152/750] 49e4bd49-af7b-4400-89cb-029097e6327a: 53 datasets; 1.1 s; peak memory 579 MiB.
2026-10-06T05:16:34Z INFO [153/750] 49e518bf-ac11-4dff-a81b-3088fa5c5d88: 48 datasets; 1.3 s; peak memory 579 MiB.
2026-10-06T05:16:35Z INFO [154/750] 49e56c61-187f-4518-8a80-e4e448b2fa12: 48 datasets; 1.6 s; peak memory 579 MiB.
2026-10-06T05:16:43Z INFO [155/750] 49e59c7b-fcbc-4c03-a269-067a8d32e001: 537 datasets; 7.4 s; peak memory 579 MiB.
2026-10-06T05:16:44Z INFO [156/750] 49e5f284-d087-4f55-bf56-82a914d10cfa: 48 datasets; 1.2 s; peak memory 579 MiB.
2026-10-06T05:16:48Z INFO [157/750] 49e80ef0-b1eb-4873-aacc-d9647a22bb0a: 180 datasets; 4.3 s; peak memory 579 MiB.
2026-10-06T05:16:50Z INFO [158/750] 49e821c5-1ae1-440e-9fb1-1059f9e117c8: 112 datasets; 2.0 s; peak memory 579 MiB.
2026-10-06T05:16:52Z INFO [159/750] 49e85f1f-57bc-4697-bdfc-95f0940b3690: 261 datasets; 1.9 s; peak memory 579 MiB.
2026-10-06T05:16:54Z INFO [160/750] 49e87c7e-cea9-478b-a677-067a4970bea4: 64 datasets; 2.0 s; peak memory 579 MiB.
2026-10-06T05:16:56Z INFO [161/750] 49e992d4-fbc1-4212-a15a-e45d0c535bcf: 69 datasets; 1.8 s; peak memory 579 MiB.
2026-10-06T05:16:59Z INFO [162/750] 49ea1ca5-39ee-4c58-adec-ac9c815206a6: 71 datasets; 2.7 s; peak memory 579 MiB.
2026-10-06T05:17:00Z INFO [163/750] 49ea489c-f513-40c8-8950-58418ad09a73: 72 datasets; 1.5 s; peak memory 579 MiB.
2026-10-06T05:17:01Z INFO [164/750] 49ea7ec6-e8c3-410b-9a64-aa786c54f93a: 62 datasets; 1.2 s; peak memory 579 MiB.
2026-10-06T05:17:03Z INFO [165/750] 49eabc54-54c4-4391-8412-da10f41df139: 71 datasets; 1.8 s; peak memory 579 MiB.
2026-10-06T05:17:05Z INFO [166/750] 49ebc5dc-4ddd-4b38-95fb-c9160d451ea4: 74 datasets; 1.6 s; peak memory 579 MiB.
2026-10-06T05:17:06Z INFO [167/750] 49ed8e49-640a-49ce-bd9f-288dd396a665: 33 datasets; 0.9 s; peak memory 579 MiB.
2026-10-06T05:17:09Z INFO [168/750] 49eda484-bb14-4faa-a80e-4856438d30dc: 115 datasets; 3.1 s; peak memory 579 MiB.
2026-10-06T05:17:11Z INFO [169/750] 49ee5189-6402-443f-a2ef-f7e18cdae899: 134 datasets; 2.2 s; peak memory 579 MiB.
2026-10-06T05:17:12Z INFO [170/750] 49eedf72-6eb4-4379-8d1f-ea22b47446e6: 41 datasets; 1.2 s; peak memory 579 MiB.
2026-10-06T05:17:14Z INFO [171/750] 49eefe0f-dda0-4a13-9bc6-26f82441321c: 48 datasets; 1.3 s; peak memory 579 MiB.
2026-10-06T05:17:20Z INFO [172/750] 49ef7337-8ca6-4ced-b95f-f703710854a7: 229 datasets; 6.4 s; peak memory 579 MiB.
2026-10-06T05:17:21Z INFO [173/750] 49efc8bc-ed68-4f74-a551-365b8e7b303b: 48 datasets; 1.2 s; peak memory 579 MiB.
2026-10-06T05:17:23Z INFO [174/750] 49efd8d1-0adc-48fd-a954-ee91f626f690: 112 datasets; 1.7 s; peak memory 579 MiB.
2026-10-06T05:17:24Z INFO [175/750] 49f2165f-b2e7-4f59-bbc4-e630b0c5178f: 63 datasets; 1.2 s; peak memory 579 MiB.
2026-10-06T05:17:25Z INFO [176/750] 49f4417a-f1dd-49b1-8c02-1898af810636: 48 datasets; 1.3 s; peak memory 579 MiB.
2026-10-06T05:17:53Z INFO [177/750] 49f55193-e3a3-4047-8767-4f2255fa6460: 1657 datasets; 27.9 s; peak memory 579 MiB.
2026-10-06T05:17:55Z INFO [178/750] 49f58947-6910-42ae-a962-cd70e412b9d2: 124 datasets; 2.0 s; peak memory 579 MiB.
2026-10-06T05:17:56Z INFO [179/750] 49f6766f-6837-4e6f-bd96-16f90c7ee4ab: 46 datasets; 1.1 s; peak memory 579 MiB.
2026-10-06T05:17:59Z INFO [180/750] 49f75805-1fa4-44e8-960b-a3379aa4b549: 71 datasets; 2.9 s; peak memory 579 MiB.
2026-10-06T05:18:01Z INFO [181/750] 49f80b48-2f78-433d-b07b-6bbebbda691d: 117 datasets; 1.5 s; peak memory 579 MiB.
2026-10-06T05:18:14Z INFO [182/750] 49f961af-1409-43ae-93a3-bc78b110180a: 4355 datasets; 13.2 s; peak memory 579 MiB.
2026-10-06T05:18:15Z INFO [183/750] 49f968f6-e2c9-464d-a438-5818157f99fa: 116 datasets; 1.4 s; peak memory 579 MiB.
2026-10-06T05:18:19Z INFO [184/750] 49f97895-16ee-45be-8305-074501421f82: 87 datasets; 3.1 s; peak memory 579 MiB.
2026-10-06T05:18:22Z INFO [185/750] 49f9e13f-1be8-4f49-a27e-008accd9fc5b: 116 datasets; 3.1 s; peak memory 579 MiB.
2026-10-06T05:18:24Z INFO [186/750] 49fa56f4-2370-42b3-aa2f-0ed25b53e317: 71 datasets; 2.6 s; peak memory 579 MiB.
2026-10-06T05:18:26Z INFO [187/750] 49faa6f8-7ce8-4024-b066-0449fab3b942: 77 datasets; 2.2 s; peak memory 579 MiB.
2026-10-06T05:18:28Z INFO [188/750] 49fc136b-56d0-4bd6-8b1e-78ce6e5a21d9: 48 datasets; 1.3 s; peak memory 579 MiB.
2026-10-06T05:18:46Z INFO [189/750] 49fcaa5f-755e-405e-a6d5-499599575f04: 5681 datasets; 17.9 s; peak memory 579 MiB.
2026-10-06T05:18:47Z INFO [190/750] 49fcba70-f983-4734-a152-9df4b99f5cf1: 117 datasets; 1.4 s; peak memory 579 MiB.
2026-10-06T05:18:48Z INFO [191/750] 49fcdbc0-7e8e-45d9-bb3d-34ec9834bdfe: 46 datasets; 0.9 s; peak memory 579 MiB.
2026-10-06T05:18:50Z INFO [192/750] 49fcdff4-07bc-4e37-bad1-e78f18f5ee39: 118 datasets; 1.5 s; peak memory 579 MiB.
2026-10-06T05:18:51Z INFO [193/750] 49fd4bbe-5ced-4bff-8a1d-6b150fb4171d: 52 datasets; 1.4 s; peak memory 579 MiB.
2026-10-06T05:18:52Z INFO [194/750] 49fe5156-b801-4e3f-9cf0-0309cafde85b: 39 datasets; 1.3 s; peak memory 579 MiB.
2026-10-06T05:18:53Z INFO [195/750] 49ff1d0a-ea6a-4bfd-8959-4b88b856db96: 46 datasets; 1.0 s; peak memory 579 MiB.
2026-10-06T05:18:55Z INFO [196/750] 4a000342-8273-434f-af8e-225e2f78e28b: 70 datasets; 1.8 s; peak memory 579 MiB.
2026-10-06T05:19:03Z INFO [197/750] 4a0036c7-3db8-4949-abb8-b876cbd34068: 56 datasets; 8.1 s; peak memory 579 MiB.
2026-10-06T05:19:04Z INFO [198/750] 4a004322-461a-410a-8f55-ed15ec6cce74: 48 datasets; 1.3 s; peak memory 579 MiB.
2026-10-06T05:19:06Z INFO [199/750] 4a00a3d7-a744-4f8b-829d-b7713b4fb6c7: 112 datasets; 1.8 s; peak memory 579 MiB.
2026-10-06T05:19:08Z INFO [200/750] 4a00f288-5cc3-408a-84c8-38fbcdcf5530: 118 datasets; 1.5 s; peak memory 579 MiB.
2026-10-06T05:19:08Z INFO [200/750] 4a00f288-5cc3-408a-84c8-38fbcdcf5530: checkpointed 82535 records.
2026-10-06T05:19:10Z INFO [201/750] 4a013658-aa16-422b-976e-5846feb5b730: 112 datasets; 1.7 s; peak memory 579 MiB.
2026-10-06T05:19:10Z INFO [202/750] 4a0194cc-ff03-4b4f-90d2-b5752c3f7f8d: 46 datasets; 0.9 s; peak memory 579 MiB.
2026-10-06T05:19:12Z INFO [203/750] 4a019a01-46b2-4543-9acc-2c5681b7faf4: 69 datasets; 1.7 s; peak memory 579 MiB.
2026-10-06T05:19:14Z INFO [204/750] 4a0240ff-58ec-4adc-ba00-fc310819a9e0: 289 datasets; 1.7 s; peak memory 579 MiB.
2026-10-06T05:19:15Z INFO [205/750] 4a033083-c8bf-415f-a373-b5572bb3c0dc: 48 datasets; 1.3 s; peak memory 579 MiB.
2026-10-06T05:19:17Z INFO [206/750] 4a035c35-cc94-4407-9566-e1c91a605534: 118 datasets; 1.5 s; peak memory 579 MiB.
2026-10-06T05:19:18Z INFO [207/750] 4a036e01-92c5-4794-a099-a18fcb8580e6: 48 datasets; 1.2 s; peak memory 579 MiB.
2026-10-06T05:19:19Z INFO [208/750] 4a037a0c-363e-465a-8824-bc2fcee046f2: 48 datasets; 1.4 s; peak memory 579 MiB.
2026-10-06T05:19:21Z INFO [209/750] 4a03a610-ebfb-4954-bdda-3a24c5081505: 48 datasets; 1.3 s; peak memory 579 MiB.
2026-10-06T05:19:22Z INFO [210/750] 4a03aa42-499f-4a94-a9e7-d2720a77b4b4: 69 datasets; 1.7 s; peak memory 579 MiB.
2026-10-06T05:19:32Z INFO [211/750] 4a03b70d-60d3-4c7a-8294-a7484e5fb28c: 106 datasets; 9.5 s; peak memory 579 MiB.
2026-10-06T05:19:33Z INFO [212/750] 4a040d80-79a0-4f03-827f-5b56fcfe46d1: 66 datasets; 1.7 s; peak memory 579 MiB.
2026-10-06T05:19:35Z INFO [213/750] 4a0443be-fedb-4ea6-8958-f857abf7d1cf: 66 datasets; 1.6 s; peak memory 579 MiB.
2026-10-06T05:19:37Z INFO [214/750] 4a047d73-e0e3-4d94-b53b-b20fdee41dc3: 112 datasets; 1.9 s; peak memory 579 MiB.
2026-10-06T05:19:38Z INFO [215/750] 4a05274f-0671-4958-977e-e32665b6d5d3: 48 datasets; 1.3 s; peak memory 579 MiB.
2026-10-06T05:19:40Z INFO [216/750] 4a0533e8-6103-4164-a495-0693644635c9: 48 datasets; 1.3 s; peak memory 579 MiB.
2026-10-06T05:19:41Z INFO [217/750] 4a0541de-c43d-4461-9a85-262a3988dc20: 112 datasets; 1.8 s; peak memory 579 MiB.
2026-10-06T05:19:47Z INFO [218/750] 4a054531-facd-462b-aded-5df1a4b3b897: 462 datasets; 5.6 s; peak memory 579 MiB.
2026-10-06T05:19:50Z INFO [219/750] 4a0596ad-dc7d-43e2-8ffe-64df7181ccf6: 71 datasets; 2.6 s; peak memory 579 MiB.
2026-10-06T05:19:52Z INFO [220/750] 4a05fc9f-743f-4584-afb8-03dc67e9c98b: 112 datasets; 2.1 s; peak memory 579 MiB.
2026-10-06T05:19:54Z INFO [221/750] 4a06236a-f561-4815-9b9f-e6b66dac6d9b: 71 datasets; 1.8 s; peak memory 579 MiB.
2026-10-06T05:19:55Z INFO [222/750] 4a068105-8276-453f-9880-b0952dd453ef: 46 datasets; 1.0 s; peak memory 579 MiB.
2026-10-06T05:19:56Z INFO [223/750] 4a0694cf-aa51-4405-807d-8a517b77eaa6: 117 datasets; 1.6 s; peak memory 579 MiB.
2026-10-06T05:19:57Z INFO [224/750] 4a069703-c97c-4ce9-8d4b-e39d2fcd76a0: 21 datasets; 0.9 s; peak memory 579 MiB.
2026-10-06T05:19:58Z INFO [225/750] 4a075606-3008-47d7-b20f-25e62a721bc7: 118 datasets; 1.4 s; peak memory 579 MiB.
2026-10-06T05:20:18Z INFO [226/750] 4a076049-8c36-4e49-aabf-1f2ef7addea4: 1268 datasets; 19.4 s; peak memory 579 MiB.
2026-10-06T05:20:37Z INFO [227/750] 4a0869a4-4894-44e6-9e60-62ae6df02812: 1312 datasets; 19.3 s; peak memory 579 MiB.
2026-10-06T05:20:39Z INFO [228/750] 4a09d42b-3d61-4d16-9dc1-7c8b926ac2c2: 48 datasets; 1.3 s; peak memory 579 MiB.
2026-10-06T05:20:42Z INFO [229/750] 4a0ae650-b623-49c1-916c-81aec154eda8: 115 datasets; 3.2 s; peak memory 579 MiB.
2026-10-06T05:20:43Z INFO [230/750] 4a0b4289-137b-4bca-a7e4-f84520400f8e: 45 datasets; 1.1 s; peak memory 579 MiB.
2026-10-06T05:20:44Z INFO [231/750] 4a0bb116-433d-4348-916c-7c5bf5d2bbe0: 117 datasets; 1.5 s; peak memory 579 MiB.
2026-10-06T05:20:49Z INFO [232/750] 4a0c04e0-3fad-4413-a5a6-1f82a553af1f: 111 datasets; 4.9 s; peak memory 579 MiB.
2026-10-06T05:20:51Z INFO [233/750] 4a0c386d-ba9d-46c6-bd83-a20a82216809: 69 datasets; 1.4 s; peak memory 579 MiB.
2026-10-06T05:20:52Z INFO [234/750] 4a0c8f07-b714-458a-8e54-638984447f1f: 46 datasets; 1.1 s; peak memory 579 MiB.
2026-10-06T05:20:54Z INFO [235/750] 4a0d7785-c746-4e6f-a2e4-800e9fdb1feb: 38 datasets; 2.6 s; peak memory 579 MiB.
2026-10-06T05:21:15Z INFO [236/750] 4a0daa2f-9abe-424b-93cd-42645f159df2: 885 datasets; 21.1 s; peak memory 579 MiB.
2026-10-06T05:21:30Z INFO [237/750] 4a0db4b6-0c01-4bf2-9bc8-9217e28a2b30: 961 datasets; 15.0 s; peak memory 579 MiB.
2026-10-06T05:21:32Z INFO [238/750] 4a0dee3d-ac28-4dfb-b5d4-e3246633775a: 112 datasets; 1.8 s; peak memory 579 MiB.
2026-10-06T05:21:33Z INFO [239/750] 4a0e3f91-450e-4c9b-bf19-db994380dd3f: 47 datasets; 1.1 s; peak memory 579 MiB.
2026-10-06T05:21:35Z INFO [240/750] 4a0f23b6-6f1e-456c-97c3-fc6a3c54beb5: 110 datasets; 2.1 s; peak memory 579 MiB.
2026-10-06T05:21:37Z INFO [241/750] 4a0feb83-e1eb-4a3b-bb68-de06adf34f65: 117 datasets; 1.4 s; peak memory 579 MiB.
2026-10-06T05:21:56Z INFO [242/750] 4a106014-9146-415f-9259-3add43cba833: 428 datasets; 19.0 s; peak memory 579 MiB.
2026-10-06T05:22:08Z INFO [243/750] 4a1118e8-cd39-478e-a58b-8a9dd5285c21: 920 datasets; 12.5 s; peak memory 579 MiB.
2026-10-06T05:22:09Z INFO [244/750] 4a11b1ca-f295-4858-a231-01b93ec1520b: 50 datasets; 1.2 s; peak memory 579 MiB.
2026-10-06T05:22:10Z INFO [245/750] 4a11dab6-c63b-49e6-9d7f-a5753041f188: 35 datasets; 1.0 s; peak memory 579 MiB.
2026-10-06T05:22:22Z INFO [246/750] 4a122743-d707-4133-944b-c10f96502fea: 728 datasets; 11.8 s; peak memory 579 MiB.
2026-10-06T05:22:36Z INFO [247/750] 4a126e07-a135-40cc-b597-dccb87763f04: 819 datasets; 13.5 s; peak memory 579 MiB.
2026-10-06T05:22:40Z INFO [248/750] 4a12d2ca-1555-437b-86c0-35fe56cb79ef: 328 datasets; 4.4 s; peak memory 579 MiB.
2026-10-06T05:22:55Z INFO [249/750] 4a1329c5-0fe8-41cd-a30a-98bdcba762e6: 50 datasets; 15.3 s; peak memory 579 MiB.
2026-10-06T05:23:06Z INFO [250/750] 4a146b38-bc95-42e2-9ea0-6d6251e4f07c: 55 datasets; 10.4 s; peak memory 579 MiB.
2026-10-06T05:23:06Z INFO [250/750] 4a146b38-bc95-42e2-9ea0-6d6251e4f07c: checkpointed 82585 records.
2026-10-06T05:23:07Z INFO [251/750] 4a14c968-7f49-40e8-8d76-5e874de1c2ca: 48 datasets; 1.3 s; peak memory 579 MiB.
2026-10-06T05:23:09Z INFO [252/750] 4a1529b5-98ad-49e0-82b4-37ab7f55a9ff: 62 datasets; 1.6 s; peak memory 579 MiB.
2026-10-06T05:23:15Z INFO [253/750] 4a15939c-831c-4188-8de1-c1be604a27ce: 229 datasets; 6.0 s; peak memory 579 MiB.
2026-10-06T05:23:16Z INFO [254/750] 4a160fc0-871a-41ac-b33c-4b878c1536b0: 21 datasets; 1.0 s; peak memory 579 MiB.
2026-10-06T05:27:36Z INFO [255/750] 4a166038-3b56-4edc-99a5-8c37fa9524f0: 269 datasets; 260.2 s; peak memory 579 MiB.
2026-10-06T05:27:39Z INFO [256/750] 4a1755de-4fd2-4415-8bb1-9bdaf64c9c21: 45 datasets; 2.5 s; peak memory 579 MiB.
2026-10-06T05:27:40Z INFO [257/750] 4a176368-b4c8-445f-a094-35b1aa883ea2: 41 datasets; 1.2 s; peak memory 579 MiB.
2026-10-06T05:27:43Z INFO [258/750] 4a17827f-76c1-478e-b0ef-00571d7e0314: 119 datasets; 2.9 s; peak memory 579 MiB.
2026-10-06T05:27:45Z INFO [259/750] 4a17a4de-51df-424f-866d-406f5617bcb0: 117 datasets; 1.7 s; peak memory 579 MiB.
2026-10-06T05:27:46Z INFO [260/750] 4a180156-3f5a-4c28-ab0b-8a64602dcfdb: 117 datasets; 1.6 s; peak memory 579 MiB.
2026-10-06T05:27:47Z INFO [261/750] 4a183abe-cd05-45fe-adce-d314360fc052: 48 datasets; 1.3 s; peak memory 579 MiB.
2026-10-06T05:27:49Z INFO [262/750] 4a1862b4-bbcb-4e16-962c-55d01ab90f8b: 48 datasets; 1.3 s; peak memory 579 MiB.
2026-10-06T05:27:52Z INFO [263/750] 4a19c8c4-3754-4f64-bfda-ce437e2b7a25: 123 datasets; 2.8 s; peak memory 579 MiB.
2026-10-06T05:27:53Z INFO [264/750] 4a19cc48-828e-416e-adff-a3ee3294d435: 50 datasets; 1.5 s; peak memory 579 MiB.
2026-10-06T05:31:28Z INFO [265/750] 4a19ea1b-683a-4ffb-98e8-cb702cddee93: 173 datasets; 214.6 s; peak memory 579 MiB.
2026-10-06T05:31:30Z INFO [266/750] 4a1a10dd-73b5-4fab-bbb7-4e16a24e2807: 70 datasets; 2.7 s; peak memory 579 MiB.
2026-10-06T05:31:31Z INFO [267/750] 4a1a7170-6692-4160-a16d-0f4b7c56415b: 33 datasets; 0.9 s; peak memory 579 MiB.
2026-10-06T05:31:33Z INFO [268/750] 4a1a9c5f-4e2b-4934-833a-b86b598d56c5: 48 datasets; 1.4 s; peak memory 579 MiB.
2026-10-06T05:31:40Z INFO [269/750] 4a1b2b86-fde7-4200-bd32-66bdde2f8c42: 736 datasets; 7.8 s; peak memory 579 MiB.
2026-10-06T05:31:42Z INFO [270/750] 4a1b384f-8d0d-4440-baf9-056969d72ad3: 48 datasets; 1.4 s; peak memory 579 MiB.
2026-10-06T05:31:53Z INFO [271/750] 4a1b4dcc-caa7-4f4b-a461-37fe407dda52: 396 datasets; 11.3 s; peak memory 579 MiB.
2026-10-06T05:31:54Z INFO [272/750] 4a1b76c1-b7a9-49ca-b749-ceb44f69befe: 48 datasets; 1.2 s; peak memory 579 MiB.
2026-10-06T05:31:57Z INFO [273/750] 4a1bdcdb-1c51-46e6-9c3b-3c53bdab4a5f: 71 datasets; 2.6 s; peak memory 579 MiB.
2026-10-06T05:31:59Z INFO [274/750] 4a1c88af-b0d7-42b6-91b1-e676ef707b0b: 102 datasets; 2.1 s; peak memory 579 MiB.
2026-10-06T05:32:00Z INFO [275/750] 4a1c8f5a-178b-4db3-852a-a2ea43293c35: 48 datasets; 1.4 s; peak memory 579 MiB.
2026-10-06T05:32:02Z INFO [276/750] 4a1c9824-22b4-44b7-9702-aa75892d825f: 46 datasets; 1.5 s; peak memory 579 MiB.
2026-10-06T05:32:05Z INFO [277/750] 4a1cfb69-93cd-4d58-8c5b-00c3d51cc464: 115 datasets; 3.2 s; peak memory 579 MiB.
2026-10-06T05:32:16Z INFO [278/750] 4a1d3385-2fa1-4b17-b9b7-5d057c484d28: 336 datasets; 10.6 s; peak memory 579 MiB.
2026-10-06T05:32:18Z INFO [279/750] 4a1e220a-9f9b-4d5a-8b88-50949d04109d: 57 datasets; 2.3 s; peak memory 579 MiB.
2026-10-06T05:32:19Z INFO [280/750] 4a1edd72-bad4-40db-aafc-6f3a89949ee2: 48 datasets; 1.4 s; peak memory 579 MiB.
2026-10-06T05:32:35Z INFO [281/750] 4a1ef2a8-aad8-4153-b8fb-821292e0c5fe: 268 datasets; 15.6 s; peak memory 579 MiB.
2026-10-06T05:32:38Z INFO [282/750] 4a1f0bec-f0a0-493f-a66f-b6e9e866a217: 82 datasets; 3.4 s; peak memory 579 MiB.
2026-10-06T05:32:40Z INFO [283/750] 4a20324b-d1d8-439b-9126-bd1a04a4ef3c: 69 datasets; 1.7 s; peak memory 579 MiB.
2026-10-06T05:32:42Z INFO [284/750] 4a20636b-e8fd-40a2-9e7d-97c22d8b0d38: 112 datasets; 1.8 s; peak memory 579 MiB.
2026-10-06T05:32:46Z INFO [285/750] 4a20bd17-8014-4999-ae8c-fd76d6d5adf5: 116 datasets; 3.5 s; peak memory 579 MiB.
2026-10-06T05:32:47Z INFO [286/750] 4a20fdda-883f-4084-bb17-3d148b4fa5a7: 35 datasets; 1.0 s; peak memory 579 MiB.
2026-10-06T05:32:48Z INFO [287/750] 4a214485-af96-44a8-b8a8-95cb9824e59b: 117 datasets; 1.6 s; peak memory 579 MiB.
2026-10-06T05:32:50Z INFO [288/750] 4a2175db-114d-436f-bbfd-d96a69f313c2: 49 datasets; 2.1 s; peak memory 579 MiB.
2026-10-06T05:32:59Z INFO [289/750] 4a2195a6-3cba-4a80-bbcc-4b80f619986b: 11477 datasets; 8.6 s; peak memory 579 MiB.
2026-10-06T05:33:07Z INFO [290/750] 4a23d165-cc0f-4a31-88d8-076a0cd44bb6: 777 datasets; 8.5 s; peak memory 579 MiB.
2026-10-06T05:33:09Z INFO [291/750] 4a24288b-c1dd-4da6-afef-ecfe8271d419: 59 datasets; 1.6 s; peak memory 579 MiB.
2026-10-06T05:33:11Z INFO [292/750] 4a2432b8-ea5d-4255-8557-08f6af5cb782: 78 datasets; 2.3 s; peak memory 579 MiB.
2026-10-06T05:33:13Z INFO [293/750] 4a24586b-abba-42e5-9104-6d89d758a3e9: 66 datasets; 1.4 s; peak memory 579 MiB.
2026-10-06T05:33:15Z INFO [294/750] 4a249afe-5d4f-44d1-a272-f6ff6cd3df30: 71 datasets; 2.0 s; peak memory 579 MiB.
2026-10-06T05:33:17Z INFO [295/750] 4a24bdd2-4559-479f-aaac-01f513c1460f: 119 datasets; 2.3 s; peak memory 579 MiB.
2026-10-06T05:33:19Z INFO [296/750] 4a24c9f9-5269-4025-a623-7a3bf75baacb: 38 datasets; 2.4 s; peak memory 579 MiB.
2026-10-06T05:33:26Z INFO [297/750] 4a25ffd0-1e09-4705-b111-b686a63bf8da: 526 datasets; 6.6 s; peak memory 579 MiB.
2026-10-06T05:33:28Z INFO [298/750] 4a26fa6f-45af-41fc-b515-cf3dd8ee6872: 71 datasets; 2.2 s; peak memory 579 MiB.
2026-10-06T05:33:29Z INFO [299/750] 4a2713d2-6f9a-4831-bc68-547aa05f2083: 46 datasets; 1.1 s; peak memory 579 MiB.
2026-10-06T05:33:31Z INFO [300/750] 4a2836d4-549e-4e24-abc8-07a825425db6: 62 datasets; 1.7 s; peak memory 579 MiB.
2026-10-06T05:33:31Z INFO [300/750] 4a2836d4-549e-4e24-abc8-07a825425db6: checkpointed 82635 records.
2026-10-06T05:33:42Z INFO [301/750] 4a297ea2-dae7-4a67-aa1b-b0b2c251ccf6: 668 datasets; 10.8 s; peak memory 579 MiB.
2026-10-06T05:33:44Z INFO [302/750] 4a2a6311-3ed5-44e1-a42c-f5f045bb08c8: 118 datasets; 1.6 s; peak memory 579 MiB.
2026-10-06T05:33:45Z INFO [303/750] 4a2aa2c9-d975-48b0-b131-d0494f542b91: 48 datasets; 1.2 s; peak memory 579 MiB.
2026-10-06T05:33:48Z INFO [304/750] 4a2b165a-467b-4a5f-b911-31429e8ffa24: 165 datasets; 2.8 s; peak memory 579 MiB.
2026-10-06T05:35:25Z INFO [305/750] 4a2bc6f4-61a6-45d8-a346-64c50ce23b81: 99 datasets; 97.6 s; peak memory 579 MiB.
2026-10-06T05:35:36Z INFO [306/750] 4a2ce0e8-9846-4a5e-8bf9-7c82e8e90f72: 3907 datasets; 11.1 s; peak memory 579 MiB.
2026-10-06T05:35:39Z INFO [307/750] 4a2ce6ad-56e5-4905-a99d-b685972f3801: 112 datasets; 2.3 s; peak memory 579 MiB.
2026-10-06T05:35:40Z INFO [308/750] 4a2d5967-6155-4a16-a53b-cde0a50cca62: 118 datasets; 1.5 s; peak memory 579 MiB.
2026-10-06T05:35:41Z INFO [309/750] 4a2d76a3-768f-47e7-bbb3-37eacf4a1b33: 46 datasets; 0.8 s; peak memory 579 MiB.
2026-10-06T05:36:02Z INFO [310/750] 4a2dd974-a280-4e5d-957f-2b9cf6113bd0: 48 datasets; 21.4 s; peak memory 579 MiB.
2026-10-06T05:36:04Z INFO [311/750] 4a2ef0d4-c45b-4dd6-b925-0a79a3b46b7b: 112 datasets; 1.8 s; peak memory 579 MiB.
2026-10-06T05:36:06Z INFO [312/750] 4a301d1a-4689-4757-89c7-6c6fea8fb5a6: 49 datasets; 1.9 s; peak memory 579 MiB.
2026-10-06T05:36:07Z INFO [313/750] 4a316acd-1bac-498a-86ae-45b1d0cb19c3: 117 datasets; 1.4 s; peak memory 579 MiB.
2026-10-06T05:36:09Z INFO [314/750] 4a3203d4-cbf0-49ef-a436-7fefa2c9e567: 118 datasets; 1.5 s; peak memory 579 MiB.
2026-10-06T05:36:11Z INFO [315/750] 4a320c82-d8c3-4ece-9f54-79c3428fd301: 66 datasets; 1.9 s; peak memory 579 MiB.
2026-10-06T05:36:13Z INFO [316/750] 4a32269e-f8c5-4bbd-8ee0-98de57cf2a0d: 66 datasets; 2.0 s; peak memory 579 MiB.
2026-10-06T05:36:14Z INFO [317/750] 4a3244ba-c330-4e02-8a60-035a05892929: 48 datasets; 1.4 s; peak memory 579 MiB.
2026-10-06T05:36:16Z INFO [318/750] 4a32dd3e-4ac5-4516-af10-fefca794ceae: 72 datasets; 1.6 s; peak memory 579 MiB.
2026-10-06T05:36:17Z INFO [319/750] 4a3340b3-fd53-43a0-8b8d-e9e6434f9710: 45 datasets; 1.0 s; peak memory 579 MiB.
2026-10-06T05:36:19Z INFO [320/750] 4a3399d0-3f88-411f-8630-1bb89a4d9613: 66 datasets; 2.3 s; peak memory 579 MiB.
2026-10-06T05:36:20Z INFO [321/750] 4a33ccf4-3d86-4cf8-95ad-c0a0c7a47743: 48 datasets; 1.4 s; peak memory 579 MiB.
2026-10-06T05:36:22Z INFO [322/750] 4a3411dd-68be-43f2-abdf-671399ecfe61: 112 datasets; 1.8 s; peak memory 579 MiB.
2026-10-06T05:36:24Z INFO [323/750] 4a345c0a-1e3c-4667-812a-4d35fd71fa6a: 110 datasets; 1.8 s; peak memory 579 MiB.
2026-10-06T05:36:26Z INFO [324/750] 4a34a741-f5f3-4265-befd-2d05f319ba28: 118 datasets; 1.7 s; peak memory 579 MiB.
2026-10-06T05:36:28Z INFO [325/750] 4a351bad-5ec3-4516-ab1d-d69dc126aee3: 275 datasets; 1.8 s; peak memory 579 MiB.
2026-10-06T05:38:50Z INFO [326/750] 4a359021-086d-4990-af26-0ab8f9f4f252: 413 datasets; 142.2 s; peak memory 579 MiB.
2026-10-06T05:39:17Z INFO [327/750] 4a35954c-f154-48c1-a0ef-858d4d2262e6: 1461 datasets; 26.9 s; peak memory 579 MiB.
2026-10-06T05:39:18Z INFO [328/750] 4a374c83-b2c4-401a-8e4f-de47b62dd5df: 48 datasets; 1.3 s; peak memory 579 MiB.
2026-10-06T05:40:10Z INFO [329/750] 4a383c52-2dde-4d3d-98b1-967628c63d46: 52 datasets; 52.4 s; peak memory 579 MiB.
2026-10-06T05:40:12Z INFO [330/750] 4a393547-10b6-4aec-a34a-5ca0b894c263: 117 datasets; 1.6 s; peak memory 579 MiB.
2026-10-06T05:40:15Z INFO [331/750] 4a3964c5-2d9e-4fe2-a835-4f82142d0425: 39 datasets; 2.8 s; peak memory 579 MiB.
2026-10-06T05:40:16Z INFO [332/750] 4a3a32e6-6a46-4acc-b488-6dda257aaa21: 52 datasets; 1.3 s; peak memory 579 MiB.
2026-10-06T05:40:18Z INFO [333/750] 4a3a56e5-a05d-4657-914d-7541cd50bed3: 52 datasets; 1.5 s; peak memory 579 MiB.
2026-10-06T05:40:20Z INFO [334/750] 4a3a98e9-d707-43ca-b017-d9af3f61bd61: 115 datasets; 2.7 s; peak memory 579 MiB.
2026-10-06T05:40:22Z INFO [335/750] 4a3b77ac-ced1-4c7a-ae22-d54355e017d2: 71 datasets; 1.9 s; peak memory 579 MiB.
2026-10-06T05:40:23Z INFO [336/750] 4a3bb4ae-54e7-4f4c-8cca-7b393285c955: 48 datasets; 1.3 s; peak memory 579 MiB.
2026-10-06T05:40:25Z INFO [337/750] 4a3bdb57-e3b9-4e6e-979b-c69d3d62c3f1: 112 datasets; 1.6 s; peak memory 579 MiB.
2026-10-06T05:40:27Z INFO [338/750] 4a3c292b-0b49-4440-a125-caf89f94ad02: 112 datasets; 2.1 s; peak memory 579 MiB.
2026-10-06T05:40:29Z INFO [339/750] 4a3c66e9-ac50-4ed2-aed9-d5337f9407e2: 112 datasets; 1.7 s; peak memory 579 MiB.
2026-10-06T05:40:30Z INFO [340/750] 4a3cf1e8-99b0-4ef1-b1a5-a05ef5be359c: 48 datasets; 1.2 s; peak memory 579 MiB.
2026-10-06T05:40:33Z INFO [341/750] 4a3dd304-4c6e-44d8-81a4-beaf03e4022f: 184 datasets; 3.0 s; peak memory 579 MiB.
2026-10-06T05:40:34Z INFO [342/750] 4a3e2bbb-35ed-4dcf-8123-1dbd246af288: 56 datasets; 1.0 s; peak memory 579 MiB.
2026-10-06T05:40:35Z INFO [343/750] 4a3eecda-25f0-464f-99e8-a9876febb399: 48 datasets; 1.3 s; peak memory 579 MiB.
2026-10-06T05:40:37Z INFO [344/750] 4a3f1959-e2b0-4472-8b66-57462279e0ce: 50 datasets; 1.2 s; peak memory 579 MiB.
2026-10-06T05:40:38Z INFO [345/750] 4a3f38a0-df63-4577-a0e4-e57ae4a63331: 48 datasets; 1.4 s; peak memory 579 MiB.
2026-10-06T05:55:39Z INFO [346/750] 4a3f4b9f-00cc-4987-9ca6-d57e398f485e: 216 datasets; 900.7 s; peak memory 1232 MiB.
2026-10-06T05:55:40Z INFO [347/750] 4a3feb7b-0217-43ab-9efa-df8fbf4a5522: 48 datasets; 1.4 s; peak memory 1232 MiB.
2026-10-06T05:55:42Z INFO [348/750] 4a403a5d-88fc-49f1-a2af-37aae21ac5d3: 117 datasets; 1.8 s; peak memory 1232 MiB.
2026-10-06T05:55:43Z INFO [349/750] 4a407588-f447-4463-9a67-6bd44069b227: 101 datasets; 1.3 s; peak memory 1232 MiB.
2026-10-06T05:55:44Z INFO [350/750] 4a40afe5-5d27-4577-8297-f532efceb762: 48 datasets; 1.3 s; peak memory 1232 MiB.
2026-10-06T05:55:45Z INFO [350/750] 4a40afe5-5d27-4577-8297-f532efceb762: checkpointed 82685 records.
2026-10-06T05:55:46Z INFO [351/750] 4a416104-fc65-4bbd-9344-a041cdf7b0ec: 44 datasets; 1.1 s; peak memory 1232 MiB.
2026-10-06T05:55:47Z INFO [352/750] 4a41d19d-fc23-425f-a142-907d07382397: 46 datasets; 1.0 s; peak memory 1232 MiB.
2026-10-06T05:55:54Z INFO [353/750] 4a422345-c942-44d7-b6aa-f96a288b0b20: 46 datasets; 7.5 s; peak memory 1232 MiB.
2026-10-06T05:55:56Z INFO [354/750] 4a4226f7-056a-4a78-868e-fd34404193fb: 48 datasets; 1.4 s; peak memory 1232 MiB.
2026-10-06T05:55:57Z INFO [355/750] 4a42a4fd-e7fe-4b3f-8323-aa2430c9ae38: 118 datasets; 1.7 s; peak memory 1232 MiB.
2026-10-06T05:56:01Z INFO [356/750] 4a4319b8-26dd-4e12-bcb0-4e210b4e6e0f: 156 datasets; 3.5 s; peak memory 1232 MiB.
2026-10-06T05:56:14Z INFO [357/750] 4a437270-c7f6-49d7-a5ff-9fafbcf79433: 827 datasets; 12.9 s; peak memory 1232 MiB.
2026-10-06T05:56:17Z INFO [358/750] 4a440aca-1422-48a8-b732-a2dc2fb3729c: 38 datasets; 2.9 s; peak memory 1232 MiB.
2026-10-06T05:56:34Z INFO [359/750] 4a4453f3-7845-41b2-bce8-e8c5a55faecf: 6203 datasets; 17.0 s; peak memory 1232 MiB.
2026-10-06T05:56:35Z INFO [360/750] 4a467d09-e8a5-4f48-bc59-edc0b66d3608: 117 datasets; 1.4 s; peak memory 1232 MiB.
2026-10-06T05:56:37Z INFO [361/750] 4a46a558-05ff-47d0-87a2-21255ab4039a: 112 datasets; 1.8 s; peak memory 1232 MiB.
2026-10-06T05:56:39Z INFO [362/750] 4a47137f-8aec-4307-9774-9c4ea1eaa605: 66 datasets; 1.9 s; peak memory 1232 MiB.
2026-10-06T05:56:40Z INFO [363/750] 4a4794e4-0a00-4ef7-9662-b5a4c83084fc: 50 datasets; 1.3 s; peak memory 1232 MiB.
2026-10-06T05:56:41Z INFO [364/750] 4a479bcc-3a1d-4883-a869-cebfd2bfde7e: 48 datasets; 1.3 s; peak memory 1232 MiB.
2026-10-06T05:56:44Z INFO [365/750] 4a47c4b8-0a4f-45f5-9aa5-a9a9b7e69f79: 78 datasets; 2.3 s; peak memory 1232 MiB.
2026-10-06T05:57:02Z INFO [366/750] 4a47d2d8-19f5-4838-9df6-0025e926b848: 41 datasets; 18.6 s; peak memory 1232 MiB.
2026-10-06T05:57:04Z INFO [367/750] 4a47e73d-028c-483e-b40b-ef0774f6cd5d: 46 datasets; 1.4 s; peak memory 1232 MiB.
2026-10-06T05:57:05Z INFO [368/750] 4a4825a0-554e-45c3-bed3-e859e54249bc: 45 datasets; 1.0 s; peak memory 1232 MiB.
2026-10-06T05:57:06Z INFO [369/750] 4a485e8a-3c5b-4675-8022-d94069f69544: 112 datasets; 1.6 s; peak memory 1232 MiB.
2026-10-06T05:57:10Z INFO [370/750] 4a48a3da-83c4-409e-ab4a-0afc5ec27cdc: 99 datasets; 3.6 s; peak memory 1232 MiB.
2026-10-06T05:57:11Z INFO [371/750] 4a48beb7-e837-4971-989f-0be498ca9e0b: 117 datasets; 1.5 s; peak memory 1232 MiB.
2026-10-06T05:57:13Z INFO [372/750] 4a48c11a-43c3-4197-8b47-d787e37311d0: 112 datasets; 1.9 s; peak memory 1232 MiB.
2026-10-06T05:57:14Z INFO [373/750] 4a48e19a-19ea-4d37-8249-24bb4046ae04: 121 datasets; 1.1 s; peak memory 1232 MiB.
2026-10-06T05:57:17Z INFO [374/750] 4a497aa5-456f-4dc8-b208-934807102e70: 102 datasets; 2.9 s; peak memory 1232 MiB.
2026-10-06T05:57:21Z INFO [375/750] 4a4a6813-5c7e-4f00-877a-0105354d71f1: 99 datasets; 3.5 s; peak memory 1232 MiB.
2026-10-06T05:57:22Z INFO [376/750] 4a4ad6c5-755b-4c94-a5d1-0ade0b8641ad: 76 datasets; 1.1 s; peak memory 1232 MiB.
2026-10-06T05:57:24Z INFO [377/750] 4a4b14f8-7302-4866-8048-0bff5646a699: 132 datasets; 1.7 s; peak memory 1232 MiB.
2026-10-06T05:57:26Z INFO [378/750] 4a4bbbfa-c0c9-4af2-bc5b-c340e88ae2a3: 38 datasets; 2.8 s; peak memory 1232 MiB.
2026-10-06T05:57:29Z INFO [379/750] 4a4c853b-9c2f-4e8c-bfe8-50dc5b8e7291: 66 datasets; 2.5 s; peak memory 1232 MiB.
2026-10-06T05:57:31Z INFO [380/750] 4a4ca33c-df97-4056-b881-6311c95eeabc: 70 datasets; 1.8 s; peak memory 1232 MiB.
2026-10-06T05:57:32Z INFO [381/750] 4a4dec06-553e-4218-aea6-0d25ba27d979: 39 datasets; 1.3 s; peak memory 1232 MiB.
2026-10-06T05:57:34Z INFO [382/750] 4a4e3436-3ceb-464c-9b82-694c000b9245: 66 datasets; 1.6 s; peak memory 1232 MiB.
2026-10-06T05:57:35Z INFO [383/750] 4a4e40af-3496-4639-8c86-376d33861945: 48 datasets; 1.2 s; peak memory 1232 MiB.
2026-10-06T05:57:37Z INFO [384/750] 4a4e4755-55d3-48e0-986e-53af153f25ec: 74 datasets; 2.1 s; peak memory 1232 MiB.
2026-10-06T05:57:39Z INFO [385/750] 4a4f2b7e-63a4-452f-8845-55bbf296e762: 71 datasets; 2.5 s; peak memory 1232 MiB.
2026-10-06T05:57:41Z INFO [386/750] 4a4f2b80-39b1-4787-aa92-db9212b7ae77: 39 datasets; 1.3 s; peak memory 1232 MiB.
2026-10-06T05:57:42Z INFO [387/750] 4a4f7369-ff6d-471d-9a25-d8c57c07c200: 46 datasets; 0.9 s; peak memory 1232 MiB.
2026-10-06T05:57:45Z INFO [388/750] 4a50425e-1213-4c72-bdc3-fc3e9230c6c0: 156 datasets; 3.8 s; peak memory 1232 MiB.
2026-10-06T05:57:47Z INFO [389/750] 4a510a03-81c9-4f7c-ae03-711d7c92a28a: 48 datasets; 1.2 s; peak memory 1232 MiB.
2026-10-06T05:57:49Z INFO [390/750] 4a5125af-24e7-4114-b4f2-dc02819b92fa: 112 datasets; 2.0 s; peak memory 1232 MiB.
2026-10-06T05:57:50Z INFO [391/750] 4a51d757-8806-407f-9f30-27ff659aff01: 112 datasets; 1.6 s; peak memory 1232 MiB.
2026-10-06T05:57:51Z INFO [392/750] 4a51ddc0-47b2-43e4-9a8a-1483e634010d: 48 datasets; 1.3 s; peak memory 1232 MiB.
2026-10-06T05:57:53Z INFO [393/750] 4a5263ed-b8d0-45f4-bb82-d0cc3f5d27ad: 48 datasets; 1.2 s; peak memory 1232 MiB.
2026-10-06T05:57:54Z INFO [394/750] 4a5278b8-2f32-4dd7-a2a8-f1b8e0f23819: 118 datasets; 1.5 s; peak memory 1232 MiB.
2026-10-06T05:57:56Z INFO [395/750] 4a53211b-ddd2-4bb0-9073-91fa77266a93: 112 datasets; 1.8 s; peak memory 1232 MiB.
2026-10-06T05:57:58Z INFO [396/750] 4a5366a0-7ebb-49c4-992c-6b496e0dc52e: 114 datasets; 1.9 s; peak memory 1232 MiB.
2026-10-06T05:57:59Z INFO [397/750] 4a54c952-9b03-470b-9540-36f9f53c93da: 48 datasets; 1.2 s; peak memory 1232 MiB.
2026-10-06T05:58:02Z INFO [398/750] 4a55275a-8e64-4cd9-9842-bfbe17557394: 115 datasets; 3.0 s; peak memory 1232 MiB.
2026-10-06T05:58:04Z INFO [399/750] 4a55433f-23c4-459a-ac63-edf580c15a8c: 51 datasets; 1.6 s; peak memory 1232 MiB.
2026-10-06T05:58:06Z INFO [400/750] 4a55a9ac-58f5-4da1-bcbe-7bf4e395028a: 117 datasets; 2.6 s; peak memory 1232 MiB.
2026-10-06T05:58:06Z INFO [400/750] 4a55a9ac-58f5-4da1-bcbe-7bf4e395028a: checkpointed 82735 records.
2026-10-06T05:58:08Z INFO [401/750] 4a563d16-0a36-45d5-b267-09b35cbfe8e0: 71 datasets; 1.9 s; peak memory 1232 MiB.
2026-10-06T05:58:10Z INFO [402/750] 4a5675e5-ffbb-491e-95fa-ebcf58db4e5a: 118 datasets; 1.7 s; peak memory 1232 MiB.
2026-10-06T05:58:11Z INFO [403/750] 4a568227-5fa3-4f46-a9c8-c900c414a4f4: 48 datasets; 1.3 s; peak memory 1232 MiB.
2026-10-06T05:58:13Z INFO [404/750] 4a56f3db-d78c-48b1-b193-bd67c42d7818: 117 datasets; 1.5 s; peak memory 1232 MiB.
2026-10-06T05:58:14Z INFO [405/750] 4a57e2d3-c11e-4c12-9aa5-c74bed4d9c63: 117 datasets; 1.5 s; peak memory 1232 MiB.
2026-10-06T05:58:16Z INFO [406/750] 4a58a23b-eabd-4480-8386-0f2a06742c3d: 72 datasets; 1.4 s; peak memory 1232 MiB.
2026-10-06T05:58:17Z INFO [407/750] 4a59d1af-bf00-4ac7-a9ea-f6bdf0ac0de3: 118 datasets; 1.5 s; peak memory 1232 MiB.
2026-10-06T05:58:22Z INFO [408/750] 4a5ae981-8d5b-48d9-998b-05f3a00e1482: 450 datasets; 5.0 s; peak memory 1232 MiB.
2026-10-06T05:58:24Z INFO [409/750] 4a5cae65-45b7-41b3-be0a-4b7643945b8e: 66 datasets; 1.7 s; peak memory 1232 MiB.
2026-10-06T05:58:26Z INFO [410/750] 4a5d4b3f-117b-49e2-8f69-03cddcca97cc: 68 datasets; 1.7 s; peak memory 1232 MiB.
2026-10-06T05:58:27Z INFO [411/750] 4a5e7871-26a2-49a1-8322-4338fdd78846: 46 datasets; 1.3 s; peak memory 1232 MiB.
2026-10-06T05:58:28Z INFO [412/750] 4a5f311a-8eed-4731-b94b-27c54697b55f: 54 datasets; 1.0 s; peak memory 1232 MiB.
2026-10-06T05:58:29Z INFO [413/750] 4a61c776-b474-40a6-8247-37c49c2ae14e: 69 datasets; 1.5 s; peak memory 1232 MiB.
2026-10-06T05:58:37Z INFO [414/750] 4a623d3d-4459-49f7-9f5c-e786793edb64: 53 datasets; 7.2 s; peak memory 1232 MiB.
2026-10-06T05:58:38Z INFO [415/750] 4a624194-b5b7-4bcd-8ef0-273574541d92: 118 datasets; 1.4 s; peak memory 1232 MiB.
2026-10-06T05:58:40Z INFO [416/750] 4a627d17-9a2a-47a5-91f4-da62d5f237a9: 131 datasets; 2.2 s; peak memory 1232 MiB.
2026-10-06T05:58:41Z INFO [417/750] 4a63bc82-beb9-400a-b354-e32ce21aeef6: 46 datasets; 0.9 s; peak memory 1232 MiB.
2026-10-06T05:58:42Z INFO [418/750] 4a6444be-86d0-49ee-be23-065d0d2d58a2: 48 datasets; 1.4 s; peak memory 1232 MiB.
2026-10-06T05:58:44Z INFO [419/750] 4a65949a-1a41-4f04-ba1f-4632dcf477dc: 50 datasets; 1.2 s; peak memory 1232 MiB.
2026-10-06T05:59:06Z INFO [420/750] 4a65965f-c303-4471-ad82-cbdded7d8849: 522 datasets; 22.2 s; peak memory 1232 MiB.
2026-10-06T05:59:07Z INFO [421/750] 4a6599fe-d2c2-493d-841e-8ddb02985b45: 112 datasets; 1.6 s; peak memory 1232 MiB.
2026-10-06T05:59:09Z INFO [422/750] 4a65e811-069e-448d-b077-94f4fefa977b: 48 datasets; 1.3 s; peak memory 1232 MiB.
2026-10-06T05:59:10Z INFO [423/750] 4a660134-dc27-4321-9282-c03a2371a76a: 48 datasets; 1.3 s; peak memory 1232 MiB.
2026-10-06T05:59:11Z INFO [424/750] 4a661c94-f4f2-4bda-a791-f164e6badc9a: 48 datasets; 1.3 s; peak memory 1232 MiB.
2026-10-06T05:59:13Z INFO [425/750] 4a6633b7-98e5-471e-9e5d-06cc5b23672d: 45 datasets; 1.4 s; peak memory 1232 MiB.
2026-10-06T05:59:19Z INFO [426/750] 4a66ff22-3ead-4138-a700-03d1b44d9dd2: 482 datasets; 6.1 s; peak memory 1232 MiB.
2026-10-06T05:59:21Z INFO [427/750] 4a672419-26fd-4cf7-90dc-329e3c572216: 112 datasets; 1.8 s; peak memory 1232 MiB.
2026-10-06T05:59:22Z INFO [428/750] 4a67ab06-808a-4c63-a5b7-ad6a8b794d93: 48 datasets; 1.2 s; peak memory 1232 MiB.
2026-10-06T05:59:24Z INFO [429/750] 4a67e942-66b1-40f6-b26d-aff97403a648: 116 datasets; 1.6 s; peak memory 1232 MiB.
2026-10-06T05:59:25Z INFO [430/750] 4a67ec25-2b04-4568-92b8-670f5bf2c6b6: 48 datasets; 1.2 s; peak memory 1232 MiB.
2026-10-06T05:59:26Z INFO [431/750] 4a68803b-33e7-4c54-88cc-dd0608f29992: 90 datasets; 1.4 s; peak memory 1232 MiB.
2026-10-06T05:59:28Z INFO [432/750] 4a6883e5-0f9f-452d-9450-141bd9c82aa2: 261 datasets; 1.7 s; peak memory 1232 MiB.
2026-10-06T05:59:41Z INFO [433/750] 4a68be25-92a6-45bb-9247-32bf6aec24bb: 244 datasets; 13.1 s; peak memory 1232 MiB.
2026-10-06T05:59:45Z INFO [434/750] 4a68ee59-a0fe-42c1-83df-d197722b3e45: 192 datasets; 4.2 s; peak memory 1232 MiB.
2026-10-06T05:59:47Z INFO [435/750] 4a6931df-f0ad-4131-99a8-e8840c20bc4c: 59 datasets; 1.5 s; peak memory 1232 MiB.
2026-10-06T05:59:48Z INFO [436/750] 4a6959cd-d0cd-41a9-bb54-485e7fe9df3b: 63 datasets; 1.2 s; peak memory 1232 MiB.
2026-10-06T05:59:55Z INFO [437/750] 4a697931-dcf7-4e0d-90c6-af11b2c8f6e2: 631 datasets; 6.8 s; peak memory 1232 MiB.
2026-10-06T06:00:36Z INFO [438/750] 4a69a270-231b-4af8-904d-ed49e0e56d35: 36 datasets; 41.5 s; peak memory 1232 MiB.
2026-10-06T06:00:38Z INFO [439/750] 4a6a2b0b-4d75-4187-a34d-cd62712b49c6: 117 datasets; 1.4 s; peak memory 1232 MiB.
2026-10-06T06:00:39Z INFO [440/750] 4a6a42b1-7027-46ec-929f-d0509b3fed37: 42 datasets; 1.2 s; peak memory 1232 MiB.
2026-10-06T06:00:40Z INFO [441/750] 4a6ae51e-7a05-4646-a4c9-c27a5d4fad00: 118 datasets; 1.8 s; peak memory 1232 MiB.
2026-10-06T06:00:42Z INFO [442/750] 4a6b9a84-3e7d-4670-aee3-0940e482a953: 69 datasets; 1.8 s; peak memory 1232 MiB.
2026-10-06T06:00:44Z INFO [443/750] 4a6bde63-6feb-47f3-8360-5c63d9c2fcdd: 112 datasets; 1.8 s; peak memory 1232 MiB.
2026-10-06T06:05:18Z INFO [444/750] 4a6be9ac-c225-4d16-a51c-2ac85245c30c: 436 datasets; 274.3 s; peak memory 1232 MiB.
2026-10-06T06:05:20Z INFO [445/750] 4a6c4b1e-7327-4fc4-bc02-53c8681ba266: 53 datasets; 1.2 s; peak memory 1232 MiB.
2026-10-06T06:05:21Z INFO [446/750] 4a6cc5d4-6427-4439-974c-d924e416086a: 118 datasets; 1.7 s; peak memory 1232 MiB.
2026-10-06T06:05:23Z INFO [447/750] 4a6d0d67-7958-4acd-ac97-77b56d37e801: 117 datasets; 1.4 s; peak memory 1232 MiB.
2026-10-06T06:05:24Z INFO [448/750] 4a6d8041-011b-46e3-a92a-ec9fd70c7c50: 50 datasets; 1.1 s; peak memory 1232 MiB.
2026-10-06T06:05:25Z INFO [449/750] 4a6d915c-4c1e-42bb-a769-d43d8d5f2e1d: 117 datasets; 1.5 s; peak memory 1232 MiB.
2026-10-06T06:05:27Z INFO [450/750] 4a6e5e97-b408-4422-8e29-4f2fccd496c2: 117 datasets; 1.6 s; peak memory 1232 MiB.
2026-10-06T06:05:27Z INFO [450/750] 4a6e5e97-b408-4422-8e29-4f2fccd496c2: checkpointed 82785 records.
2026-10-06T06:05:39Z INFO [451/750] 4a70e372-1c39-4e9a-8225-572d4e12582a: 106 datasets; 11.7 s; peak memory 1232 MiB.
2026-10-06T06:05:40Z INFO [452/750] 4a70ea1a-ccbd-4440-b31e-37b70fa6cba3: 48 datasets; 1.3 s; peak memory 1232 MiB.
2026-10-06T06:05:41Z INFO [453/750] 4a70f417-ba9a-42fd-ab4d-8d300cd155ae: 46 datasets; 0.9 s; peak memory 1232 MiB.
2026-10-06T06:05:43Z INFO [454/750] 4a711be0-d09f-4963-b9f3-7994888e8e0f: 61 datasets; 1.8 s; peak memory 1232 MiB.
2026-10-06T06:05:44Z INFO [455/750] 4a714b4b-f776-4644-9d46-3dfc3ee24ceb: 117 datasets; 1.3 s; peak memory 1232 MiB.
2026-10-06T06:05:46Z INFO [456/750] 4a715721-d2ef-40b6-bc41-173315dbdf6e: 118 datasets; 1.9 s; peak memory 1232 MiB.
2026-10-06T06:05:47Z INFO [457/750] 4a722172-a222-43d3-9d10-9fa4e019eaba: 45 datasets; 1.5 s; peak memory 1232 MiB.
2026-10-06T06:05:49Z INFO [458/750] 4a722644-d896-448e-bc0c-614be59abbaa: 59 datasets; 1.3 s; peak memory 1232 MiB.
2026-10-06T06:05:51Z INFO [459/750] 4a727a59-e50e-4504-904b-3ffe7888c061: 109 datasets; 1.9 s; peak memory 1232 MiB.
2026-10-06T06:05:59Z INFO [460/750] 4a73a786-d209-4386-bdcc-53623f5e5da9: 413 datasets; 8.1 s; peak memory 1232 MiB.
2026-10-06T06:06:01Z INFO [461/750] 4a73f863-0c81-4b7c-bc96-06b64694469f: 110 datasets; 1.9 s; peak memory 1232 MiB.
2026-10-06T06:06:08Z INFO [462/750] 4a749c68-cc29-453d-a4f3-925f2a88aa74: 229 datasets; 7.2 s; peak memory 1232 MiB.
2026-10-06T06:06:09Z INFO [463/750] 4a74ca23-accf-4fb9-bb3e-f19823522ab8: 46 datasets; 1.1 s; peak memory 1232 MiB.
2026-10-06T06:06:10Z INFO [464/750] 4a74f70e-da6e-4ce7-9204-545d9aa0f789: 46 datasets; 1.3 s; peak memory 1232 MiB.
2026-10-06T06:06:12Z INFO [465/750] 4a75e0db-01b7-497b-98ae-9c551d5fdc2d: 48 datasets; 1.3 s; peak memory 1232 MiB.
2026-10-06T06:06:17Z INFO [466/750] 4a7606b9-b180-4732-a872-d9782387b609: 229 datasets; 5.7 s; peak memory 1232 MiB.
2026-10-06T06:06:18Z INFO [467/750] 4a76a02b-6eea-4578-8b77-40199ec39b47: 41 datasets; 1.1 s; peak memory 1232 MiB.
2026-10-06T06:06:19Z INFO [468/750] 4a774d65-2081-4850-bee3-e149ffeb2ce1: 47 datasets; 1.1 s; peak memory 1232 MiB.
2026-10-06T06:06:21Z INFO [469/750] 4a7787ab-66cf-4f8a-91d9-21cbaaf71df6: 70 datasets; 1.9 s; peak memory 1232 MiB.
2026-10-06T06:06:24Z INFO [470/750] 4a77d4f7-b27f-480e-a150-f98d3a79e661: 114 datasets; 2.9 s; peak memory 1232 MiB.
2026-10-06T06:06:26Z INFO [471/750] 4a77fd0c-bb89-4d24-815f-4f2de37a5eab: 64 datasets; 2.0 s; peak memory 1232 MiB.
2026-10-06T06:06:28Z INFO [472/750] 4a78b2b4-d99d-4736-a672-1a6d423c48c3: 117 datasets; 1.6 s; peak memory 1232 MiB.
2026-10-06T06:06:31Z INFO [473/750] 4a78ce4d-47c2-4019-943e-b34873deaf5f: 71 datasets; 2.6 s; peak memory 1232 MiB.
2026-10-06T06:06:33Z INFO [474/750] 4a78ea5a-81b8-4dad-9aa0-276163a9e12d: 118 datasets; 2.7 s; peak memory 1232 MiB.
2026-10-06T06:06:35Z INFO [475/750] 4a7967a3-e389-424d-a3a9-940ffc4636d1: 112 datasets; 1.9 s; peak memory 1232 MiB.
2026-10-06T06:06:37Z INFO [476/750] 4a797151-2fd5-44a2-826b-15528bf99f86: 66 datasets; 1.5 s; peak memory 1232 MiB.
2026-10-06T06:06:40Z INFO [477/750] 4a7a5962-dab9-4a36-a16d-7ca90cc7e580: 146 datasets; 3.0 s; peak memory 1232 MiB.
2026-10-06T06:06:41Z INFO [478/750] 4a7abaf9-52f2-4865-803e-23f710570703: 41 datasets; 1.1 s; peak memory 1232 MiB.
2026-10-06T06:06:43Z INFO [479/750] 4a7ac72b-1a24-4d72-8867-b1b60be5a0a7: 47 datasets; 2.1 s; peak memory 1232 MiB.
2026-10-06T06:06:45Z INFO [480/750] 4a7b5b5a-65c5-456b-93e9-291b4941af4c: 78 datasets; 2.2 s; peak memory 1232 MiB.
2026-10-06T06:06:46Z INFO [481/750] 4a7c1752-91ab-411b-9045-9b7203251550: 48 datasets; 1.2 s; peak memory 1232 MiB.
2026-10-06T06:06:48Z INFO [482/750] 4a7c705d-8c5b-4c4a-83c2-419edabca43f: 112 datasets; 1.7 s; peak memory 1232 MiB.
2026-10-06T06:06:55Z INFO [483/750] 4a7c90f6-edc5-4c0b-8e8a-d2d9d751ab8b: 538 datasets; 6.8 s; peak memory 1232 MiB.
2026-10-06T06:06:56Z INFO [484/750] 4a7ccb31-3276-4f74-9e1d-faf23fd9006c: 116 datasets; 1.5 s; peak memory 1232 MiB.
2026-10-06T06:06:58Z INFO [485/750] 4a7f8163-f10f-491b-8759-59a23b8976c8: 48 datasets; 1.2 s; peak memory 1232 MiB.
2026-10-06T06:06:59Z INFO [486/750] 4a80789c-882c-40c2-af44-648dc689d4f7: 117 datasets; 1.4 s; peak memory 1232 MiB.
2026-10-06T06:07:01Z INFO [487/750] 4a80c8dc-1512-4765-959b-5bbe80febed4: 112 datasets; 1.7 s; peak memory 1232 MiB.
2026-10-06T06:07:04Z INFO [488/750] 4a80d00a-5e0d-4ac2-9adf-ec23d70dbced: 153 datasets; 3.6 s; peak memory 1232 MiB.
2026-10-06T06:07:06Z INFO [489/750] 4a81564b-bae1-4364-a55c-ebc612408745: 38 datasets; 1.1 s; peak memory 1232 MiB.
2026-10-06T06:07:12Z INFO [490/750] 4a818c5b-f3d3-4dab-8c7e-fe7f191ab2e0: 231 datasets; 6.9 s; peak memory 1232 MiB.
2026-10-06T06:07:18Z INFO [491/750] 4a823de9-df9e-4561-aa0a-95812cfa4e0c: 229 datasets; 5.4 s; peak memory 1232 MiB.
2026-10-06T06:07:19Z INFO [492/750] 4a824703-f7f9-4221-b8a4-53d3b95f94e9: 112 datasets; 1.2 s; peak memory 1232 MiB.
2026-10-06T06:07:20Z INFO [493/750] 4a82dd03-5242-4230-9f8f-3f21b53ab883: 121 datasets; 1.3 s; peak memory 1232 MiB.
2026-10-06T06:07:35Z INFO [494/750] 4a833462-f411-46d4-ad6b-cd67391170a3: 979 datasets; 14.4 s; peak memory 1232 MiB.
2026-10-06T06:07:36Z INFO [495/750] 4a835a33-5a23-4cf7-a151-5a9f1cb1e048: 59 datasets; 1.6 s; peak memory 1232 MiB.
2026-10-06T06:07:38Z INFO [496/750] 4a8374d0-62c0-4d32-9453-2fe26a78e773: 117 datasets; 1.4 s; peak memory 1232 MiB.
2026-10-06T06:07:39Z INFO [497/750] 4a83d840-be2e-4cc9-909c-24a25c94b32b: 46 datasets; 1.1 s; peak memory 1232 MiB.
2026-10-06T06:07:41Z INFO [498/750] 4a83da77-b628-44fa-a57e-0984c51bcb9a: 64 datasets; 1.8 s; peak memory 1232 MiB.
2026-10-06T06:07:42Z INFO [499/750] 4a85121c-5775-42fc-a4cf-d4cce4b535aa: 46 datasets; 1.3 s; peak memory 1232 MiB.
2026-10-06T06:08:04Z INFO [500/750] 4a858e12-5fa3-4947-b336-459eb5f76bc2: 48 datasets; 21.7 s; peak memory 1232 MiB.
2026-10-06T06:08:04Z INFO [500/750] 4a858e12-5fa3-4947-b336-459eb5f76bc2: checkpointed 82835 records.
2026-10-06T06:08:05Z INFO [501/750] 4a862b0c-9270-4048-ac22-9f00e92fc721: 57 datasets; 1.1 s; peak memory 1232 MiB.
2026-10-06T06:08:23Z INFO [502/750] 4a863cb7-e22c-4faa-825a-c894770d4fab: 63 datasets; 18.0 s; peak memory 1232 MiB.
2026-10-06T06:08:24Z INFO [503/750] 4a869a25-e5f7-4ddc-887b-d480ebfe017d: 48 datasets; 1.4 s; peak memory 1232 MiB.
2026-10-06T06:08:26Z INFO [504/750] 4a86c8bf-0fed-459e-b848-f145b9a7366c: 110 datasets; 1.9 s; peak memory 1232 MiB.
2026-10-06T06:08:28Z INFO [505/750] 4a871b72-e0ef-45c9-a7b4-adb490bfc7e9: 112 datasets; 1.7 s; peak memory 1232 MiB.
2026-10-06T06:08:35Z INFO [506/750] 4a8772d1-341c-4244-b5fa-ab049670fbfb: 538 datasets; 6.8 s; peak memory 1232 MiB.
2026-10-06T06:08:36Z INFO [507/750] 4a87a881-9402-4978-b85e-7b229a50f5d3: 45 datasets; 0.9 s; peak memory 1232 MiB.
2026-10-06T06:08:40Z INFO [508/750] 4a87e7e9-6fb4-4f58-8140-43203f746d1f: 101 datasets; 4.8 s; peak memory 1232 MiB.
2026-10-06T06:08:42Z INFO [509/750] 4a88068e-1cce-4383-b836-826bcec0e6e7: 48 datasets; 1.4 s; peak memory 1232 MiB.
2026-10-06T06:08:44Z INFO [510/750] 4a8a3722-940a-4e46-a018-5734136515c1: 101 datasets; 2.3 s; peak memory 1232 MiB.
2026-10-06T06:08:46Z INFO [511/750] 4a8ab8cd-6a9d-4f05-9cd7-504924693583: 112 datasets; 1.7 s; peak memory 1232 MiB.
2026-10-06T06:08:47Z INFO [512/750] 4a8b28bd-2ef5-483a-8d00-320d2ddddaeb: 45 datasets; 1.0 s; peak memory 1232 MiB.
2026-10-06T06:08:49Z INFO [513/750] 4a8bee3b-3e0c-46a1-b5dc-a05e24bb4d34: 110 datasets; 1.9 s; peak memory 1232 MiB.
2026-10-06T06:08:56Z INFO [514/750] 4a8c20bf-a08f-4b28-bf2b-749fd92715e1: 235 datasets; 7.2 s; peak memory 1232 MiB.
2026-10-06T06:08:57Z INFO [515/750] 4a8c29f4-61df-437b-bb8d-71932ae8e86b: 49 datasets; 1.5 s; peak memory 1232 MiB.
2026-10-06T06:09:00Z INFO [516/750] 4a8c47fc-22b9-4650-9619-af0fc328912b: 38 datasets; 3.1 s; peak memory 1232 MiB.
2026-10-06T06:09:02Z INFO [517/750] 4a8d3bac-a074-4a38-9525-cc0c96034371: 117 datasets; 1.4 s; peak memory 1232 MiB.
2026-10-06T06:09:04Z INFO [518/750] 4a8db21d-98ed-4987-a41b-b585e3b7f360: 76 datasets; 2.1 s; peak memory 1232 MiB.
2026-10-06T06:09:12Z INFO [519/750] 4a8e1a2d-5f9b-4b89-abcf-33a72156b003: 711 datasets; 8.5 s; peak memory 1232 MiB.
2026-10-06T06:09:14Z INFO [520/750] 4a8e2629-538c-4558-9de4-1f2cf598add0: 48 datasets; 1.3 s; peak memory 1232 MiB.
2026-10-06T06:09:15Z INFO [521/750] 4a8f6267-6e51-429d-a9c7-0f90d4731447: 110 datasets; 1.5 s; peak memory 1232 MiB.
2026-10-06T06:09:23Z INFO [522/750] 4a900b8a-ba5c-473a-84e6-2bb104d077e4: 667 datasets; 7.5 s; peak memory 1232 MiB.
2026-10-06T06:11:58Z INFO [523/750] 4a9015f2-ddae-42ed-9763-6cf9840d2767: 241 datasets; 155.2 s; peak memory 1232 MiB.
2026-10-06T06:17:14Z INFO [524/750] 4a90420d-da4b-47b0-9cba-24e34a73eb20: 436 datasets; 316.2 s; peak memory 1232 MiB.
2026-10-06T06:17:15Z INFO [525/750] 4a9139b1-d8d8-4c86-85df-baaf20797990: 48 datasets; 1.3 s; peak memory 1232 MiB.
2026-10-06T06:20:02Z INFO [526/750] 4a9187ed-67be-4901-a60f-23984cb4d119: 167 datasets; 167.1 s; peak memory 1232 MiB.
2026-10-06T06:20:04Z INFO [527/750] 4a919f1f-fea4-4973-8720-43628537f573: 48 datasets; 1.3 s; peak memory 1232 MiB.
2026-10-06T06:20:16Z INFO [528/750] 4a936255-2ccc-41e4-ae0e-2d36818e4dff: 59 datasets; 12.5 s; peak memory 1232 MiB.
2026-10-06T06:20:17Z INFO [529/750] 4a93cbeb-d2ad-4660-b3ec-ba0afc0753a7: 48 datasets; 1.2 s; peak memory 1232 MiB.
2026-10-06T06:20:20Z INFO [530/750] 4a948476-7da7-48d6-a1b1-412e765d4e82: 118 datasets; 2.7 s; peak memory 1232 MiB.
2026-10-06T06:20:22Z INFO [531/750] 4a94a3d4-7340-422a-9480-e70a2a6aa6ac: 112 datasets; 1.9 s; peak memory 1232 MiB.
2026-10-06T06:20:23Z INFO [532/750] 4a953b01-c369-4c9e-b225-2882916dec78: 46 datasets; 1.0 s; peak memory 1232 MiB.
2026-10-06T06:20:24Z INFO [533/750] 4a957925-461c-4497-a78d-3654a35171a3: 46 datasets; 0.9 s; peak memory 1232 MiB.
2026-10-06T06:20:25Z INFO [534/750] 4a96ea72-6b07-4af6-a5df-5fbfc3c2c62f: 48 datasets; 1.3 s; peak memory 1232 MiB.
2026-10-06T06:20:27Z INFO [535/750] 4a970f71-5d9d-4306-911a-9ed144a20bf2: 72 datasets; 1.6 s; peak memory 1232 MiB.
2026-10-06T06:20:29Z INFO [536/750] 4a9739f1-26ea-4975-8a8a-9cf6ff54064f: 117 datasets; 1.8 s; peak memory 1232 MiB.
2026-10-06T06:20:36Z INFO [537/750] 4a97a96f-a112-4005-b20f-d0533663ef64: 196 datasets; 7.4 s; peak memory 1232 MiB.
2026-10-06T06:20:37Z INFO [538/750] 4a97b075-8785-4e21-b48f-cc4a605c32bf: 38 datasets; 1.2 s; peak memory 1232 MiB.
2026-10-06T06:20:39Z INFO [539/750] 4a98384e-3481-4aba-80ba-da856333ee5e: 48 datasets; 1.4 s; peak memory 1232 MiB.
2026-10-06T06:20:40Z INFO [540/750] 4a987e86-d51d-43a3-b14d-1ab699c044bd: 48 datasets; 1.2 s; peak memory 1232 MiB.
2026-10-06T06:20:42Z INFO [541/750] 4a98b037-849e-4311-b452-50233b3411a3: 53 datasets; 2.1 s; peak memory 1232 MiB.
2026-10-06T06:20:43Z INFO [542/750] 4a99595c-5d40-4a3d-9514-b5bb5f197f96: 117 datasets; 1.5 s; peak memory 1232 MiB.
2026-10-06T06:20:45Z INFO [543/750] 4a9a25b7-35ee-4e59-ab59-082036529c57: 289 datasets; 1.8 s; peak memory 1232 MiB.
2026-10-06T06:20:47Z INFO [544/750] 4a9a474e-e2f1-4242-9fee-4963bb515ffa: 42 datasets; 1.3 s; peak memory 1232 MiB.
2026-10-06T06:20:48Z INFO [545/750] 4a9af207-1530-4d99-9fc8-6f99a9ba94b0: 117 datasets; 1.3 s; peak memory 1232 MiB.
2026-10-06T06:20:49Z INFO [546/750] 4a9ca903-fe31-4d8c-b52a-7af454bcad1c: 121 datasets; 1.2 s; peak memory 1232 MiB.
2026-10-06T06:20:50Z INFO [547/750] 4a9cd0bb-73da-4d87-bf31-83cd288520ce: 63 datasets; 1.3 s; peak memory 1232 MiB.
2026-10-06T06:21:24Z INFO [548/750] 4a9d3c18-e893-44c8-8d21-49f3433d6b9c: 1228 datasets; 33.7 s; peak memory 1232 MiB.
2026-10-06T06:21:26Z INFO [549/750] 4a9e0059-649d-4b8e-82a1-b5efa48185a2: 57 datasets; 2.4 s; peak memory 1232 MiB.
2026-10-06T06:21:27Z INFO [550/750] 4a9e73dc-70d6-4fd6-86d3-1415c179f5a1: 51 datasets; 1.1 s; peak memory 1232 MiB.
2026-10-06T06:21:28Z INFO [550/750] 4a9e73dc-70d6-4fd6-86d3-1415c179f5a1: checkpointed 82885 records.
2026-10-06T06:21:30Z INFO [551/750] 4aa02b9a-601b-4648-8d20-45198614e248: 49 datasets; 2.6 s; peak memory 1232 MiB.
2026-10-06T06:21:33Z INFO [552/750] 4aa058b6-4ddf-4996-8173-b6c75751e942: 118 datasets; 2.8 s; peak memory 1232 MiB.
2026-10-06T06:21:35Z INFO [553/750] 4aa05ea3-d724-4897-8534-8ee7cbb8352b: 52 datasets; 1.6 s; peak memory 1232 MiB.
2026-10-06T06:21:40Z INFO [554/750] 4aa0c4ea-b677-47c3-9a4f-182cb8877129: 538 datasets; 5.7 s; peak memory 1232 MiB.
2026-10-06T06:21:43Z INFO [555/750] 4aa0e587-0fbb-43e7-a5bf-75e23f8b09f3: 119 datasets; 2.7 s; peak memory 1232 MiB.
2026-10-06T06:21:44Z INFO [556/750] 4aa11ca5-4143-47c1-94c8-eda0f47c22f0: 99 datasets; 1.4 s; peak memory 1232 MiB.
2026-10-06T06:21:49Z INFO [557/750] 4aa18901-ac57-4b08-8aa4-bb749c6228d4: 264 datasets; 4.4 s; peak memory 1232 MiB.
2026-10-06T06:21:50Z INFO [558/750] 4aa20bac-3f8c-48cf-8938-dd59f75ce193: 48 datasets; 1.3 s; peak memory 1232 MiB.
2026-10-06T06:21:53Z INFO [559/750] 4aa2b4d8-ce2f-4607-98c4-7405430f62c8: 116 datasets; 3.0 s; peak memory 1232 MiB.
2026-10-06T06:21:55Z INFO [560/750] 4aa2f801-5041-4671-8fe1-f7bed93a65ac: 62 datasets; 1.7 s; peak memory 1232 MiB.
2026-10-06T06:21:57Z INFO [561/750] 4aa3675c-9d82-4c08-9783-e968d6af4dfa: 117 datasets; 1.7 s; peak memory 1232 MiB.
2026-10-06T06:22:00Z INFO [562/750] 4aa3a134-8922-426c-8794-e76e8199c2bf: 138 datasets; 3.2 s; peak memory 1232 MiB.
2026-10-06T06:22:01Z INFO [563/750] 4aa5291c-444f-4abb-b4e1-7ccfa5a8d403: 117 datasets; 1.5 s; peak memory 1232 MiB.
2026-10-06T06:22:03Z INFO [564/750] 4aa578da-19c4-4dc8-91ca-71ed1397afa1: 48 datasets; 1.4 s; peak memory 1232 MiB.
2026-10-06T06:22:04Z INFO [565/750] 4aa5ef9b-503a-4592-8387-815bb0823f3b: 48 datasets; 1.3 s; peak memory 1232 MiB.
2026-10-06T06:22:05Z INFO [566/750] 4aa691be-a531-478f-88e4-76f30e706dea: 56 datasets; 1.1 s; peak memory 1232 MiB.
2026-10-06T06:22:06Z INFO [567/750] 4aa7e3d6-5dd4-4f2b-a39a-dbf47c730e59: 53 datasets; 1.1 s; peak memory 1232 MiB.
2026-10-06T06:22:08Z INFO [568/750] 4aa7e6f7-49f3-46ae-af4d-28d4e79aec6d: 42 datasets; 1.5 s; peak memory 1232 MiB.
2026-10-06T06:24:35Z INFO [569/750] 4aa7f920-6427-478e-af67-939a320b36f0: 413 datasets; 146.9 s; peak memory 1232 MiB.
2026-10-06T06:24:42Z INFO [570/750] 4aa814c6-9b7d-448f-8214-bbca75015dbb: 196 datasets; 7.2 s; peak memory 1232 MiB.
2026-10-06T06:24:44Z INFO [571/750] 4aa8620e-5424-4a31-8972-b237988055ca: 102 datasets; 1.9 s; peak memory 1232 MiB.
2026-10-06T06:24:57Z INFO [572/750] 4aa86dee-8029-4a2c-b8d9-d7e7979d4fcc: 446 datasets; 13.4 s; peak memory 1232 MiB.
2026-10-06T06:24:58Z INFO [573/750] 4aa904ef-85b8-44f0-8b4f-efb6da09e667: 46 datasets; 1.0 s; peak memory 1232 MiB.
2026-10-06T06:25:00Z INFO [574/750] 4aab2810-1196-48fb-b62c-773c61ca6eab: 118 datasets; 1.5 s; peak memory 1232 MiB.
2026-10-06T06:25:01Z INFO [575/750] 4aaca9be-339e-4bd5-ab34-73d1f3e7bbc9: 117 datasets; 1.4 s; peak memory 1232 MiB.
2026-10-06T06:25:03Z INFO [576/750] 4aacb63a-6ed9-490c-8e9d-e7f822a11e46: 117 datasets; 1.8 s; peak memory 1232 MiB.
2026-10-06T06:25:04Z INFO [577/750] 4aacd629-7eb6-45b9-ae75-c7fde966f27d: 46 datasets; 0.9 s; peak memory 1232 MiB.
2026-10-06T06:25:05Z INFO [578/750] 4aae37de-59cd-48aa-a460-c9f3dece955c: 48 datasets; 1.2 s; peak memory 1232 MiB.
2026-10-06T06:25:17Z INFO [579/750] 4aaf7b8a-9ec8-4fd0-b879-acd606ffeb58: 663 datasets; 11.7 s; peak memory 1232 MiB.
2026-10-06T06:25:24Z INFO [580/750] 4ab18c9a-9def-4a95-888b-e26a539c2f0f: 193 datasets; 7.4 s; peak memory 1232 MiB.
2026-10-06T06:25:27Z INFO [581/750] 4ab1e3fd-6a17-4e78-a413-6c2c174b990a: 38 datasets; 3.0 s; peak memory 1232 MiB.
2026-10-06T06:25:29Z INFO [582/750] 4ab35de5-d6db-4d57-9740-d28b8b6354d0: 66 datasets; 1.7 s; peak memory 1232 MiB.
2026-10-06T06:25:30Z INFO [583/750] 4ab38fab-8e8b-4f5f-8968-6b693cdd9b77: 38 datasets; 1.2 s; peak memory 1232 MiB.
2026-10-06T06:25:32Z INFO [584/750] 4ab3db3e-5c7f-48a9-ad71-8e087e0fc1ed: 118 datasets; 1.7 s; peak memory 1232 MiB.
2026-10-06T06:25:33Z INFO [585/750] 4ab40a6e-b997-44d0-9670-d6987e45dc3a: 76 datasets; 1.6 s; peak memory 1232 MiB.
2026-10-06T06:25:35Z INFO [586/750] 4ab41ec0-f767-4662-8f01-aed322f3544d: 118 datasets; 1.5 s; peak memory 1232 MiB.
2026-10-06T06:25:41Z INFO [587/750] 4ab4451d-cbc6-49b7-b740-8f7c0f9031a0: 200 datasets; 6.4 s; peak memory 1232 MiB.
2026-10-06T06:25:43Z INFO [588/750] 4ab46f92-c7df-45ac-a0c9-b4c005273016: 48 datasets; 1.4 s; peak memory 1232 MiB.
2026-10-06T06:25:58Z INFO [589/750] 4ab48021-c9bd-457f-a16f-3fa110c28965: 1254 datasets; 15.1 s; peak memory 1232 MiB.
2026-10-06T06:25:59Z INFO [590/750] 4ab4859e-4766-4c61-aed7-9ffe89e42485: 48 datasets; 1.2 s; peak memory 1232 MiB.
2026-10-06T06:26:00Z INFO [591/750] 4ab4b126-a243-450d-9d9c-2d7c71931391: 48 datasets; 1.2 s; peak memory 1232 MiB.
2026-10-06T06:26:07Z INFO [592/750] 4ab4da17-3ffd-45de-85de-1edac6625ba9: 949 datasets; 6.6 s; peak memory 1232 MiB.
2026-10-06T06:26:08Z INFO [593/750] 4ab5b3a2-c7f7-4c2a-9b6c-14532ba3c80f: 71 datasets; 1.8 s; peak memory 1232 MiB.
2026-10-06T06:26:10Z INFO [594/750] 4ab680d2-448b-4964-bca9-2682bb24c079: 117 datasets; 1.3 s; peak memory 1232 MiB.
2026-10-06T06:26:11Z INFO [595/750] 4ab71e7f-9296-4dc2-8a66-eabe55f1847f: 56 datasets; 1.0 s; peak memory 1232 MiB.
2026-10-06T06:26:12Z INFO [596/750] 4ab73b94-6e99-41ce-ad18-b15fdbe27655: 46 datasets; 0.9 s; peak memory 1232 MiB.
2026-10-06T06:26:14Z INFO [597/750] 4ab7505d-c0c1-4e02-b9c3-35ca7462d5ee: 78 datasets; 2.2 s; peak memory 1232 MiB.
2026-10-06T06:26:15Z INFO [598/750] 4ab7608b-66bf-499f-be42-d855ba05238f: 48 datasets; 1.3 s; peak memory 1232 MiB.
2026-10-06T06:26:17Z INFO [599/750] 4ab785c2-4017-418a-b638-083fe05d056b: 112 datasets; 1.9 s; peak memory 1232 MiB.
2026-10-06T06:26:18Z INFO [600/750] 4ab789c0-2998-4efd-a75b-8dc84894d719: 48 datasets; 1.3 s; peak memory 1232 MiB.
2026-10-06T06:26:18Z INFO [600/750] 4ab789c0-2998-4efd-a75b-8dc84894d719: checkpointed 82935 records.
2026-10-06T06:26:21Z INFO [601/750] 4ab7e551-c957-4a3a-8320-74fa15359a6a: 90 datasets; 2.9 s; peak memory 1232 MiB.
2026-10-06T06:26:24Z INFO [602/750] 4ab84225-8f39-470d-b364-c2377d5c6023: 117 datasets; 2.5 s; peak memory 1232 MiB.
2026-10-06T06:26:25Z INFO [603/750] 4ab979e4-e12f-49e1-b10a-d6a29d440911: 110 datasets; 1.5 s; peak memory 1232 MiB.
2026-10-06T06:26:27Z INFO [604/750] 4ab9d1dc-9bf2-44bf-a89c-b09368d039bf: 71 datasets; 2.0 s; peak memory 1232 MiB.
2026-10-06T06:26:40Z INFO [605/750] 4ab9d6e7-0e56-4384-a0cc-f78ce0ba9c89: 1335 datasets; 13.1 s; peak memory 1232 MiB.
2026-10-06T06:26:42Z INFO [606/750] 4ab9da0f-9404-48f1-8d01-3056e77ef89e: 48 datasets; 1.3 s; peak memory 1232 MiB.
2026-10-06T06:26:58Z INFO [607/750] 4ab9e26a-236a-4318-ad68-e86fbecdf79f: 271 datasets; 16.7 s; peak memory 1232 MiB.
2026-10-06T06:27:00Z INFO [608/750] 4aba6c80-a06a-46dc-ad09-76646ab6079d: 116 datasets; 1.4 s; peak memory 1232 MiB.
2026-10-06T06:27:01Z INFO [609/750] 4abab73d-96ea-4b7d-b786-13b230d1e4e7: 48 datasets; 1.3 s; peak memory 1232 MiB.
2026-10-06T06:27:03Z INFO [610/750] 4abafbc5-b446-45a3-9855-923232c452f3: 112 datasets; 2.1 s; peak memory 1232 MiB.
2026-10-06T06:27:07Z INFO [611/750] 4abc2aca-446f-4ba2-a7e2-ef7e6b6ce11b: 119 datasets; 3.8 s; peak memory 1232 MiB.
2026-10-06T06:27:09Z INFO [612/750] 4abd4f83-17d3-47fa-aebd-1b02cdb73a19: 69 datasets; 1.5 s; peak memory 1232 MiB.
2026-10-06T06:27:11Z INFO [613/750] 4abe3f21-bb09-4beb-ad05-968d1c726a46: 71 datasets; 2.0 s; peak memory 1232 MiB.
2026-10-06T06:27:31Z INFO [614/750] 4abe9dcf-eaf5-4b0d-97c4-8d190eb89db4: 428 datasets; 20.0 s; peak memory 1232 MiB.
2026-10-06T06:27:35Z INFO [615/750] 4abee190-be4e-483c-b5e5-69703b45c6b5: 715 datasets; 4.8 s; peak memory 1232 MiB.
2026-10-06T06:27:37Z INFO [616/750] 4ac05b69-e1e0-485f-ac61-da8dcc876b95: 46 datasets; 1.1 s; peak memory 1232 MiB.
2026-10-06T06:27:38Z INFO [617/750] 4ac0aea5-ad1f-4df9-913e-12ff40123441: 52 datasets; 1.2 s; peak memory 1232 MiB.
2026-10-06T06:27:39Z INFO [618/750] 4ac0e11b-0d41-4b1c-9220-5d2d1ea8c4f2: 35 datasets; 1.0 s; peak memory 1232 MiB.
2026-10-06T06:27:40Z INFO [619/750] 4ac13f31-830f-47ea-a7fe-6d158ee674bb: 118 datasets; 1.6 s; peak memory 1232 MiB.
2026-10-06T06:27:42Z INFO [620/750] 4ac31acc-fb46-42ca-bbab-c85f2f77a2b2: 71 datasets; 1.8 s; peak memory 1232 MiB.
2026-10-06T06:27:43Z INFO [621/750] 4ac3d41d-097c-4849-a1ce-d46fdb95e859: 48 datasets; 1.2 s; peak memory 1232 MiB.
2026-10-06T06:27:45Z INFO [622/750] 4ac4cc48-5d31-4280-8486-cee14bedfe07: 116 datasets; 1.6 s; peak memory 1232 MiB.
2026-10-06T06:32:08Z INFO [623/750] 4ac503d4-a61c-4fc1-be38-88feb65c9b96: 264 datasets; 262.8 s; peak memory 1232 MiB.
2026-10-06T06:32:09Z INFO [624/750] 4ac54966-dd03-467e-9783-7dce8be3836e: 46 datasets; 1.1 s; peak memory 1232 MiB.
2026-10-06T06:32:10Z INFO [625/750] 4ac5bf1a-0bad-442d-8c8a-5330b8ef1cce: 50 datasets; 1.1 s; peak memory 1232 MiB.
2026-10-06T06:32:11Z INFO [626/750] 4ac64d2f-b95b-46fb-b026-724686d7ac91: 46 datasets; 0.9 s; peak memory 1232 MiB.
2026-10-06T06:32:25Z INFO [627/750] 4ac6bb5f-0c12-4563-a821-a300d0c02a6d: 327 datasets; 14.6 s; peak memory 1232 MiB.
2026-10-06T06:32:27Z INFO [628/750] 4ac6ea87-ac7e-4c49-a3c8-c3aaeff98c38: 117 datasets; 1.4 s; peak memory 1232 MiB.
2026-10-06T06:32:28Z INFO [629/750] 4ac889d3-4567-4c3b-9b16-c6dde74baab5: 46 datasets; 1.1 s; peak memory 1232 MiB.
2026-10-06T06:32:34Z INFO [630/750] 4ac90035-b8cd-4bc4-8cef-8fd7a44d1e37: 101 datasets; 5.9 s; peak memory 1232 MiB.
2026-10-06T06:32:35Z INFO [631/750] 4ac90bc4-d34b-4476-9528-9fe6c60b2890: 66 datasets; 1.6 s; peak memory 1232 MiB.
2026-10-06T06:32:51Z INFO [632/750] 4aca9c39-e9bc-4cf3-9d97-34ca3167c371: 1365 datasets; 15.5 s; peak memory 1232 MiB.
2026-10-06T06:32:53Z INFO [633/750] 4acad272-ff49-4f29-966d-9be6c8ea4a31: 112 datasets; 1.8 s; peak memory 1232 MiB.
2026-10-06T06:33:07Z INFO [634/750] 4acb63cb-2123-4335-8f4b-45919288f66f: 1116 datasets; 14.1 s; peak memory 1232 MiB.
2026-10-06T06:33:08Z INFO [635/750] 4acc76a5-9508-434d-b65e-ffa8158c6981: 111 datasets; 1.7 s; peak memory 1232 MiB.
2026-10-06T06:33:09Z INFO [636/750] 4acd26eb-06ff-47cc-ad66-67a362f3ac4f: 61 datasets; 1.1 s; peak memory 1232 MiB.
2026-10-06T06:33:10Z INFO [637/750] 4ace5518-98ad-4f9c-afed-c6dd3511bcdd: 52 datasets; 1.0 s; peak memory 1232 MiB.
2026-10-06T06:33:13Z INFO [638/750] 4acea719-cd42-4935-9696-2bed83f34ea6: 38 datasets; 2.5 s; peak memory 1232 MiB.
2026-10-06T06:33:36Z INFO [639/750] 4acececd-7afc-4340-a73c-61f4c3a048b8: 48 datasets; 22.9 s; peak memory 1232 MiB.
2026-10-06T06:33:37Z INFO [640/750] 4acf0949-37ad-4048-a777-86baab8aa356: 112 datasets; 1.5 s; peak memory 1232 MiB.
2026-10-06T06:33:39Z INFO [641/750] 4acf394f-7b00-482d-8fe5-271859cb0229: 48 datasets; 1.5 s; peak memory 1232 MiB.
2026-10-06T06:33:40Z INFO [642/750] 4acf594c-c84a-4032-be54-9769f0555e39: 38 datasets; 1.1 s; peak memory 1232 MiB.
2026-10-06T06:33:43Z INFO [643/750] 4acf992d-4b6a-4a88-81c2-81461bd497d2: 118 datasets; 3.1 s; peak memory 1232 MiB.
2026-10-06T06:33:44Z INFO [644/750] 4ad03463-a688-4ac4-9ebe-166a6b21cc2b: 57 datasets; 1.0 s; peak memory 1232 MiB.
2026-10-06T06:33:45Z INFO [645/750] 4ad157b3-5f50-4902-b7bb-f203a2998d1f: 41 datasets; 1.3 s; peak memory 1232 MiB.
2026-10-06T06:33:47Z INFO [646/750] 4ad1dba7-a187-4362-ad73-11d36d67c0a2: 112 datasets; 1.7 s; peak memory 1232 MiB.
2026-10-06T06:33:48Z INFO [647/750] 4ad22a00-bc86-470a-a2a9-3de95b15af08: 48 datasets; 1.3 s; peak memory 1232 MiB.
2026-10-06T06:33:50Z INFO [648/750] 4ad33261-b28d-43f9-83bc-a07122fb9c5e: 117 datasets; 1.5 s; peak memory 1232 MiB.
2026-10-06T06:33:52Z INFO [649/750] 4ad46223-ac1f-41ae-8b37-dcf75bff5f07: 112 datasets; 1.7 s; peak memory 1232 MiB.
2026-10-06T06:33:58Z INFO [650/750] 4ad4c559-9023-47b1-9fce-81fc50f53ba9: 1409 datasets; 6.8 s; peak memory 1232 MiB.
2026-10-06T06:33:58Z INFO [650/750] 4ad4c559-9023-47b1-9fce-81fc50f53ba9: checkpointed 82985 records.
2026-10-06T06:34:00Z INFO [651/750] 4ad58783-04cc-4d95-91be-efd64ac581fa: 117 datasets; 1.5 s; peak memory 1232 MiB.
2026-10-06T06:34:02Z INFO [652/750] 4ad58f1f-ccb7-4555-8ab6-6b20231f7985: 110 datasets; 2.0 s; peak memory 1232 MiB.
2026-10-06T06:34:03Z INFO [653/750] 4ad59d5a-d190-4439-b859-9ccd6ab655da: 48 datasets; 1.1 s; peak memory 1232 MiB.
2026-10-06T06:34:04Z INFO [654/750] 4ad5cb26-23a4-4b6c-aad4-a8b5c3610043: 45 datasets; 1.0 s; peak memory 1232 MiB.
2026-10-06T06:34:06Z INFO [655/750] 4ad5e72a-744e-4334-9ed6-e2c657b33b2b: 118 datasets; 1.6 s; peak memory 1232 MiB.
2026-10-06T06:34:07Z INFO [656/750] 4ad5f068-7e1e-45d3-b9db-cb74da875506: 48 datasets; 1.3 s; peak memory 1232 MiB.
2026-10-06T06:34:09Z INFO [657/750] 4ad617fe-8c49-435d-b7b0-57456a4d0449: 71 datasets; 2.4 s; peak memory 1232 MiB.
2026-10-06T06:34:11Z INFO [658/750] 4ad69433-5f12-49b5-a4df-42c2b6673c33: 117 datasets; 1.4 s; peak memory 1232 MiB.
2026-10-06T06:34:19Z INFO [659/750] 4ad7040c-aaf1-4e0c-891a-51986d06355d: 56 datasets; 8.7 s; peak memory 1232 MiB.
2026-10-06T06:34:21Z INFO [660/750] 4ad70d99-0680-48c7-89cf-be1381274795: 48 datasets; 1.2 s; peak memory 1232 MiB.
2026-10-06T06:34:33Z INFO [661/750] 4ad76d57-ec2c-4129-8010-ff84af7b5547: 285 datasets; 12.5 s; peak memory 1232 MiB.
2026-10-06T06:34:35Z INFO [662/750] 4ad874ea-2f02-4d86-ae72-09a5170540b6: 116 datasets; 1.5 s; peak memory 1232 MiB.
2026-10-06T06:34:37Z INFO [663/750] 4ad8b93d-a8cc-4061-b209-f20a279faee2: 71 datasets; 2.0 s; peak memory 1232 MiB.
2026-10-06T06:34:38Z INFO [664/750] 4ad9142a-475a-40d1-83fe-3c4f1e22c4c9: 302 datasets; 1.7 s; peak memory 1232 MiB.
2026-10-06T06:34:40Z INFO [665/750] 4ad969d3-8347-4cf5-854b-fc7b4c4a1d69: 112 datasets; 1.7 s; peak memory 1232 MiB.
2026-10-06T06:35:03Z INFO [666/750] 4ada1122-0df2-4960-81d1-b9cc77f19af6: 48 datasets; 22.7 s; peak memory 1232 MiB.
2026-10-06T06:35:11Z INFO [667/750] 4ada7d3a-3fbc-443c-b4ce-6e507ceecf57: 312 datasets; 8.1 s; peak memory 1232 MiB.
2026-10-06T06:35:12Z INFO [668/750] 4adac714-791a-45a1-82f3-9e22dacbe790: 66 datasets; 1.7 s; peak memory 1232 MiB.
2026-10-06T06:35:18Z INFO [669/750] 4adb34fc-ff3b-45a0-8725-3e64b7b69145: 544 datasets; 5.6 s; peak memory 1232 MiB.
2026-10-06T06:35:19Z INFO [670/750] 4adc098a-ddba-42c2-ae90-a2d5d1d4136d: 54 datasets; 1.0 s; peak memory 1232 MiB.
2026-10-06T06:35:20Z INFO [671/750] 4adc2467-f89a-4195-a7a6-433ee953c117: 48 datasets; 1.3 s; peak memory 1232 MiB.
2026-10-06T06:35:23Z INFO [672/750] 4ade7e62-24f3-45f6-8361-4953f5ae82e7: 70 datasets; 2.5 s; peak memory 1232 MiB.
2026-10-06T06:35:24Z INFO [673/750] 4adf72d5-4f83-4d2a-8174-141d82604617: 57 datasets; 1.0 s; peak memory 1232 MiB.
2026-10-06T06:35:36Z INFO [674/750] 4ae007de-cc83-4878-8475-4c6437c52011: 5176 datasets; 12.1 s; peak memory 1232 MiB.
2026-10-06T06:35:37Z INFO [675/750] 4ae0d085-8f6e-47e2-a227-c2f953cebcc0: 116 datasets; 1.5 s; peak memory 1232 MiB.
2026-10-06T06:35:45Z INFO [676/750] 4ae1d366-fbfb-4570-af2c-1973f6fcce42: 200 datasets; 7.1 s; peak memory 1232 MiB.
2026-10-06T06:35:46Z INFO [677/750] 4ae22551-8fca-4b31-87dc-b31d0cd8f7ba: 118 datasets; 1.6 s; peak memory 1232 MiB.
2026-10-06T06:35:47Z INFO [678/750] 4ae23b17-f217-4892-a1cb-8425155b9aee: 56 datasets; 1.0 s; peak memory 1232 MiB.
2026-10-06T06:35:48Z INFO [679/750] 4ae4030e-2b2d-430b-bd46-3e7d615f4f35: 48 datasets; 1.3 s; peak memory 1232 MiB.
2026-10-06T06:35:51Z INFO [680/750] 4ae439de-379e-4263-99cc-b776ac3769ca: 112 datasets; 2.5 s; peak memory 1232 MiB.
2026-10-06T06:35:52Z INFO [681/750] 4ae4c80a-1624-4b58-9291-1c583fe10c72: 110 datasets; 1.5 s; peak memory 1232 MiB.
2026-10-06T06:35:54Z INFO [682/750] 4ae5876b-382c-46f0-afe7-cb24319d30cd: 48 datasets; 1.3 s; peak memory 1232 MiB.
2026-10-06T06:36:03Z INFO [683/750] 4ae64fb3-0f6c-4825-af45-4357e07732c0: 336 datasets; 9.6 s; peak memory 1232 MiB.
2026-10-06T06:36:19Z INFO [684/750] 4ae7252c-30a0-446f-ae6b-74693aa9f55b: 446 datasets; 15.8 s; peak memory 1232 MiB.
2026-10-06T06:36:21Z INFO [685/750] 4ae7a716-a3a6-4767-9ec1-4db859deb7bd: 71 datasets; 1.9 s; peak memory 1232 MiB.
2026-10-06T06:36:23Z INFO [686/750] 4ae9104b-80d7-4288-82ff-f0ebff567284: 48 datasets; 1.3 s; peak memory 1232 MiB.
2026-10-06T06:36:24Z INFO [687/750] 4ae9209a-5a57-4e23-a965-265172f1fb70: 66 datasets; 1.7 s; peak memory 1232 MiB.
2026-10-06T06:36:27Z INFO [688/750] 4aea17d0-95d3-4030-a312-6ae61043e816: 138 datasets; 3.2 s; peak memory 1232 MiB.
2026-10-06T06:37:47Z INFO [689/750] 4aea70a3-3fb3-45fc-a9ff-8a55c0682267: 58 datasets; 79.4 s; peak memory 1232 MiB.
2026-10-06T06:37:49Z INFO [690/750] 4aea7e04-2fca-4aac-bfe4-d8eac9878fee: 71 datasets; 2.1 s; peak memory 1232 MiB.
2026-10-06T06:37:52Z INFO [691/750] 4aea86d4-5e6c-4011-a68e-2b7e329f77b0: 71 datasets; 2.9 s; peak memory 1232 MiB.
2026-10-06T06:37:53Z INFO [692/750] 4aeac3ef-fb35-4d07-ba1e-f0d93cb7d6e6: 35 datasets; 1.1 s; peak memory 1232 MiB.
2026-10-06T06:37:55Z INFO [693/750] 4aeb7f90-6e55-4562-a3d0-22d35efbeec4: 68 datasets; 1.6 s; peak memory 1232 MiB.
2026-10-06T06:37:57Z INFO [694/750] 4aeb8054-242a-43e6-8451-4a8cdbe1677f: 71 datasets; 2.1 s; peak memory 1232 MiB.
2026-10-06T06:38:29Z INFO [695/750] 4aeba912-6731-4b7c-b829-40eb0fc6d7fc: 940 datasets; 32.4 s; peak memory 1232 MiB.
2026-10-06T06:38:30Z INFO [696/750] 4aec7fc0-3b38-4866-81ed-e9da302c1d75: 48 datasets; 1.3 s; peak memory 1232 MiB.
2026-10-06T06:38:31Z INFO [697/750] 4aecf50a-e3cb-43e6-8e92-a7e1c3cd0ecd: 50 datasets; 1.0 s; peak memory 1232 MiB.
2026-10-06T06:38:39Z INFO [698/750] 4aee12e0-1c72-4bc2-b606-1e3d5146011e: 538 datasets; 7.6 s; peak memory 1232 MiB.
2026-10-06T06:38:40Z INFO [699/750] 4aeea422-a7a4-40b4-922d-9129177791a7: 58 datasets; 1.0 s; peak memory 1232 MiB.
2026-10-06T06:38:42Z INFO [700/750] 4aef879c-dcef-485e-9434-6786a100359d: 68 datasets; 2.3 s; peak memory 1232 MiB.
2026-10-06T06:38:42Z INFO [700/750] 4aef879c-dcef-485e-9434-6786a100359d: checkpointed 83035 records.
2026-10-06T06:38:44Z INFO [701/750] 4aefaba3-7643-4b8a-8a99-22bb9cd6e297: 48 datasets; 1.2 s; peak memory 1232 MiB.
2026-10-06T06:38:47Z INFO [702/750] 4af09797-4961-40a0-91f1-e59dcb37eb18: 157 datasets; 3.7 s; peak memory 1232 MiB.
2026-10-06T06:38:50Z INFO [703/750] 4af1356f-c684-4add-9b9b-5a7f73acd903: 116 datasets; 2.9 s; peak memory 1232 MiB.
2026-10-06T06:38:51Z INFO [704/750] 4af1d288-9dc8-48b2-adf8-a75f8802879a: 121 datasets; 1.1 s; peak memory 1232 MiB.
2026-10-06T06:43:17Z INFO [705/750] 4af29a74-2515-4342-8492-e10ae0e43bd3: 292 datasets; 266.0 s; peak memory 1232 MiB.
2026-10-06T06:43:19Z INFO [706/750] 4af2edad-2de5-4cc0-a367-13a5f1fa2650: 48 datasets; 1.4 s; peak memory 1232 MiB.
2026-10-06T06:43:20Z INFO [707/750] 4af31685-b59e-4e70-92e1-d339c8306f87: 48 datasets; 1.3 s; peak memory 1232 MiB.
2026-10-06T06:43:31Z INFO [708/750] 4af34c61-575f-4c3d-86ae-cf2626c8cef9: 1101 datasets; 10.6 s; peak memory 1232 MiB.
2026-10-06T06:43:32Z INFO [709/750] 4af354b4-498c-469a-9357-3ffe2d3deaf9: 71 datasets; 1.9 s; peak memory 1232 MiB.
2026-10-06T06:43:34Z INFO [710/750] 4af43fe1-4ecb-4e10-9a63-957b8cb8fd5c: 64 datasets; 1.7 s; peak memory 1232 MiB.
2026-10-06T06:43:35Z INFO [711/750] 4af53300-9a38-4037-8b58-b2d3280f58b9: 48 datasets; 1.2 s; peak memory 1232 MiB.
2026-10-06T06:43:37Z INFO [712/750] 4af58acf-1ab0-4f91-8927-5ff2e60dcf9c: 48 datasets; 1.5 s; peak memory 1232 MiB.
2026-10-06T06:43:39Z INFO [713/750] 4af634e7-7772-4b42-9c82-5fe30675ae9c: 66 datasets; 2.4 s; peak memory 1232 MiB.
2026-10-06T06:43:40Z INFO [714/750] 4af783ed-68df-42fb-a759-ebe8529c8e19: 54 datasets; 1.0 s; peak memory 1232 MiB.
2026-10-06T06:43:42Z INFO [715/750] 4af7e1dd-deca-4604-af48-b290bdf8f611: 116 datasets; 1.5 s; peak memory 1232 MiB.
2026-10-06T06:43:44Z INFO [716/750] 4af7e7d9-3f42-48aa-a313-ed3a35b4aecd: 112 datasets; 1.7 s; peak memory 1232 MiB.
2026-10-06T06:43:55Z INFO [717/750] 4af8629e-3eb5-4db5-a00e-997a9a16554d: 106 datasets; 11.0 s; peak memory 1232 MiB.
2026-10-06T06:43:58Z INFO [718/750] 4af991c9-05a7-4671-87f9-cd103433fc3e: 85 datasets; 3.6 s; peak memory 1232 MiB.
2026-10-06T06:44:00Z INFO [719/750] 4af9cec4-4d4e-46c5-a46b-4bcf49f90e16: 112 datasets; 1.6 s; peak memory 1232 MiB.
2026-10-06T06:44:01Z INFO [720/750] 4afa2025-be2c-4942-a2b6-19796467587a: 48 datasets; 1.3 s; peak memory 1232 MiB.
2026-10-06T06:44:02Z INFO [721/750] 4afa572f-4829-42bd-8d76-b57e32b32721: 53 datasets; 1.0 s; peak memory 1232 MiB.
2026-10-06T06:44:14Z INFO [722/750] 4afd00cb-da66-4a1f-a63d-59f1caa9af1b: 685 datasets; 11.9 s; peak memory 1232 MiB.
2026-10-06T06:44:15Z INFO [723/750] 4afeb4e6-9941-4ca8-81bd-74ff98cad8b0: 33 datasets; 1.2 s; peak memory 1232 MiB.
2026-10-06T06:44:17Z INFO [724/750] 4aff88a0-2978-4ffa-a0a4-df7d75a13390: 78 datasets; 2.0 s; peak memory 1232 MiB.
2026-10-06T06:44:19Z INFO [725/750] 4affdec2-eefe-486b-b4fb-ad42758b843c: 71 datasets; 2.3 s; peak memory 1232 MiB.
2026-10-06T06:44:33Z INFO [726/750] 4b0031d9-1f99-47dc-ab14-4a3109b4e097: 666 datasets; 13.9 s; peak memory 1232 MiB.
2026-10-06T06:44:35Z INFO [727/750] 4b00670d-f93c-4d58-aee7-e5762dc9fa60: 66 datasets; 2.0 s; peak memory 1232 MiB.
2026-10-06T06:44:37Z INFO [728/750] 4b00a2c7-dd74-49d0-9ab4-1e8eab3865a5: 69 datasets; 1.7 s; peak memory 1232 MiB.
2026-10-06T06:44:38Z INFO [729/750] 4b0126df-9149-4b67-b7b0-5963c0e12f4e: 46 datasets; 1.2 s; peak memory 1232 MiB.
2026-10-06T06:44:39Z INFO [730/750] 4b012fa9-a36f-4aec-bda7-ac46565ce6ad: 46 datasets; 1.1 s; peak memory 1232 MiB.
2026-10-06T06:44:51Z INFO [731/750] 4b0130ee-d81c-4b33-b115-3e99a63ab00a: 107 datasets; 11.2 s; peak memory 1232 MiB.
2026-10-06T06:44:52Z INFO [732/750] 4b013ac5-376c-47fa-acd9-63b06cef55f2: 68 datasets; 1.4 s; peak memory 1232 MiB.
2026-10-06T06:44:53Z INFO [733/750] 4b022c94-83a2-4437-b3c9-484adc908623: 48 datasets; 1.3 s; peak memory 1232 MiB.
2026-10-06T06:44:55Z INFO [734/750] 4b0276a9-164f-472a-862d-3adc7f9efdd2: 117 datasets; 1.4 s; peak memory 1232 MiB.
2026-10-06T06:44:58Z INFO [735/750] 4b038498-cec0-446f-8181-ebe31ee440a7: 156 datasets; 3.7 s; peak memory 1232 MiB.
2026-10-06T06:45:01Z INFO [736/750] 4b03a8c8-d8b8-42bf-9649-c8577c18ea64: 112 datasets; 2.4 s; peak memory 1232 MiB.
2026-10-06T06:45:02Z INFO [737/750] 4b03da64-0380-4655-a084-1e150543fb62: 48 datasets; 1.3 s; peak memory 1232 MiB.
2026-10-06T06:45:06Z INFO [738/750] 4b04a78d-762c-46a6-b4c7-659ee39afbb7: 116 datasets; 3.4 s; peak memory 1232 MiB.
2026-10-06T06:45:14Z INFO [739/750] 4b04c50d-a29a-4e39-9d4d-ef9ed154b0ed: 56 datasets; 8.5 s; peak memory 1232 MiB.
2026-10-06T06:45:16Z INFO [740/750] 4b06fc38-9c41-48bd-80ce-554fcc9b38f5: 112 datasets; 1.7 s; peak memory 1232 MiB.
2026-10-06T06:45:18Z INFO [741/750] 4b074951-f79e-4ba1-a8ec-170cd3861b31: 69 datasets; 1.8 s; peak memory 1232 MiB.
2026-10-06T06:45:29Z INFO [742/750] 4b086e53-1a39-4c37-8248-a58b42ae251d: 107 datasets; 11.4 s; peak memory 1232 MiB.
2026-10-06T06:45:33Z INFO [743/750] 4b0882f4-6c51-4ce9-8fc0-72a6ae548a57: 84 datasets; 4.2 s; peak memory 1232 MiB.
2026-10-06T06:45:43Z INFO [744/750] 4b0922ad-cbc7-4c6c-80d3-8dfedcf72817: 750 datasets; 9.8 s; peak memory 1232 MiB.
2026-10-06T06:45:44Z INFO [745/750] 4b0aae0d-7cb1-4d23-b159-cb5280df8226: 117 datasets; 1.3 s; peak memory 1232 MiB.
2026-10-06T06:45:46Z INFO [746/750] 4b0afb85-bd8b-4717-bf36-8a35c20d4f58: 72 datasets; 1.6 s; peak memory 1232 MiB.
2026-10-06T06:45:48Z INFO [747/750] 4b0b66f8-302d-480d-9f68-f4cd527011fc: 70 datasets; 1.7 s; peak memory 1232 MiB.
2026-10-06T06:45:50Z INFO [748/750] 4b0cb8e8-e7b3-4a08-865c-7128b16f3857: 71 datasets; 2.1 s; peak memory 1232 MiB.
2026-10-06T06:45:52Z INFO [749/750] 4b0d1c22-38e5-47d7-9144-8d76af54a806: 71 datasets; 1.8 s; peak memory 1232 MiB.
2026-10-06T06:46:00Z INFO [750/750] 4b0e6aa6-8541-4866-a7d4-769e0131ef47: 46 datasets; 8.1 s; peak memory 1232 MiB.
2026-10-06T06:46:00Z INFO [750/750] 4b0e6aa6-8541-4866-a7d4-769e0131ef47: checkpointed 83085 records.
2026-10-06T06:46:00Z INFO Wrote 83085 records to /tmp/derivatives/valid_nwb_file_to_number_of_datasets.jsonl (750 new, 0 failed) in 105.2 min (peak memory 1232 MiB).
