2026-09-30T23:38:34Z INFO Logging to /tmp/logs/update_2026-09-30T23-38-34Z.log.
2026-09-30T23:38:34Z INFO Update valid-nwb-file-to-number-of-datasets (base directory /tmp).
2026-09-30T23:38:34Z INFO Processing 376 items (62839 already recorded).
2026-09-30T23:38:38Z INFO [1/376] 20faa905-b791-49ca-8c12-ebb7d21c3043: 186 datasets; 3.7 s; peak memory 105 MiB.
2026-09-30T23:38:50Z INFO [2/376] 20fc0490-b5c2-49c8-a056-f18653ecfa8b: 622 datasets; 11.6 s; peak memory 129 MiB.
2026-09-30T23:38:52Z INFO [3/376] 20fcc0c7-4584-4f4a-a370-7702bda8b4f8: 112 datasets; 2.2 s; peak memory 130 MiB.
2026-09-30T23:38:53Z INFO [4/376] 20fdcd60-3306-415a-a329-c7a2a843187f: 48 datasets; 1.2 s; peak memory 130 MiB.
2026-09-30T23:38:57Z INFO [5/376] 20fe7501-9208-4fb7-9856-7c2fdece0fd4: 102 datasets; 3.5 s; peak memory 130 MiB.
2026-09-30T23:39:00Z INFO [6/376] 20fe838f-76ca-481b-911e-69432b747e9f: 77 datasets; 3.0 s; peak memory 131 MiB.
2026-09-30T23:39:01Z INFO [7/376] 21000fa2-a276-48bc-89d6-fc37d7c7ce2f: 117 datasets; 1.7 s; peak memory 131 MiB.
2026-09-30T23:39:24Z INFO [8/376] 210014ef-0428-4eff-96e9-be02503cc247: 2090 datasets; 22.4 s; peak memory 153 MiB.
2026-09-30T23:39:25Z INFO [9/376] 210091bf-cf96-46a9-8ccc-738a44ec4d55: 31 datasets; 1.1 s; peak memory 153 MiB.
2026-09-30T23:39:28Z INFO [10/376] 2100caa8-58d6-42b6-aa13-9c417a95d61f: 155 datasets; 2.7 s; peak memory 153 MiB.
2026-09-30T23:39:30Z INFO [11/376] 21010c0d-2ddc-4947-8fdd-6947da6422b9: 67 datasets; 2.3 s; peak memory 153 MiB.
2026-09-30T23:39:45Z INFO [12/376] 2101a4ba-aa84-4bb6-803a-14209dc6cc73: 659 datasets; 15.3 s; peak memory 153 MiB.
2026-09-30T23:39:46Z INFO [13/376] 2101db99-da0d-4535-80ef-4534acb9537a: 58 datasets; 1.1 s; peak memory 153 MiB.
2026-09-30T23:39:48Z INFO [14/376] 21031de2-f8a1-4bf5-8cc9-50eef865fd85: 48 datasets; 1.4 s; peak memory 153 MiB.
2026-09-30T23:39:52Z INFO [15/376] 21036144-404a-4843-a563-dfb82220dee6: 156 datasets; 4.3 s; peak memory 153 MiB.
2026-09-30T23:39:54Z INFO [16/376] 21037e79-454e-49e2-bff5-a79ad49d8330: 60 datasets; 1.9 s; peak memory 154 MiB.
2026-09-30T23:39:56Z INFO [17/376] 2103f8c2-e49d-48cd-8d6d-54a3627a907d: 69 datasets; 1.7 s; peak memory 154 MiB.
2026-09-30T23:39:57Z INFO [18/376] 2104451f-fdb5-4643-9358-39a9ac78b483: 49 datasets; 1.7 s; peak memory 154 MiB.
2026-09-30T23:40:00Z INFO [19/376] 21048fc5-115e-41d0-8fd0-8bde4d88c52e: 71 datasets; 2.5 s; peak memory 154 MiB.
2026-09-30T23:40:09Z INFO [20/376] 2104af20-4030-4011-ac7a-4fbe6f97406a: 538 datasets; 9.3 s; peak memory 154 MiB.
2026-09-30T23:40:11Z INFO [21/376] 210651ed-fd8e-4f97-adfd-19867ce582e8: 112 datasets; 2.1 s; peak memory 155 MiB.
2026-09-30T23:40:15Z INFO [22/376] 2106bc98-5f4f-4453-ae3e-6f81457e869b: 156 datasets; 4.0 s; peak memory 155 MiB.
2026-09-30T23:40:17Z INFO [23/376] 210722c2-f81e-49b5-865a-1dd97f16b15e: 48 datasets; 1.5 s; peak memory 155 MiB.
2026-09-30T23:40:25Z INFO [24/376] 21073ed0-a3ab-49fb-ad19-d8950522eae1: 455 datasets; 8.0 s; peak memory 155 MiB.
2026-09-30T23:40:26Z INFO [25/376] 2107dd32-dd3e-43e7-ae2b-5cac82af27d4: 50 datasets; 1.4 s; peak memory 155 MiB.
2026-09-30T23:40:28Z INFO [26/376] 210814d0-9d91-4c02-a215-33f8690d7eb6: 112 datasets; 2.0 s; peak memory 155 MiB.
2026-09-30T23:40:32Z INFO [27/376] 21089995-eef0-4b9e-8dc8-165cc5eeb0db: 84 datasets; 3.9 s; peak memory 155 MiB.
2026-09-30T23:40:33Z INFO [28/376] 2108b987-11f1-45cd-ada9-3be5071a68b9: 33 datasets; 1.0 s; peak memory 155 MiB.
2026-09-30T23:40:35Z INFO [29/376] 2108bab0-60f9-4b61-a164-7ef1234f33be: 117 datasets; 1.8 s; peak memory 155 MiB.
2026-09-30T23:40:37Z INFO [30/376] 21091282-60e5-4b84-a235-71b7f3521e10: 69 datasets; 2.4 s; peak memory 155 MiB.
2026-09-30T23:40:44Z INFO [31/376] 2109b21c-8001-4fb9-97dc-28f5df591fdb: 462 datasets; 6.5 s; peak memory 155 MiB.
2026-09-30T23:40:46Z INFO [32/376] 2109cb7c-c20e-437d-a371-f315c5854aaf: 73 datasets; 2.9 s; peak memory 155 MiB.
2026-09-30T23:40:48Z INFO [33/376] 210a7a9c-8d20-4260-9be8-69fe2e58894d: 118 datasets; 1.8 s; peak memory 155 MiB.
2026-09-30T23:40:50Z INFO [34/376] 210bb8c6-0616-47dc-921f-b5c41575769c: 54 datasets; 1.9 s; peak memory 155 MiB.
2026-09-30T23:40:59Z INFO [35/376] 210c84fa-ab26-4987-8e22-fb20a634fec9: 208 datasets; 8.9 s; peak memory 155 MiB.
2026-09-30T23:41:01Z INFO [36/376] 210ded9c-2981-4638-9fad-852aad6481c7: 48 datasets; 1.5 s; peak memory 155 MiB.
2026-09-30T23:41:02Z INFO [37/376] 210efe71-9cf0-4f82-b5c5-6c8fdcb40162: 46 datasets; 1.2 s; peak memory 155 MiB.
2026-09-30T23:41:04Z INFO [38/376] 210f3591-6b92-41e3-bbb6-f58bd4fbf256: 117 datasets; 1.8 s; peak memory 155 MiB.
2026-09-30T23:41:05Z INFO [39/376] 210f9858-0763-47a1-a9db-cfc45e6cb740: 51 datasets; 1.7 s; peak memory 155 MiB.
2026-09-30T23:41:25Z INFO [40/376] 210fbf3f-65ff-4b63-9cfa-9e67a993b687: 41 datasets; 19.7 s; peak memory 155 MiB.
2026-09-30T23:41:26Z INFO [41/376] 21103004-fa80-473b-a0ae-edfb38502589: 48 datasets; 1.6 s; peak memory 155 MiB.
2026-09-30T23:41:32Z INFO [42/376] 2110326c-7732-4b7b-85ed-2981b48b6424: 364 datasets; 5.1 s; peak memory 155 MiB.
2026-09-30T23:43:54Z INFO [43/376] 21111b7d-fc6a-44d4-a26f-8c920f7a9883: 13670 datasets; 142.4 s; peak memory 350 MiB.
2026-09-30T23:43:56Z INFO [44/376] 2111e68a-1d22-482d-a2a5-e64a66c1b39e: 52 datasets; 1.8 s; peak memory 350 MiB.
2026-09-30T23:43:58Z INFO [45/376] 2111ebed-0766-4d9c-812e-7e0db476aa9e: 117 datasets; 1.7 s; peak memory 350 MiB.
2026-09-30T23:43:59Z INFO [46/376] 21132111-7142-43f7-b4dd-df4f57a4166d: 117 datasets; 1.6 s; peak memory 350 MiB.
2026-09-30T23:44:02Z INFO [47/376] 21133667-5503-4c38-a6b2-89ca1f9b1901: 115 datasets; 3.3 s; peak memory 350 MiB.
2026-09-30T23:44:05Z INFO [48/376] 211336ca-3929-4813-952f-1a6edbe9d8b3: 101 datasets; 2.7 s; peak memory 350 MiB.
2026-09-30T23:44:07Z INFO [49/376] 21144eac-b8b5-4eaf-881c-a0e04c4d6453: 48 datasets; 1.4 s; peak memory 350 MiB.
2026-09-30T23:44:08Z INFO [50/376] 21153151-2c87-4076-8071-ed9a9fd98a8f: 48 datasets; 1.4 s; peak memory 350 MiB.
2026-09-30T23:44:08Z INFO [50/376] 21153151-2c87-4076-8071-ed9a9fd98a8f: checkpointed 62889 records.
2026-09-30T23:44:10Z INFO [51/376] 2116e525-9056-41eb-85cb-e99bc096b8c0: 112 datasets; 2.0 s; peak memory 350 MiB.
2026-09-30T23:44:12Z INFO [52/376] 2117c47f-d0fa-4e48-a455-d50066617d46: 48 datasets; 1.5 s; peak memory 350 MiB.
2026-09-30T23:44:43Z INFO [53/376] 2117de28-5dff-4f13-a8ed-ef8630b80140: 1274 datasets; 31.1 s; peak memory 350 MiB.
2026-09-30T23:44:44Z INFO [54/376] 211871c1-59fa-4322-9e77-c6ac821a808d: 58 datasets; 1.1 s; peak memory 350 MiB.
2026-09-30T23:44:46Z INFO [55/376] 211886eb-1b19-430a-a0c4-ff6b92b83d11: 84 datasets; 1.9 s; peak memory 350 MiB.
2026-09-30T23:44:54Z INFO [56/376] 21194bbb-7362-42a3-9252-af63effba688: 196 datasets; 8.3 s; peak memory 350 MiB.
2026-09-30T23:44:55Z INFO [57/376] 211a79df-7267-49da-90ab-e343840f6b7f: 36 datasets; 1.3 s; peak memory 350 MiB.
2026-09-30T23:44:56Z INFO [58/376] 211b0000-ddea-469e-b905-7a0cc8f05bbe: 57 datasets; 1.3 s; peak memory 350 MiB.
2026-09-30T23:44:58Z INFO [59/376] 211b894f-1920-427f-b049-134066524f63: 48 datasets; 1.5 s; peak memory 350 MiB.
2026-09-30T23:45:20Z INFO [60/376] 211be8f3-fc45-4399-9f4c-fc039da0fe97: 49 datasets; 21.7 s; peak memory 350 MiB.
2026-09-30T23:45:22Z INFO [61/376] 211c0f4c-871b-4055-813b-502ef3f33a5e: 66 datasets; 2.2 s; peak memory 350 MiB.
2026-09-30T23:45:23Z INFO [62/376] 211c63a9-fd57-45cb-a093-27199bbdf744: 63 datasets; 1.2 s; peak memory 350 MiB.
2026-09-30T23:45:25Z INFO [63/376] 211d6732-df79-4e27-9df8-a1e1a2726521: 48 datasets; 1.5 s; peak memory 350 MiB.
2026-09-30T23:45:27Z INFO [64/376] 211d6cb0-eb9a-47ab-90ae-0a56ba403f1d: 112 datasets; 2.1 s; peak memory 350 MiB.
2026-09-30T23:45:29Z INFO [65/376] 211d9a42-6c5b-4b29-b714-3e4dd8ccd283: 112 datasets; 2.2 s; peak memory 350 MiB.
2026-09-30T23:45:31Z INFO [66/376] 211da519-19f4-4508-9951-027124aad557: 112 datasets; 2.1 s; peak memory 350 MiB.
2026-09-30T23:46:04Z INFO [67/376] 211de4f0-1db6-4288-ae39-e55809e9cf29: 410 datasets; 32.7 s; peak memory 350 MiB.
2026-09-30T23:46:07Z INFO [68/376] 211e391b-35c4-4475-ae4d-7ad2e287cc5c: 201 datasets; 3.3 s; peak memory 350 MiB.
2026-09-30T23:46:08Z INFO [69/376] 211e4ceb-2e38-4fc7-914c-fbb3ee2cb6aa: 39 datasets; 1.5 s; peak memory 350 MiB.
2026-09-30T23:46:10Z INFO [70/376] 211f821e-30b7-4873-9a78-d647d7c4c65d: 54 datasets; 1.2 s; peak memory 350 MiB.
2026-09-30T23:46:12Z INFO [71/376] 211fc058-8588-4b35-9a94-5c6408cc241f: 117 datasets; 1.9 s; peak memory 350 MiB.
2026-09-30T23:46:14Z INFO [72/376] 211fde8e-83e7-4312-804c-ba40bbab4e05: 75 datasets; 2.6 s; peak memory 350 MiB.
2026-09-30T23:46:16Z INFO [73/376] 21204b57-3ebd-4f41-9db0-85f35060c8aa: 112 datasets; 2.0 s; peak memory 350 MiB.
2026-09-30T23:46:24Z INFO [74/376] 21214aab-7717-4e63-a50b-3fe9b10a1ad8: 537 datasets; 8.3 s; peak memory 350 MiB.
2026-09-30T23:46:32Z INFO [75/376] 212186dd-1287-4829-ba1f-7f00703dbda9: 200 datasets; 7.9 s; peak memory 350 MiB.
2026-09-30T23:46:44Z INFO [76/376] 2121ba6d-3902-4c36-ab8c-82ee868dbf8f: 339 datasets; 11.5 s; peak memory 350 MiB.
2026-09-30T23:46:46Z INFO [77/376] 2121db1b-dc2d-4dad-b9fe-d87b0e6602ba: 112 datasets; 1.9 s; peak memory 350 MiB.
2026-09-30T23:46:47Z INFO [78/376] 2122abee-1a85-4008-9b3b-7a143d084d26: 48 datasets; 1.4 s; peak memory 350 MiB.
2026-09-30T23:46:49Z INFO [79/376] 212412b5-7009-407a-a109-e55226ac9cba: 112 datasets; 2.2 s; peak memory 350 MiB.
2026-09-30T23:46:51Z INFO [80/376] 21242226-12f3-443f-b0a0-79da4878e259: 117 datasets; 1.8 s; peak memory 350 MiB.
2026-09-30T23:46:55Z INFO [81/376] 212444c6-0ee2-435f-9449-3bd7d9cd2c9a: 114 datasets; 3.5 s; peak memory 350 MiB.
2026-09-30T23:46:57Z INFO [82/376] 21245c2a-16c0-49ed-972b-7bfbc27e18fa: 71 datasets; 2.2 s; peak memory 350 MiB.
2026-09-30T23:46:59Z INFO [83/376] 21248bef-639d-467d-91bb-3c98d82256ba: 117 datasets; 1.8 s; peak memory 350 MiB.
2026-09-30T23:47:00Z INFO [84/376] 2124b4ba-98c8-43df-a44e-bc7e4949a2b2: 117 datasets; 1.8 s; peak memory 350 MiB.
2026-09-30T23:47:04Z INFO [85/376] 2124f001-bb5c-4ab3-8f52-c62a2be8c67e: 116 datasets; 3.8 s; peak memory 350 MiB.
2026-09-30T23:47:06Z INFO [86/376] 21275f91-7844-4d9f-83c3-cb87b7eba728: 48 datasets; 1.4 s; peak memory 350 MiB.
2026-09-30T23:47:07Z INFO [87/376] 2127c0c7-6582-4bef-a6d7-c13436499881: 118 datasets; 1.6 s; peak memory 350 MiB.
2026-09-30T23:47:10Z INFO [88/376] 21286334-6f2b-4ab5-8afb-3e4bce610fab: 74 datasets; 2.8 s; peak memory 350 MiB.
2026-09-30T23:50:00Z INFO [89/376] 2128e8e0-532b-4981-a362-26797b2139d9: 167 datasets; 170.2 s; peak memory 350 MiB.
2026-09-30T23:50:01Z INFO [90/376] 21293758-9e66-4f3c-bbe2-18abf655bb15: 48 datasets; 1.4 s; peak memory 350 MiB.
2026-09-30T23:50:04Z INFO [91/376] 21294e4a-ec7f-48a9-8933-098d07aafaaf: 101 datasets; 2.4 s; peak memory 350 MiB.
2026-09-30T23:50:17Z INFO [92/376] 21297a24-a363-4b40-9585-197771353be2: 831 datasets; 13.0 s; peak memory 350 MiB.
2026-09-30T23:50:20Z INFO [93/376] 212998b7-c7d5-4524-8654-cb656c77f10c: 115 datasets; 3.5 s; peak memory 350 MiB.
2026-09-30T23:50:22Z INFO [94/376] 21299aa0-d95a-4080-9aa4-7c99774ce6cb: 48 datasets; 1.4 s; peak memory 350 MiB.
2026-09-30T23:50:23Z INFO [95/376] 2129eaaa-1d84-42dc-b7bb-3dda6372b1fa: 48 datasets; 1.5 s; peak memory 350 MiB.
2026-09-30T23:50:25Z INFO [96/376] 212a3e17-22e5-4136-8b49-f24e362c6f74: 36 datasets; 1.2 s; peak memory 350 MiB.
2026-09-30T23:50:26Z INFO [97/376] 212aac4f-8353-4f14-b738-7be15b75c9d6: 112 datasets; 1.8 s; peak memory 350 MiB.
2026-09-30T23:53:11Z INFO [98/376] 212aac56-0f42-48be-a6f3-bacf4bca3a6f: 167 datasets; 164.2 s; peak memory 350 MiB.
2026-09-30T23:53:33Z INFO [99/376] 212b194e-faf0-4f5b-94d2-56fd0cbb2b91: 525 datasets; 22.9 s; peak memory 350 MiB.
2026-09-30T23:53:35Z INFO [100/376] 212b83ca-963d-445c-b5fd-c387188725fd: 48 datasets; 1.5 s; peak memory 350 MiB.
2026-09-30T23:53:35Z INFO [100/376] 212b83ca-963d-445c-b5fd-c387188725fd: checkpointed 62939 records.
2026-09-30T23:56:20Z INFO [101/376] 212b9f80-c8bf-41f4-8dd8-76da5e3c01e4: 190 datasets; 164.9 s; peak memory 350 MiB.
2026-09-30T23:56:22Z INFO [102/376] 212c2aff-9ba4-4ee2-8941-436b18df2b24: 77 datasets; 1.7 s; peak memory 350 MiB.
2026-09-30T23:56:23Z INFO [103/376] 212c6547-26ef-49e2-bda4-30d3b04835dc: 116 datasets; 1.9 s; peak memory 350 MiB.
2026-09-30T23:56:25Z INFO [104/376] 212e5b1e-c5b2-4957-abf8-3310a7025aa6: 46 datasets; 1.6 s; peak memory 350 MiB.
2026-09-30T23:56:27Z INFO [105/376] 212ed00d-fd0e-47e9-8466-7d2192904d49: 52 datasets; 1.5 s; peak memory 350 MiB.
2026-09-30T23:56:28Z INFO [106/376] 212f927f-3796-4a6d-b5b1-3f9bfaa2626a: 117 datasets; 1.7 s; peak memory 350 MiB.
2026-09-30T23:56:31Z INFO [107/376] 21308d82-8785-4096-aac4-5a68bc45804d: 78 datasets; 2.4 s; peak memory 350 MiB.
2026-09-30T23:56:32Z INFO [108/376] 213279ad-d6ef-453f-b263-02f0bdd473c1: 45 datasets; 1.7 s; peak memory 350 MiB.
2026-09-30T23:56:35Z INFO [109/376] 213280e9-b831-43cf-ba42-6a120f5611d7: 112 datasets; 2.2 s; peak memory 350 MiB.
2026-09-30T23:56:38Z INFO [110/376] 21345aaf-1a78-4edc-bf6d-4b608a30d36b: 156 datasets; 3.8 s; peak memory 350 MiB.
2026-09-30T23:56:44Z INFO [111/376] 2136445f-71b3-4dee-a07b-95e53ca5812e: 85 datasets; 6.1 s; peak memory 350 MiB.
2026-09-30T23:56:46Z INFO [112/376] 2136e3fd-a9de-412f-a7e5-5b5c2088cd03: 48 datasets; 1.4 s; peak memory 350 MiB.
2026-09-30T23:56:48Z INFO [113/376] 21377859-df18-43a1-aac6-63c248f8d627: 68 datasets; 1.7 s; peak memory 350 MiB.
2026-09-30T23:56:49Z INFO [114/376] 2137951a-aee2-4cb6-8ca7-1376f913852c: 59 datasets; 1.4 s; peak memory 350 MiB.
2026-09-30T23:56:51Z INFO [115/376] 2137aa1c-afd4-49ea-988c-63b951edd706: 48 datasets; 1.7 s; peak memory 350 MiB.
2026-09-30T23:56:53Z INFO [116/376] 2137fbbe-c3cc-4c89-8e08-459539a3acc3: 119 datasets; 2.7 s; peak memory 350 MiB.
2026-09-30T23:56:56Z INFO [117/376] 2138274f-c607-4b27-8937-c09f152aade2: 78 datasets; 2.6 s; peak memory 350 MiB.
2026-09-30T23:56:57Z INFO [118/376] 213925cf-dc97-4820-a5f8-2cf8710809fc: 53 datasets; 1.3 s; peak memory 350 MiB.
2026-09-30T23:56:59Z INFO [119/376] 213aca54-388e-49fe-afd0-fbea5bc8a362: 48 datasets; 1.5 s; peak memory 350 MiB.
2026-09-30T23:57:00Z INFO [120/376] 213ad806-1fc6-45c1-929d-d73804fb7d20: 84 datasets; 1.8 s; peak memory 350 MiB.
2026-09-30T23:57:02Z INFO [121/376] 213b4544-25d4-442a-9f06-4cc80d122a2a: 48 datasets; 1.5 s; peak memory 350 MiB.
2026-09-30T23:57:09Z INFO [122/376] 213cdf25-9561-47e6-a932-94cf0ca867c4: 538 datasets; 7.4 s; peak memory 350 MiB.
2026-09-30T23:57:11Z INFO [123/376] 213ce006-5a14-4e1e-bced-8629348d00d3: 48 datasets; 1.5 s; peak memory 350 MiB.
2026-09-30T23:57:12Z INFO [124/376] 213d9633-57cf-4fe6-b1a7-72c2a17aabd2: 52 datasets; 1.5 s; peak memory 350 MiB.
2026-09-30T23:57:13Z INFO [125/376] 213e25a9-0ed8-42f0-b13e-5a118ea987f1: 46 datasets; 1.1 s; peak memory 350 MiB.
2026-09-30T23:57:15Z INFO [126/376] 213e5304-6438-45a7-b1db-f23e55c2bd66: 52 datasets; 1.6 s; peak memory 350 MiB.
2026-09-30T23:58:23Z INFO [127/376] 213f24a1-f422-4fa1-8657-f22c773745cb: 4341 datasets; 68.3 s; peak memory 350 MiB.
2026-09-30T23:58:25Z INFO [128/376] 213f2598-137d-4485-b83e-37934a05cef7: 68 datasets; 2.0 s; peak memory 350 MiB.
2026-09-30T23:58:28Z INFO [129/376] 213fb80a-7756-4b14-a4c1-82c41f9f5046: 71 datasets; 2.5 s; peak memory 350 MiB.
2026-09-30T23:58:29Z INFO [130/376] 213fbed4-3056-431f-8ccc-867c9c70a7a8: 45 datasets; 1.2 s; peak memory 350 MiB.
2026-09-30T23:58:32Z INFO [131/376] 21401041-196d-4750-9496-aba3d76354cb: 71 datasets; 2.7 s; peak memory 350 MiB.
2026-09-30T23:58:36Z INFO [132/376] 21406f7c-1704-4143-804a-eb4e6e9dfbba: 123 datasets; 3.8 s; peak memory 350 MiB.
2026-09-30T23:58:37Z INFO [133/376] 21408218-c9a6-4204-99e4-50d6faa31fd3: 68 datasets; 1.7 s; peak memory 350 MiB.
2026-09-30T23:58:39Z INFO [134/376] 21411c76-e3c2-43f1-b693-bded5e3864fe: 112 datasets; 1.8 s; peak memory 350 MiB.
2026-09-30T23:58:41Z INFO [135/376] 21425b21-ba47-4318-ac20-13390cf02267: 48 datasets; 1.4 s; peak memory 350 MiB.
2026-09-30T23:59:41Z INFO [136/376] 21428e59-9e98-4900-82cf-e4432125219a: 3763 datasets; 60.2 s; peak memory 350 MiB.
2026-09-30T23:59:58Z INFO [137/376] 2142c0d1-7068-432c-9060-a6ec148ed714: 851 datasets; 17.4 s; peak memory 350 MiB.
2026-10-01T00:00:00Z INFO [138/376] 21434d81-b3d0-4d11-8dcc-e62392c79c92: 112 datasets; 1.8 s; peak memory 350 MiB.
2026-10-01T00:00:02Z INFO [139/376] 2143c40c-bfd6-4093-b2ce-c5f01d2f2813: 114 datasets; 1.7 s; peak memory 350 MiB.
2026-10-01T00:00:10Z INFO [140/376] 2143e60d-cac9-43ba-bb5b-3be1cfb47db2: 254 datasets; 8.3 s; peak memory 350 MiB.
2026-10-01T00:00:12Z INFO [141/376] 21446be3-708a-4377-b168-a5959ea8c1ef: 112 datasets; 2.0 s; peak memory 350 MiB.
2026-10-01T00:00:14Z INFO [142/376] 214489b6-8ad6-43e1-9bc0-002959793426: 39 datasets; 1.7 s; peak memory 350 MiB.
2026-10-01T00:00:34Z INFO [143/376] 2144a523-a1f4-4f87-ada4-d1db3c95beee: 1117 datasets; 20.5 s; peak memory 350 MiB.
2026-10-01T00:00:37Z INFO [144/376] 21452d83-76e9-438a-b26f-dca7b25286e3: 115 datasets; 3.2 s; peak memory 350 MiB.
2026-10-01T00:00:39Z INFO [145/376] 21455a1e-ce9c-4a16-9c00-d4075bb926f1: 117 datasets; 1.7 s; peak memory 350 MiB.
2026-10-01T00:00:41Z INFO [146/376] 2145aefe-a40a-45b9-a35f-74b2c740cf03: 109 datasets; 2.1 s; peak memory 350 MiB.
2026-10-01T00:00:43Z INFO [147/376] 2146211f-c620-47e8-9db5-dadd4422b615: 70 datasets; 2.2 s; peak memory 350 MiB.
2026-10-01T00:00:46Z INFO [148/376] 21468f31-37e4-414b-90cf-79cc65bd713a: 119 datasets; 2.8 s; peak memory 350 MiB.
2026-10-01T00:00:48Z INFO [149/376] 2147a217-ae9d-4882-ac9e-09c338eb94a8: 42 datasets; 1.4 s; peak memory 350 MiB.
2026-10-01T00:01:07Z INFO [150/376] 214840d9-8c21-479b-823b-ac90419c2415: 288 datasets; 19.7 s; peak memory 350 MiB.
2026-10-01T00:01:07Z INFO [150/376] 214840d9-8c21-479b-823b-ac90419c2415: checkpointed 62989 records.
2026-10-01T00:01:12Z INFO [151/376] 2148ae3f-5dfe-4e12-b5d4-322f456d9655: 84 datasets; 4.6 s; peak memory 350 MiB.
2026-10-01T00:01:14Z INFO [152/376] 2148ba03-b2b2-46e3-bd0e-78c105498e80: 51 datasets; 1.7 s; peak memory 350 MiB.
2026-10-01T00:01:17Z INFO [153/376] 2148fa97-99ea-427a-b274-96fd80ec9ac4: 51 datasets; 3.0 s; peak memory 350 MiB.
2026-10-01T00:01:18Z INFO [154/376] 2148fb80-7f30-496d-9817-a7b367b14ef1: 52 datasets; 1.6 s; peak memory 350 MiB.
2026-10-01T00:01:20Z INFO [155/376] 2149578f-0b2d-4e8d-8d85-13c244d822c0: 77 datasets; 1.8 s; peak memory 350 MiB.
2026-10-01T00:01:22Z INFO [156/376] 21497f37-abf2-4f0d-81f0-e74b33eecc8c: 48 datasets; 1.3 s; peak memory 350 MiB.
2026-10-01T00:01:23Z INFO [157/376] 214a616a-61a2-4975-82c5-0ecfb76cbdb4: 52 datasets; 1.8 s; peak memory 350 MiB.
2026-10-01T00:01:25Z INFO [158/376] 214aff04-aff9-4755-a875-4a56aa5f472f: 118 datasets; 1.6 s; peak memory 350 MiB.
2026-10-01T00:01:27Z INFO [159/376] 214b86ab-350a-45fd-8e98-90973f051d6c: 52 datasets; 1.7 s; peak memory 350 MiB.
2026-10-01T00:01:29Z INFO [160/376] 214bba6c-0983-4c51-935e-815ff1c37fb9: 71 datasets; 2.5 s; peak memory 350 MiB.
2026-10-01T00:01:31Z INFO [161/376] 214bd924-c8e3-4a15-8161-3f628f93562a: 48 datasets; 1.6 s; peak memory 350 MiB.
2026-10-01T00:01:32Z INFO [162/376] 214c05d1-5947-44ac-b731-e4874add2bfa: 39 datasets; 1.3 s; peak memory 350 MiB.
2026-10-01T00:01:33Z INFO [163/376] 214d20d2-4288-4106-b075-c009700a2bfa: 46 datasets; 1.2 s; peak memory 350 MiB.
2026-10-01T00:01:40Z INFO [164/376] 214d5450-59bb-4294-948f-6929501a8c1b: 593 datasets; 6.6 s; peak memory 350 MiB.
2026-10-01T00:01:42Z INFO [165/376] 214d9ef5-8ad2-4d33-8e96-094a9b7bacd6: 71 datasets; 1.8 s; peak memory 350 MiB.
2026-10-01T00:01:43Z INFO [166/376] 214dd68b-cdd2-4ebb-ab39-b4a8f025bdd6: 59 datasets; 1.8 s; peak memory 350 MiB.
2026-10-01T00:01:45Z INFO [167/376] 214df875-a1f1-48ff-99e6-4698cd0eae1b: 48 datasets; 1.5 s; peak memory 350 MiB.
2026-10-01T00:01:46Z INFO [168/376] 214e1989-0787-494a-a1d8-fef8cb90e328: 74 datasets; 1.6 s; peak memory 350 MiB.
2026-10-01T00:01:59Z INFO [169/376] 214e9b8b-fcee-4bfa-9860-8d285b2ac7ad: 11477 datasets; 12.9 s; peak memory 350 MiB.
2026-10-01T00:02:01Z INFO [170/376] 214fa2f5-cb61-45a0-b16c-76b36143aef7: 39 datasets; 1.4 s; peak memory 350 MiB.
2026-10-01T00:02:40Z INFO [171/376] 215158e6-a94f-46b2-b0fb-3736ca892828: 36 datasets; 39.2 s; peak memory 350 MiB.
2026-10-01T00:02:43Z INFO [172/376] 21516a5f-46b6-4d48-a785-95828fc89035: 71 datasets; 2.7 s; peak memory 350 MiB.
2026-10-01T00:02:47Z INFO [173/376] 21518c69-1f22-4946-a052-577707a3bde2: 156 datasets; 4.1 s; peak memory 350 MiB.
2026-10-01T00:03:16Z INFO [174/376] 21526288-ee57-43f1-b4f3-fd8800374277: 976 datasets; 29.5 s; peak memory 350 MiB.
2026-10-01T00:03:18Z INFO [175/376] 2152f767-f889-489e-b610-28482442c0ab: 112 datasets; 1.7 s; peak memory 350 MiB.
2026-10-01T00:03:20Z INFO [176/376] 21536844-cf6a-415a-8dde-74db319f6fa0: 48 datasets; 1.4 s; peak memory 350 MiB.
2026-10-01T00:03:22Z INFO [177/376] 21541f52-a6a7-4e0a-b189-03b6201d5522: 112 datasets; 2.4 s; peak memory 350 MiB.
2026-10-01T00:03:37Z INFO [178/376] 21542a19-2c04-4710-b2d3-874bad5ba7e0: 652 datasets; 15.3 s; peak memory 350 MiB.
2026-10-01T00:03:53Z INFO [179/376] 2154c8ec-3fc6-4165-8bb5-a05cf69d55ac: 788 datasets; 16.0 s; peak memory 350 MiB.
2026-10-01T00:03:55Z INFO [180/376] 215696ee-7b44-4e7a-aaae-acea758a71fe: 37 datasets; 1.8 s; peak memory 350 MiB.
2026-10-01T00:03:57Z INFO [181/376] 21570409-422e-4201-80a6-9e8eec538dcf: 48 datasets; 1.5 s; peak memory 350 MiB.
2026-10-01T00:03:59Z INFO [182/376] 215766ad-9030-40b9-b0c3-f363c36751e5: 66 datasets; 2.1 s; peak memory 350 MiB.
2026-10-01T00:04:00Z INFO [183/376] 21576d55-946f-45dd-995b-88b2400b274f: 48 datasets; 1.4 s; peak memory 350 MiB.
2026-10-01T00:04:02Z INFO [184/376] 2157ac95-d290-417e-b8ff-c52a1b8e2301: 116 datasets; 2.0 s; peak memory 350 MiB.
2026-10-01T00:04:05Z INFO [185/376] 2157d266-b7a1-4490-9c40-6402cd05eafe: 118 datasets; 2.7 s; peak memory 350 MiB.
2026-10-01T00:04:08Z INFO [186/376] 2157e8c5-14a9-479f-b41d-fbf610f95710: 88 datasets; 3.0 s; peak memory 350 MiB.
2026-10-01T00:04:20Z INFO [187/376] 21582144-021a-430d-8691-c081c9769413: 339 datasets; 11.9 s; peak memory 350 MiB.
2026-10-01T00:04:21Z INFO [188/376] 21589d52-9508-497c-ad2a-1580797b6afa: 117 datasets; 1.6 s; peak memory 350 MiB.
2026-10-01T00:04:23Z INFO [189/376] 2159f963-ed51-4231-953b-7f64e626ad71: 72 datasets; 1.7 s; peak memory 350 MiB.
2026-10-01T00:04:27Z INFO [190/376] 215adaf8-e75c-4eb8-bf4e-8f6af03f5d63: 154 datasets; 3.4 s; peak memory 350 MiB.
2026-10-01T00:04:29Z INFO [191/376] 215ae2f8-3046-4f08-835a-cf055b7ee00a: 112 datasets; 2.4 s; peak memory 350 MiB.
2026-10-01T00:04:31Z INFO [192/376] 215b042a-a949-46b8-ac59-5bfbc8c81aaf: 90 datasets; 1.7 s; peak memory 350 MiB.
2026-10-01T00:04:38Z INFO [193/376] 215b1481-f707-4acd-802e-4e4e4baff60e: 538 datasets; 7.4 s; peak memory 350 MiB.
2026-10-01T00:04:40Z INFO [194/376] 215c1ae4-ffb4-4520-9e82-f3ea22c5b8a0: 52 datasets; 1.6 s; peak memory 350 MiB.
2026-10-01T00:04:41Z INFO [195/376] 215c1f1d-83f8-4f2a-bab4-6f1a3e7c454e: 48 datasets; 1.4 s; peak memory 350 MiB.
2026-10-01T00:04:44Z INFO [196/376] 215c2225-98cf-42b0-94f9-f7dfb75a4209: 66 datasets; 2.7 s; peak memory 350 MiB.
2026-10-01T00:04:45Z INFO [197/376] 215c3538-b2b5-49bb-89fa-7b7e1dece909: 61 datasets; 1.5 s; peak memory 350 MiB.
2026-10-01T00:04:47Z INFO [198/376] 215c59c9-2f81-4876-bd73-87af48f4e4ba: 52 datasets; 1.7 s; peak memory 350 MiB.
2026-10-01T00:04:52Z INFO [199/376] 215cd745-6fe6-43da-b6d4-e491f9d15245: 50 datasets; 4.9 s; peak memory 350 MiB.
2026-10-01T00:04:53Z INFO [200/376] 215cf033-aa9d-431c-aab5-e52fe952f1c6: 48 datasets; 1.3 s; peak memory 350 MiB.
2026-10-01T00:04:53Z INFO [200/376] 215cf033-aa9d-431c-aab5-e52fe952f1c6: checkpointed 63039 records.
2026-10-01T00:05:08Z INFO [201/376] 215d50a9-001f-4b3d-81e8-45e3b24ca21c: 420 datasets; 14.9 s; peak memory 350 MiB.
2026-10-01T00:05:10Z INFO [202/376] 215dd86e-2f59-404d-9f81-c7a0cbde27d2: 48 datasets; 1.5 s; peak memory 350 MiB.
2026-10-01T00:05:12Z INFO [203/376] 215f18b4-8ec9-4952-9df0-261f2e37a4d3: 66 datasets; 2.1 s; peak memory 350 MiB.
2026-10-01T00:05:14Z INFO [204/376] 215f50f9-dcad-4f89-b24e-34beeee50bb1: 66 datasets; 2.0 s; peak memory 350 MiB.
2026-10-01T00:05:15Z INFO [205/376] 215fb449-5916-4eae-a8ed-7ef92e40b382: 118 datasets; 1.8 s; peak memory 350 MiB.
2026-10-01T00:05:24Z INFO [206/376] 215ffb78-7910-468f-ade7-07ae2978e8d2: 650 datasets; 8.9 s; peak memory 350 MiB.
2026-10-01T00:05:26Z INFO [207/376] 2160b91c-10ba-4cf5-b57f-09313aed3591: 48 datasets; 1.5 s; peak memory 350 MiB.
2026-10-01T00:05:28Z INFO [208/376] 2160f688-b926-49e9-abf8-618702c57c81: 109 datasets; 2.5 s; peak memory 350 MiB.
2026-10-01T00:05:30Z INFO [209/376] 2161ca7b-af05-48d3-bbf9-e6dc3fdf1e79: 112 datasets; 2.0 s; peak memory 350 MiB.
2026-10-01T00:05:32Z INFO [210/376] 21620d4d-60c6-4007-a403-992e10d16ec6: 66 datasets; 2.1 s; peak memory 350 MiB.
2026-10-01T00:16:13Z INFO [211/376] 216355c3-fb9c-492c-a166-5c37b5cded59: 99 datasets; 640.8 s; peak memory 1184 MiB.
2026-10-01T00:16:14Z INFO [212/376] 216409a7-56f4-4f7a-ad49-ee882301e70c: 37 datasets; 1.2 s; peak memory 1184 MiB.
2026-10-01T00:16:16Z INFO [213/376] 2164807b-fef5-46d6-ab5f-0d2572ce9086: 70 datasets; 2.1 s; peak memory 1184 MiB.
2026-10-01T00:16:18Z INFO [214/376] 2164ff02-843a-47e6-a383-7dfd505f2a65: 118 datasets; 1.8 s; peak memory 1184 MiB.
2026-10-01T00:16:19Z INFO [215/376] 216708d6-3606-4eba-a8e2-c308d266667c: 57 datasets; 1.2 s; peak memory 1184 MiB.
2026-10-01T00:16:21Z INFO [216/376] 21670e33-d03f-415c-b9e4-cef3edf06d79: 48 datasets; 1.5 s; peak memory 1184 MiB.
2026-10-01T00:16:24Z INFO [217/376] 216723e6-ba56-4706-a8a4-d2bc980d626c: 115 datasets; 3.4 s; peak memory 1184 MiB.
2026-10-01T00:16:26Z INFO [218/376] 2167410b-19d0-4a04-bf13-43623491dd40: 48 datasets; 1.4 s; peak memory 1184 MiB.
2026-10-01T00:16:27Z INFO [219/376] 21675eed-88d1-4ca2-a38b-054bd5296c2b: 48 datasets; 1.4 s; peak memory 1184 MiB.
2026-10-01T00:16:29Z INFO [220/376] 2168384e-a5a5-4e1e-97e0-d3e2d701cc90: 66 datasets; 2.1 s; peak memory 1184 MiB.
2026-10-01T00:16:36Z INFO [221/376] 216859e2-fea0-4d20-b0ab-a5b04af17212: 436 datasets; 6.8 s; peak memory 1184 MiB.
2026-10-01T00:16:38Z INFO [222/376] 2168e9db-504a-4a08-8915-cfe064d89dd1: 42 datasets; 1.9 s; peak memory 1184 MiB.
2026-10-01T00:23:06Z INFO [223/376] 21690179-2b97-4114-9906-2dabb20b0b0b: 436 datasets; 387.6 s; peak memory 1184 MiB.
2026-10-01T00:23:07Z INFO [224/376] 21699246-bf43-4229-bc11-5d420b69a4fe: 92 datasets; 1.6 s; peak memory 1184 MiB.
2026-10-01T00:23:09Z INFO [225/376] 2169a45a-687c-4fa2-87da-6839acbb9800: 48 datasets; 1.5 s; peak memory 1184 MiB.
2026-10-01T00:23:11Z INFO [226/376] 2169a508-52f6-4268-acf5-0f022abcee59: 124 datasets; 2.2 s; peak memory 1184 MiB.
2026-10-01T00:23:19Z INFO [227/376] 216a324a-18a0-4536-a2c2-55df8bb955e4: 90 datasets; 7.7 s; peak memory 1184 MiB.
2026-10-01T00:23:21Z INFO [228/376] 216adb4a-bb43-4cf9-a0ab-1d1d6d7bc5c0: 62 datasets; 1.9 s; peak memory 1184 MiB.
2026-10-01T00:23:23Z INFO [229/376] 216daa48-edac-4e2a-949a-37a60e1bf387: 69 datasets; 2.1 s; peak memory 1184 MiB.
2026-10-01T00:23:25Z INFO [230/376] 216e17b9-8534-49be-9866-65229d57c6ae: 57 datasets; 2.2 s; peak memory 1184 MiB.
2026-10-01T00:23:27Z INFO [231/376] 216e61f3-7876-450a-8d43-d32195d56058: 49 datasets; 1.9 s; peak memory 1184 MiB.
2026-10-01T00:23:29Z INFO [232/376] 216f19ba-67fb-4569-a711-9e7b64556bf5: 112 datasets; 1.9 s; peak memory 1184 MiB.
2026-10-01T00:24:07Z INFO [233/376] 216f4c74-ae90-45aa-bcf2-b12781fbdb0d: 52 datasets; 38.6 s; peak memory 1184 MiB.
2026-10-01T00:24:09Z INFO [234/376] 21700922-8a91-4dab-965c-50db239cb4cb: 33 datasets; 1.1 s; peak memory 1184 MiB.
2026-10-01T00:24:10Z INFO [235/376] 21719eaa-db66-41a2-9caf-19fcda2786bd: 48 datasets; 1.5 s; peak memory 1184 MiB.
2026-10-01T00:24:12Z INFO [236/376] 2171e2ad-26d9-4982-866c-42fa2118f60a: 48 datasets; 1.5 s; peak memory 1184 MiB.
2026-10-01T00:24:13Z INFO [237/376] 2172426d-2fef-4f31-8f96-19e53c3236d3: 114 datasets; 1.5 s; peak memory 1184 MiB.
2026-10-01T00:24:15Z INFO [238/376] 2172cecc-5c63-45cf-8d01-2cb89f1ca0ba: 48 datasets; 1.5 s; peak memory 1184 MiB.
2026-10-01T00:24:17Z INFO [239/376] 2173c0b2-d5c7-4a57-943d-d5d203bf15c4: 69 datasets; 2.3 s; peak memory 1184 MiB.
2026-10-01T00:24:18Z INFO [240/376] 2174a616-1c1d-478c-af4b-93dec6962d43: 48 datasets; 1.5 s; peak memory 1184 MiB.
2026-10-01T00:24:20Z INFO [241/376] 21759b01-37cb-4334-ada1-e70aba9c4541: 131 datasets; 2.0 s; peak memory 1184 MiB.
2026-10-01T00:24:22Z INFO [242/376] 2175bccf-6bc5-44c9-ab00-37f13b18b523: 116 datasets; 1.7 s; peak memory 1184 MiB.
2026-10-01T00:24:24Z INFO [243/376] 217637b8-5d78-49b3-a3d1-d474d51a3085: 45 datasets; 2.1 s; peak memory 1184 MiB.
2026-10-01T00:24:36Z INFO [244/376] 21764f5d-7248-44be-88bd-9fa81bb6f298: 336 datasets; 12.0 s; peak memory 1184 MiB.
2026-10-01T00:24:38Z INFO [245/376] 217685cf-21ed-4bb9-8d10-d18c9c17fdc3: 69 datasets; 2.0 s; peak memory 1184 MiB.
2026-10-01T00:24:40Z INFO [246/376] 2176a8da-0788-42b1-bef6-c4715e464cd4: 118 datasets; 1.8 s; peak memory 1184 MiB.
2026-10-01T00:24:42Z INFO [247/376] 217728d8-f955-4160-b625-584d35d12217: 117 datasets; 1.8 s; peak memory 1184 MiB.
2026-10-01T00:24:44Z INFO [248/376] 21775d32-2668-47db-b094-12274e6319bf: 62 datasets; 2.0 s; peak memory 1184 MiB.
2026-10-01T00:24:48Z INFO [249/376] 21777d5f-5812-41b6-b1e0-44bd80cfef5f: 156 datasets; 4.4 s; peak memory 1184 MiB.
2026-10-01T00:25:02Z INFO [250/376] 217789c2-6e76-415f-bd3f-1f21aebaa0d5: 936 datasets; 13.4 s; peak memory 1184 MiB.
2026-10-01T00:25:02Z INFO [250/376] 217789c2-6e76-415f-bd3f-1f21aebaa0d5: checkpointed 63089 records.
2026-10-01T00:25:03Z INFO [251/376] 2177906a-2596-4095-9a76-6cdbdf0edb96: 48 datasets; 1.4 s; peak memory 1184 MiB.
2026-10-01T00:25:09Z INFO [252/376] 2178ed93-47a7-4433-ad25-da33c7af0406: 127 datasets; 5.7 s; peak memory 1184 MiB.
2026-10-01T00:25:11Z INFO [253/376] 217901e4-01d4-465d-a8c7-249be55af466: 117 datasets; 1.7 s; peak memory 1184 MiB.
2026-10-01T00:25:13Z INFO [254/376] 2179b2bd-73d0-402b-b80b-7871d4b3a227: 66 datasets; 1.9 s; peak memory 1184 MiB.
2026-10-01T00:25:14Z INFO [255/376] 2179c0f0-5e97-4008-9f85-79a9aa068e07: 117 datasets; 1.7 s; peak memory 1184 MiB.
2026-10-01T00:25:15Z INFO [256/376] 217b9cd4-6e53-449a-b016-e419b50c335c: 37 datasets; 1.1 s; peak memory 1184 MiB.
2026-10-01T00:25:26Z INFO [257/376] 217c05c4-ebab-498e-bd21-0826dd818d49: 318 datasets; 10.7 s; peak memory 1184 MiB.
2026-10-01T00:25:29Z INFO [258/376] 217c14fb-d039-48f1-a85a-0b3a553e673f: 71 datasets; 2.6 s; peak memory 1184 MiB.
2026-10-01T00:25:39Z INFO [259/376] 217c4ced-b145-4748-8c6a-cafdbb071a52: 41 datasets; 10.0 s; peak memory 1184 MiB.
2026-10-01T00:25:41Z INFO [260/376] 217daae8-a3c4-4d60-94e1-c4b23317c5b6: 42 datasets; 2.0 s; peak memory 1184 MiB.
2026-10-01T00:25:42Z INFO [261/376] 217e5e92-e7af-4f96-87ff-4c014b0e3d8c: 115 datasets; 1.7 s; peak memory 1184 MiB.
2026-10-01T00:25:50Z INFO [262/376] 217eb747-a301-4e2d-8291-37dede79d8f9: 501 datasets; 7.9 s; peak memory 1184 MiB.
2026-10-01T00:25:52Z INFO [263/376] 217f0baf-8f74-4075-ada1-f2c46d363a5b: 434 datasets; 2.1 s; peak memory 1184 MiB.
2026-10-01T00:25:54Z INFO [264/376] 217f8e57-25ba-4795-80ea-04749e94796d: 48 datasets; 1.4 s; peak memory 1184 MiB.
2026-10-01T00:26:09Z INFO [265/376] 2180c778-71f3-479c-8eaf-18ba957301d0: 1155 datasets; 15.0 s; peak memory 1184 MiB.
2026-10-01T00:26:34Z INFO [266/376] 218113a3-cd6c-4ab0-bfa2-0fdf812ad899: 898 datasets; 25.1 s; peak memory 1184 MiB.
2026-10-01T00:29:34Z INFO [267/376] 218128c2-2d49-4378-a9cd-c368f3147f69: 261 datasets; 180.0 s; peak memory 1184 MiB.
2026-10-01T00:29:36Z INFO [268/376] 2181a1e5-384d-42e3-acf6-e1aee0c9f479: 62 datasets; 2.0 s; peak memory 1184 MiB.
2026-10-01T00:29:38Z INFO [269/376] 2181c9c3-db99-4724-9170-e4269102fd52: 117 datasets; 1.8 s; peak memory 1184 MiB.
2026-10-01T00:29:40Z INFO [270/376] 2182068a-d103-4274-a8cd-e0809a6933c4: 65 datasets; 1.9 s; peak memory 1184 MiB.
2026-10-01T00:29:42Z INFO [271/376] 218275b9-e954-4a62-988f-b3c8a23d6c24: 69 datasets; 2.0 s; peak memory 1184 MiB.
2026-10-01T00:29:43Z INFO [272/376] 2182a40a-c849-4dfb-8e3c-6ff797b5c89d: 117 datasets; 1.7 s; peak memory 1184 MiB.
2026-10-01T00:29:46Z INFO [273/376] 218327c0-de59-47da-bf3e-68f06200a093: 53 datasets; 2.5 s; peak memory 1184 MiB.
2026-10-01T00:29:48Z INFO [274/376] 2184f80b-0485-44d8-b596-2c3632912376: 116 datasets; 1.7 s; peak memory 1184 MiB.
2026-10-01T00:32:39Z INFO [275/376] 218505fe-ca46-4e00-8e28-7bfeeaea7cc1: 167 datasets; 171.8 s; peak memory 1184 MiB.
2026-10-01T00:32:41Z INFO [276/376] 21854ef5-a998-4386-aeab-97574352c341: 66 datasets; 2.0 s; peak memory 1184 MiB.
2026-10-01T00:32:50Z INFO [277/376] 2185d4e7-3827-464e-a4ac-415a80af0ed0: 404 datasets; 8.4 s; peak memory 1184 MiB.
2026-10-01T00:32:52Z INFO [278/376] 21862b90-b837-4ada-9275-d73745dd72ae: 116 datasets; 1.9 s; peak memory 1184 MiB.
2026-10-01T00:32:58Z INFO [279/376] 2187c700-98a2-4532-8fc4-1abe495aa312: 384 datasets; 5.9 s; peak memory 1184 MiB.
2026-10-01T00:33:00Z INFO [280/376] 2189198e-c16c-4227-8164-1c418f8d8405: 112 datasets; 2.3 s; peak memory 1184 MiB.
2026-10-01T00:33:01Z INFO [281/376] 218944b8-de7c-494f-95ef-875f9901311d: 48 datasets; 1.5 s; peak memory 1184 MiB.
2026-10-01T00:33:03Z INFO [282/376] 218976b0-0eb8-4c3b-8052-81f485432fd3: 46 datasets; 1.3 s; peak memory 1184 MiB.
2026-10-01T00:33:04Z INFO [283/376] 218981da-5041-4992-bdd5-8a7c245af9a2: 48 datasets; 1.5 s; peak memory 1184 MiB.
2026-10-01T00:33:05Z INFO [284/376] 218a24b4-8ac4-44c5-a175-0ae6c2a1c8d6: 46 datasets; 1.1 s; peak memory 1184 MiB.
2026-10-01T00:33:07Z INFO [285/376] 218c2506-d088-4168-aa16-d92dc6ad8c95: 48 datasets; 1.5 s; peak memory 1184 MiB.
2026-10-01T00:33:09Z INFO [286/376] 218d4094-cca2-4c11-9c16-93300030b217: 38 datasets; 2.1 s; peak memory 1184 MiB.
2026-10-01T00:33:10Z INFO [287/376] 218d9909-be91-41d7-888a-40828ce9c813: 54 datasets; 1.2 s; peak memory 1184 MiB.
2026-10-01T00:33:12Z INFO [288/376] 219041ee-edd1-4be1-9ed1-900eb0eecdfa: 116 datasets; 1.7 s; peak memory 1184 MiB.
2026-10-01T00:33:13Z INFO [289/376] 21906ad7-9d1c-4db5-b820-dd96038600d3: 48 datasets; 1.5 s; peak memory 1184 MiB.
2026-10-01T00:33:14Z INFO [290/376] 21913a95-05b5-40bf-866c-f86c48ead207: 62 datasets; 1.1 s; peak memory 1184 MiB.
2026-10-01T00:33:16Z INFO [291/376] 21918863-db16-4fb8-99c7-d8d4b95efce4: 48 datasets; 1.5 s; peak memory 1184 MiB.
2026-10-01T00:33:21Z INFO [292/376] 21919464-4c82-4525-9275-8a81a2550395: 133 datasets; 5.2 s; peak memory 1184 MiB.
2026-10-01T00:33:23Z INFO [293/376] 2191b4d8-ee69-4268-a60e-9d58b651f894: 48 datasets; 1.5 s; peak memory 1184 MiB.
2026-10-01T00:33:27Z INFO [294/376] 219261cd-dd59-4b24-96fb-5922cdc0c525: 80 datasets; 3.8 s; peak memory 1184 MiB.
2026-10-01T00:33:28Z INFO [295/376] 2193b13f-f076-405f-a86b-dbc6acca4392: 117 datasets; 1.8 s; peak memory 1184 MiB.
2026-10-01T00:33:30Z INFO [296/376] 2193b215-7f49-46df-9984-ddf10bac6c14: 48 datasets; 1.5 s; peak memory 1184 MiB.
2026-10-01T00:33:44Z INFO [297/376] 21942254-07f2-4954-b4a6-037e7b2fefe1: 1668 datasets; 14.6 s; peak memory 1184 MiB.
2026-10-01T00:33:47Z INFO [298/376] 219482f9-3b20-4bc2-a739-ddd999db50d8: 71 datasets; 2.5 s; peak memory 1184 MiB.
2026-10-01T00:34:19Z INFO [299/376] 21951fe6-9a8d-4e3f-b036-3404dac7a305: 1421 datasets; 31.9 s; peak memory 1184 MiB.
2026-10-01T00:34:21Z INFO [300/376] 2195f87f-45c3-411e-b4ac-35e337dd881b: 112 datasets; 2.0 s; peak memory 1184 MiB.
2026-10-01T00:34:21Z INFO [300/376] 2195f87f-45c3-411e-b4ac-35e337dd881b: checkpointed 63139 records.
2026-10-01T00:34:22Z INFO [301/376] 2196012c-42fd-4d1f-b13e-21bb8e7522a5: 48 datasets; 1.4 s; peak memory 1184 MiB.
2026-10-01T00:34:25Z INFO [302/376] 2196c6b6-d42e-4c14-b475-ffa828370699: 112 datasets; 2.3 s; peak memory 1184 MiB.
2026-10-01T00:34:27Z INFO [303/376] 2196cfde-e0bd-48d8-b6e4-c3032cdd1d74: 71 datasets; 2.3 s; peak memory 1184 MiB.
2026-10-01T00:34:29Z INFO [304/376] 2197158e-994f-442c-8348-b7db5c746d2d: 118 datasets; 2.1 s; peak memory 1184 MiB.
2026-10-01T00:34:32Z INFO [305/376] 2197a6f8-535a-4026-8409-a40a389a86c3: 118 datasets; 2.5 s; peak memory 1184 MiB.
2026-10-01T00:34:34Z INFO [306/376] 21981f72-1a1b-434c-8530-904db440a456: 64 datasets; 2.2 s; peak memory 1184 MiB.
2026-10-01T00:34:35Z INFO [307/376] 219845ff-7af9-46f5-b8a9-5a061fe2f51c: 48 datasets; 1.6 s; peak memory 1184 MiB.
2026-10-01T00:34:37Z INFO [308/376] 2198a07c-7655-4a79-a8d2-051f48fe3577: 48 datasets; 1.3 s; peak memory 1184 MiB.
2026-10-01T00:34:39Z INFO [309/376] 2199bd44-2f1b-436c-b011-c6b77f77d95e: 112 datasets; 2.2 s; peak memory 1184 MiB.
2026-10-01T00:34:41Z INFO [310/376] 219afa0a-79ea-4d75-a5f6-478ad0633a77: 112 datasets; 1.8 s; peak memory 1184 MiB.
2026-10-01T00:34:43Z INFO [311/376] 219b5ed7-d137-45b5-9b13-a883ae279fb2: 117 datasets; 1.9 s; peak memory 1184 MiB.
2026-10-01T00:34:44Z INFO [312/376] 219c008e-fad4-4c2a-b41d-90dd34eb2cbe: 52 datasets; 1.4 s; peak memory 1184 MiB.
2026-10-01T00:34:52Z INFO [313/376] 219c8385-bef7-4794-988e-f4e792177a9d: 2101 datasets; 7.9 s; peak memory 1184 MiB.
2026-10-01T00:34:55Z INFO [314/376] 219c9fa7-8545-4369-9709-29d97c83eff3: 116 datasets; 3.4 s; peak memory 1184 MiB.
2026-10-01T00:34:57Z INFO [315/376] 219cde05-08d5-4501-95ba-861bd79cce0a: 61 datasets; 1.4 s; peak memory 1184 MiB.
2026-10-01T00:34:58Z INFO [316/376] 219ce184-cafc-4380-a031-4ebc9d5a042c: 50 datasets; 1.4 s; peak memory 1184 MiB.
2026-10-01T00:35:00Z INFO [317/376] 219d7bfd-ca28-4377-bb9e-f58fd7694215: 69 datasets; 2.3 s; peak memory 1184 MiB.
2026-10-01T00:35:03Z INFO [318/376] 219dbdb7-228a-4a4f-96b1-3d82d81d085d: 66 datasets; 2.1 s; peak memory 1184 MiB.
2026-10-01T00:35:04Z INFO [319/376] 219e21fc-06a3-40ac-928a-f9b60d756e8a: 57 datasets; 1.2 s; peak memory 1184 MiB.
2026-10-01T00:35:05Z INFO [320/376] 219fd017-baa2-4fd0-b679-1a64ba829433: 48 datasets; 1.5 s; peak memory 1184 MiB.
2026-10-01T00:35:31Z INFO [321/376] 21a04138-5449-4b5c-a4c5-84aed64d24d9: 1862 datasets; 25.6 s; peak memory 1184 MiB.
2026-10-01T00:35:38Z INFO [322/376] 21a06613-f0a3-4513-900b-87c9318ce6d9: 208 datasets; 7.5 s; peak memory 1184 MiB.
2026-10-01T00:35:51Z INFO [323/376] 21a0ff0d-e603-4c86-80d0-9888f08a1860: 546 datasets; 12.3 s; peak memory 1184 MiB.
2026-10-01T00:35:54Z INFO [324/376] 21a1383b-3c38-4b81-b29d-e99fdcf0bfe8: 102 datasets; 3.1 s; peak memory 1184 MiB.
2026-10-01T00:35:55Z INFO [325/376] 21a26489-467d-4c79-b24b-d391a42b3b43: 48 datasets; 1.4 s; peak memory 1184 MiB.
2026-10-01T00:35:57Z INFO [326/376] 21a2cb5e-8323-47e9-87bb-c55d3f955837: 48 datasets; 1.4 s; peak memory 1184 MiB.
2026-10-01T00:35:58Z INFO [327/376] 21a36cd6-7731-419d-b1c6-92334b69375d: 116 datasets; 1.7 s; peak memory 1184 MiB.
2026-10-01T00:36:02Z INFO [328/376] 21a3bc54-7b2e-4c6d-9630-4d69ae43591a: 156 datasets; 3.6 s; peak memory 1184 MiB.
2026-10-01T00:36:03Z INFO [329/376] 21a3e2a6-302a-4c01-807f-e83c8c156315: 48 datasets; 1.5 s; peak memory 1184 MiB.
2026-10-01T00:36:06Z INFO [330/376] 21a3f2a0-11ef-47f5-84fe-2c7445f53553: 66 datasets; 2.2 s; peak memory 1184 MiB.
2026-10-01T00:36:07Z INFO [331/376] 21a45739-1738-407d-8bd6-9b703765743d: 48 datasets; 1.5 s; peak memory 1184 MiB.
2026-10-01T00:36:09Z INFO [332/376] 21a51b81-c892-48ff-947f-d86acbe9ea6e: 48 datasets; 1.6 s; peak memory 1184 MiB.
2026-10-01T00:36:24Z INFO [333/376] 21a5237f-32a9-4e08-944e-66ec6a755e5b: 234 datasets; 15.1 s; peak memory 1184 MiB.
2026-10-01T00:36:28Z INFO [334/376] 21a529c8-28bb-420d-8b2d-211c6e30953f: 156 datasets; 4.1 s; peak memory 1184 MiB.
2026-10-01T00:36:29Z INFO [335/376] 21a52c0e-32c5-497f-b4c0-fa292132200f: 117 datasets; 1.5 s; peak memory 1184 MiB.
2026-10-01T00:36:31Z INFO [336/376] 21a55905-c2f4-40bc-a4fa-24012c402fd7: 57 datasets; 1.2 s; peak memory 1184 MiB.
2026-10-01T00:36:33Z INFO [337/376] 21a65055-883e-4f84-8c98-a145a778e276: 69 datasets; 2.1 s; peak memory 1184 MiB.
2026-10-01T00:36:48Z INFO [338/376] 21a67965-8bc0-464c-a4d0-f2d4871a23a1: 63 datasets; 15.3 s; peak memory 1184 MiB.
2026-10-01T00:36:49Z INFO [339/376] 21a72a6a-4633-42a7-bd00-82421b7e8323: 48 datasets; 1.5 s; peak memory 1184 MiB.
2026-10-01T00:36:55Z INFO [340/376] 21a7c857-b6fa-4b6d-8c53-285601ed6af9: 38 datasets; 5.9 s; peak memory 1184 MiB.
2026-10-01T00:36:58Z INFO [341/376] 21a918fd-09eb-4f21-baca-7b99f159b30a: 163 datasets; 2.4 s; peak memory 1184 MiB.
2026-10-01T00:37:02Z INFO [342/376] 21a9ea57-4160-42e2-b93f-412fb35a2a0e: 184 datasets; 4.7 s; peak memory 1184 MiB.
2026-10-01T00:37:15Z INFO [343/376] 21aa2fe8-6725-4a19-a0fe-e4ff8a7254d6: 975 datasets; 13.2 s; peak memory 1184 MiB.
2026-10-01T00:37:17Z INFO [344/376] 21aa3d03-bcfe-4fd8-ab9e-157f924352ef: 66 datasets; 1.9 s; peak memory 1184 MiB.
2026-10-01T00:37:20Z INFO [345/376] 21ab00ef-3907-4c8c-b36d-20a6b7aad243: 53 datasets; 2.5 s; peak memory 1184 MiB.
2026-10-01T00:37:22Z INFO [346/376] 21ab9091-c331-4b98-bbb7-540ccbd8214c: 117 datasets; 1.9 s; peak memory 1184 MiB.
2026-10-01T00:37:23Z INFO [347/376] 21abe1be-c8f8-40a8-bf32-62d6c6abcdc5: 117 datasets; 1.8 s; peak memory 1184 MiB.
2026-10-01T00:37:25Z INFO [348/376] 21ac44c2-e293-4429-b1e1-0d32904ec2c8: 48 datasets; 1.4 s; peak memory 1184 MiB.
2026-10-01T00:37:26Z INFO [349/376] 21acb57f-2947-4f55-a2f3-ea089c3ca2fb: 48 datasets; 1.6 s; peak memory 1184 MiB.
2026-10-01T00:37:28Z INFO [350/376] 21aced19-f002-4c09-818f-2dba35a7ea3f: 117 datasets; 1.6 s; peak memory 1184 MiB.
2026-10-01T00:37:28Z INFO [350/376] 21aced19-f002-4c09-818f-2dba35a7ea3f: checkpointed 63189 records.
2026-10-01T00:37:36Z INFO [351/376] 21ad5124-9697-4279-8b89-e9bf7bc3098e: 538 datasets; 8.0 s; peak memory 1184 MiB.
2026-10-01T00:37:45Z INFO [352/376] 21ad8684-f018-403e-b919-0e57e3ccb5d4: 208 datasets; 8.6 s; peak memory 1184 MiB.
2026-10-01T00:37:47Z INFO [353/376] 21adaf5f-008f-4243-97e7-4cf793ac9b27: 117 datasets; 1.7 s; peak memory 1184 MiB.
2026-10-01T00:37:49Z INFO [354/376] 21ae654a-148a-4622-93a9-c8f607578818: 66 datasets; 2.8 s; peak memory 1184 MiB.
2026-10-01T00:37:51Z INFO [355/376] 21af8312-9247-4fb6-9451-ed142eaaa2e2: 72 datasets; 1.7 s; peak memory 1184 MiB.
2026-10-01T00:41:55Z INFO [356/376] 21afe056-c2e9-496d-bb7b-48de93a5dda2: 107 datasets; 244.1 s; peak memory 1224 MiB.
2026-10-01T00:41:57Z INFO [357/376] 21b10824-d00a-4755-adbb-24814cd15f7a: 118 datasets; 1.7 s; peak memory 1224 MiB.
2026-10-01T00:41:59Z INFO [358/376] 21b13a1d-5f35-41cd-af15-24a6253cb64a: 118 datasets; 1.7 s; peak memory 1224 MiB.
2026-10-01T00:42:00Z INFO [359/376] 21b1a0b4-d144-48aa-b76d-5ea98e298bad: 121 datasets; 1.4 s; peak memory 1224 MiB.
2026-10-01T00:42:17Z INFO [360/376] 21b1be89-bc7f-486f-9047-278fd3372917: 779 datasets; 16.9 s; peak memory 1224 MiB.
2026-10-01T00:42:19Z INFO [361/376] 21b1d934-c99b-4b14-bac1-76344ad4b715: 62 datasets; 2.1 s; peak memory 1224 MiB.
2026-10-01T00:42:21Z INFO [362/376] 21b1e0ef-dfb4-4980-af9b-828a0f9396f4: 118 datasets; 1.7 s; peak memory 1224 MiB.
2026-10-01T00:42:23Z INFO [363/376] 21b234c5-6ef7-4fb6-a8c3-4b8f91d1cb56: 62 datasets; 2.1 s; peak memory 1224 MiB.
2026-10-01T00:42:55Z INFO [364/376] 21b2742f-0b3b-4079-988a-4bded7bf0cec: 48 datasets; 32.4 s; peak memory 1224 MiB.
2026-10-01T00:43:01Z INFO [365/376] 21b2abe5-0bc2-4237-9121-a4b87369118f: 233 datasets; 5.6 s; peak memory 1224 MiB.
2026-10-01T00:43:08Z INFO [366/376] 21b37330-ae77-4c67-ab52-9e7efe814317: 225 datasets; 7.4 s; peak memory 1224 MiB.
2026-10-01T00:43:09Z INFO [367/376] 21b3d8ce-f687-4302-8ed3-b7d2eb018748: 48 datasets; 1.4 s; peak memory 1224 MiB.
2026-10-01T00:43:11Z INFO [368/376] 21b46a5d-e281-490d-807a-241755552d6f: 117 datasets; 1.7 s; peak memory 1224 MiB.
2026-10-01T00:43:13Z INFO [369/376] 21b4eab6-aee0-4a16-a533-858c9378cd63: 48 datasets; 1.5 s; peak memory 1224 MiB.
2026-10-01T00:43:16Z INFO [370/376] 21b588e9-7a0a-4d39-8181-71662ab64f0e: 117 datasets; 3.1 s; peak memory 1224 MiB.
2026-10-01T00:43:17Z INFO [371/376] 21b5d2ef-b444-415c-afbd-f909a860fbfa: 52 datasets; 1.5 s; peak memory 1224 MiB.
2026-10-01T00:43:37Z INFO [372/376] 21b5f3e0-2ca1-49cd-9234-29d3b2351f78: 273 datasets; 19.7 s; peak memory 1224 MiB.
2026-10-01T00:43:57Z INFO [373/376] 21b679d3-92e5-4326-be4d-936056c6bad7: 41 datasets; 20.5 s; peak memory 1224 MiB.
2026-10-01T00:44:00Z INFO [374/376] 21b76b29-7edf-4a86-b5af-59a9366a36d4: 69 datasets; 2.3 s; peak memory 1224 MiB.
2026-10-01T00:44:01Z INFO [375/376] 21b8ed40-66bf-4890-8f72-0f5c975b7db6: 57 datasets; 1.3 s; peak memory 1224 MiB.
2026-10-01T00:44:03Z INFO [376/376] 21b9b658-43ec-4842-9f83-130c7fc880df: 48 datasets; 1.6 s; peak memory 1224 MiB.
2026-10-01T00:44:03Z INFO Wrote 63215 records to /tmp/derivatives/valid_nwb_file_to_number_of_datasets.jsonl (376 new, 0 failed) in 65.5 min (peak memory 1224 MiB).
