2026-09-18T16:14:00Z INFO Logging to /tmp/logs/update_2026-09-18T16-14-00Z.log.
2026-09-18T16:14:00Z INFO Update valid-nwb-file-to-number-of-datasets (base directory /tmp).
2026-09-18T16:14:00Z INFO Processing 374 items (49526 already recorded).
2026-09-18T16:14:24Z INFO [1/374] 058fefa7-b128-4045-87d7-40b429b60aca: 996 datasets; 23.8 s; peak memory 153 MiB.
2026-09-18T16:14:26Z INFO [2/374] 05905626-ffdc-4356-bc6d-1b3743831f26: 112 datasets; 1.9 s; peak memory 154 MiB.
2026-09-18T16:14:28Z INFO [3/374] 059089ef-799d-4198-a6b6-7f2cc22a04b9: 90 datasets; 2.6 s; peak memory 154 MiB.
2026-09-18T16:14:31Z INFO [4/374] 0590a34a-5a3c-42c3-be96-5071220c0b31: 115 datasets; 2.8 s; peak memory 154 MiB.
2026-09-18T16:14:33Z INFO [5/374] 059202c7-04af-4fea-88b7-2c2253d22e1b: 48 datasets; 1.3 s; peak memory 154 MiB.
2026-09-18T16:14:34Z INFO [6/374] 0592d28c-9eba-4113-8b6c-9a936557c21a: 48 datasets; 1.2 s; peak memory 155 MiB.
2026-09-18T16:14:35Z INFO [7/374] 0592ecef-0a70-48fa-b6a5-b6f3408585a4: 48 datasets; 1.3 s; peak memory 155 MiB.
2026-09-18T16:14:39Z INFO [8/374] 0592f8d0-6fc0-4504-a97d-a4dbc5c35a79: 99 datasets; 3.4 s; peak memory 155 MiB.
2026-09-18T16:14:40Z INFO [9/374] 05935ceb-44b7-4cad-b5dd-a53265b9e5e2: 48 datasets; 1.3 s; peak memory 155 MiB.
2026-09-18T16:14:50Z INFO [10/374] 0593b853-d93c-467d-8ad3-586ba6838f93: 817 datasets; 10.5 s; peak memory 156 MiB.
2026-09-18T16:14:52Z INFO [11/374] 0593c7ec-419d-42f0-97a2-f7ae26bd0e9b: 66 datasets; 1.8 s; peak memory 156 MiB.
2026-09-18T16:14:54Z INFO [12/374] 05942bb0-486d-45bd-816f-2330ebe172b6: 112 datasets; 2.0 s; peak memory 156 MiB.
2026-09-18T16:14:55Z INFO [13/374] 05949dbb-a3a7-407f-97b7-16904ed9acf0: 48 datasets; 1.3 s; peak memory 156 MiB.
2026-09-18T16:14:57Z INFO [14/374] 05951d4d-8ab8-4368-bb4d-b529942fca6f: 48 datasets; 1.2 s; peak memory 156 MiB.
2026-09-18T16:15:48Z INFO [15/374] 0595737a-c45e-4e6f-ad93-b63e93df6551: 52 datasets; 51.6 s; peak memory 201 MiB.
2026-09-18T16:15:49Z INFO [16/374] 05960e92-e35d-47f8-a9d4-b278ecc14a42: 48 datasets; 1.2 s; peak memory 201 MiB.
2026-09-18T16:15:51Z INFO [17/374] 05963fc2-b683-4891-9323-529ece8e0087: 117 datasets; 1.7 s; peak memory 201 MiB.
2026-09-18T16:15:54Z INFO [18/374] 05967496-30d0-4968-bc09-fb9e69884b4a: 119 datasets; 2.9 s; peak memory 201 MiB.
2026-09-18T16:15:57Z INFO [19/374] 0596879b-8669-4735-80d8-a7dd67b7d7bd: 150 datasets; 3.1 s; peak memory 201 MiB.
2026-09-18T16:15:58Z INFO [20/374] 05968f6e-1635-4d81-9544-e53a1bd77f25: 46 datasets; 1.0 s; peak memory 201 MiB.
2026-09-18T16:16:15Z INFO [21/374] 0596ed64-f930-44b4-b7ba-2a6204683f9c: 5683 datasets; 16.5 s; peak memory 201 MiB.
2026-09-18T16:16:16Z INFO [22/374] 059722f8-2154-4ce9-a7ef-f3d463cda8b5: 110 datasets; 1.7 s; peak memory 201 MiB.
2026-09-18T16:16:34Z INFO [23/374] 05973403-95ec-412e-b34e-aae27d3e5ff5: 1565 datasets; 17.4 s; peak memory 201 MiB.
2026-09-18T16:16:35Z INFO [24/374] 05977b12-9625-482c-957d-cb83dadfaf08: 69 datasets; 1.8 s; peak memory 201 MiB.
2026-09-18T16:16:37Z INFO [25/374] 0597848c-4be9-4eba-b5f0-f39d92cdf7c2: 74 datasets; 1.6 s; peak memory 201 MiB.
2026-09-18T16:16:39Z INFO [26/374] 059960f0-691e-4a65-a5eb-7439867bbc38: 71 datasets; 1.9 s; peak memory 201 MiB.
2026-09-18T16:16:40Z INFO [27/374] 059985e5-b4f5-458f-a3b2-b750bdd8c13b: 110 datasets; 1.4 s; peak memory 201 MiB.
2026-09-18T16:16:42Z INFO [28/374] 059992cb-4592-49a4-a3c9-9984fc06ab35: 33 datasets; 1.2 s; peak memory 201 MiB.
2026-09-18T16:16:43Z INFO [29/374] 059a21bb-49ce-4b68-bd86-126dea368e6b: 48 datasets; 1.2 s; peak memory 201 MiB.
2026-09-18T16:16:45Z INFO [30/374] 059a809a-b5ed-4493-b061-d7c93c42f356: 117 datasets; 2.0 s; peak memory 201 MiB.
2026-09-18T16:16:46Z INFO [31/374] 059b5dab-1309-4e3a-9f2b-33b86b3eae20: 115 datasets; 1.7 s; peak memory 201 MiB.
2026-09-18T16:16:49Z INFO [32/374] 059b853c-9cb8-4a5d-a0ee-c79c1043c635: 115 datasets; 2.9 s; peak memory 201 MiB.
2026-09-18T16:16:51Z INFO [33/374] 059d47a4-6dd0-4e3c-8eb5-58e19f4761f5: 84 datasets; 1.6 s; peak memory 201 MiB.
2026-09-18T16:16:52Z INFO [34/374] 059d76c4-8f4d-4383-a97e-e0f344cd4b7f: 62 datasets; 1.5 s; peak memory 201 MiB.
2026-09-18T16:16:54Z INFO [35/374] 059d9455-cba1-47c6-bb8f-e5b4df0961d1: 48 datasets; 1.2 s; peak memory 201 MiB.
2026-09-18T16:16:55Z INFO [36/374] 059e90ad-6155-473e-be77-d8a316b09d67: 117 datasets; 1.5 s; peak memory 201 MiB.
2026-09-18T16:16:56Z INFO [37/374] 059f09fb-b87f-4b83-96ee-e68e6c40f340: 48 datasets; 1.2 s; peak memory 201 MiB.
2026-09-18T16:16:58Z INFO [38/374] 059f268d-12f2-46c1-a00c-e891977cd4a4: 48 datasets; 1.2 s; peak memory 201 MiB.
2026-09-18T16:16:59Z INFO [39/374] 059f3791-9241-4963-84f2-c1cae189b86d: 63 datasets; 1.1 s; peak memory 201 MiB.
2026-09-18T16:17:00Z INFO [40/374] 059fac40-4a2a-491c-8002-5d082264de28: 116 datasets; 1.6 s; peak memory 201 MiB.
2026-09-18T16:17:01Z INFO [41/374] 059fda3a-50b5-4dde-8fca-ea928ac012e3: 48 datasets; 1.2 s; peak memory 201 MiB.
2026-09-18T16:17:03Z INFO [42/374] 05a0a69e-70a8-4de7-85a4-6304ccdf3563: 117 datasets; 1.4 s; peak memory 201 MiB.
2026-09-18T16:17:09Z INFO [43/374] 05a0b7b9-c1bd-458d-9798-93fa8a8aa595: 538 datasets; 6.3 s; peak memory 201 MiB.
2026-09-18T16:17:10Z INFO [44/374] 05a0ee39-4b38-4bcf-8310-86a5982c86de: 48 datasets; 1.2 s; peak memory 201 MiB.
2026-09-18T16:17:12Z INFO [45/374] 05a25ab5-f0cf-49bc-a846-4aff5bdd2673: 48 datasets; 1.2 s; peak memory 201 MiB.
2026-09-18T16:17:13Z INFO [46/374] 05a29a0d-0cf8-47ba-9a18-654c36ba787b: 48 datasets; 1.2 s; peak memory 201 MiB.
2026-09-18T16:17:14Z INFO [47/374] 05a2cdcc-8424-4ae0-a387-15403aa0fd54: 118 datasets; 1.5 s; peak memory 201 MiB.
2026-09-18T16:17:15Z INFO [48/374] 05a40dda-6a2d-4bab-8d30-501d837b3923: 48 datasets; 1.2 s; peak memory 201 MiB.
2026-09-18T16:17:17Z INFO [49/374] 05a438dc-ce99-4cb4-aa78-f42618447f53: 118 datasets; 1.5 s; peak memory 201 MiB.
2026-09-18T16:17:18Z INFO [50/374] 05a54513-16dd-48cf-bd41-d58447365491: 117 datasets; 1.4 s; peak memory 201 MiB.
2026-09-18T16:17:18Z INFO [50/374] 05a54513-16dd-48cf-bd41-d58447365491: checkpointed 49576 records.
2026-09-18T16:17:34Z INFO [51/374] 05a5dd5c-333c-45e0-ae9e-cffb94fcc7eb: 925 datasets; 15.9 s; peak memory 201 MiB.
2026-09-18T16:17:36Z INFO [52/374] 05a6cb19-8fea-45e2-b8b0-f4b6ff0a4538: 117 datasets; 1.6 s; peak memory 201 MiB.
2026-09-18T16:17:38Z INFO [53/374] 05a6d22f-97f9-4867-93b5-c2bec299e417: 38 datasets; 2.5 s; peak memory 201 MiB.
2026-09-18T16:17:40Z INFO [54/374] 05a73ef3-9ba7-43d5-8af0-5f74ed1fc541: 48 datasets; 1.3 s; peak memory 201 MiB.
2026-09-18T16:17:41Z INFO [55/374] 05a74b0f-7bf7-43f1-99ce-b87ab353336e: 48 datasets; 1.2 s; peak memory 201 MiB.
2026-09-18T16:17:42Z INFO [56/374] 05a76531-49a9-402e-80ee-76284cdd97fc: 117 datasets; 1.5 s; peak memory 201 MiB.
2026-09-18T16:17:59Z INFO [57/374] 05a82e66-4b4d-4421-a904-748c6ca11a38: 856 datasets; 17.0 s; peak memory 201 MiB.
2026-09-18T16:18:01Z INFO [58/374] 05a8d371-6821-4629-9672-81c73f40d132: 112 datasets; 1.8 s; peak memory 201 MiB.
2026-09-18T16:18:03Z INFO [59/374] 05a960bd-657d-46fe-a422-b829a8a624c1: 49 datasets; 1.4 s; peak memory 201 MiB.
2026-09-18T16:18:05Z INFO [60/374] 05a98e73-5522-4e91-8324-f03120d7eda8: 101 datasets; 2.7 s; peak memory 201 MiB.
2026-09-18T16:18:07Z INFO [61/374] 05a9ae09-4c3d-44b3-8be5-f27068fdd854: 48 datasets; 1.2 s; peak memory 201 MiB.
2026-09-18T16:18:22Z INFO [62/374] 05a9ec4a-b95b-4648-98ca-c68cba66031f: 1367 datasets; 15.7 s; peak memory 201 MiB.
2026-09-18T16:18:24Z INFO [63/374] 05aa22f2-d2f5-4c69-a68d-f0ee5dc8f6fd: 66 datasets; 1.8 s; peak memory 201 MiB.
2026-09-18T16:18:26Z INFO [64/374] 05aa287a-7a12-405a-a5cf-271bd4acc386: 118 datasets; 1.5 s; peak memory 201 MiB.
2026-09-18T16:18:27Z INFO [65/374] 05aa6494-0342-4297-8671-9631520f5b6c: 69 datasets; 1.6 s; peak memory 201 MiB.
2026-09-18T16:18:29Z INFO [66/374] 05aac6cf-1b02-414b-897c-f14b4bff29cb: 84 datasets; 1.6 s; peak memory 201 MiB.
2026-09-18T16:18:30Z INFO [67/374] 05ab4781-bffd-49a7-baef-ac4e789257a5: 48 datasets; 1.2 s; peak memory 201 MiB.
2026-09-18T16:18:42Z INFO [68/374] 05ac8459-fdb4-4951-b750-46113406401d: 706 datasets; 12.2 s; peak memory 201 MiB.
2026-09-18T16:18:43Z INFO [69/374] 05acb171-09e1-4394-bfaf-b0828f996a15: 46 datasets; 1.0 s; peak memory 201 MiB.
2026-09-18T16:18:44Z INFO [70/374] 05acb20e-69f8-46eb-ad2d-1d14ac886bba: 48 datasets; 1.2 s; peak memory 201 MiB.
2026-09-18T16:18:46Z INFO [71/374] 05add16e-2387-4e76-9d3a-3667cf9281a6: 38 datasets; 1.2 s; peak memory 201 MiB.
2026-09-18T16:18:49Z INFO [72/374] 05ae2b09-d67d-4f7a-90b6-076d954877ab: 152 datasets; 3.1 s; peak memory 201 MiB.
2026-09-18T16:18:51Z INFO [73/374] 05ae9d47-2315-4b36-8f4e-657024d0aaf6: 152 datasets; 1.9 s; peak memory 201 MiB.
2026-09-18T16:18:52Z INFO [74/374] 05aebd7d-2516-481e-aad7-dab5325ed098: 48 datasets; 1.2 s; peak memory 201 MiB.
2026-09-18T16:18:53Z INFO [75/374] 05afda79-c8b9-409c-a4d1-94c14dee0183: 118 datasets; 1.4 s; peak memory 201 MiB.
2026-09-18T16:18:55Z INFO [76/374] 05b07817-d5d3-4a2d-babc-1e84fceef41d: 48 datasets; 1.2 s; peak memory 201 MiB.
2026-09-18T16:18:56Z INFO [77/374] 05b20ba1-7181-4980-a8f8-8036b95b91a9: 118 datasets; 1.4 s; peak memory 201 MiB.
2026-09-18T16:18:58Z INFO [78/374] 05b2471f-c03c-4ed4-b67c-588e2f08fc82: 71 datasets; 1.8 s; peak memory 201 MiB.
2026-09-18T16:18:59Z INFO [79/374] 05b309aa-c900-4a93-a923-1f688da6124d: 59 datasets; 1.4 s; peak memory 201 MiB.
2026-09-18T16:19:00Z INFO [80/374] 05b320ee-4547-4a84-b60d-73e5da0c1142: 46 datasets; 0.9 s; peak memory 201 MiB.
2026-09-18T16:19:01Z INFO [81/374] 05b3c55d-2c1e-4f0e-9b36-eea4c5826366: 48 datasets; 1.3 s; peak memory 201 MiB.
2026-09-18T16:19:08Z INFO [82/374] 05b496f6-87ac-4c5e-a77b-a3f504b522da: 538 datasets; 6.8 s; peak memory 201 MiB.
2026-09-18T16:20:06Z INFO [83/374] 05b4ee62-d548-434b-a92c-d234a646dd2b: 4089 datasets; 57.3 s; peak memory 221 MiB.
2026-09-18T16:20:07Z INFO [84/374] 05b55d06-6b9c-4e31-9efc-cf0886c6422c: 118 datasets; 1.5 s; peak memory 221 MiB.
2026-09-18T16:20:09Z INFO [85/374] 05b677f8-9df6-40f7-88a1-b9c53126bf3a: 112 datasets; 1.9 s; peak memory 221 MiB.
2026-09-18T16:20:11Z INFO [86/374] 05b756ec-d669-4e3b-b044-ddd520fbd54d: 69 datasets; 1.7 s; peak memory 221 MiB.
2026-09-18T16:20:12Z INFO [87/374] 05b8073e-c8bb-41db-8911-2ce119aca306: 48 datasets; 1.3 s; peak memory 221 MiB.
2026-09-18T16:20:13Z INFO [88/374] 05b85da6-d091-4f85-b39f-f0686a57753d: 117 datasets; 1.4 s; peak memory 221 MiB.
2026-09-18T16:20:15Z INFO [89/374] 05b86317-c0c4-4a34-bddb-0c7d1bc25eba: 66 datasets; 2.1 s; peak memory 221 MiB.
2026-09-18T16:20:17Z INFO [90/374] 05b88182-7c82-4dd3-b9c1-dca9bd2cb9a5: 48 datasets; 1.3 s; peak memory 221 MiB.
2026-09-18T16:20:22Z INFO [91/374] 05b92744-7cd5-44d3-a2f1-935457251bf3: 225 datasets; 5.2 s; peak memory 221 MiB.
2026-09-18T16:20:32Z INFO [92/374] 05b9b3f3-b227-439c-b2a9-22695e610bf0: 593 datasets; 9.9 s; peak memory 221 MiB.
2026-09-18T16:24:15Z INFO [93/374] 05ba097b-f014-4e05-8b8a-362101cf2a56: 292 datasets; 223.5 s; peak memory 414 MiB.
2026-09-18T16:24:17Z INFO [94/374] 05bb0b64-af6d-4adf-8027-354a4a31e459: 71 datasets; 2.1 s; peak memory 414 MiB.
2026-09-18T16:24:19Z INFO [95/374] 05bb30d1-2ae2-4075-a701-06e81eb86bd2: 61 datasets; 1.2 s; peak memory 414 MiB.
2026-09-18T16:24:31Z INFO [96/374] 05bb8557-415c-4fd0-8c7f-e3fc7bb752bc: 296 datasets; 12.2 s; peak memory 414 MiB.
2026-09-18T16:24:33Z INFO [97/374] 05bba29b-3e89-40db-be27-9d275cac385e: 112 datasets; 2.1 s; peak memory 414 MiB.
2026-09-18T16:24:38Z INFO [98/374] 05bcc39e-61b6-4dc8-8f37-5b7201de8fb3: 462 datasets; 5.5 s; peak memory 414 MiB.
2026-09-18T16:24:40Z INFO [99/374] 05bceb2c-dc2f-4b3a-b625-8806fc26f274: 62 datasets; 1.6 s; peak memory 414 MiB.
2026-09-18T16:24:45Z INFO [100/374] 05bdb147-d79b-4de4-a99b-0bda64dbcd26: 242 datasets; 4.8 s; peak memory 414 MiB.
2026-09-18T16:24:45Z INFO [100/374] 05bdb147-d79b-4de4-a99b-0bda64dbcd26: checkpointed 49626 records.
2026-09-18T16:25:30Z INFO [101/374] 05bea909-fab0-453d-b0bc-f401e4cf6a63: 55 datasets; 45.3 s; peak memory 414 MiB.
2026-09-18T16:25:32Z INFO [102/374] 05c0d03c-2eaf-4df2-9673-2ece9f433147: 112 datasets; 1.7 s; peak memory 414 MiB.
2026-09-18T16:25:33Z INFO [103/374] 05c0f741-419c-4706-b8d7-f43dd97ec10b: 117 datasets; 1.5 s; peak memory 414 MiB.
2026-09-18T16:25:35Z INFO [104/374] 05c1438f-4d55-47c5-8852-db4707df3225: 116 datasets; 1.5 s; peak memory 414 MiB.
2026-09-18T16:25:36Z INFO [105/374] 05c1d11d-a2c5-44ec-8df0-ae66612122a6: 117 datasets; 1.6 s; peak memory 414 MiB.
2026-09-18T16:25:38Z INFO [106/374] 05c22c2c-dcb0-46a2-9fbc-c04488a7f54f: 70 datasets; 1.8 s; peak memory 414 MiB.
2026-09-18T16:25:40Z INFO [107/374] 05c2623b-5023-427a-8671-5435fe4e426d: 116 datasets; 1.5 s; peak memory 414 MiB.
2026-09-18T16:25:41Z INFO [108/374] 05c2abd2-7b77-45e5-a87f-18613f174e9c: 117 datasets; 1.6 s; peak memory 414 MiB.
2026-09-18T16:25:43Z INFO [109/374] 05c2f42b-b527-4e28-a812-364e2605c37f: 66 datasets; 1.6 s; peak memory 414 MiB.
2026-09-18T16:25:46Z INFO [110/374] 05c378d6-b02a-4f48-a18e-634bbc0c97dc: 152 datasets; 3.6 s; peak memory 414 MiB.
2026-09-18T16:25:48Z INFO [111/374] 05c4e2d1-a042-40af-bf8e-e28071718747: 275 datasets; 1.7 s; peak memory 414 MiB.
2026-09-18T16:25:50Z INFO [112/374] 05c5b4dc-9d43-4a4f-87eb-b42fa5bf1f11: 116 datasets; 1.8 s; peak memory 414 MiB.
2026-09-18T16:25:51Z INFO [113/374] 05c5f3df-9747-4400-8257-060d8ff702ac: 48 datasets; 1.2 s; peak memory 414 MiB.
2026-09-18T16:25:53Z INFO [114/374] 05c613b2-93d6-4ee6-8a6c-3aa5ef2ec969: 112 datasets; 1.9 s; peak memory 414 MiB.
2026-09-18T16:25:55Z INFO [115/374] 05c61974-434e-4184-ab40-c33d50052088: 78 datasets; 2.1 s; peak memory 414 MiB.
2026-09-18T16:25:56Z INFO [116/374] 05c6dc24-51c8-4a41-8526-450b8f1e9c7e: 119 datasets; 1.2 s; peak memory 414 MiB.
2026-09-18T16:26:00Z INFO [117/374] 05c734ed-4b11-4d90-9181-80d2ed559f89: 156 datasets; 3.5 s; peak memory 414 MiB.
2026-09-18T16:26:01Z INFO [118/374] 05c7fc4c-b739-4c1f-bfbc-0892e81a29a2: 46 datasets; 1.0 s; peak memory 414 MiB.
2026-09-18T16:26:02Z INFO [119/374] 05c82f28-bc3f-48a5-8e66-3978df5491f8: 62 datasets; 1.7 s; peak memory 414 MiB.
2026-09-18T16:26:04Z INFO [120/374] 05c88a3a-6fd9-43f3-85d2-cd299005759b: 117 datasets; 1.4 s; peak memory 414 MiB.
2026-09-18T16:26:06Z INFO [121/374] 05c8b753-73d7-42c5-acee-1a7eacb26a37: 110 datasets; 1.9 s; peak memory 414 MiB.
2026-09-18T16:26:07Z INFO [122/374] 05c9690a-7a8b-43f9-bd70-2f1eb672c60a: 46 datasets; 1.6 s; peak memory 414 MiB.
2026-09-18T16:26:08Z INFO [123/374] 05c9d2fe-3da7-45b4-9872-a88f0a580531: 62 datasets; 1.1 s; peak memory 414 MiB.
2026-09-18T16:26:42Z INFO [124/374] 05cb109a-cc08-414a-8319-184f1c57b426: 1655 datasets; 33.2 s; peak memory 414 MiB.
2026-09-18T16:26:44Z INFO [125/374] 05cb6639-ed9a-4b1f-aec3-4ba92522bacf: 110 datasets; 1.9 s; peak memory 414 MiB.
2026-09-18T16:26:45Z INFO [126/374] 05cb6c48-85f4-4bf7-9fc0-4b5163dfc5ce: 117 datasets; 1.8 s; peak memory 414 MiB.
2026-09-18T16:26:47Z INFO [127/374] 05cbc955-d0e4-4fe2-bcdc-1123ae448302: 69 datasets; 1.4 s; peak memory 414 MiB.
2026-09-18T16:26:48Z INFO [128/374] 05cbe4c5-10d0-4be0-8165-54023e3365b3: 48 datasets; 1.2 s; peak memory 414 MiB.
2026-09-18T16:26:49Z INFO [129/374] 05cc0bdc-7588-4d72-9555-017e3936a13b: 56 datasets; 1.0 s; peak memory 414 MiB.
2026-09-18T16:26:51Z INFO [130/374] 05cc0d18-7f31-4034-afbd-8b10e2613101: 77 datasets; 1.9 s; peak memory 414 MiB.
2026-09-18T16:26:53Z INFO [131/374] 05cdddb0-99c2-4dcb-b547-72675f21b048: 117 datasets; 2.7 s; peak memory 414 MiB.
2026-09-18T16:26:55Z INFO [132/374] 05ce6a89-c16c-4cf3-8fda-e5e8eaacb29c: 52 datasets; 1.5 s; peak memory 414 MiB.
2026-09-18T16:26:56Z INFO [133/374] 05ce86e7-9dcd-473d-bdc3-b0932b164814: 46 datasets; 1.1 s; peak memory 414 MiB.
2026-09-18T16:26:57Z INFO [134/374] 05cf5867-d1ca-411c-9c31-5c9e64d4b91c: 48 datasets; 1.2 s; peak memory 414 MiB.
2026-09-18T16:26:59Z INFO [135/374] 05cf647f-c9a4-447c-82ed-0995dd65f7b0: 48 datasets; 1.2 s; peak memory 414 MiB.
2026-09-18T16:27:09Z INFO [136/374] 05d016bf-0013-46c8-85a9-43317a3d97f9: 1101 datasets; 10.3 s; peak memory 414 MiB.
2026-09-18T16:27:11Z INFO [137/374] 05d0f20f-7dfa-4a75-a6f0-5991b08ff145: 71 datasets; 2.2 s; peak memory 414 MiB.
2026-09-18T16:27:13Z INFO [138/374] 05d1999b-579c-41d4-90f3-4e4578c78092: 117 datasets; 1.6 s; peak memory 414 MiB.
2026-09-18T16:27:15Z INFO [139/374] 05d31498-49de-41f9-8fa0-5c9bf05e182c: 71 datasets; 1.9 s; peak memory 414 MiB.
2026-09-18T16:27:18Z INFO [140/374] 05d338a6-ce76-4b41-8581-d917e769a17b: 116 datasets; 3.0 s; peak memory 414 MiB.
2026-09-18T16:27:28Z INFO [141/374] 05d3af79-2153-4a61-b03e-4a446f7ffe4d: 343 datasets; 10.0 s; peak memory 414 MiB.
2026-09-18T16:27:39Z INFO [142/374] 05d3f15d-7f28-425b-8669-38104b4ab19e: 637 datasets; 11.7 s; peak memory 414 MiB.
2026-09-18T16:27:55Z INFO [143/374] 05d3f2a3-de1e-41ae-a7bf-617d3b0f443b: 723 datasets; 15.5 s; peak memory 414 MiB.
2026-09-18T16:27:56Z INFO [144/374] 05d5c1b2-40ee-4be7-b8d0-b3399be7c7b1: 66 datasets; 1.6 s; peak memory 414 MiB.
2026-09-18T16:27:58Z INFO [145/374] 05d6b2b6-db8c-488d-83db-6b2913d834b9: 116 datasets; 1.5 s; peak memory 414 MiB.
2026-09-18T16:28:00Z INFO [146/374] 05d70301-25b7-4952-806d-dd0c18af0d9b: 112 datasets; 2.0 s; peak memory 414 MiB.
2026-09-18T16:28:01Z INFO [147/374] 05d76bda-b96d-40e5-9b79-43ee6d21c5d4: 45 datasets; 1.0 s; peak memory 414 MiB.
2026-09-18T16:28:05Z INFO [148/374] 05d777b8-e8d2-4d3d-9485-2a4c92430c35: 1627 datasets; 3.9 s; peak memory 414 MiB.
2026-09-18T16:28:06Z INFO [149/374] 05d7e774-4f38-4a01-a3d6-44ee446384a1: 46 datasets; 1.3 s; peak memory 414 MiB.
2026-09-18T16:28:07Z INFO [150/374] 05d8c301-ff5d-40bb-b8f9-86873da610a1: 48 datasets; 1.3 s; peak memory 414 MiB.
2026-09-18T16:28:07Z INFO [150/374] 05d8c301-ff5d-40bb-b8f9-86873da610a1: checkpointed 49676 records.
2026-09-18T16:28:09Z INFO [151/374] 05d8ccf3-876a-4bef-8538-84d573c95cdb: 66 datasets; 1.7 s; peak memory 414 MiB.
2026-09-18T16:28:12Z INFO [152/374] 05d923fd-21c9-4a66-b16e-2733edb17f3c: 114 datasets; 2.7 s; peak memory 414 MiB.
2026-09-18T16:28:13Z INFO [153/374] 05da4c35-5ff5-4d85-8da2-2ccef029ce2b: 48 datasets; 1.3 s; peak memory 414 MiB.
2026-09-18T16:28:15Z INFO [154/374] 05db92d2-7293-4c3e-aec1-5f3dfd6350c4: 116 datasets; 1.5 s; peak memory 414 MiB.
2026-09-18T16:28:18Z INFO [155/374] 05dbc7f8-556a-4ef1-bf43-b5f879147d54: 168 datasets; 3.1 s; peak memory 414 MiB.
2026-09-18T16:29:12Z INFO [156/374] 05dc77fd-77c4-4b6e-b421-6379db323205: 50 datasets; 54.6 s; peak memory 414 MiB.
2026-09-18T16:29:14Z INFO [157/374] 05dc8659-2f41-44a7-a071-552ba7695630: 48 datasets; 1.2 s; peak memory 414 MiB.
2026-09-18T16:29:15Z INFO [158/374] 05dc8ba0-cb03-472c-a3b8-235538b6d9d0: 117 datasets; 1.5 s; peak memory 414 MiB.
2026-09-18T16:29:16Z INFO [159/374] 05dd56f3-3d6d-4079-aa71-b7b3c757c763: 46 datasets; 1.2 s; peak memory 414 MiB.
2026-09-18T16:29:19Z INFO [160/374] 05dedba2-a197-47e6-9eab-a1c7aece477a: 119 datasets; 2.4 s; peak memory 414 MiB.
2026-09-18T16:29:21Z INFO [161/374] 05df9cf5-b792-47f7-9ecb-587cd66e3c39: 158 datasets; 2.6 s; peak memory 414 MiB.
2026-09-18T16:29:22Z INFO [162/374] 05e1a42b-1cbc-4c38-a5fb-2abd6415ba2d: 42 datasets; 1.1 s; peak memory 414 MiB.
2026-09-18T16:29:36Z INFO [163/374] 05e233f6-aa50-41ac-a914-78b1f8085252: 1081 datasets; 13.4 s; peak memory 414 MiB.
2026-09-18T16:29:37Z INFO [164/374] 05e35301-1526-4b02-8dd3-0f7c0ad3c84d: 48 datasets; 1.2 s; peak memory 414 MiB.
2026-09-18T16:29:38Z INFO [165/374] 05e35e26-21d1-4944-80eb-f7baebc8c814: 118 datasets; 1.5 s; peak memory 414 MiB.
2026-09-18T16:29:40Z INFO [166/374] 05e3811a-81c4-413b-b57d-aa3742862023: 116 datasets; 1.6 s; peak memory 414 MiB.
2026-09-18T16:29:44Z INFO [167/374] 05e4dbca-fae4-48dc-84df-e8a4730a1f9f: 156 datasets; 3.8 s; peak memory 414 MiB.
2026-09-18T16:29:46Z INFO [168/374] 05e5c201-ceb8-4d5e-a219-fbbd42541b81: 112 datasets; 1.9 s; peak memory 414 MiB.
2026-09-18T16:29:47Z INFO [169/374] 05e68a0f-027e-4327-a2cc-f4aa621db137: 48 datasets; 1.4 s; peak memory 414 MiB.
2026-09-18T16:29:48Z INFO [170/374] 05e72725-88b9-433c-a51e-1cddc4873824: 55 datasets; 1.0 s; peak memory 414 MiB.
2026-09-18T16:29:49Z INFO [171/374] 05e7f721-5ad1-403f-8b54-8014ca5e75c6: 46 datasets; 1.3 s; peak memory 414 MiB.
2026-09-18T16:29:51Z INFO [172/374] 05e8ef25-1200-4501-a0bb-b64fdf1c7933: 38 datasets; 1.1 s; peak memory 414 MiB.
2026-09-18T16:30:01Z INFO [173/374] 05e8f7a2-d382-4a5d-822a-611b2d0270d2: 339 datasets; 10.2 s; peak memory 414 MiB.
2026-09-18T16:30:02Z INFO [174/374] 05e94777-75dc-43c7-91cd-7e7b2603c805: 48 datasets; 1.1 s; peak memory 414 MiB.
2026-09-18T16:30:03Z INFO [175/374] 05e9ebc4-4666-45ec-b4d6-869ff5271643: 48 datasets; 1.2 s; peak memory 414 MiB.
2026-09-18T16:30:05Z INFO [176/374] 05ea494b-de0b-4fe0-bd4d-7055fc85780d: 117 datasets; 1.5 s; peak memory 414 MiB.
2026-09-18T16:30:06Z INFO [177/374] 05ea8d33-b53d-407f-9736-7fec9f206781: 66 datasets; 1.7 s; peak memory 414 MiB.
2026-09-18T16:30:08Z INFO [178/374] 05eaafae-e852-4c05-a11d-e0b6f21218a2: 118 datasets; 1.5 s; peak memory 414 MiB.
2026-09-18T16:30:09Z INFO [179/374] 05eab37c-b2ce-41ea-bcbf-10ffab5f70dd: 48 datasets; 1.2 s; peak memory 414 MiB.
2026-09-18T16:30:12Z INFO [180/374] 05eb09a5-725f-4bee-8d66-6553939d4502: 123 datasets; 3.2 s; peak memory 414 MiB.
2026-09-18T16:30:13Z INFO [181/374] 05eb4bee-9edb-4fce-bc03-11d1bb799695: 48 datasets; 1.2 s; peak memory 414 MiB.
2026-09-18T16:30:20Z INFO [182/374] 05ec479e-e0a6-4ae8-94a0-f49b848d9667: 229 datasets; 6.4 s; peak memory 414 MiB.
2026-09-18T16:30:22Z INFO [183/374] 05ec9737-0ecf-40b9-a76f-ad86c7280010: 64 datasets; 1.7 s; peak memory 414 MiB.
2026-09-18T16:30:24Z INFO [184/374] 05ec9ebf-23ef-4025-bba4-ee3db17ed1d8: 53 datasets; 2.2 s; peak memory 414 MiB.
2026-09-18T16:30:26Z INFO [185/374] 05ed4305-f4a3-469f-ab3a-316d5d173f43: 71 datasets; 2.3 s; peak memory 414 MiB.
2026-09-18T16:30:28Z INFO [186/374] 05ed9ba8-f436-41c0-b287-c38a7d730330: 112 datasets; 1.7 s; peak memory 414 MiB.
2026-09-18T16:30:29Z INFO [187/374] 05ee9814-3628-4b26-b93b-e46db92e012d: 48 datasets; 1.2 s; peak memory 414 MiB.
2026-09-18T16:30:31Z INFO [188/374] 05ef2e52-45ad-4ff1-a637-08d45e546ba5: 110 datasets; 2.3 s; peak memory 414 MiB.
2026-09-18T16:30:33Z INFO [189/374] 05effca2-9191-4cd8-aa41-2fd89127c62f: 46 datasets; 1.3 s; peak memory 414 MiB.
2026-09-18T16:30:34Z INFO [190/374] 05f0d47a-e01c-4225-a5a6-648d3e8b6b43: 48 datasets; 1.3 s; peak memory 414 MiB.
2026-09-18T16:30:54Z INFO [191/374] 05f0f63d-9ee0-4131-ab57-ca6c27b4e797: 48 datasets; 20.1 s; peak memory 414 MiB.
2026-09-18T16:30:56Z INFO [192/374] 05f0fd6a-446c-4045-870f-03d7acd79172: 116 datasets; 1.8 s; peak memory 414 MiB.
2026-09-18T16:30:57Z INFO [193/374] 05f143dc-06b7-48c3-b55d-fb93e7e9438e: 46 datasets; 1.0 s; peak memory 414 MiB.
2026-09-18T16:30:58Z INFO [194/374] 05f1c78b-2ee2-41c0-9fcc-312556fabe30: 50 datasets; 1.1 s; peak memory 414 MiB.
2026-09-18T16:30:59Z INFO [195/374] 05f20ce4-8891-454e-9f69-d7e00ca50ff6: 48 datasets; 1.3 s; peak memory 414 MiB.
2026-09-18T16:31:01Z INFO [196/374] 05f239ba-07d8-4975-b9f3-8df2c7cca894: 117 datasets; 1.5 s; peak memory 414 MiB.
2026-09-18T16:31:02Z INFO [197/374] 05f2b26a-f8ab-45ee-a44d-c20ad46b3747: 49 datasets; 1.4 s; peak memory 414 MiB.
2026-09-18T16:31:11Z INFO [198/374] 05f3136f-0ee1-4f47-a9e3-d4c942cc9c81: 79 datasets; 9.3 s; peak memory 414 MiB.
2026-09-18T16:31:13Z INFO [199/374] 05f3a955-29c3-4026-bb0a-7ba696875cb4: 110 datasets; 1.7 s; peak memory 414 MiB.
2026-09-18T16:31:14Z INFO [200/374] 05f3b55d-c1f6-43e4-a704-27b9d4c7a9ef: 48 datasets; 1.2 s; peak memory 414 MiB.
2026-09-18T16:31:14Z INFO [200/374] 05f3b55d-c1f6-43e4-a704-27b9d4c7a9ef: checkpointed 49726 records.
2026-09-18T16:31:16Z INFO [201/374] 05f3cfa8-9f08-4927-ad5f-342da130320b: 66 datasets; 1.7 s; peak memory 414 MiB.
2026-09-18T16:31:19Z INFO [202/374] 05f4a5d3-d52d-4891-8166-71c6477d0b27: 115 datasets; 2.8 s; peak memory 414 MiB.
2026-09-18T16:31:20Z INFO [203/374] 05f50eca-b79b-4327-b313-16929383fbbb: 46 datasets; 1.0 s; peak memory 414 MiB.
2026-09-18T16:31:21Z INFO [204/374] 05f608eb-3bbb-4808-9c5e-085603fe3285: 48 datasets; 1.2 s; peak memory 414 MiB.
2026-09-18T16:33:05Z INFO [205/374] 05f8d751-d5e5-4766-a43f-d85cce320bab: 55 datasets; 103.6 s; peak memory 414 MiB.
2026-09-18T16:33:18Z INFO [206/374] 05f9bf7c-f0f9-4654-92e2-aa3ef0611936: 446 datasets; 13.6 s; peak memory 414 MiB.
2026-09-18T16:33:19Z INFO [207/374] 05f9ecce-4852-4f2e-a6c4-7e2ee9f2f426: 57 datasets; 1.0 s; peak memory 414 MiB.
2026-09-18T16:33:21Z INFO [208/374] 05fa4c8c-4f10-47dc-af9a-23d96cfa4741: 78 datasets; 1.6 s; peak memory 414 MiB.
2026-09-18T16:33:23Z INFO [209/374] 05fb064d-b4b4-426c-bc4f-ec3560c9124a: 71 datasets; 1.9 s; peak memory 414 MiB.
2026-09-18T16:33:24Z INFO [210/374] 05fb7d83-a0f8-40ea-8b5c-6a5680aeae21: 48 datasets; 1.2 s; peak memory 414 MiB.
2026-09-18T16:33:25Z INFO [211/374] 05fd313e-f053-4289-9493-11d7a7cc6cf5: 46 datasets; 1.0 s; peak memory 414 MiB.
2026-09-18T16:33:26Z INFO [212/374] 05fde508-f243-4bdf-ac40-1001129044dc: 56 datasets; 1.0 s; peak memory 414 MiB.
2026-09-18T16:33:40Z INFO [213/374] 05fdf2f4-7820-4025-8c0c-93ab90303e0c: 824 datasets; 14.0 s; peak memory 414 MiB.
2026-09-18T16:33:43Z INFO [214/374] 06000f7c-33e3-4339-8610-9c6ab261ca3f: 91 datasets; 2.8 s; peak memory 414 MiB.
2026-09-18T16:33:44Z INFO [215/374] 06002d0f-dd05-4b29-9b8d-03b65b5e9c31: 113 datasets; 1.7 s; peak memory 414 MiB.
2026-09-18T16:33:46Z INFO [216/374] 06004c45-6b03-43af-b6ef-af8314ef56bc: 117 datasets; 1.6 s; peak memory 414 MiB.
2026-09-18T16:33:49Z INFO [217/374] 0600a8fe-cabe-4429-81ef-d33aa8707ed1: 156 datasets; 3.5 s; peak memory 414 MiB.
2026-09-18T16:33:56Z INFO [218/374] 06013454-b90b-4a71-b185-5ab28afece33: 229 datasets; 6.6 s; peak memory 414 MiB.
2026-09-18T16:34:12Z INFO [219/374] 0601a1a2-16b9-413a-a3e0-7f34facf4e12: 402 datasets; 16.0 s; peak memory 414 MiB.
2026-09-18T16:34:13Z INFO [220/374] 06023a1d-8594-4f24-be76-8f9157f09159: 48 datasets; 1.4 s; peak memory 414 MiB.
2026-09-18T16:34:16Z INFO [221/374] 0603694d-9de8-4248-9c0e-06908a1e3446: 71 datasets; 2.3 s; peak memory 414 MiB.
2026-09-18T16:34:17Z INFO [222/374] 0604c650-37ef-46bd-986a-7cf186058d83: 74 datasets; 1.4 s; peak memory 414 MiB.
2026-09-18T16:34:19Z INFO [223/374] 0605eeb5-4e07-4ed8-ab36-8eb8f8e999be: 117 datasets; 1.5 s; peak memory 414 MiB.
2026-09-18T16:34:21Z INFO [224/374] 06062c46-17fd-4c33-81c0-0ef3a459febe: 71 datasets; 2.3 s; peak memory 414 MiB.
2026-09-18T16:34:22Z INFO [225/374] 06064851-8416-4bbc-b65b-a7078508a73e: 52 datasets; 1.4 s; peak memory 414 MiB.
2026-09-18T16:34:24Z INFO [226/374] 060658f4-8259-4a11-9956-ec09f4de36e4: 116 datasets; 1.4 s; peak memory 414 MiB.
2026-09-18T16:34:25Z INFO [227/374] 0606e019-7e03-4f94-a11a-b15fd320fba6: 37 datasets; 1.0 s; peak memory 414 MiB.
2026-09-18T16:34:26Z INFO [228/374] 0606f291-decb-4351-931a-c71a6785d113: 48 datasets; 1.2 s; peak memory 414 MiB.
2026-09-18T16:34:28Z INFO [229/374] 060722aa-386f-4db5-9a95-b62e23b5bdf0: 117 datasets; 1.7 s; peak memory 414 MiB.
2026-09-18T16:34:30Z INFO [230/374] 0607d26e-2069-46c0-805a-bfa0b71134dc: 110 datasets; 2.0 s; peak memory 414 MiB.
2026-09-18T16:34:39Z INFO [231/374] 0607e82d-48d3-4138-b9fc-ac79d8dc5e19: 49 datasets; 9.3 s; peak memory 414 MiB.
2026-09-18T16:34:40Z INFO [232/374] 0607f6d7-7fa5-4a78-9f7a-a8b63ef53177: 48 datasets; 1.3 s; peak memory 414 MiB.
2026-09-18T16:34:42Z INFO [233/374] 06087bce-7543-4069-875f-5b229e9c343b: 118 datasets; 1.6 s; peak memory 414 MiB.
2026-09-18T16:34:43Z INFO [234/374] 0608dfb9-b444-4910-b079-84052f997a93: 61 datasets; 1.0 s; peak memory 414 MiB.
2026-09-18T16:34:45Z INFO [235/374] 060948fb-920a-49ac-b017-976e9809c9b9: 78 datasets; 1.9 s; peak memory 414 MiB.
2026-09-18T16:34:46Z INFO [236/374] 0609aa9d-a105-4a41-b53f-7433b21ce793: 112 datasets; 1.7 s; peak memory 414 MiB.
2026-09-18T16:34:48Z INFO [237/374] 060a053c-822f-4891-ac62-cf01ca51c1c9: 170 datasets; 1.7 s; peak memory 414 MiB.
2026-09-18T16:34:59Z INFO [238/374] 060a9924-1bcd-435f-b90d-5c6bef6eb85e: 396 datasets; 11.0 s; peak memory 414 MiB.
2026-09-18T16:35:11Z INFO [239/374] 060af9e3-f332-4215-90b5-07cd409db49f: 108 datasets; 11.4 s; peak memory 414 MiB.
2026-09-18T16:35:13Z INFO [240/374] 060bd594-f528-4ef3-8a8d-1a18ab32c9a2: 101 datasets; 2.7 s; peak memory 414 MiB.
2026-09-18T16:35:17Z INFO [241/374] 060c0c74-e02e-415e-8e8c-95658a13ffe4: 38 datasets; 3.6 s; peak memory 414 MiB.
2026-09-18T16:35:32Z INFO [242/374] 060c6f92-060e-43b4-81d9-c38c96080307: 927 datasets; 14.7 s; peak memory 414 MiB.
2026-09-18T16:35:45Z INFO [243/374] 060c95b4-d1ee-4edb-b7f2-4a1ace14fb72: 97 datasets; 13.9 s; peak memory 414 MiB.
2026-09-18T16:35:47Z INFO [244/374] 060cbde0-0ddb-44d5-9cc5-bcd3ca924b20: 69 datasets; 1.6 s; peak memory 414 MiB.
2026-09-18T16:35:48Z INFO [245/374] 060d12b4-1114-458e-a239-f93f8a522caf: 48 datasets; 1.3 s; peak memory 414 MiB.
2026-09-18T16:35:51Z INFO [246/374] 060d1f95-54a5-4080-89c1-46126b1b5938: 118 datasets; 2.4 s; peak memory 414 MiB.
2026-09-18T16:35:52Z INFO [247/374] 060d3788-9647-4797-8d47-a08a9b6e8f30: 66 datasets; 1.3 s; peak memory 414 MiB.
2026-09-18T16:35:53Z INFO [248/374] 060d90d5-a21c-4998-8b33-33ababb81fdc: 38 datasets; 1.1 s; peak memory 414 MiB.
2026-09-18T16:35:55Z INFO [249/374] 060d93b3-37db-4eee-b3b3-5b292ed1345d: 51 datasets; 1.5 s; peak memory 414 MiB.
2026-09-18T16:35:57Z INFO [250/374] 060e08d4-f986-4e23-a2fd-e1b417a588ef: 78 datasets; 2.1 s; peak memory 414 MiB.
2026-09-18T16:35:57Z INFO [250/374] 060e08d4-f986-4e23-a2fd-e1b417a588ef: checkpointed 49776 records.
2026-09-18T16:35:58Z INFO [251/374] 06104797-27b3-4c1e-8dce-37f2005cc888: 41 datasets; 1.1 s; peak memory 414 MiB.
2026-09-18T16:36:00Z INFO [252/374] 0610f5a3-1874-4f74-b745-bfa768c6255f: 170 datasets; 1.9 s; peak memory 414 MiB.
2026-09-18T16:36:02Z INFO [253/374] 0611fa9b-ed34-4b7f-acce-42cdd509f337: 110 datasets; 2.0 s; peak memory 414 MiB.
2026-09-18T16:36:04Z INFO [254/374] 06127b69-cbd9-4e61-bfa8-0d61f16b7612: 52 datasets; 1.5 s; peak memory 414 MiB.
2026-09-18T16:36:07Z INFO [255/374] 0612fabe-930b-4fa0-b06c-af59af24ce6a: 90 datasets; 3.0 s; peak memory 414 MiB.
2026-09-18T16:36:08Z INFO [256/374] 061415db-a037-42aa-9d50-1c71bae175b5: 48 datasets; 1.1 s; peak memory 414 MiB.
2026-09-18T16:36:10Z INFO [257/374] 061519c1-4d0d-482e-a26d-3a1d67b03c1f: 118 datasets; 2.4 s; peak memory 414 MiB.
2026-09-18T16:36:17Z INFO [258/374] 0615e5ef-adee-4b40-80fe-6f801849602c: 538 datasets; 7.2 s; peak memory 414 MiB.
2026-09-18T16:36:19Z INFO [259/374] 06165cfa-1b29-4ee1-9119-5153a739ff2d: 112 datasets; 1.9 s; peak memory 414 MiB.
2026-09-18T16:36:20Z INFO [260/374] 06167989-7983-48d2-b660-eed6ba2a9e69: 46 datasets; 1.2 s; peak memory 414 MiB.
2026-09-18T16:36:22Z INFO [261/374] 06179190-98c4-42f8-9447-9a1e6131654a: 118 datasets; 1.5 s; peak memory 414 MiB.
2026-09-18T16:36:24Z INFO [262/374] 0618188e-14e0-4469-8b7e-836cc4a19454: 124 datasets; 2.4 s; peak memory 414 MiB.
2026-09-18T16:36:26Z INFO [263/374] 061835c6-1806-4dfa-8b04-1209b9673067: 71 datasets; 2.1 s; peak memory 414 MiB.
2026-09-18T16:36:28Z INFO [264/374] 0618b93b-7fd7-4afc-9110-a78b36a01131: 52 datasets; 1.3 s; peak memory 414 MiB.
2026-09-18T16:36:40Z INFO [265/374] 0618d989-b4cb-48b1-9bd2-2da5b91e19c3: 804 datasets; 11.8 s; peak memory 414 MiB.
2026-09-18T16:36:41Z INFO [266/374] 0618f873-3717-4c8c-b0ed-9a512b8c3a11: 45 datasets; 1.0 s; peak memory 414 MiB.
2026-09-18T16:36:42Z INFO [267/374] 06197ec9-bb44-4ed9-8ab8-ce3b737c4ff7: 112 datasets; 1.8 s; peak memory 414 MiB.
2026-09-18T16:36:43Z INFO [268/374] 061a8145-8925-4f1d-857e-5ebe170d4bd3: 46 datasets; 1.0 s; peak memory 414 MiB.
2026-09-18T16:36:45Z INFO [269/374] 061af0c3-ad52-4da6-a500-f81e2952319d: 275 datasets; 2.0 s; peak memory 414 MiB.
2026-09-18T16:36:47Z INFO [270/374] 061b0535-71e9-4f31-900e-40c8cae85d16: 71 datasets; 2.2 s; peak memory 414 MiB.
2026-09-18T16:36:49Z INFO [271/374] 061b386f-22d4-4f92-9f31-e5e838afa652: 66 datasets; 1.9 s; peak memory 414 MiB.
2026-09-18T16:36:50Z INFO [272/374] 061b3eb6-9ee2-4838-afc6-168036e64f69: 46 datasets; 1.0 s; peak memory 414 MiB.
2026-09-18T16:36:51Z INFO [273/374] 061b98ee-4721-453e-a6a8-2a9af672f144: 46 datasets; 0.9 s; peak memory 414 MiB.
2026-09-18T16:36:53Z INFO [274/374] 061bbe04-d740-4894-83ca-4043ae4c09d3: 112 datasets; 1.7 s; peak memory 414 MiB.
2026-09-18T16:36:54Z INFO [275/374] 061bea1d-3a14-4539-85e3-687abc974460: 48 datasets; 1.2 s; peak memory 414 MiB.
2026-09-18T16:37:00Z INFO [276/374] 061c10f1-8a97-4bf4-9245-aac3d3bd967f: 528 datasets; 5.5 s; peak memory 414 MiB.
2026-09-18T16:37:02Z INFO [277/374] 061c34b5-0547-4201-919c-297c5a87026f: 71 datasets; 2.4 s; peak memory 414 MiB.
2026-09-18T16:59:06Z INFO [278/374] 061d20f7-c542-410c-b417-af7f5e173818: 99 datasets; 1323.9 s; peak memory 1132 MiB.
2026-09-18T16:59:08Z INFO [279/374] 061db240-adca-4ba5-a90a-f1ae5ac07397: 112 datasets; 1.9 s; peak memory 1132 MiB.
2026-09-18T16:59:09Z INFO [280/374] 061dc76c-6105-4ff6-803d-71815770e7d1: 48 datasets; 1.3 s; peak memory 1132 MiB.
2026-09-18T16:59:11Z INFO [281/374] 061dd4f8-2290-4d2d-a541-2cbacc98acd0: 117 datasets; 1.5 s; peak memory 1132 MiB.
2026-09-18T16:59:12Z INFO [282/374] 061e705b-25de-44e9-85c2-2dabf69d9b58: 66 datasets; 1.7 s; peak memory 1132 MiB.
2026-09-18T16:59:15Z INFO [283/374] 061edea9-7ab2-41d4-b8db-340904e1f96a: 90 datasets; 2.7 s; peak memory 1132 MiB.
2026-09-18T16:59:17Z INFO [284/374] 061ef96c-fb22-4520-a3f1-cc5bd29bd4df: 58 datasets; 1.9 s; peak memory 1132 MiB.
2026-09-18T16:59:19Z INFO [285/374] 061fbd89-8d96-47e9-997b-784fe94dc938: 112 datasets; 1.9 s; peak memory 1132 MiB.
2026-09-18T16:59:21Z INFO [286/374] 061ff426-931e-47ab-8df3-7972e0a928d1: 112 datasets; 1.9 s; peak memory 1132 MiB.
2026-09-18T16:59:22Z INFO [287/374] 06204752-aa72-4473-8216-0fc469392cd7: 115 datasets; 1.7 s; peak memory 1132 MiB.
2026-09-18T16:59:23Z INFO [288/374] 0621049b-6244-47b5-a775-90c537c5ea17: 52 datasets; 1.0 s; peak memory 1132 MiB.
2026-09-18T16:59:25Z INFO [289/374] 0621aba8-5151-4a6f-af47-60ee6db0cae5: 48 datasets; 1.2 s; peak memory 1132 MiB.
2026-09-18T16:59:27Z INFO [290/374] 0622341e-8be1-455c-9a8e-a2c7e3dc4b1b: 71 datasets; 2.2 s; peak memory 1132 MiB.
2026-09-18T16:59:33Z INFO [291/374] 0622b75a-099c-444a-8d00-991b2595c468: 257 datasets; 6.5 s; peak memory 1132 MiB.
2026-09-18T16:59:40Z INFO [292/374] 0622fa24-92f8-4db1-af6e-e708ad667d46: 223 datasets; 6.6 s; peak memory 1132 MiB.
2026-09-18T16:59:53Z INFO [293/374] 06243f9f-4c6f-4f3c-b9be-bb8310168042: 564 datasets; 12.6 s; peak memory 1132 MiB.
2026-09-18T16:59:54Z INFO [294/374] 0624bbc1-b9be-4f19-bd72-217a0cd0059f: 48 datasets; 1.2 s; peak memory 1132 MiB.
2026-09-18T16:59:56Z INFO [295/374] 0625454b-3c71-4c12-80d5-364cc5662786: 112 datasets; 1.9 s; peak memory 1132 MiB.
2026-09-18T16:59:57Z INFO [296/374] 06255cc8-583e-4b9c-ab49-2f99c67f85b6: 48 datasets; 1.2 s; peak memory 1132 MiB.
2026-09-18T16:59:58Z INFO [297/374] 06256cdc-1dfc-4e28-97c4-762a10292a0a: 48 datasets; 1.2 s; peak memory 1132 MiB.
2026-09-18T17:00:01Z INFO [298/374] 0625ee95-6044-4b3e-8732-e8d0e10cff24: 38 datasets; 2.5 s; peak memory 1132 MiB.
2026-09-18T17:00:07Z INFO [299/374] 06274a58-4672-4fd7-a657-5de59871f729: 209 datasets; 6.7 s; peak memory 1132 MiB.
2026-09-18T17:00:09Z INFO [300/374] 06275527-a527-49e3-a056-751d0651ff62: 112 datasets; 1.7 s; peak memory 1132 MiB.
2026-09-18T17:00:09Z INFO [300/374] 06275527-a527-49e3-a056-751d0651ff62: checkpointed 49826 records.
2026-09-18T17:00:10Z INFO [301/374] 06279f06-3ffa-453b-83bf-0ec54af6bbce: 48 datasets; 1.4 s; peak memory 1132 MiB.
2026-09-18T17:00:13Z INFO [302/374] 06280f2a-32ee-4375-95a2-b9802dc7c8a4: 115 datasets; 2.8 s; peak memory 1132 MiB.
2026-09-18T17:00:15Z INFO [303/374] 06281662-2661-459e-99cc-c95a363aa43d: 69 datasets; 1.7 s; peak memory 1132 MiB.
2026-09-18T17:00:16Z INFO [304/374] 06288bf7-8da2-4207-99a3-a22f04bec5fb: 53 datasets; 1.0 s; peak memory 1132 MiB.
2026-09-18T17:00:17Z INFO [305/374] 0628f45e-a166-420a-83d7-05a08960fbf6: 116 datasets; 1.5 s; peak memory 1132 MiB.
2026-09-18T17:00:18Z INFO [306/374] 06292771-63f6-4f40-b178-f34ac24b656b: 57 datasets; 1.0 s; peak memory 1132 MiB.
2026-09-18T17:00:20Z INFO [307/374] 06296593-16c1-4f3a-8bef-712065d235ab: 69 datasets; 1.5 s; peak memory 1132 MiB.
2026-09-18T17:00:21Z INFO [308/374] 06297fda-fad5-407d-8ff6-279b2300a4a6: 52 datasets; 1.4 s; peak memory 1132 MiB.
2026-09-18T17:00:23Z INFO [309/374] 06298e72-8d52-48eb-87dc-defde3ebdd3f: 117 datasets; 1.5 s; peak memory 1132 MiB.
2026-09-18T17:00:42Z INFO [310/374] 062b119c-f494-4efa-97b1-8461a0e1d5fd: 1337 datasets; 18.6 s; peak memory 1132 MiB.
2026-09-18T17:00:43Z INFO [311/374] 062b47a6-42ef-4588-bd13-37ddeac9c761: 48 datasets; 1.2 s; peak memory 1132 MiB.
2026-09-18T17:00:44Z INFO [312/374] 062b6d52-a344-491e-87f7-f013e2458f98: 46 datasets; 1.0 s; peak memory 1132 MiB.
2026-09-18T17:00:45Z INFO [313/374] 062bee73-a15b-4e4b-83c7-9989c91de070: 118 datasets; 1.6 s; peak memory 1132 MiB.
2026-09-18T17:00:47Z INFO [314/374] 062ce444-4791-47d1-8d9c-8d6eb52df596: 48 datasets; 1.1 s; peak memory 1132 MiB.
2026-09-18T17:00:48Z INFO [315/374] 062d3b4a-4952-46a0-a895-f853dd3674d8: 48 datasets; 1.2 s; peak memory 1132 MiB.
2026-09-18T17:00:49Z INFO [316/374] 062d860e-5f83-4524-9a2b-63a1b9f77290: 46 datasets; 0.9 s; peak memory 1132 MiB.
2026-09-18T17:00:51Z INFO [317/374] 062d8774-c470-46c3-a0cb-472cf1f6211a: 78 datasets; 2.0 s; peak memory 1132 MiB.
2026-09-18T17:00:55Z INFO [318/374] 062e37b3-c1ea-4369-92a8-3305988befaf: 110 datasets; 4.3 s; peak memory 1132 MiB.
2026-09-18T17:00:57Z INFO [319/374] 062f0519-96fe-4124-b590-fd18d34c28fa: 112 datasets; 1.8 s; peak memory 1132 MiB.
2026-09-18T17:00:58Z INFO [320/374] 062f71af-977a-4570-aadf-0d53c7fcaf34: 69 datasets; 1.7 s; peak memory 1132 MiB.
2026-09-18T17:01:00Z INFO [321/374] 0630e495-2357-4782-ace1-0413c4179f74: 118 datasets; 1.4 s; peak memory 1132 MiB.
2026-09-18T17:01:01Z INFO [322/374] 06315c81-1db7-4a5e-a867-725faef7b3e1: 114 datasets; 1.4 s; peak memory 1132 MiB.
2026-09-18T17:01:03Z INFO [323/374] 0631c5ab-cfb0-446a-a8d6-015217a58bdf: 117 datasets; 1.7 s; peak memory 1132 MiB.
2026-09-18T17:01:04Z INFO [324/374] 063234d5-8191-4727-9b6f-320bdbae42fb: 48 datasets; 1.3 s; peak memory 1132 MiB.
2026-09-18T17:01:06Z INFO [325/374] 0633997c-909e-4a6f-8fe2-43742d96d394: 119 datasets; 2.3 s; peak memory 1132 MiB.
2026-09-18T17:01:20Z INFO [326/374] 06342620-0d87-4635-8e61-bf806bfbf1ae: 1421 datasets; 13.8 s; peak memory 1132 MiB.
2026-09-18T17:01:23Z INFO [327/374] 06357054-2c64-4fdf-81de-d511f5ee1124: 41 datasets; 2.4 s; peak memory 1132 MiB.
2026-09-18T17:01:30Z INFO [328/374] 0635ad8c-2bcf-4dad-a782-84297ee261bd: 617 datasets; 6.9 s; peak memory 1132 MiB.
2026-09-18T17:01:31Z INFO [329/374] 063665e4-5815-4e56-b2a7-adf95aef4402: 116 datasets; 1.6 s; peak memory 1132 MiB.
2026-09-18T17:01:33Z INFO [330/374] 06374223-a883-4cbe-a595-1d39d063a18a: 79 datasets; 1.5 s; peak memory 1132 MiB.
2026-09-18T17:03:40Z INFO [331/374] 0637499a-79bb-43aa-9166-c508ccded85d: 167 datasets; 127.1 s; peak memory 1132 MiB.
2026-09-18T17:03:41Z INFO [332/374] 06384e41-2d4f-49be-9b00-bbaddee03d50: 51 datasets; 1.0 s; peak memory 1132 MiB.
2026-09-18T17:03:42Z INFO [333/374] 06384e4a-2157-454c-b00d-2678b11a3fb9: 117 datasets; 1.4 s; peak memory 1132 MiB.
2026-09-18T17:03:43Z INFO [334/374] 06387e57-5933-47c7-8769-d5859e4de41d: 46 datasets; 1.2 s; peak memory 1132 MiB.
2026-09-18T17:03:45Z INFO [335/374] 06392758-6031-43d5-a391-85e44c48d724: 51 datasets; 1.3 s; peak memory 1132 MiB.
2026-09-18T17:03:46Z INFO [336/374] 06397cef-43c7-453c-a09a-8abffcc45bdf: 48 datasets; 1.2 s; peak memory 1132 MiB.
2026-09-18T17:03:48Z INFO [337/374] 0639875c-f3cd-4a0d-b430-8456112044e0: 119 datasets; 2.4 s; peak memory 1132 MiB.
2026-09-18T17:03:51Z INFO [338/374] 0639c4c1-b239-4abf-ba72-67897b411478: 38 datasets; 2.5 s; peak memory 1132 MiB.
2026-09-18T17:03:52Z INFO [339/374] 063a8c80-e733-4305-9c05-db0467ffcc99: 117 datasets; 1.5 s; peak memory 1132 MiB.
2026-09-18T17:03:55Z INFO [340/374] 063ba6dd-fe93-4b62-8e78-c36caa3f218b: 119 datasets; 2.4 s; peak memory 1132 MiB.
2026-09-18T17:03:58Z INFO [341/374] 063c4615-8a8d-4fc8-a63e-240e2783e295: 38 datasets; 2.8 s; peak memory 1132 MiB.
2026-09-18T17:03:59Z INFO [342/374] 063c539f-e7ac-4a23-8509-831139a2e7aa: 46 datasets; 1.1 s; peak memory 1132 MiB.
2026-09-18T17:04:00Z INFO [343/374] 063cc827-28ea-4b8f-b60a-0925d7a3c9c0: 117 datasets; 1.4 s; peak memory 1132 MiB.
2026-09-18T17:04:02Z INFO [344/374] 063cf5f9-3060-4f93-956a-3758b97797f7: 48 datasets; 1.3 s; peak memory 1132 MiB.
2026-09-18T17:04:03Z INFO [345/374] 063daf21-7649-4d6f-b61c-d421bbce6b90: 48 datasets; 1.3 s; peak memory 1132 MiB.
2026-09-18T17:04:04Z INFO [346/374] 063ddba6-d815-4ebf-a07a-c334e322c0df: 48 datasets; 1.2 s; peak memory 1132 MiB.
2026-09-18T17:04:05Z INFO [347/374] 063e1010-251a-476e-a3b9-b14dcb4ccd92: 116 datasets; 1.5 s; peak memory 1132 MiB.
2026-09-18T17:04:07Z INFO [348/374] 063e7b14-8011-4c1a-bdbe-163e714b6c78: 48 datasets; 1.3 s; peak memory 1132 MiB.
2026-09-18T17:04:08Z INFO [349/374] 063e8b6d-9ed4-47c3-94fe-7ef7fcf89f94: 71 datasets; 1.7 s; peak memory 1132 MiB.
2026-09-18T17:04:10Z INFO [350/374] 063eafa6-d6e0-4a75-b654-2ef6924c4ab2: 48 datasets; 1.3 s; peak memory 1132 MiB.
2026-09-18T17:04:10Z INFO [350/374] 063eafa6-d6e0-4a75-b654-2ef6924c4ab2: checkpointed 49876 records.
2026-09-18T17:04:13Z INFO [351/374] 063ef5b0-df31-494a-88d2-e4665f208cd2: 153 datasets; 3.6 s; peak memory 1132 MiB.
2026-09-18T17:04:15Z INFO [352/374] 063f3c9e-b441-4710-abb7-4f78f160720a: 42 datasets; 1.2 s; peak memory 1132 MiB.
2026-09-18T17:04:16Z INFO [353/374] 063fac7e-cfb6-43de-9a93-477f040a81f0: 39 datasets; 1.3 s; peak memory 1132 MiB.
2026-09-18T17:04:17Z INFO [354/374] 06411428-d49b-494e-a33f-5b8ead0f02da: 116 datasets; 1.5 s; peak memory 1132 MiB.
2026-09-18T17:04:19Z INFO [355/374] 06413f8e-7534-471c-9008-054680bd8a03: 79 datasets; 1.6 s; peak memory 1132 MiB.
2026-09-18T17:04:21Z INFO [356/374] 0642dc4e-05bf-4e95-b6ca-010a00c50995: 117 datasets; 1.7 s; peak memory 1132 MiB.
2026-09-18T17:04:22Z INFO [357/374] 0642eb8f-e6c5-4939-8627-7c1084227514: 50 datasets; 1.3 s; peak memory 1132 MiB.
2026-09-18T17:04:32Z INFO [358/374] 0642f605-fec4-4c29-affe-a5f1f451b213: 896 datasets; 10.6 s; peak memory 1132 MiB.
2026-09-18T17:04:34Z INFO [359/374] 06430d9f-df19-4688-8739-081a2acd8a9a: 48 datasets; 1.2 s; peak memory 1132 MiB.
2026-09-18T17:04:36Z INFO [360/374] 064321e5-c412-4725-9e4e-713c4d5b1acd: 71 datasets; 1.9 s; peak memory 1132 MiB.
2026-09-18T17:04:37Z INFO [361/374] 0643c4de-a3fd-469a-ae47-1d2d9cd4edef: 118 datasets; 1.7 s; peak memory 1132 MiB.
2026-09-18T17:04:39Z INFO [362/374] 0645ce8b-6b59-469a-82d4-d69346661ccf: 117 datasets; 1.5 s; peak memory 1132 MiB.
2026-09-18T17:04:41Z INFO [363/374] 06465edb-98c8-4045-9ec1-def68b90023e: 119 datasets; 2.3 s; peak memory 1132 MiB.
2026-09-18T17:04:43Z INFO [364/374] 064860df-570c-4227-9b54-f865d0c5a4b0: 71 datasets; 2.0 s; peak memory 1132 MiB.
2026-09-18T17:04:52Z INFO [365/374] 06492739-d971-48d7-a928-bb514297b654: 1366 datasets; 8.7 s; peak memory 1132 MiB.
2026-09-18T17:04:54Z INFO [366/374] 064958e4-3118-40fe-b883-4687b2025dbc: 71 datasets; 2.3 s; peak memory 1132 MiB.
2026-09-18T17:04:56Z INFO [367/374] 06499c2f-bc79-4aff-b925-d4161f90e396: 78 datasets; 1.8 s; peak memory 1132 MiB.
2026-09-18T17:05:02Z INFO [368/374] 064b68fd-4161-4a1e-9b43-6623b3ed1fe7: 505 datasets; 6.2 s; peak memory 1132 MiB.
2026-09-18T17:05:19Z INFO [369/374] 064b93f8-7f9c-45e1-a314-636d43448b09: 945 datasets; 16.8 s; peak memory 1132 MiB.
2026-09-18T17:05:20Z INFO [370/374] 064bcd8d-ba08-4136-86c8-e3d2e489bb62: 48 datasets; 1.1 s; peak memory 1132 MiB.
2026-09-18T17:05:21Z INFO [371/374] 064d012c-d950-478e-8f6f-95f65fe09ded: 41 datasets; 1.1 s; peak memory 1132 MiB.
2026-09-18T17:05:27Z INFO [372/374] 064d5a9f-3b6b-4f84-8736-c99b7e9e32bb: 230 datasets; 5.5 s; peak memory 1132 MiB.
2026-09-18T17:05:28Z INFO [373/374] 064d871c-e5ba-415b-b0e6-2fccd4f32196: 117 datasets; 1.5 s; peak memory 1132 MiB.
2026-09-18T17:05:47Z INFO [374/374] 064d8e0b-280e-49b2-bfc9-ab14e6d837c4: 746 datasets; 18.4 s; peak memory 1132 MiB.
2026-09-18T17:05:47Z INFO Wrote 49900 records to /tmp/derivatives/valid_nwb_file_to_number_of_datasets.jsonl (374 new, 0 failed) in 51.8 min (peak memory 1132 MiB).
