2026-09-29T23:35:48Z INFO Logging to /tmp/logs/update_2026-09-29T23-35-48Z.log.
2026-09-29T23:35:48Z INFO Update valid-nwb-file-to-number-of-datasets (base directory /tmp).
2026-09-29T23:35:48Z INFO Processing 369 items (61730 already recorded).
2026-09-29T23:35:52Z INFO [1/369] 1ebe7af5-46da-4019-bfe6-1736e045b5c5: 115 datasets; 3.4 s; peak memory 101 MiB.
2026-09-29T23:35:53Z INFO [2/369] 1ec01265-894b-4939-bc07-fe816abe453b: 48 datasets; 1.5 s; peak memory 101 MiB.
2026-09-29T23:35:55Z INFO [3/369] 1ec03e33-68ce-4116-94a8-395f698575c3: 77 datasets; 1.6 s; peak memory 101 MiB.
2026-09-29T23:35:56Z INFO [4/369] 1ec04393-f604-4505-89df-5bf6105c0831: 39 datasets; 1.6 s; peak memory 102 MiB.
2026-09-29T23:35:58Z INFO [5/369] 1ec0d955-9dfb-44b1-a6d7-0a9e1629f9c6: 72 datasets; 1.6 s; peak memory 102 MiB.
2026-09-29T23:36:00Z INFO [6/369] 1ec18c03-7539-4f19-8ab4-f86bc19d598e: 46 datasets; 1.9 s; peak memory 102 MiB.
2026-09-29T23:36:01Z INFO [7/369] 1ec1a2c1-4e13-48ed-a622-280882a06b80: 48 datasets; 1.6 s; peak memory 102 MiB.
2026-09-29T23:36:03Z INFO [8/369] 1ec20868-635a-4e3d-85c4-b0cfde824859: 46 datasets; 1.4 s; peak memory 103 MiB.
2026-09-29T23:36:04Z INFO [9/369] 1ec279f4-a39e-4f74-b506-bdb58e18faee: 48 datasets; 1.5 s; peak memory 103 MiB.
2026-09-29T23:36:13Z INFO [10/369] 1ec35557-249a-4dfd-a44c-b8d76adf32dc: 49 datasets; 8.7 s; peak memory 108 MiB.
2026-09-29T23:36:15Z INFO [11/369] 1ec35c0b-10f7-41e6-a5e6-5bc5b752e74d: 76 datasets; 2.0 s; peak memory 108 MiB.
2026-09-29T23:36:16Z INFO [12/369] 1ec36f66-68ac-476f-998e-0381106c48e9: 48 datasets; 1.3 s; peak memory 108 MiB.
2026-09-29T23:36:18Z INFO [13/369] 1ec3c6d3-0889-4329-9633-58f2cf1eedde: 117 datasets; 1.7 s; peak memory 108 MiB.
2026-09-29T23:36:20Z INFO [14/369] 1ec59440-ded8-4553-9a1e-b6d7d3697c33: 66 datasets; 2.3 s; peak memory 108 MiB.
2026-09-29T23:36:22Z INFO [15/369] 1ec60477-21c9-4015-85ec-10d7d49ea28c: 117 datasets; 1.7 s; peak memory 108 MiB.
2026-09-29T23:36:24Z INFO [16/369] 1ec77cf5-62bd-4c86-9c01-9672eb57a978: 118 datasets; 1.7 s; peak memory 108 MiB.
2026-09-29T23:36:25Z INFO [17/369] 1ec78002-c80c-4e6c-95e5-78fc57784b4c: 117 datasets; 1.7 s; peak memory 108 MiB.
2026-09-29T23:36:27Z INFO [18/369] 1ec80295-464a-419d-b044-f9481e577ae1: 46 datasets; 1.4 s; peak memory 108 MiB.
2026-09-29T23:36:28Z INFO [19/369] 1ec8a415-0f05-4253-8ac9-d9acc8ffdc71: 48 datasets; 1.4 s; peak memory 108 MiB.
2026-09-29T23:41:01Z INFO [20/369] 1ec8d443-5fd5-432a-81ff-fb5529243f72: 472 datasets; 272.6 s; peak memory 395 MiB.
2026-09-29T23:41:03Z INFO [21/369] 1ec8e46a-6fbd-445a-a8d9-53bf150099c3: 48 datasets; 1.6 s; peak memory 395 MiB.
2026-09-29T23:41:04Z INFO [22/369] 1ec92c22-8827-48df-be87-651f36bbc4db: 48 datasets; 1.4 s; peak memory 395 MiB.
2026-09-29T23:41:06Z INFO [23/369] 1ec95144-18de-435e-975c-d7538632b712: 62 datasets; 1.8 s; peak memory 395 MiB.
2026-09-29T23:41:07Z INFO [24/369] 1ec9b47e-02ff-45bd-941f-a57d28a3080c: 116 datasets; 1.7 s; peak memory 395 MiB.
2026-09-29T23:41:15Z INFO [25/369] 1ecb4c57-cc88-4814-96ee-996edc54d89b: 538 datasets; 7.4 s; peak memory 395 MiB.
2026-09-29T23:41:16Z INFO [26/369] 1ecb8015-c054-43bf-b6a6-8f678ff4638b: 84 datasets; 1.5 s; peak memory 395 MiB.
2026-09-29T23:41:18Z INFO [27/369] 1ecbfb88-0bbd-421c-ad56-cac70c00fc3b: 48 datasets; 1.5 s; peak memory 395 MiB.
2026-09-29T23:41:21Z INFO [28/369] 1ecc0016-e4d7-44ab-94ae-5176ff50f0ac: 68 datasets; 2.8 s; peak memory 395 MiB.
2026-09-29T23:41:22Z INFO [29/369] 1ecc4ddd-de54-45b4-83f0-c0da095d0c0b: 110 datasets; 1.9 s; peak memory 395 MiB.
2026-09-29T23:43:55Z INFO [30/369] 1ecdb00b-ae15-4712-9880-55bdf87a44b4: 241 datasets; 152.6 s; peak memory 395 MiB.
2026-09-29T23:44:08Z INFO [31/369] 1ecdb083-532e-46df-8975-17acad78f522: 1873 datasets; 13.0 s; peak memory 395 MiB.
2026-09-29T23:44:10Z INFO [32/369] 1ece7745-d6c2-431b-ae96-815710180d6c: 59 datasets; 1.9 s; peak memory 395 MiB.
2026-09-29T23:44:11Z INFO [33/369] 1ecef4b7-83ba-479f-aa56-6706927ef1f6: 121 datasets; 1.5 s; peak memory 395 MiB.
2026-09-29T23:44:20Z INFO [34/369] 1ecf0524-f06b-4bdb-b337-f5211c5b3d0b: 56 datasets; 8.3 s; peak memory 395 MiB.
2026-09-29T23:44:21Z INFO [35/369] 1ecf0cb2-1bd7-4728-8aff-07f162f15f9c: 64 datasets; 1.7 s; peak memory 395 MiB.
2026-09-29T23:44:24Z INFO [36/369] 1ecf647d-06d5-46a3-8220-504f7839757a: 64 datasets; 2.1 s; peak memory 395 MiB.
2026-09-29T23:44:26Z INFO [37/369] 1ed037f1-c5f7-4100-913c-faf448792156: 112 datasets; 2.6 s; peak memory 395 MiB.
2026-09-29T23:44:28Z INFO [38/369] 1ed0d28b-d072-4f87-9170-b0371b1db362: 48 datasets; 1.5 s; peak memory 395 MiB.
2026-09-29T23:44:29Z INFO [39/369] 1ed139a3-1c6a-4f4a-a36b-c70b58566e0c: 48 datasets; 1.4 s; peak memory 395 MiB.
2026-09-29T23:44:31Z INFO [40/369] 1ed1ba3b-6fa6-4cb7-8f2b-394aea39fe0b: 66 datasets; 2.1 s; peak memory 395 MiB.
2026-09-29T23:44:32Z INFO [41/369] 1ed1e9b9-5831-4f55-81f0-8e30e6949f27: 46 datasets; 1.1 s; peak memory 395 MiB.
2026-09-29T23:44:34Z INFO [42/369] 1ed22ae0-abb0-438e-a9cb-ac6529128917: 84 datasets; 1.8 s; peak memory 395 MiB.
2026-09-29T23:44:35Z INFO [43/369] 1ed28752-90cc-4e0b-ac8e-93550cdd0a89: 48 datasets; 1.3 s; peak memory 395 MiB.
2026-09-29T23:44:38Z INFO [44/369] 1ed3bc66-ba4d-4af0-a2da-6e7fdd4f49bd: 110 datasets; 2.5 s; peak memory 395 MiB.
2026-09-29T23:44:40Z INFO [45/369] 1ed463a4-66b1-413f-a561-1e30394ac178: 66 datasets; 2.0 s; peak memory 395 MiB.
2026-09-29T23:44:41Z INFO [46/369] 1ed50f2b-89fa-4812-a31f-cd88a5f12378: 118 datasets; 1.6 s; peak memory 395 MiB.
2026-09-29T23:44:43Z INFO [47/369] 1ed530e5-1b83-4ccb-93a7-5ddd73731efc: 48 datasets; 1.4 s; peak memory 395 MiB.
2026-09-29T23:44:45Z INFO [48/369] 1ed53410-02af-4496-971e-ae4ed534a9d9: 117 datasets; 2.0 s; peak memory 395 MiB.
2026-09-29T23:44:46Z INFO [49/369] 1ed5b3c1-c631-4e27-8ca2-fef489167164: 48 datasets; 1.4 s; peak memory 395 MiB.
2026-09-29T23:44:48Z INFO [50/369] 1ed6207d-6acd-49da-81ad-2b84a3281b9b: 112 datasets; 2.0 s; peak memory 395 MiB.
2026-09-29T23:44:48Z INFO [50/369] 1ed6207d-6acd-49da-81ad-2b84a3281b9b: checkpointed 61780 records.
2026-09-29T23:44:50Z INFO [51/369] 1ed6d321-bc3d-4958-9da9-9223529300a2: 117 datasets; 1.6 s; peak memory 395 MiB.
2026-09-29T23:44:51Z INFO [52/369] 1ed6ffff-a50d-424e-a058-deb4181691e1: 48 datasets; 1.5 s; peak memory 395 MiB.
2026-09-29T23:44:54Z INFO [53/369] 1ed74181-b391-43c7-860c-f9b390b49099: 66 datasets; 2.2 s; peak memory 395 MiB.
2026-09-29T23:44:55Z INFO [54/369] 1ed7777e-7bcb-462f-a458-b7fe42d1bb5c: 111 datasets; 1.5 s; peak memory 395 MiB.
2026-09-29T23:44:56Z INFO [55/369] 1ed783d9-bbe4-44b8-a447-393a7bd648cf: 48 datasets; 1.5 s; peak memory 395 MiB.
2026-09-29T23:44:59Z INFO [56/369] 1ed78c01-08c6-4db2-a5a7-a7a599db023d: 115 datasets; 2.1 s; peak memory 395 MiB.
2026-09-29T23:45:02Z INFO [57/369] 1ed7f4a4-90bd-43b0-99cb-2415f4dfa69c: 115 datasets; 3.3 s; peak memory 395 MiB.
2026-09-29T23:45:03Z INFO [58/369] 1ed89224-27ad-41a2-8a1e-24dc687b22b4: 72 datasets; 1.4 s; peak memory 395 MiB.
2026-09-29T23:45:04Z INFO [59/369] 1ed97550-7d93-4db2-a782-8c15722f7688: 46 datasets; 1.2 s; peak memory 395 MiB.
2026-09-29T23:45:07Z INFO [60/369] 1ed99c62-38b0-467b-93ad-bd2475f2595d: 101 datasets; 2.9 s; peak memory 395 MiB.
2026-09-29T23:45:09Z INFO [61/369] 1eda47b5-9db2-4146-8ab9-277f470ce9ae: 114 datasets; 1.5 s; peak memory 395 MiB.
2026-09-29T23:45:10Z INFO [62/369] 1edac93d-dc68-409d-98a8-7a6d501d5fff: 48 datasets; 1.5 s; peak memory 395 MiB.
2026-09-29T23:45:12Z INFO [63/369] 1edc05f2-7f60-48de-9cc1-0b241d626570: 48 datasets; 1.5 s; peak memory 395 MiB.
2026-09-29T23:45:13Z INFO [64/369] 1edcd24c-ab81-4c28-9a47-ff696fc48daa: 48 datasets; 1.4 s; peak memory 395 MiB.
2026-09-29T23:45:15Z INFO [65/369] 1edd217c-7607-423f-8081-88b4d025ed85: 49 datasets; 1.7 s; peak memory 395 MiB.
2026-09-29T23:45:18Z INFO [66/369] 1ede2eca-51e7-4284-b73d-af98dfd5ef80: 115 datasets; 3.6 s; peak memory 395 MiB.
2026-09-29T23:45:20Z INFO [67/369] 1ede78fb-c73e-4fd6-887e-791e63af2edd: 46 datasets; 1.1 s; peak memory 395 MiB.
2026-09-29T23:45:22Z INFO [68/369] 1edf4a76-9639-4275-87c5-d5c5acedd6f6: 112 datasets; 2.0 s; peak memory 395 MiB.
2026-09-29T23:45:24Z INFO [69/369] 1ee0d17b-8e35-4f0e-84b1-4e10199dc759: 68 datasets; 2.8 s; peak memory 395 MiB.
2026-09-29T23:45:26Z INFO [70/369] 1ee0e2f4-0ed0-4736-b443-e45cd0bda5e5: 48 datasets; 1.4 s; peak memory 395 MiB.
2026-09-29T23:45:28Z INFO [71/369] 1ee16931-241c-40d8-838c-b16d6a40ea52: 117 datasets; 1.9 s; peak memory 395 MiB.
2026-09-29T23:45:29Z INFO [72/369] 1ee21819-d2bf-4bc9-8c67-a85ed3fea053: 48 datasets; 1.4 s; peak memory 395 MiB.
2026-09-29T23:45:30Z INFO [73/369] 1ee32f9d-5756-4204-a4bd-fc91833ec31c: 48 datasets; 1.3 s; peak memory 395 MiB.
2026-09-29T23:45:32Z INFO [74/369] 1ee3a42b-402b-487e-a3ed-1b190b12f9ef: 117 datasets; 1.5 s; peak memory 395 MiB.
2026-09-29T23:45:34Z INFO [75/369] 1ee3b43d-4291-4bd3-9682-259f143e7773: 118 datasets; 1.7 s; peak memory 395 MiB.
2026-09-29T23:45:35Z INFO [76/369] 1ee4105a-aeee-4653-a153-df3afdd27c88: 48 datasets; 1.3 s; peak memory 395 MiB.
2026-09-29T23:45:37Z INFO [77/369] 1ee42db4-b9de-4e8b-9b1e-930913a0fd31: 48 datasets; 2.2 s; peak memory 395 MiB.
2026-09-29T23:45:39Z INFO [78/369] 1ee597bf-abb5-4b5c-a66f-c9186012acef: 48 datasets; 1.4 s; peak memory 395 MiB.
2026-09-29T23:45:40Z INFO [79/369] 1ee5b240-b7de-4a27-b4f5-f46bcebcefa6: 48 datasets; 1.3 s; peak memory 395 MiB.
2026-09-29T23:45:41Z INFO [80/369] 1ee65bb4-501f-470f-8757-e6517b0e0d6e: 92 datasets; 1.4 s; peak memory 395 MiB.
2026-09-29T23:45:43Z INFO [81/369] 1ee7c1f4-e0dc-491c-a4a3-6ff967e6aab9: 48 datasets; 1.5 s; peak memory 395 MiB.
2026-09-29T23:45:45Z INFO [82/369] 1ee82be2-ecbe-4b01-9cd1-aa1db696a0d8: 49 datasets; 2.0 s; peak memory 395 MiB.
2026-09-29T23:45:47Z INFO [83/369] 1ee8fd38-6419-477b-8400-dfb921cfa08b: 66 datasets; 2.3 s; peak memory 395 MiB.
2026-09-29T23:45:49Z INFO [84/369] 1ee91168-16dc-4c20-b762-b904a9dcb66b: 117 datasets; 1.6 s; peak memory 395 MiB.
2026-09-29T23:45:50Z INFO [85/369] 1ee92a8f-beb8-4978-867c-89578486c95d: 48 datasets; 1.4 s; peak memory 395 MiB.
2026-09-29T23:45:51Z INFO [86/369] 1eea0b09-635f-4976-90f1-ee91112fde2a: 52 datasets; 1.2 s; peak memory 395 MiB.
2026-09-29T23:45:53Z INFO [87/369] 1eeb897d-a458-4eb6-809d-d67720b3f62d: 112 datasets; 1.9 s; peak memory 395 MiB.
2026-09-29T23:46:24Z INFO [88/369] 1eec1df0-605e-41cc-890e-1aed3d8b9dfe: 1258 datasets; 30.5 s; peak memory 395 MiB.
2026-09-29T23:46:25Z INFO [89/369] 1eec2f70-050d-4056-b241-f3486210d3c8: 62 datasets; 1.8 s; peak memory 395 MiB.
2026-09-29T23:46:38Z INFO [90/369] 1eef0089-3145-462b-8d29-b5af8ef9a585: 656 datasets; 12.9 s; peak memory 395 MiB.
2026-09-29T23:46:40Z INFO [91/369] 1eef40b2-85d8-4def-854a-73352bd2af24: 112 datasets; 1.8 s; peak memory 395 MiB.
2026-09-29T23:46:42Z INFO [92/369] 1eefcdf1-fa46-4cc7-bb51-03dbc9bc0407: 116 datasets; 1.8 s; peak memory 395 MiB.
2026-09-29T23:46:43Z INFO [93/369] 1eeff61d-3612-4020-a400-1c122e081994: 48 datasets; 1.4 s; peak memory 395 MiB.
2026-09-29T23:46:46Z INFO [94/369] 1ef054b0-a488-4043-9a9c-e76489406a31: 289 datasets; 2.2 s; peak memory 395 MiB.
2026-09-29T23:46:47Z INFO [95/369] 1ef077bf-d0d3-4599-be8d-cb7c6123c491: 48 datasets; 1.4 s; peak memory 395 MiB.
2026-09-29T23:46:49Z INFO [96/369] 1ef0847a-c716-48de-a312-0df64a36d508: 68 datasets; 2.0 s; peak memory 395 MiB.
2026-09-29T23:46:51Z INFO [97/369] 1ef0f168-8a80-464f-8fa9-c779c2bc4e7b: 52 datasets; 1.6 s; peak memory 395 MiB.
2026-09-29T23:46:54Z INFO [98/369] 1ef1c03c-b4db-4d31-ac6d-2f304a99e543: 156 datasets; 3.9 s; peak memory 395 MiB.
2026-09-29T23:47:00Z INFO [99/369] 1ef279cf-63c5-4267-8719-eb96ed1a59c0: 111 datasets; 5.4 s; peak memory 395 MiB.
2026-09-29T23:47:02Z INFO [100/369] 1ef2ef62-56ca-4a7e-80b7-b7dcb255cf45: 66 datasets; 2.1 s; peak memory 395 MiB.
2026-09-29T23:47:02Z INFO [100/369] 1ef2ef62-56ca-4a7e-80b7-b7dcb255cf45: checkpointed 61830 records.
2026-09-29T23:47:03Z INFO [101/369] 1ef46b95-1d4d-46c2-b84a-33c4219d58d5: 46 datasets; 1.4 s; peak memory 395 MiB.
2026-09-29T23:47:06Z INFO [102/369] 1ef496a2-c1f2-4b3f-a2eb-4797e18f7e72: 53 datasets; 2.5 s; peak memory 395 MiB.
2026-09-29T23:55:44Z INFO [103/369] 1ef4ac37-a175-41ec-9902-711933151a42: 177 datasets; 517.6 s; peak memory 545 MiB.
2026-09-29T23:57:14Z INFO [104/369] 1ef4f10a-4ffc-4259-8991-f89225af8c21: 58 datasets; 90.3 s; peak memory 545 MiB.
2026-09-29T23:57:16Z INFO [105/369] 1ef4f4d1-0fc5-4369-8b68-4fdb19ce0bd0: 90 datasets; 1.8 s; peak memory 545 MiB.
2026-09-29T23:57:40Z INFO [106/369] 1ef58070-1505-4d4e-92ac-4bc21a03d713: 5155 datasets; 24.4 s; peak memory 545 MiB.
2026-09-29T23:57:42Z INFO [107/369] 1ef5fcb3-925e-491a-9604-bb9b4fb624e8: 48 datasets; 1.5 s; peak memory 545 MiB.
2026-09-29T23:57:43Z INFO [108/369] 1ef6c1fc-7991-4788-87d6-1f2b95dfbfa5: 50 datasets; 1.9 s; peak memory 545 MiB.
2026-09-29T23:57:51Z INFO [109/369] 1ef7639b-097b-4ae8-ab02-e798df4f06e9: 196 datasets; 7.8 s; peak memory 545 MiB.
2026-09-29T23:57:53Z INFO [110/369] 1ef7b5ae-a59b-45ff-9cb2-ecb964ee061c: 48 datasets; 1.4 s; peak memory 545 MiB.
2026-09-29T23:58:11Z INFO [111/369] 1ef7d0b8-aefe-4ccd-aa38-a107dbecc0b9: 1443 datasets; 18.5 s; peak memory 545 MiB.
2026-09-29T23:58:13Z INFO [112/369] 1ef7e5be-6c64-4415-848d-a2f9c05b42e5: 117 datasets; 1.7 s; peak memory 545 MiB.
2026-09-29T23:58:14Z INFO [113/369] 1ef947b8-700a-47e5-901a-62625b57359f: 48 datasets; 1.4 s; peak memory 545 MiB.
2026-09-29T23:58:16Z INFO [114/369] 1efa1ee5-b182-4e46-8fda-d729df1c4e2d: 48 datasets; 1.4 s; peak memory 545 MiB.
2026-09-29T23:58:17Z INFO [115/369] 1efb329e-a752-4555-9abb-60c83c37d18e: 48 datasets; 1.4 s; peak memory 545 MiB.
2026-09-29T23:58:19Z INFO [116/369] 1efb57d2-6e67-4528-819b-440a40aebb10: 46 datasets; 1.8 s; peak memory 545 MiB.
2026-09-29T23:58:20Z INFO [117/369] 1efc3c1c-ed13-4e19-a887-8073774249e0: 48 datasets; 1.4 s; peak memory 545 MiB.
2026-09-29T23:58:22Z INFO [118/369] 1efc8317-d4e9-411e-8a79-83311d8146da: 48 datasets; 1.5 s; peak memory 545 MiB.
2026-09-29T23:58:23Z INFO [119/369] 1efdff9f-7ef2-475c-aca9-6e6ca73e1a1a: 62 datasets; 1.7 s; peak memory 545 MiB.
2026-09-29T23:58:36Z INFO [120/369] 1efee0ae-4fe7-46df-9b28-ce36362871cc: 510 datasets; 12.9 s; peak memory 545 MiB.
2026-09-29T23:58:39Z INFO [121/369] 1eff8eb1-f061-427e-8e90-e94f9b8b3fa2: 158 datasets; 2.9 s; peak memory 545 MiB.
2026-09-29T23:58:41Z INFO [122/369] 1effd55b-f6bc-4cb2-9b36-cb9f86f8f4f1: 111 datasets; 2.0 s; peak memory 545 MiB.
2026-09-29T23:58:43Z INFO [123/369] 1f00a1ba-4832-48eb-8df5-e2dabde04717: 66 datasets; 2.0 s; peak memory 545 MiB.
2026-09-29T23:58:46Z INFO [124/369] 1f036d45-9acc-4c05-a9e3-a86723e161db: 64 datasets; 2.2 s; peak memory 545 MiB.
2026-09-29T23:58:47Z INFO [125/369] 1f03c7cb-c490-4eea-8e16-da2f16ba4f56: 53 datasets; 1.4 s; peak memory 545 MiB.
2026-09-30T00:13:42Z INFO [126/369] 1f052baa-fe9c-4a7a-ad73-e4b9eb3fa088: 99 datasets; 894.7 s; peak memory 1120 MiB.
2026-09-30T00:13:43Z INFO [127/369] 1f054523-b42f-4181-9706-72f883537d3c: 48 datasets; 1.5 s; peak memory 1120 MiB.
2026-09-30T00:13:45Z INFO [128/369] 1f0551c2-670c-4902-a1aa-b5a05ec402c1: 64 datasets; 1.5 s; peak memory 1120 MiB.
2026-09-30T00:13:47Z INFO [129/369] 1f073a5a-fd3a-4788-9de2-45edfc962b75: 45 datasets; 2.1 s; peak memory 1120 MiB.
2026-09-30T00:14:01Z INFO [130/369] 1f0742a4-47dd-4095-be60-cf23ae8b71e0: 44 datasets; 14.6 s; peak memory 1120 MiB.
2026-09-30T00:14:03Z INFO [131/369] 1f078bcb-8849-4b03-8364-cfa26351f1a7: 117 datasets; 1.8 s; peak memory 1120 MiB.
2026-09-30T00:14:04Z INFO [132/369] 1f078ce3-9cdd-4782-861a-687304725a88: 45 datasets; 1.2 s; peak memory 1120 MiB.
2026-09-30T00:14:07Z INFO [133/369] 1f08466f-a3ef-4682-922a-1a23f5f5db36: 102 datasets; 2.4 s; peak memory 1120 MiB.
2026-09-30T00:14:08Z INFO [134/369] 1f0bb7ee-1980-4c3b-9bba-fbb1cf519315: 57 datasets; 1.2 s; peak memory 1120 MiB.
2026-09-30T00:14:10Z INFO [135/369] 1f0bbeeb-03bf-4ede-b19e-fc69db69e6de: 51 datasets; 1.7 s; peak memory 1120 MiB.
2026-09-30T00:14:35Z INFO [136/369] 1f0c7189-89ed-40c2-801f-9da96a1b98e9: 48 datasets; 25.8 s; peak memory 1120 MiB.
2026-09-30T00:14:38Z INFO [137/369] 1f0cbc43-b217-4674-820b-141806f93a1b: 248 datasets; 2.8 s; peak memory 1120 MiB.
2026-09-30T00:14:46Z INFO [138/369] 1f0dd182-ec88-4713-a9dd-777db276680f: 600 datasets; 7.4 s; peak memory 1120 MiB.
2026-09-30T00:14:47Z INFO [139/369] 1f0e497f-da52-4a5a-b3ef-5176a1974395: 41 datasets; 1.4 s; peak memory 1120 MiB.
2026-09-30T00:14:49Z INFO [140/369] 1f104cce-3439-4d0e-86cb-5ccf6bf99e8b: 116 datasets; 1.7 s; peak memory 1120 MiB.
2026-09-30T00:14:51Z INFO [141/369] 1f104ff9-9da6-47da-a819-7904de395e49: 76 datasets; 2.1 s; peak memory 1120 MiB.
2026-09-30T00:14:53Z INFO [142/369] 1f11a090-0969-4ec8-9456-35b80c7b811d: 66 datasets; 2.1 s; peak memory 1120 MiB.
2026-09-30T00:14:54Z INFO [143/369] 1f11d3fd-2789-46ab-995d-4ef7030a7119: 52 datasets; 1.6 s; peak memory 1120 MiB.
2026-09-30T00:15:13Z INFO [144/369] 1f11e677-22d8-4b0e-a29f-00d9de16cb60: 1067 datasets; 18.9 s; peak memory 1120 MiB.
2026-09-30T00:15:15Z INFO [145/369] 1f11f5c5-d1a9-4e1c-a0c2-7ed042f48fe0: 46 datasets; 1.4 s; peak memory 1120 MiB.
2026-09-30T00:15:17Z INFO [146/369] 1f122014-6953-4daa-9fab-90fb99d84ced: 76 datasets; 2.1 s; peak memory 1120 MiB.
2026-09-30T00:15:30Z INFO [147/369] 1f12f6e6-fa9c-4316-972b-8fc2c63da918: 7261 datasets; 12.7 s; peak memory 1120 MiB.
2026-09-30T00:15:31Z INFO [148/369] 1f1364f1-0c76-4bf7-bb6b-478ceffbcb3e: 48 datasets; 1.4 s; peak memory 1120 MiB.
2026-09-30T00:15:34Z INFO [149/369] 1f13a76a-8f50-4266-8188-f088fa526200: 152 datasets; 2.9 s; peak memory 1120 MiB.
2026-09-30T00:15:36Z INFO [150/369] 1f13e571-0597-4550-812e-c195864ca03b: 118 datasets; 1.8 s; peak memory 1120 MiB.
2026-09-30T00:15:36Z INFO [150/369] 1f13e571-0597-4550-812e-c195864ca03b: checkpointed 61880 records.
2026-09-30T00:15:37Z INFO [151/369] 1f1400a1-25a1-47cb-9bbe-b2c47a452c83: 48 datasets; 1.5 s; peak memory 1120 MiB.
2026-09-30T00:18:15Z INFO [152/369] 1f140cfc-7667-4627-a0f5-b3e0048dc009: 413 datasets; 158.1 s; peak memory 1120 MiB.
2026-09-30T00:18:17Z INFO [153/369] 1f1431c3-3fd5-4baf-a70e-a8653fe2b7d2: 117 datasets; 1.7 s; peak memory 1120 MiB.
2026-09-30T00:18:20Z INFO [154/369] 1f14946b-1cbe-4d52-970d-9666d4cd49aa: 118 datasets; 2.7 s; peak memory 1120 MiB.
2026-09-30T00:18:22Z INFO [155/369] 1f15aea3-9aa1-4d6e-9000-342834ac2d49: 116 datasets; 1.8 s; peak memory 1120 MiB.
2026-09-30T00:18:23Z INFO [156/369] 1f166033-0395-426b-9035-c8f333610c44: 117 datasets; 1.8 s; peak memory 1120 MiB.
2026-09-30T00:18:43Z INFO [157/369] 1f1676fb-a365-4fcf-af30-fc2f60a7096d: 790 datasets; 19.8 s; peak memory 1120 MiB.
2026-09-30T00:18:46Z INFO [158/369] 1f1713c2-ee52-4adc-a052-10fa157dd036: 113 datasets; 2.7 s; peak memory 1120 MiB.
2026-09-30T00:18:48Z INFO [159/369] 1f1717f9-a604-43e9-8861-a01a08b5e260: 112 datasets; 1.9 s; peak memory 1120 MiB.
2026-09-30T00:18:49Z INFO [160/369] 1f173517-89e5-4410-8e81-d652358671cf: 48 datasets; 1.6 s; peak memory 1120 MiB.
2026-09-30T00:18:52Z INFO [161/369] 1f180681-56f6-45a1-b849-dc0f50e895f1: 69 datasets; 2.1 s; peak memory 1120 MiB.
2026-09-30T00:18:54Z INFO [162/369] 1f185939-ab39-49fb-a44d-b28dd5fe052d: 70 datasets; 2.6 s; peak memory 1120 MiB.
2026-09-30T00:18:56Z INFO [163/369] 1f18c002-ccd9-43a0-9822-523536f8aa86: 62 datasets; 2.0 s; peak memory 1120 MiB.
2026-09-30T00:19:09Z INFO [164/369] 1f19652b-b665-4e4e-972a-40486eeb0d55: 3703 datasets; 13.3 s; peak memory 1120 MiB.
2026-09-30T00:19:11Z INFO [165/369] 1f196d7b-4c8c-4d22-bc2e-d464830619a4: 61 datasets; 1.4 s; peak memory 1120 MiB.
2026-09-30T00:19:13Z INFO [166/369] 1f197211-d613-4d68-a5bf-59685b717568: 117 datasets; 1.7 s; peak memory 1120 MiB.
2026-09-30T00:19:14Z INFO [167/369] 1f1a812d-db4e-4a89-8de8-ca65356be222: 48 datasets; 1.4 s; peak memory 1120 MiB.
2026-09-30T00:19:16Z INFO [168/369] 1f1b0858-9cc4-4db9-86aa-f5e25b6901a6: 71 datasets; 2.1 s; peak memory 1120 MiB.
2026-09-30T00:19:18Z INFO [169/369] 1f1b8dbd-3fc5-4e28-ae19-ced9657f0153: 69 datasets; 1.8 s; peak memory 1120 MiB.
2026-09-30T00:19:19Z INFO [170/369] 1f1c86d7-7bc9-486a-9e15-dfd13d0d8a77: 52 datasets; 1.6 s; peak memory 1120 MiB.
2026-09-30T00:19:21Z INFO [171/369] 1f1d6582-c9e0-4a8d-89bd-3671b4966e6e: 68 datasets; 1.3 s; peak memory 1120 MiB.
2026-09-30T00:19:22Z INFO [172/369] 1f1dc382-cb2f-4ccb-897d-ae434d6213cc: 48 datasets; 1.5 s; peak memory 1120 MiB.
2026-09-30T00:19:26Z INFO [173/369] 1f1e70bd-405c-4a73-9a39-08c21f5a4c8f: 116 datasets; 3.5 s; peak memory 1120 MiB.
2026-09-30T00:19:28Z INFO [174/369] 1f1e7443-15ce-46d0-bc39-cbd39f34a341: 51 datasets; 2.1 s; peak memory 1120 MiB.
2026-09-30T00:19:30Z INFO [175/369] 1f1eb98f-52dd-4602-a8c3-1ccf928eb179: 52 datasets; 1.7 s; peak memory 1120 MiB.
2026-09-30T00:19:31Z INFO [176/369] 1f1f95e5-9251-4314-ab69-0f7ae8c6ae66: 48 datasets; 1.7 s; peak memory 1120 MiB.
2026-09-30T00:19:33Z INFO [177/369] 1f1fade9-b502-47dc-8607-fbf4dabe1b70: 48 datasets; 1.5 s; peak memory 1120 MiB.
2026-09-30T00:19:34Z INFO [178/369] 1f1fb04a-9493-47c2-a08c-240cb08caaae: 118 datasets; 1.8 s; peak memory 1120 MiB.
2026-09-30T00:19:47Z INFO [179/369] 1f1ffddd-45ee-4d7e-8edf-88c048defc34: 409 datasets; 13.0 s; peak memory 1120 MiB.
2026-09-30T00:19:50Z INFO [180/369] 1f2040a1-6c79-4469-b266-1db1310b470e: 38 datasets; 2.9 s; peak memory 1120 MiB.
2026-09-30T00:19:58Z INFO [181/369] 1f20459b-3586-49ce-b41a-29a209cea01f: 480 datasets; 7.9 s; peak memory 1120 MiB.
2026-09-30T00:20:00Z INFO [182/369] 1f20e821-2bf8-4aed-a1df-b22dc94523b1: 48 datasets; 1.3 s; peak memory 1120 MiB.
2026-09-30T00:20:21Z INFO [183/369] 1f20ef73-d72d-444d-b975-c83391989687: 38 datasets; 21.7 s; peak memory 1120 MiB.
2026-09-30T00:20:30Z INFO [184/369] 1f210859-d143-4401-9f3b-2de624f47681: 481 datasets; 8.4 s; peak memory 1120 MiB.
2026-09-30T00:20:32Z INFO [185/369] 1f216af9-8141-4c72-9499-f26bdea6ad48: 119 datasets; 2.7 s; peak memory 1120 MiB.
2026-09-30T00:20:34Z INFO [186/369] 1f224ead-2be0-4cb8-afea-b746444ac132: 48 datasets; 1.6 s; peak memory 1120 MiB.
2026-09-30T00:20:43Z INFO [187/369] 1f227963-4faf-4fba-b389-8bf0f5808bf3: 257 datasets; 8.7 s; peak memory 1120 MiB.
2026-09-30T00:20:44Z INFO [188/369] 1f22b882-965f-4af1-8648-b223d4e9935b: 117 datasets; 1.8 s; peak memory 1120 MiB.
2026-09-30T00:20:46Z INFO [189/369] 1f23bfdd-b55d-405b-a2e4-15277d364014: 118 datasets; 1.8 s; peak memory 1120 MiB.
2026-09-30T00:20:48Z INFO [190/369] 1f248b52-448c-4e8c-9ebe-2384d9a1f0f2: 112 datasets; 2.1 s; peak memory 1120 MiB.
2026-09-30T00:20:50Z INFO [191/369] 1f24a3c7-1086-4127-8586-7d65a9c168b4: 48 datasets; 1.5 s; peak memory 1120 MiB.
2026-09-30T00:20:51Z INFO [192/369] 1f24b760-4458-4f69-b22a-3fb729142340: 48 datasets; 1.4 s; peak memory 1120 MiB.
2026-09-30T00:20:53Z INFO [193/369] 1f25bb50-0a94-46e2-b239-da58ac3d6926: 48 datasets; 1.5 s; peak memory 1120 MiB.
2026-09-30T00:20:54Z INFO [194/369] 1f25d3f8-b600-40cd-989b-8778a1693889: 52 datasets; 1.8 s; peak memory 1120 MiB.
2026-09-30T00:20:56Z INFO [195/369] 1f26bd43-7418-41c4-b7f9-45288953e364: 48 datasets; 1.5 s; peak memory 1120 MiB.
2026-09-30T00:20:58Z INFO [196/369] 1f283dae-c333-422f-a913-1d53831bdbde: 64 datasets; 2.4 s; peak memory 1120 MiB.
2026-09-30T00:21:00Z INFO [197/369] 1f287143-a7ce-409a-8678-17b8c355a414: 64 datasets; 1.9 s; peak memory 1120 MiB.
2026-09-30T00:21:02Z INFO [198/369] 1f28c9c8-4963-4aec-a82f-820312862ee1: 84 datasets; 2.0 s; peak memory 1120 MiB.
2026-09-30T00:21:04Z INFO [199/369] 1f28f495-854f-48e3-aad0-80e05484d5cb: 64 datasets; 1.7 s; peak memory 1120 MiB.
2026-09-30T00:21:05Z INFO [200/369] 1f2920f6-1e50-41d5-965b-729842380062: 48 datasets; 1.3 s; peak memory 1120 MiB.
2026-09-30T00:21:05Z INFO [200/369] 1f2920f6-1e50-41d5-965b-729842380062: checkpointed 61930 records.
2026-09-30T00:21:07Z INFO [201/369] 1f2a2557-04f1-493c-9238-2571ef6e61d4: 63 datasets; 1.5 s; peak memory 1120 MiB.
2026-09-30T00:21:08Z INFO [202/369] 1f2aa2ad-8902-4abe-bf69-3b8451077384: 37 datasets; 1.2 s; peak memory 1120 MiB.
2026-09-30T00:21:10Z INFO [203/369] 1f2ae3b3-c509-447f-8daf-03d2405f29f8: 77 datasets; 1.6 s; peak memory 1120 MiB.
2026-09-30T00:21:12Z INFO [204/369] 1f2af7ec-66db-49a0-822a-9981bd78adc7: 66 datasets; 2.1 s; peak memory 1120 MiB.
2026-09-30T00:21:14Z INFO [205/369] 1f2b1fae-ecbb-413c-a9f9-95ad5fb3ccec: 66 datasets; 2.1 s; peak memory 1120 MiB.
2026-09-30T00:21:22Z INFO [206/369] 1f2ce6ee-a747-46c1-9edc-53b19c483d99: 38 datasets; 8.8 s; peak memory 1120 MiB.
2026-09-30T00:21:46Z INFO [207/369] 1f2d2c99-a613-44cf-8c61-17826e34b2e6: 48 datasets; 23.4 s; peak memory 1120 MiB.
2026-09-30T00:21:48Z INFO [208/369] 1f2d3e92-ce8b-4204-81a0-72ab4f4e541d: 116 datasets; 1.6 s; peak memory 1120 MiB.
2026-09-30T00:22:07Z INFO [209/369] 1f2d4edc-1f35-4914-bf94-51f546b24e00: 929 datasets; 19.5 s; peak memory 1120 MiB.
2026-09-30T00:22:35Z INFO [210/369] 1f2dd58c-1388-4916-b1f0-5413d81f71d6: 5476 datasets; 27.6 s; peak memory 1120 MiB.
2026-09-30T00:22:37Z INFO [211/369] 1f2e8b07-a680-4480-8144-5f4f63840a63: 117 datasets; 2.0 s; peak memory 1120 MiB.
2026-09-30T00:22:44Z INFO [212/369] 1f2f740a-11eb-4103-827d-1a38db50fe1a: 208 datasets; 7.1 s; peak memory 1120 MiB.
2026-09-30T00:22:45Z INFO [213/369] 1f2f9cd0-2f8d-46c1-81bd-e8ed741663c8: 69 datasets; 1.8 s; peak memory 1120 MiB.
2026-09-30T00:22:49Z INFO [214/369] 1f301124-fd40-45c2-b7f2-41d180860bf5: 156 datasets; 3.9 s; peak memory 1120 MiB.
2026-09-30T00:22:51Z INFO [215/369] 1f3094a6-c74b-4213-8045-5573c31910cf: 69 datasets; 1.9 s; peak memory 1120 MiB.
2026-09-30T00:22:53Z INFO [216/369] 1f31f1c0-cdef-436a-9092-56dc6f5a43b6: 52 datasets; 1.5 s; peak memory 1120 MiB.
2026-09-30T00:22:55Z INFO [217/369] 1f321ba3-76cf-41bf-8450-277ad70b7afe: 66 datasets; 2.0 s; peak memory 1120 MiB.
2026-09-30T00:23:15Z INFO [218/369] 1f33ec3a-f39d-41ef-9c6b-184863d8c186: 8359 datasets; 20.6 s; peak memory 1120 MiB.
2026-09-30T00:23:17Z INFO [219/369] 1f33f5bb-fd39-48a9-b4df-c0b2566c13ad: 46 datasets; 1.4 s; peak memory 1120 MiB.
2026-09-30T00:23:18Z INFO [220/369] 1f34c520-4113-4a92-ac05-e7063602feb4: 63 datasets; 1.3 s; peak memory 1120 MiB.
2026-09-30T00:23:19Z INFO [221/369] 1f34ec26-5cb6-40e0-9f5e-cc2082d05371: 50 datasets; 1.3 s; peak memory 1120 MiB.
2026-09-30T00:23:21Z INFO [222/369] 1f35d4ed-4505-46e4-a336-cbb4700da748: 66 datasets; 2.0 s; peak memory 1120 MiB.
2026-09-30T00:23:22Z INFO [223/369] 1f35ff36-797b-487d-8d47-73b96445051d: 46 datasets; 1.0 s; peak memory 1120 MiB.
2026-09-30T00:23:24Z INFO [224/369] 1f36bc8c-34dd-45e7-befc-cb0fe7d6afe1: 59 datasets; 1.8 s; peak memory 1120 MiB.
2026-09-30T00:23:26Z INFO [225/369] 1f36d54a-cf61-4e49-91f3-c70a24315d88: 112 datasets; 2.3 s; peak memory 1120 MiB.
2026-09-30T00:23:28Z INFO [226/369] 1f379238-0cac-4a00-bd4e-3987d45f3ff0: 35 datasets; 1.2 s; peak memory 1120 MiB.
2026-09-30T00:23:29Z INFO [227/369] 1f37d633-b6e5-4722-ba97-e505e4dfb22a: 118 datasets; 1.8 s; peak memory 1120 MiB.
2026-09-30T00:23:32Z INFO [228/369] 1f38a888-2620-4575-b540-4e83bad272b7: 110 datasets; 2.2 s; peak memory 1120 MiB.
2026-09-30T00:23:46Z INFO [229/369] 1f394062-99f3-4915-a72e-c28e833c1e86: 1133 datasets; 14.1 s; peak memory 1120 MiB.
2026-09-30T00:23:48Z INFO [230/369] 1f3a00cf-f9c3-416d-9b40-c41e2fdd5926: 69 datasets; 2.0 s; peak memory 1120 MiB.
2026-09-30T00:25:25Z INFO [231/369] 1f3a6b21-2afb-4f89-9709-ec20e8980561: 58 datasets; 97.0 s; peak memory 1120 MiB.
2026-09-30T00:25:26Z INFO [232/369] 1f3b0c48-c3a0-4d01-bb90-8b2c75857e9f: 48 datasets; 1.5 s; peak memory 1120 MiB.
2026-09-30T00:25:28Z INFO [233/369] 1f3bb135-77f4-4095-9d74-cd00b18dbd95: 118 datasets; 1.6 s; peak memory 1120 MiB.
2026-09-30T00:25:29Z INFO [234/369] 1f3bd472-d10e-450b-9d0b-d8f566b93f64: 68 datasets; 1.6 s; peak memory 1120 MiB.
2026-09-30T00:25:31Z INFO [235/369] 1f3c95b5-8425-466c-9620-5a5311efe4c4: 84 datasets; 1.7 s; peak memory 1120 MiB.
2026-09-30T00:25:33Z INFO [236/369] 1f3ca37a-cc15-4c7e-b274-5a35bc433aff: 78 datasets; 1.7 s; peak memory 1120 MiB.
2026-09-30T00:25:35Z INFO [237/369] 1f3df49c-ba73-435f-80b1-75478a4b3819: 69 datasets; 2.1 s; peak memory 1120 MiB.
2026-09-30T00:25:36Z INFO [238/369] 1f3e01d2-40b0-4491-a0b6-890a996a8479: 48 datasets; 1.5 s; peak memory 1120 MiB.
2026-09-30T00:25:39Z INFO [239/369] 1f3e5046-9600-4fe2-ae06-87bfa33110a4: 66 datasets; 2.5 s; peak memory 1120 MiB.
2026-09-30T00:25:40Z INFO [240/369] 1f3e5db0-3eca-4c6a-966d-29046eac4006: 48 datasets; 1.4 s; peak memory 1120 MiB.
2026-09-30T00:25:42Z INFO [241/369] 1f3f151d-5f7a-4367-b187-54d1dd191db2: 48 datasets; 1.5 s; peak memory 1120 MiB.
2026-09-30T00:25:43Z INFO [242/369] 1f3f2005-af53-4c8e-8914-e4113d52e022: 48 datasets; 1.5 s; peak memory 1120 MiB.
2026-09-30T00:25:47Z INFO [243/369] 1f3f478c-64ff-4d17-9f6d-8c8241a366e3: 115 datasets; 3.6 s; peak memory 1120 MiB.
2026-09-30T00:25:49Z INFO [244/369] 1f3f6796-618f-45ea-9d13-7a8e34f02230: 117 datasets; 1.8 s; peak memory 1120 MiB.
2026-09-30T00:25:50Z INFO [245/369] 1f3fab72-046d-447f-b695-95abd40bc6a6: 117 datasets; 1.7 s; peak memory 1120 MiB.
2026-09-30T00:25:52Z INFO [246/369] 1f401828-8526-41fb-a7c2-963d626ea241: 41 datasets; 1.5 s; peak memory 1120 MiB.
2026-09-30T00:25:54Z INFO [247/369] 1f411806-f357-48d6-9225-799c100a6e04: 71 datasets; 2.4 s; peak memory 1120 MiB.
2026-09-30T00:25:56Z INFO [248/369] 1f414b6b-3061-4f87-8ec4-5373611eee3b: 117 datasets; 1.8 s; peak memory 1120 MiB.
2026-09-30T00:25:58Z INFO [249/369] 1f4185a3-1d5b-4b83-9dae-8264455e10b1: 69 datasets; 2.2 s; peak memory 1120 MiB.
2026-09-30T00:26:00Z INFO [250/369] 1f41bfa9-ad98-4f59-b555-25d87729d151: 48 datasets; 1.5 s; peak memory 1120 MiB.
2026-09-30T00:26:00Z INFO [250/369] 1f41bfa9-ad98-4f59-b555-25d87729d151: checkpointed 61980 records.
2026-09-30T00:26:03Z INFO [251/369] 1f41d116-84a5-4745-bfba-2bb1c8b07437: 115 datasets; 3.6 s; peak memory 1120 MiB.
2026-09-30T00:26:05Z INFO [252/369] 1f41da06-191c-42c8-873e-b265744f3dd1: 50 datasets; 1.7 s; peak memory 1120 MiB.
2026-09-30T00:26:07Z INFO [253/369] 1f4463b6-f757-4020-b19e-ff16291cf1eb: 48 datasets; 1.5 s; peak memory 1120 MiB.
2026-09-30T00:26:08Z INFO [254/369] 1f446b3e-080f-4ee5-ba41-93c9603c0d7a: 48 datasets; 1.4 s; peak memory 1120 MiB.
2026-09-30T00:26:09Z INFO [255/369] 1f44df62-1374-4d37-b9ba-99d076227629: 48 datasets; 1.3 s; peak memory 1120 MiB.
2026-09-30T00:26:11Z INFO [256/369] 1f454b5e-2617-439c-a741-3e10ef71e736: 117 datasets; 2.0 s; peak memory 1120 MiB.
2026-09-30T00:26:14Z INFO [257/369] 1f46bea7-d28f-4420-937d-7b14af5a608e: 71 datasets; 2.4 s; peak memory 1120 MiB.
2026-09-30T00:26:18Z INFO [258/369] 1f46e3d5-8557-4e8c-aa00-2e029f449ef5: 156 datasets; 4.2 s; peak memory 1120 MiB.
2026-09-30T00:26:20Z INFO [259/369] 1f47315f-0b65-4af9-8096-a2eec1d54458: 110 datasets; 2.2 s; peak memory 1120 MiB.
2026-09-30T00:26:22Z INFO [260/369] 1f474ba8-b2ce-42b0-8eef-b006e69ffd3a: 52 datasets; 1.6 s; peak memory 1120 MiB.
2026-09-30T00:26:24Z INFO [261/369] 1f47fa23-e4b9-44ec-ba37-4da26cbf48d8: 77 datasets; 1.6 s; peak memory 1120 MiB.
2026-09-30T00:26:25Z INFO [262/369] 1f48601a-3a23-4b5a-9555-33f5ca9237b9: 66 datasets; 1.4 s; peak memory 1120 MiB.
2026-09-30T00:26:27Z INFO [263/369] 1f489cd3-1d85-4ca9-83dd-dded89142933: 112 datasets; 2.0 s; peak memory 1120 MiB.
2026-09-30T00:26:30Z INFO [264/369] 1f48a266-2a07-4a96-a343-ac2f91bf0d88: 112 datasets; 2.6 s; peak memory 1120 MiB.
2026-09-30T00:26:32Z INFO [265/369] 1f491b01-56a2-4766-8cdc-09cda943f1fd: 71 datasets; 2.2 s; peak memory 1120 MiB.
2026-09-30T00:26:33Z INFO [266/369] 1f49a88a-e1f1-45e0-b74f-e62abfde7f8c: 48 datasets; 1.5 s; peak memory 1120 MiB.
2026-09-30T00:26:35Z INFO [267/369] 1f4a616b-08f6-4c6d-8dcf-3ce38cbc3bf7: 48 datasets; 1.5 s; peak memory 1120 MiB.
2026-09-30T00:26:36Z INFO [268/369] 1f4aae70-2d3e-40b8-9a8c-4cee48d3f2a3: 38 datasets; 1.2 s; peak memory 1120 MiB.
2026-09-30T00:26:38Z INFO [269/369] 1f4aaf96-a621-4bf0-aa78-e1c5279931ab: 71 datasets; 2.5 s; peak memory 1120 MiB.
2026-09-30T00:26:45Z INFO [270/369] 1f4b00c4-55ab-463e-82a4-88b9f90ce5fb: 196 datasets; 6.9 s; peak memory 1120 MiB.
2026-09-30T00:26:47Z INFO [271/369] 1f4ba14d-83ab-46f3-9274-059b5d878b5c: 289 datasets; 2.1 s; peak memory 1120 MiB.
2026-09-30T00:26:49Z INFO [272/369] 1f4c0a01-1cf2-49ff-baf0-0d719f926435: 49 datasets; 1.8 s; peak memory 1120 MiB.
2026-09-30T00:26:51Z INFO [273/369] 1f4ccbc7-12d6-4d01-83a5-cd979f91b420: 48 datasets; 1.5 s; peak memory 1120 MiB.
2026-09-30T00:27:05Z INFO [274/369] 1f4cd8dd-321b-4396-b9c1-66e550c6fb35: 1075 datasets; 14.4 s; peak memory 1120 MiB.
2026-09-30T00:27:10Z INFO [275/369] 1f4db884-8a96-4c82-9d57-2e508b7741dc: 310 datasets; 4.8 s; peak memory 1120 MiB.
2026-09-30T00:27:12Z INFO [276/369] 1f4dfc96-ff83-4782-aee7-add85e32842e: 69 datasets; 2.2 s; peak memory 1120 MiB.
2026-09-30T00:27:20Z INFO [277/369] 1f4e155c-1a8d-46bb-9c6b-3f858b6ed714: 551 datasets; 7.6 s; peak memory 1120 MiB.
2026-09-30T00:27:21Z INFO [278/369] 1f4fe6d5-1241-44cb-bbb4-0a3872a1496f: 57 datasets; 1.2 s; peak memory 1120 MiB.
2026-09-30T00:27:26Z INFO [279/369] 1f4ff606-c526-4bc6-a788-cbd5bb479ba8: 431 datasets; 5.3 s; peak memory 1120 MiB.
2026-09-30T00:27:30Z INFO [280/369] 1f50343a-c43d-4edc-b6e1-39df1b59e884: 138 datasets; 3.8 s; peak memory 1120 MiB.
2026-09-30T00:27:32Z INFO [281/369] 1f50b787-6a28-4893-b0e7-117749416a2a: 117 datasets; 1.5 s; peak memory 1120 MiB.
2026-09-30T00:27:34Z INFO [282/369] 1f51be64-919a-4873-8962-60d2bbdd7752: 117 datasets; 1.8 s; peak memory 1120 MiB.
2026-09-30T00:27:40Z INFO [283/369] 1f5255a1-ec6b-4c69-b9c2-53a2653a3a61: 538 datasets; 6.5 s; peak memory 1120 MiB.
2026-09-30T00:27:52Z INFO [284/369] 1f52a231-86c7-46d9-a7c4-db56bfcfcf49: 106 datasets; 11.7 s; peak memory 1120 MiB.
2026-09-30T00:28:09Z INFO [285/369] 1f52a3ad-ad63-45b6-8c28-3001696b1220: 717 datasets; 17.4 s; peak memory 1120 MiB.
2026-09-30T00:28:11Z INFO [286/369] 1f52e09a-47fa-4406-8333-8f747b42e8a0: 116 datasets; 1.6 s; peak memory 1120 MiB.
2026-09-30T00:28:13Z INFO [287/369] 1f531993-5b7d-4941-a3d1-1fd27feed793: 55 datasets; 2.5 s; peak memory 1120 MiB.
2026-09-30T00:28:15Z INFO [288/369] 1f532304-e5d1-4e41-98c4-53b5accb8047: 114 datasets; 1.7 s; peak memory 1120 MiB.
2026-09-30T00:28:19Z INFO [289/369] 1f53cd7d-03ff-49cc-b233-1d238fefc0c7: 157 datasets; 3.6 s; peak memory 1120 MiB.
2026-09-30T00:28:20Z INFO [290/369] 1f54770d-9597-43e5-bbf9-8b958de2a847: 48 datasets; 1.5 s; peak memory 1120 MiB.
2026-09-30T00:28:22Z INFO [291/369] 1f5553fd-49f0-400f-889d-b8052990cb35: 59 datasets; 1.8 s; peak memory 1120 MiB.
2026-09-30T00:28:24Z INFO [292/369] 1f56a434-0f93-4a48-9305-a78cbadaaae5: 117 datasets; 1.7 s; peak memory 1120 MiB.
2026-09-30T00:28:25Z INFO [293/369] 1f5734fa-1d0d-47fa-95bf-6eba8edfff04: 48 datasets; 1.4 s; peak memory 1120 MiB.
2026-09-30T00:28:26Z INFO [294/369] 1f57c573-74f8-4638-94cd-73ef732cccd1: 48 datasets; 1.5 s; peak memory 1120 MiB.
2026-09-30T00:28:28Z INFO [295/369] 1f583c90-1f10-43ab-89a7-488fbdb001ed: 70 datasets; 2.0 s; peak memory 1120 MiB.
2026-09-30T00:28:30Z INFO [296/369] 1f584ffa-944f-4502-969a-55d405a5f500: 116 datasets; 1.8 s; peak memory 1120 MiB.
2026-09-30T00:28:42Z INFO [297/369] 1f599304-26f3-4bc9-b35f-61671519f7f9: 49 datasets; 12.2 s; peak memory 1120 MiB.
2026-09-30T00:28:44Z INFO [298/369] 1f5a163f-ed00-4a37-8398-20c3a0a114a2: 48 datasets; 1.6 s; peak memory 1120 MiB.
2026-09-30T00:28:45Z INFO [299/369] 1f5a2855-9179-46d0-8349-bf787653b7e5: 48 datasets; 1.4 s; peak memory 1120 MiB.
2026-09-30T00:28:48Z INFO [300/369] 1f5c03f8-ac4c-4b77-9db3-6a92d21de5dc: 118 datasets; 3.1 s; peak memory 1120 MiB.
2026-09-30T00:28:49Z INFO [300/369] 1f5c03f8-ac4c-4b77-9db3-6a92d21de5dc: checkpointed 62030 records.
2026-09-30T00:28:51Z INFO [301/369] 1f5c1db1-c47b-4352-b68f-7d452dc54d1d: 112 datasets; 2.3 s; peak memory 1120 MiB.
2026-09-30T00:28:52Z INFO [302/369] 1f5c2f95-0f6d-4167-bb95-2d9d1e6691c3: 48 datasets; 1.4 s; peak memory 1120 MiB.
2026-09-30T00:28:56Z INFO [303/369] 1f5cbc51-070c-4233-9e74-bcad4a4bd055: 115 datasets; 3.5 s; peak memory 1120 MiB.
2026-09-30T00:31:50Z INFO [304/369] 1f5d790d-d502-40e1-8879-6e90dbd36010: 414 datasets; 173.9 s; peak memory 1120 MiB.
2026-09-30T00:31:53Z INFO [305/369] 1f5f4374-a8f6-46b2-9e78-544c9d43db27: 115 datasets; 3.7 s; peak memory 1120 MiB.
2026-09-30T00:32:02Z INFO [306/369] 1f5f7e16-3481-42b0-bae4-816fcc28230f: 538 datasets; 8.6 s; peak memory 1120 MiB.
2026-09-30T00:32:04Z INFO [307/369] 1f60591a-28ec-4ee2-a454-3861003dfca4: 112 datasets; 2.1 s; peak memory 1120 MiB.
2026-09-30T00:32:06Z INFO [308/369] 1f606881-fa83-41c7-8599-2e0a91eae510: 112 datasets; 2.0 s; peak memory 1120 MiB.
2026-09-30T00:32:09Z INFO [309/369] 1f619fb8-28dc-46af-ba8e-5b81f78877d8: 116 datasets; 3.5 s; peak memory 1120 MiB.
2026-09-30T00:32:11Z INFO [310/369] 1f61ec51-e311-477b-85e2-9ebb230432fd: 110 datasets; 2.0 s; peak memory 1120 MiB.
2026-09-30T00:32:13Z INFO [311/369] 1f62fff7-b5ed-45cb-8d62-c29677c118fd: 38 datasets; 1.4 s; peak memory 1120 MiB.
2026-09-30T00:32:14Z INFO [312/369] 1f63299a-313e-4ab2-a3ca-c76297928dc7: 48 datasets; 1.4 s; peak memory 1120 MiB.
2026-09-30T00:32:16Z INFO [313/369] 1f635be5-c43f-4dbc-bbd0-6abf89edba3f: 118 datasets; 1.7 s; peak memory 1120 MiB.
2026-09-30T00:32:25Z INFO [314/369] 1f639c97-8e84-45ba-b266-49a6d0e87e3c: 815 datasets; 9.1 s; peak memory 1120 MiB.
2026-09-30T00:32:27Z INFO [315/369] 1f63e554-1934-41ba-aa26-90b00646aa3d: 48 datasets; 1.5 s; peak memory 1120 MiB.
2026-09-30T00:32:28Z INFO [316/369] 1f63ee61-f43f-4166-9992-4ef1a0fe2a1c: 58 datasets; 1.2 s; peak memory 1120 MiB.
2026-09-30T00:32:29Z INFO [317/369] 1f64388d-2ec8-4b02-8d1d-11c1e884c6d1: 114 datasets; 1.6 s; peak memory 1120 MiB.
2026-09-30T00:32:31Z INFO [318/369] 1f651c4f-02f0-465c-9ac6-4da948f779e9: 72 datasets; 1.7 s; peak memory 1120 MiB.
2026-09-30T00:32:33Z INFO [319/369] 1f65ac95-76d1-4dd4-817b-8a9739d1a7b2: 62 datasets; 2.0 s; peak memory 1120 MiB.
2026-09-30T00:32:35Z INFO [320/369] 1f668b0a-a9bd-48e6-958a-f01dbedbf1dd: 48 datasets; 1.5 s; peak memory 1120 MiB.
2026-09-30T00:32:59Z INFO [321/369] 1f67331d-cbdb-4104-be24-5415ff77c07d: 522 datasets; 24.7 s; peak memory 1120 MiB.
2026-09-30T00:33:01Z INFO [322/369] 1f6753c4-2bab-42a2-ab90-a7ec9ab3669f: 48 datasets; 1.5 s; peak memory 1120 MiB.
2026-09-30T00:33:03Z INFO [323/369] 1f6759bf-3252-4e48-9f73-0d2afaa57d93: 112 datasets; 2.0 s; peak memory 1120 MiB.
2026-09-30T00:33:04Z INFO [324/369] 1f67c0de-d008-4b35-9971-2869a55c980b: 41 datasets; 1.3 s; peak memory 1120 MiB.
2026-09-30T00:33:05Z INFO [325/369] 1f689d5d-c688-4099-9f12-d1df86a17156: 48 datasets; 1.4 s; peak memory 1120 MiB.
2026-09-30T00:33:07Z INFO [326/369] 1f692ba5-8559-4ef8-9a17-824b12d29adf: 112 datasets; 1.8 s; peak memory 1120 MiB.
2026-09-30T00:33:08Z INFO [327/369] 1f69c93a-09d2-4003-b7dc-2043bf2aa621: 46 datasets; 1.3 s; peak memory 1120 MiB.
2026-09-30T00:33:12Z INFO [328/369] 1f69e538-cf79-44e6-9d34-3e70148741e7: 156 datasets; 3.5 s; peak memory 1120 MiB.
2026-09-30T00:33:26Z INFO [329/369] 1f6afbe5-067f-4256-9aaa-e70ed4eb787d: 931 datasets; 13.9 s; peak memory 1120 MiB.
2026-09-30T00:33:28Z INFO [330/369] 1f6ba77f-321d-4724-9393-7eb1418f366d: 112 datasets; 2.3 s; peak memory 1120 MiB.
2026-09-30T00:33:30Z INFO [331/369] 1f6bd30e-1f77-4d2a-9abe-ddd6837c01cd: 48 datasets; 1.5 s; peak memory 1120 MiB.
2026-09-30T00:33:32Z INFO [332/369] 1f6beca6-2e5a-42f1-9a28-5b7d0cd13411: 112 datasets; 2.0 s; peak memory 1120 MiB.
2026-09-30T00:33:35Z INFO [333/369] 1f6cbfa2-fc3d-4dbc-a588-144fdce40f16: 115 datasets; 3.5 s; peak memory 1120 MiB.
2026-09-30T00:33:37Z INFO [334/369] 1f6cca85-4bff-4a77-93e7-e586fd729804: 48 datasets; 1.4 s; peak memory 1120 MiB.
2026-09-30T00:33:38Z INFO [335/369] 1f6decd0-9770-4f45-9521-4e760f5d6d51: 117 datasets; 1.6 s; peak memory 1120 MiB.
2026-09-30T00:33:56Z INFO [336/369] 1f6e524b-9a63-4e97-9e75-9455a5fd080a: 38 datasets; 17.6 s; peak memory 1120 MiB.
2026-09-30T00:33:58Z INFO [337/369] 1f6f0d5c-f480-4841-b79c-62817984071b: 117 datasets; 1.7 s; peak memory 1120 MiB.
2026-09-30T00:33:59Z INFO [338/369] 1f6f9e9d-5013-49a3-98f6-eed3e7e1ca87: 48 datasets; 1.4 s; peak memory 1120 MiB.
2026-09-30T00:34:01Z INFO [339/369] 1f704334-f256-4db3-8a85-8e162d5977bc: 68 datasets; 1.7 s; peak memory 1120 MiB.
2026-09-30T00:34:08Z INFO [340/369] 1f7077f2-1347-47a4-8b14-f6c7c45a688f: 231 datasets; 6.9 s; peak memory 1120 MiB.
2026-09-30T00:34:32Z INFO [341/369] 1f714c28-4e24-4d7e-ab87-9f7c68172e07: 49 datasets; 24.8 s; peak memory 1120 MiB.
2026-09-30T00:35:12Z INFO [342/369] 1f71d161-9945-4792-91af-1a9088062c8e: 55 datasets; 39.8 s; peak memory 1120 MiB.
2026-09-30T00:35:13Z INFO [343/369] 1f72cb9e-786e-46d7-85e1-bf36c7a16cc9: 48 datasets; 1.3 s; peak memory 1120 MiB.
2026-09-30T00:35:24Z INFO [344/369] 1f74027b-d208-45aa-846c-c73dd60476a7: 49 datasets; 10.4 s; peak memory 1120 MiB.
2026-09-30T00:35:25Z INFO [345/369] 1f753061-5fbd-4d6e-9064-d5a17d87680f: 48 datasets; 1.5 s; peak memory 1120 MiB.
2026-09-30T00:35:28Z INFO [346/369] 1f76cb93-76fe-4214-a680-16f521db016c: 71 datasets; 2.6 s; peak memory 1120 MiB.
2026-09-30T00:35:31Z INFO [347/369] 1f770ea1-c7fb-4285-8f79-a27f9d39c24b: 115 datasets; 3.2 s; peak memory 1120 MiB.
2026-09-30T00:35:33Z INFO [348/369] 1f773003-2328-4d66-a1c9-649da44415a1: 66 datasets; 2.3 s; peak memory 1120 MiB.
2026-09-30T00:35:49Z INFO [349/369] 1f78152c-caf3-44e7-96ee-cb5163202c21: 44 datasets; 15.4 s; peak memory 1120 MiB.
2026-09-30T00:35:50Z INFO [350/369] 1f78ac46-9520-4bf3-9e0d-18edbe8a243b: 48 datasets; 1.5 s; peak memory 1120 MiB.
2026-09-30T00:35:51Z INFO [350/369] 1f78ac46-9520-4bf3-9e0d-18edbe8a243b: checkpointed 62080 records.
2026-09-30T00:35:52Z INFO [351/369] 1f78ebc0-a3e2-49cc-b968-a9a9cefe02ac: 37 datasets; 1.2 s; peak memory 1120 MiB.
2026-09-30T00:35:54Z INFO [352/369] 1f790271-e965-4ba7-a3fd-3856401c9d0b: 66 datasets; 2.8 s; peak memory 1120 MiB.
2026-09-30T00:38:07Z INFO [353/369] 1f791075-0206-49b9-8694-5bfbcd1c63ca: 5606 datasets; 132.4 s; peak memory 1120 MiB.
2026-09-30T00:38:12Z INFO [354/369] 1f7931ba-71b1-48ad-b3f3-09ca2257d9a4: 301 datasets; 4.7 s; peak memory 1120 MiB.
2026-09-30T00:38:13Z INFO [355/369] 1f797891-83c4-414a-b375-60a60e693743: 117 datasets; 1.7 s; peak memory 1120 MiB.
2026-09-30T00:38:15Z INFO [356/369] 1f79bccb-5f93-4dbe-a556-5e3c41e73f8b: 116 datasets; 1.9 s; peak memory 1120 MiB.
2026-09-30T00:38:18Z INFO [357/369] 1f7a6232-10c8-4696-a047-2c83fca793d9: 71 datasets; 2.4 s; peak memory 1120 MiB.
2026-09-30T00:38:19Z INFO [358/369] 1f7b94af-5430-43d8-b63e-37d434e2ce0d: 42 datasets; 1.4 s; peak memory 1120 MiB.
2026-09-30T00:38:21Z INFO [359/369] 1f7c661d-0adb-45f6-909f-51998573c503: 69 datasets; 2.3 s; peak memory 1120 MiB.
2026-09-30T00:38:23Z INFO [360/369] 1f7cd265-33bf-4a86-81a6-451990548eab: 48 datasets; 1.5 s; peak memory 1120 MiB.
2026-09-30T00:38:25Z INFO [361/369] 1f7d661b-dd80-474c-bae1-be3046bc7bc7: 118 datasets; 2.0 s; peak memory 1120 MiB.
2026-09-30T00:38:28Z INFO [362/369] 1f7e6055-dfca-437f-b08d-42d579a44dea: 168 datasets; 3.3 s; peak memory 1120 MiB.
2026-09-30T00:38:33Z INFO [363/369] 1f7ee3e0-9a8e-49e2-890d-78e2501aa2b0: 343 datasets; 4.7 s; peak memory 1120 MiB.
2026-09-30T00:38:36Z INFO [364/369] 1f7f286a-ca82-4197-b9fb-8cce0f6b9d8f: 38 datasets; 3.3 s; peak memory 1120 MiB.
2026-09-30T00:38:38Z INFO [365/369] 1f7f4ba2-5866-458d-b18b-cda44b768be5: 117 datasets; 1.7 s; peak memory 1120 MiB.
2026-09-30T00:38:39Z INFO [366/369] 1f7ffae3-be35-4779-a0dc-cfbefe29bad7: 52 datasets; 1.6 s; peak memory 1120 MiB.
2026-09-30T00:38:41Z INFO [367/369] 1f801bea-d477-4938-9615-e68be1646ca6: 46 datasets; 1.1 s; peak memory 1120 MiB.
2026-09-30T00:38:44Z INFO [368/369] 1f810078-ac45-4736-8817-3dc19b73d537: 204 datasets; 3.0 s; peak memory 1120 MiB.
2026-09-30T00:38:52Z INFO [369/369] 94e54413-a85a-4639-a68b-9d07f180d6bc: 79 datasets; 8.2 s; peak memory 1120 MiB.
2026-09-30T00:38:52Z INFO Wrote 62099 records to /tmp/derivatives/valid_nwb_file_to_number_of_datasets.jsonl (369 new, 0 failed) in 63.1 min (peak memory 1120 MiB).
