2026-10-10T13:34:33Z INFO Logging to /tmp/logs/update_2026-10-10T13-34-33Z.log.
2026-10-10T13:34:33Z INFO Update valid-nwb-file-to-number-of-datasets (base directory /tmp).
2026-10-10T13:34:34Z INFO Processing 750 items (117585 already recorded).
2026-10-10T13:34:37Z INFO [1/750] 9255be0e-906b-4ef6-97d4-d996a3edfdfe: 156 datasets; 2.8 s; peak memory 124 MiB.
2026-10-10T13:34:38Z INFO [2/750] 92566267-5755-45f9-9411-7a15ad0e5c90: 118 datasets; 1.3 s; peak memory 125 MiB.
2026-10-10T13:34:39Z INFO [3/750] 925668ce-b00f-4e0f-8286-5bd7cb1857d6: 112 datasets; 1.3 s; peak memory 126 MiB.
2026-10-10T13:34:40Z INFO [4/750] 925680f4-ed36-446a-8f65-ec9201f5d5ba: 117 datasets; 1.0 s; peak memory 127 MiB.
2026-10-10T13:34:41Z INFO [5/750] 9256e2d0-5d56-45c2-a1d3-de9dd165b62f: 112 datasets; 1.2 s; peak memory 127 MiB.
2026-10-10T13:34:50Z INFO [6/750] 9256e86f-2159-47d3-8370-06a20660ba16: 765 datasets; 9.0 s; peak memory 162 MiB.
2026-10-10T13:34:54Z INFO [7/750] 92574057-8cfb-4251-960c-2df07996441c: 159 datasets; 3.5 s; peak memory 162 MiB.
2026-10-10T13:34:55Z INFO [8/750] 92585f97-f04d-41f9-9150-b1e260500234: 62 datasets; 1.1 s; peak memory 162 MiB.
2026-10-10T13:34:56Z INFO [9/750] 925871dc-6434-4491-b824-649bc3ae0cae: 112 datasets; 1.1 s; peak memory 162 MiB.
2026-10-10T13:34:57Z INFO [10/750] 9258a022-d6a2-49ce-b5e2-68a1129fb237: 67 datasets; 1.2 s; peak memory 162 MiB.
2026-10-10T13:34:58Z INFO [11/750] 9258d4d2-dfd7-468b-b9d6-a3acc5c1b220: 55 datasets; 0.8 s; peak memory 162 MiB.
2026-10-10T13:34:59Z INFO [12/750] 9259050e-8a55-4165-bcdb-8facb6040c43: 46 datasets; 0.7 s; peak memory 162 MiB.
2026-10-10T13:35:07Z INFO [13/750] 9259264b-93fd-4d14-ab1d-2493ea7cb3f5: 837 datasets; 8.6 s; peak memory 164 MiB.
2026-10-10T13:35:10Z INFO [14/750] 92594352-67bd-4745-87b6-3f0402c65116: 283 datasets; 3.0 s; peak memory 164 MiB.
2026-10-10T13:35:16Z INFO [15/750] 92594abf-5a6e-4598-a7ff-f6e5e6aa397c: 891 datasets; 5.3 s; peak memory 164 MiB.
2026-10-10T13:35:17Z INFO [16/750] 92597b1b-5d83-41d9-8246-c765d83ce873: 112 datasets; 0.9 s; peak memory 164 MiB.
2026-10-10T13:35:17Z INFO [17/750] 925a63c9-8d87-441b-ac01-0d714aa45a9a: 52 datasets; 0.9 s; peak memory 164 MiB.
2026-10-10T13:39:37Z INFO [18/750] 925a8c37-1afb-4bb1-a8af-81793577d851: 173 datasets; 259.4 s; peak memory 473 MiB.
2026-10-10T13:39:39Z INFO [19/750] 925ac335-6551-477e-97f5-315c66316b0f: 115 datasets; 2.0 s; peak memory 473 MiB.
2026-10-10T13:39:40Z INFO [20/750] 925c229e-b766-4907-9c47-f9bda412f87d: 48 datasets; 0.8 s; peak memory 473 MiB.
2026-10-10T13:39:41Z INFO [21/750] 925cee6c-96cc-4a6b-91ad-370977608520: 48 datasets; 0.9 s; peak memory 473 MiB.
2026-10-10T13:39:42Z INFO [22/750] 925d18c5-4821-420b-a41c-529b62911614: 48 datasets; 1.0 s; peak memory 473 MiB.
2026-10-10T13:39:43Z INFO [23/750] 925dc32a-0a2e-45d6-a8a7-8392e967a36f: 51 datasets; 1.1 s; peak memory 473 MiB.
2026-10-10T13:39:43Z INFO [24/750] 925f1981-342b-4756-b31b-73a3d98f69fd: 46 datasets; 0.8 s; peak memory 473 MiB.
2026-10-10T13:39:44Z INFO [25/750] 925f1eb7-f736-435b-9fed-7028eb9f02e1: 112 datasets; 0.9 s; peak memory 473 MiB.
2026-10-10T13:39:48Z INFO [26/750] 925fc20e-6404-414f-9ca9-07a05ee1ad56: 469 datasets; 3.9 s; peak memory 473 MiB.
2026-10-10T13:39:50Z INFO [27/750] 9260de01-0cf3-4598-b810-be7f0331a602: 159 datasets; 2.3 s; peak memory 473 MiB.
2026-10-10T13:39:52Z INFO [28/750] 92619c2e-38c5-45b0-a5ba-c18b3e7dc611: 66 datasets; 1.2 s; peak memory 473 MiB.
2026-10-10T13:39:53Z INFO [29/750] 9261b3f6-e2de-41b7-b55e-7120875f1a48: 53 datasets; 1.3 s; peak memory 473 MiB.
2026-10-10T13:39:54Z INFO [30/750] 9262507b-a5d9-4919-a73a-b6acdc0cad41: 48 datasets; 0.7 s; peak memory 473 MiB.
2026-10-10T13:39:55Z INFO [31/750] 92625319-a3b0-4730-b6af-a3e80fc89d1e: 48 datasets; 0.9 s; peak memory 473 MiB.
2026-10-10T13:39:56Z INFO [32/750] 92628aed-7d56-4d31-8800-665fa1c3a826: 118 datasets; 1.0 s; peak memory 473 MiB.
2026-10-10T13:39:59Z INFO [33/750] 9263238b-6d8d-455e-b2d5-c90a478bb47b: 242 datasets; 3.5 s; peak memory 473 MiB.
2026-10-10T13:40:00Z INFO [34/750] 92632ba4-df36-4987-84ba-c9211df05974: 48 datasets; 0.7 s; peak memory 473 MiB.
2026-10-10T13:40:01Z INFO [35/750] 92633f49-09d0-442e-b601-2630b5364249: 103 datasets; 1.4 s; peak memory 473 MiB.
2026-10-10T13:40:10Z INFO [36/750] 9263b8fd-992e-426c-94ca-426a777de427: 278 datasets; 8.6 s; peak memory 473 MiB.
2026-10-10T13:40:12Z INFO [37/750] 9263d2b9-0587-4db2-85a6-20b6e4757727: 156 datasets; 2.2 s; peak memory 473 MiB.
2026-10-10T13:40:17Z INFO [38/750] 92642228-909f-4e13-b167-26bb39e7642c: 538 datasets; 4.5 s; peak memory 473 MiB.
2026-10-10T13:40:18Z INFO [39/750] 92644e64-cd3a-45e1-87de-7f16bff686a1: 93 datasets; 1.4 s; peak memory 473 MiB.
2026-10-10T13:43:22Z INFO [40/750] 92646fb9-8af9-4e26-8e15-2a6a7d8d9f03: 436 datasets; 183.8 s; peak memory 473 MiB.
2026-10-10T13:43:29Z INFO [41/750] 9264726b-9116-424f-bc74-389f11744136: 689 datasets; 6.8 s; peak memory 473 MiB.
2026-10-10T13:43:30Z INFO [42/750] 9264a100-d0e6-4053-a516-e69da97f7c86: 117 datasets; 1.0 s; peak memory 473 MiB.
2026-10-10T13:43:31Z INFO [43/750] 92662378-8084-43b6-8ea1-5ee8c32a919e: 119 datasets; 1.8 s; peak memory 473 MiB.
2026-10-10T13:43:32Z INFO [44/750] 9267bf2f-3622-46e9-937b-6028c5c34dbe: 48 datasets; 0.9 s; peak memory 473 MiB.
2026-10-10T13:44:33Z INFO [45/750] 9269a4a4-b5a9-4f27-9f64-b1a6a016f401: 95 datasets; 60.4 s; peak memory 473 MiB.
2026-10-10T13:44:34Z INFO [46/750] 926c57a1-4a9f-4564-b645-afc55a04f101: 117 datasets; 1.1 s; peak memory 473 MiB.
2026-10-10T13:44:35Z INFO [47/750] 926c5e7d-06f0-48f1-951c-7261b9038e57: 52 datasets; 0.7 s; peak memory 473 MiB.
2026-10-10T13:44:39Z INFO [48/750] 926cb197-1ad6-4af2-9e98-8325df864e0b: 238 datasets; 4.1 s; peak memory 473 MiB.
2026-10-10T13:44:40Z INFO [49/750] 926cddb8-589b-4509-985d-b3cd35874860: 116 datasets; 1.0 s; peak memory 473 MiB.
2026-10-10T13:44:40Z INFO [50/750] 926ce7aa-7419-4bfa-8391-29061f50e267: 42 datasets; 0.8 s; peak memory 473 MiB.
2026-10-10T13:44:41Z INFO [50/750] 926ce7aa-7419-4bfa-8391-29061f50e267: checkpointed 117635 new records.
2026-10-10T13:44:42Z INFO [51/750] 926d7a04-474e-45ca-8ed9-c7d5ad02e475: 66 datasets; 1.2 s; peak memory 473 MiB.
2026-10-10T13:44:43Z INFO [52/750] 926e5781-68dd-492c-a1c6-55d66fdc1477: 77 datasets; 1.0 s; peak memory 473 MiB.
2026-10-10T13:44:43Z INFO [53/750] 926ea7d6-1b2c-489c-8f6a-2e49c744e1d1: 83 datasets; 0.7 s; peak memory 473 MiB.
2026-10-10T13:44:44Z INFO [54/750] 926efb88-d59c-4cfa-b5d4-e116c87c68f1: 48 datasets; 0.9 s; peak memory 473 MiB.
2026-10-10T13:44:45Z INFO [55/750] 926fda48-b466-4eb8-a37b-8ad715927adc: 48 datasets; 0.7 s; peak memory 473 MiB.
2026-10-10T13:44:46Z INFO [56/750] 92701cfc-02f4-4946-9e84-ae8d98a2cf48: 189 datasets; 1.4 s; peak memory 473 MiB.
2026-10-10T13:44:47Z INFO [57/750] 92707328-84b9-4acc-84a6-1222e758f011: 118 datasets; 0.9 s; peak memory 473 MiB.
2026-10-10T13:44:48Z INFO [58/750] 9270b6a7-5de7-45cf-ac6d-048ed6c43425: 46 datasets; 0.5 s; peak memory 473 MiB.
2026-10-10T13:44:49Z INFO [59/750] 92710f39-3e41-40e3-8866-1926622e8757: 52 datasets; 0.7 s; peak memory 473 MiB.
2026-10-10T13:44:50Z INFO [60/750] 92715be4-f3a0-4aeb-a9fc-7d70f173c42f: 62 datasets; 1.0 s; peak memory 473 MiB.
2026-10-10T13:45:06Z INFO [61/750] 92718a2a-92dd-4aed-92aa-8294f16f1c80: 2420 datasets; 16.3 s; peak memory 473 MiB.
2026-10-10T13:45:07Z INFO [62/750] 92719538-2024-46da-89e8-9060200e83b5: 116 datasets; 1.1 s; peak memory 473 MiB.
2026-10-10T13:45:08Z INFO [63/750] 927198d6-8cb4-48d1-9ced-50454bbe4fcb: 46 datasets; 0.5 s; peak memory 473 MiB.
2026-10-10T13:45:09Z INFO [64/750] 9271a5e4-be8d-4e13-bb79-50a626014f5c: 64 datasets; 1.3 s; peak memory 473 MiB.
2026-10-10T13:45:10Z INFO [65/750] 927206e2-005d-4a0c-a5ef-aa1dac22d8f2: 66 datasets; 1.1 s; peak memory 473 MiB.
2026-10-10T13:45:11Z INFO [66/750] 9272644b-4407-4582-821a-37778e92effb: 48 datasets; 0.7 s; peak memory 473 MiB.
2026-10-10T13:45:13Z INFO [67/750] 9273892a-4c3e-4e1d-b33b-f15d0987d502: 115 datasets; 2.0 s; peak memory 473 MiB.
2026-10-10T13:45:14Z INFO [68/750] 9273ec6e-856f-4a8a-be0e-95ddac4a65a2: 52 datasets; 1.0 s; peak memory 473 MiB.
2026-10-10T13:45:15Z INFO [69/750] 92745e32-fe41-4a16-9169-19b59e9fb555: 71 datasets; 1.5 s; peak memory 473 MiB.
2026-10-10T13:45:18Z INFO [70/750] 9274a8e7-8b36-4124-9142-41a2a283d3d8: 48 datasets; 2.5 s; peak memory 473 MiB.
2026-10-10T13:45:18Z INFO [71/750] 9274d585-46be-4ab7-b52c-cef80aea8a24: 77 datasets; 0.8 s; peak memory 473 MiB.
2026-10-10T13:45:19Z INFO [72/750] 9275722d-9b35-4352-9ba0-aeb64a6cfd61: 112 datasets; 1.1 s; peak memory 473 MiB.
2026-10-10T13:45:20Z INFO [73/750] 9275a7ac-ff74-42c9-bde6-74ff2f5c0477: 48 datasets; 0.8 s; peak memory 473 MiB.
2026-10-10T13:45:21Z INFO [74/750] 9276c1d7-eb71-4b46-86be-571ae9d6ceae: 110 datasets; 1.1 s; peak memory 473 MiB.
2026-10-10T13:45:34Z INFO [75/750] 9277cf6c-fc0e-434f-8bbc-e88afe169e4d: 1719 datasets; 12.7 s; peak memory 473 MiB.
2026-10-10T13:45:35Z INFO [76/750] 927837a7-e44f-4fba-afc2-fc68e454825c: 48 datasets; 0.7 s; peak memory 473 MiB.
2026-10-10T13:45:36Z INFO [77/750] 92783d29-d4dd-40d2-b0ed-1f1a396cc648: 48 datasets; 1.0 s; peak memory 473 MiB.
2026-10-10T13:45:37Z INFO [78/750] 927a0d05-4c2d-4d57-a89a-fc76bc2a3bed: 110 datasets; 0.8 s; peak memory 473 MiB.
2026-10-10T13:45:38Z INFO [79/750] 927ab2b2-c6f0-4366-a8d0-5ba77a24a389: 118 datasets; 1.1 s; peak memory 473 MiB.
2026-10-10T13:45:38Z INFO [80/750] 927b8e29-7397-4dda-b3ca-be6ae61d7387: 45 datasets; 0.6 s; peak memory 473 MiB.
2026-10-10T13:45:41Z INFO [81/750] 927db7df-6d9a-411b-99cf-8ed589dd57bf: 153 datasets; 2.3 s; peak memory 473 MiB.
2026-10-10T13:45:41Z INFO [82/750] 927e3a36-29f7-4a30-b13b-272032acf68d: 116 datasets; 0.7 s; peak memory 473 MiB.
2026-10-10T13:45:43Z INFO [83/750] 927ed7ba-81ee-4e97-af25-714253a5c225: 112 datasets; 1.4 s; peak memory 473 MiB.
2026-10-10T13:45:44Z INFO [84/750] 927ee612-1051-4b2e-8fd3-702eb1695c05: 69 datasets; 1.0 s; peak memory 473 MiB.
2026-10-10T13:45:45Z INFO [85/750] 92803342-c230-47fe-b79d-d3c429502186: 71 datasets; 1.5 s; peak memory 473 MiB.
2026-10-10T13:45:46Z INFO [86/750] 92806f98-935b-4b02-82a1-824074af8e6c: 52 datasets; 1.0 s; peak memory 473 MiB.
2026-10-10T13:46:03Z INFO [87/750] 9280a6aa-d563-42fe-bd84-4867b1dcecb4: 48 datasets; 16.7 s; peak memory 473 MiB.
2026-10-10T13:46:04Z INFO [88/750] 9280f9b5-3429-494d-8b2f-e546a23119a6: 35 datasets; 0.7 s; peak memory 473 MiB.
2026-10-10T13:46:05Z INFO [89/750] 9281305e-4576-4e11-9a93-74e9b4c49835: 90 datasets; 1.5 s; peak memory 473 MiB.
2026-10-10T13:46:16Z INFO [90/750] 92826351-f922-442a-ae88-350c4905907c: 908 datasets; 11.3 s; peak memory 473 MiB.
2026-10-10T13:46:18Z INFO [91/750] 92836c8c-4bb9-4f68-a0ac-0f0c0f7de983: 51 datasets; 1.1 s; peak memory 473 MiB.
2026-10-10T13:46:18Z INFO [92/750] 9283ba8e-a09c-45d4-9d77-6a3e9a8fb353: 48 datasets; 0.8 s; peak memory 473 MiB.
2026-10-10T13:46:19Z INFO [93/750] 92842f8c-bfc4-4306-ad68-de6215e4ecaf: 37 datasets; 0.6 s; peak memory 473 MiB.
2026-10-10T13:46:25Z INFO [94/750] 9284aa15-e729-46f1-b456-7981314d299e: 44 datasets; 6.4 s; peak memory 473 MiB.
2026-10-10T13:46:26Z INFO [95/750] 92851b65-7669-46ad-b1f8-02c8024d99e6: 117 datasets; 1.0 s; peak memory 473 MiB.
2026-10-10T13:46:28Z INFO [96/750] 92852137-1ee4-4f5b-b9a2-0f2aa9d4a84a: 112 datasets; 1.3 s; peak memory 473 MiB.
2026-10-10T13:46:29Z INFO [97/750] 92854734-85aa-42af-ac09-f18683a152b8: 131 datasets; 1.4 s; peak memory 473 MiB.
2026-10-10T13:46:30Z INFO [98/750] 9285ae5a-19da-4c94-9677-9d34728022ca: 117 datasets; 0.9 s; peak memory 473 MiB.
2026-10-10T13:46:32Z INFO [99/750] 92873917-d999-4e9f-a4cf-60bbdffeb59d: 80 datasets; 2.0 s; peak memory 473 MiB.
2026-10-10T13:46:34Z INFO [100/750] 9287c7e4-90e8-4287-9b4c-b185ef04fa2e: 115 datasets; 2.1 s; peak memory 473 MiB.
2026-10-10T13:46:34Z INFO [100/750] 9287c7e4-90e8-4287-9b4c-b185ef04fa2e: checkpointed 117685 new records.
2026-10-10T13:46:42Z INFO [101/750] 9287f4c3-b7db-4dd6-a37c-0304f7d4517f: 840 datasets; 7.5 s; peak memory 473 MiB.
2026-10-10T13:46:43Z INFO [102/750] 92888bb1-e257-43dd-8573-babe2c560f0e: 112 datasets; 1.0 s; peak memory 473 MiB.
2026-10-10T13:46:44Z INFO [103/750] 9288e26e-578e-428f-8f94-08a2f5dafbc1: 48 datasets; 0.8 s; peak memory 473 MiB.
2026-10-10T13:46:45Z INFO [104/750] 9289a6f9-3746-43b2-a5d7-a1560572ec28: 48 datasets; 0.9 s; peak memory 473 MiB.
2026-10-10T13:46:45Z INFO [105/750] 928a3526-882b-4404-b5aa-3101395564f4: 48 datasets; 0.7 s; peak memory 473 MiB.
2026-10-10T13:46:53Z INFO [106/750] 928a5a5f-d622-4e7f-8bd6-d70be454470d: 634 datasets; 7.3 s; peak memory 473 MiB.
2026-10-10T13:46:54Z INFO [107/750] 928b8843-6e21-4003-b6b7-74eaca5b107f: 84 datasets; 1.3 s; peak memory 473 MiB.
2026-10-10T13:46:55Z INFO [108/750] 928c0429-a4f5-4eb7-aa40-638f570f4a66: 48 datasets; 0.9 s; peak memory 473 MiB.
2026-10-10T13:46:55Z INFO [109/750] 928c07c0-a158-428f-a7bd-1b4477a8466f: 46 datasets; 0.6 s; peak memory 473 MiB.
2026-10-10T13:46:57Z INFO [110/750] 928ddb7d-26b0-4814-ab73-589e796a8f7d: 62 datasets; 1.1 s; peak memory 473 MiB.
2026-10-10T13:46:57Z INFO [111/750] 928e043c-8802-458d-8440-9c28758298bd: 47 datasets; 0.8 s; peak memory 473 MiB.
2026-10-10T13:46:58Z INFO [112/750] 928ea42b-e27d-4dc6-816b-73932576c946: 51 datasets; 0.8 s; peak memory 473 MiB.
2026-10-10T13:46:59Z INFO [113/750] 928ed1a9-e278-4670-9472-9fbdb2d4a38f: 110 datasets; 0.9 s; peak memory 473 MiB.
2026-10-10T13:47:01Z INFO [114/750] 928ee0eb-2ff6-45d1-99a7-b0cf3b69fed2: 118 datasets; 2.3 s; peak memory 473 MiB.
2026-10-10T13:47:02Z INFO [115/750] 928f1019-c5f6-4672-abf4-e5e6d75a105e: 46 datasets; 0.8 s; peak memory 473 MiB.
2026-10-10T13:47:03Z INFO [116/750] 928f7734-44b0-4078-8942-5e79a2bb4d89: 52 datasets; 0.7 s; peak memory 473 MiB.
2026-10-10T13:47:04Z INFO [117/750] 9290e36c-fc74-4b60-a32e-09e2568d1dfc: 48 datasets; 0.8 s; peak memory 473 MiB.
2026-10-10T13:47:05Z INFO [118/750] 92915606-a672-49fd-8622-6eea1e404350: 51 datasets; 1.1 s; peak memory 473 MiB.
2026-10-10T13:47:06Z INFO [119/750] 92915bf5-e1da-41de-8e37-02deaa8b674a: 48 datasets; 0.9 s; peak memory 473 MiB.
2026-10-10T13:47:06Z INFO [120/750] 9291cac1-d83f-445d-bde9-b4d8ffda24e8: 46 datasets; 0.6 s; peak memory 473 MiB.
2026-10-10T13:47:07Z INFO [121/750] 9292299b-73d1-46f8-b750-c627e8068751: 66 datasets; 1.1 s; peak memory 473 MiB.
2026-10-10T13:47:08Z INFO [122/750] 92923354-4f61-4b4e-88c4-221267b0cce0: 117 datasets; 1.1 s; peak memory 473 MiB.
2026-10-10T13:47:09Z INFO [123/750] 9292b0d1-e67d-4d55-ad40-935f34e960af: 117 datasets; 0.9 s; peak memory 473 MiB.
2026-10-10T13:47:11Z INFO [124/750] 92930517-8423-4a0e-a90a-cf6527b4d2df: 124 datasets; 1.8 s; peak memory 473 MiB.
2026-10-10T13:47:15Z INFO [125/750] 9293eb17-fcea-4765-87e6-c0fb5557ec0f: 204 datasets; 3.8 s; peak memory 473 MiB.
2026-10-10T13:47:16Z INFO [126/750] 92943500-4313-4bbc-b45e-41a6f1218194: 112 datasets; 1.1 s; peak memory 473 MiB.
2026-10-10T13:47:17Z INFO [127/750] 9294a1e0-4f90-4a16-a48e-aff6aeae4710: 132 datasets; 1.0 s; peak memory 473 MiB.
2026-10-10T13:47:18Z INFO [128/750] 9294a99b-f24b-426d-9b4b-6861cd06e800: 50 datasets; 0.8 s; peak memory 473 MiB.
2026-10-10T13:47:19Z INFO [129/750] 92950c67-2224-41e2-99ac-7b015a563e82: 51 datasets; 1.0 s; peak memory 473 MiB.
2026-10-10T13:47:20Z INFO [130/750] 92966d2a-1047-44b0-8198-670c42b626d9: 45 datasets; 0.7 s; peak memory 473 MiB.
2026-10-10T13:47:20Z INFO [131/750] 9296b977-eb19-4a57-9f3c-b2bb1ba81e3a: 117 datasets; 0.9 s; peak memory 473 MiB.
2026-10-10T13:47:21Z INFO [132/750] 929828ad-ef67-497e-8324-522c547a4c6e: 117 datasets; 1.0 s; peak memory 473 MiB.
2026-10-10T13:47:22Z INFO [133/750] 929830b1-9346-4668-892e-fe2c4645e6b7: 117 datasets; 1.0 s; peak memory 473 MiB.
2026-10-10T13:47:23Z INFO [134/750] 9298d692-b7b7-46b3-b77d-729a8f4cfc17: 118 datasets; 0.9 s; peak memory 473 MiB.
2026-10-10T13:47:24Z INFO [135/750] 929a2c31-eeff-40fe-93ad-834da891a53d: 38 datasets; 0.7 s; peak memory 473 MiB.
2026-10-10T13:47:25Z INFO [136/750] 929a3783-c094-4b24-97cf-609d6d9b4832: 72 datasets; 1.1 s; peak memory 473 MiB.
2026-10-10T13:47:26Z INFO [137/750] 929b9783-534a-4dcd-8e7f-b6d8d7eedaca: 114 datasets; 0.9 s; peak memory 473 MiB.
2026-10-10T13:47:27Z INFO [138/750] 929ba6a8-54bb-4207-8ae8-94d87ea41756: 64 datasets; 1.3 s; peak memory 473 MiB.
2026-10-10T13:47:28Z INFO [139/750] 929c0b12-839c-41ef-a331-7e97a29cdbbf: 116 datasets; 1.0 s; peak memory 473 MiB.
2026-10-10T13:47:30Z INFO [140/750] 929c159e-89a3-459c-876e-fc6838453665: 70 datasets; 1.2 s; peak memory 473 MiB.
2026-10-10T13:47:30Z INFO [141/750] 929c4d17-3396-40a5-b49b-74247892cdce: 116 datasets; 0.7 s; peak memory 473 MiB.
2026-10-10T13:47:31Z INFO [142/750] 929d9594-b208-43b1-a551-d140a8733c0a: 48 datasets; 0.9 s; peak memory 473 MiB.
2026-10-10T13:47:32Z INFO [143/750] 929dab6f-0b2a-4f91-9b81-c81791c18659: 62 datasets; 1.2 s; peak memory 473 MiB.
2026-10-10T13:47:33Z INFO [144/750] 929e0546-a5a7-44b9-a839-2df6264b51ad: 121 datasets; 1.0 s; peak memory 473 MiB.
2026-10-10T13:47:40Z INFO [145/750] 929e2c25-5096-455d-beb8-c268b89ab7c7: 391 datasets; 7.2 s; peak memory 473 MiB.
2026-10-10T13:47:41Z INFO [146/750] 929e743c-bab3-4b66-906e-19663f9c388b: 46 datasets; 0.8 s; peak memory 473 MiB.
2026-10-10T13:47:42Z INFO [147/750] 929ee7cd-7973-4ed2-9624-8161918b4540: 48 datasets; 0.6 s; peak memory 473 MiB.
2026-10-10T13:47:50Z INFO [148/750] 92a02e5e-5b0d-4612-b4a1-de27a6bbb6c6: 748 datasets; 7.6 s; peak memory 473 MiB.
2026-10-10T13:47:57Z INFO [149/750] 92a1dc12-f83f-4e2e-90e0-b9d0e950cc93: 1171 datasets; 7.9 s; peak memory 473 MiB.
2026-10-10T13:47:58Z INFO [150/750] 92a3a31a-5170-4125-9915-7bc786d956b2: 48 datasets; 0.9 s; peak memory 473 MiB.
2026-10-10T13:47:58Z INFO [150/750] 92a3a31a-5170-4125-9915-7bc786d956b2: checkpointed 117735 new records.
2026-10-10T13:47:59Z INFO [151/750] 92a3c441-69c1-48b3-abe5-1757f2d9b0b3: 69 datasets; 0.9 s; peak memory 473 MiB.
2026-10-10T13:48:00Z INFO [152/750] 92a3e2d2-cd55-44f1-8be7-f1796884904e: 46 datasets; 0.6 s; peak memory 473 MiB.
2026-10-10T13:48:01Z INFO [153/750] 92a51fe1-c388-43d6-87dd-f76f9e341f43: 33 datasets; 0.9 s; peak memory 473 MiB.
2026-10-10T13:48:02Z INFO [154/750] 92a53904-99f4-4fc7-befe-de0069c3a726: 48 datasets; 0.9 s; peak memory 473 MiB.
2026-10-10T13:48:02Z INFO [155/750] 92a5462c-c88d-4544-86ee-961afea3cf64: 48 datasets; 0.7 s; peak memory 473 MiB.
2026-10-10T13:48:04Z INFO [156/750] 92a583eb-9154-43e7-9c68-fd9c65c34851: 148 datasets; 1.9 s; peak memory 473 MiB.
2026-10-10T13:48:05Z INFO [157/750] 92a5e10b-82be-4f2e-ab77-bdba83ee72fe: 117 datasets; 1.0 s; peak memory 473 MiB.
2026-10-10T13:48:08Z INFO [158/750] 92a69881-e5b8-4da6-9424-36e677ad8e9d: 110 datasets; 2.9 s; peak memory 473 MiB.
2026-10-10T13:48:09Z INFO [159/750] 92a6ec82-1514-4556-9b87-b0de280ad046: 56 datasets; 0.9 s; peak memory 473 MiB.
2026-10-10T13:48:14Z INFO [160/750] 92a73574-e4ac-41f3-b384-01cf6bdc1e36: 207 datasets; 4.7 s; peak memory 473 MiB.
2026-10-10T13:48:18Z INFO [161/750] 92a759b4-0537-48c8-bb57-c47323c7146f: 229 datasets; 4.2 s; peak memory 473 MiB.
2026-10-10T13:48:19Z INFO [162/750] 92a774ed-bf1e-4902-a28e-a6598ca4b465: 62 datasets; 1.2 s; peak memory 473 MiB.
2026-10-10T13:48:21Z INFO [163/750] 92a7944b-cf9a-48b5-8861-48bd0a4b8e6d: 71 datasets; 1.2 s; peak memory 473 MiB.
2026-10-10T13:48:21Z INFO [164/750] 92a87f9a-ddb0-4fb1-86f1-9b2b95b0ae7c: 48 datasets; 0.8 s; peak memory 473 MiB.
2026-10-10T13:48:22Z INFO [165/750] 92a984bd-3abd-43c6-a687-b34c7a28a01a: 48 datasets; 0.8 s; peak memory 473 MiB.
2026-10-10T13:48:23Z INFO [166/750] 92aa74c8-21ca-4c3b-9782-3b18b2cca8b9: 112 datasets; 1.2 s; peak memory 473 MiB.
2026-10-10T13:48:24Z INFO [167/750] 92aaab1c-a0ed-46c3-8c5c-37f7943cf337: 48 datasets; 0.8 s; peak memory 473 MiB.
2026-10-10T13:48:25Z INFO [168/750] 92ab5333-e519-4386-a729-a32d41f13df1: 52 datasets; 1.0 s; peak memory 473 MiB.
2026-10-10T13:50:01Z INFO [169/750] 92abc5fe-6f41-4672-ac24-f845cc500d52: 190 datasets; 96.4 s; peak memory 473 MiB.
2026-10-10T13:50:03Z INFO [170/750] 92ac754f-191c-4a93-85c3-8497aaf73bb6: 110 datasets; 1.1 s; peak memory 473 MiB.
2026-10-10T13:50:14Z INFO [171/750] 92ad2190-9e4a-4426-af46-b56ceacbc292: 1412 datasets; 11.8 s; peak memory 473 MiB.
2026-10-10T13:50:15Z INFO [172/750] 92ae1f44-898a-4055-a020-d69257f9488f: 117 datasets; 1.1 s; peak memory 473 MiB.
2026-10-10T13:50:16Z INFO [173/750] 92ae41c7-1a6e-4f80-9341-7012572c3e6a: 117 datasets; 0.9 s; peak memory 473 MiB.
2026-10-10T13:50:29Z INFO [174/750] 92ae7375-402d-4c5c-b647-d271d3daa609: 1453 datasets; 12.4 s; peak memory 473 MiB.
2026-10-10T13:50:30Z INFO [175/750] 92ae7a45-af89-414b-94e2-729cf2fe4475: 46 datasets; 0.8 s; peak memory 473 MiB.
2026-10-10T13:50:31Z INFO [176/750] 92b02c3e-7ada-4234-a187-ecaff3fd79b3: 118 datasets; 1.1 s; peak memory 473 MiB.
2026-10-10T13:50:32Z INFO [177/750] 92b03326-4ede-4514-95d2-6f36b0f561d8: 112 datasets; 0.9 s; peak memory 473 MiB.
2026-10-10T13:50:32Z INFO [178/750] 92b0dfed-71c6-481d-8949-468590fe3e58: 47 datasets; 0.6 s; peak memory 473 MiB.
2026-10-10T13:50:34Z INFO [179/750] 92b106a2-ab03-46ed-87ac-a82a344a460a: 153 datasets; 1.3 s; peak memory 473 MiB.
2026-10-10T13:50:34Z INFO [180/750] 92b19cf5-8df8-41ac-96a6-a12346dc5b55: 41 datasets; 0.8 s; peak memory 473 MiB.
2026-10-10T13:50:36Z INFO [181/750] 92b1bc52-f798-4154-9d87-2e71770374b4: 38 datasets; 1.2 s; peak memory 473 MiB.
2026-10-10T13:50:37Z INFO [182/750] 92b22d8f-4daf-4174-9033-190e9a59012a: 112 datasets; 1.0 s; peak memory 473 MiB.
2026-10-10T13:50:38Z INFO [183/750] 92b2a5a7-b0ae-4b79-bc94-37d4bfa1f8f4: 116 datasets; 1.0 s; peak memory 473 MiB.
2026-10-10T13:50:38Z INFO [184/750] 92b2ba56-d233-44dd-96cd-d22f17660dc6: 46 datasets; 0.7 s; peak memory 473 MiB.
2026-10-10T13:50:39Z INFO [185/750] 92b30a60-14e1-46f4-8071-8ed6233d7b4e: 101 datasets; 0.9 s; peak memory 473 MiB.
2026-10-10T13:50:40Z INFO [186/750] 92b39188-b1e0-40ed-b85e-9943675fc3e3: 48 datasets; 0.7 s; peak memory 473 MiB.
2026-10-10T13:50:41Z INFO [187/750] 92b46b72-b299-447f-8324-e733dc0b6cf5: 117 datasets; 0.9 s; peak memory 473 MiB.
2026-10-10T13:50:42Z INFO [188/750] 92b47c9e-5504-4eca-820f-9d2e498e1fe6: 117 datasets; 0.8 s; peak memory 473 MiB.
2026-10-10T13:50:43Z INFO [189/750] 92b5d059-8124-4e4d-9553-198d9bf832f7: 62 datasets; 1.3 s; peak memory 473 MiB.
2026-10-10T13:50:44Z INFO [190/750] 92b5ff46-2aa3-4ecb-b08b-d45d0697ac48: 49 datasets; 1.0 s; peak memory 473 MiB.
2026-10-10T13:50:46Z INFO [191/750] 92b6fe75-0f96-4dee-8f6e-737e53c82263: 38 datasets; 1.6 s; peak memory 473 MiB.
2026-10-10T13:50:55Z INFO [192/750] 92b70557-5490-4b41-a659-32d03c92c657: 867 datasets; 9.0 s; peak memory 473 MiB.
2026-10-10T13:50:55Z INFO [193/750] 92b71f6f-e9c3-4282-a15a-708b3fc682cf: 63 datasets; 0.8 s; peak memory 473 MiB.
2026-10-10T13:50:56Z INFO [194/750] 92b7fa40-2bee-4fb3-9cbe-2ee9d7d662ec: 48 datasets; 0.9 s; peak memory 473 MiB.
2026-10-10T13:50:57Z INFO [195/750] 92b85b27-47ba-4b7c-b066-92057501e462: 57 datasets; 0.7 s; peak memory 473 MiB.
2026-10-10T13:50:58Z INFO [196/750] 92b864a1-4fb8-427b-a358-6297eb9d34a2: 66 datasets; 1.1 s; peak memory 473 MiB.
2026-10-10T13:50:59Z INFO [197/750] 92b87c2a-0ec3-459d-b73d-28ad76ef564f: 121 datasets; 0.9 s; peak memory 473 MiB.
2026-10-10T13:51:08Z INFO [198/750] 92b900b3-4f75-4519-9795-bb8317207176: 1126 datasets; 8.9 s; peak memory 473 MiB.
2026-10-10T13:51:09Z INFO [199/750] 92b94164-945c-4cf0-8cfb-1d750cb3baeb: 117 datasets; 0.9 s; peak memory 473 MiB.
2026-10-10T13:51:10Z INFO [200/750] 92b98efd-2ee9-41c5-9d71-a3752d044c50: 50 datasets; 0.7 s; peak memory 473 MiB.
2026-10-10T13:51:10Z INFO [200/750] 92b98efd-2ee9-41c5-9d71-a3752d044c50: checkpointed 117785 new records.
2026-10-10T13:51:12Z INFO [201/750] 92b9a63e-bc16-406a-99fb-85604cc2a8af: 156 datasets; 1.9 s; peak memory 473 MiB.
2026-10-10T13:51:13Z INFO [202/750] 92b9af3d-4324-4515-b427-ac0615dd87a6: 51 datasets; 1.3 s; peak memory 473 MiB.
2026-10-10T13:51:14Z INFO [203/750] 92b9c92d-2a36-497f-8510-1613d7487248: 117 datasets; 1.1 s; peak memory 473 MiB.
2026-10-10T13:51:15Z INFO [204/750] 92baf78b-e5c1-4c1d-89ef-4c190f5351cf: 118 datasets; 1.1 s; peak memory 473 MiB.
2026-10-10T13:51:16Z INFO [205/750] 92bb6e42-30d9-4ee7-a152-2714af1292ba: 85 datasets; 0.9 s; peak memory 473 MiB.
2026-10-10T13:51:17Z INFO [206/750] 92bb7794-a2ec-4754-912d-4e3a9977f007: 112 datasets; 1.0 s; peak memory 473 MiB.
2026-10-10T13:51:19Z INFO [207/750] 92bb8d95-e292-4179-8640-f121e18c5e54: 115 datasets; 2.1 s; peak memory 473 MiB.
2026-10-10T13:51:20Z INFO [208/750] 92bc1064-71c1-417d-82ad-aa8a91e8245f: 48 datasets; 0.8 s; peak memory 473 MiB.
2026-10-10T13:51:21Z INFO [209/750] 92bc1409-10fb-4be9-93d8-455a495c80c1: 112 datasets; 1.0 s; peak memory 473 MiB.
2026-10-10T13:51:22Z INFO [210/750] 92bc424c-cefc-4306-aa7b-a73d05eab8f7: 81 datasets; 0.8 s; peak memory 473 MiB.
2026-10-10T13:51:23Z INFO [211/750] 92bcfc41-1ebf-4f6e-8224-697cb21cd5bb: 78 datasets; 1.4 s; peak memory 473 MiB.
2026-10-10T13:51:28Z INFO [212/750] 92bd007e-d8a4-4bcd-bd43-f0321cb3dc4c: 229 datasets; 4.8 s; peak memory 473 MiB.
2026-10-10T13:51:28Z INFO [213/750] 92bee4c9-5283-4ca8-9971-841f3ed203d6: 37 datasets; 0.6 s; peak memory 473 MiB.
2026-10-10T13:51:29Z INFO [214/750] 92bf5881-ebd0-498b-892a-bad41b9a66d8: 62 datasets; 1.1 s; peak memory 473 MiB.
2026-10-10T13:51:30Z INFO [215/750] 92bfc254-6920-4cc2-aef6-0c8642e209b5: 50 datasets; 0.6 s; peak memory 473 MiB.
2026-10-10T13:51:32Z INFO [216/750] 92c0e191-ff48-4da7-b869-e81671cf2cda: 114 datasets; 2.1 s; peak memory 473 MiB.
2026-10-10T13:51:33Z INFO [217/750] 92c18a92-3484-4748-afc1-65f6cc5b2b14: 39 datasets; 0.8 s; peak memory 473 MiB.
2026-10-10T13:51:34Z INFO [218/750] 92c23922-a0db-4d8b-8f92-446e8e104b84: 118 datasets; 1.0 s; peak memory 473 MiB.
2026-10-10T13:51:37Z INFO [219/750] 92c260fd-0a89-491c-8ae6-dbb42fe9c1a3: 233 datasets; 2.5 s; peak memory 473 MiB.
2026-10-10T13:51:37Z INFO [220/750] 92c29e13-6c16-4288-848c-9a1f2d7f007d: 116 datasets; 0.9 s; peak memory 473 MiB.
2026-10-10T13:51:38Z INFO [221/750] 92c2ae94-6a03-4d1c-91f4-1163174e08f8: 112 datasets; 0.8 s; peak memory 473 MiB.
2026-10-10T13:51:39Z INFO [222/750] 92c31abb-6cc0-46a4-be07-fc257adf8194: 45 datasets; 0.6 s; peak memory 473 MiB.
2026-10-10T13:51:49Z INFO [223/750] 92c40354-7306-4619-9d1f-3a9afec5d772: 797 datasets; 10.0 s; peak memory 473 MiB.
2026-10-10T13:51:50Z INFO [224/750] 92c48569-a3c0-4d37-814c-4b4599a64ad4: 64 datasets; 1.2 s; peak memory 473 MiB.
2026-10-10T13:51:52Z INFO [225/750] 92c5f438-7956-4e23-8a9f-0a9b22fc7b83: 157 datasets; 1.7 s; peak memory 473 MiB.
2026-10-10T13:51:53Z INFO [226/750] 92c5f4e3-1110-4b79-b164-edbbf622c4c6: 118 datasets; 1.1 s; peak memory 473 MiB.
2026-10-10T13:51:54Z INFO [227/750] 92c5fa0d-8ae7-42ae-909c-226a5471f6fe: 62 datasets; 1.1 s; peak memory 473 MiB.
2026-10-10T13:52:04Z INFO [228/750] 92c620f6-26ad-425d-ba36-40dc48a390dd: 98 datasets; 10.1 s; peak memory 473 MiB.
2026-10-10T13:52:05Z INFO [229/750] 92c6cf8e-ce43-4a2a-a7a1-94499f1a86dc: 46 datasets; 0.7 s; peak memory 473 MiB.
2026-10-10T13:52:06Z INFO [230/750] 92c6dfbb-19ce-49c1-a85f-e2b3e10458dc: 48 datasets; 0.9 s; peak memory 473 MiB.
2026-10-10T13:52:07Z INFO [231/750] 92c8478a-777c-4048-97c5-74b394950e65: 35 datasets; 0.7 s; peak memory 473 MiB.
2026-10-10T13:52:11Z INFO [232/750] 92c85b9d-5de4-49da-9345-2ce9515ce9c2: 196 datasets; 4.0 s; peak memory 473 MiB.
2026-10-10T13:52:13Z INFO [233/750] 92c91421-a56c-457b-a899-ee54f9dcb249: 38 datasets; 2.6 s; peak memory 473 MiB.
2026-10-10T13:52:23Z INFO [234/750] 92c91866-a5c6-4963-998f-a8db71d5e28f: 1407 datasets; 10.2 s; peak memory 473 MiB.
2026-10-10T13:52:24Z INFO [235/750] 92c9c29b-4b5b-4874-98c0-93bc13c16bd2: 48 datasets; 0.8 s; peak memory 473 MiB.
2026-10-10T13:52:25Z INFO [236/750] 92ca0253-ff1d-4f8d-ba7e-74288883957a: 112 datasets; 1.2 s; peak memory 473 MiB.
2026-10-10T13:52:26Z INFO [237/750] 92ca7728-5bdd-4808-9c9b-bacc508a4b41: 48 datasets; 0.7 s; peak memory 473 MiB.
2026-10-10T13:52:27Z INFO [238/750] 92ca783d-3b8b-4bf6-ad19-5e1d39f8f77e: 112 datasets; 1.3 s; peak memory 473 MiB.
2026-10-10T13:52:31Z INFO [239/750] 92cc0332-e53c-4f48-b3fa-4f7202ac204f: 229 datasets; 3.4 s; peak memory 473 MiB.
2026-10-10T13:52:32Z INFO [240/750] 92cc21c2-e4aa-4f4f-a4c2-1b4ca5a89965: 112 datasets; 1.1 s; peak memory 473 MiB.
2026-10-10T13:52:36Z INFO [241/750] 92cc6de1-1e85-4a19-9388-ef9b6577a94f: 196 datasets; 4.3 s; peak memory 473 MiB.
2026-10-10T13:52:37Z INFO [242/750] 92ccbe17-7a65-4203-af28-4ab75bf18c29: 66 datasets; 1.1 s; peak memory 473 MiB.
2026-10-10T13:52:38Z INFO [243/750] 92ccd29b-269f-43a0-bd8f-14a75a0113e4: 111 datasets; 0.9 s; peak memory 473 MiB.
2026-10-10T13:52:39Z INFO [244/750] 92ccdd84-fcf3-4eed-9cee-62cf90a9e896: 110 datasets; 1.2 s; peak memory 473 MiB.
2026-10-10T13:52:40Z INFO [245/750] 92cd9def-9d1f-4de0-9bdc-c580a510ea9f: 117 datasets; 0.9 s; peak memory 473 MiB.
2026-10-10T13:52:45Z INFO [246/750] 92cdf0e2-926e-462f-b727-9f2cb888c84f: 538 datasets; 4.7 s; peak memory 473 MiB.
2026-10-10T13:52:49Z INFO [247/750] 92cf2070-a329-431b-8867-632413d6bb2b: 229 datasets; 3.8 s; peak memory 473 MiB.
2026-10-10T13:52:50Z INFO [248/750] 92cff2b6-e033-4cb9-a9e1-0c2b230e36cf: 48 datasets; 1.0 s; peak memory 473 MiB.
2026-10-10T13:52:58Z INFO [249/750] 92d09a0f-a7a0-4e87-b6c9-8e988dcef87d: 1532 datasets; 8.2 s; peak memory 473 MiB.
2026-10-10T13:53:00Z INFO [250/750] 92d0a63d-4980-4f91-85e4-79f4f6cf7e5a: 119 datasets; 1.7 s; peak memory 473 MiB.
2026-10-10T13:53:00Z INFO [250/750] 92d0a63d-4980-4f91-85e4-79f4f6cf7e5a: checkpointed 117835 new records.
2026-10-10T13:53:00Z INFO [251/750] 92d1c543-31d3-42fe-91c3-fc8a965c3c37: 46 datasets; 0.7 s; peak memory 473 MiB.
2026-10-10T13:53:01Z INFO [252/750] 92d1d7ae-e3e2-4e37-b83c-64d8e937aad9: 118 datasets; 0.8 s; peak memory 473 MiB.
2026-10-10T13:54:01Z INFO [253/750] 92d1f720-124e-4195-9055-0e3ae3e812a2: 62 datasets; 59.8 s; peak memory 473 MiB.
2026-10-10T13:54:02Z INFO [254/750] 92d21b80-214d-45f5-a83d-a837a4fcebfd: 48 datasets; 0.8 s; peak memory 473 MiB.
2026-10-10T13:54:03Z INFO [255/750] 92d3efdb-1e0f-490c-91ab-a36960171318: 52 datasets; 0.9 s; peak memory 473 MiB.
2026-10-10T13:54:04Z INFO [256/750] 92d50c0a-67bc-41bb-8c3b-7da22bd3f84d: 112 datasets; 1.5 s; peak memory 473 MiB.
2026-10-10T13:54:06Z INFO [257/750] 92d52cd1-31d1-4af0-a8dc-c050856944d5: 78 datasets; 1.4 s; peak memory 473 MiB.
2026-10-10T13:54:07Z INFO [258/750] 92d728a7-b31e-47f5-8987-a62c1f8d076c: 118 datasets; 0.8 s; peak memory 473 MiB.
2026-10-10T13:54:12Z INFO [259/750] 92d792f0-6ca2-4b30-b707-015b7c4d89cc: 298 datasets; 5.8 s; peak memory 473 MiB.
2026-10-10T13:54:18Z INFO [260/750] 92d832a0-cc28-47c1-8114-17ba9e417381: 368 datasets; 6.0 s; peak memory 473 MiB.
2026-10-10T13:54:20Z INFO [261/750] 92d868c4-5870-4f1f-9705-97e7778b5203: 112 datasets; 1.4 s; peak memory 473 MiB.
2026-10-10T13:54:24Z INFO [262/750] 92da5490-9bef-4f7a-9c9c-95a74580898b: 486 datasets; 4.1 s; peak memory 473 MiB.
2026-10-10T13:54:25Z INFO [263/750] 92daeb85-ea5b-433a-bd1c-64c10132eb4f: 112 datasets; 1.3 s; peak memory 473 MiB.
2026-10-10T13:54:27Z INFO [264/750] 92db0883-dc2c-4132-b386-798924a99e4d: 112 datasets; 1.3 s; peak memory 473 MiB.
2026-10-10T13:54:28Z INFO [265/750] 92dbb1c4-60f6-452c-bac6-69e810f00159: 117 datasets; 1.0 s; peak memory 473 MiB.
2026-10-10T13:54:29Z INFO [266/750] 92dca47e-e73f-4e40-86fa-3c57df5f39cd: 48 datasets; 1.0 s; peak memory 473 MiB.
2026-10-10T13:54:38Z INFO [267/750] 92dce78c-6e73-4082-be4c-c8f0ee6fb1f1: 1456 datasets; 9.0 s; peak memory 473 MiB.
2026-10-10T13:54:39Z INFO [268/750] 92dcfa01-8d77-4b9f-99b3-dfb0101b5cad: 112 datasets; 1.1 s; peak memory 473 MiB.
2026-10-10T13:54:40Z INFO [269/750] 92dd6e36-eb4f-46fd-9172-35de126bbd04: 112 datasets; 1.2 s; peak memory 473 MiB.
2026-10-10T13:54:41Z INFO [270/750] 92dd7d96-d4f5-4872-92eb-f9d07798bbd0: 117 datasets; 0.8 s; peak memory 473 MiB.
2026-10-10T13:54:42Z INFO [271/750] 92ddac0b-e20e-4861-b7ff-ae24b61d2405: 116 datasets; 1.2 s; peak memory 473 MiB.
2026-10-10T13:54:43Z INFO [272/750] 92ddbe26-6bbb-4c37-a8bf-36973ac726e4: 59 datasets; 1.2 s; peak memory 473 MiB.
2026-10-10T13:54:44Z INFO [273/750] 92ddc309-14da-4123-a241-d92e9dc8c4a3: 46 datasets; 0.7 s; peak memory 473 MiB.
2026-10-10T13:54:45Z INFO [274/750] 92ddeb8b-771b-42be-b86d-a52145ed4f5e: 48 datasets; 1.1 s; peak memory 473 MiB.
2026-10-10T13:54:46Z INFO [275/750] 92de45b2-0c55-41bf-9d4a-c5a5258106de: 62 datasets; 1.0 s; peak memory 473 MiB.
2026-10-10T13:54:47Z INFO [276/750] 92debf76-6b1f-4592-98e7-8f4915d7765f: 112 datasets; 1.2 s; peak memory 473 MiB.
2026-10-10T13:54:50Z INFO [277/750] 92ded7db-7c91-4000-acd5-0281ab6d9487: 229 datasets; 3.1 s; peak memory 473 MiB.
2026-10-10T13:54:51Z INFO [278/750] 92df6c1e-adcf-4e21-a75e-f50d22ffcc8c: 112 datasets; 1.3 s; peak memory 473 MiB.
2026-10-10T13:54:52Z INFO [279/750] 92dffb07-cef3-408f-9eb8-d6213c2c0665: 39 datasets; 0.8 s; peak memory 473 MiB.
2026-10-10T13:56:27Z INFO [280/750] 92e07601-8eb7-4d05-bb43-6191156c061d: 167 datasets; 95.0 s; peak memory 473 MiB.
2026-10-10T13:56:28Z INFO [281/750] 92e0d636-1b32-4bd1-a352-0551cd540847: 48 datasets; 0.8 s; peak memory 473 MiB.
2026-10-10T13:56:33Z INFO [282/750] 92e0db2b-b176-47bf-9984-6250999d5d40: 686 datasets; 4.9 s; peak memory 473 MiB.
2026-10-10T13:56:35Z INFO [283/750] 92e12c68-c9af-4573-8c3f-ac1b6790d429: 119 datasets; 1.8 s; peak memory 473 MiB.
2026-10-10T13:56:36Z INFO [284/750] 92e2c928-c60f-48eb-a1f9-dfcaff531db3: 116 datasets; 1.0 s; peak memory 473 MiB.
2026-10-10T13:56:37Z INFO [285/750] 92e529a3-d71f-4f13-b0ca-e9fa8fef9824: 69 datasets; 1.4 s; peak memory 473 MiB.
2026-10-10T13:56:38Z INFO [286/750] 92e6848d-cadd-443d-8267-ede8acc41089: 48 datasets; 0.8 s; peak memory 473 MiB.
2026-10-10T13:56:39Z INFO [287/750] 92e6c4c3-735a-4a22-9345-16d7738b3598: 48 datasets; 0.8 s; peak memory 473 MiB.
2026-10-10T13:56:40Z INFO [288/750] 92e732c5-2c0d-4c9a-a20c-765e72aa8a2d: 48 datasets; 0.8 s; peak memory 473 MiB.
2026-10-10T13:56:40Z INFO [289/750] 92e74dba-0752-4468-aed0-22e5a48267c9: 56 datasets; 0.6 s; peak memory 473 MiB.
2026-10-10T13:56:41Z INFO [290/750] 92e7d777-1319-423c-abf3-9ee7315b50cb: 48 datasets; 0.9 s; peak memory 473 MiB.
2026-10-10T13:56:42Z INFO [291/750] 92e80876-19fa-49bb-901b-a1c92777d6dc: 48 datasets; 0.7 s; peak memory 473 MiB.
2026-10-10T13:56:43Z INFO [292/750] 92e83be5-9c63-4f6a-a5a6-f9c7868671dc: 112 datasets; 1.5 s; peak memory 473 MiB.
2026-10-10T13:56:45Z INFO [293/750] 92e879fb-b72a-4cd4-b759-428853a08695: 112 datasets; 1.3 s; peak memory 473 MiB.
2026-10-10T13:57:42Z INFO [294/750] 92e99876-8576-4083-b828-2da1d6fdf528: 128 datasets; 57.6 s; peak memory 473 MiB.
2026-10-10T13:57:43Z INFO [295/750] 92e9f3de-111c-4f3c-a87c-dcb48c83c2ab: 230 datasets; 1.2 s; peak memory 473 MiB.
2026-10-10T13:57:47Z INFO [296/750] 92eaa787-f005-4c14-9a10-ecdd8ed2e8af: 538 datasets; 3.3 s; peak memory 473 MiB.
2026-10-10T13:57:48Z INFO [297/750] 92eac960-a50e-41c2-80d3-6ce02dd54042: 117 datasets; 1.0 s; peak memory 473 MiB.
2026-10-10T13:57:49Z INFO [298/750] 92eb8932-047a-49b5-98f9-dd7916554780: 71 datasets; 1.5 s; peak memory 473 MiB.
2026-10-10T13:57:50Z INFO [299/750] 92ec237d-dfb6-4a76-bb33-600ffbe4bef9: 112 datasets; 1.0 s; peak memory 473 MiB.
2026-10-10T13:57:52Z INFO [300/750] 92eccb9a-d13f-4648-a29a-9ddcea356529: 101 datasets; 1.9 s; peak memory 473 MiB.
2026-10-10T13:57:52Z INFO [300/750] 92eccb9a-d13f-4648-a29a-9ddcea356529: checkpointed 117885 new records.
2026-10-10T13:57:55Z INFO [301/750] 92ecfb86-b844-4ab1-99c5-9e5e172f9a67: 50 datasets; 2.4 s; peak memory 473 MiB.
2026-10-10T13:57:57Z INFO [302/750] 92ed1ffe-1098-446d-9c21-d88ff181d8d4: 156 datasets; 2.5 s; peak memory 473 MiB.
2026-10-10T13:57:58Z INFO [303/750] 92ed2f21-f8fa-441f-bfb9-4bb10b8ffe1e: 38 datasets; 0.9 s; peak memory 473 MiB.
2026-10-10T13:58:00Z INFO [304/750] 92ed5406-e43e-48eb-8592-823085716a53: 74 datasets; 1.5 s; peak memory 473 MiB.
2026-10-10T13:58:00Z INFO [305/750] 92ed611c-0ed0-4253-acf6-e70e0eda3f75: 48 datasets; 0.7 s; peak memory 473 MiB.
2026-10-10T13:58:01Z INFO [306/750] 92ed7d1e-d287-4971-b990-02c295ba2ff5: 50 datasets; 0.8 s; peak memory 473 MiB.
2026-10-10T13:58:06Z INFO [307/750] 92ee0e9a-ba15-4d8a-bc34-d82ccc284ebe: 860 datasets; 4.8 s; peak memory 473 MiB.
2026-10-10T13:59:26Z INFO [308/750] 92ee9673-e34f-4aa6-8309-a22aa5e61255: 58 datasets; 80.3 s; peak memory 473 MiB.
2026-10-10T14:00:03Z INFO [309/750] 92eee618-29fc-4959-a4a5-d301d55a490c: 3848 datasets; 36.9 s; peak memory 473 MiB.
2026-10-10T14:00:04Z INFO [310/750] 92ef9840-fc2d-4fc7-a8dd-53a82e1ab3d4: 46 datasets; 0.8 s; peak memory 473 MiB.
2026-10-10T14:01:24Z INFO [311/750] 92f03948-e4c2-483c-bfd3-348fa72d1434: 7730 datasets; 79.8 s; peak memory 473 MiB.
2026-10-10T14:01:25Z INFO [312/750] 92f0589b-8ab9-457a-9b99-0092fe1f83c3: 90 datasets; 1.0 s; peak memory 473 MiB.
2026-10-10T14:01:25Z INFO [313/750] 92f06da4-45b8-49d2-a74a-427f723f2dd2: 48 datasets; 0.8 s; peak memory 473 MiB.
2026-10-10T14:01:29Z INFO [314/750] 92f0be85-9b3f-432c-be8b-16d4f13295ff: 82 datasets; 3.2 s; peak memory 473 MiB.
2026-10-10T14:01:34Z INFO [315/750] 92f121be-742a-49d7-b46c-27ed7215c11e: 648 datasets; 5.0 s; peak memory 473 MiB.
2026-10-10T14:01:59Z INFO [316/750] 92f1d2fe-b2cf-4ad0-984b-bcc0480df396: 7034 datasets; 25.8 s; peak memory 473 MiB.
2026-10-10T14:02:01Z INFO [317/750] 92f2d029-22fc-4e54-b509-b0050fec106c: 64 datasets; 1.4 s; peak memory 473 MiB.
2026-10-10T14:02:10Z INFO [318/750] 92f2d06d-f022-4c5f-8445-763a7f6940b4: 1048 datasets; 9.5 s; peak memory 473 MiB.
2026-10-10T14:02:12Z INFO [319/750] 92f3440b-e0bb-40b3-9aee-f2f258b1528c: 115 datasets; 1.8 s; peak memory 473 MiB.
2026-10-10T14:02:13Z INFO [320/750] 92f39ede-532a-4886-940a-af3c219c1bc8: 112 datasets; 1.3 s; peak memory 473 MiB.
2026-10-10T14:02:14Z INFO [321/750] 92f3dc4c-f7ee-448f-aa26-108cc5e8ae72: 48 datasets; 0.9 s; peak memory 473 MiB.
2026-10-10T14:02:15Z INFO [322/750] 92f4ed08-aa97-47ae-a80d-a9946f8ab652: 48 datasets; 0.9 s; peak memory 473 MiB.
2026-10-10T14:02:16Z INFO [323/750] 92f510cb-8790-41bc-b5ba-c0d2bb3cdc8e: 48 datasets; 0.7 s; peak memory 473 MiB.
2026-10-10T14:02:17Z INFO [324/750] 92f53b6b-834a-4e0c-8ee1-52995542c03b: 48 datasets; 1.0 s; peak memory 473 MiB.
2026-10-10T14:02:54Z INFO [325/750] 92f5408c-53fe-45f1-a667-87b66367d0e6: 716 datasets; 36.9 s; peak memory 473 MiB.
2026-10-10T14:02:55Z INFO [326/750] 92f5c9e7-d37c-4092-adf2-58e78d7e8182: 49 datasets; 1.2 s; peak memory 473 MiB.
2026-10-10T14:02:56Z INFO [327/750] 92f6172a-4c85-4565-ae1f-2a361042831e: 48 datasets; 1.0 s; peak memory 473 MiB.
2026-10-10T14:02:57Z INFO [328/750] 92f654b5-ae49-4431-b373-63bb6729a976: 69 datasets; 1.5 s; peak memory 473 MiB.
2026-10-10T14:02:59Z INFO [329/750] 92f6b74c-8e46-4c9d-99ca-5b092241a378: 118 datasets; 1.2 s; peak memory 473 MiB.
2026-10-10T14:03:00Z INFO [330/750] 92f9e478-90ab-46ae-964d-3f476a1c5f9c: 115 datasets; 1.9 s; peak memory 473 MiB.
2026-10-10T14:03:02Z INFO [331/750] 92fa2b90-c7e1-459c-8b8f-d5871f6dbb4f: 53 datasets; 1.4 s; peak memory 473 MiB.
2026-10-10T14:03:06Z INFO [332/750] 92fb10b1-159c-495f-af9b-03a38827cb45: 168 datasets; 3.9 s; peak memory 473 MiB.
2026-10-10T14:03:07Z INFO [333/750] 92fb8ef5-f68c-4d0a-930f-6923c5ef6bba: 62 datasets; 1.2 s; peak memory 473 MiB.
2026-10-10T14:03:08Z INFO [334/750] 92fbc60d-e389-4620-8122-b0775fef2ebd: 48 datasets; 0.7 s; peak memory 473 MiB.
2026-10-10T14:03:09Z INFO [335/750] 92fdd82e-41f4-4580-b5d4-e80d8c311354: 112 datasets; 0.8 s; peak memory 473 MiB.
2026-10-10T14:03:10Z INFO [336/750] 92fe34eb-d5b7-456b-b454-7951897b05f0: 69 datasets; 1.2 s; peak memory 473 MiB.
2026-10-10T14:03:15Z INFO [337/750] 92febf9e-e791-4ac3-af10-b5d8392c7306: 339 datasets; 5.6 s; peak memory 473 MiB.
2026-10-10T14:03:18Z INFO [338/750] 92ff3b1e-40af-4692-964b-019262e81dea: 138 datasets; 2.6 s; peak memory 473 MiB.
2026-10-10T14:03:19Z INFO [339/750] 92ff5d29-eeca-4faa-8dd4-9f1391c31e47: 39 datasets; 0.9 s; peak memory 473 MiB.
2026-10-10T14:03:23Z INFO [340/750] 92ffc23e-c79a-4417-85d0-d6b6ecd79e5e: 170 datasets; 4.4 s; peak memory 473 MiB.
2026-10-10T14:08:58Z INFO [341/750] 92ffcbdc-a30f-42e3-9199-777e921caaf3: 41840 datasets; 334.6 s; peak memory 969 MiB.
2026-10-10T14:09:00Z INFO [342/750] 930103b1-e988-4ba7-a51b-d1cb635eeb11: 87 datasets; 1.7 s; peak memory 969 MiB.
2026-10-10T14:24:19Z INFO [343/750] 93010b2b-64ee-4b75-879d-c6e6e7557516: 118 datasets; 919.7 s; peak memory 1167 MiB.
2026-10-10T14:24:20Z INFO [344/750] 93011740-e705-4774-8b23-ee9c9f8da843: 41 datasets; 0.9 s; peak memory 1167 MiB.
2026-10-10T14:24:21Z INFO [345/750] 9302a9a4-ffd9-47ab-9cf9-23e6edc994f2: 117 datasets; 1.1 s; peak memory 1167 MiB.
2026-10-10T14:24:22Z INFO [346/750] 9302f6c5-5b88-48fd-95ba-f73fd31b4290: 67 datasets; 0.9 s; peak memory 1167 MiB.
2026-10-10T14:24:23Z INFO [347/750] 9303bded-8e6b-4d8e-9b38-c6f6272af02c: 48 datasets; 0.8 s; peak memory 1167 MiB.
2026-10-10T14:24:38Z INFO [348/750] 930460d9-ea62-43b7-a743-f3f656590fe1: 48 datasets; 15.5 s; peak memory 1167 MiB.
2026-10-10T14:27:45Z INFO [349/750] 93048aff-ec43-437c-b688-66bab3da8101: 472 datasets; 186.3 s; peak memory 1167 MiB.
2026-10-10T14:27:46Z INFO [350/750] 93051f9d-938d-4a2f-8e7b-99a06484e167: 110 datasets; 1.2 s; peak memory 1167 MiB.
2026-10-10T14:27:46Z INFO [350/750] 93051f9d-938d-4a2f-8e7b-99a06484e167: checkpointed 117935 new records.
2026-10-10T14:27:47Z INFO [351/750] 93054bf5-c645-4cf7-a47f-e9f63cc2ed70: 46 datasets; 1.0 s; peak memory 1167 MiB.
2026-10-10T14:27:48Z INFO [352/750] 9305af13-a27d-4a77-8526-789d36dc9cae: 48 datasets; 0.8 s; peak memory 1167 MiB.
2026-10-10T14:27:49Z INFO [353/750] 9305d749-929a-4146-85e3-8d10c8006626: 46 datasets; 0.7 s; peak memory 1167 MiB.
2026-10-10T14:27:50Z INFO [354/750] 9305ef2a-66d5-4e6d-9e8b-67d55e2b2310: 48 datasets; 1.0 s; peak memory 1167 MiB.
2026-10-10T14:27:50Z INFO [355/750] 930605b9-6ae9-49af-be8d-cc1b811b9d14: 51 datasets; 0.7 s; peak memory 1167 MiB.
2026-10-10T14:27:51Z INFO [356/750] 93062a61-f228-48b7-a3e1-f089cc094af8: 112 datasets; 0.9 s; peak memory 1167 MiB.
2026-10-10T14:27:57Z INFO [357/750] 93066e05-23b7-4123-a7d3-9e8d93eddc50: 667 datasets; 5.4 s; peak memory 1167 MiB.
2026-10-10T14:27:58Z INFO [358/750] 9306ae43-5735-43e5-88e2-e08a603519a9: 118 datasets; 0.9 s; peak memory 1167 MiB.
2026-10-10T14:28:08Z INFO [359/750] 9306cf40-e18c-4729-92f9-1eb2eb198a31: 1203 datasets; 10.1 s; peak memory 1167 MiB.
2026-10-10T14:28:09Z INFO [360/750] 93071922-59eb-4bc0-948b-2542aca23d8a: 52 datasets; 1.0 s; peak memory 1167 MiB.
2026-10-10T14:28:13Z INFO [361/750] 9307791f-de85-4721-a407-f973cd302e8b: 223 datasets; 3.8 s; peak memory 1167 MiB.
2026-10-10T14:28:13Z INFO [362/750] 9307c32a-0cef-4ed4-bf7f-14ef7114336b: 46 datasets; 0.6 s; peak memory 1167 MiB.
2026-10-10T14:28:14Z INFO [363/750] 93082567-dbd1-4714-a210-41c86b95fc3d: 45 datasets; 0.7 s; peak memory 1167 MiB.
2026-10-10T14:28:15Z INFO [364/750] 930835f4-d6d5-4ec1-9ddb-698661c986ba: 48 datasets; 0.8 s; peak memory 1167 MiB.
2026-10-10T14:28:19Z INFO [365/750] 93084d56-1d9b-4904-8f59-5c34bca72ef9: 196 datasets; 4.3 s; peak memory 1167 MiB.
2026-10-10T14:28:20Z INFO [366/750] 9309afac-343e-4402-b4aa-0f84b64f1408: 117 datasets; 0.9 s; peak memory 1167 MiB.
2026-10-10T14:28:21Z INFO [367/750] 9309da7c-44f9-466b-b97c-05d8d475f5de: 117 datasets; 1.0 s; peak memory 1167 MiB.
2026-10-10T14:28:22Z INFO [368/750] 930ac25e-1077-42b3-996a-2167d5043dd9: 110 datasets; 1.1 s; peak memory 1167 MiB.
2026-10-10T14:28:23Z INFO [369/750] 930b04d1-e5a5-4d6f-aa2d-9e22c0a397e2: 48 datasets; 0.8 s; peak memory 1167 MiB.
2026-10-10T14:28:28Z INFO [370/750] 930c00c6-a3e8-4354-8186-7f377b734bc9: 538 datasets; 5.5 s; peak memory 1167 MiB.
2026-10-10T14:28:29Z INFO [371/750] 930c0303-c59f-4ee7-be65-e714e0f74b23: 46 datasets; 0.9 s; peak memory 1167 MiB.
2026-10-10T14:28:30Z INFO [372/750] 930c0684-eeef-4806-9814-4061275cf314: 42 datasets; 0.6 s; peak memory 1167 MiB.
2026-10-10T14:28:34Z INFO [373/750] 930c6a1f-b4c8-4451-98a8-87a5d28279d1: 174 datasets; 3.8 s; peak memory 1167 MiB.
2026-10-10T14:28:34Z INFO [374/750] 930d6f16-b9d5-4d20-b38e-495076f3ce85: 52 datasets; 0.6 s; peak memory 1167 MiB.
2026-10-10T14:28:35Z INFO [375/750] 930d9381-43c3-40e8-b5ee-34a33c29d6b9: 42 datasets; 0.8 s; peak memory 1167 MiB.
2026-10-10T14:28:36Z INFO [376/750] 930db96c-772e-4609-9599-5271ea373efd: 49 datasets; 0.9 s; peak memory 1167 MiB.
2026-10-10T14:28:37Z INFO [377/750] 930e6a73-7ea0-4c51-b9a3-2ffc4098c8ba: 48 datasets; 0.8 s; peak memory 1167 MiB.
2026-10-10T14:28:38Z INFO [378/750] 930edcfd-84fa-45f4-9c8d-4e6d92735d7d: 112 datasets; 1.4 s; peak memory 1167 MiB.
2026-10-10T14:28:40Z INFO [379/750] 930f0f24-6ebc-4d64-883a-77696b2171fc: 117 datasets; 1.3 s; peak memory 1167 MiB.
2026-10-10T14:28:41Z INFO [380/750] 930f5956-586a-44cd-ac56-7403a9676f1d: 112 datasets; 1.0 s; peak memory 1167 MiB.
2026-10-10T14:28:41Z INFO [381/750] 930f9959-ef04-4c73-9fea-e92500c6fbbb: 48 datasets; 0.8 s; peak memory 1167 MiB.
2026-10-10T14:28:53Z INFO [382/750] 931127ab-3ac3-4807-a283-64b59e696021: 1702 datasets; 11.7 s; peak memory 1167 MiB.
2026-10-10T14:28:55Z INFO [383/750] 93113170-0a60-4345-8821-95d3ae013218: 92 datasets; 2.0 s; peak memory 1167 MiB.
2026-10-10T14:28:56Z INFO [384/750] 931182dd-599a-4a4c-8d45-460a4b8dc36d: 112 datasets; 1.1 s; peak memory 1167 MiB.
2026-10-10T14:29:02Z INFO [385/750] 93118923-b442-404f-b43d-222b0a80dc43: 848 datasets; 6.1 s; peak memory 1167 MiB.
2026-10-10T14:29:04Z INFO [386/750] 93118a3a-56ba-4a49-8006-7b7748576040: 71 datasets; 1.2 s; peak memory 1167 MiB.
2026-10-10T14:29:04Z INFO [387/750] 9311f361-679c-40f9-9325-fda72f453524: 203 datasets; 0.7 s; peak memory 1167 MiB.
2026-10-10T14:29:06Z INFO [388/750] 93122203-8001-4cfa-8619-f30d75c331da: 116 datasets; 2.0 s; peak memory 1167 MiB.
2026-10-10T14:29:09Z INFO [389/750] 93127566-9311-4adf-a63e-5e018be736f5: 80 datasets; 2.6 s; peak memory 1167 MiB.
2026-10-10T14:29:10Z INFO [390/750] 93133f54-4f4b-41b9-994c-da1ad105f190: 66 datasets; 1.2 s; peak memory 1167 MiB.
2026-10-10T14:29:11Z INFO [391/750] 9313ab4b-eb0f-44b2-969c-c89c490e8755: 48 datasets; 0.7 s; peak memory 1167 MiB.
2026-10-10T14:29:12Z INFO [392/750] 9314003a-cb8e-4ca3-95fe-c514b976ff1e: 110 datasets; 1.0 s; peak memory 1167 MiB.
2026-10-10T14:29:14Z INFO [393/750] 93145488-e969-4c32-842d-bb8caef8ad6e: 84 datasets; 2.1 s; peak memory 1167 MiB.
2026-10-10T14:29:30Z INFO [394/750] 93148351-fff4-42cc-a3eb-ff85c06b8f29: 48 datasets; 15.8 s; peak memory 1167 MiB.
2026-10-10T14:29:31Z INFO [395/750] 9314e39f-a464-4e70-a4f0-c2255fe1da2a: 48 datasets; 0.8 s; peak memory 1167 MiB.
2026-10-10T14:29:46Z INFO [396/750] 93173c05-52dd-4320-8a78-8fdcfc5f6582: 522 datasets; 14.9 s; peak memory 1167 MiB.
2026-10-10T14:29:47Z INFO [397/750] 93176cc3-26d5-40d3-b133-32ccbeec6aec: 113 datasets; 1.5 s; peak memory 1167 MiB.
2026-10-10T14:29:50Z INFO [398/750] 931805b6-b7b6-413d-94e7-3d326934af30: 422 datasets; 3.2 s; peak memory 1167 MiB.
2026-10-10T14:29:51Z INFO [399/750] 93181b1f-a7c5-4d6a-bb24-1bb0629d91ca: 121 datasets; 0.7 s; peak memory 1167 MiB.
2026-10-10T14:29:52Z INFO [400/750] 9318753e-d1e8-49b1-bf4c-68f51c8b2a2c: 48 datasets; 1.0 s; peak memory 1167 MiB.
2026-10-10T14:29:52Z INFO [400/750] 9318753e-d1e8-49b1-bf4c-68f51c8b2a2c: checkpointed 117985 new records.
2026-10-10T14:29:53Z INFO [401/750] 9318a6fc-508a-4aa6-a46d-ad8aea7191d3: 48 datasets; 0.9 s; peak memory 1167 MiB.
2026-10-10T14:30:00Z INFO [402/750] 931935a4-4fbd-4773-8b39-6d689572bf0d: 859 datasets; 7.3 s; peak memory 1167 MiB.
2026-10-10T14:30:01Z INFO [403/750] 931953fe-a2ad-4028-9adf-3c0754ea807a: 45 datasets; 0.7 s; peak memory 1167 MiB.
2026-10-10T14:30:02Z INFO [404/750] 931a8774-20a4-4e62-9ad3-340c3ac3d2b7: 48 datasets; 0.8 s; peak memory 1167 MiB.
2026-10-10T14:30:03Z INFO [405/750] 931ac548-0c15-4fa6-8498-aed2d05e6b15: 38 datasets; 0.9 s; peak memory 1167 MiB.
2026-10-10T14:30:04Z INFO [406/750] 931b2adf-7afa-434e-8a52-c5f8307ea277: 69 datasets; 1.1 s; peak memory 1167 MiB.
2026-10-10T14:30:05Z INFO [407/750] 931b3d84-37d5-4ced-9f8c-1325377a4e7b: 117 datasets; 0.8 s; peak memory 1167 MiB.
2026-10-10T14:30:20Z INFO [408/750] 931b832f-1c5a-4422-a367-be3c5f6d9675: 48 datasets; 15.2 s; peak memory 1167 MiB.
2026-10-10T14:30:21Z INFO [409/750] 931bfe83-492d-46a2-ad0a-3839bfbec856: 112 datasets; 1.5 s; peak memory 1167 MiB.
2026-10-10T14:30:22Z INFO [410/750] 931cfe32-a0d8-495a-be20-c4874c0268bc: 69 datasets; 0.8 s; peak memory 1167 MiB.
2026-10-10T14:30:23Z INFO [411/750] 931d699f-0249-44a2-9ba3-2ddc1ef0f4e9: 65 datasets; 0.9 s; peak memory 1167 MiB.
2026-10-10T14:30:24Z INFO [412/750] 931eefb4-06d6-4bd7-8a87-1ad62be3e469: 109 datasets; 0.9 s; peak memory 1167 MiB.
2026-10-10T14:30:25Z INFO [413/750] 931f2920-22f1-4a41-9607-f4596158d8c7: 116 datasets; 1.0 s; peak memory 1167 MiB.
2026-10-10T14:31:57Z INFO [414/750] 93208ef0-4723-4677-a230-1264510d95c3: 167 datasets; 92.5 s; peak memory 1167 MiB.
2026-10-10T14:31:59Z INFO [415/750] 9320c588-c0c2-4e6f-b108-ab3a6ae29d05: 118 datasets; 1.2 s; peak memory 1167 MiB.
2026-10-10T14:31:59Z INFO [416/750] 9320d1bf-3cc1-4164-b75d-fdf716658679: 61 datasets; 0.8 s; peak memory 1167 MiB.
2026-10-10T14:32:00Z INFO [417/750] 932154a1-5f23-401c-989d-617c2d911d59: 54 datasets; 0.7 s; peak memory 1167 MiB.
2026-10-10T14:32:01Z INFO [418/750] 9321ae3f-71bf-46b6-98bc-07ec6300ca9b: 62 datasets; 1.1 s; peak memory 1167 MiB.
2026-10-10T14:32:02Z INFO [419/750] 93222dd0-2dc4-4b5e-a240-1c8149be5b12: 48 datasets; 0.9 s; peak memory 1167 MiB.
2026-10-10T14:32:03Z INFO [420/750] 9322b4de-fde8-4d4e-886b-4fd5d23425a0: 112 datasets; 1.1 s; peak memory 1167 MiB.
2026-10-10T14:32:04Z INFO [421/750] 9322c6ae-5e65-4ed5-830c-b143bbf03ea6: 116 datasets; 0.9 s; peak memory 1167 MiB.
2026-10-10T14:32:12Z INFO [422/750] 9322d6c4-de73-40af-bc18-4d48d0984fc0: 928 datasets; 8.0 s; peak memory 1167 MiB.
2026-10-10T14:32:13Z INFO [423/750] 9323cdc7-0978-4478-9702-7a038ceac7a7: 46 datasets; 0.7 s; peak memory 1167 MiB.
2026-10-10T14:32:18Z INFO [424/750] 93243a4c-229f-478e-881b-c714d737c548: 267 datasets; 4.8 s; peak memory 1167 MiB.
2026-10-10T14:32:19Z INFO [425/750] 9324655b-5fc4-4961-8bda-28aff887aa0e: 71 datasets; 1.0 s; peak memory 1167 MiB.
2026-10-10T14:32:19Z INFO [426/750] 932495e2-449a-4116-a60e-eb86f692771e: 48 datasets; 0.9 s; peak memory 1167 MiB.
2026-10-10T14:32:21Z INFO [427/750] 93259eaa-3c52-4465-9fed-92bfa9e2fa7b: 47 datasets; 1.3 s; peak memory 1167 MiB.
2026-10-10T14:32:22Z INFO [428/750] 932620e0-7db1-401a-85ab-661a3a90e2b6: 52 datasets; 1.0 s; peak memory 1167 MiB.
2026-10-10T14:32:30Z INFO [429/750] 93264b6d-c1e9-4e6a-b2fb-da70b55162fe: 2148 datasets; 8.4 s; peak memory 1167 MiB.
2026-10-10T14:32:31Z INFO [430/750] 9326794d-e045-4b52-8837-239be06c08ef: 48 datasets; 0.9 s; peak memory 1167 MiB.
2026-10-10T14:32:32Z INFO [431/750] 9326a05a-d60f-426d-be1a-ec573d96515d: 36 datasets; 0.7 s; peak memory 1167 MiB.
2026-10-10T14:32:33Z INFO [432/750] 9327cb2a-049f-4696-be5b-8f6112b399bd: 112 datasets; 1.1 s; peak memory 1167 MiB.
2026-10-10T14:32:34Z INFO [433/750] 93289792-ceba-4cdd-9981-17080f0d48ff: 48 datasets; 0.9 s; peak memory 1167 MiB.
2026-10-10T14:32:34Z INFO [434/750] 932922cd-2300-4bbf-821c-fb872a2ea4ea: 56 datasets; 0.5 s; peak memory 1167 MiB.
2026-10-10T14:32:37Z INFO [435/750] 932bb0ae-a100-4225-b996-bdbf2e6d7425: 84 datasets; 2.4 s; peak memory 1167 MiB.
2026-10-10T14:34:10Z INFO [436/750] 932c83c4-44bd-4016-97ae-bdaa0ffc0c79: 430 datasets; 93.2 s; peak memory 1167 MiB.
2026-10-10T14:34:11Z INFO [437/750] 932d4a8a-4c3e-43f4-ae27-f3c896064bd3: 110 datasets; 1.1 s; peak memory 1167 MiB.
2026-10-10T14:34:12Z INFO [438/750] 932d4f49-337c-4044-82c9-a3172d8539ab: 48 datasets; 0.8 s; peak memory 1167 MiB.
2026-10-10T14:34:13Z INFO [439/750] 932d9e52-1398-4568-8af8-d7d339f16017: 117 datasets; 1.0 s; peak memory 1167 MiB.
2026-10-10T14:34:13Z INFO [440/750] 932e0789-fc63-42db-b8df-78b2b048f64d: 48 datasets; 0.9 s; peak memory 1167 MiB.
2026-10-10T14:34:15Z INFO [441/750] 932ebbf6-f919-4e88-8058-7dc7afe4f6a1: 71 datasets; 1.7 s; peak memory 1167 MiB.
2026-10-10T14:34:16Z INFO [442/750] 932ed9b6-5590-4589-a7b7-70d41a57f819: 117 datasets; 0.9 s; peak memory 1167 MiB.
2026-10-10T14:34:17Z INFO [443/750] 932fa2b9-8eca-41d3-bd79-7e669ef73da5: 48 datasets; 0.7 s; peak memory 1167 MiB.
2026-10-10T14:34:19Z INFO [444/750] 9330beee-ec54-419a-af33-05ac1241d66b: 115 datasets; 2.3 s; peak memory 1167 MiB.
2026-10-10T14:34:20Z INFO [445/750] 9330f075-f1b8-40c0-812a-1f62311e4dce: 46 datasets; 0.6 s; peak memory 1167 MiB.
2026-10-10T14:34:21Z INFO [446/750] 93313c2b-1410-4f9f-9cda-e470d68be45d: 48 datasets; 0.8 s; peak memory 1167 MiB.
2026-10-10T14:34:28Z INFO [447/750] 93322dd1-b18d-43d5-ab1c-da4b91781394: 49 datasets; 7.6 s; peak memory 1167 MiB.
2026-10-10T14:34:29Z INFO [448/750] 93327f72-da98-438f-af99-0db5df3e3221: 71 datasets; 1.4 s; peak memory 1167 MiB.
2026-10-10T14:34:30Z INFO [449/750] 9333378b-439f-43bf-9069-4f50080f1c27: 117 datasets; 0.9 s; peak memory 1167 MiB.
2026-10-10T14:34:31Z INFO [450/750] 933440b6-89e9-4386-84b4-316f67140c15: 53 datasets; 0.6 s; peak memory 1167 MiB.
2026-10-10T14:34:31Z INFO [450/750] 933440b6-89e9-4386-84b4-316f67140c15: checkpointed 118035 new records.
2026-10-10T14:34:32Z INFO [451/750] 9334a63b-9139-418f-a81e-3f68bdccd590: 48 datasets; 0.8 s; peak memory 1167 MiB.
2026-10-10T14:34:33Z INFO [452/750] 9334c54d-1dc6-4d8f-9379-347f55599e3b: 59 datasets; 1.0 s; peak memory 1167 MiB.
2026-10-10T14:34:36Z INFO [453/750] 93351ff0-1616-426c-8a87-4832e5911ce6: 229 datasets; 3.4 s; peak memory 1167 MiB.
2026-10-10T14:34:37Z INFO [454/750] 9335d746-e32c-47a7-b450-f53f8029fde0: 118 datasets; 1.0 s; peak memory 1167 MiB.
2026-10-10T14:34:38Z INFO [455/750] 933600de-f0b4-4c48-9b3e-f9c8f9d72804: 46 datasets; 0.6 s; peak memory 1167 MiB.
2026-10-10T14:36:26Z INFO [456/750] 93363606-de95-456e-9690-d0c08c94b0e2: 257 datasets; 108.1 s; peak memory 1167 MiB.
2026-10-10T14:36:27Z INFO [457/750] 9338a5af-e0e9-4e64-8e40-c8b430874978: 48 datasets; 0.9 s; peak memory 1167 MiB.
2026-10-10T14:36:32Z INFO [458/750] 933980f2-03db-43f6-a695-158b2caf475e: 200 datasets; 4.9 s; peak memory 1167 MiB.
2026-10-10T14:36:36Z INFO [459/750] 9339df7c-5cda-4635-9794-439cd775876c: 538 datasets; 3.7 s; peak memory 1167 MiB.
2026-10-10T14:36:36Z INFO [460/750] 933aa2fc-d973-4c51-a096-b10bffe5b22f: 112 datasets; 0.9 s; peak memory 1167 MiB.
2026-10-10T14:36:37Z INFO [461/750] 933d33a5-936b-4917-86a1-1e8cdcc628be: 46 datasets; 0.8 s; peak memory 1167 MiB.
2026-10-10T14:36:38Z INFO [462/750] 933d4fd0-d2be-49bd-b4ab-7b187c9c3b0f: 48 datasets; 0.7 s; peak memory 1167 MiB.
2026-10-10T14:36:39Z INFO [463/750] 933e7cd1-44f5-4f74-b0d2-09d7103b0ced: 48 datasets; 0.7 s; peak memory 1167 MiB.
2026-10-10T14:36:41Z INFO [464/750] 933ed005-af67-4fb9-958f-e06990381903: 90 datasets; 2.3 s; peak memory 1167 MiB.
2026-10-10T14:36:42Z INFO [465/750] 933edde4-7cf0-47eb-86ad-f21d92582637: 112 datasets; 1.1 s; peak memory 1167 MiB.
2026-10-10T14:36:50Z INFO [466/750] 93413aa1-c0dd-4667-903d-4228977914c2: 369 datasets; 8.1 s; peak memory 1167 MiB.
2026-10-10T14:36:51Z INFO [467/750] 93427e65-87ea-4987-94e7-0ea2673867a4: 69 datasets; 1.0 s; peak memory 1167 MiB.
2026-10-10T14:36:52Z INFO [468/750] 934291c2-16e1-40b4-9d31-b81c74d85801: 48 datasets; 0.9 s; peak memory 1167 MiB.
2026-10-10T14:36:53Z INFO [469/750] 9342f0fe-5248-4188-91ce-be8062bef705: 116 datasets; 0.8 s; peak memory 1167 MiB.
2026-10-10T14:36:54Z INFO [470/750] 9342f653-4160-42cb-a386-70c428404015: 57 datasets; 0.7 s; peak memory 1167 MiB.
2026-10-10T14:36:54Z INFO [471/750] 93430627-69ee-49c8-bcd9-8111d9036edb: 121 datasets; 0.9 s; peak memory 1167 MiB.
2026-10-10T14:36:56Z INFO [472/750] 9343c0e2-a313-4c6b-88b9-e9753f6bd1d7: 71 datasets; 1.3 s; peak memory 1167 MiB.
2026-10-10T14:36:57Z INFO [473/750] 934453de-0b1a-471c-8795-ec8a8ebb58ff: 46 datasets; 0.7 s; peak memory 1167 MiB.
2026-10-10T14:36:57Z INFO [474/750] 93452b0e-697d-4b8e-99aa-c49d3d0bfa58: 39 datasets; 0.8 s; peak memory 1167 MiB.
2026-10-10T14:36:58Z INFO [475/750] 9345aac6-1918-43a9-824d-983980b712e6: 35 datasets; 0.7 s; peak memory 1167 MiB.
2026-10-10T14:36:59Z INFO [476/750] 9347076f-47fa-46ce-8266-0c94ad7ff0f6: 48 datasets; 0.8 s; peak memory 1167 MiB.
2026-10-10T14:37:00Z INFO [477/750] 93477ace-052b-4c31-91b9-3f6174f1e700: 38 datasets; 1.6 s; peak memory 1167 MiB.
2026-10-10T14:37:01Z INFO [478/750] 93489a85-db01-461f-b1b4-225532eb9872: 46 datasets; 0.7 s; peak memory 1167 MiB.
2026-10-10T14:37:03Z INFO [479/750] 9348a870-ff1d-4eea-b0dd-40d43526265e: 152 datasets; 1.4 s; peak memory 1167 MiB.
2026-10-10T14:37:04Z INFO [480/750] 9348dc75-a068-449e-a531-91c9511cffe1: 112 datasets; 1.1 s; peak memory 1167 MiB.
2026-10-10T14:37:04Z INFO [481/750] 93491c51-85bf-4497-bf8c-20c83959137a: 48 datasets; 0.8 s; peak memory 1167 MiB.
2026-10-10T14:37:06Z INFO [482/750] 93496d6d-dcf8-4cae-912d-a1a818b99037: 74 datasets; 1.5 s; peak memory 1167 MiB.
2026-10-10T14:37:08Z INFO [483/750] 9349bfde-4c9f-4e10-89e3-f4ae9303e04e: 200 datasets; 2.4 s; peak memory 1167 MiB.
2026-10-10T14:37:09Z INFO [484/750] 934a16db-94af-4a7f-87e1-b8c04278959e: 63 datasets; 0.7 s; peak memory 1167 MiB.
2026-10-10T14:37:10Z INFO [485/750] 934a1773-d8e6-4330-9f36-21d9086f7068: 45 datasets; 1.1 s; peak memory 1167 MiB.
2026-10-10T14:37:11Z INFO [486/750] 934a297f-cf4c-4ba7-a385-ee5ef1b22452: 116 datasets; 0.8 s; peak memory 1167 MiB.
2026-10-10T14:37:12Z INFO [487/750] 934a5f8e-3102-4e11-aaec-91a1743d1147: 66 datasets; 1.4 s; peak memory 1167 MiB.
2026-10-10T14:37:13Z INFO [488/750] 934a9782-6374-4880-9044-4eb417647c00: 48 datasets; 0.8 s; peak memory 1167 MiB.
2026-10-10T14:37:14Z INFO [489/750] 934ae741-ad4d-4307-80b2-abb6d07bbb1a: 63 datasets; 0.7 s; peak memory 1167 MiB.
2026-10-10T14:38:52Z INFO [490/750] 934b8354-b48f-4688-86a5-57d811808d2f: 413 datasets; 97.7 s; peak memory 1167 MiB.
2026-10-10T14:38:52Z INFO [491/750] 934bc4dd-9ebc-4283-a577-187d7182f9ab: 50 datasets; 0.8 s; peak memory 1167 MiB.
2026-10-10T14:38:54Z INFO [492/750] 934bfe34-5dee-4c6a-b310-ceae6124e3b8: 112 datasets; 1.4 s; peak memory 1167 MiB.
2026-10-10T14:38:54Z INFO [493/750] 934c10ea-04e2-47f0-9d55-e159974033e0: 48 datasets; 0.7 s; peak memory 1167 MiB.
2026-10-10T14:38:56Z INFO [494/750] 934cc33b-b53d-4dc1-94a0-b4c87509f3aa: 38 datasets; 1.8 s; peak memory 1167 MiB.
2026-10-10T14:38:57Z INFO [495/750] 934d3fe5-c624-4d2e-81b2-05d8a79cedc1: 82 datasets; 1.0 s; peak memory 1167 MiB.
2026-10-10T14:38:58Z INFO [496/750] 934da17c-2fcf-43b6-ba88-ef5d2f92700f: 112 datasets; 1.1 s; peak memory 1167 MiB.
2026-10-10T14:38:59Z INFO [497/750] 934df63f-d41f-416b-b3cd-fa8621637764: 118 datasets; 1.0 s; peak memory 1167 MiB.
2026-10-10T14:39:00Z INFO [498/750] 934ef320-30d3-41f2-bf28-cb07349877f6: 48 datasets; 0.9 s; peak memory 1167 MiB.
2026-10-10T14:39:01Z INFO [499/750] 934fc4b8-1ddf-48e8-a3f0-49331a69cb4b: 117 datasets; 1.1 s; peak memory 1167 MiB.
2026-10-10T14:39:04Z INFO [500/750] 9350223e-35cd-4191-8a10-1be3f41e6c98: 156 datasets; 2.5 s; peak memory 1167 MiB.
2026-10-10T14:39:04Z INFO [500/750] 9350223e-35cd-4191-8a10-1be3f41e6c98: checkpointed 118085 new records.
2026-10-10T14:39:05Z INFO [501/750] 93518043-37fb-4f18-bf63-686b69a3968a: 64 datasets; 1.1 s; peak memory 1167 MiB.
2026-10-10T14:39:14Z INFO [502/750] 935218db-fc4c-40e4-9e23-aae7c08b8ad0: 97 datasets; 9.4 s; peak memory 1167 MiB.
2026-10-10T14:39:15Z INFO [503/750] 9352601f-ef8d-42e1-bdb6-791dbc06fb0e: 118 datasets; 0.8 s; peak memory 1167 MiB.
2026-10-10T14:39:18Z INFO [504/750] 9352ec79-b6b4-443e-8c37-985569153c0f: 113 datasets; 2.9 s; peak memory 1167 MiB.
2026-10-10T14:39:22Z INFO [505/750] 9353050b-6062-4dac-98f4-9e3471dd5ef2: 229 datasets; 3.6 s; peak memory 1167 MiB.
2026-10-10T14:39:23Z INFO [506/750] 93541e07-7596-4c46-8ce8-317b292f270d: 48 datasets; 0.9 s; peak memory 1167 MiB.
2026-10-10T14:39:24Z INFO [507/750] 93546faa-682b-4797-8c92-5a840178fd8b: 48 datasets; 1.0 s; peak memory 1167 MiB.
2026-10-10T14:40:52Z INFO [508/750] 9354745a-296a-4968-8620-a721afd44589: 280 datasets; 88.4 s; peak memory 1167 MiB.
2026-10-10T14:40:53Z INFO [509/750] 9354da2b-cbc2-4af8-a8ff-ac8ca12f8d64: 46 datasets; 0.7 s; peak memory 1167 MiB.
2026-10-10T14:40:54Z INFO [510/750] 9355031c-a689-425d-abb0-5656828b792c: 141 datasets; 1.6 s; peak memory 1167 MiB.
2026-10-10T14:40:55Z INFO [511/750] 93556f18-df1a-4fd2-8106-5d9449ed7f7f: 45 datasets; 0.7 s; peak memory 1167 MiB.
2026-10-10T14:40:56Z INFO [512/750] 935687e3-7102-4445-93fa-89aba2afbb41: 112 datasets; 1.2 s; peak memory 1167 MiB.
2026-10-10T14:40:59Z INFO [513/750] 93571d32-c63b-43bf-bb93-58df81e255b1: 50 datasets; 2.7 s; peak memory 1167 MiB.
2026-10-10T14:41:00Z INFO [514/750] 935735f8-c35f-45a9-9fbd-0f6574e71ccb: 57 datasets; 0.7 s; peak memory 1167 MiB.
2026-10-10T14:41:04Z INFO [515/750] 93577fe4-602d-4009-b042-70d4bdc228ba: 534 datasets; 4.0 s; peak memory 1167 MiB.
2026-10-10T14:41:04Z INFO [516/750] 9357eb22-f06a-44a7-bbac-6051f1dc4a03: 48 datasets; 0.8 s; peak memory 1167 MiB.
2026-10-10T14:41:06Z INFO [517/750] 935a8111-8644-4e1f-b3dd-1ad6cecf690f: 66 datasets; 1.3 s; peak memory 1167 MiB.
2026-10-10T14:41:07Z INFO [518/750] 935ac972-2a37-42bb-abe6-ba7c19d3514f: 41 datasets; 0.7 s; peak memory 1167 MiB.
2026-10-10T14:41:19Z INFO [519/750] 935b8044-dd31-45cd-873f-cd266d88a22d: 1592 datasets; 12.1 s; peak memory 1167 MiB.
2026-10-10T14:41:20Z INFO [520/750] 935bd164-100d-4ff4-9595-63bef2a83004: 71 datasets; 1.3 s; peak memory 1167 MiB.
2026-10-10T14:41:21Z INFO [521/750] 935be60e-cab1-4eae-a333-5f784d3e84cd: 48 datasets; 0.8 s; peak memory 1167 MiB.
2026-10-10T14:41:21Z INFO [522/750] 935c2ab0-53d7-48aa-8db0-63426b651d9d: 48 datasets; 0.8 s; peak memory 1167 MiB.
2026-10-10T14:41:22Z INFO [523/750] 935c2ee1-226e-44e2-b391-640bcf6dd4ae: 65 datasets; 0.9 s; peak memory 1167 MiB.
2026-10-10T14:41:23Z INFO [524/750] 935cd267-ef8d-4280-ae43-d5ee1d9a7f5c: 117 datasets; 0.9 s; peak memory 1167 MiB.
2026-10-10T14:41:26Z INFO [525/750] 935deb56-8fd9-4ed3-bbca-f3f9ad94bda1: 348 datasets; 3.2 s; peak memory 1167 MiB.
2026-10-10T14:41:27Z INFO [526/750] 935e4728-600a-4216-b164-fb761712b2b6: 48 datasets; 0.7 s; peak memory 1167 MiB.
2026-10-10T14:41:28Z INFO [527/750] 935f1dfa-e225-4838-8f3c-52898b07fccc: 112 datasets; 1.3 s; peak memory 1167 MiB.
2026-10-10T14:41:42Z INFO [528/750] 935fad1a-4d61-4ed4-9a31-0889c867f873: 48 datasets; 13.8 s; peak memory 1167 MiB.
2026-10-10T14:41:44Z INFO [529/750] 935fc191-4641-441a-82af-3aa3b52995ae: 115 datasets; 2.0 s; peak memory 1167 MiB.
2026-10-10T14:41:46Z INFO [530/750] 93606be9-f3fd-4971-a67a-a4cece8f45dc: 156 datasets; 2.1 s; peak memory 1167 MiB.
2026-10-10T14:41:47Z INFO [531/750] 936292b7-28d2-4a9f-bb76-4c5c743cc371: 56 datasets; 0.7 s; peak memory 1167 MiB.
2026-10-10T14:41:48Z INFO [532/750] 9362bb12-4656-4606-bced-a4a5fd210422: 38 datasets; 1.4 s; peak memory 1167 MiB.
2026-10-10T14:41:54Z INFO [533/750] 9363b414-f59e-4219-8731-514d58157b72: 41 datasets; 5.2 s; peak memory 1167 MiB.
2026-10-10T14:42:02Z INFO [534/750] 93643d27-c0bf-44e0-89c1-8d0a5720f9e9: 373 datasets; 8.6 s; peak memory 1167 MiB.
2026-10-10T14:42:03Z INFO [535/750] 93654ce6-2373-4915-93d6-5cbd649c9584: 112 datasets; 1.2 s; peak memory 1167 MiB.
2026-10-10T14:42:04Z INFO [536/750] 93655209-94d2-4bea-967d-4b816b53d23c: 48 datasets; 0.8 s; peak memory 1167 MiB.
2026-10-10T14:42:05Z INFO [537/750] 9367c4c3-a5c4-4146-9554-7505cfc69e6b: 48 datasets; 0.8 s; peak memory 1167 MiB.
2026-10-10T14:42:06Z INFO [538/750] 93680213-a378-4230-822a-1fda682f5b21: 52 datasets; 0.9 s; peak memory 1167 MiB.
2026-10-10T14:42:07Z INFO [539/750] 936902c7-aeb0-4c51-bbe9-b33ddac8cf9e: 65 datasets; 0.9 s; peak memory 1167 MiB.
2026-10-10T14:42:08Z INFO [540/750] 936980ae-cacb-4942-894c-f81c25c368ca: 48 datasets; 0.8 s; peak memory 1167 MiB.
2026-10-10T14:42:09Z INFO [541/750] 9369ef25-f2ab-42e2-819e-0bf2190e9df0: 118 datasets; 1.0 s; peak memory 1167 MiB.
2026-10-10T14:42:10Z INFO [542/750] 936a5926-8c9d-41ad-8745-ebfdf0a01cd3: 46 datasets; 0.9 s; peak memory 1167 MiB.
2026-10-10T14:42:10Z INFO [543/750] 936b029f-be1f-45ef-9d19-9c2c44e53362: 118 datasets; 0.9 s; peak memory 1167 MiB.
2026-10-10T14:43:18Z INFO [544/750] 936c5c19-e149-4f2c-8ed1-a65b45840d41: 135 datasets; 67.4 s; peak memory 1167 MiB.
2026-10-10T14:43:19Z INFO [545/750] 936cbb6b-bae1-4d6d-be70-909b4abf7230: 112 datasets; 1.1 s; peak memory 1167 MiB.
2026-10-10T14:43:20Z INFO [546/750] 936d3ada-d543-40cc-ab46-7a9185635b26: 66 datasets; 1.3 s; peak memory 1167 MiB.
2026-10-10T14:43:25Z INFO [547/750] 936e456e-78c0-422b-bb21-a91026126167: 287 datasets; 4.3 s; peak memory 1167 MiB.
2026-10-10T14:43:25Z INFO [548/750] 936f72b2-10f8-483a-90f8-4b912ddbddbf: 48 datasets; 0.9 s; peak memory 1167 MiB.
2026-10-10T14:43:26Z INFO [549/750] 936f73e4-4824-4e60-8039-0b51062ce8ee: 46 datasets; 0.6 s; peak memory 1167 MiB.
2026-10-10T14:43:28Z INFO [550/750] 936f906f-08e3-4505-97f9-ddf80a62b45e: 119 datasets; 1.8 s; peak memory 1167 MiB.
2026-10-10T14:43:28Z INFO [550/750] 936f906f-08e3-4505-97f9-ddf80a62b45e: checkpointed 118135 new records.
2026-10-10T14:43:29Z INFO [551/750] 936f9346-b099-4abf-9657-4824418d85b7: 118 datasets; 0.9 s; peak memory 1167 MiB.
2026-10-10T14:45:14Z INFO [552/750] 936f93bc-0e53-4641-9152-93ba99853fda: 394 datasets; 104.8 s; peak memory 1167 MiB.
2026-10-10T14:45:15Z INFO [553/750] 936fcc8b-6545-4f99-9321-41d068e1114c: 114 datasets; 1.8 s; peak memory 1167 MiB.
2026-10-10T14:45:17Z INFO [554/750] 9370462c-fbfe-4a68-9b96-5dc6d322599e: 112 datasets; 1.2 s; peak memory 1167 MiB.
2026-10-10T14:47:00Z INFO [555/750] 937114cb-6e7e-432d-8353-13a92784d3a5: 280 datasets; 103.6 s; peak memory 1167 MiB.
2026-10-10T14:47:02Z INFO [556/750] 93717a20-be9c-4e6f-b43b-1c473da0fc31: 156 datasets; 2.2 s; peak memory 1167 MiB.
2026-10-10T14:47:03Z INFO [557/750] 9371d48c-1f59-4562-9409-67f863ed0011: 114 datasets; 0.8 s; peak memory 1167 MiB.
2026-10-10T14:47:04Z INFO [558/750] 93724b77-bb59-4de4-9c89-9e827d661ee5: 52 datasets; 0.8 s; peak memory 1167 MiB.
2026-10-10T14:47:05Z INFO [559/750] 937263d3-5e7a-408a-be75-44fd77a4d614: 48 datasets; 0.9 s; peak memory 1167 MiB.
2026-10-10T14:47:06Z INFO [560/750] 9372db12-a365-45a8-845d-2d57f077f69a: 48 datasets; 0.8 s; peak memory 1167 MiB.
2026-10-10T14:47:07Z INFO [561/750] 9373083d-eb02-4e9f-a793-c5b8c6cc3060: 116 datasets; 0.9 s; peak memory 1167 MiB.
2026-10-10T14:47:08Z INFO [562/750] 93738415-8562-4138-8f41-74025ffa5ebe: 94 datasets; 1.2 s; peak memory 1167 MiB.
2026-10-10T14:47:09Z INFO [563/750] 93749015-0e61-41cd-ba16-ddf2d025c8a3: 39 datasets; 1.0 s; peak memory 1167 MiB.
2026-10-10T14:47:10Z INFO [564/750] 9375a3e1-7c07-437a-b082-c3c86fa38d00: 118 datasets; 0.8 s; peak memory 1167 MiB.
2026-10-10T14:47:12Z INFO [565/750] 93765f34-6d2f-4921-9683-11827924f0d0: 156 datasets; 2.5 s; peak memory 1167 MiB.
2026-10-10T14:47:13Z INFO [566/750] 937670c8-3941-4d5d-80df-bbf567541050: 66 datasets; 1.0 s; peak memory 1167 MiB.
2026-10-10T14:47:23Z INFO [567/750] 93776f3e-b15b-48e0-ba58-b5823b05143b: 656 datasets; 10.2 s; peak memory 1167 MiB.
2026-10-10T14:47:25Z INFO [568/750] 93778730-65c3-4748-bb99-7a2a4f1469f4: 140 datasets; 2.0 s; peak memory 1167 MiB.
2026-10-10T14:47:26Z INFO [569/750] 9377b7a1-26fa-4361-b31c-a702ddc8ee5f: 48 datasets; 0.9 s; peak memory 1167 MiB.
2026-10-10T14:47:27Z INFO [570/750] 9377c658-018d-408c-93be-25ae192fef6a: 59 datasets; 1.1 s; peak memory 1167 MiB.
2026-10-10T14:47:28Z INFO [571/750] 9377cbed-7efc-4b26-9f11-4bfe6774d888: 117 datasets; 1.1 s; peak memory 1167 MiB.
2026-10-10T14:47:38Z INFO [572/750] 937957e5-36a7-462e-af38-3686a8bd9d58: 1515 datasets; 10.0 s; peak memory 1167 MiB.
2026-10-10T14:47:47Z INFO [573/750] 937a4bad-f777-493f-9518-9f718c068427: 1002 datasets; 8.4 s; peak memory 1167 MiB.
2026-10-10T14:47:48Z INFO [574/750] 937a75d4-33ad-4436-a443-19c920061a57: 33 datasets; 0.9 s; peak memory 1167 MiB.
2026-10-10T14:47:49Z INFO [575/750] 937aa784-9cf3-479e-8380-c3d330f6c3e3: 92 datasets; 1.1 s; peak memory 1167 MiB.
2026-10-10T14:47:50Z INFO [576/750] 937aab8f-54f5-4136-8d9e-c25f335775cd: 66 datasets; 1.0 s; peak memory 1167 MiB.
2026-10-10T14:47:51Z INFO [577/750] 937af88f-c936-43f2-bd44-a764301f867f: 56 datasets; 0.7 s; peak memory 1167 MiB.
2026-10-10T14:47:51Z INFO [578/750] 937b01aa-8c20-4301-98a9-c5dcfce90d05: 46 datasets; 0.8 s; peak memory 1167 MiB.
2026-10-10T14:47:53Z INFO [579/750] 937e0506-3d6e-41a8-af40-1c999a899530: 76 datasets; 1.4 s; peak memory 1167 MiB.
2026-10-10T14:47:54Z INFO [580/750] 937e0bab-c926-41b7-897b-fa3a754decad: 110 datasets; 1.3 s; peak memory 1167 MiB.
2026-10-10T14:47:55Z INFO [581/750] 937e3e5e-bfe0-451e-8346-a445e824014c: 170 datasets; 1.2 s; peak memory 1167 MiB.
2026-10-10T14:47:57Z INFO [582/750] 937e8671-1fe5-489e-808c-0f9ca3fa1796: 69 datasets; 1.2 s; peak memory 1167 MiB.
2026-10-10T14:47:58Z INFO [583/750] 937ec05a-1bfd-4c58-9b6d-06d6356436b3: 69 datasets; 1.0 s; peak memory 1167 MiB.
2026-10-10T14:47:58Z INFO [584/750] 937ed20e-4b41-49c5-95b9-35293bd2dcf9: 118 datasets; 0.9 s; peak memory 1167 MiB.
2026-10-10T14:47:59Z INFO [585/750] 937fd95a-9179-47be-984c-dd365882b6c3: 112 datasets; 1.0 s; peak memory 1167 MiB.
2026-10-10T14:48:01Z INFO [586/750] 937febdd-44ab-4615-a457-6ce6aa977f47: 71 datasets; 1.4 s; peak memory 1167 MiB.
2026-10-10T14:48:02Z INFO [587/750] 93808acb-b11c-40f3-a1c5-4d5916888ac0: 66 datasets; 1.2 s; peak memory 1167 MiB.
2026-10-10T14:48:03Z INFO [588/750] 9381609a-8d9a-49cc-a63c-af21f9318824: 48 datasets; 0.8 s; peak memory 1167 MiB.
2026-10-10T14:48:04Z INFO [589/750] 9381c5d6-f196-4f45-a2b3-631a9e591658: 117 datasets; 1.0 s; peak memory 1167 MiB.
2026-10-10T14:48:05Z INFO [590/750] 93822f3c-5656-4695-8636-0f1b23ffb8aa: 116 datasets; 0.8 s; peak memory 1167 MiB.
2026-10-10T14:48:06Z INFO [591/750] 93829250-1d56-4d4c-b325-8aaa2e34dc69: 153 datasets; 1.1 s; peak memory 1167 MiB.
2026-10-10T14:48:13Z INFO [592/750] 9383da85-9857-440d-b32d-fe4e9acfe345: 971 datasets; 6.8 s; peak memory 1167 MiB.
2026-10-10T14:48:24Z INFO [593/750] 9384bb77-9e52-43fa-839c-eef09c584bf6: 38 datasets; 11.1 s; peak memory 1167 MiB.
2026-10-10T14:48:25Z INFO [594/750] 9384e46f-9cca-48c5-a8b1-42a1e978e83a: 112 datasets; 1.1 s; peak memory 1167 MiB.
2026-10-10T14:48:31Z INFO [595/750] 9384fc01-5ee4-4907-bc58-d0049ca62c4e: 911 datasets; 6.0 s; peak memory 1167 MiB.
2026-10-10T14:48:32Z INFO [596/750] 9385c577-9f74-4ffa-a9d3-43bf82f7c7dc: 119 datasets; 1.5 s; peak memory 1167 MiB.
2026-10-10T14:48:33Z INFO [597/750] 9387001c-d114-4fac-b732-fc36aa43ad1b: 112 datasets; 1.1 s; peak memory 1167 MiB.
2026-10-10T14:48:35Z INFO [598/750] 938757be-4b18-4bd5-afbd-d5119db7d788: 112 datasets; 1.1 s; peak memory 1167 MiB.
2026-10-10T14:48:36Z INFO [599/750] 93886628-feb7-48fb-a675-7cc9da28f50e: 112 datasets; 1.0 s; peak memory 1167 MiB.
2026-10-10T14:48:36Z INFO [600/750] 93889af2-932a-4b5e-a634-d45cb6b75bcf: 48 datasets; 0.9 s; peak memory 1167 MiB.
2026-10-10T14:48:37Z INFO [600/750] 93889af2-932a-4b5e-a634-d45cb6b75bcf: checkpointed 118185 new records.
2026-10-10T14:48:37Z INFO [601/750] 93893b6e-9fda-414a-8b4c-4799e1b41d7a: 36 datasets; 0.8 s; peak memory 1167 MiB.
2026-10-10T14:48:38Z INFO [602/750] 938a3cc4-ee5d-46c8-adbc-f793dde1222f: 247 datasets; 1.1 s; peak memory 1167 MiB.
2026-10-10T14:48:40Z INFO [603/750] 938ab8fb-3a4d-40e6-8185-fddd6fb061f0: 112 datasets; 1.6 s; peak memory 1167 MiB.
2026-10-10T14:48:41Z INFO [604/750] 938becd9-5a18-4763-9637-82d333af2100: 48 datasets; 0.9 s; peak memory 1167 MiB.
2026-10-10T14:48:42Z INFO [605/750] 938c23a7-178e-44f8-bef0-cac66231bb4b: 69 datasets; 1.3 s; peak memory 1167 MiB.
2026-10-10T14:48:43Z INFO [606/750] 938dd1a3-4f4c-4d3d-8606-add3804e3eb1: 71 datasets; 0.9 s; peak memory 1167 MiB.
2026-10-10T14:48:44Z INFO [607/750] 938dd210-93fd-4897-9004-e116aa6443d9: 56 datasets; 0.7 s; peak memory 1167 MiB.
2026-10-10T14:48:45Z INFO [608/750] 938de5b6-db0c-4634-9e09-f017057d1ae5: 71 datasets; 1.6 s; peak memory 1167 MiB.
2026-10-10T14:48:47Z INFO [609/750] 938ee718-2087-4357-8add-1b1dc56beebb: 152 datasets; 1.3 s; peak memory 1167 MiB.
2026-10-10T14:48:48Z INFO [610/750] 938ff7d2-ca04-4fc4-9cf6-8b035106009e: 121 datasets; 0.7 s; peak memory 1167 MiB.
2026-10-10T14:48:48Z INFO [611/750] 93900bd7-defb-430b-805d-7992f5cb3bff: 46 datasets; 0.8 s; peak memory 1167 MiB.
2026-10-10T14:48:49Z INFO [612/750] 93901f67-8622-4472-a88b-a2a18e6fe02b: 41 datasets; 0.7 s; peak memory 1167 MiB.
2026-10-10T14:48:50Z INFO [613/750] 939096bd-b6d2-4639-b154-f21959baadf5: 112 datasets; 1.1 s; peak memory 1167 MiB.
2026-10-10T14:48:51Z INFO [614/750] 9390db90-1858-4678-8288-715ae38d48e1: 46 datasets; 0.7 s; peak memory 1167 MiB.
2026-10-10T14:48:52Z INFO [615/750] 93916c94-25bc-436a-a22a-cbdfce4d9477: 116 datasets; 1.0 s; peak memory 1167 MiB.
2026-10-10T14:48:54Z INFO [616/750] 93920b34-b986-4f3e-8d6e-d851da65482b: 38 datasets; 2.0 s; peak memory 1167 MiB.
2026-10-10T14:48:55Z INFO [617/750] 93927240-e58c-4d3d-af75-1d3bdcf2f174: 48 datasets; 0.9 s; peak memory 1167 MiB.
2026-10-10T14:48:55Z INFO [618/750] 93929175-ab56-4e73-936b-bd23f68c58dd: 56 datasets; 0.6 s; peak memory 1167 MiB.
2026-10-10T14:48:57Z INFO [619/750] 939328af-cd86-4a23-ae4b-50af9039f1ff: 112 datasets; 1.3 s; peak memory 1167 MiB.
2026-10-10T14:50:30Z INFO [620/750] 9393c96f-f7a6-4ebf-9996-57fe45eec0f6: 167 datasets; 93.2 s; peak memory 1167 MiB.
2026-10-10T14:50:31Z INFO [621/750] 939476cb-ce4a-4fee-a8b0-ea2172ac1667: 79 datasets; 0.9 s; peak memory 1167 MiB.
2026-10-10T14:50:33Z INFO [622/750] 93948011-d1ff-41de-865f-3eefe729c599: 124 datasets; 2.3 s; peak memory 1167 MiB.
2026-10-10T14:50:35Z INFO [623/750] 93967d13-639f-487d-812b-b06d758d4668: 156 datasets; 2.4 s; peak memory 1167 MiB.
2026-10-10T14:50:37Z INFO [624/750] 9396c108-2ed4-4d16-88bd-e1af5c7e00ea: 112 datasets; 1.2 s; peak memory 1167 MiB.
2026-10-10T14:50:37Z INFO [625/750] 93976c53-b1d8-4b01-947d-4c8a87b4040b: 50 datasets; 0.7 s; peak memory 1167 MiB.
2026-10-10T14:50:38Z INFO [626/750] 93977c5f-75c1-46ba-b410-6ac580d04943: 117 datasets; 0.8 s; peak memory 1167 MiB.
2026-10-10T14:50:40Z INFO [627/750] 93978cbf-cc63-4487-8e67-dbaf44e6e3ac: 78 datasets; 1.5 s; peak memory 1167 MiB.
2026-10-10T14:50:42Z INFO [628/750] 9398200b-a698-478f-a2ac-99df94fd6065: 129 datasets; 2.9 s; peak memory 1167 MiB.
2026-10-10T14:52:14Z INFO [629/750] 93995a5b-9494-4fcd-9f50-85fb127724ba: 260 datasets; 91.8 s; peak memory 1167 MiB.
2026-10-10T14:52:15Z INFO [630/750] 93999774-92c4-4558-9d3e-5ff83ab94814: 117 datasets; 1.0 s; peak memory 1167 MiB.
2026-10-10T14:52:16Z INFO [631/750] 9399a970-d8ee-4aab-8069-ae7706bb849d: 52 datasets; 0.8 s; peak memory 1167 MiB.
2026-10-10T14:52:17Z INFO [632/750] 939a3365-9296-4f61-afc5-7a06aa85cae3: 48 datasets; 0.9 s; peak memory 1167 MiB.
2026-10-10T14:52:18Z INFO [633/750] 939bd485-8745-474b-83a1-c4c5cddf72f8: 117 datasets; 1.1 s; peak memory 1167 MiB.
2026-10-10T14:52:21Z INFO [634/750] 939be51d-5715-44a0-8f2b-887acd7c9ec2: 390 datasets; 2.6 s; peak memory 1167 MiB.
2026-10-10T14:52:21Z INFO [635/750] 939cb198-779b-45c8-9f17-a34dee7c73b2: 46 datasets; 0.7 s; peak memory 1167 MiB.
2026-10-10T14:52:22Z INFO [636/750] 939cdfc7-796e-4084-bc50-cb94e99d6caa: 72 datasets; 0.8 s; peak memory 1167 MiB.
2026-10-10T14:52:23Z INFO [637/750] 939ce6c1-f25c-490f-a8ba-bc7709d0a721: 49 datasets; 1.1 s; peak memory 1167 MiB.
2026-10-10T14:52:26Z INFO [638/750] 939f16f0-044f-4014-85ed-e20a8a57d00e: 155 datasets; 2.4 s; peak memory 1167 MiB.
2026-10-10T14:52:26Z INFO [639/750] 939f5ebe-2c33-4e96-b3e0-006072b90b05: 48 datasets; 0.8 s; peak memory 1167 MiB.
2026-10-10T14:52:34Z INFO [640/750] 939fd45b-0170-40a4-9085-6367dfc42df0: 384 datasets; 7.5 s; peak memory 1167 MiB.
2026-10-10T14:52:38Z INFO [641/750] 93a0ea3f-5e6b-4526-9b5a-eca7ac8ed785: 538 datasets; 3.9 s; peak memory 1167 MiB.
2026-10-10T14:52:39Z INFO [642/750] 93a0f888-7807-4fe0-a311-3f9de3670ec4: 117 datasets; 0.9 s; peak memory 1167 MiB.
2026-10-10T14:52:48Z INFO [643/750] 93a11487-3c32-437a-9fe0-bc2ec80d10c7: 1647 datasets; 9.7 s; peak memory 1167 MiB.
2026-10-10T14:52:51Z INFO [644/750] 93a181b7-35ba-47df-a8d9-98ba468005b7: 380 datasets; 2.4 s; peak memory 1167 MiB.
2026-10-10T14:52:52Z INFO [645/750] 93a21504-e752-4c90-912e-7254e508bc8a: 112 datasets; 1.1 s; peak memory 1167 MiB.
2026-10-10T14:52:54Z INFO [646/750] 93a22d0d-686d-468f-901d-be287daed20d: 38 datasets; 1.7 s; peak memory 1167 MiB.
2026-10-10T14:52:54Z INFO [647/750] 93a25d1f-7ab9-46be-8f67-c48add833782: 45 datasets; 0.8 s; peak memory 1167 MiB.
2026-10-10T14:52:55Z INFO [648/750] 93a326c8-9f3a-497f-a1ee-306aa40bf4eb: 117 datasets; 0.9 s; peak memory 1167 MiB.
2026-10-10T14:52:56Z INFO [649/750] 93a32f30-5479-40c4-89ba-a4d50a2982f7: 48 datasets; 0.9 s; peak memory 1167 MiB.
2026-10-10T14:52:57Z INFO [650/750] 93a3acb8-02cd-4021-9fce-2d28202cc3b7: 54 datasets; 0.5 s; peak memory 1167 MiB.
2026-10-10T14:52:57Z INFO [650/750] 93a3acb8-02cd-4021-9fce-2d28202cc3b7: checkpointed 118235 new records.
2026-10-10T14:53:06Z INFO [651/750] 93a40f57-568b-4daa-98a0-c6db35df2d6f: 1058 datasets; 8.7 s; peak memory 1167 MiB.
2026-10-10T14:53:06Z INFO [652/750] 93a43776-6beb-41bf-b89f-7e21f03f88ad: 63 datasets; 0.7 s; peak memory 1167 MiB.
2026-10-10T14:53:08Z INFO [653/750] 93a4e08c-6b12-4bb1-a226-f5eecf09df2e: 66 datasets; 1.1 s; peak memory 1167 MiB.
2026-10-10T14:53:08Z INFO [654/750] 93a543ba-16f9-40ae-9bed-6ffff5c0b118: 118 datasets; 0.9 s; peak memory 1167 MiB.
2026-10-10T14:53:10Z INFO [655/750] 93a572d6-640b-4ad4-9028-3b22c8d2c042: 102 datasets; 1.2 s; peak memory 1167 MiB.
2026-10-10T14:53:10Z INFO [656/750] 93a5a52f-ebc2-4fab-88be-9c281b78ac0a: 48 datasets; 0.7 s; peak memory 1167 MiB.
2026-10-10T14:53:11Z INFO [657/750] 93a68d70-8d0d-48f6-b87b-9b113752e97f: 118 datasets; 1.2 s; peak memory 1167 MiB.
2026-10-10T14:53:12Z INFO [658/750] 93a71b16-22b1-4435-866f-8f6133141c33: 112 datasets; 0.9 s; peak memory 1167 MiB.
2026-10-10T14:53:14Z INFO [659/750] 93a769a3-a2fa-41f6-b8b2-fb09a263e282: 80 datasets; 1.8 s; peak memory 1167 MiB.
2026-10-10T14:53:15Z INFO [660/750] 93a7a824-c084-4c79-b73a-ef5e743c6cb8: 118 datasets; 1.2 s; peak memory 1167 MiB.
2026-10-10T14:53:21Z INFO [661/750] 93a84557-6dec-459d-907b-a45de9550e90: 41 datasets; 5.6 s; peak memory 1167 MiB.
2026-10-10T14:53:22Z INFO [662/750] 93a8a39f-51b0-40cd-933b-0df912376a14: 46 datasets; 0.7 s; peak memory 1167 MiB.
2026-10-10T14:53:22Z INFO [663/750] 93a8d62d-dcbb-41d1-8687-57c505ab3d9f: 48 datasets; 0.7 s; peak memory 1167 MiB.
2026-10-10T14:53:28Z INFO [664/750] 93a9646b-1b7c-46a6-807a-7fc23af86d52: 805 datasets; 6.0 s; peak memory 1167 MiB.
2026-10-10T14:53:30Z INFO [665/750] 93a96cf7-fe43-4a52-8794-495846a736e8: 41 datasets; 1.9 s; peak memory 1167 MiB.
2026-10-10T14:53:31Z INFO [666/750] 93a9df3f-4bde-451f-8ffb-2378217a14e3: 71 datasets; 1.1 s; peak memory 1167 MiB.
2026-10-10T14:53:32Z INFO [667/750] 93ab0990-6226-453b-80d1-d814c033e1ed: 48 datasets; 0.8 s; peak memory 1167 MiB.
2026-10-10T14:53:39Z INFO [668/750] 93ab5f89-431d-40fe-a378-b3254065229d: 106 datasets; 7.1 s; peak memory 1167 MiB.
2026-10-10T14:53:41Z INFO [669/750] 93ab8799-009c-4aa4-9f91-03c2027d8a6e: 112 datasets; 1.2 s; peak memory 1167 MiB.
2026-10-10T14:53:43Z INFO [670/750] 93ac0834-d6d2-4b93-87fb-30919037b3ce: 71 datasets; 2.0 s; peak memory 1167 MiB.
2026-10-10T14:53:43Z INFO [671/750] 93ac594b-e27b-4c23-b4be-287ed7086584: 52 datasets; 0.9 s; peak memory 1167 MiB.
2026-10-10T14:53:45Z INFO [672/750] 93ac845c-8663-4c93-8176-e9a8bf8e7b90: 112 datasets; 1.2 s; peak memory 1167 MiB.
2026-10-10T14:53:46Z INFO [673/750] 93adf76e-ea0f-4eed-b133-1e4083cc8200: 115 datasets; 1.6 s; peak memory 1167 MiB.
2026-10-10T14:53:47Z INFO [674/750] 93af955b-3a40-42cc-8664-1c2e89cdab86: 52 datasets; 0.7 s; peak memory 1167 MiB.
2026-10-10T14:53:48Z INFO [675/750] 93b06277-28fa-4d22-9d4b-2df3429ca75f: 42 datasets; 0.7 s; peak memory 1167 MiB.
2026-10-10T14:53:48Z INFO [676/750] 93b1437b-4177-4b27-b4a7-7d711ee659d3: 48 datasets; 0.8 s; peak memory 1167 MiB.
2026-10-10T14:53:50Z INFO [677/750] 93b17106-a6e0-48e0-91e3-67036dd8c912: 76 datasets; 1.1 s; peak memory 1167 MiB.
2026-10-10T14:53:50Z INFO [678/750] 93b28796-c7d0-4f46-bfc7-5fde1b65f53f: 48 datasets; 0.7 s; peak memory 1167 MiB.
2026-10-10T14:53:53Z INFO [679/750] 93b36af0-0fea-4e3f-b987-e2bee57229bf: 133 datasets; 2.7 s; peak memory 1167 MiB.
2026-10-10T14:53:55Z INFO [680/750] 93b6b19d-741a-443e-a9ca-d32c98a1b9a6: 119 datasets; 1.9 s; peak memory 1167 MiB.
2026-10-10T14:54:06Z INFO [681/750] 93b72482-e84f-40ef-b3cc-ecc0cb78060e: 38 datasets; 11.1 s; peak memory 1167 MiB.
2026-10-10T14:54:07Z INFO [682/750] 93b7474c-53a3-44ef-8159-77133276db56: 48 datasets; 0.7 s; peak memory 1167 MiB.
2026-10-10T14:54:07Z INFO [683/750] 93b75a49-639a-4063-8105-df5fdd55b6fb: 55 datasets; 0.6 s; peak memory 1167 MiB.
2026-10-10T14:54:08Z INFO [684/750] 93b77856-33f6-4a1b-a78d-65e736b9a9a1: 45 datasets; 0.6 s; peak memory 1167 MiB.
2026-10-10T14:54:09Z INFO [685/750] 93b793eb-6a3c-4a39-9e31-0ad689faadd5: 118 datasets; 1.1 s; peak memory 1167 MiB.
2026-10-10T14:54:14Z INFO [686/750] 93b7e88d-3ca1-4701-bf84-914ccc7a25ef: 266 datasets; 5.2 s; peak memory 1167 MiB.
2026-10-10T14:54:15Z INFO [687/750] 93b8e8fb-ecca-43de-998b-442cdbbe8408: 48 datasets; 0.8 s; peak memory 1167 MiB.
2026-10-10T14:54:17Z INFO [688/750] 93b91d3e-06d2-41d6-8982-f57800eef220: 49 datasets; 1.5 s; peak memory 1167 MiB.
2026-10-10T14:54:18Z INFO [689/750] 93b96f98-425d-4df9-9ec6-7f369aa6abd0: 114 datasets; 1.6 s; peak memory 1167 MiB.
2026-10-10T14:54:24Z INFO [690/750] 93b98ec5-2b95-4c6a-b0a3-e555bad11cb0: 79 datasets; 5.8 s; peak memory 1167 MiB.
2026-10-10T14:54:25Z INFO [691/750] 93b9a71f-3398-4fc7-9965-20fe35f090f8: 77 datasets; 0.8 s; peak memory 1167 MiB.
2026-10-10T14:54:26Z INFO [692/750] 93ba28b7-5c60-4062-ad50-76cabddf6053: 68 datasets; 1.0 s; peak memory 1167 MiB.
2026-10-10T14:54:35Z INFO [693/750] 93ba828f-6be3-4187-91d2-b197f8b964cf: 493 datasets; 9.6 s; peak memory 1167 MiB.
2026-10-10T14:54:37Z INFO [694/750] 93badb70-9204-46b6-8ae3-73a1d1d4b2ab: 118 datasets; 1.9 s; peak memory 1167 MiB.
2026-10-10T14:54:38Z INFO [695/750] 93bb0ca8-a65c-46ac-afe9-e30ff08eb9fe: 48 datasets; 0.9 s; peak memory 1167 MiB.
2026-10-10T14:54:41Z INFO [696/750] 93bb568c-b251-4608-9b2b-eb49815f08ff: 486 datasets; 3.2 s; peak memory 1167 MiB.
2026-10-10T14:54:42Z INFO [697/750] 93bc10af-8ee6-4fc7-a1e4-e539b79df53f: 48 datasets; 0.9 s; peak memory 1167 MiB.
2026-10-10T14:54:43Z INFO [698/750] 93bcc0b5-c00d-41c9-8751-b47b83964e5a: 66 datasets; 0.9 s; peak memory 1167 MiB.
2026-10-10T14:54:45Z INFO [699/750] 93bcf60f-c92b-4c9b-9cdc-382a47d2f223: 38 datasets; 2.0 s; peak memory 1167 MiB.
2026-10-10T14:54:47Z INFO [700/750] 93be4a4d-95b8-4dc1-a692-feb5df93ecd3: 71 datasets; 1.3 s; peak memory 1167 MiB.
2026-10-10T14:54:47Z INFO [700/750] 93be4a4d-95b8-4dc1-a692-feb5df93ecd3: checkpointed 118285 new records.
2026-10-10T14:54:47Z INFO [701/750] 93be67c9-5e2d-4f20-9672-2d2d197c823e: 50 datasets; 0.6 s; peak memory 1167 MiB.
2026-10-10T14:54:49Z INFO [702/750] 93bed3ba-22e4-43ab-b248-a42c525b9971: 102 datasets; 1.3 s; peak memory 1167 MiB.
2026-10-10T14:54:50Z INFO [703/750] 93beec37-1aa1-4840-a0fb-130c81ec1b97: 116 datasets; 0.9 s; peak memory 1167 MiB.
2026-10-10T14:54:50Z INFO [704/750] 93bf0f65-6836-499d-914d-6911b2b3fe95: 48 datasets; 0.7 s; peak memory 1167 MiB.
2026-10-10T14:55:05Z INFO [705/750] 93bfcfb0-2ce5-4b45-8293-2861ca559b84: 48 datasets; 15.0 s; peak memory 1167 MiB.
2026-10-10T14:55:07Z INFO [706/750] 93c015d9-4eb4-4abf-8747-115ebc15f094: 73 datasets; 1.5 s; peak memory 1167 MiB.
2026-10-10T14:55:09Z INFO [707/750] 93c0279d-5073-46b4-9e5d-5b0e6511fe31: 156 datasets; 2.3 s; peak memory 1167 MiB.
2026-10-10T14:55:23Z INFO [708/750] 93c1976d-9d7c-42b0-8d8d-2ba11842d579: 4418 datasets; 13.8 s; peak memory 1167 MiB.
2026-10-10T14:55:25Z INFO [709/750] 93c1db21-bf4e-4e21-934f-96fcfe25be6a: 80 datasets; 1.9 s; peak memory 1167 MiB.
2026-10-10T14:55:40Z INFO [710/750] 93c21f09-c914-4f5d-97f7-7778b070be35: 48 datasets; 15.1 s; peak memory 1167 MiB.
2026-10-10T14:55:41Z INFO [711/750] 93c240aa-c3ba-4c27-a72b-cef44105045d: 66 datasets; 1.0 s; peak memory 1167 MiB.
2026-10-10T14:55:42Z INFO [712/750] 93c2c5cc-034f-4fba-bd40-48d99f8c68f7: 117 datasets; 1.1 s; peak memory 1167 MiB.
2026-10-10T14:55:45Z INFO [713/750] 93c2f5de-e5d8-40da-b753-eb207068056b: 92 datasets; 3.1 s; peak memory 1167 MiB.
2026-10-10T14:55:46Z INFO [714/750] 93c30a24-e797-44e1-a159-5213d4122cb9: 116 datasets; 1.0 s; peak memory 1167 MiB.
2026-10-10T14:55:47Z INFO [715/750] 93c30bfa-81ee-4bc6-9a47-c676d9f21bf8: 83 datasets; 1.0 s; peak memory 1167 MiB.
2026-10-10T14:55:48Z INFO [716/750] 93c33cd7-00de-4dc2-af9b-3704a94d5bbe: 48 datasets; 0.9 s; peak memory 1167 MiB.
2026-10-10T14:55:49Z INFO [717/750] 93c39208-a96b-4261-98e8-80eaa2c39955: 76 datasets; 1.0 s; peak memory 1167 MiB.
2026-10-10T14:55:50Z INFO [718/750] 93c3bc2a-4af9-49ab-9ed7-97517e492623: 117 datasets; 1.0 s; peak memory 1167 MiB.
2026-10-10T14:55:52Z INFO [719/750] 93c3bdd2-5979-47ad-9a9d-9ce36f6fbd0f: 156 datasets; 2.2 s; peak memory 1167 MiB.
2026-10-10T14:55:53Z INFO [720/750] 93c3c937-9245-42fa-a2b7-61eb0f84e4cf: 112 datasets; 1.1 s; peak memory 1167 MiB.
2026-10-10T14:55:56Z INFO [721/750] 93c42383-6381-414b-806e-695f6efadb84: 156 datasets; 2.3 s; peak memory 1167 MiB.
2026-10-10T14:55:57Z INFO [722/750] 93c58a96-ff5a-4d3b-a83e-426fe9e85e33: 48 datasets; 0.8 s; peak memory 1167 MiB.
2026-10-10T14:56:13Z INFO [723/750] 93c5ac61-6abf-4ab6-ae8c-d4039a7aa091: 886 datasets; 16.4 s; peak memory 1167 MiB.
2026-10-10T14:56:14Z INFO [724/750] 93c64811-0a32-42a2-82b0-ff6e3ac69a7c: 79 datasets; 0.9 s; peak memory 1167 MiB.
2026-10-10T14:56:23Z INFO [725/750] 93c73215-58c8-47fd-8335-0421fde3496a: 359 datasets; 9.3 s; peak memory 1167 MiB.
2026-10-10T14:56:24Z INFO [726/750] 93c7b0d7-bd90-4f16-8527-c076a60324a2: 64 datasets; 1.1 s; peak memory 1167 MiB.
2026-10-10T14:56:25Z INFO [727/750] 93c85be2-16bc-4e3c-8307-54c874e06e73: 230 datasets; 0.9 s; peak memory 1167 MiB.
2026-10-10T14:56:26Z INFO [728/750] 93c88c2d-92cf-4b69-ada2-8c6e7e6c3a2c: 48 datasets; 0.7 s; peak memory 1167 MiB.
2026-10-10T14:56:27Z INFO [729/750] 93c90109-853e-4c7a-9893-8408d762ce92: 119 datasets; 1.4 s; peak memory 1167 MiB.
2026-10-10T14:57:47Z INFO [730/750] 93ca8f22-4030-4ffd-b0ab-69cbeb284b51: 6034 datasets; 79.4 s; peak memory 1167 MiB.
2026-10-10T14:57:48Z INFO [731/750] 93cb1b94-56ca-4061-861c-cd6d3c6e15f4: 48 datasets; 0.8 s; peak memory 1167 MiB.
2026-10-10T14:59:33Z INFO [732/750] 93cb3768-4d22-41cb-8cd7-ead0094a8cec: 167 datasets; 105.6 s; peak memory 1167 MiB.
2026-10-10T14:59:34Z INFO [733/750] 93cc1a49-f42b-4c0d-ab60-0a90456de217: 46 datasets; 0.6 s; peak memory 1167 MiB.
2026-10-10T14:59:35Z INFO [734/750] 93cc4f1f-c053-4a9e-a3d0-6207077f69d4: 48 datasets; 0.8 s; peak memory 1167 MiB.
2026-10-10T14:59:35Z INFO [735/750] 93ce042b-d6b2-4a2a-ac06-08ae3b7cf5d4: 38 datasets; 0.6 s; peak memory 1167 MiB.
2026-10-10T14:59:36Z INFO [736/750] 93ce7a0c-74b8-4d63-8278-2e3900873ac2: 117 datasets; 1.2 s; peak memory 1167 MiB.
2026-10-10T14:59:45Z INFO [737/750] 93cebce7-6389-4c91-a7d3-3375e4af6281: 510 datasets; 8.1 s; peak memory 1167 MiB.
2026-10-10T14:59:54Z INFO [738/750] 93d0f524-c698-4581-bb55-c3680caa0779: 3110 datasets; 9.6 s; peak memory 1167 MiB.
2026-10-10T14:59:55Z INFO [739/750] 93d114d7-0995-402b-99fc-94abc8161301: 46 datasets; 0.7 s; peak memory 1167 MiB.
2026-10-10T14:59:57Z INFO [740/750] 93d13d1a-70a5-40b7-8675-1a8ae3722a38: 158 datasets; 1.8 s; peak memory 1167 MiB.
2026-10-10T14:59:58Z INFO [741/750] 93d151db-7d4e-46c8-bfaf-2a824b7af027: 117 datasets; 1.1 s; peak memory 1167 MiB.
2026-10-10T15:00:23Z INFO [742/750] 93d1f09a-0d9b-4945-b0b1-4620aa383d68: 5191 datasets; 24.9 s; peak memory 1167 MiB.
2026-10-10T15:00:24Z INFO [743/750] 93d28942-d51b-4f68-809d-fb6f7353dc65: 70 datasets; 1.5 s; peak memory 1167 MiB.
2026-10-10T15:00:25Z INFO [744/750] 93d2a438-9390-4a7d-a452-822fa443c884: 114 datasets; 0.8 s; peak memory 1167 MiB.
2026-10-10T15:00:26Z INFO [745/750] 93d2c5a8-0668-4a3b-a460-136794c78302: 45 datasets; 1.0 s; peak memory 1167 MiB.
2026-10-10T15:00:27Z INFO [746/750] 93d3374d-1b3e-4cf3-8d2b-c4b50067a0d4: 46 datasets; 0.8 s; peak memory 1167 MiB.
2026-10-10T15:00:29Z INFO [747/750] 93d342ad-af67-489f-a59d-1b172e3f2f9f: 101 datasets; 2.0 s; peak memory 1167 MiB.
2026-10-10T15:00:38Z INFO [748/750] 93d3677d-018a-4e57-b170-b3b52f7fcf8b: 677 datasets; 9.1 s; peak memory 1167 MiB.
2026-10-10T15:00:38Z INFO [749/750] 93d4a8cf-db32-4f11-a05b-d0a4e5b4569a: 37 datasets; 0.6 s; peak memory 1167 MiB.
2026-10-10T15:00:39Z INFO [750/750] 93d4abf5-4e2c-4f7b-ab4d-48bb72461a32: 112 datasets; 1.0 s; peak memory 1167 MiB.
2026-10-10T15:00:40Z INFO [750/750] 93d4abf5-4e2c-4f7b-ab4d-48bb72461a32: checkpointed 118335 new records.
2026-10-10T15:00:40Z INFO Wrote 118335 records to /tmp/derivatives/valid_nwb_file_to_number_of_datasets.jsonl (750 new, 0 failed) in 86.1 min (peak memory 1167 MiB).
