2026-10-08T02:57:28Z INFO Logging to /tmp/logs/update_2026-10-08T02-57-28Z.log.
2026-10-08T02:57:28Z INFO Update valid-nwb-file-to-number-of-datasets (base directory /tmp).
2026-10-08T02:57:29Z INFO Processing 750 items (96585 already recorded).
2026-10-08T02:57:30Z INFO [1/750] 671763aa-7628-46c5-8daf-64bafee86ca6: 48 datasets; 1.2 s; peak memory 111 MiB.
2026-10-08T02:57:31Z INFO [2/750] 67176a87-6d19-46d5-9d9f-d56fa9dec789: 77 datasets; 1.0 s; peak memory 113 MiB.
2026-10-08T02:57:32Z INFO [3/750] 67183d10-24ed-4515-a845-d397b750ff16: 112 datasets; 1.1 s; peak memory 117 MiB.
2026-10-08T03:00:06Z INFO [4/750] 6718b709-5de5-45b6-9368-ce559c8601bf: 173 datasets; 154.2 s; peak memory 316 MiB.
2026-10-08T03:00:23Z INFO [5/750] 6718c3a8-6937-4fff-ad14-4b98b0e29768: 48 datasets; 16.9 s; peak memory 316 MiB.
2026-10-08T03:00:24Z INFO [6/750] 67194daf-3f90-48ba-a781-fbb9185af6cf: 48 datasets; 0.9 s; peak memory 316 MiB.
2026-10-08T03:00:25Z INFO [7/750] 6719a1c6-a461-419f-b74f-d01668a6ee98: 109 datasets; 1.1 s; peak memory 316 MiB.
2026-10-08T03:00:30Z INFO [8/750] 6719c5ea-0741-464d-b441-6b2caceafa62: 49 datasets; 5.2 s; peak memory 316 MiB.
2026-10-08T03:00:32Z INFO [9/750] 671b020b-19ed-4545-b312-9ec2c609a857: 113 datasets; 1.2 s; peak memory 316 MiB.
2026-10-08T03:00:32Z INFO [10/750] 671cbabc-5db7-47db-8353-3d2f1c001e1a: 35 datasets; 0.7 s; peak memory 316 MiB.
2026-10-08T03:00:33Z INFO [11/750] 671d6bfe-c8c8-4dc6-9848-4c49d5111d81: 48 datasets; 0.9 s; peak memory 316 MiB.
2026-10-08T03:00:34Z INFO [12/750] 671db898-04a5-4f18-9a72-34183d69901c: 117 datasets; 0.9 s; peak memory 316 MiB.
2026-10-08T03:00:35Z INFO [13/750] 671f7766-56ac-4835-b243-9d15bebb8013: 112 datasets; 1.2 s; peak memory 316 MiB.
2026-10-08T03:00:39Z INFO [14/750] 67206701-e267-452c-a956-dc56110be306: 174 datasets; 3.5 s; peak memory 316 MiB.
2026-10-08T03:00:39Z INFO [15/750] 6720995d-db03-4a78-b627-c5f7fc9bea01: 46 datasets; 0.5 s; peak memory 317 MiB.
2026-10-08T03:01:00Z INFO [16/750] 67210d68-0ab3-4526-936d-2af1e3139050: 1138 datasets; 20.4 s; peak memory 317 MiB.
2026-10-08T03:01:01Z INFO [17/750] 672150f2-895e-48f4-bb4e-a9d4680f885c: 117 datasets; 1.1 s; peak memory 317 MiB.
2026-10-08T03:01:02Z INFO [18/750] 6721b983-5da9-49c5-b780-a9c2eaee22ee: 43 datasets; 0.9 s; peak memory 318 MiB.
2026-10-08T03:01:09Z INFO [19/750] 6723a92c-8e3c-4715-b15a-dc09f506d3fa: 410 datasets; 7.0 s; peak memory 318 MiB.
2026-10-08T03:01:10Z INFO [20/750] 6724b19c-d624-49b6-8c48-8a1694356271: 48 datasets; 0.8 s; peak memory 318 MiB.
2026-10-08T03:01:10Z INFO [21/750] 6726205e-fa6a-496d-8c76-66717e59fb1c: 68 datasets; 0.8 s; peak memory 318 MiB.
2026-10-08T03:01:11Z INFO [22/750] 672634b0-2cd2-4b3e-8ae8-c88b24043469: 50 datasets; 0.6 s; peak memory 318 MiB.
2026-10-08T03:01:12Z INFO [23/750] 6726f122-2885-40b3-b547-23ffba73423a: 48 datasets; 0.8 s; peak memory 318 MiB.
2026-10-08T03:01:17Z INFO [24/750] 67271418-6d7f-4fdc-ac03-ed241f5bd028: 1703 datasets; 5.5 s; peak memory 318 MiB.
2026-10-08T03:01:19Z INFO [25/750] 672714de-72f6-4a59-9878-e7315be84d89: 38 datasets; 1.8 s; peak memory 318 MiB.
2026-10-08T03:01:21Z INFO [26/750] 672788d3-81af-486c-87f3-fd1c9e96a912: 66 datasets; 1.5 s; peak memory 318 MiB.
2026-10-08T03:01:22Z INFO [27/750] 6727a540-e8fa-40c7-a272-2bd3c0c8d7e5: 112 datasets; 1.1 s; peak memory 318 MiB.
2026-10-08T03:01:23Z INFO [28/750] 67286873-93c3-4bb4-97b8-b4e2b9cd065c: 71 datasets; 1.3 s; peak memory 318 MiB.
2026-10-08T03:01:25Z INFO [29/750] 6728ed2c-af62-499c-a76e-08ca06cf4d77: 115 datasets; 1.8 s; peak memory 318 MiB.
2026-10-08T03:01:26Z INFO [30/750] 6729f394-c218-462f-ac0c-351a25db1a6a: 48 datasets; 0.8 s; peak memory 318 MiB.
2026-10-08T03:01:26Z INFO [31/750] 672a29e3-d227-44a0-93a4-f473afd15fe8: 41 datasets; 0.7 s; peak memory 318 MiB.
2026-10-08T03:01:27Z INFO [32/750] 672acda2-988b-4921-9bad-0ca088c196ac: 72 datasets; 1.0 s; peak memory 318 MiB.
2026-10-08T03:01:28Z INFO [33/750] 672ad618-8570-4a20-814f-b6d67fdda32f: 48 datasets; 0.9 s; peak memory 318 MiB.
2026-10-08T03:01:29Z INFO [34/750] 672c1551-35b7-46e8-81a5-645fc31065e0: 48 datasets; 0.8 s; peak memory 318 MiB.
2026-10-08T03:01:30Z INFO [35/750] 672d3bb3-3655-4575-9103-492bcf59e86f: 48 datasets; 0.7 s; peak memory 318 MiB.
2026-10-08T03:01:31Z INFO [36/750] 672d49ed-8199-48db-9500-d52e3b3b10bd: 66 datasets; 1.1 s; peak memory 318 MiB.
2026-10-08T03:01:32Z INFO [37/750] 672d84ee-70fa-4c5c-8c29-20c42fb168af: 48 datasets; 0.8 s; peak memory 318 MiB.
2026-10-08T03:01:33Z INFO [38/750] 672dfc2d-e037-4750-b45b-c3bc1ebb43cc: 42 datasets; 1.1 s; peak memory 318 MiB.
2026-10-08T03:01:33Z INFO [39/750] 672ea1d4-dd24-4256-a39b-04e0c3677f63: 46 datasets; 0.7 s; peak memory 318 MiB.
2026-10-08T03:01:35Z INFO [40/750] 672f1cda-1b48-4307-b4c0-dd7d8a10c3df: 71 datasets; 1.6 s; peak memory 319 MiB.
2026-10-08T03:01:36Z INFO [41/750] 672f3115-c605-483c-b2c4-1c5a42a6422a: 117 datasets; 0.9 s; peak memory 319 MiB.
2026-10-08T03:01:37Z INFO [42/750] 672f67f0-c45a-426a-92f5-39ec3e278183: 48 datasets; 0.9 s; peak memory 319 MiB.
2026-10-08T03:01:43Z INFO [43/750] 6730e795-65e4-44fd-90cf-d999058628f4: 1011 datasets; 6.2 s; peak memory 319 MiB.
2026-10-08T03:01:47Z INFO [44/750] 67315f7a-a872-4f70-ac7e-8fafd0d45efa: 538 datasets; 4.2 s; peak memory 319 MiB.
2026-10-08T03:01:48Z INFO [45/750] 6732e3dd-fdab-4433-8c03-e9404d6b41b4: 46 datasets; 1.2 s; peak memory 319 MiB.
2026-10-08T03:01:50Z INFO [46/750] 67331f49-70bd-4402-8da4-43e53c13e574: 38 datasets; 1.6 s; peak memory 319 MiB.
2026-10-08T03:01:51Z INFO [47/750] 67354cf4-f6b4-4752-9da3-653ef9229f82: 48 datasets; 0.8 s; peak memory 319 MiB.
2026-10-08T03:01:52Z INFO [48/750] 6735f9a8-0258-4cf8-a1a5-e7da02ac86b2: 66 datasets; 1.2 s; peak memory 319 MiB.
2026-10-08T03:01:53Z INFO [49/750] 67371110-8aaa-4c2e-82f5-3e3719b39662: 48 datasets; 0.8 s; peak memory 319 MiB.
2026-10-08T03:01:54Z INFO [50/750] 6737a337-c311-4a6b-956f-7e9e1be97d56: 117 datasets; 0.9 s; peak memory 319 MiB.
2026-10-08T03:01:54Z INFO [50/750] 6737a337-c311-4a6b-956f-7e9e1be97d56: checkpointed 96635 records.
2026-10-08T03:01:55Z INFO [51/750] 6737f3a2-7c71-48db-8111-6c9f3106026b: 117 datasets; 0.9 s; peak memory 319 MiB.
2026-10-08T03:01:56Z INFO [52/750] 6738f827-fbeb-49eb-aa30-96aad2285b19: 71 datasets; 1.3 s; peak memory 319 MiB.
2026-10-08T03:01:57Z INFO [53/750] 67392b1a-f5d7-4043-b45f-964b35f4233f: 68 datasets; 1.0 s; peak memory 319 MiB.
2026-10-08T03:01:58Z INFO [54/750] 67396f66-3646-4a7b-85d2-ff2e495de4f3: 41 datasets; 0.7 s; peak memory 319 MiB.
2026-10-08T03:01:59Z INFO [55/750] 673aa5a0-3c01-42ef-b234-4c9588c1b8d5: 115 datasets; 1.6 s; peak memory 319 MiB.
2026-10-08T03:02:00Z INFO [56/750] 673af7c6-739d-4c54-a771-798e0fbf1819: 117 datasets; 1.0 s; peak memory 319 MiB.
2026-10-08T03:02:01Z INFO [57/750] 673b6e54-bf77-4ceb-aaa7-4dcb232db805: 112 datasets; 1.0 s; peak memory 319 MiB.
2026-10-08T03:02:02Z INFO [58/750] 673ca2b9-be79-4c0e-b11e-42bfe0ddf43a: 48 datasets; 0.8 s; peak memory 319 MiB.
2026-10-08T03:02:03Z INFO [59/750] 673d46e9-11bf-4ba3-9e2e-b7cbe00fb059: 48 datasets; 0.9 s; peak memory 319 MiB.
2026-10-08T03:03:20Z INFO [60/750] 673d6890-5104-4def-ba48-2acab48b427c: 58 datasets; 76.7 s; peak memory 319 MiB.
2026-10-08T03:03:21Z INFO [61/750] 673d971e-a802-4d84-bd85-4d08a7f4b1ab: 112 datasets; 1.5 s; peak memory 319 MiB.
2026-10-08T03:03:23Z INFO [62/750] 673dac51-5c12-4ec6-85da-f06eeaf172fd: 38 datasets; 1.5 s; peak memory 319 MiB.
2026-10-08T03:03:23Z INFO [63/750] 673ddc5d-7dbe-42f3-a565-2c5b15c730c1: 56 datasets; 0.6 s; peak memory 319 MiB.
2026-10-08T03:03:24Z INFO [64/750] 673e32d4-70b1-4919-b952-274434a14b2f: 72 datasets; 0.9 s; peak memory 319 MiB.
2026-10-08T03:03:25Z INFO [65/750] 673e8c81-7a9d-4168-a0c1-13218a1b8601: 93 datasets; 1.2 s; peak memory 319 MiB.
2026-10-08T03:03:26Z INFO [66/750] 673e9c4e-a1dc-436c-bc99-735532b3f509: 174 datasets; 1.2 s; peak memory 319 MiB.
2026-10-08T03:03:28Z INFO [67/750] 673f2feb-bb6f-402c-9a05-2e40d9205a2a: 78 datasets; 1.3 s; peak memory 319 MiB.
2026-10-08T03:03:29Z INFO [68/750] 673fed20-f988-4f7a-b8ea-4423dabc8e3a: 116 datasets; 1.0 s; peak memory 319 MiB.
2026-10-08T03:03:30Z INFO [69/750] 67404650-d127-4fe2-b007-7982cbafcb43: 48 datasets; 0.9 s; peak memory 319 MiB.
2026-10-08T03:03:30Z INFO [70/750] 6740bef9-5aa9-4fd8-b341-17804c2437a6: 48 datasets; 0.8 s; peak memory 319 MiB.
2026-10-08T03:03:31Z INFO [71/750] 67413f64-1238-47df-ac37-81d915203bf6: 39 datasets; 0.7 s; peak memory 320 MiB.
2026-10-08T03:03:32Z INFO [72/750] 6741c5dd-b57b-4aa3-98b6-da2d779d33ee: 88 datasets; 0.9 s; peak memory 320 MiB.
2026-10-08T03:03:33Z INFO [73/750] 6742758c-ed9f-4f53-88b8-5ddd30d3340a: 62 datasets; 0.6 s; peak memory 320 MiB.
2026-10-08T03:03:47Z INFO [74/750] 6742b3f7-ec00-4bfe-ba6b-06e47aaa8209: 613 datasets; 14.0 s; peak memory 320 MiB.
2026-10-08T03:03:47Z INFO [75/750] 67438511-c2d7-405f-9f1b-cacfcebe9ab2: 48 datasets; 0.9 s; peak memory 320 MiB.
2026-10-08T03:03:48Z INFO [76/750] 6743e703-a995-4a5c-a6a1-c9de7e79f8ff: 52 datasets; 0.8 s; peak memory 320 MiB.
2026-10-08T03:03:50Z INFO [77/750] 6743eaae-2087-49ef-ac2a-9cb5e23550eb: 85 datasets; 1.7 s; peak memory 320 MiB.
2026-10-08T03:03:51Z INFO [78/750] 6744baf6-1bc3-4542-bf83-668db1095c0c: 56 datasets; 0.7 s; peak memory 320 MiB.
2026-10-08T03:03:52Z INFO [79/750] 6744fec4-5ec5-4d64-863e-b56b1ee6e4c7: 59 datasets; 1.0 s; peak memory 320 MiB.
2026-10-08T03:03:52Z INFO [80/750] 67452578-fadf-46ce-82a7-5e24a1f520b3: 46 datasets; 0.5 s; peak memory 320 MiB.
2026-10-08T03:03:53Z INFO [81/750] 6745afd7-932e-4f54-8ce8-02324a4fbbe4: 48 datasets; 0.8 s; peak memory 320 MiB.
2026-10-08T03:03:54Z INFO [82/750] 6746c9d6-2661-45e4-983a-70245a2b0421: 117 datasets; 0.9 s; peak memory 320 MiB.
2026-10-08T03:03:54Z INFO [83/750] 6746d275-e7b1-4883-88d7-e503c5904df7: 46 datasets; 0.5 s; peak memory 320 MiB.
2026-10-08T03:03:55Z INFO [84/750] 6748c55b-ed9b-4898-b14d-edaff6254491: 52 datasets; 1.0 s; peak memory 320 MiB.
2026-10-08T03:04:00Z INFO [85/750] 674a7bb0-126a-4309-8912-5f12a74f7082: 223 datasets; 4.2 s; peak memory 320 MiB.
2026-10-08T03:04:00Z INFO [86/750] 674adfb1-8833-4a31-9d8d-ece9be542bb8: 38 datasets; 0.7 s; peak memory 320 MiB.
2026-10-08T03:04:01Z INFO [87/750] 674c979f-4961-4d98-9aeb-e880afd9553e: 48 datasets; 0.9 s; peak memory 320 MiB.
2026-10-08T03:04:02Z INFO [88/750] 674cdd24-23d6-48d5-aa8e-a40ff7a53197: 48 datasets; 1.0 s; peak memory 320 MiB.
2026-10-08T03:04:03Z INFO [89/750] 674cedb3-61c5-4f89-8a63-6a3c54406284: 117 datasets; 0.9 s; peak memory 320 MiB.
2026-10-08T03:04:07Z INFO [90/750] 674dd925-3edc-45c3-86ac-a8d7e4ebf1e6: 53 datasets; 3.8 s; peak memory 320 MiB.
2026-10-08T03:04:09Z INFO [91/750] 674e7ee2-8c2d-4ffd-bc11-7f88b16f2bc9: 119 datasets; 2.1 s; peak memory 320 MiB.
2026-10-08T03:04:26Z INFO [92/750] 674ebf78-21af-4b22-bb85-80dc5dd2e464: 48 datasets; 17.5 s; peak memory 320 MiB.
2026-10-08T03:04:28Z INFO [93/750] 674f0192-fe85-4405-a80c-248d683cd8f4: 38 datasets; 1.9 s; peak memory 320 MiB.
2026-10-08T03:04:29Z INFO [94/750] 674f12db-c430-456e-9cd5-04dbabb75eca: 52 datasets; 1.1 s; peak memory 320 MiB.
2026-10-08T03:04:30Z INFO [95/750] 67500671-24f4-4192-82bb-7241bfea6359: 78 datasets; 1.0 s; peak memory 320 MiB.
2026-10-08T03:04:31Z INFO [96/750] 67508fa9-8ea8-432e-9614-3d4c5e9665ed: 50 datasets; 0.8 s; peak memory 320 MiB.
2026-10-08T03:04:32Z INFO [97/750] 67526455-7a8e-477b-9ce0-46e32e652885: 77 datasets; 0.9 s; peak memory 320 MiB.
2026-10-08T03:04:33Z INFO [98/750] 6752be2e-38db-4855-8b36-0fb02c65150e: 70 datasets; 0.8 s; peak memory 320 MiB.
2026-10-08T03:04:34Z INFO [99/750] 6752eb41-78ee-4c8c-a546-2c3fc9e88614: 112 datasets; 1.1 s; peak memory 320 MiB.
2026-10-08T03:04:35Z INFO [100/750] 67536a53-0e1f-4294-aee9-df56e0b77cfc: 48 datasets; 0.9 s; peak memory 320 MiB.
2026-10-08T03:04:35Z INFO [100/750] 67536a53-0e1f-4294-aee9-df56e0b77cfc: checkpointed 96685 records.
2026-10-08T03:04:36Z INFO [101/750] 67538b84-fce9-4926-9f29-231ac85aa8b9: 132 datasets; 1.3 s; peak memory 320 MiB.
2026-10-08T03:04:37Z INFO [102/750] 6753c6c0-59f0-452b-8e41-d5ef58b4a656: 69 datasets; 1.2 s; peak memory 320 MiB.
2026-10-08T03:04:38Z INFO [103/750] 6754281c-cf04-42e4-888f-4ecfe385f038: 118 datasets; 1.0 s; peak memory 320 MiB.
2026-10-08T03:04:39Z INFO [104/750] 67547809-d6cf-4fe1-83aa-15b5c474c860: 52 datasets; 0.9 s; peak memory 320 MiB.
2026-10-08T03:04:40Z INFO [105/750] 67547944-47be-44d8-b99a-87f5c6647144: 119 datasets; 0.8 s; peak memory 320 MiB.
2026-10-08T03:04:42Z INFO [106/750] 67547cef-df3e-4b15-a4a5-45866b8a3c5d: 81 datasets; 1.4 s; peak memory 320 MiB.
2026-10-08T03:04:42Z INFO [107/750] 6754e792-8926-4a74-8aec-d1673e50b90d: 52 datasets; 0.9 s; peak memory 320 MiB.
2026-10-08T03:04:44Z INFO [108/750] 6755ab34-0f36-4692-8b1e-829ced733a23: 112 datasets; 1.1 s; peak memory 320 MiB.
2026-10-08T03:04:45Z INFO [109/750] 6756914c-dfdf-499f-b195-3b5b4407e6b6: 112 datasets; 1.1 s; peak memory 320 MiB.
2026-10-08T03:04:45Z INFO [110/750] 67573478-7074-4b7d-930f-ab728464bc2f: 38 datasets; 0.8 s; peak memory 320 MiB.
2026-10-08T03:04:46Z INFO [111/750] 675774f5-d68f-46a2-a203-b6d8bbf9ce2b: 48 datasets; 0.8 s; peak memory 320 MiB.
2026-10-08T03:04:47Z INFO [112/750] 67582966-ebad-45e9-9ab1-e9eb953d4a53: 46 datasets; 0.6 s; peak memory 320 MiB.
2026-10-08T03:04:48Z INFO [113/750] 67595d53-948b-4bb2-9334-5bf41b4b4c07: 71 datasets; 1.5 s; peak memory 320 MiB.
2026-10-08T03:04:50Z INFO [114/750] 675a128d-c436-4855-9c4f-3bad566eb122: 112 datasets; 1.3 s; peak memory 320 MiB.
2026-10-08T03:04:51Z INFO [115/750] 675a1e0d-0eb0-4778-89b2-f41916c0f888: 112 datasets; 1.2 s; peak memory 320 MiB.
2026-10-08T03:04:53Z INFO [116/750] 675ae9db-073a-457c-bf01-3e29d7ae3e2c: 38 datasets; 1.8 s; peak memory 320 MiB.
2026-10-08T03:04:54Z INFO [117/750] 675c0061-0be4-401a-8c18-4148caf0d4bc: 48 datasets; 0.9 s; peak memory 320 MiB.
2026-10-08T03:05:02Z INFO [118/750] 675c02ea-8029-476d-af7d-90b5163a6bfc: 1012 datasets; 8.6 s; peak memory 320 MiB.
2026-10-08T03:05:04Z INFO [119/750] 675c1f8e-2b89-4896-8199-106156096e0a: 112 datasets; 1.5 s; peak memory 320 MiB.
2026-10-08T03:05:05Z INFO [120/750] 675d513d-e2f3-4596-ba9a-c198a36f911d: 112 datasets; 1.1 s; peak memory 320 MiB.
2026-10-08T03:05:06Z INFO [121/750] 675d8479-6bf5-4856-89e7-e5acdf73cc20: 117 datasets; 0.9 s; peak memory 320 MiB.
2026-10-08T03:05:07Z INFO [122/750] 675d8a85-def1-4b8c-ba2e-a091fa09e98c: 56 datasets; 1.0 s; peak memory 320 MiB.
2026-10-08T03:05:08Z INFO [123/750] 675daa10-0013-40b1-acfd-c61c23ebb453: 66 datasets; 1.3 s; peak memory 320 MiB.
2026-10-08T03:05:17Z INFO [124/750] 675ea3fe-8ae3-4eb2-8dc1-47d3f2216894: 3187 datasets; 9.6 s; peak memory 320 MiB.
2026-10-08T03:05:19Z INFO [125/750] 675f21f2-d738-409b-a681-793c087fc353: 117 datasets; 2.0 s; peak memory 320 MiB.
2026-10-08T03:05:21Z INFO [126/750] 675f3142-9def-46b3-9add-ea6409e72dac: 68 datasets; 1.1 s; peak memory 320 MiB.
2026-10-08T03:05:21Z INFO [127/750] 675f5882-016e-4977-aa0f-a6729b51de90: 117 datasets; 0.8 s; peak memory 320 MiB.
2026-10-08T03:05:23Z INFO [128/750] 675fdb45-4391-40e2-9b1f-528b6d5c0ec6: 117 datasets; 1.1 s; peak memory 320 MiB.
2026-10-08T03:05:23Z INFO [129/750] 675febf2-2b93-4c72-b155-44196351d975: 46 datasets; 0.6 s; peak memory 320 MiB.
2026-10-08T03:05:24Z INFO [130/750] 675ff69a-508f-41f5-9895-83ae48c9f2c1: 118 datasets; 0.9 s; peak memory 320 MiB.
2026-10-08T03:05:26Z INFO [131/750] 67604fb4-4dd3-45f7-af16-b72c1045f0f5: 71 datasets; 1.5 s; peak memory 320 MiB.
2026-10-08T03:05:27Z INFO [132/750] 67605b1b-076c-45c1-b5bb-678f3178b913: 90 datasets; 2.0 s; peak memory 320 MiB.
2026-10-08T03:05:28Z INFO [133/750] 6760d76e-c9b8-4791-a786-81671ee0d920: 46 datasets; 0.8 s; peak memory 320 MiB.
2026-10-08T03:05:29Z INFO [134/750] 67611e51-6f53-4f9c-88fe-44347ab80d43: 117 datasets; 0.9 s; peak memory 320 MiB.
2026-10-08T03:05:30Z INFO [135/750] 6761b363-153c-433c-ac23-d84497cab96c: 118 datasets; 1.1 s; peak memory 320 MiB.
2026-10-08T03:05:31Z INFO [136/750] 6761bfdc-435c-489b-9aa9-6b907b745049: 48 datasets; 0.9 s; peak memory 320 MiB.
2026-10-08T03:05:32Z INFO [137/750] 67625048-3028-4114-8a15-08537b9a4266: 303 datasets; 1.1 s; peak memory 320 MiB.
2026-10-08T03:05:33Z INFO [138/750] 6762bf96-0a32-4722-be43-66f7e49640bc: 45 datasets; 0.6 s; peak memory 320 MiB.
2026-10-08T03:05:34Z INFO [139/750] 676337eb-37bb-4f1d-9778-aaa2fbf3df17: 71 datasets; 1.5 s; peak memory 320 MiB.
2026-10-08T03:05:35Z INFO [140/750] 67634b70-8733-4170-981f-175549528577: 48 datasets; 0.9 s; peak memory 320 MiB.
2026-10-08T03:05:36Z INFO [141/750] 6763ed40-409b-4c21-a8b3-a7fedf7d264a: 48 datasets; 0.9 s; peak memory 320 MiB.
2026-10-08T03:05:38Z INFO [142/750] 67645b00-172c-4666-a5d9-f31f07db9890: 62 datasets; 1.3 s; peak memory 320 MiB.
2026-10-08T03:05:38Z INFO [143/750] 67649337-51d8-4d4a-a9aa-44c370d6693b: 63 datasets; 0.7 s; peak memory 320 MiB.
2026-10-08T03:05:40Z INFO [144/750] 6764d259-276a-4bb0-94d0-2759951fd2f4: 85 datasets; 2.2 s; peak memory 320 MiB.
2026-10-08T03:05:41Z INFO [145/750] 6765407e-aa31-4939-b098-68872ac9b637: 46 datasets; 0.7 s; peak memory 320 MiB.
2026-10-08T03:05:44Z INFO [146/750] 67655000-b48d-408e-8341-36630016cedf: 178 datasets; 2.7 s; peak memory 320 MiB.
2026-10-08T03:05:45Z INFO [147/750] 6765cc29-6065-4d88-897e-9d2a39030df1: 52 datasets; 0.8 s; peak memory 320 MiB.
2026-10-08T03:05:46Z INFO [148/750] 6765df19-f17a-4011-9e59-69441d46a410: 66 datasets; 1.3 s; peak memory 320 MiB.
2026-10-08T03:05:47Z INFO [149/750] 6765e834-3ec6-41b2-a46a-e62b3d84e351: 52 datasets; 0.8 s; peak memory 320 MiB.
2026-10-08T03:05:48Z INFO [150/750] 67666a4a-1c01-47cc-964e-dd9e50020ad7: 71 datasets; 1.4 s; peak memory 320 MiB.
2026-10-08T03:05:48Z INFO [150/750] 67666a4a-1c01-47cc-964e-dd9e50020ad7: checkpointed 96735 records.
2026-10-08T03:05:50Z INFO [151/750] 6766bf5d-fd48-4623-8949-9712a1a17ad5: 71 datasets; 1.5 s; peak memory 320 MiB.
2026-10-08T03:05:51Z INFO [152/750] 676840d6-30c9-4af7-bb4e-1330c4af82bb: 39 datasets; 0.7 s; peak memory 320 MiB.
2026-10-08T03:05:51Z INFO [153/750] 67685072-96a8-4f31-bc0d-bfcf4ad0d0cf: 117 datasets; 0.8 s; peak memory 320 MiB.
2026-10-08T03:05:53Z INFO [154/750] 6769b91d-273f-416e-ab8e-b79a59b5e4cb: 112 datasets; 1.2 s; peak memory 320 MiB.
2026-10-08T03:05:54Z INFO [155/750] 676a02ba-634a-438d-a346-61277696904d: 46 datasets; 0.8 s; peak memory 320 MiB.
2026-10-08T03:05:54Z INFO [156/750] 676a251b-5657-4fed-85c7-bd305b6d15fd: 46 datasets; 0.5 s; peak memory 320 MiB.
2026-10-08T03:07:13Z INFO [157/750] 676a41dd-6103-4c4f-9fc9-52c91589bc21: 58 datasets; 78.5 s; peak memory 320 MiB.
2026-10-08T03:07:13Z INFO [158/750] 676a7886-1055-4bc1-ae71-8bba70854ab0: 55 datasets; 0.7 s; peak memory 320 MiB.
2026-10-08T03:07:15Z INFO [159/750] 676b8db5-c48e-46cb-a18e-3a3de7e82de8: 112 datasets; 1.4 s; peak memory 320 MiB.
2026-10-08T03:07:16Z INFO [160/750] 676bc384-ec2b-4457-91fd-85940da384c3: 66 datasets; 1.1 s; peak memory 320 MiB.
2026-10-08T03:07:16Z INFO [161/750] 676c2518-29a4-4d4f-be42-af5d31ac4ad8: 46 datasets; 0.7 s; peak memory 320 MiB.
2026-10-08T03:07:17Z INFO [162/750] 676c6688-f9cf-4e5c-abf8-f98dd94d70c5: 117 datasets; 0.9 s; peak memory 320 MiB.
2026-10-08T03:07:18Z INFO [163/750] 676df3e3-5bcb-42f5-9af4-d1fabd3724da: 52 datasets; 0.9 s; peak memory 320 MiB.
2026-10-08T03:07:53Z INFO [164/750] 676e1738-f18b-444a-9cc9-e3bd2713a4a1: 85 datasets; 34.8 s; peak memory 320 MiB.
2026-10-08T03:07:54Z INFO [165/750] 676e9ab4-176a-4d0d-829d-4f182550de8b: 46 datasets; 0.5 s; peak memory 320 MiB.
2026-10-08T03:07:55Z INFO [166/750] 676f1a76-6b60-4342-8723-4f19a88a6dce: 112 datasets; 1.2 s; peak memory 320 MiB.
2026-10-08T03:07:56Z INFO [167/750] 676f2e4d-93cb-4a5f-b307-aa9d136780ed: 77 datasets; 0.8 s; peak memory 320 MiB.
2026-10-08T03:07:56Z INFO [168/750] 676f6bc3-9c5d-4a6f-a547-a08109b8258e: 45 datasets; 0.7 s; peak memory 320 MiB.
2026-10-08T03:07:58Z INFO [169/750] 676f7690-ba5f-450e-adc6-b400558f6c19: 116 datasets; 2.0 s; peak memory 320 MiB.
2026-10-08T03:08:00Z INFO [170/750] 676fd9f7-c6da-4d18-beef-48b3778ebfaf: 119 datasets; 2.1 s; peak memory 320 MiB.
2026-10-08T03:08:02Z INFO [171/750] 67702f5d-2736-4ec9-bde9-13298b592577: 70 datasets; 1.2 s; peak memory 320 MiB.
2026-10-08T03:08:02Z INFO [172/750] 6770fae4-6966-4864-b2c6-e552e7be18dd: 57 datasets; 0.7 s; peak memory 320 MiB.
2026-10-08T03:08:03Z INFO [173/750] 677101f1-e9de-4081-85c2-00105df65cc9: 114 datasets; 0.7 s; peak memory 320 MiB.
2026-10-08T03:08:06Z INFO [174/750] 67712998-63b5-4ad3-8553-27496d59ebe7: 486 datasets; 3.5 s; peak memory 320 MiB.
2026-10-08T03:08:07Z INFO [175/750] 677214db-bed6-4a73-b310-2f16c42e0564: 69 datasets; 1.0 s; peak memory 320 MiB.
2026-10-08T03:08:08Z INFO [176/750] 67725711-84d5-480b-970c-6e037f3b65e1: 48 datasets; 0.8 s; peak memory 320 MiB.
2026-10-08T03:08:09Z INFO [177/750] 6773c5d9-91a4-42ae-8be5-c32dfa3c41cd: 117 datasets; 0.8 s; peak memory 320 MiB.
2026-10-08T03:08:11Z INFO [178/750] 6773ce5f-0b2f-4c2d-b8b6-e7a837768b9c: 71 datasets; 1.9 s; peak memory 320 MiB.
2026-10-08T03:08:13Z INFO [179/750] 6773d759-7c0b-421c-a771-5a8ccf19af6b: 90 datasets; 2.1 s; peak memory 320 MiB.
2026-10-08T03:08:14Z INFO [180/750] 67743240-6c64-4ae5-a55f-ba8de0d69aab: 48 datasets; 0.9 s; peak memory 320 MiB.
2026-10-08T03:08:16Z INFO [181/750] 67747124-d6a3-4f53-89a0-eb21072561ca: 186 datasets; 2.0 s; peak memory 320 MiB.
2026-10-08T03:08:17Z INFO [182/750] 677476fa-b052-4dbd-bf61-0e6b794f77ea: 50 datasets; 0.7 s; peak memory 320 MiB.
2026-10-08T03:08:18Z INFO [183/750] 6774dc5f-5976-40c1-a415-19e02a378be9: 70 datasets; 1.1 s; peak memory 320 MiB.
2026-10-08T03:08:19Z INFO [184/750] 6774f07a-d83f-4d04-a2af-dff33a6355ab: 66 datasets; 1.2 s; peak memory 320 MiB.
2026-10-08T03:08:20Z INFO [185/750] 67757dbd-2863-405c-bd37-739024582b19: 51 datasets; 0.9 s; peak memory 320 MiB.
2026-10-08T03:08:22Z INFO [186/750] 67760568-76e9-4311-bf2a-22b936c99ca9: 84 datasets; 2.0 s; peak memory 320 MiB.
2026-10-08T03:08:33Z INFO [187/750] 6776db6f-e679-44e8-bf56-b88addbb7ff6: 428 datasets; 11.8 s; peak memory 320 MiB.
2026-10-08T03:08:56Z INFO [188/750] 677707c1-9a2a-4ef5-8f26-b2c0dc5aeede: 1021 datasets; 22.9 s; peak memory 320 MiB.
2026-10-08T03:08:57Z INFO [189/750] 6778a877-f5b9-4392-bb88-9a3ce253b1d9: 48 datasets; 1.0 s; peak memory 320 MiB.
2026-10-08T03:09:02Z INFO [190/750] 6778c8f2-3953-4eec-a97d-3083f87cd6d0: 54 datasets; 4.4 s; peak memory 320 MiB.
2026-10-08T03:09:09Z INFO [191/750] 67796abf-5b86-44c8-8db8-0f63e48346e0: 49 datasets; 7.5 s; peak memory 320 MiB.
2026-10-08T03:09:10Z INFO [192/750] 6779cbc4-081b-47cd-937c-bed374004ede: 62 datasets; 1.3 s; peak memory 320 MiB.
2026-10-08T03:09:21Z INFO [193/750] 677a36a0-45ca-4efa-bde8-a3e8a186799e: 837 datasets; 10.4 s; peak memory 320 MiB.
2026-10-08T03:09:22Z INFO [194/750] 677a89fd-36a9-4128-9246-0b75f4332f79: 110 datasets; 1.0 s; peak memory 320 MiB.
2026-10-08T03:09:23Z INFO [195/750] 677adecc-7363-4329-b817-ccfef4ad33b7: 52 datasets; 0.9 s; peak memory 320 MiB.
2026-10-08T03:09:27Z INFO [196/750] 677c3a18-eddc-4f1c-a1cf-f4099597f6d4: 174 datasets; 3.8 s; peak memory 320 MiB.
2026-10-08T03:09:27Z INFO [197/750] 677c8e27-ece6-41b5-a55b-ee633b49393e: 47 datasets; 0.6 s; peak memory 320 MiB.
2026-10-08T03:09:28Z INFO [198/750] 677cf421-f1f3-4005-b5a9-13d444f20240: 48 datasets; 0.8 s; peak memory 320 MiB.
2026-10-08T03:09:29Z INFO [199/750] 677cfa4b-6a71-4968-b540-13be7f3463f4: 203 datasets; 1.3 s; peak memory 321 MiB.
2026-10-08T03:09:31Z INFO [200/750] 677d935c-bfa9-4096-834d-8b2672d142e7: 66 datasets; 1.2 s; peak memory 321 MiB.
2026-10-08T03:09:31Z INFO [200/750] 677d935c-bfa9-4096-834d-8b2672d142e7: checkpointed 96785 records.
2026-10-08T03:09:32Z INFO [201/750] 677e9542-077c-4082-ab6f-644a0a06f170: 38 datasets; 0.8 s; peak memory 321 MiB.
2026-10-08T03:09:35Z INFO [202/750] 677f862c-ef38-43f1-82ec-ee6e1bd8e924: 477 datasets; 3.0 s; peak memory 321 MiB.
2026-10-08T03:09:36Z INFO [203/750] 677fcf88-c164-44dc-92c5-21d87f7d819a: 69 datasets; 1.2 s; peak memory 321 MiB.
2026-10-08T03:09:37Z INFO [204/750] 67802034-0330-4263-9603-66f5ceec79a5: 111 datasets; 0.9 s; peak memory 321 MiB.
2026-10-08T03:09:38Z INFO [205/750] 6780de33-55eb-4e4a-a228-1fbb2b7adfde: 117 datasets; 0.9 s; peak memory 321 MiB.
2026-10-08T03:09:40Z INFO [206/750] 678101a7-57d7-41bc-be85-4eea4ba94771: 53 datasets; 2.5 s; peak memory 321 MiB.
2026-10-08T03:09:41Z INFO [207/750] 6781b998-1867-4d86-8e30-d6acbe028ec9: 117 datasets; 0.9 s; peak memory 321 MiB.
2026-10-08T03:09:42Z INFO [208/750] 6781bde8-e885-4272-9085-c2e3b691c152: 112 datasets; 0.9 s; peak memory 321 MiB.
2026-10-08T03:09:43Z INFO [209/750] 6781da1c-f0a3-4d30-bf9b-8979f42a4f40: 71 datasets; 1.0 s; peak memory 321 MiB.
2026-10-08T03:09:45Z INFO [210/750] 67824206-c04d-45df-af52-f91ec9d0f0a9: 110 datasets; 1.4 s; peak memory 321 MiB.
2026-10-08T03:09:45Z INFO [211/750] 6782440c-2cea-4bbc-9878-d54cdee2a970: 48 datasets; 0.8 s; peak memory 321 MiB.
2026-10-08T03:09:46Z INFO [212/750] 678265cf-407f-479f-838f-417227b9d465: 60 datasets; 0.8 s; peak memory 321 MiB.
2026-10-08T03:09:47Z INFO [213/750] 6782756a-152d-4637-a375-6cc3047c2fb9: 118 datasets; 0.8 s; peak memory 321 MiB.
2026-10-08T03:09:59Z INFO [214/750] 6782bf53-2de6-4901-b28a-e63caa9f3868: 861 datasets; 11.9 s; peak memory 321 MiB.
2026-10-08T03:10:00Z INFO [215/750] 6783427e-b7bc-4692-8aa9-36ca0921e392: 46 datasets; 0.6 s; peak memory 321 MiB.
2026-10-08T03:10:09Z INFO [216/750] 67862f3e-8d7d-4536-a697-c47e4cf170a4: 811 datasets; 9.5 s; peak memory 321 MiB.
2026-10-08T03:10:10Z INFO [217/750] 67874cf9-01be-47cb-b989-7696ae2ee409: 230 datasets; 1.1 s; peak memory 321 MiB.
2026-10-08T03:10:11Z INFO [218/750] 67877fc0-2631-42ac-9f0f-ea46a5ac6bee: 261 datasets; 1.1 s; peak memory 321 MiB.
2026-10-08T03:10:12Z INFO [219/750] 67887065-1432-4d80-85a8-b4aa5a1d6735: 118 datasets; 0.9 s; peak memory 321 MiB.
2026-10-08T03:10:13Z INFO [220/750] 6788fba4-00f4-4044-ab8f-b3187e477f89: 112 datasets; 1.0 s; peak memory 321 MiB.
2026-10-08T03:10:14Z INFO [221/750] 6789a2fb-6eb1-4796-90a2-cd593207cb19: 48 datasets; 0.8 s; peak memory 321 MiB.
2026-10-08T03:10:15Z INFO [222/750] 678a8081-9dcf-4ed3-a626-32877ae3dcd2: 117 datasets; 0.8 s; peak memory 321 MiB.
2026-10-08T03:10:16Z INFO [223/750] 678aa95b-8d88-49e0-816f-38ba117fcca4: 68 datasets; 1.4 s; peak memory 321 MiB.
2026-10-08T03:10:17Z INFO [224/750] 678c28e5-6774-4c55-b981-9b65e1809de2: 48 datasets; 0.8 s; peak memory 321 MiB.
2026-10-08T03:10:18Z INFO [225/750] 678c6cbf-a6e8-458a-bcab-6300059acb86: 48 datasets; 0.9 s; peak memory 321 MiB.
2026-10-08T03:11:32Z INFO [226/750] 678c915a-12bc-4084-ab19-114df98c8113: 62 datasets; 74.3 s; peak memory 321 MiB.
2026-10-08T03:11:33Z INFO [227/750] 678cadee-65b2-4b59-94b4-5cefc75fe4e7: 66 datasets; 0.8 s; peak memory 321 MiB.
2026-10-08T03:11:41Z INFO [228/750] 678d2633-f4a0-422e-a0b9-bfc651703925: 899 datasets; 8.1 s; peak memory 321 MiB.
2026-10-08T03:11:42Z INFO [229/750] 678d3ea8-a93d-4b64-bc8c-76b04d7ed99a: 50 datasets; 0.6 s; peak memory 321 MiB.
2026-10-08T03:11:48Z INFO [230/750] 678d9e14-fd62-45e8-864f-20db5fd90ce3: 1197 datasets; 6.8 s; peak memory 321 MiB.
2026-10-08T03:11:49Z INFO [231/750] 678de358-2a43-4e92-8524-5e1f9c9e8e58: 48 datasets; 0.7 s; peak memory 321 MiB.
2026-10-08T03:11:52Z INFO [232/750] 678e58ce-e7bb-44fd-9c49-e7964f90577f: 621 datasets; 3.3 s; peak memory 321 MiB.
2026-10-08T03:11:53Z INFO [233/750] 678e94b7-53ce-4198-9a2d-c60d1248d366: 117 datasets; 0.8 s; peak memory 321 MiB.
2026-10-08T03:11:54Z INFO [234/750] 678e9725-ce02-4b75-bccf-789c8591e6ac: 65 datasets; 0.9 s; peak memory 321 MiB.
2026-10-08T03:11:55Z INFO [235/750] 678eadaf-8534-45ff-9f2d-046bf067921f: 48 datasets; 0.9 s; peak memory 321 MiB.
2026-10-08T03:11:56Z INFO [236/750] 678f134d-c591-4a6d-adc9-c649984ec678: 48 datasets; 0.8 s; peak memory 321 MiB.
2026-10-08T03:11:57Z INFO [237/750] 678f1863-87d9-46fb-89b0-24095205a593: 117 datasets; 0.9 s; peak memory 321 MiB.
2026-10-08T03:11:57Z INFO [238/750] 678f254d-ca39-453e-a60e-40f196d24f98: 41 datasets; 0.7 s; peak memory 321 MiB.
2026-10-08T03:11:58Z INFO [239/750] 678f4162-cce0-4490-a99d-57164d129f4f: 69 datasets; 1.0 s; peak memory 321 MiB.
2026-10-08T03:12:10Z INFO [240/750] 678f4296-72b2-421e-9cfd-cf6c4cd4ad99: 493 datasets; 11.1 s; peak memory 321 MiB.
2026-10-08T03:12:12Z INFO [241/750] 678f5d9f-03e7-4134-a6bc-6b6078ea43b6: 114 datasets; 2.1 s; peak memory 321 MiB.
2026-10-08T03:12:13Z INFO [242/750] 678f86b9-d3cf-49f3-9d68-92d1cd2f529c: 110 datasets; 1.1 s; peak memory 321 MiB.
2026-10-08T03:12:26Z INFO [243/750] 678fa286-c944-443f-9923-48e230d02a09: 44 datasets; 12.9 s; peak memory 321 MiB.
2026-10-08T03:12:45Z INFO [244/750] 678ff0a9-3b04-4739-a209-55860d8b2691: 48 datasets; 19.5 s; peak memory 321 MiB.
2026-10-08T03:13:07Z INFO [245/750] 67908cab-4445-4f3e-8aa4-4c4aa2ae17ec: 5542 datasets; 21.5 s; peak memory 321 MiB.
2026-10-08T03:13:08Z INFO [246/750] 6790c628-3ecc-4393-98b0-6b18902c10f4: 117 datasets; 1.1 s; peak memory 321 MiB.
2026-10-08T03:13:09Z INFO [247/750] 67911847-e40c-4768-a1ad-c44d271239d3: 110 datasets; 1.2 s; peak memory 321 MiB.
2026-10-08T03:13:10Z INFO [248/750] 67912f37-cbd7-4bbf-991a-085466947552: 48 datasets; 0.8 s; peak memory 321 MiB.
2026-10-08T03:13:11Z INFO [249/750] 6791e29e-e0f1-42d2-a6e9-11c69833f766: 112 datasets; 1.2 s; peak memory 321 MiB.
2026-10-08T03:13:13Z INFO [250/750] 6791f51c-3752-4b49-87be-c75d951598d8: 116 datasets; 2.0 s; peak memory 321 MiB.
2026-10-08T03:13:13Z INFO [250/750] 6791f51c-3752-4b49-87be-c75d951598d8: checkpointed 96835 records.
2026-10-08T03:13:14Z INFO [251/750] 6791f788-7a4f-499a-812b-2cc8bbb28615: 38 datasets; 0.7 s; peak memory 321 MiB.
2026-10-08T03:15:07Z INFO [252/750] 679220a5-aaa9-44b0-bf77-aaa28c67fbb0: 167 datasets; 113.6 s; peak memory 322 MiB.
2026-10-08T03:15:08Z INFO [253/750] 67924935-9d49-4593-a03f-6b3e2aa6a7db: 48 datasets; 0.8 s; peak memory 322 MiB.
2026-10-08T03:15:09Z INFO [254/750] 6793730c-a8ef-45cc-b209-800f46cfda9e: 112 datasets; 1.3 s; peak memory 322 MiB.
2026-10-08T03:15:10Z INFO [255/750] 67964106-62aa-45e4-9a49-f202cd3b1c1c: 121 datasets; 0.8 s; peak memory 322 MiB.
2026-10-08T03:15:11Z INFO [256/750] 679791c4-69e3-44bf-bf5b-12875889f9e2: 52 datasets; 0.9 s; peak memory 322 MiB.
2026-10-08T03:15:12Z INFO [257/750] 679794a6-e75c-4f4d-817b-d26931e23e21: 116 datasets; 0.8 s; peak memory 322 MiB.
2026-10-08T03:15:13Z INFO [258/750] 6798ceab-e49e-4cbc-8a53-547a1df99f3f: 48 datasets; 0.7 s; peak memory 322 MiB.
2026-10-08T03:15:13Z INFO [259/750] 67992cda-1c46-4a84-b6a5-232fe345a334: 48 datasets; 0.7 s; peak memory 322 MiB.
2026-10-08T03:15:15Z INFO [260/750] 67992ddf-9a02-457b-997a-356c4abb631a: 64 datasets; 1.1 s; peak memory 322 MiB.
2026-10-08T03:15:17Z INFO [261/750] 679960b0-90ab-48a5-9dc4-6323b743030c: 119 datasets; 2.0 s; peak memory 322 MiB.
2026-10-08T03:15:19Z INFO [262/750] 679976cf-8c90-45d8-a099-44bea8da90e4: 85 datasets; 2.4 s; peak memory 322 MiB.
2026-10-08T03:15:20Z INFO [263/750] 6799b2d4-3647-4123-bcfc-41d597df0338: 52 datasets; 0.6 s; peak memory 322 MiB.
2026-10-08T03:15:21Z INFO [264/750] 679a9777-fc28-43cc-b5f3-0d131cdd154e: 66 datasets; 1.8 s; peak memory 322 MiB.
2026-10-08T03:15:22Z INFO [265/750] 679b8002-dd33-4218-8326-656cda020b85: 36 datasets; 0.7 s; peak memory 322 MiB.
2026-10-08T03:15:24Z INFO [266/750] 679b8ec0-625a-4afa-aa45-8d6aa1c0ef34: 48 datasets; 2.3 s; peak memory 322 MiB.
2026-10-08T03:15:25Z INFO [267/750] 679c2351-1fb5-4c9b-bba1-eceec9ef11c6: 117 datasets; 0.8 s; peak memory 322 MiB.
2026-10-08T03:15:26Z INFO [268/750] 679c6dfe-32c6-44d9-a1c5-e1a7d934dd51: 64 datasets; 1.2 s; peak memory 322 MiB.
2026-10-08T03:15:27Z INFO [269/750] 679ddee9-f936-4234-8946-7da53bcd9059: 46 datasets; 0.5 s; peak memory 322 MiB.
2026-10-08T03:15:28Z INFO [270/750] 679e94a3-f421-4462-8c5e-37c00eb90b48: 49 datasets; 0.8 s; peak memory 322 MiB.
2026-10-08T03:15:28Z INFO [271/750] 679fa272-740d-473d-8dda-6fc660f5d35d: 45 datasets; 0.7 s; peak memory 322 MiB.
2026-10-08T03:15:29Z INFO [272/750] 67a06a2c-9d51-4aea-b988-0d9a785c1198: 45 datasets; 1.0 s; peak memory 322 MiB.
2026-10-08T03:15:39Z INFO [273/750] 67a0fd17-7294-4773-87b6-005cf9977b43: 756 datasets; 9.6 s; peak memory 322 MiB.
2026-10-08T03:15:40Z INFO [274/750] 67a131b5-8dd3-42f4-b306-2b4e0a550414: 66 datasets; 1.2 s; peak memory 322 MiB.
2026-10-08T03:15:43Z INFO [275/750] 67a19efd-8f99-49ac-b2f3-f855f23812ff: 110 datasets; 2.6 s; peak memory 322 MiB.
2026-10-08T03:15:43Z INFO [276/750] 67a2a3cf-b5f2-4c1d-bee9-43b08eebe6ea: 33 datasets; 0.6 s; peak memory 322 MiB.
2026-10-08T03:15:50Z INFO [277/750] 67a3fa80-f9b7-4669-9ac7-61230750b168: 955 datasets; 6.1 s; peak memory 322 MiB.
2026-10-08T03:15:50Z INFO [278/750] 67a4378f-7627-4ccf-b327-0bd248c1055d: 48 datasets; 0.8 s; peak memory 322 MiB.
2026-10-08T03:15:51Z INFO [279/750] 67a47840-6720-40fa-9fce-76be3ae1c8b5: 48 datasets; 0.9 s; peak memory 322 MiB.
2026-10-08T03:15:52Z INFO [280/750] 67a48606-c5f4-4953-9cad-fac66c9159c0: 33 datasets; 0.6 s; peak memory 322 MiB.
2026-10-08T03:15:53Z INFO [281/750] 67a4a4dc-4fbf-4844-a47c-e8b118575d25: 69 datasets; 1.1 s; peak memory 322 MiB.
2026-10-08T03:15:54Z INFO [282/750] 67a578ae-885b-49ba-bc7a-6472d38ee8a0: 48 datasets; 0.8 s; peak memory 322 MiB.
2026-10-08T03:15:55Z INFO [283/750] 67a65b9b-a822-4334-a43b-4a69175e04f5: 117 datasets; 0.8 s; peak memory 322 MiB.
2026-10-08T03:15:55Z INFO [284/750] 67a6d5b9-ca58-40e8-b716-a95c3612e69b: 48 datasets; 0.8 s; peak memory 322 MiB.
2026-10-08T03:15:56Z INFO [285/750] 67a6f009-538b-4cb9-b567-1dcacc8e5901: 74 datasets; 1.2 s; peak memory 322 MiB.
2026-10-08T03:15:57Z INFO [286/750] 67a76cef-35a1-4056-ae29-8db379ee6c9a: 52 datasets; 0.8 s; peak memory 322 MiB.
2026-10-08T03:15:58Z INFO [287/750] 67a8131b-03e5-4d82-8095-53d93ccfe41c: 48 datasets; 0.8 s; peak memory 322 MiB.
2026-10-08T03:16:03Z INFO [288/750] 67a9a538-d08f-4535-9de8-9a89ea58feb9: 194 datasets; 5.2 s; peak memory 322 MiB.
2026-10-08T03:16:04Z INFO [289/750] 67a9d21f-3fd1-42ff-adc7-5a8aa46cb39d: 112 datasets; 1.1 s; peak memory 322 MiB.
2026-10-08T03:18:08Z INFO [290/750] 67aac044-e5b0-460c-916a-832d225d269c: 241 datasets; 123.4 s; peak memory 322 MiB.
2026-10-08T03:24:08Z INFO [291/750] 67aae245-5ccf-460b-a54b-f1c9b2f9aabb: 177 datasets; 360.4 s; peak memory 556 MiB.
2026-10-08T03:24:09Z INFO [292/750] 67ab2d98-fdfa-491f-b5b1-58ca9ed7ac59: 54 datasets; 0.6 s; peak memory 556 MiB.
2026-10-08T03:24:15Z INFO [293/750] 67ab59aa-3fd5-47d4-9538-ecead9da886a: 791 datasets; 6.1 s; peak memory 556 MiB.
2026-10-08T03:24:16Z INFO [294/750] 67ab7a5b-58b2-419b-8f48-d8c833f4c6ec: 48 datasets; 0.9 s; peak memory 556 MiB.
2026-10-08T03:24:17Z INFO [295/750] 67abd37d-e7fb-400c-a6cc-3c497d59b052: 112 datasets; 1.2 s; peak memory 556 MiB.
2026-10-08T03:24:18Z INFO [296/750] 67abe8ca-3b08-4819-8104-ee62b5607bcd: 46 datasets; 0.6 s; peak memory 556 MiB.
2026-10-08T03:24:18Z INFO [297/750] 67acdfe3-38ce-4718-ac86-a351de47e770: 121 datasets; 0.7 s; peak memory 556 MiB.
2026-10-08T03:24:19Z INFO [298/750] 67ad0047-938e-4549-a1f7-cf7379163017: 118 datasets; 0.8 s; peak memory 556 MiB.
2026-10-08T03:26:09Z INFO [299/750] 67ad07c1-af70-4ef6-97f4-0eca18327493: 269 datasets; 109.5 s; peak memory 556 MiB.
2026-10-08T03:26:10Z INFO [300/750] 67ad4054-1c6b-4868-a684-0408cfea07cc: 48 datasets; 0.9 s; peak memory 556 MiB.
2026-10-08T03:26:10Z INFO [300/750] 67ad4054-1c6b-4868-a684-0408cfea07cc: checkpointed 96885 records.
2026-10-08T03:26:11Z INFO [301/750] 67ad4672-fa46-4772-8142-80fe0e8a8390: 48 datasets; 0.9 s; peak memory 556 MiB.
2026-10-08T03:26:12Z INFO [302/750] 67adb00c-4e6a-4e7f-ab03-f150ddd32e2c: 118 datasets; 1.0 s; peak memory 556 MiB.
2026-10-08T03:26:13Z INFO [303/750] 67ae15bd-80ca-42d6-b264-b9b4aedfeea2: 48 datasets; 1.0 s; peak memory 556 MiB.
2026-10-08T03:26:21Z INFO [304/750] 67ae661e-af1c-4b9a-abe6-7676784097bc: 925 datasets; 7.9 s; peak memory 556 MiB.
2026-10-08T03:26:22Z INFO [305/750] 67ae8110-2654-4419-a464-7a70a914314e: 114 datasets; 1.1 s; peak memory 556 MiB.
2026-10-08T03:26:22Z INFO [306/750] 67aed1f5-d02d-40f9-8936-33440648cb0b: 48 datasets; 0.8 s; peak memory 556 MiB.
2026-10-08T03:26:23Z INFO [307/750] 67af999d-bfd8-4c67-9346-80dea126bd1a: 118 datasets; 0.8 s; peak memory 556 MiB.
2026-10-08T03:26:25Z INFO [308/750] 67b10039-6747-4090-a135-4f41e3ba7c18: 38 datasets; 1.5 s; peak memory 556 MiB.
2026-10-08T03:26:27Z INFO [309/750] 67b18f9e-90ac-4b73-abe3-636e12a5e0c4: 156 datasets; 2.1 s; peak memory 556 MiB.
2026-10-08T03:26:28Z INFO [310/750] 67b19f38-6f18-44f5-b024-bfd4dd5daf6f: 117 datasets; 0.8 s; peak memory 556 MiB.
2026-10-08T03:26:29Z INFO [311/750] 67b23940-a055-4eb2-91cc-9f7c6916ffb2: 110 datasets; 1.2 s; peak memory 556 MiB.
2026-10-08T03:26:30Z INFO [312/750] 67b26d51-ac1e-4fd1-917a-eecdb4ce9035: 48 datasets; 0.7 s; peak memory 556 MiB.
2026-10-08T03:26:37Z INFO [313/750] 67b2af7d-6bd8-4979-a02d-080f2c8dc67f: 657 datasets; 7.0 s; peak memory 556 MiB.
2026-10-08T03:26:43Z INFO [314/750] 67b30276-49e0-444a-8e37-23e29f291dbf: 2064 datasets; 6.5 s; peak memory 556 MiB.
2026-10-08T03:26:44Z INFO [315/750] 67b38016-12ce-4e99-940c-d9506a65493e: 48 datasets; 0.8 s; peak memory 556 MiB.
2026-10-08T03:26:45Z INFO [316/750] 67b46dc7-9656-4f5c-b491-564062883895: 48 datasets; 0.8 s; peak memory 556 MiB.
2026-10-08T03:26:46Z INFO [317/750] 67b4fbac-2707-4199-8dbf-76e93cf26670: 112 datasets; 1.0 s; peak memory 556 MiB.
2026-10-08T03:27:04Z INFO [318/750] 67b518d2-0d3a-430f-a09e-accc09a52c94: 48 datasets; 18.2 s; peak memory 556 MiB.
2026-10-08T03:27:05Z INFO [319/750] 67b5b680-5246-435a-a92e-1547b950369f: 117 datasets; 0.9 s; peak memory 556 MiB.
2026-10-08T03:27:05Z INFO [320/750] 67b6653f-17ed-43ac-ad70-583314fb494a: 50 datasets; 0.6 s; peak memory 556 MiB.
2026-10-08T03:27:06Z INFO [321/750] 67b69b41-b50c-4aa1-92ec-05341852847a: 112 datasets; 0.8 s; peak memory 556 MiB.
2026-10-08T03:27:07Z INFO [322/750] 67b8823c-f2bd-4b65-92ae-5f69fc2e93d3: 52 datasets; 0.9 s; peak memory 556 MiB.
2026-10-08T03:27:08Z INFO [323/750] 67b975d4-eb7a-41ad-a407-def7bbf5f8df: 117 datasets; 0.9 s; peak memory 556 MiB.
2026-10-08T03:27:27Z INFO [324/750] 67b9994d-ca14-4e8a-b1c3-defc39f8f149: 48 datasets; 19.4 s; peak memory 556 MiB.
2026-10-08T03:27:28Z INFO [325/750] 67bbd311-f22e-45f3-9cb4-e965557cf6e8: 118 datasets; 0.9 s; peak memory 556 MiB.
2026-10-08T03:27:29Z INFO [326/750] 67bc586c-7995-471c-9ddd-7c104cb53a50: 51 datasets; 1.1 s; peak memory 556 MiB.
2026-10-08T03:27:30Z INFO [327/750] 67bcb6e3-fc9e-4a3c-8a49-72ec98445ec4: 52 datasets; 0.8 s; peak memory 556 MiB.
2026-10-08T03:27:31Z INFO [328/750] 67bcbf8c-ccb1-43eb-ac3f-234b57d7ab32: 65 datasets; 1.0 s; peak memory 556 MiB.
2026-10-08T03:27:32Z INFO [329/750] 67bceae1-a8a1-40e4-b61c-ed87fef2eff9: 117 datasets; 0.9 s; peak memory 556 MiB.
2026-10-08T03:27:33Z INFO [330/750] 67bd9e6d-aca4-4964-8209-f8b98c269acb: 112 datasets; 1.0 s; peak memory 556 MiB.
2026-10-08T03:27:34Z INFO [331/750] 67bdd390-87a8-471e-a681-8a032161d933: 51 datasets; 1.0 s; peak memory 556 MiB.
2026-10-08T03:27:37Z INFO [332/750] 67be19ce-3dbf-4256-8358-7ade8b2ef325: 229 datasets; 3.4 s; peak memory 556 MiB.
2026-10-08T03:27:38Z INFO [333/750] 67bf213a-5e0a-4b75-9ccf-b5be206b4ab8: 110 datasets; 1.0 s; peak memory 556 MiB.
2026-10-08T03:27:44Z INFO [334/750] 67bf8ca5-e89c-493b-b754-ccfd38a4bd59: 713 datasets; 5.5 s; peak memory 556 MiB.
2026-10-08T03:27:45Z INFO [335/750] 67c068a3-d62f-4a5e-9dce-af539cb29290: 112 datasets; 1.0 s; peak memory 556 MiB.
2026-10-08T03:29:32Z INFO [336/750] 67c0b1a8-7373-497c-85ed-cb77df920314: 433 datasets; 106.8 s; peak memory 556 MiB.
2026-10-08T03:29:34Z INFO [337/750] 67c156b9-1a32-4d76-ad0f-d2df9b910cea: 115 datasets; 1.8 s; peak memory 556 MiB.
2026-10-08T03:29:34Z INFO [338/750] 67c15c9f-1acc-42ca-afb7-4ab11b61903e: 52 datasets; 0.8 s; peak memory 556 MiB.
2026-10-08T03:29:35Z INFO [339/750] 67c2126f-fcd5-4195-bc09-494830235a4a: 118 datasets; 1.0 s; peak memory 556 MiB.
2026-10-08T03:29:45Z INFO [340/750] 67c216fc-3277-40b7-9375-6f1c84d73549: 1205 datasets; 9.3 s; peak memory 556 MiB.
2026-10-08T03:29:46Z INFO [341/750] 67c25268-d08d-402c-9a81-6d76243be409: 118 datasets; 0.9 s; peak memory 556 MiB.
2026-10-08T03:29:47Z INFO [342/750] 67c31445-2d44-4412-aabc-597fa1c1a602: 48 datasets; 0.9 s; peak memory 556 MiB.
2026-10-08T03:29:51Z INFO [343/750] 67c476c5-c74d-4d7d-87ae-a7a9b400456b: 225 datasets; 4.3 s; peak memory 556 MiB.
2026-10-08T03:29:52Z INFO [344/750] 67c4f1c8-2a22-4177-b7e0-4d89f3dc5d7b: 117 datasets; 1.0 s; peak memory 556 MiB.
2026-10-08T03:29:53Z INFO [345/750] 67c4f33e-79a6-4cb5-a438-7dddc31527f8: 69 datasets; 1.2 s; peak memory 556 MiB.
2026-10-08T03:30:14Z INFO [346/750] 67c5a765-01b6-428f-a17f-4b4b55543742: 11137 datasets; 20.7 s; peak memory 556 MiB.
2026-10-08T03:30:15Z INFO [347/750] 67c6fbc3-f23c-4e29-bcd6-5c12fffd6a05: 117 datasets; 0.9 s; peak memory 556 MiB.
2026-10-08T03:30:16Z INFO [348/750] 67c740f7-905a-40d2-91a8-2fa3b18e5323: 62 datasets; 0.9 s; peak memory 556 MiB.
2026-10-08T03:30:18Z INFO [349/750] 67c7d2cc-fffc-414f-9aab-e7754bdf31ea: 93 datasets; 1.9 s; peak memory 556 MiB.
2026-10-08T03:30:19Z INFO [350/750] 67c7fc33-881f-4d27-b8b3-d2ad8a003cf1: 62 datasets; 1.2 s; peak memory 556 MiB.
2026-10-08T03:30:19Z INFO [350/750] 67c7fc33-881f-4d27-b8b3-d2ad8a003cf1: checkpointed 96935 records.
2026-10-08T03:30:21Z INFO [351/750] 67c84be5-58c3-46e3-b7b0-394e537d2c17: 101 datasets; 2.1 s; peak memory 556 MiB.
2026-10-08T03:30:22Z INFO [352/750] 67ca888f-1db1-4c16-a3cd-c829b3e0a9ee: 41 datasets; 0.7 s; peak memory 556 MiB.
2026-10-08T03:30:23Z INFO [353/750] 67cbba4b-1b49-46a3-98e6-e50beb3bd377: 126 datasets; 1.4 s; peak memory 556 MiB.
2026-10-08T03:30:24Z INFO [354/750] 67cbec63-4f91-4e2b-b3d3-08d2d8bd7533: 48 datasets; 0.8 s; peak memory 556 MiB.
2026-10-08T03:30:25Z INFO [355/750] 67cc86ef-eacf-45d9-aade-9bce58d9859d: 48 datasets; 0.9 s; peak memory 556 MiB.
2026-10-08T03:30:26Z INFO [356/750] 67cd1fda-e9fa-4c77-a6e6-17cbf1e121bf: 48 datasets; 0.9 s; peak memory 556 MiB.
2026-10-08T03:30:27Z INFO [357/750] 67cd37d4-b323-42d2-8a9b-09ed1afa13cb: 113 datasets; 1.2 s; peak memory 556 MiB.
2026-10-08T03:30:35Z INFO [358/750] 67ce1a00-4217-47d3-92c2-3bd6588dab9d: 947 datasets; 7.5 s; peak memory 556 MiB.
2026-10-08T03:30:35Z INFO [359/750] 67ce6a90-f764-4687-8fbf-5be5d3d1a7a2: 48 datasets; 0.7 s; peak memory 556 MiB.
2026-10-08T03:30:37Z INFO [360/750] 67cf6faf-134f-42bd-95ba-d9c40bb8cc85: 38 datasets; 1.6 s; peak memory 556 MiB.
2026-10-08T03:30:38Z INFO [361/750] 67cfb3ff-504a-4cfa-a812-119637690881: 64 datasets; 1.3 s; peak memory 556 MiB.
2026-10-08T03:30:39Z INFO [362/750] 67d02865-1d23-421d-85ce-3026cefeb1d0: 112 datasets; 0.9 s; peak memory 556 MiB.
2026-10-08T03:30:40Z INFO [363/750] 67d1b1c5-4cbf-40e6-b4e7-29e22f658b04: 102 datasets; 1.1 s; peak memory 556 MiB.
2026-10-08T03:30:41Z INFO [364/750] 67d1b33d-3527-462a-8834-d5a37c301e5d: 118 datasets; 0.9 s; peak memory 556 MiB.
2026-10-08T03:30:42Z INFO [365/750] 67d39935-a000-4b61-a260-7cb43c2fe46a: 48 datasets; 0.8 s; peak memory 556 MiB.
2026-10-08T03:30:43Z INFO [366/750] 67d47883-2a77-40b8-b086-a0105dd589b7: 230 datasets; 0.9 s; peak memory 556 MiB.
2026-10-08T03:30:44Z INFO [367/750] 67d479d5-63d7-4bea-91f6-b888eca49416: 71 datasets; 1.1 s; peak memory 556 MiB.
2026-10-08T03:30:46Z INFO [368/750] 67d47c1a-2eff-4548-801c-efeaeab7470b: 38 datasets; 1.8 s; peak memory 556 MiB.
2026-10-08T03:30:48Z INFO [369/750] 67d53b44-bef6-43a9-afe4-5a30251f59fc: 53 datasets; 2.5 s; peak memory 556 MiB.
2026-10-08T03:30:49Z INFO [370/750] 67d574f7-7983-45c9-a898-adbea0beec49: 112 datasets; 1.0 s; peak memory 556 MiB.
2026-10-08T03:30:50Z INFO [371/750] 67d69746-7402-4b60-82dc-6cf094ff28a4: 52 datasets; 1.0 s; peak memory 556 MiB.
2026-10-08T03:30:52Z INFO [372/750] 67d6cf9c-6052-4309-86b0-69cd03bdcce7: 71 datasets; 2.0 s; peak memory 556 MiB.
2026-10-08T03:30:53Z INFO [373/750] 67d8c2f7-552d-4363-99b4-bd0937d733db: 101 datasets; 1.1 s; peak memory 556 MiB.
2026-10-08T03:30:54Z INFO [374/750] 67d934cc-dff1-4cc9-a1b0-de3b97fb063b: 57 datasets; 0.7 s; peak memory 556 MiB.
2026-10-08T03:31:08Z INFO [375/750] 67d9d937-6c37-4c07-b6a6-bd71c7b57b39: 38 datasets; 13.8 s; peak memory 556 MiB.
2026-10-08T03:31:08Z INFO [376/750] 67da05d5-a068-40bb-85a9-ecf64532411c: 46 datasets; 0.5 s; peak memory 556 MiB.
2026-10-08T03:31:14Z INFO [377/750] 67db8d0b-54ce-4b5a-ae56-6c928cb81662: 673 datasets; 5.9 s; peak memory 556 MiB.
2026-10-08T03:31:20Z INFO [378/750] 67dc01f3-1cd3-482d-aa9e-c989e130c6b2: 3067 datasets; 5.9 s; peak memory 556 MiB.
2026-10-08T03:31:21Z INFO [379/750] 67dc2d6a-e458-4906-ae6a-40f5bd3c9ecd: 110 datasets; 1.0 s; peak memory 556 MiB.
2026-10-08T03:31:24Z INFO [380/750] 67dcb6df-c109-4983-8d43-970383a3f081: 101 datasets; 3.4 s; peak memory 556 MiB.
2026-10-08T03:32:34Z INFO [381/750] 67dec5ec-603b-47ef-9c09-7219fb1e6bab: 58 datasets; 69.9 s; peak memory 556 MiB.
2026-10-08T03:32:35Z INFO [382/750] 67deec94-647a-41c5-b872-369c2d753826: 116 datasets; 0.9 s; peak memory 556 MiB.
2026-10-08T03:32:36Z INFO [383/750] 67df6b04-1dbe-4f7e-86f9-fee96c79f0bb: 45 datasets; 0.6 s; peak memory 556 MiB.
2026-10-08T03:32:37Z INFO [384/750] 67e16ee7-1c06-4b2c-8464-8d29c4ae1604: 45 datasets; 0.9 s; peak memory 556 MiB.
2026-10-08T03:32:38Z INFO [385/750] 67e24c1e-5b16-466c-bb4c-26caf438aacf: 117 datasets; 0.9 s; peak memory 556 MiB.
2026-10-08T03:32:44Z INFO [386/750] 67e25c23-607c-4da6-9cd6-865d10303008: 108 datasets; 6.7 s; peak memory 556 MiB.
2026-10-08T03:32:45Z INFO [387/750] 67e29621-65c8-462e-95b6-d6d063b7b74a: 48 datasets; 0.8 s; peak memory 556 MiB.
2026-10-08T03:32:46Z INFO [388/750] 67e2a6da-3097-40ad-a0f9-8e9d4ab6cdfd: 116 datasets; 0.9 s; peak memory 556 MiB.
2026-10-08T03:32:47Z INFO [389/750] 67e2fd0e-b694-4f0a-bfb1-15d4e6601245: 112 datasets; 1.1 s; peak memory 556 MiB.
2026-10-08T03:32:51Z INFO [390/750] 67e3ce6d-ceac-4e13-830c-db85159f27fc: 225 datasets; 3.7 s; peak memory 556 MiB.
2026-10-08T03:32:52Z INFO [391/750] 67e40f3c-5e1d-4dc5-b94a-f3fd257d8ae5: 63 datasets; 0.7 s; peak memory 556 MiB.
2026-10-08T03:32:52Z INFO [392/750] 67e56d6b-e78a-4b25-826e-cb42bf65e720: 48 datasets; 0.7 s; peak memory 556 MiB.
2026-10-08T03:36:30Z INFO [393/750] 67e5dc39-3f4e-478f-8abd-64bc037918f5: 436 datasets; 217.5 s; peak memory 556 MiB.
2026-10-08T03:36:31Z INFO [394/750] 67e6014e-f6b1-46fe-adae-7cc39aeea517: 71 datasets; 1.4 s; peak memory 556 MiB.
2026-10-08T03:36:32Z INFO [395/750] 67e60771-7c53-40b1-bd43-954e9b705ff7: 38 datasets; 0.8 s; peak memory 556 MiB.
2026-10-08T03:36:33Z INFO [396/750] 67e73cfa-6539-481d-b1f2-3dff062434c0: 86 datasets; 0.9 s; peak memory 556 MiB.
2026-10-08T03:36:34Z INFO [397/750] 67e7683d-6790-4f98-a6b1-d3a5aeaa74c0: 52 datasets; 1.0 s; peak memory 556 MiB.
2026-10-08T03:36:35Z INFO [398/750] 67e76cb0-d7e6-46e7-8fc3-9757f10d1cb8: 51 datasets; 0.6 s; peak memory 556 MiB.
2026-10-08T03:36:35Z INFO [399/750] 67e7b305-1a09-422e-bf4e-790bf0f8444f: 117 datasets; 0.8 s; peak memory 556 MiB.
2026-10-08T03:36:37Z INFO [400/750] 67e7bd67-2411-49b5-b777-a26ab6689b2c: 131 datasets; 1.3 s; peak memory 556 MiB.
2026-10-08T03:36:37Z INFO [400/750] 67e7bd67-2411-49b5-b777-a26ab6689b2c: checkpointed 96985 records.
2026-10-08T03:36:38Z INFO [401/750] 67e7cc0e-85c3-4452-add6-e4152431fd7b: 99 datasets; 1.1 s; peak memory 556 MiB.
2026-10-08T03:36:42Z INFO [402/750] 67e884db-31ef-417c-85b3-ebecc04bb338: 534 datasets; 4.4 s; peak memory 556 MiB.
2026-10-08T03:36:46Z INFO [403/750] 67e8c5c9-40f5-444f-bec5-2f2d44e68910: 458 datasets; 3.9 s; peak memory 556 MiB.
2026-10-08T03:36:47Z INFO [404/750] 67e8cc88-53e0-45f3-9d49-5cdc1604d5fc: 84 datasets; 0.8 s; peak memory 556 MiB.
2026-10-08T03:36:50Z INFO [405/750] 67e9016e-5731-49ed-9301-88907cd84c85: 156 datasets; 2.5 s; peak memory 556 MiB.
2026-10-08T03:36:51Z INFO [406/750] 67e9047b-3818-4d58-8080-1fd3484eb04e: 66 datasets; 1.0 s; peak memory 556 MiB.
2026-10-08T03:36:52Z INFO [407/750] 67e94ab3-66d8-47c2-827a-cb5131986e8d: 103 datasets; 1.7 s; peak memory 556 MiB.
2026-10-08T03:37:05Z INFO [408/750] 67eb5f34-2d98-445c-83ea-58d46f28d39b: 288 datasets; 12.4 s; peak memory 556 MiB.
2026-10-08T03:37:24Z INFO [409/750] 67eb8143-ddf6-453d-82a1-0ba0b0bc12c6: 48 datasets; 18.9 s; peak memory 556 MiB.
2026-10-08T03:37:25Z INFO [410/750] 67ec65dc-6735-4536-a469-365ec4b3a583: 112 datasets; 1.1 s; peak memory 556 MiB.
2026-10-08T03:37:27Z INFO [411/750] 67ec8bea-4544-496a-b406-e8c823b2f000: 116 datasets; 2.1 s; peak memory 556 MiB.
2026-10-08T03:37:30Z INFO [412/750] 67ecb2f6-dbef-4079-9457-3a87f206b426: 421 datasets; 3.3 s; peak memory 556 MiB.
2026-10-08T03:37:31Z INFO [413/750] 67ecc2f6-5c94-420d-b453-e5cc5e17a56e: 77 datasets; 0.8 s; peak memory 556 MiB.
2026-10-08T03:37:32Z INFO [414/750] 67ed14ec-a1bc-4aef-bcf1-438f086b9f68: 60 datasets; 0.9 s; peak memory 556 MiB.
2026-10-08T03:37:33Z INFO [415/750] 67ed26ee-a7a8-45b8-a7c5-258081378cb8: 84 datasets; 1.3 s; peak memory 556 MiB.
2026-10-08T03:37:35Z INFO [416/750] 67edcbf5-e27a-4f63-975a-97bed817a9ed: 38 datasets; 2.0 s; peak memory 556 MiB.
2026-10-08T03:37:36Z INFO [417/750] 67ee3f73-01dd-4b01-8514-a51ef3854cca: 118 datasets; 1.0 s; peak memory 556 MiB.
2026-10-08T03:37:38Z INFO [418/750] 67ee40b6-9e05-4c75-9c6f-eb4521fd496a: 45 datasets; 1.3 s; peak memory 556 MiB.
2026-10-08T03:37:38Z INFO [419/750] 67ee5bf3-68f5-400d-a45a-40960d448df1: 58 datasets; 0.7 s; peak memory 556 MiB.
2026-10-08T03:37:39Z INFO [420/750] 67eed19a-9a49-45e2-925f-1b4193244a44: 118 datasets; 0.9 s; peak memory 556 MiB.
2026-10-08T03:37:40Z INFO [421/750] 67eeedda-de37-4e52-8c5c-7ed5641c0623: 71 datasets; 1.3 s; peak memory 556 MiB.
2026-10-08T03:37:41Z INFO [422/750] 67ef00a1-e6db-431e-b142-145bdbd5d83e: 48 datasets; 0.8 s; peak memory 556 MiB.
2026-10-08T03:37:42Z INFO [423/750] 67efc4a3-daad-411c-8552-316572fca35b: 42 datasets; 0.9 s; peak memory 556 MiB.
2026-10-08T03:37:43Z INFO [424/750] 67f0697d-dee8-43cb-8a19-ba9ddad6a65e: 112 datasets; 1.1 s; peak memory 556 MiB.
2026-10-08T03:37:45Z INFO [425/750] 67f0b0d9-26ce-4e05-baee-837b03c7e870: 80 datasets; 1.9 s; peak memory 556 MiB.
2026-10-08T03:37:46Z INFO [426/750] 67f2046d-ce3a-407d-87b1-cd5c078aaedf: 46 datasets; 0.6 s; peak memory 556 MiB.
2026-10-08T03:37:47Z INFO [427/750] 67f22a61-a3f1-4638-b363-4ed22913e33d: 48 datasets; 0.8 s; peak memory 556 MiB.
2026-10-08T03:37:50Z INFO [428/750] 67f26356-8a13-4b76-91e5-da605615e5a4: 204 datasets; 3.5 s; peak memory 556 MiB.
2026-10-08T03:37:51Z INFO [429/750] 67f28145-0aa4-48e7-909f-855972ba7e17: 118 datasets; 0.9 s; peak memory 556 MiB.
2026-10-08T03:38:10Z INFO [430/750] 67f2e49e-e280-4431-956e-1d3e6e748b4f: 48 datasets; 19.1 s; peak memory 556 MiB.
2026-10-08T03:38:11Z INFO [431/750] 67f34d95-1b98-4353-9cb8-569c2cc4403e: 47 datasets; 0.8 s; peak memory 556 MiB.
2026-10-08T03:38:13Z INFO [432/750] 67f46f4e-66d6-414c-913d-0002a94a6201: 146 datasets; 2.0 s; peak memory 556 MiB.
2026-10-08T03:38:23Z INFO [433/750] 67f54acd-3dc9-4605-92ec-266eaa8c85eb: 38 datasets; 10.4 s; peak memory 556 MiB.
2026-10-08T03:38:24Z INFO [434/750] 67f9045f-3fc8-4343-aca3-e7abd599f481: 48 datasets; 0.8 s; peak memory 556 MiB.
2026-10-08T03:38:25Z INFO [435/750] 67fa9fe7-9a8d-4313-a29d-83635a0c155c: 71 datasets; 1.2 s; peak memory 556 MiB.
2026-10-08T03:38:26Z INFO [436/750] 67faa820-d666-4de6-be21-f75a985d703c: 51 datasets; 0.5 s; peak memory 556 MiB.
2026-10-08T03:38:27Z INFO [437/750] 67fabfa4-4f87-4aa8-a56b-36bc7257e4c4: 112 datasets; 1.1 s; peak memory 556 MiB.
2026-10-08T03:38:31Z INFO [438/750] 67fac176-e05d-4547-ae24-da73b11ab95d: 532 datasets; 4.2 s; peak memory 556 MiB.
2026-10-08T03:38:32Z INFO [439/750] 67facf12-1d2a-4242-9133-67d0701dac0d: 116 datasets; 1.0 s; peak memory 556 MiB.
2026-10-08T03:38:33Z INFO [440/750] 67fb2818-2e04-4940-b0c2-54850ef3d401: 48 datasets; 0.9 s; peak memory 556 MiB.
2026-10-08T03:38:35Z INFO [441/750] 67fb4808-88b5-47c7-8dc1-a4c6a9389747: 168 datasets; 1.6 s; peak memory 556 MiB.
2026-10-08T03:38:38Z INFO [442/750] 67fbd766-7127-4c6f-b54d-8c14ff820c2e: 547 datasets; 3.5 s; peak memory 556 MiB.
2026-10-08T03:38:39Z INFO [443/750] 67fbf1fc-02e2-41ea-a05c-840e8ed21688: 112 datasets; 0.9 s; peak memory 556 MiB.
2026-10-08T03:38:40Z INFO [444/750] 67fc18dc-f263-463c-b1d0-8de0791f5d6b: 46 datasets; 0.6 s; peak memory 556 MiB.
2026-10-08T03:38:41Z INFO [445/750] 67fcfa52-16bc-4c23-aba9-9c7d7d93a36b: 109 datasets; 1.1 s; peak memory 556 MiB.
2026-10-08T03:38:42Z INFO [446/750] 67fd4d06-d9e0-49ad-a171-9195c2a183d2: 48 datasets; 0.9 s; peak memory 556 MiB.
2026-10-08T03:41:20Z INFO [447/750] 67fdb6cb-9097-476f-8f73-3240c89f51b0: 99 datasets; 158.4 s; peak memory 1313 MiB.
2026-10-08T03:41:21Z INFO [448/750] 67fe657f-8809-4574-ae86-694278726c7c: 48 datasets; 0.9 s; peak memory 1313 MiB.
2026-10-08T03:41:22Z INFO [449/750] 67feeaad-480d-41c4-b256-0333f73d6005: 48 datasets; 0.8 s; peak memory 1313 MiB.
2026-10-08T03:41:39Z INFO [450/750] 67ff0c5f-af89-471d-bc73-aa37a6e54569: 48 datasets; 17.7 s; peak memory 1313 MiB.
2026-10-08T03:41:40Z INFO [450/750] 67ff0c5f-af89-471d-bc73-aa37a6e54569: checkpointed 97035 records.
2026-10-08T03:41:41Z INFO [451/750] 67ff90fa-3d36-4e91-8cc1-6655e72775d8: 117 datasets; 0.9 s; peak memory 1313 MiB.
2026-10-08T03:41:42Z INFO [452/750] 67fff43f-2d1f-445c-aa0b-480783c0e0bc: 52 datasets; 1.0 s; peak memory 1313 MiB.
2026-10-08T03:41:42Z INFO [453/750] 68002324-b902-418e-a542-b24accb262c6: 46 datasets; 0.8 s; peak memory 1313 MiB.
2026-10-08T03:41:45Z INFO [454/750] 68003c86-59cf-4df0-a46b-2e669f418a1c: 116 datasets; 2.2 s; peak memory 1313 MiB.
2026-10-08T03:41:45Z INFO [455/750] 6800c839-c240-4d07-917e-85f5cb04676d: 52 datasets; 0.9 s; peak memory 1313 MiB.
2026-10-08T03:41:46Z INFO [456/750] 6800eb4e-56d2-4def-b6da-fc83b1568939: 48 datasets; 0.7 s; peak memory 1313 MiB.
2026-10-08T03:41:47Z INFO [457/750] 6800fcda-f94a-4b41-b687-3317b85b595c: 33 datasets; 0.6 s; peak memory 1313 MiB.
2026-10-08T03:41:48Z INFO [458/750] 6801ef95-de53-47d1-a3cf-e7744e4a13b3: 48 datasets; 0.7 s; peak memory 1313 MiB.
2026-10-08T03:41:49Z INFO [459/750] 68025105-f159-49ed-a6fa-0b73f1d3b492: 131 datasets; 1.2 s; peak memory 1313 MiB.
2026-10-08T03:41:50Z INFO [460/750] 6802758e-4dbc-4771-a396-44b765fb8449: 102 datasets; 1.0 s; peak memory 1313 MiB.
2026-10-08T03:41:51Z INFO [461/750] 6802a3bb-ef0f-4dd1-985b-3459930fa83c: 112 datasets; 0.8 s; peak memory 1313 MiB.
2026-10-08T03:41:57Z INFO [462/750] 68032022-9c62-4105-9ef4-b72daa7404d9: 391 datasets; 6.6 s; peak memory 1313 MiB.
2026-10-08T03:41:58Z INFO [463/750] 680342de-3ef4-4b0a-97b2-696d6dd0d4e9: 69 datasets; 0.9 s; peak memory 1313 MiB.
2026-10-08T03:41:59Z INFO [464/750] 68035c49-ad1a-4a4d-a521-4ebf21e60f51: 112 datasets; 1.2 s; peak memory 1313 MiB.
2026-10-08T03:42:04Z INFO [465/750] 68037385-8d68-480c-944f-f209ffb3abe9: 44 datasets; 4.4 s; peak memory 1313 MiB.
2026-10-08T03:42:04Z INFO [466/750] 6803f94e-b770-4b9a-bc44-3a24c42ad527: 45 datasets; 0.7 s; peak memory 1313 MiB.
2026-10-08T03:42:12Z INFO [467/750] 6804d62a-beef-444e-bf5e-a6ec5325b7bb: 778 datasets; 7.4 s; peak memory 1313 MiB.
2026-10-08T03:42:13Z INFO [468/750] 68050203-391d-417e-aca6-026d2d13d04e: 102 datasets; 1.5 s; peak memory 1313 MiB.
2026-10-08T03:42:14Z INFO [469/750] 6805f0f6-9a85-4d12-a8db-0bcba0fc261a: 52 datasets; 0.8 s; peak memory 1313 MiB.
2026-10-08T03:42:15Z INFO [470/750] 6806594f-ebb1-4b72-84b1-f1c11d0886d9: 71 datasets; 1.2 s; peak memory 1313 MiB.
2026-10-08T03:42:16Z INFO [471/750] 680785a7-38fa-40ac-b5cf-4b89dd210a03: 46 datasets; 0.9 s; peak memory 1313 MiB.
2026-10-08T03:42:17Z INFO [472/750] 6808181c-5ca0-42e8-b3bd-74ad8d237513: 51 datasets; 0.7 s; peak memory 1313 MiB.
2026-10-08T03:42:18Z INFO [473/750] 6809e71b-a3f1-4fa1-b7c3-082c0fdd8817: 110 datasets; 1.4 s; peak memory 1313 MiB.
2026-10-08T03:42:19Z INFO [474/750] 680d2749-01de-4f4d-8973-0dc3df4dd76f: 112 datasets; 1.3 s; peak memory 1313 MiB.
2026-10-08T03:42:20Z INFO [475/750] 680d6375-741b-45e4-9e0a-69b54e8ddb03: 118 datasets; 1.0 s; peak memory 1313 MiB.
2026-10-08T03:42:21Z INFO [476/750] 680d669b-2f63-418d-8d33-48ee6bb3545a: 52 datasets; 0.9 s; peak memory 1313 MiB.
2026-10-08T03:42:23Z INFO [477/750] 680da5d2-1034-4ad6-988b-3cf2c32781e6: 66 datasets; 1.4 s; peak memory 1313 MiB.
2026-10-08T03:42:23Z INFO [478/750] 680de791-c6bf-4079-a247-443d7fec9453: 56 datasets; 0.6 s; peak memory 1313 MiB.
2026-10-08T03:42:24Z INFO [479/750] 680ea79e-8c07-49f6-8a1d-1fe533d173ef: 49 datasets; 0.9 s; peak memory 1313 MiB.
2026-10-08T03:42:26Z INFO [480/750] 680ebd2b-b53b-4898-8f45-ae19531801ef: 69 datasets; 1.4 s; peak memory 1313 MiB.
2026-10-08T03:42:27Z INFO [481/750] 680fc2af-19e6-4538-9502-eeff2ed9f0d1: 168 datasets; 1.7 s; peak memory 1313 MiB.
2026-10-08T03:42:28Z INFO [482/750] 681033fc-246a-436f-8e59-1b80f79fff5b: 106 datasets; 0.8 s; peak memory 1313 MiB.
2026-10-08T03:42:29Z INFO [483/750] 68108637-0943-4ec8-8a70-8369d5e517e6: 48 datasets; 0.9 s; peak memory 1313 MiB.
2026-10-08T03:42:30Z INFO [484/750] 68116143-02b5-4432-b639-2afbee034276: 110 datasets; 1.2 s; peak memory 1313 MiB.
2026-10-08T03:42:40Z INFO [485/750] 6811ae7b-3945-40d9-9c3b-c623f7734ae3: 1031 datasets; 9.3 s; peak memory 1313 MiB.
2026-10-08T03:42:57Z INFO [486/750] 6811c7c7-e7f9-497b-b5da-bef82d723dd6: 48 datasets; 17.8 s; peak memory 1313 MiB.
2026-10-08T03:43:06Z INFO [487/750] 68124c4f-ed6b-4e58-a071-bb9a621fb9ee: 4421 datasets; 8.9 s; peak memory 1313 MiB.
2026-10-08T03:43:07Z INFO [488/750] 68125304-35ef-4413-a03d-ce22c482962d: 112 datasets; 1.1 s; peak memory 1313 MiB.
2026-10-08T03:43:11Z INFO [489/750] 6813b09d-571d-46eb-9877-cfc7f4e68cc8: 50 datasets; 3.2 s; peak memory 1313 MiB.
2026-10-08T03:43:12Z INFO [490/750] 68144da9-5a14-42ee-93bc-706de243dad1: 53 datasets; 1.6 s; peak memory 1313 MiB.
2026-10-08T03:43:13Z INFO [491/750] 6814a6d6-381a-4fa5-8017-1745d6d9a02a: 117 datasets; 1.1 s; peak memory 1313 MiB.
2026-10-08T03:43:15Z INFO [492/750] 6814be96-8bc6-4590-95a2-c5bbab3ef047: 67 datasets; 1.4 s; peak memory 1313 MiB.
2026-10-08T03:43:16Z INFO [493/750] 6814e805-79c8-46dd-bd6f-4b49689dc9f4: 53 datasets; 1.5 s; peak memory 1313 MiB.
2026-10-08T03:43:18Z INFO [494/750] 6815b046-0389-4a55-9b55-417817a4bad6: 71 datasets; 1.9 s; peak memory 1313 MiB.
2026-10-08T03:43:19Z INFO [495/750] 6815c332-69cd-4f6e-aae5-b6b38b9eefb4: 117 datasets; 0.9 s; peak memory 1313 MiB.
2026-10-08T03:43:20Z INFO [496/750] 68162705-5377-4d7e-a109-a15aa23441c1: 48 datasets; 0.8 s; peak memory 1313 MiB.
2026-10-08T03:43:21Z INFO [497/750] 681655cc-11b1-4ca3-b7c1-1238fbc83d1d: 124 datasets; 1.7 s; peak memory 1313 MiB.
2026-10-08T03:43:22Z INFO [498/750] 68166d9e-b346-4759-aef5-4e90f37f85c9: 117 datasets; 0.8 s; peak memory 1313 MiB.
2026-10-08T03:43:23Z INFO [499/750] 68167631-2cd4-432d-96d4-09abf7f6451f: 112 datasets; 1.2 s; peak memory 1313 MiB.
2026-10-08T03:43:24Z INFO [500/750] 68178c02-88fa-4982-b677-32b96142b3e8: 50 datasets; 0.8 s; peak memory 1313 MiB.
2026-10-08T03:43:24Z INFO [500/750] 68178c02-88fa-4982-b677-32b96142b3e8: checkpointed 97085 records.
2026-10-08T03:43:33Z INFO [501/750] 68180eab-36a9-4c20-8012-94fc6e45827e: 674 datasets; 8.6 s; peak memory 1313 MiB.
2026-10-08T03:43:34Z INFO [502/750] 6818b9af-6185-4f83-a70f-e47bee26f888: 56 datasets; 0.6 s; peak memory 1313 MiB.
2026-10-08T03:43:39Z INFO [503/750] 6818d810-67a8-4b35-8767-fc3347a72f39: 606 datasets; 5.9 s; peak memory 1313 MiB.
2026-10-08T03:43:40Z INFO [504/750] 68196d62-a951-453a-9e30-9da940fc6ef0: 48 datasets; 1.0 s; peak memory 1313 MiB.
2026-10-08T03:43:41Z INFO [505/750] 681991ba-b9ba-4659-a89e-ba585c11eeb2: 59 datasets; 1.1 s; peak memory 1313 MiB.
2026-10-08T03:43:46Z INFO [506/750] 681adf59-9a5d-42e5-9435-de5d2d6734ff: 538 datasets; 4.3 s; peak memory 1313 MiB.
2026-10-08T03:43:47Z INFO [507/750] 681aec05-b657-4110-aeb2-a505c7041ef8: 116 datasets; 0.9 s; peak memory 1313 MiB.
2026-10-08T03:43:47Z INFO [508/750] 681b16b5-eba3-4ae2-94a6-4cf533988af4: 48 datasets; 0.8 s; peak memory 1313 MiB.
2026-10-08T03:43:49Z INFO [509/750] 681b7113-fc88-4589-aadb-dc16b5719077: 115 datasets; 1.8 s; peak memory 1313 MiB.
2026-10-08T03:43:50Z INFO [510/750] 681bc014-1efa-4ca6-afde-c1ad64196e14: 112 datasets; 1.2 s; peak memory 1313 MiB.
2026-10-08T03:43:51Z INFO [511/750] 681c0e29-274d-41e4-a850-0afd9a53d925: 117 datasets; 0.8 s; peak memory 1313 MiB.
2026-10-08T03:43:52Z INFO [512/750] 681c9bb7-77ac-4232-a7f4-ac1e1ac75545: 48 datasets; 0.9 s; peak memory 1313 MiB.
2026-10-08T03:43:53Z INFO [513/750] 681d26ea-8d70-4f71-b897-a527732dea53: 66 datasets; 1.3 s; peak memory 1313 MiB.
2026-10-08T03:43:56Z INFO [514/750] 681d461d-1e1e-45c9-be2e-2a364614f8fd: 133 datasets; 2.5 s; peak memory 1313 MiB.
2026-10-08T03:43:57Z INFO [515/750] 681d4651-f1e1-4e48-95b5-7c3561e46553: 48 datasets; 0.9 s; peak memory 1313 MiB.
2026-10-08T03:43:57Z INFO [516/750] 681ec5a5-6d10-4253-89ce-ce54c92b6d5e: 68 datasets; 0.6 s; peak memory 1313 MiB.
2026-10-08T03:43:58Z INFO [517/750] 681f8b28-e84e-45d4-9310-03d8b1e42cf1: 48 datasets; 0.9 s; peak memory 1313 MiB.
2026-10-08T03:44:00Z INFO [518/750] 681fb3cb-b5b8-489e-a535-916a5c14a959: 115 datasets; 2.1 s; peak memory 1313 MiB.
2026-10-08T03:44:01Z INFO [519/750] 68203e5f-9d9c-4d1f-a9ad-90fb0c5c3339: 48 datasets; 0.9 s; peak memory 1313 MiB.
2026-10-08T03:44:02Z INFO [520/750] 68213dda-b3ff-418d-b5f7-75a75762149c: 48 datasets; 0.7 s; peak memory 1313 MiB.
2026-10-08T03:44:03Z INFO [521/750] 68214200-be3d-4063-af26-afe2aa00d928: 118 datasets; 0.9 s; peak memory 1313 MiB.
2026-10-08T04:16:37Z INFO [522/750] 6821594c-b7b8-4fc4-8c20-5b0406dd0dc8: 1581 datasets; 1954.5 s; peak memory 1313 MiB.
2026-10-08T04:16:40Z INFO [523/750] 682178cc-66d5-4366-b934-94b64731b0e5: 90 datasets; 2.3 s; peak memory 1313 MiB.
2026-10-08T04:16:40Z INFO [524/750] 6821e33f-70a5-4ec7-a0e2-01697e0bb063: 37 datasets; 0.6 s; peak memory 1313 MiB.
2026-10-08T04:16:41Z INFO [525/750] 6821eb3e-1cb3-4e92-a489-256aee2a8987: 48 datasets; 0.9 s; peak memory 1313 MiB.
2026-10-08T04:16:43Z INFO [526/750] 6822e2e0-ae5d-41e8-83ce-341ced919f4c: 112 datasets; 1.3 s; peak memory 1313 MiB.
2026-10-08T04:16:44Z INFO [527/750] 68233f89-2b27-4987-ba56-42761ba46883: 48 datasets; 0.9 s; peak memory 1313 MiB.
2026-10-08T04:16:45Z INFO [528/750] 6823884c-393e-4473-88cf-1931a5b72cf6: 38 datasets; 1.9 s; peak memory 1313 MiB.
2026-10-08T04:16:46Z INFO [529/750] 68238fc6-764d-46b9-a1e2-cdb08172cb8b: 117 datasets; 1.0 s; peak memory 1313 MiB.
2026-10-08T04:16:47Z INFO [530/750] 6823c051-7455-4fa3-b1a8-d7d051b50e5b: 117 datasets; 1.0 s; peak memory 1313 MiB.
2026-10-08T04:16:49Z INFO [531/750] 6823ed1d-4995-42bf-ba9a-82cba8a80d8b: 71 datasets; 1.6 s; peak memory 1313 MiB.
2026-10-08T04:16:54Z INFO [532/750] 68249f4a-b486-45bc-8b2b-a01b8c1e97ad: 564 datasets; 4.7 s; peak memory 1313 MiB.
2026-10-08T04:16:54Z INFO [533/750] 6824ba04-aabb-46ef-91d0-0cf108d5db52: 39 datasets; 0.6 s; peak memory 1313 MiB.
2026-10-08T04:18:56Z INFO [534/750] 6824ea4b-ac03-400e-8e0f-3a2d68b328ee: 99 datasets; 121.3 s; peak memory 1313 MiB.
2026-10-08T04:18:57Z INFO [535/750] 68251643-39c6-473c-b2ca-cc7192c22d72: 115 datasets; 1.8 s; peak memory 1313 MiB.
2026-10-08T04:18:58Z INFO [536/750] 68259f49-070d-4fbd-b308-4c29cc7486f4: 48 datasets; 0.9 s; peak memory 1313 MiB.
2026-10-08T04:18:59Z INFO [537/750] 682616d3-ee7b-410c-92ae-87885ddf1344: 54 datasets; 0.7 s; peak memory 1313 MiB.
2026-10-08T04:19:03Z INFO [538/750] 68269995-8216-4078-b7ea-fa3a09a19bd3: 545 datasets; 4.3 s; peak memory 1313 MiB.
2026-10-08T04:34:59Z INFO [539/750] 6826f1e2-6cf5-4654-9e40-360040014530: 118 datasets; 955.7 s; peak memory 1313 MiB.
2026-10-08T04:35:08Z INFO [540/750] 6826f2ce-d954-49b2-8cd6-88ddfa7dbbca: 903 datasets; 8.9 s; peak memory 1313 MiB.
2026-10-08T04:35:14Z INFO [541/750] 68275ef9-9a36-4c37-b3d3-4f2f92282c53: 1109 datasets; 6.5 s; peak memory 1313 MiB.
2026-10-08T04:35:16Z INFO [542/750] 6827c7a7-8646-45d6-baa9-7f3f02935dbd: 111 datasets; 1.1 s; peak memory 1313 MiB.
2026-10-08T04:35:17Z INFO [543/750] 6827e976-a7ab-450f-bccd-b779c46fd88b: 48 datasets; 1.0 s; peak memory 1313 MiB.
2026-10-08T04:35:21Z INFO [544/750] 68282e57-7801-472c-9f4d-214a8e200700: 323 datasets; 4.2 s; peak memory 1313 MiB.
2026-10-08T04:35:23Z INFO [545/750] 68283f91-534f-428c-815c-5af82db285a0: 84 datasets; 2.6 s; peak memory 1313 MiB.
2026-10-08T04:35:25Z INFO [546/750] 6828efb5-83ea-4706-8c7d-051219968afe: 78 datasets; 1.8 s; peak memory 1313 MiB.
2026-10-08T04:35:26Z INFO [547/750] 6828f6a5-7fbd-437d-b994-a75c73119f3a: 119 datasets; 0.8 s; peak memory 1313 MiB.
2026-10-08T04:37:22Z INFO [548/750] 682a7218-5b98-402b-8a8f-5b5b8a4d32c9: 167 datasets; 116.0 s; peak memory 1313 MiB.
2026-10-08T04:37:23Z INFO [549/750] 682a9f90-1dfb-464a-812e-42b8a9c849fc: 48 datasets; 0.9 s; peak memory 1313 MiB.
2026-10-08T04:37:24Z INFO [550/750] 682b0ba9-0580-4463-a6fb-da6bdf4283f2: 74 datasets; 1.5 s; peak memory 1313 MiB.
2026-10-08T04:37:24Z INFO [550/750] 682b0ba9-0580-4463-a6fb-da6bdf4283f2: checkpointed 97135 records.
2026-10-08T04:37:39Z INFO [551/750] 682dcf2a-1970-42fb-92f3-380530e92582: 41 datasets; 14.5 s; peak memory 1313 MiB.
2026-10-08T04:37:40Z INFO [552/750] 682e944e-0e18-4d36-97f4-95b55385b683: 48 datasets; 0.9 s; peak memory 1313 MiB.
2026-10-08T04:37:45Z INFO [553/750] 682edd53-65a5-470a-a50f-0637e3cf6c3e: 737 datasets; 5.4 s; peak memory 1313 MiB.
2026-10-08T04:37:51Z INFO [554/750] 682fc94b-31fd-465b-9d7a-bb2276da2554: 796 datasets; 6.2 s; peak memory 1313 MiB.
2026-10-08T04:37:52Z INFO [555/750] 683021b3-86c1-4ad9-9e80-2049c52e61de: 48 datasets; 0.9 s; peak memory 1313 MiB.
2026-10-08T04:38:05Z INFO [556/750] 6830f3aa-ea0f-4c1b-96e7-131fe73ffcee: 967 datasets; 12.7 s; peak memory 1313 MiB.
2026-10-08T04:38:07Z INFO [557/750] 68310c18-e6b1-4e0c-ab3d-e35b727eae28: 115 datasets; 1.9 s; peak memory 1313 MiB.
2026-10-08T04:38:08Z INFO [558/750] 68311a6a-43b8-4bb0-acbf-a1c40352436f: 48 datasets; 0.9 s; peak memory 1313 MiB.
2026-10-08T04:38:49Z INFO [559/750] 6831706c-8dba-4380-b3ad-18bc75e205de: 4086 datasets; 41.0 s; peak memory 1313 MiB.
2026-10-08T04:38:50Z INFO [560/750] 6831b5b2-c221-4cd0-898d-306c69debcae: 48 datasets; 0.8 s; peak memory 1313 MiB.
2026-10-08T04:38:50Z INFO [561/750] 6831fbfa-f34c-4ded-a9ad-97f14aea4ca2: 48 datasets; 0.8 s; peak memory 1313 MiB.
2026-10-08T04:38:51Z INFO [562/750] 68320b4c-69f9-4952-baae-e151529f8287: 117 datasets; 0.9 s; peak memory 1313 MiB.
2026-10-08T04:38:52Z INFO [563/750] 68333823-05ed-4b62-9b1c-a1db7f83cf72: 64 datasets; 1.1 s; peak memory 1313 MiB.
2026-10-08T04:38:54Z INFO [564/750] 68342edf-b6ae-4bbe-9cd5-c09119c1f40e: 121 datasets; 1.4 s; peak memory 1313 MiB.
2026-10-08T04:38:55Z INFO [565/750] 68346a31-4b7d-44db-8f05-08ce869b3971: 112 datasets; 0.7 s; peak memory 1313 MiB.
2026-10-08T04:38:55Z INFO [566/750] 6834db1b-e282-4bb4-918d-234f67727158: 48 datasets; 0.8 s; peak memory 1313 MiB.
2026-10-08T04:38:56Z INFO [567/750] 6835a17e-9dd3-43f3-a8d4-8f1214f83598: 117 datasets; 0.9 s; peak memory 1313 MiB.
2026-10-08T04:39:01Z INFO [568/750] 6835d390-e731-477a-bd0a-ba31d69e6beb: 649 datasets; 4.5 s; peak memory 1313 MiB.
2026-10-08T04:39:21Z INFO [569/750] 6835dce9-97b8-4011-92f7-7d7c289d5945: 94 datasets; 20.7 s; peak memory 1313 MiB.
2026-10-08T04:39:22Z INFO [570/750] 6835e1b9-e0cb-457b-949e-6d8db0c87bc9: 48 datasets; 0.8 s; peak memory 1313 MiB.
2026-10-08T04:39:23Z INFO [571/750] 6836888c-4bc6-4029-95b5-2b6589109935: 46 datasets; 0.6 s; peak memory 1313 MiB.
2026-10-08T04:39:27Z INFO [572/750] 6836e29b-0b28-40c0-a85a-6e078c367262: 507 datasets; 4.2 s; peak memory 1313 MiB.
2026-10-08T04:39:28Z INFO [573/750] 683949a7-3404-425b-a80a-45b74f534614: 44 datasets; 0.7 s; peak memory 1313 MiB.
2026-10-08T04:41:38Z INFO [574/750] 683c138a-185d-46d1-9db0-1b13a9b387d0: 99 datasets; 130.6 s; peak memory 1313 MiB.
2026-10-08T04:41:39Z INFO [575/750] 683c49c1-825d-499a-a15d-9c67d3b37a0c: 117 datasets; 0.9 s; peak memory 1313 MiB.
2026-10-08T04:41:40Z INFO [576/750] 683c4ad3-f71b-4864-bcfb-10a97b1418f2: 48 datasets; 0.9 s; peak memory 1313 MiB.
2026-10-08T04:41:41Z INFO [577/750] 683c7cd5-ad69-439f-a283-01c8431a51cf: 117 datasets; 0.8 s; peak memory 1313 MiB.
2026-10-08T04:41:42Z INFO [578/750] 683c8afb-3f59-4ca7-a4dc-546b5b48784c: 117 datasets; 0.9 s; peak memory 1313 MiB.
2026-10-08T04:41:43Z INFO [579/750] 683d68e2-0ae0-4597-811e-9d02dad41cde: 118 datasets; 1.1 s; peak memory 1313 MiB.
2026-10-08T04:41:44Z INFO [580/750] 683e4291-9136-4510-b859-f8b52d3891c0: 289 datasets; 1.1 s; peak memory 1313 MiB.
2026-10-08T04:41:46Z INFO [581/750] 683e8125-f2ea-4359-b16c-e6da9d414ba6: 186 datasets; 1.7 s; peak memory 1313 MiB.
2026-10-08T04:41:47Z INFO [582/750] 683e97d1-75a7-4ece-8ff5-23569d7cb499: 117 datasets; 1.1 s; peak memory 1313 MiB.
2026-10-08T04:41:48Z INFO [583/750] 683ef6a0-4a01-4ced-9376-7c3c0b66cb7f: 76 datasets; 0.7 s; peak memory 1313 MiB.
2026-10-08T04:41:49Z INFO [584/750] 683f2d59-38b6-4eaf-a98d-f21b2110a6ac: 48 datasets; 0.9 s; peak memory 1313 MiB.
2026-10-08T04:41:49Z INFO [585/750] 68402275-0379-4018-912b-4fca44de96ff: 46 datasets; 0.5 s; peak memory 1313 MiB.
2026-10-08T04:41:50Z INFO [586/750] 6841522e-351e-4491-ae03-c379d3e29b26: 110 datasets; 0.7 s; peak memory 1313 MiB.
2026-10-08T04:41:51Z INFO [587/750] 6841dcbc-9901-4551-aa6d-dee49a220052: 84 datasets; 0.9 s; peak memory 1313 MiB.
2026-10-08T04:41:52Z INFO [588/750] 6841f0e1-f767-45f6-bcfb-29c2fc357a7f: 76 datasets; 1.4 s; peak memory 1313 MiB.
2026-10-08T04:42:10Z INFO [589/750] 6841f314-c0e4-4e7e-b62d-787fbbc46b72: 522 datasets; 17.4 s; peak memory 1313 MiB.
2026-10-08T04:42:11Z INFO [590/750] 684223b1-f446-41d2-be0f-ccd3e88b7d35: 51 datasets; 1.2 s; peak memory 1313 MiB.
2026-10-08T04:42:12Z INFO [591/750] 684398f4-37e9-4619-b080-e627cac015af: 46 datasets; 0.7 s; peak memory 1313 MiB.
2026-10-08T04:42:13Z INFO [592/750] 6843d3d6-261d-43e1-a4c8-987cf72966fd: 38 datasets; 1.5 s; peak memory 1313 MiB.
2026-10-08T04:42:14Z INFO [593/750] 6843f943-012c-4302-95e2-93cbe974c45e: 112 datasets; 1.1 s; peak memory 1313 MiB.
2026-10-08T04:42:16Z INFO [594/750] 6843fd30-8483-4f5f-ba9f-d2f82d91e470: 85 datasets; 1.5 s; peak memory 1313 MiB.
2026-10-08T04:42:16Z INFO [595/750] 6844a14a-995e-4ec9-92da-81eb5f21dfe3: 117 datasets; 0.8 s; peak memory 1313 MiB.
2026-10-08T04:42:21Z INFO [596/750] 68463be9-9a9d-4d59-a688-9b13d1369cdd: 238 datasets; 4.0 s; peak memory 1313 MiB.
2026-10-08T04:42:21Z INFO [597/750] 68468c32-3be3-47b7-8b3e-ba2d2a4c389c: 83 datasets; 0.9 s; peak memory 1313 MiB.
2026-10-08T04:42:23Z INFO [598/750] 68469eab-21fe-4bb9-98db-9368735c3ce8: 66 datasets; 1.5 s; peak memory 1313 MiB.
2026-10-08T04:42:24Z INFO [599/750] 6846d407-85bf-45cf-b3d0-14a7bfc03630: 71 datasets; 1.6 s; peak memory 1313 MiB.
2026-10-08T04:42:26Z INFO [600/750] 6847335d-f6c0-490e-8ed7-df34723a01e3: 66 datasets; 1.5 s; peak memory 1313 MiB.
2026-10-08T04:42:26Z INFO [600/750] 6847335d-f6c0-490e-8ed7-df34723a01e3: checkpointed 97185 records.
2026-10-08T04:42:27Z INFO [601/750] 68486a54-9c56-4256-9d07-6a60258b3dec: 74 datasets; 1.1 s; peak memory 1313 MiB.
2026-10-08T04:42:28Z INFO [602/750] 68494ae0-2fde-4f3d-8761-8f97af7756d0: 116 datasets; 0.9 s; peak memory 1313 MiB.
2026-10-08T04:42:32Z INFO [603/750] 68499e15-ce8b-4741-b7eb-4e03dfc50bde: 579 datasets; 3.9 s; peak memory 1313 MiB.
2026-10-08T04:42:33Z INFO [604/750] 6849b3ee-c53c-48f8-94a2-319d37b721a8: 117 datasets; 0.9 s; peak memory 1313 MiB.
2026-10-08T04:42:34Z INFO [605/750] 684a4aa9-fbea-4b93-bf93-b03d38dc7138: 112 datasets; 1.1 s; peak memory 1313 MiB.
2026-10-08T04:42:35Z INFO [606/750] 684a8b61-dab3-4477-ba57-602e40e848f4: 56 datasets; 0.6 s; peak memory 1313 MiB.
2026-10-08T04:42:35Z INFO [607/750] 684af05b-931c-401b-9400-cf2345d3156d: 48 datasets; 0.8 s; peak memory 1313 MiB.
2026-10-08T04:42:40Z INFO [608/750] 684b5142-7a6b-444a-aea8-9970dd4e8dbb: 538 datasets; 4.3 s; peak memory 1313 MiB.
2026-10-08T04:42:41Z INFO [609/750] 684b6f1a-cb7d-455c-a2f6-7b94e6b3ee26: 66 datasets; 1.1 s; peak memory 1313 MiB.
2026-10-08T04:42:41Z INFO [610/750] 684c4878-6865-4e57-9503-56a8a343e782: 48 datasets; 0.7 s; peak memory 1313 MiB.
2026-10-08T04:42:43Z INFO [611/750] 684c944f-84c5-470b-8db5-39581e3749af: 115 datasets; 1.9 s; peak memory 1313 MiB.
2026-10-08T04:42:44Z INFO [612/750] 684d7f1d-ed5d-4c18-9706-5bfd348695af: 275 datasets; 1.1 s; peak memory 1313 MiB.
2026-10-08T04:42:45Z INFO [613/750] 684dda03-940a-4aef-87dc-0fe74bff7569: 117 datasets; 0.8 s; peak memory 1313 MiB.
2026-10-08T04:42:51Z INFO [614/750] 684e1dc8-914c-4fe6-9d22-b4d6f0ebdc22: 824 datasets; 6.1 s; peak memory 1313 MiB.
2026-10-08T04:42:53Z INFO [615/750] 684e3d28-e680-4d5d-a3e8-0e7920dbb4c1: 112 datasets; 1.2 s; peak memory 1313 MiB.
2026-10-08T04:42:53Z INFO [616/750] 684e70c6-aaca-4af8-a0b5-7ca6f7a1765f: 112 datasets; 0.9 s; peak memory 1313 MiB.
2026-10-08T04:42:57Z INFO [617/750] 684e9880-fa28-4e5a-8869-ebcc328639d5: 168 datasets; 3.7 s; peak memory 1313 MiB.
2026-10-08T04:42:59Z INFO [618/750] 684eaed4-ef87-4d68-a7ee-fea1a755d805: 53 datasets; 1.5 s; peak memory 1313 MiB.
2026-10-08T04:43:00Z INFO [619/750] 684ecfa0-632b-4d8c-9fda-b5a1256ffa52: 116 datasets; 1.0 s; peak memory 1313 MiB.
2026-10-08T04:43:01Z INFO [620/750] 684faa6d-6334-4c97-86e7-cb6470c22aa5: 48 datasets; 1.0 s; peak memory 1313 MiB.
2026-10-08T04:44:53Z INFO [621/750] 6850782b-5147-44cf-803f-6c44a2792504: 433 datasets; 111.9 s; peak memory 1313 MiB.
2026-10-08T04:44:54Z INFO [622/750] 6850900f-f624-471f-8f7b-a9ea98494c05: 117 datasets; 0.9 s; peak memory 1313 MiB.
2026-10-08T04:44:54Z INFO [623/750] 6851dc4f-7ca9-4548-8a09-ec8e7f11b8bb: 48 datasets; 0.9 s; peak memory 1313 MiB.
2026-10-08T04:44:55Z INFO [624/750] 6852ac8b-553c-4075-ab80-373070573664: 48 datasets; 0.8 s; peak memory 1313 MiB.
2026-10-08T04:44:57Z INFO [625/750] 6853df75-b1a2-4aec-a191-f822d3947e1e: 115 datasets; 1.9 s; peak memory 1313 MiB.
2026-10-08T04:45:03Z INFO [626/750] 68543b1f-82c0-45ea-9d63-584949c570cb: 11477 datasets; 6.2 s; peak memory 1313 MiB.
2026-10-08T04:45:04Z INFO [627/750] 68544399-2c3f-4453-a850-ad859a6c6faf: 41 datasets; 0.6 s; peak memory 1313 MiB.
2026-10-08T04:45:05Z INFO [628/750] 68545bf9-589f-40ce-98d1-68eddff485ac: 48 datasets; 0.7 s; peak memory 1313 MiB.
2026-10-08T04:45:06Z INFO [629/750] 68549b5c-6afe-4acf-a2ab-ffa539aa3306: 48 datasets; 0.9 s; peak memory 1313 MiB.
2026-10-08T04:45:07Z INFO [630/750] 6854d040-1e54-418c-88d9-63dd9c98059f: 117 datasets; 1.0 s; peak memory 1313 MiB.
2026-10-08T04:45:07Z INFO [631/750] 6855926d-22bb-43aa-a6ef-c8785f2815f4: 47 datasets; 0.7 s; peak memory 1313 MiB.
2026-10-08T04:45:09Z INFO [632/750] 6855b277-0af9-48fb-9888-f103d6ede703: 104 datasets; 2.0 s; peak memory 1313 MiB.
2026-10-08T04:45:10Z INFO [633/750] 6855e366-acb4-4a8a-b200-2a4cfdcd223c: 45 datasets; 0.7 s; peak memory 1313 MiB.
2026-10-08T04:45:11Z INFO [634/750] 68562d70-9a63-44cf-ade9-dfc13cc80fa0: 46 datasets; 0.6 s; peak memory 1313 MiB.
2026-10-08T04:45:12Z INFO [635/750] 68565abe-cc28-4be6-8d4a-81df6dfdaae1: 113 datasets; 1.1 s; peak memory 1313 MiB.
2026-10-08T04:45:13Z INFO [636/750] 6856825a-5c43-4dfe-bfff-c5eb19880762: 119 datasets; 1.6 s; peak memory 1313 MiB.
2026-10-08T04:45:24Z INFO [637/750] 6857883d-66a0-4671-9fd8-6c699b348c2e: 851 datasets; 10.3 s; peak memory 1313 MiB.
2026-10-08T04:45:25Z INFO [638/750] 68587ea0-0467-43a0-8a61-51811b9b2a54: 48 datasets; 1.0 s; peak memory 1313 MiB.
2026-10-08T04:48:54Z INFO [639/750] 685976d1-cf77-4686-a574-3ee7e0deff48: 99 datasets; 209.4 s; peak memory 1313 MiB.
2026-10-08T04:50:44Z INFO [640/750] 68598521-aa0b-4679-bd8e-a50686d08db5: 167 datasets; 110.5 s; peak memory 1313 MiB.
2026-10-08T04:50:45Z INFO [641/750] 685a0a60-c2b5-4248-9753-134461a28b2f: 51 datasets; 0.6 s; peak memory 1313 MiB.
2026-10-08T04:50:46Z INFO [642/750] 685a0fc3-5638-476a-98d6-2d1c831f15b7: 48 datasets; 1.0 s; peak memory 1313 MiB.
2026-10-08T04:50:47Z INFO [643/750] 685a856d-cd4b-4471-818e-bc763fa4c191: 42 datasets; 0.9 s; peak memory 1313 MiB.
2026-10-08T04:50:48Z INFO [644/750] 685aae08-88a4-483f-bccb-d4d2c7fa6dee: 48 datasets; 0.9 s; peak memory 1313 MiB.
2026-10-08T04:50:52Z INFO [645/750] 685ae7b8-735d-424f-a000-2a642c264be4: 208 datasets; 4.2 s; peak memory 1313 MiB.
2026-10-08T04:50:53Z INFO [646/750] 685ba171-3e02-4db0-bf7f-b55ab19db92c: 71 datasets; 1.3 s; peak memory 1313 MiB.
2026-10-08T04:51:02Z INFO [647/750] 685bcdcd-8c63-4450-a69b-eb92d9043ddf: 684 datasets; 8.3 s; peak memory 1313 MiB.
2026-10-08T04:51:03Z INFO [648/750] 685be4a5-fff2-490c-95b0-469b83445ebf: 38 datasets; 0.9 s; peak memory 1313 MiB.
2026-10-08T04:51:04Z INFO [649/750] 685bfb7c-eece-43c8-bf92-baccf81c44c4: 71 datasets; 1.4 s; peak memory 1313 MiB.
2026-10-08T04:51:19Z INFO [650/750] 685cb188-7c09-47a0-9e8d-4e56dec2493c: 1215 datasets; 15.1 s; peak memory 1313 MiB.
2026-10-08T04:51:19Z INFO [650/750] 685cb188-7c09-47a0-9e8d-4e56dec2493c: checkpointed 97235 records.
2026-10-08T04:51:20Z INFO [651/750] 685cc281-1f70-4963-8afa-d5435e63a60a: 110 datasets; 1.1 s; peak memory 1313 MiB.
2026-10-08T04:51:22Z INFO [652/750] 685d8c16-77e4-46ee-80ce-afdbe80e1e31: 112 datasets; 1.2 s; peak memory 1313 MiB.
2026-10-08T04:51:22Z INFO [653/750] 685de0c9-4dff-496a-a9d2-e267fe21c75e: 46 datasets; 0.8 s; peak memory 1313 MiB.
2026-10-08T04:51:23Z INFO [654/750] 685dfbf6-92fb-4bd7-ab4c-9c2fdebde5f2: 48 datasets; 1.0 s; peak memory 1313 MiB.
2026-10-08T04:51:24Z INFO [655/750] 685e7c86-39eb-41f6-9b2b-98c2f75dc6e5: 116 datasets; 1.0 s; peak memory 1313 MiB.
2026-10-08T04:51:26Z INFO [656/750] 685e959b-0078-4fb7-8dbc-5ce2a32861af: 156 datasets; 2.2 s; peak memory 1313 MiB.
2026-10-08T04:51:27Z INFO [657/750] 685f102b-86cb-4551-b81e-1e43f4ed0dac: 52 datasets; 0.9 s; peak memory 1313 MiB.
2026-10-08T04:51:28Z INFO [658/750] 685f7b7d-1e7e-425c-85f3-6c4b76f28919: 112 datasets; 1.2 s; peak memory 1313 MiB.
2026-10-08T04:51:29Z INFO [659/750] 6860be00-2965-4035-8b94-110ef1c33d03: 48 datasets; 0.8 s; peak memory 1313 MiB.
2026-10-08T04:51:30Z INFO [660/750] 6860d868-2c0e-4a6b-b530-6fa240b6d335: 48 datasets; 0.7 s; peak memory 1313 MiB.
2026-10-08T04:51:31Z INFO [661/750] 6862555c-0b0e-4167-9a79-391bbdbaccc2: 48 datasets; 1.2 s; peak memory 1313 MiB.
2026-10-08T04:51:32Z INFO [662/750] 6862a25a-5716-4dc2-8dde-a75635353e74: 48 datasets; 0.9 s; peak memory 1313 MiB.
2026-10-08T04:51:34Z INFO [663/750] 686370d1-8406-485a-9752-ff42c655b36c: 71 datasets; 1.7 s; peak memory 1313 MiB.
2026-10-08T04:51:36Z INFO [664/750] 6863744a-256a-448e-a1a6-46313c09ed6e: 38 datasets; 1.7 s; peak memory 1313 MiB.
2026-10-08T04:51:36Z INFO [665/750] 68648527-ac93-449b-b756-db0af3e0a1a8: 48 datasets; 0.8 s; peak memory 1313 MiB.
2026-10-08T04:53:29Z INFO [666/750] 6864e408-12c2-4693-bf69-3361cf1ee58a: 167 datasets; 113.0 s; peak memory 1313 MiB.
2026-10-08T04:53:47Z INFO [667/750] 686503bf-a412-44be-be20-4cab5a7e538e: 48 datasets; 18.0 s; peak memory 1313 MiB.
2026-10-08T04:53:48Z INFO [668/750] 6867746a-456d-4b94-861d-d3d852cbcb1b: 112 datasets; 0.9 s; peak memory 1313 MiB.
2026-10-08T04:53:49Z INFO [669/750] 6867a006-e325-45fd-b55b-69d2c6292706: 48 datasets; 0.8 s; peak memory 1313 MiB.
2026-10-08T04:53:53Z INFO [670/750] 6867dd36-f91a-4aa8-9d97-140530ae1190: 450 datasets; 3.9 s; peak memory 1313 MiB.
2026-10-08T04:53:54Z INFO [671/750] 68693853-de12-4366-a0ea-8da661dc24aa: 117 datasets; 1.0 s; peak memory 1313 MiB.
2026-10-08T04:54:05Z INFO [672/750] 6869963b-35a7-4ece-99ea-74b9e13a952d: 278 datasets; 11.0 s; peak memory 1313 MiB.
2026-10-08T04:54:06Z INFO [673/750] 6869e64e-83fb-435b-8aab-0925ac1288da: 110 datasets; 1.1 s; peak memory 1313 MiB.
2026-10-08T04:54:07Z INFO [674/750] 686a537e-e2c5-40f0-af03-1c465913fcd8: 46 datasets; 0.8 s; peak memory 1313 MiB.
2026-10-08T04:54:11Z INFO [675/750] 686ac29d-4ffc-48ab-9bd2-765d5438a37a: 332 datasets; 4.3 s; peak memory 1313 MiB.
2026-10-08T04:54:12Z INFO [676/750] 686afa9d-eac3-40f0-b4cf-98e6628b90de: 63 datasets; 1.1 s; peak memory 1313 MiB.
2026-10-08T04:54:19Z INFO [677/750] 686bc91e-374d-4a8d-8f68-2307af12bdba: 336 datasets; 6.4 s; peak memory 1313 MiB.
2026-10-08T04:54:20Z INFO [678/750] 686c5d4c-2376-4a4e-ae45-e87b4b293a58: 230 datasets; 0.9 s; peak memory 1313 MiB.
2026-10-08T04:54:20Z INFO [679/750] 686cac9b-8a0a-4e66-af1d-cecf364804ee: 48 datasets; 0.8 s; peak memory 1313 MiB.
2026-10-08T04:54:29Z INFO [680/750] 686d4086-8f18-4a75-8975-adec739226e5: 1091 datasets; 8.5 s; peak memory 1313 MiB.
2026-10-08T04:54:30Z INFO [681/750] 686d8818-3b02-4255-bc11-72bcee26f7ca: 70 datasets; 1.2 s; peak memory 1313 MiB.
2026-10-08T04:54:31Z INFO [682/750] 686dccda-5b92-4940-8d73-a610536b0149: 66 datasets; 1.1 s; peak memory 1313 MiB.
2026-10-08T04:54:32Z INFO [683/750] 686eb43e-7bd2-4bde-adcd-0de5a76b7702: 75 datasets; 1.2 s; peak memory 1313 MiB.
2026-10-08T04:54:33Z INFO [684/750] 686f5e3c-4b2c-48c8-9ab4-a3d080c0b022: 117 datasets; 0.9 s; peak memory 1313 MiB.
2026-10-08T04:54:34Z INFO [685/750] 686fdcbf-316e-4126-bd82-d57bc43f6b02: 110 datasets; 1.0 s; peak memory 1313 MiB.
2026-10-08T04:54:35Z INFO [686/750] 686fe278-79c9-408c-9c41-eeb63e2cf81e: 71 datasets; 1.1 s; peak memory 1313 MiB.
2026-10-08T04:54:36Z INFO [687/750] 68706efb-8cdb-48e4-9474-77087567fada: 59 datasets; 0.7 s; peak memory 1313 MiB.
2026-10-08T04:54:37Z INFO [688/750] 6871bae0-9430-4b1f-ac43-d6e16503fd08: 112 datasets; 1.2 s; peak memory 1313 MiB.
2026-10-08T04:54:43Z INFO [689/750] 68723c7b-e0ea-4e79-ba33-2e984bfb2c7c: 827 datasets; 5.4 s; peak memory 1313 MiB.
2026-10-08T04:54:43Z INFO [690/750] 6873c224-739e-493c-90b4-43f1153f8972: 48 datasets; 0.8 s; peak memory 1313 MiB.
2026-10-08T04:54:44Z INFO [691/750] 68742170-5470-46cf-b79e-35bfeba515a0: 59 datasets; 0.8 s; peak memory 1313 MiB.
2026-10-08T04:54:45Z INFO [692/750] 687444de-f588-42f5-b788-ecfcdb749318: 59 datasets; 1.1 s; peak memory 1313 MiB.
2026-10-08T04:54:46Z INFO [693/750] 68748b26-b12d-4f0b-8361-52d1c2c00c46: 112 datasets; 1.0 s; peak memory 1313 MiB.
2026-10-08T04:54:47Z INFO [694/750] 68764508-61e8-4f57-9d56-26fd06e525b6: 48 datasets; 0.8 s; peak memory 1313 MiB.
2026-10-08T04:54:48Z INFO [695/750] 6876747d-432a-4cd3-bec9-14ae38a1845e: 112 datasets; 0.9 s; peak memory 1313 MiB.
2026-10-08T04:54:49Z INFO [696/750] 687686a3-472c-47e4-af8e-d8d054ed1169: 112 datasets; 1.1 s; peak memory 1313 MiB.
2026-10-08T04:54:53Z INFO [697/750] 6878b49b-3e30-4463-b470-9a77550d9e76: 538 datasets; 3.5 s; peak memory 1313 MiB.
2026-10-08T04:54:53Z INFO [698/750] 6879622f-25a4-45be-ab90-d589d42109fd: 116 datasets; 0.9 s; peak memory 1313 MiB.
2026-10-08T04:54:54Z INFO [699/750] 6879705f-67c5-4949-be4b-a103c6073f6b: 114 datasets; 0.9 s; peak memory 1313 MiB.
2026-10-08T04:54:55Z INFO [700/750] 687a10fb-3e8a-451c-9657-a5af75318c9e: 72 datasets; 0.9 s; peak memory 1313 MiB.
2026-10-08T04:54:55Z INFO [700/750] 687a10fb-3e8a-451c-9657-a5af75318c9e: checkpointed 97285 records.
2026-10-08T04:54:56Z INFO [701/750] 687a4f9b-d91e-4fc6-bbb8-fd9a3a909436: 48 datasets; 0.8 s; peak memory 1313 MiB.
2026-10-08T04:55:00Z INFO [702/750] 687a5e0f-47c7-487e-bf18-dc0ab030f84c: 607 datasets; 3.6 s; peak memory 1313 MiB.
2026-10-08T04:55:04Z INFO [703/750] 687bc1ac-1306-4999-aa18-4e8d1088bd05: 538 datasets; 4.3 s; peak memory 1313 MiB.
2026-10-08T04:55:09Z INFO [704/750] 687bcdf3-bfe3-46e1-91df-d15050987d4d: 38 datasets; 5.1 s; peak memory 1313 MiB.
2026-10-08T04:55:17Z INFO [705/750] 687bd4d9-5348-4859-a3f7-bdcbe7994e70: 11485 datasets; 7.8 s; peak memory 1313 MiB.
2026-10-08T04:55:18Z INFO [706/750] 687cd894-e7f5-45b8-9344-86ac1b140d2b: 92 datasets; 0.8 s; peak memory 1313 MiB.
2026-10-08T04:55:26Z INFO [707/750] 687de5a1-9024-436c-8b95-0f41660d72b6: 1266 datasets; 8.2 s; peak memory 1313 MiB.
2026-10-08T04:55:27Z INFO [708/750] 687f4275-7eef-43dd-a47c-545a4b333694: 117 datasets; 1.1 s; peak memory 1313 MiB.
2026-10-08T04:55:28Z INFO [709/750] 687f81d8-f464-475c-bc0c-f3014e607ec1: 46 datasets; 0.9 s; peak memory 1313 MiB.
2026-10-08T04:55:29Z INFO [710/750] 687fa1ec-2e87-492a-9571-6b1f01c7a413: 48 datasets; 0.9 s; peak memory 1313 MiB.
2026-10-08T04:55:46Z INFO [711/750] 687fcc3e-c24c-4e2b-83b8-1e012d408ce6: 48 datasets; 17.1 s; peak memory 1313 MiB.
2026-10-08T04:55:52Z INFO [712/750] 68804c39-0dab-49db-91b4-988ca8a7c704: 300 datasets; 5.8 s; peak memory 1313 MiB.
2026-10-08T04:55:58Z INFO [713/750] 6880c9f3-a266-496e-bea9-c955936f40d0: 11485 datasets; 6.1 s; peak memory 1313 MiB.
2026-10-08T04:55:59Z INFO [714/750] 68813d08-1d49-4fe7-88fa-c8ba7c7a0f82: 62 datasets; 1.3 s; peak memory 1313 MiB.
2026-10-08T04:56:00Z INFO [715/750] 688163fb-8e17-44d9-8124-2a1519ef65f1: 69 datasets; 1.1 s; peak memory 1313 MiB.
2026-10-08T04:56:01Z INFO [716/750] 68819719-290d-42be-a158-024bdbe78653: 261 datasets; 1.2 s; peak memory 1313 MiB.
2026-10-08T04:56:02Z INFO [717/750] 6881d78d-31a4-4fb0-b1b0-4ee8f4e1228b: 46 datasets; 0.7 s; peak memory 1313 MiB.
2026-10-08T04:56:03Z INFO [718/750] 6881e2df-8bea-42b1-8126-2abd2cae6673: 46 datasets; 0.6 s; peak memory 1313 MiB.
2026-10-08T04:56:04Z INFO [719/750] 688258ac-e1bf-4252-a0ae-f90a26b59669: 117 datasets; 0.9 s; peak memory 1313 MiB.
2026-10-08T04:56:05Z INFO [720/750] 68825c92-3b27-42d0-abca-d14cecdee46b: 51 datasets; 1.6 s; peak memory 1313 MiB.
2026-10-08T04:56:06Z INFO [721/750] 688360ce-2a5c-45b8-8c32-575d502967a4: 66 datasets; 0.9 s; peak memory 1313 MiB.
2026-10-08T04:56:07Z INFO [722/750] 6883bef4-cfe0-4444-ac57-03ef8683e281: 48 datasets; 0.8 s; peak memory 1313 MiB.
2026-10-08T04:56:08Z INFO [723/750] 6883d0fa-99cc-4060-abde-5b627214b5dd: 112 datasets; 0.9 s; peak memory 1313 MiB.
2026-10-08T04:56:09Z INFO [724/750] 6884545c-05a2-4c1d-af21-1a9d1524ebfe: 117 datasets; 0.9 s; peak memory 1313 MiB.
2026-10-08T04:56:10Z INFO [725/750] 6884651f-1bb0-4f66-bcbd-7d82177c76d6: 48 datasets; 0.9 s; peak memory 1313 MiB.
2026-10-08T04:56:11Z INFO [726/750] 6884e6b8-6375-4289-af2c-6d55f5f31ef6: 72 datasets; 1.0 s; peak memory 1313 MiB.
2026-10-08T04:56:21Z INFO [727/750] 6886ffb1-1621-4144-881c-028ac5683ff4: 38 datasets; 10.4 s; peak memory 1313 MiB.
2026-10-08T04:56:22Z INFO [728/750] 68872770-c8c5-4256-8601-70f7cf4e0821: 117 datasets; 1.0 s; peak memory 1313 MiB.
2026-10-08T04:56:24Z INFO [729/750] 68881127-76db-496f-837b-d1fb2b000719: 71 datasets; 1.5 s; peak memory 1313 MiB.
2026-10-08T04:56:24Z INFO [730/750] 68883e28-7746-45cd-a9b6-c5fe1b5f2a19: 48 datasets; 0.7 s; peak memory 1313 MiB.
2026-10-08T04:56:25Z INFO [731/750] 68895070-bd6b-4d96-8223-43079365e520: 117 datasets; 0.9 s; peak memory 1313 MiB.
2026-10-08T04:56:26Z INFO [732/750] 688a4c5f-a109-49fc-a31b-585041c7c737: 48 datasets; 0.8 s; peak memory 1313 MiB.
2026-10-08T04:56:27Z INFO [733/750] 688a71d2-a91e-4c99-b03a-e6414c9fa47b: 118 datasets; 0.8 s; peak memory 1313 MiB.
2026-10-08T04:56:28Z INFO [734/750] 688af00a-3736-4c4f-bbe2-2f144d6d1ca2: 112 datasets; 1.1 s; peak memory 1313 MiB.
2026-10-08T04:56:29Z INFO [735/750] 688b394b-bcd9-463c-8111-d394039e1ecc: 93 datasets; 1.2 s; peak memory 1313 MiB.
2026-10-08T04:56:30Z INFO [736/750] 688ba3d3-f39d-4e36-90c2-e83d5a2a6909: 48 datasets; 0.8 s; peak memory 1313 MiB.
2026-10-08T04:56:35Z INFO [737/750] 688bfe45-6361-43a2-b24d-938f3f978e9f: 723 datasets; 5.1 s; peak memory 1313 MiB.
2026-10-08T04:56:36Z INFO [738/750] 688d20f2-f9b6-4ade-9568-a75d29bbb3b1: 112 datasets; 1.2 s; peak memory 1313 MiB.
2026-10-08T04:56:37Z INFO [739/750] 688d6732-394d-41d2-b834-fadb25c8fda9: 66 datasets; 1.1 s; peak memory 1313 MiB.
2026-10-08T04:56:38Z INFO [740/750] 688dac01-afd2-4340-8f92-4a79575cccb3: 112 datasets; 1.0 s; peak memory 1313 MiB.
2026-10-08T04:56:39Z INFO [741/750] 688e102e-477d-4ddc-86b9-f870f0109989: 48 datasets; 0.8 s; peak memory 1313 MiB.
2026-10-08T04:56:40Z INFO [742/750] 688e4851-480e-4b2d-b0ca-5be827b3348a: 58 datasets; 0.6 s; peak memory 1313 MiB.
2026-10-08T04:56:41Z INFO [743/750] 688e9df2-2792-407e-a91c-b0d3f0908bec: 91 datasets; 1.7 s; peak memory 1313 MiB.
2026-10-08T04:56:42Z INFO [744/750] 688ec3ca-9caa-458e-9f3f-2807894ddebc: 52 datasets; 0.7 s; peak memory 1313 MiB.
2026-10-08T04:56:43Z INFO [745/750] 688f749f-ac16-448c-8c76-e17b6efc596d: 116 datasets; 1.0 s; peak memory 1313 MiB.
2026-10-08T04:57:18Z INFO [746/750] 688f9221-e4d1-40b5-a19a-77afdb180f75: 52 datasets; 34.8 s; peak memory 1313 MiB.
2026-10-08T04:57:20Z INFO [747/750] 68903658-b2c5-46e8-a7f1-5cff45c60802: 114 datasets; 2.1 s; peak memory 1313 MiB.
2026-10-08T04:57:29Z INFO [748/750] 6890d12f-a2cd-4240-9aa5-711764aac033: 581 datasets; 9.0 s; peak memory 1313 MiB.
2026-10-08T04:57:30Z INFO [749/750] 6890d4b7-ce26-4c1e-bcb7-23d236790f87: 48 datasets; 0.9 s; peak memory 1313 MiB.
2026-10-08T04:57:31Z INFO [750/750] 689154e4-2d17-481d-aa93-3c1962c3bf0c: 48 datasets; 0.9 s; peak memory 1313 MiB.
2026-10-08T04:57:31Z INFO [750/750] 689154e4-2d17-481d-aa93-3c1962c3bf0c: checkpointed 97335 records.
2026-10-08T04:57:31Z INFO Wrote 97335 records to /tmp/derivatives/valid_nwb_file_to_number_of_datasets.jsonl (750 new, 0 failed) in 120.0 min (peak memory 1313 MiB).
