2026-10-11T02:49:24Z INFO Logging to /tmp/logs/update_2026-10-11T02-49-24Z.log.
2026-10-11T02:49:24Z INFO Update valid-nwb-file-to-number-of-datasets (base directory /tmp).
2026-10-11T02:49:25Z INFO Processing 750 items (124335 already recorded).
2026-10-11T02:49:27Z INFO [1/750] a0719ec3-10dc-47f8-8615-e2c6f449057a: 72 datasets; 1.9 s; peak memory 125 MiB.
2026-10-11T02:49:31Z INFO [2/750] a071b669-0ab5-4ff3-94a6-9301cee3c9d5: 156 datasets; 3.8 s; peak memory 127 MiB.
2026-10-11T02:49:32Z INFO [3/750] a071dfd2-6c57-4ee9-a4ab-d6671bd7d667: 55 datasets; 1.2 s; peak memory 128 MiB.
2026-10-11T02:49:34Z INFO [4/750] a0725c7c-736d-472d-b7ad-519ceaaaa401: 66 datasets; 1.8 s; peak memory 128 MiB.
2026-10-11T02:53:15Z INFO [5/750] a073450b-2685-4383-b58d-e20f88bfbf7d: 436 datasets; 220.9 s; peak memory 413 MiB.
2026-10-11T02:53:22Z INFO [6/750] a0737ca3-1223-4893-a199-2265b4f7d327: 196 datasets; 7.1 s; peak memory 413 MiB.
2026-10-11T02:53:23Z INFO [7/750] a0742e77-cf0a-42fb-b119-1253bad5147f: 112 datasets; 1.7 s; peak memory 413 MiB.
2026-10-11T02:53:25Z INFO [8/750] a0764826-3075-4797-b637-241bf162d9ad: 48 datasets; 1.4 s; peak memory 413 MiB.
2026-10-11T02:53:27Z INFO [9/750] a076658b-3e37-48cf-9e2a-d436b612adfd: 66 datasets; 2.1 s; peak memory 413 MiB.
2026-10-11T02:53:37Z INFO [10/750] a07765fc-7151-41de-ba47-6b3939629f3f: 342 datasets; 10.1 s; peak memory 413 MiB.
2026-10-11T02:53:38Z INFO [11/750] a07815e2-04cb-49c7-82d2-247791fd2ebc: 48 datasets; 1.4 s; peak memory 413 MiB.
2026-10-11T02:53:40Z INFO [12/750] a0786f65-3fbf-4d68-a31e-45be1ea7255d: 48 datasets; 1.3 s; peak memory 413 MiB.
2026-10-11T02:53:41Z INFO [13/750] a078af8d-62ee-44e2-8f41-26dfcf9df5b2: 48 datasets; 1.3 s; peak memory 413 MiB.
2026-10-11T02:53:43Z INFO [14/750] a07935b3-9a9d-48b5-8ffe-c9fd28aab128: 118 datasets; 1.9 s; peak memory 413 MiB.
2026-10-11T02:53:46Z INFO [15/750] a0799d03-4799-4d10-bda1-7ca220517dd4: 153 datasets; 3.7 s; peak memory 413 MiB.
2026-10-11T02:53:48Z INFO [16/750] a07ab814-1559-4595-92da-62354b9cc504: 69 datasets; 1.6 s; peak memory 413 MiB.
2026-10-11T02:53:51Z INFO [17/750] a07b1b98-1fa4-4723-bf6b-09fa7efe7968: 114 datasets; 3.1 s; peak memory 413 MiB.
2026-10-11T02:53:54Z INFO [18/750] a07b2322-4ff7-4f93-882e-4d2e2fd5a21b: 68 datasets; 2.5 s; peak memory 413 MiB.
2026-10-11T02:53:56Z INFO [19/750] a07b6c43-362f-47c4-81c1-9b2938be6173: 112 datasets; 2.1 s; peak memory 413 MiB.
2026-10-11T02:53:57Z INFO [20/750] a07bbd4c-cac9-43f1-b80a-27a80e3666ca: 69 datasets; 1.8 s; peak memory 413 MiB.
2026-10-11T02:53:59Z INFO [21/750] a07bd85b-07de-480f-a1fe-020346fbb011: 112 datasets; 2.0 s; peak memory 413 MiB.
2026-10-11T02:54:01Z INFO [22/750] a07bee17-3023-4c9f-9dab-d86a30896550: 118 datasets; 1.8 s; peak memory 413 MiB.
2026-10-11T02:54:09Z INFO [23/750] a07c4ce3-9c87-4675-a6cb-929eb5ec7efe: 578 datasets; 7.5 s; peak memory 413 MiB.
2026-10-11T02:54:10Z INFO [24/750] a07c7c62-a1a1-4bf2-a886-f41265c676a4: 110 datasets; 1.8 s; peak memory 413 MiB.
2026-10-11T02:54:13Z INFO [25/750] a07d3433-ed5b-4b8d-bdac-4fe52574c9b7: 134 datasets; 2.8 s; peak memory 413 MiB.
2026-10-11T02:54:15Z INFO [26/750] a07d7e9e-baab-4d73-a013-f45168262f1c: 112 datasets; 1.7 s; peak memory 413 MiB.
2026-10-11T02:54:18Z INFO [27/750] a07da6be-808d-4dff-8f0e-82d8b2652917: 115 datasets; 2.8 s; peak memory 413 MiB.
2026-10-11T02:54:19Z INFO [28/750] a07e4515-13b7-48b2-95d4-ce52524513cb: 46 datasets; 1.2 s; peak memory 413 MiB.
2026-10-11T02:54:20Z INFO [29/750] a07f8570-f980-4806-aa11-d94c9f7d933f: 90 datasets; 1.4 s; peak memory 413 MiB.
2026-10-11T02:54:23Z INFO [30/750] a0801f4b-f743-481c-b770-36b5d12d860c: 112 datasets; 2.2 s; peak memory 413 MiB.
2026-10-11T02:54:24Z INFO [31/750] a08096eb-b7c4-408b-8623-39a26df68c14: 117 datasets; 1.6 s; peak memory 413 MiB.
2026-10-11T02:54:25Z INFO [32/750] a08225c0-0be3-4ecf-bf16-dc9ef8c91327: 54 datasets; 1.0 s; peak memory 413 MiB.
2026-10-11T02:54:26Z INFO [33/750] a082938f-10d5-4838-85ee-4750f71863a8: 48 datasets; 1.3 s; peak memory 413 MiB.
2026-10-11T02:54:28Z INFO [34/750] a082cc22-e079-44da-a8b8-fda72e18964a: 66 datasets; 1.9 s; peak memory 413 MiB.
2026-10-11T02:54:30Z INFO [35/750] a0834eb3-03bc-4ff2-9b5c-c91a9e2eb9c4: 48 datasets; 1.2 s; peak memory 413 MiB.
2026-10-11T02:54:34Z INFO [36/750] a0844736-a0f2-49f9-b4cf-c54f1323151e: 331 datasets; 4.5 s; peak memory 413 MiB.
2026-10-11T02:54:35Z INFO [37/750] a0849ba2-9857-41c1-844a-3ec1eed649b6: 48 datasets; 1.2 s; peak memory 413 MiB.
2026-10-11T02:54:37Z INFO [38/750] a0853f0b-ae7d-42e2-8fe5-2c0c6c388950: 112 datasets; 2.1 s; peak memory 413 MiB.
2026-10-11T02:54:44Z INFO [39/750] a0856969-deff-4750-bead-1ca7faba1e16: 570 datasets; 6.4 s; peak memory 413 MiB.
2026-10-11T02:54:45Z INFO [40/750] a0865ac2-c8c3-4c41-beb0-ad4faffa7d86: 63 datasets; 1.1 s; peak memory 413 MiB.
2026-10-11T02:54:47Z INFO [41/750] a0882478-641f-410a-862e-ce94a758baa9: 109 datasets; 1.8 s; peak memory 413 MiB.
2026-10-11T02:54:59Z INFO [42/750] a0882c22-3058-4365-a949-1e2f424db9de: 1059 datasets; 12.1 s; peak memory 413 MiB.
2026-10-11T02:55:01Z INFO [43/750] a088bdcc-5fd9-4d91-b39c-283d6fd90b69: 118 datasets; 1.6 s; peak memory 413 MiB.
2026-10-11T02:55:02Z INFO [44/750] a088bf39-b2af-4713-9d4e-24a9d0e16843: 117 datasets; 1.6 s; peak memory 413 MiB.
2026-10-11T02:55:04Z INFO [45/750] a089636b-7b3d-4947-ae20-6a9c7e5217aa: 117 datasets; 1.4 s; peak memory 413 MiB.
2026-10-11T02:55:06Z INFO [46/750] a0897431-3ca2-462e-a4a6-dd1dc632f5e1: 110 datasets; 2.0 s; peak memory 413 MiB.
2026-10-11T02:55:08Z INFO [47/750] a0899521-0c85-4dd0-bd7d-4194a73bd16f: 66 datasets; 2.1 s; peak memory 413 MiB.
2026-10-11T02:55:09Z INFO [48/750] a08a1110-1d78-472d-a960-3a8982d9ac1e: 118 datasets; 1.5 s; peak memory 413 MiB.
2026-10-11T02:55:11Z INFO [49/750] a08e06e3-9e0d-490d-bd2c-2193a71e49dd: 38 datasets; 1.9 s; peak memory 413 MiB.
2026-10-11T02:55:13Z INFO [50/750] a08ea467-cbba-4823-a9b0-064933b3cbf3: 112 datasets; 1.7 s; peak memory 413 MiB.
2026-10-11T02:55:13Z INFO [50/750] a08ea467-cbba-4823-a9b0-064933b3cbf3: checkpointed 124385 new records.
2026-10-11T02:55:14Z INFO [51/750] a08ee6c4-2133-49c8-86b1-f92c7662e0a7: 48 datasets; 1.2 s; peak memory 413 MiB.
2026-10-11T02:55:15Z INFO [52/750] a08f8e17-839a-436e-ae23-5575ea9b360c: 46 datasets; 1.1 s; peak memory 413 MiB.
2026-10-11T02:55:19Z INFO [53/750] a08fca65-a67d-49e6-8b4f-d02d7f2c79db: 156 datasets; 3.5 s; peak memory 413 MiB.
2026-10-11T02:57:12Z INFO [54/750] a090ba59-36a7-42e5-a4ef-6949f02bc6b3: 260 datasets; 113.2 s; peak memory 413 MiB.
2026-10-11T02:57:42Z INFO [55/750] a091d0c9-1347-4952-947d-b6c77abf8515: 52 datasets; 30.0 s; peak memory 413 MiB.
2026-10-11T02:57:51Z INFO [56/750] a09245b5-4a67-4493-bc5d-fc4a27542f67: 11477 datasets; 9.4 s; peak memory 413 MiB.
2026-10-11T02:57:54Z INFO [57/750] a0926c04-3a4c-408e-a183-bb927d142191: 71 datasets; 2.6 s; peak memory 413 MiB.
2026-10-11T02:57:58Z INFO [58/750] a0933308-40d9-480f-a8d8-fca6699a5d13: 92 datasets; 4.3 s; peak memory 413 MiB.
2026-10-11T02:58:00Z INFO [59/750] a0935125-3791-441a-a363-6c294b4cd4df: 48 datasets; 1.3 s; peak memory 413 MiB.
2026-10-11T02:58:08Z INFO [60/750] a0939f34-fc61-405f-8f25-80d95b8e702b: 358 datasets; 8.5 s; peak memory 413 MiB.
2026-10-11T02:58:10Z INFO [61/750] a093beee-0796-41c2-ad35-3a9731c3260d: 71 datasets; 2.0 s; peak memory 413 MiB.
2026-10-11T02:58:12Z INFO [62/750] a0945bb7-47f9-42e5-8cbc-c88b28d2563b: 59 datasets; 1.6 s; peak memory 413 MiB.
2026-10-11T02:58:13Z INFO [63/750] a094842d-270c-4d58-8b5e-17b4dcef93cc: 41 datasets; 1.3 s; peak memory 413 MiB.
2026-10-11T02:58:16Z INFO [64/750] a095533b-1c50-47e6-8a77-565751f60c9d: 156 datasets; 3.2 s; peak memory 413 MiB.
2026-10-11T02:58:18Z INFO [65/750] a0956c39-f525-4481-b048-ca363d548215: 69 datasets; 2.0 s; peak memory 413 MiB.
2026-10-11T02:58:20Z INFO [66/750] a09617ee-3bb0-43e1-b939-13467900cfde: 57 datasets; 2.1 s; peak memory 413 MiB.
2026-10-11T02:58:22Z INFO [67/750] a096406e-5a8e-4700-aaf9-501564a5d99e: 112 datasets; 1.9 s; peak memory 413 MiB.
2026-10-11T02:58:23Z INFO [68/750] a09675e1-1583-4224-a28c-77dc938025d9: 48 datasets; 1.3 s; peak memory 413 MiB.
2026-10-11T02:58:25Z INFO [69/750] a0985588-c037-4bc0-abc8-2cdf15b44607: 49 datasets; 1.5 s; peak memory 413 MiB.
2026-10-11T02:58:26Z INFO [70/750] a098b9bc-baac-4900-90f4-a1306bf64794: 48 datasets; 1.2 s; peak memory 413 MiB.
2026-10-11T02:58:27Z INFO [71/750] a098f51d-3bc0-4037-b0f4-d5ad5c5582f0: 46 datasets; 1.2 s; peak memory 413 MiB.
2026-10-11T02:58:29Z INFO [72/750] a0996aee-d5ac-4d07-b62c-dace66780b38: 48 datasets; 1.2 s; peak memory 413 MiB.
2026-10-11T02:58:30Z INFO [73/750] a099a891-38bf-4398-bb2e-06c16228da1c: 48 datasets; 1.2 s; peak memory 413 MiB.
2026-10-11T02:58:32Z INFO [74/750] a099eb60-b509-4278-a21e-925b1fe2b885: 116 datasets; 2.7 s; peak memory 413 MiB.
2026-10-11T02:58:35Z INFO [75/750] a09a988f-c103-465f-9485-f11b434e67d0: 107 datasets; 2.4 s; peak memory 413 MiB.
2026-10-11T02:58:36Z INFO [76/750] a09abcba-8947-454d-8a17-4502848f2772: 48 datasets; 1.3 s; peak memory 413 MiB.
2026-10-11T02:58:38Z INFO [77/750] a09ac9bf-cc61-42e6-b686-30d53a908c9f: 50 datasets; 1.5 s; peak memory 413 MiB.
2026-10-11T02:58:39Z INFO [78/750] a09afcda-4b46-4e1f-9bb0-b5a7e718bdb1: 116 datasets; 1.6 s; peak memory 413 MiB.
2026-10-11T02:58:40Z INFO [79/750] a09bd434-b5c9-41fd-a7cd-c11ee29c2e1c: 33 datasets; 0.9 s; peak memory 413 MiB.
2026-10-11T02:58:42Z INFO [80/750] a09bfec5-28fa-465b-b9d1-02cd27b8d5db: 66 datasets; 2.1 s; peak memory 413 MiB.
2026-10-11T02:58:44Z INFO [81/750] a09c9f1b-3416-4cee-a520-454233ab9b38: 101 datasets; 2.2 s; peak memory 413 MiB.
2026-10-11T02:58:45Z INFO [82/750] a09ca3a2-bc9c-461e-9bd0-23e200e12dd2: 45 datasets; 1.0 s; peak memory 413 MiB.
2026-10-11T02:58:47Z INFO [83/750] a09cac87-4852-48de-be25-41557c72b8bf: 48 datasets; 1.3 s; peak memory 413 MiB.
2026-10-11T02:58:48Z INFO [84/750] a09db4c5-015d-47df-b1a6-3c165e148b27: 117 datasets; 1.5 s; peak memory 413 MiB.
2026-10-11T02:58:50Z INFO [85/750] a09e1e13-97e1-40c6-90d1-86aab64b91b5: 48 datasets; 1.2 s; peak memory 413 MiB.
2026-10-11T02:58:56Z INFO [86/750] a0a06c05-7f31-44e7-b9af-83d3af4644e6: 575 datasets; 6.1 s; peak memory 413 MiB.
2026-10-11T02:58:58Z INFO [87/750] a0a1814d-10a6-48b1-af7b-2d81942e4bb4: 64 datasets; 2.1 s; peak memory 413 MiB.
2026-10-11T02:59:13Z INFO [88/750] a0a1f4ff-deea-4ad3-a533-188f17c23a94: 917 datasets; 15.2 s; peak memory 413 MiB.
2026-10-11T02:59:14Z INFO [89/750] a0a474ed-f5da-4b06-b6f7-510bb21f74e5: 116 datasets; 1.5 s; peak memory 413 MiB.
2026-10-11T02:59:16Z INFO [90/750] a0a48375-4ace-4247-91c0-d7e2babafb1c: 48 datasets; 1.3 s; peak memory 413 MiB.
2026-10-11T02:59:26Z INFO [91/750] a0a4c0b6-b661-4587-9be0-6bc2260e4aa4: 336 datasets; 10.5 s; peak memory 413 MiB.
2026-10-11T02:59:28Z INFO [92/750] a0a4db1f-792b-4188-9e55-e0d8f34bb4aa: 69 datasets; 1.7 s; peak memory 413 MiB.
2026-10-11T02:59:29Z INFO [93/750] a0a4f0ac-f993-433c-a1cc-edc08479db72: 48 datasets; 1.3 s; peak memory 413 MiB.
2026-10-11T02:59:30Z INFO [94/750] a0a502bf-c7f9-42f3-8fc4-4a09d3a18c18: 48 datasets; 1.2 s; peak memory 413 MiB.
2026-10-11T02:59:32Z INFO [95/750] a0a77afd-9fe2-4699-aab8-8b50d2c4d815: 48 datasets; 1.2 s; peak memory 413 MiB.
2026-10-11T02:59:33Z INFO [96/750] a0a82ac4-812f-4c1c-8b0f-f81fea8d9ff2: 46 datasets; 1.0 s; peak memory 413 MiB.
2026-10-11T02:59:34Z INFO [97/750] a0a85a45-2cc0-4f59-b462-09307cb3a1cc: 52 datasets; 1.0 s; peak memory 413 MiB.
2026-10-11T02:59:35Z INFO [98/750] a0a8b1b6-ea87-4a40-9da7-3e70b90f0536: 48 datasets; 1.4 s; peak memory 413 MiB.
2026-10-11T02:59:36Z INFO [99/750] a0a8bdd6-d5d3-4902-8e51-9b9a3dd484b0: 110 datasets; 1.4 s; peak memory 413 MiB.
2026-10-11T02:59:39Z INFO [100/750] a0a936dc-40e8-4077-9dd7-5e7b70b58306: 115 datasets; 2.7 s; peak memory 413 MiB.
2026-10-11T02:59:39Z INFO [100/750] a0a936dc-40e8-4077-9dd7-5e7b70b58306: checkpointed 124435 new records.
2026-10-11T02:59:41Z INFO [101/750] a0a95fff-ef92-4996-8952-95e9f761de1a: 45 datasets; 1.7 s; peak memory 413 MiB.
2026-10-11T02:59:43Z INFO [102/750] a0aa7b8f-3ebf-48ce-b594-21da4dc6422c: 110 datasets; 1.8 s; peak memory 413 MiB.
2026-10-11T02:59:44Z INFO [103/750] a0aab6bc-1587-4b25-91be-bb376b03e16e: 46 datasets; 1.1 s; peak memory 413 MiB.
2026-10-11T03:00:04Z INFO [104/750] a0aaebcd-c3db-445b-aae6-1aca8919716b: 48 datasets; 19.9 s; peak memory 413 MiB.
2026-10-11T03:00:14Z INFO [105/750] a0ab07d8-b570-46fd-9728-175a59f783e5: 330 datasets; 9.9 s; peak memory 413 MiB.
2026-10-11T03:00:15Z INFO [106/750] a0abcf39-a7be-4819-b1c7-9bb609c9904e: 48 datasets; 1.3 s; peak memory 413 MiB.
2026-10-11T03:00:16Z INFO [107/750] a0acaeab-b811-4128-bb74-54b1ee731d24: 46 datasets; 1.3 s; peak memory 413 MiB.
2026-10-11T03:00:18Z INFO [108/750] a0aceb9a-f387-4b2d-8c0f-9375b888042c: 116 datasets; 1.5 s; peak memory 413 MiB.
2026-10-11T03:00:24Z INFO [109/750] a0ae5d9d-0d9c-4b81-8737-1c1477c71ba2: 208 datasets; 5.9 s; peak memory 413 MiB.
2026-10-11T03:00:25Z INFO [110/750] a0ae6cc6-2e66-46ce-8dd1-22f44ed377ca: 48 datasets; 1.3 s; peak memory 413 MiB.
2026-10-11T03:00:40Z INFO [111/750] a0b0c60a-900a-4ab7-b3b4-68dcc63f4e3c: 1182 datasets; 14.9 s; peak memory 413 MiB.
2026-10-11T03:00:53Z INFO [112/750] a0b15b67-50be-435b-bc8f-e57a8748d815: 812 datasets; 12.7 s; peak memory 413 MiB.
2026-10-11T03:00:54Z INFO [113/750] a0b2ba7b-b387-4e98-ba7e-1cfe73077441: 46 datasets; 1.1 s; peak memory 413 MiB.
2026-10-11T03:00:55Z INFO [114/750] a0b2d272-5ba9-40c7-bda6-97a8fcb408f4: 59 datasets; 1.5 s; peak memory 413 MiB.
2026-10-11T03:01:03Z INFO [115/750] a0b3230d-d965-4440-b4f8-630809db6d7b: 538 datasets; 7.6 s; peak memory 413 MiB.
2026-10-11T03:01:05Z INFO [116/750] a0b4551b-7b07-4c5c-8627-d7ffcd286f61: 112 datasets; 1.9 s; peak memory 413 MiB.
2026-10-11T03:01:07Z INFO [117/750] a0b608a0-463d-434b-ba02-3b4e42896cf0: 112 datasets; 2.5 s; peak memory 413 MiB.
2026-10-11T03:01:13Z INFO [118/750] a0b6cc1c-290d-4b2c-863e-73d7a93c5003: 402 datasets; 5.2 s; peak memory 413 MiB.
2026-10-11T03:01:15Z INFO [119/750] a0b6e009-a935-429b-ad5a-a4a6a4cc48b1: 66 datasets; 2.4 s; peak memory 413 MiB.
2026-10-11T03:01:18Z INFO [120/750] a0b8e77d-74a6-4ebd-ab1e-9297cf2041e0: 115 datasets; 2.9 s; peak memory 413 MiB.
2026-10-11T03:01:19Z INFO [121/750] a0b9b4da-3a44-460b-97fc-a99164c7fdc6: 117 datasets; 1.6 s; peak memory 413 MiB.
2026-10-11T03:01:22Z INFO [122/750] a0bb9795-fe57-4a73-8f0c-0eba741f2423: 53 datasets; 2.7 s; peak memory 413 MiB.
2026-10-11T03:01:23Z INFO [123/750] a0bc074d-3107-4329-9aaf-7c36fca99edd: 48 datasets; 1.2 s; peak memory 413 MiB.
2026-10-11T03:01:27Z INFO [124/750] a0bc9376-fcf9-4ab5-a297-af25234049cd: 156 datasets; 3.5 s; peak memory 413 MiB.
2026-10-11T03:01:30Z INFO [125/750] a0bd0497-828e-4edf-8482-ba069db2048e: 115 datasets; 3.0 s; peak memory 413 MiB.
2026-10-11T03:01:32Z INFO [126/750] a0bd461a-00dd-449c-a8af-ceaa5a458e03: 62 datasets; 1.8 s; peak memory 413 MiB.
2026-10-11T03:01:33Z INFO [127/750] a0bd6af6-a57e-4567-a469-d987267831c0: 46 datasets; 1.2 s; peak memory 413 MiB.
2026-10-11T03:01:34Z INFO [128/750] a0bda358-1bb1-4a17-9006-16ea9ca95d9d: 48 datasets; 1.3 s; peak memory 413 MiB.
2026-10-11T03:01:37Z INFO [129/750] a0be1de7-37b5-478e-ab93-0637fba476c9: 114 datasets; 3.2 s; peak memory 413 MiB.
2026-10-11T03:01:39Z INFO [130/750] a0be208d-b7fc-48e2-a5a0-63cccaf5ddff: 48 datasets; 1.4 s; peak memory 413 MiB.
2026-10-11T03:01:40Z INFO [131/750] a0be3be1-899a-4480-9de8-d497f1644eea: 48 datasets; 1.3 s; peak memory 413 MiB.
2026-10-11T03:01:55Z INFO [132/750] a0be9c09-fd28-4071-a5dc-196eabac7163: 614 datasets; 15.2 s; peak memory 413 MiB.
2026-10-11T03:02:02Z INFO [133/750] a0c00223-96b0-4e9d-b3f7-306898024bb8: 512 datasets; 6.4 s; peak memory 413 MiB.
2026-10-11T03:02:04Z INFO [134/750] a0c015db-e71e-484e-8620-1c2f73522545: 71 datasets; 2.2 s; peak memory 413 MiB.
2026-10-11T03:02:05Z INFO [135/750] a0c111be-5924-4992-ab79-380f79865fb5: 48 datasets; 1.3 s; peak memory 413 MiB.
2026-10-11T03:02:07Z INFO [136/750] a0c16963-0572-4a05-be56-2a5ff1cab5c9: 112 datasets; 1.8 s; peak memory 413 MiB.
2026-10-11T03:02:27Z INFO [137/750] a0c1da04-04a3-4fe6-b10f-d6dae1223d53: 48 datasets; 20.4 s; peak memory 413 MiB.
2026-10-11T03:02:30Z INFO [138/750] a0c1e512-fb0a-4ee9-b331-712c70066a0a: 115 datasets; 2.8 s; peak memory 413 MiB.
2026-10-11T03:02:31Z INFO [139/750] a0c20835-4194-4e56-8cff-7d160e910ef7: 53 datasets; 1.1 s; peak memory 413 MiB.
2026-10-11T03:02:32Z INFO [140/750] a0c215a4-4e23-4f02-8748-904cf2275964: 37 datasets; 1.0 s; peak memory 413 MiB.
2026-10-11T03:02:34Z INFO [141/750] a0c228c6-0a6c-4b2d-91ac-ebb6b215a4ea: 48 datasets; 1.3 s; peak memory 413 MiB.
2026-10-11T03:02:35Z INFO [142/750] a0c5745c-c33f-4082-9d26-88501bcd7233: 66 datasets; 1.9 s; peak memory 413 MiB.
2026-10-11T03:02:37Z INFO [143/750] a0c5c8b8-eeb9-490a-84f4-eb6faace3ae1: 48 datasets; 1.2 s; peak memory 413 MiB.
2026-10-11T03:02:38Z INFO [144/750] a0c81df5-1947-4466-a77d-e0114c4424b7: 48 datasets; 1.3 s; peak memory 413 MiB.
2026-10-11T03:02:40Z INFO [145/750] a0c83d3f-486c-416d-a26a-ede60a41a68b: 132 datasets; 1.6 s; peak memory 413 MiB.
2026-10-11T03:02:52Z INFO [146/750] a0c8c506-02f5-430d-b4ee-97d5404efe4f: 775 datasets; 12.5 s; peak memory 413 MiB.
2026-10-11T03:02:53Z INFO [147/750] a0c90e8f-afa9-4679-a32a-7bf333820549: 52 datasets; 1.1 s; peak memory 413 MiB.
2026-10-11T03:03:03Z INFO [148/750] a0c92f57-a5b5-4272-89d6-2615bb75781c: 695 datasets; 9.3 s; peak memory 413 MiB.
2026-10-11T03:03:04Z INFO [149/750] a0c9de75-2628-4a92-958b-6dad76ebf283: 114 datasets; 1.5 s; peak memory 413 MiB.
2026-10-11T03:03:15Z INFO [150/750] a0ca1246-9901-4702-ae42-48d15d076405: 552 datasets; 11.2 s; peak memory 413 MiB.
2026-10-11T03:03:15Z INFO [150/750] a0ca1246-9901-4702-ae42-48d15d076405: checkpointed 124485 new records.
2026-10-11T03:03:17Z INFO [151/750] a0caae74-a4a9-48cd-94fd-6949b424bba9: 70 datasets; 1.9 s; peak memory 413 MiB.
2026-10-11T03:07:05Z INFO [152/750] a0cad535-f2f0-42de-bdcd-96e07af99f87: 436 datasets; 228.1 s; peak memory 527 MiB.
2026-10-11T03:07:07Z INFO [153/750] a0cb031d-8305-48e8-a010-64fa08ebd622: 116 datasets; 1.5 s; peak memory 527 MiB.
2026-10-11T03:07:08Z INFO [154/750] a0cb36a5-0c1a-4b65-96a5-53a1d5025d5f: 48 datasets; 1.3 s; peak memory 527 MiB.
2026-10-11T03:07:10Z INFO [155/750] a0cb75d0-888e-467b-a536-b226931874f4: 63 datasets; 1.3 s; peak memory 527 MiB.
2026-10-11T03:29:55Z INFO [156/750] a0cb945a-6703-4187-83ef-4d3157dc2824: 216 datasets; 1365.5 s; peak memory 1226 MiB.
2026-10-11T03:29:57Z INFO [157/750] a0cbf647-fe4a-404c-8452-00a66f42cf2d: 83 datasets; 1.8 s; peak memory 1226 MiB.
2026-10-11T03:29:58Z INFO [158/750] a0cc1371-5991-4ac0-b43d-0d7a515c8cc2: 48 datasets; 1.2 s; peak memory 1226 MiB.
2026-10-11T03:30:00Z INFO [159/750] a0cd74a3-3c80-4e3b-8fc8-cbb717d7c068: 116 datasets; 1.6 s; peak memory 1226 MiB.
2026-10-11T03:30:01Z INFO [160/750] a0cdf44d-3d54-4294-bc6d-11bb2d0c14b8: 112 datasets; 1.6 s; peak memory 1226 MiB.
2026-10-11T03:30:04Z INFO [161/750] a0ce8972-0d8b-438b-821b-13737d0354f9: 101 datasets; 2.4 s; peak memory 1226 MiB.
2026-10-11T03:30:07Z INFO [162/750] a0ce966c-2771-4fe5-a34f-247fca9b47ad: 138 datasets; 3.3 s; peak memory 1226 MiB.
2026-10-11T03:30:09Z INFO [163/750] a0cf40bf-bccc-4677-93b5-fb3841e13301: 71 datasets; 2.1 s; peak memory 1226 MiB.
2026-10-11T03:31:42Z INFO [164/750] a0cfb097-c8c3-478b-afc7-9456b06b0b58: 394 datasets; 92.8 s; peak memory 1226 MiB.
2026-10-11T03:31:43Z INFO [165/750] a0cfbe9c-aa04-46a1-9eaa-dc2dc4b46e2e: 48 datasets; 1.3 s; peak memory 1226 MiB.
2026-10-11T03:31:45Z INFO [166/750] a0d016ef-7ea6-497f-8b98-8b64dba57472: 48 datasets; 1.4 s; peak memory 1226 MiB.
2026-10-11T03:31:46Z INFO [167/750] a0d02c49-c4b5-4185-9c74-4aaaf983ac5e: 48 datasets; 1.4 s; peak memory 1226 MiB.
2026-10-11T03:32:44Z INFO [168/750] a0d13fb4-b98e-4a06-ae9a-938f889d8663: 2188 datasets; 58.5 s; peak memory 1226 MiB.
2026-10-11T03:32:46Z INFO [169/750] a0d1b313-bfe9-43bf-8831-d66ff3939988: 69 datasets; 1.8 s; peak memory 1226 MiB.
2026-10-11T03:32:49Z INFO [170/750] a0d22633-4e8a-44b3-aeb9-6e1c3f4ca094: 91 datasets; 2.6 s; peak memory 1226 MiB.
2026-10-11T03:32:50Z INFO [171/750] a0d3e000-ddc5-4ebf-8e41-8b608e08b1cd: 48 datasets; 1.3 s; peak memory 1226 MiB.
2026-10-11T03:32:51Z INFO [172/750] a0d44e5f-36e0-496a-805b-1fdd47ceecce: 46 datasets; 1.1 s; peak memory 1226 MiB.
2026-10-11T03:32:52Z INFO [173/750] a0d4ee06-6f6e-4c62-a528-cff29c76bbfb: 48 datasets; 1.1 s; peak memory 1226 MiB.
2026-10-11T03:32:54Z INFO [174/750] a0d5982a-8db5-4e72-8737-9e90ac9fcec8: 66 datasets; 1.8 s; peak memory 1226 MiB.
2026-10-11T03:33:02Z INFO [175/750] a0d5aca5-1e5a-41da-9ad7-48eb72c5085a: 649 datasets; 8.1 s; peak memory 1226 MiB.
2026-10-11T03:33:25Z INFO [176/750] a0d613af-f304-4183-b855-7d0b83f57df7: 637 datasets; 22.6 s; peak memory 1226 MiB.
2026-10-11T03:33:26Z INFO [177/750] a0d72f03-0935-4b37-9f5b-d324a99dd789: 52 datasets; 1.4 s; peak memory 1226 MiB.
2026-10-11T03:33:28Z INFO [178/750] a0d8a262-3dfd-4f33-9d16-b384024b82d1: 49 datasets; 1.6 s; peak memory 1226 MiB.
2026-10-11T03:33:29Z INFO [179/750] a0d8a547-af41-4537-ac3d-755b5e7c0b83: 49 datasets; 1.0 s; peak memory 1226 MiB.
2026-10-11T03:33:31Z INFO [180/750] a0d8d04f-77f3-4c31-9394-15e2138ff5a0: 98 datasets; 2.6 s; peak memory 1226 MiB.
2026-10-11T03:33:33Z INFO [181/750] a0d8dd05-e0de-4c97-b082-5b3bac646b5a: 110 datasets; 1.5 s; peak memory 1226 MiB.
2026-10-11T03:33:35Z INFO [182/750] a0d8dfdd-2843-4784-83af-cd1febf739d4: 62 datasets; 1.7 s; peak memory 1226 MiB.
2026-10-11T03:33:37Z INFO [183/750] a0d99936-8e21-4ea3-b8be-4608d031e45f: 117 datasets; 1.7 s; peak memory 1226 MiB.
2026-10-11T03:33:38Z INFO [184/750] a0da057f-c956-4f76-a505-9730336a1b9a: 21 datasets; 1.0 s; peak memory 1226 MiB.
2026-10-11T03:33:41Z INFO [185/750] a0da340a-e8ea-44f1-8407-ccce12bc9dc2: 156 datasets; 3.6 s; peak memory 1226 MiB.
2026-10-11T03:33:43Z INFO [186/750] a0da4456-8c40-4e7e-8654-ec461f25e6a3: 62 datasets; 1.6 s; peak memory 1226 MiB.
2026-10-11T03:33:44Z INFO [187/750] a0da60b0-956f-488d-aa8d-bb0223d1f9a5: 48 datasets; 1.3 s; peak memory 1226 MiB.
2026-10-11T03:33:45Z INFO [188/750] a0da7295-58ff-463c-91a3-d044299bd98d: 48 datasets; 1.3 s; peak memory 1226 MiB.
2026-10-11T03:34:33Z INFO [189/750] a0dc70bc-f11b-4883-be44-49a1ed5623ce: 55 datasets; 47.4 s; peak memory 1226 MiB.
2026-10-11T03:34:40Z INFO [190/750] a0dd3628-fe74-42e3-a1b5-353286d59cfd: 200 datasets; 7.0 s; peak memory 1226 MiB.
2026-10-11T03:34:43Z INFO [191/750] a0dd49a4-9435-4b70-a127-31c3dbd7a6f3: 168 datasets; 3.2 s; peak memory 1226 MiB.
2026-10-11T03:34:45Z INFO [192/750] a0ddb43d-e026-4a50-998f-cc3fbacf1647: 118 datasets; 1.7 s; peak memory 1226 MiB.
2026-10-11T03:34:46Z INFO [193/750] a0ddcb06-e945-4204-a840-6e13ba1d3e74: 112 datasets; 1.9 s; peak memory 1226 MiB.
2026-10-11T03:34:48Z INFO [194/750] a0de4290-d94d-4946-a9a4-81caccd176e6: 52 datasets; 1.4 s; peak memory 1226 MiB.
2026-10-11T03:35:02Z INFO [195/750] a0de50f7-8d14-4faa-ab4b-25f67a227b00: 1133 datasets; 14.5 s; peak memory 1226 MiB.
2026-10-11T03:35:04Z INFO [196/750] a0de729d-5c10-4883-ab77-5581345fe681: 118 datasets; 1.5 s; peak memory 1226 MiB.
2026-10-11T03:35:05Z INFO [197/750] a0decb94-ca24-461b-9180-796d621bf1fa: 118 datasets; 1.4 s; peak memory 1226 MiB.
2026-10-11T03:35:13Z INFO [198/750] a0df6fc1-b72d-46ce-b09e-56babe19a895: 593 datasets; 7.3 s; peak memory 1226 MiB.
2026-10-11T03:35:14Z INFO [199/750] a0df7da6-8973-470a-916f-b12a0d9f9524: 59 datasets; 1.2 s; peak memory 1226 MiB.
2026-10-11T03:35:15Z INFO [200/750] a0e009cc-cbb1-443f-9378-c7f506bd9cfb: 117 datasets; 1.5 s; peak memory 1226 MiB.
2026-10-11T03:35:16Z INFO [200/750] a0e009cc-cbb1-443f-9378-c7f506bd9cfb: checkpointed 124535 new records.
2026-10-11T03:35:17Z INFO [201/750] a0e16543-ad71-48e9-8421-761ca1ee230e: 66 datasets; 1.7 s; peak memory 1226 MiB.
2026-10-11T03:35:28Z INFO [202/750] a0e16bbd-e98b-4815-8939-a132a399e23f: 628 datasets; 10.4 s; peak memory 1226 MiB.
2026-10-11T03:35:29Z INFO [203/750] a0e19a31-b709-45d4-98d5-f5692237dbc9: 117 datasets; 1.4 s; peak memory 1226 MiB.
2026-10-11T03:35:30Z INFO [204/750] a0e1b65b-7582-4267-b63e-61f16a8b5329: 49 datasets; 1.0 s; peak memory 1226 MiB.
2026-10-11T03:35:32Z INFO [205/750] a0e1de22-266b-4b48-8489-f295e6c37c00: 64 datasets; 1.5 s; peak memory 1226 MiB.
2026-10-11T03:35:33Z INFO [206/750] a0e1e826-12fa-49da-9328-9e68828c628d: 68 datasets; 1.6 s; peak memory 1226 MiB.
2026-10-11T03:35:40Z INFO [207/750] a0e32741-fe7b-4208-b0ff-b47775a3ff23: 538 datasets; 6.4 s; peak memory 1226 MiB.
2026-10-11T03:35:47Z INFO [208/750] a0e3354b-a4fc-4e7b-a738-cdba3feffdc6: 629 datasets; 7.5 s; peak memory 1226 MiB.
2026-10-11T03:35:50Z INFO [209/750] a0e3c117-d38f-4b8a-b6e3-9a5160244587: 116 datasets; 3.1 s; peak memory 1226 MiB.
2026-10-11T03:35:51Z INFO [210/750] a0e4fde1-6f46-40e1-9182-3558dc164dc6: 21 datasets; 1.0 s; peak memory 1226 MiB.
2026-10-11T03:35:53Z INFO [211/750] a0e63704-ed62-4357-8189-9bfee1146f92: 121 datasets; 1.5 s; peak memory 1226 MiB.
2026-10-11T03:35:55Z INFO [212/750] a0e75ccf-94ac-465f-b2fb-6dcf72df8ce2: 146 datasets; 2.4 s; peak memory 1226 MiB.
2026-10-11T03:35:57Z INFO [213/750] a0e76f28-2dcd-41bf-91b1-69c919bba79b: 117 datasets; 1.6 s; peak memory 1226 MiB.
2026-10-11T03:35:58Z INFO [214/750] a0e7ade9-70af-4ee3-bef1-22c8b4703ebf: 48 datasets; 1.2 s; peak memory 1226 MiB.
2026-10-11T03:35:59Z INFO [215/750] a0e7c3a3-f32a-4842-aab0-ecc3651d57dd: 116 datasets; 1.4 s; peak memory 1226 MiB.
2026-10-11T03:36:19Z INFO [216/750] a0e8edab-0b38-4891-bd33-72a6fb22419f: 1538 datasets; 19.5 s; peak memory 1226 MiB.
2026-10-11T03:36:20Z INFO [217/750] a0e9fea5-cffd-4a14-97b8-a62c90438390: 116 datasets; 1.6 s; peak memory 1226 MiB.
2026-10-11T03:36:22Z INFO [218/750] a0ea11a7-bade-46fb-ad26-b420d2dce09e: 117 datasets; 1.6 s; peak memory 1226 MiB.
2026-10-11T03:36:24Z INFO [219/750] a0ea2611-5c6d-4ca5-ad57-e09a681186fb: 112 datasets; 1.7 s; peak memory 1226 MiB.
2026-10-11T03:36:25Z INFO [220/750] a0eae65a-2ece-482c-9080-c895e582b104: 48 datasets; 1.3 s; peak memory 1226 MiB.
2026-10-11T03:36:27Z INFO [221/750] a0eaf069-a45b-46d8-9e63-6849306cbbcb: 118 datasets; 2.3 s; peak memory 1226 MiB.
2026-10-11T03:36:38Z INFO [222/750] a0eb5bf9-cd59-4298-b43a-c3a9637e94ee: 809 datasets; 10.9 s; peak memory 1226 MiB.
2026-10-11T03:36:40Z INFO [223/750] a0eba3c5-ee4b-41c9-be17-3ce247c1bc9a: 117 datasets; 1.7 s; peak memory 1226 MiB.
2026-10-11T03:36:42Z INFO [224/750] a0ed0e12-d1c7-4310-aff7-d394037242f5: 152 datasets; 1.9 s; peak memory 1226 MiB.
2026-10-11T03:36:43Z INFO [225/750] a0ed31a6-229a-4f0e-a8bc-7f44fd21c719: 48 datasets; 1.2 s; peak memory 1226 MiB.
2026-10-11T03:36:44Z INFO [226/750] a0ed7309-79c1-456c-b88b-1b2fc0e29bf6: 48 datasets; 1.2 s; peak memory 1226 MiB.
2026-10-11T03:36:45Z INFO [227/750] a0ed76f0-b534-4206-a2ba-738d5d3adcba: 58 datasets; 1.1 s; peak memory 1226 MiB.
2026-10-11T03:36:51Z INFO [228/750] a0ee57e7-80a2-4593-b7b8-130519f3677b: 229 datasets; 5.7 s; peak memory 1226 MiB.
2026-10-11T03:36:52Z INFO [229/750] a0eef599-f402-4a01-b48b-489fe32d4915: 50 datasets; 1.2 s; peak memory 1226 MiB.
2026-10-11T03:38:38Z INFO [230/750] a0ef0a91-4262-45c7-801a-32d911ea9635: 55 datasets; 105.8 s; peak memory 1226 MiB.
2026-10-11T03:38:39Z INFO [231/750] a0ef43fc-a85f-4592-99ee-651492fe5bd3: 48 datasets; 1.4 s; peak memory 1226 MiB.
2026-10-11T03:38:41Z INFO [232/750] a0f0c3d6-afc3-4cef-93c5-3483123ee964: 142 datasets; 1.7 s; peak memory 1226 MiB.
2026-10-11T03:38:47Z INFO [233/750] a0f0e123-53a9-42b6-94c1-690d69ede1fd: 229 datasets; 5.8 s; peak memory 1226 MiB.
2026-10-11T03:38:52Z INFO [234/750] a0f3318a-1d0e-48fc-8833-45f3e7d52f7e: 839 datasets; 5.4 s; peak memory 1226 MiB.
2026-10-11T03:38:54Z INFO [235/750] a0f34c65-b818-4770-ad86-ee504034abcc: 46 datasets; 1.4 s; peak memory 1226 MiB.
2026-10-11T03:38:55Z INFO [236/750] a0f3a025-fcfe-4d12-805a-e09c9d3ef761: 50 datasets; 1.3 s; peak memory 1226 MiB.
2026-10-11T03:38:57Z INFO [237/750] a0f40dfb-3596-4385-a4a4-e7b9e886fec9: 112 datasets; 1.7 s; peak memory 1226 MiB.
2026-10-11T03:39:13Z INFO [238/750] a0f4a5cc-5890-4486-86fc-6d71207af2e4: 1496 datasets; 16.1 s; peak memory 1226 MiB.
2026-10-11T03:39:14Z INFO [239/750] a0f4c32f-d8b6-4d6a-aafd-e0e382e14e6d: 117 datasets; 1.6 s; peak memory 1226 MiB.
2026-10-11T03:39:16Z INFO [240/750] a0f59ee4-48ae-4496-bfe6-af50faed67ef: 112 datasets; 2.0 s; peak memory 1226 MiB.
2026-10-11T03:39:18Z INFO [241/750] a0f6c43c-8a7a-4748-b1af-a36a8c2a4233: 112 datasets; 2.0 s; peak memory 1226 MiB.
2026-10-11T03:39:20Z INFO [242/750] a0f72e6b-ca7b-471a-8024-f6ebed5c66ee: 48 datasets; 1.3 s; peak memory 1226 MiB.
2026-10-11T03:39:39Z INFO [243/750] a0f78d3a-a379-4597-94d3-d37223802b8a: 48 datasets; 19.4 s; peak memory 1226 MiB.
2026-10-11T03:39:42Z INFO [244/750] a0f85b0c-5a27-4c6f-8691-bac036765d3f: 115 datasets; 2.8 s; peak memory 1226 MiB.
2026-10-11T03:39:43Z INFO [245/750] a0f95834-9cac-4f6d-bdb5-db964e0be4f9: 110 datasets; 1.5 s; peak memory 1226 MiB.
2026-10-11T03:42:49Z INFO [246/750] a0f96744-e13d-418e-a040-1df9ab60de1f: 248 datasets; 185.5 s; peak memory 1226 MiB.
2026-10-11T03:44:40Z INFO [247/750] a0f9e8e2-dc67-429c-984d-00962644c7bd: 280 datasets; 111.4 s; peak memory 1226 MiB.
2026-10-11T03:44:42Z INFO [248/750] a0fa106d-a1ae-44f4-9b49-17bc3c5dc5aa: 117 datasets; 1.5 s; peak memory 1226 MiB.
2026-10-11T03:44:43Z INFO [249/750] a0fa4a38-5c24-4d05-bbba-64c45570fb0e: 46 datasets; 1.1 s; peak memory 1226 MiB.
2026-10-11T03:44:45Z INFO [250/750] a0fb0f8b-6665-4965-abc7-718a1fab5fec: 83 datasets; 1.7 s; peak memory 1226 MiB.
2026-10-11T03:44:45Z INFO [250/750] a0fb0f8b-6665-4965-abc7-718a1fab5fec: checkpointed 124585 new records.
2026-10-11T03:44:47Z INFO [251/750] a0fc82d3-9d30-4aa9-8c30-367e56aac626: 119 datasets; 2.4 s; peak memory 1226 MiB.
2026-10-11T03:44:49Z INFO [252/750] a0fc91af-318a-4cc3-ac93-7653d17fed2f: 112 datasets; 1.9 s; peak memory 1226 MiB.
2026-10-11T03:44:50Z INFO [253/750] a0fc9c8e-a067-47c1-96e8-3506019ee12c: 41 datasets; 1.2 s; peak memory 1226 MiB.
2026-10-11T03:44:52Z INFO [254/750] a0fd9005-54b8-46e6-a99a-00a35ffbfef1: 48 datasets; 1.2 s; peak memory 1226 MiB.
2026-10-11T03:44:53Z INFO [255/750] a0fdf90b-6453-42f2-9de9-4ff29751c5c3: 48 datasets; 1.3 s; peak memory 1226 MiB.
2026-10-11T03:44:54Z INFO [256/750] a0fe427d-573f-4b66-95bd-f337c1b9aaa6: 51 datasets; 1.0 s; peak memory 1226 MiB.
2026-10-11T03:44:55Z INFO [257/750] a0fe8cb3-c0c4-4c63-9aac-5f41ed826b5a: 48 datasets; 1.2 s; peak memory 1226 MiB.
2026-10-11T03:44:58Z INFO [258/750] a0fff2c7-0c51-4d6b-81b6-3d0785458531: 115 datasets; 3.1 s; peak memory 1226 MiB.
2026-10-11T03:45:07Z INFO [259/750] a10108a2-9527-460b-b63c-b203ff0f258e: 713 datasets; 8.2 s; peak memory 1226 MiB.
2026-10-11T03:45:08Z INFO [260/750] a101757d-77dc-4bba-b442-04fc76c2f5ab: 48 datasets; 1.3 s; peak memory 1226 MiB.
2026-10-11T03:45:28Z INFO [261/750] a10277ec-290d-4591-b006-7be9cc7d1683: 48 datasets; 20.5 s; peak memory 1226 MiB.
2026-10-11T03:45:32Z INFO [262/750] a102bf98-09ec-464f-8d11-fa2604841bde: 153 datasets; 3.6 s; peak memory 1226 MiB.
2026-10-11T03:45:33Z INFO [263/750] a1036692-5e76-4931-9129-ec804e92f8ac: 46 datasets; 1.1 s; peak memory 1226 MiB.
2026-10-11T03:49:07Z INFO [264/750] a10580c9-ad79-44f8-a699-a64b2d6eba9b: 283 datasets; 214.1 s; peak memory 1226 MiB.
2026-10-11T03:49:09Z INFO [265/750] a1062dc8-3836-4467-a08d-1882181e12d9: 62 datasets; 1.6 s; peak memory 1226 MiB.
2026-10-11T03:49:26Z INFO [266/750] a10651a0-891b-43f0-9ce5-2d154605d7c6: 432 datasets; 17.3 s; peak memory 1226 MiB.
2026-10-11T03:49:27Z INFO [267/750] a10660b1-1f1a-45a2-bfb0-22dc1ca3412a: 48 datasets; 1.3 s; peak memory 1226 MiB.
2026-10-11T03:49:29Z INFO [268/750] a106937f-c7d3-41cf-9757-4e96a2f4a21c: 48 datasets; 1.3 s; peak memory 1226 MiB.
2026-10-11T03:49:30Z INFO [269/750] a106f386-e10b-4791-9ea7-102b1924687e: 51 datasets; 1.2 s; peak memory 1226 MiB.
2026-10-11T03:49:32Z INFO [270/750] a107626e-2a81-4264-9a93-32be34a632cc: 119 datasets; 2.5 s; peak memory 1226 MiB.
2026-10-11T03:49:34Z INFO [271/750] a1077be7-5951-4ae0-9900-7ee67f678996: 48 datasets; 1.3 s; peak memory 1226 MiB.
2026-10-11T03:49:35Z INFO [272/750] a108930b-82b6-43ff-b14e-ffc87fe090d5: 52 datasets; 1.6 s; peak memory 1226 MiB.
2026-10-11T03:49:36Z INFO [273/750] a10967ce-6152-473b-8ce3-2cedd4a9f602: 48 datasets; 1.2 s; peak memory 1226 MiB.
2026-10-11T03:49:56Z INFO [274/750] a10ab0dc-0f14-439d-be85-e0d8749c1032: 48 datasets; 19.7 s; peak memory 1226 MiB.
2026-10-11T03:49:59Z INFO [275/750] a10ad843-7cc6-46ff-b330-943e4fdfa5d6: 116 datasets; 3.2 s; peak memory 1226 MiB.
2026-10-11T03:50:05Z INFO [276/750] a10bc6ab-881f-45e7-a432-3ee54dd7d2f4: 516 datasets; 5.2 s; peak memory 1226 MiB.
2026-10-11T03:50:06Z INFO [277/750] a10c64de-6181-47bf-81c1-c4c166618c8d: 48 datasets; 1.3 s; peak memory 1226 MiB.
2026-10-11T03:50:07Z INFO [278/750] a10d3ddf-8a5b-49d2-ad25-102c9b30c265: 48 datasets; 1.3 s; peak memory 1226 MiB.
2026-10-11T03:51:25Z INFO [279/750] a10dd2d3-5f1b-4d4c-a594-a915c5bbe70d: 58 datasets; 78.0 s; peak memory 1226 MiB.
2026-10-11T03:51:26Z INFO [280/750] a10df506-5b0a-4e8f-a06e-87ebc92a4749: 48 datasets; 1.3 s; peak memory 1226 MiB.
2026-10-11T03:51:28Z INFO [281/750] a10e5df7-e2fd-407c-8f4d-b98104c631fb: 59 datasets; 1.3 s; peak memory 1226 MiB.
2026-10-11T03:51:29Z INFO [282/750] a10f3ed6-faf4-49c2-9e25-f1871ba1d07c: 49 datasets; 1.5 s; peak memory 1226 MiB.
2026-10-11T03:51:45Z INFO [283/750] a10fa0b0-70fe-4d15-8320-2dd3316cbd8f: 1408 datasets; 16.0 s; peak memory 1226 MiB.
2026-10-11T03:51:47Z INFO [284/750] a10fdd11-1c2d-4fc8-bb73-d4ba82ced3ee: 48 datasets; 1.3 s; peak memory 1226 MiB.
2026-10-11T03:51:48Z INFO [285/750] a1110eb1-2ae3-49fa-a06b-e82b115c4b31: 52 datasets; 1.4 s; peak memory 1226 MiB.
2026-10-11T03:51:49Z INFO [286/750] a1112b54-ed7e-4e31-93dd-ae94a1dea045: 57 datasets; 1.1 s; peak memory 1226 MiB.
2026-10-11T03:51:50Z INFO [287/750] a11203e6-431c-4480-8384-68253bf988ea: 46 datasets; 1.0 s; peak memory 1226 MiB.
2026-10-11T03:51:52Z INFO [288/750] a112f05e-8405-47b9-b4e1-0c27b2f8a270: 117 datasets; 1.6 s; peak memory 1226 MiB.
2026-10-11T03:51:53Z INFO [289/750] a11332df-10f7-4d16-bb4d-c932963b9a1a: 117 datasets; 1.5 s; peak memory 1226 MiB.
2026-10-11T03:51:54Z INFO [290/750] a113add5-6745-4128-92b2-20e9993266d8: 48 datasets; 1.2 s; peak memory 1226 MiB.
2026-10-11T03:51:57Z INFO [291/750] a113c7b4-3b10-4f55-8537-b1e8eb1413fb: 119 datasets; 2.9 s; peak memory 1226 MiB.
2026-10-11T03:51:59Z INFO [292/750] a113cabf-ba70-420b-a9dd-5674cd388c00: 112 datasets; 1.7 s; peak memory 1226 MiB.
2026-10-11T03:52:11Z INFO [293/750] a1144514-1e13-420e-9994-3fe44e7cce7f: 722 datasets; 11.4 s; peak memory 1226 MiB.
2026-10-11T03:52:11Z INFO [294/750] a1166b46-f207-4e22-83c6-77e88d7388f2: 51 datasets; 1.0 s; peak memory 1226 MiB.
2026-10-11T03:52:14Z INFO [295/750] a116a7eb-e277-44af-abad-34885913d998: 158 datasets; 2.8 s; peak memory 1226 MiB.
2026-10-11T03:54:10Z INFO [296/750] a1176e01-0647-42dc-8926-c2a87dd5bc18: 167 datasets; 115.4 s; peak memory 1226 MiB.
2026-10-11T03:54:15Z INFO [297/750] a117b22c-0090-4167-be55-ecae1525a138: 225 datasets; 5.5 s; peak memory 1226 MiB.
2026-10-11T03:54:16Z INFO [298/750] a11805c9-d5ee-49c4-84d4-28d3263674f6: 48 datasets; 1.3 s; peak memory 1226 MiB.
2026-10-11T03:54:20Z INFO [299/750] a1180edb-4456-43cd-8b12-5445fdb71ed8: 156 datasets; 3.5 s; peak memory 1226 MiB.
2026-10-11T03:54:21Z INFO [300/750] a1184571-7e74-49f4-9e1e-775516f72144: 48 datasets; 1.3 s; peak memory 1226 MiB.
2026-10-11T03:54:21Z INFO [300/750] a1184571-7e74-49f4-9e1e-775516f72144: checkpointed 124635 new records.
2026-10-11T03:54:28Z INFO [301/750] a1189ac0-f9fd-458a-885b-51bdcbd9625c: 468 datasets; 6.3 s; peak memory 1226 MiB.
2026-10-11T03:54:42Z INFO [302/750] a1189fb2-1726-49d6-ad87-4e39a8bbe0c8: 960 datasets; 14.6 s; peak memory 1226 MiB.
2026-10-11T03:54:45Z INFO [303/750] a11b1a40-094b-4478-8e3a-835b7e4a0dc0: 141 datasets; 2.6 s; peak memory 1226 MiB.
2026-10-11T03:54:54Z INFO [304/750] a11b2e1b-d138-4826-baf4-105f95f9a0e6: 106 datasets; 8.8 s; peak memory 1226 MiB.
2026-10-11T03:54:56Z INFO [305/750] a11ba8a8-0ec7-4966-8600-395f56ec41b7: 275 datasets; 1.9 s; peak memory 1226 MiB.
2026-10-11T03:54:58Z INFO [306/750] a11ba9a3-8d11-4c4b-befa-1a6cd7c831b5: 76 datasets; 1.9 s; peak memory 1226 MiB.
2026-10-11T03:54:59Z INFO [307/750] a11ce223-8a46-47f6-a9b6-dcf63fde2524: 112 datasets; 1.8 s; peak memory 1226 MiB.
2026-10-11T03:55:02Z INFO [308/750] a11d40d7-dd2a-4172-86cb-b9fc5a372186: 115 datasets; 2.8 s; peak memory 1226 MiB.
2026-10-11T03:55:04Z INFO [309/750] a11ded36-7819-4f00-8063-2651dad522bc: 69 datasets; 1.4 s; peak memory 1226 MiB.
2026-10-11T03:55:21Z INFO [310/750] a11e6137-9df9-4e69-bfd5-61aa863d9c87: 48 datasets; 17.5 s; peak memory 1226 MiB.
2026-10-11T03:55:23Z INFO [311/750] a11ec2cf-8868-49fd-a743-2fbddc9901de: 118 datasets; 1.5 s; peak memory 1226 MiB.
2026-10-11T03:55:24Z INFO [312/750] a11f60f9-c150-44ab-ac08-714ff355cae2: 48 datasets; 1.3 s; peak memory 1226 MiB.
2026-10-11T03:55:25Z INFO [313/750] a11f9b2c-2cbc-4622-99d8-0b4aa774dfc2: 47 datasets; 1.1 s; peak memory 1226 MiB.
2026-10-11T03:55:40Z INFO [314/750] a11fc9fa-8b37-4526-be5a-aad2b3521fcc: 688 datasets; 15.0 s; peak memory 1226 MiB.
2026-10-11T03:55:42Z INFO [315/750] a11fe2a6-27c0-487c-978b-a6e0f38788c3: 71 datasets; 2.1 s; peak memory 1226 MiB.
2026-10-11T03:55:43Z INFO [316/750] a120354f-992f-4220-9efb-7505ec242d09: 41 datasets; 1.2 s; peak memory 1226 MiB.
2026-10-11T03:55:46Z INFO [317/750] a120b91b-8b0a-4026-8835-279e89ff22e6: 112 datasets; 2.2 s; peak memory 1226 MiB.
2026-10-11T03:55:47Z INFO [318/750] a1210996-3bc3-4ab9-abab-a4cf989883c8: 48 datasets; 1.3 s; peak memory 1226 MiB.
2026-10-11T03:55:49Z INFO [319/750] a1211887-26a8-46d2-af19-93a69992ebf5: 118 datasets; 1.6 s; peak memory 1226 MiB.
2026-10-11T03:55:51Z INFO [320/750] a1212f27-0fe5-4baa-b0b0-9fb778bf884a: 168 datasets; 2.9 s; peak memory 1226 MiB.
2026-10-11T03:55:53Z INFO [321/750] a121fb9e-eb6d-48a4-9683-dab8f14b8490: 68 datasets; 1.5 s; peak memory 1226 MiB.
2026-10-11T03:55:55Z INFO [322/750] a121fcb9-efe2-48f6-a706-53dcbf97a9ce: 74 datasets; 1.6 s; peak memory 1226 MiB.
2026-10-11T03:55:56Z INFO [323/750] a122658a-b3cf-414d-b8a4-fa5b41d88c26: 41 datasets; 1.2 s; peak memory 1226 MiB.
2026-10-11T03:55:58Z INFO [324/750] a1228659-0288-4ae3-b1e2-9999f1215f15: 66 datasets; 2.4 s; peak memory 1226 MiB.
2026-10-11T03:58:03Z INFO [325/750] a1236b95-0ae7-4463-be43-89ce98a4aa90: 433 datasets; 124.4 s; peak memory 1226 MiB.
2026-10-11T03:58:05Z INFO [326/750] a1237f5d-9e3d-44b2-94d2-fba9b910e5f4: 261 datasets; 1.9 s; peak memory 1226 MiB.
2026-10-11T03:58:06Z INFO [327/750] a1240b95-7f84-4ec3-bfd9-2e6f5d6de035: 114 datasets; 1.2 s; peak memory 1226 MiB.
2026-10-11T03:58:07Z INFO [328/750] a12479dc-f8cd-4baa-bcc9-38503e56a630: 48 datasets; 1.3 s; peak memory 1226 MiB.
2026-10-11T03:58:08Z INFO [329/750] a124c4cd-c9ce-41eb-8ffb-be385ff8d9ee: 48 datasets; 1.2 s; peak memory 1226 MiB.
2026-10-11T03:58:10Z INFO [330/750] a1254736-35ac-4f77-8cbe-be524768b689: 112 datasets; 1.7 s; peak memory 1226 MiB.
2026-10-11T03:58:23Z INFO [331/750] a125a2b8-0e23-42fc-93de-1dfc91d56604: 1341 datasets; 13.3 s; peak memory 1226 MiB.
2026-10-11T03:58:24Z INFO [332/750] a125cea6-848d-4885-adc2-679979ad53a2: 48 datasets; 1.2 s; peak memory 1226 MiB.
2026-10-11T03:58:30Z INFO [333/750] a125d7f2-8d34-43ee-88eb-35813448a067: 229 datasets; 6.1 s; peak memory 1226 MiB.
2026-10-11T03:58:32Z INFO [334/750] a1264c9b-3ded-4b49-ba48-d5f9f2db4a34: 69 datasets; 1.9 s; peak memory 1226 MiB.
2026-10-11T03:58:34Z INFO [335/750] a126bd19-d0f2-407e-b2c1-ea6e3eb7cb58: 110 datasets; 1.2 s; peak memory 1226 MiB.
2026-10-11T03:58:39Z INFO [336/750] a126d46e-0a2b-45a9-b83c-565d47415034: 244 datasets; 5.3 s; peak memory 1226 MiB.
2026-10-11T03:58:41Z INFO [337/750] a126d49a-d161-4904-9f14-15eede5281ff: 112 datasets; 1.8 s; peak memory 1226 MiB.
2026-10-11T03:58:42Z INFO [338/750] a127b7f4-fbe5-420b-873e-62e26f02eb4d: 118 datasets; 1.5 s; peak memory 1226 MiB.
2026-10-11T03:58:44Z INFO [339/750] a127d867-81a7-46d4-9abf-de152e856a45: 48 datasets; 1.3 s; peak memory 1226 MiB.
2026-10-11T03:58:45Z INFO [340/750] a1282f22-b088-41e3-b7ca-3296bc9a48ba: 112 datasets; 2.0 s; peak memory 1226 MiB.
2026-10-11T03:58:47Z INFO [341/750] a128bc66-30cf-473f-bd27-5045fc4b3da7: 72 datasets; 1.3 s; peak memory 1226 MiB.
2026-10-11T03:58:49Z INFO [342/750] a12aa208-fed3-42fe-98e3-6bda5ab23bd1: 48 datasets; 1.9 s; peak memory 1226 MiB.
2026-10-11T03:58:50Z INFO [343/750] a12b13ea-0f61-44b3-9b18-b46dbd63a2a9: 45 datasets; 1.7 s; peak memory 1226 MiB.
2026-10-11T03:58:53Z INFO [344/750] a12bc040-db3f-4eb0-800f-1d98fa694aca: 123 datasets; 2.7 s; peak memory 1226 MiB.
2026-10-11T03:58:55Z INFO [345/750] a12c0fe3-0476-4150-ba8e-461af0014ab4: 153 datasets; 1.8 s; peak memory 1226 MiB.
2026-10-11T03:58:57Z INFO [346/750] a12d7d30-d670-4d8a-a508-fd7c561827c9: 68 datasets; 1.6 s; peak memory 1226 MiB.
2026-10-11T03:58:59Z INFO [347/750] a12d8559-161b-4a6e-98b0-901607ab6888: 77 datasets; 2.0 s; peak memory 1226 MiB.
2026-10-11T03:59:03Z INFO [348/750] a12e68c2-7e05-4c30-b6c6-ef93a96e17b3: 351 datasets; 5.0 s; peak memory 1226 MiB.
2026-10-11T03:59:05Z INFO [349/750] a12fc3d3-53b2-431d-9b4c-99e9480d72c2: 118 datasets; 1.4 s; peak memory 1226 MiB.
2026-10-11T03:59:14Z INFO [350/750] a12fd90b-8e8f-4f6c-bc00-1cc980757793: 82 datasets; 9.3 s; peak memory 1226 MiB.
2026-10-11T03:59:14Z INFO [350/750] a12fd90b-8e8f-4f6c-bc00-1cc980757793: checkpointed 124685 new records.
2026-10-11T03:59:16Z INFO [351/750] a130aca9-b653-4363-b11a-51d1e6b553e6: 49 datasets; 1.5 s; peak memory 1226 MiB.
2026-10-11T03:59:17Z INFO [352/750] a130ce4c-cefa-4602-902e-93039e123d17: 122 datasets; 1.5 s; peak memory 1226 MiB.
2026-10-11T03:59:19Z INFO [353/750] a130d115-6ed2-4890-b5f1-1d7d44792bb0: 64 datasets; 1.6 s; peak memory 1226 MiB.
2026-10-11T03:59:26Z INFO [354/750] a1314e1a-27a8-4d6b-9460-9b8d16c0d103: 562 datasets; 7.0 s; peak memory 1226 MiB.
2026-10-11T03:59:30Z INFO [355/750] a131d79d-9a88-4271-ab1e-65b9c2706100: 186 datasets; 3.5 s; peak memory 1226 MiB.
2026-10-11T03:59:31Z INFO [356/750] a1321848-ef41-46df-b24b-98a9cd6c4d4a: 48 datasets; 1.3 s; peak memory 1226 MiB.
2026-10-11T03:59:32Z INFO [357/750] a132429a-1dc2-4ec7-9d5c-e80c2ac24fee: 52 datasets; 1.3 s; peak memory 1226 MiB.
2026-10-11T03:59:40Z INFO [358/750] a1329ab3-790d-42bd-ac53-9eb22ab9f46e: 538 datasets; 8.0 s; peak memory 1226 MiB.
2026-10-11T04:00:02Z INFO [359/750] a1338f72-0342-4afe-aa01-07edb56507bf: 1491 datasets; 21.6 s; peak memory 1226 MiB.
2026-10-11T04:00:05Z INFO [360/750] a1349b16-db94-453f-9474-bd07a4732d57: 116 datasets; 2.9 s; peak memory 1226 MiB.
2026-10-11T04:00:06Z INFO [361/750] a134d782-8d7b-4342-813d-30b69808ab39: 69 datasets; 1.5 s; peak memory 1226 MiB.
2026-10-11T04:00:08Z INFO [362/750] a1359201-9cfd-4159-81bb-c5c5067ddbba: 64 datasets; 1.9 s; peak memory 1226 MiB.
2026-10-11T04:00:09Z INFO [363/750] a1367257-a44b-4307-a25c-d33a982148dd: 38 datasets; 1.1 s; peak memory 1226 MiB.
2026-10-11T04:00:11Z INFO [364/750] a1371fc2-2935-406d-b651-4f4ca7c54750: 68 datasets; 1.6 s; peak memory 1226 MiB.
2026-10-11T04:00:12Z INFO [365/750] a1372ccd-80b3-46d1-b56c-74fa9e0ef35c: 48 datasets; 1.3 s; peak memory 1226 MiB.
2026-10-11T04:00:13Z INFO [366/750] a138205b-01b2-47bc-8e07-669c5543aa64: 116 datasets; 1.5 s; peak memory 1226 MiB.
2026-10-11T04:00:15Z INFO [367/750] a1385236-9d99-46e9-b348-8c311bc346ac: 112 datasets; 1.8 s; peak memory 1226 MiB.
2026-10-11T04:00:22Z INFO [368/750] a138bd5c-1dd8-4348-87ea-156c05e4b42d: 606 datasets; 6.5 s; peak memory 1226 MiB.
2026-10-11T04:00:23Z INFO [369/750] a138f5a2-038a-452a-b3f4-8cb042a24a3b: 33 datasets; 0.9 s; peak memory 1226 MiB.
2026-10-11T04:00:24Z INFO [370/750] a138f86a-ed09-4f10-99b7-3330a96cf61b: 58 datasets; 1.0 s; peak memory 1226 MiB.
2026-10-11T04:00:26Z INFO [371/750] a1392a16-a51e-4a08-9906-63ab0104dac4: 49 datasets; 2.0 s; peak memory 1226 MiB.
2026-10-11T04:00:27Z INFO [372/750] a13a8e9c-2ba4-429c-9ec4-e762a5a7de5e: 63 datasets; 1.1 s; peak memory 1226 MiB.
2026-10-11T04:00:29Z INFO [373/750] a13adda7-16f3-438d-ba62-29e08b7ad575: 112 datasets; 2.2 s; peak memory 1226 MiB.
2026-10-11T04:00:30Z INFO [374/750] a13b6088-1bba-4224-9c7d-e5bbe1066ccf: 69 datasets; 1.5 s; peak memory 1226 MiB.
2026-10-11T04:00:32Z INFO [375/750] a13b825c-291a-40f6-bb1f-fed4307f1b5f: 117 datasets; 1.3 s; peak memory 1226 MiB.
2026-10-11T04:00:33Z INFO [376/750] a13c6c6f-8033-4dc4-b77f-40658d82d01f: 51 datasets; 1.4 s; peak memory 1226 MiB.
2026-10-11T04:00:35Z INFO [377/750] a13d080d-45b3-40d0-a414-f22d57d82828: 66 datasets; 1.7 s; peak memory 1226 MiB.
2026-10-11T04:00:37Z INFO [378/750] a13d70ba-a8e0-41a2-a8e2-160b472cda31: 132 datasets; 2.3 s; peak memory 1226 MiB.
2026-10-11T04:00:40Z INFO [379/750] a13d8f4a-e905-441a-b77e-32643b6b6859: 121 datasets; 2.6 s; peak memory 1226 MiB.
2026-10-11T04:00:44Z INFO [380/750] a13e1e3a-a891-4b5c-8018-c02057603589: 92 datasets; 3.9 s; peak memory 1226 MiB.
2026-10-11T04:00:45Z INFO [381/750] a13efb72-0199-4ef6-948b-5c86f33658f0: 33 datasets; 1.0 s; peak memory 1226 MiB.
2026-10-11T04:00:48Z INFO [382/750] a13efe22-6968-4697-b081-71b06e100529: 116 datasets; 3.0 s; peak memory 1226 MiB.
2026-10-11T04:00:49Z INFO [383/750] a13f197a-4c0f-4435-b347-07da1b66a21f: 118 datasets; 1.5 s; peak memory 1226 MiB.
2026-10-11T04:00:50Z INFO [384/750] a13f3fc8-5717-48ac-8922-d40711a2ba07: 48 datasets; 1.2 s; peak memory 1226 MiB.
2026-10-11T04:00:52Z INFO [385/750] a1402f55-a569-408f-8680-fbca52942381: 45 datasets; 1.6 s; peak memory 1226 MiB.
2026-10-11T04:00:53Z INFO [386/750] a1404363-3570-44dd-9dc6-0891675f31cc: 72 datasets; 1.4 s; peak memory 1226 MiB.
2026-10-11T04:00:55Z INFO [387/750] a140c55c-f81e-46f8-be02-38c1aceadf47: 48 datasets; 1.3 s; peak memory 1226 MiB.
2026-10-11T04:00:56Z INFO [388/750] a142b1a7-0f7d-49db-8693-8f66e97c8eb1: 67 datasets; 1.7 s; peak memory 1226 MiB.
2026-10-11T04:00:57Z INFO [389/750] a142cb68-59d8-43d9-b1af-99c3360a768d: 50 datasets; 1.1 s; peak memory 1226 MiB.
2026-10-11T04:00:59Z INFO [390/750] a142e047-d8ec-44e3-a5a3-bc51900eb674: 52 datasets; 1.4 s; peak memory 1226 MiB.
2026-10-11T04:01:01Z INFO [391/750] a143987b-5f69-4e45-a4d2-ac61760fc917: 76 datasets; 2.2 s; peak memory 1226 MiB.
2026-10-11T04:01:02Z INFO [392/750] a1445455-4d3a-40aa-930c-3b89db2d6176: 52 datasets; 1.4 s; peak memory 1226 MiB.
2026-10-11T04:01:04Z INFO [393/750] a14532ed-aa29-42e5-ba9a-e8ff6dcfc3df: 117 datasets; 1.4 s; peak memory 1226 MiB.
2026-10-11T04:01:05Z INFO [394/750] a145831a-7240-4049-b1d4-6497b497a170: 45 datasets; 1.0 s; peak memory 1226 MiB.
2026-10-11T04:01:06Z INFO [395/750] a146e34b-cbee-4dd0-949d-95d49a12cbe1: 48 datasets; 1.4 s; peak memory 1226 MiB.
2026-10-11T04:01:08Z INFO [396/750] a14793e7-11fd-46d2-a61b-1b21883c5de7: 112 datasets; 1.9 s; peak memory 1226 MiB.
2026-10-11T04:01:09Z INFO [397/750] a1484d5b-607c-4200-987f-8c1b6e67e034: 52 datasets; 1.4 s; peak memory 1226 MiB.
2026-10-11T04:01:11Z INFO [398/750] a1494658-ac37-4baa-b991-7f06ec57ddd2: 116 datasets; 1.4 s; peak memory 1226 MiB.
2026-10-11T04:01:30Z INFO [399/750] a149e520-65ec-496e-aa06-1ba399ac6f42: 48 datasets; 18.7 s; peak memory 1226 MiB.
2026-10-11T04:01:37Z INFO [400/750] a14a1f94-c2de-446b-938c-4de7ac945db2: 602 datasets; 7.7 s; peak memory 1226 MiB.
2026-10-11T04:01:37Z INFO [400/750] a14a1f94-c2de-446b-938c-4de7ac945db2: checkpointed 124735 new records.
2026-10-11T04:01:39Z INFO [401/750] a14a1f9a-ce64-4c0c-856c-70d19847b1e8: 117 datasets; 1.5 s; peak memory 1226 MiB.
2026-10-11T04:01:42Z INFO [402/750] a14a683d-adad-479b-a5b9-63921fd60b8b: 192 datasets; 2.8 s; peak memory 1226 MiB.
2026-10-11T04:01:44Z INFO [403/750] a14b41d6-7e1b-4889-a24a-f0871bd6360e: 112 datasets; 2.3 s; peak memory 1226 MiB.
2026-10-11T04:01:47Z INFO [404/750] a14c4a0e-5a13-4a6d-80af-8dba169b3647: 90 datasets; 2.7 s; peak memory 1226 MiB.
2026-10-11T04:01:48Z INFO [405/750] a14c8f5c-cb40-4802-8e55-e0a14985e000: 116 datasets; 1.4 s; peak memory 1226 MiB.
2026-10-11T04:01:50Z INFO [406/750] a14c9421-ec3a-4c02-bbff-b21e167ff799: 117 datasets; 1.5 s; peak memory 1226 MiB.
2026-10-11T04:01:51Z INFO [407/750] a14cd7be-454b-4e89-8937-b1ea671966c4: 112 datasets; 1.8 s; peak memory 1226 MiB.
2026-10-11T04:01:53Z INFO [408/750] a14ced46-d23b-4039-b83f-f5fc6ab9283a: 112 datasets; 1.9 s; peak memory 1226 MiB.
2026-10-11T04:01:55Z INFO [409/750] a14d8494-85fb-421e-99c7-67b1c52627ab: 116 datasets; 1.4 s; peak memory 1226 MiB.
2026-10-11T04:01:56Z INFO [410/750] a14dc642-f0b8-42a3-9eb6-551f1ae2820f: 48 datasets; 1.2 s; peak memory 1226 MiB.
2026-10-11T04:01:58Z INFO [411/750] a14e4510-5e0e-4d23-96ed-a37b34d98921: 93 datasets; 1.7 s; peak memory 1226 MiB.
2026-10-11T04:02:00Z INFO [412/750] a14e84eb-aacc-4dad-9cd2-5140c66680ca: 112 datasets; 1.9 s; peak memory 1226 MiB.
2026-10-11T04:02:01Z INFO [413/750] a14eae53-2b69-4e1e-8a41-27a8e070e15f: 48 datasets; 1.3 s; peak memory 1226 MiB.
2026-10-11T04:02:02Z INFO [414/750] a14ecf70-0386-4bba-9dde-cad47b8d4a35: 48 datasets; 1.2 s; peak memory 1226 MiB.
2026-10-11T04:02:05Z INFO [415/750] a14f1561-e98f-4325-b92a-962b20437226: 88 datasets; 3.2 s; peak memory 1226 MiB.
2026-10-11T04:02:07Z INFO [416/750] a1517dc4-3a35-44f7-974f-a3857dd813e6: 66 datasets; 1.8 s; peak memory 1226 MiB.
2026-10-11T04:02:30Z INFO [417/750] a1519139-9882-4748-b25a-a744829eddaa: 7273 datasets; 22.8 s; peak memory 1226 MiB.
2026-10-11T04:02:32Z INFO [418/750] a151c20e-2d39-4eef-a977-474a3b073581: 118 datasets; 2.5 s; peak memory 1226 MiB.
2026-10-11T04:02:34Z INFO [419/750] a1521f5b-29b7-44d7-b544-0526e021e975: 62 datasets; 1.7 s; peak memory 1226 MiB.
2026-10-11T04:02:38Z INFO [420/750] a1526cea-bcf1-47df-99e8-3d785b3b5484: 110 datasets; 3.6 s; peak memory 1226 MiB.
2026-10-11T04:02:39Z INFO [421/750] a15307b1-b2d9-4b07-a786-2b3439562144: 48 datasets; 1.4 s; peak memory 1226 MiB.
2026-10-11T04:02:40Z INFO [422/750] a153f7b8-2ee2-4c52-9abc-49d7c1272006: 41 datasets; 1.3 s; peak memory 1226 MiB.
2026-10-11T04:02:43Z INFO [423/750] a1544da8-d513-4c2b-bc99-0e00bb58317f: 115 datasets; 3.1 s; peak memory 1226 MiB.
2026-10-11T04:02:44Z INFO [424/750] a1548cce-b6f6-4e8b-b3a9-de5a16ebb703: 45 datasets; 1.0 s; peak memory 1226 MiB.
2026-10-11T04:02:56Z INFO [425/750] a1549bfd-eae6-4f3b-b82d-3033b4b09659: 596 datasets; 11.1 s; peak memory 1226 MiB.
2026-10-11T04:02:57Z INFO [426/750] a15515af-0e93-4f33-854f-f5434647661e: 48 datasets; 1.3 s; peak memory 1226 MiB.
2026-10-11T04:02:59Z INFO [427/750] a156c1a9-00f7-48ea-a393-caf1172f3713: 110 datasets; 1.8 s; peak memory 1226 MiB.
2026-10-11T04:03:15Z INFO [428/750] a156f2b5-d313-43bc-9388-7cd71fca22ea: 1238 datasets; 16.4 s; peak memory 1226 MiB.
2026-10-11T04:03:17Z INFO [429/750] a158bccd-6696-4968-a3c0-f6fb0db4d93c: 112 datasets; 1.8 s; peak memory 1226 MiB.
2026-10-11T04:03:19Z INFO [430/750] a159def5-a0a7-4e8c-a90e-d85223a8a5ba: 62 datasets; 1.8 s; peak memory 1226 MiB.
2026-10-11T04:03:20Z INFO [431/750] a15a0ab6-7ed9-4cb4-86b4-092a7ba5b9f9: 247 datasets; 1.9 s; peak memory 1226 MiB.
2026-10-11T04:04:10Z INFO [432/750] a15a9ca7-8490-48c2-aad1-e18dee3effdb: 108 datasets; 49.2 s; peak memory 1226 MiB.
2026-10-11T04:04:19Z INFO [433/750] a15ab832-b711-4787-88c9-c83062ceaf0e: 579 datasets; 9.0 s; peak memory 1226 MiB.
2026-10-11T04:04:21Z INFO [434/750] a15b084b-ad92-4959-9c59-99637a70bec2: 112 datasets; 1.8 s; peak memory 1226 MiB.
2026-10-11T04:04:22Z INFO [435/750] a15bab2b-7a3c-4e27-ae51-cfa05bb68d99: 48 datasets; 1.3 s; peak memory 1226 MiB.
2026-10-11T04:04:28Z INFO [436/750] a15bafca-2fce-4620-b779-a3c91112f7be: 223 datasets; 6.6 s; peak memory 1226 MiB.
2026-10-11T04:04:35Z INFO [437/750] a15c247f-dac5-4243-a68b-b186cd206a00: 46 datasets; 6.4 s; peak memory 1226 MiB.
2026-10-11T04:04:36Z INFO [438/750] a15c459f-dc62-488e-83e8-c28b4abd3faa: 48 datasets; 1.3 s; peak memory 1226 MiB.
2026-10-11T04:04:38Z INFO [439/750] a15ca3e5-4e62-4bdd-b412-b419ae3d3168: 71 datasets; 2.3 s; peak memory 1226 MiB.
2026-10-11T04:04:41Z INFO [440/750] a15ce128-eb7d-4963-a366-4c86b30c703a: 119 datasets; 2.3 s; peak memory 1226 MiB.
2026-10-11T04:04:57Z INFO [441/750] a15d71b5-ef7f-435c-88de-3f709009f900: 1545 datasets; 16.7 s; peak memory 1226 MiB.
2026-10-11T04:04:59Z INFO [442/750] a15dd9f3-cf58-4b98-b459-2c6a12c08238: 62 datasets; 1.6 s; peak memory 1226 MiB.
2026-10-11T04:05:01Z INFO [443/750] a15f6509-6ebe-49e8-be3d-b8346faf510c: 71 datasets; 1.9 s; peak memory 1226 MiB.
2026-10-11T04:05:02Z INFO [444/750] a1608736-4ac3-4e6a-9154-6351ccfda4ae: 117 datasets; 1.5 s; peak memory 1226 MiB.
2026-10-11T04:06:00Z INFO [445/750] a160a606-292d-4b20-9324-2f1fa62fd6de: 55 datasets; 57.3 s; peak memory 1226 MiB.
2026-10-11T04:06:01Z INFO [446/750] a161ba66-b584-4c71-8303-8babfa55944f: 48 datasets; 1.2 s; peak memory 1226 MiB.
2026-10-11T04:06:02Z INFO [447/750] a161cc0c-bc83-478a-ae40-42721280cfcf: 58 datasets; 1.1 s; peak memory 1226 MiB.
2026-10-11T04:06:05Z INFO [448/750] a161d0bb-0e65-4d33-98d7-f02ac9c57c67: 156 datasets; 3.3 s; peak memory 1226 MiB.
2026-10-11T04:06:07Z INFO [449/750] a161d110-17b3-4164-a628-ad22bc4a343c: 48 datasets; 1.3 s; peak memory 1226 MiB.
2026-10-11T04:06:08Z INFO [450/750] a1627039-5f0f-4b24-8836-1b425381458e: 117 datasets; 1.6 s; peak memory 1226 MiB.
2026-10-11T04:06:08Z INFO [450/750] a1627039-5f0f-4b24-8836-1b425381458e: checkpointed 124785 new records.
2026-10-11T04:06:10Z INFO [451/750] a162a505-f972-4378-8fea-d78691a08707: 119 datasets; 1.2 s; peak memory 1226 MiB.
2026-10-11T04:06:11Z INFO [452/750] a1633ffd-dbee-4c2c-800a-19af5b3c31e4: 110 datasets; 1.9 s; peak memory 1226 MiB.
2026-10-11T04:06:14Z INFO [453/750] a16467a4-49e4-4b57-88a4-f2d4faa7ac5e: 118 datasets; 2.3 s; peak memory 1226 MiB.
2026-10-11T04:06:20Z INFO [454/750] a1652662-a068-4fb6-992e-be52304b2ca7: 544 datasets; 6.6 s; peak memory 1226 MiB.
2026-10-11T04:06:22Z INFO [455/750] a1652e1f-802d-4559-b014-8cca766ea39a: 131 datasets; 1.7 s; peak memory 1226 MiB.
2026-10-11T04:06:24Z INFO [456/750] a165e853-0dc3-4ccd-a95e-926c2d173bf2: 112 datasets; 1.5 s; peak memory 1226 MiB.
2026-10-11T04:06:25Z INFO [457/750] a166766b-e752-4406-86b6-5e5216c28225: 112 datasets; 1.8 s; peak memory 1226 MiB.
2026-10-11T04:06:29Z INFO [458/750] a1675a46-ec4c-40e3-9e63-5ca4f0f288e8: 138 datasets; 3.3 s; peak memory 1226 MiB.
2026-10-11T04:06:32Z INFO [459/750] a167cecc-ea02-4e4a-a90d-e0e9454140e4: 115 datasets; 3.1 s; peak memory 1226 MiB.
2026-10-11T04:06:35Z INFO [460/750] a168d04d-04d1-4ae6-bc23-fae2df1c2ae7: 156 datasets; 3.6 s; peak memory 1226 MiB.
2026-10-11T04:06:38Z INFO [461/750] a16a22aa-251f-42c8-b04e-b22420894b13: 98 datasets; 2.8 s; peak memory 1226 MiB.
2026-10-11T04:06:40Z INFO [462/750] a16a6165-b765-4f4c-9d0e-580001a12fe2: 49 datasets; 1.7 s; peak memory 1226 MiB.
2026-10-11T04:06:42Z INFO [463/750] a16a8cae-cbbe-41d9-ab17-818b68944c0c: 112 datasets; 2.2 s; peak memory 1226 MiB.
2026-10-11T04:06:43Z INFO [464/750] a16a9977-687a-44f7-879e-f370fe4c6792: 39 datasets; 1.4 s; peak memory 1226 MiB.
2026-10-11T04:06:45Z INFO [465/750] a16bb114-a54e-4156-91de-d6db797ecb64: 59 datasets; 1.6 s; peak memory 1226 MiB.
2026-10-11T04:06:47Z INFO [466/750] a16c7caa-de7d-415c-a73d-ca38b8e53ee8: 118 datasets; 1.7 s; peak memory 1226 MiB.
2026-10-11T04:06:48Z INFO [467/750] a16c7f38-4615-433e-a8bc-1aba523384b9: 118 datasets; 1.6 s; peak memory 1226 MiB.
2026-10-11T04:06:51Z INFO [468/750] a16cfb86-3cda-465e-bf5b-cca98f7ad94e: 71 datasets; 2.3 s; peak memory 1226 MiB.
2026-10-11T04:06:52Z INFO [469/750] a16f8cb2-a43b-4765-b775-8fc4b1391c0d: 116 datasets; 1.6 s; peak memory 1226 MiB.
2026-10-11T04:07:01Z INFO [470/750] a1701337-1702-4943-a9cd-8b74cb9e49d8: 1052 datasets; 9.3 s; peak memory 1226 MiB.
2026-10-11T04:07:03Z INFO [471/750] a1703c7d-43c2-4286-922b-78cf3362c6e1: 48 datasets; 1.3 s; peak memory 1226 MiB.
2026-10-11T04:07:04Z INFO [472/750] a1710013-5cef-405d-877c-20b29e1f6356: 50 datasets; 1.1 s; peak memory 1226 MiB.
2026-10-11T04:07:05Z INFO [473/750] a1714f0f-1248-4ad6-9173-63b60d60cdf0: 48 datasets; 1.2 s; peak memory 1226 MiB.
2026-10-11T04:07:07Z INFO [474/750] a1718352-6017-4f18-9d01-8787104544f6: 78 datasets; 2.0 s; peak memory 1226 MiB.
2026-10-11T04:07:09Z INFO [475/750] a172af4c-a536-4855-98c3-18a42f79c5ec: 118 datasets; 1.6 s; peak memory 1226 MiB.
2026-10-11T04:07:10Z INFO [476/750] a17472ed-1564-4140-ae06-cea0ce49c887: 88 datasets; 1.7 s; peak memory 1226 MiB.
2026-10-11T04:07:13Z INFO [477/750] a174d993-668b-4b22-be38-2c4a1ec7be2d: 38 datasets; 2.9 s; peak memory 1226 MiB.
2026-10-11T04:07:14Z INFO [478/750] a1751178-5ee0-4eab-b4d1-8b4b0e5b8068: 56 datasets; 1.0 s; peak memory 1226 MiB.
2026-10-11T04:07:16Z INFO [479/750] a1751b02-6daf-404f-8791-0f2766915688: 117 datasets; 1.7 s; peak memory 1226 MiB.
2026-10-11T04:07:23Z INFO [480/750] a175f9b5-8732-470d-963f-94cfd14a3fa4: 513 datasets; 7.3 s; peak memory 1226 MiB.
2026-10-11T04:07:25Z INFO [481/750] a176001c-f946-4d66-a323-125f1db1d89c: 112 datasets; 2.0 s; peak memory 1226 MiB.
2026-10-11T04:07:27Z INFO [482/750] a177a90e-8f1c-4082-99fa-3ee7ddb777fa: 48 datasets; 1.3 s; peak memory 1226 MiB.
2026-10-11T04:07:28Z INFO [483/750] a17809ab-b903-4cf1-bc7b-62c4e952c4b3: 117 datasets; 1.5 s; peak memory 1226 MiB.
2026-10-11T04:07:30Z INFO [484/750] a178901f-321a-41c9-a6cc-34c1a3884a1a: 118 datasets; 1.7 s; peak memory 1226 MiB.
2026-10-11T04:07:33Z INFO [485/750] a178e6a8-9fc7-49aa-b85a-993c27c1dc52: 146 datasets; 2.8 s; peak memory 1226 MiB.
2026-10-11T04:07:35Z INFO [486/750] a178f5c2-6a95-45d7-b630-d0c43c7f07fc: 112 datasets; 2.0 s; peak memory 1226 MiB.
2026-10-11T04:07:36Z INFO [487/750] a1792dd8-c261-44e2-ac53-ee831c53fe69: 45 datasets; 1.4 s; peak memory 1226 MiB.
2026-10-11T04:07:38Z INFO [488/750] a1793a49-2f19-4abb-a467-4f9a6ddc2c07: 112 datasets; 2.2 s; peak memory 1226 MiB.
2026-10-11T04:07:39Z INFO [489/750] a179dded-c183-4885-bdfd-08999586d25d: 48 datasets; 1.2 s; peak memory 1226 MiB.
2026-10-11T04:07:42Z INFO [490/750] a17a2c06-8f45-42a8-a692-d65e283c2097: 116 datasets; 3.1 s; peak memory 1226 MiB.
2026-10-11T04:11:28Z INFO [491/750] a17a691a-7f62-445c-b048-ac0571fe0351: 472 datasets; 225.9 s; peak memory 1226 MiB.
2026-10-11T04:11:30Z INFO [492/750] a17a8890-4fb6-48fe-a311-8c6ea3294d77: 69 datasets; 1.9 s; peak memory 1226 MiB.
2026-10-11T04:11:33Z INFO [493/750] a17a98f9-481f-425a-9ec2-6cb8de70fcea: 38 datasets; 3.1 s; peak memory 1226 MiB.
2026-10-11T04:11:35Z INFO [494/750] a17b41f2-1078-4054-a934-66d712c81bc2: 112 datasets; 1.9 s; peak memory 1226 MiB.
2026-10-11T04:11:37Z INFO [495/750] a17b8a2b-df86-457e-a601-41c7872ec51b: 66 datasets; 1.7 s; peak memory 1226 MiB.
2026-10-11T04:11:39Z INFO [496/750] a17bd936-9ecb-48a8-9a09-04521e972276: 116 datasets; 1.6 s; peak memory 1226 MiB.
2026-10-11T04:11:41Z INFO [497/750] a17bdf3b-bc11-4705-bb47-39401d3701ce: 71 datasets; 2.5 s; peak memory 1226 MiB.
2026-10-11T04:11:43Z INFO [498/750] a17c4b61-2c15-48a3-800a-4114832d0566: 116 datasets; 1.6 s; peak memory 1226 MiB.
2026-10-11T04:11:45Z INFO [499/750] a17c9d1f-daac-4999-95b4-d71e9ee7eb2e: 64 datasets; 2.3 s; peak memory 1226 MiB.
2026-10-11T04:11:47Z INFO [500/750] a17ce754-e525-4c58-a3c2-fbb8c60cc78c: 117 datasets; 1.8 s; peak memory 1226 MiB.
2026-10-11T04:11:47Z INFO [500/750] a17ce754-e525-4c58-a3c2-fbb8c60cc78c: checkpointed 124835 new records.
2026-10-11T04:11:49Z INFO [501/750] a17d44c1-3668-48af-a228-20ae348e3c34: 112 datasets; 1.8 s; peak memory 1226 MiB.
2026-10-11T04:11:50Z INFO [502/750] a17d6e91-244d-4347-a010-0bd31cc79b47: 118 datasets; 1.6 s; peak memory 1226 MiB.
2026-10-11T04:11:53Z INFO [503/750] a17dc04d-6176-490b-bca0-6e912c109815: 123 datasets; 2.7 s; peak memory 1226 MiB.
2026-10-11T04:11:55Z INFO [504/750] a17e5f77-1aee-4ba2-b862-7f1b2c545dbd: 117 datasets; 1.7 s; peak memory 1226 MiB.
2026-10-11T04:11:58Z INFO [505/750] a17e8483-f320-4dcf-8692-f7bfd40c72f4: 80 datasets; 2.9 s; peak memory 1226 MiB.
2026-10-11T04:11:59Z INFO [506/750] a17e912d-821c-447c-a45b-4dc8c0350ebd: 69 datasets; 1.8 s; peak memory 1226 MiB.
2026-10-11T04:12:01Z INFO [507/750] a17f4dc0-a8f2-43e8-8250-7b64f05782cd: 57 datasets; 1.9 s; peak memory 1226 MiB.
2026-10-11T04:12:06Z INFO [508/750] a17f8f6b-e973-4dbe-bfac-32b47e80216c: 346 datasets; 4.3 s; peak memory 1226 MiB.
2026-10-11T04:12:07Z INFO [509/750] a180f07a-bcc4-4909-b052-24f2c8783259: 52 datasets; 1.4 s; peak memory 1226 MiB.
2026-10-11T04:12:10Z INFO [510/750] a1815a9b-9b4e-4836-a233-a589210179a3: 90 datasets; 2.8 s; peak memory 1226 MiB.
2026-10-11T04:12:11Z INFO [511/750] a1821257-661e-4e2e-8405-0fc5d5e6737f: 117 datasets; 1.6 s; peak memory 1226 MiB.
2026-10-11T04:12:13Z INFO [512/750] a1827762-446f-4bf7-adf6-5bbca0c04690: 64 datasets; 1.8 s; peak memory 1226 MiB.
2026-10-11T04:13:33Z INFO [513/750] a184499b-17fe-4f6e-8666-ed6dc6adf3eb: 58 datasets; 80.2 s; peak memory 1226 MiB.
2026-10-11T04:13:35Z INFO [514/750] a1845c13-a8d1-424b-8ad1-f0150a133646: 66 datasets; 1.8 s; peak memory 1226 MiB.
2026-10-11T04:13:36Z INFO [515/750] a184d8d4-2be4-4940-ab08-325daf8f0ba6: 48 datasets; 1.3 s; peak memory 1226 MiB.
2026-10-11T04:13:44Z INFO [516/750] a1858737-9294-47e4-8098-a26c04cd12bf: 538 datasets; 7.9 s; peak memory 1226 MiB.
2026-10-11T04:13:46Z INFO [517/750] a1861c48-3f9b-4347-a52b-404c074a06b0: 85 datasets; 1.7 s; peak memory 1226 MiB.
2026-10-11T04:13:47Z INFO [518/750] a18661f7-e7a7-402c-824e-33e3cb3d2000: 48 datasets; 1.2 s; peak memory 1226 MiB.
2026-10-11T04:13:49Z INFO [519/750] a1868847-88cd-4d35-88a2-23d3e189917a: 52 datasets; 1.5 s; peak memory 1226 MiB.
2026-10-11T04:13:55Z INFO [520/750] a1872144-9a8a-4810-b3d2-685f3ad77294: 218 datasets; 6.1 s; peak memory 1226 MiB.
2026-10-11T04:14:01Z INFO [521/750] a1873817-533c-4a31-ba8d-e4ebe8c4a27f: 52 datasets; 5.7 s; peak memory 1226 MiB.
2026-10-11T04:14:02Z INFO [522/750] a1873d8b-655d-44c8-9aca-c35896f1d1ee: 68 datasets; 1.6 s; peak memory 1226 MiB.
2026-10-11T04:14:03Z INFO [523/750] a1874254-0d65-49d9-bca5-771485b545d3: 48 datasets; 1.2 s; peak memory 1226 MiB.
2026-10-11T04:14:05Z INFO [524/750] a187a431-1545-4156-9ee4-639ae99523bb: 48 datasets; 1.2 s; peak memory 1226 MiB.
2026-10-11T04:14:10Z INFO [525/750] a188633f-8ff2-4bc9-bba3-6364582ead60: 92 datasets; 5.8 s; peak memory 1226 MiB.
2026-10-11T04:14:12Z INFO [526/750] a1887169-434b-443d-a037-fea750068b6a: 48 datasets; 1.3 s; peak memory 1226 MiB.
2026-10-11T04:14:14Z INFO [527/750] a188a153-a75f-472c-b916-41cbac60ab2e: 84 datasets; 2.7 s; peak memory 1226 MiB.
2026-10-11T04:16:19Z INFO [528/750] a189b7b7-bd0f-4740-a592-f8f1c3927666: 261 datasets; 124.3 s; peak memory 1226 MiB.
2026-10-11T04:16:20Z INFO [529/750] a189efea-5f08-486e-9358-54f8520ad3f9: 46 datasets; 1.3 s; peak memory 1226 MiB.
2026-10-11T04:16:23Z INFO [530/750] a18a4a5c-c08c-42fc-bb00-ec436be02693: 38 datasets; 2.8 s; peak memory 1226 MiB.
2026-10-11T04:16:24Z INFO [531/750] a18a8d50-8c7a-4da6-a2c4-8e53db5d5c71: 117 datasets; 1.6 s; peak memory 1226 MiB.
2026-10-11T04:16:26Z INFO [532/750] a18b7fab-a41f-4eb7-bf5b-8e1a91e09295: 56 datasets; 1.2 s; peak memory 1226 MiB.
2026-10-11T04:30:18Z INFO [533/750] a18b9a3a-7eb9-4441-a447-bf506e44fca2: 99 datasets; 832.2 s; peak memory 1238 MiB.
2026-10-11T04:30:20Z INFO [534/750] a18ba2ab-c0cc-4a97-8d82-934f46891800: 112 datasets; 1.9 s; peak memory 1238 MiB.
2026-10-11T04:30:23Z INFO [535/750] a18bbee2-8635-47aa-b1f0-15b8d7d80a63: 102 datasets; 3.5 s; peak memory 1238 MiB.
2026-10-11T04:30:24Z INFO [536/750] a18bced2-3b4a-4960-b069-19fc78eb5ad5: 48 datasets; 1.3 s; peak memory 1238 MiB.
2026-10-11T04:30:25Z INFO [537/750] a18c5b48-380d-461a-b0bc-bf745a98455a: 46 datasets; 1.0 s; peak memory 1238 MiB.
2026-10-11T04:30:27Z INFO [538/750] a18ca84c-f974-4513-bdcc-432bfe0b63f6: 49 datasets; 1.7 s; peak memory 1238 MiB.
2026-10-11T04:30:29Z INFO [539/750] a18d1591-8cfd-4fac-97c2-f629546bf9a5: 110 datasets; 2.2 s; peak memory 1238 MiB.
2026-10-11T04:30:31Z INFO [540/750] a18da043-03b3-4467-8712-6716dec218ce: 116 datasets; 1.6 s; peak memory 1238 MiB.
2026-10-11T04:30:32Z INFO [541/750] a18dfe86-3c2f-4493-b78c-a74b5a70b0e5: 116 datasets; 1.5 s; peak memory 1238 MiB.
2026-10-11T04:30:35Z INFO [542/750] a18e33a8-a2e0-4816-904f-30595e287538: 100 datasets; 2.8 s; peak memory 1238 MiB.
2026-10-11T04:30:48Z INFO [543/750] a18ed8e4-1de1-4f3c-8aed-e8333d5b7a67: 1017 datasets; 12.9 s; peak memory 1238 MiB.
2026-10-11T04:32:42Z INFO [544/750] a19055e0-3453-4010-8231-f5a8333de4dd: 433 datasets; 113.7 s; peak memory 1238 MiB.
2026-10-11T04:32:44Z INFO [545/750] a190895a-568a-40e3-ac11-11345c397dc5: 66 datasets; 2.1 s; peak memory 1238 MiB.
2026-10-11T04:32:46Z INFO [546/750] a191f0c0-a8f1-4e0f-8236-6fe59a92c376: 110 datasets; 2.3 s; peak memory 1238 MiB.
2026-10-11T04:32:49Z INFO [547/750] a1925034-aad6-4d08-8f26-9ae6ad274362: 38 datasets; 3.2 s; peak memory 1238 MiB.
2026-10-11T04:32:51Z INFO [548/750] a1929157-a343-40eb-9650-455d4b86b98b: 48 datasets; 1.4 s; peak memory 1238 MiB.
2026-10-11T04:32:53Z INFO [549/750] a192e2ab-47db-43b1-82ec-13b8214a3bb9: 112 datasets; 2.0 s; peak memory 1238 MiB.
2026-10-11T04:32:54Z INFO [550/750] a19329e7-5b98-4995-840f-5ba86371ba14: 112 datasets; 1.7 s; peak memory 1238 MiB.
2026-10-11T04:32:55Z INFO [550/750] a19329e7-5b98-4995-840f-5ba86371ba14: checkpointed 124885 new records.
2026-10-11T04:33:44Z INFO [551/750] a1941c94-8e24-41e0-b184-900e1074f561: 52 datasets; 49.5 s; peak memory 1238 MiB.
2026-10-11T04:34:10Z INFO [552/750] a194268b-453f-4954-a41c-793f99f2fa5f: 910 datasets; 26.0 s; peak memory 1238 MiB.
2026-10-11T04:34:11Z INFO [553/750] a194e469-9004-4e88-bf1c-9fa94d18a809: 121 datasets; 1.3 s; peak memory 1238 MiB.
2026-10-11T04:34:14Z INFO [554/750] a195efcd-a3e5-4211-9f08-3135b33ccb01: 119 datasets; 2.4 s; peak memory 1238 MiB.
2026-10-11T04:34:18Z INFO [555/750] a1965278-5ba2-4689-a013-7d8b90e88b03: 283 datasets; 3.8 s; peak memory 1238 MiB.
2026-10-11T04:34:21Z INFO [556/750] a196a079-0464-469e-9cf3-67cb89b113f8: 91 datasets; 3.8 s; peak memory 1238 MiB.
2026-10-11T04:34:24Z INFO [557/750] a196c8c3-c3c1-4496-8cf7-b30220efa29a: 53 datasets; 2.3 s; peak memory 1238 MiB.
2026-10-11T04:34:25Z INFO [558/750] a196d403-d81b-466b-b496-4bb382556c4f: 70 datasets; 1.8 s; peak memory 1238 MiB.
2026-10-11T04:34:27Z INFO [559/750] a197a5f6-e411-4728-81d6-513901e88343: 48 datasets; 1.2 s; peak memory 1238 MiB.
2026-10-11T04:34:40Z INFO [560/750] a1981516-dbc5-43b4-8f6d-a743cda53d1b: 97 datasets; 13.1 s; peak memory 1238 MiB.
2026-10-11T04:34:42Z INFO [561/750] a198e8bc-db84-4411-b507-367dcabaab01: 117 datasets; 1.8 s; peak memory 1238 MiB.
2026-10-11T04:34:48Z INFO [562/750] a199c0ca-7b3f-4b92-a301-9205f10ff1a5: 271 datasets; 6.0 s; peak memory 1238 MiB.
2026-10-11T04:34:49Z INFO [563/750] a19a1399-b160-4752-9bef-14def0cf797b: 45 datasets; 1.0 s; peak memory 1238 MiB.
2026-10-11T04:34:53Z INFO [564/750] a19ae504-bb63-49bf-a3f9-4fd306b6fde6: 44 datasets; 4.7 s; peak memory 1238 MiB.
2026-10-11T04:35:12Z INFO [565/750] a19bc5c1-2a11-4d77-88ed-d7f32316f108: 48 datasets; 18.7 s; peak memory 1238 MiB.
2026-10-11T04:35:28Z INFO [566/750] a19d2e98-f4f5-40ce-9908-3630db04525d: 227 datasets; 16.3 s; peak memory 1238 MiB.
2026-10-11T04:35:30Z INFO [567/750] a19d9589-08a3-400c-a5b0-424ee171332f: 71 datasets; 2.0 s; peak memory 1238 MiB.
2026-10-11T04:35:32Z INFO [568/750] a19dbdc7-449e-4467-b76d-745bf57d5f5c: 116 datasets; 1.5 s; peak memory 1238 MiB.
2026-10-11T04:35:33Z INFO [569/750] a19eaa34-9cf2-4538-885e-ed710c32df16: 52 datasets; 1.5 s; peak memory 1238 MiB.
2026-10-11T04:35:36Z INFO [570/750] a19f3bf6-4faa-4e80-8890-73885f796b5c: 71 datasets; 2.5 s; peak memory 1238 MiB.
2026-10-11T04:35:38Z INFO [571/750] a19fcdd9-f7a4-494c-958f-943b6c55ac8e: 112 datasets; 2.1 s; peak memory 1238 MiB.
2026-10-11T04:35:39Z INFO [572/750] a19fe793-52cc-4345-bf6d-95df8c08bfbb: 21 datasets; 1.0 s; peak memory 1238 MiB.
2026-10-11T04:35:40Z INFO [573/750] a1a039f9-1420-41c3-93d8-f1c1dc16769a: 118 datasets; 1.7 s; peak memory 1238 MiB.
2026-10-11T04:35:55Z INFO [574/750] a1a0701a-fe39-45d5-bd8c-af7cb68c8443: 932 datasets; 14.7 s; peak memory 1238 MiB.
2026-10-11T04:35:57Z INFO [575/750] a1a10a61-3c03-4080-991f-fdb26c57af01: 60 datasets; 1.5 s; peak memory 1238 MiB.
2026-10-11T04:36:04Z INFO [576/750] a1a12d4d-7fa0-4714-8cf3-00e42c1bd366: 538 datasets; 7.7 s; peak memory 1238 MiB.
2026-10-11T04:36:06Z INFO [577/750] a1a28261-e0b8-40c7-8a50-7486625f203f: 38 datasets; 1.3 s; peak memory 1238 MiB.
2026-10-11T04:36:07Z INFO [578/750] a1a3367e-4980-4d7d-9ddf-4c7b7536ef86: 117 datasets; 1.8 s; peak memory 1238 MiB.
2026-10-11T04:36:09Z INFO [579/750] a1a35faa-5f54-4089-b5b8-50524c183f5a: 66 datasets; 1.8 s; peak memory 1238 MiB.
2026-10-11T04:36:11Z INFO [580/750] a1a396dd-ac42-4de4-8612-1df0f7d7ed06: 53 datasets; 1.9 s; peak memory 1238 MiB.
2026-10-11T04:36:12Z INFO [581/750] a1a462d6-1e53-4860-8e0a-03be9cee0fee: 48 datasets; 1.3 s; peak memory 1238 MiB.
2026-10-11T04:36:14Z INFO [582/750] a1a610f3-010f-4172-87ea-f670c7c5de15: 48 datasets; 1.3 s; peak memory 1238 MiB.
2026-10-11T04:36:17Z INFO [583/750] a1a6c469-5d02-4669-b8d1-94df63c936a5: 92 datasets; 3.5 s; peak memory 1238 MiB.
2026-10-11T04:36:18Z INFO [584/750] a1a714dc-c20d-4e4c-83ac-0107cf0ae3c0: 48 datasets; 1.2 s; peak memory 1238 MiB.
2026-10-11T04:36:21Z INFO [585/750] a1a79fce-42cd-4183-92af-12af3092791c: 69 datasets; 2.1 s; peak memory 1238 MiB.
2026-10-11T04:36:22Z INFO [586/750] a1a7bfa0-cd92-408c-9353-8bf51420778d: 59 datasets; 1.6 s; peak memory 1238 MiB.
2026-10-11T04:36:24Z INFO [587/750] a1a819b8-1834-41a5-947c-2e7ddb7f006f: 95 datasets; 2.3 s; peak memory 1238 MiB.
2026-10-11T04:36:26Z INFO [588/750] a1a883ed-d974-4873-819e-0aa7dfe69d8f: 48 datasets; 1.3 s; peak memory 1238 MiB.
2026-10-11T04:36:27Z INFO [589/750] a1a8bcd4-e08f-4d55-b91c-0a1d5ab5ec00: 85 datasets; 1.5 s; peak memory 1238 MiB.
2026-10-11T04:36:29Z INFO [590/750] a1a963cc-b0e7-404d-b0ea-c1ec01e294e7: 48 datasets; 1.3 s; peak memory 1238 MiB.
2026-10-11T04:36:30Z INFO [591/750] a1aa4ffb-3242-4103-821c-664a13a9c614: 73 datasets; 1.4 s; peak memory 1238 MiB.
2026-10-11T04:36:31Z INFO [592/750] a1aa7dc9-b5b0-4be6-95d0-6faa2fe1557a: 48 datasets; 1.3 s; peak memory 1238 MiB.
2026-10-11T04:36:33Z INFO [593/750] a1aa846e-9d11-4f58-b2b7-621dbc1d3a7f: 117 datasets; 1.6 s; peak memory 1238 MiB.
2026-10-11T04:36:36Z INFO [594/750] a1aab383-be68-476a-b224-e6384685ff9b: 118 datasets; 2.8 s; peak memory 1238 MiB.
2026-10-11T04:36:37Z INFO [595/750] a1aae5e9-8552-4d80-82f8-f4bcec6a7e16: 117 datasets; 1.7 s; peak memory 1238 MiB.
2026-10-11T04:36:39Z INFO [596/750] a1aaea69-7b99-4e6b-8c73-08601425660f: 118 datasets; 1.6 s; peak memory 1238 MiB.
2026-10-11T04:36:40Z INFO [597/750] a1ab0fa0-5ac0-4bac-a8d1-9da0ff6823a3: 57 datasets; 1.1 s; peak memory 1238 MiB.
2026-10-11T04:36:41Z INFO [598/750] a1ab9690-47d2-485e-9e82-e904091ab54f: 52 datasets; 1.4 s; peak memory 1238 MiB.
2026-10-11T04:36:43Z INFO [599/750] a1aba48f-a56e-400c-873e-d5128f032f36: 59 datasets; 1.5 s; peak memory 1238 MiB.
2026-10-11T04:36:45Z INFO [600/750] a1ad07d9-c9db-424a-b412-0e15d0a4aba0: 71 datasets; 1.9 s; peak memory 1238 MiB.
2026-10-11T04:36:45Z INFO [600/750] a1ad07d9-c9db-424a-b412-0e15d0a4aba0: checkpointed 124935 new records.
2026-10-11T04:36:46Z INFO [601/750] a1ad2926-a494-4c18-880d-c067e5aff13a: 48 datasets; 1.2 s; peak memory 1238 MiB.
2026-10-11T04:36:48Z INFO [602/750] a1ad34ff-ba78-4882-830b-724bec7bddae: 117 datasets; 1.6 s; peak memory 1238 MiB.
2026-10-11T04:36:50Z INFO [603/750] a1ad7c0c-dceb-4c52-9433-fb85c84d414f: 66 datasets; 1.7 s; peak memory 1238 MiB.
2026-10-11T04:36:53Z INFO [604/750] a1ae7f7b-b7aa-4c3e-bac1-861cb0bb5d2f: 114 datasets; 2.8 s; peak memory 1238 MiB.
2026-10-11T04:36:54Z INFO [605/750] a1ae84fc-df30-451c-8352-29c6cec3d773: 48 datasets; 1.3 s; peak memory 1238 MiB.
2026-10-11T04:45:38Z INFO [606/750] a1aeb959-1500-4f8d-b433-75d26df260ff: 99 datasets; 524.0 s; peak memory 1238 MiB.
2026-10-11T04:45:40Z INFO [607/750] a1b041ae-346d-4610-9837-aa48e2abbe95: 117 datasets; 1.8 s; peak memory 1238 MiB.
2026-10-11T04:45:43Z INFO [608/750] a1b09339-5e14-4a39-a559-0029fb54d0b0: 114 datasets; 3.0 s; peak memory 1238 MiB.
2026-10-11T04:45:45Z INFO [609/750] a1b0f5c5-0d42-4564-890a-461f99fed27e: 71 datasets; 2.3 s; peak memory 1238 MiB.
2026-10-11T04:45:48Z INFO [610/750] a1b1bdff-d807-49c5-9f44-a21afa41f72f: 231 datasets; 3.4 s; peak memory 1238 MiB.
2026-10-11T04:45:50Z INFO [611/750] a1b2c8f1-26bf-48d5-8b2b-0eab3c0cb627: 41 datasets; 1.3 s; peak memory 1238 MiB.
2026-10-11T04:45:51Z INFO [612/750] a1b30870-fb7f-4ba0-95b9-d86758e3f905: 117 datasets; 1.6 s; peak memory 1238 MiB.
2026-10-11T04:45:53Z INFO [613/750] a1b33198-0980-41f4-9ca0-3177e6adfc97: 112 datasets; 2.0 s; peak memory 1238 MiB.
2026-10-11T04:45:55Z INFO [614/750] a1b35ed5-ddfc-4059-b423-ed2601f015a9: 69 datasets; 1.9 s; peak memory 1238 MiB.
2026-10-11T04:45:56Z INFO [615/750] a1b3629e-ba64-4128-b0fa-9f76fa90f174: 46 datasets; 1.0 s; peak memory 1238 MiB.
2026-10-11T04:45:58Z INFO [616/750] a1b3d93e-d044-438f-8b51-c50e1a4ce6d9: 48 datasets; 1.4 s; peak memory 1238 MiB.
2026-10-11T04:45:59Z INFO [617/750] a1b526f5-1a96-4cbd-9849-76161eb673fd: 45 datasets; 1.1 s; peak memory 1238 MiB.
2026-10-11T04:46:01Z INFO [618/750] a1b5f2fa-7822-46c9-8583-68cb6fe0641d: 119 datasets; 2.4 s; peak memory 1238 MiB.
2026-10-11T04:46:03Z INFO [619/750] a1b62c10-5f78-4557-b04c-d4e727e9d4d8: 117 datasets; 1.6 s; peak memory 1238 MiB.
2026-10-11T04:46:06Z INFO [620/750] a1b640e3-0cc5-47c6-b992-72c5a999c2e4: 156 datasets; 3.4 s; peak memory 1238 MiB.
2026-10-11T04:46:08Z INFO [621/750] a1b65a94-5731-458f-bc3d-bd127ae30871: 112 datasets; 2.2 s; peak memory 1238 MiB.
2026-10-11T04:46:10Z INFO [622/750] a1b6a484-02e2-4b55-9d39-c8daff7e1172: 48 datasets; 1.3 s; peak memory 1238 MiB.
2026-10-11T04:46:13Z INFO [623/750] a1b6ddfe-edf9-4373-bb72-14db5250c3e1: 111 datasets; 2.9 s; peak memory 1238 MiB.
2026-10-11T04:46:14Z INFO [624/750] a1b7726e-5857-41f9-a922-bf4578ecb606: 62 datasets; 1.7 s; peak memory 1238 MiB.
2026-10-11T04:46:15Z INFO [625/750] a1b8de47-eb38-4c42-a7cf-f0399bbf2b00: 36 datasets; 1.2 s; peak memory 1238 MiB.
2026-10-11T04:46:18Z INFO [626/750] a1b8ff2f-40f2-4c80-8879-4ec41303055f: 168 datasets; 3.1 s; peak memory 1238 MiB.
2026-10-11T04:46:24Z INFO [627/750] a1b925b1-6f97-448d-842a-a26038e4e8b5: 229 datasets; 6.0 s; peak memory 1238 MiB.
2026-10-11T04:46:33Z INFO [628/750] a1ba0d5b-1fba-46e3-a4d5-bfe060741f5e: 1094 datasets; 8.9 s; peak memory 1238 MiB.
2026-10-11T04:46:35Z INFO [629/750] a1ba2125-23d7-4c21-a763-67c391367a14: 110 datasets; 2.0 s; peak memory 1238 MiB.
2026-10-11T04:46:42Z INFO [630/750] a1bb7f62-0afe-4a76-bca2-f78a5ba8381a: 1241 datasets; 7.1 s; peak memory 1238 MiB.
2026-10-11T04:46:44Z INFO [631/750] a1bbd75b-8ff9-4830-9209-cd8474c7d0c9: 39 datasets; 1.4 s; peak memory 1238 MiB.
2026-10-11T04:46:45Z INFO [632/750] a1bc520b-06c7-441d-bc08-c22fb66fa7fd: 48 datasets; 1.3 s; peak memory 1238 MiB.
2026-10-11T04:46:47Z INFO [633/750] a1bc8b32-da73-4c15-a53c-10f82b9d2bb8: 112 datasets; 1.8 s; peak memory 1238 MiB.
2026-10-11T04:46:49Z INFO [634/750] a1bd2e8f-1fea-47da-b3e8-a9be3aba11ba: 69 datasets; 1.7 s; peak memory 1238 MiB.
2026-10-11T04:46:51Z INFO [635/750] a1bd4a1a-e0c8-419a-91ff-5770cb853af8: 85 datasets; 2.5 s; peak memory 1238 MiB.
2026-10-11T04:46:55Z INFO [636/750] a1bd8f76-00fe-4ee0-99fa-dd9285aed611: 123 datasets; 3.4 s; peak memory 1238 MiB.
2026-10-11T04:46:57Z INFO [637/750] a1bda702-2a32-410b-9731-e20d23ac575a: 119 datasets; 2.7 s; peak memory 1238 MiB.
2026-10-11T04:46:59Z INFO [638/750] a1bdc92c-dc30-4003-ba43-cd68c6ed566a: 116 datasets; 1.6 s; peak memory 1238 MiB.
2026-10-11T04:47:00Z INFO [639/750] a1beda80-8109-4218-ba07-449250b1f093: 48 datasets; 1.3 s; peak memory 1238 MiB.
2026-10-11T04:47:02Z INFO [640/750] a1bfe31d-7dc8-4595-b64d-20ab1d522a3f: 117 datasets; 1.5 s; peak memory 1238 MiB.
2026-10-11T04:47:03Z INFO [641/750] a1c0d5b3-e2f2-40b2-a533-9dbc63235196: 52 datasets; 1.6 s; peak memory 1238 MiB.
2026-10-11T04:47:05Z INFO [642/750] a1c2ad00-fabc-4086-af67-98b634de7aa4: 112 datasets; 1.5 s; peak memory 1238 MiB.
2026-10-11T04:47:06Z INFO [643/750] a1c33901-fcd2-4577-8466-02b7d3a81c52: 48 datasets; 1.4 s; peak memory 1238 MiB.
2026-10-11T04:47:08Z INFO [644/750] a1c35106-8ddf-4e48-8aa3-157a1e7a029c: 48 datasets; 1.2 s; peak memory 1238 MiB.
2026-10-11T04:47:09Z INFO [645/750] a1c4e74e-b738-4512-b209-787af1037972: 48 datasets; 1.3 s; peak memory 1238 MiB.
2026-10-11T04:47:16Z INFO [646/750] a1c4eef9-a319-44ec-af00-03235d36dbe7: 208 datasets; 7.3 s; peak memory 1238 MiB.
2026-10-11T04:47:22Z INFO [647/750] a1c53ad8-7146-4b33-bfee-b97091c9328f: 225 datasets; 6.1 s; peak memory 1238 MiB.
2026-10-11T04:47:23Z INFO [648/750] a1c54ada-5750-4a53-817e-a51682768566: 51 datasets; 1.2 s; peak memory 1238 MiB.
2026-10-11T04:47:25Z INFO [649/750] a1c60c93-1877-4f99-a992-1243136eca92: 46 datasets; 1.2 s; peak memory 1238 MiB.
2026-10-11T04:47:27Z INFO [650/750] a1c703f2-1166-4da2-a044-be610e99f9cf: 71 datasets; 2.0 s; peak memory 1238 MiB.
2026-10-11T04:47:27Z INFO [650/750] a1c703f2-1166-4da2-a044-be610e99f9cf: checkpointed 124985 new records.
2026-10-11T04:47:31Z INFO [651/750] a1ca0f5d-10a7-433f-b7d9-c8b5f48470c1: 55 datasets; 4.3 s; peak memory 1238 MiB.
2026-10-11T04:47:32Z INFO [652/750] a1ca52e9-c3ff-49d9-a14b-81a2d943feaf: 48 datasets; 1.3 s; peak memory 1238 MiB.
2026-10-11T04:47:38Z INFO [653/750] a1ca7f03-6fed-4e8f-8960-8297b0281fd7: 311 datasets; 5.9 s; peak memory 1238 MiB.
2026-10-11T04:47:40Z INFO [654/750] a1cd6a85-4a0b-4a8e-97c5-81a24ec95d88: 117 datasets; 1.7 s; peak memory 1238 MiB.
2026-10-11T04:47:42Z INFO [655/750] a1cdbf9d-fe79-4d9b-a9f7-d9bfa3365a17: 68 datasets; 1.6 s; peak memory 1238 MiB.
2026-10-11T04:47:45Z INFO [656/750] a1cdee35-f21c-48ab-844b-2d9aa2b26e74: 153 datasets; 3.7 s; peak memory 1238 MiB.
2026-10-11T04:47:47Z INFO [657/750] a1ce310f-a849-418e-b61a-970c048f2aba: 117 datasets; 1.5 s; peak memory 1238 MiB.
2026-10-11T04:47:50Z INFO [658/750] a1cebc56-0ae5-47b7-ad6c-08d7f8fd76ff: 144 datasets; 3.1 s; peak memory 1238 MiB.
2026-10-11T04:47:51Z INFO [659/750] a1cf9fd3-5d74-4b5c-a851-66a368c9fdda: 48 datasets; 1.2 s; peak memory 1238 MiB.
2026-10-11T04:47:53Z INFO [660/750] a1cfab0b-2389-404b-b4a7-6afb5570f62f: 116 datasets; 1.6 s; peak memory 1238 MiB.
2026-10-11T04:47:54Z INFO [661/750] a1cfbfdf-7f38-494c-ba5e-e5267622db6a: 52 datasets; 1.0 s; peak memory 1238 MiB.
2026-10-11T04:48:08Z INFO [662/750] a1d0dfcb-9bd1-4c2c-9855-2f6373983d53: 50 datasets; 13.9 s; peak memory 1238 MiB.
2026-10-11T04:48:09Z INFO [663/750] a1d18305-e52f-4c20-82d5-d801a3797a95: 45 datasets; 1.5 s; peak memory 1238 MiB.
2026-10-11T04:48:10Z INFO [664/750] a1d1e7c4-5204-45a6-970a-0d8e8e1b0dcc: 308 datasets; 1.3 s; peak memory 1238 MiB.
2026-10-11T04:48:20Z INFO [665/750] a1d2b14c-ee0d-46c2-99ac-13c3c1f64922: 82 datasets; 9.9 s; peak memory 1238 MiB.
2026-10-11T04:49:17Z INFO [666/750] a1d2d51a-720d-4f25-b4e4-848d473260e0: 2188 datasets; 56.4 s; peak memory 1238 MiB.
2026-10-11T04:49:19Z INFO [667/750] a1d2f2e4-13ff-4780-ba8e-793e3857181a: 69 datasets; 1.8 s; peak memory 1238 MiB.
2026-10-11T04:49:20Z INFO [668/750] a1d362e4-d62a-49ac-bf0b-61e00ab9bbeb: 116 datasets; 1.5 s; peak memory 1238 MiB.
2026-10-11T04:49:22Z INFO [669/750] a1d41702-6c7b-4ba1-bf4e-767df964b665: 62 datasets; 1.6 s; peak memory 1238 MiB.
2026-10-11T04:49:29Z INFO [670/750] a1d4c866-9f1c-4add-9ab1-25f66b9d6625: 538 datasets; 7.6 s; peak memory 1238 MiB.
2026-10-11T04:49:31Z INFO [671/750] a1d4d36f-87fc-4a58-b06b-0c5ab69ee80d: 48 datasets; 1.3 s; peak memory 1238 MiB.
2026-10-11T04:49:32Z INFO [672/750] a1d53773-2023-4929-b70e-852684ffe207: 118 datasets; 1.5 s; peak memory 1238 MiB.
2026-10-11T04:49:33Z INFO [673/750] a1d58c17-f308-4ff2-98ed-8fcafca23ad2: 48 datasets; 1.2 s; peak memory 1238 MiB.
2026-10-11T04:49:35Z INFO [674/750] a1d5cff5-6acc-45d4-a285-4bd6d033b828: 69 datasets; 1.8 s; peak memory 1238 MiB.
2026-10-11T04:49:36Z INFO [675/750] a1d6012e-a46d-42d2-b9b8-aa0248840699: 48 datasets; 1.3 s; peak memory 1238 MiB.
2026-10-11T04:49:38Z INFO [676/750] a1d6668a-9986-499c-a5f5-a4e7a8e10f34: 112 datasets; 2.0 s; peak memory 1238 MiB.
2026-10-11T04:49:40Z INFO [677/750] a1d68921-cf90-49e9-a1d3-c02cef0c7b4c: 48 datasets; 1.3 s; peak memory 1238 MiB.
2026-10-11T04:49:41Z INFO [678/750] a1d77703-f057-43e8-9c37-8cd8b653dfb1: 117 datasets; 1.5 s; peak memory 1238 MiB.
2026-10-11T04:49:43Z INFO [679/750] a1d83ee8-bae7-4f27-91f4-a0834ea73b40: 76 datasets; 2.0 s; peak memory 1238 MiB.
2026-10-11T04:49:47Z INFO [680/750] a1d88a9d-204a-439e-b898-ab539cb7a5b5: 50 datasets; 4.2 s; peak memory 1238 MiB.
2026-10-11T04:49:48Z INFO [681/750] a1d891d1-b9e5-4983-9beb-d2f70075148f: 48 datasets; 1.3 s; peak memory 1238 MiB.
2026-10-11T04:49:50Z INFO [682/750] a1d8ce1e-6367-4955-ae1a-f98d3e0df707: 48 datasets; 1.3 s; peak memory 1238 MiB.
2026-10-11T04:49:51Z INFO [683/750] a1d91929-2076-4255-acf9-f5f5404b7e3f: 48 datasets; 1.2 s; peak memory 1238 MiB.
2026-10-11T04:49:52Z INFO [684/750] a1d96bbb-cdf5-4cb3-a1bb-b6e3c823db68: 46 datasets; 1.2 s; peak memory 1238 MiB.
2026-10-11T04:49:53Z INFO [685/750] a1d9d9af-ee40-42be-9c30-6a362e7d613b: 48 datasets; 1.3 s; peak memory 1238 MiB.
2026-10-11T04:49:55Z INFO [686/750] a1d9e64d-44cc-42f9-87b0-4d284be059b9: 50 datasets; 1.1 s; peak memory 1238 MiB.
2026-10-11T04:49:56Z INFO [687/750] a1dbea9b-cbf3-400a-a8b7-0b9863b2e671: 39 datasets; 1.4 s; peak memory 1238 MiB.
2026-10-11T04:49:58Z INFO [688/750] a1dcd0d2-bd0a-4df7-8aa0-2ac7a4c9cf29: 42 datasets; 1.9 s; peak memory 1238 MiB.
2026-10-11T04:50:27Z INFO [689/750] a1dd8c2c-4178-4973-bbe1-ed6c18627dbb: 1364 datasets; 29.6 s; peak memory 1238 MiB.
2026-10-11T04:50:29Z INFO [690/750] a1dda9e6-31d2-4994-9e04-9b430a71b6ef: 43 datasets; 1.4 s; peak memory 1238 MiB.
2026-10-11T04:50:30Z INFO [691/750] a1ded1c4-721b-43a1-b8a6-c3d5378610a3: 52 datasets; 1.4 s; peak memory 1238 MiB.
2026-10-11T04:50:32Z INFO [692/750] a1dedcd9-dc2b-4c8c-95ad-170c80a3105e: 117 datasets; 1.8 s; peak memory 1238 MiB.
2026-10-11T04:50:35Z INFO [693/750] a1df3306-6141-4bb6-9caa-fe3a526c0188: 118 datasets; 3.1 s; peak memory 1238 MiB.
2026-10-11T04:50:43Z INFO [694/750] a1dfcef9-5691-4532-9d09-569ece1e40e3: 56 datasets; 8.2 s; peak memory 1238 MiB.
2026-10-11T04:50:45Z INFO [695/750] a1dfdb43-0bdd-4a8b-970c-446ed6413e1e: 117 datasets; 1.6 s; peak memory 1238 MiB.
2026-10-11T04:51:17Z INFO [696/750] a1dfdb6e-1b1d-46f3-b030-a002866e2146: 42 datasets; 31.9 s; peak memory 1238 MiB.
2026-10-11T04:51:18Z INFO [697/750] a1dff7c1-8e32-43ec-9155-a937588c661a: 48 datasets; 1.3 s; peak memory 1238 MiB.
2026-10-11T04:51:33Z INFO [698/750] a1e05768-0a8b-4175-b282-082799703ba1: 984 datasets; 14.9 s; peak memory 1238 MiB.
2026-10-11T04:51:35Z INFO [699/750] a1e101d4-a9a6-4979-9d97-1d416af966d7: 93 datasets; 2.0 s; peak memory 1238 MiB.
2026-10-11T04:51:36Z INFO [700/750] a1e12866-deac-4bf5-8de2-f413c9afd382: 57 datasets; 1.1 s; peak memory 1238 MiB.
2026-10-11T04:51:37Z INFO [700/750] a1e12866-deac-4bf5-8de2-f413c9afd382: checkpointed 125035 new records.
2026-10-11T04:51:38Z INFO [701/750] a1e14842-9c76-41c3-a1c2-91f763137fdc: 49 datasets; 1.8 s; peak memory 1238 MiB.
2026-10-11T04:51:40Z INFO [702/750] a1e264ce-c00e-469e-8144-12b634e6cedb: 53 datasets; 1.4 s; peak memory 1238 MiB.
2026-10-11T04:51:42Z INFO [703/750] a1e32d06-66f7-4ba9-84b1-5d7bbc071ed0: 66 datasets; 1.8 s; peak memory 1238 MiB.
2026-10-11T04:51:43Z INFO [704/750] a1e335f3-47a9-44d9-ba33-14c2929aa293: 68 datasets; 1.6 s; peak memory 1238 MiB.
2026-10-11T04:51:44Z INFO [705/750] a1e39431-e954-42fc-bfff-3483b62afe85: 48 datasets; 1.3 s; peak memory 1238 MiB.
2026-10-11T04:51:46Z INFO [706/750] a1e41ed5-68b9-4256-85c5-f80c197942e9: 118 datasets; 1.6 s; peak memory 1238 MiB.
2026-10-11T04:51:48Z INFO [707/750] a1e47904-5ea9-4487-969f-d508b9c300c3: 117 datasets; 1.8 s; peak memory 1238 MiB.
2026-10-11T04:51:49Z INFO [708/750] a1e587e2-ad6b-4931-8359-d1f3da63c363: 62 datasets; 1.6 s; peak memory 1238 MiB.
2026-10-11T04:51:51Z INFO [709/750] a1e6d216-b2e7-4f79-a11d-4ff6fc166cfe: 117 datasets; 1.7 s; peak memory 1238 MiB.
2026-10-11T04:51:53Z INFO [710/750] a1e78e06-8ea5-49a8-a6ba-0ef86e52cca5: 117 datasets; 1.5 s; peak memory 1238 MiB.
2026-10-11T04:51:54Z INFO [711/750] a1e7965d-f82e-4c81-b9bd-54a646a76086: 48 datasets; 1.3 s; peak memory 1238 MiB.
2026-10-11T04:51:55Z INFO [712/750] a1e8d4d6-8d5c-4de5-a173-82a1a5da1482: 116 datasets; 1.6 s; peak memory 1238 MiB.
2026-10-11T04:51:58Z INFO [713/750] a1ea85eb-e35d-4ae5-90ab-1e4ad2826db3: 71 datasets; 2.3 s; peak memory 1238 MiB.
2026-10-11T04:51:59Z INFO [714/750] a1ebdbd4-7faf-4caa-8cc2-e8c38fafb35e: 42 datasets; 1.3 s; peak memory 1238 MiB.
2026-10-11T04:52:02Z INFO [715/750] a1ec73ae-fa3b-44aa-a46d-ee5ff3cb2592: 115 datasets; 2.9 s; peak memory 1238 MiB.
2026-10-11T04:52:04Z INFO [716/750] a1ec74a5-dc80-4b2b-b51a-231f7c9c22a9: 64 datasets; 2.1 s; peak memory 1238 MiB.
2026-10-11T04:52:05Z INFO [717/750] a1ecba93-ed74-4d5b-9276-0c666bc7c9f1: 68 datasets; 1.3 s; peak memory 1238 MiB.
2026-10-11T04:52:07Z INFO [718/750] a1edbb76-4c62-4c67-af2d-9c417bbbc79f: 112 datasets; 1.7 s; peak memory 1238 MiB.
2026-10-11T04:52:08Z INFO [719/750] a1edc2b9-d6d7-4524-ab76-5dc6baa639a3: 61 datasets; 1.1 s; peak memory 1238 MiB.
2026-10-11T04:52:09Z INFO [720/750] a1edea23-4ff2-43d3-9b8b-d05ea59ed162: 48 datasets; 1.2 s; peak memory 1238 MiB.
2026-10-11T04:52:11Z INFO [721/750] a1ee11a8-3b60-4082-a726-8c9c5d587811: 112 datasets; 1.8 s; peak memory 1238 MiB.
2026-10-11T04:52:15Z INFO [722/750] a1ee8f0c-9788-4732-bdb2-dd6973d950cd: 156 datasets; 3.6 s; peak memory 1238 MiB.
2026-10-11T05:00:50Z INFO [723/750] a1eec584-3c29-4645-99f4-08a65af80e65: 109 datasets; 515.4 s; peak memory 1240 MiB.
2026-10-11T05:00:56Z INFO [724/750] a1efceb9-0ff1-44e2-ae76-d8a199e851d4: 98 datasets; 5.6 s; peak memory 1240 MiB.
2026-10-11T05:00:57Z INFO [725/750] a1efff43-78bb-40b7-beb2-ca8d05768f37: 117 datasets; 1.5 s; peak memory 1240 MiB.
2026-10-11T05:00:59Z INFO [726/750] a1f087a5-5116-4e83-827e-221fc84cd02e: 48 datasets; 1.4 s; peak memory 1240 MiB.
2026-10-11T05:01:02Z INFO [727/750] a1f0959f-68c3-43cb-84ec-871bc11d565c: 116 datasets; 3.1 s; peak memory 1240 MiB.
2026-10-11T05:01:04Z INFO [728/750] a1f0a0af-be43-462b-a3cd-b8220d8b0cd0: 112 datasets; 1.8 s; peak memory 1240 MiB.
2026-10-11T05:01:06Z INFO [729/750] a1f0de30-0d70-4ee7-96b3-290a19a08721: 71 datasets; 2.3 s; peak memory 1240 MiB.
2026-10-11T05:01:08Z INFO [730/750] a1f0f7a9-fe29-4fe1-9c7b-e352d6f9c00f: 71 datasets; 2.5 s; peak memory 1240 MiB.
2026-10-11T05:01:10Z INFO [731/750] a1f1907f-de18-4c48-b8c3-051647fb5e5b: 48 datasets; 1.2 s; peak memory 1240 MiB.
2026-10-11T05:01:11Z INFO [732/750] a1f215ee-1823-4ba9-9bdb-ec38aacde1a1: 40 datasets; 1.7 s; peak memory 1240 MiB.
2026-10-11T05:01:24Z INFO [733/750] a1f2b1ac-63a7-4ecb-ad95-7fc4cee59393: 820 datasets; 12.4 s; peak memory 1240 MiB.
2026-10-11T05:01:25Z INFO [734/750] a1f34e92-3555-4c33-b8d3-24cd24b64311: 118 datasets; 1.7 s; peak memory 1240 MiB.
2026-10-11T05:01:34Z INFO [735/750] a1f35059-08c4-48f2-a4da-861ade7da523: 266 datasets; 8.1 s; peak memory 1240 MiB.
2026-10-11T05:01:36Z INFO [736/750] a1f5fb4b-4fb7-43d0-9de1-015f9ff0eca8: 146 datasets; 2.9 s; peak memory 1240 MiB.
2026-10-11T05:01:38Z INFO [737/750] a1f6321c-987f-41db-9c1b-be8384e2caa2: 55 datasets; 1.4 s; peak memory 1240 MiB.
2026-10-11T05:01:39Z INFO [738/750] a1f8f2e5-de8c-4661-b3bb-847f488ddd6c: 56 datasets; 1.0 s; peak memory 1240 MiB.
2026-10-11T05:01:40Z INFO [739/750] a1f9e2ac-98ae-4df6-bff4-0bc800416624: 118 datasets; 1.6 s; peak memory 1240 MiB.
2026-10-11T05:01:42Z INFO [740/750] a1f9ebbd-eca3-4c4c-8208-972da4c33382: 117 datasets; 1.5 s; peak memory 1240 MiB.
2026-10-11T05:01:44Z INFO [741/750] a1f9f6be-6188-4a3c-aa74-7553172b9877: 66 datasets; 2.0 s; peak memory 1240 MiB.
2026-10-11T05:01:46Z INFO [742/750] a1fb9e9c-2f37-4606-a338-77094015d6c0: 112 datasets; 1.8 s; peak memory 1240 MiB.
2026-10-11T05:01:48Z INFO [743/750] a1fc198f-ac1d-4b68-8d14-4a06f74619d1: 112 datasets; 2.1 s; peak memory 1240 MiB.
2026-10-11T05:01:50Z INFO [744/750] a1fc806e-0077-40fc-8b9b-f8b7fca39274: 132 datasets; 2.6 s; peak memory 1240 MiB.
2026-10-11T05:01:52Z INFO [745/750] a1fd2613-f1e1-4d74-a01b-d179cd86f6af: 48 datasets; 1.2 s; peak memory 1240 MiB.
2026-10-11T05:01:54Z INFO [746/750] a1fd4008-eef1-47b0-bb26-580ac4e009bc: 275 datasets; 1.9 s; peak memory 1240 MiB.
2026-10-11T05:02:09Z INFO [747/750] a1fdd4e3-1485-4089-9862-ad9337936113: 1035 datasets; 15.8 s; peak memory 1240 MiB.
2026-10-11T05:02:12Z INFO [748/750] a1fe5dfb-b0d1-4e02-affe-e7cf165da02f: 119 datasets; 2.4 s; peak memory 1240 MiB.
2026-10-11T05:02:15Z INFO [749/750] a1ff07de-4963-4e14-b364-e8e5d277b6da: 115 datasets; 3.0 s; peak memory 1240 MiB.
2026-10-11T05:02:16Z INFO [750/750] a1ffc782-9913-4d26-9ce2-c00fac473688: 48 datasets; 1.2 s; peak memory 1240 MiB.
2026-10-11T05:02:16Z INFO [750/750] a1ffc782-9913-4d26-9ce2-c00fac473688: checkpointed 125085 new records.
2026-10-11T05:02:17Z INFO Wrote 125085 records to /tmp/derivatives/valid_nwb_file_to_number_of_datasets.jsonl (750 new, 0 failed) in 132.9 min (peak memory 1240 MiB).
