2026-10-07T04:42:52Z INFO Logging to /tmp/logs/update_2026-10-07T04-42-52Z.log.
2026-10-07T04:42:52Z INFO Update valid-nwb-file-to-number-of-datasets (base directory /tmp).
2026-10-07T04:42:52Z INFO Processing 750 items (89835 already recorded).
2026-10-07T04:42:54Z INFO [1/750] 0070fda4-c49d-486c-944d-1a3d48ba101b: 83 datasets; 1.6 s; peak memory 110 MiB.
2026-10-07T04:42:58Z INFO [2/750] 046b02e6-8682-42b4-bf2c-b4748cdae63e: 286 datasets; 4.4 s; peak memory 116 MiB.
2026-10-07T04:43:00Z INFO [3/750] 04d4f44a-f6ae-4aa6-9ce5-86b84447eb13: 142 datasets; 1.6 s; peak memory 116 MiB.
2026-10-07T04:43:01Z INFO [4/750] 074c3967-d759-4fc1-8ae2-bf794b00d06d: 142 datasets; 1.4 s; peak memory 117 MiB.
2026-10-07T04:43:06Z INFO [5/750] 07ecd1e2-d6bb-4fef-9ec9-1df76a7735b4: 283 datasets; 5.0 s; peak memory 118 MiB.
2026-10-07T04:43:08Z INFO [6/750] 08228987-d60c-4a4f-aa63-513dd21b4342: 142 datasets; 1.7 s; peak memory 118 MiB.
2026-10-07T04:43:09Z INFO [7/750] 099e3de3-0e65-4c1c-98da-8746f13ca7fd: 122 datasets; 1.5 s; peak memory 118 MiB.
2026-10-07T04:43:15Z INFO [8/750] 0a887aa1-c891-4914-8bbd-5b182bf38bd4: 168 datasets; 5.8 s; peak memory 121 MiB.
2026-10-07T04:43:17Z INFO [9/750] 0d0fb28b-a56c-421e-8be4-c22053ab1c29: 140 datasets; 1.6 s; peak memory 121 MiB.
2026-10-07T04:43:24Z INFO [10/750] 0dde4390-26de-4337-94d9-88bce6407773: 174 datasets; 6.9 s; peak memory 121 MiB.
2026-10-07T04:43:25Z INFO [11/750] 0ed24935-7c06-40fa-983f-0120e1c2ac62: 142 datasets; 1.8 s; peak memory 121 MiB.
2026-10-07T04:43:27Z INFO [12/750] 0fc3f3ba-3a80-47ca-bba4-aa9df6a3b940: 142 datasets; 1.7 s; peak memory 121 MiB.
2026-10-07T04:43:30Z INFO [13/750] 10e37e8e-e213-4b3c-99c1-95fb7f22814b: 222 datasets; 2.9 s; peak memory 121 MiB.
2026-10-07T04:43:31Z INFO [14/750] 11bdfb76-006f-4d6c-9346-9064740cc626: 83 datasets; 1.3 s; peak memory 121 MiB.
2026-10-07T04:43:33Z INFO [15/750] 125fa235-040e-4437-98be-b3ad6db159c5: 142 datasets; 1.7 s; peak memory 121 MiB.
2026-10-07T04:43:39Z INFO [16/750] 13732d86-7959-4e2a-aaa0-2f915691ef6e: 174 datasets; 5.6 s; peak memory 121 MiB.
2026-10-07T04:43:41Z INFO [17/750] 13e43352-b0c3-4559-9ccd-fe901f4f6d94: 142 datasets; 1.7 s; peak memory 121 MiB.
2026-10-07T04:43:47Z INFO [18/750] 15481a1c-00ca-4e8c-9dae-b1e43fdd2b76: 174 datasets; 6.7 s; peak memory 122 MiB.
2026-10-07T04:43:48Z INFO [19/750] 157ee03b-f4be-4e7b-b215-70f1fa967d80: 83 datasets; 1.2 s; peak memory 122 MiB.
2026-10-07T04:43:55Z INFO [20/750] 16e4a56d-d632-4b19-a622-8bdbf2816eaa: 174 datasets; 6.1 s; peak memory 122 MiB.
2026-10-07T04:44:00Z INFO [21/750] 173b1b85-9214-4d25-9c97-1ab239a297e1: 174 datasets; 6.0 s; peak memory 124 MiB.
2026-10-07T04:44:08Z INFO [22/750] 189e5e12-2cba-47a9-b84c-dcec24bdd7db: 174 datasets; 7.1 s; peak memory 124 MiB.
2026-10-07T04:44:14Z INFO [23/750] 19f75508-e5f9-4b2e-bb36-d1d83f1196a2: 174 datasets; 6.2 s; peak memory 124 MiB.
2026-10-07T04:44:19Z INFO [24/750] 19ff0263-3f10-4aeb-9361-c16b1081a473: 287 datasets; 5.0 s; peak memory 124 MiB.
2026-10-07T04:44:20Z INFO [25/750] 1b2354dd-1dac-4c76-8121-b492769c284f: 142 datasets; 1.6 s; peak memory 124 MiB.
2026-10-07T04:44:22Z INFO [26/750] 1ce55f07-08f9-464d-be8e-bfe0d7220e1e: 142 datasets; 2.0 s; peak memory 124 MiB.
2026-10-07T04:44:24Z INFO [27/750] 1cfe6b99-7a4c-452c-a718-c8057cbba328: 85 datasets; 1.6 s; peak memory 124 MiB.
2026-10-07T04:44:26Z INFO [28/750] 1d51966e-223d-4cb4-8692-06a7c4e53eac: 142 datasets; 1.8 s; peak memory 124 MiB.
2026-10-07T04:44:27Z INFO [29/750] 1db28340-1417-4265-a6a4-c769004baea0: 83 datasets; 1.3 s; peak memory 124 MiB.
2026-10-07T04:44:33Z INFO [30/750] 1e3203c7-a8e8-4e77-b83e-0aacfea3f9eb: 168 datasets; 5.7 s; peak memory 124 MiB.
2026-10-07T04:44:37Z INFO [31/750] 1e436be6-9379-4e7b-81dc-6bb5f374ded6: 286 datasets; 3.9 s; peak memory 124 MiB.
2026-10-07T04:44:43Z INFO [32/750] 1e5ec724-13df-4c69-ba50-2efb76b2adb7: 168 datasets; 5.6 s; peak memory 124 MiB.
2026-10-07T04:44:44Z INFO [33/750] 1fb1607d-f02f-486a-ad5d-d88e9ed0d9f6: 142 datasets; 1.6 s; peak memory 124 MiB.
2026-10-07T04:44:50Z INFO [34/750] 20e8f0e2-c26c-443c-9d3c-ac119e4bfcfd: 168 datasets; 6.1 s; peak memory 124 MiB.
2026-10-07T04:44:57Z INFO [35/750] 213803d2-d4ee-4a3c-8d73-c868e8ad9cde: 168 datasets; 6.8 s; peak memory 124 MiB.
2026-10-07T04:45:03Z INFO [36/750] 22335726-97e8-4df2-b93e-72fd82e1cc53: 168 datasets; 6.3 s; peak memory 124 MiB.
2026-10-07T04:45:10Z INFO [37/750] 22609bc6-f4ba-4273-9cf6-cf162bd70e32: 174 datasets; 6.5 s; peak memory 124 MiB.
2026-10-07T04:45:11Z INFO [38/750] 22e5f9fc-4dbb-4a5c-8b66-75132e2bf425: 142 datasets; 1.7 s; peak memory 124 MiB.
2026-10-07T04:45:16Z INFO [39/750] 24540b07-9c7b-48b7-8d47-1b54d11db547: 287 datasets; 4.0 s; peak memory 124 MiB.
2026-10-07T04:45:17Z INFO [40/750] 26f64051-2d9a-4955-ac13-be422fcd4823: 142 datasets; 1.6 s; peak memory 124 MiB.
2026-10-07T04:45:18Z INFO [41/750] 277620bf-b232-443e-9606-736aa25d3165: 119 datasets; 1.4 s; peak memory 124 MiB.
2026-10-07T04:45:24Z INFO [42/750] 2892ddbd-38df-499e-93f5-cdc5bef403f3: 168 datasets; 6.0 s; peak memory 124 MiB.
2026-10-07T04:45:31Z INFO [43/750] 28cbd3f3-8287-4ae3-86cc-97144a578d4b: 168 datasets; 6.1 s; peak memory 125 MiB.
2026-10-07T04:45:32Z INFO [44/750] 28f5456c-9926-4fa4-a6ce-0d662e32fd5b: 122 datasets; 1.5 s; peak memory 125 MiB.
2026-10-07T04:45:38Z INFO [45/750] 2a8142e6-b545-4deb-96b0-4be447fda35d: 174 datasets; 6.4 s; peak memory 125 MiB.
2026-10-07T04:45:44Z INFO [46/750] 2bd65a28-d25a-4ef1-abf6-1eca6e70a256: 168 datasets; 5.7 s; peak memory 125 MiB.
2026-10-07T04:45:46Z INFO [47/750] 2d4dba9a-b686-4f8c-8117-b1143733b5f9: 142 datasets; 1.5 s; peak memory 125 MiB.
2026-10-07T04:45:47Z INFO [48/750] 2dbef024-7872-4742-a08f-b426ff582823: 85 datasets; 1.5 s; peak memory 125 MiB.
2026-10-07T04:45:48Z INFO [49/750] 2e87bd91-dae0-4612-aaa2-f7df77c49e19: 85 datasets; 1.3 s; peak memory 125 MiB.
2026-10-07T04:45:52Z INFO [50/750] 2f80338f-7502-4411-9fce-120180cc6052: 241 datasets; 3.9 s; peak memory 125 MiB.
2026-10-07T04:45:53Z INFO [50/750] 2f80338f-7502-4411-9fce-120180cc6052: checkpointed 89885 records.
2026-10-07T04:45:54Z INFO [51/750] 2f85a01e-815c-4b68-9830-120b4550e924: 142 datasets; 1.6 s; peak memory 125 MiB.
2026-10-07T04:45:56Z INFO [52/750] 30920585-dfe1-44b0-a9a1-d3a204e02b4d: 142 datasets; 1.6 s; peak memory 125 MiB.
2026-10-07T04:45:57Z INFO [53/750] 30c795cf-4691-4a12-91aa-7eb56995934e: 140 datasets; 1.4 s; peak memory 125 MiB.
2026-10-07T04:45:58Z INFO [54/750] 30e5debf-1633-4712-84b0-c5d76be0e2fb: 140 datasets; 1.3 s; peak memory 125 MiB.
2026-10-07T04:46:03Z INFO [55/750] 3159f870-7034-4ba2-bc9a-6ee5f4e7b437: 286 datasets; 4.6 s; peak memory 125 MiB.
2026-10-07T04:46:10Z INFO [56/750] 32d83983-fe88-4a75-a8ca-28ffb063cd96: 168 datasets; 6.6 s; peak memory 126 MiB.
2026-10-07T04:46:16Z INFO [57/750] 3305bd0b-3e48-44aa-bd60-e417257a7781: 174 datasets; 6.6 s; peak memory 126 MiB.
2026-10-07T04:46:21Z INFO [58/750] 3462b660-6888-44e1-b487-42c0815dd113: 283 datasets; 4.8 s; peak memory 126 MiB.
2026-10-07T04:46:28Z INFO [59/750] 3488a78a-af0a-413e-ac68-efb94f19d41d: 174 datasets; 6.6 s; peak memory 126 MiB.
2026-10-07T04:46:34Z INFO [60/750] 34e5ae54-3556-4efb-81c6-9eed52964648: 174 datasets; 6.1 s; peak memory 127 MiB.
2026-10-07T04:46:35Z INFO [61/750] 354c37f5-3137-4cef-90e0-0abe6835c314: 142 datasets; 1.6 s; peak memory 127 MiB.
2026-10-07T04:46:37Z INFO [62/750] 35e230c1-655f-479c-b4ba-b0793770b6b9: 83 datasets; 1.2 s; peak memory 127 MiB.
2026-10-07T04:46:38Z INFO [63/750] 36437e68-707b-43a5-a253-df12330245e4: 85 datasets; 1.4 s; peak memory 127 MiB.
2026-10-07T04:46:43Z INFO [64/750] 374d45b8-24f3-4839-b3bf-4fa7807aa8a6: 283 datasets; 5.1 s; peak memory 127 MiB.
2026-10-07T04:46:45Z INFO [65/750] 383bd235-6db6-41b3-827c-5fa672d31405: 142 datasets; 1.6 s; peak memory 127 MiB.
2026-10-07T04:46:46Z INFO [66/750] 387bd1f2-15ef-4606-bc85-48dc243e01a4: 85 datasets; 1.5 s; peak memory 127 MiB.
2026-10-07T04:46:48Z INFO [67/750] 399d1d7e-c29b-4619-835c-1e0cd2ff5405: 142 datasets; 1.7 s; peak memory 127 MiB.
2026-10-07T04:46:54Z INFO [68/750] 3a1c6453-d635-4d0d-822f-8ed7ac2ad26d: 174 datasets; 6.4 s; peak memory 127 MiB.
2026-10-07T04:46:56Z INFO [69/750] 3a490063-3e26-41e4-90f8-59df0842510b: 140 datasets; 1.6 s; peak memory 127 MiB.
2026-10-07T04:47:01Z INFO [70/750] 3a552d6c-a959-4ac0-8d46-424f8606d3ae: 286 datasets; 5.3 s; peak memory 127 MiB.
2026-10-07T04:47:07Z INFO [71/750] 3a654989-7e09-45ae-b714-2326f09adda4: 168 datasets; 6.1 s; peak memory 127 MiB.
2026-10-07T04:47:09Z INFO [72/750] 3aba25df-5193-4ba5-9462-258bccf40167: 122 datasets; 2.0 s; peak memory 127 MiB.
2026-10-07T04:47:11Z INFO [73/750] 3addaa0f-e48f-45d4-8fa7-72acdea527b5: 85 datasets; 1.4 s; peak memory 127 MiB.
2026-10-07T04:47:12Z INFO [74/750] 3adfe157-05fa-45e7-b76f-48c77baa4f64: 85 datasets; 1.4 s; peak memory 127 MiB.
2026-10-07T04:47:14Z INFO [75/750] 3b00bce9-d41b-42ef-8c1d-5de8c7860af1: 142 datasets; 1.6 s; peak memory 127 MiB.
2026-10-07T04:47:16Z INFO [76/750] 3b5525f2-258d-4c3c-9c8c-6c88ea57abbe: 142 datasets; 1.8 s; peak memory 127 MiB.
2026-10-07T04:47:17Z INFO [77/750] 3bfe0d0b-60dd-4a87-9942-a933c509e531: 85 datasets; 1.6 s; peak memory 127 MiB.
2026-10-07T04:47:24Z INFO [78/750] 3cc8cdad-4737-47d3-98ed-e9d0b8d70db5: 174 datasets; 6.5 s; peak memory 127 MiB.
2026-10-07T04:47:29Z INFO [79/750] 3d159046-4422-4912-9633-6942773b2d2b: 283 datasets; 5.2 s; peak memory 127 MiB.
2026-10-07T04:47:35Z INFO [80/750] 3d31c5c8-35ff-4c65-8e03-8b7fa901ea1a: 174 datasets; 6.3 s; peak memory 127 MiB.
2026-10-07T04:47:37Z INFO [81/750] 3d479fc7-3fc2-467b-85c3-7b6b15f4ab89: 142 datasets; 1.6 s; peak memory 127 MiB.
2026-10-07T04:47:43Z INFO [82/750] 3e0b2d50-1c43-4dfd-99b5-35ddc6b0c515: 174 datasets; 6.0 s; peak memory 127 MiB.
2026-10-07T04:47:49Z INFO [83/750] 3e266a48-50b6-49ea-9b61-b9d41a02001f: 174 datasets; 5.8 s; peak memory 127 MiB.
2026-10-07T04:47:54Z INFO [84/750] 3e37c65d-104b-4bca-b015-8dfe0198add6: 287 datasets; 5.3 s; peak memory 127 MiB.
2026-10-07T04:47:58Z INFO [85/750] 3e73ad8b-6d24-4c99-86c5-9ccb328ee1d9: 241 datasets; 4.2 s; peak memory 127 MiB.
2026-10-07T04:48:04Z INFO [86/750] 3f654b12-1ee9-4c6e-ba7a-7444902b4db3: 174 datasets; 6.3 s; peak memory 128 MiB.
2026-10-07T04:48:08Z INFO [87/750] 3f6560a8-2930-4008-9395-9ac71fe1a697: 286 datasets; 3.7 s; peak memory 128 MiB.
2026-10-07T04:48:15Z INFO [88/750] 3f80cb5d-5963-4154-be81-5cac20a2a057: 174 datasets; 6.6 s; peak memory 128 MiB.
2026-10-07T04:48:18Z INFO [89/750] 40b89fdf-6989-40a8-a75a-601f6ef2e005: 283 datasets; 3.7 s; peak memory 128 MiB.
2026-10-07T04:48:24Z INFO [90/750] 40d7b58f-2592-42ed-851e-163561409ceb: 168 datasets; 6.1 s; peak memory 128 MiB.
2026-10-07T04:48:26Z INFO [91/750] 416e861c-fe03-4f68-a31c-5cf39e76506a: 142 datasets; 1.7 s; peak memory 128 MiB.
2026-10-07T04:48:28Z INFO [92/750] 422ad4d2-5f95-441e-b6e7-d28f038741df: 85 datasets; 1.7 s; peak memory 128 MiB.
2026-10-07T04:48:29Z INFO [93/750] 4299bb6a-7b67-475c-a234-69e23c3fa07f: 122 datasets; 1.8 s; peak memory 128 MiB.
2026-10-07T04:48:31Z INFO [94/750] 42ddccf2-3eb5-4201-872b-d831ad1ce6b4: 142 datasets; 1.8 s; peak memory 128 MiB.
2026-10-07T04:48:33Z INFO [95/750] 43123641-e1ad-4c75-bec1-ec5368643b4b: 83 datasets; 1.3 s; peak memory 128 MiB.
2026-10-07T04:48:39Z INFO [96/750] 4313c13e-8773-43dc-9ca9-4b5e334e1619: 168 datasets; 6.7 s; peak memory 128 MiB.
2026-10-07T04:48:41Z INFO [97/750] 43753f22-ad79-4a33-a784-387a34870e26: 83 datasets; 1.3 s; peak memory 128 MiB.
2026-10-07T04:48:42Z INFO [98/750] 43f448fd-fe3c-4fba-82ae-05953bb300e5: 142 datasets; 1.7 s; peak memory 128 MiB.
2026-10-07T04:48:44Z INFO [99/750] 4640a91b-285a-4652-941a-8d8329f89e88: 140 datasets; 1.5 s; peak memory 128 MiB.
2026-10-07T04:48:45Z INFO [100/750] 46b138a7-a333-4a45-9d08-8ce36109fd0a: 142 datasets; 1.7 s; peak memory 128 MiB.
2026-10-07T04:48:46Z INFO [100/750] 46b138a7-a333-4a45-9d08-8ce36109fd0a: checkpointed 89935 records.
2026-10-07T04:48:53Z INFO [101/750] 4732c70b-5a52-4fa5-8a4a-1105746742ce: 174 datasets; 7.1 s; peak memory 128 MiB.
2026-10-07T04:48:59Z INFO [102/750] 47cdf88c-c26d-4f41-ad72-4b496bb6df43: 174 datasets; 6.3 s; peak memory 128 MiB.
2026-10-07T04:49:05Z INFO [103/750] 47d45d89-9929-4dbe-8e4a-31984c3d14b0: 168 datasets; 5.6 s; peak memory 128 MiB.
2026-10-07T04:49:11Z INFO [104/750] 47e4e983-bc49-4565-87e0-294113041ef7: 174 datasets; 6.3 s; peak memory 128 MiB.
2026-10-07T04:49:13Z INFO [105/750] 4a69b930-1b1e-42a5-bef8-5be3005dd966: 142 datasets; 1.9 s; peak memory 128 MiB.
2026-10-07T04:49:19Z INFO [106/750] 4bbb82cb-30d7-488b-b025-fde919b931ec: 174 datasets; 5.8 s; peak memory 128 MiB.
2026-10-07T04:49:26Z INFO [107/750] 4c65c52e-5cf1-4038-8fd5-b545b1726f31: 174 datasets; 6.9 s; peak memory 128 MiB.
2026-10-07T04:49:27Z INFO [108/750] 4d0eab2e-48ac-4bf4-a972-a2b665954818: 142 datasets; 1.4 s; peak memory 128 MiB.
2026-10-07T04:49:29Z INFO [109/750] 4d496c82-0ae7-4b7c-a648-e9c5c5403b2c: 85 datasets; 1.5 s; peak memory 128 MiB.
2026-10-07T04:49:31Z INFO [110/750] 4da1355e-fad7-4d34-b141-333e02e931fd: 224 datasets; 2.7 s; peak memory 128 MiB.
2026-10-07T04:49:37Z INFO [111/750] 4da178e8-c95e-48e8-b911-d2bfd8d16b5d: 168 datasets; 5.7 s; peak memory 128 MiB.
2026-10-07T04:49:39Z INFO [112/750] 4db159da-9942-4268-8110-3fd8a76c02bb: 85 datasets; 1.7 s; peak memory 128 MiB.
2026-10-07T04:49:45Z INFO [113/750] 4deccabc-9c14-4e97-86bc-59bfb7081d46: 174 datasets; 6.6 s; peak memory 128 MiB.
2026-10-07T04:49:47Z INFO [114/750] 4e3f58d7-9d31-4f39-87f2-44f7d64a18ec: 142 datasets; 1.6 s; peak memory 128 MiB.
2026-10-07T04:49:48Z INFO [115/750] 4ef161cb-8fd0-4f7a-9eaf-9f9a4ce511e0: 142 datasets; 1.6 s; peak memory 128 MiB.
2026-10-07T04:49:52Z INFO [116/750] 4f374b19-0d00-44b6-8ea7-970cffe67bef: 238 datasets; 4.1 s; peak memory 128 MiB.
2026-10-07T04:49:59Z INFO [117/750] 4f898279-7adc-4f39-817d-0ccbbfac3569: 174 datasets; 6.9 s; peak memory 128 MiB.
2026-10-07T04:50:01Z INFO [118/750] 4fc1520d-bd5c-470d-90d4-99194303ee35: 142 datasets; 1.8 s; peak memory 128 MiB.
2026-10-07T04:50:07Z INFO [119/750] 502a4d6e-b735-4b14-b9b5-ad4a8bcff3f0: 168 datasets; 5.6 s; peak memory 128 MiB.
2026-10-07T04:50:08Z INFO [120/750] 508be3bf-1812-4569-8fce-9656d916f4b0: 85 datasets; 1.6 s; peak memory 128 MiB.
2026-10-07T04:50:11Z INFO [121/750] 50c40306-5e87-45e0-a456-b4f4305f8c46: 103 datasets; 2.8 s; peak memory 128 MiB.
2026-10-07T04:50:13Z INFO [122/750] 50ecce12-38b4-48ff-80c4-a1ad5cb97472: 142 datasets; 1.5 s; peak memory 128 MiB.
2026-10-07T04:50:17Z INFO [123/750] 50fa6ae2-0f82-486b-ad1e-bf178dcad56f: 283 datasets; 4.8 s; peak memory 128 MiB.
2026-10-07T04:50:22Z INFO [124/750] 51048630-af9a-4366-9120-a2221ffbab9d: 287 datasets; 4.7 s; peak memory 128 MiB.
2026-10-07T04:50:24Z INFO [125/750] 512c4100-3783-42ce-b393-46249e8699e4: 122 datasets; 1.4 s; peak memory 128 MiB.
2026-10-07T04:50:25Z INFO [126/750] 51c0a855-739a-45ce-9531-de72246e2bb5: 85 datasets; 1.4 s; peak memory 128 MiB.
2026-10-07T04:50:31Z INFO [127/750] 51c4592b-4a63-4036-a83d-23414459f209: 168 datasets; 6.2 s; peak memory 128 MiB.
2026-10-07T04:50:33Z INFO [128/750] 5417868e-969f-4737-ade6-14ce008bdc82: 142 datasets; 2.0 s; peak memory 128 MiB.
2026-10-07T04:50:36Z INFO [129/750] 5425af5e-5be6-4ede-95c8-40ff5f20a7cd: 224 datasets; 2.8 s; peak memory 128 MiB.
2026-10-07T04:50:38Z INFO [130/750] 551366f5-444c-4fff-a2b8-a4e9ac4f4b47: 142 datasets; 1.6 s; peak memory 128 MiB.
2026-10-07T04:50:39Z INFO [131/750] 55344b62-7d01-4c76-b89b-ea8da9f8b2c0: 142 datasets; 1.8 s; peak memory 128 MiB.
2026-10-07T04:50:41Z INFO [132/750] 55920fcb-1445-47e6-9a2b-6d1da40406b1: 142 datasets; 1.6 s; peak memory 128 MiB.
2026-10-07T04:50:42Z INFO [133/750] 55bcc0ee-6e91-4782-b098-0c8c04bb58b6: 142 datasets; 1.4 s; peak memory 128 MiB.
2026-10-07T04:50:49Z INFO [134/750] 57713a0a-a4fb-4f79-b80f-2715af54c92d: 168 datasets; 6.3 s; peak memory 128 MiB.
2026-10-07T04:50:51Z INFO [135/750] 579bc471-20fc-400d-ba0c-f84de6ab4fbe: 224 datasets; 2.8 s; peak memory 128 MiB.
2026-10-07T04:50:59Z INFO [136/750] 583a2948-8434-47d5-8ea0-71fea8098f27: 174 datasets; 7.2 s; peak memory 128 MiB.
2026-10-07T04:51:00Z INFO [137/750] 58a5147d-0265-4576-a431-05f7f18572f8: 142 datasets; 1.6 s; peak memory 128 MiB.
2026-10-07T04:51:02Z INFO [138/750] 5904cd79-4332-46b0-9b43-bc65445ac2fb: 46 datasets; 1.6 s; peak memory 128 MiB.
2026-10-07T04:51:03Z INFO [139/750] 5904e078-e46c-4c7c-9cb3-b7bc893fc982: 48 datasets; 1.5 s; peak memory 128 MiB.
2026-10-07T04:51:06Z INFO [140/750] 5904ebf1-1d0a-49e5-82ed-af1963f61323: 112 datasets; 2.2 s; peak memory 128 MiB.
2026-10-07T04:51:19Z INFO [141/750] 590505d8-d9d4-4dbc-afe0-38beda668e18: 398 datasets; 13.4 s; peak memory 159 MiB.
2026-10-07T04:51:21Z INFO [142/750] 5905287d-c239-4871-832a-699ae4502900: 114 datasets; 1.8 s; peak memory 159 MiB.
2026-10-07T04:51:47Z INFO [143/750] 59067985-882d-4ecc-8ab4-d2763e7ca73b: 914 datasets; 26.5 s; peak memory 173 MiB.
2026-10-07T04:51:51Z INFO [144/750] 5906c199-17b2-4c4e-8a89-41a2395032f9: 123 datasets; 3.8 s; peak memory 173 MiB.
2026-10-07T04:51:53Z INFO [145/750] 59074481-d0b6-444f-aecb-4877770a6f93: 116 datasets; 1.8 s; peak memory 173 MiB.
2026-10-07T04:51:55Z INFO [146/750] 5907cabd-5a5d-4b99-a203-63d66cbdc239: 67 datasets; 1.9 s; peak memory 173 MiB.
2026-10-07T04:51:56Z INFO [147/750] 590952b0-13bf-4b18-8218-de3fef9abdcb: 46 datasets; 1.4 s; peak memory 173 MiB.
2026-10-07T04:51:58Z INFO [148/750] 5909b099-9123-4c3a-bd77-91176b03fe06: 66 datasets; 1.9 s; peak memory 173 MiB.
2026-10-07T04:52:00Z INFO [149/750] 590a6cd7-d066-4484-b690-210501e57464: 46 datasets; 1.6 s; peak memory 173 MiB.
2026-10-07T04:52:11Z INFO [150/750] 590ab0e5-3019-4c7d-ab8e-52d325e2c5dd: 396 datasets; 11.6 s; peak memory 173 MiB.
2026-10-07T04:52:11Z INFO [150/750] 590ab0e5-3019-4c7d-ab8e-52d325e2c5dd: checkpointed 89985 records.
2026-10-07T04:52:13Z INFO [151/750] 590c1a63-6638-43f0-9100-fec97ce4b5a3: 66 datasets; 2.0 s; peak memory 173 MiB.
2026-10-07T04:52:15Z INFO [152/750] 590ca468-1604-46dc-87c8-29713162b991: 48 datasets; 1.5 s; peak memory 173 MiB.
2026-10-07T04:52:17Z INFO [153/750] 590cb20b-0ed6-4547-9c68-70f554f2ab7b: 119 datasets; 2.6 s; peak memory 173 MiB.
2026-10-07T04:52:33Z INFO [154/750] 590d18ea-5948-4129-8b93-d187ba155eb9: 1133 datasets; 15.6 s; peak memory 173 MiB.
2026-10-07T04:52:35Z INFO [155/750] 590d5f10-9bca-4e9f-9cbe-ea28e435451a: 66 datasets; 1.5 s; peak memory 173 MiB.
2026-10-07T04:52:36Z INFO [156/750] 590eb5ba-87f2-43be-a082-5902b9b8cfac: 48 datasets; 1.4 s; peak memory 173 MiB.
2026-10-07T05:08:20Z INFO [157/750] 590ec528-9a9a-4de3-9844-6dc36bf3c44b: 276 datasets; 944.5 s; peak memory 1102 MiB.
2026-10-07T05:08:22Z INFO [158/750] 590f0e1a-4225-481d-a98b-c9b438ca52f1: 48 datasets; 1.5 s; peak memory 1102 MiB.
2026-10-07T05:08:24Z INFO [159/750] 590f9a9b-9b6d-47a2-854d-fddd336607be: 66 datasets; 2.3 s; peak memory 1102 MiB.
2026-10-07T05:08:26Z INFO [160/750] 5910326c-43f3-4950-a467-b3b03056a745: 132 datasets; 1.7 s; peak memory 1102 MiB.
2026-10-07T05:08:29Z INFO [161/750] 5910729f-4a00-486b-a326-c6cbbf298a9b: 115 datasets; 3.4 s; peak memory 1102 MiB.
2026-10-07T05:08:32Z INFO [162/750] 59109cde-a5cd-4f29-bdc5-2cb1e8d898d0: 41 datasets; 2.8 s; peak memory 1102 MiB.
2026-10-07T05:08:33Z INFO [163/750] 59112a70-b7b7-41ff-98e1-e3183dec4d14: 56 datasets; 1.2 s; peak memory 1102 MiB.
2026-10-07T05:08:37Z INFO [164/750] 59114d1e-bb32-4130-9983-a9299f8f9910: 156 datasets; 3.9 s; peak memory 1102 MiB.
2026-10-07T05:08:39Z INFO [165/750] 5913bb7e-1cee-4d46-b71c-fe71c5eee969: 48 datasets; 1.5 s; peak memory 1102 MiB.
2026-10-07T05:08:40Z INFO [166/750] 5913d9ae-249c-4c5e-87bd-36136bf75d2a: 46 datasets; 1.3 s; peak memory 1102 MiB.
2026-10-07T05:08:42Z INFO [167/750] 5914de55-011f-478a-b0bd-b60c114f7c5d: 72 datasets; 1.9 s; peak memory 1102 MiB.
2026-10-07T05:08:44Z INFO [168/750] 5914f8b6-024b-4cd3-9272-fa737770c2df: 51 datasets; 1.6 s; peak memory 1102 MiB.
2026-10-07T05:08:45Z INFO [169/750] 59165320-f731-4a6e-a04c-92b80471a224: 41 datasets; 1.4 s; peak memory 1102 MiB.
2026-10-07T05:08:53Z INFO [170/750] 59166358-c437-4eb4-ad01-2a700209129e: 208 datasets; 8.1 s; peak memory 1102 MiB.
2026-10-07T05:08:55Z INFO [171/750] 591771cc-a85b-4f65-a1c0-f5f85f46384e: 66 datasets; 2.2 s; peak memory 1102 MiB.
2026-10-07T05:08:58Z INFO [172/750] 5917b15e-f80f-47f0-a356-31b6eadd1b11: 112 datasets; 2.3 s; peak memory 1102 MiB.
2026-10-07T05:08:59Z INFO [173/750] 5917e20d-c929-4dc6-a68e-a4b9ea22a5f1: 48 datasets; 1.4 s; peak memory 1102 MiB.
2026-10-07T05:09:00Z INFO [174/750] 59191837-74b2-4c38-84f8-e5e3e56bb66c: 48 datasets; 1.4 s; peak memory 1102 MiB.
2026-10-07T05:09:02Z INFO [175/750] 5919b326-4e03-41ab-acb6-e4e5b0954f46: 69 datasets; 2.1 s; peak memory 1102 MiB.
2026-10-07T05:09:20Z INFO [176/750] 5919bd7f-2b86-4328-a6a6-dbc376402f34: 990 datasets; 17.8 s; peak memory 1102 MiB.
2026-10-07T05:09:22Z INFO [177/750] 5919e3c4-6d69-4579-aadc-122cbc2edda6: 117 datasets; 1.6 s; peak memory 1102 MiB.
2026-10-07T05:09:24Z INFO [178/750] 591a6db0-8298-4ab5-8433-e1eeaa3e5738: 112 datasets; 2.3 s; peak memory 1102 MiB.
2026-10-07T05:09:26Z INFO [179/750] 591aa00f-a8e8-4b80-9594-98df8dedcd18: 94 datasets; 2.1 s; peak memory 1102 MiB.
2026-10-07T05:09:34Z INFO [180/750] 591ad761-9959-430d-ac06-7a236bc0c4c5: 471 datasets; 7.3 s; peak memory 1102 MiB.
2026-10-07T05:09:36Z INFO [181/750] 591b1a31-0184-461c-b550-b3e59790c4bd: 71 datasets; 2.1 s; peak memory 1102 MiB.
2026-10-07T05:09:38Z INFO [182/750] 591c2665-3102-429f-ae10-75943170cff7: 69 datasets; 2.0 s; peak memory 1102 MiB.
2026-10-07T05:09:39Z INFO [183/750] 591ceef3-b523-45ba-9f21-f8e8fda9c2af: 48 datasets; 1.3 s; peak memory 1102 MiB.
2026-10-07T05:09:41Z INFO [184/750] 591e27f2-05b2-4206-9881-811823c1136b: 118 datasets; 1.6 s; peak memory 1102 MiB.
2026-10-07T05:09:55Z INFO [185/750] 591e990a-b29d-4d5c-84c1-284578b84411: 6328 datasets; 14.8 s; peak memory 1102 MiB.
2026-10-07T05:09:57Z INFO [186/750] 591ebbad-ce91-423d-81a9-cb5b029d91a6: 116 datasets; 1.4 s; peak memory 1102 MiB.
2026-10-07T05:09:58Z INFO [187/750] 591f76b5-8de8-40f2-b0ae-09776d6cf4bb: 84 datasets; 1.4 s; peak memory 1102 MiB.
2026-10-07T05:10:00Z INFO [188/750] 59215f99-6f16-4b42-afde-beee139bbdeb: 48 datasets; 1.4 s; peak memory 1102 MiB.
2026-10-07T05:10:23Z INFO [189/750] 5921acf7-88a9-4d7a-bf1a-52928d4b4766: 701 datasets; 23.7 s; peak memory 1102 MiB.
2026-10-07T05:10:26Z INFO [190/750] 59223156-b337-4e8e-84f7-75a44e9b26cc: 112 datasets; 2.3 s; peak memory 1102 MiB.
2026-10-07T05:10:29Z INFO [191/750] 5922e133-ae48-4711-a284-eb8c155e55d4: 80 datasets; 3.1 s; peak memory 1102 MiB.
2026-10-07T05:10:30Z INFO [192/750] 5923acbd-2444-42e9-99ff-85eec6064772: 48 datasets; 1.5 s; peak memory 1102 MiB.
2026-10-07T05:10:34Z INFO [193/750] 59240252-3013-4c1c-a491-b214486afa0d: 156 datasets; 4.1 s; peak memory 1102 MiB.
2026-10-07T05:10:36Z INFO [194/750] 59245413-3a45-4581-a180-e0bdea6d81e1: 60 datasets; 1.3 s; peak memory 1102 MiB.
2026-10-07T05:10:37Z INFO [195/750] 592482e0-9c83-4acc-9270-40dc76511fc5: 66 datasets; 1.7 s; peak memory 1102 MiB.
2026-10-07T05:10:41Z INFO [196/750] 592535bb-2659-4c66-8770-336c3b6948f2: 138 datasets; 3.3 s; peak memory 1102 MiB.
2026-10-07T05:10:42Z INFO [197/750] 5925ac6a-185c-4ec9-abe9-e85cb5a830fe: 48 datasets; 1.3 s; peak memory 1102 MiB.
2026-10-07T05:10:43Z INFO [198/750] 592664d7-9535-4588-b82b-002b2ece2abb: 48 datasets; 1.4 s; peak memory 1102 MiB.
2026-10-07T05:10:47Z INFO [199/750] 59275657-1c0e-4bd8-a65c-c07c1d1174d2: 85 datasets; 3.7 s; peak memory 1102 MiB.
2026-10-07T05:10:49Z INFO [200/750] 5927a55a-cfce-4a60-a4d6-9acc0dcbc9c6: 64 datasets; 2.0 s; peak memory 1102 MiB.
2026-10-07T05:10:49Z INFO [200/750] 5927a55a-cfce-4a60-a4d6-9acc0dcbc9c6: checkpointed 90035 records.
2026-10-07T05:10:51Z INFO [201/750] 59297939-e744-4ead-af93-e5ecfcfbe0e4: 48 datasets; 1.4 s; peak memory 1102 MiB.
2026-10-07T05:10:52Z INFO [202/750] 592a31be-1e2e-44f4-aff4-79d19b091676: 118 datasets; 1.7 s; peak memory 1102 MiB.
2026-10-07T05:10:54Z INFO [203/750] 592a8ee0-d249-41d5-b459-75a662e38fa3: 117 datasets; 1.5 s; peak memory 1102 MiB.
2026-10-07T05:10:56Z INFO [204/750] 592a90da-d6d5-4610-b7ca-3a8db4954f9f: 118 datasets; 1.6 s; peak memory 1102 MiB.
2026-10-07T05:13:10Z INFO [205/750] 592c6416-f949-4970-ad0e-6d5f610e91d0: 241 datasets; 134.1 s; peak memory 1102 MiB.
2026-10-07T05:13:26Z INFO [206/750] 592d190a-1b45-4f59-8eeb-f7ed80481f9c: 892 datasets; 16.3 s; peak memory 1102 MiB.
2026-10-07T05:13:28Z INFO [207/750] 592dea03-e839-484e-b0c7-b173b2f046ec: 117 datasets; 1.6 s; peak memory 1102 MiB.
2026-10-07T05:13:30Z INFO [208/750] 592e0c9e-9e72-4e66-8a7d-27563def9e67: 112 datasets; 2.6 s; peak memory 1102 MiB.
2026-10-07T05:15:48Z INFO [209/750] 592e8ccb-bf58-4f40-9e97-e2ad4a6e16b2: 269 datasets; 138.3 s; peak memory 1102 MiB.
2026-10-07T05:15:54Z INFO [210/750] 592f2fec-eed5-4515-baff-1cad7a364860: 421 datasets; 5.9 s; peak memory 1102 MiB.
2026-10-07T05:15:56Z INFO [211/750] 5930153b-4605-48f5-a78f-e4568f55b78b: 48 datasets; 1.5 s; peak memory 1102 MiB.
2026-10-07T05:15:57Z INFO [212/750] 59308eb8-496e-438b-8414-75ca9b73c189: 48 datasets; 1.5 s; peak memory 1102 MiB.
2026-10-07T05:15:59Z INFO [213/750] 5930e6e1-4ac0-4c33-94db-4a24ec9b9788: 58 datasets; 2.1 s; peak memory 1102 MiB.
2026-10-07T05:16:01Z INFO [214/750] 59324f7a-8568-4af9-92a5-ee332e7c85c1: 48 datasets; 1.4 s; peak memory 1102 MiB.
2026-10-07T05:16:02Z INFO [215/750] 59325ca3-748a-490d-a407-15f8edc349ba: 117 datasets; 1.6 s; peak memory 1102 MiB.
2026-10-07T05:16:04Z INFO [216/750] 5932751c-c139-4f4f-bd3b-d5f2274b5c9a: 78 datasets; 1.5 s; peak memory 1102 MiB.
2026-10-07T05:16:05Z INFO [217/750] 59336c38-7cf3-4614-a534-dac75dd9ad5c: 48 datasets; 1.4 s; peak memory 1102 MiB.
2026-10-07T05:16:09Z INFO [218/750] 5934a5f9-2ff9-4289-8213-85524149bb83: 152 datasets; 3.6 s; peak memory 1102 MiB.
2026-10-07T05:16:10Z INFO [219/750] 59355c76-71d9-4cff-bfff-c666b6545b4b: 63 datasets; 1.4 s; peak memory 1102 MiB.
2026-10-07T05:16:14Z INFO [220/750] 5935ced3-021c-43e8-a73c-b13982b57e2b: 115 datasets; 3.2 s; peak memory 1102 MiB.
2026-10-07T05:16:15Z INFO [221/750] 5936ea33-c51c-4f1e-9e8e-5122ded565b1: 59 datasets; 1.7 s; peak memory 1102 MiB.
2026-10-07T05:16:17Z INFO [222/750] 5936eb51-2382-4688-abcb-af4cf5b9dccc: 117 datasets; 1.8 s; peak memory 1102 MiB.
2026-10-07T05:16:27Z INFO [223/750] 59370f06-592c-4213-86f8-98673654b398: 82 datasets; 10.3 s; peak memory 1102 MiB.
2026-10-07T05:16:46Z INFO [224/750] 5937f17f-e688-4545-a727-c67e6429d725: 1330 datasets; 18.4 s; peak memory 1102 MiB.
2026-10-07T05:16:47Z INFO [225/750] 59388309-02e8-4a73-94e4-09e88ee36d10: 117 datasets; 1.5 s; peak memory 1102 MiB.
2026-10-07T05:16:51Z INFO [226/750] 5938a881-00b4-4240-a299-1a493a3bab47: 156 datasets; 3.5 s; peak memory 1102 MiB.
2026-10-07T05:16:52Z INFO [227/750] 5938c99d-dfcf-4c33-96da-843e697e68d7: 109 datasets; 1.5 s; peak memory 1102 MiB.
2026-10-07T05:16:54Z INFO [228/750] 5939a5f8-7799-4bb0-8aca-3ef5a1e70e26: 116 datasets; 1.6 s; peak memory 1102 MiB.
2026-10-07T05:16:55Z INFO [229/750] 593a61e6-f0e2-4903-94c0-b0f951ed4826: 92 datasets; 1.4 s; peak memory 1102 MiB.
2026-10-07T05:16:57Z INFO [230/750] 593a6b4f-8481-4b4a-8246-80583451ccfe: 117 datasets; 1.7 s; peak memory 1102 MiB.
2026-10-07T05:16:59Z INFO [231/750] 593ab2ff-1aee-48ef-b627-c1811d985214: 122 datasets; 1.8 s; peak memory 1102 MiB.
2026-10-07T05:17:01Z INFO [232/750] 593ab79a-b09e-484a-86c0-71c0d1c79505: 119 datasets; 2.6 s; peak memory 1102 MiB.
2026-10-07T05:17:03Z INFO [233/750] 593af9d6-a383-4307-b088-ce6a71ab8af7: 114 datasets; 1.3 s; peak memory 1102 MiB.
2026-10-07T05:17:04Z INFO [234/750] 593b56e7-67ea-48da-8aee-209953ecc8f9: 112 datasets; 1.8 s; peak memory 1102 MiB.
2026-10-07T05:17:06Z INFO [235/750] 593bb7a4-3401-48a2-88a1-9236a14c3836: 117 datasets; 1.6 s; peak memory 1102 MiB.
2026-10-07T05:17:08Z INFO [236/750] 593c4ff5-6900-4c7b-99fc-cbc2c2f8b513: 117 datasets; 1.9 s; peak memory 1102 MiB.
2026-10-07T05:17:09Z INFO [237/750] 593cb866-fc3e-44ce-b195-1cb4a1309ed4: 46 datasets; 1.1 s; peak memory 1102 MiB.
2026-10-07T05:17:12Z INFO [238/750] 593ceac1-8ca2-4bce-97b6-b39288d52db3: 53 datasets; 2.6 s; peak memory 1102 MiB.
2026-10-07T05:17:13Z INFO [239/750] 593d4cec-f613-4681-b73d-44c531b2a857: 51 datasets; 1.2 s; peak memory 1102 MiB.
2026-10-07T05:17:14Z INFO [240/750] 593d66fe-5ae3-47f2-9ab2-c79342ba69d6: 121 datasets; 1.3 s; peak memory 1102 MiB.
2026-10-07T05:17:16Z INFO [241/750] 593dc70e-4b2b-4633-b967-6ca65471597e: 117 datasets; 1.6 s; peak memory 1102 MiB.
2026-10-07T05:17:17Z INFO [242/750] 593e130a-c7a7-4e8c-9176-c4e7f6394705: 117 datasets; 1.5 s; peak memory 1102 MiB.
2026-10-07T05:17:23Z INFO [243/750] 593f3022-fd08-42eb-a962-72488ac8ac41: 168 datasets; 5.6 s; peak memory 1102 MiB.
2026-10-07T05:17:24Z INFO [244/750] 593f3c56-dfe2-40ac-bb31-e43da70c430b: 112 datasets; 1.7 s; peak memory 1102 MiB.
2026-10-07T05:17:27Z INFO [245/750] 593fa457-0c72-444c-87db-9b87a28f5607: 112 datasets; 2.1 s; peak memory 1102 MiB.
2026-10-07T05:17:28Z INFO [246/750] 593ff9c9-80a7-461b-aa89-e73a03f3ac9f: 48 datasets; 1.4 s; peak memory 1102 MiB.
2026-10-07T05:17:29Z INFO [247/750] 5940031e-e803-46f5-974e-e53231e49e94: 48 datasets; 1.3 s; peak memory 1102 MiB.
2026-10-07T05:17:36Z INFO [248/750] 59402754-c035-4a32-9b10-104f0aa29754: 496 datasets; 6.4 s; peak memory 1102 MiB.
2026-10-07T05:17:50Z INFO [249/750] 59404a73-1c38-4bbc-909c-69e32e85a528: 44 datasets; 14.2 s; peak memory 1102 MiB.
2026-10-07T05:17:52Z INFO [250/750] 59405009-9b76-4e25-b127-2b01afab6a0a: 112 datasets; 2.5 s; peak memory 1102 MiB.
2026-10-07T05:17:53Z INFO [250/750] 59405009-9b76-4e25-b127-2b01afab6a0a: checkpointed 90085 records.
2026-10-07T05:17:54Z INFO [251/750] 5940fbb6-4c13-4841-8c66-0bf873a95326: 112 datasets; 1.7 s; peak memory 1102 MiB.
2026-10-07T05:17:56Z INFO [252/750] 594110be-0c1c-4e7f-8d5b-82180db93478: 46 datasets; 1.4 s; peak memory 1102 MiB.
2026-10-07T05:17:58Z INFO [253/750] 59414816-d93b-41d7-81f5-dd696601add8: 71 datasets; 2.0 s; peak memory 1102 MiB.
2026-10-07T05:18:01Z INFO [254/750] 59417aa2-5f89-40d0-831b-017c6ffa06c7: 115 datasets; 3.2 s; peak memory 1102 MiB.
2026-10-07T05:18:03Z INFO [255/750] 59430cdb-a559-4be6-a459-028e39111062: 121 datasets; 2.6 s; peak memory 1102 MiB.
2026-10-07T05:18:06Z INFO [256/750] 5943bd62-3ff4-4457-9fd6-6c969f25c498: 114 datasets; 3.0 s; peak memory 1102 MiB.
2026-10-07T05:18:12Z INFO [257/750] 59467635-7809-41c3-aadc-4518e94b339b: 225 datasets; 5.5 s; peak memory 1102 MiB.
2026-10-07T05:18:13Z INFO [258/750] 5947423b-54dc-45e3-a2f5-531a122dd332: 48 datasets; 1.4 s; peak memory 1102 MiB.
2026-10-07T05:18:15Z INFO [259/750] 5947b8ff-aa26-467a-9cf4-36c36cafbc83: 48 datasets; 1.3 s; peak memory 1102 MiB.
2026-10-07T05:18:18Z INFO [260/750] 5948455c-2412-4d26-aed4-1a6fbbf95beb: 115 datasets; 2.9 s; peak memory 1102 MiB.
2026-10-07T05:18:23Z INFO [261/750] 5948ca6d-f6d0-4fb9-a9dc-51244ccdc7d4: 517 datasets; 5.2 s; peak memory 1102 MiB.
2026-10-07T05:22:58Z INFO [262/750] 59493cac-9ff3-4af7-ab6e-bbb9016f04e7: 62 datasets; 275.2 s; peak memory 1102 MiB.
2026-10-07T05:23:00Z INFO [263/750] 594abc82-4133-4867-baef-dcfbff83a066: 62 datasets; 1.7 s; peak memory 1102 MiB.
2026-10-07T05:23:01Z INFO [264/750] 594aee4c-ad5a-4579-8a87-c08c68c69125: 69 datasets; 1.7 s; peak memory 1102 MiB.
2026-10-07T05:23:03Z INFO [265/750] 594cbf13-19aa-4ef6-883a-46ec21438041: 64 datasets; 2.0 s; peak memory 1102 MiB.
2026-10-07T05:23:05Z INFO [266/750] 594cd4f9-91c4-426f-be68-f9025122f3ca: 116 datasets; 1.5 s; peak memory 1102 MiB.
2026-10-07T05:23:07Z INFO [267/750] 594ce141-8357-4d27-b85e-acf433778b9a: 69 datasets; 1.8 s; peak memory 1102 MiB.
2026-10-07T05:23:09Z INFO [268/750] 594d50cc-71f2-41de-98ed-dd554a0cc01e: 112 datasets; 2.4 s; peak memory 1102 MiB.
2026-10-07T05:23:10Z INFO [269/750] 594f76ab-4667-493a-95d3-6b88cc3a3030: 48 datasets; 1.4 s; peak memory 1102 MiB.
2026-10-07T05:23:13Z INFO [270/750] 594f9491-2486-490d-b30d-e729ebe7d8fd: 77 datasets; 2.4 s; peak memory 1102 MiB.
2026-10-07T05:23:15Z INFO [271/750] 594fa054-dbe6-4cef-b48d-683b5179246f: 84 datasets; 1.9 s; peak memory 1102 MiB.
2026-10-07T05:23:22Z INFO [272/750] 594fb87b-b996-46cc-b473-9dada1857412: 538 datasets; 7.7 s; peak memory 1102 MiB.
2026-10-07T05:23:31Z INFO [273/750] 59503b8e-6d25-43b6-bc50-26eb4dbc6aad: 538 datasets; 8.3 s; peak memory 1102 MiB.
2026-10-07T05:23:33Z INFO [274/750] 595062ea-1b71-42d4-b63d-af1d1f9aacd6: 117 datasets; 2.1 s; peak memory 1102 MiB.
2026-10-07T05:23:34Z INFO [275/750] 59510c33-e85e-4b7d-aa74-6a08a756d65e: 112 datasets; 1.5 s; peak memory 1102 MiB.
2026-10-07T05:23:44Z INFO [276/750] 5952cda8-0602-4d09-883b-6ca0855ade7d: 657 datasets; 10.1 s; peak memory 1102 MiB.
2026-10-07T05:23:46Z INFO [277/750] 59534a47-ad68-4b61-bbf6-c7d0dd90520d: 46 datasets; 1.1 s; peak memory 1102 MiB.
2026-10-07T05:23:47Z INFO [278/750] 5953fee6-0dc3-4508-ad3c-9ff9ef87a3e6: 121 datasets; 1.4 s; peak memory 1102 MiB.
2026-10-07T05:23:49Z INFO [279/750] 59552b42-5576-4f84-8864-c10fca875dbe: 116 datasets; 1.6 s; peak memory 1102 MiB.
2026-10-07T05:24:04Z INFO [280/750] 5955350d-1832-431b-8e0e-e0519e7238cc: 1044 datasets; 15.7 s; peak memory 1102 MiB.
2026-10-07T05:24:06Z INFO [281/750] 595760bf-347c-4d72-9065-aafffa4a21d2: 49 datasets; 2.2 s; peak memory 1102 MiB.
2026-10-07T05:24:08Z INFO [282/750] 59585b2e-d5a3-4eb0-b11c-024fb7fb1d34: 66 datasets; 1.7 s; peak memory 1102 MiB.
2026-10-07T05:24:11Z INFO [283/750] 5958794c-7a59-4307-b6d0-6316faecfb7b: 71 datasets; 2.4 s; peak memory 1102 MiB.
2026-10-07T05:24:12Z INFO [284/750] 59594c91-97f7-4f2d-b9a0-af5eb8575164: 48 datasets; 1.4 s; peak memory 1102 MiB.
2026-10-07T05:24:14Z INFO [285/750] 5959819a-c3ea-487d-b3c6-d3256262a697: 118 datasets; 1.7 s; peak memory 1102 MiB.
2026-10-07T05:24:15Z INFO [286/750] 595aba05-eda1-4cdf-95e2-4657d4934d7f: 49 datasets; 1.6 s; peak memory 1102 MiB.
2026-10-07T05:24:22Z INFO [287/750] 595b02f4-0cd4-457b-b46d-51e8da640c5c: 229 datasets; 6.2 s; peak memory 1102 MiB.
2026-10-07T05:24:23Z INFO [288/750] 595b7fd4-d82d-4259-a2ac-edde9fafa23c: 69 datasets; 1.6 s; peak memory 1102 MiB.
2026-10-07T05:24:30Z INFO [289/750] 595c0bc0-0c34-40ff-afd5-c0f16d2918f2: 538 datasets; 6.5 s; peak memory 1102 MiB.
2026-10-07T05:24:31Z INFO [290/750] 595c6baa-6ed1-4c24-84b9-4abb181fa774: 56 datasets; 1.2 s; peak memory 1102 MiB.
2026-10-07T05:24:34Z INFO [291/750] 595d2a83-24d6-4aa1-bb1f-6d9554ca5fdf: 87 datasets; 3.5 s; peak memory 1102 MiB.
2026-10-07T05:24:36Z INFO [292/750] 595da6a0-9220-4588-b816-79f514dbfbee: 118 datasets; 1.7 s; peak memory 1102 MiB.
2026-10-07T05:24:38Z INFO [293/750] 595de5a4-5ae3-4e70-a6ce-944dab9b83d1: 112 datasets; 1.8 s; peak memory 1102 MiB.
2026-10-07T05:24:41Z INFO [294/750] 595e54bd-d2a7-46d0-a775-43f62fd06a32: 71 datasets; 2.7 s; peak memory 1102 MiB.
2026-10-07T05:24:42Z INFO [295/750] 595e8f8f-6659-4fc6-bc30-4b1695f97286: 116 datasets; 1.5 s; peak memory 1102 MiB.
2026-10-07T05:25:13Z INFO [296/750] 595eef2a-9a35-437a-a367-899158b1f566: 1122 datasets; 31.1 s; peak memory 1102 MiB.
2026-10-07T05:25:24Z INFO [297/750] 595f3b55-9f7d-46bc-8bd1-7129431d797e: 664 datasets; 10.9 s; peak memory 1102 MiB.
2026-10-07T05:25:27Z INFO [298/750] 59600c27-a703-4d4e-884a-23fe52f83716: 90 datasets; 3.0 s; peak memory 1102 MiB.
2026-10-07T05:25:28Z INFO [299/750] 59604bf9-e4df-45e7-a50b-7b65cab7db45: 45 datasets; 1.1 s; peak memory 1102 MiB.
2026-10-07T05:25:30Z INFO [300/750] 59609d16-2b7b-4d2f-a1e0-5ed07e03d443: 112 datasets; 1.9 s; peak memory 1102 MiB.
2026-10-07T05:25:30Z INFO [300/750] 59609d16-2b7b-4d2f-a1e0-5ed07e03d443: checkpointed 90135 records.
2026-10-07T05:25:33Z INFO [301/750] 59611267-37aa-4d5f-b497-ec5f3748ebac: 121 datasets; 2.9 s; peak memory 1102 MiB.
2026-10-07T05:25:35Z INFO [302/750] 59616f8d-5a4c-47ce-863d-63efee42b2a4: 112 datasets; 1.9 s; peak memory 1102 MiB.
2026-10-07T05:25:37Z INFO [303/750] 5961d024-242b-4f0d-8aad-a405eb86be8d: 101 datasets; 2.1 s; peak memory 1102 MiB.
2026-10-07T05:25:53Z INFO [304/750] 5962f70b-c189-4615-b0ab-576b38cf7c1f: 5247 datasets; 16.3 s; peak memory 1102 MiB.
2026-10-07T05:25:55Z INFO [305/750] 5963155d-108a-41c2-a898-c03d3f1955cb: 112 datasets; 1.8 s; peak memory 1102 MiB.
2026-10-07T05:25:57Z INFO [306/750] 5963b760-d12c-4503-90ca-cd3a5429517c: 54 datasets; 1.2 s; peak memory 1102 MiB.
2026-10-07T05:25:59Z INFO [307/750] 59646985-c6ac-42bc-a3f0-28c612a0ae54: 112 datasets; 2.1 s; peak memory 1102 MiB.
2026-10-07T05:26:00Z INFO [308/750] 5964ab19-af3f-40d0-b637-18cc70eb0ee1: 39 datasets; 1.5 s; peak memory 1102 MiB.
2026-10-07T05:26:02Z INFO [309/750] 59651aa8-fb30-475f-a038-6701231e7f93: 82 datasets; 1.8 s; peak memory 1102 MiB.
2026-10-07T05:26:06Z INFO [310/750] 59663ccc-efb3-4c01-ae04-b77a278b3f26: 84 datasets; 4.1 s; peak memory 1102 MiB.
2026-10-07T05:26:16Z INFO [311/750] 5966709c-95ab-4a8a-8c2d-931c2098ff88: 1151 datasets; 9.5 s; peak memory 1102 MiB.
2026-10-07T05:26:17Z INFO [312/750] 5966a193-3c8f-4de2-94d4-2d9123186215: 61 datasets; 1.7 s; peak memory 1102 MiB.
2026-10-07T05:26:19Z INFO [313/750] 5966d403-a6cb-49d5-a30d-30379a9a9270: 117 datasets; 2.0 s; peak memory 1102 MiB.
2026-10-07T05:26:21Z INFO [314/750] 59671630-8c17-4d9c-bc19-5b2d2471a522: 56 datasets; 1.2 s; peak memory 1102 MiB.
2026-10-07T05:26:22Z INFO [315/750] 59673420-7ef8-4bd5-9e0a-6a7e67eef7a1: 48 datasets; 1.3 s; peak memory 1102 MiB.
2026-10-07T05:26:23Z INFO [316/750] 59673de8-130b-4bbf-8f70-eead828d85e2: 70 datasets; 1.6 s; peak memory 1102 MiB.
2026-10-07T05:26:25Z INFO [317/750] 596773ad-c5c3-4bdf-b727-1532831709d8: 117 datasets; 1.6 s; peak memory 1102 MiB.
2026-10-07T05:26:34Z INFO [318/750] 5967b794-7ada-42c2-9b0e-5ac167bb7087: 653 datasets; 9.3 s; peak memory 1102 MiB.
2026-10-07T05:26:36Z INFO [319/750] 59684552-39fb-474f-af65-95ae5c8f9a89: 48 datasets; 1.4 s; peak memory 1102 MiB.
2026-10-07T05:26:37Z INFO [320/750] 59684a51-d688-4175-a28d-3d12faab6c63: 116 datasets; 1.7 s; peak memory 1102 MiB.
2026-10-07T05:26:44Z INFO [321/750] 5968ac83-58cc-4c37-a84e-ac033ba139a6: 888 datasets; 6.3 s; peak memory 1102 MiB.
2026-10-07T05:26:45Z INFO [322/750] 59694f4c-eb8f-4821-8b98-e641394f7d20: 117 datasets; 1.5 s; peak memory 1102 MiB.
2026-10-07T05:26:47Z INFO [323/750] 5969b5d5-85ac-444a-9b48-02d3f5906c62: 117 datasets; 1.6 s; peak memory 1102 MiB.
2026-10-07T05:26:48Z INFO [324/750] 596a766b-a42e-4855-bd25-09412b4b0c41: 117 datasets; 1.6 s; peak memory 1102 MiB.
2026-10-07T05:27:00Z INFO [325/750] 596b27c5-963e-46dd-89dc-b0e0a1b9634e: 692 datasets; 11.2 s; peak memory 1102 MiB.
2026-10-07T05:27:01Z INFO [326/750] 596ba06d-8ea8-43f3-8cb9-12937a7433be: 117 datasets; 1.6 s; peak memory 1102 MiB.
2026-10-07T05:27:03Z INFO [327/750] 596bc753-bae9-4f57-8edb-596411ea322e: 48 datasets; 1.4 s; peak memory 1102 MiB.
2026-10-07T05:27:04Z INFO [328/750] 596bcd74-0da7-4e37-9f22-e636a37826d1: 69 datasets; 1.8 s; peak memory 1102 MiB.
2026-10-07T05:27:17Z INFO [329/750] 596cb717-bc42-43da-ae98-1f00d289c83a: 889 datasets; 12.6 s; peak memory 1102 MiB.
2026-10-07T05:27:19Z INFO [330/750] 596cb9d6-3cdf-487b-80c7-b2bf770584b2: 72 datasets; 1.5 s; peak memory 1102 MiB.
2026-10-07T05:27:41Z INFO [331/750] 596cfcb9-afa3-43f7-bc4d-843b5bb3eadc: 1317 datasets; 22.9 s; peak memory 1102 MiB.
2026-10-07T05:27:43Z INFO [332/750] 596db43a-8510-4c86-9d0a-b84b354954f6: 48 datasets; 1.4 s; peak memory 1102 MiB.
2026-10-07T05:27:51Z INFO [333/750] 596e1659-7a13-44e8-affa-df64ca6317ed: 256 datasets; 8.4 s; peak memory 1102 MiB.
2026-10-07T05:27:55Z INFO [334/750] 596e39d9-83b7-4922-99e2-2d5dee65417e: 156 datasets; 4.0 s; peak memory 1102 MiB.
2026-10-07T05:30:18Z INFO [335/750] 596e3a02-ec3f-4f31-8141-fe13e18fe0ed: 167 datasets; 142.5 s; peak memory 1102 MiB.
2026-10-07T05:30:19Z INFO [336/750] 596e3f90-e231-4c8f-bd65-d00fc908a4b4: 48 datasets; 1.5 s; peak memory 1102 MiB.
2026-10-07T05:30:24Z INFO [337/750] 596e47f2-c4e0-4bca-8430-31eb19bf258f: 38 datasets; 5.2 s; peak memory 1102 MiB.
2026-10-07T05:30:26Z INFO [338/750] 596f3618-4183-4c40-8945-2ee289a6a822: 48 datasets; 1.5 s; peak memory 1102 MiB.
2026-10-07T05:30:28Z INFO [339/750] 59707586-1bee-4316-86ab-47f39c2bfbd9: 59 datasets; 1.9 s; peak memory 1102 MiB.
2026-10-07T05:30:30Z INFO [340/750] 5970eb0c-e9c3-485c-8d90-63b38a66152f: 66 datasets; 2.5 s; peak memory 1102 MiB.
2026-10-07T05:30:39Z INFO [341/750] 59718d92-4780-4e29-8ab8-93a8a83058c6: 615 datasets; 9.3 s; peak memory 1102 MiB.
2026-10-07T05:30:41Z INFO [342/750] 597248a4-b7d6-4607-b668-1d54edd5a561: 59 datasets; 1.4 s; peak memory 1102 MiB.
2026-10-07T05:30:43Z INFO [343/750] 5972f997-4156-4b1d-b4c1-10f5cb94996b: 131 datasets; 2.0 s; peak memory 1102 MiB.
2026-10-07T05:30:49Z INFO [344/750] 59740a5f-917d-43b7-baba-facbf432a95c: 2098 datasets; 6.2 s; peak memory 1102 MiB.
2026-10-07T05:30:51Z INFO [345/750] 59746ae2-b56a-4803-b60b-aa1af605f8eb: 48 datasets; 1.4 s; peak memory 1102 MiB.
2026-10-07T05:30:52Z INFO [346/750] 59747ea9-5015-40d4-ac74-e92a6236afe6: 48 datasets; 1.5 s; peak memory 1102 MiB.
2026-10-07T05:30:53Z INFO [347/750] 5974ed27-870e-45a3-97fc-ff5a843b253f: 48 datasets; 1.4 s; peak memory 1102 MiB.
2026-10-07T05:30:55Z INFO [348/750] 59767415-b078-4ce7-9018-f22d6a6f80f6: 33 datasets; 1.1 s; peak memory 1102 MiB.
2026-10-07T05:30:56Z INFO [349/750] 59769d03-aeee-40ab-ab87-3e58340a10d3: 48 datasets; 1.4 s; peak memory 1102 MiB.
2026-10-07T05:30:58Z INFO [350/750] 5976fbd2-cd6e-40d4-b951-817a2999d08c: 112 datasets; 2.1 s; peak memory 1102 MiB.
2026-10-07T05:30:58Z INFO [350/750] 5976fbd2-cd6e-40d4-b951-817a2999d08c: checkpointed 90185 records.
2026-10-07T05:31:00Z INFO [351/750] 5977bb63-53cd-4ea1-97f8-c6c3abd9a782: 46 datasets; 1.4 s; peak memory 1102 MiB.
2026-10-07T05:31:01Z INFO [352/750] 5977dad5-d49c-494d-8ea2-cd5142dc6b16: 52 datasets; 1.6 s; peak memory 1102 MiB.
2026-10-07T05:31:03Z INFO [353/750] 5977ddb6-4fbc-4565-9273-a93054bd3412: 48 datasets; 1.4 s; peak memory 1102 MiB.
2026-10-07T05:31:14Z INFO [354/750] 5977f903-5aa5-4199-b18c-cc1aaeaf659d: 749 datasets; 11.6 s; peak memory 1102 MiB.
2026-10-07T05:31:28Z INFO [355/750] 59782173-c444-4324-8e09-0009e0244b3c: 895 datasets; 14.0 s; peak memory 1102 MiB.
2026-10-07T05:31:44Z INFO [356/750] 59783c8d-5aff-4ba3-9147-243dabcb13f9: 1214 datasets; 16.2 s; peak memory 1102 MiB.
2026-10-07T05:31:46Z INFO [357/750] 59783e5d-6543-4681-aa9e-9d2a6afcf85d: 84 datasets; 1.6 s; peak memory 1102 MiB.
2026-10-07T05:31:47Z INFO [358/750] 59792a99-0fc3-40ea-8bd5-b896ee38e35d: 112 datasets; 1.3 s; peak memory 1102 MiB.
2026-10-07T05:32:11Z INFO [359/750] 597b24ee-8250-4103-9212-7c132ed5b18a: 522 datasets; 24.2 s; peak memory 1102 MiB.
2026-10-07T05:32:13Z INFO [360/750] 597b4405-2b35-4624-ac37-54c60acbb53b: 48 datasets; 1.6 s; peak memory 1102 MiB.
2026-10-07T05:32:25Z INFO [361/750] 597c3639-c4a6-4de4-89ef-c5cac86cc6a2: 369 datasets; 11.5 s; peak memory 1102 MiB.
2026-10-07T05:32:27Z INFO [362/750] 597c7a3d-7b85-426f-8c2e-eae8f51a991e: 106 datasets; 2.5 s; peak memory 1102 MiB.
2026-10-07T05:32:28Z INFO [363/750] 597c9d48-19e9-424b-8720-e71a8c9a1ce7: 48 datasets; 1.5 s; peak memory 1102 MiB.
2026-10-07T05:32:32Z INFO [364/750] 597cfc04-00a2-40d3-bf50-7484c3e9ebce: 71 datasets; 3.3 s; peak memory 1102 MiB.
2026-10-07T05:32:37Z INFO [365/750] 597d6abe-f455-4b57-891f-fcfe24cdf5cb: 106 datasets; 4.9 s; peak memory 1102 MiB.
2026-10-07T05:32:40Z INFO [366/750] 597e701b-c462-4f71-baf0-5edf40c24d49: 71 datasets; 2.9 s; peak memory 1102 MiB.
2026-10-07T05:32:41Z INFO [367/750] 597e7eda-0ff7-4df1-aa4d-575098b0bfc1: 117 datasets; 1.8 s; peak memory 1102 MiB.
2026-10-07T05:32:43Z INFO [368/750] 597f8a9a-9cc0-4413-ae0a-8fabec6df3ec: 117 datasets; 1.8 s; peak memory 1102 MiB.
2026-10-07T05:33:14Z INFO [369/750] 597fb719-c2bd-491d-affa-b0222ebd917e: 1802 datasets; 31.1 s; peak memory 1102 MiB.
2026-10-07T05:33:16Z INFO [370/750] 597fd04e-d9d9-49b3-a20f-de3c048a4217: 48 datasets; 1.3 s; peak memory 1102 MiB.
2026-10-07T05:33:17Z INFO [371/750] 5980e086-a606-406d-b34e-99d92b7b1009: 116 datasets; 1.6 s; peak memory 1102 MiB.
2026-10-07T05:33:19Z INFO [372/750] 59810d0f-f71b-4b03-a11a-d9da76422531: 117 datasets; 1.5 s; peak memory 1102 MiB.
2026-10-07T05:33:22Z INFO [373/750] 59817d03-4d3d-43f2-9e20-500eb3571a46: 115 datasets; 3.5 s; peak memory 1102 MiB.
2026-10-07T05:33:23Z INFO [374/750] 5981bf35-4eac-4e4f-b423-7df1dc130fd6: 56 datasets; 1.2 s; peak memory 1102 MiB.
2026-10-07T05:33:25Z INFO [375/750] 598270ea-e356-49a6-abbe-a82287b29b4f: 48 datasets; 1.5 s; peak memory 1102 MiB.
2026-10-07T05:33:27Z INFO [376/750] 59829fa6-d03a-4229-af79-90bb93bc00ff: 112 datasets; 2.4 s; peak memory 1102 MiB.
2026-10-07T05:33:29Z INFO [377/750] 5982fac8-6394-4cde-b226-84520f1c38f0: 118 datasets; 1.6 s; peak memory 1102 MiB.
2026-10-07T05:33:31Z INFO [378/750] 59838ca7-b75f-41d1-864a-caa629e50ef3: 72 datasets; 1.6 s; peak memory 1102 MiB.
2026-10-07T05:33:33Z INFO [379/750] 59838e26-ce20-4def-ac10-58b17d8b3e6f: 71 datasets; 2.8 s; peak memory 1102 MiB.
2026-10-07T05:33:37Z INFO [380/750] 598439e4-22e1-4424-bb85-ce2b6656669b: 114 datasets; 3.4 s; peak memory 1102 MiB.
2026-10-07T05:33:39Z INFO [381/750] 5984d5b1-a064-4c0b-ab2c-6b0710f0411b: 38 datasets; 2.2 s; peak memory 1102 MiB.
2026-10-07T05:33:40Z INFO [382/750] 5984ed11-3a64-44c5-ac09-4d2dcb550fbc: 42 datasets; 1.5 s; peak memory 1102 MiB.
2026-10-07T05:33:41Z INFO [383/750] 59854c3c-d7e7-4023-851c-62dfdc39e0ce: 51 datasets; 1.1 s; peak memory 1102 MiB.
2026-10-07T05:33:43Z INFO [384/750] 59867cfe-b955-442e-bdeb-847ebe8955d9: 79 datasets; 1.7 s; peak memory 1102 MiB.
2026-10-07T05:33:45Z INFO [385/750] 59874a02-ac65-4131-9320-0a115d60a86a: 118 datasets; 1.6 s; peak memory 1102 MiB.
2026-10-07T05:33:46Z INFO [386/750] 59877bc5-97b3-42c3-aefb-c58baf1d763a: 48 datasets; 1.4 s; peak memory 1102 MiB.
2026-10-07T05:33:48Z INFO [387/750] 598843ea-49ad-4f31-863a-4e4e69ad25d7: 112 datasets; 1.8 s; peak memory 1102 MiB.
2026-10-07T05:33:50Z INFO [388/750] 5989dcb4-093e-4c24-ac7e-7d331959292c: 112 datasets; 1.6 s; peak memory 1102 MiB.
2026-10-07T05:33:53Z INFO [389/750] 598a3e2c-d62f-4b7f-88ff-5a62f7d08945: 104 datasets; 3.8 s; peak memory 1102 MiB.
2026-10-07T05:33:56Z INFO [390/750] 598af552-8c8f-4a0c-bd83-5da7841be4a3: 119 datasets; 2.5 s; peak memory 1102 MiB.
2026-10-07T05:33:59Z INFO [391/750] 598b95ac-dc92-4102-8ca6-6feb581a8865: 150 datasets; 3.5 s; peak memory 1102 MiB.
2026-10-07T05:34:03Z INFO [392/750] 598bc71a-015b-4759-afb5-8bc9706a4d79: 115 datasets; 3.4 s; peak memory 1102 MiB.
2026-10-07T05:34:04Z INFO [393/750] 598c2347-e8a9-46ca-81dd-84226762fcb2: 55 datasets; 1.1 s; peak memory 1102 MiB.
2026-10-07T05:34:05Z INFO [394/750] 598f00b2-8a49-4ccd-97dd-ef8beaddcde0: 83 datasets; 1.2 s; peak memory 1102 MiB.
2026-10-07T05:34:06Z INFO [395/750] 598f27e9-6e53-4f8a-8992-9356dccb866e: 48 datasets; 1.4 s; peak memory 1102 MiB.
2026-10-07T05:34:07Z INFO [396/750] 598fe618-6fc4-4bab-94ed-2b45493d66b6: 46 datasets; 1.1 s; peak memory 1102 MiB.
2026-10-07T05:34:09Z INFO [397/750] 598ffdc3-edf3-4de2-9425-419b076491e4: 84 datasets; 1.4 s; peak memory 1102 MiB.
2026-10-07T05:34:11Z INFO [398/750] 5990386f-ec29-4034-adbe-9e694b2e2def: 71 datasets; 1.9 s; peak memory 1102 MiB.
2026-10-07T05:34:12Z INFO [399/750] 599085c8-a271-442b-bc6d-c059daa62224: 33 datasets; 1.0 s; peak memory 1102 MiB.
2026-10-07T05:34:14Z INFO [400/750] 5991460c-444e-4d0b-a894-5661bbc137af: 110 datasets; 2.1 s; peak memory 1102 MiB.
2026-10-07T05:34:14Z INFO [400/750] 5991460c-444e-4d0b-a894-5661bbc137af: checkpointed 90235 records.
2026-10-07T05:34:16Z INFO [401/750] 59916408-c8d8-4d10-8bbc-764c20c842c3: 93 datasets; 1.9 s; peak memory 1102 MiB.
2026-10-07T05:34:19Z INFO [402/750] 5991d875-2d86-44f0-a96b-6901a3517b69: 87 datasets; 3.3 s; peak memory 1102 MiB.
2026-10-07T05:34:21Z INFO [403/750] 5991dcef-0fb1-4d94-b4a0-b5fd736b3900: 65 datasets; 1.8 s; peak memory 1102 MiB.
2026-10-07T05:34:22Z INFO [404/750] 59922702-5ea5-4f2d-8969-ec98244c1f9f: 39 datasets; 1.4 s; peak memory 1102 MiB.
2026-10-07T05:34:24Z INFO [405/750] 5992298d-8b36-4f90-b690-06feb0b5e5a1: 55 datasets; 1.1 s; peak memory 1102 MiB.
2026-10-07T05:34:25Z INFO [406/750] 59929fee-1c49-4fe4-a420-ac58f7eb1839: 46 datasets; 1.0 s; peak memory 1102 MiB.
2026-10-07T05:34:32Z INFO [407/750] 5993fa63-5422-4a51-9e66-5a3251071f26: 46 datasets; 7.0 s; peak memory 1102 MiB.
2026-10-07T05:34:33Z INFO [408/750] 59944fe3-bd5d-4f9a-8407-979c69558759: 110 datasets; 1.9 s; peak memory 1102 MiB.
2026-10-07T05:34:35Z INFO [409/750] 59947a91-4b05-42ac-8c4f-7c698e0b1684: 48 datasets; 1.2 s; peak memory 1102 MiB.
2026-10-07T05:34:36Z INFO [410/750] 59952f54-97aa-4ee2-8228-6544894a7c18: 48 datasets; 1.3 s; peak memory 1102 MiB.
2026-10-07T05:34:44Z INFO [411/750] 5995adaf-08d4-449e-a6aa-a7c7e6d122df: 38 datasets; 7.9 s; peak memory 1102 MiB.
2026-10-07T05:34:45Z INFO [412/750] 5996005e-86d6-487b-90d5-ab1846f6d6f6: 112 datasets; 1.5 s; peak memory 1102 MiB.
2026-10-07T05:35:04Z INFO [413/750] 59963eae-59d4-4b7a-847a-951102c9965b: 1147 datasets; 19.0 s; peak memory 1102 MiB.
2026-10-07T05:35:12Z INFO [414/750] 59973850-b66e-48dd-a01d-b23e01091add: 223 datasets; 7.5 s; peak memory 1102 MiB.
2026-10-07T05:35:14Z INFO [415/750] 59983fa8-84eb-4a50-a6cc-dcb3c58198f0: 115 datasets; 1.6 s; peak memory 1102 MiB.
2026-10-07T05:35:15Z INFO [416/750] 59986a38-ca92-4fb8-a5d1-160ccfc7ec21: 48 datasets; 1.5 s; peak memory 1102 MiB.
2026-10-07T05:35:17Z INFO [417/750] 59988495-e884-4db3-81aa-0bad68122cb1: 69 datasets; 1.8 s; peak memory 1102 MiB.
2026-10-07T05:35:18Z INFO [418/750] 5998aad0-b7f2-47cd-a652-3c156396c910: 48 datasets; 1.3 s; peak memory 1102 MiB.
2026-10-07T05:35:21Z INFO [419/750] 599a0c34-bb9f-49ec-963b-829cc70e7b0c: 80 datasets; 3.1 s; peak memory 1102 MiB.
2026-10-07T05:35:24Z INFO [420/750] 599a8a93-0d75-4c32-abc3-97399b05a3f6: 71 datasets; 2.5 s; peak memory 1102 MiB.
2026-10-07T05:35:25Z INFO [421/750] 599acba2-e605-4c46-8ad7-b3f2e11c24f4: 118 datasets; 1.6 s; peak memory 1102 MiB.
2026-10-07T05:35:27Z INFO [422/750] 599b7209-f747-43a7-bca4-b80e520aa5d3: 66 datasets; 1.7 s; peak memory 1102 MiB.
2026-10-07T05:35:31Z INFO [423/750] 599b8726-d614-41ba-97c9-066f4744e313: 123 datasets; 3.9 s; peak memory 1102 MiB.
2026-10-07T05:35:32Z INFO [424/750] 599c477a-0c0a-472b-a00d-cfe0ee2f96ce: 45 datasets; 1.1 s; peak memory 1102 MiB.
2026-10-07T05:35:40Z INFO [425/750] 599ccc0a-2015-42ff-b526-f0afece960fc: 196 datasets; 7.9 s; peak memory 1102 MiB.
2026-10-07T05:35:42Z INFO [426/750] 599cd459-8fbf-4592-b546-637fb022efa5: 84 datasets; 1.8 s; peak memory 1102 MiB.
2026-10-07T05:35:43Z INFO [427/750] 599cda40-1772-4632-98a7-2888e27a83b3: 46 datasets; 1.4 s; peak memory 1102 MiB.
2026-10-07T05:36:41Z INFO [428/750] 599d152f-c0ae-4711-bb1d-6e5af94c0191: 52 datasets; 58.0 s; peak memory 1102 MiB.
2026-10-07T05:37:05Z INFO [429/750] 599e1d31-ffe4-4ec9-8c7c-7dbc07c38e7b: 48 datasets; 23.9 s; peak memory 1102 MiB.
2026-10-07T05:37:07Z INFO [430/750] 599ecdb6-31e6-4610-95b2-368a4bf4e024: 117 datasets; 1.5 s; peak memory 1102 MiB.
2026-10-07T05:37:08Z INFO [431/750] 599f0c89-8fed-4ee8-8dab-ca8c73e2addc: 118 datasets; 1.7 s; peak memory 1102 MiB.
2026-10-07T05:37:10Z INFO [432/750] 59a0aa2f-61dd-475d-97e4-3ed185d6c5ad: 59 datasets; 1.7 s; peak memory 1102 MiB.
2026-10-07T05:37:18Z INFO [433/750] 59a0b6b1-08ae-4742-8c99-6434c9769a8b: 538 datasets; 8.0 s; peak memory 1102 MiB.
2026-10-07T05:37:20Z INFO [434/750] 59a2d50b-6205-4038-9930-74d3e11b04d2: 48 datasets; 1.5 s; peak memory 1102 MiB.
2026-10-07T05:37:21Z INFO [435/750] 59a2db34-f846-4513-a2cc-08e4e944579b: 112 datasets; 2.0 s; peak memory 1102 MiB.
2026-10-07T05:37:23Z INFO [436/750] 59a2f1a2-1e3e-4a05-962e-c0ec7bdffbdc: 62 datasets; 1.8 s; peak memory 1102 MiB.
2026-10-07T05:37:25Z INFO [437/750] 59a2fabb-d149-4a9e-95ab-bdc6f5ab51c8: 52 datasets; 1.5 s; peak memory 1102 MiB.
2026-10-07T05:37:33Z INFO [438/750] 59a3a7cf-4f40-4a06-92cc-a7a0ceeff430: 661 datasets; 8.3 s; peak memory 1102 MiB.
2026-10-07T05:37:40Z INFO [439/750] 59a3ed29-8c1f-4b98-848d-16cafa4b8b1b: 530 datasets; 6.6 s; peak memory 1102 MiB.
2026-10-07T05:39:43Z INFO [440/750] 59a40893-068d-410c-a988-c089bcbd4d5e: 55 datasets; 123.6 s; peak memory 1102 MiB.
2026-10-07T05:39:44Z INFO [441/750] 59a50562-f2bd-4f2e-8ea5-eeadaea17fb6: 46 datasets; 1.0 s; peak memory 1102 MiB.
2026-10-07T05:39:45Z INFO [442/750] 59a54c4c-8f35-4c33-9780-a77f33ca37de: 46 datasets; 1.2 s; peak memory 1102 MiB.
2026-10-07T05:39:47Z INFO [443/750] 59a59432-6f76-419b-964d-9be954a19c5c: 48 datasets; 1.4 s; peak memory 1102 MiB.
2026-10-07T05:39:48Z INFO [444/750] 59a6b5ba-581a-40d3-abe5-ce124751daf8: 48 datasets; 1.3 s; peak memory 1102 MiB.
2026-10-07T05:39:50Z INFO [445/750] 59a6bb9e-2700-4930-9dff-c5215d582c20: 52 datasets; 1.6 s; peak memory 1102 MiB.
2026-10-07T05:39:51Z INFO [446/750] 59a7679a-1df5-4141-a698-6b3cabbda797: 48 datasets; 1.5 s; peak memory 1102 MiB.
2026-10-07T05:40:11Z INFO [447/750] 59a7d9a0-5fcd-44b9-a3e7-f927895d0241: 41 datasets; 20.1 s; peak memory 1102 MiB.
2026-10-07T05:40:13Z INFO [448/750] 59a80452-0e37-4bfa-b756-d32d188fa8d1: 48 datasets; 1.4 s; peak memory 1102 MiB.
2026-10-07T05:40:14Z INFO [449/750] 59a8d955-46c8-4678-84dd-d39cccd93cb2: 48 datasets; 1.4 s; peak memory 1102 MiB.
2026-10-07T05:40:16Z INFO [450/750] 59a923e0-353f-4d9c-b7e5-0de8afa20138: 51 datasets; 1.7 s; peak memory 1102 MiB.
2026-10-07T05:40:16Z INFO [450/750] 59a923e0-353f-4d9c-b7e5-0de8afa20138: checkpointed 90285 records.
2026-10-07T05:40:18Z INFO [451/750] 59a92401-ed59-438c-b59c-566a13de2c89: 64 datasets; 2.2 s; peak memory 1102 MiB.
2026-10-07T05:40:28Z INFO [452/750] 59a9fdee-2533-4569-8243-ddb7c9c2b661: 11477 datasets; 9.8 s; peak memory 1102 MiB.
2026-10-07T05:40:30Z INFO [453/750] 59aa5b24-c7e3-46a5-8700-0dce4535f53b: 112 datasets; 1.6 s; peak memory 1102 MiB.
2026-10-07T05:40:32Z INFO [454/750] 59ab2535-10da-44cc-b7d6-f8844df56623: 71 datasets; 2.2 s; peak memory 1102 MiB.
2026-10-07T05:40:34Z INFO [455/750] 59ab983a-8de1-4722-8172-c17058ec8924: 68 datasets; 1.9 s; peak memory 1102 MiB.
2026-10-07T05:40:35Z INFO [456/750] 59ac7ee0-b140-4d6a-848a-da9aa8441027: 47 datasets; 1.4 s; peak memory 1102 MiB.
2026-10-07T05:40:36Z INFO [457/750] 59aedace-a9c2-489d-bf60-e82786e1a5e5: 45 datasets; 1.2 s; peak memory 1102 MiB.
2026-10-07T05:40:39Z INFO [458/750] 59aeece8-f42c-46fa-9b73-fae5a16dbe44: 118 datasets; 2.9 s; peak memory 1102 MiB.
2026-10-07T05:40:41Z INFO [459/750] 59af443b-abcc-49b4-8813-aab331ff24f0: 45 datasets; 1.9 s; peak memory 1102 MiB.
2026-10-07T05:40:42Z INFO [460/750] 59b073c6-1593-4ad2-b611-d62b3682d0f0: 48 datasets; 1.3 s; peak memory 1102 MiB.
2026-10-07T05:40:54Z INFO [461/750] 59b0c3b0-0cc3-4c08-97a6-0d65facd0b54: 410 datasets; 11.7 s; peak memory 1102 MiB.
2026-10-07T05:40:55Z INFO [462/750] 59b132f0-2938-4193-bce3-b849f6cd890d: 117 datasets; 1.5 s; peak memory 1102 MiB.
2026-10-07T05:40:57Z INFO [463/750] 59b17c5b-282d-4abb-a978-e7b5a4425fb4: 39 datasets; 1.3 s; peak memory 1102 MiB.
2026-10-07T05:40:58Z INFO [464/750] 59b1c1bc-c1e6-4c82-8340-9e9612792ef3: 46 datasets; 1.1 s; peak memory 1102 MiB.
2026-10-07T05:41:00Z INFO [465/750] 59b1fc97-f54d-42e7-9654-b918c83bc382: 116 datasets; 1.7 s; peak memory 1102 MiB.
2026-10-07T05:41:01Z INFO [466/750] 59b284c9-98ee-485a-8ca6-2e8c7cb67b49: 65 datasets; 1.6 s; peak memory 1102 MiB.
2026-10-07T05:41:04Z INFO [467/750] 59b2b966-090e-40c5-bb81-4a7aa5602605: 123 datasets; 3.2 s; peak memory 1102 MiB.
2026-10-07T05:41:06Z INFO [468/750] 59b2e603-050c-45c2-8a32-6a1a24fbe11b: 48 datasets; 1.4 s; peak memory 1102 MiB.
2026-10-07T05:45:01Z INFO [469/750] 59b39d69-2477-4e45-89ec-ec81410381e6: 99 datasets; 234.7 s; peak memory 1102 MiB.
2026-10-07T05:45:02Z INFO [470/750] 59b47625-b00c-4814-ab2b-3503d4eb4063: 48 datasets; 1.3 s; peak memory 1102 MiB.
2026-10-07T05:45:04Z INFO [471/750] 59b4ad18-1ff1-4df5-8934-e5eaad3d62a3: 117 datasets; 1.8 s; peak memory 1102 MiB.
2026-10-07T05:45:11Z INFO [472/750] 59b4f6b9-6665-4666-8599-40f6da0bfe1d: 359 datasets; 7.3 s; peak memory 1102 MiB.
2026-10-07T05:45:12Z INFO [473/750] 59b589fa-2173-4420-bfeb-43c9f49f69a6: 117 datasets; 1.6 s; peak memory 1102 MiB.
2026-10-07T05:46:43Z INFO [474/750] 59b79daf-45c7-4155-af07-92422440f0f4: 13060 datasets; 90.4 s; peak memory 1102 MiB.
2026-10-07T05:46:45Z INFO [475/750] 59b7dd8c-49fc-4de6-ab07-09c73b50be1e: 117 datasets; 1.8 s; peak memory 1102 MiB.
2026-10-07T05:46:56Z INFO [476/750] 59b89153-0226-4512-8086-4b98c1586108: 107 datasets; 11.5 s; peak memory 1102 MiB.
2026-10-07T05:46:58Z INFO [477/750] 59b8a858-13b6-4d1d-9027-1e36b154a644: 48 datasets; 1.6 s; peak memory 1102 MiB.
2026-10-07T05:47:00Z INFO [478/750] 59b9e48b-0b0a-4ddf-8af1-53aaedc2be5b: 69 datasets; 2.1 s; peak memory 1102 MiB.
2026-10-07T05:47:17Z INFO [479/750] 59baa33e-b101-47fd-8cba-b9e0755f0ad7: 789 datasets; 17.7 s; peak memory 1102 MiB.
2026-10-07T05:47:19Z INFO [480/750] 59bac65d-fbd1-42b8-aafd-2df1e1115059: 48 datasets; 1.5 s; peak memory 1102 MiB.
2026-10-07T05:47:21Z INFO [481/750] 59bb60a3-4d7f-4f3f-b97c-183e486c8097: 78 datasets; 1.8 s; peak memory 1102 MiB.
2026-10-07T05:47:23Z INFO [482/750] 59bd5d21-d2c9-42ae-8b74-e95941e41572: 109 datasets; 2.0 s; peak memory 1102 MiB.
2026-10-07T05:47:29Z INFO [483/750] 59bdc9d1-7800-4330-b915-234cbff4df43: 225 datasets; 6.0 s; peak memory 1102 MiB.
2026-10-07T05:47:47Z INFO [484/750] 59be38c1-f1d5-4944-9b2e-1682c4594a53: 363 datasets; 18.0 s; peak memory 1102 MiB.
2026-10-07T05:47:48Z INFO [485/750] 59be5f5f-2edb-4638-bf67-7ace928ed006: 46 datasets; 1.0 s; peak memory 1102 MiB.
2026-10-07T05:47:50Z INFO [486/750] 59be6166-4c93-4efc-8ec1-5a42544e7f29: 69 datasets; 2.3 s; peak memory 1102 MiB.
2026-10-07T05:47:53Z INFO [487/750] 59bf4d91-b398-4678-8138-22aa5951afdc: 118 datasets; 2.9 s; peak memory 1102 MiB.
2026-10-07T05:48:28Z INFO [488/750] 59c00717-ffc7-4ca7-ab70-4e1c8572be39: 36 datasets; 34.8 s; peak memory 1102 MiB.
2026-10-07T05:48:29Z INFO [489/750] 59c0293c-2e4d-491f-aed2-c67ce9706c78: 48 datasets; 1.4 s; peak memory 1102 MiB.
2026-10-07T05:48:31Z INFO [490/750] 59c0412b-bf62-4e6b-aad4-460e62ead209: 116 datasets; 1.6 s; peak memory 1102 MiB.
2026-10-07T05:48:32Z INFO [491/750] 59c0b092-eba2-440f-8f42-c22bbe22888f: 48 datasets; 1.4 s; peak memory 1102 MiB.
2026-10-07T05:48:34Z INFO [492/750] 59c218e7-f87a-4ff6-8603-38fe1f82121f: 59 datasets; 1.7 s; peak memory 1102 MiB.
2026-10-07T05:48:35Z INFO [493/750] 59c2554d-37bb-4e93-82c7-893453717447: 33 datasets; 1.0 s; peak memory 1102 MiB.
2026-10-07T05:48:36Z INFO [494/750] 59c26a00-1a54-449c-9d94-0b6e6fa97a97: 48 datasets; 1.5 s; peak memory 1102 MiB.
2026-10-07T05:48:37Z INFO [495/750] 59c2a1bf-5a83-4134-9540-b53f80f32145: 57 datasets; 1.2 s; peak memory 1102 MiB.
2026-10-07T05:48:56Z INFO [496/750] 59c2aeae-da18-49ab-9b47-190d588b0e47: 824 datasets; 18.2 s; peak memory 1102 MiB.
2026-10-07T05:48:58Z INFO [497/750] 59c2f9a1-e8c6-4b4f-a7b9-2254aaefbe99: 71 datasets; 2.5 s; peak memory 1102 MiB.
2026-10-07T05:49:00Z INFO [498/750] 59c37283-d4b3-4c04-bea4-cd9403c48d00: 140 datasets; 1.6 s; peak memory 1102 MiB.
2026-10-07T05:49:01Z INFO [499/750] 59c40621-a0f7-4c0d-acd6-f6ad7a0c36b1: 48 datasets; 1.5 s; peak memory 1102 MiB.
2026-10-07T05:49:03Z INFO [500/750] 59c492e0-e95e-4aeb-a911-fea6e54911da: 48 datasets; 1.5 s; peak memory 1102 MiB.
2026-10-07T05:49:03Z INFO [500/750] 59c492e0-e95e-4aeb-a911-fea6e54911da: checkpointed 90335 records.
2026-10-07T05:49:06Z INFO [501/750] 59c5b045-3def-468c-a175-2498e301d5ab: 115 datasets; 3.1 s; peak memory 1102 MiB.
2026-10-07T05:49:07Z INFO [502/750] 59c5d747-0070-4998-ad91-b2712a7d699b: 44 datasets; 1.2 s; peak memory 1102 MiB.
2026-10-07T05:49:10Z INFO [503/750] 59c6c768-e207-48db-96ba-f6b9413cb95d: 115 datasets; 2.9 s; peak memory 1102 MiB.
2026-10-07T05:49:11Z INFO [504/750] 59c806b4-a6bc-4fb3-8f04-5cc49b374051: 35 datasets; 1.1 s; peak memory 1102 MiB.
2026-10-07T05:49:12Z INFO [505/750] 59c819ce-a874-440e-86f0-21588ae16886: 45 datasets; 1.1 s; peak memory 1102 MiB.
2026-10-07T05:49:15Z INFO [506/750] 59c8354e-24e8-4144-a84f-c7559e404d30: 184 datasets; 3.0 s; peak memory 1102 MiB.
2026-10-07T05:49:23Z INFO [507/750] 59c85599-1121-4135-ae74-e14bc0e4eadf: 38 datasets; 8.1 s; peak memory 1102 MiB.
2026-10-07T05:49:25Z INFO [508/750] 59c875c7-6a14-45a7-98b3-785e1b22471d: 68 datasets; 1.9 s; peak memory 1102 MiB.
2026-10-07T05:49:27Z INFO [509/750] 59c96d1c-f22e-4a96-82ac-6c20fe6708ae: 48 datasets; 1.4 s; peak memory 1102 MiB.
2026-10-07T05:49:29Z INFO [510/750] 59c98e27-3d5a-41f8-a0ef-31c473ca016a: 113 datasets; 2.9 s; peak memory 1102 MiB.
2026-10-07T05:49:31Z INFO [511/750] 59c98e2a-3dd4-4b04-b903-d68a35dbcc1f: 46 datasets; 1.1 s; peak memory 1102 MiB.
2026-10-07T05:49:33Z INFO [512/750] 59c9976a-a888-4cbf-9f91-8516a1e28500: 66 datasets; 2.2 s; peak memory 1102 MiB.
2026-10-07T05:49:35Z INFO [513/750] 59c9acd4-8359-4d1d-8357-613f0ceb41b1: 112 datasets; 1.9 s; peak memory 1102 MiB.
2026-10-07T05:49:38Z INFO [514/750] 59c9b857-21c2-4342-a168-39006e907533: 101 datasets; 3.4 s; peak memory 1102 MiB.
2026-10-07T05:49:43Z INFO [515/750] 59c9f019-8c0b-4e8d-8f83-66f5fe10bfcf: 92 datasets; 4.5 s; peak memory 1102 MiB.
2026-10-07T05:49:44Z INFO [516/750] 59ca48fa-3c3a-438b-8b3a-87ecf0f7757b: 56 datasets; 1.3 s; peak memory 1102 MiB.
2026-10-07T05:49:45Z INFO [517/750] 59cad54b-b526-40f5-95c7-f4009143da16: 117 datasets; 1.7 s; peak memory 1102 MiB.
2026-10-07T05:52:29Z INFO [518/750] 59cb8f6e-3df3-4d5e-afb9-8b75d21986ba: 198 datasets; 163.6 s; peak memory 1102 MiB.
2026-10-07T05:52:31Z INFO [519/750] 59cc12f2-87a4-41bb-b5ff-ba280b764fc3: 97 datasets; 2.3 s; peak memory 1102 MiB.
2026-10-07T05:52:33Z INFO [520/750] 59cc2456-2f56-4f75-9fe7-e1aa868a3ec7: 110 datasets; 2.0 s; peak memory 1102 MiB.
2026-10-07T05:52:46Z INFO [521/750] 59cc555c-cb18-435d-9e7a-0f1532901d68: 795 datasets; 12.9 s; peak memory 1102 MiB.
2026-10-07T05:52:59Z INFO [522/750] 59ccce03-5c25-499d-9c34-cfcae024ff15: 44 datasets; 12.5 s; peak memory 1102 MiB.
2026-10-07T05:53:02Z INFO [523/750] 59ce0dfd-20f9-4f9a-9186-d7f9461064ab: 116 datasets; 3.4 s; peak memory 1102 MiB.
2026-10-07T05:53:04Z INFO [524/750] 59ce8c58-29cb-4099-a77f-d12c2f9b74eb: 84 datasets; 1.4 s; peak memory 1102 MiB.
2026-10-07T05:53:05Z INFO [525/750] 59cedc70-f28a-4a82-8296-35395e8ceca7: 48 datasets; 1.5 s; peak memory 1102 MiB.
2026-10-07T05:53:16Z INFO [526/750] 59ceefcb-edd1-4ab6-95e5-4a20b6455190: 49 datasets; 10.6 s; peak memory 1102 MiB.
2026-10-07T05:53:17Z INFO [527/750] 59cf6ccf-f09a-41f0-a303-0cba4574a0de: 39 datasets; 1.8 s; peak memory 1102 MiB.
2026-10-07T05:53:20Z INFO [528/750] 59cfa8a4-3630-4a3f-a84f-977dfbef2ef2: 131 datasets; 2.2 s; peak memory 1102 MiB.
2026-10-07T05:53:27Z INFO [529/750] 59d0612b-e100-4186-9722-3d4ca73a78c3: 229 datasets; 7.7 s; peak memory 1102 MiB.
2026-10-07T05:53:29Z INFO [530/750] 59d155dc-0837-4287-87fb-7ac97e3bb0dc: 69 datasets; 2.0 s; peak memory 1102 MiB.
2026-10-07T05:53:31Z INFO [531/750] 59d184cf-e719-474c-ae7e-5ac258be964e: 112 datasets; 1.8 s; peak memory 1102 MiB.
2026-10-07T05:53:33Z INFO [532/750] 59d1cdf0-9074-4afa-be49-7a576384c9d5: 117 datasets; 1.8 s; peak memory 1102 MiB.
2026-10-07T05:53:36Z INFO [533/750] 59d2736a-c825-44ea-9272-5ef7f220d481: 38 datasets; 3.0 s; peak memory 1102 MiB.
2026-10-07T05:53:38Z INFO [534/750] 59d2fb65-4744-420f-a165-00cc9689a28a: 62 datasets; 1.6 s; peak memory 1102 MiB.
2026-10-07T05:53:39Z INFO [535/750] 59d42e1d-6d2b-4aff-8570-afebe4958823: 48 datasets; 1.3 s; peak memory 1102 MiB.
2026-10-07T05:53:40Z INFO [536/750] 59d5a321-cf62-45f4-8a52-8a786f296f98: 92 datasets; 1.6 s; peak memory 1102 MiB.
2026-10-07T05:53:42Z INFO [537/750] 59d6f64c-f091-426a-a123-9cb8feea0806: 46 datasets; 1.4 s; peak memory 1102 MiB.
2026-10-07T05:53:46Z INFO [538/750] 59d712a4-a514-4e7b-8606-63cea8e9d9a6: 156 datasets; 3.7 s; peak memory 1102 MiB.
2026-10-07T05:53:47Z INFO [539/750] 59d756fc-e2b2-458b-9d31-418b64433778: 116 datasets; 1.7 s; peak memory 1102 MiB.
2026-10-07T05:53:48Z INFO [540/750] 59d78b02-8020-4c5c-a20c-5d713000b3dc: 63 datasets; 1.2 s; peak memory 1102 MiB.
2026-10-07T05:53:52Z INFO [541/750] 59d7ac72-c7df-41a6-9148-bc55ce2516b9: 88 datasets; 3.8 s; peak memory 1102 MiB.
2026-10-07T05:53:54Z INFO [542/750] 59d86068-e98e-4b02-a9b8-0b0695ef2f15: 117 datasets; 1.7 s; peak memory 1102 MiB.
2026-10-07T05:54:05Z INFO [543/750] 59d9303e-45b4-473e-a59e-025edec3802c: 630 datasets; 11.5 s; peak memory 1102 MiB.
2026-10-07T05:54:07Z INFO [544/750] 59d9c01c-619d-4730-913c-e74113c5ed95: 49 datasets; 1.3 s; peak memory 1102 MiB.
2026-10-07T05:54:08Z INFO [545/750] 59d9d76a-4bee-4113-8109-c32004fb54bc: 48 datasets; 1.6 s; peak memory 1102 MiB.
2026-10-07T05:54:10Z INFO [546/750] 59da5c94-eff2-45d1-b4fd-8894178f2bf2: 69 datasets; 1.8 s; peak memory 1102 MiB.
2026-10-07T05:54:31Z INFO [547/750] 59da6ab2-056e-4d5b-a153-70cf98860e4d: 428 datasets; 21.1 s; peak memory 1102 MiB.
2026-10-07T05:54:33Z INFO [548/750] 59da8957-536c-4626-8c0c-f9cd66d17798: 118 datasets; 1.7 s; peak memory 1102 MiB.
2026-10-07T05:54:34Z INFO [549/750] 59da9f7d-316d-4e14-b9b5-0ce918f7c3f6: 48 datasets; 1.4 s; peak memory 1102 MiB.
2026-10-07T05:54:36Z INFO [550/750] 59dcaff5-4b83-4990-97fa-5d7094743f4c: 112 datasets; 2.1 s; peak memory 1102 MiB.
2026-10-07T05:54:37Z INFO [550/750] 59dcaff5-4b83-4990-97fa-5d7094743f4c: checkpointed 90385 records.
2026-10-07T05:54:44Z INFO [551/750] 59deaee4-d199-4b58-bbac-12f471e66441: 196 datasets; 7.3 s; peak memory 1102 MiB.
2026-10-07T05:58:55Z INFO [552/750] 59df5d92-95d6-4a98-be9e-1aa56fa0eddf: 283 datasets; 250.9 s; peak memory 1102 MiB.
2026-10-07T05:58:58Z INFO [553/750] 59df6b39-e6c1-40f9-8049-59e13c8bb896: 114 datasets; 3.1 s; peak memory 1102 MiB.
2026-10-07T05:59:03Z INFO [554/750] 59dfed76-7e52-4ed7-a861-683c1b043901: 55 datasets; 5.5 s; peak memory 1102 MiB.
2026-10-07T05:59:05Z INFO [555/750] 59e01519-72df-4dcb-b882-c6a0b675fcf3: 57 datasets; 1.2 s; peak memory 1102 MiB.
2026-10-07T05:59:07Z INFO [556/750] 59e0ae59-2749-4222-8b7a-61414150fae8: 119 datasets; 2.9 s; peak memory 1102 MiB.
2026-10-07T05:59:09Z INFO [557/750] 59e16722-cd2e-4c35-87b9-27841357b7eb: 117 datasets; 1.4 s; peak memory 1102 MiB.
2026-10-07T05:59:12Z INFO [558/750] 59e1f096-8186-4aa3-9f56-b44acdbbf6d3: 156 datasets; 3.5 s; peak memory 1102 MiB.
2026-10-07T05:59:14Z INFO [559/750] 59e2ac94-2c34-42f2-8581-ab993e70bef0: 112 datasets; 1.7 s; peak memory 1102 MiB.
2026-10-07T05:59:16Z INFO [560/750] 59e2c352-1488-43fe-a8e9-64a08e440d92: 48 datasets; 1.5 s; peak memory 1102 MiB.
2026-10-07T05:59:22Z INFO [561/750] 59e30edb-9805-47b6-ab29-2ef560fa1ad2: 223 datasets; 6.1 s; peak memory 1102 MiB.
2026-10-07T05:59:23Z INFO [562/750] 59e4e45a-190c-4edf-8a6b-7be12c73a2a4: 48 datasets; 1.4 s; peak memory 1102 MiB.
2026-10-07T05:59:26Z INFO [563/750] 59e56e3a-d1a6-4429-81b8-070fc19a5214: 115 datasets; 2.9 s; peak memory 1102 MiB.
2026-10-07T05:59:29Z INFO [564/750] 59e6e273-6641-4a3e-860c-5e11dffab127: 115 datasets; 3.1 s; peak memory 1102 MiB.
2026-10-07T05:59:31Z INFO [565/750] 59e7e668-f48e-40c4-8ee3-d6039bc06055: 48 datasets; 1.4 s; peak memory 1102 MiB.
2026-10-07T05:59:32Z INFO [566/750] 59e84ff9-80cb-432e-9ec2-cb73c5695537: 66 datasets; 1.7 s; peak memory 1102 MiB.
2026-10-07T05:59:55Z INFO [567/750] 59e86d10-7dc8-4486-9748-0354e85a6f08: 3043 datasets; 22.5 s; peak memory 1102 MiB.
2026-10-07T05:59:56Z INFO [568/750] 59e91e8b-1fdb-4e5f-a9b0-0933a22e7f81: 116 datasets; 1.7 s; peak memory 1102 MiB.
2026-10-07T05:59:58Z INFO [569/750] 59ea2c08-0716-4780-9156-a336ad79b147: 55 datasets; 1.2 s; peak memory 1102 MiB.
2026-10-07T05:59:59Z INFO [570/750] 59eadecf-d3a6-4aff-b8f5-e8e0de0896ba: 117 datasets; 1.9 s; peak memory 1102 MiB.
2026-10-07T06:00:04Z INFO [571/750] 59ebd367-9eb4-4a22-856e-442894c2b099: 283 datasets; 4.7 s; peak memory 1102 MiB.
2026-10-07T06:00:14Z INFO [572/750] 59ebf9b7-bb77-4725-8f15-908dc4705a72: 794 datasets; 10.1 s; peak memory 1102 MiB.
2026-10-07T06:00:16Z INFO [573/750] 59ebfe05-706b-42ec-a679-ab8bab1aedce: 132 datasets; 1.8 s; peak memory 1102 MiB.
2026-10-07T06:00:17Z INFO [574/750] 59ec3f2a-0074-4ddc-82ab-fffa722c73a6: 48 datasets; 1.4 s; peak memory 1102 MiB.
2026-10-07T06:00:41Z INFO [575/750] 59ec7c47-4190-49ed-b31c-1afa48ad6356: 48 datasets; 23.9 s; peak memory 1102 MiB.
2026-10-07T06:00:44Z INFO [576/750] 59ec9a43-704f-4d1c-ac3e-21032b935f0b: 71 datasets; 2.3 s; peak memory 1102 MiB.
2026-10-07T06:00:46Z INFO [577/750] 59ecb230-e7a6-46c1-97c9-b40fa1e6648f: 112 datasets; 2.0 s; peak memory 1102 MiB.
2026-10-07T06:00:47Z INFO [578/750] 59ee347b-8fa3-447b-aa33-a05dff299876: 48 datasets; 1.5 s; peak memory 1102 MiB.
2026-10-07T06:00:49Z INFO [579/750] 59eef640-53f0-4e63-a7a0-1bc400c9c242: 52 datasets; 1.6 s; peak memory 1102 MiB.
2026-10-07T06:00:52Z INFO [580/750] 59ef64ea-7434-4970-bfde-9b6997510dab: 156 datasets; 3.6 s; peak memory 1102 MiB.
2026-10-07T06:00:56Z INFO [581/750] 59efeba9-9739-42d3-b974-f1a8c457a6cb: 156 datasets; 3.5 s; peak memory 1102 MiB.
2026-10-07T06:00:58Z INFO [582/750] 59f006db-0d09-400e-b595-ff0c5c56682d: 64 datasets; 2.2 s; peak memory 1102 MiB.
2026-10-07T06:01:00Z INFO [583/750] 59f0638a-0ca6-492d-83d1-c51c0aa32e02: 66 datasets; 1.9 s; peak memory 1102 MiB.
2026-10-07T06:01:02Z INFO [584/750] 59f0b527-78e1-4972-a764-470ece6a2f36: 48 datasets; 1.6 s; peak memory 1102 MiB.
2026-10-07T06:01:05Z INFO [585/750] 59f1dda2-b62c-4cf7-b497-3027f005ae32: 114 datasets; 3.1 s; peak memory 1102 MiB.
2026-10-07T06:01:06Z INFO [586/750] 59f20a69-dfd2-4d12-8789-be01a7e5c184: 77 datasets; 1.6 s; peak memory 1102 MiB.
2026-10-07T06:01:08Z INFO [587/750] 59f2a988-73d8-4e5c-8be8-fd667fc26dde: 48 datasets; 1.4 s; peak memory 1102 MiB.
2026-10-07T06:01:10Z INFO [588/750] 59f2c5e7-3a9d-4ab7-ac46-7c3774c1dd2d: 74 datasets; 2.5 s; peak memory 1102 MiB.
2026-10-07T06:01:12Z INFO [589/750] 59f38b74-b9cb-4f78-bc69-d08bf28d6208: 112 datasets; 1.6 s; peak memory 1102 MiB.
2026-10-07T06:01:15Z INFO [590/750] 59f3ddc9-accc-416a-8d4d-87df4e6abff5: 38 datasets; 3.2 s; peak memory 1102 MiB.
2026-10-07T06:01:17Z INFO [591/750] 59f3ea51-d936-45fb-8f32-ef078ee15725: 75 datasets; 1.9 s; peak memory 1102 MiB.
2026-10-07T06:01:19Z INFO [592/750] 59f3fd22-e2c9-49d7-8ede-7a208c44b589: 116 datasets; 1.6 s; peak memory 1102 MiB.
2026-10-07T06:01:20Z INFO [593/750] 59f40ba1-1ba3-4c87-9973-bde3fdcc3357: 48 datasets; 1.3 s; peak memory 1102 MiB.
2026-10-07T06:01:39Z INFO [594/750] 59f440e2-b62a-4253-b419-43ba402e155c: 910 datasets; 18.8 s; peak memory 1102 MiB.
2026-10-07T06:01:40Z INFO [595/750] 59f447c5-50f2-4741-b51b-c88e192a7158: 117 datasets; 1.7 s; peak memory 1102 MiB.
2026-10-07T06:01:51Z INFO [596/750] 59f627c4-652c-4bfb-bcd3-5674c86b0a6e: 11477 datasets; 10.3 s; peak memory 1102 MiB.
2026-10-07T06:01:52Z INFO [597/750] 59f6375e-1155-4b9f-9be0-4e95e2d7d3b9: 116 datasets; 1.6 s; peak memory 1102 MiB.
2026-10-07T06:01:53Z INFO [598/750] 59f6fc74-ef58-4211-b272-a5b40f57d8e7: 53 datasets; 1.2 s; peak memory 1102 MiB.
2026-10-07T06:01:55Z INFO [599/750] 59f7e3e7-6dae-4fe1-b2ba-8e4d04babf0a: 118 datasets; 1.6 s; peak memory 1102 MiB.
2026-10-07T06:01:58Z INFO [600/750] 59f875fa-2eb4-4ffc-af38-4f1e5ffe85d3: 115 datasets; 3.1 s; peak memory 1102 MiB.
2026-10-07T06:01:58Z INFO [600/750] 59f875fa-2eb4-4ffc-af38-4f1e5ffe85d3: checkpointed 90435 records.
2026-10-07T06:02:00Z INFO [601/750] 59f91a53-e7bf-4a91-9541-6dc6542b93b7: 48 datasets; 1.5 s; peak memory 1102 MiB.
2026-10-07T06:02:02Z INFO [602/750] 59f98978-a3ae-4340-9aa4-69f06de2e57e: 112 datasets; 2.4 s; peak memory 1102 MiB.
2026-10-07T06:02:04Z INFO [603/750] 59fb11e0-f642-475e-bb0f-14dad1da982d: 48 datasets; 1.4 s; peak memory 1102 MiB.
2026-10-07T06:02:05Z INFO [604/750] 59fc3290-98de-4d5e-a5fe-4a4854066c68: 48 datasets; 1.4 s; peak memory 1102 MiB.
2026-10-07T06:02:07Z INFO [605/750] 59fd1612-eb21-410f-8647-23007cd914f1: 71 datasets; 2.4 s; peak memory 1102 MiB.
2026-10-07T06:02:09Z INFO [606/750] 59fdccf0-de0a-4b2d-8abe-7cf94b922007: 42 datasets; 1.7 s; peak memory 1102 MiB.
2026-10-07T06:02:11Z INFO [607/750] 59fe0140-a6df-4e06-8545-0449d0ebeab6: 37 datasets; 1.3 s; peak memory 1102 MiB.
2026-10-07T06:02:12Z INFO [608/750] 59fe40af-e8b6-4cd7-ba99-7c9304e3fc9b: 46 datasets; 1.2 s; peak memory 1102 MiB.
2026-10-07T06:02:16Z INFO [609/750] 59ff1e65-9ea9-4853-b8f1-ea5b0aa1b019: 153 datasets; 3.9 s; peak memory 1102 MiB.
2026-10-07T06:02:18Z INFO [610/750] 59ff92d3-75dc-4c7d-9b1f-973015591a5a: 112 datasets; 2.1 s; peak memory 1102 MiB.
2026-10-07T06:02:20Z INFO [611/750] 5a00fd6c-a9d4-4d04-9108-50529e790eac: 118 datasets; 1.7 s; peak memory 1102 MiB.
2026-10-07T06:02:27Z INFO [612/750] 5a01055c-3036-4546-8660-c42db8891b6a: 196 datasets; 7.6 s; peak memory 1102 MiB.
2026-10-07T06:05:10Z INFO [613/750] 5a0195a1-b5fd-458f-8a05-65c15ef5a1c1: 394 datasets; 162.7 s; peak memory 1102 MiB.
2026-10-07T06:05:11Z INFO [614/750] 5a027826-6ca3-4c51-bb48-724fbbf20713: 48 datasets; 1.4 s; peak memory 1102 MiB.
2026-10-07T06:05:13Z INFO [615/750] 5a02fb51-99bc-43bb-8b12-28d34c70d79c: 69 datasets; 1.6 s; peak memory 1102 MiB.
2026-10-07T06:05:16Z INFO [616/750] 5a042d1d-6e7a-4a06-99a8-d518e7b6d9dc: 115 datasets; 3.2 s; peak memory 1102 MiB.
2026-10-07T06:05:19Z INFO [617/750] 5a046a74-0d55-448c-a7a6-9ac0d2836e08: 110 datasets; 3.2 s; peak memory 1102 MiB.
2026-10-07T06:05:21Z INFO [618/750] 5a048ea4-0532-4f19-af9f-94b69bcc88ab: 51 datasets; 1.7 s; peak memory 1102 MiB.
2026-10-07T06:05:23Z INFO [619/750] 5a055763-8249-4ed5-8932-527e5eb7ed63: 66 datasets; 1.8 s; peak memory 1102 MiB.
2026-10-07T06:05:24Z INFO [620/750] 5a0557f8-cca7-4674-ab45-67838a57af79: 46 datasets; 1.1 s; peak memory 1102 MiB.
2026-10-07T06:05:25Z INFO [621/750] 5a05d524-c254-4e82-8b3b-26be76a0611b: 48 datasets; 1.4 s; peak memory 1102 MiB.
2026-10-07T06:05:27Z INFO [622/750] 5a063e55-0474-4eaa-a43f-2e8e5e9bf5ad: 121 datasets; 1.3 s; peak memory 1102 MiB.
2026-10-07T06:05:28Z INFO [623/750] 5a0691e3-4272-4747-98b0-24acef2cd1a2: 48 datasets; 1.4 s; peak memory 1102 MiB.
2026-10-07T06:05:48Z INFO [624/750] 5a06d459-d420-4142-af38-60b545702276: 432 datasets; 20.0 s; peak memory 1102 MiB.
2026-10-07T06:05:49Z INFO [625/750] 5a079ea7-ba33-49fb-86e3-ce4441b8ddaf: 48 datasets; 1.4 s; peak memory 1102 MiB.
2026-10-07T06:05:52Z INFO [626/750] 5a08003e-9844-45ac-9951-73b7e8cee845: 112 datasets; 2.2 s; peak memory 1102 MiB.
2026-10-07T06:06:01Z INFO [627/750] 5a08817f-4797-4848-be51-d9ed2cc961eb: 106 datasets; 9.3 s; peak memory 1102 MiB.
2026-10-07T06:06:02Z INFO [628/750] 5a08b674-6cf0-4e03-a7a6-32d281b34038: 48 datasets; 1.3 s; peak memory 1102 MiB.
2026-10-07T06:06:04Z INFO [629/750] 5a090d95-c580-4f2b-bd47-0faa0ad6ec16: 79 datasets; 1.7 s; peak memory 1102 MiB.
2026-10-07T06:06:06Z INFO [630/750] 5a0954ee-cda4-4408-8832-edaa5dda929a: 64 datasets; 2.0 s; peak memory 1102 MiB.
2026-10-07T06:06:08Z INFO [631/750] 5a09578c-5192-4ed6-bf08-88c8e7167ad1: 112 datasets; 2.2 s; peak memory 1102 MiB.
2026-10-07T06:06:09Z INFO [632/750] 5a09949c-9b1a-47e0-b628-e3870b5be5fb: 48 datasets; 1.3 s; peak memory 1102 MiB.
2026-10-07T06:06:11Z INFO [633/750] 5a09dd44-f7d9-4611-9843-e2454371cda7: 52 datasets; 1.5 s; peak memory 1102 MiB.
2026-10-07T06:06:12Z INFO [634/750] 5a0aabff-c22e-4451-96ca-0e212d92931e: 52 datasets; 1.1 s; peak memory 1102 MiB.
2026-10-07T06:06:14Z INFO [635/750] 5a0bbc39-a237-4025-954e-2268a2a70f17: 118 datasets; 1.7 s; peak memory 1102 MiB.
2026-10-07T06:06:16Z INFO [636/750] 5a0c7e88-2be5-4f01-bf11-e9717e3892fe: 116 datasets; 1.8 s; peak memory 1102 MiB.
2026-10-07T06:06:39Z INFO [637/750] 5a0cdc28-0ff8-4be4-b1ac-00b2043ae9a1: 48 datasets; 23.8 s; peak memory 1102 MiB.
2026-10-07T06:06:40Z INFO [638/750] 5a0d31b6-7624-4baa-bbc6-ad6e70f7e1a6: 46 datasets; 1.1 s; peak memory 1102 MiB.
2026-10-07T06:06:43Z INFO [639/750] 5a0e7cc1-208a-4d84-82de-0f16e576c030: 112 datasets; 2.3 s; peak memory 1102 MiB.
2026-10-07T06:06:46Z INFO [640/750] 5a0f9f58-d014-4654-bab0-12a3cd5d9894: 115 datasets; 3.2 s; peak memory 1102 MiB.
2026-10-07T06:06:47Z INFO [641/750] 5a0fa3be-0c4b-46fe-8231-5967184af48e: 48 datasets; 1.4 s; peak memory 1102 MiB.
2026-10-07T06:07:00Z INFO [642/750] 5a122190-a95f-4d9d-89a3-b772581ff537: 802 datasets; 12.4 s; peak memory 1102 MiB.
2026-10-07T06:07:02Z INFO [643/750] 5a1381d7-055f-4c1a-8f1a-a83873419efd: 71 datasets; 2.2 s; peak memory 1102 MiB.
2026-10-07T06:07:04Z INFO [644/750] 5a138ad2-bf95-4093-861c-7abdcd6be936: 74 datasets; 1.5 s; peak memory 1102 MiB.
2026-10-07T06:07:05Z INFO [645/750] 5a13de66-5d21-4e74-82ab-e2aaec99ca35: 116 datasets; 1.5 s; peak memory 1102 MiB.
2026-10-07T06:07:06Z INFO [646/750] 5a1452f2-1a24-4df1-8d11-d4f465219664: 48 datasets; 1.3 s; peak memory 1102 MiB.
2026-10-07T06:07:09Z INFO [647/750] 5a148070-9efe-4906-9cd0-c95ffe7e99e3: 71 datasets; 2.9 s; peak memory 1102 MiB.
2026-10-07T06:07:11Z INFO [648/750] 5a14ad20-a739-47a4-b12a-f03bd7b8caed: 48 datasets; 1.5 s; peak memory 1102 MiB.
2026-10-07T06:07:14Z INFO [649/750] 5a15119a-2d6a-4843-8912-f29d472f25b8: 71 datasets; 2.8 s; peak memory 1102 MiB.
2026-10-07T06:07:15Z INFO [650/750] 5a15e946-8d37-48d9-8b57-53e25497d32c: 62 datasets; 1.7 s; peak memory 1102 MiB.
2026-10-07T06:07:16Z INFO [650/750] 5a15e946-8d37-48d9-8b57-53e25497d32c: checkpointed 90485 records.
2026-10-07T06:07:29Z INFO [651/750] 5a1705b5-c96f-4b31-a1da-e1e2c0beeafb: 1378 datasets; 13.6 s; peak memory 1102 MiB.
2026-10-07T06:07:32Z INFO [652/750] 5a1747db-79c1-438d-abdf-d079744f1267: 118 datasets; 2.5 s; peak memory 1102 MiB.
2026-10-07T06:07:33Z INFO [653/750] 5a175559-2e1f-4d25-b689-8c08910d0cb6: 65 datasets; 1.4 s; peak memory 1102 MiB.
2026-10-07T06:07:35Z INFO [654/750] 5a175df3-301e-49a7-8e45-12839e23c657: 117 datasets; 1.8 s; peak memory 1102 MiB.
2026-10-07T06:12:45Z INFO [655/750] 5a179ea4-fdcf-4fc1-8c9a-37e88fe0e84a: 283 datasets; 310.1 s; peak memory 1102 MiB.
2026-10-07T06:12:47Z INFO [656/750] 5a186be7-9491-48cf-8d78-ed4d810ae297: 55 datasets; 2.0 s; peak memory 1102 MiB.
2026-10-07T06:12:48Z INFO [657/750] 5a18ee09-abb9-4da0-b80e-99be3c80d100: 48 datasets; 1.5 s; peak memory 1102 MiB.
2026-10-07T06:12:50Z INFO [658/750] 5a19e621-541f-46a0-aafa-e045aa076a3b: 46 datasets; 1.3 s; peak memory 1102 MiB.
2026-10-07T06:12:51Z INFO [659/750] 5a1abdb6-73d1-4280-9ef3-ec601b30b551: 49 datasets; 1.6 s; peak memory 1102 MiB.
2026-10-07T06:12:53Z INFO [660/750] 5a1b4592-a808-4bde-aac4-eeec8ba8baf0: 112 datasets; 1.7 s; peak memory 1102 MiB.
2026-10-07T06:12:56Z INFO [661/750] 5a1bb398-ade6-4a4a-a645-1c071c38738f: 117 datasets; 2.8 s; peak memory 1102 MiB.
2026-10-07T06:12:57Z INFO [662/750] 5a1c0520-9aa3-496b-a3f6-65cf72ec19b5: 51 datasets; 1.6 s; peak memory 1102 MiB.
2026-10-07T06:12:59Z INFO [663/750] 5a1c234b-68f3-4494-8abc-b7179c14cd69: 71 datasets; 1.8 s; peak memory 1102 MiB.
2026-10-07T06:13:01Z INFO [664/750] 5a1cb121-4090-4617-86f7-46b98661e682: 38 datasets; 1.3 s; peak memory 1102 MiB.
2026-10-07T06:13:02Z INFO [665/750] 5a1e00f9-f115-4c50-88be-dd8615e1be23: 61 datasets; 1.7 s; peak memory 1102 MiB.
2026-10-07T06:13:03Z INFO [666/750] 5a1eb836-7d7c-4faa-9cd2-a896c6095213: 46 datasets; 1.1 s; peak memory 1102 MiB.
2026-10-07T06:13:06Z INFO [667/750] 5a1edefc-e76b-4611-ba36-28222d1fc36d: 87 datasets; 2.5 s; peak memory 1102 MiB.
2026-10-07T06:13:08Z INFO [668/750] 5a1f205c-3868-4602-bd6b-9942ee115b1b: 42 datasets; 1.8 s; peak memory 1102 MiB.
2026-10-07T06:13:10Z INFO [669/750] 5a200bd1-90f8-4dc9-a797-2f02affef1c7: 112 datasets; 2.3 s; peak memory 1102 MiB.
2026-10-07T06:13:12Z INFO [670/750] 5a2028cc-e739-472f-a61a-df83eb1be2a9: 275 datasets; 1.8 s; peak memory 1102 MiB.
2026-10-07T06:13:13Z INFO [671/750] 5a20c36e-fb0d-4b25-9017-186a9afa2a5b: 52 datasets; 1.3 s; peak memory 1102 MiB.
2026-10-07T06:13:14Z INFO [672/750] 5a22128d-eefc-4e3f-ab9f-6bc9ee391a60: 46 datasets; 1.1 s; peak memory 1102 MiB.
2026-10-07T06:13:16Z INFO [673/750] 5a22689e-c6b8-43c3-aa71-82f6d2ec25a6: 117 datasets; 1.7 s; peak memory 1102 MiB.
2026-10-07T06:13:19Z INFO [674/750] 5a23b2be-c3cc-465b-8b77-15deaa71e8ea: 116 datasets; 3.3 s; peak memory 1102 MiB.
2026-10-07T06:13:21Z INFO [675/750] 5a24338e-4c15-4b84-b8d6-8dbbd2c8f09c: 71 datasets; 2.2 s; peak memory 1102 MiB.
2026-10-07T06:13:23Z INFO [676/750] 5a2451dc-3df0-462b-bc3b-976c6450415f: 117 datasets; 1.9 s; peak memory 1102 MiB.
2026-10-07T06:13:30Z INFO [677/750] 5a245c52-edd5-4e99-aad5-b9564feb38fd: 208 datasets; 6.6 s; peak memory 1102 MiB.
2026-10-07T06:13:31Z INFO [678/750] 5a24a952-a025-4b3d-a618-08b020850fdb: 52 datasets; 1.5 s; peak memory 1102 MiB.
2026-10-07T06:13:33Z INFO [679/750] 5a24b31e-070d-4dd2-8733-31d2ed30d283: 116 datasets; 1.7 s; peak memory 1102 MiB.
2026-10-07T06:13:35Z INFO [680/750] 5a24dced-5dd1-4b76-bf34-4f19b86b73ce: 65 datasets; 2.0 s; peak memory 1102 MiB.
2026-10-07T06:13:37Z INFO [681/750] 5a25f400-d92c-424a-8331-0eee6183582a: 116 datasets; 1.8 s; peak memory 1102 MiB.
2026-10-07T06:13:38Z INFO [682/750] 5a2674ee-a244-46b2-9158-ecb529045a64: 48 datasets; 1.3 s; peak memory 1102 MiB.
2026-10-07T06:13:40Z INFO [683/750] 5a267c25-f747-4f09-9bca-60d107429288: 116 datasets; 1.5 s; peak memory 1102 MiB.
2026-10-07T06:13:43Z INFO [684/750] 5a26bb2d-5ac6-4e95-b0ca-c7381f030aa1: 85 datasets; 3.8 s; peak memory 1102 MiB.
2026-10-07T06:13:45Z INFO [685/750] 5a2711d0-149c-439d-939f-44423ed22402: 78 datasets; 1.6 s; peak memory 1102 MiB.
2026-10-07T06:13:46Z INFO [686/750] 5a279489-38f6-4d94-a458-c6577a42f16c: 46 datasets; 1.0 s; peak memory 1102 MiB.
2026-10-07T06:13:49Z INFO [687/750] 5a2812cf-7be7-4dc4-a696-060e16b6eb6a: 103 datasets; 3.2 s; peak memory 1102 MiB.
2026-10-07T06:13:51Z INFO [688/750] 5a282bc6-92d6-4ed2-b925-eac126d37862: 112 datasets; 1.7 s; peak memory 1102 MiB.
2026-10-07T06:13:52Z INFO [689/750] 5a283a20-eab3-40b4-b246-87e01b90c6cd: 117 datasets; 1.4 s; peak memory 1102 MiB.
2026-10-07T06:13:54Z INFO [690/750] 5a288849-26a4-4942-9e94-65b0e6a4681c: 46 datasets; 1.6 s; peak memory 1102 MiB.
2026-10-07T06:14:03Z INFO [691/750] 5a29dc87-a928-4864-a7b2-592737520777: 538 datasets; 8.6 s; peak memory 1102 MiB.
2026-10-07T06:14:15Z INFO [692/750] 5a2a1714-8340-48de-8702-d0191af27991: 735 datasets; 12.0 s; peak memory 1102 MiB.
2026-10-07T06:14:23Z INFO [693/750] 5a2a30bf-437f-426e-b56f-bdab5385d419: 49 datasets; 8.3 s; peak memory 1102 MiB.
2026-10-07T06:15:32Z INFO [694/750] 5a2a3ac6-0c32-44e3-a3a2-e70370aab514: 7433 datasets; 69.1 s; peak memory 1102 MiB.
2026-10-07T06:15:33Z INFO [695/750] 5a2a4b02-0469-4153-8117-e2926635238d: 48 datasets; 1.5 s; peak memory 1102 MiB.
2026-10-07T06:15:35Z INFO [696/750] 5a2b4491-98b6-4a64-a7de-e69d59d57c4c: 117 datasets; 1.6 s; peak memory 1102 MiB.
2026-10-07T06:15:37Z INFO [697/750] 5a2b557c-cacc-4058-8db7-a4e71f5e64e1: 78 datasets; 1.8 s; peak memory 1102 MiB.
2026-10-07T06:15:38Z INFO [698/750] 5a2d1eb2-d660-4e05-ad72-f1d4e87b574c: 48 datasets; 1.4 s; peak memory 1102 MiB.
2026-10-07T06:15:39Z INFO [699/750] 5a2dcc59-6e30-41ed-8794-69d0cae3f084: 46 datasets; 1.2 s; peak memory 1102 MiB.
2026-10-07T06:17:14Z INFO [700/750] 5a2e6887-16f5-4791-b3d7-9a20edcb15bc: 58 datasets; 95.0 s; peak memory 1102 MiB.
2026-10-07T06:17:15Z INFO [700/750] 5a2e6887-16f5-4791-b3d7-9a20edcb15bc: checkpointed 90535 records.
2026-10-07T06:17:16Z INFO [701/750] 5a2fc430-683d-474a-a1cf-b1d1d1e62e38: 51 datasets; 1.9 s; peak memory 1102 MiB.
2026-10-07T06:17:41Z INFO [702/750] 5a307164-6f8f-4f43-b90d-29e3e5e9bb68: 48 datasets; 24.5 s; peak memory 1102 MiB.
2026-10-07T07:21:23Z INFO [703/750] 5a30724a-846f-4c17-aa40-980a6c7b34b7: 2156 datasets; 3822.0 s; peak memory 1233 MiB.
2026-10-07T07:21:25Z INFO [704/750] 5a3076cf-aded-48dd-94e3-8a5c90ceae39: 118 datasets; 1.8 s; peak memory 1233 MiB.
2026-10-07T07:21:28Z INFO [705/750] 5a30e29c-aa57-42da-89e6-58492c4dc4e8: 71 datasets; 3.0 s; peak memory 1233 MiB.
2026-10-07T07:21:30Z INFO [706/750] 5a321828-7a44-4505-a0c2-33abe92ff908: 112 datasets; 2.3 s; peak memory 1233 MiB.
2026-10-07T07:21:31Z INFO [707/750] 5a322074-4d01-416d-a541-a5e0aa6fe504: 56 datasets; 1.2 s; peak memory 1233 MiB.
2026-10-07T07:21:43Z INFO [708/750] 5a326d15-2ab0-4666-b18e-9201a2578799: 909 datasets; 11.6 s; peak memory 1233 MiB.
2026-10-07T07:21:52Z INFO [709/750] 5a32df4a-3a2b-44fd-a52b-5a05f983996e: 790 datasets; 9.3 s; peak memory 1233 MiB.
2026-10-07T07:21:54Z INFO [710/750] 5a32e98f-37d5-4805-bf87-7e2e0f1a4813: 116 datasets; 1.6 s; peak memory 1233 MiB.
2026-10-07T07:21:55Z INFO [711/750] 5a32fc56-b104-4128-88e9-805d5f5eb976: 116 datasets; 1.5 s; peak memory 1233 MiB.
2026-10-07T07:21:58Z INFO [712/750] 5a33c95a-7c3e-45fa-be0f-a6c2e1706049: 114 datasets; 3.2 s; peak memory 1233 MiB.
2026-10-07T07:22:00Z INFO [713/750] 5a33c9b3-a97e-4e5b-8178-89e450c125e8: 117 datasets; 1.5 s; peak memory 1233 MiB.
2026-10-07T07:22:01Z INFO [714/750] 5a34d6f2-21c8-47fa-9e53-3f919f194efc: 118 datasets; 1.5 s; peak memory 1233 MiB.
2026-10-07T07:22:03Z INFO [715/750] 5a35ba8f-3e61-4112-b07a-f71982854de6: 48 datasets; 1.3 s; peak memory 1233 MiB.
2026-10-07T07:22:15Z INFO [716/750] 5a35c719-b81b-44b2-8d13-89ce9ba1a9cb: 735 datasets; 12.5 s; peak memory 1233 MiB.
2026-10-07T07:22:16Z INFO [717/750] 5a3601f4-1be2-469e-99d0-0bc2a3ce1af4: 48 datasets; 1.3 s; peak memory 1233 MiB.
2026-10-07T07:22:18Z INFO [718/750] 5a36249b-bb52-442d-9b70-4246036a7e8b: 118 datasets; 1.9 s; peak memory 1233 MiB.
2026-10-07T07:22:21Z INFO [719/750] 5a3762d8-7afa-47c1-bf2d-0661a492ee74: 112 datasets; 2.3 s; peak memory 1233 MiB.
2026-10-07T07:22:22Z INFO [720/750] 5a37b323-dc6f-47bf-903e-0328e8495c7f: 48 datasets; 1.5 s; peak memory 1233 MiB.
2026-10-07T07:24:50Z INFO [721/750] 5a37fa85-5265-4ff4-bd25-4c435df59b56: 167 datasets; 147.7 s; peak memory 1233 MiB.
2026-10-07T07:24:51Z INFO [722/750] 5a3940a8-287d-4305-859f-3e2b578711de: 55 datasets; 1.3 s; peak memory 1233 MiB.
2026-10-07T07:24:53Z INFO [723/750] 5a398e66-fa9a-492a-9bb4-c03861ec5e64: 48 datasets; 1.5 s; peak memory 1233 MiB.
2026-10-07T07:24:55Z INFO [724/750] 5a399490-af5b-4a3c-9453-29d4041361c1: 70 datasets; 2.0 s; peak memory 1233 MiB.
2026-10-07T07:24:56Z INFO [725/750] 5a39c61e-a26e-48b5-b00d-a27a360899cc: 43 datasets; 1.4 s; peak memory 1233 MiB.
2026-10-07T07:24:58Z INFO [726/750] 5a3a25e4-591e-47d8-8d62-e654a63280ae: 66 datasets; 2.0 s; peak memory 1233 MiB.
2026-10-07T07:24:59Z INFO [727/750] 5a3abf87-0168-49a0-8a6e-24e10732faac: 48 datasets; 1.4 s; peak memory 1233 MiB.
2026-10-07T07:25:15Z INFO [728/750] 5a3ade54-f8af-4a0b-8561-bb521d1a19c9: 795 datasets; 15.8 s; peak memory 1233 MiB.
2026-10-07T07:25:16Z INFO [729/750] 5a3ae88f-7e23-428f-b3d5-63cecec2aae6: 48 datasets; 1.4 s; peak memory 1233 MiB.
2026-10-07T07:25:18Z INFO [730/750] 5a3b39ef-31f6-4bf1-adf1-ab6d1e7c7c7a: 71 datasets; 1.9 s; peak memory 1233 MiB.
2026-10-07T07:25:25Z INFO [731/750] 5a3c4ff4-8596-402b-bc80-9b2f043a3f43: 200 datasets; 6.6 s; peak memory 1233 MiB.
2026-10-07T07:25:33Z INFO [732/750] 5a3c5cb7-8726-4062-930c-107efd183fd7: 282 datasets; 7.9 s; peak memory 1233 MiB.
2026-10-07T07:25:34Z INFO [733/750] 5a3df9ea-f007-44ae-b0ef-e9a869519ee2: 48 datasets; 1.4 s; peak memory 1233 MiB.
2026-10-07T07:25:36Z INFO [734/750] 5a3e7851-5522-423f-aa0e-dff9a6fc51a1: 116 datasets; 1.9 s; peak memory 1233 MiB.
2026-10-07T07:25:38Z INFO [735/750] 5a4101df-6be7-4793-b9c3-b1acdbc7d449: 118 datasets; 1.7 s; peak memory 1233 MiB.
2026-10-07T07:26:12Z INFO [736/750] 5a41410a-5db3-4081-a21c-6d7551aafeca: 1466 datasets; 33.7 s; peak memory 1233 MiB.
2026-10-07T07:26:17Z INFO [737/750] 5a421614-ee8b-4f84-8e47-b83b090a8018: 168 datasets; 5.9 s; peak memory 1233 MiB.
2026-10-07T07:26:19Z INFO [738/750] 5a427167-ff9c-4557-a457-07ea001b1d65: 84 datasets; 1.4 s; peak memory 1233 MiB.
2026-10-07T07:26:20Z INFO [739/750] 5a42e9aa-396c-4ff7-92bd-697a3bf81295: 48 datasets; 1.3 s; peak memory 1233 MiB.
2026-10-07T07:26:22Z INFO [740/750] 5a43b59d-de38-4cec-8582-6c937981cdc2: 70 datasets; 1.7 s; peak memory 1233 MiB.
2026-10-07T07:26:23Z INFO [741/750] 5a43c37f-4cd8-4fab-a171-d62f6428d81b: 121 datasets; 1.3 s; peak memory 1233 MiB.
2026-10-07T07:26:24Z INFO [742/750] 5a441207-d904-44ee-ab22-6a596e4e529a: 45 datasets; 1.1 s; peak memory 1233 MiB.
2026-10-07T07:26:26Z INFO [743/750] 5a442bb7-7e1f-4c1c-a5f9-18df5984a1a9: 71 datasets; 2.2 s; peak memory 1233 MiB.
2026-10-07T07:26:28Z INFO [744/750] 5a4470ac-18ac-4afb-86af-84018f401fea: 64 datasets; 2.0 s; peak memory 1233 MiB.
2026-10-07T08:00:06Z INFO [745/750] 5a457c2d-da67-4667-9f96-c4487cb7ba0f: 99 datasets; 2017.6 s; peak memory 1234 MiB.
2026-10-07T08:00:09Z INFO [746/750] 5a464eb0-7057-45b0-92e8-d8f505e212ae: 146 datasets; 2.9 s; peak memory 1234 MiB.
2026-10-07T08:00:10Z INFO [747/750] 5a4652e1-0e70-4acf-b7ad-a995f14ff063: 42 datasets; 1.6 s; peak memory 1234 MiB.
2026-10-07T08:00:12Z INFO [748/750] 5a467092-0a47-4293-878f-5777c92283ec: 117 datasets; 1.8 s; peak memory 1234 MiB.
2026-10-07T08:00:14Z INFO [749/750] 5a4720eb-c719-43c0-90bd-3802454fe882: 48 datasets; 1.4 s; peak memory 1234 MiB.
2026-10-07T08:00:15Z INFO [750/750] 5a472d59-0a2a-4669-b24d-7298e9b23e9d: 118 datasets; 1.7 s; peak memory 1234 MiB.
2026-10-07T08:00:15Z INFO [750/750] 5a472d59-0a2a-4669-b24d-7298e9b23e9d: checkpointed 90585 records.
2026-10-07T08:00:16Z INFO Wrote 90585 records to /tmp/derivatives/valid_nwb_file_to_number_of_datasets.jsonl (750 new, 0 failed) in 197.4 min (peak memory 1234 MiB).
