2026-09-29T19:14:58Z INFO Logging to /tmp/logs/update_2026-09-29T19-14-58Z.log.
2026-09-29T19:14:58Z INFO Update valid-nwb-file-to-number-of-datasets (base directory /tmp).
2026-09-29T19:14:58Z INFO Processing 363 items (61367 already recorded).
2026-09-29T19:15:00Z INFO [1/363] 1e0abbd4-bfe3-4d5e-a4d1-8902ec3ad842: 112 datasets; 1.3 s; peak memory 105 MiB.
2026-09-29T19:15:01Z INFO [2/363] 1e0b7be5-8d76-4577-a01d-3cbb39f2744c: 117 datasets; 0.9 s; peak memory 105 MiB.
2026-09-29T19:15:02Z INFO [3/363] 1e0c0329-72a4-45b4-9b48-5681032c226a: 230 datasets; 1.0 s; peak memory 106 MiB.
2026-09-29T19:15:02Z INFO [4/363] 1e0c68d5-45cc-4232-93fe-2e1a9fa7b2fb: 64 datasets; 0.8 s; peak memory 106 MiB.
2026-09-29T19:15:03Z INFO [5/363] 1e0c6abc-37e6-4c04-b38f-4b070ec7c9c9: 50 datasets; 0.6 s; peak memory 107 MiB.
2026-09-29T19:15:04Z INFO [6/363] 1e0d1816-7435-4a76-8a9a-5bbeba83c2c5: 112 datasets; 1.0 s; peak memory 108 MiB.
2026-09-29T19:15:05Z INFO [7/363] 1e0d8f23-0580-4956-bab1-6b2793988f96: 109 datasets; 1.1 s; peak memory 108 MiB.
2026-09-29T19:15:06Z INFO [8/363] 1e0e29c2-c72c-4dca-9872-7faf21d1b69d: 48 datasets; 1.0 s; peak memory 108 MiB.
2026-09-29T19:15:07Z INFO [9/363] 1e0e3b1e-0293-4025-9fb7-a563450e9a40: 48 datasets; 0.9 s; peak memory 108 MiB.
2026-09-29T19:15:08Z INFO [10/363] 1e0f46aa-0a8e-430a-b1be-4f38c59c4f18: 118 datasets; 0.7 s; peak memory 108 MiB.
2026-09-29T19:15:09Z INFO [11/363] 1e0fb6f3-6cbe-4984-8b5c-a1b1f8c9cfc1: 112 datasets; 1.0 s; peak memory 108 MiB.
2026-09-29T19:15:17Z INFO [12/363] 1e10c127-d510-4de6-bead-84b57ee0e381: 1232 datasets; 8.6 s; peak memory 155 MiB.
2026-09-29T19:15:18Z INFO [13/363] 1e1128fb-df62-4a27-ab8a-9d9500b095bc: 110 datasets; 1.1 s; peak memory 155 MiB.
2026-09-29T19:17:23Z INFO [14/363] 1e127b84-aad4-4348-a258-e831ce1087a7: 167 datasets; 124.2 s; peak memory 271 MiB.
2026-09-29T19:17:41Z INFO [15/363] 1e13c09e-a93b-4abb-950a-823f6968beb0: 3824 datasets; 18.1 s; peak memory 271 MiB.
2026-09-29T19:17:42Z INFO [16/363] 1e13c8d7-c0ae-4cd6-be9a-bd65284a95bb: 48 datasets; 0.9 s; peak memory 271 MiB.
2026-09-29T19:17:42Z INFO [17/363] 1e147146-a591-4223-8ed6-69abfdc65c30: 56 datasets; 0.5 s; peak memory 271 MiB.
2026-09-29T19:18:04Z INFO [18/363] 1e14ad34-d2d1-4e46-b25c-dfd18062610c: 48 datasets; 22.0 s; peak memory 271 MiB.
2026-09-29T19:18:05Z INFO [19/363] 1e174913-06b3-4d39-b72a-f8385b23f837: 116 datasets; 0.9 s; peak memory 271 MiB.
2026-09-29T19:18:09Z INFO [20/363] 1e17606d-982d-4bcf-a4b8-8ee1c6b1a150: 1897 datasets; 4.1 s; peak memory 271 MiB.
2026-09-29T19:18:10Z INFO [21/363] 1e177b3e-f161-4d7a-b832-b8cdd7a58ffc: 48 datasets; 0.8 s; peak memory 271 MiB.
2026-09-29T19:18:11Z INFO [22/363] 1e186077-83f8-4ecb-89b2-521a128e471a: 101 datasets; 0.9 s; peak memory 271 MiB.
2026-09-29T19:18:12Z INFO [23/363] 1e19186e-5408-4e67-977f-496c37e4f693: 48 datasets; 0.7 s; peak memory 271 MiB.
2026-09-29T19:18:12Z INFO [24/363] 1e192fc6-74cd-4fef-a1a2-3d27b9c680d7: 48 datasets; 0.7 s; peak memory 271 MiB.
2026-09-29T19:18:13Z INFO [25/363] 1e194299-ae1f-4c1f-bb6a-590792f047b8: 117 datasets; 0.7 s; peak memory 271 MiB.
2026-09-29T19:18:19Z INFO [26/363] 1e195fe5-2280-4f97-a1cd-33e343e90f92: 108 datasets; 5.6 s; peak memory 271 MiB.
2026-09-29T19:18:25Z INFO [27/363] 1e19c4f0-df8a-41be-a3d2-a7d11e090a1b: 901 datasets; 6.9 s; peak memory 271 MiB.
2026-09-29T19:18:56Z INFO [28/363] 1e19f300-9188-411d-bf8e-f63d406c08f0: 50 datasets; 30.9 s; peak memory 271 MiB.
2026-09-29T19:18:57Z INFO [29/363] 1e1a5f81-6f7f-4b51-8166-0cfaef684ce9: 48 datasets; 0.7 s; peak memory 271 MiB.
2026-09-29T19:19:02Z INFO [30/363] 1e1aea52-80f6-4dca-8235-09f5366134b2: 257 datasets; 4.7 s; peak memory 271 MiB.
2026-09-29T19:19:06Z INFO [31/363] 1e1ba423-3598-4685-a1b7-d06fa0686a03: 223 datasets; 3.7 s; peak memory 271 MiB.
2026-09-29T19:19:06Z INFO [32/363] 1e1bac21-5041-44e3-b2ae-0c4e2383546f: 116 datasets; 0.8 s; peak memory 271 MiB.
2026-09-29T19:19:30Z INFO [33/363] 1e1baeb6-1de6-436b-918f-e6c5921508a3: 48 datasets; 23.2 s; peak memory 271 MiB.
2026-09-29T19:19:31Z INFO [34/363] 1e1c0690-7f7d-41f5-833d-ff96674ff803: 77 datasets; 1.7 s; peak memory 271 MiB.
2026-09-29T19:19:32Z INFO [35/363] 1e1ca36b-b7e8-4bb5-8ade-55090c0cf4da: 48 datasets; 0.9 s; peak memory 271 MiB.
2026-09-29T19:19:33Z INFO [36/363] 1e1ce87f-5641-40b9-9329-2cccce41122b: 59 datasets; 0.7 s; peak memory 271 MiB.
2026-09-29T19:19:35Z INFO [37/363] 1e1d284b-4473-4e04-ad36-a9c554449eb0: 156 datasets; 1.8 s; peak memory 271 MiB.
2026-09-29T19:21:40Z INFO [38/363] 1e1d2d46-b28a-422f-b9e7-1f5255903ee4: 99 datasets; 125.8 s; peak memory 1246 MiB.
2026-09-29T19:23:30Z INFO [39/363] 1e1d4a3d-3ae8-4193-8eae-34587e5134ed: 167 datasets; 109.8 s; peak memory 1246 MiB.
2026-09-29T19:23:31Z INFO [40/363] 1e1dd4a3-66f6-4f3f-8d58-36c2eeb2e561: 77 datasets; 0.7 s; peak memory 1246 MiB.
2026-09-29T19:23:38Z INFO [41/363] 1e1df2e7-1a74-443e-b664-035f2befa5a2: 1004 datasets; 6.7 s; peak memory 1246 MiB.
2026-09-29T19:23:38Z INFO [42/363] 1e1e6a49-c92f-4261-8551-8d367af522c0: 90 datasets; 0.8 s; peak memory 1246 MiB.
2026-09-29T19:24:00Z INFO [43/363] 1e1e6f19-09e6-45fd-a077-99dedd631e6f: 48 datasets; 21.2 s; peak memory 1246 MiB.
2026-09-29T19:24:01Z INFO [44/363] 1e1f76f8-fc8b-436a-ad52-86799aa0d33a: 48 datasets; 0.9 s; peak memory 1246 MiB.
2026-09-29T19:24:01Z INFO [45/363] 1e204adb-0911-4898-a32e-4b3402abe86c: 48 datasets; 0.8 s; peak memory 1246 MiB.
2026-09-29T19:24:02Z INFO [46/363] 1e210a7b-c9d5-496a-941b-da8dfa4c2c8a: 117 datasets; 0.6 s; peak memory 1246 MiB.
2026-09-29T19:24:03Z INFO [47/363] 1e211710-3d7c-4bd1-8aca-a7380fa194cd: 71 datasets; 1.2 s; peak memory 1246 MiB.
2026-09-29T19:24:05Z INFO [48/363] 1e215518-a646-403f-8c4d-c531696d3d71: 116 datasets; 1.8 s; peak memory 1246 MiB.
2026-09-29T19:24:06Z INFO [49/363] 1e228482-94cb-4967-a477-0c139cc06d5c: 46 datasets; 0.6 s; peak memory 1246 MiB.
2026-09-29T19:24:13Z INFO [50/363] 1e22e711-29b2-4a7c-a196-eed02276bf73: 976 datasets; 7.0 s; peak memory 1246 MiB.
2026-09-29T19:24:13Z INFO [50/363] 1e22e711-29b2-4a7c-a196-eed02276bf73: checkpointed 61417 records.
2026-09-29T19:24:13Z INFO [51/363] 1e23b9b5-6855-49f5-b2be-6026886cfbec: 54 datasets; 0.5 s; peak memory 1246 MiB.
2026-09-29T19:24:17Z INFO [52/363] 1e23ee79-b8a5-4661-a05e-1d2c8ad3f1a1: 257 datasets; 4.1 s; peak memory 1246 MiB.
2026-09-29T19:24:18Z INFO [53/363] 1e23f939-1c0b-4fe0-b9ed-22f7ce9f2e12: 71 datasets; 1.0 s; peak memory 1246 MiB.
2026-09-29T19:24:19Z INFO [54/363] 1e247d3f-1688-429a-a50f-6a5347f3846e: 69 datasets; 0.9 s; peak memory 1246 MiB.
2026-09-29T19:24:27Z INFO [55/363] 1e24eb2b-7c3f-4a31-9e9e-d61f039b37a6: 1112 datasets; 7.6 s; peak memory 1246 MiB.
2026-09-29T19:24:28Z INFO [56/363] 1e2541f8-6ac4-4178-951f-00620fcc1cea: 66 datasets; 0.9 s; peak memory 1246 MiB.
2026-09-29T19:24:28Z INFO [57/363] 1e255c23-72e9-41dc-b1b9-ccc70efc6625: 48 datasets; 0.6 s; peak memory 1246 MiB.
2026-09-29T19:24:35Z INFO [58/363] 1e2649bf-2567-460f-8d18-8f6f040b84f5: 667 datasets; 6.3 s; peak memory 1246 MiB.
2026-09-29T19:24:39Z INFO [59/363] 1e26edcf-cebf-4e14-80ea-ddee49de41aa: 229 datasets; 4.2 s; peak memory 1246 MiB.
2026-09-29T19:24:40Z INFO [60/363] 1e271096-a8bc-4b93-a3f0-547fb452e000: 90 datasets; 1.8 s; peak memory 1246 MiB.
2026-09-29T19:24:42Z INFO [61/363] 1e271596-681c-4921-8bd0-94c6ac5b7c9e: 156 datasets; 1.9 s; peak memory 1246 MiB.
2026-09-29T19:24:43Z INFO [62/363] 1e27b33c-e72a-4a42-a901-18b5e56b6a36: 52 datasets; 0.6 s; peak memory 1246 MiB.
2026-09-29T19:24:44Z INFO [63/363] 1e27e58d-b132-4dbe-be99-c822f039458b: 48 datasets; 0.6 s; peak memory 1246 MiB.
2026-09-29T19:24:45Z INFO [64/363] 1e284f27-8708-4c10-8562-163e8bcd0a69: 62 datasets; 1.0 s; peak memory 1246 MiB.
2026-09-29T19:24:45Z INFO [65/363] 1e29f453-7794-4e38-936e-562bff26756e: 48 datasets; 0.6 s; peak memory 1246 MiB.
2026-09-29T19:24:46Z INFO [66/363] 1e2a4ba3-01ed-4e54-9dbd-a00ae3a20fe9: 48 datasets; 0.7 s; peak memory 1246 MiB.
2026-09-29T19:28:18Z INFO [67/363] 1e2aaca5-1e9d-482f-8995-54f23bc59105: 453 datasets; 212.2 s; peak memory 1246 MiB.
2026-09-29T19:28:19Z INFO [68/363] 1e2c24ea-8a71-4e87-8742-0225f67ab3a5: 48 datasets; 0.8 s; peak memory 1246 MiB.
2026-09-29T19:28:20Z INFO [69/363] 1e2cbacf-67c8-491d-be26-e7ac8e3a1d36: 48 datasets; 0.8 s; peak memory 1246 MiB.
2026-09-29T19:28:22Z INFO [70/363] 1e2d693c-fd2e-4901-821b-4b5e2c95e8b3: 157 datasets; 2.5 s; peak memory 1246 MiB.
2026-09-29T19:28:28Z INFO [71/363] 1e2e93a8-f5f1-4480-bd04-c65433fff35d: 11473 datasets; 5.9 s; peak memory 1246 MiB.
2026-09-29T19:28:29Z INFO [72/363] 1e2f7be3-a628-456e-ab9a-22f2f4cfc418: 71 datasets; 1.5 s; peak memory 1246 MiB.
2026-09-29T19:28:36Z INFO [73/363] 1e3025a2-517d-4286-84a7-c508f62e0691: 883 datasets; 7.0 s; peak memory 1246 MiB.
2026-09-29T19:28:39Z INFO [74/363] 1e304ef0-7898-48d5-b991-7f22e8a484eb: 106 datasets; 2.4 s; peak memory 1246 MiB.
2026-09-29T19:28:40Z INFO [75/363] 1e31786b-8526-4ca0-83d7-ed93578eb826: 107 datasets; 1.1 s; peak memory 1246 MiB.
2026-09-29T19:28:40Z INFO [76/363] 1e32d012-64bf-42ea-b49b-5a10a34c5c9a: 52 datasets; 0.6 s; peak memory 1246 MiB.
2026-09-29T19:30:48Z INFO [77/363] 1e3322d3-fde2-41de-bff1-171e671267bf: 394 datasets; 127.2 s; peak memory 1246 MiB.
2026-09-29T19:30:49Z INFO [78/363] 1e339e54-38a2-4fa8-84a0-ff289b67c345: 117 datasets; 0.9 s; peak memory 1246 MiB.
2026-09-29T19:30:49Z INFO [79/363] 1e339f86-1456-463c-a5fe-b2450719cbe6: 48 datasets; 0.6 s; peak memory 1246 MiB.
2026-09-29T19:30:50Z INFO [80/363] 1e356f67-7804-4522-a404-6fb0ccb3e2cb: 44 datasets; 0.5 s; peak memory 1246 MiB.
2026-09-29T19:30:50Z INFO [81/363] 1e366974-5f23-4af5-bffc-16856b9be818: 48 datasets; 0.6 s; peak memory 1246 MiB.
2026-09-29T19:30:51Z INFO [82/363] 1e38fbf1-825f-4d06-94ba-0476f505d655: 116 datasets; 0.7 s; peak memory 1246 MiB.
2026-09-29T19:30:52Z INFO [83/363] 1e3917d3-cc83-44f6-b062-e44ebeebb948: 112 datasets; 0.7 s; peak memory 1246 MiB.
2026-09-29T19:30:57Z INFO [84/363] 1e3a46b3-e389-4e00-9c07-e4c90cdc8de9: 56 datasets; 5.3 s; peak memory 1246 MiB.
2026-09-29T19:31:01Z INFO [85/363] 1e3a619b-9623-406d-9825-e8d29e4a1e43: 219 datasets; 4.3 s; peak memory 1246 MiB.
2026-09-29T19:31:06Z INFO [86/363] 1e3b3bef-b821-49b0-9d56-d85b5366257d: 1053 datasets; 4.4 s; peak memory 1246 MiB.
2026-09-29T19:31:07Z INFO [87/363] 1e3c355b-8569-4f85-98e3-d7d4cad253ef: 38 datasets; 1.5 s; peak memory 1246 MiB.
2026-09-29T19:31:08Z INFO [88/363] 1e3c6947-305d-4b7c-8be3-d1fa6edc7b17: 66 datasets; 1.1 s; peak memory 1246 MiB.
2026-09-29T19:31:10Z INFO [89/363] 1e3cd55a-0b7c-442a-bae7-10686af0c4aa: 156 datasets; 1.9 s; peak memory 1246 MiB.
2026-09-29T19:31:15Z INFO [90/363] 1e3d2ec3-780a-419e-be89-f7ae7b034f30: 520 datasets; 4.6 s; peak memory 1246 MiB.
2026-09-29T19:31:16Z INFO [91/363] 1e3e5d53-4075-4c47-a7f5-1582e64c0f03: 115 datasets; 1.4 s; peak memory 1246 MiB.
2026-09-29T19:31:23Z INFO [92/363] 1e3e918d-0cf0-4cd7-b962-a365052fdb20: 97 datasets; 6.9 s; peak memory 1246 MiB.
2026-09-29T19:31:24Z INFO [93/363] 1e3f3e9a-e28a-4e13-91a2-0fddbbc2c243: 62 datasets; 1.0 s; peak memory 1246 MiB.
2026-09-29T19:31:25Z INFO [94/363] 1e3fec36-73d8-443d-ae23-a0d72a5f7102: 116 datasets; 0.8 s; peak memory 1246 MiB.
2026-09-29T19:31:28Z INFO [95/363] 1e400bdd-c947-48b9-a7c4-3ba57551bc21: 84 datasets; 2.5 s; peak memory 1246 MiB.
2026-09-29T19:31:28Z INFO [96/363] 1e402798-f5bf-456e-8e32-1f011fff3909: 117 datasets; 0.8 s; peak memory 1246 MiB.
2026-09-29T19:31:29Z INFO [97/363] 1e40484b-0ac6-4a2d-895e-8162bb1156cc: 46 datasets; 0.4 s; peak memory 1246 MiB.
2026-09-29T19:31:29Z INFO [98/363] 1e4089e1-36c2-4c8f-8ff2-249a1b9b3130: 55 datasets; 0.6 s; peak memory 1246 MiB.
2026-09-29T19:31:30Z INFO [99/363] 1e40a079-6fcf-4274-982a-9210b65beb1b: 112 datasets; 0.8 s; peak memory 1246 MiB.
2026-09-29T19:31:31Z INFO [100/363] 1e40cf43-d1bf-47f2-9727-86f847467635: 42 datasets; 0.7 s; peak memory 1246 MiB.
2026-09-29T19:31:31Z INFO [100/363] 1e40cf43-d1bf-47f2-9727-86f847467635: checkpointed 61467 records.
2026-09-29T19:31:32Z INFO [101/363] 1e40f6f2-6569-41b0-9c3f-2f0f36447dd4: 46 datasets; 0.7 s; peak memory 1246 MiB.
2026-09-29T19:31:32Z INFO [102/363] 1e414afc-32e4-4d8d-86e8-cd3ae077db23: 49 datasets; 0.7 s; peak memory 1246 MiB.
2026-09-29T19:31:33Z INFO [103/363] 1e41fa62-8169-4a1e-87c0-ba9bd41b112d: 117 datasets; 0.7 s; peak memory 1246 MiB.
2026-09-29T19:33:39Z INFO [104/363] 1e4262f4-6676-4002-8a1b-80c04421b59b: 280 datasets; 125.5 s; peak memory 1246 MiB.
2026-09-29T19:33:39Z INFO [105/363] 1e43912e-a575-4855-b588-6c3da0739f87: 118 datasets; 0.7 s; peak memory 1246 MiB.
2026-09-29T19:33:47Z INFO [106/363] 1e43d96a-80e3-4819-ba16-6d8e62d9b7b3: 646 datasets; 7.8 s; peak memory 1246 MiB.
2026-09-29T19:33:48Z INFO [107/363] 1e43dc32-16fe-4005-b0e4-62fc7f25f79d: 117 datasets; 0.7 s; peak memory 1246 MiB.
2026-09-29T19:33:48Z INFO [108/363] 1e44823a-9941-4eb9-846b-6144b66468ba: 46 datasets; 0.5 s; peak memory 1246 MiB.
2026-09-29T19:33:51Z INFO [109/363] 1e4530b5-223d-40f5-a1a6-963f5b380225: 223 datasets; 2.8 s; peak memory 1246 MiB.
2026-09-29T19:33:52Z INFO [110/363] 1e4545ae-64da-413b-901a-26783890f1ff: 117 datasets; 0.8 s; peak memory 1246 MiB.
2026-09-29T19:33:53Z INFO [111/363] 1e45500f-f86e-4b8e-a010-f407f24c97ac: 116 datasets; 0.8 s; peak memory 1246 MiB.
2026-09-29T19:33:56Z INFO [112/363] 1e45847e-da40-44a8-9eaa-0a72695f74ac: 538 datasets; 3.4 s; peak memory 1246 MiB.
2026-09-29T19:33:59Z INFO [113/363] 1e45ff05-3222-452f-b464-ed06541a0105: 556 datasets; 3.0 s; peak memory 1246 MiB.
2026-09-29T19:34:00Z INFO [114/363] 1e4641d9-576b-4569-b934-9c2bc5a0a2d1: 48 datasets; 0.7 s; peak memory 1246 MiB.
2026-09-29T19:34:00Z INFO [115/363] 1e464acd-3930-4eeb-a1ac-66ce72809306: 48 datasets; 0.7 s; peak memory 1246 MiB.
2026-09-29T19:34:01Z INFO [116/363] 1e466f94-b85d-4dfd-82bf-b5d264430bd2: 71 datasets; 0.9 s; peak memory 1246 MiB.
2026-09-29T19:34:02Z INFO [117/363] 1e471860-37c3-4d57-92f9-aa030ac075e2: 46 datasets; 0.4 s; peak memory 1246 MiB.
2026-09-29T19:34:03Z INFO [118/363] 1e483306-c597-4433-9b89-8933bc7e4964: 38 datasets; 0.7 s; peak memory 1246 MiB.
2026-09-29T19:34:03Z INFO [119/363] 1e488bf4-8a04-4278-b91b-98b21cd7cc7e: 33 datasets; 0.6 s; peak memory 1246 MiB.
2026-09-29T19:34:04Z INFO [120/363] 1e48a4f7-b028-4b5c-8dbc-ef2fb1727fc4: 46 datasets; 0.8 s; peak memory 1246 MiB.
2026-09-29T19:34:04Z INFO [121/363] 1e48d3c9-09e0-4d5b-8009-4d63bc8d528c: 36 datasets; 0.5 s; peak memory 1246 MiB.
2026-09-29T19:34:08Z INFO [122/363] 1e49806c-efe7-46db-ad1f-4c041f2e5181: 38 datasets; 3.1 s; peak memory 1246 MiB.
2026-09-29T19:34:08Z INFO [123/363] 1e4a5c88-d748-407e-b2a9-ad245a661657: 118 datasets; 0.7 s; peak memory 1246 MiB.
2026-09-29T19:34:09Z INFO [124/363] 1e4b00da-00f6-49fd-b78b-ef3e70cf78ea: 48 datasets; 0.7 s; peak memory 1246 MiB.
2026-09-29T19:34:10Z INFO [125/363] 1e4c43b6-9a11-44bd-abcd-1a64bbe0565b: 116 datasets; 0.9 s; peak memory 1246 MiB.
2026-09-29T19:34:10Z INFO [126/363] 1e4c8b01-fa49-4a4a-827c-483f4b7d9b64: 46 datasets; 0.5 s; peak memory 1246 MiB.
2026-09-29T19:34:11Z INFO [127/363] 1e4d1112-5b19-41d1-af2e-b0c3ff59208e: 69 datasets; 1.0 s; peak memory 1246 MiB.
2026-09-29T19:34:13Z INFO [128/363] 1e4fcb2f-f5d9-4fc2-b672-da84189189f8: 245 datasets; 1.7 s; peak memory 1246 MiB.
2026-09-29T19:34:14Z INFO [129/363] 1e500055-5b6e-4226-a653-28231ab41ecc: 71 datasets; 1.4 s; peak memory 1246 MiB.
2026-09-29T19:34:15Z INFO [130/363] 1e51186d-f55a-4e15-a629-4c06dbe92cff: 48 datasets; 0.6 s; peak memory 1246 MiB.
2026-09-29T19:34:16Z INFO [131/363] 1e5127c7-76ff-4f04-bd4f-a3b3aa41be0d: 48 datasets; 0.6 s; peak memory 1246 MiB.
2026-09-29T19:34:16Z INFO [132/363] 1e52dcf3-ef98-4faf-8ca5-27bb57018bf6: 37 datasets; 0.5 s; peak memory 1246 MiB.
2026-09-29T19:34:17Z INFO [133/363] 1e534020-8f2f-4cc7-b217-08433c4a9769: 46 datasets; 1.0 s; peak memory 1246 MiB.
2026-09-29T19:34:18Z INFO [134/363] 1e53576d-9a82-481a-94d2-5c371f4a583c: 116 datasets; 0.8 s; peak memory 1246 MiB.
2026-09-29T19:34:18Z INFO [135/363] 1e53a89a-8c34-454f-bbd6-22e356e2183b: 46 datasets; 0.5 s; peak memory 1246 MiB.
2026-09-29T19:34:22Z INFO [136/363] 1e5438d1-df9f-400f-ad62-0638fa8a3535: 229 datasets; 3.5 s; peak memory 1246 MiB.
2026-09-29T19:34:23Z INFO [137/363] 1e543953-781b-4bfb-ba56-c8cda7a5c068: 48 datasets; 0.8 s; peak memory 1246 MiB.
2026-09-29T19:34:28Z INFO [138/363] 1e558d59-0846-487c-9f2c-5d43f3438a3a: 38 datasets; 5.0 s; peak memory 1246 MiB.
2026-09-29T19:34:29Z INFO [139/363] 1e56f275-347b-47ef-805a-7a7b8a69c8d2: 83 datasets; 1.0 s; peak memory 1246 MiB.
2026-09-29T19:34:29Z INFO [140/363] 1e571312-17c1-41cc-81f9-064f0bc676ed: 63 datasets; 0.5 s; peak memory 1246 MiB.
2026-09-29T19:34:30Z INFO [141/363] 1e574716-3c5e-48ca-8694-21079f2a149a: 42 datasets; 0.7 s; peak memory 1246 MiB.
2026-09-29T19:34:34Z INFO [142/363] 1e57e261-e6bf-4833-9632-2788e08a652b: 538 datasets; 3.7 s; peak memory 1246 MiB.
2026-09-29T19:34:34Z INFO [143/363] 1e5a6b0f-e6c9-4178-890b-99cb63167675: 48 datasets; 0.6 s; peak memory 1246 MiB.
2026-09-29T19:34:35Z INFO [144/363] 1e5aa986-9f56-4ed2-882c-4e2d01f7a431: 65 datasets; 0.7 s; peak memory 1246 MiB.
2026-09-29T19:34:35Z INFO [145/363] 1e5b5788-92bb-4366-91ac-3a5f6d13abaf: 51 datasets; 0.5 s; peak memory 1246 MiB.
2026-09-29T19:34:36Z INFO [146/363] 1e5b85e3-d362-4e01-8a05-4a040595a165: 114 datasets; 0.5 s; peak memory 1246 MiB.
2026-09-29T19:34:39Z INFO [147/363] 1e5bc793-78c5-4977-8168-769d27ba3103: 229 datasets; 3.4 s; peak memory 1246 MiB.
2026-09-29T19:34:41Z INFO [148/363] 1e5bd5f1-73d9-47be-b053-79a7a6a3f2cf: 71 datasets; 1.6 s; peak memory 1246 MiB.
2026-09-29T19:34:43Z INFO [149/363] 1e5ccd53-8c0a-4c8b-acb0-5e6b185f0542: 90 datasets; 1.9 s; peak memory 1246 MiB.
2026-09-29T19:34:43Z INFO [150/363] 1e5d3466-9c64-4715-a93b-c1b51efb40ee: 51 datasets; 0.6 s; peak memory 1246 MiB.
2026-09-29T19:34:43Z INFO [150/363] 1e5d3466-9c64-4715-a93b-c1b51efb40ee: checkpointed 61517 records.
2026-09-29T19:34:44Z INFO [151/363] 1e5d39d7-0f81-4213-93d7-dce0c4bf9418: 50 datasets; 0.5 s; peak memory 1246 MiB.
2026-09-29T19:34:45Z INFO [152/363] 1e5d59f4-91bd-49f3-8d9c-6b5abfcd6d4b: 101 datasets; 1.2 s; peak memory 1246 MiB.
2026-09-29T19:34:46Z INFO [153/363] 1e5f244c-c388-4cc0-ad7d-64aee6ed269d: 76 datasets; 0.8 s; peak memory 1246 MiB.
2026-09-29T19:34:48Z INFO [154/363] 1e5f37b2-3aee-4f85-b027-8390c879c10c: 84 datasets; 2.5 s; peak memory 1246 MiB.
2026-09-29T19:34:49Z INFO [155/363] 1e5fec5d-f30a-4516-858a-ce4b405fe4c6: 48 datasets; 0.6 s; peak memory 1246 MiB.
2026-09-29T19:34:50Z INFO [156/363] 1e602f26-e203-4ade-b72b-7504dcfaa1ab: 230 datasets; 0.8 s; peak memory 1246 MiB.
2026-09-29T19:34:51Z INFO [157/363] 1e62d6b3-bd12-4c14-ac95-2b5bf8a8f590: 68 datasets; 0.7 s; peak memory 1246 MiB.
2026-09-29T19:34:55Z INFO [158/363] 1e636078-974c-4168-bfc5-6b4fb162597f: 848 datasets; 4.3 s; peak memory 1246 MiB.
2026-09-29T19:34:56Z INFO [159/363] 1e649a5a-f2ee-4e31-ab15-9a58633cda4b: 117 datasets; 0.8 s; peak memory 1246 MiB.
2026-09-29T19:34:56Z INFO [160/363] 1e64cc09-47e8-4d7e-8e15-bee52ddc944e: 46 datasets; 0.6 s; peak memory 1246 MiB.
2026-09-29T19:34:58Z INFO [161/363] 1e64da14-45a5-4062-acb3-5889b2f07682: 156 datasets; 1.7 s; peak memory 1246 MiB.
2026-09-29T19:34:59Z INFO [162/363] 1e64fefa-d213-4f41-8bca-a9b30b9af72d: 48 datasets; 0.7 s; peak memory 1246 MiB.
2026-09-29T19:34:59Z INFO [163/363] 1e65f574-31cb-448d-9db1-81ed69ad1860: 121 datasets; 0.6 s; peak memory 1246 MiB.
2026-09-29T19:35:00Z INFO [164/363] 1e66acd6-9e47-49e1-9910-c5a3e7bc4ea9: 62 datasets; 0.8 s; peak memory 1246 MiB.
2026-09-29T19:35:03Z INFO [165/363] 1e67281f-ad16-4509-953b-e8b056fea8ff: 507 datasets; 2.7 s; peak memory 1246 MiB.
2026-09-29T19:35:04Z INFO [166/363] 1e6750d3-f130-4107-9a7b-9ade83f045ad: 45 datasets; 1.0 s; peak memory 1246 MiB.
2026-09-29T19:35:05Z INFO [167/363] 1e6757a3-97fa-49dc-b77b-ebdb56a226be: 48 datasets; 0.7 s; peak memory 1246 MiB.
2026-09-29T19:35:05Z INFO [168/363] 1e67ce39-544d-4e34-ad0f-2c55449b1287: 48 datasets; 0.7 s; peak memory 1246 MiB.
2026-09-29T19:35:06Z INFO [169/363] 1e67edad-17d6-43d5-8f8d-2c5988c862f7: 48 datasets; 0.7 s; peak memory 1246 MiB.
2026-09-29T19:35:07Z INFO [170/363] 1e681784-00ad-46f5-8cbb-b988d23c0cff: 84 datasets; 0.6 s; peak memory 1246 MiB.
2026-09-29T19:35:08Z INFO [171/363] 1e692071-56d4-4ed9-a369-c86b28539c7c: 66 datasets; 0.9 s; peak memory 1246 MiB.
2026-09-29T19:35:09Z INFO [172/363] 1e692c1f-2417-4707-ba01-c2c93b054d82: 64 datasets; 1.2 s; peak memory 1246 MiB.
2026-09-29T19:35:09Z INFO [173/363] 1e6977cd-59ed-42aa-8d49-1ec52beaeeed: 110 datasets; 0.8 s; peak memory 1246 MiB.
2026-09-29T19:35:11Z INFO [174/363] 1e69997c-351a-4036-a318-1dfa8b360955: 156 datasets; 1.8 s; peak memory 1246 MiB.
2026-09-29T19:35:12Z INFO [175/363] 1e699dae-5ea3-41ea-9327-afdaa079b2ae: 48 datasets; 0.7 s; peak memory 1246 MiB.
2026-09-29T19:35:13Z INFO [176/363] 1e69a87f-70f2-40e7-bc0a-b55651fa552b: 48 datasets; 0.8 s; peak memory 1246 MiB.
2026-09-29T19:35:14Z INFO [177/363] 1e69bca7-7d53-49d4-8ae1-d1ca5a3c4520: 117 datasets; 0.8 s; peak memory 1246 MiB.
2026-09-29T19:35:15Z INFO [178/363] 1e6a8d35-6259-4fd9-9d60-ec663abed3c2: 115 datasets; 1.5 s; peak memory 1246 MiB.
2026-09-29T19:35:16Z INFO [179/363] 1e6ade6c-d313-4f02-b215-107c760faafe: 117 datasets; 0.7 s; peak memory 1246 MiB.
2026-09-29T19:35:16Z INFO [180/363] 1e6b7c75-04ca-4ace-9f0d-e6b71803393d: 46 datasets; 0.4 s; peak memory 1246 MiB.
2026-09-29T19:35:17Z INFO [181/363] 1e6b9856-ca08-4242-b80a-ceff6f356d80: 48 datasets; 0.7 s; peak memory 1246 MiB.
2026-09-29T19:35:18Z INFO [182/363] 1e6c1032-d8dd-45ae-922d-c2f94eb81431: 69 datasets; 0.6 s; peak memory 1246 MiB.
2026-09-29T19:35:18Z INFO [183/363] 1e6c23b6-61ab-45bb-a2d7-2ffe7819f2a4: 112 datasets; 0.8 s; peak memory 1246 MiB.
2026-09-29T19:35:19Z INFO [184/363] 1e6c3de3-74d8-4a33-9d5d-32b6bb6b5af2: 48 datasets; 0.8 s; peak memory 1246 MiB.
2026-09-29T19:35:20Z INFO [185/363] 1e6cc801-264d-4904-93ac-2051eac0323d: 38 datasets; 0.7 s; peak memory 1246 MiB.
2026-09-29T19:35:21Z INFO [186/363] 1e6cc83c-fb8c-42fd-8850-cee7b49c6d55: 38 datasets; 1.3 s; peak memory 1246 MiB.
2026-09-29T19:35:22Z INFO [187/363] 1e6d0b6f-1a55-486f-89c8-42eb4d035f66: 48 datasets; 0.7 s; peak memory 1246 MiB.
2026-09-29T19:35:22Z INFO [188/363] 1e6d7e61-d9a3-45a7-a519-86936f83f515: 48 datasets; 0.7 s; peak memory 1246 MiB.
2026-09-29T19:35:23Z INFO [189/363] 1e6e1c4c-7ecc-4dd0-a694-9f2e79045b5e: 112 datasets; 0.9 s; peak memory 1246 MiB.
2026-09-29T19:35:26Z INFO [190/363] 1e6e62a0-4c88-45f9-8a94-7a6ac10120e7: 229 datasets; 3.1 s; peak memory 1246 MiB.
2026-09-29T19:35:27Z INFO [191/363] 1e6f1c27-e4c3-435c-a46d-f5440cf961ec: 52 datasets; 0.5 s; peak memory 1246 MiB.
2026-09-29T19:35:29Z INFO [192/363] 1e6f3b21-0cb2-41a3-9619-8308438a3caf: 133 datasets; 2.0 s; peak memory 1246 MiB.
2026-09-29T19:35:30Z INFO [193/363] 1e6f4215-9b87-40a2-97c6-965b161c1146: 72 datasets; 0.7 s; peak memory 1246 MiB.
2026-09-29T19:35:31Z INFO [194/363] 1e703247-0d41-417e-9d78-aa38d9c8d59f: 66 datasets; 1.0 s; peak memory 1246 MiB.
2026-09-29T19:35:32Z INFO [195/363] 1e70532b-240b-4ae1-8f28-d9ca120f4d06: 112 datasets; 1.0 s; peak memory 1246 MiB.
2026-09-29T19:35:35Z INFO [196/363] 1e70c574-3344-4f22-bb58-8b1049da8478: 584 datasets; 3.3 s; peak memory 1246 MiB.
2026-09-29T19:35:36Z INFO [197/363] 1e7139da-1d6d-41cc-a148-9fd5c3731d87: 68 datasets; 0.6 s; peak memory 1246 MiB.
2026-09-29T19:35:36Z INFO [198/363] 1e71550d-5547-4827-8f15-76a7269815da: 55 datasets; 0.5 s; peak memory 1246 MiB.
2026-09-29T19:35:44Z INFO [199/363] 1e727ea1-fd70-4889-affd-685ab00fb8c2: 420 datasets; 8.1 s; peak memory 1246 MiB.
2026-09-29T19:35:57Z INFO [200/363] 1e72dc4f-d328-40a4-8374-23b1b2efd4e1: 41 datasets; 12.4 s; peak memory 1246 MiB.
2026-09-29T19:35:57Z INFO [200/363] 1e72dc4f-d328-40a4-8374-23b1b2efd4e1: checkpointed 61567 records.
2026-09-29T19:35:58Z INFO [201/363] 1e73724e-bd49-487d-984a-204af8a46b86: 69 datasets; 1.1 s; peak memory 1246 MiB.
2026-09-29T19:35:58Z INFO [202/363] 1e7379a8-77e7-4041-8125-43bc344d6e33: 116 datasets; 0.7 s; peak memory 1246 MiB.
2026-09-29T19:36:00Z INFO [203/363] 1e73e49f-a635-4fe2-9ef9-cd463aaa1f04: 71 datasets; 1.3 s; peak memory 1246 MiB.
2026-09-29T19:36:01Z INFO [204/363] 1e74b3f1-f853-400b-b9a2-20b427e3fdba: 117 datasets; 0.8 s; peak memory 1246 MiB.
2026-09-29T19:36:02Z INFO [205/363] 1e7568ee-b21f-452b-8cc9-58f78469a7c4: 66 datasets; 1.1 s; peak memory 1246 MiB.
2026-09-29T19:36:02Z INFO [206/363] 1e762bb3-93de-4cf1-838e-044989bc2c1a: 48 datasets; 0.7 s; peak memory 1246 MiB.
2026-09-29T19:36:03Z INFO [207/363] 1e76893c-8e37-476d-88c3-17a3061f8b0d: 92 datasets; 0.7 s; peak memory 1246 MiB.
2026-09-29T19:36:04Z INFO [208/363] 1e7735a5-6eaf-4cb8-b0a1-b7d9b59308e2: 39 datasets; 0.6 s; peak memory 1246 MiB.
2026-09-29T19:36:04Z INFO [209/363] 1e77c352-fd91-4724-b255-0707276698df: 118 datasets; 0.8 s; peak memory 1246 MiB.
2026-09-29T19:36:25Z INFO [210/363] 1e784fbd-443d-434a-8442-f67e90f17e52: 48 datasets; 20.1 s; peak memory 1246 MiB.
2026-09-29T19:36:25Z INFO [211/363] 1e796b7f-53a6-4716-998b-63037a43d59a: 224 datasets; 0.8 s; peak memory 1246 MiB.
2026-09-29T19:36:26Z INFO [212/363] 1e798893-2475-42ca-82c3-f31bc963e8ce: 112 datasets; 0.9 s; peak memory 1246 MiB.
2026-09-29T19:36:28Z INFO [213/363] 1e79c27b-a25b-4127-92b9-d5e3811feeed: 158 datasets; 1.4 s; peak memory 1246 MiB.
2026-09-29T19:36:28Z INFO [214/363] 1e7a19e2-681b-4518-be20-4a59298ec2ef: 112 datasets; 0.8 s; peak memory 1246 MiB.
2026-09-29T19:36:32Z INFO [215/363] 1e7a5910-cb99-4c8a-a101-56f35345be7a: 110 datasets; 3.2 s; peak memory 1246 MiB.
2026-09-29T19:36:32Z INFO [216/363] 1e7b4691-2f14-4f3b-97da-937b48194fca: 48 datasets; 0.7 s; peak memory 1246 MiB.
2026-09-29T19:36:33Z INFO [217/363] 1e7bd3bb-d069-4e8f-8012-a5a5db706573: 56 datasets; 0.5 s; peak memory 1246 MiB.
2026-09-29T19:36:33Z INFO [218/363] 1e7c4881-a36a-4fd1-8166-af496ea5a746: 51 datasets; 0.6 s; peak memory 1246 MiB.
2026-09-29T19:36:36Z INFO [219/363] 1e7c6066-e03b-45e3-8174-b642f7630fa3: 482 datasets; 2.9 s; peak memory 1246 MiB.
2026-09-29T19:36:38Z INFO [220/363] 1e7cf9bd-163d-4d6e-81bf-f2c0d27b8b29: 115 datasets; 1.5 s; peak memory 1246 MiB.
2026-09-29T19:36:39Z INFO [221/363] 1e7dac9e-c4f7-4081-ba68-5f20552dcc77: 112 datasets; 0.9 s; peak memory 1246 MiB.
2026-09-29T19:36:39Z INFO [222/363] 1e7e15ae-4650-4795-9005-0b5c903b5ae8: 48 datasets; 0.7 s; peak memory 1246 MiB.
2026-09-29T19:36:40Z INFO [223/363] 1e7e868e-203e-4a7c-bba6-ec7ec313e1a8: 107 datasets; 0.7 s; peak memory 1246 MiB.
2026-09-29T19:36:40Z INFO [224/363] 1e7ec239-c795-4c56-bd8a-547b1ebe96f2: 33 datasets; 0.4 s; peak memory 1246 MiB.
2026-09-29T19:37:41Z INFO [225/363] 1e7f6caa-73ba-45cc-bb72-78c225813330: 36368 datasets; 60.9 s; peak memory 1246 MiB.
2026-09-29T19:37:44Z INFO [226/363] 1e809958-43c1-4dc1-95f3-e09092998ddb: 490 datasets; 2.7 s; peak memory 1246 MiB.
2026-09-29T19:37:46Z INFO [227/363] 1e80b2fa-7afc-48ae-9b70-631cdcbf0b53: 111 datasets; 2.5 s; peak memory 1246 MiB.
2026-09-29T19:37:53Z INFO [228/363] 1e80ba99-cd44-4217-852d-888bb39ef773: 881 datasets; 6.4 s; peak memory 1246 MiB.
2026-09-29T19:37:54Z INFO [229/363] 1e80f391-ae08-4c54-9ab8-c2ce89aef698: 112 datasets; 0.9 s; peak memory 1246 MiB.
2026-09-29T19:37:55Z INFO [230/363] 1e8194a9-81df-469f-a793-b7ffe11ae009: 152 datasets; 1.3 s; peak memory 1246 MiB.
2026-09-29T19:37:56Z INFO [231/363] 1e81e8fc-5125-4877-9554-c2c9822cb762: 118 datasets; 1.5 s; peak memory 1246 MiB.
2026-09-29T19:37:57Z INFO [232/363] 1e821763-ea8e-44d8-9c1f-41d573c1600b: 74 datasets; 0.6 s; peak memory 1246 MiB.
2026-09-29T19:37:58Z INFO [233/363] 1e82f29b-248f-4440-b673-17957b0b31de: 69 datasets; 0.9 s; peak memory 1246 MiB.
2026-09-29T19:37:59Z INFO [234/363] 1e833a08-bd0c-41cb-ba17-cf09cec1c541: 117 datasets; 0.8 s; peak memory 1246 MiB.
2026-09-29T19:38:10Z INFO [235/363] 1e8463e1-a338-445a-b95c-bb0d1a5f15ef: 1306 datasets; 10.8 s; peak memory 1246 MiB.
2026-09-29T19:38:12Z INFO [236/363] 1e86e783-3812-4c0f-bae6-635f4fa1ecf1: 84 datasets; 1.9 s; peak memory 1246 MiB.
2026-09-29T19:38:12Z INFO [237/363] 1e86f827-e3e8-4fdc-8e19-29f200ad8cb2: 112 datasets; 0.9 s; peak memory 1246 MiB.
2026-09-29T19:38:13Z INFO [238/363] 1e870aab-1103-411d-93e9-b709113e189e: 48 datasets; 0.6 s; peak memory 1246 MiB.
2026-09-29T19:38:14Z INFO [239/363] 1e876e57-e22b-44e4-b0e4-1dd194294ace: 112 datasets; 0.8 s; peak memory 1246 MiB.
2026-09-29T19:38:15Z INFO [240/363] 1e87a614-3409-497a-afbd-d78b1020e037: 112 datasets; 0.9 s; peak memory 1246 MiB.
2026-09-29T19:38:16Z INFO [241/363] 1e87d3f5-1a5a-4e34-a582-24940416d1c2: 289 datasets; 1.0 s; peak memory 1246 MiB.
2026-09-29T19:38:16Z INFO [242/363] 1e87f4d3-c411-47a7-a722-4e759c6a3903: 53 datasets; 0.6 s; peak memory 1246 MiB.
2026-09-29T19:38:17Z INFO [243/363] 1e881cf4-c90e-447d-8c79-16f0b0e5a884: 45 datasets; 0.8 s; peak memory 1246 MiB.
2026-09-29T19:38:19Z INFO [244/363] 1e8898f4-dbc3-40b2-b46b-a5b5f2d155cb: 156 datasets; 2.1 s; peak memory 1246 MiB.
2026-09-29T19:38:20Z INFO [245/363] 1e88e326-a75a-4984-9140-787bd8e37773: 117 datasets; 1.0 s; peak memory 1246 MiB.
2026-09-29T19:38:21Z INFO [246/363] 1e895afb-2eb8-49b3-a796-cf0cab50623e: 48 datasets; 0.6 s; peak memory 1246 MiB.
2026-09-29T19:38:27Z INFO [247/363] 1e89f521-b220-47c8-82d3-488c855bac23: 919 datasets; 5.7 s; peak memory 1246 MiB.
2026-09-29T19:38:27Z INFO [248/363] 1e89f61d-8b69-4503-addf-fd56fa10f6ef: 46 datasets; 0.4 s; peak memory 1246 MiB.
2026-09-29T19:38:28Z INFO [249/363] 1e8bcb0c-d7e1-41c4-813b-e8f63c0a3689: 48 datasets; 0.7 s; peak memory 1246 MiB.
2026-09-29T19:38:28Z INFO [250/363] 1e8c08e6-cef4-4cfd-8140-b601f786ae94: 48 datasets; 0.6 s; peak memory 1246 MiB.
2026-09-29T19:38:28Z INFO [250/363] 1e8c08e6-cef4-4cfd-8140-b601f786ae94: checkpointed 61617 records.
2026-09-29T19:38:29Z INFO [251/363] 1e8e5c0a-fe92-44fc-9a19-1aef776cd543: 38 datasets; 0.4 s; peak memory 1246 MiB.
2026-09-29T19:38:30Z INFO [252/363] 1e8e7891-30b5-4429-b72a-841775224ac5: 112 datasets; 0.8 s; peak memory 1246 MiB.
2026-09-29T19:38:31Z INFO [253/363] 1e8fb67d-7b8b-4055-8bf9-c5792c77b8b6: 112 datasets; 1.0 s; peak memory 1246 MiB.
2026-09-29T19:38:32Z INFO [254/363] 1e909ae5-e457-4682-9b26-db066c70d59e: 158 datasets; 1.3 s; peak memory 1246 MiB.
2026-09-29T19:38:32Z INFO [255/363] 1e90ab45-bbf9-4139-8699-d98af802a80f: 52 datasets; 0.4 s; peak memory 1246 MiB.
2026-09-29T19:38:34Z INFO [256/363] 1e90ad57-2cee-484a-b20a-e36fb2a2f277: 71 datasets; 1.1 s; peak memory 1246 MiB.
2026-09-29T19:38:38Z INFO [257/363] 1e90fbdc-ab86-4515-9ad1-ebdac6aa31b4: 809 datasets; 4.0 s; peak memory 1246 MiB.
2026-09-29T19:38:38Z INFO [258/363] 1e9221bc-bb8b-4d6b-bf2f-492bdeb99f2d: 118 datasets; 0.8 s; peak memory 1246 MiB.
2026-09-29T19:38:39Z INFO [259/363] 1e92246a-d63c-40ed-974e-9a56533174e2: 66 datasets; 0.9 s; peak memory 1246 MiB.
2026-09-29T19:38:40Z INFO [260/363] 1e9238e8-3739-4b4a-8174-563ca2c05707: 117 datasets; 0.6 s; peak memory 1246 MiB.
2026-09-29T19:38:41Z INFO [261/363] 1e9267c2-f947-48b4-987e-f8d05d4fa3d2: 69 datasets; 0.8 s; peak memory 1246 MiB.
2026-09-29T19:38:42Z INFO [262/363] 1e935329-a13c-4c24-9ff2-47b6ba2f9f60: 112 datasets; 0.9 s; peak memory 1246 MiB.
2026-09-29T19:38:42Z INFO [263/363] 1e938da6-b94a-40e9-9758-c9e033bcf70e: 110 datasets; 0.7 s; peak memory 1246 MiB.
2026-09-29T19:38:43Z INFO [264/363] 1e93cc92-a2ce-43dd-9848-9ba147d091b5: 112 datasets; 0.9 s; peak memory 1246 MiB.
2026-09-29T19:42:15Z INFO [265/363] 1e9431ce-960c-4a94-acce-fdff6a29b3a9: 292 datasets; 212.1 s; peak memory 1246 MiB.
2026-09-29T19:42:36Z INFO [266/363] 1e9459be-884f-4481-bb6c-1319fc7a8121: 48 datasets; 21.2 s; peak memory 1246 MiB.
2026-09-29T19:42:37Z INFO [267/363] 1e961981-a6f1-407d-9b4b-d6fb2b87f515: 52 datasets; 0.8 s; peak memory 1246 MiB.
2026-09-29T19:42:38Z INFO [268/363] 1e961da5-0686-47cb-8c39-1b8b9fa51db1: 38 datasets; 0.7 s; peak memory 1246 MiB.
2026-09-29T19:42:38Z INFO [269/363] 1e96b39b-c266-4c99-9605-0bbbfc6a72f4: 48 datasets; 0.6 s; peak memory 1246 MiB.
2026-09-29T19:46:08Z INFO [270/363] 1e96e5a5-1ab8-4c11-ae71-9bbd638bd7e5: 436 datasets; 209.3 s; peak memory 1246 MiB.
2026-09-29T19:46:09Z INFO [271/363] 1e9781de-b0b1-4af9-a7a6-8e3ab54b308a: 78 datasets; 0.8 s; peak memory 1246 MiB.
2026-09-29T19:46:09Z INFO [272/363] 1e97d4c3-0063-4a2a-b5ec-1001a95caec1: 48 datasets; 0.6 s; peak memory 1246 MiB.
2026-09-29T19:46:29Z INFO [273/363] 1e98df76-7f85-44d9-958c-c6793bef1c10: 48 datasets; 19.5 s; peak memory 1246 MiB.
2026-09-29T19:46:30Z INFO [274/363] 1e994196-dd7d-45b2-ba52-894a67b7c239: 118 datasets; 1.0 s; peak memory 1246 MiB.
2026-09-29T19:46:31Z INFO [275/363] 1e99f970-901e-4f16-a734-4f99aac71af5: 118 datasets; 1.2 s; peak memory 1246 MiB.
2026-09-29T19:46:35Z INFO [276/363] 1e9a2a7d-8544-4daf-a974-fe52f0eaffd8: 538 datasets; 4.2 s; peak memory 1246 MiB.
2026-09-29T19:46:36Z INFO [277/363] 1e9a3944-cb9a-4d13-9fcf-c4139f827b80: 117 datasets; 0.7 s; peak memory 1246 MiB.
2026-09-29T19:46:36Z INFO [278/363] 1e9a6c96-46ba-4365-9622-8ba4b582f559: 43 datasets; 0.6 s; peak memory 1246 MiB.
2026-09-29T19:46:37Z INFO [279/363] 1e9ba0c7-a37e-4d28-9f5c-7c331421bdc0: 48 datasets; 0.8 s; peak memory 1246 MiB.
2026-09-29T19:46:41Z INFO [280/363] 1e9c6382-b4ad-4d1f-9fdc-3a5fcf453572: 229 datasets; 3.6 s; peak memory 1246 MiB.
2026-09-29T19:47:14Z INFO [281/363] 1e9c861a-a86f-4fb0-bb9a-5aca70e5b36f: 52 datasets; 33.2 s; peak memory 1246 MiB.
2026-09-29T19:47:15Z INFO [282/363] 1e9cfcf3-f0ca-4053-92e5-9c0957d8c4e0: 79 datasets; 0.9 s; peak memory 1246 MiB.
2026-09-29T19:47:19Z INFO [283/363] 1e9d4735-8114-45bb-b9ba-3626ee46ce96: 368 datasets; 3.7 s; peak memory 1246 MiB.
2026-09-29T19:47:19Z INFO [284/363] 1e9d4c60-5086-45d3-8921-24011c2c93da: 117 datasets; 0.8 s; peak memory 1246 MiB.
2026-09-29T19:47:20Z INFO [285/363] 1e9d5f6a-43f2-4799-b829-2b494b92a063: 66 datasets; 1.0 s; peak memory 1246 MiB.
2026-09-29T19:47:21Z INFO [286/363] 1e9eacdf-b8cf-4124-a50c-abc5c8e4b81e: 72 datasets; 0.6 s; peak memory 1246 MiB.
2026-09-29T19:47:24Z INFO [287/363] 1e9f1e19-165c-4f7c-8b4c-11037a5ef5d8: 549 datasets; 2.9 s; peak memory 1246 MiB.
2026-09-29T19:47:30Z INFO [288/363] 1e9f252e-5a0b-45ca-88b0-d23d2cf186d5: 41 datasets; 5.7 s; peak memory 1246 MiB.
2026-09-29T19:47:31Z INFO [289/363] 1e9f46c3-ea17-4e41-b6e8-b8ebc964c4ce: 118 datasets; 1.0 s; peak memory 1246 MiB.
2026-09-29T19:47:34Z INFO [290/363] 1e9f7bb5-7263-4a2e-9140-a6e6875a98e0: 552 datasets; 3.3 s; peak memory 1246 MiB.
2026-09-29T19:48:09Z INFO [291/363] 1e9fdf6e-a144-4dac-987b-0d110aee8986: 52 datasets; 34.6 s; peak memory 1246 MiB.
2026-09-29T19:48:10Z INFO [292/363] 1ea0681e-3a52-46e6-8aa7-fa537baa23ea: 70 datasets; 1.4 s; peak memory 1246 MiB.
2026-09-29T19:48:11Z INFO [293/363] 1ea14f45-0c40-47f7-8478-54c430adc742: 48 datasets; 0.7 s; peak memory 1246 MiB.
2026-09-29T19:48:11Z INFO [294/363] 1ea1a62b-1297-4ad5-b77a-b9432157a9dd: 117 datasets; 0.9 s; peak memory 1246 MiB.
2026-09-29T19:48:13Z INFO [295/363] 1ea1b061-ad5d-43d1-be92-ee5aa92a4f91: 112 datasets; 1.1 s; peak memory 1246 MiB.
2026-09-29T19:48:13Z INFO [296/363] 1ea29d0b-dfca-4545-921a-e2633c9d59c0: 117 datasets; 0.6 s; peak memory 1246 MiB.
2026-09-29T19:48:14Z INFO [297/363] 1ea30c71-7fd1-4675-ba9b-bbe5b531ebc5: 110 datasets; 1.0 s; peak memory 1246 MiB.
2026-09-29T19:50:19Z INFO [298/363] 1ea31720-c965-4707-9ccf-bf661f7f9fce: 280 datasets; 125.1 s; peak memory 1246 MiB.
2026-09-29T19:50:20Z INFO [299/363] 1ea37ab4-42a8-4e7f-b47a-9ecdcaeae4df: 48 datasets; 0.7 s; peak memory 1246 MiB.
2026-09-29T19:50:28Z INFO [300/363] 1ea3cf27-0ea7-4ccc-b18e-0545106b3240: 585 datasets; 7.6 s; peak memory 1246 MiB.
2026-09-29T19:50:28Z INFO [300/363] 1ea3cf27-0ea7-4ccc-b18e-0545106b3240: checkpointed 61667 records.
2026-09-29T19:50:29Z INFO [301/363] 1ea3dd66-6fd9-44d1-89c8-b4668bf60e5a: 112 datasets; 1.3 s; peak memory 1246 MiB.
2026-09-29T19:50:31Z INFO [302/363] 1ea471c2-8763-4be1-8443-68ee30e58212: 156 datasets; 1.7 s; peak memory 1246 MiB.
2026-09-29T19:50:32Z INFO [303/363] 1ea57394-d530-4e0e-8da1-5411587cdb0a: 117 datasets; 1.4 s; peak memory 1246 MiB.
2026-09-29T19:50:33Z INFO [304/363] 1ea5af70-e1d3-4401-b48a-f5abeba618fb: 53 datasets; 1.1 s; peak memory 1246 MiB.
2026-09-29T19:50:34Z INFO [305/363] 1ea5f2db-9e0f-4c88-a1df-04cbbfd7f4ac: 45 datasets; 0.5 s; peak memory 1246 MiB.
2026-09-29T19:50:39Z INFO [306/363] 1ea610e7-5473-4c33-b4dd-054fa0f55ad5: 390 datasets; 5.5 s; peak memory 1246 MiB.
2026-09-29T19:50:42Z INFO [307/363] 1ea61541-8d2c-4295-bdce-29b235af790c: 184 datasets; 2.2 s; peak memory 1246 MiB.
2026-09-29T19:50:42Z INFO [308/363] 1ea623a1-7900-4d25-bac2-a16e9b4f9551: 57 datasets; 0.5 s; peak memory 1246 MiB.
2026-09-29T19:50:43Z INFO [309/363] 1ea63502-e4fc-428c-a937-23016491837c: 46 datasets; 0.6 s; peak memory 1246 MiB.
2026-09-29T19:50:44Z INFO [310/363] 1ea6e167-ac58-45e0-a272-5b8b30b156e7: 51 datasets; 1.0 s; peak memory 1246 MiB.
2026-09-29T19:50:45Z INFO [311/363] 1ea74a85-d81b-49bd-be6b-817ddb194ba4: 66 datasets; 1.1 s; peak memory 1246 MiB.
2026-09-29T19:50:45Z INFO [312/363] 1ea7763d-47e1-4078-859d-10490a0acf51: 46 datasets; 0.4 s; peak memory 1246 MiB.
2026-09-29T19:50:46Z INFO [313/363] 1ea77803-3b91-46c3-b0b1-d98c82060469: 53 datasets; 1.3 s; peak memory 1246 MiB.
2026-09-29T19:50:47Z INFO [314/363] 1ea7b62d-7d3b-4875-85f5-9bf204e4b68e: 69 datasets; 0.8 s; peak memory 1246 MiB.
2026-09-29T19:50:48Z INFO [315/363] 1ea7f936-5a31-423b-84c6-e3102903363e: 117 datasets; 0.8 s; peak memory 1246 MiB.
2026-09-29T19:50:49Z INFO [316/363] 1ea8ddb8-b24b-4050-929e-21bdd4afb0d8: 77 datasets; 1.2 s; peak memory 1246 MiB.
2026-09-29T19:50:51Z INFO [317/363] 1ea8e554-9054-4a07-b15c-9fc0c567eb85: 119 datasets; 1.4 s; peak memory 1246 MiB.
2026-09-29T19:50:51Z INFO [318/363] 1ea934da-2c5f-4f7f-b595-525b9c0ee158: 116 datasets; 0.7 s; peak memory 1246 MiB.
2026-09-29T19:50:52Z INFO [319/363] 1ea93a3d-d8a7-4f52-a3d0-9e60ecc4e875: 48 datasets; 0.7 s; peak memory 1246 MiB.
2026-09-29T19:50:54Z INFO [320/363] 1eab086d-e3e1-4af3-99da-5aed6144a22f: 38 datasets; 1.6 s; peak memory 1246 MiB.
2026-09-29T19:50:54Z INFO [321/363] 1eab6b4c-b7d2-4002-b285-3efd93a3e804: 118 datasets; 0.7 s; peak memory 1246 MiB.
2026-09-29T19:51:03Z INFO [322/363] 1eab796b-7aa2-4558-9b27-f241108350ad: 1103 datasets; 8.4 s; peak memory 1246 MiB.
2026-09-29T19:51:03Z INFO [323/363] 1eab799c-2a16-4374-8d26-a759f4d57f3a: 112 datasets; 0.8 s; peak memory 1246 MiB.
2026-09-29T19:51:04Z INFO [324/363] 1eabdc9e-0075-4712-9a24-b5ca3a8ee5a8: 112 datasets; 1.0 s; peak memory 1246 MiB.
2026-09-29T19:51:05Z INFO [325/363] 1eabdf30-b9ca-4a50-bfc5-15560383815b: 46 datasets; 0.5 s; peak memory 1246 MiB.
2026-09-29T19:53:11Z INFO [326/363] 1eabe2df-dd25-4164-8d62-cab8be9fa83c: 280 datasets; 126.5 s; peak memory 1246 MiB.
2026-09-29T19:53:15Z INFO [327/363] 1eabe521-1fd6-4796-818d-2f93aa3770c7: 229 datasets; 3.6 s; peak memory 1246 MiB.
2026-09-29T19:53:18Z INFO [328/363] 1eac10b8-492b-4fa6-9cbe-33eab26d1591: 208 datasets; 3.1 s; peak memory 1246 MiB.
2026-09-29T19:53:19Z INFO [329/363] 1eac2da8-f1dd-4f40-8a40-acfccfc2d8ff: 41 datasets; 0.6 s; peak memory 1246 MiB.
2026-09-29T19:53:19Z INFO [330/363] 1eac8e58-f29e-44a6-8493-c0dd8d7af3b2: 56 datasets; 0.8 s; peak memory 1246 MiB.
2026-09-29T19:53:21Z INFO [331/363] 1ead59f1-2692-41cc-a8a5-dc1dab812ae1: 114 datasets; 1.7 s; peak memory 1246 MiB.
2026-09-29T19:53:22Z INFO [332/363] 1ead6d91-9077-4b1c-9043-9206069452d3: 48 datasets; 0.8 s; peak memory 1246 MiB.
2026-09-29T19:53:23Z INFO [333/363] 1eaddfdd-1c07-4d1b-bae0-ddcdcfe64442: 52 datasets; 0.5 s; peak memory 1246 MiB.
2026-09-29T19:53:23Z INFO [334/363] 1eadef4b-51f1-42d9-a7cd-4ca3c7e13096: 66 datasets; 1.0 s; peak memory 1246 MiB.
2026-09-29T19:53:24Z INFO [335/363] 1eae8032-4d89-4ec1-8e34-26dd1a9f1d83: 117 datasets; 0.7 s; peak memory 1246 MiB.
2026-09-29T19:53:25Z INFO [336/363] 1eaeb15b-e2f7-4d9e-99c1-6207829cdaa5: 77 datasets; 0.7 s; peak memory 1246 MiB.
2026-09-29T19:53:25Z INFO [337/363] 1eaec016-5a85-439c-b2f0-81fe093d2242: 48 datasets; 0.7 s; peak memory 1246 MiB.
2026-09-29T19:55:13Z INFO [338/363] 1eaf01b7-f99d-4499-b9e7-f93416d43664: 394 datasets; 107.3 s; peak memory 1246 MiB.
2026-09-29T19:55:14Z INFO [339/363] 1eb0013d-939e-43ee-9d0d-ff5658568ec2: 117 datasets; 0.9 s; peak memory 1246 MiB.
2026-09-29T19:55:15Z INFO [340/363] 1eb044c6-d471-4492-bb74-17cdf2769cf6: 66 datasets; 0.9 s; peak memory 1246 MiB.
2026-09-29T19:55:16Z INFO [341/363] 1eb0ace7-96cf-4ac3-a8c3-ae72432e8fa3: 69 datasets; 1.0 s; peak memory 1246 MiB.
2026-09-29T19:55:16Z INFO [342/363] 1eb10b37-837a-46ab-8d91-28e56afb7460: 39 datasets; 0.6 s; peak memory 1246 MiB.
2026-09-29T19:55:19Z INFO [343/363] 1eb1b9ae-0f49-4de2-8ead-3fdcc2944ca4: 538 datasets; 3.1 s; peak memory 1246 MiB.
2026-09-29T19:55:23Z INFO [344/363] 1eb1e405-18ab-4eca-a1c4-4fadc8a584a4: 600 datasets; 3.5 s; peak memory 1246 MiB.
2026-09-29T19:55:24Z INFO [345/363] 1eb20f25-e04c-4198-b93c-b5b5a7eae1c6: 66 datasets; 0.9 s; peak memory 1246 MiB.
2026-09-29T19:55:24Z INFO [346/363] 1eb24a58-a79e-4565-9eae-cf87fcb0f5b3: 66 datasets; 0.9 s; peak memory 1246 MiB.
2026-09-29T19:55:25Z INFO [347/363] 1eb31f9c-d268-466f-9a99-677a41d02e34: 52 datasets; 0.6 s; peak memory 1246 MiB.
2026-09-29T19:55:26Z INFO [348/363] 1eb3845d-d021-4dd4-8100-3391299bebe4: 64 datasets; 1.0 s; peak memory 1246 MiB.
2026-09-29T19:55:27Z INFO [349/363] 1eb5295a-67ee-4f73-9737-6c68fa6ca049: 48 datasets; 0.8 s; peak memory 1246 MiB.
2026-09-29T19:56:29Z INFO [350/363] 1eb6047c-419c-4da4-bbad-24bb67218a43: 58 datasets; 61.8 s; peak memory 1246 MiB.
2026-09-29T19:56:29Z INFO [350/363] 1eb6047c-419c-4da4-bbad-24bb67218a43: checkpointed 61717 records.
2026-09-29T19:56:30Z INFO [351/363] 1eb6f561-22aa-45af-9654-b722e478ef69: 69 datasets; 0.7 s; peak memory 1246 MiB.
2026-09-29T19:56:30Z INFO [352/363] 1eb71723-e1ea-4dd9-9f46-2d943ca3ce00: 48 datasets; 0.6 s; peak memory 1246 MiB.
2026-09-29T19:56:33Z INFO [353/363] 1eb77909-6771-45b3-b25f-be892c433c12: 208 datasets; 2.8 s; peak memory 1246 MiB.
2026-09-29T19:56:34Z INFO [354/363] 1eb7c05c-d8cc-4fb0-86b7-2ae49474f0c8: 62 datasets; 1.0 s; peak memory 1246 MiB.
2026-09-29T19:59:58Z INFO [355/363] 1eb7d596-41ce-473c-8660-46f6686e2180: 453 datasets; 203.7 s; peak memory 1246 MiB.
2026-09-29T19:59:58Z INFO [356/363] 1eb957d7-94cd-4215-9906-912a4eed3011: 46 datasets; 0.5 s; peak memory 1246 MiB.
2026-09-29T20:00:04Z INFO [357/363] 1eba4c5c-81bb-4d9c-ac92-6e5000ee2e2f: 396 datasets; 5.7 s; peak memory 1246 MiB.
2026-09-29T20:00:05Z INFO [358/363] 1ebc2400-36a7-4d3f-8da6-0ca9eb0a2c9d: 117 datasets; 0.7 s; peak memory 1246 MiB.
2026-09-29T20:00:06Z INFO [359/363] 1ebc8302-8c2a-456b-bdda-e8e3d818a70d: 112 datasets; 1.3 s; peak memory 1246 MiB.
2026-09-29T20:00:07Z INFO [360/363] 1ebd24ba-bf27-43c0-8fd9-5c66d5eec055: 44 datasets; 0.8 s; peak memory 1246 MiB.
2026-09-29T20:00:08Z INFO [361/363] 1ebe30f1-be02-4a74-be7f-b59188a04baf: 118 datasets; 0.9 s; peak memory 1246 MiB.
2026-09-29T20:00:09Z INFO [362/363] 1ebe5fc5-be13-4e4d-b2b0-286703b85e0b: 112 datasets; 1.2 s; peak memory 1246 MiB.
2026-09-29T20:28:49Z INFO [363/363] 1ebe7044-7dda-4763-9f7a-6c00fa8db0e1: 1611 datasets; 1720.3 s; peak memory 1246 MiB.
2026-09-29T20:28:49Z INFO Wrote 61730 records to /tmp/derivatives/valid_nwb_file_to_number_of_datasets.jsonl (363 new, 0 failed) in 73.8 min (peak memory 1246 MiB).
