2026-10-11T00:19:41Z INFO Logging to /tmp/logs/update_2026-10-11T00-19-41Z.log.
2026-10-11T00:19:41Z INFO Update valid-nwb-file-to-number-of-datasets (base directory /tmp).
2026-10-11T00:19:42Z INFO Processing 750 items (122835 already recorded).
2026-10-11T00:19:43Z INFO [1/750] 9d7df8a8-ff9c-4de1-bf09-d672cf775a34: 116 datasets; 1.1 s; peak memory 125 MiB.
2026-10-11T00:19:44Z INFO [2/750] 9d7e240f-6e8a-48e4-ba82-3d0397291963: 43 datasets; 0.8 s; peak memory 125 MiB.
2026-10-11T00:19:44Z INFO [3/750] 9d7e2aa5-e1ea-4d7c-94e6-f486d5894866: 72 datasets; 0.8 s; peak memory 126 MiB.
2026-10-11T00:19:45Z INFO [4/750] 9d7e45e2-2a3b-4f05-934e-014d5f520169: 57 datasets; 0.6 s; peak memory 126 MiB.
2026-10-11T00:19:48Z INFO [5/750] 9d7e6e94-ef6a-4e47-943a-59ade88bb047: 229 datasets; 2.8 s; peak memory 133 MiB.
2026-10-11T00:19:48Z INFO [6/750] 9d7f4a14-952f-4bb2-ac8d-82e0e04196b7: 61 datasets; 0.6 s; peak memory 133 MiB.
2026-10-11T00:19:49Z INFO [7/750] 9d7fb521-05e3-4b24-a11b-a98a07a86cd8: 131 datasets; 1.0 s; peak memory 133 MiB.
2026-10-11T00:19:51Z INFO [8/750] 9d800057-3be8-4387-b938-e286bdf83178: 116 datasets; 1.6 s; peak memory 133 MiB.
2026-10-11T00:20:01Z INFO [9/750] 9d812127-ca8f-4fd4-b301-98046906d6d2: 740 datasets; 9.8 s; peak memory 170 MiB.
2026-10-11T00:20:07Z INFO [10/750] 9d81a2ed-15d2-4944-a7df-39ce6b6a5c38: 888 datasets; 5.9 s; peak memory 171 MiB.
2026-10-11T00:20:08Z INFO [11/750] 9d830aaf-0a6d-407f-9630-738573e4de0b: 112 datasets; 0.9 s; peak memory 171 MiB.
2026-10-11T00:20:08Z INFO [12/750] 9d842df5-d2db-4f91-a8aa-1e91a5b73782: 48 datasets; 0.7 s; peak memory 171 MiB.
2026-10-11T00:20:10Z INFO [13/750] 9d8552c6-8704-4e21-8e67-964e01335382: 119 datasets; 1.5 s; peak memory 171 MiB.
2026-10-11T00:20:10Z INFO [14/750] 9d868b23-2c19-4a03-ba7a-f67692685a3f: 46 datasets; 0.5 s; peak memory 171 MiB.
2026-10-11T00:20:11Z INFO [15/750] 9d86b4b4-94da-4545-9734-aecd483bdb38: 118 datasets; 1.0 s; peak memory 171 MiB.
2026-10-11T00:20:12Z INFO [16/750] 9d87c8de-132e-4671-991c-1984f1a1a524: 116 datasets; 0.7 s; peak memory 171 MiB.
2026-10-11T00:20:13Z INFO [17/750] 9d8864e2-294d-4073-95f5-10028dd338b5: 71 datasets; 1.0 s; peak memory 172 MiB.
2026-10-11T00:20:15Z INFO [18/750] 9d8a77ea-1958-4b95-ae8e-84f7755c5ea7: 184 datasets; 2.2 s; peak memory 172 MiB.
2026-10-11T00:20:16Z INFO [19/750] 9d8a9345-1169-48a9-8e9c-a1f4387b8d32: 48 datasets; 0.7 s; peak memory 172 MiB.
2026-10-11T00:20:17Z INFO [20/750] 9d8abc20-c42f-4ec9-b272-c636aba1f750: 48 datasets; 0.8 s; peak memory 172 MiB.
2026-10-11T00:20:18Z INFO [21/750] 9d8acc1b-55c7-4581-8866-c23f88a6507b: 117 datasets; 0.7 s; peak memory 172 MiB.
2026-10-11T00:20:18Z INFO [22/750] 9d8c69aa-da30-4258-ab22-a47b050f4e24: 33 datasets; 0.5 s; peak memory 172 MiB.
2026-10-11T00:20:19Z INFO [23/750] 9d8c8a1b-166e-4a68-b873-92cd941d1fa0: 52 datasets; 0.8 s; peak memory 172 MiB.
2026-10-11T00:20:20Z INFO [24/750] 9d8cdd89-640c-457d-8f9d-7e2c31fabf1c: 52 datasets; 0.7 s; peak memory 172 MiB.
2026-10-11T00:20:20Z INFO [25/750] 9d8d9bc7-98af-455c-9431-7a0450bca468: 112 datasets; 0.9 s; peak memory 172 MiB.
2026-10-11T00:20:22Z INFO [26/750] 9d8de247-45e3-4c14-8a94-3c6ab1e2160c: 66 datasets; 1.1 s; peak memory 172 MiB.
2026-10-11T00:20:22Z INFO [27/750] 9d8e7c53-d405-4169-a383-6d3c1ca119c3: 48 datasets; 0.8 s; peak memory 172 MiB.
2026-10-11T00:20:23Z INFO [28/750] 9d8f79f3-8dea-4e61-a032-749bb132b1bf: 48 datasets; 0.6 s; peak memory 172 MiB.
2026-10-11T00:20:23Z INFO [29/750] 9d8fd496-74ec-4db0-af79-828704407fa6: 52 datasets; 0.5 s; peak memory 172 MiB.
2026-10-11T00:20:24Z INFO [30/750] 9d907214-492b-4ae7-a3dc-823bd567d99d: 48 datasets; 0.6 s; peak memory 172 MiB.
2026-10-11T00:20:25Z INFO [31/750] 9d90847e-ad71-45ee-bcd6-124a682db7d2: 118 datasets; 1.2 s; peak memory 172 MiB.
2026-10-11T00:20:26Z INFO [32/750] 9d9134f1-f59e-4e38-9b02-73d806a6aa59: 77 datasets; 0.6 s; peak memory 172 MiB.
2026-10-11T00:20:27Z INFO [33/750] 9d924294-0ec1-4c8c-809e-75c985d8137a: 71 datasets; 1.3 s; peak memory 172 MiB.
2026-10-11T00:20:28Z INFO [34/750] 9d924d98-a7d2-42cb-b6d9-30e9da931d53: 48 datasets; 0.7 s; peak memory 172 MiB.
2026-10-11T00:20:28Z INFO [35/750] 9d92a09f-35e8-49cb-b542-ea6fbdc65885: 117 datasets; 0.7 s; peak memory 172 MiB.
2026-10-11T00:20:29Z INFO [36/750] 9d92b2d8-2a95-4374-ae30-1b7e88811b94: 117 datasets; 0.9 s; peak memory 172 MiB.
2026-10-11T00:20:30Z INFO [37/750] 9d92c83e-0bb2-435d-a19e-51761da98b81: 110 datasets; 0.8 s; peak memory 172 MiB.
2026-10-11T00:20:31Z INFO [38/750] 9d92eb29-9baa-4aa3-b2bb-fb602ef55903: 52 datasets; 0.6 s; peak memory 172 MiB.
2026-10-11T00:20:31Z INFO [39/750] 9d932a84-d004-4aa3-b1d9-c15e83957215: 57 datasets; 0.5 s; peak memory 172 MiB.
2026-10-11T00:20:43Z INFO [40/750] 9d93836f-e059-4953-adf0-ae54374af4f4: 717 datasets; 11.5 s; peak memory 175 MiB.
2026-10-11T00:20:51Z INFO [41/750] 9d94c060-e528-45c7-a9b5-37b758989b86: 1344 datasets; 8.6 s; peak memory 179 MiB.
2026-10-11T00:20:52Z INFO [42/750] 9d94d9c0-45b1-46ef-ad40-5d191f6f937a: 48 datasets; 0.7 s; peak memory 179 MiB.
2026-10-11T00:20:54Z INFO [43/750] 9d9505f0-82af-4053-b56e-0ce4b5a4dc8c: 186 datasets; 1.6 s; peak memory 179 MiB.
2026-10-11T00:20:54Z INFO [44/750] 9d951d87-1fc8-4f71-8eeb-0b7cc2662901: 48 datasets; 0.7 s; peak memory 179 MiB.
2026-10-11T00:21:02Z INFO [45/750] 9d952a7b-80ac-4d77-a4a8-268d8b5b8327: 93 datasets; 8.2 s; peak memory 197 MiB.
2026-10-11T00:21:03Z INFO [46/750] 9d955bbd-b1a3-4058-b823-20ec449791e4: 48 datasets; 0.8 s; peak memory 197 MiB.
2026-10-11T00:21:04Z INFO [47/750] 9d96ae00-142f-4650-a4ba-eed6d6f3fb03: 54 datasets; 0.6 s; peak memory 197 MiB.
2026-10-11T00:21:05Z INFO [48/750] 9d9715d0-e5ce-4f46-a6f9-85ba3283ea11: 101 datasets; 1.1 s; peak memory 197 MiB.
2026-10-11T00:21:06Z INFO [49/750] 9d973938-fe33-4429-a460-c2cc1ee19a74: 48 datasets; 0.7 s; peak memory 197 MiB.
2026-10-11T00:21:06Z INFO [50/750] 9d975c1b-107c-437b-baac-96b845d6a71a: 58 datasets; 0.5 s; peak memory 197 MiB.
2026-10-11T00:21:06Z INFO [50/750] 9d975c1b-107c-437b-baac-96b845d6a71a: checkpointed 122885 new records.
2026-10-11T00:21:07Z INFO [51/750] 9d979ce1-f5d1-481e-9d18-2823823cfeda: 48 datasets; 0.8 s; peak memory 197 MiB.
2026-10-11T00:21:22Z INFO [52/750] 9d983d41-b73f-4451-aca7-f8d1d757babc: 48 datasets; 15.3 s; peak memory 197 MiB.
2026-10-11T00:21:23Z INFO [53/750] 9d98b954-adc7-4cc1-9fe1-bef34c0b6ffd: 112 datasets; 0.6 s; peak memory 197 MiB.
2026-10-11T00:21:25Z INFO [54/750] 9d98bd5b-6ee2-4f20-9daa-507c1d4da019: 90 datasets; 2.0 s; peak memory 197 MiB.
2026-10-11T00:21:26Z INFO [55/750] 9d98d84f-3aa7-460c-a0f5-705e8be2427d: 110 datasets; 1.1 s; peak memory 197 MiB.
2026-10-11T00:21:27Z INFO [56/750] 9d996917-e0a3-407f-819f-7bc7153532db: 118 datasets; 0.8 s; peak memory 197 MiB.
2026-10-11T00:21:28Z INFO [57/750] 9d9b0ce0-0be1-4601-a4e5-7dd35d596ed4: 81 datasets; 0.9 s; peak memory 197 MiB.
2026-10-11T00:21:32Z INFO [58/750] 9d9b1f15-23ec-4135-a1ce-5790fe904b0f: 680 datasets; 4.4 s; peak memory 197 MiB.
2026-10-11T00:21:35Z INFO [59/750] 9d9ca1bc-556e-43b1-ba14-6c9974773402: 208 datasets; 3.0 s; peak memory 197 MiB.
2026-10-11T00:21:36Z INFO [60/750] 9d9dd40a-5f65-4483-a1e3-5c13d5c46830: 170 datasets; 0.8 s; peak memory 197 MiB.
2026-10-11T00:21:38Z INFO [61/750] 9d9fb68b-2c52-4dc6-ba49-5446067db118: 100 datasets; 1.5 s; peak memory 197 MiB.
2026-10-11T00:21:39Z INFO [62/750] 9da01d73-7d25-4931-927a-1029b39fd1fc: 65 datasets; 1.0 s; peak memory 197 MiB.
2026-10-11T00:21:40Z INFO [63/750] 9da0e4ef-700a-4ea6-9b67-dba19ab59405: 112 datasets; 1.1 s; peak memory 197 MiB.
2026-10-11T00:21:41Z INFO [64/750] 9da13b8b-c402-42bb-8db3-ef575ff77577: 98 datasets; 1.4 s; peak memory 197 MiB.
2026-10-11T00:21:42Z INFO [65/750] 9da161da-a71a-46ee-a1d9-1f0465997fd6: 117 datasets; 0.9 s; peak memory 197 MiB.
2026-10-11T00:21:43Z INFO [66/750] 9da24f75-7d86-412e-b24d-cbecffc20c23: 48 datasets; 0.8 s; peak memory 197 MiB.
2026-10-11T00:21:43Z INFO [67/750] 9da28947-f3e8-473a-9093-f139e4db1f47: 57 datasets; 0.5 s; peak memory 197 MiB.
2026-10-11T00:21:44Z INFO [68/750] 9da2c81f-21d0-47ca-adf3-15419a674c18: 65 datasets; 1.1 s; peak memory 197 MiB.
2026-10-11T00:21:45Z INFO [69/750] 9da31f06-440b-48f7-8817-8a46867908ad: 45 datasets; 0.4 s; peak memory 197 MiB.
2026-10-11T00:21:45Z INFO [70/750] 9da34a10-36d2-4930-b984-887c67ddce4b: 48 datasets; 0.6 s; peak memory 197 MiB.
2026-10-11T00:21:51Z INFO [71/750] 9da353b8-3f83-4006-b004-a7faedba5342: 41 datasets; 5.2 s; peak memory 197 MiB.
2026-10-11T00:21:51Z INFO [72/750] 9da512b4-3500-41aa-9177-bc84457a1737: 46 datasets; 0.5 s; peak memory 197 MiB.
2026-10-11T00:21:53Z INFO [73/750] 9da5822d-a3bc-4146-8d61-7d5504dcda6b: 116 datasets; 1.8 s; peak memory 197 MiB.
2026-10-11T00:21:53Z INFO [74/750] 9da58315-dabd-46f3-8f6b-b42fe17b9e24: 48 datasets; 0.6 s; peak memory 197 MiB.
2026-10-11T00:21:54Z INFO [75/750] 9da5f792-5dc4-45a0-8f5a-8fa3680f3f6e: 116 datasets; 0.8 s; peak memory 197 MiB.
2026-10-11T00:21:55Z INFO [76/750] 9da66642-5ae3-4b35-a74a-4d93be566304: 46 datasets; 0.9 s; peak memory 197 MiB.
2026-10-11T00:21:56Z INFO [77/750] 9da669c1-e33d-4b13-baf0-2a7e6ae4dd6f: 121 datasets; 0.6 s; peak memory 197 MiB.
2026-10-11T00:21:57Z INFO [78/750] 9da6a2d2-851a-4f04-9305-05910f0543b7: 52 datasets; 1.2 s; peak memory 197 MiB.
2026-10-11T00:22:04Z INFO [79/750] 9da6ac95-589b-4e91-afd9-c7a7b858abea: 1177 datasets; 7.2 s; peak memory 197 MiB.
2026-10-11T00:22:05Z INFO [80/750] 9da6be19-e5cc-4c2e-8a7c-2dacb76f76e2: 50 datasets; 0.5 s; peak memory 197 MiB.
2026-10-11T00:22:06Z INFO [81/750] 9da74fb7-980d-4658-8858-8dd64cf3587a: 119 datasets; 1.4 s; peak memory 197 MiB.
2026-10-11T00:22:07Z INFO [82/750] 9da9341b-f761-4141-b7c3-8fcc7c34b9d2: 57 datasets; 0.5 s; peak memory 197 MiB.
2026-10-11T00:22:07Z INFO [83/750] 9da936ae-f444-48db-b978-b8ad8bd24add: 117 datasets; 0.9 s; peak memory 197 MiB.
2026-10-11T00:22:24Z INFO [84/750] 9da9f8fc-7b51-4b11-9260-d10cf4c3ea87: 150 datasets; 16.5 s; peak memory 197 MiB.
2026-10-11T00:22:30Z INFO [85/750] 9daaa5c6-8121-44fd-8d65-c8668d095374: 11477 datasets; 6.0 s; peak memory 259 MiB.
2026-10-11T00:22:31Z INFO [86/750] 9daab943-7b47-4170-b2ab-66f5c7c9ea8c: 71 datasets; 1.1 s; peak memory 259 MiB.
2026-10-11T00:22:37Z INFO [87/750] 9daabec1-3d28-45b2-9cad-b40671f05be5: 831 datasets; 6.1 s; peak memory 271 MiB.
2026-10-11T00:22:38Z INFO [88/750] 9daac711-de76-49f1-9af2-72e75edeeb75: 116 datasets; 0.8 s; peak memory 271 MiB.
2026-10-11T00:22:39Z INFO [89/750] 9daaec13-7cba-4c06-a4a1-688de45fe744: 52 datasets; 0.8 s; peak memory 271 MiB.
2026-10-11T00:22:40Z INFO [90/750] 9daaf4f7-8633-4028-83e4-832004bdca35: 112 datasets; 1.0 s; peak memory 271 MiB.
2026-10-11T00:22:40Z INFO [91/750] 9dabb0f2-f040-49e8-ac90-fb8c865b1cbb: 117 datasets; 0.7 s; peak memory 271 MiB.
2026-10-11T00:22:41Z INFO [92/750] 9dabcbf5-a430-47b8-b63b-529d194445aa: 110 datasets; 0.9 s; peak memory 271 MiB.
2026-10-11T00:22:42Z INFO [93/750] 9dabfe54-f608-4a02-9a96-a6f48671e51a: 51 datasets; 0.5 s; peak memory 271 MiB.
2026-10-11T00:22:42Z INFO [94/750] 9dac473d-979f-4643-80ae-63d93ff3cd48: 48 datasets; 0.6 s; peak memory 271 MiB.
2026-10-11T00:22:43Z INFO [95/750] 9dac499b-6e60-4d47-b99f-fbb47aea4fec: 33 datasets; 0.4 s; peak memory 271 MiB.
2026-10-11T00:22:43Z INFO [96/750] 9dacf0e7-f387-4972-ba23-4d557964898a: 117 datasets; 0.7 s; peak memory 271 MiB.
2026-10-11T00:22:46Z INFO [97/750] 9dacf95a-d73c-453c-83d3-cb7103c16638: 461 datasets; 2.8 s; peak memory 271 MiB.
2026-10-11T00:22:47Z INFO [98/750] 9dad6d6b-64bc-4ebc-8434-e810a15ead7a: 59 datasets; 0.8 s; peak memory 271 MiB.
2026-10-11T00:22:48Z INFO [99/750] 9dadf6e0-a878-4d91-a7b5-d60d38b7d91e: 48 datasets; 0.7 s; peak memory 271 MiB.
2026-10-11T00:23:18Z INFO [100/750] 9daec8eb-db1b-4e55-8066-0045174afebf: 442 datasets; 30.4 s; peak memory 337 MiB.
2026-10-11T00:23:18Z INFO [100/750] 9daec8eb-db1b-4e55-8066-0045174afebf: checkpointed 122935 new records.
2026-10-11T00:23:20Z INFO [101/750] 9daee619-0952-439d-b542-99aaba529205: 71 datasets; 1.4 s; peak memory 337 MiB.
2026-10-11T00:23:21Z INFO [102/750] 9daf03fb-c075-4014-a2c3-7910bef4a6b1: 112 datasets; 0.9 s; peak memory 337 MiB.
2026-10-11T00:23:22Z INFO [103/750] 9daf5b39-491e-49aa-a929-523a5e487954: 66 datasets; 0.9 s; peak memory 337 MiB.
2026-10-11T00:23:22Z INFO [104/750] 9db091aa-2f86-4490-92eb-e3a0e702fce4: 112 datasets; 0.9 s; peak memory 337 MiB.
2026-10-11T00:24:48Z INFO [105/750] 9db1a14c-6284-4b74-b838-0512dc4b026e: 413 datasets; 85.9 s; peak memory 399 MiB.
2026-10-11T00:26:11Z INFO [106/750] 9db2d967-f957-4534-aff5-9a93bed01a66: 241 datasets; 82.2 s; peak memory 399 MiB.
2026-10-11T00:26:11Z INFO [107/750] 9db2e287-0b5a-4931-9549-280e92ac2002: 48 datasets; 0.7 s; peak memory 399 MiB.
2026-10-11T00:26:13Z INFO [108/750] 9db30947-f750-47a0-807a-18feefbad6f0: 118 datasets; 1.3 s; peak memory 399 MiB.
2026-10-11T00:26:17Z INFO [109/750] 9db331ab-2c09-4213-9f3c-ee0e552c7d1a: 193 datasets; 4.3 s; peak memory 399 MiB.
2026-10-11T00:26:18Z INFO [110/750] 9db35e75-1095-43e6-9748-51589ec7976c: 52 datasets; 0.7 s; peak memory 399 MiB.
2026-10-11T00:26:18Z INFO [111/750] 9db4872e-3676-4963-a7b8-8c71076faf2f: 117 datasets; 0.8 s; peak memory 399 MiB.
2026-10-11T00:26:20Z INFO [112/750] 9db49b04-4277-4e6e-83a9-6181585017c3: 155 datasets; 1.3 s; peak memory 399 MiB.
2026-10-11T00:26:21Z INFO [113/750] 9db4a53d-ec77-4bf7-b4d8-bd545dc01abf: 71 datasets; 1.3 s; peak memory 399 MiB.
2026-10-11T00:26:22Z INFO [114/750] 9db5a6fb-0d1c-4e39-bd89-4776add48a66: 62 datasets; 1.0 s; peak memory 399 MiB.
2026-10-11T00:26:23Z INFO [115/750] 9db5a785-e1e4-4589-a52f-e53027dd7d2c: 70 datasets; 0.7 s; peak memory 399 MiB.
2026-10-11T00:26:24Z INFO [116/750] 9db5b1b1-cde5-4b02-bffc-22ebbff9dcdb: 116 datasets; 1.6 s; peak memory 399 MiB.
2026-10-11T00:26:25Z INFO [117/750] 9db5e401-1224-4818-b2b1-1c8ed5558f93: 59 datasets; 1.0 s; peak memory 399 MiB.
2026-10-11T00:26:27Z INFO [118/750] 9db5e5a7-aa3d-4acb-a941-e6ef33742204: 71 datasets; 1.3 s; peak memory 399 MiB.
2026-10-11T00:26:28Z INFO [119/750] 9db7c1b7-c042-45a5-a6ba-970df07ba32a: 117 datasets; 1.0 s; peak memory 399 MiB.
2026-10-11T00:26:28Z INFO [120/750] 9db8ab3f-0462-48db-b47b-10f499be3998: 118 datasets; 0.8 s; peak memory 399 MiB.
2026-10-11T00:26:29Z INFO [121/750] 9db8faff-6441-41e9-86c5-452af431b4e9: 48 datasets; 0.7 s; peak memory 399 MiB.
2026-10-11T00:26:30Z INFO [122/750] 9db904e9-12e9-4b3b-8006-370d33cb787c: 48 datasets; 0.6 s; peak memory 399 MiB.
2026-10-11T00:26:30Z INFO [123/750] 9db93b8f-4750-4385-87bd-30904e2d9979: 110 datasets; 0.8 s; peak memory 399 MiB.
2026-10-11T00:26:31Z INFO [124/750] 9db9e411-170d-482b-acdf-cc6936b740ac: 48 datasets; 0.5 s; peak memory 399 MiB.
2026-10-11T00:27:49Z INFO [125/750] 9dba511f-40c4-49bc-a329-879f000cbcf8: 55 datasets; 78.1 s; peak memory 415 MiB.
2026-10-11T00:27:50Z INFO [126/750] 9dba88e7-113f-4159-a63a-bdc27173bb65: 48 datasets; 0.6 s; peak memory 415 MiB.
2026-10-11T00:27:59Z INFO [127/750] 9dbb9462-9e0d-4c3c-bcfc-cd497e4c7f9a: 331 datasets; 9.6 s; peak memory 415 MiB.
2026-10-11T00:28:01Z INFO [128/750] 9dbc7b5a-1db1-4d47-b26d-5fcb0d54d29c: 157 datasets; 1.7 s; peak memory 415 MiB.
2026-10-11T00:28:02Z INFO [129/750] 9dbca55e-5920-4cef-9ce8-8513ccb1b4b2: 117 datasets; 0.8 s; peak memory 415 MiB.
2026-10-11T00:28:03Z INFO [130/750] 9dbd2ed0-7317-4bc7-8819-54f84501785c: 72 datasets; 0.8 s; peak memory 415 MiB.
2026-10-11T00:28:03Z INFO [131/750] 9dbd8b95-7af0-4074-8ef3-256d618df19e: 46 datasets; 0.5 s; peak memory 415 MiB.
2026-10-11T00:28:12Z INFO [132/750] 9dbfc9ba-143b-4165-9daf-93666324b93d: 41 datasets; 8.9 s; peak memory 415 MiB.
2026-10-11T00:28:13Z INFO [133/750] 9dc014a5-c185-4915-be3d-4dbc4a46a112: 118 datasets; 0.9 s; peak memory 415 MiB.
2026-10-11T00:28:14Z INFO [134/750] 9dc22475-5da0-4d6d-a0ae-5da9669d5fc8: 64 datasets; 0.9 s; peak memory 415 MiB.
2026-10-11T00:28:14Z INFO [135/750] 9dc2bbd5-c916-4dfb-8f14-6264e6478082: 46 datasets; 0.5 s; peak memory 415 MiB.
2026-10-11T00:28:15Z INFO [136/750] 9dc3c788-3d14-48d2-a9f9-5e2a1692755d: 261 datasets; 0.9 s; peak memory 415 MiB.
2026-10-11T00:28:16Z INFO [137/750] 9dc412dd-6744-40e9-b315-c9af787ed081: 48 datasets; 0.6 s; peak memory 415 MiB.
2026-10-11T00:28:16Z INFO [138/750] 9dc413bc-29ed-47d9-8bab-2869ac82c754: 48 datasets; 0.7 s; peak memory 415 MiB.
2026-10-11T00:28:17Z INFO [139/750] 9dc43602-7be7-4acd-8ffb-5d355ce479d2: 48 datasets; 0.5 s; peak memory 415 MiB.
2026-10-11T00:28:18Z INFO [140/750] 9dc4669e-9e27-41f7-8cad-5e91a947dced: 63 datasets; 0.5 s; peak memory 415 MiB.
2026-10-11T00:28:18Z INFO [141/750] 9dc48451-666b-48d6-9791-8b1bbb335b68: 116 datasets; 0.7 s; peak memory 415 MiB.
2026-10-11T00:28:19Z INFO [142/750] 9dc53cad-8b77-4f14-a5bd-f1aa8c006f5b: 84 datasets; 0.8 s; peak memory 415 MiB.
2026-10-11T00:28:20Z INFO [143/750] 9dc649de-67fe-465d-b0c9-8bca8b3d47b3: 87 datasets; 1.0 s; peak memory 415 MiB.
2026-10-11T00:28:21Z INFO [144/750] 9dc6583e-5266-4d73-91b6-ba7d2e38a452: 48 datasets; 0.7 s; peak memory 415 MiB.
2026-10-11T00:28:24Z INFO [145/750] 9dc65ea0-428c-4665-b38e-9299d3eff1f7: 229 datasets; 3.2 s; peak memory 415 MiB.
2026-10-11T00:28:37Z INFO [146/750] 9dc66203-3b31-4a97-9724-33ab11fbb04e: 48 datasets; 13.2 s; peak memory 415 MiB.
2026-10-11T00:28:39Z INFO [147/750] 9dc6e378-1aae-4407-82de-a478b1fbd38f: 119 datasets; 1.4 s; peak memory 415 MiB.
2026-10-11T00:28:42Z INFO [148/750] 9dc7c976-8381-4e78-a3a3-9c951b194277: 277 datasets; 3.0 s; peak memory 415 MiB.
2026-10-11T00:28:43Z INFO [149/750] 9dc87c5b-ba3e-4625-9ab5-b0ddb3a996bd: 71 datasets; 1.4 s; peak memory 415 MiB.
2026-10-11T00:28:44Z INFO [150/750] 9dc8c8bc-28be-44b9-b8e6-d5b80fd83b94: 112 datasets; 0.8 s; peak memory 415 MiB.
2026-10-11T00:28:44Z INFO [150/750] 9dc8c8bc-28be-44b9-b8e6-d5b80fd83b94: checkpointed 122985 new records.
2026-10-11T00:28:46Z INFO [151/750] 9dc9212e-7d69-4dd0-9c5b-5fe4a10d85d2: 283 datasets; 2.4 s; peak memory 415 MiB.
2026-10-11T00:28:47Z INFO [152/750] 9dc95e45-b6f7-489d-9250-2d5f84568938: 112 datasets; 0.9 s; peak memory 415 MiB.
2026-10-11T00:28:50Z INFO [153/750] 9dc9b977-a3c5-4819-85a9-68de54a32cdf: 475 datasets; 3.0 s; peak memory 415 MiB.
2026-10-11T00:28:51Z INFO [154/750] 9dcb9e0b-fc3d-4f89-a498-91f9cf7e43b6: 112 datasets; 1.0 s; peak memory 415 MiB.
2026-10-11T00:28:52Z INFO [155/750] 9dcbd4af-d070-41d2-8d2f-f14850eba465: 69 datasets; 0.8 s; peak memory 415 MiB.
2026-10-11T00:28:53Z INFO [156/750] 9dcbe0e4-df51-4fe4-b9e7-00f4906209e6: 52 datasets; 0.7 s; peak memory 415 MiB.
2026-10-11T00:28:54Z INFO [157/750] 9dcc9526-c363-4b96-9189-2599e018da1f: 116 datasets; 0.7 s; peak memory 415 MiB.
2026-10-11T00:28:55Z INFO [158/750] 9dcd0161-5554-4a54-99fc-cc586fd336f0: 62 datasets; 0.9 s; peak memory 415 MiB.
2026-10-11T00:28:58Z INFO [159/750] 9dcd42f1-a2bb-4861-9bb7-d57191310b2f: 489 datasets; 3.9 s; peak memory 415 MiB.
2026-10-11T00:29:05Z INFO [160/750] 9dcdd29a-46dc-410f-8014-4430fdd8bbf2: 278 datasets; 6.7 s; peak memory 415 MiB.
2026-10-11T00:29:09Z INFO [161/750] 9dce93b9-c51c-4b0d-8360-cfa434d1107f: 106 datasets; 4.0 s; peak memory 415 MiB.
2026-10-11T00:29:10Z INFO [162/750] 9dcf25ca-2a4b-411b-a447-7e3dcb3604af: 49 datasets; 0.8 s; peak memory 415 MiB.
2026-10-11T00:29:11Z INFO [163/750] 9dcf9bba-eba0-431a-b805-0be1244bc28b: 112 datasets; 0.9 s; peak memory 415 MiB.
2026-10-11T00:29:12Z INFO [164/750] 9dcfdf10-90ac-42a3-864a-78f2d0f4be97: 112 datasets; 1.2 s; peak memory 415 MiB.
2026-10-11T00:29:13Z INFO [165/750] 9dd0948f-bf7b-4bfb-bc19-4bfeb83db997: 41 datasets; 0.5 s; peak memory 415 MiB.
2026-10-11T00:29:13Z INFO [166/750] 9dd0a7aa-5e53-4e53-855d-2be4364bb54a: 48 datasets; 0.6 s; peak memory 415 MiB.
2026-10-11T00:29:14Z INFO [167/750] 9dd0c537-dbad-4d9c-a787-3ec3cee7ac02: 116 datasets; 0.7 s; peak memory 415 MiB.
2026-10-11T00:29:15Z INFO [168/750] 9dd16592-8631-4e7a-b661-a280a07aebcf: 117 datasets; 0.9 s; peak memory 415 MiB.
2026-10-11T00:29:16Z INFO [169/750] 9dd24e09-2c8e-4a42-be56-5e001a1688a6: 71 datasets; 1.3 s; peak memory 415 MiB.
2026-10-11T00:29:17Z INFO [170/750] 9dd2d06c-6888-45b0-99cc-dcb48128991a: 62 datasets; 1.0 s; peak memory 415 MiB.
2026-10-11T00:29:21Z INFO [171/750] 9dd2d332-ecde-4860-85cb-85689af1fddc: 307 datasets; 3.8 s; peak memory 415 MiB.
2026-10-11T00:29:22Z INFO [172/750] 9dd43c5e-fc64-4e30-8ee0-d8eff0091845: 117 datasets; 0.7 s; peak memory 415 MiB.
2026-10-11T00:29:23Z INFO [173/750] 9dd49550-fc03-432b-bbcb-070b5e0fc8f3: 101 datasets; 1.2 s; peak memory 415 MiB.
2026-10-11T00:29:23Z INFO [174/750] 9dd4c7b4-075d-43e8-b3db-0e667ae22877: 46 datasets; 0.5 s; peak memory 415 MiB.
2026-10-11T00:29:24Z INFO [175/750] 9dd4e2d3-6514-4568-9cc4-168ba870746e: 48 datasets; 0.7 s; peak memory 415 MiB.
2026-10-11T00:29:25Z INFO [176/750] 9dd4ef7e-6364-4cdc-ac31-999bc5896085: 118 datasets; 0.8 s; peak memory 415 MiB.
2026-10-11T00:29:26Z INFO [177/750] 9dd597de-75ee-493b-b334-4906c0741621: 112 datasets; 0.8 s; peak memory 415 MiB.
2026-10-11T00:29:26Z INFO [178/750] 9dd65731-576d-401d-b769-58e0240426a8: 48 datasets; 0.6 s; peak memory 415 MiB.
2026-10-11T00:29:27Z INFO [179/750] 9dd77457-2c0b-4d9d-b6f1-df340d26de37: 52 datasets; 0.7 s; peak memory 415 MiB.
2026-10-11T00:29:34Z INFO [180/750] 9dd78c89-009b-4da2-b7b0-0b213ee0b198: 446 datasets; 6.8 s; peak memory 415 MiB.
2026-10-11T00:29:35Z INFO [181/750] 9dd79601-3a14-4c83-8128-7a5fef14be9f: 53 datasets; 1.4 s; peak memory 415 MiB.
2026-10-11T00:29:36Z INFO [182/750] 9dd7a4a5-5ee4-4a91-893a-67558683e035: 117 datasets; 0.8 s; peak memory 415 MiB.
2026-10-11T00:29:37Z INFO [183/750] 9dd7be55-6399-40ef-a0b2-58d509328b21: 52 datasets; 0.7 s; peak memory 415 MiB.
2026-10-11T00:29:37Z INFO [184/750] 9dd8369c-c9ab-4fb6-aa33-6b1102595a3f: 117 datasets; 0.7 s; peak memory 415 MiB.
2026-10-11T00:29:38Z INFO [185/750] 9dd85391-e41a-44ff-b2e5-97d41c506477: 116 datasets; 0.7 s; peak memory 415 MiB.
2026-10-11T00:29:39Z INFO [186/750] 9dd870ea-8649-4e7f-93e2-f7858d85237c: 48 datasets; 0.6 s; peak memory 415 MiB.
2026-10-11T00:29:41Z INFO [187/750] 9dd8b681-65f3-49c8-94a1-94cea74b5d40: 428 datasets; 2.4 s; peak memory 415 MiB.
2026-10-11T00:29:49Z INFO [188/750] 9dd8fefd-4f15-4cd8-af47-4478c600d1d4: 940 datasets; 7.5 s; peak memory 415 MiB.
2026-10-11T00:29:49Z INFO [189/750] 9dd912c2-31b2-4c5f-b9cb-a2ae3d5d4ec6: 48 datasets; 0.6 s; peak memory 415 MiB.
2026-10-11T00:32:45Z INFO [190/750] 9ddae9a6-098c-4750-9498-bb7c04dcbb59: 16353 datasets; 175.4 s; peak memory 700 MiB.
2026-10-11T00:32:45Z INFO [191/750] 9ddb2bdc-ef9d-4ea4-89f9-3c48ac44b2f0: 118 datasets; 0.8 s; peak memory 700 MiB.
2026-10-11T00:33:21Z INFO [192/750] 9ddb3c94-710c-4657-bab2-d3f1bf8cbc6b: 7712 datasets; 35.3 s; peak memory 700 MiB.
2026-10-11T00:33:21Z INFO [193/750] 9ddb8885-7e75-4e5a-a93d-0f619422cc47: 117 datasets; 0.7 s; peak memory 700 MiB.
2026-10-11T00:33:22Z INFO [194/750] 9ddc6402-006d-4157-af6f-12e58b084f0e: 48 datasets; 0.8 s; peak memory 700 MiB.
2026-10-11T00:33:23Z INFO [195/750] 9ddc6af3-fa87-4002-98e8-b44a98cf22f4: 117 datasets; 0.8 s; peak memory 700 MiB.
2026-10-11T00:33:24Z INFO [196/750] 9ddcafce-af5a-4cd9-b304-fef04e186c7b: 52 datasets; 0.8 s; peak memory 700 MiB.
2026-10-11T00:33:24Z INFO [197/750] 9ddcd6ef-fc0d-4468-ab73-3c1b31864692: 117 datasets; 0.8 s; peak memory 700 MiB.
2026-10-11T00:33:25Z INFO [198/750] 9ddf3d51-5b9e-47b0-a87c-2655a71bb770: 112 datasets; 0.8 s; peak memory 700 MiB.
2026-10-11T00:35:05Z INFO [199/750] 9ddfc747-7866-465b-98e4-1975415fef82: 167 datasets; 99.4 s; peak memory 700 MiB.
2026-10-11T00:35:05Z INFO [200/750] 9ddfcf30-a615-4291-834f-e1b41f29596c: 46 datasets; 0.8 s; peak memory 700 MiB.
2026-10-11T00:35:06Z INFO [200/750] 9ddfcf30-a615-4291-834f-e1b41f29596c: checkpointed 123035 new records.
2026-10-11T00:35:07Z INFO [201/750] 9ddfe0dc-9f88-46a9-994b-c16b3253ccd1: 71 datasets; 1.4 s; peak memory 700 MiB.
2026-10-11T00:35:08Z INFO [202/750] 9de06df0-0c5b-4b20-9d5b-60b9ad058249: 110 datasets; 0.8 s; peak memory 700 MiB.
2026-10-11T00:35:09Z INFO [203/750] 9de0778b-7ea7-4c5b-b0db-191fbd7ef3af: 52 datasets; 0.6 s; peak memory 700 MiB.
2026-10-11T00:35:09Z INFO [204/750] 9de09d98-5724-47a9-a240-2bd9ff55b8ea: 48 datasets; 0.6 s; peak memory 700 MiB.
2026-10-11T00:35:10Z INFO [205/750] 9de0b093-aa5c-491c-8bdf-169a9744c304: 62 datasets; 0.9 s; peak memory 700 MiB.
2026-10-11T00:35:11Z INFO [206/750] 9de166ad-8b06-4c6c-94a1-0c56346e6777: 64 datasets; 1.1 s; peak memory 700 MiB.
2026-10-11T00:35:12Z INFO [207/750] 9de212f0-d221-4a56-b2d8-97516bdedc9b: 116 datasets; 0.9 s; peak memory 700 MiB.
2026-10-11T00:35:13Z INFO [208/750] 9de35e16-43a8-47d0-8dd4-ad4535253841: 115 datasets; 1.4 s; peak memory 700 MiB.
2026-10-11T00:35:17Z INFO [209/750] 9de4439c-5543-4133-a3bb-fb26d12aebe2: 528 datasets; 3.5 s; peak memory 700 MiB.
2026-10-11T00:35:18Z INFO [210/750] 9de48fc3-e7be-4d0b-9ae7-91d1055c05c2: 41 datasets; 0.7 s; peak memory 700 MiB.
2026-10-11T00:35:19Z INFO [211/750] 9de4ef02-f1be-4911-a190-f8df81c1420e: 45 datasets; 1.0 s; peak memory 700 MiB.
2026-10-11T00:35:24Z INFO [212/750] 9de5607f-684a-46ed-99fc-e4e8fd77defc: 300 datasets; 5.3 s; peak memory 700 MiB.
2026-10-11T00:35:25Z INFO [213/750] 9de569a5-25eb-4310-b8f3-556ab9abc6c1: 117 datasets; 0.7 s; peak memory 700 MiB.
2026-10-11T00:35:26Z INFO [214/750] 9de750b0-6928-4cc9-8ee3-73320c302607: 71 datasets; 0.9 s; peak memory 700 MiB.
2026-10-11T00:35:26Z INFO [215/750] 9de7c2c9-fc93-482a-a9ca-732a688da7a3: 117 datasets; 0.8 s; peak memory 700 MiB.
2026-10-11T00:35:27Z INFO [216/750] 9de8568a-2557-4a53-89be-b32da7eaf9b9: 52 datasets; 0.7 s; peak memory 700 MiB.
2026-10-11T00:35:29Z INFO [217/750] 9de9b775-e00f-4281-831d-154dd3f40cfa: 775 datasets; 2.2 s; peak memory 700 MiB.
2026-10-11T00:35:30Z INFO [218/750] 9dea3740-3071-4649-8517-53a0c26f502c: 117 datasets; 0.6 s; peak memory 700 MiB.
2026-10-11T00:35:31Z INFO [219/750] 9deae20e-2c16-4ea8-bf65-17c2b0476e59: 42 datasets; 1.0 s; peak memory 700 MiB.
2026-10-11T00:35:32Z INFO [220/750] 9deb3128-8b1e-4086-867d-9e1656faba66: 307 datasets; 1.4 s; peak memory 700 MiB.
2026-10-11T00:35:33Z INFO [221/750] 9debe4d4-83aa-40ef-9941-5c65ace0267c: 48 datasets; 0.7 s; peak memory 700 MiB.
2026-10-11T00:35:34Z INFO [222/750] 9dec70fc-a116-47f3-9efe-b9383d1457f8: 117 datasets; 0.8 s; peak memory 700 MiB.
2026-10-11T00:35:37Z INFO [223/750] 9dec7f2c-3f86-4dfb-b509-3cf91b3c16f0: 520 datasets; 2.9 s; peak memory 700 MiB.
2026-10-11T00:35:38Z INFO [224/750] 9deccb57-5d8a-43f9-827f-1a92ff83ec0c: 119 datasets; 1.4 s; peak memory 700 MiB.
2026-10-11T00:35:39Z INFO [225/750] 9dee0580-9a5e-40e3-92d5-db982c211b12: 110 datasets; 0.9 s; peak memory 700 MiB.
2026-10-11T00:35:41Z INFO [226/750] 9df03f1e-94e9-4e2a-a749-9194f4598bc4: 38 datasets; 1.6 s; peak memory 700 MiB.
2026-10-11T00:37:12Z INFO [227/750] 9df099e7-6129-4ded-bb4f-f832c7dc47d8: 394 datasets; 91.9 s; peak memory 700 MiB.
2026-10-11T00:37:13Z INFO [228/750] 9df1261b-1c1a-45c5-83a3-7c29266abc86: 48 datasets; 0.7 s; peak memory 700 MiB.
2026-10-11T00:37:14Z INFO [229/750] 9df45687-831f-405e-981b-f321731c7e19: 48 datasets; 0.6 s; peak memory 700 MiB.
2026-10-11T00:37:14Z INFO [230/750] 9df514a7-b35b-4d9b-a9b9-585635124aa9: 46 datasets; 0.5 s; peak memory 700 MiB.
2026-10-11T00:37:15Z INFO [231/750] 9df53795-e918-46eb-9a33-2c7d8a9323e8: 48 datasets; 0.7 s; peak memory 700 MiB.
2026-10-11T00:37:16Z INFO [232/750] 9df57f70-a606-4526-b8bf-6e060cd9a80e: 117 datasets; 0.8 s; peak memory 700 MiB.
2026-10-11T00:37:16Z INFO [233/750] 9df58060-c64f-46e0-908c-3e75af1c549e: 56 datasets; 0.5 s; peak memory 700 MiB.
2026-10-11T00:37:17Z INFO [234/750] 9df61723-4b33-4205-a456-58ec42b1d642: 48 datasets; 0.6 s; peak memory 700 MiB.
2026-10-11T00:37:17Z INFO [235/750] 9df6abea-f121-4def-9a7c-406c8d30444d: 46 datasets; 0.4 s; peak memory 700 MiB.
2026-10-11T00:37:18Z INFO [236/750] 9df6fbd5-ac54-46ec-952c-3fdea1474b1e: 118 datasets; 0.9 s; peak memory 700 MiB.
2026-10-11T00:37:19Z INFO [237/750] 9df749a2-6015-43db-b1a5-d777882113b8: 48 datasets; 0.6 s; peak memory 700 MiB.
2026-10-11T00:37:19Z INFO [238/750] 9df81844-cc96-4c8e-ad9e-4b27fcf370e6: 45 datasets; 0.6 s; peak memory 700 MiB.
2026-10-11T00:37:20Z INFO [239/750] 9df846bc-7767-4013-965e-bb057d51f2a9: 110 datasets; 1.1 s; peak memory 700 MiB.
2026-10-11T00:37:27Z INFO [240/750] 9df865e6-8315-4f38-8230-86cd77c63d3f: 949 datasets; 7.0 s; peak memory 700 MiB.
2026-10-11T00:37:29Z INFO [241/750] 9df89542-8f06-4006-93f4-b0564eaf9e99: 112 datasets; 1.2 s; peak memory 700 MiB.
2026-10-11T00:37:30Z INFO [242/750] 9df9647d-5e3d-4778-bf83-a5920e27c6e2: 112 datasets; 1.0 s; peak memory 700 MiB.
2026-10-11T00:37:30Z INFO [243/750] 9df9f9e9-f8e9-4bcb-a5b1-e6adf4699d19: 117 datasets; 0.7 s; peak memory 700 MiB.
2026-10-11T00:37:31Z INFO [244/750] 9dfa1a4a-c5f2-4c31-a19f-f2f3e32c30d1: 48 datasets; 0.6 s; peak memory 700 MiB.
2026-10-11T00:37:32Z INFO [245/750] 9dfaa43c-0290-4100-b5b1-325ca3b52a9e: 77 datasets; 1.2 s; peak memory 700 MiB.
2026-10-11T00:37:33Z INFO [246/750] 9dfabdf4-27ad-48c2-84eb-22e437e7bbad: 83 datasets; 0.7 s; peak memory 700 MiB.
2026-10-11T00:37:43Z INFO [247/750] 9dfafb0b-c4e5-41cc-9d66-2802faf02923: 1265 datasets; 10.2 s; peak memory 700 MiB.
2026-10-11T00:37:44Z INFO [248/750] 9dfbb9c4-be93-4ee6-9282-ae940969da20: 37 datasets; 0.6 s; peak memory 700 MiB.
2026-10-11T00:37:45Z INFO [249/750] 9dfbd3dc-9f00-4a1c-aef6-7bacbdd88d8c: 156 datasets; 1.8 s; peak memory 700 MiB.
2026-10-11T00:37:46Z INFO [250/750] 9dfd8a8f-787c-441c-bb8d-9e7405754bdb: 112 datasets; 1.0 s; peak memory 700 MiB.
2026-10-11T00:37:47Z INFO [250/750] 9dfd8a8f-787c-441c-bb8d-9e7405754bdb: checkpointed 123085 new records.
2026-10-11T00:37:48Z INFO [251/750] 9dfdc03b-c1df-49aa-8664-6370b7632277: 69 datasets; 1.0 s; peak memory 700 MiB.
2026-10-11T00:37:48Z INFO [252/750] 9dfdd8aa-a20b-422b-bfdf-3e07b772e3f4: 48 datasets; 0.6 s; peak memory 700 MiB.
2026-10-11T00:37:49Z INFO [253/750] 9dfdf31f-a545-4cb7-94d8-270bab65269b: 112 datasets; 1.0 s; peak memory 700 MiB.
2026-10-11T00:37:50Z INFO [254/750] 9dfeaa2f-a013-4773-b139-56b64cc37d9d: 116 datasets; 0.7 s; peak memory 700 MiB.
2026-10-11T00:37:50Z INFO [255/750] 9dfec1f6-744a-4c1f-898f-58db8c0a891b: 37 datasets; 0.5 s; peak memory 700 MiB.
2026-10-11T00:37:52Z INFO [256/750] 9dfece42-7a51-4aa2-946b-6cd049e35227: 156 datasets; 1.8 s; peak memory 700 MiB.
2026-10-11T00:37:54Z INFO [257/750] 9dfeea28-f869-4d0e-a0e3-f0944fdae596: 71 datasets; 1.4 s; peak memory 700 MiB.
2026-10-11T00:37:54Z INFO [258/750] 9dfef2da-31c8-45fb-a7f9-f00d80682f90: 48 datasets; 0.6 s; peak memory 700 MiB.
2026-10-11T00:37:55Z INFO [259/750] 9dff36eb-c026-4e6a-add6-0973ce9dba33: 39 datasets; 0.7 s; peak memory 700 MiB.
2026-10-11T00:37:56Z INFO [260/750] 9dff9f50-ec3c-4dd2-9198-51f23a25cf5b: 66 datasets; 1.2 s; peak memory 700 MiB.
2026-10-11T00:37:57Z INFO [261/750] 9dffb41a-0f25-45d3-bdef-7e7a555cc96c: 117 datasets; 0.7 s; peak memory 700 MiB.
2026-10-11T00:37:57Z INFO [262/750] 9dffd325-28a8-47aa-a0b8-6b1c27d1418b: 48 datasets; 0.6 s; peak memory 700 MiB.
2026-10-11T00:37:58Z INFO [263/750] 9e00cdab-7e16-4b87-b315-830e5072af64: 112 datasets; 0.9 s; peak memory 700 MiB.
2026-10-11T00:37:59Z INFO [264/750] 9e01df6c-b6e2-41a1-a96f-c9db4d20136e: 48 datasets; 0.7 s; peak memory 700 MiB.
2026-10-11T00:38:00Z INFO [265/750] 9e029665-8a24-4de6-8e2c-cd02b4009fc3: 116 datasets; 0.7 s; peak memory 700 MiB.
2026-10-11T00:38:00Z INFO [266/750] 9e02b264-e01d-42d4-a603-942a3494710e: 46 datasets; 0.4 s; peak memory 700 MiB.
2026-10-11T00:38:01Z INFO [267/750] 9e042e85-39ed-437b-ba8b-2dda382fb7b2: 303 datasets; 0.9 s; peak memory 700 MiB.
2026-10-11T00:38:06Z INFO [268/750] 9e043c5f-4ebf-4f17-954d-4295714b9c05: 336 datasets; 5.4 s; peak memory 700 MiB.
2026-10-11T00:38:08Z INFO [269/750] 9e047b48-9dd4-4684-9219-d84532fd7447: 184 datasets; 1.5 s; peak memory 700 MiB.
2026-10-11T00:38:09Z INFO [270/750] 9e04a55a-6640-4478-9997-e0bb9d96dbc3: 112 datasets; 0.8 s; peak memory 700 MiB.
2026-10-11T00:38:10Z INFO [271/750] 9e05471d-2a90-4af8-8c2e-60c2c1bfe51a: 48 datasets; 0.7 s; peak memory 700 MiB.
2026-10-11T00:38:10Z INFO [272/750] 9e05c7df-1638-4864-8ee6-f0a86612708d: 117 datasets; 0.8 s; peak memory 700 MiB.
2026-10-11T00:38:11Z INFO [273/750] 9e05edcb-7469-4e88-9a8a-14a92ab1a891: 112 datasets; 0.8 s; peak memory 700 MiB.
2026-10-11T00:38:12Z INFO [274/750] 9e060c33-426a-4d45-b50a-4f7af2b32d0f: 48 datasets; 0.6 s; peak memory 700 MiB.
2026-10-11T00:38:13Z INFO [275/750] 9e06183e-bdfd-490b-b25c-215a827a509b: 112 datasets; 0.9 s; peak memory 700 MiB.
2026-10-11T00:38:13Z INFO [276/750] 9e063f67-1825-4443-b9cc-9d05058da1d6: 48 datasets; 0.7 s; peak memory 700 MiB.
2026-10-11T00:38:14Z INFO [277/750] 9e065cfd-aa0d-4602-a1ce-5e2ab7160a22: 45 datasets; 0.6 s; peak memory 700 MiB.
2026-10-11T00:38:15Z INFO [278/750] 9e07083c-fff7-401e-b052-d8080ca82a77: 39 datasets; 0.6 s; peak memory 700 MiB.
2026-10-11T00:38:21Z INFO [279/750] 9e07b970-bd89-4886-9ad7-ea039cab708d: 872 datasets; 6.7 s; peak memory 700 MiB.
2026-10-11T00:38:29Z INFO [280/750] 9e08d0a2-eaee-4639-8076-cbb9301fb66f: 616 datasets; 8.2 s; peak memory 700 MiB.
2026-10-11T00:38:30Z INFO [281/750] 9e0ae7df-17f9-45f2-abb2-28703f75cdc9: 117 datasets; 0.9 s; peak memory 700 MiB.
2026-10-11T00:38:31Z INFO [282/750] 9e0b9321-7899-4510-b642-e4c65a561a18: 117 datasets; 0.8 s; peak memory 700 MiB.
2026-10-11T00:38:32Z INFO [283/750] 9e0ba44b-438b-430d-a76d-fa1be1352d80: 69 datasets; 1.0 s; peak memory 700 MiB.
2026-10-11T00:38:33Z INFO [284/750] 9e0c5cc8-a886-458d-be2d-0147f60be3fa: 101 datasets; 0.6 s; peak memory 700 MiB.
2026-10-11T00:38:37Z INFO [285/750] 9e0c7a30-8acb-4ec3-9294-29b80cbd19ce: 789 datasets; 4.2 s; peak memory 700 MiB.
2026-10-11T00:38:38Z INFO [286/750] 9e0ca8cc-df0f-4ac8-a99a-536a0a124391: 46 datasets; 0.7 s; peak memory 700 MiB.
2026-10-11T00:38:38Z INFO [287/750] 9e0d1b40-26b7-4059-ae0b-a1e8bc8e1225: 48 datasets; 0.6 s; peak memory 700 MiB.
2026-10-11T00:38:39Z INFO [288/750] 9e0d80e1-42c2-4ef2-a7d7-6d6a5a6e924d: 48 datasets; 0.6 s; peak memory 700 MiB.
2026-10-11T00:38:39Z INFO [289/750] 9e0daded-48f4-42cd-a582-e59c29331180: 48 datasets; 0.6 s; peak memory 700 MiB.
2026-10-11T00:38:46Z INFO [290/750] 9e0dbe01-8021-424c-9a6a-2858c31ffddc: 840 datasets; 7.1 s; peak memory 700 MiB.
2026-10-11T00:38:48Z INFO [291/750] 9e0de42a-cbf7-4135-b3e5-c4e3662b1fbe: 138 datasets; 1.7 s; peak memory 700 MiB.
2026-10-11T00:38:49Z INFO [292/750] 9e0ed9c1-8486-4fe7-8c89-c63a018fde1c: 52 datasets; 0.7 s; peak memory 700 MiB.
2026-10-11T00:38:53Z INFO [293/750] 9e0eddb8-ff18-4286-b7a4-89d3f757310b: 585 datasets; 4.2 s; peak memory 700 MiB.
2026-10-11T00:38:54Z INFO [294/750] 9e0f4b18-cfea-4622-b997-3bd9d73fb7e2: 62 datasets; 0.9 s; peak memory 700 MiB.
2026-10-11T00:38:55Z INFO [295/750] 9e0f63ef-a3a5-423f-9df1-d9c988e4fd60: 61 datasets; 0.6 s; peak memory 700 MiB.
2026-10-11T00:38:55Z INFO [296/750] 9e0f735d-0896-4dd9-8103-76286ca7a407: 46 datasets; 0.5 s; peak memory 700 MiB.
2026-10-11T00:38:57Z INFO [297/750] 9e0ffdb1-8f5f-4551-a388-9159f44470c5: 115 datasets; 1.6 s; peak memory 700 MiB.
2026-10-11T00:38:57Z INFO [298/750] 9e102657-6d47-486c-a51d-be4b21736830: 39 datasets; 0.6 s; peak memory 700 MiB.
2026-10-11T00:38:58Z INFO [299/750] 9e1033df-3d05-4ee6-b824-27236e2e50f9: 46 datasets; 0.4 s; peak memory 700 MiB.
2026-10-11T00:38:59Z INFO [300/750] 9e1036e0-8c0c-494c-b4fc-4002e0293aae: 117 datasets; 0.7 s; peak memory 700 MiB.
2026-10-11T00:38:59Z INFO [300/750] 9e1036e0-8c0c-494c-b4fc-4002e0293aae: checkpointed 123135 new records.
2026-10-11T00:39:00Z INFO [301/750] 9e106af6-9135-4043-9434-d3db0231bfae: 38 datasets; 1.6 s; peak memory 700 MiB.
2026-10-11T00:39:01Z INFO [302/750] 9e122e5a-7d9d-4364-9804-30a125e9b299: 62 datasets; 0.9 s; peak memory 700 MiB.
2026-10-11T00:39:02Z INFO [303/750] 9e123c9b-aaf6-40fb-8621-7efc11592a2f: 69 datasets; 1.0 s; peak memory 700 MiB.
2026-10-11T00:39:03Z INFO [304/750] 9e1286ea-1799-4042-bce3-e33f4c531e85: 69 datasets; 0.8 s; peak memory 700 MiB.
2026-10-11T00:39:04Z INFO [305/750] 9e129f92-3fa9-47ed-8539-aa361edf2261: 46 datasets; 0.6 s; peak memory 700 MiB.
2026-10-11T00:39:04Z INFO [306/750] 9e137126-5460-48d9-8fbf-d83c8480244b: 117 datasets; 0.8 s; peak memory 700 MiB.
2026-10-11T00:39:05Z INFO [307/750] 9e13b801-f146-4dd4-b0b6-e08d67516e12: 70 datasets; 0.9 s; peak memory 700 MiB.
2026-10-11T00:39:06Z INFO [308/750] 9e13fb4d-d805-47ce-b1ce-20a0b4d89260: 52 datasets; 0.6 s; peak memory 700 MiB.
2026-10-11T00:39:06Z INFO [309/750] 9e1455d8-1fd2-4bd0-bcb3-5b3fbe793589: 46 datasets; 0.4 s; peak memory 700 MiB.
2026-10-11T00:39:07Z INFO [310/750] 9e148e81-a214-4cb5-8bca-c398a906436d: 69 datasets; 1.0 s; peak memory 700 MiB.
2026-10-11T00:39:08Z INFO [311/750] 9e14fa67-4567-4251-8e46-a0674e9be3ed: 66 datasets; 1.0 s; peak memory 700 MiB.
2026-10-11T00:39:09Z INFO [312/750] 9e15536d-3b78-488b-8c60-2ac59ce4e756: 56 datasets; 0.5 s; peak memory 700 MiB.
2026-10-11T00:39:10Z INFO [313/750] 9e169ea2-bcfc-4d82-b0b3-d5a2fc0fc854: 51 datasets; 0.9 s; peak memory 700 MiB.
2026-10-11T00:39:11Z INFO [314/750] 9e172b18-54bd-4267-bbc5-ede009c33a21: 115 datasets; 1.6 s; peak memory 700 MiB.
2026-10-11T00:39:12Z INFO [315/750] 9e176503-ae46-45c7-8d27-c60e9b404d45: 46 datasets; 0.5 s; peak memory 700 MiB.
2026-10-11T00:39:13Z INFO [316/750] 9e18741b-f482-4c22-8300-817bf5a3ce4a: 117 datasets; 0.7 s; peak memory 700 MiB.
2026-10-11T00:39:13Z INFO [317/750] 9e188b7f-aeba-4093-bc6e-5ca00bf67f93: 112 datasets; 0.8 s; peak memory 700 MiB.
2026-10-11T00:39:14Z INFO [318/750] 9e19ea06-2b8f-4387-9a02-3211a9f1fb70: 261 datasets; 0.9 s; peak memory 700 MiB.
2026-10-11T00:39:29Z INFO [319/750] 9e1ae18d-6449-4245-b030-7762ac1204c7: 48 datasets; 14.5 s; peak memory 700 MiB.
2026-10-11T00:39:30Z INFO [320/750] 9e1b252f-68e8-4c0c-aaa3-d09d81778496: 46 datasets; 0.6 s; peak memory 700 MiB.
2026-10-11T00:39:30Z INFO [321/750] 9e1b7bdc-b648-4b8b-9782-460ee3a1a7c8: 117 datasets; 0.8 s; peak memory 700 MiB.
2026-10-11T00:39:31Z INFO [322/750] 9e1cb2bf-12d6-452c-b39b-0d18f611f4fb: 51 datasets; 0.5 s; peak memory 700 MiB.
2026-10-11T00:39:32Z INFO [323/750] 9e1ccefb-8f60-424b-813e-1de58c78fbba: 69 datasets; 1.1 s; peak memory 700 MiB.
2026-10-11T00:39:45Z INFO [324/750] 9e1de845-4391-48f3-bb81-e2bfed5c1281: 48 datasets; 13.2 s; peak memory 700 MiB.
2026-10-11T00:39:46Z INFO [325/750] 9e1ef85a-d2a4-4cb8-a519-9400c9c27083: 52 datasets; 0.6 s; peak memory 700 MiB.
2026-10-11T00:39:49Z INFO [326/750] 9e1fa98f-487d-41a0-ba05-ed1103cd4787: 286 datasets; 3.1 s; peak memory 700 MiB.
2026-10-11T00:39:50Z INFO [327/750] 9e1fc943-4cc0-4eec-959f-76ecc0d49fa1: 48 datasets; 0.7 s; peak memory 700 MiB.
2026-10-11T00:39:51Z INFO [328/750] 9e1fe227-1f25-46f5-a827-bcf241bf4434: 112 datasets; 1.0 s; peak memory 700 MiB.
2026-10-11T00:39:53Z INFO [329/750] 9e209e0f-f7cb-490d-b7cb-4b09deda1074: 229 datasets; 2.9 s; peak memory 700 MiB.
2026-10-11T00:39:54Z INFO [330/750] 9e20b78e-4772-4554-ac97-742050caf14f: 118 datasets; 0.8 s; peak memory 700 MiB.
2026-10-11T00:39:55Z INFO [331/750] 9e22fc2f-fc3d-4cff-974f-f68f6b2f079f: 48 datasets; 0.6 s; peak memory 700 MiB.
2026-10-11T00:39:56Z INFO [332/750] 9e23150a-f567-4980-8b1e-583c1563f5e8: 117 datasets; 0.8 s; peak memory 700 MiB.
2026-10-11T00:40:08Z INFO [333/750] 9e240fa8-0c22-48d6-ab8e-aafdec9c7c86: 64 datasets; 12.1 s; peak memory 700 MiB.
2026-10-11T00:40:08Z INFO [334/750] 9e2461a5-b699-4a5c-ba09-a95f477ab6e3: 48 datasets; 0.6 s; peak memory 700 MiB.
2026-10-11T00:40:09Z INFO [335/750] 9e26a82b-0c73-4af0-b8bf-c2a1de78b919: 46 datasets; 0.6 s; peak memory 700 MiB.
2026-10-11T00:40:11Z INFO [336/750] 9e280b20-ca96-40f7-a4df-4bf875c5bfe4: 349 datasets; 2.2 s; peak memory 700 MiB.
2026-10-11T00:40:12Z INFO [337/750] 9e28cf5b-65ce-416f-82dd-bff94316de8c: 48 datasets; 0.7 s; peak memory 700 MiB.
2026-10-11T00:40:15Z INFO [338/750] 9e2996b0-9083-4409-8fbd-195463e3d0b6: 225 datasets; 3.0 s; peak memory 700 MiB.
2026-10-11T00:40:15Z INFO [339/750] 9e2ab67f-1191-4aab-b5e0-8bd9e7c684a2: 48 datasets; 0.6 s; peak memory 700 MiB.
2026-10-11T00:40:16Z INFO [340/750] 9e2af907-6bcd-4cb3-b95c-6cec562f3a0f: 72 datasets; 0.7 s; peak memory 700 MiB.
2026-10-11T00:40:18Z INFO [341/750] 9e2b4ccd-d9f2-4cbb-9cfe-1e1d288c9282: 156 datasets; 1.7 s; peak memory 700 MiB.
2026-10-11T00:40:21Z INFO [342/750] 9e2bab77-4196-489f-99ab-3b56a02163a2: 229 datasets; 3.3 s; peak memory 700 MiB.
2026-10-11T00:40:21Z INFO [343/750] 9e2db9c2-dbba-430c-8acd-512d549cabf7: 50 datasets; 0.5 s; peak memory 700 MiB.
2026-10-11T00:40:22Z INFO [344/750] 9e2dd313-af70-4bc5-ab0a-5080807a4313: 48 datasets; 0.6 s; peak memory 700 MiB.
2026-10-11T00:40:23Z INFO [345/750] 9e2e0a0f-fae8-4f13-a808-b3f55be8d687: 116 datasets; 0.7 s; peak memory 700 MiB.
2026-10-11T00:40:24Z INFO [346/750] 9e2e384e-4316-4053-9de2-846dedc5a761: 112 datasets; 1.0 s; peak memory 700 MiB.
2026-10-11T00:40:24Z INFO [347/750] 9e2ead72-8c69-4213-94fc-4ac666b65d52: 56 datasets; 0.6 s; peak memory 700 MiB.
2026-10-11T00:40:39Z INFO [348/750] 9e2ebd30-6652-4adb-b407-fb605653e2fe: 48 datasets; 14.6 s; peak memory 700 MiB.
2026-10-11T00:40:40Z INFO [349/750] 9e303843-d526-476b-81bf-a52973b24924: 48 datasets; 0.7 s; peak memory 700 MiB.
2026-10-11T00:40:41Z INFO [350/750] 9e306314-952f-4e07-856e-ed457f183353: 112 datasets; 1.0 s; peak memory 700 MiB.
2026-10-11T00:40:41Z INFO [350/750] 9e306314-952f-4e07-856e-ed457f183353: checkpointed 123185 new records.
2026-10-11T00:40:41Z INFO [351/750] 9e3064f4-4b40-43f1-bb92-5fc4fe20e1d6: 48 datasets; 0.6 s; peak memory 700 MiB.
2026-10-11T00:40:49Z INFO [352/750] 9e306ebd-1a08-4ec6-9ff8-75be9a94ddb8: 1069 datasets; 7.9 s; peak memory 700 MiB.
2026-10-11T00:40:50Z INFO [353/750] 9e309cb3-639e-4f51-b068-f5266a7bcfd1: 117 datasets; 0.7 s; peak memory 700 MiB.
2026-10-11T00:40:50Z INFO [354/750] 9e3123be-7ebd-49d6-a5c2-d5737ea29607: 33 datasets; 0.5 s; peak memory 700 MiB.
2026-10-11T00:40:51Z INFO [355/750] 9e314a04-1d51-449b-ad41-c6782d7b7e3f: 48 datasets; 0.6 s; peak memory 700 MiB.
2026-10-11T00:40:52Z INFO [356/750] 9e31992e-91fe-45ba-a723-451d268f91e1: 117 datasets; 0.9 s; peak memory 700 MiB.
2026-10-11T00:40:53Z INFO [357/750] 9e32aead-cb37-42ec-b369-cfd518f4d860: 48 datasets; 0.6 s; peak memory 700 MiB.
2026-10-11T00:40:53Z INFO [358/750] 9e32b421-5f85-4e2e-96fc-7342541bf33a: 46 datasets; 0.6 s; peak memory 700 MiB.
2026-10-11T00:40:54Z INFO [359/750] 9e3342d6-3b3c-4051-bbc6-7d73085c049f: 118 datasets; 0.7 s; peak memory 700 MiB.
2026-10-11T00:40:56Z INFO [360/750] 9e335faf-2e87-4e54-b87f-54c898512928: 155 datasets; 1.7 s; peak memory 700 MiB.
2026-10-11T00:40:57Z INFO [361/750] 9e34132e-a476-4d83-9582-92f71fb9baba: 90 datasets; 1.5 s; peak memory 700 MiB.
2026-10-11T00:40:58Z INFO [362/750] 9e346017-ff4a-41cf-8f85-9e022098c4f9: 46 datasets; 0.5 s; peak memory 700 MiB.
2026-10-11T00:40:59Z INFO [363/750] 9e347dc4-230f-49de-8940-8ca68afa7993: 50 datasets; 0.9 s; peak memory 700 MiB.
2026-10-11T00:41:00Z INFO [364/750] 9e34be89-d94a-4185-b014-54dae2b94701: 123 datasets; 1.5 s; peak memory 700 MiB.
2026-10-11T00:41:01Z INFO [365/750] 9e350fb0-2563-4f45-b8b3-2f274ee5272e: 46 datasets; 0.5 s; peak memory 700 MiB.
2026-10-11T00:41:01Z INFO [366/750] 9e35833a-6c9e-4227-8492-d1b96a26a7ee: 48 datasets; 0.7 s; peak memory 700 MiB.
2026-10-11T00:41:02Z INFO [367/750] 9e3595a9-1ef5-4c88-a287-d9c58131344e: 289 datasets; 0.9 s; peak memory 700 MiB.
2026-10-11T00:41:03Z INFO [368/750] 9e36ddd0-f555-4339-bd07-770493b7b3b9: 118 datasets; 0.8 s; peak memory 700 MiB.
2026-10-11T00:41:04Z INFO [369/750] 9e376676-82da-46ad-8cef-e9d7947631d2: 38 datasets; 1.3 s; peak memory 700 MiB.
2026-10-11T00:41:05Z INFO [370/750] 9e37a962-6c6a-449f-a9d6-8111fdc23aea: 118 datasets; 0.7 s; peak memory 700 MiB.
2026-10-11T00:41:06Z INFO [371/750] 9e37b7cd-58f3-4466-b255-36b1f0feff94: 66 datasets; 1.0 s; peak memory 700 MiB.
2026-10-11T00:41:07Z INFO [372/750] 9e37e22d-09a3-4ff5-aa48-130b6e9d8b55: 112 datasets; 1.0 s; peak memory 700 MiB.
2026-10-11T00:41:08Z INFO [373/750] 9e381e86-fb44-4c5a-9877-e9931bd54353: 67 datasets; 0.9 s; peak memory 700 MiB.
2026-10-11T00:41:10Z INFO [374/750] 9e3b0cce-b6ca-4702-8cdc-552ce6e24661: 83 datasets; 2.1 s; peak memory 700 MiB.
2026-10-11T00:41:10Z INFO [375/750] 9e3b10a8-57af-457b-a53c-d3d2cc12015b: 33 datasets; 0.4 s; peak memory 700 MiB.
2026-10-11T00:41:13Z INFO [376/750] 9e3bb95b-2da0-4395-856d-0b9927806333: 273 datasets; 2.5 s; peak memory 700 MiB.
2026-10-11T00:41:13Z INFO [377/750] 9e3bfb0a-7e03-42f7-a558-5844405adc36: 56 datasets; 0.5 s; peak memory 700 MiB.
2026-10-11T00:41:15Z INFO [378/750] 9e3ca7ab-d331-438e-856e-bb76fe4b4190: 156 datasets; 1.8 s; peak memory 700 MiB.
2026-10-11T00:41:16Z INFO [379/750] 9e3cf393-2818-4907-a787-e6dc34b50008: 48 datasets; 0.6 s; peak memory 700 MiB.
2026-10-11T00:41:16Z INFO [380/750] 9e3dc14e-082a-44a6-8287-c0045005e8d7: 46 datasets; 0.6 s; peak memory 700 MiB.
2026-10-11T00:41:17Z INFO [381/750] 9e3e1883-f771-4f4a-ac49-1db2d34568be: 118 datasets; 0.8 s; peak memory 700 MiB.
2026-10-11T00:41:18Z INFO [382/750] 9e400ae5-93d7-4c93-8284-0a5ed258e5dd: 38 datasets; 1.0 s; peak memory 700 MiB.
2026-10-11T00:41:19Z INFO [383/750] 9e411083-549b-4e9f-be50-97d2929e366c: 124 datasets; 1.0 s; peak memory 700 MiB.
2026-10-11T00:41:20Z INFO [384/750] 9e412556-50b3-4884-875e-e979c71e04e8: 59 datasets; 0.6 s; peak memory 700 MiB.
2026-10-11T00:41:21Z INFO [385/750] 9e416c77-6041-4ed9-b4f2-8f4fba9273f5: 90 datasets; 1.0 s; peak memory 700 MiB.
2026-10-11T00:41:21Z INFO [386/750] 9e41d059-cc57-4a44-9ff2-9d9e59305640: 48 datasets; 0.7 s; peak memory 700 MiB.
2026-10-11T00:41:25Z INFO [387/750] 9e4219a9-dc13-4319-8b35-9107bd7492d1: 532 datasets; 3.6 s; peak memory 700 MiB.
2026-10-11T00:41:26Z INFO [388/750] 9e43aaf7-aeb9-41f8-b8dd-796ddf6ed13a: 48 datasets; 0.6 s; peak memory 700 MiB.
2026-10-11T00:41:32Z INFO [389/750] 9e43bb3c-cd7f-4b77-afcb-9d31fedeff8d: 998 datasets; 6.9 s; peak memory 700 MiB.
2026-10-11T00:41:33Z INFO [390/750] 9e444a61-7042-4864-8beb-8177a3b057a3: 48 datasets; 0.7 s; peak memory 700 MiB.
2026-10-11T00:41:35Z INFO [391/750] 9e44efb5-0d68-460c-b3d7-8d061186b203: 91 datasets; 1.5 s; peak memory 700 MiB.
2026-10-11T00:41:35Z INFO [392/750] 9e455310-3697-4d04-b30f-d03dbb3406db: 117 datasets; 0.7 s; peak memory 700 MiB.
2026-10-11T00:41:36Z INFO [393/750] 9e4653a5-8690-458f-a5a8-4b583ea2151e: 48 datasets; 0.7 s; peak memory 700 MiB.
2026-10-11T00:41:37Z INFO [394/750] 9e4653df-6445-4bae-a82c-87b8364c74ea: 48 datasets; 0.7 s; peak memory 700 MiB.
2026-10-11T00:41:50Z INFO [395/750] 9e46f92a-8cd9-429d-8337-94f252d3fd43: 899 datasets; 13.5 s; peak memory 700 MiB.
2026-10-11T00:41:51Z INFO [396/750] 9e48ac76-213c-4708-bb5e-b05d1c42d247: 289 datasets; 1.1 s; peak memory 700 MiB.
2026-10-11T00:41:53Z INFO [397/750] 9e48bf2e-e961-47d9-b475-eb251c311205: 71 datasets; 1.6 s; peak memory 700 MiB.
2026-10-11T00:41:53Z INFO [398/750] 9e48da75-7fd3-456c-b198-c5c4c1de521b: 48 datasets; 0.7 s; peak memory 700 MiB.
2026-10-11T00:41:54Z INFO [399/750] 9e493f4c-35da-4a65-b914-79bbcd0ff63e: 47 datasets; 0.5 s; peak memory 700 MiB.
2026-10-11T00:41:55Z INFO [400/750] 9e4a07ef-f426-4afd-a1df-d0a12df46826: 119 datasets; 1.3 s; peak memory 700 MiB.
2026-10-11T00:41:55Z INFO [400/750] 9e4a07ef-f426-4afd-a1df-d0a12df46826: checkpointed 123235 new records.
2026-10-11T00:41:56Z INFO [401/750] 9e4a16ef-16b9-4bc6-b5da-222a4c21f68a: 112 datasets; 1.0 s; peak memory 700 MiB.
2026-10-11T00:41:57Z INFO [402/750] 9e4a62ce-b334-406e-9fd0-49962937eadf: 116 datasets; 0.6 s; peak memory 700 MiB.
2026-10-11T00:41:58Z INFO [403/750] 9e4a753f-c114-4028-b0d3-b40e29cdd737: 48 datasets; 0.6 s; peak memory 700 MiB.
2026-10-11T00:41:59Z INFO [404/750] 9e4abf49-3132-4d89-9e54-8535efe69435: 118 datasets; 1.2 s; peak memory 700 MiB.
2026-10-11T00:42:00Z INFO [405/750] 9e4aec0d-3168-41f2-a4dd-742850cad034: 117 datasets; 0.7 s; peak memory 700 MiB.
2026-10-11T00:42:00Z INFO [406/750] 9e4b0dbf-3b4f-43f4-86fd-bb033a49f04a: 63 datasets; 0.6 s; peak memory 700 MiB.
2026-10-11T00:42:01Z INFO [407/750] 9e4b4b36-fa69-453e-b9f7-94893cb497d4: 46 datasets; 0.5 s; peak memory 700 MiB.
2026-10-11T00:42:02Z INFO [408/750] 9e4b66f6-d92d-4024-8dec-a5b2f09e2714: 61 datasets; 0.8 s; peak memory 700 MiB.
2026-10-11T00:42:03Z INFO [409/750] 9e4bcaf3-fec3-4b98-92cc-6d69125ebfa9: 90 datasets; 1.8 s; peak memory 700 MiB.
2026-10-11T00:42:04Z INFO [410/750] 9e4bd63e-2502-4945-8643-ee9cd31ecbd1: 70 datasets; 1.2 s; peak memory 700 MiB.
2026-10-11T00:42:05Z INFO [411/750] 9e4cbd9d-1c04-4ba6-ae66-df2584d4a620: 117 datasets; 0.7 s; peak memory 700 MiB.
2026-10-11T00:42:06Z INFO [412/750] 9e4d94cc-cc12-4d79-8ffe-227f564138f4: 33 datasets; 0.5 s; peak memory 700 MiB.
2026-10-11T00:42:06Z INFO [413/750] 9e4eaaec-425b-4eb1-bced-25318d385d1f: 48 datasets; 0.7 s; peak memory 700 MiB.
2026-10-11T00:42:08Z INFO [414/750] 9e4fb8fe-a374-46e9-b826-489ae775f0f8: 121 datasets; 1.4 s; peak memory 700 MiB.
2026-10-11T00:42:08Z INFO [415/750] 9e50279f-be27-47b1-bfdd-fa03c70d3570: 48 datasets; 0.6 s; peak memory 700 MiB.
2026-10-11T00:42:17Z INFO [416/750] 9e50c15f-ccf9-47e9-b7b9-9723ebb82ba4: 964 datasets; 8.3 s; peak memory 700 MiB.
2026-10-11T00:42:26Z INFO [417/750] 9e51664a-4544-495f-a8f3-85ae0bc148d9: 44 datasets; 9.3 s; peak memory 700 MiB.
2026-10-11T00:42:28Z INFO [418/750] 9e52dc3d-87e5-48e1-aebf-d77558d9f0fa: 155 datasets; 1.9 s; peak memory 700 MiB.
2026-10-11T00:42:31Z INFO [419/750] 9e53be58-e952-44fd-a975-3c490a885ef5: 581 datasets; 3.7 s; peak memory 700 MiB.
2026-10-11T00:42:32Z INFO [420/750] 9e5413c9-7e4f-4ddd-821c-6c4932f29b4d: 48 datasets; 0.6 s; peak memory 700 MiB.
2026-10-11T00:42:34Z INFO [421/750] 9e5435ec-6082-4098-9a24-1b848180eca5: 114 datasets; 1.6 s; peak memory 700 MiB.
2026-10-11T00:42:35Z INFO [422/750] 9e549f8f-d2d7-40ec-a06d-000eb8769fe3: 66 datasets; 1.0 s; peak memory 700 MiB.
2026-10-11T00:42:35Z INFO [423/750] 9e54f527-cf8c-4f8e-b69c-5c36bebdfdd7: 64 datasets; 0.7 s; peak memory 700 MiB.
2026-10-11T00:42:36Z INFO [424/750] 9e57a20e-0a7c-4f4c-bb5f-c3ca9cda6b00: 117 datasets; 0.9 s; peak memory 700 MiB.
2026-10-11T00:42:37Z INFO [425/750] 9e57b866-57c9-4075-9e40-e4efc6618142: 71 datasets; 1.1 s; peak memory 700 MiB.
2026-10-11T00:42:38Z INFO [426/750] 9e57dd68-1de9-4be6-ad0d-d178369db2af: 48 datasets; 0.6 s; peak memory 700 MiB.
2026-10-11T00:42:38Z INFO [427/750] 9e5865ad-ab36-4c56-b3ea-52a6b59b32ff: 39 datasets; 0.6 s; peak memory 700 MiB.
2026-10-11T00:42:39Z INFO [428/750] 9e58add6-8b9d-41c5-8b3e-d27e990fbe74: 48 datasets; 0.7 s; peak memory 700 MiB.
2026-10-11T00:42:42Z INFO [429/750] 9e58d7e4-00bf-4ed6-8601-f8a745903f52: 229 datasets; 2.9 s; peak memory 700 MiB.
2026-10-11T00:42:45Z INFO [430/750] 9e58f8c8-e3f4-4ccf-9569-7317849d38d7: 208 datasets; 3.0 s; peak memory 700 MiB.
2026-10-11T00:42:47Z INFO [431/750] 9e5993ad-0ac9-417e-951f-cd328a80f5e1: 153 datasets; 1.9 s; peak memory 700 MiB.
2026-10-11T00:42:48Z INFO [432/750] 9e5a497b-a19c-4ced-a5df-155873a9256e: 118 datasets; 0.8 s; peak memory 700 MiB.
2026-10-11T00:42:48Z INFO [433/750] 9e5b5bef-5548-4e76-bd85-022deaa56feb: 48 datasets; 0.7 s; peak memory 700 MiB.
2026-10-11T00:42:49Z INFO [434/750] 9e5c5016-de5d-4638-88a3-b8035fff478b: 53 datasets; 0.6 s; peak memory 700 MiB.
2026-10-11T00:42:50Z INFO [435/750] 9e5c633f-a696-408b-96ee-5e0852fb131d: 48 datasets; 0.6 s; peak memory 700 MiB.
2026-10-11T00:42:50Z INFO [436/750] 9e5cc54a-08f1-43fb-8410-f64bfb1a9a7d: 48 datasets; 0.6 s; peak memory 700 MiB.
2026-10-11T00:42:51Z INFO [437/750] 9e5e3426-42b6-49f7-b562-ae8b331ff5b1: 117 datasets; 0.9 s; peak memory 700 MiB.
2026-10-11T00:42:52Z INFO [438/750] 9e5fef24-42e0-4eaa-bbb4-45ce32413a79: 72 datasets; 0.9 s; peak memory 700 MiB.
2026-10-11T00:42:54Z INFO [439/750] 9e603b18-a3c2-4417-94e9-766fed45eea3: 80 datasets; 1.7 s; peak memory 700 MiB.
2026-10-11T00:42:54Z INFO [440/750] 9e612e59-c982-46ac-8558-afc15c434703: 48 datasets; 0.6 s; peak memory 700 MiB.
2026-10-11T00:43:02Z INFO [441/750] 9e6156d4-4c54-4e54-bbcb-de2ce032aaef: 696 datasets; 7.1 s; peak memory 700 MiB.
2026-10-11T00:43:02Z INFO [442/750] 9e61ab73-b898-4652-9b7e-2ffc1c56cc3a: 46 datasets; 0.4 s; peak memory 700 MiB.
2026-10-11T00:43:03Z INFO [443/750] 9e61bdca-3777-4c24-b059-d6f96a559454: 48 datasets; 0.6 s; peak memory 700 MiB.
2026-10-11T00:43:03Z INFO [444/750] 9e622726-b651-4bd5-bd05-99c5928e453b: 116 datasets; 0.8 s; peak memory 700 MiB.
2026-10-11T00:43:05Z INFO [445/750] 9e624d2e-4eff-4df4-9d1e-e16d7269a446: 116 datasets; 1.6 s; peak memory 700 MiB.
2026-10-11T00:43:06Z INFO [446/750] 9e627e7f-8ecf-4648-98af-f101e03d3781: 112 datasets; 1.1 s; peak memory 700 MiB.
2026-10-11T00:43:07Z INFO [447/750] 9e6402db-5890-4e4d-99bb-7ab6f459219f: 112 datasets; 0.8 s; peak memory 700 MiB.
2026-10-11T00:43:07Z INFO [448/750] 9e647370-db9d-434a-9aad-97132a736a0a: 48 datasets; 0.6 s; peak memory 700 MiB.
2026-10-11T00:43:08Z INFO [449/750] 9e647f55-7c78-4c64-9f13-89ab3ad64ecd: 48 datasets; 0.7 s; peak memory 700 MiB.
2026-10-11T00:43:09Z INFO [450/750] 9e64fb25-f0bf-4519-b920-9a3d802abae7: 275 datasets; 0.8 s; peak memory 700 MiB.
2026-10-11T00:43:09Z INFO [450/750] 9e64fb25-f0bf-4519-b920-9a3d802abae7: checkpointed 123285 new records.
2026-10-11T00:43:11Z INFO [451/750] 9e64fb7c-9148-46d8-96b0-a7f6de763e6c: 156 datasets; 1.7 s; peak memory 700 MiB.
2026-10-11T00:43:11Z INFO [452/750] 9e654037-611b-4eae-80e3-677f37ee6572: 46 datasets; 0.5 s; peak memory 700 MiB.
2026-10-11T00:43:23Z INFO [453/750] 9e66dc2c-37f3-4e99-8c43-81a706bf9fec: 923 datasets; 11.8 s; peak memory 700 MiB.
2026-10-11T00:43:24Z INFO [454/750] 9e67b52d-2462-47f3-8550-bc54b769dcbe: 112 datasets; 1.0 s; peak memory 700 MiB.
2026-10-11T00:43:25Z INFO [455/750] 9e683512-29e5-40b2-8606-ec69657f00e0: 71 datasets; 1.3 s; peak memory 700 MiB.
2026-10-11T00:43:26Z INFO [456/750] 9e68809b-06b4-4030-b442-8b495747c0dc: 46 datasets; 0.5 s; peak memory 700 MiB.
2026-10-11T00:43:42Z INFO [457/750] 9e68dd48-e782-409d-9e09-197848740fba: 48 datasets; 16.4 s; peak memory 700 MiB.
2026-10-11T00:43:43Z INFO [458/750] 9e68f317-64e6-4a4f-b32e-6f5bc7bd450e: 66 datasets; 1.0 s; peak memory 700 MiB.
2026-10-11T00:43:44Z INFO [459/750] 9e69694d-f25a-466b-9803-773173169014: 48 datasets; 0.6 s; peak memory 700 MiB.
2026-10-11T00:43:45Z INFO [460/750] 9e697f5e-400e-47f0-99d2-0a154e86ba82: 68 datasets; 0.7 s; peak memory 700 MiB.
2026-10-11T00:43:51Z INFO [461/750] 9e6ae085-3cc8-49d6-a285-5c7954d73e3c: 578 datasets; 6.7 s; peak memory 700 MiB.
2026-10-11T00:43:52Z INFO [462/750] 9e6b1faa-ed9c-4549-a244-35a76a508b44: 118 datasets; 1.0 s; peak memory 700 MiB.
2026-10-11T00:43:53Z INFO [463/750] 9e6b25fe-aa7d-434b-a7d2-e32b21e7222c: 48 datasets; 0.7 s; peak memory 700 MiB.
2026-10-11T00:43:54Z INFO [464/750] 9e6b30c3-f29e-445f-8c9e-644ee7fb9290: 117 datasets; 0.7 s; peak memory 700 MiB.
2026-10-11T00:43:55Z INFO [465/750] 9e6b4d5e-6041-4c5f-96cf-9b378dce63cb: 65 datasets; 1.0 s; peak memory 700 MiB.
2026-10-11T00:44:27Z INFO [466/750] 9e6b9ee9-9a17-4b84-b61f-323da4af93d3: 52 datasets; 32.6 s; peak memory 700 MiB.
2026-10-11T00:44:28Z INFO [467/750] 9e6bf24f-43d5-4f83-9585-ffda2d289d37: 48 datasets; 0.8 s; peak memory 700 MiB.
2026-10-11T00:44:29Z INFO [468/750] 9e6c6303-f679-48d0-a647-bdf8417277f7: 50 datasets; 0.5 s; peak memory 700 MiB.
2026-10-11T00:44:29Z INFO [469/750] 9e6cc9e6-f681-44c0-9538-244463496822: 63 datasets; 0.5 s; peak memory 700 MiB.
2026-10-11T00:44:30Z INFO [470/750] 9e6d6c26-bd0f-474e-9e10-8fa1431411ec: 48 datasets; 0.6 s; peak memory 700 MiB.
2026-10-11T00:44:30Z INFO [471/750] 9e6eec5f-b7b8-4d47-8683-61dd0416f2fe: 48 datasets; 0.7 s; peak memory 700 MiB.
2026-10-11T00:44:31Z INFO [472/750] 9e6f793c-3c51-4ec2-bacf-4b0e518ef09a: 116 datasets; 0.8 s; peak memory 700 MiB.
2026-10-11T00:44:32Z INFO [473/750] 9e700755-e6af-4812-b2c5-f9ef1c2082ba: 75 datasets; 0.9 s; peak memory 700 MiB.
2026-10-11T00:44:33Z INFO [474/750] 9e70468e-1a07-4df4-ac35-a77c7be6cc95: 47 datasets; 0.7 s; peak memory 700 MiB.
2026-10-11T00:44:37Z INFO [475/750] 9e7357dd-3a5e-4a54-9e04-173184a6e9f2: 839 datasets; 4.0 s; peak memory 700 MiB.
2026-10-11T00:44:39Z INFO [476/750] 9e73d8c4-fe2e-49a1-b235-73a9d96fce9b: 115 datasets; 1.8 s; peak memory 700 MiB.
2026-10-11T00:44:40Z INFO [477/750] 9e747d63-23b1-4e29-9226-b3e7edf58da1: 71 datasets; 1.3 s; peak memory 700 MiB.
2026-10-11T00:44:41Z INFO [478/750] 9e75421d-377d-43dd-8efd-9355df70bbe5: 119 datasets; 1.3 s; peak memory 700 MiB.
2026-10-11T00:44:42Z INFO [479/750] 9e754e2b-d9cb-407d-b6cb-75d4b54895dc: 112 datasets; 1.1 s; peak memory 700 MiB.
2026-10-11T00:44:44Z INFO [480/750] 9e7561c2-a676-4a2d-84ea-f14d23eb275f: 87 datasets; 1.5 s; peak memory 700 MiB.
2026-10-11T00:44:51Z INFO [481/750] 9e7582b7-782a-43ca-b26d-6be038008975: 1726 datasets; 6.8 s; peak memory 700 MiB.
2026-10-11T00:44:51Z INFO [482/750] 9e75ea08-505a-4402-ae5c-4a75f50e5725: 48 datasets; 0.8 s; peak memory 700 MiB.
2026-10-11T00:44:52Z INFO [483/750] 9e76a3f9-4136-44e8-8479-f7d3f8f9e643: 112 datasets; 0.9 s; peak memory 700 MiB.
2026-10-11T00:44:53Z INFO [484/750] 9e76ccc4-5b79-43ad-a2f7-6edb80d515fd: 117 datasets; 0.8 s; peak memory 700 MiB.
2026-10-11T00:44:57Z INFO [485/750] 9e77cd0d-eee0-420f-9516-f1d42976378f: 229 datasets; 3.5 s; peak memory 700 MiB.
2026-10-11T00:44:57Z INFO [486/750] 9e77dcb0-a3dd-4573-b4a7-6691856c739e: 46 datasets; 0.5 s; peak memory 700 MiB.
2026-10-11T00:44:59Z INFO [487/750] 9e78c080-3347-4266-86ec-172992843d49: 115 datasets; 1.8 s; peak memory 700 MiB.
2026-10-11T00:45:00Z INFO [488/750] 9e78f11d-c884-4ee5-84ef-5069e3978c9a: 49 datasets; 0.9 s; peak memory 700 MiB.
2026-10-11T00:45:12Z INFO [489/750] 9e792d69-c2c6-4c00-a7bb-d0ea3fc2f211: 2566 datasets; 11.9 s; peak memory 700 MiB.
2026-10-11T00:45:12Z INFO [490/750] 9e799472-4c3e-4829-98d3-ddf353d45362: 287 datasets; 0.7 s; peak memory 700 MiB.
2026-10-11T00:45:16Z INFO [491/750] 9e7a16bc-5743-482f-9c76-0c346783f436: 489 datasets; 3.9 s; peak memory 700 MiB.
2026-10-11T00:45:17Z INFO [492/750] 9e7b37e1-62cc-4867-a985-f3126a20340e: 66 datasets; 0.9 s; peak memory 700 MiB.
2026-10-11T00:45:19Z INFO [493/750] 9e7bdb2a-dd00-4a0b-a537-d66decc2fb50: 156 datasets; 1.9 s; peak memory 700 MiB.
2026-10-11T00:45:20Z INFO [494/750] 9e7c5eee-5fc0-49c9-8789-e029b86f699a: 48 datasets; 0.5 s; peak memory 700 MiB.
2026-10-11T00:45:21Z INFO [495/750] 9e7de5ad-a3b8-42e8-99d9-72501869402d: 53 datasets; 1.1 s; peak memory 700 MiB.
2026-10-11T00:45:21Z INFO [496/750] 9e7ed21d-b83b-4621-95e8-2cf0ef9cbee8: 48 datasets; 0.7 s; peak memory 700 MiB.
2026-10-11T00:45:22Z INFO [497/750] 9e7f3e80-b7b0-49ff-abc5-2ebf27a571cf: 46 datasets; 0.5 s; peak memory 700 MiB.
2026-10-11T00:45:23Z INFO [498/750] 9e7feb7c-27c3-4bba-b32c-075c6fc0ba69: 121 datasets; 0.7 s; peak memory 700 MiB.
2026-10-11T00:45:24Z INFO [499/750] 9e7ff2ba-f5f0-4745-a239-abb73ef7b493: 66 datasets; 1.2 s; peak memory 700 MiB.
2026-10-11T00:45:24Z INFO [500/750] 9e81d9b2-f2bc-4bac-8553-cfba614e76f0: 50 datasets; 0.6 s; peak memory 700 MiB.
2026-10-11T00:45:25Z INFO [500/750] 9e81d9b2-f2bc-4bac-8553-cfba614e76f0: checkpointed 123335 new records.
2026-10-11T00:45:26Z INFO [501/750] 9e822f43-7279-4717-8af8-fd66ed7f7946: 115 datasets; 1.6 s; peak memory 700 MiB.
2026-10-11T00:45:27Z INFO [502/750] 9e82da97-5f42-48ed-a245-de72101f2117: 48 datasets; 0.7 s; peak memory 700 MiB.
2026-10-11T00:45:30Z INFO [503/750] 9e8303cd-5ada-4c8b-b7ec-64bb98db0360: 84 datasets; 2.7 s; peak memory 700 MiB.
2026-10-11T00:45:30Z INFO [504/750] 9e840bf3-0d8b-496b-9b69-909ad796ac62: 112 datasets; 0.9 s; peak memory 700 MiB.
2026-10-11T00:45:32Z INFO [505/750] 9e840f97-c487-41f4-96b9-dfd2bf79c581: 71 datasets; 1.1 s; peak memory 700 MiB.
2026-10-11T00:45:32Z INFO [506/750] 9e847224-306e-461e-b9d5-e19d04d3db06: 117 datasets; 0.8 s; peak memory 700 MiB.
2026-10-11T00:45:33Z INFO [507/750] 9e850065-fe85-49ac-aaf2-adb0269b7ff3: 117 datasets; 0.8 s; peak memory 700 MiB.
2026-10-11T00:45:34Z INFO [508/750] 9e853ffc-1a4d-4e9c-b76d-a859e947e96e: 117 datasets; 0.8 s; peak memory 700 MiB.
2026-10-11T00:45:35Z INFO [509/750] 9e862ce3-2472-4b52-aad0-5f4657f6d177: 48 datasets; 0.7 s; peak memory 700 MiB.
2026-10-11T00:45:36Z INFO [510/750] 9e86bee1-145a-459d-8c4b-09c479927448: 112 datasets; 1.0 s; peak memory 700 MiB.
2026-10-11T00:45:41Z INFO [511/750] 9e86e4b6-a338-4af0-a613-fd20b42b7dc9: 599 datasets; 5.1 s; peak memory 700 MiB.
2026-10-11T00:45:44Z INFO [512/750] 9e87a2f3-96d3-41bf-bf6e-ad693b3ee118: 229 datasets; 3.2 s; peak memory 700 MiB.
2026-10-11T00:45:49Z INFO [513/750] 9e88114e-9fff-4740-9c0e-76bd91fadc9f: 336 datasets; 5.2 s; peak memory 700 MiB.
2026-10-11T00:45:56Z INFO [514/750] 9e882fc0-fbfd-4939-922f-91efad00e197: 61 datasets; 6.7 s; peak memory 700 MiB.
2026-10-11T00:45:57Z INFO [515/750] 9e888614-2d50-4286-a17e-f58905add974: 117 datasets; 0.9 s; peak memory 700 MiB.
2026-10-11T00:46:01Z INFO [516/750] 9e88f2c7-9072-49e6-85a7-3aa3efb5b16c: 229 datasets; 3.8 s; peak memory 700 MiB.
2026-10-11T00:46:01Z INFO [517/750] 9e897ac3-2e20-4cf3-b95c-2e125e5dc743: 112 datasets; 0.8 s; peak memory 700 MiB.
2026-10-11T00:46:08Z INFO [518/750] 9e8a201d-71a7-4d13-a39e-012aecc4d37c: 671 datasets; 6.4 s; peak memory 700 MiB.
2026-10-11T00:46:09Z INFO [519/750] 9e8a2d7d-cd21-41c5-b617-b8cbbca07be3: 65 datasets; 1.0 s; peak memory 700 MiB.
2026-10-11T00:46:09Z INFO [520/750] 9e8ae8ff-1a1a-481d-9982-9e6ac334a1b1: 48 datasets; 0.7 s; peak memory 700 MiB.
2026-10-11T00:46:10Z INFO [521/750] 9e8b23aa-ae7f-4868-80e1-75adfd7781dd: 117 datasets; 0.9 s; peak memory 700 MiB.
2026-10-11T00:46:11Z INFO [522/750] 9e8b48d3-3ad6-4c1b-8de1-76b9ec889776: 114 datasets; 0.6 s; peak memory 700 MiB.
2026-10-11T00:46:13Z INFO [523/750] 9e8bca70-a154-4a3b-b146-b525d1dd3657: 84 datasets; 2.0 s; peak memory 700 MiB.
2026-10-11T00:46:16Z INFO [524/750] 9e8c4712-d66a-4f28-b84b-99a9e459e35f: 229 datasets; 2.8 s; peak memory 700 MiB.
2026-10-11T00:46:16Z INFO [525/750] 9e8c8dc5-2745-4841-a860-1bde33b3415f: 41 datasets; 0.5 s; peak memory 700 MiB.
2026-10-11T00:46:17Z INFO [526/750] 9e8ca85c-5da4-4ede-9fd0-52b6c6251fb8: 112 datasets; 0.9 s; peak memory 700 MiB.
2026-10-11T00:47:53Z INFO [527/750] 9e8d54d0-b5fc-4c25-9f16-55e9f17a70ca: 413 datasets; 95.7 s; peak memory 700 MiB.
2026-10-11T00:47:54Z INFO [528/750] 9e8f7484-5e01-48fb-9eaf-7b371def6813: 158 datasets; 1.6 s; peak memory 700 MiB.
2026-10-11T00:47:55Z INFO [529/750] 9e8fd62d-ab14-47ce-ba9d-63792868d9ff: 116 datasets; 0.7 s; peak memory 700 MiB.
2026-10-11T00:47:56Z INFO [530/750] 9e8fe6dd-ba23-4e63-a75a-298d7483ba6b: 63 datasets; 0.6 s; peak memory 700 MiB.
2026-10-11T00:47:56Z INFO [531/750] 9e8ff609-07a6-4cbd-b4e8-3de7b41f5156: 48 datasets; 0.6 s; peak memory 700 MiB.
2026-10-11T00:47:57Z INFO [532/750] 9e902c2c-4a2d-44c3-81d2-d7be9d2d1d7f: 118 datasets; 0.7 s; peak memory 700 MiB.
2026-10-11T00:47:58Z INFO [533/750] 9e90586d-90b9-40dc-93d5-16e16890c8b4: 84 datasets; 0.9 s; peak memory 700 MiB.
2026-10-11T00:47:59Z INFO [534/750] 9e922af4-8597-49a0-9e5e-da49566f2fa9: 101 datasets; 1.5 s; peak memory 700 MiB.
2026-10-11T00:48:01Z INFO [535/750] 9e944e27-6d53-48ed-81db-24c9487f7eab: 53 datasets; 1.3 s; peak memory 700 MiB.
2026-10-11T00:48:01Z INFO [536/750] 9e94b10f-40a2-45bc-bbd7-987d10e9e7ba: 46 datasets; 0.5 s; peak memory 700 MiB.
2026-10-11T00:48:02Z INFO [537/750] 9e952225-09e7-4ce9-968b-cd20fbc1280f: 48 datasets; 0.6 s; peak memory 700 MiB.
2026-10-11T00:48:03Z INFO [538/750] 9e96253d-fd7c-45c2-9b3d-95af9da190d7: 117 datasets; 0.7 s; peak memory 700 MiB.
2026-10-11T00:48:03Z INFO [539/750] 9e965604-5cae-4d42-a416-acdebb02ea20: 112 datasets; 1.0 s; peak memory 700 MiB.
2026-10-11T00:48:04Z INFO [540/750] 9e968d78-1446-4648-b71f-270e153c3321: 112 datasets; 0.9 s; peak memory 700 MiB.
2026-10-11T00:48:08Z INFO [541/750] 9e979f96-8b24-4fe1-ae4d-cba647569f74: 537 datasets; 3.9 s; peak memory 700 MiB.
2026-10-11T00:48:09Z INFO [542/750] 9e9896db-04ec-4332-ab25-3f5173383cee: 48 datasets; 0.5 s; peak memory 700 MiB.
2026-10-11T00:48:09Z INFO [543/750] 9e98ca2e-315f-4695-b3f4-8a5cc8ed7592: 48 datasets; 0.6 s; peak memory 700 MiB.
2026-10-11T00:48:10Z INFO [544/750] 9e997656-8bbb-4a80-9ff0-aa5e5c9a8214: 48 datasets; 0.6 s; peak memory 700 MiB.
2026-10-11T00:48:11Z INFO [545/750] 9e9a9d5c-689b-47bd-b645-e6f8a6e3ddb8: 48 datasets; 0.7 s; peak memory 700 MiB.
2026-10-11T00:48:12Z INFO [546/750] 9e9afb51-0170-4682-a8d1-57b6749850af: 112 datasets; 0.9 s; peak memory 700 MiB.
2026-10-11T00:48:13Z INFO [547/750] 9e9afddf-548d-481c-bb57-5c0fd1dbb499: 118 datasets; 1.3 s; peak memory 700 MiB.
2026-10-11T00:48:14Z INFO [548/750] 9e9b644a-a0be-4bed-92c7-850a792dbe55: 116 datasets; 0.7 s; peak memory 700 MiB.
2026-10-11T00:48:17Z INFO [549/750] 9e9c174d-5bdd-43fd-ab99-73467d266799: 827 datasets; 3.7 s; peak memory 700 MiB.
2026-10-11T00:48:22Z INFO [550/750] 9e9c6d5f-164c-4988-aa19-cabcc64255bc: 219 datasets; 4.3 s; peak memory 700 MiB.
2026-10-11T00:48:22Z INFO [550/750] 9e9c6d5f-164c-4988-aa19-cabcc64255bc: checkpointed 123385 new records.
2026-10-11T00:48:22Z INFO [551/750] 9e9d1aaf-8160-4f57-b5ab-814d0660cb40: 46 datasets; 0.4 s; peak memory 700 MiB.
2026-10-11T00:48:23Z INFO [552/750] 9e9d866b-f339-484a-9c9c-ef7146759443: 46 datasets; 0.4 s; peak memory 700 MiB.
2026-10-11T00:48:23Z INFO [553/750] 9e9e40e2-142b-4cbf-a447-9627412fe3d4: 48 datasets; 0.6 s; peak memory 700 MiB.
2026-10-11T00:48:24Z INFO [554/750] 9e9e7d05-52cb-4b5a-a704-e16ee6a842f9: 112 datasets; 1.1 s; peak memory 700 MiB.
2026-10-11T00:48:31Z INFO [555/750] 9e9f4513-172f-4a51-b4ea-c49a609ae64d: 833 datasets; 6.1 s; peak memory 700 MiB.
2026-10-11T00:48:32Z INFO [556/750] 9e9f76f0-6918-49d0-95dd-cc3802b4dd9e: 101 datasets; 1.6 s; peak memory 700 MiB.
2026-10-11T00:48:34Z INFO [557/750] 9ea015ee-3a45-4eb7-bc9b-50400f05e18f: 156 datasets; 1.9 s; peak memory 700 MiB.
2026-10-11T00:48:35Z INFO [558/750] 9ea0179e-36f3-495b-87b2-8b76f8749ed4: 118 datasets; 0.8 s; peak memory 700 MiB.
2026-10-11T00:48:43Z INFO [559/750] 9ea029a6-d932-486a-aeaf-535ef2345846: 38 datasets; 8.5 s; peak memory 700 MiB.
2026-10-11T00:48:48Z INFO [560/750] 9ea037d8-07c3-4aea-846b-0238401673d4: 760 datasets; 4.3 s; peak memory 700 MiB.
2026-10-11T00:48:48Z INFO [561/750] 9ea3366d-44b5-4bc4-b523-89d75efbbf87: 46 datasets; 0.5 s; peak memory 700 MiB.
2026-10-11T00:48:49Z INFO [562/750] 9ea3ec72-6598-46ab-b742-eb0c4d957bc4: 48 datasets; 0.6 s; peak memory 700 MiB.
2026-10-11T00:48:55Z INFO [563/750] 9ea4a805-e12b-4f7e-b0e9-2861fdc8e661: 614 datasets; 6.6 s; peak memory 700 MiB.
2026-10-11T00:48:57Z INFO [564/750] 9ea6c772-c54f-4b44-91ce-cf4bfa9621c1: 90 datasets; 1.5 s; peak memory 700 MiB.
2026-10-11T00:49:04Z INFO [565/750] 9ea761f8-4500-47b9-a7f4-72571fd8dfac: 1010 datasets; 7.5 s; peak memory 700 MiB.
2026-10-11T00:49:05Z INFO [566/750] 9ea793d8-7114-4f40-917b-e6aef16b0e37: 61 datasets; 0.8 s; peak memory 700 MiB.
2026-10-11T00:49:09Z INFO [567/750] 9ea7d701-4fdf-4de7-a473-a1e186f217a6: 193 datasets; 4.0 s; peak memory 700 MiB.
2026-10-11T00:49:10Z INFO [568/750] 9ea89cfe-a286-43be-ba28-1f626b49f635: 110 datasets; 1.0 s; peak memory 700 MiB.
2026-10-11T00:49:11Z INFO [569/750] 9ea8f4bd-7078-463a-85c9-236e2bd5a47d: 189 datasets; 0.9 s; peak memory 700 MiB.
2026-10-11T00:49:12Z INFO [570/750] 9ea90505-4d42-49fb-abd3-bcb814927fb0: 112 datasets; 1.1 s; peak memory 700 MiB.
2026-10-11T00:49:13Z INFO [571/750] 9ea91753-875a-44d5-8aaf-ae0ca816c08e: 117 datasets; 0.7 s; peak memory 700 MiB.
2026-10-11T00:49:14Z INFO [572/750] 9ea94058-1187-4b5a-bc75-d43d0ddf9c39: 142 datasets; 0.7 s; peak memory 700 MiB.
2026-10-11T00:49:14Z INFO [573/750] 9ea95612-e229-4cd4-9a85-59aa00cee8e5: 48 datasets; 0.6 s; peak memory 700 MiB.
2026-10-11T00:49:15Z INFO [574/750] 9ea9870a-6789-4ec1-9533-19843788919f: 45 datasets; 0.6 s; peak memory 700 MiB.
2026-10-11T00:49:15Z INFO [575/750] 9ea9d21d-3a42-4bef-aa41-ec8d8e7ec29b: 112 datasets; 0.7 s; peak memory 700 MiB.
2026-10-11T00:49:17Z INFO [576/750] 9eaa7efe-47e2-4bb1-ad8a-8a3da3bd2dd1: 38 datasets; 1.2 s; peak memory 700 MiB.
2026-10-11T00:49:18Z INFO [577/750] 9eab68e7-2372-46fe-87b7-fd0f2bfbcbac: 49 datasets; 0.8 s; peak memory 700 MiB.
2026-10-11T00:50:00Z INFO [578/750] 9eabaaa3-64db-49f3-925e-60762cf18b89: 6660 datasets; 42.2 s; peak memory 700 MiB.
2026-10-11T00:50:00Z INFO [579/750] 9eabbb45-1461-4ed6-84ed-a8779d13ed36: 48 datasets; 0.6 s; peak memory 700 MiB.
2026-10-11T00:50:15Z INFO [580/750] 9eac29d6-c620-412b-8912-3ad43dea6ac2: 2856 datasets; 14.9 s; peak memory 700 MiB.
2026-10-11T00:50:16Z INFO [581/750] 9eac5674-2028-4bc5-9261-d32d9c30453b: 117 datasets; 0.8 s; peak memory 700 MiB.
2026-10-11T00:50:17Z INFO [582/750] 9eac5c02-c6ca-4767-bc53-a9946046abff: 117 datasets; 0.9 s; peak memory 700 MiB.
2026-10-11T00:50:22Z INFO [583/750] 9eacbf05-3acc-44c6-a991-6530b2ba7c9f: 861 datasets; 5.2 s; peak memory 700 MiB.
2026-10-11T00:50:25Z INFO [584/750] 9eae180e-5956-4b65-878a-ea9266338e83: 40 datasets; 2.9 s; peak memory 700 MiB.
2026-10-11T00:50:26Z INFO [585/750] 9eaf902e-ed7d-42a9-8036-c2b5fcf3ff4f: 78 datasets; 0.8 s; peak memory 700 MiB.
2026-10-11T00:50:27Z INFO [586/750] 9eb0511d-5cca-4fd8-9708-d2f2c220e2fe: 69 datasets; 1.3 s; peak memory 700 MiB.
2026-10-11T00:50:28Z INFO [587/750] 9eb1d6fd-4372-4a49-82a2-0a050d6f1c2f: 48 datasets; 0.6 s; peak memory 700 MiB.
2026-10-11T00:50:28Z INFO [588/750] 9eb20d11-9256-4553-9629-636fdcbd334a: 41 datasets; 0.6 s; peak memory 700 MiB.
2026-10-11T00:50:29Z INFO [589/750] 9eb356d1-2142-4eb5-9763-9bc86d469e90: 121 datasets; 0.7 s; peak memory 700 MiB.
2026-10-11T00:50:34Z INFO [590/750] 9eb358b4-120c-4d16-8a0b-80017052d5ce: 804 datasets; 5.0 s; peak memory 700 MiB.
2026-10-11T00:50:35Z INFO [591/750] 9eb3c748-4a30-4867-8616-160daf7854e0: 74 datasets; 0.9 s; peak memory 700 MiB.
2026-10-11T00:50:38Z INFO [592/750] 9eb419b3-4f22-485c-b89b-398d814b509b: 229 datasets; 3.1 s; peak memory 700 MiB.
2026-10-11T00:50:39Z INFO [593/750] 9eb53701-e9a6-439d-92a3-4d37c4ae8066: 48 datasets; 0.7 s; peak memory 700 MiB.
2026-10-11T00:50:39Z INFO [594/750] 9eb6800a-14db-49c3-927d-f8646e66f456: 112 datasets; 0.8 s; peak memory 700 MiB.
2026-10-11T00:50:48Z INFO [595/750] 9eb6fd3c-66c7-42c9-a4ee-160d228a7913: 1118 datasets; 8.5 s; peak memory 700 MiB.
2026-10-11T00:50:48Z INFO [596/750] 9eb7415f-4238-4cbb-bb25-4e132eee947e: 45 datasets; 0.5 s; peak memory 700 MiB.
2026-10-11T00:50:49Z INFO [597/750] 9eb77333-1702-4d57-ae60-8d4f094744b5: 115 datasets; 0.7 s; peak memory 700 MiB.
2026-10-11T00:50:50Z INFO [598/750] 9eb7e241-cb5a-488c-aa9c-228cd8c985cf: 247 datasets; 0.9 s; peak memory 700 MiB.
2026-10-11T00:50:52Z INFO [599/750] 9eb7e725-57de-42f5-8bd7-219150fcbebe: 38 datasets; 1.5 s; peak memory 700 MiB.
2026-10-11T00:50:53Z INFO [600/750] 9eb81484-f318-43c7-aca5-e566db2a9d8d: 70 datasets; 0.9 s; peak memory 700 MiB.
2026-10-11T00:50:53Z INFO [600/750] 9eb81484-f318-43c7-aca5-e566db2a9d8d: checkpointed 123435 new records.
2026-10-11T00:50:54Z INFO [601/750] 9eb92a2a-7df5-42fa-8216-8292c3e43e3a: 119 datasets; 1.3 s; peak memory 700 MiB.
2026-10-11T00:50:55Z INFO [602/750] 9eb94065-23f1-4439-b8a9-f0ab2d91d361: 48 datasets; 0.6 s; peak memory 700 MiB.
2026-10-11T00:50:55Z INFO [603/750] 9eb9ded0-f8fc-446d-95f3-43dae703e8f2: 111 datasets; 0.6 s; peak memory 700 MiB.
2026-10-11T00:50:56Z INFO [604/750] 9eb9e373-c1e2-4eb0-be8e-b4974e8bc726: 48 datasets; 0.6 s; peak memory 700 MiB.
2026-10-11T00:50:57Z INFO [605/750] 9eba1546-9446-4903-9c70-c399f4a20e61: 117 datasets; 0.8 s; peak memory 700 MiB.
2026-10-11T00:50:57Z INFO [606/750] 9eba933c-ffa1-4575-b324-4a23be7ccdd5: 110 datasets; 0.8 s; peak memory 700 MiB.
2026-10-11T00:50:58Z INFO [607/750] 9ebaa03b-885c-414d-992b-b6746574cabf: 118 datasets; 0.8 s; peak memory 700 MiB.
2026-10-11T00:50:59Z INFO [608/750] 9ebb3be4-82dd-44ef-b973-bb399ea2e777: 117 datasets; 0.9 s; peak memory 700 MiB.
2026-10-11T00:51:00Z INFO [609/750] 9ebbfcab-fe03-4390-ac97-5247a08ee6e6: 52 datasets; 1.2 s; peak memory 700 MiB.
2026-10-11T00:51:01Z INFO [610/750] 9ebd45a7-e686-45e0-a412-32df121aada8: 33 datasets; 0.5 s; peak memory 700 MiB.
2026-10-11T00:51:02Z INFO [611/750] 9ebe06c9-56e0-479a-aa19-aa0f849810f4: 112 datasets; 0.8 s; peak memory 700 MiB.
2026-10-11T00:51:03Z INFO [612/750] 9ebe5463-fde3-474a-9b7b-6e9d190a1f11: 71 datasets; 0.9 s; peak memory 700 MiB.
2026-10-11T00:51:03Z INFO [613/750] 9ebf445c-92dd-46cc-a36c-f4c45fca5d08: 117 datasets; 0.8 s; peak memory 700 MiB.
2026-10-11T00:51:04Z INFO [614/750] 9ebf6472-cd3c-46d6-b351-849132d01eb9: 112 datasets; 0.8 s; peak memory 700 MiB.
2026-10-11T00:52:38Z INFO [615/750] 9ec00b83-ed16-472f-953d-d461ba14273a: 433 datasets; 94.0 s; peak memory 700 MiB.
2026-10-11T00:52:39Z INFO [616/750] 9ec04068-7b2e-4eae-becb-e2facddd79c3: 112 datasets; 0.9 s; peak memory 700 MiB.
2026-10-11T00:52:41Z INFO [617/750] 9ec04995-c43b-4162-97fa-a946bada8014: 114 datasets; 1.6 s; peak memory 700 MiB.
2026-10-11T00:52:43Z INFO [618/750] 9ec0f666-300a-4a10-889c-f47e1ad3371a: 48 datasets; 2.1 s; peak memory 700 MiB.
2026-10-11T00:52:44Z INFO [619/750] 9ec10704-5f3d-4bc2-ae37-28148de97d69: 48 datasets; 0.7 s; peak memory 700 MiB.
2026-10-11T00:52:44Z INFO [620/750] 9ec1864c-708e-4e20-ab54-93fb34db0d9e: 47 datasets; 0.5 s; peak memory 700 MiB.
2026-10-11T00:52:45Z INFO [621/750] 9ec1dd70-9e14-4c85-87e5-a5fd359eaa56: 69 datasets; 0.8 s; peak memory 700 MiB.
2026-10-11T00:52:46Z INFO [622/750] 9ec28c3a-89dd-4e60-a257-f27147025a59: 112 datasets; 0.9 s; peak memory 700 MiB.
2026-10-11T00:52:47Z INFO [623/750] 9ec370dc-17a3-41c6-b2ff-ddf5a9f63580: 289 datasets; 0.9 s; peak memory 700 MiB.
2026-10-11T00:52:50Z INFO [624/750] 9ec462d3-567a-46c1-9028-d2b479c26147: 225 datasets; 3.2 s; peak memory 700 MiB.
2026-10-11T00:52:51Z INFO [625/750] 9ec47c04-91a8-48f1-a900-a774fb9f62de: 101 datasets; 1.1 s; peak memory 700 MiB.
2026-10-11T00:52:53Z INFO [626/750] 9ec5881a-a1b2-4555-8959-6a8333a269d9: 115 datasets; 1.6 s; peak memory 700 MiB.
2026-10-11T00:54:24Z INFO [627/750] 9ec65972-2a70-4ee8-8e81-ae5b6da1f13e: 413 datasets; 91.0 s; peak memory 700 MiB.
2026-10-11T00:54:24Z INFO [628/750] 9ec68876-1542-45f1-93b5-9fcab8e05ff1: 117 datasets; 0.9 s; peak memory 700 MiB.
2026-10-11T00:54:25Z INFO [629/750] 9ec75603-7d84-4c2f-8556-1e21a32d4813: 50 datasets; 0.5 s; peak memory 700 MiB.
2026-10-11T00:54:26Z INFO [630/750] 9ec77d86-ae10-4160-be69-0b64f6909a52: 72 datasets; 0.9 s; peak memory 700 MiB.
2026-10-11T00:54:29Z INFO [631/750] 9ec7dedb-8499-4408-84a3-e07d420d8821: 1178 datasets; 3.7 s; peak memory 700 MiB.
2026-10-11T00:54:49Z INFO [632/750] 9ec8e0f1-953f-4209-a583-9b9e6f4e270f: 1827 datasets; 20.0 s; peak memory 700 MiB.
2026-10-11T00:54:51Z INFO [633/750] 9ec8f64d-b80a-403a-84c7-b95719153d16: 118 datasets; 1.8 s; peak memory 700 MiB.
2026-10-11T00:54:52Z INFO [634/750] 9ec9dc78-93a7-440a-8e2a-a74657b6daac: 48 datasets; 0.7 s; peak memory 700 MiB.
2026-10-11T00:54:53Z INFO [635/750] 9eca11e6-96b0-4afc-a40e-ee5b4cfe470d: 112 datasets; 1.0 s; peak memory 700 MiB.
2026-10-11T00:54:54Z INFO [636/750] 9eca9993-6e57-4180-91f0-0af3ab3f0f30: 110 datasets; 1.0 s; peak memory 700 MiB.
2026-10-11T00:54:58Z INFO [637/750] 9ecac364-2c27-4d3b-9ecb-83d2fe57679e: 525 datasets; 4.3 s; peak memory 700 MiB.
2026-10-11T00:54:59Z INFO [638/750] 9ecad6e3-5707-4a72-9578-1d59d767f4a2: 112 datasets; 1.0 s; peak memory 700 MiB.
2026-10-11T00:55:03Z INFO [639/750] 9ecb441e-1cc9-4a38-bad3-46b2800e54ef: 533 datasets; 3.6 s; peak memory 700 MiB.
2026-10-11T00:55:03Z INFO [640/750] 9ecb9143-c2b1-4dec-aa2d-ed48543aad25: 54 datasets; 0.6 s; peak memory 700 MiB.
2026-10-11T00:55:04Z INFO [641/750] 9ecbc866-bfe6-4451-90e4-c38801e3dd0d: 51 datasets; 0.8 s; peak memory 700 MiB.
2026-10-11T00:55:11Z INFO [642/750] 9ecbce22-ba36-478d-aced-dcb109c4a113: 740 datasets; 7.0 s; peak memory 700 MiB.
2026-10-11T00:55:13Z INFO [643/750] 9eccc650-a012-4862-a2b4-8a3b5983146b: 186 datasets; 1.5 s; peak memory 700 MiB.
2026-10-11T00:55:13Z INFO [644/750] 9ece3ac3-9cf3-4573-9325-483ad2da61a8: 37 datasets; 0.5 s; peak memory 700 MiB.
2026-10-11T00:55:15Z INFO [645/750] 9ecec70e-181a-4d33-977b-5a10e59f8e2d: 116 datasets; 1.6 s; peak memory 700 MiB.
2026-10-11T00:55:16Z INFO [646/750] 9ecee388-6ed2-4e1e-8ed8-2e129931ba6a: 64 datasets; 0.9 s; peak memory 700 MiB.
2026-10-11T00:55:17Z INFO [647/750] 9ecf13a9-8f88-4c4d-af8a-12f447be5d32: 118 datasets; 1.0 s; peak memory 700 MiB.
2026-10-11T00:55:18Z INFO [648/750] 9ecf7e8d-5248-4e18-84fa-1af0d76b4fd9: 71 datasets; 1.4 s; peak memory 700 MiB.
2026-10-11T00:55:19Z INFO [649/750] 9ed0e241-2902-45af-8595-38ead5a42293: 110 datasets; 0.7 s; peak memory 700 MiB.
2026-10-11T00:55:20Z INFO [650/750] 9ed1531b-b072-4aa2-95d8-c64a23fc2d50: 70 datasets; 1.0 s; peak memory 700 MiB.
2026-10-11T00:55:20Z INFO [650/750] 9ed1531b-b072-4aa2-95d8-c64a23fc2d50: checkpointed 123485 new records.
2026-10-11T00:55:21Z INFO [651/750] 9ed172c0-52c0-4e85-8f88-45955f4162d1: 48 datasets; 0.7 s; peak memory 700 MiB.
2026-10-11T00:55:21Z INFO [652/750] 9ed1c184-093e-4281-962f-33c9799d0a1c: 41 datasets; 0.6 s; peak memory 700 MiB.
2026-10-11T00:55:22Z INFO [653/750] 9ed5207d-be89-46ba-ae24-c5ab538f8c42: 48 datasets; 0.6 s; peak memory 700 MiB.
2026-10-11T00:56:39Z INFO [654/750] 9ed52c9d-79f1-4056-a5ea-4dd684cc909a: 99 datasets; 76.7 s; peak memory 700 MiB.
2026-10-11T00:56:39Z INFO [655/750] 9ed5dafc-e805-4fb9-9a07-7c5ed133f7b7: 118 datasets; 0.7 s; peak memory 700 MiB.
2026-10-11T00:56:40Z INFO [656/750] 9ed6770c-dd85-481c-91ef-46b26fbd6f4a: 116 datasets; 0.7 s; peak memory 700 MiB.
2026-10-11T00:56:45Z INFO [657/750] 9ed691e3-d23d-4053-a3ed-15e9cfe80a57: 676 datasets; 4.9 s; peak memory 700 MiB.
2026-10-11T00:56:59Z INFO [658/750] 9ed6964e-8b83-4f3a-8034-c640ca4b65a3: 96 datasets; 14.1 s; peak memory 700 MiB.
2026-10-11T00:57:00Z INFO [659/750] 9ed71180-5eb3-4c5c-a528-c034fa7084bf: 51 datasets; 1.0 s; peak memory 700 MiB.
2026-10-11T00:57:15Z INFO [660/750] 9ed7164a-14d5-4870-9ac2-e432164d4f21: 792 datasets; 15.2 s; peak memory 700 MiB.
2026-10-11T01:19:13Z INFO [661/750] 9ed726cd-2076-4bac-ac5c-d8037952602c: 216 datasets; 1318.1 s; peak memory 1221 MiB.
2026-10-11T01:19:14Z INFO [662/750] 9ed76144-8036-4c5d-9df8-d965acfec83d: 112 datasets; 0.9 s; peak memory 1221 MiB.
2026-10-11T01:19:15Z INFO [663/750] 9ed768cb-82c9-42dd-b106-2ee17e46401a: 66 datasets; 0.9 s; peak memory 1221 MiB.
2026-10-11T01:19:19Z INFO [664/750] 9eda34c2-60fe-42ce-957b-2b1bba453796: 546 datasets; 4.0 s; peak memory 1221 MiB.
2026-10-11T01:19:20Z INFO [665/750] 9edaa19d-9e7a-41ff-9191-f56cd4fced5c: 48 datasets; 0.6 s; peak memory 1221 MiB.
2026-10-11T01:19:21Z INFO [666/750] 9edb1346-5e92-4277-98a0-7dfdb835195a: 48 datasets; 0.7 s; peak memory 1221 MiB.
2026-10-11T01:19:21Z INFO [667/750] 9edb47a3-a9b6-4a96-96d7-c74a13eca4ce: 65 datasets; 0.7 s; peak memory 1221 MiB.
2026-10-11T01:19:51Z INFO [668/750] 9edb787f-efb0-4f5f-8dad-5e704a0f4ef4: 55 datasets; 29.6 s; peak memory 1221 MiB.
2026-10-11T01:20:05Z INFO [669/750] 9edc2ba0-a081-471f-a6ca-d7ccbf76c8eb: 48 datasets; 14.3 s; peak memory 1221 MiB.
2026-10-11T01:20:07Z INFO [670/750] 9edc4f1b-a59c-4ccc-9128-07ad9dee40c1: 156 datasets; 1.7 s; peak memory 1221 MiB.
2026-10-11T01:20:08Z INFO [671/750] 9edc7d91-e099-4bcb-8ae5-ebaafa180959: 71 datasets; 0.9 s; peak memory 1221 MiB.
2026-10-11T01:20:08Z INFO [672/750] 9edcda3c-5961-4884-b78c-abf9b39d0b07: 132 datasets; 0.7 s; peak memory 1221 MiB.
2026-10-11T01:20:09Z INFO [673/750] 9edd2fca-6f01-401f-87a2-3ed88da67e33: 48 datasets; 0.6 s; peak memory 1221 MiB.
2026-10-11T01:20:10Z INFO [674/750] 9edd8e4e-c0bc-41a9-800c-9f4fd3cb97af: 61 datasets; 0.7 s; peak memory 1221 MiB.
2026-10-11T01:20:10Z INFO [675/750] 9eddc286-e7e0-4c71-8a95-9a1af152326c: 48 datasets; 0.7 s; peak memory 1221 MiB.
2026-10-11T01:20:12Z INFO [676/750] 9ede5e12-6b57-49d5-8a50-35ea9f5f6053: 81 datasets; 2.2 s; peak memory 1221 MiB.
2026-10-11T01:20:22Z INFO [677/750] 9ede8f94-a9e6-4f94-83e2-9d067d4fb090: 36 datasets; 9.6 s; peak memory 1221 MiB.
2026-10-11T01:20:25Z INFO [678/750] 9edf01fb-d641-42d2-9169-8f5563bb5ced: 414 datasets; 2.6 s; peak memory 1221 MiB.
2026-10-11T01:20:31Z INFO [679/750] 9edf089b-f6d6-451a-a3c8-a6f7cc652966: 743 datasets; 6.0 s; peak memory 1221 MiB.
2026-10-11T01:20:34Z INFO [680/750] 9edf39c3-af75-4248-8063-9a84978445e4: 229 datasets; 3.2 s; peak memory 1221 MiB.
2026-10-11T01:20:34Z INFO [681/750] 9ee07a63-6ef2-4790-acd3-094cb289069b: 46 datasets; 0.5 s; peak memory 1221 MiB.
2026-10-11T01:20:35Z INFO [682/750] 9ee08f07-38cf-4593-9a5b-3194f015ee17: 117 datasets; 0.8 s; peak memory 1221 MiB.
2026-10-11T01:20:36Z INFO [683/750] 9ee0eb0a-8a8f-49ba-8e60-183e523e888d: 58 datasets; 0.7 s; peak memory 1221 MiB.
2026-10-11T01:20:41Z INFO [684/750] 9ee0f031-f8f7-41b3-9b9b-a2167aa509da: 604 datasets; 5.4 s; peak memory 1221 MiB.
2026-10-11T01:20:42Z INFO [685/750] 9ee11a56-d757-4e40-81bb-e33e97e5e4b8: 118 datasets; 0.8 s; peak memory 1221 MiB.
2026-10-11T01:20:43Z INFO [686/750] 9ee12576-89af-4a78-b45a-b1b9971e9c70: 117 datasets; 0.8 s; peak memory 1221 MiB.
2026-10-11T01:20:44Z INFO [687/750] 9ee1915e-b9b4-4261-9dc9-c78e006a828b: 117 datasets; 0.8 s; peak memory 1221 MiB.
2026-10-11T01:20:45Z INFO [688/750] 9ee20166-f255-4734-bd35-d4ba1582d6cb: 71 datasets; 1.3 s; peak memory 1221 MiB.
2026-10-11T01:20:46Z INFO [689/750] 9ee270e9-8ac3-410d-a8cd-c2d91500c38a: 117 datasets; 0.8 s; peak memory 1221 MiB.
2026-10-11T01:20:46Z INFO [690/750] 9ee27566-2045-42d3-aea1-b784d8243c0c: 48 datasets; 0.6 s; peak memory 1221 MiB.
2026-10-11T01:20:47Z INFO [691/750] 9ee2f1ad-f98a-4046-9a92-912a9903649d: 48 datasets; 0.6 s; peak memory 1221 MiB.
2026-10-11T01:20:48Z INFO [692/750] 9ee387f0-678c-4a27-95f2-7d9fd44cec32: 64 datasets; 1.4 s; peak memory 1221 MiB.
2026-10-11T01:20:49Z INFO [693/750] 9ee45d90-476e-45cf-b263-abc7f89a3175: 71 datasets; 1.1 s; peak memory 1221 MiB.
2026-10-11T01:20:51Z INFO [694/750] 9ee4a03d-0c82-4d0e-8482-292c5ebae891: 156 datasets; 1.7 s; peak memory 1221 MiB.
2026-10-11T01:20:52Z INFO [695/750] 9ee5ae12-b708-4628-9ec2-89e14f4eedf2: 71 datasets; 1.0 s; peak memory 1221 MiB.
2026-10-11T01:20:53Z INFO [696/750] 9ee774c2-62b9-4f5f-905f-92e0f452a570: 48 datasets; 0.8 s; peak memory 1221 MiB.
2026-10-11T01:20:53Z INFO [697/750] 9ee7dca0-a7f1-4e8c-b0b3-9b33939eb96f: 56 datasets; 0.5 s; peak memory 1221 MiB.
2026-10-11T01:20:59Z INFO [698/750] 9ee85cf0-0ce6-4414-9f5d-27666a04efa1: 872 datasets; 5.6 s; peak memory 1221 MiB.
2026-10-11T01:21:00Z INFO [699/750] 9ee87ec0-4579-4313-be93-38e9c6bf41cf: 114 datasets; 0.8 s; peak memory 1221 MiB.
2026-10-11T01:21:00Z INFO [700/750] 9ee8a659-aa21-442d-ac8d-054dccba06fa: 77 datasets; 0.6 s; peak memory 1221 MiB.
2026-10-11T01:21:01Z INFO [700/750] 9ee8a659-aa21-442d-ac8d-054dccba06fa: checkpointed 123535 new records.
2026-10-11T01:21:01Z INFO [701/750] 9eeaba81-f56a-4dd4-9bb9-c97bb6681ea8: 109 datasets; 0.8 s; peak memory 1221 MiB.
2026-10-11T01:21:02Z INFO [702/750] 9eeacadd-c908-44ef-8467-444b38637146: 33 datasets; 0.4 s; peak memory 1221 MiB.
2026-10-11T01:21:03Z INFO [703/750] 9eeaffb2-40e1-4d4a-b854-a323219dff31: 117 datasets; 0.8 s; peak memory 1221 MiB.
2026-10-11T01:21:13Z INFO [704/750] 9eec2132-d609-4be0-8a40-96188b2ce861: 428 datasets; 10.5 s; peak memory 1221 MiB.
2026-10-11T01:21:14Z INFO [705/750] 9eec2a4a-f462-470e-98db-5451c7fd7af1: 118 datasets; 0.7 s; peak memory 1221 MiB.
2026-10-11T01:21:15Z INFO [706/750] 9eec4899-2951-4058-8a73-33d288a16de6: 117 datasets; 0.8 s; peak memory 1221 MiB.
2026-10-11T01:21:15Z INFO [707/750] 9eece2c8-b897-41d7-bbda-4e511600dde1: 106 datasets; 0.9 s; peak memory 1221 MiB.
2026-10-11T01:21:16Z INFO [708/750] 9eedd9e6-9fa2-46a5-8428-b62eceebfe17: 48 datasets; 0.6 s; peak memory 1221 MiB.
2026-10-11T01:21:17Z INFO [709/750] 9eeea660-8c6e-4031-a37d-146c2f2e1912: 46 datasets; 0.4 s; peak memory 1221 MiB.
2026-10-11T01:21:18Z INFO [710/750] 9eef697e-bf85-48e5-89b0-b45846c490b5: 115 datasets; 1.6 s; peak memory 1221 MiB.
2026-10-11T01:21:19Z INFO [711/750] 9ef07f03-bd3a-4fc4-91d8-2f1a4b5c89db: 118 datasets; 0.7 s; peak memory 1221 MiB.
2026-10-11T01:21:20Z INFO [712/750] 9ef10fa5-7ffa-4f63-8806-816fe106c660: 48 datasets; 0.7 s; peak memory 1221 MiB.
2026-10-11T01:21:20Z INFO [713/750] 9ef2764f-b417-4667-8e6a-87e5614832f8: 110 datasets; 0.9 s; peak memory 1221 MiB.
2026-10-11T01:21:21Z INFO [714/750] 9ef28e8c-2db5-4c6f-bea8-8fbe4f17a74a: 48 datasets; 0.7 s; peak memory 1221 MiB.
2026-10-11T01:21:22Z INFO [715/750] 9ef317a1-2adc-4dd8-a324-0f4608971e3f: 116 datasets; 0.8 s; peak memory 1221 MiB.
2026-10-11T01:21:24Z INFO [716/750] 9ef37b22-d605-4291-b8a7-ece9c22d2a31: 115 datasets; 1.7 s; peak memory 1221 MiB.
2026-10-11T01:21:24Z INFO [717/750] 9ef38f35-f06b-40f0-9acb-571e43702214: 50 datasets; 0.5 s; peak memory 1221 MiB.
2026-10-11T01:21:25Z INFO [718/750] 9ef3b67c-a9d6-43f4-8d3d-7db27fe89bbb: 66 datasets; 0.9 s; peak memory 1221 MiB.
2026-10-11T01:21:27Z INFO [719/750] 9ef42965-dc53-42e0-b6ef-900a3dbe2ff4: 133 datasets; 1.9 s; peak memory 1221 MiB.
2026-10-11T01:21:29Z INFO [720/750] 9ef4f628-c157-4edd-9306-89115d98adde: 48 datasets; 2.0 s; peak memory 1221 MiB.
2026-10-11T01:21:37Z INFO [721/750] 9ef5bc4c-8944-45a4-940d-be032d2fb147: 5069 datasets; 7.6 s; peak memory 1221 MiB.
2026-10-11T01:21:39Z INFO [722/750] 9ef6cd40-089d-4ee7-bdd9-253a609264be: 229 datasets; 2.9 s; peak memory 1221 MiB.
2026-10-11T01:21:47Z INFO [723/750] 9ef6ed58-fffc-4768-a880-4950edcc443c: 994 datasets; 7.4 s; peak memory 1221 MiB.
2026-10-11T01:21:48Z INFO [724/750] 9ef7da47-9262-4206-9c63-5732d35c95dd: 112 datasets; 0.8 s; peak memory 1221 MiB.
2026-10-11T01:21:48Z INFO [725/750] 9ef85b73-8e5f-4a92-80c2-c42246a3a8d5: 48 datasets; 0.6 s; peak memory 1221 MiB.
2026-10-11T01:21:49Z INFO [726/750] 9ef8855f-925e-4762-b19a-d7ab8f815249: 112 datasets; 0.8 s; peak memory 1221 MiB.
2026-10-11T01:21:50Z INFO [727/750] 9ef8e4d3-3bac-449e-a94a-6bd53092e07c: 37 datasets; 0.6 s; peak memory 1221 MiB.
2026-10-11T01:21:51Z INFO [728/750] 9ef95860-eaca-430e-bb9a-aa0ca9fe37a7: 117 datasets; 1.2 s; peak memory 1221 MiB.
2026-10-11T01:21:52Z INFO [729/750] 9ef9b0be-31c2-42ec-a03e-3c33f79d0857: 48 datasets; 0.6 s; peak memory 1221 MiB.
2026-10-11T01:21:55Z INFO [730/750] 9efa99c6-0a91-41da-82da-af33599717e9: 534 datasets; 3.9 s; peak memory 1221 MiB.
2026-10-11T01:21:56Z INFO [731/750] 9efb0c88-0e1d-41ca-b209-54ddf72a0cbc: 112 datasets; 0.8 s; peak memory 1221 MiB.
2026-10-11T01:21:57Z INFO [732/750] 9efb3136-8002-4e61-b4f0-a7f2aebc3b8b: 48 datasets; 0.6 s; peak memory 1221 MiB.
2026-10-11T01:21:58Z INFO [733/750] 9efbb9c0-e411-4af4-a0eb-4c8daad896fe: 57 datasets; 1.1 s; peak memory 1221 MiB.
2026-10-11T01:21:59Z INFO [734/750] 9efc5a70-2144-4406-ae5d-41ce3b1c2023: 98 datasets; 1.0 s; peak memory 1221 MiB.
2026-10-11T01:22:12Z INFO [735/750] 9efcb40e-8c7a-4100-83b1-66cf873057ec: 522 datasets; 12.8 s; peak memory 1221 MiB.
2026-10-11T01:22:13Z INFO [736/750] 9efd66a1-1bdb-4a79-a968-34c529ca5f4d: 68 datasets; 0.8 s; peak memory 1221 MiB.
2026-10-11T01:22:14Z INFO [737/750] 9efe4530-762e-4135-abad-02564f8da077: 112 datasets; 1.0 s; peak memory 1221 MiB.
2026-10-11T01:22:17Z INFO [738/750] 9efe6456-7c86-4192-9f9b-5f7606459746: 229 datasets; 3.0 s; peak memory 1221 MiB.
2026-10-11T01:22:17Z INFO [739/750] 9f001a57-5ec4-4600-b297-5588f42b4d80: 48 datasets; 0.7 s; peak memory 1221 MiB.
2026-10-11T01:22:18Z INFO [740/750] 9f013b71-6659-46a0-b4fb-837a858bf8d5: 112 datasets; 1.0 s; peak memory 1221 MiB.
2026-10-11T01:22:21Z INFO [741/750] 9f018682-c4d3-43d9-9247-023d72fdaad6: 418 datasets; 2.4 s; peak memory 1221 MiB.
2026-10-11T01:22:22Z INFO [742/750] 9f026035-7468-4fa6-ae9b-02e65134c128: 64 datasets; 1.3 s; peak memory 1221 MiB.
2026-10-11T01:22:27Z INFO [743/750] 9f02a3b1-1083-4c70-a175-f371d4b96a8a: 431 datasets; 4.5 s; peak memory 1221 MiB.
2026-10-11T01:22:28Z INFO [744/750] 9f02df49-9063-43d7-bed6-4127c78ba4eb: 38 datasets; 1.7 s; peak memory 1221 MiB.
2026-10-11T01:22:30Z INFO [745/750] 9f035d4f-504b-4fc4-8ea3-adb7339410e0: 90 datasets; 1.6 s; peak memory 1221 MiB.
2026-10-11T01:22:31Z INFO [746/750] 9f035ee9-27e6-4bf5-b841-784cd2063386: 111 datasets; 1.0 s; peak memory 1221 MiB.
2026-10-11T01:22:32Z INFO [747/750] 9f040b09-5fb5-4e22-a1bd-19ff14b11cc8: 48 datasets; 0.8 s; peak memory 1221 MiB.
2026-10-11T01:22:32Z INFO [748/750] 9f04c484-d4a2-4b09-a3f8-2241b0aac9a0: 48 datasets; 0.6 s; peak memory 1221 MiB.
2026-10-11T01:22:33Z INFO [749/750] 9f081454-6820-4aa2-bdaa-049bf3060a0e: 97 datasets; 0.8 s; peak memory 1221 MiB.
2026-10-11T01:22:34Z INFO [750/750] 9f08c278-7f33-422c-b36b-ab58eda111dd: 275 datasets; 1.0 s; peak memory 1221 MiB.
2026-10-11T01:22:34Z INFO [750/750] 9f08c278-7f33-422c-b36b-ab58eda111dd: checkpointed 123585 new records.
2026-10-11T01:22:35Z INFO Wrote 123585 records to /tmp/derivatives/valid_nwb_file_to_number_of_datasets.jsonl (750 new, 0 failed) in 62.9 min (peak memory 1221 MiB).
