2026-10-10T15:02:08Z INFO Logging to /tmp/logs/update_2026-10-10T15-02-08Z.log.
2026-10-10T15:02:08Z INFO Update valid-nwb-file-to-number-of-datasets (base directory /tmp).
2026-10-10T15:02:08Z INFO Processing 750 items (118335 already recorded).
2026-10-10T15:02:10Z INFO [1/750] 93d5ad39-aae9-48c1-962a-bb0bf58577ad: 112 datasets; 1.4 s; peak memory 127 MiB.
2026-10-10T15:02:12Z INFO [2/750] 93d5c4bb-7206-4f34-a5c4-ed6e6a2a5b33: 383 datasets; 2.8 s; peak memory 133 MiB.
2026-10-10T15:02:13Z INFO [3/750] 93d5fa1d-208f-4bf9-b97d-f0f6908e9cbf: 68 datasets; 1.0 s; peak memory 134 MiB.
2026-10-10T15:02:14Z INFO [4/750] 93d67f4c-0e02-45af-a234-f1e0c645ddf6: 48 datasets; 0.8 s; peak memory 134 MiB.
2026-10-10T15:02:15Z INFO [5/750] 93d6f730-3cb0-4e49-a850-b35d7595d1a5: 92 datasets; 0.8 s; peak memory 134 MiB.
2026-10-10T15:02:20Z INFO [6/750] 93d720d9-85c6-4dea-b190-c339310674ef: 883 datasets; 5.5 s; peak memory 153 MiB.
2026-10-10T15:02:25Z INFO [7/750] 93d81a5f-fabc-431e-98ae-b3f2d8395f01: 196 datasets; 4.3 s; peak memory 153 MiB.
2026-10-10T15:02:27Z INFO [8/750] 93d88c30-8ba3-4f4a-bf9f-4c30226feb09: 156 datasets; 2.1 s; peak memory 153 MiB.
2026-10-10T15:02:28Z INFO [9/750] 93d98c9f-2e58-4679-a0b3-5c0b073626af: 66 datasets; 1.1 s; peak memory 154 MiB.
2026-10-10T15:02:29Z INFO [10/750] 93dc50ee-c5b5-4383-a3de-6535ff764e4d: 48 datasets; 0.7 s; peak memory 154 MiB.
2026-10-10T15:02:30Z INFO [11/750] 93dd082b-7713-4ee6-800b-d4002c3e1018: 117 datasets; 1.0 s; peak memory 154 MiB.
2026-10-10T15:02:30Z INFO [12/750] 93dd2893-ce7a-424e-a844-29e18b9b34a1: 48 datasets; 0.6 s; peak memory 154 MiB.
2026-10-10T15:02:31Z INFO [13/750] 93ddd5be-ff62-4d19-ac3a-0a43c0fae9e9: 74 datasets; 1.0 s; peak memory 154 MiB.
2026-10-10T15:02:32Z INFO [14/750] 93de07f1-a559-4ad7-b565-928ad7a5f8ae: 48 datasets; 0.7 s; peak memory 154 MiB.
2026-10-10T15:02:33Z INFO [15/750] 93dea7f6-0ea6-4ca7-9f5f-545f71906b54: 76 datasets; 1.0 s; peak memory 154 MiB.
2026-10-10T15:02:34Z INFO [16/750] 93df910e-e780-44f0-8525-7b686084943d: 112 datasets; 1.1 s; peak memory 154 MiB.
2026-10-10T15:02:36Z INFO [17/750] 93e06fb9-1b45-4ad7-8d56-6d67d1cc53ce: 133 datasets; 1.5 s; peak memory 155 MiB.
2026-10-10T15:02:36Z INFO [18/750] 93e0c2bd-1895-45d6-9458-5a34e2b440f8: 117 datasets; 0.7 s; peak memory 155 MiB.
2026-10-10T15:02:37Z INFO [19/750] 93e21a4b-428c-4d91-8aed-94c1587af6d6: 62 datasets; 1.0 s; peak memory 155 MiB.
2026-10-10T15:02:41Z INFO [20/750] 93e25d05-7af6-4331-9d8f-a17eb5afc7c3: 222 datasets; 3.5 s; peak memory 155 MiB.
2026-10-10T15:03:32Z INFO [21/750] 93e32f96-dc07-431f-ba2f-920de046d4e7: 60 datasets; 51.1 s; peak memory 220 MiB.
2026-10-10T15:03:34Z INFO [22/750] 93e34f72-2b92-448b-9f1d-013a284523bc: 156 datasets; 2.0 s; peak memory 220 MiB.
2026-10-10T15:04:35Z INFO [23/750] 93e45876-2af1-43f4-b9c5-74863e44af5e: 62 datasets; 61.0 s; peak memory 228 MiB.
2026-10-10T15:04:36Z INFO [24/750] 93e6ce81-13ae-43a9-9bb4-1b0fe2a4bb85: 48 datasets; 0.7 s; peak memory 228 MiB.
2026-10-10T15:04:37Z INFO [25/750] 93e7087a-39f5-46ca-9c3d-b73255c2538e: 110 datasets; 1.0 s; peak memory 228 MiB.
2026-10-10T15:04:47Z INFO [26/750] 93e72066-cc5c-4e58-8cd8-c539c765e0b5: 1048 datasets; 10.0 s; peak memory 228 MiB.
2026-10-10T15:04:47Z INFO [27/750] 93e72e71-0aea-43e4-b6d5-e83a3edd2307: 42 datasets; 0.8 s; peak memory 228 MiB.
2026-10-10T15:05:07Z INFO [28/750] 93e83a60-5df8-4794-9ede-265f05ebabc1: 36 datasets; 19.4 s; peak memory 228 MiB.
2026-10-10T15:05:07Z INFO [29/750] 93e881d2-0b59-4dbe-949a-2f24a262b899: 46 datasets; 0.5 s; peak memory 228 MiB.
2026-10-10T15:05:08Z INFO [30/750] 93e8cd73-de8b-4527-a4bd-27a5622797d3: 69 datasets; 0.7 s; peak memory 228 MiB.
2026-10-10T15:05:16Z INFO [31/750] 93e9e2d2-a706-446e-a86a-9fefd0616767: 807 datasets; 7.9 s; peak memory 228 MiB.
2026-10-10T15:05:17Z INFO [32/750] 93e9f1cf-29aa-4d3f-b764-f69ae8e2f2a9: 76 datasets; 0.7 s; peak memory 228 MiB.
2026-10-10T15:05:26Z INFO [33/750] 93ea4cd5-dd7c-4a51-8983-7924aa4a0f38: 863 datasets; 9.0 s; peak memory 228 MiB.
2026-10-10T15:05:26Z INFO [34/750] 93eaae2e-5d22-4a4e-9783-415325c238ed: 53 datasets; 0.7 s; peak memory 228 MiB.
2026-10-10T15:05:28Z INFO [35/750] 93eacf22-a20d-4574-b214-b72eb0e1e729: 156 datasets; 1.8 s; peak memory 228 MiB.
2026-10-10T15:05:29Z INFO [36/750] 93ec9394-89af-4b5f-b8a2-1e227f6c2ea0: 118 datasets; 0.9 s; peak memory 228 MiB.
2026-10-10T15:05:36Z INFO [37/750] 93ecdc45-1425-4c87-8e92-66ef666a39fa: 1036 datasets; 7.3 s; peak memory 228 MiB.
2026-10-10T15:05:37Z INFO [38/750] 93ecf656-5f97-4a92-b141-5ce0a20a8edd: 48 datasets; 0.6 s; peak memory 228 MiB.
2026-10-10T15:05:38Z INFO [39/750] 93eda947-89c5-4aa6-a04d-75ce4941c245: 112 datasets; 1.0 s; peak memory 228 MiB.
2026-10-10T15:05:39Z INFO [40/750] 93edb13c-a843-4a3a-9cb1-d3d5f98252a4: 118 datasets; 0.8 s; peak memory 228 MiB.
2026-10-10T15:05:40Z INFO [41/750] 93ee0c2f-e0d0-495e-b530-2beb517b1790: 66 datasets; 1.0 s; peak memory 228 MiB.
2026-10-10T15:05:42Z INFO [42/750] 93ee261c-1075-4350-8d63-5f46ad6573a6: 156 datasets; 2.0 s; peak memory 228 MiB.
2026-10-10T15:05:45Z INFO [43/750] 93ee80f9-9209-45ed-a5c8-e6a57199ccc6: 229 datasets; 3.1 s; peak memory 228 MiB.
2026-10-10T15:05:45Z INFO [44/750] 93ef1a4c-d21f-4965-bb6f-1736a843780b: 56 datasets; 0.6 s; peak memory 228 MiB.
2026-10-10T15:05:46Z INFO [45/750] 93f0259f-cb33-49a1-a49e-5c0569c22773: 118 datasets; 0.8 s; peak memory 228 MiB.
2026-10-10T15:05:47Z INFO [46/750] 93f081ee-2d77-4221-8080-44ac6dc03010: 70 datasets; 0.9 s; peak memory 228 MiB.
2026-10-10T15:05:50Z INFO [47/750] 93f1cb57-a0f3-4921-b38c-1c6aa60a3399: 336 datasets; 2.5 s; peak memory 228 MiB.
2026-10-10T15:05:50Z INFO [48/750] 93f1ef4b-c6d4-4490-bd7d-1c06a5d28250: 48 datasets; 0.7 s; peak memory 228 MiB.
2026-10-10T15:05:51Z INFO [49/750] 93f25017-0fe9-4840-a403-716b8a4019df: 117 datasets; 0.9 s; peak memory 228 MiB.
2026-10-10T15:05:53Z INFO [50/750] 93f35047-dbb4-4f41-8b62-14ca5e01ea73: 116 datasets; 1.6 s; peak memory 228 MiB.
2026-10-10T15:05:53Z INFO [50/750] 93f35047-dbb4-4f41-8b62-14ca5e01ea73: checkpointed 118385 new records.
2026-10-10T15:05:54Z INFO [51/750] 93f358bc-9d82-47ad-8f99-18161be1e4f7: 48 datasets; 0.7 s; peak memory 228 MiB.
2026-10-10T15:05:54Z INFO [52/750] 93f37b34-649f-4237-a1c7-8776dd7bde24: 48 datasets; 0.7 s; peak memory 228 MiB.
2026-10-10T15:06:02Z INFO [53/750] 93f3bf0c-4b9d-4f84-b68b-18941d238e4a: 1303 datasets; 7.4 s; peak memory 228 MiB.
2026-10-10T15:06:02Z INFO [54/750] 93f4146b-04b7-41f8-b18b-6fbc479198e1: 46 datasets; 0.6 s; peak memory 228 MiB.
2026-10-10T15:06:03Z INFO [55/750] 93f47f79-7284-42c6-8b0c-fe4f8edf1373: 46 datasets; 0.5 s; peak memory 228 MiB.
2026-10-10T15:06:04Z INFO [56/750] 93f4ab08-3053-43d2-b76b-91b4888bac69: 112 datasets; 1.0 s; peak memory 228 MiB.
2026-10-10T15:06:04Z INFO [57/750] 93f58604-5228-4afd-8db1-882bbdfa72c6: 48 datasets; 0.6 s; peak memory 228 MiB.
2026-10-10T15:06:05Z INFO [58/750] 93f59d7b-566e-4c4f-a3cb-b962a330093d: 117 datasets; 0.8 s; peak memory 228 MiB.
2026-10-10T15:06:06Z INFO [59/750] 93f7d9da-b0a7-4dd0-a84b-0ecb34fd4b31: 66 datasets; 1.1 s; peak memory 228 MiB.
2026-10-10T15:06:08Z INFO [60/750] 93f83aff-dd7e-4868-83f0-b7a70d3cf35a: 119 datasets; 1.3 s; peak memory 228 MiB.
2026-10-10T15:06:08Z INFO [61/750] 93f8b29e-1c3f-41fd-afea-f970e17b9916: 45 datasets; 0.8 s; peak memory 228 MiB.
2026-10-10T15:06:13Z INFO [62/750] 93f8c648-67f6-4dfc-bf86-bf0e651d0c20: 56 datasets; 4.1 s; peak memory 228 MiB.
2026-10-10T15:06:13Z INFO [63/750] 93fa1ac9-5651-493f-91c4-026b4e2198a0: 48 datasets; 0.7 s; peak memory 228 MiB.
2026-10-10T15:06:14Z INFO [64/750] 93fad4d5-1576-4bee-8d88-53ffcb492599: 21 datasets; 0.4 s; peak memory 228 MiB.
2026-10-10T15:06:15Z INFO [65/750] 93fb0ab3-335d-43de-97d7-08e27fee9b0d: 66 datasets; 1.1 s; peak memory 228 MiB.
2026-10-10T15:06:17Z INFO [66/750] 93fbe43b-5f05-470b-a478-b6e34ee434ca: 116 datasets; 1.9 s; peak memory 228 MiB.
2026-10-10T15:06:19Z INFO [67/750] 93fc2ddf-9673-4ddb-949c-7d30ac0b4e1e: 89 datasets; 2.2 s; peak memory 228 MiB.
2026-10-10T15:06:29Z INFO [68/750] 93fd433c-689c-4481-8769-1ec8130dd4c5: 41 datasets; 10.1 s; peak memory 228 MiB.
2026-10-10T15:06:30Z INFO [69/750] 93fdba42-00a5-4058-a9a0-c8fc7e84bc33: 112 datasets; 0.9 s; peak memory 228 MiB.
2026-10-10T15:06:31Z INFO [70/750] 93fe1f8a-10c3-4cbb-b64e-0a4a51424ec1: 112 datasets; 1.0 s; peak memory 228 MiB.
2026-10-10T15:06:32Z INFO [71/750] 93fe27ad-f7fe-4a0c-8122-8ba883cc904c: 70 datasets; 0.9 s; peak memory 228 MiB.
2026-10-10T15:06:33Z INFO [72/750] 93fec6af-ba6b-4dba-bfd5-227498c4171f: 112 datasets; 0.9 s; peak memory 228 MiB.
2026-10-10T15:11:47Z INFO [73/750] 93feed4b-2bf3-4961-a9a2-fab89fabcdd4: 99 datasets; 314.7 s; peak memory 1130 MiB.
2026-10-10T15:11:48Z INFO [74/750] 93ffd9e9-b244-4038-8ccc-41a7bb67f8fc: 52 datasets; 0.8 s; peak memory 1130 MiB.
2026-10-10T15:12:04Z INFO [75/750] 9400c8d0-9927-4356-87c0-b9a698931ce4: 48 datasets; 15.5 s; peak memory 1130 MiB.
2026-10-10T15:12:05Z INFO [76/750] 94010134-f393-4be0-8e21-868d3edd1317: 90 datasets; 1.8 s; peak memory 1130 MiB.
2026-10-10T15:12:06Z INFO [77/750] 9401612b-3a91-463b-b2e5-55eb674c1037: 48 datasets; 0.9 s; peak memory 1130 MiB.
2026-10-10T15:12:08Z INFO [78/750] 94026531-5595-4178-b91c-0ee9f0e917b6: 69 datasets; 1.3 s; peak memory 1130 MiB.
2026-10-10T15:12:09Z INFO [79/750] 9402df55-5750-489a-9700-47b26e270938: 112 datasets; 1.0 s; peak memory 1130 MiB.
2026-10-10T15:12:09Z INFO [80/750] 94031670-51a8-4452-b676-34dd4c771b4e: 57 datasets; 0.6 s; peak memory 1130 MiB.
2026-10-10T15:12:10Z INFO [81/750] 9403202f-c69d-4bd9-8ac2-06535d2b3983: 46 datasets; 0.5 s; peak memory 1130 MiB.
2026-10-10T15:12:14Z INFO [82/750] 94035bac-76b3-4a7d-ab53-c979d52a6b55: 49 datasets; 4.1 s; peak memory 1130 MiB.
2026-10-10T15:12:15Z INFO [83/750] 94037c80-fb12-41b0-a893-da25db8862d4: 71 datasets; 1.1 s; peak memory 1130 MiB.
2026-10-10T15:12:16Z INFO [84/750] 9404e740-a39e-4706-9d12-11122c384a13: 48 datasets; 0.8 s; peak memory 1130 MiB.
2026-10-10T15:12:16Z INFO [85/750] 9404e949-9fcc-4dcd-8f3f-b9113b8a6f5a: 33 datasets; 0.5 s; peak memory 1130 MiB.
2026-10-10T15:12:18Z INFO [86/750] 940505eb-3078-4eb8-b75d-eaedda79ff9d: 118 datasets; 1.3 s; peak memory 1130 MiB.
2026-10-10T15:12:19Z INFO [87/750] 94050f9a-ce88-4bcb-ba4c-a14c35ec5597: 118 datasets; 1.0 s; peak memory 1130 MiB.
2026-10-10T15:12:20Z INFO [88/750] 94053474-fc85-4e95-814f-c71eb21d1c14: 112 datasets; 1.2 s; peak memory 1130 MiB.
2026-10-10T15:12:28Z INFO [89/750] 94058e47-a8df-4197-a02d-88a4929cfc93: 44 datasets; 8.3 s; peak memory 1130 MiB.
2026-10-10T15:32:28Z INFO [90/750] 9405d50c-7a8f-46ae-b20b-f808ee6d8d77: 231 datasets; 1199.5 s; peak memory 1130 MiB.
2026-10-10T15:32:30Z INFO [91/750] 9406721e-19fc-4646-81f1-1e03d901f252: 38 datasets; 2.7 s; peak memory 1130 MiB.
2026-10-10T15:32:31Z INFO [92/750] 9406dc2f-02b4-49c1-a20e-ba427366817a: 118 datasets; 0.8 s; peak memory 1130 MiB.
2026-10-10T15:32:32Z INFO [93/750] 9407bf82-b988-42f0-bd90-b4575345d3ad: 50 datasets; 0.8 s; peak memory 1130 MiB.
2026-10-10T15:32:33Z INFO [94/750] 940a1f51-8d94-461f-bf12-f92bf62153d9: 112 datasets; 1.0 s; peak memory 1130 MiB.
2026-10-10T15:32:34Z INFO [95/750] 940a2cfa-c91b-410c-bedc-7384f74433c9: 48 datasets; 0.8 s; peak memory 1130 MiB.
2026-10-10T15:32:35Z INFO [96/750] 940a3588-93e9-43dc-a300-9b5ec8ca2c4f: 85 datasets; 1.5 s; peak memory 1130 MiB.
2026-10-10T15:32:36Z INFO [97/750] 940aa5b4-009b-4d79-a02d-274613f2c14c: 70 datasets; 1.2 s; peak memory 1130 MiB.
2026-10-10T15:32:37Z INFO [98/750] 940b5139-0a95-4074-902c-084ccf9f3321: 48 datasets; 0.6 s; peak memory 1130 MiB.
2026-10-10T15:32:38Z INFO [99/750] 940b5ada-e16c-4c60-ad57-f696f31b4da3: 64 datasets; 1.1 s; peak memory 1130 MiB.
2026-10-10T15:32:39Z INFO [100/750] 940ca962-9441-422a-80d5-2b62d0a84b0a: 118 datasets; 0.8 s; peak memory 1130 MiB.
2026-10-10T15:32:39Z INFO [100/750] 940ca962-9441-422a-80d5-2b62d0a84b0a: checkpointed 118435 new records.
2026-10-10T15:32:41Z INFO [101/750] 940d4f4c-c616-42a9-ac30-3b7d154d6615: 38 datasets; 1.6 s; peak memory 1130 MiB.
2026-10-10T15:32:42Z INFO [102/750] 940d81ea-25a9-4fc0-84bc-1c3fd2db47a9: 51 datasets; 0.9 s; peak memory 1130 MiB.
2026-10-10T15:32:48Z INFO [103/750] 940d925f-e1c0-46a4-9d60-c4a77f403a13: 410 datasets; 5.9 s; peak memory 1130 MiB.
2026-10-10T15:32:49Z INFO [104/750] 940da6a7-87b9-4857-8d42-3f406fc79571: 33 datasets; 1.2 s; peak memory 1130 MiB.
2026-10-10T15:32:50Z INFO [105/750] 940f017b-6a6d-484f-ae62-ff27aa49caa4: 62 datasets; 1.0 s; peak memory 1130 MiB.
2026-10-10T15:32:52Z INFO [106/750] 940f67a8-813c-435c-b8c9-c260a85f03c3: 238 datasets; 2.3 s; peak memory 1130 MiB.
2026-10-10T15:32:53Z INFO [107/750] 940f8628-1b91-4ce6-9182-3ad2025195bc: 48 datasets; 0.7 s; peak memory 1130 MiB.
2026-10-10T15:32:54Z INFO [108/750] 940fe166-0059-4c8d-b96f-280493258cb5: 64 datasets; 0.9 s; peak memory 1130 MiB.
2026-10-10T15:32:54Z INFO [109/750] 94102a6e-ec80-4966-a5b1-292e9bb02319: 48 datasets; 0.7 s; peak memory 1130 MiB.
2026-10-10T15:32:56Z INFO [110/750] 9410f54a-241f-476c-b989-2b814e910ce9: 156 datasets; 2.0 s; peak memory 1130 MiB.
2026-10-10T15:32:57Z INFO [111/750] 94114a8c-daa4-4c71-9f61-41217b12f639: 48 datasets; 0.7 s; peak memory 1130 MiB.
2026-10-10T15:32:58Z INFO [112/750] 941211ee-0590-42c5-931f-cbbe7caa098f: 66 datasets; 1.0 s; peak memory 1130 MiB.
2026-10-10T15:32:59Z INFO [113/750] 94123a8f-b4ac-4791-ba05-ac6e077b6ab6: 69 datasets; 1.2 s; peak memory 1130 MiB.
2026-10-10T15:33:00Z INFO [114/750] 941318a2-4060-4c65-abdc-fc4933e66b98: 48 datasets; 0.7 s; peak memory 1130 MiB.
2026-10-10T15:33:06Z INFO [115/750] 94137a46-3f6b-49cf-8888-81971ae551b1: 410 datasets; 6.0 s; peak memory 1130 MiB.
2026-10-10T15:33:07Z INFO [116/750] 94138c49-db98-4e57-891f-daa1199e0679: 74 datasets; 1.1 s; peak memory 1130 MiB.
2026-10-10T15:33:08Z INFO [117/750] 9413bdf4-a9b2-4def-a3d5-20a3ce33dc75: 117 datasets; 0.8 s; peak memory 1130 MiB.
2026-10-10T15:33:09Z INFO [118/750] 9413e276-f18f-4fa9-90fe-ba6b1ce6b60f: 144 datasets; 1.2 s; peak memory 1130 MiB.
2026-10-10T15:33:10Z INFO [119/750] 941444ab-cff2-4d84-b702-849d90206d13: 68 datasets; 0.9 s; peak memory 1130 MiB.
2026-10-10T15:33:13Z INFO [120/750] 9414bb7d-fdd6-4e8a-bf96-ae0965bfa691: 189 datasets; 2.7 s; peak memory 1130 MiB.
2026-10-10T15:33:13Z INFO [121/750] 941576e8-583c-4882-a627-7fdb09049187: 48 datasets; 0.7 s; peak memory 1130 MiB.
2026-10-10T15:33:20Z INFO [122/750] 9416ad4d-22bb-406c-a78d-d7f30723d33d: 649 datasets; 6.9 s; peak memory 1130 MiB.
2026-10-10T15:33:21Z INFO [123/750] 941740f3-d5d9-4ec3-8f95-febe5b73408e: 48 datasets; 0.7 s; peak memory 1130 MiB.
2026-10-10T15:33:24Z INFO [124/750] 941805e0-d838-4703-a4af-f561dece8d77: 43 datasets; 3.1 s; peak memory 1130 MiB.
2026-10-10T15:33:38Z INFO [125/750] 9418d155-2be2-4121-b958-dc2395affdd1: 48 datasets; 14.4 s; peak memory 1130 MiB.
2026-10-10T15:33:39Z INFO [126/750] 941a0bba-e382-452a-98ad-1daf448c4eb8: 46 datasets; 0.7 s; peak memory 1130 MiB.
2026-10-10T15:33:40Z INFO [127/750] 941a23ee-c07f-4d2d-b233-3b6c6299c8cc: 48 datasets; 0.7 s; peak memory 1130 MiB.
2026-10-10T15:33:54Z INFO [128/750] 941b558f-2f63-4ec3-a21c-93c6b2eeef77: 48 datasets; 14.2 s; peak memory 1130 MiB.
2026-10-10T15:33:55Z INFO [129/750] 941b65de-768e-4a88-ad4d-4a051682a718: 142 datasets; 0.7 s; peak memory 1130 MiB.
2026-10-10T15:33:59Z INFO [130/750] 941b9e28-b501-4082-ab95-af5524891ff2: 196 datasets; 4.2 s; peak memory 1130 MiB.
2026-10-10T15:34:00Z INFO [131/750] 941c515a-3ecc-435e-a11c-fff43fd320ef: 118 datasets; 0.7 s; peak memory 1130 MiB.
2026-10-10T15:34:00Z INFO [132/750] 941cade0-2a68-4f8e-a2d7-c591e0d33923: 117 datasets; 0.8 s; peak memory 1130 MiB.
2026-10-10T15:34:02Z INFO [133/750] 941cbc07-5afe-47a5-b959-f287c053de6d: 115 datasets; 1.7 s; peak memory 1130 MiB.
2026-10-10T15:34:03Z INFO [134/750] 941cd12c-058f-4080-868e-17d93950d60f: 52 datasets; 0.7 s; peak memory 1130 MiB.
2026-10-10T15:34:04Z INFO [135/750] 941d05d4-2f29-42d8-b34f-d0fd4de27f66: 112 datasets; 1.0 s; peak memory 1130 MiB.
2026-10-10T15:34:05Z INFO [136/750] 941d0cf5-9a1b-4400-9878-a264c0519a3c: 112 datasets; 1.2 s; peak memory 1130 MiB.
2026-10-10T15:34:06Z INFO [137/750] 941d7e8d-b96f-4fda-92b9-d3acca4580a4: 48 datasets; 0.7 s; peak memory 1130 MiB.
2026-10-10T15:34:07Z INFO [138/750] 941db6d5-15ea-4b7c-a753-01555322d013: 62 datasets; 0.9 s; peak memory 1130 MiB.
2026-10-10T15:34:07Z INFO [139/750] 941de318-b0df-45af-95a7-d40a979baaf8: 117 datasets; 0.8 s; peak memory 1130 MiB.
2026-10-10T15:34:08Z INFO [140/750] 941e554f-a4b2-4c24-a219-43ddcc20ef06: 48 datasets; 0.7 s; peak memory 1130 MiB.
2026-10-10T15:35:47Z INFO [141/750] 941e9667-f133-48cf-94b4-560c42cffe07: 167 datasets; 99.0 s; peak memory 1130 MiB.
2026-10-10T15:35:48Z INFO [142/750] 941ecb13-9b04-498f-b5a6-ad27df7aa055: 65 datasets; 0.8 s; peak memory 1130 MiB.
2026-10-10T15:35:49Z INFO [143/750] 9420808d-d595-4f1b-a14d-f6bd328cb005: 116 datasets; 0.7 s; peak memory 1130 MiB.
2026-10-10T15:35:49Z INFO [144/750] 942113b7-17c3-4aee-8049-9c0a533ecd6b: 55 datasets; 0.5 s; peak memory 1130 MiB.
2026-10-10T15:36:08Z INFO [145/750] 94213602-eacd-4a5e-8877-d0100e08f076: 36 datasets; 18.8 s; peak memory 1130 MiB.
2026-10-10T15:36:08Z INFO [146/750] 94213613-2580-4497-b35e-5f6b66b58d82: 114 datasets; 0.6 s; peak memory 1130 MiB.
2026-10-10T15:36:10Z INFO [147/750] 942148e6-53c0-457e-a7fd-4018ccca1ab9: 77 datasets; 1.7 s; peak memory 1130 MiB.
2026-10-10T15:36:11Z INFO [148/750] 942165ff-4980-48fe-bc09-55957f9ba49c: 48 datasets; 0.8 s; peak memory 1130 MiB.
2026-10-10T15:36:13Z INFO [149/750] 9421dc16-7e59-48aa-ae05-fad162a549a7: 115 datasets; 1.9 s; peak memory 1130 MiB.
2026-10-10T15:36:20Z INFO [150/750] 9421f41d-29d5-4f11-a4c1-948a4d022bb5: 923 datasets; 7.0 s; peak memory 1130 MiB.
2026-10-10T15:36:20Z INFO [150/750] 9421f41d-29d5-4f11-a4c1-948a4d022bb5: checkpointed 118485 new records.
2026-10-10T15:36:21Z INFO [151/750] 94223d15-b215-4cbd-bac1-21214072532a: 69 datasets; 0.8 s; peak memory 1130 MiB.
2026-10-10T15:36:22Z INFO [152/750] 94228bae-cb67-4488-bb86-1b4d7bd5244a: 112 datasets; 1.1 s; peak memory 1130 MiB.
2026-10-10T15:36:23Z INFO [153/750] 94238751-7d3a-4209-9d35-eed36d46df56: 112 datasets; 1.0 s; peak memory 1130 MiB.
2026-10-10T15:36:24Z INFO [154/750] 94238fc0-c781-4718-99cf-052a6cb2f475: 112 datasets; 1.2 s; peak memory 1130 MiB.
2026-10-10T15:36:26Z INFO [155/750] 942400b4-fdd8-4309-9220-f9704e531d6d: 53 datasets; 1.6 s; peak memory 1130 MiB.
2026-10-10T15:36:27Z INFO [156/750] 94242b96-a2d1-4ace-9560-1cc4c7ce8320: 118 datasets; 1.1 s; peak memory 1130 MiB.
2026-10-10T15:36:36Z INFO [157/750] 9424c9d7-131d-4cd9-a789-24a9f4671305: 735 datasets; 8.6 s; peak memory 1130 MiB.
2026-10-10T15:36:36Z INFO [158/750] 9424ff81-9ad3-48ce-9b2e-27a92be04553: 118 datasets; 0.9 s; peak memory 1130 MiB.
2026-10-10T15:36:37Z INFO [159/750] 94252675-9e99-4f61-b66e-1950e85d5d09: 48 datasets; 0.7 s; peak memory 1130 MiB.
2026-10-10T15:36:38Z INFO [160/750] 9425a436-7f91-4623-a64f-aebafc333e24: 66 datasets; 1.1 s; peak memory 1130 MiB.
2026-10-10T15:36:39Z INFO [161/750] 94269cb9-ca50-4359-950a-b5ebe55063c2: 48 datasets; 0.8 s; peak memory 1130 MiB.
2026-10-10T15:36:41Z INFO [162/750] 9426fd1a-82a9-45b2-a7ee-fce494357ef1: 156 datasets; 2.0 s; peak memory 1130 MiB.
2026-10-10T15:36:42Z INFO [163/750] 94270121-9caa-49aa-a38e-cdbf3bb6bc4a: 112 datasets; 0.9 s; peak memory 1130 MiB.
2026-10-10T15:36:43Z INFO [164/750] 9428ef14-8c7c-4deb-a578-a6750245750a: 48 datasets; 0.7 s; peak memory 1130 MiB.
2026-10-10T15:36:44Z INFO [165/750] 942914c2-8ff1-48f1-b540-05e80c79e9f5: 152 datasets; 1.9 s; peak memory 1130 MiB.
2026-10-10T15:36:45Z INFO [166/750] 94296e4b-0a45-4c67-899f-4fb97cc7be5a: 110 datasets; 0.9 s; peak memory 1130 MiB.
2026-10-10T15:36:46Z INFO [167/750] 9429cc3c-f6ae-463f-adea-cef7f7ffa4e8: 118 datasets; 0.8 s; peak memory 1130 MiB.
2026-10-10T15:36:47Z INFO [168/750] 9429f974-8bb4-4c6e-8cc0-95a689012154: 65 datasets; 0.8 s; peak memory 1130 MiB.
2026-10-10T15:36:48Z INFO [169/750] 942aa188-8752-485e-9bfa-95d76f22c34f: 48 datasets; 0.8 s; peak memory 1130 MiB.
2026-10-10T15:36:48Z INFO [170/750] 942b4dd7-a701-4f9e-b8f0-0916f48197f0: 52 datasets; 0.7 s; peak memory 1130 MiB.
2026-10-10T15:36:49Z INFO [171/750] 942b5673-b750-43db-b8b6-d6a63d93cf51: 112 datasets; 0.9 s; peak memory 1130 MiB.
2026-10-10T15:36:50Z INFO [172/750] 942b8c16-e9fb-4f7e-8282-579bac262786: 48 datasets; 0.6 s; peak memory 1130 MiB.
2026-10-10T15:36:51Z INFO [173/750] 942b9b5a-a6e2-4acf-8152-db6934d2fdb5: 112 datasets; 0.8 s; peak memory 1130 MiB.
2026-10-10T15:36:59Z INFO [174/750] 942c2d82-9f8b-42b8-8905-5f4db4bbeb0b: 1377 datasets; 8.7 s; peak memory 1130 MiB.
2026-10-10T15:37:00Z INFO [175/750] 942ccd99-b65f-4305-9221-b6f826963e19: 46 datasets; 0.5 s; peak memory 1130 MiB.
2026-10-10T15:37:01Z INFO [176/750] 942d55f8-ab58-4264-b094-bcc9670ac284: 118 datasets; 1.3 s; peak memory 1130 MiB.
2026-10-10T15:37:09Z INFO [177/750] 942d76e7-dbe8-4a96-8ef8-4c670e3ef112: 1209 datasets; 7.8 s; peak memory 1130 MiB.
2026-10-10T15:37:10Z INFO [178/750] 942da25e-1ef9-4ef8-a0bd-db36dee0114f: 38 datasets; 0.6 s; peak memory 1130 MiB.
2026-10-10T15:37:10Z INFO [179/750] 942debb1-d03a-4bd4-9c3c-bc8859a1e678: 63 datasets; 0.6 s; peak memory 1130 MiB.
2026-10-10T15:37:11Z INFO [180/750] 942e37ce-694a-4ba5-9a09-ad9bdf3a4939: 46 datasets; 0.5 s; peak memory 1130 MiB.
2026-10-10T15:37:23Z INFO [181/750] 942f2173-d1d8-4eac-82d5-2a142854a4c0: 48 datasets; 12.2 s; peak memory 1130 MiB.
2026-10-10T15:37:25Z INFO [182/750] 943144f2-6b57-4613-a48c-6969b20170fd: 71 datasets; 1.5 s; peak memory 1130 MiB.
2026-10-10T15:37:25Z INFO [183/750] 94316224-3a29-4f1d-9b6d-91374cdada30: 45 datasets; 0.6 s; peak memory 1130 MiB.
2026-10-10T15:37:28Z INFO [184/750] 9431e191-7f51-4b51-8a30-406f0384d368: 390 datasets; 2.5 s; peak memory 1130 MiB.
2026-10-10T15:37:30Z INFO [185/750] 94324c17-f3dd-4d90-9080-bcc951d3f967: 329 datasets; 2.0 s; peak memory 1130 MiB.
2026-10-10T15:37:30Z INFO [186/750] 943268ea-10c7-4750-93e1-ba5f293ca87a: 46 datasets; 0.5 s; peak memory 1130 MiB.
2026-10-10T15:37:31Z INFO [187/750] 9432b196-18f4-4751-90d0-4f0f1a8ba12b: 66 datasets; 0.8 s; peak memory 1130 MiB.
2026-10-10T15:37:32Z INFO [188/750] 9432c312-3adc-4a02-8823-395b311a0feb: 76 datasets; 0.8 s; peak memory 1130 MiB.
2026-10-10T15:37:32Z INFO [189/750] 9432d353-e873-48b1-a9ba-5bef8cf35e17: 21 datasets; 0.5 s; peak memory 1130 MiB.
2026-10-10T15:37:33Z INFO [190/750] 9432f35a-0200-458e-a10c-6586e3ae50be: 48 datasets; 0.8 s; peak memory 1130 MiB.
2026-10-10T15:37:34Z INFO [191/750] 943343ea-85ef-4859-b9c9-1d04c719e178: 69 datasets; 1.1 s; peak memory 1130 MiB.
2026-10-10T15:37:35Z INFO [192/750] 9433c717-9d7b-4148-a574-93c6d55d4c5b: 118 datasets; 1.3 s; peak memory 1130 MiB.
2026-10-10T15:37:36Z INFO [193/750] 9433d688-5653-4ef6-a508-afdc7d33b052: 66 datasets; 0.9 s; peak memory 1130 MiB.
2026-10-10T15:37:37Z INFO [194/750] 9433eb3d-3afd-4b53-a424-8501680c26f6: 48 datasets; 0.7 s; peak memory 1130 MiB.
2026-10-10T15:37:38Z INFO [195/750] 943462a1-ef58-4488-8a01-41faa6909700: 48 datasets; 0.7 s; peak memory 1130 MiB.
2026-10-10T15:37:38Z INFO [196/750] 94355cd8-73f0-4cd3-9f55-78fef878394d: 48 datasets; 0.7 s; peak memory 1130 MiB.
2026-10-10T15:37:39Z INFO [197/750] 9435ddab-4de6-4b21-bbb4-8dc46c08f45c: 112 datasets; 0.9 s; peak memory 1130 MiB.
2026-10-10T15:37:43Z INFO [198/750] 94360e41-a0b7-4409-a016-a18ff052428a: 538 datasets; 4.2 s; peak memory 1130 MiB.
2026-10-10T15:37:44Z INFO [199/750] 94383609-8c99-4c6a-9b93-4648bfa964ac: 117 datasets; 0.8 s; peak memory 1130 MiB.
2026-10-10T15:37:45Z INFO [200/750] 943839b1-0609-4032-91f6-9cb60831ebc4: 112 datasets; 1.0 s; peak memory 1130 MiB.
2026-10-10T15:37:45Z INFO [200/750] 943839b1-0609-4032-91f6-9cb60831ebc4: checkpointed 118535 new records.
2026-10-10T15:39:13Z INFO [201/750] 94394240-e4be-4bdb-9441-22afec6b585e: 449 datasets; 87.4 s; peak memory 1130 MiB.
2026-10-10T15:39:20Z INFO [202/750] 9439b468-589f-4312-8faf-5b8751682373: 1007 datasets; 7.6 s; peak memory 1130 MiB.
2026-10-10T15:39:21Z INFO [203/750] 9439c199-a57c-4aad-83fb-7eea9b4f419c: 49 datasets; 0.8 s; peak memory 1130 MiB.
2026-10-10T15:39:30Z INFO [204/750] 9439d6a7-0889-402e-9d52-40a93b74f8f2: 1313 datasets; 8.8 s; peak memory 1130 MiB.
2026-10-10T15:39:31Z INFO [205/750] 9439e50e-4631-4f19-868e-004559e827a9: 118 datasets; 0.8 s; peak memory 1130 MiB.
2026-10-10T15:39:31Z INFO [206/750] 943a41ee-d771-441f-a18b-be81d5baa4ae: 48 datasets; 0.6 s; peak memory 1130 MiB.
2026-10-10T15:39:38Z INFO [207/750] 943ae483-e8c3-42f8-882d-cabc410c5d11: 887 datasets; 6.3 s; peak memory 1130 MiB.
2026-10-10T15:39:39Z INFO [208/750] 943c2340-bcd7-4dd9-8995-ae60aa8b3ef8: 53 datasets; 1.2 s; peak memory 1130 MiB.
2026-10-10T15:39:40Z INFO [209/750] 943c53c7-8b52-4fc2-bfe5-d2dbca4664d7: 189 datasets; 1.0 s; peak memory 1130 MiB.
2026-10-10T15:39:41Z INFO [210/750] 943c7c7d-0e25-4b93-bbba-62fb4e9579d3: 48 datasets; 0.6 s; peak memory 1130 MiB.
2026-10-10T15:39:41Z INFO [211/750] 943cc95a-91d8-4115-bbd5-80ec1f3cabce: 48 datasets; 0.7 s; peak memory 1130 MiB.
2026-10-10T15:39:42Z INFO [212/750] 943ddd11-e23c-4ac1-ae81-3a7099692180: 54 datasets; 0.5 s; peak memory 1130 MiB.
2026-10-10T15:39:43Z INFO [213/750] 943e1b3e-6104-4593-90fe-1a5c6d40e8dd: 69 datasets; 1.0 s; peak memory 1130 MiB.
2026-10-10T15:39:44Z INFO [214/750] 943e8680-4c17-4130-a03b-98dbf6b6c59f: 117 datasets; 0.8 s; peak memory 1130 MiB.
2026-10-10T15:39:45Z INFO [215/750] 943f62bc-3e53-4c25-b5ea-9bc86f998a5f: 112 datasets; 1.0 s; peak memory 1130 MiB.
2026-10-10T15:39:55Z INFO [216/750] 94407650-0c06-421b-9dfd-4412b298004c: 1064 datasets; 9.9 s; peak memory 1130 MiB.
2026-10-10T15:39:55Z INFO [217/750] 9440b39e-ad0f-4b47-b232-8dbd05cc09b6: 68 datasets; 0.9 s; peak memory 1130 MiB.
2026-10-10T15:39:56Z INFO [218/750] 9440ed42-2399-4545-9dfb-25f746390daa: 47 datasets; 0.6 s; peak memory 1130 MiB.
2026-10-10T15:39:57Z INFO [219/750] 94424725-a8c0-4bfc-a890-9501481dd090: 48 datasets; 0.8 s; peak memory 1130 MiB.
2026-10-10T15:39:58Z INFO [220/750] 944300a7-3b49-4110-89b2-054eb20a4ce2: 118 datasets; 0.8 s; peak memory 1130 MiB.
2026-10-10T15:39:58Z INFO [221/750] 94431d77-dc42-42a5-8dc1-62bc8b636d8b: 56 datasets; 0.5 s; peak memory 1130 MiB.
2026-10-10T15:40:00Z INFO [222/750] 944418dc-47ee-4138-aa29-87231d5b5606: 121 datasets; 1.5 s; peak memory 1130 MiB.
2026-10-10T15:40:00Z INFO [223/750] 9444d873-069e-4d67-9456-cf89fa5a0cbc: 80 datasets; 0.9 s; peak memory 1130 MiB.
2026-10-10T15:40:01Z INFO [224/750] 94451290-5808-477d-a6cd-8278cfddfcfa: 117 datasets; 0.7 s; peak memory 1130 MiB.
2026-10-10T15:40:03Z INFO [225/750] 944519ed-f632-4e78-b9e3-cf39fab88022: 119 datasets; 1.4 s; peak memory 1130 MiB.
2026-10-10T15:40:03Z INFO [226/750] 94453bca-d80c-46e7-8110-731cba0386c5: 117 datasets; 0.9 s; peak memory 1130 MiB.
2026-10-10T15:40:04Z INFO [227/750] 9445ab7d-01e0-4b99-bf0f-af90df3aa5b2: 117 datasets; 0.8 s; peak memory 1130 MiB.
2026-10-10T15:40:05Z INFO [228/750] 94466e1a-e468-4c66-a147-8b9c0b76da9c: 71 datasets; 1.0 s; peak memory 1130 MiB.
2026-10-10T15:40:28Z INFO [229/750] 944813cb-df12-47bc-9991-743c723042af: 847 datasets; 22.8 s; peak memory 1130 MiB.
2026-10-10T15:40:34Z INFO [230/750] 944840da-b071-4757-a61b-12c0c38260ba: 927 datasets; 5.6 s; peak memory 1130 MiB.
2026-10-10T15:40:35Z INFO [231/750] 9448580b-1ffe-4b9c-ad1d-47c6904b0fc2: 66 datasets; 1.5 s; peak memory 1130 MiB.
2026-10-10T15:40:36Z INFO [232/750] 9449464a-a076-40da-a287-f5b0d5912af7: 84 datasets; 0.9 s; peak memory 1130 MiB.
2026-10-10T15:40:37Z INFO [233/750] 944a2018-34d8-405f-9ec1-b3543a154749: 112 datasets; 1.1 s; peak memory 1130 MiB.
2026-10-10T15:40:38Z INFO [234/750] 944a28e3-5179-4289-abcb-a56630d37df4: 112 datasets; 0.9 s; peak memory 1130 MiB.
2026-10-10T15:40:39Z INFO [235/750] 944a5300-6120-4eb5-9a04-2589f4fc46a6: 48 datasets; 0.7 s; peak memory 1130 MiB.
2026-10-10T15:40:40Z INFO [236/750] 944ad977-66d1-4902-a0c7-17545fdd2ae7: 48 datasets; 0.9 s; peak memory 1130 MiB.
2026-10-10T15:40:41Z INFO [237/750] 944b73f0-7aaa-4494-b618-dd5c4d38afa4: 118 datasets; 0.9 s; peak memory 1130 MiB.
2026-10-10T15:40:41Z INFO [238/750] 944b8188-9774-4ed7-b259-4c3018f56eb7: 48 datasets; 0.8 s; peak memory 1130 MiB.
2026-10-10T15:40:42Z INFO [239/750] 944b89a2-4bc7-43da-b2f8-73e1cf840cfd: 71 datasets; 1.1 s; peak memory 1130 MiB.
2026-10-10T15:40:43Z INFO [240/750] 944c2fdb-ce8c-4732-bcc8-68e432c6494c: 112 datasets; 0.8 s; peak memory 1130 MiB.
2026-10-10T15:40:44Z INFO [241/750] 944c63e4-503f-446a-8358-495108e98918: 63 datasets; 0.9 s; peak memory 1130 MiB.
2026-10-10T15:41:01Z INFO [242/750] 944ddcdd-a81c-4c9c-b2d0-6576867bb38c: 261 datasets; 16.9 s; peak memory 1130 MiB.
2026-10-10T15:41:02Z INFO [243/750] 944f998a-43ec-404d-8577-03ff846d7e5b: 48 datasets; 0.7 s; peak memory 1130 MiB.
2026-10-10T15:41:05Z INFO [244/750] 944fa5ba-4f68-4d04-a4ac-046ed83ef73d: 525 datasets; 3.2 s; peak memory 1130 MiB.
2026-10-10T15:41:06Z INFO [245/750] 94506941-a848-4d60-acfa-e4a82973c764: 52 datasets; 0.8 s; peak memory 1130 MiB.
2026-10-10T15:41:06Z INFO [246/750] 945111a5-936a-4053-988f-96788f25f632: 62 datasets; 0.7 s; peak memory 1130 MiB.
2026-10-10T15:41:07Z INFO [247/750] 94519c9b-ee1e-49dc-81a4-717af101151d: 118 datasets; 0.9 s; peak memory 1130 MiB.
2026-10-10T15:41:08Z INFO [248/750] 9451b7b5-3ee4-4511-a58d-7df2ead8c3a2: 38 datasets; 0.5 s; peak memory 1130 MiB.
2026-10-10T15:41:14Z INFO [249/750] 9451fea5-2ea7-47d8-866c-220cc655ff0e: 684 datasets; 6.5 s; peak memory 1130 MiB.
2026-10-10T15:41:15Z INFO [250/750] 9452019a-26f7-4734-80dc-fc44de1c0355: 116 datasets; 0.7 s; peak memory 1130 MiB.
2026-10-10T15:41:15Z INFO [250/750] 9452019a-26f7-4734-80dc-fc44de1c0355: checkpointed 118585 new records.
2026-10-10T15:41:16Z INFO [251/750] 945235ea-f220-4fea-a77d-914940e0d27b: 116 datasets; 0.8 s; peak memory 1130 MiB.
2026-10-10T15:41:17Z INFO [252/750] 945259fc-79cb-4803-a2b6-f83be123e22f: 48 datasets; 0.7 s; peak memory 1130 MiB.
2026-10-10T15:41:19Z INFO [253/750] 94526e1e-cfa8-46fa-adac-88774ddd3b18: 90 datasets; 2.2 s; peak memory 1130 MiB.
2026-10-10T15:41:20Z INFO [254/750] 9453b34e-5659-4a8a-b5fc-02b310927ece: 117 datasets; 0.8 s; peak memory 1130 MiB.
2026-10-10T15:41:20Z INFO [255/750] 9453b7c1-5d0a-4013-b4ed-6b96932337a3: 48 datasets; 0.6 s; peak memory 1130 MiB.
2026-10-10T15:41:22Z INFO [256/750] 94542aa7-d23b-4bd6-8185-779edd674813: 115 datasets; 1.6 s; peak memory 1130 MiB.
2026-10-10T15:41:22Z INFO [257/750] 945433c1-f65b-4663-ad94-0a386df87dcb: 48 datasets; 0.6 s; peak memory 1130 MiB.
2026-10-10T15:41:24Z INFO [258/750] 94552710-fd9d-41da-9277-2b24a979838f: 71 datasets; 1.4 s; peak memory 1130 MiB.
2026-10-10T15:41:25Z INFO [259/750] 945646a7-0de9-4da3-a64f-9fe38523f9bb: 118 datasets; 1.0 s; peak memory 1130 MiB.
2026-10-10T15:41:31Z INFO [260/750] 94564c58-0ec3-4e00-af7e-2804eddf5ca3: 391 datasets; 5.9 s; peak memory 1130 MiB.
2026-10-10T15:41:31Z INFO [261/750] 94566997-e96b-429d-920d-58f5b4aabfb7: 48 datasets; 0.8 s; peak memory 1130 MiB.
2026-10-10T15:41:33Z INFO [262/750] 94570b2a-5082-4a2f-b505-34f211c0918f: 71 datasets; 1.3 s; peak memory 1130 MiB.
2026-10-10T15:41:41Z INFO [263/750] 94574faf-819b-4b87-b6e7-1fef676faa6b: 1058 datasets; 7.8 s; peak memory 1130 MiB.
2026-10-10T15:41:41Z INFO [264/750] 9457ad23-4d85-40e5-9d19-86526cc6e4f4: 117 datasets; 0.8 s; peak memory 1130 MiB.
2026-10-10T15:41:42Z INFO [265/750] 94581e0d-fb41-4603-bec8-36047da4ea4e: 117 datasets; 0.8 s; peak memory 1130 MiB.
2026-10-10T15:41:43Z INFO [266/750] 9458439c-e8c5-4a1d-b9e6-6958f9177f06: 110 datasets; 1.1 s; peak memory 1130 MiB.
2026-10-10T15:41:44Z INFO [267/750] 94585e40-e667-41ec-a2b4-5342a34a01fa: 112 datasets; 1.0 s; peak memory 1130 MiB.
2026-10-10T15:41:45Z INFO [268/750] 9459a41a-86d8-4c4f-91d3-e07f7d9a2874: 64 datasets; 1.0 s; peak memory 1130 MiB.
2026-10-10T15:41:47Z INFO [269/750] 9459a8f5-b013-4128-8946-832fdf005b26: 80 datasets; 1.9 s; peak memory 1130 MiB.
2026-10-10T15:41:48Z INFO [270/750] 9459dd4a-380b-40b3-beb6-f83b41f49b22: 71 datasets; 1.0 s; peak memory 1130 MiB.
2026-10-10T15:41:49Z INFO [271/750] 945a194a-9113-449e-8999-26ffae34312f: 48 datasets; 0.8 s; peak memory 1130 MiB.
2026-10-10T15:41:50Z INFO [272/750] 945a32d4-0112-4a62-9115-8509e838f0b1: 48 datasets; 0.6 s; peak memory 1130 MiB.
2026-10-10T15:41:50Z INFO [273/750] 945aabc4-65ce-4c04-bc63-618ffe9a339e: 48 datasets; 0.7 s; peak memory 1130 MiB.
2026-10-10T15:41:51Z INFO [274/750] 945c3a1a-d65d-418d-94eb-379a5a9ca27a: 48 datasets; 0.7 s; peak memory 1130 MiB.
2026-10-10T15:41:57Z INFO [275/750] 945c80a3-69f7-40e1-b62d-3cf95e0ed109: 581 datasets; 5.6 s; peak memory 1130 MiB.
2026-10-10T15:41:57Z INFO [276/750] 945c817b-c61e-42ce-af55-721d7ce7f567: 39 datasets; 0.7 s; peak memory 1130 MiB.
2026-10-10T15:41:58Z INFO [277/750] 945d6b62-0c1c-4021-8b11-a4b7bfb49990: 60 datasets; 0.8 s; peak memory 1130 MiB.
2026-10-10T15:41:59Z INFO [278/750] 94600398-bc1c-4bb7-843d-cdb34eb15d4b: 48 datasets; 0.6 s; peak memory 1130 MiB.
2026-10-10T15:42:00Z INFO [279/750] 94606d15-11f3-4bfd-aa3a-9b6576250d6b: 66 datasets; 0.9 s; peak memory 1130 MiB.
2026-10-10T15:42:00Z INFO [280/750] 94607b2d-ed7c-4d2e-9186-fa4ba4377a15: 38 datasets; 0.6 s; peak memory 1130 MiB.
2026-10-10T15:42:33Z INFO [281/750] 9460aa97-def6-4d5c-88bf-5db56876a6f7: 55 datasets; 32.9 s; peak memory 1130 MiB.
2026-10-10T15:42:34Z INFO [282/750] 9460e2ad-53b5-49b5-badb-8d1db70aa9c3: 74 datasets; 0.8 s; peak memory 1130 MiB.
2026-10-10T15:42:36Z INFO [283/750] 946175b8-5733-4090-81b4-69eefa6fe64b: 119 datasets; 1.7 s; peak memory 1130 MiB.
2026-10-10T15:42:39Z INFO [284/750] 94617bb4-092f-4921-bd8a-41289d73f374: 524 datasets; 2.9 s; peak memory 1130 MiB.
2026-10-10T15:42:39Z INFO [285/750] 9461cd41-6e46-4851-92fe-7104c092d34e: 117 datasets; 0.7 s; peak memory 1130 MiB.
2026-10-10T15:42:42Z INFO [286/750] 946230fe-d456-4321-ba2a-b0250152cee1: 454 datasets; 2.8 s; peak memory 1130 MiB.
2026-10-10T15:42:43Z INFO [287/750] 9462b35e-aaa5-412e-8866-a735fca59143: 112 datasets; 1.1 s; peak memory 1130 MiB.
2026-10-10T15:42:44Z INFO [288/750] 94638c6c-55e1-46ad-a41c-57f762a8785a: 110 datasets; 1.2 s; peak memory 1130 MiB.
2026-10-10T15:42:45Z INFO [289/750] 9463fd76-73c7-4175-a5ae-8225ebda5a4b: 48 datasets; 0.6 s; peak memory 1130 MiB.
2026-10-10T15:42:46Z INFO [290/750] 9464ad70-4d2d-492e-ba4c-5e7d099fd437: 119 datasets; 1.2 s; peak memory 1130 MiB.
2026-10-10T15:42:47Z INFO [291/750] 9467b354-a066-4d99-88dc-aa1f514527f9: 48 datasets; 0.8 s; peak memory 1130 MiB.
2026-10-10T15:42:48Z INFO [292/750] 94691cfa-9e75-46bc-b75e-09352c5d331d: 48 datasets; 0.7 s; peak memory 1130 MiB.
2026-10-10T15:42:49Z INFO [293/750] 946998ef-6b24-43e1-b2c8-45c6af86674b: 46 datasets; 1.0 s; peak memory 1130 MiB.
2026-10-10T15:42:49Z INFO [294/750] 9469de4c-4d70-4329-a075-894514e42448: 35 datasets; 0.6 s; peak memory 1130 MiB.
2026-10-10T15:42:50Z INFO [295/750] 9469f4e1-ec96-4ab7-95f4-0c989b18fd12: 51 datasets; 0.8 s; peak memory 1130 MiB.
2026-10-10T15:42:51Z INFO [296/750] 946a5434-283f-40a0-a2ae-986d368d10fc: 112 datasets; 0.9 s; peak memory 1130 MiB.
2026-10-10T15:42:51Z INFO [297/750] 946b4838-1270-4f2a-a76a-d6ef8d9ed449: 52 datasets; 0.5 s; peak memory 1130 MiB.
2026-10-10T15:42:52Z INFO [298/750] 946bc1d7-181b-4d87-8a78-770b7d8a2b87: 118 datasets; 0.8 s; peak memory 1130 MiB.
2026-10-10T15:42:53Z INFO [299/750] 946bd644-f335-442b-ab63-36396f9664da: 93 datasets; 1.1 s; peak memory 1130 MiB.
2026-10-10T15:42:57Z INFO [300/750] 946cbad3-92d5-4dee-9b32-5a41dc7e05c4: 208 datasets; 4.1 s; peak memory 1130 MiB.
2026-10-10T15:42:57Z INFO [300/750] 946cbad3-92d5-4dee-9b32-5a41dc7e05c4: checkpointed 118635 new records.
2026-10-10T15:43:00Z INFO [301/750] 946cfd8b-25b7-4a98-925f-e457115f23e2: 294 datasets; 2.5 s; peak memory 1130 MiB.
2026-10-10T15:43:01Z INFO [302/750] 946d07f2-275a-401a-979a-1f38f2ebdfc2: 53 datasets; 0.9 s; peak memory 1130 MiB.
2026-10-10T15:43:02Z INFO [303/750] 946d26a3-06e4-4383-8b4d-791fcd5d7e8a: 112 datasets; 1.0 s; peak memory 1130 MiB.
2026-10-10T15:43:04Z INFO [304/750] 946d5b79-1348-45df-b33e-90dacb0d3bb9: 80 datasets; 1.7 s; peak memory 1130 MiB.
2026-10-10T15:43:05Z INFO [305/750] 946df562-da9a-4797-a945-f0b89f36afaf: 38 datasets; 1.7 s; peak memory 1130 MiB.
2026-10-10T15:43:06Z INFO [306/750] 946e55c8-55dc-458c-8b85-07f7e166d8ca: 72 datasets; 0.8 s; peak memory 1130 MiB.
2026-10-10T15:43:07Z INFO [307/750] 946f2aa5-bc14-4f42-ade8-995169f0a082: 63 datasets; 0.6 s; peak memory 1130 MiB.
2026-10-10T15:43:08Z INFO [308/750] 946fc90f-451a-407a-bb0b-723f804f6fbb: 110 datasets; 1.0 s; peak memory 1130 MiB.
2026-10-10T15:43:09Z INFO [309/750] 94705252-2f33-4095-bbf0-913521741a7b: 84 datasets; 1.7 s; peak memory 1130 MiB.
2026-10-10T15:43:10Z INFO [310/750] 9472106f-b564-433a-9179-745750dc1a19: 117 datasets; 0.8 s; peak memory 1130 MiB.
2026-10-10T15:43:11Z INFO [311/750] 94724a26-c028-4f15-8cf5-5e67dc413de2: 117 datasets; 0.7 s; peak memory 1130 MiB.
2026-10-10T15:43:12Z INFO [312/750] 94727bba-3226-448c-a06f-3cdccedaefe4: 118 datasets; 0.9 s; peak memory 1130 MiB.
2026-10-10T15:43:13Z INFO [313/750] 94730ba3-efcc-48bf-8ecc-131b8139ddb4: 74 datasets; 0.9 s; peak memory 1130 MiB.
2026-10-10T15:43:13Z INFO [314/750] 947377c4-c5f3-4966-8ea0-7c48771280f0: 112 datasets; 0.8 s; peak memory 1130 MiB.
2026-10-10T15:43:15Z INFO [315/750] 9473813c-bb5e-4c6a-b005-57f48579866e: 156 datasets; 2.0 s; peak memory 1130 MiB.
2026-10-10T15:43:17Z INFO [316/750] 9473b390-e974-4d03-ba8e-54cc235fc934: 112 datasets; 1.2 s; peak memory 1130 MiB.
2026-10-10T15:43:19Z INFO [317/750] 947410f8-068e-4e56-b86b-d6b054c028f2: 158 datasets; 2.0 s; peak memory 1130 MiB.
2026-10-10T15:43:19Z INFO [318/750] 9474a272-9190-4306-940c-9576cdbf4ef6: 46 datasets; 0.5 s; peak memory 1130 MiB.
2026-10-10T15:43:20Z INFO [319/750] 9476d650-7bea-442e-95b5-2f782930eb3e: 48 datasets; 0.7 s; peak memory 1130 MiB.
2026-10-10T15:43:28Z INFO [320/750] 947974b5-5bc0-478b-a669-74963ea977a2: 717 datasets; 8.4 s; peak memory 1130 MiB.
2026-10-10T15:43:29Z INFO [321/750] 9479be2a-efbc-4538-b0a9-33949cd082bf: 39 datasets; 0.7 s; peak memory 1130 MiB.
2026-10-10T15:43:29Z INFO [322/750] 9479ff7c-ba23-4f66-a966-c6880188fbf7: 46 datasets; 0.5 s; peak memory 1130 MiB.
2026-10-10T15:43:31Z INFO [323/750] 947b1564-8853-4c49-a0d7-99e17548e5cf: 182 datasets; 1.8 s; peak memory 1130 MiB.
2026-10-10T15:43:32Z INFO [324/750] 947b2478-7e79-490d-93d5-71c5c6ed3d63: 48 datasets; 0.7 s; peak memory 1130 MiB.
2026-10-10T15:43:33Z INFO [325/750] 947c3499-fc89-4c35-b2fc-839989baf79b: 117 datasets; 0.8 s; peak memory 1130 MiB.
2026-10-10T15:43:34Z INFO [326/750] 947c4eda-eb03-4f9e-9415-a736c94141b3: 115 datasets; 1.6 s; peak memory 1130 MiB.
2026-10-10T15:43:40Z INFO [327/750] 947c5c6e-6665-43b4-8f83-83557b314a0f: 588 datasets; 5.6 s; peak memory 1130 MiB.
2026-10-10T15:43:40Z INFO [328/750] 947deb8f-7814-4cb7-93d9-002dfbfd88cf: 46 datasets; 0.6 s; peak memory 1130 MiB.
2026-10-10T15:43:42Z INFO [329/750] 947e1bde-29fc-460c-92e8-0fab797659aa: 71 datasets; 1.3 s; peak memory 1130 MiB.
2026-10-10T15:43:42Z INFO [330/750] 947e7da7-1821-4479-aa2e-42f73e5bc43a: 38 datasets; 0.6 s; peak memory 1130 MiB.
2026-10-10T15:43:43Z INFO [331/750] 947edcbd-6a80-497f-8947-b095f8a7baa1: 48 datasets; 0.7 s; peak memory 1130 MiB.
2026-10-10T15:43:48Z INFO [332/750] 947f2134-29e2-45a3-b222-8193611ee21f: 534 datasets; 4.5 s; peak memory 1130 MiB.
2026-10-10T15:45:14Z INFO [333/750] 947f31c9-8dc5-4cc5-81ed-d0d12d13ecff: 167 datasets; 86.6 s; peak memory 1130 MiB.
2026-10-10T15:45:16Z INFO [334/750] 947f7843-5d42-4cea-ae61-e1118c19161f: 118 datasets; 1.5 s; peak memory 1130 MiB.
2026-10-10T15:45:16Z INFO [335/750] 947fd19e-cabf-4a85-9ccf-0f218e056eb6: 55 datasets; 0.5 s; peak memory 1130 MiB.
2026-10-10T15:45:17Z INFO [336/750] 94806fce-4d05-42e9-8ba7-a596caa50d3e: 52 datasets; 1.0 s; peak memory 1130 MiB.
2026-10-10T15:45:21Z INFO [337/750] 94808ef2-85f2-4232-a910-2d8e35a26209: 196 datasets; 4.0 s; peak memory 1130 MiB.
2026-10-10T15:45:22Z INFO [338/750] 948104ad-9d66-4fa3-a42e-2e7d7200f2ea: 37 datasets; 0.5 s; peak memory 1130 MiB.
2026-10-10T15:45:23Z INFO [339/750] 9481c523-0d68-401a-8880-bf384b882082: 152 datasets; 1.4 s; peak memory 1130 MiB.
2026-10-10T15:45:25Z INFO [340/750] 94826a50-6ff7-4542-b67c-b421ca1140fd: 115 datasets; 1.6 s; peak memory 1130 MiB.
2026-10-10T15:45:25Z INFO [341/750] 9483d783-3fdb-4caa-ac85-4a5e3635bb5b: 48 datasets; 0.7 s; peak memory 1130 MiB.
2026-10-10T15:45:26Z INFO [342/750] 94841d9f-330f-4ddb-9e78-84ecabb913fd: 46 datasets; 0.5 s; peak memory 1130 MiB.
2026-10-10T15:45:27Z INFO [343/750] 9484baed-6aa5-40f7-aa38-0fa24dbcca90: 48 datasets; 0.7 s; peak memory 1130 MiB.
2026-10-10T15:45:28Z INFO [344/750] 9484edf5-3a33-4d6e-a0cc-7f90b7a7f827: 115 datasets; 1.7 s; peak memory 1130 MiB.
2026-10-10T15:45:30Z INFO [345/750] 9485c03f-9c70-48db-841c-51b8a295bcfa: 90 datasets; 1.8 s; peak memory 1130 MiB.
2026-10-10T15:45:31Z INFO [346/750] 9485cd7d-3146-479f-99e4-831cd54594a0: 54 datasets; 0.5 s; peak memory 1130 MiB.
2026-10-10T15:45:35Z INFO [347/750] 9488702d-c81d-4716-9ba0-2a5e2a8d0a91: 538 datasets; 4.2 s; peak memory 1130 MiB.
2026-10-10T15:46:39Z INFO [348/750] 9488b237-de66-469a-8a6e-639078bfaf7b: 135 datasets; 64.2 s; peak memory 1130 MiB.
2026-10-10T15:46:41Z INFO [349/750] 9489cfd1-4c20-45d0-8647-f5cd6ab8dae6: 156 datasets; 1.9 s; peak memory 1130 MiB.
2026-10-10T15:46:42Z INFO [350/750] 9489d316-341d-43cf-9846-fd1ebbf52de6: 48 datasets; 0.9 s; peak memory 1130 MiB.
2026-10-10T15:46:42Z INFO [350/750] 9489d316-341d-43cf-9846-fd1ebbf52de6: checkpointed 118685 new records.
2026-10-10T15:46:50Z INFO [351/750] 9489ea9d-f341-4bcd-9c37-672ef88b31f4: 846 datasets; 8.2 s; peak memory 1130 MiB.
2026-10-10T15:46:51Z INFO [352/750] 948b824d-dd01-4698-aff9-ef35d45b04ef: 70 datasets; 0.9 s; peak memory 1130 MiB.
2026-10-10T15:46:52Z INFO [353/750] 948bd2b7-d179-4df1-a320-c569175f812a: 50 datasets; 0.7 s; peak memory 1130 MiB.
2026-10-10T15:46:53Z INFO [354/750] 948bdd69-ae6a-4cf1-8d06-884eb7bbe087: 53 datasets; 1.2 s; peak memory 1130 MiB.
2026-10-10T15:46:58Z INFO [355/750] 948e8705-0ada-4349-a046-0b2393bae833: 79 datasets; 4.9 s; peak memory 1130 MiB.
2026-10-10T15:47:10Z INFO [356/750] 948ee93e-794f-406c-827d-f60ed1c5ac7b: 522 datasets; 12.4 s; peak memory 1130 MiB.
2026-10-10T15:47:12Z INFO [357/750] 948f31a3-4f02-4526-9626-976aafb839fa: 112 datasets; 1.0 s; peak memory 1130 MiB.
2026-10-10T15:47:12Z INFO [358/750] 94901e17-d9c2-424c-9d0b-16dbd5007785: 48 datasets; 0.8 s; peak memory 1130 MiB.
2026-10-10T15:47:13Z INFO [359/750] 9490239c-eae6-436e-8b62-a9f434d8c650: 116 datasets; 0.9 s; peak memory 1130 MiB.
2026-10-10T15:47:17Z INFO [360/750] 94907c30-5f6e-4665-a420-cfcf212e3755: 520 datasets; 4.0 s; peak memory 1130 MiB.
2026-10-10T15:47:18Z INFO [361/750] 94908514-bc76-4321-aee4-36919c57eec4: 57 datasets; 0.6 s; peak memory 1130 MiB.
2026-10-10T15:47:18Z INFO [362/750] 9490e7d9-35a8-43fb-b93e-71f0b8545635: 48 datasets; 0.6 s; peak memory 1130 MiB.
2026-10-10T15:47:20Z INFO [363/750] 94911f14-7e12-4c92-b9f3-9034a38d3ac5: 38 datasets; 1.6 s; peak memory 1130 MiB.
2026-10-10T15:47:21Z INFO [364/750] 9491a257-efbc-406b-9317-2dbdcd302750: 74 datasets; 0.6 s; peak memory 1130 MiB.
2026-10-10T15:47:21Z INFO [365/750] 9492c52e-ee14-4779-a2f3-0a19e53fb8df: 48 datasets; 0.7 s; peak memory 1130 MiB.
2026-10-10T15:47:24Z INFO [366/750] 94939733-7748-4c80-a86e-0e549bba2f10: 229 datasets; 2.9 s; peak memory 1130 MiB.
2026-10-10T15:47:25Z INFO [367/750] 9493b8e2-f6c2-49b7-9a67-64ea7e64b73f: 48 datasets; 1.1 s; peak memory 1130 MiB.
2026-10-10T15:47:26Z INFO [368/750] 9493def5-df50-4c05-94d9-c8ce4c9ad0e0: 118 datasets; 0.8 s; peak memory 1130 MiB.
2026-10-10T15:47:49Z INFO [369/750] 94944c71-c9de-4f2e-83b3-62f9a96f3834: 847 datasets; 23.0 s; peak memory 1130 MiB.
2026-10-10T15:47:50Z INFO [370/750] 94949df7-b351-4acb-a49d-c0fee4c117c9: 48 datasets; 0.7 s; peak memory 1130 MiB.
2026-10-10T15:47:51Z INFO [371/750] 9495f39c-16ad-4654-b131-24e9e89490d1: 115 datasets; 1.6 s; peak memory 1130 MiB.
2026-10-10T15:47:55Z INFO [372/750] 94963423-1cad-4f28-b04a-67126c59ee18: 477 datasets; 3.5 s; peak memory 1130 MiB.
2026-10-10T15:47:56Z INFO [373/750] 94965c54-7ceb-4fac-adb0-23b6e29c9503: 48 datasets; 0.7 s; peak memory 1130 MiB.
2026-10-10T15:47:59Z INFO [374/750] 94970bcc-b750-49ba-90ba-9037d616edde: 560 datasets; 3.4 s; peak memory 1130 MiB.
2026-10-10T15:48:05Z INFO [375/750] 949761fb-7a34-42da-8903-e66a18d948c2: 107 datasets; 6.3 s; peak memory 1130 MiB.
2026-10-10T15:48:06Z INFO [376/750] 94981bd8-f6e8-41e2-9725-8e4070b63231: 117 datasets; 0.8 s; peak memory 1130 MiB.
2026-10-10T15:48:07Z INFO [377/750] 9499728b-9944-4a2b-bb92-ea9001f7fa6b: 84 datasets; 0.9 s; peak memory 1130 MiB.
2026-10-10T15:48:08Z INFO [378/750] 9499afc3-a632-463b-89c6-3eca7c412784: 117 datasets; 0.9 s; peak memory 1130 MiB.
2026-10-10T15:48:09Z INFO [379/750] 9499bd8d-23b2-4229-bde0-00ad0be2fd11: 118 datasets; 0.8 s; peak memory 1130 MiB.
2026-10-10T15:48:09Z INFO [380/750] 9499c377-3d27-47f2-9a2c-38514a0ca6f6: 48 datasets; 0.6 s; peak memory 1130 MiB.
2026-10-10T15:48:10Z INFO [381/750] 9499f8c0-8544-436f-bfbc-bb75a10e3d1c: 84 datasets; 0.8 s; peak memory 1130 MiB.
2026-10-10T15:48:12Z INFO [382/750] 949b8c48-4e81-45a2-97bd-d5df9e85d236: 156 datasets; 1.8 s; peak memory 1130 MiB.
2026-10-10T15:48:13Z INFO [383/750] 949c791f-74b1-478d-88da-8af405740679: 92 datasets; 0.8 s; peak memory 1130 MiB.
2026-10-10T15:48:17Z INFO [384/750] 949d3b03-7b98-4c11-868e-87d33703b44e: 600 datasets; 4.0 s; peak memory 1130 MiB.
2026-10-10T15:48:18Z INFO [385/750] 949d6a13-6c82-440f-955c-afe25d4fd3fc: 80 datasets; 1.6 s; peak memory 1130 MiB.
2026-10-10T15:48:20Z INFO [386/750] 949dbe3a-f765-48d0-97c0-e1a4abec6226: 53 datasets; 2.0 s; peak memory 1130 MiB.
2026-10-10T15:48:21Z INFO [387/750] 949e8c89-0b7c-48af-ba3d-eead8fe90354: 117 datasets; 0.8 s; peak memory 1130 MiB.
2026-10-10T15:48:22Z INFO [388/750] 949f1f14-69f0-4817-92a2-ad95657e204e: 48 datasets; 0.7 s; peak memory 1130 MiB.
2026-10-10T15:48:22Z INFO [389/750] 949fb547-860d-4cdb-983a-744446bef2d9: 53 datasets; 0.6 s; peak memory 1130 MiB.
2026-10-10T15:48:23Z INFO [390/750] 94a03cb3-65d9-4d83-b8f8-541038fd60d7: 71 datasets; 1.0 s; peak memory 1130 MiB.
2026-10-10T15:48:29Z INFO [391/750] 94a0af2c-96a2-4a5d-9903-1fba838df917: 858 datasets; 5.7 s; peak memory 1130 MiB.
2026-10-10T15:48:30Z INFO [392/750] 94a0defb-8855-4c2f-b45c-53230cb78e6d: 117 datasets; 0.9 s; peak memory 1130 MiB.
2026-10-10T15:48:31Z INFO [393/750] 94a193f1-1e89-45ae-b23e-b60244d6f81c: 48 datasets; 0.8 s; peak memory 1130 MiB.
2026-10-10T15:48:31Z INFO [394/750] 94a1ddf6-824d-4f20-91a7-45e4b70b869e: 41 datasets; 0.6 s; peak memory 1130 MiB.
2026-10-10T15:48:32Z INFO [395/750] 94a2bdcb-307f-4c65-b3c4-18a20edb47cc: 118 datasets; 1.0 s; peak memory 1130 MiB.
2026-10-10T15:48:33Z INFO [396/750] 94a312eb-14dd-430d-88ac-aa2ce23aeeb2: 118 datasets; 1.1 s; peak memory 1130 MiB.
2026-10-10T15:48:34Z INFO [397/750] 94a3a5bf-7cab-4c8d-9b46-807a8b002cfd: 48 datasets; 0.8 s; peak memory 1130 MiB.
2026-10-10T15:51:15Z INFO [398/750] 94a42c44-82e1-49eb-ba78-404cb792580e: 292 datasets; 161.0 s; peak memory 1130 MiB.
2026-10-10T15:51:27Z INFO [399/750] 94a42e58-4214-4058-93d8-8f4167206b4d: 4915 datasets; 11.9 s; peak memory 1130 MiB.
2026-10-10T15:51:28Z INFO [400/750] 94a4523e-e6d7-4ccd-9792-789a50f02c5f: 76 datasets; 0.8 s; peak memory 1130 MiB.
2026-10-10T15:51:28Z INFO [400/750] 94a4523e-e6d7-4ccd-9792-789a50f02c5f: checkpointed 118735 new records.
2026-10-10T15:51:32Z INFO [401/750] 94a4a424-c263-403d-95a8-852e190a5d87: 200 datasets; 4.0 s; peak memory 1130 MiB.
2026-10-10T15:51:33Z INFO [402/750] 94a4baf0-d5ce-4ee7-8b1a-8f1972d1aa1a: 48 datasets; 0.7 s; peak memory 1130 MiB.
2026-10-10T15:51:34Z INFO [403/750] 94a63fb1-fdc3-4f14-b883-909b6bb51906: 112 datasets; 0.9 s; peak memory 1130 MiB.
2026-10-10T15:51:43Z INFO [404/750] 94a82054-b925-4330-8c0a-b5bb4a207f0f: 49 datasets; 9.2 s; peak memory 1130 MiB.
2026-10-10T15:51:45Z INFO [405/750] 94a82c2b-2198-47bd-bdf2-4e1406c76e9c: 157 datasets; 2.1 s; peak memory 1130 MiB.
2026-10-10T15:51:46Z INFO [406/750] 94a86029-85cb-479c-aa1e-321067055986: 50 datasets; 0.6 s; peak memory 1130 MiB.
2026-10-10T15:51:50Z INFO [407/750] 94a8b165-7435-41f6-9361-0bd79f7fc5e5: 193 datasets; 4.0 s; peak memory 1130 MiB.
2026-10-10T15:51:50Z INFO [408/750] 94a8f77e-f81c-4cd5-be34-a639ca9d1892: 50 datasets; 0.7 s; peak memory 1130 MiB.
2026-10-10T15:51:51Z INFO [409/750] 94a973cc-686e-444e-a1eb-03e847ef91de: 46 datasets; 0.5 s; peak memory 1130 MiB.
2026-10-10T15:51:52Z INFO [410/750] 94a98d02-8342-4502-91fb-ce41bea1df29: 170 datasets; 1.0 s; peak memory 1130 MiB.
2026-10-10T15:51:54Z INFO [411/750] 94aa5e42-b815-463b-a5b6-a7d3874ba833: 101 datasets; 1.8 s; peak memory 1130 MiB.
2026-10-10T15:51:57Z INFO [412/750] 94aa7a9f-adad-49b1-8fa2-b04155b420bd: 538 datasets; 3.2 s; peak memory 1130 MiB.
2026-10-10T15:51:58Z INFO [413/750] 94aca8ad-4542-4172-86f9-f33a1e315496: 38 datasets; 1.4 s; peak memory 1130 MiB.
2026-10-10T15:51:59Z INFO [414/750] 94ade712-1872-4088-b0b4-ca81d3ae6141: 78 datasets; 0.8 s; peak memory 1130 MiB.
2026-10-10T15:52:00Z INFO [415/750] 94aee7aa-abc2-4ee9-b574-6072ec558621: 116 datasets; 0.8 s; peak memory 1130 MiB.
2026-10-10T15:52:01Z INFO [416/750] 94aefcae-2ecb-4395-b04c-0ceec03693f1: 38 datasets; 0.7 s; peak memory 1130 MiB.
2026-10-10T15:52:05Z INFO [417/750] 94aefdb8-885b-4dad-8110-0a6e6f447dc8: 538 datasets; 4.5 s; peak memory 1130 MiB.
2026-10-10T15:52:06Z INFO [418/750] 94af0f82-4df0-4e04-831e-5a0d2b41606b: 48 datasets; 0.6 s; peak memory 1130 MiB.
2026-10-10T15:52:07Z INFO [419/750] 94b03b92-5a6a-497b-b073-301ababb6c36: 77 datasets; 0.8 s; peak memory 1130 MiB.
2026-10-10T15:52:08Z INFO [420/750] 94b03d36-bd1b-4947-ac35-4b6b274636f8: 66 datasets; 1.0 s; peak memory 1130 MiB.
2026-10-10T15:52:08Z INFO [421/750] 94b258ea-6f10-49c0-9c51-8d6a61140122: 33 datasets; 0.5 s; peak memory 1130 MiB.
2026-10-10T15:52:11Z INFO [422/750] 94b302f3-b623-40ae-893d-c922207b1aba: 180 datasets; 2.7 s; peak memory 1130 MiB.
2026-10-10T15:52:11Z INFO [423/750] 94b309b6-20fc-4bad-98c6-eae14ac5073e: 48 datasets; 0.7 s; peak memory 1130 MiB.
2026-10-10T15:52:12Z INFO [424/750] 94b3d798-b706-4da2-b9d6-8301e3cfd60c: 116 datasets; 0.9 s; peak memory 1130 MiB.
2026-10-10T15:52:13Z INFO [425/750] 94b3efb2-a886-44fe-b048-e0fcf749c2ef: 71 datasets; 1.1 s; peak memory 1130 MiB.
2026-10-10T15:52:15Z INFO [426/750] 94b4dc36-a776-4800-8007-4c36d4b427f9: 155 datasets; 1.8 s; peak memory 1130 MiB.
2026-10-10T15:52:16Z INFO [427/750] 94b51a2f-316d-43e5-9a4c-9a0ec8e6ae8f: 78 datasets; 0.8 s; peak memory 1130 MiB.
2026-10-10T15:52:17Z INFO [428/750] 94b54e32-072a-42b1-b2e3-3cbc2e8a02b3: 52 datasets; 0.7 s; peak memory 1130 MiB.
2026-10-10T15:52:19Z INFO [429/750] 94b578f3-a898-4eaa-9616-7ec4d6a7aff9: 156 datasets; 1.9 s; peak memory 1130 MiB.
2026-10-10T15:54:11Z INFO [430/750] 94b75e27-f52a-4152-816a-d967b64a5e68: 18908 datasets; 112.2 s; peak memory 1130 MiB.
2026-10-10T15:54:12Z INFO [431/750] 94b7bf7a-03b6-4e8f-8951-3a5c905faf38: 48 datasets; 0.9 s; peak memory 1130 MiB.
2026-10-10T15:54:13Z INFO [432/750] 94b7d25a-afe0-4980-8e5c-0487d4886063: 66 datasets; 1.2 s; peak memory 1130 MiB.
2026-10-10T15:54:14Z INFO [433/750] 94b873f8-dc1c-4065-9d57-2a164cf32b46: 112 datasets; 0.9 s; peak memory 1130 MiB.
2026-10-10T15:54:14Z INFO [434/750] 94b87810-a239-413c-b2af-a831e84a80de: 46 datasets; 0.5 s; peak memory 1130 MiB.
2026-10-10T15:54:15Z INFO [435/750] 94b8b13a-d187-4488-8b9d-c5dabdbb7fdb: 76 datasets; 1.0 s; peak memory 1130 MiB.
2026-10-10T15:54:40Z INFO [436/750] 94b918ea-fb74-4abc-96b8-1bb5d808aad0: 13238 datasets; 25.1 s; peak memory 1130 MiB.
2026-10-10T15:54:43Z INFO [437/750] 94b9b215-891d-4ab5-8b5c-562a45fd3565: 223 datasets; 2.9 s; peak memory 1130 MiB.
2026-10-10T15:54:44Z INFO [438/750] 94ba7251-cc5d-4df3-85f4-7fcabb494287: 117 datasets; 0.7 s; peak memory 1130 MiB.
2026-10-10T15:54:45Z INFO [439/750] 94bb320b-94e8-4fa3-bc70-09555580019f: 110 datasets; 0.9 s; peak memory 1130 MiB.
2026-10-10T15:54:46Z INFO [440/750] 94bb3ffd-071a-463c-9ffe-4010af4416e2: 52 datasets; 0.7 s; peak memory 1130 MiB.
2026-10-10T15:54:46Z INFO [441/750] 94bbf040-1528-4338-9a70-b4b04eea6877: 117 datasets; 0.7 s; peak memory 1130 MiB.
2026-10-10T15:54:47Z INFO [442/750] 94bc6707-dc13-4392-b21c-a6f27e722b33: 113 datasets; 1.0 s; peak memory 1130 MiB.
2026-10-10T15:54:48Z INFO [443/750] 94bcd296-ff54-46d0-9c66-d1af3e2ce971: 117 datasets; 0.8 s; peak memory 1130 MiB.
2026-10-10T15:54:50Z INFO [444/750] 94be3490-09a7-4dfb-9944-070e5275dd5a: 115 datasets; 1.7 s; peak memory 1130 MiB.
2026-10-10T15:54:52Z INFO [445/750] 94be8462-7741-4ee3-9cc2-72372cc8227e: 382 datasets; 2.1 s; peak memory 1130 MiB.
2026-10-10T15:54:53Z INFO [446/750] 94c16c91-f931-4bab-a430-79c705eaa9db: 116 datasets; 0.8 s; peak memory 1130 MiB.
2026-10-10T15:54:54Z INFO [447/750] 94c17503-488e-4988-859c-88ef197498cb: 66 datasets; 1.1 s; peak memory 1130 MiB.
2026-10-10T15:54:55Z INFO [448/750] 94c19b6f-f02a-4ab0-a630-c1a1c9ea1f58: 70 datasets; 1.0 s; peak memory 1130 MiB.
2026-10-10T15:54:57Z INFO [449/750] 94c2a6ff-c290-4328-b61f-aab3f92990bf: 156 datasets; 1.9 s; peak memory 1130 MiB.
2026-10-10T15:54:57Z INFO [450/750] 94c2cd95-c6be-4c16-98a4-cd9b4662c501: 48 datasets; 0.6 s; peak memory 1130 MiB.
2026-10-10T15:54:58Z INFO [450/750] 94c2cd95-c6be-4c16-98a4-cd9b4662c501: checkpointed 118785 new records.
2026-10-10T15:59:02Z INFO [451/750] 94c2e422-a31a-462b-8b1e-990bdcfa9668: 997 datasets; 243.9 s; peak memory 1130 MiB.
2026-10-10T15:59:03Z INFO [452/750] 94c3ab99-60cb-4d78-a583-c6a2035d6424: 71 datasets; 1.1 s; peak memory 1130 MiB.
2026-10-10T15:59:04Z INFO [453/750] 94c3c677-34d9-4a28-b354-7bb8928d28a7: 64 datasets; 1.0 s; peak memory 1130 MiB.
2026-10-10T15:59:04Z INFO [454/750] 94c3f8e8-bed6-47a5-a3ca-93eb766504d2: 48 datasets; 0.8 s; peak memory 1130 MiB.
2026-10-10T15:59:05Z INFO [455/750] 94c49156-cd76-46c2-9914-e9505583ca60: 48 datasets; 0.7 s; peak memory 1130 MiB.
2026-10-10T15:59:06Z INFO [456/750] 94c4d09c-3a6e-4963-8727-73c9e86373e7: 48 datasets; 0.8 s; peak memory 1130 MiB.
2026-10-10T15:59:07Z INFO [457/750] 94c52925-4710-4460-8b96-2f559e2b1449: 48 datasets; 0.8 s; peak memory 1130 MiB.
2026-10-10T15:59:08Z INFO [458/750] 94c53e63-80e5-4606-b901-01c87b447b37: 144 datasets; 1.3 s; peak memory 1130 MiB.
2026-10-10T15:59:09Z INFO [459/750] 94c544ff-9ba7-431d-872e-a6293a78f447: 69 datasets; 0.9 s; peak memory 1130 MiB.
2026-10-10T15:59:10Z INFO [460/750] 94c5480f-f334-483b-83ee-1b93716acd1d: 117 datasets; 0.9 s; peak memory 1130 MiB.
2026-10-10T15:59:11Z INFO [461/750] 94c78c3d-281a-4e9d-8607-c22e66cb01ea: 48 datasets; 0.8 s; peak memory 1130 MiB.
2026-10-10T15:59:14Z INFO [462/750] 94c7bb8e-939d-4ebb-a794-7a9ff412f95a: 106 datasets; 3.2 s; peak memory 1130 MiB.
2026-10-10T15:59:16Z INFO [463/750] 94c7bba4-e4e5-4864-a4b9-58369022f520: 119 datasets; 1.7 s; peak memory 1130 MiB.
2026-10-10T15:59:16Z INFO [464/750] 94c7e91c-d535-4ced-8597-7e8889f058d1: 72 datasets; 0.7 s; peak memory 1130 MiB.
2026-10-10T15:59:17Z INFO [465/750] 94c863db-103a-4244-ba60-adc105fe4f98: 116 datasets; 0.8 s; peak memory 1130 MiB.
2026-10-10T15:59:17Z INFO [466/750] 94c8f898-4e6c-40b6-b8bb-2636217d99be: 46 datasets; 0.4 s; peak memory 1130 MiB.
2026-10-10T15:59:18Z INFO [467/750] 94ca4d6b-fd9e-42c9-8ece-339ae40b47d5: 112 datasets; 0.9 s; peak memory 1130 MiB.
2026-10-10T15:59:20Z INFO [468/750] 94ca9de6-9887-4c3f-9d34-e6d18491b6f9: 118 datasets; 1.3 s; peak memory 1130 MiB.
2026-10-10T15:59:20Z INFO [469/750] 94cac9c6-1f29-42ee-8948-1885b61af0a7: 48 datasets; 0.7 s; peak memory 1130 MiB.
2026-10-10T15:59:21Z INFO [470/750] 94cadfe8-60d2-4be4-b125-e9bb9eca0a82: 112 datasets; 1.0 s; peak memory 1130 MiB.
2026-10-10T15:59:22Z INFO [471/750] 94cb2041-ff91-4824-b289-b3b9a01b0e75: 38 datasets; 0.7 s; peak memory 1130 MiB.
2026-10-10T15:59:23Z INFO [472/750] 94cce1b1-6bd6-4827-8d5d-cab83979f38b: 48 datasets; 0.6 s; peak memory 1130 MiB.
2026-10-10T15:59:24Z INFO [473/750] 94cd0176-dc8f-4726-a49f-4196af8a137b: 69 datasets; 0.9 s; peak memory 1130 MiB.
2026-10-10T15:59:24Z INFO [474/750] 94cd386e-efa9-4df4-a1e1-daa7f3eff7a0: 110 datasets; 0.9 s; peak memory 1130 MiB.
2026-10-10T16:00:57Z INFO [475/750] 94cd3909-7332-44af-8140-59814ab3b3f0: 261 datasets; 92.9 s; peak memory 1130 MiB.
2026-10-10T16:00:58Z INFO [476/750] 94cdc8e3-d468-44a7-aaf9-d59ec391d0f0: 44 datasets; 0.7 s; peak memory 1130 MiB.
2026-10-10T16:00:59Z INFO [477/750] 94ce2fb9-bc72-44cc-9fb1-37a57c82dce8: 112 datasets; 1.0 s; peak memory 1130 MiB.
2026-10-10T16:01:00Z INFO [478/750] 94ce3c01-ba14-414a-b892-1d3267082126: 116 datasets; 0.9 s; peak memory 1130 MiB.
2026-10-10T16:01:02Z INFO [479/750] 94ce5a02-107f-4e17-92e1-f2ff84886e54: 115 datasets; 1.8 s; peak memory 1130 MiB.
2026-10-10T16:01:03Z INFO [480/750] 94ce7111-95f9-48e6-b2a3-61e654b3cd07: 48 datasets; 0.9 s; peak memory 1130 MiB.
2026-10-10T16:01:04Z INFO [481/750] 94cf6cf7-163b-4b75-8966-aec316657fd6: 66 datasets; 1.6 s; peak memory 1130 MiB.
2026-10-10T16:01:18Z INFO [482/750] 94cf7fa6-bc21-4f01-8fb4-c5e415ec40e4: 48 datasets; 14.0 s; peak memory 1130 MiB.
2026-10-10T16:01:19Z INFO [483/750] 94cfc420-861b-463f-8d0e-0b6fd45319ef: 59 datasets; 1.1 s; peak memory 1130 MiB.
2026-10-10T16:01:20Z INFO [484/750] 94cfd460-b280-4076-afb7-b54a660a92dd: 52 datasets; 0.8 s; peak memory 1130 MiB.
2026-10-10T16:01:29Z INFO [485/750] 94d05a62-9789-41cf-84e7-3ecd4aa03dd9: 453 datasets; 9.2 s; peak memory 1130 MiB.
2026-10-10T16:01:30Z INFO [486/750] 94d0f260-8181-4169-a237-9721434e7cce: 48 datasets; 0.8 s; peak memory 1130 MiB.
2026-10-10T16:01:32Z INFO [487/750] 94d19616-bc01-4f40-8409-13f740f1a1d0: 71 datasets; 1.4 s; peak memory 1130 MiB.
2026-10-10T16:01:33Z INFO [488/750] 94d1b312-5723-4794-bf3c-3cadabeee809: 73 datasets; 1.5 s; peak memory 1130 MiB.
2026-10-10T16:01:34Z INFO [489/750] 94d21f3f-0fad-4d83-96b4-74e723aa6ba4: 56 datasets; 0.6 s; peak memory 1130 MiB.
2026-10-10T16:01:48Z INFO [490/750] 94d22bcb-6fcf-44e3-a767-8bbd8d248329: 48 datasets; 14.8 s; peak memory 1130 MiB.
2026-10-10T16:01:49Z INFO [491/750] 94d27cb1-ef40-4647-b8f3-9401d1085bc0: 21 datasets; 0.6 s; peak memory 1130 MiB.
2026-10-10T16:01:52Z INFO [492/750] 94d298a5-c673-40fe-9e5a-6a4acc800e98: 438 datasets; 3.0 s; peak memory 1130 MiB.
2026-10-10T16:01:58Z INFO [493/750] 94d2c1fe-a6c1-4a2f-b6bb-f783ebdcb935: 718 datasets; 6.1 s; peak memory 1130 MiB.
2026-10-10T16:01:59Z INFO [494/750] 94d3270c-a9e3-4f92-8b61-2aed3db5f9ee: 41 datasets; 0.6 s; peak memory 1130 MiB.
2026-10-10T16:02:00Z INFO [495/750] 94d43145-a38d-4622-b3db-209fcaef0a71: 121 datasets; 0.9 s; peak memory 1130 MiB.
2026-10-10T16:02:00Z INFO [496/750] 94d465eb-84de-4558-a5a9-1a737e2c25ad: 48 datasets; 0.8 s; peak memory 1130 MiB.
2026-10-10T16:02:01Z INFO [497/750] 94d46690-1710-48c6-aaa2-89ab6361e8a6: 48 datasets; 0.7 s; peak memory 1130 MiB.
2026-10-10T16:02:02Z INFO [498/750] 94d4b928-fbc2-4c00-a8c7-1ae50169f5c3: 50 datasets; 0.7 s; peak memory 1130 MiB.
2026-10-10T16:02:03Z INFO [499/750] 94d543cd-dad7-438b-8c98-364b99c2b2da: 118 datasets; 0.8 s; peak memory 1130 MiB.
2026-10-10T16:02:03Z INFO [500/750] 94d54d69-1bc9-49c7-8175-af87b26f7b8e: 48 datasets; 0.6 s; peak memory 1130 MiB.
2026-10-10T16:02:03Z INFO [500/750] 94d54d69-1bc9-49c7-8175-af87b26f7b8e: checkpointed 118835 new records.
2026-10-10T16:02:04Z INFO [501/750] 94d636c2-9fd0-44b0-9571-ead4baba1c34: 50 datasets; 0.8 s; peak memory 1130 MiB.
2026-10-10T16:02:05Z INFO [502/750] 94d67b78-8a2b-490d-8e18-1d7723cffc59: 48 datasets; 0.7 s; peak memory 1130 MiB.
2026-10-10T16:02:06Z INFO [503/750] 94d68982-13b6-4d28-9555-5a214ddb65ce: 70 datasets; 1.2 s; peak memory 1130 MiB.
2026-10-10T16:02:07Z INFO [504/750] 94d68e1a-2c94-4d9a-b97f-e03d0b5577e7: 118 datasets; 0.9 s; peak memory 1130 MiB.
2026-10-10T16:02:11Z INFO [505/750] 94d76fdd-705d-4ec0-9299-079ecb1aef33: 193 datasets; 4.1 s; peak memory 1130 MiB.
2026-10-10T16:03:40Z INFO [506/750] 94d85145-3880-47f0-b4a3-1b576c53ae88: 269 datasets; 88.7 s; peak memory 1130 MiB.
2026-10-10T16:05:50Z INFO [507/750] 94d9a1ed-b23c-4579-ac13-6a3b056d2cff: 28367 datasets; 130.2 s; peak memory 1130 MiB.
2026-10-10T16:05:51Z INFO [508/750] 94d9bea7-548d-4cb3-b1d0-329b54296f6d: 48 datasets; 0.8 s; peak memory 1130 MiB.
2026-10-10T16:05:52Z INFO [509/750] 94da29a3-d8df-467e-8511-b5e81c4b8787: 117 datasets; 1.0 s; peak memory 1130 MiB.
2026-10-10T16:05:53Z INFO [510/750] 94da2c12-e8bb-4ab7-9a31-b8e2abc51f68: 48 datasets; 0.9 s; peak memory 1130 MiB.
2026-10-10T16:05:54Z INFO [511/750] 94daccc3-847e-4cd3-a93a-6dd126cc211a: 123 datasets; 1.6 s; peak memory 1130 MiB.
2026-10-10T16:05:56Z INFO [512/750] 94dc159e-9cd7-4615-8f12-da3765dd547d: 39 datasets; 2.2 s; peak memory 1130 MiB.
2026-10-10T16:06:07Z INFO [513/750] 94dc3a05-e6f1-4065-9d84-1879ce8cbf4d: 2103 datasets; 10.6 s; peak memory 1130 MiB.
2026-10-10T16:06:08Z INFO [514/750] 94dc6ae9-3feb-48e9-a2f5-d67a93dd85c2: 48 datasets; 0.8 s; peak memory 1130 MiB.
2026-10-10T16:06:09Z INFO [515/750] 94dc8f9b-bdf5-406c-bc52-e65d6de339ee: 117 datasets; 0.9 s; peak memory 1130 MiB.
2026-10-10T16:06:09Z INFO [516/750] 94dd72e9-66b3-4c0b-a953-ebd4c97d3006: 117 datasets; 0.7 s; peak memory 1130 MiB.
2026-10-10T16:06:10Z INFO [517/750] 94ddcf78-d7e0-4d04-8d54-485036b8a5e8: 48 datasets; 0.8 s; peak memory 1130 MiB.
2026-10-10T16:06:11Z INFO [518/750] 94de55cd-24ae-45ca-9959-1d77477ecb9e: 56 datasets; 0.6 s; peak memory 1130 MiB.
2026-10-10T16:06:12Z INFO [519/750] 94de6e46-8cb2-4fd3-b00b-34d0fdf03900: 112 datasets; 1.3 s; peak memory 1130 MiB.
2026-10-10T16:06:18Z INFO [520/750] 94df7ec1-a4c4-4f18-b574-c3de26af6c80: 771 datasets; 5.9 s; peak memory 1130 MiB.
2026-10-10T16:06:18Z INFO [521/750] 94e0083e-5c4b-478b-bb15-150aa53458f5: 51 datasets; 0.6 s; peak memory 1130 MiB.
2026-10-10T16:06:19Z INFO [522/750] 94e07a63-fa4d-472b-8bed-9aadd971c7b0: 48 datasets; 0.7 s; peak memory 1130 MiB.
2026-10-10T16:06:20Z INFO [523/750] 94e0a5e3-3b9e-4b8b-b227-6b02e3a9d1a3: 48 datasets; 0.8 s; peak memory 1130 MiB.
2026-10-10T16:06:22Z INFO [524/750] 94e0fa49-88b9-4ad4-ae7b-ac149b4d65d1: 116 datasets; 1.7 s; peak memory 1130 MiB.
2026-10-10T16:06:22Z INFO [525/750] 94e11755-7f7a-4277-9686-52c5df5408db: 21 datasets; 0.6 s; peak memory 1130 MiB.
2026-10-10T16:06:23Z INFO [526/750] 94e17c0a-23af-4cd1-a00f-fe1e3c4a1497: 118 datasets; 0.7 s; peak memory 1130 MiB.
2026-10-10T16:06:24Z INFO [527/750] 94e27315-98fb-42c5-92b4-cdc0e5925450: 54 datasets; 0.5 s; peak memory 1130 MiB.
2026-10-10T16:06:25Z INFO [528/750] 94e2e42d-d827-47ae-8426-8964b19365c5: 66 datasets; 1.0 s; peak memory 1130 MiB.
2026-10-10T16:06:29Z INFO [529/750] 94e44856-b464-4a65-8d8c-3aa5004a30f2: 196 datasets; 4.2 s; peak memory 1130 MiB.
2026-10-10T16:06:30Z INFO [530/750] 94e53fce-8099-4531-ac57-87082be1a65d: 128 datasets; 1.3 s; peak memory 1130 MiB.
2026-10-10T16:06:45Z INFO [531/750] 94e62996-056b-410d-8fb5-d81bc123107a: 995 datasets; 15.3 s; peak memory 1130 MiB.
2026-10-10T16:06:49Z INFO [532/750] 94e642a7-2430-4864-8ed4-07d846a431fe: 196 datasets; 3.8 s; peak memory 1130 MiB.
2026-10-10T16:06:50Z INFO [533/750] 94e7a056-764b-496b-bccd-99ebe4fe6a65: 118 datasets; 0.8 s; peak memory 1130 MiB.
2026-10-10T16:06:51Z INFO [534/750] 94e87872-acc2-42c2-a0c3-6f14dbf70adc: 110 datasets; 1.2 s; peak memory 1130 MiB.
2026-10-10T16:06:52Z INFO [535/750] 94e93bf6-8d3b-483b-8d2b-8a1ff32b3662: 48 datasets; 0.7 s; peak memory 1130 MiB.
2026-10-10T16:06:54Z INFO [536/750] 94e94c9a-0fc5-4c7e-ac2f-035791af47d2: 115 datasets; 1.7 s; peak memory 1130 MiB.
2026-10-10T16:07:02Z INFO [537/750] 94e9b015-ae64-4fc8-8eac-decac1854ad7: 1147 datasets; 8.1 s; peak memory 1130 MiB.
2026-10-10T16:07:02Z INFO [538/750] 94ea410a-3521-4ced-9989-79c2ac9c3db0: 47 datasets; 0.6 s; peak memory 1130 MiB.
2026-10-10T16:07:03Z INFO [539/750] 94ebf854-3a3a-402c-b043-bb0c412f86d0: 48 datasets; 0.7 s; peak memory 1130 MiB.
2026-10-10T16:07:04Z INFO [540/750] 94ec087d-1e95-4149-a16b-5bacd3894089: 48 datasets; 0.8 s; peak memory 1130 MiB.
2026-10-10T16:07:04Z INFO [541/750] 94ed5d03-9af5-4bf8-91c9-4fc0b79226f9: 55 datasets; 0.7 s; peak memory 1130 MiB.
2026-10-10T16:07:09Z INFO [542/750] 94ede5c8-1073-40fc-b66a-eba50dd5dc00: 537 datasets; 4.2 s; peak memory 1130 MiB.
2026-10-10T16:07:10Z INFO [543/750] 94ede837-fe88-4531-b530-c2292c585838: 48 datasets; 0.9 s; peak memory 1130 MiB.
2026-10-10T16:07:14Z INFO [544/750] 94ee7a43-3cee-4448-82ff-060952f2b3f2: 748 datasets; 4.3 s; peak memory 1130 MiB.
2026-10-10T16:07:15Z INFO [545/750] 94eeecfc-c73a-4ae3-8b8b-b0d0a332ff59: 56 datasets; 1.3 s; peak memory 1130 MiB.
2026-10-10T16:07:16Z INFO [546/750] 94ef3d61-0fcc-4989-b1ed-5997ce68cc16: 110 datasets; 0.9 s; peak memory 1130 MiB.
2026-10-10T16:07:17Z INFO [547/750] 94f0dcb3-ea08-4616-988f-aafdf66676be: 38 datasets; 1.4 s; peak memory 1130 MiB.
2026-10-10T16:07:27Z INFO [548/750] 94f14ecb-b89a-451e-9b13-f84566c2b7f7: 1314 datasets; 9.2 s; peak memory 1130 MiB.
2026-10-10T16:07:27Z INFO [549/750] 94f15a8a-d3c3-4081-9e27-05f58b366e97: 84 datasets; 0.7 s; peak memory 1130 MiB.
2026-10-10T16:07:28Z INFO [550/750] 94f16676-052c-4568-86bc-a3ddefbca2f7: 78 datasets; 0.7 s; peak memory 1130 MiB.
2026-10-10T16:07:28Z INFO [550/750] 94f16676-052c-4568-86bc-a3ddefbca2f7: checkpointed 118885 new records.
2026-10-10T16:07:29Z INFO [551/750] 94f19cd9-54f3-44de-b5f3-c3e7fa8d0e87: 48 datasets; 0.7 s; peak memory 1130 MiB.
2026-10-10T16:07:30Z INFO [552/750] 94f1c77d-1982-4588-bf34-95f436582bef: 70 datasets; 1.3 s; peak memory 1130 MiB.
2026-10-10T16:07:31Z INFO [553/750] 94f23311-3303-45da-a2bc-57c0af42d0da: 48 datasets; 0.6 s; peak memory 1130 MiB.
2026-10-10T16:07:32Z INFO [554/750] 94f252c4-475b-4f18-bfeb-f92d1b1ebe5f: 48 datasets; 0.8 s; peak memory 1130 MiB.
2026-10-10T16:07:34Z INFO [555/750] 94f27b44-4966-4419-9ca1-abceabd4ceb5: 38 datasets; 2.6 s; peak memory 1130 MiB.
2026-10-10T16:07:35Z INFO [556/750] 94f2e31e-2b05-43ab-8a64-e6b3cf88e068: 112 datasets; 1.1 s; peak memory 1130 MiB.
2026-10-10T16:07:43Z INFO [557/750] 94f417c7-ddef-4a78-a234-ba2d3e3cd3a9: 62 datasets; 7.4 s; peak memory 1130 MiB.
2026-10-10T16:07:49Z INFO [558/750] 94f4db3b-c609-4441-9601-f64e7db3c52b: 49 datasets; 6.2 s; peak memory 1130 MiB.
2026-10-10T16:07:50Z INFO [559/750] 94f4fcc6-8e6a-4424-bcd1-c06f8c652c68: 117 datasets; 0.8 s; peak memory 1130 MiB.
2026-10-10T16:07:53Z INFO [560/750] 94f5c156-c653-420d-b363-d257ab0d7606: 229 datasets; 3.0 s; peak memory 1130 MiB.
2026-10-10T16:07:54Z INFO [561/750] 94f66d07-ce0a-413d-ae88-3dbeca3fa210: 57 datasets; 0.6 s; peak memory 1130 MiB.
2026-10-10T16:07:54Z INFO [562/750] 94f7d3c1-4a6e-4fa1-9445-25427b023069: 69 datasets; 0.7 s; peak memory 1130 MiB.
2026-10-10T16:07:55Z INFO [563/750] 94f8b6dd-7fd3-4a66-86ad-4ab56a8a67e2: 46 datasets; 0.6 s; peak memory 1130 MiB.
2026-10-10T16:07:57Z INFO [564/750] 94f8ff78-55f9-4ee6-a797-3de2554d4e37: 84 datasets; 2.5 s; peak memory 1130 MiB.
2026-10-10T16:07:58Z INFO [565/750] 94f97ac4-c4ba-48f2-b646-c55370426266: 46 datasets; 0.7 s; peak memory 1130 MiB.
2026-10-10T16:07:59Z INFO [566/750] 94faf689-5116-419e-926d-ea3979519d27: 69 datasets; 0.9 s; peak memory 1130 MiB.
2026-10-10T16:08:00Z INFO [567/750] 94fe09bd-a8c0-410e-a187-fbfea5b0f068: 110 datasets; 1.1 s; peak memory 1130 MiB.
2026-10-10T16:08:01Z INFO [568/750] 94ff97ef-351a-4ed8-925d-9cce418e9df0: 66 datasets; 1.0 s; peak memory 1130 MiB.
2026-10-10T16:09:25Z INFO [569/750] 9500d32a-fb08-444e-8dd1-3c9a80031a57: 7298 datasets; 83.9 s; peak memory 1130 MiB.
2026-10-10T16:09:26Z INFO [570/750] 9501f0c8-786f-47d0-8c42-a71c37552fb0: 117 datasets; 1.0 s; peak memory 1130 MiB.
2026-10-10T16:09:27Z INFO [571/750] 9502a2b8-6fb6-433a-9043-548225f7b7ac: 48 datasets; 0.7 s; peak memory 1130 MiB.
2026-10-10T16:09:27Z INFO [572/750] 9502cb88-dd40-4646-82cf-49d15f81da41: 41 datasets; 0.6 s; peak memory 1130 MiB.
2026-10-10T16:09:28Z INFO [573/750] 9503548b-3b6b-488a-8383-201e48aca323: 62 datasets; 1.1 s; peak memory 1130 MiB.
2026-10-10T16:09:29Z INFO [574/750] 9503781f-8c77-4af0-8403-423854a5695c: 62 datasets; 0.9 s; peak memory 1130 MiB.
2026-10-10T16:09:30Z INFO [575/750] 9503d305-53f3-444b-999f-e1c6943aaa81: 46 datasets; 0.8 s; peak memory 1130 MiB.
2026-10-10T16:09:34Z INFO [576/750] 9503d8cd-9652-4400-aebc-59384a5d9eaa: 592 datasets; 3.8 s; peak memory 1130 MiB.
2026-10-10T16:09:34Z INFO [577/750] 95046993-105d-4836-ae57-52ece94778c7: 48 datasets; 0.6 s; peak memory 1130 MiB.
2026-10-10T16:09:36Z INFO [578/750] 950525ad-b40e-474e-9fac-d0ba661679da: 165 datasets; 1.7 s; peak memory 1130 MiB.
2026-10-10T16:09:37Z INFO [579/750] 95063da2-94fd-4e31-a635-56be36a66fb5: 59 datasets; 1.0 s; peak memory 1130 MiB.
2026-10-10T16:09:39Z INFO [580/750] 950655d8-8d53-4291-a121-7dffbc88faff: 71 datasets; 1.5 s; peak memory 1130 MiB.
2026-10-10T16:09:40Z INFO [581/750] 95068132-3447-4af8-912c-b042c140c0a9: 118 datasets; 1.6 s; peak memory 1130 MiB.
2026-10-10T16:09:41Z INFO [582/750] 9506de9c-f0b6-4cf3-9d8b-4c83a8b5398e: 82 datasets; 0.9 s; peak memory 1130 MiB.
2026-10-10T16:09:42Z INFO [583/750] 95087d94-b3fe-4e98-a1bd-a9e507005629: 117 datasets; 0.9 s; peak memory 1130 MiB.
2026-10-10T16:09:43Z INFO [584/750] 9509c91c-8272-4ca1-aba1-0a5424ebf0c3: 48 datasets; 0.7 s; peak memory 1130 MiB.
2026-10-10T16:09:43Z INFO [585/750] 950bc728-5238-4f78-9ff1-a3d3ea7e3a39: 65 datasets; 0.8 s; peak memory 1130 MiB.
2026-10-10T16:09:44Z INFO [586/750] 950c0f55-9603-4b53-a135-f37287cd0960: 62 datasets; 1.0 s; peak memory 1130 MiB.
2026-10-10T16:09:45Z INFO [587/750] 950c6b87-7ac8-4f51-9acc-e161f5f01788: 33 datasets; 0.6 s; peak memory 1130 MiB.
2026-10-10T16:09:46Z INFO [588/750] 950cb333-d36d-4a35-9ab5-7f3968adfff4: 49 datasets; 0.9 s; peak memory 1130 MiB.
2026-10-10T16:09:47Z INFO [589/750] 950ce8c7-10e4-4df1-8ce5-15eab862327d: 71 datasets; 1.2 s; peak memory 1130 MiB.
2026-10-10T16:09:51Z INFO [590/750] 950d3573-5041-484d-ad49-4062978460fa: 200 datasets; 4.0 s; peak memory 1130 MiB.
2026-10-10T16:09:52Z INFO [591/750] 950d97ea-d2e7-4973-941b-824b1fcf562c: 118 datasets; 0.8 s; peak memory 1130 MiB.
2026-10-10T16:10:03Z INFO [592/750] 950d9c4d-ff05-476f-802f-c417a10dc729: 1320 datasets; 11.6 s; peak memory 1130 MiB.
2026-10-10T16:10:04Z INFO [593/750] 950e21d6-04a4-465b-a249-0e5b12c8394a: 117 datasets; 0.9 s; peak memory 1130 MiB.
2026-10-10T16:10:08Z INFO [594/750] 950ebb9b-6bfb-49b4-b4a8-ea2a8e37585c: 579 datasets; 3.7 s; peak memory 1130 MiB.
2026-10-10T16:10:09Z INFO [595/750] 950efd37-143d-47b5-b9a6-59b417502193: 54 datasets; 0.6 s; peak memory 1130 MiB.
2026-10-10T16:10:09Z INFO [596/750] 950f67d5-c63f-4a47-8272-fe8ccfcd3d02: 68 datasets; 0.9 s; peak memory 1130 MiB.
2026-10-10T16:10:24Z INFO [597/750] 950f8028-65ef-4f44-afd2-df7a90b2d413: 48 datasets; 14.2 s; peak memory 1130 MiB.
2026-10-10T16:10:28Z INFO [598/750] 95110ab1-e6d8-4394-b727-7958849a0200: 208 datasets; 3.8 s; peak memory 1130 MiB.
2026-10-10T16:10:28Z INFO [599/750] 95111eb8-7c68-4bd1-b089-b254d872ee81: 37 datasets; 0.9 s; peak memory 1130 MiB.
2026-10-10T16:10:29Z INFO [600/750] 95114e54-6f52-4303-9ff1-2d46dd4b4447: 46 datasets; 1.1 s; peak memory 1130 MiB.
2026-10-10T16:10:30Z INFO [600/750] 95114e54-6f52-4303-9ff1-2d46dd4b4447: checkpointed 118935 new records.
2026-10-10T16:10:30Z INFO [601/750] 95115f6d-f149-4fba-8d0f-6a28e28aaaee: 50 datasets; 0.7 s; peak memory 1130 MiB.
2026-10-10T16:10:31Z INFO [602/750] 9512d487-a805-43a4-9be8-2a1bbc633631: 48 datasets; 0.7 s; peak memory 1130 MiB.
2026-10-10T16:10:32Z INFO [603/750] 9513951b-2ddf-44ff-a455-981bea8e7058: 117 datasets; 0.9 s; peak memory 1130 MiB.
2026-10-10T16:10:33Z INFO [604/750] 9514993d-7a55-4bd9-b71a-be4a36f0e3c7: 52 datasets; 0.7 s; peak memory 1130 MiB.
2026-10-10T16:10:33Z INFO [605/750] 9515d427-6838-451a-910d-ed1bb484db68: 48 datasets; 0.6 s; peak memory 1130 MiB.
2026-10-10T16:10:34Z INFO [606/750] 9515e2b8-8bb6-45df-be57-b74a89d10333: 48 datasets; 0.7 s; peak memory 1130 MiB.
2026-10-10T16:10:35Z INFO [607/750] 9516746c-ff8a-44cc-ab74-6da41eb9d0f6: 261 datasets; 1.0 s; peak memory 1130 MiB.
2026-10-10T16:10:39Z INFO [608/750] 951680d5-ab94-49a8-9f89-3d033190694f: 229 datasets; 3.6 s; peak memory 1130 MiB.
2026-10-10T16:10:39Z INFO [609/750] 9516aa65-84ff-47d3-8402-de08f4610d8b: 46 datasets; 0.5 s; peak memory 1130 MiB.
2026-10-10T16:10:40Z INFO [610/750] 951739aa-7586-4a6c-ad6b-7c89bbfe4d55: 48 datasets; 0.8 s; peak memory 1130 MiB.
2026-10-10T16:10:43Z INFO [611/750] 95174353-ea86-4801-b6c3-550946d4e7ef: 200 datasets; 3.5 s; peak memory 1130 MiB.
2026-10-10T16:10:44Z INFO [612/750] 95174845-2439-45c4-b2dd-c9f639cec64e: 112 datasets; 0.9 s; peak memory 1130 MiB.
2026-10-10T16:10:52Z INFO [613/750] 9517dbc7-7816-4be9-8913-193c2cdf1d8d: 827 datasets; 7.6 s; peak memory 1130 MiB.
2026-10-10T16:10:54Z INFO [614/750] 95190317-518e-44bd-9347-2f54fcb6d222: 115 datasets; 1.8 s; peak memory 1130 MiB.
2026-10-10T16:10:55Z INFO [615/750] 951979f8-4fad-4518-8a58-a4eeb9faab7c: 112 datasets; 0.9 s; peak memory 1130 MiB.
2026-10-10T16:10:56Z INFO [616/750] 95197e0d-8f9f-4030-88c6-f94115d6d342: 53 datasets; 1.1 s; peak memory 1130 MiB.
2026-10-10T16:10:56Z INFO [617/750] 951a5849-7ad8-46e4-aae0-a70ccfa4610e: 46 datasets; 0.6 s; peak memory 1130 MiB.
2026-10-10T16:10:57Z INFO [618/750] 951ae14c-c64a-4264-acd6-70d7b288527e: 71 datasets; 1.0 s; peak memory 1130 MiB.
2026-10-10T16:10:59Z INFO [619/750] 951b4ed2-8af7-488e-b31f-75ebc73d38ec: 115 datasets; 1.6 s; peak memory 1130 MiB.
2026-10-10T16:11:00Z INFO [620/750] 951dd00b-7eee-470f-899d-c84602cd2fd1: 118 datasets; 0.8 s; peak memory 1130 MiB.
2026-10-10T16:11:00Z INFO [621/750] 951e93fa-0cab-4e1c-8b89-1717451eba2e: 48 datasets; 0.7 s; peak memory 1130 MiB.
2026-10-10T16:12:29Z INFO [622/750] 951e9b00-39bc-4b3c-9d95-1d6fc6673e7e: 449 datasets; 88.5 s; peak memory 1130 MiB.
2026-10-10T16:12:30Z INFO [623/750] 951f20c3-e422-480e-8ace-ca3c3eb8ac0a: 48 datasets; 0.7 s; peak memory 1130 MiB.
2026-10-10T16:12:31Z INFO [624/750] 9520c703-0ec2-4482-85bd-908aea5f6c25: 66 datasets; 1.2 s; peak memory 1130 MiB.
2026-10-10T16:12:39Z INFO [625/750] 9521a32d-ec6f-423f-b7d0-9e15dac1439e: 1230 datasets; 8.7 s; peak memory 1130 MiB.
2026-10-10T16:12:41Z INFO [626/750] 9521e07f-1da2-44b5-a4ff-f88ef00dbfa6: 112 datasets; 1.1 s; peak memory 1130 MiB.
2026-10-10T16:12:42Z INFO [627/750] 95224ff6-5b17-418a-bb54-06dfbba7848e: 138 datasets; 1.8 s; peak memory 1130 MiB.
2026-10-10T16:12:43Z INFO [628/750] 9522e151-75c0-4b92-a1db-7b547db1df7c: 48 datasets; 0.7 s; peak memory 1130 MiB.
2026-10-10T16:12:45Z INFO [629/750] 9523c64e-05d5-4d23-b1f2-ec8a8151c78c: 80 datasets; 1.8 s; peak memory 1130 MiB.
2026-10-10T16:12:45Z INFO [630/750] 95250b70-4338-4276-a287-9912480c8ba6: 35 datasets; 0.6 s; peak memory 1130 MiB.
2026-10-10T16:12:46Z INFO [631/750] 9525bff4-07eb-4ba8-98d3-7bcc57f14aa9: 52 datasets; 0.7 s; peak memory 1130 MiB.
2026-10-10T16:12:47Z INFO [632/750] 9525d3d3-5092-4d45-9b57-2269916f8be1: 66 datasets; 1.1 s; peak memory 1130 MiB.
2026-10-10T16:12:50Z INFO [633/750] 95262c74-6c42-42c4-a90e-18d98888632f: 349 datasets; 2.5 s; peak memory 1130 MiB.
2026-10-10T16:12:51Z INFO [634/750] 9527cf10-3005-4172-85c8-41304803070b: 48 datasets; 0.8 s; peak memory 1130 MiB.
2026-10-10T16:12:51Z INFO [635/750] 9527ff02-38e1-448b-a59b-65292979e077: 56 datasets; 0.6 s; peak memory 1130 MiB.
2026-10-10T16:12:52Z INFO [636/750] 95289d78-2ae1-4345-a3b5-6a8c62116b40: 77 datasets; 0.8 s; peak memory 1130 MiB.
2026-10-10T16:12:53Z INFO [637/750] 95296ad1-5ba6-4f10-9fbf-7e84a6678297: 48 datasets; 0.7 s; peak memory 1130 MiB.
2026-10-10T16:12:54Z INFO [638/750] 952a1fb5-7e66-42d2-9773-3dcb8187ccce: 117 datasets; 0.9 s; peak memory 1130 MiB.
2026-10-10T16:12:54Z INFO [639/750] 952b0fa9-958d-426a-b7c9-b639f63263df: 48 datasets; 0.7 s; peak memory 1130 MiB.
2026-10-10T16:12:55Z INFO [640/750] 952c3373-b258-4420-ba07-f183c990c0c6: 118 datasets; 0.9 s; peak memory 1130 MiB.
2026-10-10T16:13:03Z INFO [641/750] 952c8f15-d0d0-4447-a441-c2e829982d95: 1064 datasets; 8.3 s; peak memory 1130 MiB.
2026-10-10T16:13:04Z INFO [642/750] 952cc094-9be3-48dd-8d16-4e56b71424c7: 52 datasets; 0.6 s; peak memory 1130 MiB.
2026-10-10T16:13:05Z INFO [643/750] 952d228e-114d-442e-925c-326f1332daa4: 70 datasets; 1.3 s; peak memory 1130 MiB.
2026-10-10T16:13:06Z INFO [644/750] 952d56a9-0dd1-493a-9feb-4cf99d44a51d: 71 datasets; 1.1 s; peak memory 1130 MiB.
2026-10-10T16:13:07Z INFO [645/750] 952d5d2d-5b52-4742-9c36-c93c10305a7e: 48 datasets; 0.7 s; peak memory 1130 MiB.
2026-10-10T16:13:08Z INFO [646/750] 952f9042-d7e7-4ccc-88a5-c3d2f65cc598: 53 datasets; 1.1 s; peak memory 1130 MiB.
2026-10-10T16:13:15Z INFO [647/750] 9532312a-d348-4a49-86fa-6d576d2671bb: 756 datasets; 7.2 s; peak memory 1130 MiB.
2026-10-10T16:13:19Z INFO [648/750] 9534f640-735f-4799-9f1a-a307d7596434: 229 datasets; 3.5 s; peak memory 1130 MiB.
2026-10-10T16:13:19Z INFO [649/750] 9535b0de-550a-4df6-86aa-3a8de9b65b7e: 46 datasets; 0.6 s; peak memory 1130 MiB.
2026-10-10T16:13:24Z INFO [650/750] 9535d442-2741-42d5-bb0d-04d605e44dd3: 1619 datasets; 4.6 s; peak memory 1130 MiB.
2026-10-10T16:13:24Z INFO [650/750] 9535d442-2741-42d5-bb0d-04d605e44dd3: checkpointed 118985 new records.
2026-10-10T16:13:25Z INFO [651/750] 95366db9-d4d5-4088-9c46-7572dc1cea71: 66 datasets; 1.1 s; peak memory 1130 MiB.
2026-10-10T16:13:28Z INFO [652/750] 9536985d-f646-41d7-8360-37bf6e0eb353: 50 datasets; 2.3 s; peak memory 1130 MiB.
2026-10-10T16:13:28Z INFO [653/750] 9536d4a2-d4be-4964-96c6-f590368c5005: 48 datasets; 0.7 s; peak memory 1130 MiB.
2026-10-10T16:13:29Z INFO [654/750] 95376ea7-bb59-4336-a0d7-640e835da646: 46 datasets; 0.6 s; peak memory 1130 MiB.
2026-10-10T16:13:30Z INFO [655/750] 9539273a-a64c-4b79-b023-2c9a2277865e: 48 datasets; 0.7 s; peak memory 1130 MiB.
2026-10-10T16:13:30Z INFO [656/750] 9539ce25-2801-43e5-bd8d-a6c6a77d8e68: 48 datasets; 0.7 s; peak memory 1130 MiB.
2026-10-10T16:13:32Z INFO [657/750] 9539f0aa-a6e0-4f50-8347-2a1dec8d720d: 38 datasets; 1.4 s; peak memory 1130 MiB.
2026-10-10T16:13:32Z INFO [658/750] 953ac7ee-420a-4830-adad-5e829fd16f89: 48 datasets; 0.7 s; peak memory 1130 MiB.
2026-10-10T16:13:33Z INFO [659/750] 953b6fce-0f99-4023-995f-82de1ab177ee: 116 datasets; 0.8 s; peak memory 1130 MiB.
2026-10-10T16:13:34Z INFO [660/750] 953b8b61-fa77-4bee-8c3c-7938e022c9c8: 48 datasets; 0.8 s; peak memory 1130 MiB.
2026-10-10T16:13:35Z INFO [661/750] 953cc859-449b-488c-be3f-1309de360422: 117 datasets; 0.8 s; peak memory 1130 MiB.
2026-10-10T16:13:36Z INFO [662/750] 953d78bb-7c88-4161-b08e-cce2c767d476: 68 datasets; 0.8 s; peak memory 1130 MiB.
2026-10-10T16:13:36Z INFO [663/750] 953daf8b-0346-4d63-a106-eee794addb65: 46 datasets; 0.5 s; peak memory 1130 MiB.
2026-10-10T16:13:37Z INFO [664/750] 953e0d99-127b-46fc-a82d-8c02f8d41256: 52 datasets; 0.6 s; peak memory 1130 MiB.
2026-10-10T16:13:37Z INFO [665/750] 953e3a90-56a9-4c0d-af91-4b11479f0cf4: 48 datasets; 0.7 s; peak memory 1130 MiB.
2026-10-10T16:13:38Z INFO [666/750] 953ea70d-66ab-426f-b52d-a002053d10dd: 233 datasets; 1.0 s; peak memory 1130 MiB.
2026-10-10T16:13:39Z INFO [667/750] 953ed7f2-9f57-46b6-814f-41f0f6180ec3: 117 datasets; 0.7 s; peak memory 1130 MiB.
2026-10-10T16:13:40Z INFO [668/750] 953f6386-74a9-4d5f-8ce3-b7e02ae6accf: 52 datasets; 0.7 s; peak memory 1130 MiB.
2026-10-10T16:13:40Z INFO [669/750] 953fce5c-949d-4317-b3e3-62b65b7b0285: 37 datasets; 0.5 s; peak memory 1130 MiB.
2026-10-10T16:13:41Z INFO [670/750] 95408e27-07a9-489d-a68b-e891bcec4170: 35 datasets; 0.6 s; peak memory 1130 MiB.
2026-10-10T16:13:42Z INFO [671/750] 9540cb19-bafe-4b24-8b1d-d9c954dd795e: 112 datasets; 1.0 s; peak memory 1130 MiB.
2026-10-10T16:13:42Z INFO [672/750] 95413cc1-695a-49a3-94b6-03e5645e0a34: 46 datasets; 0.7 s; peak memory 1130 MiB.
2026-10-10T16:13:43Z INFO [673/750] 9541bb7b-5d8b-4869-a7b2-660c840de1c5: 48 datasets; 0.8 s; peak memory 1130 MiB.
2026-10-10T16:14:21Z INFO [674/750] 95420e8a-da4c-411e-a7ef-ad1992536833: 4709 datasets; 37.8 s; peak memory 1130 MiB.
2026-10-10T16:14:22Z INFO [675/750] 9542acce-6fd5-4bfa-ba4b-2d32a908d978: 118 datasets; 0.8 s; peak memory 1130 MiB.
2026-10-10T16:14:23Z INFO [676/750] 9542bc34-3c0e-46cd-a03d-354cede3ddfa: 112 datasets; 1.0 s; peak memory 1130 MiB.
2026-10-10T16:14:24Z INFO [677/750] 9543777d-7101-480b-b99b-11e73912f9f9: 115 datasets; 1.5 s; peak memory 1130 MiB.
2026-10-10T16:14:25Z INFO [678/750] 9543ac74-9888-4a84-a80f-b58cc748fc43: 116 datasets; 0.8 s; peak memory 1130 MiB.
2026-10-10T16:14:26Z INFO [679/750] 9543bebf-a72b-48b0-a45a-fcf0cf4ee23a: 46 datasets; 0.5 s; peak memory 1130 MiB.
2026-10-10T16:14:27Z INFO [680/750] 9544030c-159c-460a-afba-b28796cd2398: 118 datasets; 1.6 s; peak memory 1130 MiB.
2026-10-10T16:17:14Z INFO [681/750] 95443247-3994-4968-81de-b71578652975: 292 datasets; 166.3 s; peak memory 1130 MiB.
2026-10-10T16:17:15Z INFO [682/750] 95461f71-c42f-4f56-b305-81f136c01561: 112 datasets; 0.9 s; peak memory 1130 MiB.
2026-10-10T16:17:19Z INFO [683/750] 95469b42-8022-4620-be3f-f17f70af966e: 256 datasets; 4.4 s; peak memory 1130 MiB.
2026-10-10T16:17:20Z INFO [684/750] 9546b158-85d0-4902-bb23-a5b29879b1fa: 33 datasets; 0.7 s; peak memory 1130 MiB.
2026-10-10T16:17:21Z INFO [685/750] 9546d41b-e05e-4399-83a1-b5c543069f9b: 116 datasets; 1.0 s; peak memory 1130 MiB.
2026-10-10T16:17:21Z INFO [686/750] 9547aa61-cc57-4b16-82e3-43e8f9ffce7d: 48 datasets; 0.7 s; peak memory 1130 MiB.
2026-10-10T16:17:28Z INFO [687/750] 9548b4a6-4a18-48d2-a475-84ae47d4c5cc: 682 datasets; 7.2 s; peak memory 1130 MiB.
2026-10-10T16:17:39Z INFO [688/750] 95495843-9236-42bf-af8d-cf15e4b60497: 723 datasets; 10.1 s; peak memory 1130 MiB.
2026-10-10T16:17:39Z INFO [689/750] 954a15e1-b00d-45bf-a69b-be403acfa6a8: 58 datasets; 0.6 s; peak memory 1130 MiB.
2026-10-10T16:17:40Z INFO [690/750] 954a7508-6929-48af-8d88-26ef0b1146ae: 67 datasets; 1.0 s; peak memory 1130 MiB.
2026-10-10T16:17:41Z INFO [691/750] 954b1e75-cbed-4005-be61-2750113e1141: 52 datasets; 0.7 s; peak memory 1130 MiB.
2026-10-10T16:17:43Z INFO [692/750] 954be1c2-4a87-4e56-9cb1-91775fbcb05d: 156 datasets; 2.0 s; peak memory 1130 MiB.
2026-10-10T16:17:44Z INFO [693/750] 954c0a08-5e55-4dbe-a4a4-3fa0b14211fe: 48 datasets; 0.7 s; peak memory 1130 MiB.
2026-10-10T16:17:44Z INFO [694/750] 954c79ee-ba45-4bb0-a01c-976e0952690c: 46 datasets; 0.5 s; peak memory 1130 MiB.
2026-10-10T16:17:45Z INFO [695/750] 954cae10-66ef-433a-991f-4f363ee43cdf: 66 datasets; 1.2 s; peak memory 1130 MiB.
2026-10-10T16:17:49Z INFO [696/750] 954cbbef-a573-40fa-9c3a-f0247b48a47b: 229 datasets; 3.8 s; peak memory 1130 MiB.
2026-10-10T16:17:53Z INFO [697/750] 954cfd66-4480-45bf-bfd2-4d0d3638ea6b: 538 datasets; 4.0 s; peak memory 1130 MiB.
2026-10-10T16:17:54Z INFO [698/750] 954d59bc-3d90-41c9-b813-b09411f12166: 66 datasets; 1.0 s; peak memory 1130 MiB.
2026-10-10T16:17:55Z INFO [699/750] 954d95c5-f2ef-4539-a78b-ad74da16e244: 112 datasets; 1.0 s; peak memory 1130 MiB.
2026-10-10T16:17:56Z INFO [700/750] 954e0762-9582-4bc2-a08d-d36200e67c8f: 116 datasets; 0.8 s; peak memory 1130 MiB.
2026-10-10T16:17:56Z INFO [700/750] 954e0762-9582-4bc2-a08d-d36200e67c8f: checkpointed 119035 new records.
2026-10-10T16:18:03Z INFO [701/750] 954e1eae-7653-4eb8-a3a1-c940d502645b: 890 datasets; 6.9 s; peak memory 1130 MiB.
2026-10-10T16:18:03Z INFO [702/750] 954e56ef-7112-43ae-a145-35290524c6f8: 52 datasets; 0.5 s; peak memory 1130 MiB.
2026-10-10T16:18:10Z INFO [703/750] 954ebc7a-e623-43fd-b487-6399289aa340: 248 datasets; 7.0 s; peak memory 1130 MiB.
2026-10-10T16:18:11Z INFO [704/750] 954eddfb-f29e-44e5-8b1f-846d70cac2b8: 122 datasets; 0.6 s; peak memory 1130 MiB.
2026-10-10T16:18:12Z INFO [705/750] 954f0e4e-61f1-4ab5-af58-b4eaff615999: 48 datasets; 0.7 s; peak memory 1130 MiB.
2026-10-10T16:18:12Z INFO [706/750] 954f1dea-48e8-4841-a4f0-e5a248ad9be7: 84 datasets; 0.7 s; peak memory 1130 MiB.
2026-10-10T16:18:27Z INFO [707/750] 954f31f2-475c-4ad8-80c0-446c42701af1: 48 datasets; 14.2 s; peak memory 1130 MiB.
2026-10-10T16:18:28Z INFO [708/750] 954f92f8-ecb7-49b3-b059-0c8e0bb5a8a9: 66 datasets; 1.0 s; peak memory 1130 MiB.
2026-10-10T16:18:28Z INFO [709/750] 954fbf4a-a752-402d-9dc4-5eb528a28949: 48 datasets; 0.7 s; peak memory 1130 MiB.
2026-10-10T16:18:29Z INFO [710/750] 95501556-8c5f-43ec-ab55-decb897ce1b4: 48 datasets; 0.7 s; peak memory 1130 MiB.
2026-10-10T16:18:30Z INFO [711/750] 955016fb-290c-43d5-9f24-9a03e8ba1c78: 46 datasets; 0.5 s; peak memory 1130 MiB.
2026-10-10T16:18:44Z INFO [712/750] 955048f4-89e8-4352-8362-008031cf65fe: 48 datasets; 14.3 s; peak memory 1130 MiB.
2026-10-10T16:18:45Z INFO [713/750] 95508ea1-bf88-4073-baab-96f6c972b1d9: 62 datasets; 0.9 s; peak memory 1130 MiB.
2026-10-10T16:18:47Z INFO [714/750] 95512e11-669d-4bb0-9f0d-8cec541ec499: 48 datasets; 2.1 s; peak memory 1130 MiB.
2026-10-10T16:18:48Z INFO [715/750] 95515d02-05e3-4c7e-98a7-d792db9b088b: 115 datasets; 1.6 s; peak memory 1130 MiB.
2026-10-10T16:18:49Z INFO [716/750] 95516832-2395-47d9-8103-16f6ed763259: 64 datasets; 1.0 s; peak memory 1130 MiB.
2026-10-10T16:18:50Z INFO [717/750] 95520830-c86e-46db-9c42-c3b7e54565a1: 48 datasets; 0.6 s; peak memory 1130 MiB.
2026-10-10T16:18:53Z INFO [718/750] 95523856-25bd-4e2b-834d-2929e21a2f6d: 269 datasets; 3.0 s; peak memory 1130 MiB.
2026-10-10T16:18:54Z INFO [719/750] 9554d288-4df3-4008-84df-71c5363ae3f6: 66 datasets; 0.9 s; peak memory 1130 MiB.
2026-10-10T16:18:55Z INFO [720/750] 9555d33a-be8a-4d8f-8b7a-4836f2e56cc9: 112 datasets; 0.9 s; peak memory 1130 MiB.
2026-10-10T16:18:56Z INFO [721/750] 955611c2-d6c0-4143-bb79-66f44ff0cc5a: 52 datasets; 0.8 s; peak memory 1130 MiB.
2026-10-10T16:18:56Z INFO [722/750] 955639df-44ca-4df5-a904-e1e4e868c7e1: 57 datasets; 0.5 s; peak memory 1130 MiB.
2026-10-10T16:18:57Z INFO [723/750] 95563f73-34fa-4bcc-bed8-30f56fa14d9e: 46 datasets; 0.6 s; peak memory 1130 MiB.
2026-10-10T16:19:05Z INFO [724/750] 9556aba4-b5ab-466b-b235-22a20ad5ab0d: 606 datasets; 8.3 s; peak memory 1130 MiB.
2026-10-10T16:19:06Z INFO [725/750] 9556cd43-01ca-4614-b48a-1730f98d52b0: 46 datasets; 0.7 s; peak memory 1130 MiB.
2026-10-10T16:19:50Z INFO [726/750] 9556d010-d726-40c5-8560-4493a07975a6: 58 datasets; 44.7 s; peak memory 1130 MiB.
2026-10-10T16:19:58Z INFO [727/750] 9556fa1d-b519-409e-80ea-5eb8aba84912: 848 datasets; 7.6 s; peak memory 1130 MiB.
2026-10-10T16:19:59Z INFO [728/750] 9557684b-e8a8-4751-807a-fe0b02a64adc: 54 datasets; 0.5 s; peak memory 1130 MiB.
2026-10-10T16:20:00Z INFO [729/750] 9557c416-9fcc-4138-bca8-c7fb3602ccc1: 45 datasets; 1.0 s; peak memory 1130 MiB.
2026-10-10T16:20:09Z INFO [730/750] 9558ca72-696c-40b2-ab1c-05119b4701a5: 835 datasets; 9.4 s; peak memory 1130 MiB.
2026-10-10T16:20:10Z INFO [731/750] 9559b6e3-3cd3-4819-b081-2656f3450d1b: 78 datasets; 1.1 s; peak memory 1130 MiB.
2026-10-10T16:20:11Z INFO [732/750] 955aa185-a509-4bb5-818e-8ad38efc2229: 48 datasets; 0.7 s; peak memory 1130 MiB.
2026-10-10T16:22:38Z INFO [733/750] 955bff4e-0e06-414a-be2f-b1fa97e8bee1: 266 datasets; 147.1 s; peak memory 1130 MiB.
2026-10-10T16:22:39Z INFO [734/750] 955c09a7-40a2-4c77-9010-493fe130663a: 63 datasets; 0.7 s; peak memory 1130 MiB.
2026-10-10T16:22:39Z INFO [735/750] 955cc137-49a6-4103-af46-c2819112e5fc: 46 datasets; 0.7 s; peak memory 1130 MiB.
2026-10-10T16:22:40Z INFO [736/750] 955d9229-9d84-4789-862f-9b3edb12e208: 48 datasets; 0.7 s; peak memory 1130 MiB.
2026-10-10T16:26:39Z INFO [737/750] 955eba0b-07c1-441e-84ec-6ab677c1c65f: 938 datasets; 239.3 s; peak memory 1164 MiB.
2026-10-10T16:26:40Z INFO [738/750] 955ef8ef-8896-41ea-8ffc-7fe5dadf493c: 110 datasets; 1.1 s; peak memory 1164 MiB.
2026-10-10T16:26:48Z INFO [739/750] 955f107f-0eb8-4470-b8fc-ed1088c0b12b: 1167 datasets; 7.6 s; peak memory 1164 MiB.
2026-10-10T16:26:49Z INFO [740/750] 955f1271-1edd-4abd-a5ec-6c8f15fd76e9: 48 datasets; 0.8 s; peak memory 1164 MiB.
2026-10-10T16:26:50Z INFO [741/750] 955f8d72-1700-4761-8727-2bb233e6b1b4: 112 datasets; 1.3 s; peak memory 1164 MiB.
2026-10-10T16:26:51Z INFO [742/750] 955fc505-f6da-471d-8f40-647615063724: 116 datasets; 0.8 s; peak memory 1164 MiB.
2026-10-10T16:26:51Z INFO [743/750] 9560804a-cbe9-4518-880e-07a82f060bac: 39 datasets; 0.6 s; peak memory 1164 MiB.
2026-10-10T16:26:52Z INFO [744/750] 95608f04-29f2-47b0-978c-4328ac6685f6: 48 datasets; 0.6 s; peak memory 1164 MiB.
2026-10-10T16:26:53Z INFO [745/750] 9560b806-bb15-407d-82a2-c35258d190aa: 52 datasets; 0.8 s; peak memory 1164 MiB.
2026-10-10T16:26:54Z INFO [746/750] 9560f73f-3710-4444-946b-75c93fd0d8c6: 48 datasets; 0.7 s; peak memory 1164 MiB.
2026-10-10T16:26:54Z INFO [747/750] 9561ad79-7482-4e67-9bd9-8851133ae85d: 117 datasets; 0.9 s; peak memory 1164 MiB.
2026-10-10T16:26:55Z INFO [748/750] 9561b997-424b-4245-8af5-709cfe44d774: 110 datasets; 0.9 s; peak memory 1164 MiB.
2026-10-10T16:26:56Z INFO [749/750] 95621081-1fa2-433e-a11a-1f4053d08f2c: 170 datasets; 1.1 s; peak memory 1164 MiB.
2026-10-10T16:26:57Z INFO [750/750] 9562112b-28dc-4cc3-8c94-cdda46da445c: 48 datasets; 0.8 s; peak memory 1164 MiB.
2026-10-10T16:26:57Z INFO [750/750] 9562112b-28dc-4cc3-8c94-cdda46da445c: checkpointed 119085 new records.
2026-10-10T16:26:58Z INFO Wrote 119085 records to /tmp/derivatives/valid_nwb_file_to_number_of_datasets.jsonl (750 new, 0 failed) in 84.8 min (peak memory 1164 MiB).
