2026-10-10T20:59:12Z INFO Logging to /tmp/logs/update_2026-10-10T20-59-12Z.log.
2026-10-10T20:59:12Z INFO Update valid-nwb-file-to-number-of-datasets (base directory /tmp).
2026-10-10T20:59:12Z INFO Processing 750 items (121335 already recorded).
2026-10-10T20:59:17Z INFO [1/750] 4f6e3abe-1976-45d6-862c-957be3f0c387: 79 datasets; 5.0 s; peak memory 131 MiB.
2026-10-10T20:59:18Z INFO [2/750] 9a4eb888-2874-49e5-b305-f0cbc68b3689: 117 datasets; 0.9 s; peak memory 131 MiB.
2026-10-10T20:59:19Z INFO [3/750] 9a4ec876-8093-40ac-b06e-249e28360914: 113 datasets; 0.9 s; peak memory 131 MiB.
2026-10-10T20:59:21Z INFO [4/750] 9a4eeaef-bc2b-4ad7-afe2-3f8a97ad7960: 184 datasets; 2.3 s; peak memory 131 MiB.
2026-10-10T20:59:22Z INFO [5/750] 9a4f4944-de6c-4a66-bee0-32337bfdafc0: 112 datasets; 0.7 s; peak memory 132 MiB.
2026-10-10T20:59:23Z INFO [6/750] 9a4f4b35-a413-458b-8fa1-57f04089bfdb: 112 datasets; 0.7 s; peak memory 132 MiB.
2026-10-10T20:59:24Z INFO [7/750] 9a51b709-d29a-4c1c-ae00-56e4e588622f: 70 datasets; 1.3 s; peak memory 132 MiB.
2026-10-10T20:59:25Z INFO [8/750] 9a5212a5-b7fe-4c27-8b9d-e30218df54c8: 48 datasets; 0.6 s; peak memory 132 MiB.
2026-10-10T20:59:39Z INFO [9/750] 9a522def-ba1c-48e2-bfc7-ca22d2d79d14: 48 datasets; 13.8 s; peak memory 147 MiB.
2026-10-10T20:59:40Z INFO [10/750] 9a52808e-5a46-4fd0-a570-2409db60e5dd: 156 datasets; 1.7 s; peak memory 147 MiB.
2026-10-10T20:59:41Z INFO [11/750] 9a52d572-d90b-4fc2-9b1d-40983f38e899: 68 datasets; 0.8 s; peak memory 147 MiB.
2026-10-10T20:59:42Z INFO [12/750] 9a53b3f4-7651-4606-aae0-20a0d0525503: 112 datasets; 0.7 s; peak memory 147 MiB.
2026-10-10T20:59:42Z INFO [13/750] 9a53df59-5c9d-4080-b01a-3eb0a57781b7: 48 datasets; 0.6 s; peak memory 147 MiB.
2026-10-10T20:59:45Z INFO [14/750] 9a544132-0a00-4357-8847-4a143f142e08: 38 datasets; 2.2 s; peak memory 147 MiB.
2026-10-10T20:59:45Z INFO [15/750] 9a545473-4101-4409-9ae6-579d60be8fe7: 110 datasets; 0.6 s; peak memory 147 MiB.
2026-10-10T20:59:51Z INFO [16/750] 9a54bd50-9930-4334-a915-41b1c796c91a: 11477 datasets; 5.6 s; peak memory 256 MiB.
2026-10-10T20:59:51Z INFO [17/750] 9a54ccd5-5fbb-4539-b4fb-3e78826860b0: 31 datasets; 0.5 s; peak memory 256 MiB.
2026-10-10T20:59:52Z INFO [18/750] 9a550a55-aac6-407e-882d-5da52f3962e9: 48 datasets; 0.6 s; peak memory 256 MiB.
2026-10-10T20:59:54Z INFO [19/750] 9a55ec24-c5f4-41fa-af59-19f4f0eadf84: 180 datasets; 2.2 s; peak memory 256 MiB.
2026-10-10T20:59:55Z INFO [20/750] 9a56174a-8352-433f-b26e-8613ba857132: 48 datasets; 0.6 s; peak memory 256 MiB.
2026-10-10T20:59:55Z INFO [21/750] 9a56ba52-cc28-49d7-9271-fae04fed9600: 45 datasets; 0.4 s; peak memory 256 MiB.
2026-10-10T21:01:17Z INFO [22/750] 9a5707d8-c276-4d4f-ae61-f4b02a995f6a: 449 datasets; 81.7 s; peak memory 392 MiB.
2026-10-10T21:01:18Z INFO [23/750] 9a571e03-1f73-44ef-a00f-400efc2d2797: 109 datasets; 0.7 s; peak memory 392 MiB.
2026-10-10T21:01:18Z INFO [24/750] 9a57c20b-01fa-4789-a137-4de714d41d66: 46 datasets; 0.7 s; peak memory 392 MiB.
2026-10-10T21:01:19Z INFO [25/750] 9a58cf59-ec4f-4e8f-be57-730b10863714: 45 datasets; 0.7 s; peak memory 392 MiB.
2026-10-10T21:01:20Z INFO [26/750] 9a59014c-0b5d-40a5-a9b9-18896e333d32: 109 datasets; 0.6 s; peak memory 392 MiB.
2026-10-10T21:01:26Z INFO [27/750] 9a592224-33c4-4261-a03e-10e651fcc1f5: 687 datasets; 6.4 s; peak memory 392 MiB.
2026-10-10T21:01:40Z INFO [28/750] 9a5975b7-ed55-4b33-b2d5-ea7c5fdbe4e9: 48 datasets; 14.0 s; peak memory 392 MiB.
2026-10-10T21:01:41Z INFO [29/750] 9a597a2d-3fed-4842-8c52-0591724dd1c9: 116 datasets; 0.7 s; peak memory 392 MiB.
2026-10-10T21:01:41Z INFO [30/750] 9a598270-d834-402c-812c-76265a6217a3: 48 datasets; 0.6 s; peak memory 392 MiB.
2026-10-10T21:01:42Z INFO [31/750] 9a59998c-2caa-41be-a8db-a32dafd8eb07: 116 datasets; 0.7 s; peak memory 392 MiB.
2026-10-10T21:01:49Z INFO [32/750] 9a59bfbb-afe5-4b18-b57d-3ae5befa449a: 815 datasets; 6.9 s; peak memory 392 MiB.
2026-10-10T21:01:50Z INFO [33/750] 9a5a5fc3-e27a-4cad-949d-a6f6f95f38bb: 112 datasets; 0.8 s; peak memory 392 MiB.
2026-10-10T21:01:51Z INFO [34/750] 9a5c0ddf-e729-4e58-9897-f7b665aee3d3: 51 datasets; 1.6 s; peak memory 392 MiB.
2026-10-10T21:01:52Z INFO [35/750] 9a5d5652-908b-4d88-95b4-d8262a7ede78: 217 datasets; 1.3 s; peak memory 392 MiB.
2026-10-10T21:01:59Z INFO [36/750] 9a5da5b1-6f03-4d9f-91b3-58125d294533: 856 datasets; 6.0 s; peak memory 392 MiB.
2026-10-10T21:01:59Z INFO [37/750] 9a5daeb3-0eb8-4f29-ac10-ea14a1c5dc33: 35 datasets; 0.5 s; peak memory 392 MiB.
2026-10-10T21:01:59Z INFO [38/750] 9a5e7511-1210-475a-b4cb-82368f92431a: 46 datasets; 0.5 s; peak memory 392 MiB.
2026-10-10T21:02:00Z INFO [39/750] 9a5e8a52-df30-41b6-9bf4-88445d120de1: 48 datasets; 0.6 s; peak memory 392 MiB.
2026-10-10T21:02:01Z INFO [40/750] 9a5ff5ad-17d4-40a1-9d3b-8a561f2a5b6b: 112 datasets; 1.1 s; peak memory 392 MiB.
2026-10-10T21:02:02Z INFO [41/750] 9a606832-ff2a-4435-bdcb-cb6d475e195b: 66 datasets; 1.3 s; peak memory 392 MiB.
2026-10-10T21:02:16Z INFO [42/750] 9a60c7e7-9eca-47ca-bb8b-db3014e1c846: 48 datasets; 13.5 s; peak memory 392 MiB.
2026-10-10T21:02:16Z INFO [43/750] 9a613bea-d9a8-4b09-b932-e2c6719cd797: 57 datasets; 0.5 s; peak memory 392 MiB.
2026-10-10T21:02:18Z INFO [44/750] 9a61a3ca-d2e6-4947-bf79-9dbfe81857c5: 90 datasets; 1.5 s; peak memory 392 MiB.
2026-10-10T21:02:19Z INFO [45/750] 9a61de44-bfba-4a21-adc5-381510de579b: 48 datasets; 0.6 s; peak memory 392 MiB.
2026-10-10T21:02:19Z INFO [46/750] 9a625458-731e-467f-ad6f-1b121a5f5379: 48 datasets; 0.5 s; peak memory 392 MiB.
2026-10-10T21:02:20Z INFO [47/750] 9a6261ac-43b3-4915-8577-f7173f68af64: 116 datasets; 0.8 s; peak memory 392 MiB.
2026-10-10T21:02:20Z INFO [48/750] 9a62bb7b-32fa-4156-86c4-d1e396773ca9: 52 datasets; 0.5 s; peak memory 392 MiB.
2026-10-10T21:02:27Z INFO [49/750] 9a62f7c1-a6b5-4210-8d13-2bb01f04c210: 546 datasets; 6.2 s; peak memory 392 MiB.
2026-10-10T21:02:39Z INFO [50/750] 9a63a474-8780-4b87-9278-3e692a2bc0f8: 522 datasets; 12.9 s; peak memory 392 MiB.
2026-10-10T21:02:40Z INFO [50/750] 9a63a474-8780-4b87-9278-3e692a2bc0f8: checkpointed 121385 new records.
2026-10-10T21:02:40Z INFO [51/750] 9a6547bd-adbd-41d1-93c8-9c58641603f3: 48 datasets; 0.6 s; peak memory 392 MiB.
2026-10-10T21:02:41Z INFO [52/750] 9a65968a-9af0-4c58-b13f-174fc66938d4: 53 datasets; 1.0 s; peak memory 392 MiB.
2026-10-10T21:02:43Z INFO [53/750] 9a65e929-b5e2-4ad8-81c5-05d05a953d71: 119 datasets; 1.4 s; peak memory 392 MiB.
2026-10-10T21:02:43Z INFO [54/750] 9a66ad3c-3850-48f4-a89b-142174ba3467: 48 datasets; 0.6 s; peak memory 392 MiB.
2026-10-10T21:02:44Z INFO [55/750] 9a66db36-4917-434f-90a9-8203dfc3744e: 118 datasets; 0.7 s; peak memory 392 MiB.
2026-10-10T21:02:45Z INFO [56/750] 9a672d48-1458-4cc1-a6d1-3683d609c560: 112 datasets; 0.8 s; peak memory 392 MiB.
2026-10-10T21:02:45Z INFO [57/750] 9a676fa5-2e52-42f8-b491-98323e1de03a: 52 datasets; 0.8 s; peak memory 392 MiB.
2026-10-10T21:02:46Z INFO [58/750] 9a685a67-d02b-402e-b5c7-217696723334: 48 datasets; 0.5 s; peak memory 392 MiB.
2026-10-10T21:02:46Z INFO [59/750] 9a6904c8-8a95-4655-a268-53914600e186: 117 datasets; 0.6 s; peak memory 392 MiB.
2026-10-10T21:02:47Z INFO [60/750] 9a691c24-aa18-4639-ba1f-5e5efb8a23fc: 117 datasets; 0.7 s; peak memory 392 MiB.
2026-10-10T21:02:48Z INFO [61/750] 9a693d97-fd45-48d5-83d0-50e12a8be0b8: 116 datasets; 0.8 s; peak memory 392 MiB.
2026-10-10T21:02:49Z INFO [62/750] 9a6950f6-e6ca-4153-a292-7f050f597679: 138 datasets; 1.6 s; peak memory 392 MiB.
2026-10-10T21:02:50Z INFO [63/750] 9a6973a4-b590-4e30-a9fe-8b570fc19f78: 48 datasets; 0.6 s; peak memory 392 MiB.
2026-10-10T21:02:53Z INFO [64/750] 9a69af10-e662-4e03-a253-a3742e936b62: 200 datasets; 2.8 s; peak memory 392 MiB.
2026-10-10T21:02:54Z INFO [65/750] 9a69b495-4cdd-4b54-b737-6574251e0b85: 46 datasets; 0.6 s; peak memory 392 MiB.
2026-10-10T21:02:54Z INFO [66/750] 9a69dbe1-75de-4a5c-9598-184382ce7e0f: 117 datasets; 0.7 s; peak memory 392 MiB.
2026-10-10T21:02:59Z INFO [67/750] 9a6a1b6d-743f-4f30-896e-640a8a67bffd: 720 datasets; 5.1 s; peak memory 392 MiB.
2026-10-10T21:03:00Z INFO [68/750] 9a6a72e8-39f3-4c5c-a707-f60f246ce9ef: 48 datasets; 0.6 s; peak memory 392 MiB.
2026-10-10T21:03:00Z INFO [69/750] 9a6ac2e7-ec30-4aa9-bc0c-fa3495f037b6: 101 datasets; 0.7 s; peak memory 392 MiB.
2026-10-10T21:03:01Z INFO [70/750] 9a6b7c37-9a48-400c-94a1-8f221d7f1433: 110 datasets; 0.7 s; peak memory 392 MiB.
2026-10-10T21:03:02Z INFO [71/750] 9a6bc08d-d49f-4146-9322-e35c58ad3f3a: 112 datasets; 0.7 s; peak memory 392 MiB.
2026-10-10T21:04:35Z INFO [72/750] 9a6c4494-d025-4db6-b15f-f87eded250d8: 414 datasets; 92.7 s; peak memory 417 MiB.
2026-10-10T21:04:35Z INFO [73/750] 9a6d16c6-1653-4918-a16f-712083d27935: 69 datasets; 0.9 s; peak memory 417 MiB.
2026-10-10T21:04:36Z INFO [74/750] 9a6dcc89-fa69-47cc-a712-5915584c179d: 39 datasets; 0.6 s; peak memory 417 MiB.
2026-10-10T21:04:45Z INFO [75/750] 9a6f41b3-b87a-4c6a-872f-dae810b69b5b: 1452 datasets; 9.3 s; peak memory 417 MiB.
2026-10-10T21:04:46Z INFO [76/750] 9a6f80e8-f2d1-4ef6-a68a-af7191b0c4e7: 117 datasets; 0.8 s; peak memory 417 MiB.
2026-10-10T21:04:49Z INFO [77/750] 9a6f92a5-ff62-42a4-b25b-3e8eb52d258a: 364 datasets; 2.4 s; peak memory 417 MiB.
2026-10-10T21:04:49Z INFO [78/750] 9a6fc0b1-47df-4a57-9e99-5a8227654e97: 56 datasets; 0.4 s; peak memory 417 MiB.
2026-10-10T21:04:52Z INFO [79/750] 9a7019e0-fcd7-44f9-945d-2ec83ac3df0c: 216 datasets; 2.9 s; peak memory 417 MiB.
2026-10-10T21:04:55Z INFO [80/750] 9a703317-1459-446f-8a71-415fe005ab47: 736 datasets; 3.5 s; peak memory 417 MiB.
2026-10-10T21:04:56Z INFO [81/750] 9a70aaae-9dde-4562-a36f-a5c033f784ed: 48 datasets; 0.7 s; peak memory 417 MiB.
2026-10-10T21:04:57Z INFO [82/750] 9a71f679-53c3-4f66-9364-7beb30b550ad: 48 datasets; 0.6 s; peak memory 417 MiB.
2026-10-10T21:04:59Z INFO [83/750] 9a726580-7450-4610-8151-9c2a35e664d9: 156 datasets; 1.8 s; peak memory 417 MiB.
2026-10-10T21:04:59Z INFO [84/750] 9a72e855-1379-43b4-a936-c0b0d8c6174f: 48 datasets; 0.7 s; peak memory 417 MiB.
2026-10-10T21:05:04Z INFO [85/750] 9a742bba-5f42-4d97-a65c-062081ae6024: 402 datasets; 5.2 s; peak memory 417 MiB.
2026-10-10T21:05:06Z INFO [86/750] 9a745f28-99a6-4d2c-a4e9-eaca2803e5b9: 114 datasets; 1.6 s; peak memory 417 MiB.
2026-10-10T21:05:10Z INFO [87/750] 9a7504fc-ef97-4e68-a891-5c8f3d3355b0: 538 datasets; 3.6 s; peak memory 417 MiB.
2026-10-10T21:05:11Z INFO [88/750] 9a7571fb-8d22-49e6-a57e-a25925edf29d: 112 datasets; 0.9 s; peak memory 417 MiB.
2026-10-10T21:05:14Z INFO [89/750] 9a76095b-449d-4c8b-965c-e3b830ce8e31: 196 datasets; 3.6 s; peak memory 417 MiB.
2026-10-10T21:05:15Z INFO [90/750] 9a763b11-97ba-4eed-bffa-7c53333d1725: 117 datasets; 0.7 s; peak memory 417 MiB.
2026-10-10T21:05:16Z INFO [91/750] 9a76cbc0-ce8f-44a7-bd3c-be27eeb6085f: 118 datasets; 0.8 s; peak memory 417 MiB.
2026-10-10T21:05:18Z INFO [92/750] 9a77139b-bb54-48e8-867c-a59c9eb0aefc: 84 datasets; 2.0 s; peak memory 417 MiB.
2026-10-10T21:05:19Z INFO [93/750] 9a784c5d-11a3-43ec-b306-a8702c6fb6f0: 62 datasets; 0.9 s; peak memory 417 MiB.
2026-10-10T21:05:19Z INFO [94/750] 9a78536d-ed95-45ec-a3b4-a3fc6dc1a47f: 112 datasets; 0.9 s; peak memory 417 MiB.
2026-10-10T21:05:20Z INFO [95/750] 9a7878d8-b2bc-4ea6-b0e5-d19b18cec3e1: 117 datasets; 0.7 s; peak memory 417 MiB.
2026-10-10T21:05:23Z INFO [96/750] 9a7a5478-ddba-44c3-a6a3-53860257fb5b: 538 datasets; 3.3 s; peak memory 417 MiB.
2026-10-10T21:05:24Z INFO [97/750] 9a7d2d7d-1ece-4edd-a1bd-7ac3f629d6bb: 51 datasets; 0.6 s; peak memory 417 MiB.
2026-10-10T21:05:25Z INFO [98/750] 9a7dc239-0081-4a35-9bca-04b38928cf2a: 117 datasets; 0.6 s; peak memory 417 MiB.
2026-10-10T21:05:35Z INFO [99/750] 9a7e30f9-ad06-4162-93d1-df9ff22c2521: 908 datasets; 10.4 s; peak memory 417 MiB.
2026-10-10T21:05:36Z INFO [100/750] 9a7eadc1-b232-4ee6-a5b2-65ab803d0b41: 110 datasets; 0.8 s; peak memory 417 MiB.
2026-10-10T21:05:36Z INFO [100/750] 9a7eadc1-b232-4ee6-a5b2-65ab803d0b41: checkpointed 121435 new records.
2026-10-10T21:05:37Z INFO [101/750] 9a81c395-ae1a-4e4c-bdb1-97bcb6465cc4: 69 datasets; 1.1 s; peak memory 417 MiB.
2026-10-10T21:05:38Z INFO [102/750] 9a81d9d8-6041-4d99-8d09-d259fec23bc5: 70 datasets; 0.5 s; peak memory 417 MiB.
2026-10-10T21:05:38Z INFO [103/750] 9a82188d-0e89-46bd-9692-ab4c28920914: 38 datasets; 0.5 s; peak memory 417 MiB.
2026-10-10T21:05:39Z INFO [104/750] 9a824224-4c22-4e56-bae1-d6f0aab9ea2f: 39 datasets; 0.7 s; peak memory 417 MiB.
2026-10-10T21:05:44Z INFO [105/750] 9a835967-24c8-476d-9fb7-e9f5d9cf0a9d: 391 datasets; 5.0 s; peak memory 417 MiB.
2026-10-10T21:05:45Z INFO [106/750] 9a8396c6-56d4-4266-9ade-44acfd5b6547: 117 datasets; 0.7 s; peak memory 417 MiB.
2026-10-10T21:05:45Z INFO [107/750] 9a83e482-a797-4f74-92b0-6dba405f966e: 48 datasets; 0.7 s; peak memory 417 MiB.
2026-10-10T21:05:46Z INFO [108/750] 9a840c17-6dc7-4fa7-9155-d7fb5b679804: 110 datasets; 0.9 s; peak memory 417 MiB.
2026-10-10T21:05:48Z INFO [109/750] 9a844d2d-f8e2-40cb-a917-d83e467131f8: 98 datasets; 1.7 s; peak memory 417 MiB.
2026-10-10T21:05:50Z INFO [110/750] 9a84f928-9824-48de-9aac-2c417113b5aa: 574 datasets; 2.4 s; peak memory 417 MiB.
2026-10-10T21:05:52Z INFO [111/750] 9a8570d4-9953-46f8-8187-0a34e89330b7: 53 datasets; 1.3 s; peak memory 417 MiB.
2026-10-10T21:05:52Z INFO [112/750] 9a8685e8-9de3-4e38-a484-d51731966a64: 112 datasets; 0.8 s; peak memory 417 MiB.
2026-10-10T21:05:53Z INFO [113/750] 9a87044b-3bbb-4179-a26d-a38451957c91: 48 datasets; 0.6 s; peak memory 417 MiB.
2026-10-10T21:05:54Z INFO [114/750] 9a873bbf-3e7c-46e5-9786-356b00b0ae4d: 71 datasets; 1.3 s; peak memory 417 MiB.
2026-10-10T21:05:55Z INFO [115/750] 9a87a3d7-0774-4144-917a-e517d353029f: 116 datasets; 0.7 s; peak memory 417 MiB.
2026-10-10T21:05:56Z INFO [116/750] 9a8836fc-dac2-40d0-ab8c-4a4eac7214d3: 115 datasets; 0.9 s; peak memory 417 MiB.
2026-10-10T21:05:57Z INFO [117/750] 9a88c11b-5f4b-47d8-9f40-1c9be506a0db: 153 datasets; 0.9 s; peak memory 417 MiB.
2026-10-10T21:05:57Z INFO [118/750] 9a89532c-360c-4785-a68a-5a420605f259: 117 datasets; 0.7 s; peak memory 417 MiB.
2026-10-10T21:06:10Z INFO [119/750] 9a89b3d2-b7a5-4960-8260-bc9f3e219b96: 48 datasets; 12.4 s; peak memory 417 MiB.
2026-10-10T21:06:10Z INFO [120/750] 9a8a1ee7-39d5-4519-94ff-dc05a00530d1: 48 datasets; 0.7 s; peak memory 417 MiB.
2026-10-10T21:06:11Z INFO [121/750] 9a8a7be6-b6ec-4d6e-98a2-f2a0935a5671: 48 datasets; 0.7 s; peak memory 417 MiB.
2026-10-10T21:06:12Z INFO [122/750] 9a8af08e-c398-4756-8a24-6289cd7a15b9: 117 datasets; 0.7 s; peak memory 417 MiB.
2026-10-10T21:06:12Z INFO [123/750] 9a8be6b3-96ef-48b6-abf5-62d81fc90097: 117 datasets; 0.6 s; peak memory 417 MiB.
2026-10-10T21:17:45Z INFO [124/750] 9a8cab38-138b-4a75-8a23-fe5da425e677: 102 datasets; 692.2 s; peak memory 1207 MiB.
2026-10-10T21:17:45Z INFO [125/750] 9a8d425d-c833-46b3-a6de-b64fe14e105f: 118 datasets; 0.7 s; peak memory 1207 MiB.
2026-10-10T21:17:46Z INFO [126/750] 9a8d7572-064a-4fc8-9964-6728e40d4d58: 48 datasets; 0.6 s; peak memory 1207 MiB.
2026-10-10T21:17:58Z INFO [127/750] 9a8de222-efe2-4850-808e-6af089a227b3: 48 datasets; 11.9 s; peak memory 1207 MiB.
2026-10-10T21:17:59Z INFO [128/750] 9a8e7650-cc45-4e93-978f-9a9e52226aec: 193 datasets; 1.5 s; peak memory 1207 MiB.
2026-10-10T21:18:00Z INFO [129/750] 9a8eba4e-badd-4c41-9292-b67945aa2bcd: 69 datasets; 0.7 s; peak memory 1207 MiB.
2026-10-10T21:18:01Z INFO [130/750] 9a8f6c6a-f674-4ad4-8008-add0364ff7fa: 71 datasets; 1.1 s; peak memory 1207 MiB.
2026-10-10T21:18:02Z INFO [131/750] 9a8fffa9-67e0-4448-a334-25cd347818cb: 46 datasets; 0.9 s; peak memory 1207 MiB.
2026-10-10T21:18:04Z INFO [132/750] 9a904200-52d3-4b39-ac75-c3b66cc42c10: 123 datasets; 1.6 s; peak memory 1207 MiB.
2026-10-10T21:18:04Z INFO [133/750] 9a90d7ae-85e8-48d3-888c-3f0c147f5ec7: 62 datasets; 0.8 s; peak memory 1207 MiB.
2026-10-10T21:18:06Z INFO [134/750] 9a91ee78-ff67-437e-8538-8aacb8079bdc: 78 datasets; 1.1 s; peak memory 1207 MiB.
2026-10-10T21:18:07Z INFO [135/750] 9a927011-82b2-4a5b-915e-9e3f805e4930: 116 datasets; 1.5 s; peak memory 1207 MiB.
2026-10-10T21:18:13Z INFO [136/750] 9a92c582-eafb-4084-a634-719ae2f9bbf8: 866 datasets; 6.4 s; peak memory 1207 MiB.
2026-10-10T21:18:14Z INFO [137/750] 9a947147-8a10-4e64-8713-c35be13a410d: 174 datasets; 0.8 s; peak memory 1207 MiB.
2026-10-10T21:18:16Z INFO [138/750] 9a949c2b-5b65-4e95-ae8e-652bc88978e3: 114 datasets; 1.3 s; peak memory 1207 MiB.
2026-10-10T21:18:18Z INFO [139/750] 9a94a5c9-60de-4702-bbf1-db21fa7bd642: 273 datasets; 2.2 s; peak memory 1207 MiB.
2026-10-10T21:18:18Z INFO [140/750] 9a957e92-646c-44cf-8b86-f2870a43c13a: 48 datasets; 0.6 s; peak memory 1207 MiB.
2026-10-10T21:18:19Z INFO [141/750] 9a977b00-8444-4d7a-abf4-cb4672470d36: 46 datasets; 0.4 s; peak memory 1207 MiB.
2026-10-10T21:18:19Z INFO [142/750] 9a97dcd2-d3a7-4a01-bf0d-5fc7413244c6: 56 datasets; 0.4 s; peak memory 1207 MiB.
2026-10-10T21:18:20Z INFO [143/750] 9a98828e-f1c2-4e9d-b59d-844783b9264a: 118 datasets; 0.6 s; peak memory 1207 MiB.
2026-10-10T21:18:20Z INFO [144/750] 9a98fcc2-a62b-4e54-9faf-298d629e130d: 48 datasets; 0.5 s; peak memory 1207 MiB.
2026-10-10T21:18:21Z INFO [145/750] 9a990185-a707-444f-822a-48c8ffe57f9f: 117 datasets; 0.7 s; peak memory 1207 MiB.
2026-10-10T21:18:21Z INFO [146/750] 9a999ffe-a156-490c-b105-34b37ea2cbb0: 53 datasets; 0.5 s; peak memory 1207 MiB.
2026-10-10T21:18:22Z INFO [147/750] 9a9a5f19-1ecd-4877-9faf-2d63f63d51f9: 48 datasets; 0.6 s; peak memory 1207 MiB.
2026-10-10T21:18:25Z INFO [148/750] 9a9a9dcf-2a62-473c-ad33-610df3892373: 174 datasets; 2.9 s; peak memory 1207 MiB.
2026-10-10T21:18:26Z INFO [149/750] 9a9ae1f7-8232-40ce-9d25-d66b3bfa44b5: 48 datasets; 0.6 s; peak memory 1207 MiB.
2026-10-10T21:18:26Z INFO [150/750] 9a9d7e48-9fe5-464e-b081-09bc657a80b4: 117 datasets; 0.6 s; peak memory 1207 MiB.
2026-10-10T21:18:26Z INFO [150/750] 9a9d7e48-9fe5-464e-b081-09bc657a80b4: checkpointed 121485 new records.
2026-10-10T21:18:38Z INFO [151/750] 9a9db817-db8b-4461-ac09-e57f76046b1f: 1170 datasets; 11.3 s; peak memory 1207 MiB.
2026-10-10T21:18:38Z INFO [152/750] 9a9e3b7c-951e-4e47-b9ab-5dd00117f40a: 118 datasets; 0.6 s; peak memory 1207 MiB.
2026-10-10T21:18:39Z INFO [153/750] 9a9e5ce9-7b42-4fca-a82b-b508f21d7f28: 116 datasets; 0.8 s; peak memory 1207 MiB.
2026-10-10T21:18:40Z INFO [154/750] 9a9e9b8b-542d-4e4b-9a7c-097169c5990b: 48 datasets; 0.6 s; peak memory 1207 MiB.
2026-10-10T21:18:40Z INFO [155/750] 9a9fa36c-3721-4052-9efe-c733b35a6ce7: 48 datasets; 0.5 s; peak memory 1207 MiB.
2026-10-10T21:18:43Z INFO [156/750] 9aa2685f-91cf-46e2-a95b-c7e7d83ac275: 499 datasets; 2.6 s; peak memory 1207 MiB.
2026-10-10T21:18:43Z INFO [157/750] 9aa2961f-631e-49a9-97b9-4d03e81f91c7: 51 datasets; 0.7 s; peak memory 1207 MiB.
2026-10-10T21:18:44Z INFO [158/750] 9aa2cc37-336a-4512-8432-737325d3b800: 46 datasets; 0.4 s; peak memory 1207 MiB.
2026-10-10T21:18:44Z INFO [159/750] 9aa377e3-1546-49d6-9f6a-4e4510a7929b: 117 datasets; 0.5 s; peak memory 1207 MiB.
2026-10-10T21:18:47Z INFO [160/750] 9aa464cf-2905-416a-bd93-38fff1dd9ffb: 514 datasets; 3.1 s; peak memory 1207 MiB.
2026-10-10T21:18:48Z INFO [161/750] 9aa65b85-b279-429b-9905-f708b8f22ac1: 40 datasets; 0.5 s; peak memory 1207 MiB.
2026-10-10T21:18:48Z INFO [162/750] 9aa71fc9-7c66-4ebd-8aa7-1cb6db2083b7: 112 datasets; 0.8 s; peak memory 1207 MiB.
2026-10-10T21:18:49Z INFO [163/750] 9aa83787-adbe-44c9-9980-9f62e75665bb: 108 datasets; 0.7 s; peak memory 1207 MiB.
2026-10-10T21:18:50Z INFO [164/750] 9aa93caa-9a1b-4a23-b6f9-d4f8e58f7a6e: 46 datasets; 0.3 s; peak memory 1207 MiB.
2026-10-10T21:18:50Z INFO [165/750] 9aa947e7-9a87-4b5f-9e10-df8e72db5601: 48 datasets; 0.6 s; peak memory 1207 MiB.
2026-10-10T21:18:51Z INFO [166/750] 9aa9ac9c-fc9a-4b2a-b061-ad1908a5599e: 117 datasets; 0.6 s; peak memory 1207 MiB.
2026-10-10T21:18:52Z INFO [167/750] 9aa9d47a-3930-489e-a430-1cf7583f8bbe: 112 datasets; 1.1 s; peak memory 1207 MiB.
2026-10-10T21:18:53Z INFO [168/750] 9aaa55af-b39a-4dee-ac2c-fb2c4c59e86b: 119 datasets; 1.4 s; peak memory 1207 MiB.
2026-10-10T21:18:54Z INFO [169/750] 9aab7fe0-1dbf-478d-af0b-cc9fdfd2ad65: 71 datasets; 1.0 s; peak memory 1207 MiB.
2026-10-10T21:18:55Z INFO [170/750] 9aac1b0a-5a00-4789-b4f8-7541fef9ee31: 41 datasets; 0.4 s; peak memory 1207 MiB.
2026-10-10T21:19:00Z INFO [171/750] 9aacb1c7-431f-4231-979d-fefd86069049: 945 datasets; 4.9 s; peak memory 1207 MiB.
2026-10-10T21:19:00Z INFO [172/750] 9aacb773-1c34-4cc3-9a4b-d834f9eb1c9a: 45 datasets; 0.4 s; peak memory 1207 MiB.
2026-10-10T21:19:00Z INFO [173/750] 9aacda6d-d631-48cb-8f60-d5c9ae4ed4cc: 38 datasets; 0.4 s; peak memory 1207 MiB.
2026-10-10T21:19:01Z INFO [174/750] 9aad3704-d140-495c-830a-fe9d8c0d8cb6: 112 datasets; 0.7 s; peak memory 1207 MiB.
2026-10-10T21:19:02Z INFO [175/750] 9aad754e-5376-4ada-8899-6be936f85da3: 112 datasets; 0.6 s; peak memory 1207 MiB.
2026-10-10T21:19:02Z INFO [176/750] 9aad88c3-ddf0-4fa3-a2b8-e090a8b1424e: 114 datasets; 0.5 s; peak memory 1207 MiB.
2026-10-10T21:19:03Z INFO [177/750] 9aae4b0a-f07a-4e36-bf67-c2506c05d4f5: 48 datasets; 0.7 s; peak memory 1207 MiB.
2026-10-10T21:19:03Z INFO [178/750] 9aae5feb-0d96-44c0-ba7c-928cbd8c183b: 92 datasets; 0.6 s; peak memory 1207 MiB.
2026-10-10T21:19:04Z INFO [179/750] 9aae8a1d-c5b2-4c05-9bfe-0c84f27b02bd: 261 datasets; 0.7 s; peak memory 1207 MiB.
2026-10-10T21:19:05Z INFO [180/750] 9aaf8036-74fe-4324-b675-8c9a4af2fe7d: 56 datasets; 0.5 s; peak memory 1207 MiB.
2026-10-10T21:19:13Z INFO [181/750] 9ab0e22e-db3e-4ee2-9f5f-6b00398196ce: 41 datasets; 8.4 s; peak memory 1207 MiB.
2026-10-10T21:19:14Z INFO [182/750] 9ab11f80-749f-4053-926c-e186b47ad9a9: 116 datasets; 0.6 s; peak memory 1207 MiB.
2026-10-10T21:19:14Z INFO [183/750] 9ab12a3d-75a3-4115-a4aa-4f892da52ebc: 38 datasets; 0.4 s; peak memory 1207 MiB.
2026-10-10T21:19:15Z INFO [184/750] 9ab172f7-d9f1-4d74-8aef-f630a57851e6: 117 datasets; 0.5 s; peak memory 1207 MiB.
2026-10-10T21:19:15Z INFO [185/750] 9ab1ce70-c0be-407e-91c2-afb62d48de4a: 48 datasets; 0.5 s; peak memory 1207 MiB.
2026-10-10T21:19:22Z INFO [186/750] 9ab24aec-6a2f-4ea3-805e-39bdac204792: 667 datasets; 7.0 s; peak memory 1207 MiB.
2026-10-10T21:19:25Z INFO [187/750] 9ab2c46c-5108-4645-bc04-f582f04d20c3: 672 datasets; 2.9 s; peak memory 1207 MiB.
2026-10-10T21:19:26Z INFO [188/750] 9ab2f637-3c47-4e73-9ecd-b4ac2222cd1f: 48 datasets; 0.6 s; peak memory 1207 MiB.
2026-10-10T21:19:30Z INFO [189/750] 9ab3ac75-cfce-48fa-aa15-903861f10f95: 361 datasets; 4.5 s; peak memory 1207 MiB.
2026-10-10T21:19:31Z INFO [190/750] 9ab42bf4-a96a-4e20-9918-b75dc3d2c071: 46 datasets; 0.6 s; peak memory 1207 MiB.
2026-10-10T21:19:31Z INFO [191/750] 9ab44ab5-3173-4a4e-9159-97bca571bf27: 48 datasets; 0.7 s; peak memory 1207 MiB.
2026-10-10T21:19:32Z INFO [192/750] 9ab59726-d465-46bf-bd42-5d1a1a899034: 112 datasets; 0.9 s; peak memory 1207 MiB.
2026-10-10T21:19:33Z INFO [193/750] 9ab614ae-a10b-4c4a-8696-dbfb57f3b73b: 48 datasets; 0.5 s; peak memory 1207 MiB.
2026-10-10T21:19:34Z INFO [194/750] 9ab6f689-6c08-4b8c-a26e-697a32abb9f9: 112 datasets; 0.8 s; peak memory 1207 MiB.
2026-10-10T21:19:34Z INFO [195/750] 9ab8bb6f-d17b-4e39-b69b-9f4350417ae7: 46 datasets; 0.4 s; peak memory 1207 MiB.
2026-10-10T21:19:36Z INFO [196/750] 9abaaace-0b6a-4a18-b2c9-211b01a36e4f: 133 datasets; 1.6 s; peak memory 1207 MiB.
2026-10-10T21:19:48Z INFO [197/750] 9abb4a36-6b7a-4e52-884c-28d2658a9a42: 48 datasets; 12.3 s; peak memory 1207 MiB.
2026-10-10T21:19:49Z INFO [198/750] 9abd0dbb-f1f1-4e3f-90e1-3a81b2805a85: 80 datasets; 1.2 s; peak memory 1207 MiB.
2026-10-10T21:19:52Z INFO [199/750] 9abd5f85-3d2f-4b81-8819-fcc8f26527ae: 174 datasets; 2.6 s; peak memory 1207 MiB.
2026-10-10T21:19:53Z INFO [200/750] 9abdf221-0aee-4578-9396-f89e0476c3a4: 70 datasets; 1.1 s; peak memory 1207 MiB.
2026-10-10T21:19:53Z INFO [200/750] 9abdf221-0aee-4578-9396-f89e0476c3a4: checkpointed 121535 new records.
2026-10-10T21:19:54Z INFO [201/750] 9abe5f0a-8563-450a-8db3-558fca3e3a45: 112 datasets; 0.9 s; peak memory 1207 MiB.
2026-10-10T21:19:55Z INFO [202/750] 9abe8c84-661f-44cc-ae79-3c03a96c1750: 83 datasets; 0.5 s; peak memory 1207 MiB.
2026-10-10T21:19:56Z INFO [203/750] 9abf4e1a-05e2-4db2-90e8-51f532bde654: 125 datasets; 1.5 s; peak memory 1207 MiB.
2026-10-10T21:19:57Z INFO [204/750] 9abfbb59-5d3f-4fff-8556-87564d69cab5: 48 datasets; 0.5 s; peak memory 1207 MiB.
2026-10-10T21:20:01Z INFO [205/750] 9abff967-5c4b-4b9a-a0c8-f4b136611d88: 542 datasets; 4.5 s; peak memory 1207 MiB.
2026-10-10T21:20:02Z INFO [206/750] 9abfff6c-c6ef-4603-a4a7-02d0f54915d6: 79 datasets; 0.9 s; peak memory 1207 MiB.
2026-10-10T21:20:02Z INFO [207/750] 9ac07619-a539-4635-9935-c44ff274ad11: 48 datasets; 0.5 s; peak memory 1207 MiB.
2026-10-10T21:20:03Z INFO [208/750] 9ac1f176-a089-4e8c-bf1f-a405e5bf374c: 71 datasets; 0.9 s; peak memory 1207 MiB.
2026-10-10T21:20:04Z INFO [209/750] 9ac289dd-0ebf-4307-b41e-8bc8f5917fac: 77 datasets; 0.5 s; peak memory 1207 MiB.
2026-10-10T21:20:04Z INFO [210/750] 9ac2edc7-1eac-4966-bc57-94fd9fdecc0a: 48 datasets; 0.4 s; peak memory 1207 MiB.
2026-10-10T21:24:55Z INFO [211/750] 9ac31037-fe21-4622-9fc1-9b9e601b4325: 177 datasets; 291.1 s; peak memory 1207 MiB.
2026-10-10T21:25:20Z INFO [212/750] 9ac33e32-21d3-447a-817f-7c171144be97: 2401 datasets; 25.1 s; peak memory 1207 MiB.
2026-10-10T21:25:21Z INFO [213/750] 9ac3f12a-8446-4218-831f-caaf6c29249f: 93 datasets; 0.8 s; peak memory 1207 MiB.
2026-10-10T21:25:22Z INFO [214/750] 9ac4925c-2685-44bb-bffd-19f55732b662: 52 datasets; 0.6 s; peak memory 1207 MiB.
2026-10-10T21:25:24Z INFO [215/750] 9ac4bcfc-67c9-4f75-b0b5-417f21a1cdbe: 340 datasets; 2.0 s; peak memory 1207 MiB.
2026-10-10T21:25:24Z INFO [216/750] 9ac50d9b-64b1-43ec-b9ae-1fb54e562162: 112 datasets; 0.8 s; peak memory 1207 MiB.
2026-10-10T21:25:25Z INFO [217/750] 9ac6aae9-fa77-4e7e-b7bd-ebc53239da13: 116 datasets; 0.9 s; peak memory 1207 MiB.
2026-10-10T21:25:26Z INFO [218/750] 9ac6c1a3-e22f-4135-a4cb-d30bdc5650d0: 45 datasets; 0.7 s; peak memory 1207 MiB.
2026-10-10T21:25:55Z INFO [219/750] 9ac78bdb-26af-4426-975e-27088eb32b3b: 106 datasets; 28.7 s; peak memory 1207 MiB.
2026-10-10T21:25:57Z INFO [220/750] 9ac8b961-0a59-4186-a4da-d6b2c5150e42: 433 datasets; 2.3 s; peak memory 1207 MiB.
2026-10-10T21:25:58Z INFO [221/750] 9ac90040-6bb3-4550-b768-49c19d9deb94: 69 datasets; 0.9 s; peak memory 1207 MiB.
2026-10-10T21:26:06Z INFO [222/750] 9aca393e-dc73-4883-af45-845da8885f86: 883 datasets; 8.1 s; peak memory 1207 MiB.
2026-10-10T21:26:12Z INFO [223/750] 9acab4c1-5028-4219-975f-3aa6467fd2fb: 771 datasets; 6.4 s; peak memory 1207 MiB.
2026-10-10T21:26:13Z INFO [224/750] 9acafcd5-7922-4a9f-8630-5a20b8000cdf: 48 datasets; 0.6 s; peak memory 1207 MiB.
2026-10-10T21:26:14Z INFO [225/750] 9acb0c93-e24f-4415-975b-2150e741c63c: 64 datasets; 0.9 s; peak memory 1207 MiB.
2026-10-10T21:26:15Z INFO [226/750] 9acbaad8-0064-4ad7-9b13-5587923042d5: 48 datasets; 0.7 s; peak memory 1207 MiB.
2026-10-10T21:26:15Z INFO [227/750] 9acc18d6-11cd-48c9-9ae9-a06639879c6d: 75 datasets; 0.8 s; peak memory 1207 MiB.
2026-10-10T21:26:16Z INFO [228/750] 9acc2d38-a54e-4c5a-8b10-0e3a81e06fcf: 117 datasets; 0.6 s; peak memory 1207 MiB.
2026-10-10T21:26:17Z INFO [229/750] 9accbc9c-d4c5-422c-8dd5-ad4295c9a86c: 48 datasets; 0.5 s; peak memory 1207 MiB.
2026-10-10T21:26:17Z INFO [230/750] 9accc3b0-40b3-4fc8-974a-42d43198125a: 77 datasets; 0.7 s; peak memory 1207 MiB.
2026-10-10T21:26:18Z INFO [231/750] 9acced4f-6b15-4d8d-bb9d-85d3e4356c00: 48 datasets; 0.6 s; peak memory 1207 MiB.
2026-10-10T21:26:19Z INFO [232/750] 9acdb930-c073-47ad-afef-de60ff52fa60: 117 datasets; 0.8 s; peak memory 1207 MiB.
2026-10-10T21:26:19Z INFO [233/750] 9ace4fdc-9337-417b-a010-f4a2a6a5432a: 46 datasets; 0.3 s; peak memory 1207 MiB.
2026-10-10T21:26:20Z INFO [234/750] 9ace5676-bd94-463d-8c69-d0fa0a45c5e1: 38 datasets; 1.1 s; peak memory 1207 MiB.
2026-10-10T21:26:21Z INFO [235/750] 9ace77d9-dd24-4386-b4de-f2793837eab2: 117 datasets; 0.6 s; peak memory 1207 MiB.
2026-10-10T21:26:21Z INFO [236/750] 9ace9b01-550a-4144-87f8-03938cb2a77c: 48 datasets; 0.6 s; peak memory 1207 MiB.
2026-10-10T21:26:22Z INFO [237/750] 9acfb3a1-2347-4caa-a3a0-187df12ca528: 77 datasets; 0.7 s; peak memory 1207 MiB.
2026-10-10T21:26:23Z INFO [238/750] 9acfc921-0d3f-459d-8810-39d6f8ed3725: 62 datasets; 0.9 s; peak memory 1207 MiB.
2026-10-10T21:26:29Z INFO [239/750] 9ad015bc-6d32-4c3a-8556-345e8f7b79e7: 49 datasets; 5.8 s; peak memory 1207 MiB.
2026-10-10T21:26:29Z INFO [240/750] 9ad01c60-8e47-4205-83ff-944b35ad57ca: 48 datasets; 0.6 s; peak memory 1207 MiB.
2026-10-10T21:26:32Z INFO [241/750] 9ad0e731-0afe-427d-93d7-cded725e4db2: 358 datasets; 2.2 s; peak memory 1207 MiB.
2026-10-10T21:27:09Z INFO [242/750] 9ad14d19-3b6c-4a28-a83b-253f2012a918: 87 datasets; 37.0 s; peak memory 1207 MiB.
2026-10-10T21:27:09Z INFO [243/750] 9ad1638a-7f9c-4bfc-8053-23feac7ce5a4: 50 datasets; 0.6 s; peak memory 1207 MiB.
2026-10-10T21:27:10Z INFO [244/750] 9ad18411-0ee0-4f10-addb-fcae76fe1255: 230 datasets; 0.8 s; peak memory 1207 MiB.
2026-10-10T21:27:11Z INFO [245/750] 9ad1c0cd-d109-4323-9da7-1a877f1db639: 117 datasets; 0.7 s; peak memory 1207 MiB.
2026-10-10T21:27:11Z INFO [246/750] 9ad1ee58-30f1-412e-baab-ab15c97ce9f5: 48 datasets; 0.5 s; peak memory 1207 MiB.
2026-10-10T21:27:12Z INFO [247/750] 9ad26c4b-b77a-47c0-b1bb-12d6c69fda91: 48 datasets; 0.7 s; peak memory 1207 MiB.
2026-10-10T21:27:12Z INFO [248/750] 9ad33fa3-4c3d-4198-9b88-712bba7de198: 117 datasets; 0.6 s; peak memory 1207 MiB.
2026-10-10T21:27:13Z INFO [249/750] 9ad44137-8adf-4605-8346-89b60410e37b: 112 datasets; 0.8 s; peak memory 1207 MiB.
2026-10-10T21:27:14Z INFO [250/750] 9ad4780b-1391-45f9-923e-3556eda96c5c: 57 datasets; 0.4 s; peak memory 1207 MiB.
2026-10-10T21:27:14Z INFO [250/750] 9ad4780b-1391-45f9-923e-3556eda96c5c: checkpointed 121585 new records.
2026-10-10T21:27:14Z INFO [251/750] 9ad5e1f2-7a78-4a6b-910b-8b8d422c1245: 48 datasets; 0.6 s; peak memory 1207 MiB.
2026-10-10T21:27:15Z INFO [252/750] 9ad74ace-2f97-4c13-b4d1-cbc5f2c43fcb: 59 datasets; 0.8 s; peak memory 1207 MiB.
2026-10-10T21:27:16Z INFO [253/750] 9ad79f7b-ba70-4f0a-bfb0-06b34ebe5702: 117 datasets; 0.6 s; peak memory 1207 MiB.
2026-10-10T21:27:19Z INFO [254/750] 9ad7a231-d3fd-4ffb-ac50-f95d577240fb: 430 datasets; 2.6 s; peak memory 1207 MiB.
2026-10-10T21:27:19Z INFO [255/750] 9ad802d5-b95b-462f-80dd-e7833be390b6: 46 datasets; 0.5 s; peak memory 1207 MiB.
2026-10-10T21:27:20Z INFO [256/750] 9ad802dd-c123-4cbe-8d8d-a06d418756aa: 48 datasets; 0.6 s; peak memory 1207 MiB.
2026-10-10T21:27:20Z INFO [257/750] 9ad87a1e-06a9-4e8e-af94-3dcfd96342d8: 48 datasets; 0.6 s; peak memory 1207 MiB.
2026-10-10T21:27:21Z INFO [258/750] 9ad894db-15d0-4fba-a5d7-1dff64b4f57d: 53 datasets; 0.4 s; peak memory 1207 MiB.
2026-10-10T21:27:22Z INFO [259/750] 9ad895db-4c6b-4070-a6a3-99fae975991a: 101 datasets; 0.9 s; peak memory 1207 MiB.
2026-10-10T21:27:22Z INFO [260/750] 9ad8f406-c701-4dfc-9786-6a73aea9e958: 45 datasets; 0.4 s; peak memory 1207 MiB.
2026-10-10T21:27:23Z INFO [261/750] 9ad8fb09-d576-4888-ae69-aacdae660d5b: 52 datasets; 0.7 s; peak memory 1207 MiB.
2026-10-10T21:27:23Z INFO [262/750] 9ad91ee0-0ad7-4be7-8d30-17acc031f0d9: 46 datasets; 0.4 s; peak memory 1207 MiB.
2026-10-10T21:27:24Z INFO [263/750] 9ad9bf43-e065-4408-9fa7-ba6779a3eda8: 48 datasets; 0.6 s; peak memory 1207 MiB.
2026-10-10T21:27:26Z INFO [264/750] 9ad9ef66-8506-4782-a496-65e0d4d127b4: 184 datasets; 2.2 s; peak memory 1207 MiB.
2026-10-10T21:27:26Z INFO [265/750] 9ada12d5-b4c5-4bf6-9992-fc3a5c2b4ad4: 70 datasets; 0.7 s; peak memory 1207 MiB.
2026-10-10T21:27:27Z INFO [266/750] 9ada827a-8a79-4e64-b0f6-da27008fbde7: 48 datasets; 0.7 s; peak memory 1207 MiB.
2026-10-10T21:27:28Z INFO [267/750] 9adbea9e-9f4c-4195-9600-2d5fa910ed8a: 112 datasets; 0.9 s; peak memory 1207 MiB.
2026-10-10T21:27:29Z INFO [268/750] 9adc5bd7-a752-4cef-a5cf-e457b835e32a: 48 datasets; 0.5 s; peak memory 1207 MiB.
2026-10-10T21:28:28Z INFO [269/750] 9adc6ba2-311d-48d6-8771-bee1ec0de0fa: 5606 datasets; 59.5 s; peak memory 1207 MiB.
2026-10-10T21:28:29Z INFO [270/750] 9adc95af-fc4c-4eeb-ac0f-83106f30eeaf: 48 datasets; 0.6 s; peak memory 1207 MiB.
2026-10-10T21:28:29Z INFO [271/750] 9adcd790-2ff6-4cc3-a42a-6be1f62343fa: 46 datasets; 0.4 s; peak memory 1207 MiB.
2026-10-10T21:28:30Z INFO [272/750] 9ade648f-5926-447c-b157-8487bfd6a49a: 72 datasets; 0.8 s; peak memory 1207 MiB.
2026-10-10T21:28:31Z INFO [273/750] 9ade8cb1-5098-4f97-b73e-450b33d19763: 112 datasets; 1.0 s; peak memory 1207 MiB.
2026-10-10T21:28:33Z INFO [274/750] 9adea37b-0454-4b00-81d3-0801ba0b8837: 153 datasets; 1.7 s; peak memory 1207 MiB.
2026-10-10T21:28:33Z INFO [275/750] 9adef8dc-8456-402a-9951-c9fb2b67496c: 70 datasets; 0.7 s; peak memory 1207 MiB.
2026-10-10T21:28:34Z INFO [276/750] 9adf678c-bb15-4d1b-8c75-232af11f3e68: 48 datasets; 0.7 s; peak memory 1207 MiB.
2026-10-10T21:28:34Z INFO [277/750] 9adfc2f7-91f8-4a25-8eab-f696e9689110: 48 datasets; 0.5 s; peak memory 1207 MiB.
2026-10-10T21:28:35Z INFO [278/750] 9ae0bd10-ea09-4793-bd86-9fe71aeae211: 116 datasets; 0.8 s; peak memory 1207 MiB.
2026-10-10T21:28:36Z INFO [279/750] 9ae0cbb3-8184-4c43-b734-26fdfaf054c7: 116 datasets; 0.7 s; peak memory 1207 MiB.
2026-10-10T21:28:37Z INFO [280/750] 9ae14aff-18eb-4fa6-b02a-8a39023c63fb: 112 datasets; 1.1 s; peak memory 1207 MiB.
2026-10-10T21:28:38Z INFO [281/750] 9ae37600-2cc9-4aa2-875b-e16ded5b22c7: 48 datasets; 0.5 s; peak memory 1207 MiB.
2026-10-10T21:28:38Z INFO [282/750] 9ae4081e-4838-4a2d-aa05-5b46edf92b8c: 48 datasets; 0.6 s; peak memory 1207 MiB.
2026-10-10T21:28:39Z INFO [283/750] 9ae4135d-6d85-4ac3-8892-abac09a38d95: 116 datasets; 0.7 s; peak memory 1207 MiB.
2026-10-10T21:28:39Z INFO [284/750] 9ae496c4-8017-4f38-9686-4c50f8f4729d: 49 datasets; 0.4 s; peak memory 1207 MiB.
2026-10-10T21:28:41Z INFO [285/750] 9ae4ba09-833d-473a-aac4-e40ef4f4cd35: 90 datasets; 1.5 s; peak memory 1207 MiB.
2026-10-10T21:28:44Z INFO [286/750] 9ae5ca14-ef05-4942-87a6-b560377522d5: 106 datasets; 3.4 s; peak memory 1207 MiB.
2026-10-10T21:28:45Z INFO [287/750] 9ae6b730-05be-4aaf-856c-aa69abd0c597: 48 datasets; 0.6 s; peak memory 1207 MiB.
2026-10-10T21:28:45Z INFO [288/750] 9ae81b6c-3ec0-4b38-8bc1-7135de751f3a: 48 datasets; 0.6 s; peak memory 1207 MiB.
2026-10-10T21:28:52Z INFO [289/750] 9ae83761-5a65-44d6-ab70-ac2145010c8a: 795 datasets; 6.7 s; peak memory 1207 MiB.
2026-10-10T21:28:53Z INFO [290/750] 9ae899bd-4dff-4f7f-b5a9-fbe4760c33c0: 118 datasets; 0.6 s; peak memory 1207 MiB.
2026-10-10T21:28:53Z INFO [291/750] 9ae8b28e-aa46-43f5-a215-1e618f45ce97: 117 datasets; 0.6 s; peak memory 1207 MiB.
2026-10-10T21:28:54Z INFO [292/750] 9ae8fef4-4e84-4940-97ed-69fbac292e6f: 48 datasets; 0.5 s; peak memory 1207 MiB.
2026-10-10T21:28:58Z INFO [293/750] 9aeaff54-17c9-4d20-89fb-f40108dc97ec: 312 datasets; 3.9 s; peak memory 1207 MiB.
2026-10-10T21:28:59Z INFO [294/750] 9aeb7198-ad47-4a65-9d10-6289a93af508: 69 datasets; 0.8 s; peak memory 1207 MiB.
2026-10-10T21:28:59Z INFO [295/750] 9aec1bed-472a-4683-8d9a-ce2b62c4862d: 53 datasets; 0.5 s; peak memory 1207 MiB.
2026-10-10T21:29:00Z INFO [296/750] 9aec35de-f0d0-44ba-84c6-e6fc55821539: 46 datasets; 0.5 s; peak memory 1207 MiB.
2026-10-10T21:29:00Z INFO [297/750] 9aec56d2-dcc4-4804-8bf4-064fafe322ee: 48 datasets; 0.7 s; peak memory 1207 MiB.
2026-10-10T21:29:04Z INFO [298/750] 9aecac5d-8802-4bca-8484-b2dd34f24a8b: 152 datasets; 3.6 s; peak memory 1207 MiB.
2026-10-10T21:29:11Z INFO [299/750] 9aed334d-fd93-41c5-9df5-170213246296: 832 datasets; 6.6 s; peak memory 1207 MiB.
2026-10-10T21:29:12Z INFO [300/750] 9aed37c4-cc2e-4fd5-845c-6c352d0260a6: 152 datasets; 1.1 s; peak memory 1207 MiB.
2026-10-10T21:29:12Z INFO [300/750] 9aed37c4-cc2e-4fd5-845c-6c352d0260a6: checkpointed 121635 new records.
2026-10-10T21:29:13Z INFO [301/750] 9aed7c6a-e9e0-48e2-9c99-9184bb2cdb42: 66 datasets; 0.9 s; peak memory 1207 MiB.
2026-10-10T21:29:14Z INFO [302/750] 9aed7d30-d9e5-40cc-840e-502cc319aa4c: 112 datasets; 1.0 s; peak memory 1207 MiB.
2026-10-10T21:29:14Z INFO [303/750] 9aee13ee-ee9c-4663-b33e-41d475b05e32: 41 datasets; 0.5 s; peak memory 1207 MiB.
2026-10-10T21:29:45Z INFO [304/750] 9aee338a-c71a-4c69-a616-6c7dec220263: 8692 datasets; 31.1 s; peak memory 1207 MiB.
2026-10-10T21:29:46Z INFO [305/750] 9aeecb61-11ac-4fbe-8d8d-8389ecff4689: 48 datasets; 0.7 s; peak memory 1207 MiB.
2026-10-10T21:29:51Z INFO [306/750] 9aeeeb13-7135-4a28-8c77-1990d9f21875: 503 datasets; 5.2 s; peak memory 1207 MiB.
2026-10-10T21:29:52Z INFO [307/750] 9aef5b67-5428-483f-b1af-85a902e964ba: 118 datasets; 0.8 s; peak memory 1207 MiB.
2026-10-10T21:30:00Z INFO [308/750] 9aef6374-c020-4e28-9156-a6f6b7c52af9: 791 datasets; 8.0 s; peak memory 1207 MiB.
2026-10-10T21:30:00Z INFO [309/750] 9aef74e3-7d86-4d7f-9a1c-138b102d9b68: 39 datasets; 0.7 s; peak memory 1207 MiB.
2026-10-10T21:30:01Z INFO [310/750] 9aefe2fc-d0bb-4b15-9211-93393e5c46d2: 45 datasets; 0.6 s; peak memory 1207 MiB.
2026-10-10T21:30:01Z INFO [311/750] 9af0d879-3b21-46af-b117-e79cf0c582d9: 47 datasets; 0.5 s; peak memory 1207 MiB.
2026-10-10T21:30:03Z INFO [312/750] 9af1d726-ff8c-41bb-bebe-ea625b69a314: 80 datasets; 1.7 s; peak memory 1207 MiB.
2026-10-10T21:30:04Z INFO [313/750] 9af22fe3-f1ad-443a-be0b-f8d476995c14: 117 datasets; 0.7 s; peak memory 1207 MiB.
2026-10-10T21:30:04Z INFO [314/750] 9af26326-f3f1-4a40-83ec-ddb7ac466606: 48 datasets; 0.7 s; peak memory 1207 MiB.
2026-10-10T21:30:08Z INFO [315/750] 9af2e085-833a-4fd8-baa8-88163a1d6543: 196 datasets; 3.3 s; peak memory 1207 MiB.
2026-10-10T21:30:10Z INFO [316/750] 9af3ee2c-1ca7-4230-b39b-51cde77d63b2: 150 datasets; 1.9 s; peak memory 1207 MiB.
2026-10-10T21:30:11Z INFO [317/750] 9af42ed9-1e6b-4021-83eb-c008e6aa2400: 112 datasets; 0.9 s; peak memory 1207 MiB.
2026-10-10T21:30:12Z INFO [318/750] 9af46651-d4da-4196-9710-5d07c7c6d1f8: 112 datasets; 1.2 s; peak memory 1207 MiB.
2026-10-10T21:30:13Z INFO [319/750] 9af4b62b-06ae-4e90-bd35-bf87c727ea5a: 103 datasets; 0.9 s; peak memory 1207 MiB.
2026-10-10T21:30:13Z INFO [320/750] 9af61586-743a-472b-bf1f-63a509c10d47: 59 datasets; 0.9 s; peak memory 1207 MiB.
2026-10-10T21:30:15Z INFO [321/750] 9af7acc2-ce03-4a13-827d-b9a4ae0ca49a: 168 datasets; 1.6 s; peak memory 1207 MiB.
2026-10-10T21:30:18Z INFO [322/750] 9af83d26-0882-4c0c-adf0-74b04bb2f6ac: 251 datasets; 2.7 s; peak memory 1207 MiB.
2026-10-10T21:30:25Z INFO [323/750] 9af87554-8b94-44ce-a738-41757bb70d7d: 1098 datasets; 6.8 s; peak memory 1207 MiB.
2026-10-10T21:30:25Z INFO [324/750] 9af8e44f-b311-4d1d-a044-d0540ed80414: 41 datasets; 0.7 s; peak memory 1207 MiB.
2026-10-10T21:30:26Z INFO [325/750] 9af904fd-7dba-4ae4-91ff-b12314911c53: 116 datasets; 0.7 s; peak memory 1207 MiB.
2026-10-10T21:30:27Z INFO [326/750] 9af9e483-428c-4338-a13a-c45b0e512e70: 112 datasets; 1.0 s; peak memory 1207 MiB.
2026-10-10T21:30:28Z INFO [327/750] 9afa1d58-65c2-41aa-ac1f-94dc41ba348c: 48 datasets; 0.7 s; peak memory 1207 MiB.
2026-10-10T21:30:28Z INFO [328/750] 9afa3e1c-5572-46da-8825-252669240bb1: 48 datasets; 0.6 s; peak memory 1207 MiB.
2026-10-10T21:30:29Z INFO [329/750] 9afb6d11-85e7-48fc-ace9-50ce5577fe06: 112 datasets; 0.8 s; peak memory 1207 MiB.
2026-10-10T21:30:30Z INFO [330/750] 9afba162-bd55-4d9f-8e5a-52efcb79834b: 66 datasets; 0.8 s; peak memory 1207 MiB.
2026-10-10T21:30:30Z INFO [331/750] 9afc2284-bc18-4fc0-b8b3-9786ce86ec3f: 117 datasets; 0.7 s; peak memory 1207 MiB.
2026-10-10T21:30:31Z INFO [332/750] 9afc72f1-5ac5-4ddf-b55f-bb14bf591d42: 48 datasets; 0.7 s; peak memory 1207 MiB.
2026-10-10T21:30:32Z INFO [333/750] 9afd83a7-cf2b-4227-b800-a97e3ad57936: 113 datasets; 0.8 s; peak memory 1207 MiB.
2026-10-10T21:30:39Z INFO [334/750] 9afe0e5d-3555-4cce-a167-e708dbfcfc98: 660 datasets; 6.8 s; peak memory 1207 MiB.
2026-10-10T21:30:40Z INFO [335/750] 9afe87b1-c6c9-48e3-838f-8cfc9d331c22: 67 datasets; 0.9 s; peak memory 1207 MiB.
2026-10-10T21:30:40Z INFO [336/750] 9afea9aa-21f8-463c-b964-50c1457cf406: 74 datasets; 0.8 s; peak memory 1207 MiB.
2026-10-10T21:30:41Z INFO [337/750] 9afeeb7d-03c6-4e64-880e-5fc129d8a65f: 48 datasets; 0.7 s; peak memory 1207 MiB.
2026-10-10T21:30:42Z INFO [338/750] 9aff0521-7c71-4764-92f3-6b7efc2bcc28: 48 datasets; 0.6 s; peak memory 1207 MiB.
2026-10-10T21:30:42Z INFO [339/750] 9aff544a-c1de-4360-8acd-5fec41d9e2b0: 52 datasets; 0.8 s; peak memory 1207 MiB.
2026-10-10T21:30:43Z INFO [340/750] 9aff8e97-2bc0-4815-afb0-5332bf3421ea: 70 datasets; 0.9 s; peak memory 1207 MiB.
2026-10-10T21:30:45Z INFO [341/750] 9b0252fe-3d6a-4c00-9a57-30a095389795: 90 datasets; 1.6 s; peak memory 1207 MiB.
2026-10-10T21:30:46Z INFO [342/750] 9b02b89e-77c3-4cf9-998b-fd7427d7e672: 156 datasets; 1.5 s; peak memory 1207 MiB.
2026-10-10T21:30:47Z INFO [343/750] 9b0352f4-3d18-4288-b40e-284a3a0d5eac: 289 datasets; 1.0 s; peak memory 1207 MiB.
2026-10-10T21:30:51Z INFO [344/750] 9b04a0cb-e98b-4b15-b51c-af32c8653ce5: 790 datasets; 3.9 s; peak memory 1207 MiB.
2026-10-10T21:30:52Z INFO [345/750] 9b052a3b-6667-4b51-8852-dced7dca29f4: 46 datasets; 0.4 s; peak memory 1207 MiB.
2026-10-10T21:30:53Z INFO [346/750] 9b067261-1307-46a7-a1ff-a72cb596b57d: 62 datasets; 0.9 s; peak memory 1207 MiB.
2026-10-10T21:30:53Z INFO [347/750] 9b06e7a0-a81b-40d7-bb11-13f725251f12: 48 datasets; 0.7 s; peak memory 1207 MiB.
2026-10-10T21:30:54Z INFO [348/750] 9b072618-1293-4b62-a913-3b5cbbaed61f: 48 datasets; 0.6 s; peak memory 1207 MiB.
2026-10-10T21:30:54Z INFO [349/750] 9b075188-806d-43d5-9ad0-360aca41b128: 48 datasets; 0.5 s; peak memory 1207 MiB.
2026-10-10T21:32:17Z INFO [350/750] 9b076b00-680f-44de-a1df-e4036820dd58: 167 datasets; 82.1 s; peak memory 1207 MiB.
2026-10-10T21:32:17Z INFO [350/750] 9b076b00-680f-44de-a1df-e4036820dd58: checkpointed 121685 new records.
2026-10-10T21:32:30Z INFO [351/750] 9b088f47-583a-434e-9304-1d6f6c6f64cb: 48 datasets; 13.1 s; peak memory 1207 MiB.
2026-10-10T21:32:32Z INFO [352/750] 9b08e2d4-e1bc-4105-be60-fb4e4c0bb65a: 84 datasets; 1.8 s; peak memory 1207 MiB.
2026-10-10T21:32:32Z INFO [353/750] 9b0908a6-8027-44ee-bb87-77a3fbb4759e: 48 datasets; 0.5 s; peak memory 1207 MiB.
2026-10-10T21:32:33Z INFO [354/750] 9b094623-3365-454e-815f-09f4bb9d3f91: 41 datasets; 0.5 s; peak memory 1207 MiB.
2026-10-10T21:32:34Z INFO [355/750] 9b0971bb-f4d4-4a4d-91a4-7fff15c35e63: 109 datasets; 0.9 s; peak memory 1207 MiB.
2026-10-10T21:32:41Z INFO [356/750] 9b0aa744-0fca-4b28-8c84-34005d507786: 1362 datasets; 7.5 s; peak memory 1207 MiB.
2026-10-10T21:32:42Z INFO [357/750] 9b0bb9e3-fa70-416d-b37b-e2a0a782e693: 71 datasets; 1.3 s; peak memory 1207 MiB.
2026-10-10T21:32:43Z INFO [358/750] 9b0c1b3a-df6a-4397-896e-2808901815f3: 48 datasets; 0.5 s; peak memory 1207 MiB.
2026-10-10T21:32:44Z INFO [359/750] 9b0d8f84-9326-4e25-a00f-257b30e8f549: 112 datasets; 0.7 s; peak memory 1207 MiB.
2026-10-10T21:35:43Z INFO [360/750] 9b0e0f64-1ad6-41fa-b679-d96f5ab6d3ff: 436 datasets; 179.2 s; peak memory 1207 MiB.
2026-10-10T21:35:44Z INFO [361/750] 9b0eaffd-0ec2-4390-b07c-1e68dd1c1502: 275 datasets; 0.9 s; peak memory 1207 MiB.
2026-10-10T21:35:45Z INFO [362/750] 9b1185ca-1b86-48ea-8031-25a2648b1785: 48 datasets; 0.8 s; peak memory 1207 MiB.
2026-10-10T21:35:45Z INFO [363/750] 9b11e335-d3d0-402b-b898-5e2e5f64f9c2: 69 datasets; 0.9 s; peak memory 1207 MiB.
2026-10-10T21:35:54Z INFO [364/750] 9b1206d1-9093-403d-8ea8-929905598c39: 49 datasets; 8.5 s; peak memory 1207 MiB.
2026-10-10T21:35:55Z INFO [365/750] 9b12b8ad-bd23-4e65-9b0e-7f54f9469489: 115 datasets; 1.4 s; peak memory 1207 MiB.
2026-10-10T21:36:03Z INFO [366/750] 9b1491b1-c6c6-4c37-8381-567dbaae4358: 991 datasets; 7.4 s; peak memory 1207 MiB.
2026-10-10T21:36:03Z INFO [367/750] 9b14e7b6-2473-4887-8fbb-59668964499d: 48 datasets; 0.6 s; peak memory 1207 MiB.
2026-10-10T21:36:04Z INFO [368/750] 9b159dd8-f9a2-4459-9cf8-a8224ed5e2e5: 46 datasets; 0.4 s; peak memory 1207 MiB.
2026-10-10T21:36:07Z INFO [369/750] 9b163c04-2f33-485f-9c3f-15210a93f322: 196 datasets; 3.5 s; peak memory 1207 MiB.
2026-10-10T21:36:08Z INFO [370/750] 9b176863-de81-4dda-be94-9059bc55a55e: 117 datasets; 0.8 s; peak memory 1207 MiB.
2026-10-10T21:36:09Z INFO [371/750] 9b17f2b0-b8a7-4d82-ab30-f0ca083dea1a: 117 datasets; 0.8 s; peak memory 1207 MiB.
2026-10-10T21:36:09Z INFO [372/750] 9b18f191-512b-4f9b-a42a-5f4905565c75: 35 datasets; 0.4 s; peak memory 1207 MiB.
2026-10-10T21:36:10Z INFO [373/750] 9b19247d-9884-4e63-9a4e-aee62deae16e: 48 datasets; 0.7 s; peak memory 1207 MiB.
2026-10-10T21:36:11Z INFO [374/750] 9b1974af-066c-4df0-a9fc-a017134accde: 83 datasets; 0.6 s; peak memory 1207 MiB.
2026-10-10T21:36:11Z INFO [375/750] 9b19ec2b-2d49-4db1-9377-9472d87faf6e: 48 datasets; 0.6 s; peak memory 1207 MiB.
2026-10-10T21:36:12Z INFO [376/750] 9b1aa36e-8158-4e37-8cd9-10df4960a586: 48 datasets; 0.6 s; peak memory 1207 MiB.
2026-10-10T21:36:12Z INFO [377/750] 9b1b1487-1579-4886-a1ef-53cc912499cd: 59 datasets; 0.7 s; peak memory 1207 MiB.
2026-10-10T21:36:13Z INFO [378/750] 9b1b52f8-c3f6-453b-a650-2de885f39adc: 48 datasets; 0.5 s; peak memory 1207 MiB.
2026-10-10T21:36:14Z INFO [379/750] 9b1b7783-6c03-4295-b2f6-dba00712fb1a: 53 datasets; 0.9 s; peak memory 1207 MiB.
2026-10-10T21:37:19Z INFO [380/750] 9b1cc963-3e8b-4be9-a143-159b99194263: 55 datasets; 64.5 s; peak memory 1207 MiB.
2026-10-10T21:37:19Z INFO [381/750] 9b1d0c28-0c0f-4480-bb5c-75cc9117e55b: 112 datasets; 0.8 s; peak memory 1207 MiB.
2026-10-10T21:37:25Z INFO [382/750] 9b1d10bb-a19a-4a14-9a7a-0e33dd4583a8: 49 datasets; 5.9 s; peak memory 1207 MiB.
2026-10-10T21:37:27Z INFO [383/750] 9b1d7341-6992-4e18-853f-9031645ae521: 90 datasets; 1.7 s; peak memory 1207 MiB.
2026-10-10T21:37:27Z INFO [384/750] 9b1d8aad-5b4c-49e1-baa3-026f0e1f5e81: 112 datasets; 0.6 s; peak memory 1207 MiB.
2026-10-10T21:38:33Z INFO [385/750] 9b1da32a-0b1f-4e23-b40f-9a5db6ca4d37: 14381 datasets; 65.8 s; peak memory 1207 MiB.
2026-10-10T21:38:34Z INFO [386/750] 9b1e100b-8f3d-4ec9-80c6-f9584916f710: 48 datasets; 0.7 s; peak memory 1207 MiB.
2026-10-10T21:38:35Z INFO [387/750] 9b1e76ed-16ed-4e2f-94ab-d93ce52d09eb: 117 datasets; 0.7 s; peak memory 1207 MiB.
2026-10-10T21:38:35Z INFO [388/750] 9b1ec989-d312-40f6-9e57-74adcb1ee502: 116 datasets; 0.8 s; peak memory 1207 MiB.
2026-10-10T21:38:36Z INFO [389/750] 9b1ed35c-7829-4c26-b5b5-eeab718d6183: 62 datasets; 0.8 s; peak memory 1207 MiB.
2026-10-10T21:38:37Z INFO [390/750] 9b1f16f7-3bf1-4e21-b254-b13abb67342d: 52 datasets; 0.6 s; peak memory 1207 MiB.
2026-10-10T21:38:38Z INFO [391/750] 9b1fb8ea-79ce-4797-9631-68e13ed8fc67: 47 datasets; 0.8 s; peak memory 1207 MiB.
2026-10-10T21:38:39Z INFO [392/750] 9b20c118-88e8-4c17-80f8-ba0a62e5b585: 117 datasets; 0.9 s; peak memory 1207 MiB.
2026-10-10T21:38:39Z INFO [393/750] 9b21ee33-c5eb-4a7f-9f7b-f067acd6a475: 112 datasets; 0.8 s; peak memory 1207 MiB.
2026-10-10T21:38:40Z INFO [394/750] 9b2298b7-bfa5-4a8a-8923-8e2f83a7f8f7: 48 datasets; 0.7 s; peak memory 1207 MiB.
2026-10-10T21:38:41Z INFO [395/750] 9b23e63a-e167-4e38-aa70-1f258e7083c8: 41 datasets; 0.5 s; peak memory 1207 MiB.
2026-10-10T21:38:44Z INFO [396/750] 9b241ed0-937e-495f-b491-ce8c9bc0a03e: 500 datasets; 3.6 s; peak memory 1207 MiB.
2026-10-10T21:38:45Z INFO [397/750] 9b258161-3ae6-45a9-a31e-32c0a18a41d9: 48 datasets; 0.6 s; peak memory 1207 MiB.
2026-10-10T21:38:45Z INFO [398/750] 9b259f9f-fec1-4821-b35f-e37bba260f46: 48 datasets; 0.6 s; peak memory 1207 MiB.
2026-10-10T21:38:46Z INFO [399/750] 9b26a4de-da27-4006-ab4a-8c4b220a0618: 118 datasets; 0.7 s; peak memory 1207 MiB.
2026-10-10T21:38:47Z INFO [400/750] 9b26a9a9-2cba-46e7-8a19-8071f7825c2d: 41 datasets; 0.5 s; peak memory 1207 MiB.
2026-10-10T21:38:47Z INFO [400/750] 9b26a9a9-2cba-46e7-8a19-8071f7825c2d: checkpointed 121735 new records.
2026-10-10T21:38:47Z INFO [401/750] 9b26c43e-d676-4dc7-a681-1d6f79da1fba: 114 datasets; 0.6 s; peak memory 1207 MiB.
2026-10-10T21:38:51Z INFO [402/750] 9b26f0d2-ae20-43db-b44d-ad9f88c88a83: 229 datasets; 3.2 s; peak memory 1207 MiB.
2026-10-10T21:38:52Z INFO [403/750] 9b270a12-5ae2-4452-83ad-79d7655514b0: 71 datasets; 0.9 s; peak memory 1207 MiB.
2026-10-10T21:38:52Z INFO [404/750] 9b270af9-7fbf-4c38-9e5e-db0c07d3d3d2: 117 datasets; 0.8 s; peak memory 1207 MiB.
2026-10-10T21:39:06Z INFO [405/750] 9b2778ae-dc01-47ec-985d-d3c006235536: 48 datasets; 13.8 s; peak memory 1207 MiB.
2026-10-10T21:39:07Z INFO [406/750] 9b27e2e8-7ff7-4f31-a06a-d584efff8520: 43 datasets; 0.5 s; peak memory 1207 MiB.
2026-10-10T21:39:07Z INFO [407/750] 9b28486c-dcdb-4f7a-a191-215baca7c6b9: 48 datasets; 0.5 s; peak memory 1207 MiB.
2026-10-10T21:39:08Z INFO [408/750] 9b28fab6-647a-40e7-b200-83b0a9b2c785: 46 datasets; 0.5 s; peak memory 1207 MiB.
2026-10-10T21:39:09Z INFO [409/750] 9b2986e0-f891-4d46-aecd-a03abd47523c: 320 datasets; 1.8 s; peak memory 1207 MiB.
2026-10-10T21:39:10Z INFO [410/750] 9b29951d-8f47-4b33-bccf-d46e0ae82f83: 117 datasets; 0.7 s; peak memory 1207 MiB.
2026-10-10T21:39:11Z INFO [411/750] 9b2c0f98-3d83-47c8-8080-5e55c67b4bd6: 48 datasets; 0.6 s; peak memory 1207 MiB.
2026-10-10T21:39:12Z INFO [412/750] 9b2c4e0b-b76f-4ce3-9f61-8e86b659911e: 60 datasets; 0.8 s; peak memory 1207 MiB.
2026-10-10T21:39:13Z INFO [413/750] 9b2cc0a4-8640-4997-909b-ff2a84819e02: 50 datasets; 1.7 s; peak memory 1207 MiB.
2026-10-10T21:39:14Z INFO [414/750] 9b2d53b1-061d-44f1-9560-7db8f3113ff4: 71 datasets; 1.2 s; peak memory 1207 MiB.
2026-10-10T21:39:15Z INFO [415/750] 9b2d5967-5a9c-43a2-8c1b-721bc2195994: 69 datasets; 0.9 s; peak memory 1207 MiB.
2026-10-10T21:39:16Z INFO [416/750] 9b2db296-dfe0-4c67-8365-aa8acb47f0a9: 117 datasets; 0.7 s; peak memory 1207 MiB.
2026-10-10T21:41:46Z INFO [417/750] 9b2dc095-a947-4007-9f56-e491744282ad: 436 datasets; 150.2 s; peak memory 1207 MiB.
2026-10-10T21:41:47Z INFO [418/750] 9b2df014-9458-41ff-90e6-220328eb86d7: 112 datasets; 0.9 s; peak memory 1207 MiB.
2026-10-10T21:41:48Z INFO [419/750] 9b2e260e-354a-46d0-aa3a-9554df432192: 112 datasets; 0.9 s; peak memory 1207 MiB.
2026-10-10T21:41:49Z INFO [420/750] 9b2e77d6-da86-4162-ad2c-2edc8ac230d5: 48 datasets; 0.8 s; peak memory 1207 MiB.
2026-10-10T21:41:50Z INFO [421/750] 9b2e86fd-526b-4df1-8bcb-424c616d91f9: 71 datasets; 0.9 s; peak memory 1207 MiB.
2026-10-10T21:43:11Z INFO [422/750] 9b2e96b3-7d31-4161-89e6-08c39c01c746: 190 datasets; 81.2 s; peak memory 1207 MiB.
2026-10-10T21:43:12Z INFO [423/750] 9b2eb883-1f43-4cf9-9bcb-a5c25e88ae92: 48 datasets; 0.7 s; peak memory 1207 MiB.
2026-10-10T21:43:13Z INFO [424/750] 9b2eed91-28c2-4f2b-8302-7cf7e071a054: 38 datasets; 1.3 s; peak memory 1207 MiB.
2026-10-10T21:43:14Z INFO [425/750] 9b2f060b-1517-4b0a-acd1-e760c00e375f: 112 datasets; 0.9 s; peak memory 1207 MiB.
2026-10-10T21:43:14Z INFO [426/750] 9b313daf-d1bb-44a0-9077-97a5c4d02b6b: 56 datasets; 0.5 s; peak memory 1207 MiB.
2026-10-10T21:43:15Z INFO [427/750] 9b315bf3-6994-40d1-a862-86ec32504374: 48 datasets; 0.6 s; peak memory 1207 MiB.
2026-10-10T21:43:16Z INFO [428/750] 9b323b1a-5229-46d5-b48d-b08a9064eeec: 48 datasets; 0.7 s; peak memory 1207 MiB.
2026-10-10T21:43:16Z INFO [429/750] 9b325885-a893-463e-935d-0d1b7f58b00b: 117 datasets; 0.8 s; peak memory 1207 MiB.
2026-10-10T21:43:17Z INFO [430/750] 9b33daa7-8771-48d7-964a-5c8ae136d086: 68 datasets; 0.6 s; peak memory 1207 MiB.
2026-10-10T21:43:18Z INFO [431/750] 9b33e853-6daa-4ab7-95c9-49e2e53306d1: 71 datasets; 0.8 s; peak memory 1207 MiB.
2026-10-10T21:43:19Z INFO [432/750] 9b344b77-4cac-4247-a916-52e6bcfd8a54: 117 datasets; 0.7 s; peak memory 1207 MiB.
2026-10-10T21:43:20Z INFO [433/750] 9b346132-3a3e-4235-8819-ea8cfd6c6884: 71 datasets; 1.0 s; peak memory 1207 MiB.
2026-10-10T21:43:20Z INFO [434/750] 9b34e8d9-a530-4786-930a-72ce44e7bae4: 69 datasets; 0.8 s; peak memory 1207 MiB.
2026-10-10T21:43:31Z INFO [435/750] 9b356ecb-0b64-4122-b016-9cb9e884d9f8: 1422 datasets; 11.1 s; peak memory 1207 MiB.
2026-10-10T21:43:33Z INFO [436/750] 9b357baa-5347-4b93-9f99-ce1170ae6bc6: 156 datasets; 1.7 s; peak memory 1207 MiB.
2026-10-10T21:43:34Z INFO [437/750] 9b35ac97-5a90-4b52-884e-aaadb035c2b5: 77 datasets; 0.9 s; peak memory 1207 MiB.
2026-10-10T21:43:35Z INFO [438/750] 9b366772-f64c-4417-a7fc-4ea169876240: 48 datasets; 0.7 s; peak memory 1207 MiB.
2026-10-10T21:43:35Z INFO [439/750] 9b367dc0-d481-4083-a0b5-425882f8bcdd: 48 datasets; 0.8 s; peak memory 1207 MiB.
2026-10-10T21:43:36Z INFO [440/750] 9b36b9d5-bc61-4ee6-9049-307dc592ae70: 303 datasets; 1.0 s; peak memory 1207 MiB.
2026-10-10T21:43:38Z INFO [441/750] 9b374b11-271b-49db-8f49-75e6b3929724: 71 datasets; 1.3 s; peak memory 1207 MiB.
2026-10-10T21:43:38Z INFO [442/750] 9b37ddfd-0c5b-48f4-a358-1ab77856757d: 48 datasets; 0.5 s; peak memory 1207 MiB.
2026-10-10T21:43:39Z INFO [443/750] 9b3a0d39-2ce8-47e5-b9ac-c850988c052b: 48 datasets; 0.6 s; peak memory 1207 MiB.
2026-10-10T21:43:40Z INFO [444/750] 9b3be767-d67c-4995-94c1-26600d161b9e: 60 datasets; 0.8 s; peak memory 1207 MiB.
2026-10-10T21:43:40Z INFO [445/750] 9b3ca5c7-76a3-463c-8b49-41966b230def: 112 datasets; 0.7 s; peak memory 1207 MiB.
2026-10-10T21:43:41Z INFO [446/750] 9b3cf330-b149-408a-8eb1-af5cca972638: 21 datasets; 0.4 s; peak memory 1207 MiB.
2026-10-10T21:43:41Z INFO [447/750] 9b3d4435-abea-46f8-ba50-feb9ed352a7e: 33 datasets; 0.6 s; peak memory 1207 MiB.
2026-10-10T21:43:42Z INFO [448/750] 9b3d56d3-9b2c-4033-832f-bef71f8927b9: 118 datasets; 0.7 s; peak memory 1207 MiB.
2026-10-10T21:43:43Z INFO [449/750] 9b3e9cdb-d79d-42c3-9992-132ed8961604: 69 datasets; 0.9 s; peak memory 1207 MiB.
2026-10-10T21:43:44Z INFO [450/750] 9b3fc3c2-01fc-428f-930a-c75f8a794fc8: 118 datasets; 0.7 s; peak memory 1207 MiB.
2026-10-10T21:43:44Z INFO [450/750] 9b3fc3c2-01fc-428f-930a-c75f8a794fc8: checkpointed 121785 new records.
2026-10-10T21:43:45Z INFO [451/750] 9b405880-75bf-4eb7-af92-4c15073c7006: 72 datasets; 0.7 s; peak memory 1207 MiB.
2026-10-10T21:43:45Z INFO [452/750] 9b405f65-e4dd-4ab7-9249-af038706c1e7: 117 datasets; 0.7 s; peak memory 1207 MiB.
2026-10-10T21:43:46Z INFO [453/750] 9b40600c-c2ca-4355-8729-219e388c6c77: 110 datasets; 0.7 s; peak memory 1207 MiB.
2026-10-10T21:43:47Z INFO [454/750] 9b406203-3263-4874-b012-4b00a8145e13: 118 datasets; 1.1 s; peak memory 1207 MiB.
2026-10-10T21:43:48Z INFO [455/750] 9b428d72-d50c-4397-80c7-5ad35b6aec12: 117 datasets; 0.7 s; peak memory 1207 MiB.
2026-10-10T21:43:49Z INFO [456/750] 9b42b593-bb3c-4e36-be2a-92f0b34cd3e1: 112 datasets; 0.8 s; peak memory 1207 MiB.
2026-10-10T21:43:50Z INFO [457/750] 9b42fd68-c7e1-43e9-920a-385fcec0b7be: 112 datasets; 0.8 s; peak memory 1207 MiB.
2026-10-10T21:43:50Z INFO [458/750] 9b43f577-c867-4aff-9d9e-fc9e33f207e6: 48 datasets; 0.8 s; peak memory 1207 MiB.
2026-10-10T21:43:51Z INFO [459/750] 9b447034-35f3-428b-aeb5-dc6f889275da: 49 datasets; 0.7 s; peak memory 1207 MiB.
2026-10-10T21:43:53Z INFO [460/750] 9b478e92-0acc-4356-a796-3370380d4957: 50 datasets; 2.2 s; peak memory 1207 MiB.
2026-10-10T21:43:54Z INFO [461/750] 9b4872d6-acb0-4473-9941-46f85b2b11cd: 46 datasets; 0.6 s; peak memory 1207 MiB.
2026-10-10T21:43:55Z INFO [462/750] 9b489532-58fe-49f0-9165-c7a1b42c5738: 73 datasets; 1.2 s; peak memory 1207 MiB.
2026-10-10T21:43:56Z INFO [463/750] 9b48da61-20a6-416f-86ac-0da41b3f080b: 118 datasets; 0.8 s; peak memory 1207 MiB.
2026-10-10T21:43:56Z INFO [464/750] 9b48fcfd-89dd-4215-8d0e-1c9029735caf: 48 datasets; 0.6 s; peak memory 1207 MiB.
2026-10-10T21:43:57Z INFO [465/750] 9b49b612-bf43-436c-ad91-77a546f2f6f7: 46 datasets; 0.8 s; peak memory 1207 MiB.
2026-10-10T21:43:58Z INFO [466/750] 9b4a7ddd-46ae-4907-9118-cdd649a2986c: 152 datasets; 0.8 s; peak memory 1207 MiB.
2026-10-10T21:43:59Z INFO [467/750] 9b4b4d4d-880c-4718-ac6a-edbeecba222c: 66 datasets; 0.8 s; peak memory 1207 MiB.
2026-10-10T21:43:59Z INFO [468/750] 9b4bd019-02af-425e-864d-db27f2a68fd3: 43 datasets; 0.6 s; peak memory 1207 MiB.
2026-10-10T21:44:00Z INFO [469/750] 9b4c744d-987c-4c16-9580-6f9eb7a7dcbe: 71 datasets; 1.0 s; peak memory 1207 MiB.
2026-10-10T21:44:01Z INFO [470/750] 9b4ce5d2-47c5-43f5-b5c7-e863f8e03185: 46 datasets; 0.4 s; peak memory 1207 MiB.
2026-10-10T21:44:02Z INFO [471/750] 9b4d2cbe-3d36-4441-9f58-81eafe2d1ade: 117 datasets; 1.2 s; peak memory 1207 MiB.
2026-10-10T21:44:04Z INFO [472/750] 9b4d5f7a-9cb2-4e44-9675-2a7b8e0c05a7: 133 datasets; 1.7 s; peak memory 1207 MiB.
2026-10-10T21:44:04Z INFO [473/750] 9b4dac50-7330-46e5-bba0-812356b3bdbb: 48 datasets; 0.5 s; peak memory 1207 MiB.
2026-10-10T21:44:05Z INFO [474/750] 9b4e8587-520f-4b67-bfc9-d7ed62cb119d: 289 datasets; 0.7 s; peak memory 1207 MiB.
2026-10-10T21:44:05Z INFO [475/750] 9b4ea25d-584c-4402-a466-f5683cfe8e17: 51 datasets; 0.4 s; peak memory 1207 MiB.
2026-10-10T21:45:36Z INFO [476/750] 9b4ecec3-e2b4-49a0-b6ac-645a9d802f0f: 260 datasets; 90.4 s; peak memory 1207 MiB.
2026-10-10T21:45:37Z INFO [477/750] 9b4edb38-6866-4807-a377-943aa03311f8: 118 datasets; 0.8 s; peak memory 1207 MiB.
2026-10-10T21:45:38Z INFO [478/750] 9b4f1834-d719-4ce1-9134-56acd82a25d7: 156 datasets; 1.8 s; peak memory 1207 MiB.
2026-10-10T21:45:54Z INFO [479/750] 9b506681-e1dd-4b38-98b5-b769c742f27c: 48 datasets; 15.1 s; peak memory 1207 MiB.
2026-10-10T21:45:55Z INFO [480/750] 9b512fc1-62a4-48eb-8f63-fea037746650: 118 datasets; 0.9 s; peak memory 1207 MiB.
2026-10-10T21:45:56Z INFO [481/750] 9b5156b2-02bc-4384-83bb-7fcb4919ca43: 71 datasets; 1.3 s; peak memory 1207 MiB.
2026-10-10T21:45:57Z INFO [482/750] 9b519da0-7e9c-4be4-8e9f-9e471f979bcb: 48 datasets; 0.8 s; peak memory 1207 MiB.
2026-10-10T21:45:57Z INFO [483/750] 9b520197-dc0c-47bf-a22a-5a33608b842e: 116 datasets; 0.6 s; peak memory 1207 MiB.
2026-10-10T21:46:00Z INFO [484/750] 9b521df8-c80b-4305-b5f5-6830e47015dc: 260 datasets; 3.1 s; peak memory 1207 MiB.
2026-10-10T21:46:01Z INFO [485/750] 9b529543-08c9-44f4-bb5e-c82a333fe4a6: 50 datasets; 0.6 s; peak memory 1207 MiB.
2026-10-10T21:46:02Z INFO [486/750] 9b52f458-ab9c-4017-bc4a-829f97f1977b: 66 datasets; 1.0 s; peak memory 1207 MiB.
2026-10-10T21:46:03Z INFO [487/750] 9b53eece-4eaa-4ed7-9442-a70645cade5c: 48 datasets; 0.6 s; peak memory 1207 MiB.
2026-10-10T21:46:03Z INFO [488/750] 9b549939-15de-46c1-8083-5ef7b2d237fb: 46 datasets; 0.5 s; peak memory 1207 MiB.
2026-10-10T21:46:04Z INFO [489/750] 9b55bf32-37e5-43be-a591-17912d3b4556: 66 datasets; 1.1 s; peak memory 1207 MiB.
2026-10-10T21:46:08Z INFO [490/750] 9b55dfd6-2346-482d-a71a-ca5e7021b0c0: 229 datasets; 3.5 s; peak memory 1207 MiB.
2026-10-10T21:46:08Z INFO [491/750] 9b5639c9-ef02-4040-befb-d4d134b66fb2: 85 datasets; 0.7 s; peak memory 1207 MiB.
2026-10-10T21:46:10Z INFO [492/750] 9b56682b-a418-4070-baf2-18d0f5f766c9: 71 datasets; 1.3 s; peak memory 1207 MiB.
2026-10-10T21:46:10Z INFO [493/750] 9b568306-cd01-4ad9-8b5c-71427e82077f: 48 datasets; 0.6 s; peak memory 1207 MiB.
2026-10-10T21:46:11Z INFO [494/750] 9b56c85e-a766-4f97-8b6a-ad6c61b3fc3b: 117 datasets; 0.7 s; peak memory 1207 MiB.
2026-10-10T21:46:11Z INFO [495/750] 9b570db0-d670-41b1-b9d0-07a5e2eb86a1: 117 datasets; 0.7 s; peak memory 1207 MiB.
2026-10-10T21:46:14Z INFO [496/750] 9b576f7f-e3d5-423b-81ff-5921e2638160: 92 datasets; 2.0 s; peak memory 1207 MiB.
2026-10-10T21:46:15Z INFO [497/750] 9b57f22f-8a68-4361-9255-2a79af426734: 119 datasets; 1.4 s; peak memory 1207 MiB.
2026-10-10T21:46:16Z INFO [498/750] 9b590cd6-044b-4ac4-81c0-af78879bacc3: 117 datasets; 0.7 s; peak memory 1207 MiB.
2026-10-10T21:46:16Z INFO [499/750] 9b591d26-7833-4e0b-a05d-e07177310aac: 117 datasets; 0.7 s; peak memory 1207 MiB.
2026-10-10T21:46:18Z INFO [500/750] 9b5a1c91-1b1a-4298-a7d1-a2a759f1f54d: 71 datasets; 1.5 s; peak memory 1207 MiB.
2026-10-10T21:46:18Z INFO [500/750] 9b5a1c91-1b1a-4298-a7d1-a2a759f1f54d: checkpointed 121835 new records.
2026-10-10T21:46:19Z INFO [501/750] 9b5ab58c-9ce5-4c78-998c-ac297bd5d82e: 118 datasets; 0.7 s; peak memory 1207 MiB.
2026-10-10T21:46:19Z INFO [502/750] 9b5ac714-b6a3-4a5e-87d6-c666d2b6899b: 48 datasets; 0.5 s; peak memory 1207 MiB.
2026-10-10T21:46:20Z INFO [503/750] 9b5b9b13-5f09-4232-88b1-12a5febd1cff: 51 datasets; 0.6 s; peak memory 1207 MiB.
2026-10-10T21:46:33Z INFO [504/750] 9b5bfae5-5ae5-4411-9785-35e2b2f1ea58: 48 datasets; 13.6 s; peak memory 1207 MiB.
2026-10-10T21:46:35Z INFO [505/750] 9b5c8237-45b7-447a-97a4-835c1cab158e: 119 datasets; 1.2 s; peak memory 1207 MiB.
2026-10-10T21:46:35Z INFO [506/750] 9b5db963-f058-48b4-acac-fd9c46f49f9f: 51 datasets; 0.6 s; peak memory 1207 MiB.
2026-10-10T21:46:36Z INFO [507/750] 9b5dfeb8-2efb-4cfa-b3b6-7ce00e3ddaa9: 48 datasets; 0.6 s; peak memory 1207 MiB.
2026-10-10T21:46:37Z INFO [508/750] 9b5e49e5-72b4-4fa6-84d3-56a217e91b7e: 62 datasets; 0.9 s; peak memory 1207 MiB.
2026-10-10T21:46:38Z INFO [509/750] 9b5e7bb0-e849-4b27-aa78-025e286698db: 123 datasets; 1.4 s; peak memory 1207 MiB.
2026-10-10T21:46:40Z INFO [510/750] 9b5e7f93-cf8b-421d-949a-aec4a1361e6c: 119 datasets; 1.5 s; peak memory 1207 MiB.
2026-10-10T21:46:41Z INFO [511/750] 9b5e80d9-662c-4e25-801b-607178397058: 118 datasets; 0.9 s; peak memory 1207 MiB.
2026-10-10T21:46:41Z INFO [512/750] 9b5e8899-fa80-4c46-a71a-a0d4f3503d0a: 48 datasets; 0.6 s; peak memory 1207 MiB.
2026-10-10T21:49:17Z INFO [513/750] 9b60313b-8298-40a1-b05d-a6664018bb2b: 62 datasets; 156.3 s; peak memory 1207 MiB.
2026-10-10T21:49:18Z INFO [514/750] 9b60e6f2-d777-4d4f-9c3d-401e1de60be5: 57 datasets; 0.7 s; peak memory 1207 MiB.
2026-10-10T21:49:19Z INFO [515/750] 9b614841-4146-42de-bc7c-62fca13f4074: 48 datasets; 0.7 s; peak memory 1207 MiB.
2026-10-10T21:49:20Z INFO [516/750] 9b6158af-d7a8-413b-8534-dbbc58b9b35d: 53 datasets; 1.2 s; peak memory 1207 MiB.
2026-10-10T21:49:21Z INFO [517/750] 9b6295ae-1db7-439a-b472-6ee9292c5d0b: 46 datasets; 1.0 s; peak memory 1207 MiB.
2026-10-10T21:49:22Z INFO [518/750] 9b629bbe-5923-4536-8d69-a4fecc744b1d: 112 datasets; 0.8 s; peak memory 1207 MiB.
2026-10-10T21:49:25Z INFO [519/750] 9b62ee66-f821-41d3-9c30-146f71547d83: 438 datasets; 3.6 s; peak memory 1207 MiB.
2026-10-10T21:49:26Z INFO [520/750] 9b635503-8d99-4230-893e-c4f4150d88ef: 64 datasets; 0.7 s; peak memory 1207 MiB.
2026-10-10T21:49:27Z INFO [521/750] 9b649050-bf35-4c32-8d43-97dd727edc00: 41 datasets; 0.5 s; peak memory 1207 MiB.
2026-10-10T21:49:27Z INFO [522/750] 9b649ca5-80ef-403c-943f-fc6b0eb711cf: 48 datasets; 0.6 s; peak memory 1207 MiB.
2026-10-10T21:49:28Z INFO [523/750] 9b649dcd-8e5a-4ab8-bd5f-a6494dad99c6: 48 datasets; 0.7 s; peak memory 1207 MiB.
2026-10-10T21:49:38Z INFO [524/750] 9b64b534-d5f9-43d5-80c7-a509247f2e17: 821 datasets; 10.4 s; peak memory 1207 MiB.
2026-10-10T21:49:39Z INFO [525/750] 9b64bc7b-53bf-45a5-a770-2b1b34c33b2d: 48 datasets; 0.6 s; peak memory 1207 MiB.
2026-10-10T21:49:40Z INFO [526/750] 9b64f5d8-46e3-472e-96ff-f36b414b97f3: 112 datasets; 0.7 s; peak memory 1207 MiB.
2026-10-10T21:49:41Z INFO [527/750] 9b656dea-d379-4812-a1d7-dfa9859485cd: 45 datasets; 0.9 s; peak memory 1207 MiB.
2026-10-10T21:49:41Z INFO [528/750] 9b65afc8-7ecb-4912-9e00-12aa24cd82f9: 48 datasets; 0.6 s; peak memory 1207 MiB.
2026-10-10T21:49:43Z INFO [529/750] 9b65cc55-e1d2-4486-a14b-a3df216b745c: 156 datasets; 1.8 s; peak memory 1207 MiB.
2026-10-10T21:49:44Z INFO [530/750] 9b664201-4b01-4d44-b88f-6b6947889191: 116 datasets; 0.7 s; peak memory 1207 MiB.
2026-10-10T21:49:44Z INFO [531/750] 9b667ef3-71fc-429a-8fd8-21258528c3af: 48 datasets; 0.7 s; peak memory 1207 MiB.
2026-10-10T21:49:45Z INFO [532/750] 9b673a16-73ba-4732-8a2d-facbae3169a2: 48 datasets; 0.6 s; peak memory 1207 MiB.
2026-10-10T21:49:46Z INFO [533/750] 9b678cd9-27be-4946-94b5-0766407b2f74: 115 datasets; 1.5 s; peak memory 1207 MiB.
2026-10-10T21:49:47Z INFO [534/750] 9b67ad26-9d6e-4ae5-9f03-b8b7a295f7de: 48 datasets; 0.6 s; peak memory 1207 MiB.
2026-10-10T21:49:48Z INFO [535/750] 9b6869a8-9d7c-454e-91d2-06c5c59ecc2e: 48 datasets; 0.5 s; peak memory 1207 MiB.
2026-10-10T21:49:49Z INFO [536/750] 9b688350-df4d-4683-88f3-a6e9fbaa99b3: 101 datasets; 1.0 s; peak memory 1207 MiB.
2026-10-10T21:49:49Z INFO [537/750] 9b693bf0-22a5-40eb-999c-faf208f7e4f0: 117 datasets; 0.8 s; peak memory 1207 MiB.
2026-10-10T21:49:51Z INFO [538/750] 9b696859-50e2-4b74-b2b9-2ba4c681be34: 138 datasets; 1.6 s; peak memory 1207 MiB.
2026-10-10T21:49:51Z INFO [539/750] 9b6a27e8-1647-4d93-a706-ff299c506823: 52 datasets; 0.4 s; peak memory 1207 MiB.
2026-10-10T21:49:52Z INFO [540/750] 9b6b6766-b0c6-4be8-9c1f-c9991aae802d: 71 datasets; 1.0 s; peak memory 1207 MiB.
2026-10-10T21:49:53Z INFO [541/750] 9b6c56af-767f-4625-b7f2-bbf79663da19: 69 datasets; 0.8 s; peak memory 1207 MiB.
2026-10-10T21:49:54Z INFO [542/750] 9b6c58d5-1fb1-47fe-850a-4f3052d555a2: 46 datasets; 0.5 s; peak memory 1207 MiB.
2026-10-10T21:49:54Z INFO [543/750] 9b6c8244-6701-40ee-aecd-2c5b5284c716: 48 datasets; 0.7 s; peak memory 1207 MiB.
2026-10-10T21:49:55Z INFO [544/750] 9b6cb77c-34e7-4323-b743-39872a2a5558: 112 datasets; 0.8 s; peak memory 1207 MiB.
2026-10-10T21:49:56Z INFO [545/750] 9b6d05ac-7cf6-4dae-8f92-17596c1095af: 48 datasets; 0.6 s; peak memory 1207 MiB.
2026-10-10T21:49:57Z INFO [546/750] 9b6d2b2d-b646-43d2-87f4-5d39aafcae90: 69 datasets; 1.0 s; peak memory 1207 MiB.
2026-10-10T21:49:57Z INFO [547/750] 9b6d656a-b710-4b43-af42-725c954a4857: 38 datasets; 0.6 s; peak memory 1207 MiB.
2026-10-10T21:49:58Z INFO [548/750] 9b6ddb83-c3d6-4d2f-9041-410db0e9eeb0: 66 datasets; 0.8 s; peak memory 1207 MiB.
2026-10-10T21:49:59Z INFO [549/750] 9b6ef024-79b9-4bf5-b269-f535e659ca6d: 48 datasets; 0.5 s; peak memory 1207 MiB.
2026-10-10T21:49:59Z INFO [550/750] 9b6f637d-6ca9-4569-b5fe-de71ea2d4e4a: 48 datasets; 0.5 s; peak memory 1207 MiB.
2026-10-10T21:49:59Z INFO [550/750] 9b6f637d-6ca9-4569-b5fe-de71ea2d4e4a: checkpointed 121885 new records.
2026-10-10T21:50:00Z INFO [551/750] 9b70988b-6cb8-4871-8b8f-a6d3f0cc1ad0: 48 datasets; 0.5 s; peak memory 1207 MiB.
2026-10-10T21:50:00Z INFO [552/750] 9b70f5f0-2b52-4f7b-ab80-7321013e136e: 48 datasets; 0.6 s; peak memory 1207 MiB.
2026-10-10T21:50:01Z INFO [553/750] 9b7116b5-ad64-4426-952c-8847c250b6c6: 48 datasets; 0.6 s; peak memory 1207 MiB.
2026-10-10T21:50:02Z INFO [554/750] 9b716b52-dd61-41f5-9740-c0682def938a: 112 datasets; 0.8 s; peak memory 1207 MiB.
2026-10-10T21:50:03Z INFO [555/750] 9b722080-3c90-40ba-ae72-0aff08bfa0a9: 112 datasets; 0.8 s; peak memory 1207 MiB.
2026-10-10T21:50:03Z INFO [556/750] 9b724627-83f5-415e-a78c-2d3e038f24a1: 38 datasets; 0.5 s; peak memory 1207 MiB.
2026-10-10T21:53:00Z INFO [557/750] 9b72d18c-a7a2-442e-87c0-651d14370543: 283 datasets; 176.8 s; peak memory 1207 MiB.
2026-10-10T21:53:00Z INFO [558/750] 9b734c50-f046-4266-bee0-dd50877b76a2: 33 datasets; 0.4 s; peak memory 1207 MiB.
2026-10-10T21:53:34Z INFO [559/750] 9b7409df-ed55-4adc-87bd-88f09ede6b27: 5588 datasets; 33.3 s; peak memory 1207 MiB.
2026-10-10T21:53:35Z INFO [560/750] 9b745288-394b-4665-b457-f110beef96f7: 66 datasets; 1.0 s; peak memory 1207 MiB.
2026-10-10T21:53:35Z INFO [561/750] 9b7463c6-533f-4080-89af-ab5e8cadb2e4: 57 datasets; 0.5 s; peak memory 1207 MiB.
2026-10-10T21:53:36Z INFO [562/750] 9b77bb67-3dd3-4492-b6a0-9fa233b3c5d5: 112 datasets; 0.8 s; peak memory 1207 MiB.
2026-10-10T21:53:37Z INFO [563/750] 9b77ed5c-9f55-4347-b447-f2cb3607ea68: 110 datasets; 0.7 s; peak memory 1207 MiB.
2026-10-10T21:53:37Z INFO [564/750] 9b78320c-c5c4-4ac7-89bc-2e65322d5899: 117 datasets; 0.7 s; peak memory 1207 MiB.
2026-10-10T21:53:42Z INFO [565/750] 9b783a4a-e9b8-41d6-a059-844e0d91a6fd: 336 datasets; 4.8 s; peak memory 1207 MiB.
2026-10-10T21:53:44Z INFO [566/750] 9b784cfa-58ab-4c20-a1d2-8d44a21b433c: 70 datasets; 1.3 s; peak memory 1207 MiB.
2026-10-10T21:53:51Z INFO [567/750] 9b788b1c-ea71-4f10-9296-f2624b6345f6: 1533 datasets; 7.7 s; peak memory 1207 MiB.
2026-10-10T21:53:53Z INFO [568/750] 9b78e6d5-17bb-4234-a7f7-8bba29a1a706: 156 datasets; 1.7 s; peak memory 1207 MiB.
2026-10-10T21:53:54Z INFO [569/750] 9b78e856-5dc1-4f16-9bd4-c7e4650641df: 117 datasets; 0.7 s; peak memory 1207 MiB.
2026-10-10T21:53:55Z INFO [570/750] 9b79201c-03a5-47d8-86f8-b798e4322ae0: 146 datasets; 1.3 s; peak memory 1207 MiB.
2026-10-10T21:53:56Z INFO [571/750] 9b7920f6-7044-4c5e-b833-ef1fe4800cc7: 38 datasets; 1.4 s; peak memory 1207 MiB.
2026-10-10T21:53:57Z INFO [572/750] 9b797442-eb5b-4cc1-96e6-e80abc5566b4: 112 datasets; 1.1 s; peak memory 1207 MiB.
2026-10-10T21:53:58Z INFO [573/750] 9b7a0602-54e4-4f0b-badd-44d5a50ab642: 48 datasets; 0.6 s; peak memory 1207 MiB.
2026-10-10T21:53:59Z INFO [574/750] 9b7a375b-e51a-45b1-a807-173a596b1456: 117 datasets; 0.7 s; peak memory 1207 MiB.
2026-10-10T21:53:59Z INFO [575/750] 9b7a5e50-717b-4994-a081-8de8b992c309: 48 datasets; 0.6 s; peak memory 1207 MiB.
2026-10-10T21:54:00Z INFO [576/750] 9b7adcb3-ead6-42d4-af9e-6ca28d3af0d2: 119 datasets; 0.6 s; peak memory 1207 MiB.
2026-10-10T21:54:01Z INFO [577/750] 9b7b1de2-ae65-49cf-bc64-d61daa5f72ec: 48 datasets; 0.7 s; peak memory 1207 MiB.
2026-10-10T21:54:02Z INFO [578/750] 9b7bc402-42d8-4c2d-a4bb-5f2d2e3a5726: 38 datasets; 1.5 s; peak memory 1207 MiB.
2026-10-10T21:54:06Z INFO [579/750] 9b7c0b38-b000-45fc-9eb9-9084520f2ff4: 431 datasets; 3.5 s; peak memory 1207 MiB.
2026-10-10T21:54:06Z INFO [580/750] 9b7c5380-cd68-4c5c-9f84-503666ec1fe4: 36 datasets; 0.6 s; peak memory 1207 MiB.
2026-10-10T21:54:07Z INFO [581/750] 9b7c8dd8-fa36-45bb-bf4d-7e9b8773cbbf: 46 datasets; 0.4 s; peak memory 1207 MiB.
2026-10-10T21:54:07Z INFO [582/750] 9b7d21a2-a113-4065-a233-f0ec49f977b5: 117 datasets; 0.7 s; peak memory 1207 MiB.
2026-10-10T21:54:08Z INFO [583/750] 9b7e00a8-b3d4-4923-8ecb-5b3e91be4b58: 46 datasets; 0.7 s; peak memory 1207 MiB.
2026-10-10T21:54:09Z INFO [584/750] 9b7e0e63-4fce-4ca7-8039-df105f0bc682: 71 datasets; 1.2 s; peak memory 1207 MiB.
2026-10-10T21:54:10Z INFO [585/750] 9b7e32bc-5133-4af3-93e4-99e0ded77d5a: 48 datasets; 0.6 s; peak memory 1207 MiB.
2026-10-10T21:54:11Z INFO [586/750] 9b7e52dc-ca0a-4ec5-83b0-da172ae14a2e: 119 datasets; 1.2 s; peak memory 1207 MiB.
2026-10-10T21:54:13Z INFO [587/750] 9b7f6a9e-3640-493b-874c-842e8ecbcd34: 156 datasets; 1.4 s; peak memory 1207 MiB.
2026-10-10T21:54:14Z INFO [588/750] 9b80740d-ace2-4d06-9c3f-936c1004d191: 161 datasets; 1.7 s; peak memory 1207 MiB.
2026-10-10T21:54:15Z INFO [589/750] 9b82688e-ba53-46e0-9946-b44bc7c2ead1: 118 datasets; 0.8 s; peak memory 1207 MiB.
2026-10-10T21:54:16Z INFO [590/750] 9b83959a-ef48-4c4c-873b-b501cf2c2413: 76 datasets; 1.1 s; peak memory 1207 MiB.
2026-10-10T21:54:17Z INFO [591/750] 9b842686-636b-4a27-9e23-436d13d4866c: 36 datasets; 0.6 s; peak memory 1207 MiB.
2026-10-10T21:54:17Z INFO [592/750] 9b84fb45-ae70-4435-a6a1-5630c323cf64: 114 datasets; 0.7 s; peak memory 1207 MiB.
2026-10-10T21:54:18Z INFO [593/750] 9b85d1ce-701d-4174-be59-6f77b3d4c140: 116 datasets; 0.8 s; peak memory 1207 MiB.
2026-10-10T21:54:32Z INFO [594/750] 9b8661b9-9de4-4da9-8390-21cd06d83fe2: 48 datasets; 13.8 s; peak memory 1207 MiB.
2026-10-10T21:54:32Z INFO [595/750] 9b877694-9413-475c-b14e-c7b29ba64c18: 52 datasets; 0.6 s; peak memory 1207 MiB.
2026-10-10T21:54:33Z INFO [596/750] 9b879c63-c3d1-42cd-966a-164553486afb: 121 datasets; 0.7 s; peak memory 1207 MiB.
2026-10-10T21:54:34Z INFO [597/750] 9b87c4af-2181-4d48-ac05-e3749146ffd2: 48 datasets; 0.6 s; peak memory 1207 MiB.
2026-10-10T21:54:43Z INFO [598/750] 9b8ae3e8-c1a2-4ea7-a39b-e70c6809372e: 1380 datasets; 8.9 s; peak memory 1207 MiB.
2026-10-10T21:54:44Z INFO [599/750] 9b8c1df8-2d32-4141-907c-a81291966ca2: 99 datasets; 1.7 s; peak memory 1207 MiB.
2026-10-10T21:54:54Z INFO [600/750] 9b8d1ce2-a0cd-49ff-a607-85996b81cb5b: 847 datasets; 9.8 s; peak memory 1207 MiB.
2026-10-10T21:54:54Z INFO [600/750] 9b8d1ce2-a0cd-49ff-a607-85996b81cb5b: checkpointed 121935 new records.
2026-10-10T21:54:55Z INFO [601/750] 9b8d77a0-00bd-4da4-bb41-cd6e4c8e83d6: 66 datasets; 0.8 s; peak memory 1207 MiB.
2026-10-10T21:54:56Z INFO [602/750] 9b8dd35f-9766-4d77-b56d-70b804d48548: 39 datasets; 0.6 s; peak memory 1207 MiB.
2026-10-10T21:54:56Z INFO [603/750] 9b8e807d-dfb1-479c-a2a5-f72804d11d92: 84 datasets; 0.5 s; peak memory 1207 MiB.
2026-10-10T21:54:59Z INFO [604/750] 9b8ef3ef-632b-4d9c-bfd6-d0eec2ee232b: 458 datasets; 2.3 s; peak memory 1207 MiB.
2026-10-10T21:54:59Z INFO [605/750] 9b8f2b82-7fde-4a98-8eef-6ddfb19bd57a: 117 datasets; 0.8 s; peak memory 1207 MiB.
2026-10-10T21:55:00Z INFO [606/750] 9b8f4dc8-86c6-4b53-baa8-5a76ca120a81: 48 datasets; 0.6 s; peak memory 1207 MiB.
2026-10-10T21:55:01Z INFO [607/750] 9b8f91e4-0db7-404c-b7be-d19e6ea8662d: 112 datasets; 1.0 s; peak memory 1207 MiB.
2026-10-10T21:55:02Z INFO [608/750] 9b8fa155-eba5-40a4-b089-83410a1f70be: 110 datasets; 0.8 s; peak memory 1207 MiB.
2026-10-10T21:55:03Z INFO [609/750] 9b8fb623-636d-4a78-a8a0-778346f71823: 51 datasets; 0.8 s; peak memory 1207 MiB.
2026-10-10T21:55:04Z INFO [610/750] 9b8ff680-5c8d-4c09-a632-3e054145095a: 38 datasets; 1.4 s; peak memory 1207 MiB.
2026-10-10T21:55:05Z INFO [611/750] 9b913120-4375-4536-b20b-83f9959fd342: 110 datasets; 0.8 s; peak memory 1207 MiB.
2026-10-10T21:55:06Z INFO [612/750] 9b916f06-e4bb-4929-8611-2b99b95e35b1: 48 datasets; 0.6 s; peak memory 1207 MiB.
2026-10-10T21:55:07Z INFO [613/750] 9b91e704-ac40-45da-a836-0986f9e19623: 38 datasets; 1.3 s; peak memory 1207 MiB.
2026-10-10T21:55:08Z INFO [614/750] 9b92cf25-ce6b-4b89-9a0e-533261d29c94: 91 datasets; 0.8 s; peak memory 1207 MiB.
2026-10-10T21:55:11Z INFO [615/750] 9b9307fe-3f74-4972-b137-6c96f2b3496f: 301 datasets; 3.8 s; peak memory 1207 MiB.
2026-10-10T21:55:12Z INFO [616/750] 9b944d74-925a-400b-93e1-aba4033ae7b3: 48 datasets; 0.6 s; peak memory 1207 MiB.
2026-10-10T21:55:12Z INFO [617/750] 9b94501a-0160-43c2-a345-8c393d07a8e0: 62 datasets; 0.5 s; peak memory 1207 MiB.
2026-10-10T21:55:13Z INFO [618/750] 9b95c43a-e16a-4079-b6a3-8fa3ba84afff: 48 datasets; 0.6 s; peak memory 1207 MiB.
2026-10-10T21:55:14Z INFO [619/750] 9b95d15c-67da-4bc9-99d4-e2d7e149b05c: 41 datasets; 0.5 s; peak memory 1207 MiB.
2026-10-10T21:55:15Z INFO [620/750] 9b96516c-7876-475e-a849-1c348abdb591: 156 datasets; 1.7 s; peak memory 1207 MiB.
2026-10-10T21:55:16Z INFO [621/750] 9b9696df-f267-4123-903f-1b4095b0ebc9: 45 datasets; 0.5 s; peak memory 1207 MiB.
2026-10-10T21:55:16Z INFO [622/750] 9b96c071-3bd0-4f24-8ab9-0e849dde6af3: 48 datasets; 0.6 s; peak memory 1207 MiB.
2026-10-10T21:55:18Z INFO [623/750] 9b96d55d-c5ca-447b-90d6-6698d6a61ce9: 114 datasets; 1.5 s; peak memory 1207 MiB.
2026-10-10T21:55:19Z INFO [624/750] 9b9710e4-0cac-4a2f-a731-b044743d9832: 122 datasets; 0.8 s; peak memory 1207 MiB.
2026-10-10T21:55:21Z INFO [625/750] 9b983b30-a9c9-4f77-925d-df4e27c5b053: 60 datasets; 2.2 s; peak memory 1207 MiB.
2026-10-10T21:55:22Z INFO [626/750] 9b99949b-9f34-433f-8b13-f32790a68cc5: 66 datasets; 0.9 s; peak memory 1207 MiB.
2026-10-10T21:55:23Z INFO [627/750] 9b9a2ae1-5a2a-47c1-b3f8-45a4f72a26d3: 157 datasets; 1.5 s; peak memory 1207 MiB.
2026-10-10T21:55:24Z INFO [628/750] 9b9a73f9-b56e-458b-91cd-984c4f18239b: 112 datasets; 1.0 s; peak memory 1207 MiB.
2026-10-10T21:55:25Z INFO [629/750] 9b9b0edc-b886-4c82-8d6c-d3eac0004fa3: 53 datasets; 1.1 s; peak memory 1207 MiB.
2026-10-10T21:55:26Z INFO [630/750] 9b9b4aec-7ca5-45a2-94d0-80a6ea4eb92d: 66 datasets; 0.9 s; peak memory 1207 MiB.
2026-10-10T21:55:27Z INFO [631/750] 9b9b80bb-ffe7-40c7-bdca-4e36c1cc8765: 104 datasets; 0.7 s; peak memory 1207 MiB.
2026-10-10T21:55:28Z INFO [632/750] 9b9bcdd2-edb9-4478-8cf3-ac23df50b6f8: 71 datasets; 1.1 s; peak memory 1207 MiB.
2026-10-10T21:55:29Z INFO [633/750] 9b9be66f-3c95-4013-9757-a50df1c4034e: 112 datasets; 0.9 s; peak memory 1207 MiB.
2026-10-10T21:55:30Z INFO [634/750] 9b9bf24d-776a-466d-9ed8-9275c2a4f640: 117 datasets; 0.8 s; peak memory 1207 MiB.
2026-10-10T21:55:31Z INFO [635/750] 9b9d9789-2024-4124-9329-6b65e181162b: 62 datasets; 0.8 s; peak memory 1207 MiB.
2026-10-10T21:55:32Z INFO [636/750] 9b9efeb9-0916-4ae5-8ac8-521b79624b72: 57 datasets; 1.0 s; peak memory 1207 MiB.
2026-10-10T21:55:33Z INFO [637/750] 9ba0da4e-f1ae-4343-b738-b2812cd1fdd0: 71 datasets; 1.3 s; peak memory 1207 MiB.
2026-10-10T21:55:33Z INFO [638/750] 9ba0fee7-d78c-41b0-a4f3-290105123699: 46 datasets; 0.6 s; peak memory 1207 MiB.
2026-10-10T21:55:34Z INFO [639/750] 9ba1ae2e-abee-4df5-8794-a9165de640a6: 117 datasets; 0.6 s; peak memory 1207 MiB.
2026-10-10T21:57:01Z INFO [640/750] 9ba214b2-09fa-4336-882a-bfd36d569cae: 414 datasets; 86.5 s; peak memory 1207 MiB.
2026-10-10T21:57:02Z INFO [641/750] 9ba21771-03f4-4d02-a3ff-a85f9321dcd1: 53 datasets; 1.1 s; peak memory 1207 MiB.
2026-10-10T21:57:07Z INFO [642/750] 9ba26755-1544-4616-9de1-3392329509ad: 594 datasets; 5.4 s; peak memory 1207 MiB.
2026-10-10T21:57:08Z INFO [643/750] 9ba38c33-0eba-467b-a318-5f0503a347e7: 65 datasets; 0.8 s; peak memory 1207 MiB.
2026-10-10T21:57:09Z INFO [644/750] 9ba3c438-4981-48de-8484-92c0424f71b7: 110 datasets; 1.1 s; peak memory 1207 MiB.
2026-10-10T21:57:10Z INFO [645/750] 9ba41511-7d87-4a3c-945b-3b35697c0404: 112 datasets; 0.9 s; peak memory 1207 MiB.
2026-10-10T21:57:11Z INFO [646/750] 9ba534ea-33da-4e87-bb66-09c5acfa407a: 38 datasets; 1.4 s; peak memory 1207 MiB.
2026-10-10T21:57:12Z INFO [647/750] 9ba6816a-fe46-4888-903b-b1d2aba6e7da: 119 datasets; 1.1 s; peak memory 1207 MiB.
2026-10-10T21:57:13Z INFO [648/750] 9ba6b62f-c775-4cc9-b21f-2d32534f99be: 46 datasets; 1.0 s; peak memory 1207 MiB.
2026-10-10T21:57:14Z INFO [649/750] 9ba75b84-6a02-4433-b9a5-e59b661fa80f: 48 datasets; 0.6 s; peak memory 1207 MiB.
2026-10-10T21:57:19Z INFO [650/750] 9ba76245-16be-4a9e-9241-990b30a64cac: 360 datasets; 4.7 s; peak memory 1207 MiB.
2026-10-10T21:57:19Z INFO [650/750] 9ba76245-16be-4a9e-9241-990b30a64cac: checkpointed 121985 new records.
2026-10-10T21:57:19Z INFO [651/750] 9ba86430-b3e1-468a-b65a-4137f869ecde: 46 datasets; 0.4 s; peak memory 1207 MiB.
2026-10-10T21:57:20Z INFO [652/750] 9ba864ba-993f-4181-9598-fa56c7aa301b: 84 datasets; 0.6 s; peak memory 1207 MiB.
2026-10-10T21:57:21Z INFO [653/750] 9ba881dd-6d68-48b9-8bc5-67f6e2a5987d: 112 datasets; 0.9 s; peak memory 1207 MiB.
2026-10-10T21:57:22Z INFO [654/750] 9ba8fac9-8e44-4867-9308-1e3635951320: 112 datasets; 0.9 s; peak memory 1207 MiB.
2026-10-10T21:57:23Z INFO [655/750] 9ba8fe05-5db5-4603-a211-f7031a4c5d77: 71 datasets; 1.0 s; peak memory 1207 MiB.
2026-10-10T21:57:23Z INFO [656/750] 9ba920af-6b4f-4a37-a4f7-2e811745c833: 69 datasets; 0.7 s; peak memory 1207 MiB.
2026-10-10T21:57:24Z INFO [657/750] 9ba9bc9a-ebeb-4044-b42f-fe78e838dc4e: 110 datasets; 0.9 s; peak memory 1207 MiB.
2026-10-10T21:57:26Z INFO [658/750] 9baa5812-e286-4406-aa98-bdc60bd54dbf: 71 datasets; 1.4 s; peak memory 1207 MiB.
2026-10-10T21:57:26Z INFO [659/750] 9baa8f92-dd7c-447c-b285-499ef3cc2f99: 170 datasets; 0.8 s; peak memory 1207 MiB.
2026-10-10T21:57:27Z INFO [660/750] 9baaa196-c35e-4849-8e76-351e22da6c2a: 48 datasets; 0.5 s; peak memory 1207 MiB.
2026-10-10T21:57:28Z INFO [661/750] 9bab1cf4-4586-430b-b9b1-2c0e8ebd3be1: 261 datasets; 0.7 s; peak memory 1207 MiB.
2026-10-10T21:57:28Z INFO [662/750] 9bac8683-279f-4127-b9de-dc4161ce95b8: 117 datasets; 0.6 s; peak memory 1207 MiB.
2026-10-10T21:57:29Z INFO [663/750] 9bacb920-9d1b-4d34-8c5d-17b8dd12ded3: 117 datasets; 0.7 s; peak memory 1207 MiB.
2026-10-10T21:57:30Z INFO [664/750] 9baceeac-f42e-4601-9a8d-0c8a5dbc20b9: 48 datasets; 0.6 s; peak memory 1207 MiB.
2026-10-10T21:57:30Z INFO [665/750] 9bae7ad4-be83-4c8b-9a05-bcdf3b955aa4: 51 datasets; 0.5 s; peak memory 1207 MiB.
2026-10-10T21:57:31Z INFO [666/750] 9baee44a-ca53-4f63-a012-ce29cbdb1133: 117 datasets; 0.7 s; peak memory 1207 MiB.
2026-10-10T21:57:31Z INFO [667/750] 9baf3741-f68d-4f0e-a8a8-7f1f01e30cad: 116 datasets; 0.6 s; peak memory 1207 MiB.
2026-10-10T21:57:32Z INFO [668/750] 9baff4d6-8dd7-449f-9bde-119207f4d84c: 59 datasets; 0.7 s; peak memory 1207 MiB.
2026-10-10T21:57:33Z INFO [669/750] 9bb01eb9-5905-4e8e-97e8-04394e8ebc14: 45 datasets; 0.4 s; peak memory 1207 MiB.
2026-10-10T21:57:33Z INFO [670/750] 9bb03150-b06d-4d1a-bdd6-f3c33720da77: 112 datasets; 0.6 s; peak memory 1207 MiB.
2026-10-10T21:57:34Z INFO [671/750] 9bb12462-5589-4f7c-87f6-6cd716174b18: 79 datasets; 0.7 s; peak memory 1207 MiB.
2026-10-10T21:57:34Z INFO [672/750] 9bb1a287-c95b-49e4-b26d-d17b6891c087: 118 datasets; 0.6 s; peak memory 1207 MiB.
2026-10-10T21:57:36Z INFO [673/750] 9bb24252-6b1f-42dc-b4e0-8b27f72e2b7c: 151 datasets; 1.6 s; peak memory 1207 MiB.
2026-10-10T21:57:39Z INFO [674/750] 9bb326a3-dfc2-4dce-85b7-07af576e6d1c: 168 datasets; 3.0 s; peak memory 1207 MiB.
2026-10-10T21:57:49Z INFO [675/750] 9bb34ae8-45a7-42ca-9cae-8c9149b36853: 1166 datasets; 10.3 s; peak memory 1207 MiB.
2026-10-10T21:57:50Z INFO [676/750] 9bb4023b-cc83-4aaf-8d58-2ef5a66c356b: 117 datasets; 0.8 s; peak memory 1207 MiB.
2026-10-10T21:57:51Z INFO [677/750] 9bb47c59-80ba-4e98-8112-bc1c9e9bbab3: 117 datasets; 0.6 s; peak memory 1207 MiB.
2026-10-10T21:57:51Z INFO [678/750] 9bb4e6bb-1465-49b1-bd72-759784484c61: 118 datasets; 0.7 s; peak memory 1207 MiB.
2026-10-10T21:59:22Z INFO [679/750] 9bb4ec08-8acc-4d79-8d85-d11165ca0585: 433 datasets; 90.9 s; peak memory 1207 MiB.
2026-10-10T21:59:24Z INFO [680/750] 9bb6b2ec-6887-40ca-afa9-7784f5e48c8c: 138 datasets; 1.6 s; peak memory 1207 MiB.
2026-10-10T21:59:25Z INFO [681/750] 9bb702b3-1fbf-4418-8c25-cc7d408e408b: 110 datasets; 0.7 s; peak memory 1207 MiB.
2026-10-10T21:59:26Z INFO [682/750] 9bb74f57-3018-4864-b38a-26635deecaf6: 158 datasets; 1.2 s; peak memory 1207 MiB.
2026-10-10T21:59:27Z INFO [683/750] 9bb8e5a6-1120-403d-b402-c8272a72b006: 41 datasets; 0.6 s; peak memory 1207 MiB.
2026-10-10T21:59:27Z INFO [684/750] 9bb93a16-d631-4008-9e12-477c32d11b24: 33 datasets; 0.7 s; peak memory 1207 MiB.
2026-10-10T21:59:28Z INFO [685/750] 9bb97950-98bf-4107-82c1-4237324d0b6e: 66 datasets; 1.1 s; peak memory 1207 MiB.
2026-10-10T21:59:29Z INFO [686/750] 9bb980d5-4541-4ca5-8e6a-d96b7a668ef9: 46 datasets; 0.4 s; peak memory 1207 MiB.
2026-10-10T21:59:29Z INFO [687/750] 9bb98240-ce59-41e4-9c9a-79f86a38a602: 48 datasets; 0.5 s; peak memory 1207 MiB.
2026-10-10T21:59:30Z INFO [688/750] 9bba18a7-9953-4a67-bc8b-82d9f4c104f6: 116 datasets; 0.7 s; peak memory 1207 MiB.
2026-10-10T21:59:31Z INFO [689/750] 9bbacd18-a21b-4383-9f2a-64e51069de18: 119 datasets; 0.5 s; peak memory 1207 MiB.
2026-10-10T21:59:32Z INFO [690/750] 9bbae8d2-3ee5-40b6-9738-d7833cfb4d1d: 71 datasets; 1.3 s; peak memory 1207 MiB.
2026-10-10T21:59:33Z INFO [691/750] 9bbb281e-0546-4277-87d2-6251e4765ed5: 115 datasets; 1.4 s; peak memory 1207 MiB.
2026-10-10T21:59:34Z INFO [692/750] 9bbb54d3-da58-472a-9989-d7fb9015e947: 112 datasets; 0.9 s; peak memory 1207 MiB.
2026-10-10T21:59:42Z INFO [693/750] 9bbbfd69-87eb-49c9-812a-21f677fe215c: 1016 datasets; 7.8 s; peak memory 1207 MiB.
2026-10-10T21:59:43Z INFO [694/750] 9bbdfd6c-0b27-4515-ae31-9985519a4eca: 66 datasets; 0.8 s; peak memory 1207 MiB.
2026-10-10T21:59:43Z INFO [695/750] 9bbe4d9e-59bb-4263-a602-ca28c21462fd: 48 datasets; 0.5 s; peak memory 1207 MiB.
2026-10-10T21:59:44Z INFO [696/750] 9bbe78af-8f55-4d5a-9677-0c5ccd17ecd6: 48 datasets; 0.6 s; peak memory 1207 MiB.
2026-10-10T21:59:45Z INFO [697/750] 9bbf2b2d-f92d-4f3a-aebb-1b095b8f1910: 112 datasets; 0.8 s; peak memory 1207 MiB.
2026-10-10T21:59:45Z INFO [698/750] 9bc02673-656e-4551-88e1-d65923696a61: 52 datasets; 0.8 s; peak memory 1207 MiB.
2026-10-10T21:59:49Z INFO [699/750] 9bc14e8f-d576-4da8-918d-81205435510f: 538 datasets; 3.4 s; peak memory 1207 MiB.
2026-10-10T21:59:50Z INFO [700/750] 9bc20bea-e0f0-4a4f-ba9d-9416bf1a70f9: 116 datasets; 0.7 s; peak memory 1207 MiB.
2026-10-10T21:59:50Z INFO [700/750] 9bc20bea-e0f0-4a4f-ba9d-9416bf1a70f9: checkpointed 122035 new records.
2026-10-10T21:59:51Z INFO [701/750] 9bc2197d-5770-42eb-a6ce-a2cd0aadd99c: 118 datasets; 0.8 s; peak memory 1207 MiB.
2026-10-10T21:59:51Z INFO [702/750] 9bc29ff4-7480-4240-b951-f0756eff8e66: 112 datasets; 0.8 s; peak memory 1207 MiB.
2026-10-10T21:59:52Z INFO [703/750] 9bc37505-cf07-4417-9b60-c6adabd79b20: 33 datasets; 0.8 s; peak memory 1207 MiB.
2026-10-10T21:59:53Z INFO [704/750] 9bc37aab-6c8f-420d-91bd-d0eff976967d: 118 datasets; 0.8 s; peak memory 1207 MiB.
2026-10-10T21:59:54Z INFO [705/750] 9bc3cfcd-f558-4739-a967-582d6a215e51: 94 datasets; 1.1 s; peak memory 1207 MiB.
2026-10-10T21:59:55Z INFO [706/750] 9bc42211-c6de-4c96-8b43-283f7f110e09: 68 datasets; 0.9 s; peak memory 1207 MiB.
2026-10-10T21:59:56Z INFO [707/750] 9bc4525f-74ed-491a-89e0-138182d89d52: 116 datasets; 0.6 s; peak memory 1207 MiB.
2026-10-10T21:59:56Z INFO [708/750] 9bc47c2f-907a-4e0c-87f5-d7f4ea560371: 46 datasets; 0.5 s; peak memory 1207 MiB.
2026-10-10T21:59:57Z INFO [709/750] 9bc4ea0e-1266-48c6-9f56-1280d4896376: 48 datasets; 0.7 s; peak memory 1207 MiB.
2026-10-10T21:59:58Z INFO [710/750] 9bc5a732-3d9b-4900-b788-fab89c6b7e64: 71 datasets; 1.3 s; peak memory 1207 MiB.
2026-10-10T21:59:59Z INFO [711/750] 9bc6503f-7efa-4f6e-a317-724c2dfa79de: 71 datasets; 1.0 s; peak memory 1207 MiB.
2026-10-10T22:00:00Z INFO [712/750] 9bc73fab-ff58-44e3-a7a9-5a2f9f7d796d: 247 datasets; 0.8 s; peak memory 1207 MiB.
2026-10-10T22:00:01Z INFO [713/750] 9bc742b1-3305-4d3e-b949-5fb37d3bdeb3: 110 datasets; 0.7 s; peak memory 1207 MiB.
2026-10-10T22:00:17Z INFO [714/750] 9bc8bcf7-8d3e-4e60-a430-1a8ac1875e08: 1018 datasets; 16.5 s; peak memory 1207 MiB.
2026-10-10T22:00:18Z INFO [715/750] 9bc960a2-9bad-4dc7-877c-f92406bb08ac: 118 datasets; 0.7 s; peak memory 1207 MiB.
2026-10-10T22:00:19Z INFO [716/750] 9bc99e4f-249d-4965-8a69-2a7f61a3f8ce: 85 datasets; 0.8 s; peak memory 1207 MiB.
2026-10-10T22:00:19Z INFO [717/750] 9bc9bcd6-d1f6-4cde-9bbe-c8c2dbe1a36a: 114 datasets; 0.6 s; peak memory 1207 MiB.
2026-10-10T22:00:22Z INFO [718/750] 9bc9fd77-5e72-46ed-8615-71043dd8ba67: 446 datasets; 2.7 s; peak memory 1207 MiB.
2026-10-10T22:00:23Z INFO [719/750] 9bca09d6-fc1c-4fac-9c37-e7c942580b42: 110 datasets; 1.2 s; peak memory 1207 MiB.
2026-10-10T22:00:24Z INFO [720/750] 9bcc0e7c-f500-434d-b79c-8892a3497603: 69 datasets; 0.7 s; peak memory 1207 MiB.
2026-10-10T22:00:24Z INFO [721/750] 9bcc1e60-8ef5-43e7-b889-e5a235cdc7e4: 116 datasets; 0.6 s; peak memory 1207 MiB.
2026-10-10T22:00:25Z INFO [722/750] 9bcc23ec-3ea2-4363-9a3a-28e85f1800ab: 116 datasets; 0.7 s; peak memory 1207 MiB.
2026-10-10T22:00:27Z INFO [723/750] 9bcc9f26-b8e3-4a7b-b282-f72e230a806f: 38 datasets; 2.3 s; peak memory 1207 MiB.
2026-10-10T22:00:28Z INFO [724/750] 9bcd412f-ad65-4f11-9c87-c6ae04493600: 58 datasets; 0.5 s; peak memory 1207 MiB.
2026-10-10T22:00:29Z INFO [725/750] 9bcd835c-23ff-425f-9634-7a7de1e2156e: 116 datasets; 1.4 s; peak memory 1207 MiB.
2026-10-10T22:00:30Z INFO [726/750] 9bcdfeca-dfde-469a-b639-6d08ce25a8de: 46 datasets; 0.5 s; peak memory 1207 MiB.
2026-10-10T22:00:32Z INFO [727/750] 9bce06ea-a04a-4dac-92e4-6c2e77fe5fee: 84 datasets; 2.0 s; peak memory 1207 MiB.
2026-10-10T22:00:33Z INFO [728/750] 9bce4b8a-cb43-4b63-9638-323a44979590: 66 datasets; 0.9 s; peak memory 1207 MiB.
2026-10-10T22:00:34Z INFO [729/750] 9bcedb97-69db-4231-832c-baa810023c1d: 69 datasets; 0.9 s; peak memory 1207 MiB.
2026-10-10T22:00:35Z INFO [730/750] 9bcf1996-bcf2-4f30-987a-ddb111c7c29c: 68 datasets; 1.1 s; peak memory 1207 MiB.
2026-10-10T22:00:35Z INFO [731/750] 9bcf2666-0f89-4eb6-93ed-79fa05d4e1df: 48 datasets; 0.7 s; peak memory 1207 MiB.
2026-10-10T22:00:48Z INFO [732/750] 9bcf4f40-44c5-420a-b58a-d27ea719abca: 48 datasets; 13.0 s; peak memory 1207 MiB.
2026-10-10T22:00:49Z INFO [733/750] 9bcfff00-8a54-43fd-8654-5b53062d9ca0: 170 datasets; 0.7 s; peak memory 1207 MiB.
2026-10-10T22:00:52Z INFO [734/750] 9bd08642-d768-47d1-8260-390022fe5a16: 229 datasets; 2.6 s; peak memory 1207 MiB.
2026-10-10T22:00:53Z INFO [735/750] 9bd0a9ab-fa3d-4c1c-97d1-5414c37f45e5: 112 datasets; 0.8 s; peak memory 1207 MiB.
2026-10-10T22:00:53Z INFO [736/750] 9bd12c93-4e0b-4ebf-986e-0070d8337612: 118 datasets; 0.7 s; peak memory 1207 MiB.
2026-10-10T22:01:00Z INFO [737/750] 9bd1457b-36d1-4dea-8669-598faa9962e1: 420 datasets; 7.1 s; peak memory 1207 MiB.
2026-10-10T22:01:01Z INFO [738/750] 9bd1c122-117e-4c19-8ec6-578cbb4d0972: 48 datasets; 0.7 s; peak memory 1207 MiB.
2026-10-10T22:01:02Z INFO [739/750] 9bd1de85-8459-4428-a69b-9e24dcd5bf98: 45 datasets; 0.7 s; peak memory 1207 MiB.
2026-10-10T22:01:02Z INFO [740/750] 9bd1e444-2330-41bd-b716-45cdb9c38e6f: 116 datasets; 0.6 s; peak memory 1207 MiB.
2026-10-10T22:01:08Z INFO [741/750] 9bd1e6b9-55c4-4d60-a22f-3d6ce1a6a7d9: 1494 datasets; 5.3 s; peak memory 1207 MiB.
2026-10-10T22:01:08Z INFO [742/750] 9bd1f5e9-4e28-4f02-aca3-d8963a530215: 117 datasets; 0.8 s; peak memory 1207 MiB.
2026-10-10T22:01:12Z INFO [743/750] 9bd2f7da-5f42-413f-adc5-ef9c36602d96: 622 datasets; 3.8 s; peak memory 1207 MiB.
2026-10-10T22:01:13Z INFO [744/750] 9bd3dd48-8fec-4dec-9ec4-847360c5c6b7: 51 datasets; 0.9 s; peak memory 1207 MiB.
2026-10-10T22:01:14Z INFO [745/750] 9bd422de-86e0-4c3e-855a-46f8cddeb882: 48 datasets; 0.6 s; peak memory 1207 MiB.
2026-10-10T22:01:14Z INFO [746/750] 9bd47a4b-655b-4425-88c1-e1053768d6b6: 48 datasets; 0.6 s; peak memory 1207 MiB.
2026-10-10T22:01:15Z INFO [747/750] 9bd4eca0-8b17-483d-a601-6c0d1618b691: 112 datasets; 0.9 s; peak memory 1207 MiB.
2026-10-10T22:01:16Z INFO [748/750] 9bd502aa-b0ae-4f29-bae9-0fcdf492ccc3: 117 datasets; 0.7 s; peak memory 1207 MiB.
2026-10-10T22:01:16Z INFO [749/750] 9bd5a6c2-025f-45f9-9af5-475f330fc92e: 48 datasets; 0.6 s; peak memory 1207 MiB.
2026-10-10T22:01:18Z INFO [750/750] 9bd613ac-24e3-48f1-869b-1211a285ce70: 69 datasets; 1.1 s; peak memory 1207 MiB.
2026-10-10T22:01:18Z INFO [750/750] 9bd613ac-24e3-48f1-869b-1211a285ce70: checkpointed 122085 new records.
2026-10-10T22:01:18Z INFO Wrote 122085 records to /tmp/derivatives/valid_nwb_file_to_number_of_datasets.jsonl (750 new, 0 failed) in 62.1 min (peak memory 1207 MiB).
