2026-10-10T16:28:30Z INFO Logging to /tmp/logs/update_2026-10-10T16-28-30Z.log.
2026-10-10T16:28:30Z INFO Update valid-nwb-file-to-number-of-datasets (base directory /tmp).
2026-10-10T16:28:30Z INFO Processing 750 items (119085 already recorded).
2026-10-10T16:28:32Z INFO [1/750] 95621fd2-b5fc-4314-b9f2-f2262c69fd83: 117 datasets; 1.8 s; peak memory 126 MiB.
2026-10-10T16:28:34Z INFO [2/750] 956246bd-33d2-438a-887f-158dec5a4f8f: 66 datasets; 2.0 s; peak memory 127 MiB.
2026-10-10T16:28:36Z INFO [3/750] 95632a00-fc0e-4960-8a23-6e3925f4591a: 69 datasets; 1.7 s; peak memory 127 MiB.
2026-10-10T16:28:37Z INFO [4/750] 95632ae2-c6ea-4499-9a7f-aa4beda18e3f: 48 datasets; 1.1 s; peak memory 127 MiB.
2026-10-10T16:28:39Z INFO [5/750] 9563bfe2-e92c-4940-9d1f-f85d19850f2e: 118 datasets; 1.6 s; peak memory 128 MiB.
2026-10-10T16:28:40Z INFO [6/750] 95640bf4-5f9d-4802-b1f8-c5d6639c1d06: 45 datasets; 1.7 s; peak memory 129 MiB.
2026-10-10T16:28:42Z INFO [7/750] 95642795-1c96-4b5d-88d2-9c1138dbd244: 48 datasets; 1.2 s; peak memory 129 MiB.
2026-10-10T16:28:49Z INFO [8/750] 9564323d-596a-4466-b7df-c5c38006e788: 489 datasets; 7.1 s; peak memory 142 MiB.
2026-10-10T16:28:50Z INFO [9/750] 95645347-3ae0-4ba7-9088-5ca4281a5110: 117 datasets; 1.4 s; peak memory 142 MiB.
2026-10-10T16:28:51Z INFO [10/750] 95646476-d1ec-4ffc-80a0-e04fd66b68b3: 49 datasets; 1.4 s; peak memory 142 MiB.
2026-10-10T16:28:53Z INFO [11/750] 95647070-2d6d-4c49-99af-48c8bf937ac5: 64 datasets; 1.6 s; peak memory 142 MiB.
2026-10-10T16:28:55Z INFO [12/750] 95658a8d-187f-48ca-9a0f-5b5c3c59801d: 119 datasets; 2.2 s; peak memory 142 MiB.
2026-10-10T16:28:56Z INFO [13/750] 9565c9ce-bd32-463d-a4c7-f676d89afc85: 46 datasets; 1.0 s; peak memory 142 MiB.
2026-10-10T16:28:58Z INFO [14/750] 95669c56-9287-4b59-82c2-f2e1d280de89: 48 datasets; 1.2 s; peak memory 142 MiB.
2026-10-10T16:28:59Z INFO [15/750] 9567806e-48bd-4e84-b786-146829285169: 46 datasets; 1.1 s; peak memory 143 MiB.
2026-10-10T16:29:01Z INFO [16/750] 9567a7a6-bb52-4f69-85c1-7e6cfb86c6b0: 71 datasets; 2.2 s; peak memory 143 MiB.
2026-10-10T16:29:07Z INFO [17/750] 9569f7c6-6743-478e-9df7-3847e38b6cb5: 257 datasets; 6.6 s; peak memory 145 MiB.
2026-10-10T16:29:11Z INFO [18/750] 956a805a-11f0-440b-8977-c36792bf4f43: 156 datasets; 3.3 s; peak memory 145 MiB.
2026-10-10T16:31:06Z INFO [19/750] 956b641b-ac32-4080-8737-fd48b45ce655: 449 datasets; 115.2 s; peak memory 291 MiB.
2026-10-10T16:31:07Z INFO [20/750] 956d5159-0bfc-445e-8a25-cdbb1f25eba6: 46 datasets; 1.3 s; peak memory 291 MiB.
2026-10-10T16:31:13Z INFO [21/750] 956ebd2f-07e8-4358-a6e2-e6bf20f9efb6: 174 datasets; 6.0 s; peak memory 291 MiB.
2026-10-10T16:31:15Z INFO [22/750] 956f3c30-b63d-4ac2-9c3e-a5ddd4c10286: 117 datasets; 1.5 s; peak memory 291 MiB.
2026-10-10T16:31:16Z INFO [23/750] 95728bd2-d6e3-4cdf-9dc5-6ce2e0a87164: 46 datasets; 1.1 s; peak memory 291 MiB.
2026-10-10T16:31:17Z INFO [24/750] 9572a75d-66bd-42b9-b1a3-f79d8d07b577: 116 datasets; 1.4 s; peak memory 291 MiB.
2026-10-10T16:31:19Z INFO [25/750] 9572bcef-278b-43c1-8173-0c1bffa76f3e: 72 datasets; 1.5 s; peak memory 291 MiB.
2026-10-10T16:31:20Z INFO [26/750] 95738448-6db9-44fe-bb70-23d4d8ca39e5: 117 datasets; 1.6 s; peak memory 291 MiB.
2026-10-10T16:31:22Z INFO [27/750] 9574495e-74c9-4b6a-8650-802644a7a950: 53 datasets; 2.0 s; peak memory 291 MiB.
2026-10-10T16:31:24Z INFO [28/750] 957450e8-45e0-46ac-b4ce-49eff53695d2: 118 datasets; 1.4 s; peak memory 291 MiB.
2026-10-10T16:31:31Z INFO [29/750] 9574a89b-4151-45e7-9c6c-f120134b42f9: 538 datasets; 7.5 s; peak memory 291 MiB.
2026-10-10T16:31:33Z INFO [30/750] 9574c775-5586-4c43-aad7-31460e4f7a15: 118 datasets; 1.5 s; peak memory 291 MiB.
2026-10-10T16:31:38Z INFO [31/750] 9574e690-25e1-485e-bbc3-7de1a8aefa9d: 223 datasets; 5.3 s; peak memory 291 MiB.
2026-10-10T16:31:41Z INFO [32/750] 957612b1-20fe-4eaa-935a-0208ce784c94: 155 datasets; 2.4 s; peak memory 291 MiB.
2026-10-10T16:31:42Z INFO [33/750] 9576323f-3023-4708-abc9-288f7484a74b: 118 datasets; 1.5 s; peak memory 291 MiB.
2026-10-10T16:31:43Z INFO [34/750] 95764ebe-ecb4-4f43-8066-c8936d187702: 52 datasets; 1.3 s; peak memory 291 MiB.
2026-10-10T16:31:44Z INFO [35/750] 9576a562-ec82-4a99-a774-96ea782a64fc: 56 datasets; 0.9 s; peak memory 291 MiB.
2026-10-10T16:31:47Z INFO [36/750] 95779676-3b3b-4a8f-aaaa-a3d7aef1c4fb: 119 datasets; 2.4 s; peak memory 291 MiB.
2026-10-10T16:31:49Z INFO [37/750] 95782f5c-bdd7-4bd2-93d9-226c8f468786: 38 datasets; 2.7 s; peak memory 291 MiB.
2026-10-10T16:31:51Z INFO [38/750] 9579b7d0-d98c-4f9d-9554-f2ef1c103515: 69 datasets; 1.7 s; peak memory 291 MiB.
2026-10-10T16:31:53Z INFO [39/750] 9579e6a4-8ede-4456-a1d7-28c3e7164283: 84 datasets; 1.5 s; peak memory 291 MiB.
2026-10-10T16:31:54Z INFO [40/750] 957a8554-a558-4e1f-884d-0a03802a6d97: 52 datasets; 1.3 s; peak memory 291 MiB.
2026-10-10T16:31:56Z INFO [41/750] 957ad753-be12-4c64-94bd-dd19f0dc98b9: 71 datasets; 2.2 s; peak memory 291 MiB.
2026-10-10T16:31:58Z INFO [42/750] 957ba474-248b-407e-8825-e2e07bf5a962: 79 datasets; 1.6 s; peak memory 291 MiB.
2026-10-10T16:31:59Z INFO [43/750] 957cd8d5-d15d-4e89-a0a2-7fd982267a2b: 46 datasets; 1.0 s; peak memory 291 MiB.
2026-10-10T16:32:00Z INFO [44/750] 957d525a-535d-4ad6-abcc-74d22c2f0aa1: 118 datasets; 1.5 s; peak memory 291 MiB.
2026-10-10T16:32:01Z INFO [45/750] 957d5305-beaa-4345-a39c-530d5406c464: 112 datasets; 1.1 s; peak memory 291 MiB.
2026-10-10T16:32:03Z INFO [46/750] 957f0ea3-c109-41c1-af36-102d87761ec3: 117 datasets; 1.5 s; peak memory 291 MiB.
2026-10-10T16:32:04Z INFO [47/750] 957f1dd7-44c3-4a91-9b29-6912a7f9db68: 63 datasets; 1.1 s; peak memory 291 MiB.
2026-10-10T16:32:05Z INFO [48/750] 957fa0f4-0829-4027-b672-dd1734ce8cf9: 66 datasets; 1.6 s; peak memory 291 MiB.
2026-10-10T16:32:06Z INFO [49/750] 9580dc1a-fe7d-49b4-8e16-02144f1dc3a1: 35 datasets; 1.0 s; peak memory 291 MiB.
2026-10-10T16:32:08Z INFO [50/750] 9581af92-1f6b-40fc-8912-9e63fde892cd: 48 datasets; 1.2 s; peak memory 291 MiB.
2026-10-10T16:32:08Z INFO [50/750] 9581af92-1f6b-40fc-8912-9e63fde892cd: checkpointed 119135 new records.
2026-10-10T16:32:09Z INFO [51/750] 958201ee-0c0b-495e-8d27-e2c7629f6cee: 118 datasets; 1.4 s; peak memory 291 MiB.
2026-10-10T16:32:13Z INFO [52/750] 95825450-d4b2-4676-a517-e41eaefea243: 156 datasets; 3.4 s; peak memory 291 MiB.
2026-10-10T16:32:14Z INFO [53/750] 95826b02-cdea-4344-8a3a-f00a24151121: 46 datasets; 1.0 s; peak memory 291 MiB.
2026-10-10T16:32:16Z INFO [54/750] 9582df96-3a8e-4ac1-b5c0-de65d252d5a4: 186 datasets; 2.9 s; peak memory 291 MiB.
2026-10-10T16:32:27Z INFO [55/750] 958330d3-04b3-4652-b2d7-3a2d820c9708: 708 datasets; 10.4 s; peak memory 291 MiB.
2026-10-10T16:32:28Z INFO [56/750] 95838c23-b30f-4ec0-afed-52cc564b7050: 56 datasets; 1.0 s; peak memory 291 MiB.
2026-10-10T16:32:35Z INFO [57/750] 9583a992-a9b7-41fc-bfb7-adf353ea7b84: 604 datasets; 7.1 s; peak memory 291 MiB.
2026-10-10T16:32:36Z INFO [58/750] 95849d62-a8f3-4b57-bcac-937143d1d162: 117 datasets; 1.4 s; peak memory 291 MiB.
2026-10-10T16:32:38Z INFO [59/750] 95849f7b-0fba-4cba-b173-c7d5d8c2f1d7: 101 datasets; 2.1 s; peak memory 291 MiB.
2026-10-10T16:32:41Z INFO [60/750] 9585621b-92ac-4666-8b46-2b5f4968fcf8: 116 datasets; 3.0 s; peak memory 291 MiB.
2026-10-10T16:32:43Z INFO [61/750] 95857a56-831a-4612-aa42-3ec90129da6f: 48 datasets; 1.2 s; peak memory 291 MiB.
2026-10-10T16:32:53Z INFO [62/750] 95857b2c-295d-4218-aab5-a7305d73bf09: 1409 datasets; 10.2 s; peak memory 291 MiB.
2026-10-10T16:32:54Z INFO [63/750] 958610ad-a379-4bdb-8167-58d8f4d4158e: 48 datasets; 1.2 s; peak memory 291 MiB.
2026-10-10T16:32:55Z INFO [64/750] 95861b13-db7d-4ebb-a3ed-34a53fb37752: 117 datasets; 1.4 s; peak memory 291 MiB.
2026-10-10T16:33:01Z INFO [65/750] 95868e7e-fb10-420e-94bf-e1d839a9de3e: 229 datasets; 5.3 s; peak memory 291 MiB.
2026-10-10T16:34:55Z INFO [66/750] 958705f9-5f30-45ad-ad99-b0d49f8a8bf5: 413 datasets; 114.4 s; peak memory 299 MiB.
2026-10-10T16:34:56Z INFO [67/750] 95882618-a089-455c-b6fe-d531fff17b1e: 111 datasets; 1.3 s; peak memory 299 MiB.
2026-10-10T16:34:58Z INFO [68/750] 95884e31-6359-40d1-b67c-62d8779b6793: 68 datasets; 1.6 s; peak memory 299 MiB.
2026-10-10T16:34:59Z INFO [69/750] 9589036b-1f06-41cb-8f56-6b47f3b3361b: 48 datasets; 1.2 s; peak memory 299 MiB.
2026-10-10T16:35:01Z INFO [70/750] 958a5b8e-bef2-4551-8dc5-d2e3fe5b4cbf: 112 datasets; 1.7 s; peak memory 299 MiB.
2026-10-10T16:35:06Z INFO [71/750] 958ab5b5-81b3-4b1d-8318-e6a5b2716b60: 444 datasets; 4.7 s; peak memory 299 MiB.
2026-10-10T16:35:08Z INFO [72/750] 958b0570-fc85-4f55-84df-8ee10f98e757: 168 datasets; 2.9 s; peak memory 299 MiB.
2026-10-10T16:35:10Z INFO [73/750] 958b3e24-7ed8-41d1-89b4-169228a6ebb8: 46 datasets; 1.2 s; peak memory 299 MiB.
2026-10-10T16:35:11Z INFO [74/750] 958b4f06-e797-4470-9128-0cc4e762483a: 118 datasets; 1.7 s; peak memory 299 MiB.
2026-10-10T16:35:13Z INFO [75/750] 958b697d-2567-4223-8e1f-887e23e6891c: 66 datasets; 2.0 s; peak memory 299 MiB.
2026-10-10T16:35:15Z INFO [76/750] 958b6deb-2bd8-42ff-b619-56e6743aec8a: 132 datasets; 2.2 s; peak memory 299 MiB.
2026-10-10T16:35:17Z INFO [77/750] 958b7ed3-6d33-4eb0-9bae-84f675a61624: 38 datasets; 1.2 s; peak memory 299 MiB.
2026-10-10T16:35:18Z INFO [78/750] 958bafd9-c142-4ccf-b3ba-379530c0f461: 112 datasets; 1.7 s; peak memory 299 MiB.
2026-10-10T16:35:20Z INFO [79/750] 958bced1-4317-49a2-8494-77e4b1d56540: 118 datasets; 1.5 s; peak memory 299 MiB.
2026-10-10T16:35:26Z INFO [80/750] 958bee67-b92a-4e8e-b5e8-04e2b952b24b: 463 datasets; 6.1 s; peak memory 299 MiB.
2026-10-10T16:35:28Z INFO [81/750] 958c2b19-6649-438c-8d20-93a5f2bf34cd: 116 datasets; 1.7 s; peak memory 299 MiB.
2026-10-10T16:35:30Z INFO [82/750] 958cadb2-810c-4ed9-8b95-e0a94e51f405: 38 datasets; 2.9 s; peak memory 299 MiB.
2026-10-10T16:35:32Z INFO [83/750] 958cb6a1-c628-4db9-aad1-8e7e69f07ffc: 48 datasets; 1.2 s; peak memory 299 MiB.
2026-10-10T16:35:34Z INFO [84/750] 958d7ee9-54b9-484d-90b3-f7deda1a6a8a: 71 datasets; 2.1 s; peak memory 299 MiB.
2026-10-10T16:35:35Z INFO [85/750] 958ddf5e-b0e1-40df-9fde-7848c063f90a: 48 datasets; 1.2 s; peak memory 299 MiB.
2026-10-10T16:35:36Z INFO [86/750] 958ef6e9-ef9c-432b-bf1c-6764f7d56557: 117 datasets; 1.5 s; peak memory 299 MiB.
2026-10-10T16:36:27Z INFO [87/750] 958fff79-861b-4cdc-ace5-dbe78511b021: 52 datasets; 50.8 s; peak memory 299 MiB.
2026-10-10T16:36:29Z INFO [88/750] 959104b9-c3b1-4d9b-84ec-bb981a2646af: 112 datasets; 1.7 s; peak memory 299 MiB.
2026-10-10T16:36:30Z INFO [89/750] 95929fed-c70b-4bec-91af-195ea887387a: 48 datasets; 1.2 s; peak memory 299 MiB.
2026-10-10T16:36:50Z INFO [90/750] 95933482-07f0-4851-a38c-bc1fa780c9e1: 1454 datasets; 20.1 s; peak memory 299 MiB.
2026-10-10T16:36:51Z INFO [91/750] 95933d1c-515c-4c27-887f-12d4ad0f1301: 48 datasets; 1.2 s; peak memory 299 MiB.
2026-10-10T16:36:53Z INFO [92/750] 9593daf9-415c-4d0f-ab45-4cad00ea9514: 112 datasets; 1.7 s; peak memory 299 MiB.
2026-10-10T16:36:55Z INFO [93/750] 9595ad6e-e7cc-4b3d-a825-e3adab5038bd: 71 datasets; 1.7 s; peak memory 299 MiB.
2026-10-10T16:36:56Z INFO [94/750] 959664a0-1032-4c87-a388-54e87c824d92: 118 datasets; 1.4 s; peak memory 299 MiB.
2026-10-10T16:36:58Z INFO [95/750] 95973d47-0f3e-4598-bde8-0be2f1f0c88b: 112 datasets; 1.7 s; peak memory 299 MiB.
2026-10-10T16:36:59Z INFO [96/750] 9597688a-79cf-407b-a740-2a5a8d098ed3: 275 datasets; 1.7 s; peak memory 299 MiB.
2026-10-10T16:37:01Z INFO [97/750] 9597e578-10ba-4d56-8351-2a26a3d8547b: 60 datasets; 1.8 s; peak memory 299 MiB.
2026-10-10T16:37:07Z INFO [98/750] 95981bcf-46ef-4a92-bd63-f0cab8c6f4ea: 200 datasets; 6.3 s; peak memory 299 MiB.
2026-10-10T16:37:11Z INFO [99/750] 959853a2-e855-49f7-91c1-e6064e0c5665: 163 datasets; 3.3 s; peak memory 299 MiB.
2026-10-10T16:37:13Z INFO [100/750] 9598e066-419e-4a17-8920-e0ae732b7d54: 110 datasets; 1.9 s; peak memory 299 MiB.
2026-10-10T16:37:13Z INFO [100/750] 9598e066-419e-4a17-8920-e0ae732b7d54: checkpointed 119185 new records.
2026-10-10T16:37:14Z INFO [101/750] 9598f825-bb2f-40ef-b1da-0fddd1e1ea58: 48 datasets; 1.2 s; peak memory 299 MiB.
2026-10-10T16:37:16Z INFO [102/750] 959a2a06-8e91-40f1-b932-ee4f1dbd7af2: 69 datasets; 2.1 s; peak memory 299 MiB.
2026-10-10T16:37:18Z INFO [103/750] 959aa2e9-23b0-4cd1-90d5-5de9802122d3: 112 datasets; 2.1 s; peak memory 299 MiB.
2026-10-10T16:37:19Z INFO [104/750] 959b3d34-1983-4e07-8cd3-8069ae834772: 38 datasets; 1.1 s; peak memory 299 MiB.
2026-10-10T16:37:21Z INFO [105/750] 959b68d4-50c1-44b9-94b0-b5e250d2460e: 52 datasets; 1.3 s; peak memory 299 MiB.
2026-10-10T16:37:24Z INFO [106/750] 959b96fa-d3f2-4991-aa25-064493ef3585: 116 datasets; 2.8 s; peak memory 299 MiB.
2026-10-10T16:38:10Z INFO [107/750] 959d1f58-554e-4d3b-a417-ae08018e1ecb: 55 datasets; 46.3 s; peak memory 299 MiB.
2026-10-10T16:38:11Z INFO [108/750] 959d5925-6aae-44a3-aaa3-70cd238e1ea0: 52 datasets; 1.3 s; peak memory 299 MiB.
2026-10-10T16:38:12Z INFO [109/750] 959d8c5d-1cef-40b1-8139-8f2fa9e08670: 48 datasets; 1.2 s; peak memory 299 MiB.
2026-10-10T16:38:25Z INFO [110/750] 959f591d-7940-4a20-bc86-ce4908d98870: 761 datasets; 12.7 s; peak memory 299 MiB.
2026-10-10T16:38:31Z INFO [111/750] 959fe35f-9dcb-49c1-859d-25fad87609cd: 598 datasets; 6.1 s; peak memory 299 MiB.
2026-10-10T16:38:33Z INFO [112/750] 959fe97a-018d-4d3e-83a2-9db6fe7bbcc1: 64 datasets; 2.1 s; peak memory 299 MiB.
2026-10-10T16:38:35Z INFO [113/750] 959feaba-e591-43d4-af6c-15fbe4028718: 112 datasets; 1.5 s; peak memory 299 MiB.
2026-10-10T16:38:36Z INFO [114/750] 95a01e1f-0347-4e4a-9e9f-400c2e42d5c9: 52 datasets; 1.3 s; peak memory 299 MiB.
2026-10-10T16:38:37Z INFO [115/750] 95a094ee-9c71-4ca2-8424-aa1d7546503e: 37 datasets; 0.9 s; peak memory 299 MiB.
2026-10-10T16:38:38Z INFO [116/750] 95a0ccbf-3de2-44ef-9ec7-f791675e5a00: 48 datasets; 1.2 s; peak memory 299 MiB.
2026-10-10T16:38:41Z INFO [117/750] 95a1452c-6dcb-46be-b80d-b42dc0bc3b7f: 110 datasets; 2.2 s; peak memory 299 MiB.
2026-10-10T16:38:42Z INFO [118/750] 95a14752-69d4-48a6-bdc9-be2129e96d1c: 36 datasets; 1.1 s; peak memory 299 MiB.
2026-10-10T16:38:43Z INFO [119/750] 95a4c15f-c77c-4d4c-951d-cce53683088e: 117 datasets; 1.5 s; peak memory 299 MiB.
2026-10-10T16:40:33Z INFO [120/750] 95a4dfe6-1aae-4390-989b-747cfaccb301: 250 datasets; 110.0 s; peak memory 299 MiB.
2026-10-10T16:40:34Z INFO [121/750] 95a5052c-06c3-4204-bdd9-be96c816e794: 46 datasets; 1.0 s; peak memory 299 MiB.
2026-10-10T16:40:36Z INFO [122/750] 95a505e5-2997-4ea5-b19f-5196974b9f92: 117 datasets; 1.5 s; peak memory 299 MiB.
2026-10-10T16:40:46Z INFO [123/750] 95a55da0-37ec-4c6a-9107-ec53cbc84fa1: 709 datasets; 10.4 s; peak memory 299 MiB.
2026-10-10T16:40:47Z INFO [124/750] 95a576be-32f5-4916-8847-5afcce267cb1: 48 datasets; 1.3 s; peak memory 299 MiB.
2026-10-10T16:40:49Z INFO [125/750] 95a61d64-3753-4228-8f43-54fa2e541548: 73 datasets; 1.8 s; peak memory 299 MiB.
2026-10-10T16:40:50Z INFO [126/750] 95a624a1-d1f8-4096-9a5d-ec4e694fc6c6: 48 datasets; 1.2 s; peak memory 299 MiB.
2026-10-10T16:40:54Z INFO [127/750] 95a63c68-8c87-4df5-9f59-e822b4936de7: 186 datasets; 3.1 s; peak memory 299 MiB.
2026-10-10T16:40:55Z INFO [128/750] 95a6a722-091b-4d08-a120-523f4def3a78: 48 datasets; 1.2 s; peak memory 299 MiB.
2026-10-10T16:40:57Z INFO [129/750] 95a73862-f552-4940-80ea-b800231b6cbc: 112 datasets; 1.8 s; peak memory 299 MiB.
2026-10-10T16:41:04Z INFO [130/750] 95a79e26-ab4d-485a-aace-c72a8aa9311b: 526 datasets; 7.8 s; peak memory 299 MiB.
2026-10-10T16:41:07Z INFO [131/750] 95a8205e-2df4-4298-9bd5-c8b2495fb10c: 71 datasets; 2.3 s; peak memory 299 MiB.
2026-10-10T16:41:08Z INFO [132/750] 95a8f330-b568-42bc-bf7b-ef4a6cf0e4fe: 48 datasets; 1.2 s; peak memory 299 MiB.
2026-10-10T16:41:11Z INFO [133/750] 95a9b92c-fb3b-4819-8e9d-97545c6f8441: 156 datasets; 3.4 s; peak memory 299 MiB.
2026-10-10T16:41:12Z INFO [134/750] 95aa9b54-8f7d-4ca0-8828-d9f8e746f1dc: 48 datasets; 1.2 s; peak memory 299 MiB.
2026-10-10T16:41:52Z INFO [135/750] 95ac5b00-cb03-4be0-a8d1-7a851df4fa3a: 10296 datasets; 40.0 s; peak memory 299 MiB.
2026-10-10T16:42:01Z INFO [136/750] 95ac5fc0-3519-4a51-a10e-3728968cb57e: 1031 datasets; 8.9 s; peak memory 299 MiB.
2026-10-10T16:42:04Z INFO [137/750] 95acaad9-4431-4118-ad07-c2e6994a3cc6: 90 datasets; 3.1 s; peak memory 299 MiB.
2026-10-10T16:42:06Z INFO [138/750] 95adbe11-01b2-41e2-8d8f-88268a32c094: 118 datasets; 1.4 s; peak memory 299 MiB.
2026-10-10T16:42:07Z INFO [139/750] 95adcfa1-a2a1-4403-9815-8b3d910fd000: 48 datasets; 1.2 s; peak memory 299 MiB.
2026-10-10T16:42:09Z INFO [140/750] 95aef1a6-b313-4291-8a71-53235bd25377: 71 datasets; 1.7 s; peak memory 299 MiB.
2026-10-10T16:42:10Z INFO [141/750] 95af3fcd-0f0d-40b8-9683-2272afd1386f: 117 datasets; 1.5 s; peak memory 299 MiB.
2026-10-10T16:42:12Z INFO [142/750] 95b1832f-bbb4-4b4e-b4a3-e032c7f8b8fc: 112 datasets; 1.7 s; peak memory 299 MiB.
2026-10-10T16:42:13Z INFO [143/750] 95b2308c-05cc-412d-9132-5f04631cb1d6: 48 datasets; 1.2 s; peak memory 299 MiB.
2026-10-10T16:42:15Z INFO [144/750] 95b24577-bce2-45ae-b992-65339968ad8d: 93 datasets; 1.6 s; peak memory 299 MiB.
2026-10-10T16:42:16Z INFO [145/750] 95b2c74c-5f18-49eb-bd3b-e4fe79b18ad2: 66 datasets; 1.6 s; peak memory 299 MiB.
2026-10-10T16:42:22Z INFO [146/750] 95b2d925-4546-4309-920a-d5809d829a84: 225 datasets; 5.3 s; peak memory 299 MiB.
2026-10-10T16:42:23Z INFO [147/750] 95b2e2a4-eafb-4fae-8f72-154f46169e8a: 43 datasets; 1.3 s; peak memory 299 MiB.
2026-10-10T16:42:26Z INFO [148/750] 95b343ef-1889-47fa-b1cb-276d6c14bf6d: 172 datasets; 3.0 s; peak memory 299 MiB.
2026-10-10T16:42:42Z INFO [149/750] 95b3b8e8-9db0-4c07-a597-7c4e4bfe131a: 38 datasets; 15.7 s; peak memory 299 MiB.
2026-10-10T16:42:45Z INFO [150/750] 95b42bbb-ea29-437a-9fcf-6c2cc4c81e6d: 156 datasets; 3.2 s; peak memory 299 MiB.
2026-10-10T16:42:45Z INFO [150/750] 95b42bbb-ea29-437a-9fcf-6c2cc4c81e6d: checkpointed 119235 new records.
2026-10-10T16:42:51Z INFO [151/750] 95b642f6-3fad-432d-b2a3-1aac1d527cf1: 229 datasets; 6.0 s; peak memory 299 MiB.
2026-10-10T16:43:09Z INFO [152/750] 95b6e076-c643-4edd-948e-881c696c3d4f: 1404 datasets; 17.5 s; peak memory 299 MiB.
2026-10-10T16:43:10Z INFO [153/750] 95b7f736-569f-4786-85ee-d0618f03fdb6: 112 datasets; 1.5 s; peak memory 299 MiB.
2026-10-10T16:43:12Z INFO [154/750] 95b920e5-aa5b-49ae-a161-e2e769d0a535: 101 datasets; 1.9 s; peak memory 299 MiB.
2026-10-10T16:43:13Z INFO [155/750] 95ba60d2-df65-4312-94b5-61a97a692424: 38 datasets; 1.0 s; peak memory 299 MiB.
2026-10-10T16:43:14Z INFO [156/750] 95ba9821-6336-4e3e-bd8a-01279cea05af: 56 datasets; 1.0 s; peak memory 299 MiB.
2026-10-10T16:43:30Z INFO [157/750] 95babd5d-9527-4672-9ebf-96c2ece8ca75: 428 datasets; 15.4 s; peak memory 299 MiB.
2026-10-10T16:43:31Z INFO [158/750] 95bb2624-c4cf-49a0-b0cf-67fb1c23ad22: 117 datasets; 1.7 s; peak memory 299 MiB.
2026-10-10T16:43:36Z INFO [159/750] 95bb3a23-3004-4bc7-8041-234aa14e5d32: 38 datasets; 4.5 s; peak memory 299 MiB.
2026-10-10T16:43:37Z INFO [160/750] 95bc52d3-ab0c-48bd-9862-9d492e061288: 117 datasets; 1.4 s; peak memory 299 MiB.
2026-10-10T16:43:38Z INFO [161/750] 95bc6d71-17ff-42ef-a307-6398544d28f7: 48 datasets; 1.4 s; peak memory 299 MiB.
2026-10-10T16:43:40Z INFO [162/750] 95be31c2-84db-4691-ad19-e2f2fe076342: 48 datasets; 1.3 s; peak memory 299 MiB.
2026-10-10T16:43:41Z INFO [163/750] 95bf6001-d6c6-4661-a647-82d1f8ffb7b0: 66 datasets; 1.7 s; peak memory 299 MiB.
2026-10-10T16:43:43Z INFO [164/750] 95bf8ba6-0b86-4403-8320-fa2f649cbd7e: 121 datasets; 1.2 s; peak memory 299 MiB.
2026-10-10T16:43:44Z INFO [165/750] 95bfd88b-166e-496b-a8ef-43f4f369c1a2: 119 datasets; 1.2 s; peak memory 299 MiB.
2026-10-10T16:43:46Z INFO [166/750] 95c0fc9f-7c57-415e-9059-47b4f0ea21e3: 110 datasets; 1.8 s; peak memory 299 MiB.
2026-10-10T16:43:47Z INFO [167/750] 95c10f6e-12e3-4676-8192-a78ee9149db8: 113 datasets; 1.9 s; peak memory 299 MiB.
2026-10-10T16:43:49Z INFO [168/750] 95c1a540-1868-4250-8d68-2996b0e1d12a: 62 datasets; 1.5 s; peak memory 299 MiB.
2026-10-10T16:43:50Z INFO [169/750] 95c2d989-db10-427d-aff1-29e6000bb1e1: 48 datasets; 1.2 s; peak memory 299 MiB.
2026-10-10T16:43:51Z INFO [170/750] 95c2fe7c-ddac-4154-848e-c2a7ffebd428: 46 datasets; 1.1 s; peak memory 299 MiB.
2026-10-10T16:43:53Z INFO [171/750] 95c33d8f-e754-4658-bb4e-54877ca25c56: 117 datasets; 1.6 s; peak memory 299 MiB.
2026-10-10T16:43:54Z INFO [172/750] 95c486d1-5f2e-451b-818c-5eb2081b38f1: 118 datasets; 1.3 s; peak memory 299 MiB.
2026-10-10T16:44:01Z INFO [173/750] 95c52ded-1f02-40f3-a370-20e2294978a8: 538 datasets; 6.5 s; peak memory 299 MiB.
2026-10-10T16:44:02Z INFO [174/750] 95c5f65e-e44a-4707-ae60-558f9cbb79ba: 48 datasets; 1.2 s; peak memory 299 MiB.
2026-10-10T16:44:05Z INFO [175/750] 95c7638f-b2df-48c3-9390-b7e8dbf0b023: 115 datasets; 2.8 s; peak memory 299 MiB.
2026-10-10T16:44:06Z INFO [176/750] 95c8d51d-25db-439c-83f4-94a43dba7c87: 46 datasets; 1.1 s; peak memory 299 MiB.
2026-10-10T16:44:07Z INFO [177/750] 95c9ade1-722e-45f8-a73a-c3d8e231f37f: 48 datasets; 1.1 s; peak memory 299 MiB.
2026-10-10T16:46:01Z INFO [178/750] 95ca67de-cc3e-4c74-b9ef-46b811a2beae: 167 datasets; 114.5 s; peak memory 299 MiB.
2026-10-10T16:46:10Z INFO [179/750] 95ca68cc-bf6f-4784-bc53-6811bdd4ab6f: 527 datasets; 8.6 s; peak memory 299 MiB.
2026-10-10T16:46:13Z INFO [180/750] 95cae199-aa63-4240-ae33-23f70e709f2f: 99 datasets; 3.2 s; peak memory 299 MiB.
2026-10-10T16:46:15Z INFO [181/750] 95cb97a6-54c0-480f-8b7c-5f02952ba1a1: 77 datasets; 2.0 s; peak memory 299 MiB.
2026-10-10T16:46:16Z INFO [182/750] 95cbd516-8181-46d5-a03d-7f44b78d2999: 48 datasets; 1.2 s; peak memory 299 MiB.
2026-10-10T16:46:18Z INFO [183/750] 95cc779c-b9f1-48e4-9bc1-73104157eacf: 117 datasets; 1.4 s; peak memory 299 MiB.
2026-10-10T16:48:18Z INFO [184/750] 95cc9ed4-fc99-4426-b550-9a09e2896dc8: 449 datasets; 119.9 s; peak memory 304 MiB.
2026-10-10T16:48:19Z INFO [185/750] 95cd7561-9433-43f6-ae6c-e34196a057ff: 42 datasets; 1.3 s; peak memory 304 MiB.
2026-10-10T16:48:20Z INFO [186/750] 95cda7f3-ef92-417d-bcbd-1d53e635f965: 55 datasets; 1.1 s; peak memory 304 MiB.
2026-10-10T16:48:21Z INFO [187/750] 95cde24a-fdb7-4bd0-a503-294cf8c62918: 41 datasets; 1.3 s; peak memory 304 MiB.
2026-10-10T16:48:25Z INFO [188/750] 95cf5efc-60a6-4cf1-b82e-310abd25b9db: 156 datasets; 3.5 s; peak memory 304 MiB.
2026-10-10T16:48:28Z INFO [189/750] 95cfe78c-6fb1-484f-a7ef-349df45d6b11: 333 datasets; 3.1 s; peak memory 304 MiB.
2026-10-10T16:48:30Z INFO [190/750] 95cff273-9512-46dc-aeab-5da32b1b2519: 69 datasets; 1.5 s; peak memory 304 MiB.
2026-10-10T16:48:31Z INFO [191/750] 95d00660-57f2-43a0-a019-38058bd2396f: 48 datasets; 1.2 s; peak memory 304 MiB.
2026-10-10T16:48:32Z INFO [192/750] 95d02b3d-80ac-4a0d-b7ee-d566cbd6a182: 112 datasets; 1.4 s; peak memory 304 MiB.
2026-10-10T16:48:40Z INFO [193/750] 95d0c851-443a-4880-a48a-45328057a094: 538 datasets; 7.4 s; peak memory 304 MiB.
2026-10-10T16:48:41Z INFO [194/750] 95d137b1-763f-435a-a083-aaf26ec0c9d8: 49 datasets; 1.3 s; peak memory 304 MiB.
2026-10-10T16:48:42Z INFO [195/750] 95d1f934-273e-4a17-a95d-1ce32408d4ee: 63 datasets; 1.2 s; peak memory 304 MiB.
2026-10-10T16:48:43Z INFO [196/750] 95d212d6-481d-4ad0-8c8a-96a920991135: 59 datasets; 1.4 s; peak memory 304 MiB.
2026-10-10T16:48:46Z INFO [197/750] 95d2a59f-867c-4aa0-a2d7-c283fc2b1ce6: 66 datasets; 2.3 s; peak memory 304 MiB.
2026-10-10T16:50:38Z INFO [198/750] 95d2b1ff-cdda-421c-8f8b-41ef326e034a: 269 datasets; 112.0 s; peak memory 304 MiB.
2026-10-10T16:50:40Z INFO [199/750] 95d2f1e0-2ddf-4b42-8fa0-24f4cf30e7b2: 71 datasets; 1.9 s; peak memory 304 MiB.
2026-10-10T16:50:47Z INFO [200/750] 95d300e1-5137-42ff-9588-629ef2552187: 266 datasets; 7.4 s; peak memory 304 MiB.
2026-10-10T16:50:47Z INFO [200/750] 95d300e1-5137-42ff-9588-629ef2552187: checkpointed 119285 new records.
2026-10-10T16:50:49Z INFO [201/750] 95d371de-29f1-4c4f-ae08-1b5f8e395537: 66 datasets; 2.0 s; peak memory 304 MiB.
2026-10-10T16:50:51Z INFO [202/750] 95d3bd7e-ae9d-44e8-a870-b464c0ce5415: 116 datasets; 1.4 s; peak memory 304 MiB.
2026-10-10T16:50:52Z INFO [203/750] 95d3d5e6-8195-4061-8fcb-11a3b49d9782: 74 datasets; 1.5 s; peak memory 304 MiB.
2026-10-10T16:50:54Z INFO [204/750] 95d47cfe-1398-4a26-a0f3-3359d0bd69d3: 112 datasets; 1.9 s; peak memory 304 MiB.
2026-10-10T16:51:03Z INFO [205/750] 95d4d8b4-cfd9-44d4-8e2b-5938bea00ea5: 1053 datasets; 9.2 s; peak memory 304 MiB.
2026-10-10T16:51:09Z INFO [206/750] 95d51eff-58cf-476b-9318-261ea82642cb: 193 datasets; 6.1 s; peak memory 304 MiB.
2026-10-10T16:51:10Z INFO [207/750] 95d68eba-c91d-4036-a774-f587ff721f94: 37 datasets; 0.9 s; peak memory 304 MiB.
2026-10-10T16:51:31Z INFO [208/750] 95d6d319-b6b1-46a5-b9c6-5e555c3439fa: 48 datasets; 20.3 s; peak memory 304 MiB.
2026-10-10T16:51:32Z INFO [209/750] 95d71dc3-2fed-43fd-89b0-734c64cfb918: 46 datasets; 1.1 s; peak memory 304 MiB.
2026-10-10T16:51:34Z INFO [210/750] 95d720e8-373b-4123-810f-1aa38f362b6c: 112 datasets; 1.8 s; peak memory 304 MiB.
2026-10-10T16:51:35Z INFO [211/750] 95d7cefb-755a-46b9-ae1c-64ad1fd51b87: 117 datasets; 1.5 s; peak memory 304 MiB.
2026-10-10T17:05:01Z INFO [212/750] 95d7d763-269f-4061-b6f9-2ccf29af62eb: 276 datasets; 805.7 s; peak memory 1119 MiB.
2026-10-10T17:05:02Z INFO [213/750] 95d849ab-86e4-427a-acfe-343c05f5ab46: 112 datasets; 1.7 s; peak memory 1119 MiB.
2026-10-10T17:05:04Z INFO [214/750] 95d8c0bf-c644-4a5c-ab0e-194ff1738c8b: 48 datasets; 1.3 s; peak memory 1119 MiB.
2026-10-10T17:05:11Z INFO [215/750] 95d93fa6-5aa5-4001-a311-396ffed4bdfd: 257 datasets; 7.1 s; peak memory 1119 MiB.
2026-10-10T17:05:12Z INFO [216/750] 95da3416-c680-4770-8171-52dc0e61a143: 48 datasets; 1.2 s; peak memory 1119 MiB.
2026-10-10T17:05:23Z INFO [217/750] 95daa835-88fc-4db1-a619-c0e915552810: 665 datasets; 10.9 s; peak memory 1119 MiB.
2026-10-10T17:05:24Z INFO [218/750] 95db1ab2-e56a-4abc-88e9-12b22d5b441b: 48 datasets; 1.2 s; peak memory 1119 MiB.
2026-10-10T17:05:25Z INFO [219/750] 95dbbc93-2c3c-4eab-bb48-359936f04921: 63 datasets; 1.1 s; peak memory 1119 MiB.
2026-10-10T17:05:28Z INFO [220/750] 95dc1e20-b2b7-4ad3-9715-c07a2edfa247: 38 datasets; 2.8 s; peak memory 1119 MiB.
2026-10-10T17:05:29Z INFO [221/750] 95dcbaae-8ee1-45b7-a38b-73e290e9f80a: 48 datasets; 1.1 s; peak memory 1119 MiB.
2026-10-10T17:05:31Z INFO [222/750] 95dd3565-bc17-41fa-89cc-148a41bd916a: 69 datasets; 1.7 s; peak memory 1119 MiB.
2026-10-10T17:06:03Z INFO [223/750] 95dd5050-1528-4d16-a7f7-dc5cfefd5db3: 36 datasets; 32.0 s; peak memory 1119 MiB.
2026-10-10T17:06:15Z INFO [224/750] 95dd5b57-c8d8-41d1-8793-6b6a1afcdc14: 694 datasets; 12.0 s; peak memory 1119 MiB.
2026-10-10T17:06:17Z INFO [225/750] 95dd7cb1-025e-467b-ae87-e56df2adaeb6: 110 datasets; 1.8 s; peak memory 1119 MiB.
2026-10-10T17:06:19Z INFO [226/750] 95ddbd2a-e9b2-4ab6-a230-b43243528b09: 141 datasets; 2.8 s; peak memory 1119 MiB.
2026-10-10T17:06:31Z INFO [227/750] 95df0e38-c8e3-4573-8bff-880175ace28e: 739 datasets; 11.5 s; peak memory 1119 MiB.
2026-10-10T17:06:32Z INFO [228/750] 95e2fda5-c8d1-4d33-94d6-f9e235fb58eb: 46 datasets; 1.0 s; peak memory 1119 MiB.
2026-10-10T17:06:33Z INFO [229/750] 95e407cf-840c-4023-a242-f4ad24f7cd35: 46 datasets; 1.1 s; peak memory 1119 MiB.
2026-10-10T17:06:40Z INFO [230/750] 95e4c13f-78fa-4087-8b1b-7941e5fd910e: 548 datasets; 7.4 s; peak memory 1119 MiB.
2026-10-10T17:06:42Z INFO [231/750] 95e5050f-ab00-4606-aafa-ba2d32175b8f: 62 datasets; 1.6 s; peak memory 1119 MiB.
2026-10-10T17:06:43Z INFO [232/750] 95e6bc15-a0dc-43c8-9f56-5ac3b2b60a7e: 48 datasets; 1.4 s; peak memory 1119 MiB.
2026-10-10T17:06:45Z INFO [233/750] 95e7f614-793c-4e18-bbcd-5560f26e57e6: 49 datasets; 1.5 s; peak memory 1119 MiB.
2026-10-10T17:06:50Z INFO [234/750] 95e826e8-5bc4-4afb-b524-c17751b91d21: 225 datasets; 5.5 s; peak memory 1119 MiB.
2026-10-10T17:06:52Z INFO [235/750] 95e841b8-9dad-48c7-92f0-39585b7bd607: 71 datasets; 2.0 s; peak memory 1119 MiB.
2026-10-10T17:06:54Z INFO [236/750] 95e8ff9d-9b1c-4027-8b97-46e921ac5b02: 48 datasets; 1.2 s; peak memory 1119 MiB.
2026-10-10T17:06:57Z INFO [237/750] 95e9647f-0cf7-48d5-a14b-6d2b5bca2beb: 119 datasets; 3.0 s; peak memory 1119 MiB.
2026-10-10T17:07:04Z INFO [238/750] 95e9b2a4-16c1-4c27-8bb8-5fe676f12407: 538 datasets; 7.3 s; peak memory 1119 MiB.
2026-10-10T17:07:06Z INFO [239/750] 95ec210e-2149-4172-b5ff-d162b8aece9c: 68 datasets; 2.2 s; peak memory 1119 MiB.
2026-10-10T17:07:09Z INFO [240/750] 95ec2a9f-13eb-4cef-a95e-a8eaeeb559dc: 71 datasets; 2.7 s; peak memory 1119 MiB.
2026-10-10T17:07:10Z INFO [241/750] 95ed35f7-cba5-4fcc-a627-56d424d4c919: 48 datasets; 1.3 s; peak memory 1119 MiB.
2026-10-10T17:07:11Z INFO [242/750] 95ef2d17-5b25-4c71-a9e1-8087764ee84f: 50 datasets; 1.0 s; peak memory 1119 MiB.
2026-10-10T17:07:12Z INFO [243/750] 95ef5c95-1fb3-4979-a546-f1c72037fd6a: 48 datasets; 1.2 s; peak memory 1119 MiB.
2026-10-10T17:07:14Z INFO [244/750] 95ef6d7c-d022-4a30-a4c7-d2585e8d5f43: 117 datasets; 1.5 s; peak memory 1119 MiB.
2026-10-10T17:07:31Z INFO [245/750] 95efad62-de00-417b-92b9-90df2829f4ce: 41 datasets; 16.8 s; peak memory 1119 MiB.
2026-10-10T17:07:36Z INFO [246/750] 95f02119-49aa-4990-9362-aee54c60cb6d: 841 datasets; 5.4 s; peak memory 1119 MiB.
2026-10-10T17:07:39Z INFO [247/750] 95f179a6-62c5-4353-972a-2b77b1f9426b: 116 datasets; 3.0 s; peak memory 1119 MiB.
2026-10-10T17:07:40Z INFO [248/750] 95f2041b-5a15-4ade-adaf-eb945ed264c4: 48 datasets; 1.2 s; peak memory 1119 MiB.
2026-10-10T17:07:42Z INFO [249/750] 95f23d35-6e18-46d1-83b8-0462bbd00cd2: 110 datasets; 1.3 s; peak memory 1119 MiB.
2026-10-10T17:07:44Z INFO [250/750] 95f320e0-29a2-4d53-9fa2-5203ac42dee9: 118 datasets; 2.1 s; peak memory 1119 MiB.
2026-10-10T17:07:44Z INFO [250/750] 95f320e0-29a2-4d53-9fa2-5203ac42dee9: checkpointed 119335 new records.
2026-10-10T17:07:46Z INFO [251/750] 95f32323-a600-4ee8-ad1a-aa57eeff1bf2: 71 datasets; 2.3 s; peak memory 1119 MiB.
2026-10-10T17:07:49Z INFO [252/750] 95f3c7b4-3cfd-4204-87e6-7ee450431f27: 138 datasets; 3.2 s; peak memory 1119 MiB.
2026-10-10T17:08:02Z INFO [253/750] 95f44f0e-a74a-4a0b-8ae2-a9c64b1488cf: 369 datasets; 12.5 s; peak memory 1119 MiB.
2026-10-10T17:08:04Z INFO [254/750] 95f472c0-622c-4ab2-ac2d-fde575a63095: 66 datasets; 2.3 s; peak memory 1119 MiB.
2026-10-10T17:08:07Z INFO [255/750] 95f4c023-f37c-4158-8fe9-a614726a87ac: 38 datasets; 2.6 s; peak memory 1119 MiB.
2026-10-10T17:08:09Z INFO [256/750] 95f4f89c-6ee8-4511-96de-09b86ffa9959: 66 datasets; 1.8 s; peak memory 1119 MiB.
2026-10-10T17:08:10Z INFO [257/750] 95f549ee-d7d6-4121-b901-d67da576bdd2: 118 datasets; 1.7 s; peak memory 1119 MiB.
2026-10-10T17:08:11Z INFO [258/750] 95f6e700-a974-4d4b-b2a1-2774281e230d: 48 datasets; 1.2 s; peak memory 1119 MiB.
2026-10-10T17:08:13Z INFO [259/750] 95f6eeab-70fe-4a03-aad9-38a5fe34e127: 117 datasets; 1.6 s; peak memory 1119 MiB.
2026-10-10T17:08:19Z INFO [260/750] 95f9838e-3cfa-416c-80d9-5c6b687acdac: 538 datasets; 5.9 s; peak memory 1119 MiB.
2026-10-10T17:08:22Z INFO [261/750] 95f989c1-2902-47c5-9d3a-4d35972e44c1: 99 datasets; 3.0 s; peak memory 1119 MiB.
2026-10-10T17:08:23Z INFO [262/750] 95fabbce-0586-49c0-8a91-f1e9c90f282d: 63 datasets; 1.2 s; peak memory 1119 MiB.
2026-10-10T17:08:29Z INFO [263/750] 95fc71ee-4333-44be-a1e2-ef68c69c1cef: 54 datasets; 5.6 s; peak memory 1119 MiB.
2026-10-10T17:08:31Z INFO [264/750] 95fc9944-67ef-4c18-9fa9-6fcfc54e8d88: 112 datasets; 1.9 s; peak memory 1119 MiB.
2026-10-10T17:08:32Z INFO [265/750] 95fd10c9-dc58-419a-be47-3edc8a6d3db7: 46 datasets; 1.1 s; peak memory 1119 MiB.
2026-10-10T17:08:33Z INFO [266/750] 95fdc306-d676-4c84-90fb-9ebb23be01f2: 74 datasets; 1.8 s; peak memory 1119 MiB.
2026-10-10T17:08:35Z INFO [267/750] 95fdcc63-fc32-41d1-abdf-0c582d96abc7: 112 datasets; 1.7 s; peak memory 1119 MiB.
2026-10-10T17:08:36Z INFO [268/750] 95fe1c2b-6c2d-4b43-a14a-f8d6f439c15b: 48 datasets; 1.2 s; peak memory 1119 MiB.
2026-10-10T17:08:38Z INFO [269/750] 95ff0df8-fcf3-4408-940e-87f43483b33a: 48 datasets; 1.2 s; peak memory 1119 MiB.
2026-10-10T17:08:39Z INFO [270/750] 95ff7053-a34e-40dd-ba81-891dcb0aaf8e: 117 datasets; 1.3 s; peak memory 1119 MiB.
2026-10-10T17:08:41Z INFO [271/750] 96000a57-012e-4d50-a457-43eaec3fdd19: 76 datasets; 1.8 s; peak memory 1119 MiB.
2026-10-10T17:09:08Z INFO [272/750] 96002e51-8b66-41a5-ad14-fff6be0aed1e: 3475 datasets; 26.8 s; peak memory 1119 MiB.
2026-10-10T17:09:09Z INFO [273/750] 96006ed1-fc74-401f-aeab-0a64ca428862: 48 datasets; 1.2 s; peak memory 1119 MiB.
2026-10-10T17:09:10Z INFO [274/750] 9600f1e1-5ea6-4655-906d-518de5db3b1a: 51 datasets; 1.0 s; peak memory 1119 MiB.
2026-10-10T17:09:13Z INFO [275/750] 9601ae89-72fa-4a5f-8c5b-c153ec71d438: 156 datasets; 3.4 s; peak memory 1119 MiB.
2026-10-10T17:09:15Z INFO [276/750] 96021c61-cd6a-4e1d-934e-77eebae653fa: 117 datasets; 1.4 s; peak memory 1119 MiB.
2026-10-10T17:09:16Z INFO [277/750] 96031146-c340-47c2-8e75-085dae641818: 65 datasets; 1.6 s; peak memory 1119 MiB.
2026-10-10T17:09:18Z INFO [278/750] 96031826-1485-4e11-af73-21f35f314cba: 118 datasets; 1.7 s; peak memory 1119 MiB.
2026-10-10T17:09:19Z INFO [279/750] 960365eb-cedb-4444-ab76-75215ae5554b: 112 datasets; 1.5 s; peak memory 1119 MiB.
2026-10-10T17:09:22Z INFO [280/750] 96047f0c-c1bc-4598-854c-35e0ae471e34: 119 datasets; 2.3 s; peak memory 1119 MiB.
2026-10-10T17:10:48Z INFO [281/750] 96054300-c9c1-4d4a-85fb-17c683624704: 9863 datasets; 86.2 s; peak memory 1119 MiB.
2026-10-10T17:10:51Z INFO [282/750] 9605ce97-9586-42a9-bc78-279d0cf07c4a: 90 datasets; 3.0 s; peak memory 1119 MiB.
2026-10-10T17:10:53Z INFO [283/750] 96072b87-b960-4752-941c-8bc2eaa70da2: 84 datasets; 1.8 s; peak memory 1119 MiB.
2026-10-10T17:11:00Z INFO [284/750] 96073887-2ff1-460d-aba6-b8113c96a5e1: 537 datasets; 7.1 s; peak memory 1119 MiB.
2026-10-10T17:11:01Z INFO [285/750] 9607620e-4f10-47f7-aa7c-da5575692731: 112 datasets; 1.7 s; peak memory 1119 MiB.
2026-10-10T17:11:03Z INFO [286/750] 9609086e-1af4-48d3-9bce-a8aaea6413e3: 48 datasets; 1.2 s; peak memory 1119 MiB.
2026-10-10T17:11:04Z INFO [287/750] 960980c0-28c3-4f0b-ab01-aa7276e6070e: 112 datasets; 1.5 s; peak memory 1119 MiB.
2026-10-10T17:11:06Z INFO [288/750] 9609b22f-6360-4b99-af19-dc80b2f0f995: 112 datasets; 1.9 s; peak memory 1119 MiB.
2026-10-10T17:11:24Z INFO [289/750] 960a258f-e2a4-495d-9f81-39da5c5da567: 48 datasets; 17.8 s; peak memory 1119 MiB.
2026-10-10T17:11:25Z INFO [290/750] 960a3ec7-f296-42c0-8025-5b661b0c262a: 48 datasets; 1.2 s; peak memory 1119 MiB.
2026-10-10T17:11:32Z INFO [291/750] 960b8d9e-ca88-4c29-bd2b-aae49f23ef32: 734 datasets; 6.5 s; peak memory 1119 MiB.
2026-10-10T17:11:33Z INFO [292/750] 960babe5-4b2e-4546-a14e-0321d1762a01: 48 datasets; 1.2 s; peak memory 1119 MiB.
2026-10-10T17:11:34Z INFO [293/750] 960c0eb0-1f07-473e-a76f-32af337eea7f: 146 datasets; 1.4 s; peak memory 1119 MiB.
2026-10-10T17:11:36Z INFO [294/750] 960cccb4-3abd-4d64-83aa-eb51c8e2120a: 117 datasets; 1.4 s; peak memory 1119 MiB.
2026-10-10T17:11:38Z INFO [295/750] 960cd0ff-c068-4ba8-9882-4339693437c0: 71 datasets; 2.6 s; peak memory 1119 MiB.
2026-10-10T17:11:41Z INFO [296/750] 960d373d-a8c6-4945-9ca8-9dbd641c2315: 41 datasets; 2.4 s; peak memory 1119 MiB.
2026-10-10T17:11:42Z INFO [297/750] 960d9877-981e-4309-a888-643e86fdea43: 71 datasets; 1.9 s; peak memory 1119 MiB.
2026-10-10T17:11:43Z INFO [298/750] 960dbba9-6b7c-4cd0-9690-d3adfa180ed6: 38 datasets; 1.0 s; peak memory 1119 MiB.
2026-10-10T17:11:54Z INFO [299/750] 960de639-0e12-46d8-b2cd-8d4d819a83ce: 120 datasets; 10.4 s; peak memory 1119 MiB.
2026-10-10T17:11:56Z INFO [300/750] 960ead81-fa03-4bd5-96f7-c5c2e9cf61e5: 112 datasets; 1.9 s; peak memory 1119 MiB.
2026-10-10T17:11:56Z INFO [300/750] 960ead81-fa03-4bd5-96f7-c5c2e9cf61e5: checkpointed 119385 new records.
2026-10-10T17:11:57Z INFO [301/750] 960f11c0-0c58-44ea-9c4c-8df8a16f7def: 48 datasets; 1.2 s; peak memory 1119 MiB.
2026-10-10T17:11:59Z INFO [302/750] 961102ad-ebaa-4323-8df7-a9fd69c8f291: 42 datasets; 1.5 s; peak memory 1119 MiB.
2026-10-10T17:12:00Z INFO [303/750] 96114554-3c96-427c-b913-a548c9f3bd7e: 56 datasets; 1.0 s; peak memory 1119 MiB.
2026-10-10T17:12:01Z INFO [304/750] 9611689e-7a4f-4c81-9231-482dc6cd4ba2: 48 datasets; 1.2 s; peak memory 1119 MiB.
2026-10-10T17:13:22Z INFO [305/750] 96116f95-2aa7-4c55-8a36-1e1be196b3b0: 58 datasets; 81.1 s; peak memory 1119 MiB.
2026-10-10T17:13:24Z INFO [306/750] 9611ba29-1fe6-4adc-9782-c7a964d7373e: 112 datasets; 2.0 s; peak memory 1119 MiB.
2026-10-10T17:13:25Z INFO [307/750] 96128cf2-52a6-4fa9-ab8a-72128f44348f: 48 datasets; 1.3 s; peak memory 1119 MiB.
2026-10-10T17:13:27Z INFO [308/750] 96137b6d-4be8-4ab6-8dba-abcd1e02643c: 117 datasets; 1.5 s; peak memory 1119 MiB.
2026-10-10T17:13:29Z INFO [309/750] 9613b2ec-dcf3-486f-bb22-a0b71f2c7010: 65 datasets; 1.8 s; peak memory 1119 MiB.
2026-10-10T17:13:30Z INFO [310/750] 9614dd54-1caa-452d-8588-6950eb30294a: 116 datasets; 1.4 s; peak memory 1119 MiB.
2026-10-10T17:13:33Z INFO [311/750] 96150d42-e52a-4160-bc8e-d75874043a19: 115 datasets; 2.8 s; peak memory 1119 MiB.
2026-10-10T17:13:35Z INFO [312/750] 9615162d-ee11-4ec7-aa78-d919eb34e759: 117 datasets; 1.7 s; peak memory 1119 MiB.
2026-10-10T17:13:36Z INFO [313/750] 9615232c-5364-4d71-900c-3997d994bd35: 114 datasets; 1.7 s; peak memory 1119 MiB.
2026-10-10T17:13:38Z INFO [314/750] 9615322f-805b-45b2-a6f3-2a035636bc92: 185 datasets; 1.9 s; peak memory 1119 MiB.
2026-10-10T17:13:40Z INFO [315/750] 961541e3-75c8-4149-b47c-8d8db48506a9: 112 datasets; 1.5 s; peak memory 1119 MiB.
2026-10-10T17:13:41Z INFO [316/750] 96156fda-78a6-40ff-8609-7fcd62f39c51: 48 datasets; 1.3 s; peak memory 1119 MiB.
2026-10-10T17:13:42Z INFO [317/750] 96159482-87c4-417d-b71f-b7b0ae769a9a: 48 datasets; 1.2 s; peak memory 1119 MiB.
2026-10-10T17:13:44Z INFO [318/750] 961604a2-954e-484d-98d0-fdb148ed03b3: 261 datasets; 1.9 s; peak memory 1119 MiB.
2026-10-10T17:13:45Z INFO [319/750] 96160af3-0fd9-4018-95b8-2ff6f4330f1e: 54 datasets; 1.2 s; peak memory 1119 MiB.
2026-10-10T17:13:46Z INFO [320/750] 9616df09-bcff-446e-94cc-30597f3cdeb7: 48 datasets; 1.2 s; peak memory 1119 MiB.
2026-10-10T17:13:48Z INFO [321/750] 96173a78-9783-42c1-845e-d4c08e3c6279: 117 datasets; 1.3 s; peak memory 1119 MiB.
2026-10-10T17:13:50Z INFO [322/750] 9617e61b-c536-416a-91ad-254d1c9ac7f2: 71 datasets; 2.3 s; peak memory 1119 MiB.
2026-10-10T17:13:51Z INFO [323/750] 96183191-6077-42da-99aa-8ef31f064ad8: 116 datasets; 1.5 s; peak memory 1119 MiB.
2026-10-10T17:14:03Z INFO [324/750] 96186fa8-4ef7-469b-8b44-6ad463c9dd32: 284 datasets; 11.1 s; peak memory 1119 MiB.
2026-10-10T17:14:06Z INFO [325/750] 9618b4f6-df05-416d-a4e2-7220917c6641: 84 datasets; 3.5 s; peak memory 1119 MiB.
2026-10-10T17:14:07Z INFO [326/750] 9619f157-6aec-4b70-bd1d-9403bb0172e2: 21 datasets; 0.9 s; peak memory 1119 MiB.
2026-10-10T17:14:25Z INFO [327/750] 961a2025-3737-4390-9629-346b3cf8700d: 44 datasets; 18.3 s; peak memory 1119 MiB.
2026-10-10T17:14:27Z INFO [328/750] 961abccd-da14-4b6d-976a-3b9e38b467ef: 80 datasets; 1.5 s; peak memory 1119 MiB.
2026-10-10T17:14:34Z INFO [329/750] 961b66eb-a936-4ad2-87d8-c9b8c8a150e1: 470 datasets; 7.6 s; peak memory 1119 MiB.
2026-10-10T17:14:36Z INFO [330/750] 961c1614-1e20-496c-833c-24fc91a37986: 71 datasets; 1.4 s; peak memory 1119 MiB.
2026-10-10T17:14:37Z INFO [331/750] 961d6593-14ea-4be5-92a4-2d5ec9377895: 117 datasets; 1.7 s; peak memory 1119 MiB.
2026-10-10T17:14:39Z INFO [332/750] 961dd1c0-8b99-493b-9b1f-a7ded1b05afc: 112 datasets; 2.0 s; peak memory 1119 MiB.
2026-10-10T17:14:50Z INFO [333/750] 961debff-5a84-414f-954b-33e177e98b1c: 409 datasets; 10.2 s; peak memory 1119 MiB.
2026-10-10T17:14:52Z INFO [334/750] 961e2dd5-f8a4-4e54-9b11-ed38b6a07abb: 115 datasets; 2.5 s; peak memory 1119 MiB.
2026-10-10T17:14:54Z INFO [335/750] 961e7027-16c8-4383-8393-597164c7bcc7: 74 datasets; 2.0 s; peak memory 1119 MiB.
2026-10-10T17:14:59Z INFO [336/750] 961e9974-2f30-4f8f-a473-05aa1c918d30: 229 datasets; 5.0 s; peak memory 1119 MiB.
2026-10-10T17:15:01Z INFO [337/750] 961fe540-3933-4ee2-9dc9-3d629906af22: 117 datasets; 1.5 s; peak memory 1119 MiB.
2026-10-10T17:15:03Z INFO [338/750] 9620ca3f-c91f-489b-aa3c-27415f5fe778: 90 datasets; 2.8 s; peak memory 1119 MiB.
2026-10-10T17:15:05Z INFO [339/750] 96213d6a-41f3-48c4-b126-9aa6650859af: 73 datasets; 1.2 s; peak memory 1119 MiB.
2026-10-10T17:15:06Z INFO [340/750] 9621872e-5317-41d8-ad1a-c1acc02c483f: 78 datasets; 1.5 s; peak memory 1119 MiB.
2026-10-10T17:15:20Z INFO [341/750] 9621a1f0-916f-4a1e-86f4-92c5001d41ad: 819 datasets; 14.0 s; peak memory 1119 MiB.
2026-10-10T17:15:22Z INFO [342/750] 962218fb-17a9-4a9a-aa6a-7762646b3b83: 112 datasets; 1.5 s; peak memory 1119 MiB.
2026-10-10T17:15:28Z INFO [343/750] 962314cf-daa6-4259-b215-4c82d1d057c3: 536 datasets; 6.3 s; peak memory 1119 MiB.
2026-10-10T17:15:30Z INFO [344/750] 96235e20-01bd-490d-adca-166872752352: 117 datasets; 1.7 s; peak memory 1119 MiB.
2026-10-10T17:15:31Z INFO [345/750] 962429fc-e7d8-4b49-9e0d-6cbc38ea2b4e: 62 datasets; 1.7 s; peak memory 1119 MiB.
2026-10-10T17:15:33Z INFO [346/750] 96243127-034f-41cf-9025-e585cece97be: 110 datasets; 1.6 s; peak memory 1119 MiB.
2026-10-10T17:15:35Z INFO [347/750] 9624416d-b465-4ece-97ac-7dfecd6e471e: 117 datasets; 1.5 s; peak memory 1119 MiB.
2026-10-10T17:15:36Z INFO [348/750] 96249188-f1b2-4226-adef-750f378f2a47: 46 datasets; 1.3 s; peak memory 1119 MiB.
2026-10-10T17:15:37Z INFO [349/750] 96259578-ba7e-4003-9452-15162bd88d75: 48 datasets; 1.2 s; peak memory 1119 MiB.
2026-10-10T17:15:38Z INFO [350/750] 9625ff2f-6f42-4289-bbc0-b1d120e36b07: 118 datasets; 1.4 s; peak memory 1119 MiB.
2026-10-10T17:15:39Z INFO [350/750] 9625ff2f-6f42-4289-bbc0-b1d120e36b07: checkpointed 119435 new records.
2026-10-10T17:17:45Z INFO [351/750] 96261c0d-8acc-4105-b347-30ae78c18b60: 414 datasets; 126.4 s; peak memory 1119 MiB.
2026-10-10T17:17:46Z INFO [352/750] 9626ae45-cd10-418e-b04e-92e861e65531: 48 datasets; 1.2 s; peak memory 1119 MiB.
2026-10-10T17:17:48Z INFO [353/750] 96288477-da0e-4f48-be84-8c8daecd05fc: 117 datasets; 1.7 s; peak memory 1119 MiB.
2026-10-10T17:18:38Z INFO [354/750] 96296da5-2b5d-4a04-80d2-bcc94a25b4de: 55 datasets; 50.1 s; peak memory 1119 MiB.
2026-10-10T17:18:46Z INFO [355/750] 9629809a-3ba7-4634-a014-edffe02e7da7: 56 datasets; 8.4 s; peak memory 1119 MiB.
2026-10-10T17:18:48Z INFO [356/750] 96299b41-974a-4720-8e99-406eff66bea7: 48 datasets; 1.3 s; peak memory 1119 MiB.
2026-10-10T17:18:51Z INFO [357/750] 9629cdbb-a88f-4c8b-ab3a-9dfd78cae790: 115 datasets; 2.9 s; peak memory 1119 MiB.
2026-10-10T17:18:52Z INFO [358/750] 9629e673-434a-4acf-9a3c-7e88fafe9eee: 116 datasets; 1.4 s; peak memory 1119 MiB.
2026-10-10T17:18:53Z INFO [359/750] 962a8fef-22c5-4429-b18e-9a11e8285aa0: 49 datasets; 1.4 s; peak memory 1119 MiB.
2026-10-10T17:18:55Z INFO [360/750] 962c0741-6fb1-4f48-9b3a-11f9f97c3df9: 66 datasets; 1.8 s; peak memory 1119 MiB.
2026-10-10T17:22:34Z INFO [361/750] 962c3438-87bb-4e9a-bf88-cb82a1a5f6f8: 292 datasets; 218.6 s; peak memory 1119 MiB.
2026-10-10T17:22:35Z INFO [362/750] 962ca96b-1faa-4702-9518-9fde9c0b5700: 48 datasets; 1.2 s; peak memory 1119 MiB.
2026-10-10T17:25:35Z INFO [363/750] 962d1ba4-f8a9-42a3-86a8-451fbf828c13: 107 datasets; 180.2 s; peak memory 1165 MiB.
2026-10-10T17:25:37Z INFO [364/750] 962dbec5-fe05-424c-977e-6ed53733f1aa: 66 datasets; 1.8 s; peak memory 1165 MiB.
2026-10-10T17:25:51Z INFO [365/750] 962de398-281f-4fa8-b324-945be4894181: 278 datasets; 13.7 s; peak memory 1165 MiB.
2026-10-10T17:25:52Z INFO [366/750] 962e42ae-0181-4f9d-93a1-1fc39cb6c4b8: 46 datasets; 0.9 s; peak memory 1165 MiB.
2026-10-10T17:25:53Z INFO [367/750] 962e4973-f2e5-49b4-ae38-a19add4793c2: 58 datasets; 1.7 s; peak memory 1165 MiB.
2026-10-10T17:26:01Z INFO [368/750] 962e592e-5503-4d31-84fb-c7290ced45fa: 240 datasets; 7.6 s; peak memory 1165 MiB.
2026-10-10T17:26:03Z INFO [369/750] 962e9901-e38f-4dc8-8779-bf6d0a2f5420: 71 datasets; 1.8 s; peak memory 1165 MiB.
2026-10-10T17:26:04Z INFO [370/750] 962f3ceb-6892-4caf-81b5-8c7f4157c771: 64 datasets; 1.3 s; peak memory 1165 MiB.
2026-10-10T17:26:05Z INFO [371/750] 962f606b-c934-470f-a89f-a1df890820f3: 48 datasets; 1.2 s; peak memory 1165 MiB.
2026-10-10T17:26:06Z INFO [372/750] 962f6450-932d-4a79-a842-d1182cae8588: 48 datasets; 1.2 s; peak memory 1165 MiB.
2026-10-10T17:26:09Z INFO [373/750] 962fb79a-ddac-4f03-8e51-b9c386062e10: 71 datasets; 2.3 s; peak memory 1165 MiB.
2026-10-10T17:26:10Z INFO [374/750] 962fecce-65ef-49aa-b820-c378c61ef833: 108 datasets; 1.7 s; peak memory 1165 MiB.
2026-10-10T17:26:13Z INFO [375/750] 96300f37-87e0-451e-8fdc-890bdda32abe: 90 datasets; 2.7 s; peak memory 1165 MiB.
2026-10-10T17:26:15Z INFO [376/750] 96312b4c-46e7-4202-bf79-79a1c89a27e5: 70 datasets; 2.0 s; peak memory 1165 MiB.
2026-10-10T17:26:16Z INFO [377/750] 963260bb-19c9-49bc-8a86-3d03e88d4c22: 45 datasets; 1.1 s; peak memory 1165 MiB.
2026-10-10T17:26:39Z INFO [378/750] 96327a6e-f4b5-479c-86ef-4657ed7ad862: 835 datasets; 22.5 s; peak memory 1165 MiB.
2026-10-10T17:28:27Z INFO [379/750] 9632aa5f-4116-4268-ad89-529c8e6f0f95: 261 datasets; 108.3 s; peak memory 1165 MiB.
2026-10-10T17:28:28Z INFO [380/750] 96335590-58d6-4631-a2f8-5e4eab98d8b3: 110 datasets; 1.4 s; peak memory 1165 MiB.
2026-10-10T17:28:30Z INFO [381/750] 9633a0a9-6de9-43cb-a7d5-b00f04d83436: 41 datasets; 1.1 s; peak memory 1165 MiB.
2026-10-10T17:28:31Z INFO [382/750] 96341e40-a606-4800-9bf0-5a9ce1898c04: 69 datasets; 1.5 s; peak memory 1165 MiB.
2026-10-10T17:28:34Z INFO [383/750] 9634595f-2c4e-4c3c-acfd-4f642c1502f8: 168 datasets; 2.9 s; peak memory 1165 MiB.
2026-10-10T17:28:35Z INFO [384/750] 96348a30-a168-4a84-afd0-54f53747c6b3: 39 datasets; 1.2 s; peak memory 1165 MiB.
2026-10-10T17:28:37Z INFO [385/750] 9635f092-195b-4513-b056-caddbadb60a7: 52 datasets; 1.4 s; peak memory 1165 MiB.
2026-10-10T17:28:39Z INFO [386/750] 963673f5-d384-4b6d-b5d3-e076f8f51ee9: 90 datasets; 2.5 s; peak memory 1165 MiB.
2026-10-10T17:28:41Z INFO [387/750] 9636a96a-79c6-4789-a4c2-0c79feaa1041: 170 datasets; 1.5 s; peak memory 1165 MiB.
2026-10-10T17:28:42Z INFO [388/750] 963705fb-1482-4dd0-9bea-9cd68218f823: 48 datasets; 1.3 s; peak memory 1165 MiB.
2026-10-10T17:28:43Z INFO [389/750] 96377c15-0758-4917-bdaa-b4d7ffee31b3: 118 datasets; 1.5 s; peak memory 1165 MiB.
2026-10-10T17:28:51Z INFO [390/750] 96380642-b784-44ba-87fc-23c6354dcf8a: 538 datasets; 7.2 s; peak memory 1165 MiB.
2026-10-10T17:29:09Z INFO [391/750] 963894b2-689b-40ab-8316-c5363a00deed: 48 datasets; 18.3 s; peak memory 1165 MiB.
2026-10-10T17:29:10Z INFO [392/750] 9638e49c-84b8-4c8d-9be6-320ec46655b2: 121 datasets; 1.3 s; peak memory 1165 MiB.
2026-10-10T17:29:11Z INFO [393/750] 963a1f23-60de-4455-ac2c-11293f84ea46: 32 datasets; 1.0 s; peak memory 1165 MiB.
2026-10-10T17:29:27Z INFO [394/750] 963a6c01-1b2d-4b2b-9d6a-60367c859dd9: 1152 datasets; 15.9 s; peak memory 1165 MiB.
2026-10-10T17:29:28Z INFO [395/750] 963d3b18-d4da-457d-8125-ff190be41710: 113 datasets; 1.3 s; peak memory 1165 MiB.
2026-10-10T17:29:30Z INFO [396/750] 963d6c4c-04ae-44da-829b-34f2b7c74b01: 66 datasets; 2.0 s; peak memory 1165 MiB.
2026-10-10T17:29:31Z INFO [397/750] 963df472-6e3e-41b7-b640-b3e39bb60c7c: 48 datasets; 1.1 s; peak memory 1165 MiB.
2026-10-10T17:29:42Z INFO [398/750] 963f67d4-2432-4e78-8951-99a992fc5297: 808 datasets; 10.2 s; peak memory 1165 MiB.
2026-10-10T17:29:51Z INFO [399/750] 963fa7b8-5380-4814-9b2e-00d44f0abd59: 801 datasets; 9.8 s; peak memory 1165 MiB.
2026-10-10T17:30:15Z INFO [400/750] 963ffe47-279e-4b57-a821-db703e31a0d2: 7489 datasets; 23.2 s; peak memory 1165 MiB.
2026-10-10T17:30:15Z INFO [400/750] 963ffe47-279e-4b57-a821-db703e31a0d2: checkpointed 119485 new records.
2026-10-10T17:30:16Z INFO [401/750] 964004a3-88b7-4a55-8bf7-c467abd98c56: 48 datasets; 1.3 s; peak memory 1165 MiB.
2026-10-10T17:30:18Z INFO [402/750] 96406883-f826-42cd-a5b6-9964907bb2d4: 71 datasets; 1.9 s; peak memory 1165 MiB.
2026-10-10T17:30:19Z INFO [403/750] 9640bea0-fc49-4fc3-8a1a-ce53c4b87bca: 48 datasets; 1.2 s; peak memory 1165 MiB.
2026-10-10T17:30:20Z INFO [404/750] 96419f8d-ae73-4702-bf62-e97f2ff19e33: 48 datasets; 1.1 s; peak memory 1165 MiB.
2026-10-10T17:30:22Z INFO [405/750] 9641a755-359b-4649-a07f-8b44d9143a1d: 117 datasets; 1.5 s; peak memory 1165 MiB.
2026-10-10T17:30:23Z INFO [406/750] 9643dc25-6070-4289-87cf-748c58b61991: 62 datasets; 1.1 s; peak memory 1165 MiB.
2026-10-10T17:33:56Z INFO [407/750] 96443e5c-64ab-42fc-b0a7-603c83fe99b0: 283 datasets; 213.3 s; peak memory 1165 MiB.
2026-10-10T17:33:57Z INFO [408/750] 96452fd6-92e0-47d8-9e4a-a66243bf7933: 45 datasets; 1.0 s; peak memory 1165 MiB.
2026-10-10T17:34:12Z INFO [409/750] 9645517b-731d-4594-a49d-da8a8f510930: 690 datasets; 14.4 s; peak memory 1165 MiB.
2026-10-10T17:34:30Z INFO [410/750] 9646cbf4-9425-4663-bc36-6e0a00da0e2f: 1192 datasets; 18.6 s; peak memory 1165 MiB.
2026-10-10T17:35:00Z INFO [411/750] 9647090e-ce9a-4905-9fc3-ec0b28f3502a: 47 datasets; 29.8 s; peak memory 1165 MiB.
2026-10-10T17:35:01Z INFO [412/750] 964813f7-c790-4553-9a75-85296671ff27: 48 datasets; 1.2 s; peak memory 1165 MiB.
2026-10-10T17:35:03Z INFO [413/750] 96495b55-81bf-45b1-9abe-d27012dd569e: 66 datasets; 2.0 s; peak memory 1165 MiB.
2026-10-10T17:35:04Z INFO [414/750] 96496462-b746-4b1d-9a49-92e38f10b6dd: 48 datasets; 1.1 s; peak memory 1165 MiB.
2026-10-10T17:35:05Z INFO [415/750] 964969f3-6c30-43c1-8958-cb611f08229d: 46 datasets; 0.9 s; peak memory 1165 MiB.
2026-10-10T17:35:07Z INFO [416/750] 9649c60c-2419-4b74-a2f8-56fe5691e416: 68 datasets; 1.5 s; peak memory 1165 MiB.
2026-10-10T17:35:08Z INFO [417/750] 9649d248-fbf1-4799-8019-72d39be95dd1: 45 datasets; 1.0 s; peak memory 1165 MiB.
2026-10-10T17:35:09Z INFO [418/750] 9649e3ff-f0be-4136-b284-5e7528438203: 117 datasets; 1.5 s; peak memory 1165 MiB.
2026-10-10T17:35:11Z INFO [419/750] 964a8973-9349-4679-8666-dd5b1b9128bf: 117 datasets; 1.5 s; peak memory 1165 MiB.
2026-10-10T17:35:12Z INFO [420/750] 964abff9-8e64-4119-bf28-3c104c787b66: 48 datasets; 1.2 s; peak memory 1165 MiB.
2026-10-10T17:35:14Z INFO [421/750] 964af2aa-d102-48a8-8849-d03f28607346: 66 datasets; 1.7 s; peak memory 1165 MiB.
2026-10-10T17:35:28Z INFO [422/750] 964af4b4-722c-4c20-90dc-d12e1cae7e8b: 805 datasets; 14.7 s; peak memory 1165 MiB.
2026-10-10T17:35:45Z INFO [423/750] 964bcf86-dbeb-4960-89ef-f4b5c37a5107: 1203 datasets; 17.1 s; peak memory 1165 MiB.
2026-10-10T17:35:47Z INFO [424/750] 964da2a8-f3c6-4f6a-aa8d-8547d42aeb6c: 48 datasets; 1.2 s; peak memory 1165 MiB.
2026-10-10T17:35:48Z INFO [425/750] 964eb81e-5664-4ec2-89c5-384162857e94: 48 datasets; 1.2 s; peak memory 1165 MiB.
2026-10-10T17:35:49Z INFO [426/750] 964f1bd5-392a-4787-9b69-2f0b42c51d30: 48 datasets; 1.2 s; peak memory 1165 MiB.
2026-10-10T17:35:56Z INFO [427/750] 964f5656-aac5-4763-8a6f-099cde393828: 257 datasets; 6.7 s; peak memory 1165 MiB.
2026-10-10T17:35:57Z INFO [428/750] 96502248-9711-4713-baba-3ef7715f2a7c: 46 datasets; 1.0 s; peak memory 1165 MiB.
2026-10-10T17:35:58Z INFO [429/750] 9650873d-666f-45e2-8b76-dba80c380b30: 51 datasets; 1.4 s; peak memory 1165 MiB.
2026-10-10T17:36:00Z INFO [430/750] 9650c42f-d8f6-490f-8fd0-406b65deaaf1: 117 datasets; 1.5 s; peak memory 1165 MiB.
2026-10-10T17:36:01Z INFO [431/750] 96513eea-2555-4970-87be-e2ef471a5cf2: 77 datasets; 1.4 s; peak memory 1165 MiB.
2026-10-10T17:36:11Z INFO [432/750] 9651808c-51f8-41aa-b486-61d2ad801ebb: 760 datasets; 9.9 s; peak memory 1165 MiB.
2026-10-10T17:36:12Z INFO [433/750] 965182e0-60e4-4148-9c0c-c152516a9bd2: 66 datasets; 1.3 s; peak memory 1165 MiB.
2026-10-10T17:38:07Z INFO [434/750] 96519fe8-7b29-4a8e-853c-5d0479401e99: 167 datasets; 114.9 s; peak memory 1165 MiB.
2026-10-10T17:38:09Z INFO [435/750] 9651d9ee-09fe-4eff-8869-230ceb1c621e: 117 datasets; 1.4 s; peak memory 1165 MiB.
2026-10-10T17:38:10Z INFO [436/750] 9651fc7f-0eb6-46fa-b70c-4b31ad0fbefe: 112 datasets; 1.9 s; peak memory 1165 MiB.
2026-10-10T17:38:12Z INFO [437/750] 96524f9c-7b2b-4d05-9b3c-1766a2b5877b: 99 datasets; 1.9 s; peak memory 1165 MiB.
2026-10-10T17:38:15Z INFO [438/750] 96531534-5bcc-45bc-b8b9-c9dc53cbe241: 116 datasets; 3.2 s; peak memory 1165 MiB.
2026-10-10T17:38:17Z INFO [439/750] 96535140-2641-4b31-acc5-fa904d44d733: 72 datasets; 1.4 s; peak memory 1165 MiB.
2026-10-10T17:38:20Z INFO [440/750] 9653d0f3-9fef-414e-8686-4d6389dc5f9b: 119 datasets; 2.9 s; peak memory 1165 MiB.
2026-10-10T17:38:21Z INFO [441/750] 96551a45-8bea-4164-bb14-3cef74a1e778: 62 datasets; 1.0 s; peak memory 1165 MiB.
2026-10-10T17:38:22Z INFO [442/750] 96555145-d474-4c19-b211-6863b2066022: 76 datasets; 1.6 s; peak memory 1165 MiB.
2026-10-10T17:38:24Z INFO [443/750] 96557957-50c2-4065-9c99-de920cf427be: 117 datasets; 1.6 s; peak memory 1165 MiB.
2026-10-10T17:38:25Z INFO [444/750] 965616d0-da9b-4df8-9d3d-523607c624ac: 38 datasets; 1.1 s; peak memory 1165 MiB.
2026-10-10T17:38:28Z INFO [445/750] 965684d5-3db6-44d0-8d05-a01e229714da: 116 datasets; 3.0 s; peak memory 1165 MiB.
2026-10-10T17:38:29Z INFO [446/750] 9657c0ee-db12-46c4-9e19-3e6fb87dd171: 117 datasets; 1.5 s; peak memory 1165 MiB.
2026-10-10T17:38:35Z INFO [447/750] 96583c75-f0de-46ee-8d35-0970d469e588: 229 datasets; 5.5 s; peak memory 1165 MiB.
2026-10-10T17:38:36Z INFO [448/750] 965844ef-e0b9-4213-acf4-1915cb5697c9: 48 datasets; 1.2 s; peak memory 1165 MiB.
2026-10-10T17:38:38Z INFO [449/750] 965a6933-3a87-4b68-8773-bc1bf488d87e: 117 datasets; 1.8 s; peak memory 1165 MiB.
2026-10-10T17:38:39Z INFO [450/750] 965aabda-30e2-4934-9460-76cb41c48180: 52 datasets; 1.5 s; peak memory 1165 MiB.
2026-10-10T17:38:40Z INFO [450/750] 965aabda-30e2-4934-9460-76cb41c48180: checkpointed 119535 new records.
2026-10-10T17:38:41Z INFO [451/750] 965ab919-df4f-4731-baf8-88fcffe33e98: 48 datasets; 1.4 s; peak memory 1165 MiB.
2026-10-10T17:38:44Z INFO [452/750] 965b0b99-7e84-40d1-8fc2-60bdfe6a41c0: 71 datasets; 2.6 s; peak memory 1165 MiB.
2026-10-10T17:38:45Z INFO [453/750] 965b5640-12f2-4cab-97b3-a1b0a1646dc8: 48 datasets; 1.3 s; peak memory 1165 MiB.
2026-10-10T17:38:47Z INFO [454/750] 965c1ac3-f38a-4747-93fd-592c88361fe5: 69 datasets; 1.8 s; peak memory 1165 MiB.
2026-10-10T17:38:48Z INFO [455/750] 965c3f21-7d7a-431a-a04b-99c73f6c6698: 117 datasets; 1.4 s; peak memory 1165 MiB.
2026-10-10T17:38:51Z INFO [456/750] 965de725-93ab-4f5e-9431-00af10838a32: 39 datasets; 2.5 s; peak memory 1165 MiB.
2026-10-10T17:38:52Z INFO [457/750] 965e204d-ab4e-4752-b8c6-02d825d69a22: 48 datasets; 1.3 s; peak memory 1165 MiB.
2026-10-10T17:38:58Z INFO [458/750] 965e876f-f316-4267-b121-145065261ec2: 238 datasets; 6.1 s; peak memory 1165 MiB.
2026-10-10T17:39:09Z INFO [459/750] 965f61aa-bb08-4e76-b413-34d8a598365f: 396 datasets; 11.1 s; peak memory 1165 MiB.
2026-10-10T17:39:10Z INFO [460/750] 965f7d3e-1c93-4db9-886c-9485ac521179: 48 datasets; 1.3 s; peak memory 1165 MiB.
2026-10-10T17:39:11Z INFO [461/750] 9660073b-fcd2-48af-8619-aa8f81dd20e1: 48 datasets; 1.1 s; peak memory 1165 MiB.
2026-10-10T17:39:12Z INFO [462/750] 9660383e-ecd5-4294-944c-34c7ff14d643: 45 datasets; 1.0 s; peak memory 1165 MiB.
2026-10-10T17:39:14Z INFO [463/750] 96609278-0aa1-4125-8ac2-77f0e3bbe0e3: 115 datasets; 1.8 s; peak memory 1165 MiB.
2026-10-10T17:39:28Z INFO [464/750] 96609796-ee74-42f4-9839-05933d259bd8: 611 datasets; 13.7 s; peak memory 1165 MiB.
2026-10-10T17:39:29Z INFO [465/750] 96617d95-7026-4295-a8ed-fa5d3d9dd5fe: 48 datasets; 1.2 s; peak memory 1165 MiB.
2026-10-10T17:39:30Z INFO [466/750] 9662612a-2f1c-4bbf-b50a-a748921bf3d4: 116 datasets; 1.4 s; peak memory 1165 MiB.
2026-10-10T17:39:32Z INFO [467/750] 9662e832-c3ad-4c1a-b76b-cb76ac9da056: 48 datasets; 1.3 s; peak memory 1165 MiB.
2026-10-10T17:39:33Z INFO [468/750] 96642886-387b-441e-981f-30e665ab4874: 66 datasets; 1.6 s; peak memory 1165 MiB.
2026-10-10T17:39:35Z INFO [469/750] 966460ac-9c90-4b18-b3ba-6a862a6c8cff: 48 datasets; 1.1 s; peak memory 1165 MiB.
2026-10-10T17:39:36Z INFO [470/750] 9664a198-441f-4f97-8e88-c1227625cc6f: 68 datasets; 1.5 s; peak memory 1165 MiB.
2026-10-10T17:39:37Z INFO [471/750] 9665328e-23fd-48aa-9159-5d3dba18adc7: 118 datasets; 1.4 s; peak memory 1165 MiB.
2026-10-10T17:39:51Z INFO [472/750] 9666153f-8010-449d-a2d9-6cfba254c9db: 1035 datasets; 13.5 s; peak memory 1165 MiB.
2026-10-10T17:39:52Z INFO [473/750] 96669f93-b985-473b-bb24-1e476674f335: 112 datasets; 1.5 s; peak memory 1165 MiB.
2026-10-10T17:39:56Z INFO [474/750] 9667f429-696d-4dc9-811b-4b0ada02fa9e: 186 datasets; 3.3 s; peak memory 1165 MiB.
2026-10-10T17:39:57Z INFO [475/750] 96680d07-c15b-4815-a4e5-ffcc04d266b6: 110 datasets; 1.6 s; peak memory 1165 MiB.
2026-10-10T17:40:00Z INFO [476/750] 9668bebc-987a-40f7-939a-10aa2e8e4145: 158 datasets; 2.5 s; peak memory 1165 MiB.
2026-10-10T17:40:01Z INFO [477/750] 966968a9-ab08-4ce6-a7b1-00caffdad5d3: 48 datasets; 1.2 s; peak memory 1165 MiB.
2026-10-10T17:40:04Z INFO [478/750] 9669b9d0-2f17-4754-8b6f-ba1654fa17f3: 90 datasets; 2.8 s; peak memory 1165 MiB.
2026-10-10T17:40:07Z INFO [479/750] 966a2bd8-3454-4213-adfb-5aadbf2dc1e0: 84 datasets; 3.6 s; peak memory 1165 MiB.
2026-10-10T17:40:09Z INFO [480/750] 966a60c8-cec6-48bb-9b9d-803671507c6a: 117 datasets; 1.4 s; peak memory 1165 MiB.
2026-10-10T17:40:10Z INFO [481/750] 966aba9f-b619-4ad3-9731-75b2e9c56a27: 121 datasets; 1.2 s; peak memory 1165 MiB.
2026-10-10T17:40:11Z INFO [482/750] 966af3f7-564c-41c7-a306-74820dea3927: 48 datasets; 1.1 s; peak memory 1165 MiB.
2026-10-10T17:40:12Z INFO [483/750] 966b09c8-4723-4a5a-b9af-c484b5c7da2d: 42 datasets; 1.2 s; peak memory 1165 MiB.
2026-10-10T17:40:18Z INFO [484/750] 966b2cc5-1990-4d0a-9b8a-eb07c9642894: 208 datasets; 6.0 s; peak memory 1165 MiB.
2026-10-10T17:40:20Z INFO [485/750] 966b95f2-094a-4be0-9450-6a076b84f184: 48 datasets; 1.2 s; peak memory 1165 MiB.
2026-10-10T17:42:14Z INFO [486/750] 966bbe6a-7386-418a-a402-3ac5a45c83c3: 167 datasets; 114.3 s; peak memory 1165 MiB.
2026-10-10T17:42:20Z INFO [487/750] 966c052d-6e79-4dfe-8d29-1c7f92ea08f0: 174 datasets; 5.9 s; peak memory 1165 MiB.
2026-10-10T17:42:26Z INFO [488/750] 966c212d-22c5-41ee-a47e-80bd66c9b308: 538 datasets; 6.7 s; peak memory 1165 MiB.
2026-10-10T17:42:28Z INFO [489/750] 966c35ad-6b52-4bbc-a022-f43c2533265d: 117 datasets; 1.7 s; peak memory 1165 MiB.
2026-10-10T17:42:31Z INFO [490/750] 966c9be2-f033-4ce3-9410-bf0fa6771227: 152 datasets; 2.4 s; peak memory 1165 MiB.
2026-10-10T17:42:36Z INFO [491/750] 966ca852-1ada-4d72-be97-ab1c982e63f1: 223 datasets; 5.8 s; peak memory 1165 MiB.
2026-10-10T17:42:38Z INFO [492/750] 966cb506-6521-49ef-933e-5dd87b7425db: 118 datasets; 1.3 s; peak memory 1165 MiB.
2026-10-10T17:42:39Z INFO [493/750] 966cd111-64cf-4222-b457-5a44e3cde6ff: 48 datasets; 1.2 s; peak memory 1165 MiB.
2026-10-10T17:42:40Z INFO [494/750] 966d1507-0971-4cda-93cf-bf274c722ea9: 84 datasets; 1.3 s; peak memory 1165 MiB.
2026-10-10T17:42:43Z INFO [495/750] 966e5e40-2460-489d-873d-c26b0c864be0: 138 datasets; 3.2 s; peak memory 1165 MiB.
2026-10-10T17:42:45Z INFO [496/750] 9670681b-2b5c-4bc5-a896-ccd2e50132be: 92 datasets; 1.4 s; peak memory 1165 MiB.
2026-10-10T17:42:46Z INFO [497/750] 9670d90f-5c29-4991-b464-41a2cb3c488d: 48 datasets; 1.2 s; peak memory 1165 MiB.
2026-10-10T17:42:48Z INFO [498/750] 96727bba-68a7-41f7-9047-0cf50fff8057: 70 datasets; 1.9 s; peak memory 1165 MiB.
2026-10-10T17:42:49Z INFO [499/750] 96743066-23a4-4e95-9662-ec1799cfb092: 48 datasets; 1.2 s; peak memory 1165 MiB.
2026-10-10T17:42:51Z INFO [500/750] 96747372-f31e-4480-98fc-8607912a3b3b: 116 datasets; 1.5 s; peak memory 1165 MiB.
2026-10-10T17:42:51Z INFO [500/750] 96747372-f31e-4480-98fc-8607912a3b3b: checkpointed 119585 new records.
2026-10-10T17:42:53Z INFO [501/750] 9676784e-044e-4323-aedf-c0fd0d24a255: 71 datasets; 1.9 s; peak memory 1165 MiB.
2026-10-10T17:42:55Z INFO [502/750] 96777b6f-6b67-4a56-872d-d4e823ed199b: 113 datasets; 2.6 s; peak memory 1165 MiB.
2026-10-10T17:43:04Z INFO [503/750] 9677b986-256a-4be2-b608-7ee27b92bfb4: 358 datasets; 8.6 s; peak memory 1165 MiB.
2026-10-10T17:43:06Z INFO [504/750] 9678194d-a108-421a-968b-936895568520: 102 datasets; 2.1 s; peak memory 1165 MiB.
2026-10-10T17:43:08Z INFO [505/750] 96787316-7e86-4bd8-9d4d-df2675ea02da: 64 datasets; 1.6 s; peak memory 1165 MiB.
2026-10-10T17:43:10Z INFO [506/750] 967881b0-f483-427d-9276-2156858434e3: 53 datasets; 2.1 s; peak memory 1165 MiB.
2026-10-10T17:43:11Z INFO [507/750] 9678c436-903c-4aba-b6b2-2adcfe5a07e3: 48 datasets; 1.2 s; peak memory 1165 MiB.
2026-10-10T17:43:13Z INFO [508/750] 9678d671-bd62-47f7-b168-dea8101c0cc4: 101 datasets; 2.5 s; peak memory 1165 MiB.
2026-10-10T17:43:16Z INFO [509/750] 96790c4a-b853-4f65-9605-c8325e3b217b: 71 datasets; 2.5 s; peak memory 1165 MiB.
2026-10-10T17:43:19Z INFO [510/750] 9679665f-dae5-495a-be3f-5e9f541bc863: 111 datasets; 3.0 s; peak memory 1165 MiB.
2026-10-10T17:43:20Z INFO [511/750] 967a5c58-850a-4ece-a31b-5d80365d9ae2: 117 datasets; 1.5 s; peak memory 1165 MiB.
2026-10-10T17:43:22Z INFO [512/750] 967aa9a5-915c-4df1-a26a-2df9b7cca130: 110 datasets; 1.8 s; peak memory 1165 MiB.
2026-10-10T17:43:24Z INFO [513/750] 967b763f-3252-4c12-9ce3-ac31bfd912e4: 66 datasets; 1.7 s; peak memory 1165 MiB.
2026-10-10T17:43:30Z INFO [514/750] 967c2ce7-b45f-451e-b02e-b7d9d2bd171b: 538 datasets; 5.7 s; peak memory 1165 MiB.
2026-10-10T17:43:31Z INFO [515/750] 967c6b3b-0bc7-4c62-a276-6b2af7f930fe: 48 datasets; 1.2 s; peak memory 1165 MiB.
2026-10-10T17:43:32Z INFO [516/750] 967cb292-e57d-4afc-8525-5eac2030740d: 118 datasets; 1.4 s; peak memory 1165 MiB.
2026-10-10T17:43:35Z INFO [517/750] 967cd1ae-9aa5-4c1d-a6ee-0ce58a199c76: 71 datasets; 2.2 s; peak memory 1165 MiB.
2026-10-10T17:43:42Z INFO [518/750] 967d150b-3d91-4638-ae62-81dfc0a70e8d: 691 datasets; 7.7 s; peak memory 1165 MiB.
2026-10-10T17:43:44Z INFO [519/750] 967dff3a-0215-4a78-b90c-5989ed961f9f: 117 datasets; 1.5 s; peak memory 1165 MiB.
2026-10-10T17:43:45Z INFO [520/750] 967ea319-790c-4d01-9313-40756aa4154d: 112 datasets; 1.2 s; peak memory 1165 MiB.
2026-10-10T17:43:46Z INFO [521/750] 96801c11-eb67-409c-b20b-4001c5f62399: 47 datasets; 1.1 s; peak memory 1165 MiB.
2026-10-10T17:43:53Z INFO [522/750] 9681c89a-5cc2-49da-b168-502f66bbd54b: 200 datasets; 6.6 s; peak memory 1165 MiB.
2026-10-10T17:43:58Z INFO [523/750] 9681fa42-f68e-423e-b37b-e67171268610: 180 datasets; 5.4 s; peak memory 1165 MiB.
2026-10-10T17:44:01Z INFO [524/750] 96822e7c-8ca8-49d4-b8fc-f33b962fe493: 80 datasets; 3.1 s; peak memory 1165 MiB.
2026-10-10T17:44:03Z INFO [525/750] 968287e6-ceaf-4c4a-8cf6-4061a660ca35: 71 datasets; 2.0 s; peak memory 1165 MiB.
2026-10-10T17:44:22Z INFO [526/750] 968382bf-133c-4ce2-8cb6-0cf6e2132c0c: 522 datasets; 18.5 s; peak memory 1165 MiB.
2026-10-10T17:44:25Z INFO [527/750] 96839d0c-d643-461e-bc4e-9f67177dc6e2: 153 datasets; 3.5 s; peak memory 1165 MiB.
2026-10-10T17:44:33Z INFO [528/750] 96846403-1263-4216-96b5-5212fbfd3d50: 603 datasets; 7.8 s; peak memory 1165 MiB.
2026-10-10T17:44:42Z INFO [529/750] 96846600-9987-4817-9211-b56f5374f1a6: 233 datasets; 8.8 s; peak memory 1165 MiB.
2026-10-10T17:44:52Z INFO [530/750] 96858cae-70ee-4f30-bfa9-04568f41597f: 336 datasets; 10.0 s; peak memory 1165 MiB.
2026-10-10T17:44:53Z INFO [531/750] 9686661c-ae65-4819-919e-ad5f4a1dbebb: 52 datasets; 1.4 s; peak memory 1165 MiB.
2026-10-10T17:44:59Z INFO [532/750] 9686753c-3b8e-45f9-a8ed-90108e623582: 229 datasets; 5.8 s; peak memory 1165 MiB.
2026-10-10T17:45:00Z INFO [533/750] 96868c95-a93e-4575-85e9-39737473ef8c: 68 datasets; 1.5 s; peak memory 1165 MiB.
2026-10-10T17:45:02Z INFO [534/750] 9686d253-daac-4515-82a8-771df9e4a4f5: 117 datasets; 1.4 s; peak memory 1165 MiB.
2026-10-10T17:45:03Z INFO [535/750] 9686dfb7-e43a-4bff-8509-e5289b7d1636: 101 datasets; 1.4 s; peak memory 1165 MiB.
2026-10-10T17:45:04Z INFO [536/750] 96870fdd-db46-4610-a048-16eb63ae8a0a: 46 datasets; 1.0 s; peak memory 1165 MiB.
2026-10-10T17:45:05Z INFO [537/750] 96871b15-083a-44d9-a313-1ce3f16ba420: 47 datasets; 1.1 s; peak memory 1165 MiB.
2026-10-10T17:45:09Z INFO [538/750] 968732ee-1cc6-473d-9a5e-d128db41390c: 314 datasets; 4.1 s; peak memory 1165 MiB.
2026-10-10T17:45:10Z INFO [539/750] 9687a3f3-575f-43f7-b085-127c9fda4e4c: 57 datasets; 1.0 s; peak memory 1165 MiB.
2026-10-10T17:45:12Z INFO [540/750] 9688b42a-782f-46ef-9705-8c26690e1aea: 46 datasets; 1.1 s; peak memory 1165 MiB.
2026-10-10T17:45:13Z INFO [541/750] 9688d642-8cad-48e0-b459-ffbce7183a64: 48 datasets; 1.2 s; peak memory 1165 MiB.
2026-10-10T17:45:15Z INFO [542/750] 9688d84f-e5bb-4682-958b-346f41f10441: 52 datasets; 1.9 s; peak memory 1165 MiB.
2026-10-10T17:45:20Z INFO [543/750] 9689c210-8595-4b38-ac77-646eafd9e8bf: 330 datasets; 4.9 s; peak memory 1165 MiB.
2026-10-10T17:45:34Z INFO [544/750] 968a5b9a-5011-4722-ab46-0e9c9a2b4fad: 38 datasets; 14.6 s; peak memory 1165 MiB.
2026-10-10T17:45:36Z INFO [545/750] 968afb45-6774-48ce-8f56-12b9ae1a541e: 110 datasets; 1.9 s; peak memory 1165 MiB.
2026-10-10T17:46:05Z INFO [546/750] 968b248f-1339-4509-a547-5bd4ed84e66e: 10273 datasets; 29.0 s; peak memory 1165 MiB.
2026-10-10T17:48:00Z INFO [547/750] 968b92a4-e8b8-4f7a-9bef-9b392ca43de5: 394 datasets; 114.7 s; peak memory 1165 MiB.
2026-10-10T17:48:01Z INFO [548/750] 968bb134-e8b7-4cc4-aafc-29aae5fada96: 48 datasets; 1.2 s; peak memory 1165 MiB.
2026-10-10T17:48:04Z INFO [549/750] 968ca7ae-9a41-4d8a-8628-0cc10a51bf30: 96 datasets; 3.3 s; peak memory 1165 MiB.
2026-10-10T17:48:06Z INFO [550/750] 968d4aba-2cc9-463b-b3f5-98f8d070e21b: 64 datasets; 1.3 s; peak memory 1165 MiB.
2026-10-10T17:48:06Z INFO [550/750] 968d4aba-2cc9-463b-b3f5-98f8d070e21b: checkpointed 119635 new records.
2026-10-10T17:48:07Z INFO [551/750] 968dd1f8-1628-447a-bd60-88e6d593e017: 48 datasets; 1.3 s; peak memory 1165 MiB.
2026-10-10T17:48:10Z INFO [552/750] 968ec313-b495-44e9-998b-1689904cfc64: 115 datasets; 2.8 s; peak memory 1165 MiB.
2026-10-10T17:48:11Z INFO [553/750] 968f8b21-06df-4882-98e9-84574f347cc5: 48 datasets; 1.2 s; peak memory 1165 MiB.
2026-10-10T17:48:13Z INFO [554/750] 968ff594-fd3c-4cf5-bdbc-eee8c558aeec: 66 datasets; 1.6 s; peak memory 1165 MiB.
2026-10-10T17:48:16Z INFO [555/750] 9691696a-e03b-45f2-8768-ff69bb92777d: 156 datasets; 3.4 s; peak memory 1165 MiB.
2026-10-10T17:48:21Z INFO [556/750] 9691903f-8df8-462e-bf96-d7e406afab09: 477 datasets; 5.3 s; peak memory 1165 MiB.
2026-10-10T17:48:23Z INFO [557/750] 9691c822-f490-4a74-a6e4-32dfc635fb44: 48 datasets; 1.3 s; peak memory 1165 MiB.
2026-10-10T17:48:29Z INFO [558/750] 96942876-8cf7-49d5-a2a4-7d1906d24501: 238 datasets; 5.9 s; peak memory 1165 MiB.
2026-10-10T17:48:30Z INFO [559/750] 96949c45-beb5-4250-a99c-7fa2f85842ac: 70 datasets; 1.6 s; peak memory 1165 MiB.
2026-10-10T17:48:37Z INFO [560/750] 96956357-407e-4567-a40b-65056109712e: 196 datasets; 6.7 s; peak memory 1165 MiB.
2026-10-10T17:48:38Z INFO [561/750] 9695978b-7152-4ecd-af0f-3efcd261f95a: 48 datasets; 1.3 s; peak memory 1165 MiB.
2026-10-10T17:48:40Z INFO [562/750] 969647e4-be94-4bca-9b92-592372fef5c9: 69 datasets; 1.6 s; peak memory 1165 MiB.
2026-10-10T17:48:42Z INFO [563/750] 9697b7fe-80d9-495a-94a9-adc64173acbd: 69 datasets; 1.8 s; peak memory 1165 MiB.
2026-10-10T17:48:43Z INFO [564/750] 96988a43-a263-4d8f-8c03-0e87d5691687: 112 datasets; 1.7 s; peak memory 1165 MiB.
2026-10-10T17:48:44Z INFO [565/750] 9698aeb1-88c6-4f27-acfb-6eb507f9288d: 48 datasets; 1.2 s; peak memory 1165 MiB.
2026-10-10T17:48:46Z INFO [566/750] 969949c5-1f59-4981-8d9a-8490f26f9250: 48 datasets; 1.2 s; peak memory 1165 MiB.
2026-10-10T17:48:47Z INFO [567/750] 9699c560-0fcd-426c-8fbb-6832c30e2b52: 118 datasets; 1.7 s; peak memory 1165 MiB.
2026-10-10T17:48:50Z INFO [568/750] 969aa8de-1a8b-4229-8c4c-c7b713d17c0f: 88 datasets; 3.1 s; peak memory 1165 MiB.
2026-10-10T17:48:52Z INFO [569/750] 969bd71b-9392-42d3-a525-358685b75edf: 48 datasets; 1.2 s; peak memory 1165 MiB.
2026-10-10T17:48:53Z INFO [570/750] 969cc388-071d-4911-9045-f46a12ffdd3d: 71 datasets; 1.7 s; peak memory 1165 MiB.
2026-10-10T17:48:55Z INFO [571/750] 969cc3d8-a195-4b1a-ab8e-e8c97673032f: 112 datasets; 1.9 s; peak memory 1165 MiB.
2026-10-10T17:48:57Z INFO [572/750] 969d6955-963d-4c0f-ba7c-0f037dcf818a: 59 datasets; 1.6 s; peak memory 1165 MiB.
2026-10-10T17:49:01Z INFO [573/750] 969e964f-d73d-40f7-b195-f3870bcd4bcc: 111 datasets; 4.2 s; peak memory 1165 MiB.
2026-10-10T17:49:04Z INFO [574/750] 969ef12a-d436-4ffc-b80f-2b6543f03160: 71 datasets; 2.6 s; peak memory 1165 MiB.
2026-10-10T17:49:17Z INFO [575/750] 96a05137-8677-4208-91e3-f7b6368f8521: 987 datasets; 13.8 s; peak memory 1165 MiB.
2026-10-10T17:49:19Z INFO [576/750] 96a10dd8-d243-47f6-b552-b46ec37745e6: 48 datasets; 1.2 s; peak memory 1165 MiB.
2026-10-10T17:49:21Z INFO [577/750] 96a12411-af4b-476e-8b69-5fd0a07abb9c: 124 datasets; 2.1 s; peak memory 1165 MiB.
2026-10-10T17:49:22Z INFO [578/750] 96a167cd-7847-4867-9b95-55a1151eb168: 58 datasets; 1.8 s; peak memory 1165 MiB.
2026-10-10T17:49:25Z INFO [579/750] 96a1c54c-ba02-45e2-a935-2d579eb89eff: 119 datasets; 3.0 s; peak memory 1165 MiB.
2026-10-10T17:49:33Z INFO [580/750] 96a36f49-2fdd-4e2e-8994-a4851fd097b2: 56 datasets; 7.7 s; peak memory 1165 MiB.
2026-10-10T17:49:36Z INFO [581/750] 96a41a3f-2f7f-40fa-9206-893e2f0162c7: 90 datasets; 3.2 s; peak memory 1165 MiB.
2026-10-10T17:49:38Z INFO [582/750] 96a44c0c-f7df-44bc-9a8c-92eb8ac3232a: 48 datasets; 1.2 s; peak memory 1165 MiB.
2026-10-10T17:49:39Z INFO [583/750] 96a4c074-27f0-4d09-b64a-ccbb326e4b8d: 84 datasets; 1.5 s; peak memory 1165 MiB.
2026-10-10T17:49:41Z INFO [584/750] 96a4e708-4a59-419e-b279-c65da2f3e81b: 110 datasets; 1.5 s; peak memory 1165 MiB.
2026-10-10T17:49:42Z INFO [585/750] 96a5402d-e5ae-4cfa-b480-cd7c0cd9281a: 112 datasets; 1.6 s; peak memory 1165 MiB.
2026-10-10T17:49:44Z INFO [586/750] 96a5b84e-752b-4346-ace1-99eb385ab75f: 110 datasets; 1.7 s; peak memory 1165 MiB.
2026-10-10T17:49:45Z INFO [587/750] 96a5b969-0a10-4040-b5c8-dce3eb890a8c: 48 datasets; 1.2 s; peak memory 1165 MiB.
2026-10-10T17:49:47Z INFO [588/750] 96a5e770-e5d9-4a6d-83e0-da7426239a5f: 112 datasets; 1.7 s; peak memory 1165 MiB.
2026-10-10T17:49:49Z INFO [589/750] 96a6cebe-7f08-46ce-bd03-1f736bb2dd77: 118 datasets; 1.8 s; peak memory 1165 MiB.
2026-10-10T17:49:51Z INFO [590/750] 96a773e6-67bb-4272-9807-46da23a212da: 119 datasets; 2.3 s; peak memory 1165 MiB.
2026-10-10T17:49:52Z INFO [591/750] 96a7b965-f988-48fd-b2bd-baa2961c8e3c: 48 datasets; 1.2 s; peak memory 1165 MiB.
2026-10-10T17:50:02Z INFO [592/750] 96a91586-a16a-4a71-8bef-9262550443f0: 711 datasets; 10.4 s; peak memory 1165 MiB.
2026-10-10T17:50:17Z INFO [593/750] 96a95c28-2224-45e9-8c0f-c73c59acf0e0: 588 datasets; 14.1 s; peak memory 1165 MiB.
2026-10-10T17:50:19Z INFO [594/750] 96abfe25-8fe9-4676-af09-2997604c648e: 119 datasets; 2.7 s; peak memory 1165 MiB.
2026-10-10T17:50:20Z INFO [595/750] 96ac8cf0-6110-4b2a-8c04-8a837b0d241a: 48 datasets; 1.2 s; peak memory 1165 MiB.
2026-10-10T17:50:22Z INFO [596/750] 96adb25d-2b8b-410d-b065-b67796f2694f: 48 datasets; 1.1 s; peak memory 1165 MiB.
2026-10-10T17:50:23Z INFO [597/750] 96af2537-5f0a-475d-b3ce-e80946c17f34: 76 datasets; 1.9 s; peak memory 1165 MiB.
2026-10-10T17:50:24Z INFO [598/750] 96b143c3-36b7-454c-8fcf-c87b0e833c17: 46 datasets; 1.0 s; peak memory 1165 MiB.
2026-10-10T17:50:36Z INFO [599/750] 96b154c2-5cc6-4d13-8652-2c8b6c128a14: 578 datasets; 11.9 s; peak memory 1165 MiB.
2026-10-10T17:50:38Z INFO [600/750] 96b193c5-04bd-4fce-bf1e-7fe79b82d16a: 48 datasets; 1.3 s; peak memory 1165 MiB.
2026-10-10T17:50:38Z INFO [600/750] 96b193c5-04bd-4fce-bf1e-7fe79b82d16a: checkpointed 119685 new records.
2026-10-10T17:50:41Z INFO [601/750] 96b21ac0-de8d-4f93-92e6-96ace2c9031a: 80 datasets; 2.8 s; peak memory 1165 MiB.
2026-10-10T17:50:42Z INFO [602/750] 96b22efe-8045-4a11-9384-2f1bdd5e1d7d: 48 datasets; 1.3 s; peak memory 1165 MiB.
2026-10-10T17:50:43Z INFO [603/750] 96b237df-58c2-48b9-8f86-982aeeb02174: 116 datasets; 1.4 s; peak memory 1165 MiB.
2026-10-10T17:50:45Z INFO [604/750] 96b28604-643e-4941-b872-c57336e5cbba: 39 datasets; 1.2 s; peak memory 1165 MiB.
2026-10-10T17:50:46Z INFO [605/750] 96b3bbb4-7a3a-4ecd-9a76-a7735b2a7c27: 112 datasets; 1.8 s; peak memory 1165 MiB.
2026-10-10T17:50:48Z INFO [606/750] 96b3cfea-affb-4eaa-8e31-092db1c75392: 112 datasets; 1.7 s; peak memory 1165 MiB.
2026-10-10T17:51:04Z INFO [607/750] 96b4c524-c42a-4490-b899-02a74e6a136d: 48 datasets; 16.2 s; peak memory 1165 MiB.
2026-10-10T17:51:05Z INFO [608/750] 96b4f22f-739f-4d64-b4a7-424892427a5a: 48 datasets; 1.2 s; peak memory 1165 MiB.
2026-10-10T17:51:17Z INFO [609/750] 96b530d3-ba83-40f3-9b70-cf98039fb183: 49 datasets; 11.9 s; peak memory 1165 MiB.
2026-10-10T17:51:19Z INFO [610/750] 96b5bed6-09e1-442f-b6b2-80f1fc79c59d: 62 datasets; 1.5 s; peak memory 1165 MiB.
2026-10-10T17:51:21Z INFO [611/750] 96b5cd82-d232-406a-a51a-ddac095daca6: 112 datasets; 1.8 s; peak memory 1165 MiB.
2026-10-10T17:51:22Z INFO [612/750] 96b61378-6d9e-49c3-a8e8-60eb97cb54d0: 111 datasets; 1.7 s; peak memory 1165 MiB.
2026-10-10T17:51:24Z INFO [613/750] 96b7ecfe-533b-49ec-ada3-514e8cbc18ae: 116 datasets; 1.6 s; peak memory 1165 MiB.
2026-10-10T17:51:30Z INFO [614/750] 96b7fab4-db3a-4d22-a27a-973d4d1e88cd: 544 datasets; 6.3 s; peak memory 1165 MiB.
2026-10-10T17:51:32Z INFO [615/750] 96b8ba60-7ea4-4ba6-8d57-bdd03f5f08b7: 118 datasets; 1.4 s; peak memory 1165 MiB.
2026-10-10T17:51:33Z INFO [616/750] 96b974c9-476b-4730-9be0-739b0d92c703: 48 datasets; 1.2 s; peak memory 1165 MiB.
2026-10-10T17:51:40Z INFO [617/750] 96ba1e89-4a19-4dd4-8cc2-ddd9ad06dec2: 509 datasets; 6.6 s; peak memory 1165 MiB.
2026-10-10T17:51:41Z INFO [618/750] 96bb1e0d-76e2-4a84-bcfc-c76ca14d7ceb: 118 datasets; 1.7 s; peak memory 1165 MiB.
2026-10-10T17:51:43Z INFO [619/750] 96bb688b-b579-4385-af97-d8bf55592afd: 48 datasets; 1.2 s; peak memory 1165 MiB.
2026-10-10T17:53:47Z INFO [620/750] 96bc480d-9d4e-420d-b1f9-0ef5c02696be: 394 datasets; 124.5 s; peak memory 1165 MiB.
2026-10-10T17:53:48Z INFO [621/750] 96bc5149-3523-43aa-a5b7-239a5e17dba9: 46 datasets; 1.0 s; peak memory 1165 MiB.
2026-10-10T17:53:51Z INFO [622/750] 96bd583b-5e18-4276-9b2a-7e2e21403d65: 116 datasets; 3.1 s; peak memory 1165 MiB.
2026-10-10T17:54:01Z INFO [623/750] 96bd7943-400b-4582-92cd-24ba579e59c1: 576 datasets; 9.6 s; peak memory 1165 MiB.
2026-10-10T17:54:13Z INFO [624/750] 96bd8b72-e83a-48e5-8071-902f8e9feba3: 324 datasets; 11.9 s; peak memory 1165 MiB.
2026-10-10T17:54:14Z INFO [625/750] 96bdb6ed-beb7-4574-8aba-70ed89803511: 48 datasets; 1.2 s; peak memory 1165 MiB.
2026-10-10T17:54:15Z INFO [626/750] 96bdfc36-cc78-42ab-a0f6-f0b4c22ca309: 48 datasets; 1.2 s; peak memory 1165 MiB.
2026-10-10T17:54:16Z INFO [627/750] 96be373a-3658-4c2a-936a-003dc674853d: 118 datasets; 1.3 s; peak memory 1165 MiB.
2026-10-10T17:57:48Z INFO [628/750] 96be8b52-2c86-4f13-bf11-34aefdc9175a: 292 datasets; 212.0 s; peak memory 1165 MiB.
2026-10-10T17:57:49Z INFO [629/750] 96bf1743-4472-4525-87b6-304ccf30e775: 48 datasets; 1.2 s; peak memory 1165 MiB.
2026-10-10T17:57:56Z INFO [630/750] 96bf8167-8960-4f2a-a9ac-211945706e1f: 512 datasets; 6.9 s; peak memory 1165 MiB.
2026-10-10T17:57:58Z INFO [631/750] 96bfd9de-2738-443e-8264-495b3210d23a: 66 datasets; 1.9 s; peak memory 1165 MiB.
2026-10-10T17:58:00Z INFO [632/750] 96bff15c-6cf0-4f38-b6c4-fa72ad1aac1e: 117 datasets; 1.5 s; peak memory 1165 MiB.
2026-10-10T17:58:01Z INFO [633/750] 96c01f2a-0666-4b62-9732-6c27648bbeea: 52 datasets; 1.3 s; peak memory 1165 MiB.
2026-10-10T17:58:03Z INFO [634/750] 96c047a9-793f-40cb-bbd6-34dc0b5806f6: 110 datasets; 1.9 s; peak memory 1165 MiB.
2026-10-10T17:58:06Z INFO [635/750] 96c10fcd-dcbe-4f51-89a9-0b6a564e16b9: 156 datasets; 3.4 s; peak memory 1165 MiB.
2026-10-10T17:58:08Z INFO [636/750] 96c1754b-f19c-4d3e-a788-6c21ff700b7d: 52 datasets; 1.3 s; peak memory 1165 MiB.
2026-10-10T17:58:09Z INFO [637/750] 96c17dc3-cfa9-49e8-96d5-662bcc24cdca: 44 datasets; 1.1 s; peak memory 1165 MiB.
2026-10-10T17:58:10Z INFO [638/750] 96c39a08-842f-42f5-beb2-f97dd26d5ee4: 40 datasets; 1.1 s; peak memory 1165 MiB.
2026-10-10T17:58:12Z INFO [639/750] 96c3e75c-2607-4e42-9744-fc7a13594760: 158 datasets; 2.4 s; peak memory 1165 MiB.
2026-10-10T17:58:14Z INFO [640/750] 96c3fc35-d2fd-41f1-be2c-e17c90dd4516: 66 datasets; 1.6 s; peak memory 1165 MiB.
2026-10-10T17:58:15Z INFO [641/750] 96c4ba1d-5079-400b-8e4e-e089118c4117: 37 datasets; 1.0 s; peak memory 1165 MiB.
2026-10-10T17:58:16Z INFO [642/750] 96c4f38a-da7f-416c-ba80-92f2bed892d9: 39 datasets; 1.3 s; peak memory 1165 MiB.
2026-10-10T17:58:18Z INFO [643/750] 96c4fd76-e974-436c-8005-bb070660e09f: 49 datasets; 1.8 s; peak memory 1165 MiB.
2026-10-10T17:58:19Z INFO [644/750] 96c52f93-a3c2-4781-aab4-0933808acb3d: 46 datasets; 0.9 s; peak memory 1165 MiB.
2026-10-10T17:58:25Z INFO [645/750] 96c56568-b13e-4f44-92bc-751556ed8ea9: 530 datasets; 6.3 s; peak memory 1165 MiB.
2026-10-10T18:00:19Z INFO [646/750] 96c57d3a-57da-4978-b01b-00c6331c80fd: 414 datasets; 113.8 s; peak memory 1165 MiB.
2026-10-10T18:00:24Z INFO [647/750] 96c84878-5e86-40a0-8d04-af07e4d36ac6: 224 datasets; 4.5 s; peak memory 1165 MiB.
2026-10-10T18:00:26Z INFO [648/750] 96c9a1ed-77cc-4eb7-b4cb-c5273f494e16: 112 datasets; 2.0 s; peak memory 1165 MiB.
2026-10-10T18:00:27Z INFO [649/750] 96c9e056-4b5c-492b-9dab-c9bd712bae30: 62 datasets; 1.7 s; peak memory 1165 MiB.
2026-10-10T18:00:33Z INFO [650/750] 96ca07d7-e019-430e-8d06-e3c7f33cb26d: 174 datasets; 5.7 s; peak memory 1165 MiB.
2026-10-10T18:00:33Z INFO [650/750] 96ca07d7-e019-430e-8d06-e3c7f33cb26d: checkpointed 119735 new records.
2026-10-10T18:00:36Z INFO [651/750] 96ca1427-09ce-4d9b-b3d2-394c9e49522a: 66 datasets; 2.3 s; peak memory 1165 MiB.
2026-10-10T18:00:37Z INFO [652/750] 96ca47c4-5439-48cc-a008-d4f5a5a3de5c: 112 datasets; 1.8 s; peak memory 1165 MiB.
2026-10-10T18:00:40Z INFO [653/750] 96cad145-e94b-43b0-a5d5-cc6e1c31887f: 51 datasets; 2.2 s; peak memory 1165 MiB.
2026-10-10T18:00:41Z INFO [654/750] 96cb322d-e2ec-41f1-8f64-9cb6adb9aaf3: 116 datasets; 1.4 s; peak memory 1165 MiB.
2026-10-10T18:00:44Z INFO [655/750] 96cb4937-1850-437b-9caa-9ccc48684f48: 115 datasets; 2.8 s; peak memory 1165 MiB.
2026-10-10T18:00:45Z INFO [656/750] 96cb7bb3-1cd8-42bd-b5fc-f3f890f90724: 48 datasets; 1.2 s; peak memory 1165 MiB.
2026-10-10T18:00:47Z INFO [657/750] 96cce557-a39e-4204-8518-8c512ae2b799: 117 datasets; 1.5 s; peak memory 1165 MiB.
2026-10-10T18:00:48Z INFO [658/750] 96ccf108-7456-4103-b36e-eaddb8cef1ed: 38 datasets; 1.0 s; peak memory 1165 MiB.
2026-10-10T18:00:51Z INFO [659/750] 96ccf954-fdd6-4bfb-af63-c30f2aab3c44: 163 datasets; 3.0 s; peak memory 1165 MiB.
2026-10-10T18:00:52Z INFO [660/750] 96cd0bb1-ba8b-4a08-ad36-ea71f9061afc: 118 datasets; 1.5 s; peak memory 1165 MiB.
2026-10-10T18:00:54Z INFO [661/750] 96cdc6d9-4cfc-421b-b1b4-18104d0c7e12: 62 datasets; 1.5 s; peak memory 1165 MiB.
2026-10-10T18:00:55Z INFO [662/750] 96ce54fd-d3a2-4ab8-8a01-d1ce96e91682: 48 datasets; 1.2 s; peak memory 1165 MiB.
2026-10-10T18:00:57Z INFO [663/750] 96ce7dbf-1052-497c-aa15-151ac7086d36: 289 datasets; 1.8 s; peak memory 1165 MiB.
2026-10-10T18:00:58Z INFO [664/750] 96ceabdf-00f6-43e7-95dd-f2c7158813a4: 108 datasets; 1.4 s; peak memory 1165 MiB.
2026-10-10T18:00:59Z INFO [665/750] 96cec8a6-34fb-469f-8d69-507a4e1f1688: 48 datasets; 1.2 s; peak memory 1165 MiB.
2026-10-10T18:01:29Z INFO [666/750] 96cee3c9-905f-4352-9dfc-977edf5fb490: 36 datasets; 30.3 s; peak memory 1165 MiB.
2026-10-10T18:01:31Z INFO [667/750] 96d170db-1d8c-4b98-bdde-ff66a52e9a76: 64 datasets; 1.3 s; peak memory 1165 MiB.
2026-10-10T18:01:33Z INFO [668/750] 96d1fb9b-634d-4224-b41a-663c1d9d65b7: 112 datasets; 2.0 s; peak memory 1165 MiB.
2026-10-10T18:01:34Z INFO [669/750] 96d25af5-63e1-41b8-adbb-954f98a852e8: 66 datasets; 1.6 s; peak memory 1165 MiB.
2026-10-10T18:01:36Z INFO [670/750] 96d43085-0a68-47b7-914c-4ce27cb99721: 69 datasets; 1.8 s; peak memory 1165 MiB.
2026-10-10T18:01:38Z INFO [671/750] 96d45a8e-27cc-4634-911c-15c52c72bb82: 112 datasets; 1.9 s; peak memory 1165 MiB.
2026-10-10T18:01:39Z INFO [672/750] 96d54cf4-2ac3-48e1-9a31-dcdf9f7f52a4: 46 datasets; 1.0 s; peak memory 1165 MiB.
2026-10-10T18:01:41Z INFO [673/750] 96d67bb6-5c59-4dcc-8789-c1f04edd8f93: 66 datasets; 1.7 s; peak memory 1165 MiB.
2026-10-10T18:01:42Z INFO [674/750] 96d71379-465c-49ef-9fa4-bb72208b14f9: 66 datasets; 1.2 s; peak memory 1165 MiB.
2026-10-10T18:01:44Z INFO [675/750] 96d72f78-d7c0-4795-b563-372fb2d0f8bb: 289 datasets; 1.8 s; peak memory 1165 MiB.
2026-10-10T18:03:57Z INFO [676/750] 96d84b96-287e-49b4-8709-d921a9501bbc: 433 datasets; 133.0 s; peak memory 1165 MiB.
2026-10-10T18:03:58Z INFO [677/750] 96d857a2-ae2c-408b-b4aa-34f68dccd344: 112 datasets; 1.6 s; peak memory 1165 MiB.
2026-10-10T18:03:59Z INFO [678/750] 96de75c2-1f2b-46e1-8a10-18e03d141ebc: 37 datasets; 0.9 s; peak memory 1165 MiB.
2026-10-10T18:04:21Z INFO [679/750] 96dedf8f-865f-4f5f-9738-ed7b974aa094: 613 datasets; 21.3 s; peak memory 1165 MiB.
2026-10-10T18:04:22Z INFO [680/750] 96df2744-740d-4185-91d7-3a9b75244028: 46 datasets; 0.9 s; peak memory 1165 MiB.
2026-10-10T18:04:28Z INFO [681/750] 96df53ac-9ebd-4c72-9409-5c8ce8538874: 107 datasets; 6.3 s; peak memory 1165 MiB.
2026-10-10T18:04:29Z INFO [682/750] 96df6856-74ff-484d-83bf-4fdeab235c2f: 48 datasets; 1.2 s; peak memory 1165 MiB.
2026-10-10T18:04:30Z INFO [683/750] 96dfbc54-794d-4951-b83a-fb66ab4eea98: 48 datasets; 1.2 s; peak memory 1165 MiB.
2026-10-10T18:04:31Z INFO [684/750] 96e0398f-112c-4e38-8f32-978864330d24: 41 datasets; 1.1 s; peak memory 1165 MiB.
2026-10-10T18:04:33Z INFO [685/750] 96e0a6e7-3521-44ee-adc8-10e04e39cd20: 112 datasets; 1.7 s; peak memory 1165 MiB.
2026-10-10T18:04:35Z INFO [686/750] 96e220d5-db97-450c-ade1-c095bf406560: 74 datasets; 1.8 s; peak memory 1165 MiB.
2026-10-10T18:04:38Z INFO [687/750] 96e2ceb3-5cf8-4468-a6c8-b25bfcb5f793: 115 datasets; 2.9 s; peak memory 1165 MiB.
2026-10-10T18:04:39Z INFO [688/750] 96e2e97f-310d-4878-9699-caab159930f0: 116 datasets; 1.5 s; peak memory 1165 MiB.
2026-10-10T18:04:40Z INFO [689/750] 96e40c71-1bb9-41e0-acdf-1527fde79f1a: 45 datasets; 1.0 s; peak memory 1165 MiB.
2026-10-10T18:04:41Z INFO [690/750] 96e5684e-1858-4c63-bc6a-9417729ddebf: 58 datasets; 1.0 s; peak memory 1165 MiB.
2026-10-10T18:04:43Z INFO [691/750] 96e57582-a512-4ffb-afb2-9a4785fe952d: 116 datasets; 1.5 s; peak memory 1165 MiB.
2026-10-10T18:04:45Z INFO [692/750] 96e5d62d-2d22-476e-abb9-1a4e7ad1e871: 71 datasets; 2.3 s; peak memory 1165 MiB.
2026-10-10T18:04:46Z INFO [693/750] 96e81924-7c32-4333-966f-7880fc5e6d4f: 116 datasets; 1.4 s; peak memory 1165 MiB.
2026-10-10T18:04:48Z INFO [694/750] 96e821c5-c6ab-49ea-9582-4003fd58deb2: 116 datasets; 1.4 s; peak memory 1165 MiB.
2026-10-10T18:04:54Z INFO [695/750] 96e9adf0-f259-40ba-bed0-59971c880b7d: 200 datasets; 6.6 s; peak memory 1165 MiB.
2026-10-10T18:04:55Z INFO [696/750] 96e9fdb6-1e8a-4b9d-a876-cd67941315f7: 52 datasets; 1.0 s; peak memory 1165 MiB.
2026-10-10T18:05:01Z INFO [697/750] 96ea08ef-e63e-4e1a-986f-e81a8659576c: 1199 datasets; 6.0 s; peak memory 1165 MiB.
2026-10-10T18:05:03Z INFO [698/750] 96ea226a-63b2-48c9-a663-7f55038f8be2: 48 datasets; 1.2 s; peak memory 1165 MiB.
2026-10-10T18:05:04Z INFO [699/750] 96ea28a2-6272-43d5-80b5-519051372f45: 46 datasets; 1.2 s; peak memory 1165 MiB.
2026-10-10T18:05:20Z INFO [700/750] 96ea57b5-607c-40a1-88bf-c7a0913dbd22: 38 datasets; 16.1 s; peak memory 1165 MiB.
2026-10-10T18:05:20Z INFO [700/750] 96ea57b5-607c-40a1-88bf-c7a0913dbd22: checkpointed 119785 new records.
2026-10-10T18:05:22Z INFO [701/750] 96ea7039-9aec-4469-8f3e-9668f648330e: 112 datasets; 2.2 s; peak memory 1165 MiB.
2026-10-10T18:05:28Z INFO [702/750] 96ea901f-33ce-4c7f-a215-7599daee236e: 447 datasets; 5.3 s; peak memory 1165 MiB.
2026-10-10T18:05:29Z INFO [703/750] 96ecb44a-6666-45ad-837d-4406b5c27bf9: 48 datasets; 1.3 s; peak memory 1165 MiB.
2026-10-10T18:05:32Z INFO [704/750] 96ecc684-f0f1-4b17-903a-799bc4cdfa3e: 112 datasets; 3.6 s; peak memory 1165 MiB.
2026-10-10T18:05:34Z INFO [705/750] 96ed76a0-a4f2-4778-9c22-d71ddf059c60: 118 datasets; 1.5 s; peak memory 1165 MiB.
2026-10-10T18:05:37Z INFO [706/750] 96ed85a2-a803-493e-b885-1544f4bf1d11: 157 datasets; 3.2 s; peak memory 1165 MiB.
2026-10-10T18:05:38Z INFO [707/750] 96efbd2d-3154-40f6-b29e-694bd08a5ba1: 48 datasets; 1.2 s; peak memory 1165 MiB.
2026-10-10T18:05:40Z INFO [708/750] 96f0b8ba-6a35-4577-ba82-030319e7a9b8: 69 datasets; 1.7 s; peak memory 1165 MiB.
2026-10-10T18:05:52Z INFO [709/750] 96f0df77-1b29-4690-9688-36f0ee7813bb: 1148 datasets; 12.1 s; peak memory 1165 MiB.
2026-10-10T18:05:54Z INFO [710/750] 96f296d1-4e02-4050-a0a2-968a5fa6263e: 117 datasets; 1.5 s; peak memory 1165 MiB.
2026-10-10T18:05:59Z INFO [711/750] 96f29be6-c619-45a7-bd3b-d1f2915bc37b: 223 datasets; 5.6 s; peak memory 1165 MiB.
2026-10-10T18:06:01Z INFO [712/750] 96f2a5b4-8b3d-4c07-8501-aaf490e1d57e: 71 datasets; 2.1 s; peak memory 1165 MiB.
2026-10-10T18:06:39Z INFO [713/750] 96f2d25b-c7bf-4de6-a53e-01a45daac665: 180 datasets; 38.0 s; peak memory 1165 MiB.
2026-10-10T18:06:40Z INFO [714/750] 96f2ff5e-2068-478a-ab96-901df6b3861f: 46 datasets; 1.0 s; peak memory 1165 MiB.
2026-10-10T18:06:42Z INFO [715/750] 96f3aaf4-517f-40aa-b651-5928aee17f8f: 117 datasets; 1.4 s; peak memory 1165 MiB.
2026-10-10T18:06:43Z INFO [716/750] 96f44728-08fa-4e28-8e36-f687397951a4: 117 datasets; 1.5 s; peak memory 1165 MiB.
2026-10-10T18:06:45Z INFO [717/750] 96f45257-3a44-444d-a106-16de658ff4e9: 64 datasets; 2.2 s; peak memory 1165 MiB.
2026-10-10T18:08:41Z INFO [718/750] 96f507c4-7273-4359-9da7-93f2d0320e06: 190 datasets; 116.0 s; peak memory 1165 MiB.
2026-10-10T18:08:43Z INFO [719/750] 96f534cc-2b6e-4f1a-b8ae-132fa65e6302: 33 datasets; 1.2 s; peak memory 1165 MiB.
2026-10-10T18:08:44Z INFO [720/750] 96f57ae2-b9b9-43cc-ae38-be1a8ae0e549: 64 datasets; 1.8 s; peak memory 1165 MiB.
2026-10-10T18:08:46Z INFO [721/750] 96f5bced-7ce8-4669-8bf3-28fd02a190b7: 114 datasets; 1.3 s; peak memory 1165 MiB.
2026-10-10T18:08:49Z INFO [722/750] 96f63220-bdf9-48b4-924e-6c7fc3736195: 157 datasets; 2.9 s; peak memory 1165 MiB.
2026-10-10T18:08:50Z INFO [723/750] 96f6e8e1-96d8-41b1-8eef-6ad0f5c81bf3: 48 datasets; 1.2 s; peak memory 1165 MiB.
2026-10-10T18:08:51Z INFO [724/750] 96f6fbfa-9a65-4c49-9b29-2b007a3cbd40: 48 datasets; 1.2 s; peak memory 1165 MiB.
2026-10-10T18:08:52Z INFO [725/750] 96f75906-fa36-4b13-9758-c53aa8a979cb: 117 datasets; 1.5 s; peak memory 1165 MiB.
2026-10-10T18:08:54Z INFO [726/750] 96f7f16e-5897-4329-a98c-2e436792d455: 53 datasets; 1.4 s; peak memory 1165 MiB.
2026-10-10T18:08:55Z INFO [727/750] 96f83485-3c61-4f78-b365-51c6cb586695: 118 datasets; 1.6 s; peak memory 1165 MiB.
2026-10-10T18:08:57Z INFO [728/750] 96f86096-3d37-4d42-9d2d-41d889c3a120: 101 datasets; 2.1 s; peak memory 1165 MiB.
2026-10-10T18:08:58Z INFO [729/750] 96f8c5a9-5e19-4628-9635-7dcb32be1e9a: 46 datasets; 0.9 s; peak memory 1165 MiB.
2026-10-10T18:08:59Z INFO [730/750] 96f96553-9b1d-453e-8787-7ab3bdbc1b39: 52 datasets; 1.0 s; peak memory 1165 MiB.
2026-10-10T18:09:01Z INFO [731/750] 96f9e139-8a86-4592-b446-5f8042088377: 117 datasets; 1.4 s; peak memory 1165 MiB.
2026-10-10T18:09:02Z INFO [732/750] 96fa4fb9-c9d5-49bc-aa97-1454a814087b: 118 datasets; 1.4 s; peak memory 1165 MiB.
2026-10-10T18:09:04Z INFO [733/750] 96fb0f90-f6ba-4fcb-914a-646a21c9c329: 48 datasets; 1.3 s; peak memory 1165 MiB.
2026-10-10T18:09:05Z INFO [734/750] 96fb80d7-1cc2-4eff-b076-fc9bb7ce7b7f: 48 datasets; 1.3 s; peak memory 1165 MiB.
2026-10-10T18:09:06Z INFO [735/750] 96fba8ad-956d-4440-8911-3e415a9d5791: 46 datasets; 1.0 s; peak memory 1165 MiB.
2026-10-10T18:09:08Z INFO [736/750] 96fc0d5d-98f9-4b20-86d5-7bb21ff4ecc6: 70 datasets; 1.9 s; peak memory 1165 MiB.
2026-10-10T18:09:09Z INFO [737/750] 96fc7b96-b8fd-461d-b535-20342f0b7bbf: 48 datasets; 1.2 s; peak memory 1165 MiB.
2026-10-10T18:09:11Z INFO [738/750] 96fcc9d3-cbe9-4aaa-986b-aaaf8831ed40: 123 datasets; 2.5 s; peak memory 1165 MiB.
2026-10-10T18:09:13Z INFO [739/750] 96fd58c9-ef22-40cb-a30a-95befc2d407e: 59 datasets; 1.2 s; peak memory 1165 MiB.
2026-10-10T18:09:15Z INFO [740/750] 96fd95ce-d4d7-4a61-aaab-46924f7241c9: 152 datasets; 2.4 s; peak memory 1165 MiB.
2026-10-10T18:09:17Z INFO [741/750] 96fda6f5-11cf-4527-9b11-03466cf254e4: 117 datasets; 1.6 s; peak memory 1165 MiB.
2026-10-10T18:09:18Z INFO [742/750] 96fe5d57-ba80-4be0-aea4-27c8f0910d64: 117 datasets; 1.4 s; peak memory 1165 MiB.
2026-10-10T18:09:19Z INFO [743/750] 9701586c-182f-4774-bfa3-d6f5c97cfd2e: 48 datasets; 1.3 s; peak memory 1165 MiB.
2026-10-10T18:09:21Z INFO [744/750] 9701c645-b6f4-460d-9f10-344c182df6ad: 112 datasets; 1.9 s; peak memory 1165 MiB.
2026-10-10T18:09:23Z INFO [745/750] 97025118-3040-4f67-8b01-df4e8a0863da: 117 datasets; 1.5 s; peak memory 1165 MiB.
2026-10-10T18:09:24Z INFO [746/750] 97025878-8906-4557-86c5-21cf6791aff1: 69 datasets; 1.7 s; peak memory 1165 MiB.
2026-10-10T18:09:27Z INFO [747/750] 9702e908-3dbd-4164-ba0b-d5d90a40ed13: 126 datasets; 2.5 s; peak memory 1165 MiB.
2026-10-10T18:09:29Z INFO [748/750] 9702ebad-0e3e-4e62-9356-9e8697a41065: 112 datasets; 1.7 s; peak memory 1165 MiB.
2026-10-10T18:09:30Z INFO [749/750] 9703faef-15fe-41a8-b434-78ae6871b9f5: 41 datasets; 1.2 s; peak memory 1165 MiB.
2026-10-10T18:09:46Z INFO [750/750] 97041c74-403d-4061-ad5e-2252dd1b4370: 915 datasets; 16.5 s; peak memory 1165 MiB.
2026-10-10T18:09:47Z INFO [750/750] 97041c74-403d-4061-ad5e-2252dd1b4370: checkpointed 119835 new records.
2026-10-10T18:09:47Z INFO Wrote 119835 records to /tmp/derivatives/valid_nwb_file_to_number_of_datasets.jsonl (750 new, 0 failed) in 101.3 min (peak memory 1165 MiB).
