2026-10-08T10:14:29Z INFO Logging to /tmp/logs/update_2026-10-08T10-14-29Z.log.
2026-10-08T10:14:29Z INFO Update valid-nwb-file-to-number-of-datasets (base directory /tmp).
2026-10-08T10:14:29Z INFO Processing 750 items (98835 already recorded).
2026-10-08T10:14:30Z INFO [1/750] 6bb83b31-2c44-4cd4-b478-2725266e4158: 48 datasets; 1.5 s; peak memory 112 MiB.
2026-10-08T10:14:32Z INFO [2/750] 6bb86225-1620-4338-878f-ae66400eb494: 116 datasets; 1.4 s; peak memory 116 MiB.
2026-10-08T10:14:34Z INFO [3/750] 6bb8a07a-1928-498e-9a8d-28b64145156d: 194 datasets; 2.2 s; peak memory 118 MiB.
2026-10-08T10:14:36Z INFO [4/750] 6bb95f58-e9c6-448e-ad8b-290684ebbbfd: 112 datasets; 2.1 s; peak memory 118 MiB.
2026-10-08T10:14:40Z INFO [5/750] 6bb99b90-35a9-498b-8b1a-e9e56cf8ee8d: 156 datasets; 3.5 s; peak memory 120 MiB.
2026-10-08T10:14:41Z INFO [6/750] 6bb9d079-ff84-4797-9549-d36b2c21ccf8: 46 datasets; 0.9 s; peak memory 120 MiB.
2026-10-08T10:14:42Z INFO [7/750] 6bba248a-05f9-49f9-b487-5ced5ee075e6: 112 datasets; 1.6 s; peak memory 121 MiB.
2026-10-08T10:14:44Z INFO [8/750] 6bbb2a7b-1ed1-4cc3-8683-6efc946e1c3e: 57 datasets; 2.1 s; peak memory 121 MiB.
2026-10-08T10:14:46Z INFO [9/750] 6bbb74c5-1825-440d-a2f0-bd122ab290f4: 117 datasets; 1.6 s; peak memory 121 MiB.
2026-10-08T11:14:13Z INFO [10/750] 6bbc1017-97ce-4a82-abf6-b1625fbef736: 2008 datasets; 3567.1 s; peak memory 1116 MiB.
2026-10-08T11:14:15Z INFO [11/750] 6bbcae98-c422-4088-87e1-c212fe640ac1: 62 datasets; 1.8 s; peak memory 1116 MiB.
2026-10-08T11:14:36Z INFO [12/750] 6bbcb043-0afe-421d-8f98-de99c40c880e: 48 datasets; 21.3 s; peak memory 1116 MiB.
2026-10-08T11:14:37Z INFO [13/750] 6bbdcb6f-6109-4de3-8a5c-e8ec033090b6: 46 datasets; 1.1 s; peak memory 1116 MiB.
2026-10-08T11:14:40Z INFO [14/750] 6bbe7f4f-feb7-45dc-bf54-bd05ef39cd49: 90 datasets; 2.5 s; peak memory 1116 MiB.
2026-10-08T11:14:41Z INFO [15/750] 6bbf9ac8-1fba-491c-87bf-4f54bf20ac3f: 52 datasets; 1.4 s; peak memory 1116 MiB.
2026-10-08T11:15:41Z INFO [16/750] 6bc08d74-14ed-49b7-9a3d-1ae37cb1a8ea: 52 datasets; 59.4 s; peak memory 1116 MiB.
2026-10-08T11:15:42Z INFO [17/750] 6bc09710-8eb0-4a01-90c8-19a5f378bf06: 48 datasets; 1.3 s; peak memory 1116 MiB.
2026-10-08T11:15:44Z INFO [18/750] 6bc15a67-5882-4643-9de4-fa63b659b177: 112 datasets; 1.8 s; peak memory 1116 MiB.
2026-10-08T11:15:46Z INFO [19/750] 6bc1b766-7ff1-4cab-b121-ff58ce46b12f: 66 datasets; 1.8 s; peak memory 1116 MiB.
2026-10-08T11:15:47Z INFO [20/750] 6bc249f5-76b4-440d-b695-fd88b581ac67: 118 datasets; 1.4 s; peak memory 1116 MiB.
2026-10-08T11:15:49Z INFO [21/750] 6bc28a48-fa07-484a-b9d4-1f75cac9df1b: 117 datasets; 1.5 s; peak memory 1116 MiB.
2026-10-08T11:16:05Z INFO [22/750] 6bc2e0a3-ba6e-4670-9d58-4e4af41b1fd4: 1023 datasets; 16.8 s; peak memory 1116 MiB.
2026-10-08T11:16:10Z INFO [23/750] 6bc36aa7-64dd-45a5-a4bb-67195fc13ae0: 86 datasets; 4.3 s; peak memory 1116 MiB.
2026-10-08T11:16:11Z INFO [24/750] 6bc3f768-341a-49e8-a834-31f0e91674e4: 21 datasets; 0.9 s; peak memory 1116 MiB.
2026-10-08T11:16:12Z INFO [25/750] 6bc410b7-1125-49dc-ad45-f6e2441da111: 48 datasets; 1.2 s; peak memory 1116 MiB.
2026-10-08T11:16:14Z INFO [26/750] 6bc4d27a-96d0-45ca-8ad9-d69037ac13a3: 38 datasets; 2.5 s; peak memory 1116 MiB.
2026-10-08T11:16:15Z INFO [27/750] 6bc5726e-9e24-4a65-bd2e-d6f289b4a895: 51 datasets; 1.0 s; peak memory 1116 MiB.
2026-10-08T11:16:20Z INFO [28/750] 6bc68651-4218-42bb-a779-19a04d58d266: 111 datasets; 4.7 s; peak memory 1116 MiB.
2026-10-08T11:16:22Z INFO [29/750] 6bc74c0d-d75c-4174-8d61-7bce5b47b6ae: 117 datasets; 1.6 s; peak memory 1116 MiB.
2026-10-08T11:16:34Z INFO [30/750] 6bc87301-7731-437a-ba27-66b7f4d1ea27: 267 datasets; 12.0 s; peak memory 1116 MiB.
2026-10-08T11:16:36Z INFO [31/750] 6bc95c24-a6c6-4be4-8297-f3bc32c8141f: 69 datasets; 1.9 s; peak memory 1116 MiB.
2026-10-08T11:16:37Z INFO [32/750] 6bc97691-871f-4f5b-85a3-d6363d2400b4: 118 datasets; 1.7 s; peak memory 1116 MiB.
2026-10-08T11:16:52Z INFO [33/750] 6bc9d39c-daff-4cfe-9399-35c9f33e4302: 909 datasets; 14.5 s; peak memory 1116 MiB.
2026-10-08T11:16:54Z INFO [34/750] 6bc9e01d-bfea-4268-83cc-d6059350e0f3: 51 datasets; 1.7 s; peak memory 1116 MiB.
2026-10-08T11:16:55Z INFO [35/750] 6bc9f75d-3a0e-49f6-860e-159adf4ec918: 46 datasets; 0.9 s; peak memory 1116 MiB.
2026-10-08T11:16:56Z INFO [36/750] 6bcabdd1-090d-4b1d-8e54-ad3ccad0975b: 71 datasets; 1.9 s; peak memory 1116 MiB.
2026-10-08T11:16:58Z INFO [37/750] 6bcb78b8-ac9d-4ac4-98e2-0a8d3a217b19: 116 datasets; 1.5 s; peak memory 1116 MiB.
2026-10-08T11:16:59Z INFO [38/750] 6bcba4fb-9899-43ec-8b72-f53f7dabb63c: 118 datasets; 1.6 s; peak memory 1116 MiB.
2026-10-08T11:17:01Z INFO [39/750] 6bcc9274-3ab6-4147-b762-67ff3cf7ff5a: 72 datasets; 1.4 s; peak memory 1116 MiB.
2026-10-08T11:17:02Z INFO [40/750] 6bcd5bf7-020b-47ab-bb7c-d0d6302e9213: 41 datasets; 1.1 s; peak memory 1116 MiB.
2026-10-08T11:17:04Z INFO [41/750] 6bcd7b81-f11b-4549-aa45-2ededb11e1b3: 53 datasets; 2.4 s; peak memory 1116 MiB.
2026-10-08T11:17:06Z INFO [42/750] 6bce3236-ba26-4af5-af04-ad0112adc92f: 48 datasets; 1.3 s; peak memory 1116 MiB.
2026-10-08T11:17:07Z INFO [43/750] 6bce4db4-44fc-4c7a-b508-c4fd8c583f68: 48 datasets; 1.4 s; peak memory 1116 MiB.
2026-10-08T11:17:09Z INFO [44/750] 6bceeb16-34b9-4ab5-ad86-c10a22ab0cb6: 102 datasets; 1.9 s; peak memory 1116 MiB.
2026-10-08T11:17:11Z INFO [45/750] 6bcf024b-f7b6-453b-8cff-a86bb4809775: 71 datasets; 2.2 s; peak memory 1116 MiB.
2026-10-08T11:17:35Z INFO [46/750] 6bcf4f82-d53f-4814-af86-6fd8ced3419d: 522 datasets; 24.0 s; peak memory 1116 MiB.
2026-10-08T11:17:37Z INFO [47/750] 6bcf69cd-64b0-4c0d-bc77-2d20e2772d39: 70 datasets; 1.3 s; peak memory 1116 MiB.
2026-10-08T11:18:00Z INFO [48/750] 6bcf736d-0e7d-4056-8585-d8675f8f652f: 48 datasets; 23.5 s; peak memory 1116 MiB.
2026-10-08T11:18:02Z INFO [49/750] 6bcf9b4b-1c96-436f-9534-5dc12e465248: 84 datasets; 1.6 s; peak memory 1116 MiB.
2026-10-08T11:18:03Z INFO [50/750] 6bd03a23-cc69-411b-9016-3dbab13f864d: 48 datasets; 1.3 s; peak memory 1116 MiB.
2026-10-08T11:18:03Z INFO [50/750] 6bd03a23-cc69-411b-9016-3dbab13f864d: checkpointed 98885 records.
2026-10-08T11:18:05Z INFO [51/750] 6bd17ebb-7e10-443f-a7aa-50e3c3034e1a: 112 datasets; 2.0 s; peak memory 1116 MiB.
2026-10-08T11:18:06Z INFO [52/750] 6bd1a457-eadb-40a3-804a-cb5c976be0b7: 48 datasets; 1.3 s; peak memory 1116 MiB.
2026-10-08T11:18:08Z INFO [53/750] 6bd26ca8-1edf-4a24-86e1-50a4911a0dfa: 71 datasets; 2.0 s; peak memory 1116 MiB.
2026-10-08T11:18:10Z INFO [54/750] 6bd33851-fa7b-447e-843d-d81429d921cc: 52 datasets; 1.5 s; peak memory 1116 MiB.
2026-10-08T11:18:13Z INFO [55/750] 6bd3994b-4471-4a3b-9268-8ea7ba614fc5: 156 datasets; 3.6 s; peak memory 1116 MiB.
2026-10-08T11:18:23Z INFO [56/750] 6bd4a24b-7386-4750-b234-acfa77c80aaf: 710 datasets; 9.9 s; peak memory 1116 MiB.
2026-10-08T11:18:25Z INFO [57/750] 6bd4c309-6c54-4b45-bf93-75816b158725: 48 datasets; 1.3 s; peak memory 1116 MiB.
2026-10-08T11:18:26Z INFO [58/750] 6bd4d41e-bc94-4a0d-a7c3-4d64961e2da7: 117 datasets; 1.4 s; peak memory 1116 MiB.
2026-10-08T11:18:28Z INFO [59/750] 6bd57257-7f1b-42cb-a942-04ed050bc999: 116 datasets; 1.6 s; peak memory 1116 MiB.
2026-10-08T11:18:29Z INFO [60/750] 6bd65f5b-bbeb-44a3-b523-d5237454751a: 48 datasets; 1.2 s; peak memory 1116 MiB.
2026-10-08T11:18:30Z INFO [61/750] 6bd6f364-85ef-46cb-aa00-24e68b582c4f: 50 datasets; 1.0 s; peak memory 1116 MiB.
2026-10-08T11:18:44Z INFO [62/750] 6bd6f570-8142-4baa-b2db-fecddf399a96: 870 datasets; 14.3 s; peak memory 1116 MiB.
2026-10-08T11:18:46Z INFO [63/750] 6bd83e47-0ef4-46dd-a0cc-dbd4b42200d9: 112 datasets; 2.0 s; peak memory 1116 MiB.
2026-10-08T11:18:47Z INFO [64/750] 6bd93426-d53f-44ad-8ff3-e81e0fa071b0: 57 datasets; 1.0 s; peak memory 1116 MiB.
2026-10-08T11:18:48Z INFO [65/750] 6bd93f71-5ad8-4182-90a4-d17160212e74: 48 datasets; 1.3 s; peak memory 1116 MiB.
2026-10-08T11:18:50Z INFO [66/750] 6bd9c34a-578c-4c1b-8391-7eeacc987579: 38 datasets; 1.2 s; peak memory 1116 MiB.
2026-10-08T11:18:52Z INFO [67/750] 6bd9d052-a83b-4fdb-a7ce-9112a9e0093f: 119 datasets; 2.3 s; peak memory 1116 MiB.
2026-10-08T11:19:12Z INFO [68/750] 6bd9eef8-0c35-4d61-8712-1975e61e7d85: 49 datasets; 19.9 s; peak memory 1116 MiB.
2026-10-08T11:19:13Z INFO [69/750] 6bd9f555-b4d8-443d-9a37-04f711b5bcba: 72 datasets; 1.4 s; peak memory 1116 MiB.
2026-10-08T11:19:15Z INFO [70/750] 6bdb8cbc-21c2-420a-8e41-546c231e64bb: 62 datasets; 1.6 s; peak memory 1116 MiB.
2026-10-08T11:19:16Z INFO [71/750] 6bdbf84f-df7d-4f0f-8098-79a0dd0e31fe: 118 datasets; 1.4 s; peak memory 1116 MiB.
2026-10-08T11:20:50Z INFO [72/750] 6bdc4ee6-0baf-4ecb-8b1c-a43f47ccb55b: 58 datasets; 94.2 s; peak memory 1116 MiB.
2026-10-08T11:20:52Z INFO [73/750] 6bdf154e-2f93-4dde-968d-aba59b3b5909: 66 datasets; 1.7 s; peak memory 1116 MiB.
2026-10-08T11:20:54Z INFO [74/750] 6bdf4d87-dbe2-489c-9bbb-ebfef8691ab8: 49 datasets; 1.6 s; peak memory 1116 MiB.
2026-10-08T11:20:55Z INFO [75/750] 6bdf6738-1d6f-4b40-b1e8-7effdec4b9c6: 117 datasets; 1.5 s; peak memory 1116 MiB.
2026-10-08T11:20:57Z INFO [76/750] 6bdfb82b-3411-4ed8-8aff-53d1b1927a7a: 62 datasets; 1.8 s; peak memory 1116 MiB.
2026-10-08T11:20:58Z INFO [77/750] 6bdfbdc8-85fb-4d0f-adc4-a4925ab5e587: 118 datasets; 1.5 s; peak memory 1116 MiB.
2026-10-08T11:21:00Z INFO [78/750] 6bdff057-4284-46a1-afff-dfcd07ffedb6: 112 datasets; 1.6 s; peak memory 1116 MiB.
2026-10-08T11:21:13Z INFO [79/750] 6bdff742-2091-4412-b478-983c6dfb9dd8: 420 datasets; 13.1 s; peak memory 1116 MiB.
2026-10-08T11:21:14Z INFO [80/750] 6bdffb44-d50f-4253-8016-05d183dc6946: 48 datasets; 1.3 s; peak memory 1116 MiB.
2026-10-08T11:21:16Z INFO [81/750] 6be1633c-838c-4aa8-83c5-c8be779333a7: 48 datasets; 1.4 s; peak memory 1116 MiB.
2026-10-08T11:21:17Z INFO [82/750] 6be19a99-6c6e-4a58-871a-b6fdb40182d6: 48 datasets; 1.3 s; peak memory 1116 MiB.
2026-10-08T11:21:22Z INFO [83/750] 6be1d6be-4343-4cf3-8bd4-c43afb4defc9: 440 datasets; 4.9 s; peak memory 1116 MiB.
2026-10-08T11:21:24Z INFO [84/750] 6be248d5-ec85-40ce-b55a-6c76e1239109: 77 datasets; 1.7 s; peak memory 1116 MiB.
2026-10-08T11:21:25Z INFO [85/750] 6be29164-c4f8-4cc6-a6ab-c3f1808eed60: 48 datasets; 1.3 s; peak memory 1116 MiB.
2026-10-08T11:21:27Z INFO [86/750] 6be339ab-ca70-42aa-b60d-7f1147dbc924: 77 datasets; 1.7 s; peak memory 1116 MiB.
2026-10-08T11:21:28Z INFO [87/750] 6be49809-3664-4280-865b-87a03e62d9a1: 48 datasets; 1.3 s; peak memory 1116 MiB.
2026-10-08T11:21:30Z INFO [88/750] 6be513cb-2cab-4644-86a9-d90b576de3eb: 112 datasets; 2.2 s; peak memory 1116 MiB.
2026-10-08T11:21:37Z INFO [89/750] 6be534fe-2bd0-443c-88db-8a3a07a316ef: 443 datasets; 6.7 s; peak memory 1116 MiB.
2026-10-08T11:21:38Z INFO [90/750] 6be59879-fffc-4187-b279-7897a64dc82c: 51 datasets; 1.6 s; peak memory 1116 MiB.
2026-10-08T11:21:40Z INFO [91/750] 6be5f668-e265-4f39-9438-d50a4a823549: 117 datasets; 1.6 s; peak memory 1116 MiB.
2026-10-08T11:21:41Z INFO [92/750] 6be67ec2-4762-4fa1-92d1-d1739896b3b6: 56 datasets; 1.0 s; peak memory 1116 MiB.
2026-10-08T11:21:42Z INFO [93/750] 6be68c6b-72ba-40ef-87a4-5af60d9606f5: 117 datasets; 1.4 s; peak memory 1116 MiB.
2026-10-08T11:21:44Z INFO [94/750] 6be6df0e-27d2-4ede-9cdd-61281f32f859: 48 datasets; 1.1 s; peak memory 1116 MiB.
2026-10-08T11:21:45Z INFO [95/750] 6be91a72-4b41-4fd0-8b56-8b12ce46b4f8: 48 datasets; 1.2 s; peak memory 1116 MiB.
2026-10-08T11:22:05Z INFO [96/750] 6be96433-e14a-42cb-8fd5-0dae29e17ccf: 1943 datasets; 20.7 s; peak memory 1116 MiB.
2026-10-08T11:22:08Z INFO [97/750] 6bea1bf9-f7ee-4f3d-8a07-f8bce9860d8a: 115 datasets; 2.9 s; peak memory 1116 MiB.
2026-10-08T11:22:10Z INFO [98/750] 6beae538-faab-4e2f-8854-07842369eb09: 110 datasets; 1.7 s; peak memory 1116 MiB.
2026-10-08T11:22:11Z INFO [99/750] 6beb1637-2bf6-4baf-b8d1-cf83d80a33b3: 46 datasets; 1.1 s; peak memory 1116 MiB.
2026-10-08T11:22:13Z INFO [100/750] 6bed4bf7-9591-4eb9-93ca-cc972d63890c: 112 datasets; 2.0 s; peak memory 1116 MiB.
2026-10-08T11:22:13Z INFO [100/750] 6bed4bf7-9591-4eb9-93ca-cc972d63890c: checkpointed 98935 records.
2026-10-08T11:22:15Z INFO [101/750] 6beda88c-48c5-4200-8024-8b0638fd7233: 112 datasets; 1.6 s; peak memory 1116 MiB.
2026-10-08T11:22:16Z INFO [102/750] 6bedadc8-a653-4558-952c-da3af7502c31: 52 datasets; 1.5 s; peak memory 1116 MiB.
2026-10-08T11:22:18Z INFO [103/750] 6bee1bd9-c652-4aa1-a51f-93d95df7e9e0: 46 datasets; 1.3 s; peak memory 1116 MiB.
2026-10-08T11:22:19Z INFO [104/750] 6beee11c-d18a-4f82-9c65-87f4aa8daae1: 41 datasets; 1.1 s; peak memory 1116 MiB.
2026-10-08T11:22:21Z INFO [105/750] 6beee930-9181-4321-a47d-ee2824fe4ec6: 71 datasets; 2.0 s; peak memory 1116 MiB.
2026-10-08T11:22:38Z INFO [106/750] 6bef7130-b18a-4841-a6ac-e04e50860600: 41 datasets; 17.3 s; peak memory 1116 MiB.
2026-10-08T11:22:40Z INFO [107/750] 6bf024a6-8809-492c-8d90-885e00231fd7: 70 datasets; 1.9 s; peak memory 1116 MiB.
2026-10-08T11:22:42Z INFO [108/750] 6bf23b39-2194-4868-b6b7-3aff7e23f1e3: 64 datasets; 1.8 s; peak memory 1116 MiB.
2026-10-08T11:22:43Z INFO [109/750] 6bf2f26e-d896-4f90-9306-904c3e904787: 48 datasets; 1.2 s; peak memory 1116 MiB.
2026-10-08T11:22:50Z INFO [110/750] 6bf4bfb4-7d3e-4f2f-846b-6f57f3b927c1: 229 datasets; 6.6 s; peak memory 1116 MiB.
2026-10-08T11:22:52Z INFO [111/750] 6bf560a0-9f85-4171-84ee-57dd85bf55de: 247 datasets; 2.0 s; peak memory 1116 MiB.
2026-10-08T11:23:06Z INFO [112/750] 6bf57f9d-85ee-403e-ad6a-3e4471193ff9: 780 datasets; 14.8 s; peak memory 1116 MiB.
2026-10-08T11:23:08Z INFO [113/750] 6bf62c73-ac1e-4f18-88be-2873909ee413: 112 datasets; 1.8 s; peak memory 1116 MiB.
2026-10-08T11:23:10Z INFO [114/750] 6bf6f409-4cea-4554-aeff-597c7ba5f375: 70 datasets; 1.7 s; peak memory 1116 MiB.
2026-10-08T11:23:11Z INFO [115/750] 6bf7c1af-bf47-45aa-ac31-f6fb07f309d6: 117 datasets; 1.5 s; peak memory 1116 MiB.
2026-10-08T11:23:33Z INFO [116/750] 6bf87925-beb0-4e26-9f79-72bad1834ef6: 887 datasets; 22.2 s; peak memory 1116 MiB.
2026-10-08T11:23:36Z INFO [117/750] 6bf8a45e-1ac2-4092-b0cb-6f4c1d70ad28: 116 datasets; 2.9 s; peak memory 1116 MiB.
2026-10-08T11:23:38Z INFO [118/750] 6bf8dced-d430-46a8-82b3-c3c785a8bf9b: 61 datasets; 1.6 s; peak memory 1116 MiB.
2026-10-08T11:23:39Z INFO [119/750] 6bf94511-35a0-49e7-9de9-a204ad304301: 117 datasets; 1.4 s; peak memory 1116 MiB.
2026-10-08T11:23:41Z INFO [120/750] 6bf99c9a-af3a-4436-b896-8e139933b4a1: 57 datasets; 1.1 s; peak memory 1116 MiB.
2026-10-08T11:23:52Z INFO [121/750] 6bfa0b57-3b5a-4683-ad75-e4f5ccf27369: 697 datasets; 11.3 s; peak memory 1116 MiB.
2026-10-08T11:23:55Z INFO [122/750] 6bfa81fe-752a-464b-9777-fe2e78c19efe: 38 datasets; 2.9 s; peak memory 1116 MiB.
2026-10-08T11:23:56Z INFO [123/750] 6bfa8de7-2265-47cd-a3a2-c01051f528c7: 117 datasets; 1.4 s; peak memory 1116 MiB.
2026-10-08T11:24:00Z INFO [124/750] 6bfab6ef-6a48-4c67-ae08-06c6a41dc687: 228 datasets; 3.8 s; peak memory 1116 MiB.
2026-10-08T11:24:01Z INFO [125/750] 6bfb10f6-eea8-4839-9d0a-0aa5a588d21b: 117 datasets; 1.5 s; peak memory 1116 MiB.
2026-10-08T11:24:03Z INFO [126/750] 6bfd17e9-a455-48e0-8b30-ca9297f51e05: 118 datasets; 1.7 s; peak memory 1116 MiB.
2026-10-08T11:31:09Z INFO [127/750] 6bfd3255-1373-4de8-afc7-5f03aafe0a54: 94 datasets; 425.6 s; peak memory 1116 MiB.
2026-10-08T11:31:10Z INFO [128/750] 6bfd6d23-c917-49a2-94aa-3a6c797f9865: 47 datasets; 1.1 s; peak memory 1116 MiB.
2026-10-08T11:31:12Z INFO [129/750] 6bfd7ba8-788e-4d61-b695-e63e4697e34c: 117 datasets; 1.8 s; peak memory 1116 MiB.
2026-10-08T11:31:13Z INFO [130/750] 6bfddb76-ea3a-447f-9d76-b3c812cdf2ec: 84 datasets; 1.6 s; peak memory 1116 MiB.
2026-10-08T11:31:14Z INFO [131/750] 6bfe58be-f2ed-42ef-b133-72b9859c485b: 46 datasets; 1.1 s; peak memory 1116 MiB.
2026-10-08T11:31:20Z INFO [132/750] 6bff14cb-f829-4295-9509-2648f6b6b417: 538 datasets; 5.8 s; peak memory 1116 MiB.
2026-10-08T11:31:40Z INFO [133/750] 6bff38e9-9ffa-4f06-9cd9-234a3f1d525a: 48 datasets; 20.3 s; peak memory 1116 MiB.
2026-10-08T11:31:42Z INFO [134/750] 6c0084c2-e2b7-4e88-8631-ee17d76fcc70: 114 datasets; 1.3 s; peak memory 1116 MiB.
2026-10-08T11:31:49Z INFO [135/750] 6c00c3a5-b495-4cfa-88c0-a56b180a743b: 196 datasets; 7.5 s; peak memory 1116 MiB.
2026-10-08T11:31:52Z INFO [136/750] 6c00d7b1-7f08-475f-ba0d-40083f1286f7: 88 datasets; 2.3 s; peak memory 1116 MiB.
2026-10-08T11:32:04Z INFO [137/750] 6c0130fb-5d67-437a-b027-fb4bc6086c72: 1132 datasets; 12.2 s; peak memory 1116 MiB.
2026-10-08T11:32:05Z INFO [138/750] 6c01a9e8-9927-42ec-8927-e641c88da307: 48 datasets; 1.4 s; peak memory 1116 MiB.
2026-10-08T11:32:07Z INFO [139/750] 6c02a72f-6440-44b5-90cc-85bad6aae894: 48 datasets; 1.3 s; peak memory 1116 MiB.
2026-10-08T11:32:08Z INFO [140/750] 6c02cd5c-7911-46e7-8641-25396a50edf5: 64 datasets; 1.8 s; peak memory 1116 MiB.
2026-10-08T11:32:17Z INFO [141/750] 6c02f4e7-6a37-49a2-b25c-17c47f857b16: 543 datasets; 8.5 s; peak memory 1116 MiB.
2026-10-08T11:32:33Z INFO [142/750] 6c032261-6cef-4ce0-a2b8-1a3662535718: 271 datasets; 15.9 s; peak memory 1116 MiB.
2026-10-08T11:32:34Z INFO [143/750] 6c0394d9-072b-4f2e-9b89-3ff502aeebf5: 48 datasets; 1.3 s; peak memory 1116 MiB.
2026-10-08T11:32:35Z INFO [144/750] 6c03c6fe-9c7a-4a3b-8d2f-46edf8239387: 57 datasets; 1.0 s; peak memory 1116 MiB.
2026-10-08T11:32:40Z INFO [145/750] 6c043ee1-13ff-4f7a-8fa0-d77ab9520695: 377 datasets; 5.3 s; peak memory 1116 MiB.
2026-10-08T11:32:43Z INFO [146/750] 6c06d8d7-ba63-4e62-a333-51e1c4d879d0: 71 datasets; 2.7 s; peak memory 1116 MiB.
2026-10-08T11:32:44Z INFO [147/750] 6c0b0d22-d302-4aa2-a818-f27f12e2b0b5: 48 datasets; 1.3 s; peak memory 1116 MiB.
2026-10-08T11:32:46Z INFO [148/750] 6c0b2de9-b30b-4101-b070-a990e94f1b8f: 56 datasets; 1.3 s; peak memory 1116 MiB.
2026-10-08T11:32:47Z INFO [149/750] 6c0b4ac9-1dde-47c8-9b54-dbb033f474ff: 153 datasets; 1.5 s; peak memory 1116 MiB.
2026-10-08T11:32:49Z INFO [150/750] 6c0b4d68-4dae-48bc-ad13-77934c0a36ad: 72 datasets; 1.6 s; peak memory 1116 MiB.
2026-10-08T11:32:49Z INFO [150/750] 6c0b4d68-4dae-48bc-ad13-77934c0a36ad: checkpointed 98985 records.
2026-10-08T11:32:50Z INFO [151/750] 6c0b5216-6c00-4e45-a062-8d9e7da3b7fb: 46 datasets; 1.0 s; peak memory 1116 MiB.
2026-10-08T11:32:51Z INFO [152/750] 6c0b61f2-0143-425e-ac22-2dac2428e929: 50 datasets; 1.1 s; peak memory 1116 MiB.
2026-10-08T11:32:52Z INFO [153/750] 6c0c7d05-f067-42d1-9bd9-d2b9197f6ff5: 48 datasets; 1.2 s; peak memory 1116 MiB.
2026-10-08T11:33:00Z INFO [154/750] 6c0c8528-1eb8-465e-942c-e4f46fe7def7: 534 datasets; 7.7 s; peak memory 1116 MiB.
2026-10-08T11:33:02Z INFO [155/750] 6c0e09d4-5b00-4803-a143-e01a3dc5d530: 117 datasets; 1.6 s; peak memory 1116 MiB.
2026-10-08T11:33:03Z INFO [156/750] 6c0eba01-6471-4c4b-a256-0be48d8e7d3b: 38 datasets; 1.3 s; peak memory 1116 MiB.
2026-10-08T11:33:04Z INFO [157/750] 6c0ed951-9b98-476e-9e7a-23dadb297870: 48 datasets; 1.3 s; peak memory 1116 MiB.
2026-10-08T11:33:06Z INFO [158/750] 6c0f3901-01c8-4314-82eb-d4de3f753688: 118 datasets; 1.5 s; peak memory 1116 MiB.
2026-10-08T11:33:07Z INFO [159/750] 6c0f4e64-d978-4141-8656-d3b132eb9d2c: 59 datasets; 1.6 s; peak memory 1116 MiB.
2026-10-08T11:33:08Z INFO [160/750] 6c0f81fe-e785-468a-b84b-6ad1c893851e: 48 datasets; 1.2 s; peak memory 1116 MiB.
2026-10-08T11:33:10Z INFO [161/750] 6c0fef0b-c9a1-4f2c-93b3-6f7d4262fe9b: 48 datasets; 1.3 s; peak memory 1116 MiB.
2026-10-08T11:33:18Z INFO [162/750] 6c10bdff-992f-44d7-abbc-5378a1f33f2b: 538 datasets; 8.5 s; peak memory 1116 MiB.
2026-10-08T11:33:20Z INFO [163/750] 6c10ec29-339a-4966-b02e-682864c95e12: 290 datasets; 1.7 s; peak memory 1116 MiB.
2026-10-08T11:33:21Z INFO [164/750] 6c113b16-061b-4b1e-a114-f18144cca839: 48 datasets; 1.5 s; peak memory 1116 MiB.
2026-10-08T11:33:23Z INFO [165/750] 6c11a5ed-d0c7-4ff4-b99a-9ba9644ed85c: 56 datasets; 1.1 s; peak memory 1116 MiB.
2026-10-08T11:33:24Z INFO [166/750] 6c121d9c-416c-4add-bf81-c012a6192407: 49 datasets; 1.7 s; peak memory 1116 MiB.
2026-10-08T11:33:25Z INFO [167/750] 6c130112-0625-498d-807a-992c1f857c5e: 121 datasets; 1.2 s; peak memory 1116 MiB.
2026-10-08T11:33:27Z INFO [168/750] 6c13afbd-3055-42bd-a984-89c7d5521570: 66 datasets; 2.0 s; peak memory 1116 MiB.
2026-10-08T11:35:52Z INFO [169/750] 6c13fe28-3510-4fe3-a9dc-b41e7d2812b5: 190 datasets; 144.8 s; peak memory 1116 MiB.
2026-10-08T11:35:53Z INFO [170/750] 6c140b74-8521-4a65-b91f-73be0cdcb135: 48 datasets; 1.3 s; peak memory 1116 MiB.
2026-10-08T11:35:55Z INFO [171/750] 6c1413c4-418b-423a-9625-6b59f9c81845: 48 datasets; 1.3 s; peak memory 1116 MiB.
2026-10-08T11:36:19Z INFO [172/750] 6c1425c4-0d47-41a2-be7f-8f9824d3f31c: 3730 datasets; 24.0 s; peak memory 1116 MiB.
2026-10-08T11:36:20Z INFO [173/750] 6c144627-4bc8-4190-91e8-6fab97b364ff: 48 datasets; 1.4 s; peak memory 1116 MiB.
2026-10-08T11:36:22Z INFO [174/750] 6c14776e-a21a-4924-804b-df8dba1564e4: 112 datasets; 1.9 s; peak memory 1116 MiB.
2026-10-08T11:36:23Z INFO [175/750] 6c14b597-b940-4823-b3f4-a1e5d76bb7d1: 49 datasets; 1.3 s; peak memory 1116 MiB.
2026-10-08T11:36:34Z INFO [176/750] 6c153ee3-867a-40f1-97c7-2d8e9594995a: 384 datasets; 10.5 s; peak memory 1116 MiB.
2026-10-08T11:36:35Z INFO [177/750] 6c15894b-3d17-4e21-b36e-388f4f8bbbaf: 116 datasets; 1.5 s; peak memory 1116 MiB.
2026-10-08T11:36:37Z INFO [178/750] 6c15dccd-3073-48c7-8489-acc7114ac8fc: 48 datasets; 1.3 s; peak memory 1116 MiB.
2026-10-08T11:43:43Z INFO [179/750] 6c173ffa-79c9-4768-b977-aed0d6f515d4: 938 datasets; 426.4 s; peak memory 1149 MiB.
2026-10-08T11:43:47Z INFO [180/750] 6c1928ae-cc0d-4e92-a3a8-9313fb68b13f: 399 datasets; 4.3 s; peak memory 1149 MiB.
2026-10-08T11:43:48Z INFO [181/750] 6c19295e-c580-4004-ba37-7a85b2b4a8a8: 56 datasets; 1.1 s; peak memory 1149 MiB.
2026-10-08T11:43:50Z INFO [182/750] 6c195317-d55a-4888-a64d-08a345757b7b: 118 datasets; 1.6 s; peak memory 1149 MiB.
2026-10-08T11:43:51Z INFO [183/750] 6c196b39-59b1-4c2b-bdf7-995bf9128221: 48 datasets; 1.3 s; peak memory 1149 MiB.
2026-10-08T11:43:53Z INFO [184/750] 6c1a14a8-6e44-4ac0-8faa-4d112710fae7: 46 datasets; 1.3 s; peak memory 1149 MiB.
2026-10-08T11:43:54Z INFO [185/750] 6c1a285f-36cb-4bfa-baa4-c243e7eda415: 112 datasets; 1.5 s; peak memory 1149 MiB.
2026-10-08T11:43:57Z INFO [186/750] 6c1abd58-8965-4f42-927f-f1c804a5d162: 119 datasets; 2.5 s; peak memory 1149 MiB.
2026-10-08T11:43:59Z INFO [187/750] 6c1c5ad6-9e07-4d77-9ee1-037ffa2c002c: 110 datasets; 1.9 s; peak memory 1149 MiB.
2026-10-08T11:44:00Z INFO [188/750] 6c1c6fe3-c1c9-42d2-a15e-44b771ad10c0: 48 datasets; 1.3 s; peak memory 1149 MiB.
2026-10-08T11:44:01Z INFO [189/750] 6c1c8f32-2312-4662-be78-ff5671942e0a: 70 datasets; 1.4 s; peak memory 1149 MiB.
2026-10-08T11:44:08Z INFO [190/750] 6c1db4e9-3eb3-4002-a308-427cfe49bf97: 200 datasets; 6.7 s; peak memory 1149 MiB.
2026-10-08T11:44:10Z INFO [191/750] 6c1dd9e7-e62f-44cd-a954-9a7168ab26df: 112 datasets; 1.6 s; peak memory 1149 MiB.
2026-10-08T11:44:11Z INFO [192/750] 6c1e570b-5db6-46a2-850c-341fec71efe0: 48 datasets; 1.3 s; peak memory 1149 MiB.
2026-10-08T11:44:13Z INFO [193/750] 6c1ec14c-94ca-40f7-8584-d3f75f3653d7: 64 datasets; 1.8 s; peak memory 1149 MiB.
2026-10-08T11:44:16Z INFO [194/750] 6c1f6698-00c1-4d9f-a7b2-a434a21321f3: 114 datasets; 2.9 s; peak memory 1149 MiB.
2026-10-08T11:44:34Z INFO [195/750] 6c1f94d4-7eaf-41b2-a801-9fc924a1cc9b: 267 datasets; 18.1 s; peak memory 1149 MiB.
2026-10-08T11:44:35Z INFO [196/750] 6c1fee2d-bdf1-45a6-ac8a-ccecdce6cf1d: 116 datasets; 1.5 s; peak memory 1149 MiB.
2026-10-08T11:44:37Z INFO [197/750] 6c1ff262-1181-4606-a62f-ec8081f6e2ac: 46 datasets; 1.3 s; peak memory 1149 MiB.
2026-10-08T11:44:38Z INFO [198/750] 6c209c4c-d934-431f-8eeb-dc0cb44216d9: 110 datasets; 1.7 s; peak memory 1149 MiB.
2026-10-08T11:44:44Z INFO [199/750] 6c218c80-e32b-4c7e-b474-a39d0d5b542b: 225 datasets; 6.0 s; peak memory 1149 MiB.
2026-10-08T11:44:49Z INFO [200/750] 6c21a70b-9cf8-403b-8994-6bc415a7cb38: 444 datasets; 5.1 s; peak memory 1149 MiB.
2026-10-08T11:44:49Z INFO [200/750] 6c21a70b-9cf8-403b-8994-6bc415a7cb38: checkpointed 99035 records.
2026-10-08T11:44:51Z INFO [201/750] 6c21b9dd-c39e-426d-a151-abaf8d546ea4: 303 datasets; 1.7 s; peak memory 1149 MiB.
2026-10-08T11:44:53Z INFO [202/750] 6c2216a0-0470-43ac-bc5a-343fdd02ff6d: 66 datasets; 1.7 s; peak memory 1149 MiB.
2026-10-08T11:46:38Z INFO [203/750] 6c2335e2-5ffd-48f6-b5c3-af3849b2591b: 28943 datasets; 105.3 s; peak memory 1149 MiB.
2026-10-08T11:46:40Z INFO [204/750] 6c23e641-34b3-461b-8b1f-2dce1a7511d0: 52 datasets; 1.4 s; peak memory 1149 MiB.
2026-10-08T11:46:43Z INFO [205/750] 6c244c7e-3e6f-47cb-b3be-1fed99be9112: 138 datasets; 3.1 s; peak memory 1149 MiB.
2026-10-08T11:50:52Z INFO [206/750] 6c244f03-a9d9-4b70-875c-870c21f530b4: 283 datasets; 249.6 s; peak memory 1149 MiB.
2026-10-08T11:50:54Z INFO [207/750] 6c245239-5476-4743-aada-53e25023b548: 66 datasets; 1.7 s; peak memory 1149 MiB.
2026-10-08T11:50:58Z INFO [208/750] 6c2457cf-6ebe-4849-8941-25b258848761: 153 datasets; 3.8 s; peak memory 1149 MiB.
2026-10-08T11:51:00Z INFO [209/750] 6c2490f9-410c-4057-acc2-7c3566562246: 118 datasets; 1.8 s; peak memory 1149 MiB.
2026-10-08T11:51:01Z INFO [210/750] 6c253b58-530f-443c-9f3e-87e2669c4066: 112 datasets; 1.8 s; peak memory 1149 MiB.
2026-10-08T11:51:03Z INFO [211/750] 6c2545b0-3d85-4d5c-9e32-8e5333e36b9f: 117 datasets; 1.7 s; peak memory 1149 MiB.
2026-10-08T11:51:04Z INFO [212/750] 6c25690c-0947-4751-bbc3-29a1b7d15f22: 48 datasets; 1.3 s; peak memory 1149 MiB.
2026-10-08T11:51:28Z INFO [213/750] 6c25d390-a3bb-431a-b641-0452510bd132: 827 datasets; 23.6 s; peak memory 1149 MiB.
2026-10-08T11:51:32Z INFO [214/750] 6c261c15-dc5d-4b8f-98dc-b4e3ce3825bd: 157 datasets; 3.5 s; peak memory 1149 MiB.
2026-10-08T11:51:37Z INFO [215/750] 6c268d5c-cd1c-4a90-88af-bce290a928d6: 537 datasets; 5.6 s; peak memory 1149 MiB.
2026-10-08T11:51:38Z INFO [216/750] 6c274a98-f51f-4a41-85ae-e9a1c13b8cf7: 54 datasets; 0.9 s; peak memory 1149 MiB.
2026-10-08T11:51:39Z INFO [217/750] 6c281b27-7f82-4388-965f-54d71eea3c02: 48 datasets; 1.3 s; peak memory 1149 MiB.
2026-10-08T11:51:41Z INFO [218/750] 6c28ca2d-7ad7-4a8d-8248-3af50a5ee8b7: 116 datasets; 1.5 s; peak memory 1149 MiB.
2026-10-08T11:51:47Z INFO [219/750] 6c2909ba-b15e-4c9d-ab5d-30155c56ed78: 194 datasets; 6.6 s; peak memory 1149 MiB.
2026-10-08T11:51:49Z INFO [220/750] 6c29112a-3a90-40cf-a33a-1485825999ea: 48 datasets; 1.2 s; peak memory 1149 MiB.
2026-10-08T11:51:50Z INFO [221/750] 6c29403f-7412-4103-8881-5a565197c979: 117 datasets; 1.4 s; peak memory 1149 MiB.
2026-10-08T11:51:51Z INFO [222/750] 6c2bf42b-ea41-4362-b12f-1445c545ea7d: 48 datasets; 1.3 s; peak memory 1149 MiB.
2026-10-08T11:52:01Z INFO [223/750] 6c2c9f9c-fc2a-4e71-9c1a-3917d8127594: 391 datasets; 9.6 s; peak memory 1149 MiB.
2026-10-08T11:52:09Z INFO [224/750] 6c2d21a5-1bfc-4c9c-8149-217cc61374d6: 257 datasets; 7.7 s; peak memory 1149 MiB.
2026-10-08T11:52:12Z INFO [225/750] 6c2d9ffa-4a6a-429a-846e-10856c32549e: 115 datasets; 2.9 s; peak memory 1149 MiB.
2026-10-08T11:52:13Z INFO [226/750] 6c2e1cda-5136-40f9-b7c5-f902b6d05709: 116 datasets; 1.6 s; peak memory 1149 MiB.
2026-10-08T11:52:18Z INFO [227/750] 6c2e8d7f-8e4a-4d09-8d76-8680daaefd68: 38 datasets; 4.8 s; peak memory 1149 MiB.
2026-10-08T11:52:19Z INFO [228/750] 6c2ef304-6dc8-424f-8ec8-15a9c752aa34: 46 datasets; 0.9 s; peak memory 1149 MiB.
2026-10-08T11:52:20Z INFO [229/750] 6c2f1dee-03e1-4f19-8f8e-338ffd6e1950: 48 datasets; 1.2 s; peak memory 1149 MiB.
2026-10-08T12:01:19Z INFO [230/750] 6c2f8547-c2b2-406e-a9ed-6f30de8fb9e5: 62 datasets; 539.0 s; peak memory 1149 MiB.
2026-10-08T12:01:22Z INFO [231/750] 6c2f8793-2922-464e-a218-00011a62f5dc: 71 datasets; 2.7 s; peak memory 1149 MiB.
2026-10-08T12:01:23Z INFO [232/750] 6c2fa7a1-18f1-4a2d-b844-5386271273dd: 48 datasets; 1.2 s; peak memory 1149 MiB.
2026-10-08T12:06:01Z INFO [233/750] 6c2fafe7-cc57-4d57-872f-63894d830e46: 292 datasets; 277.7 s; peak memory 1149 MiB.
2026-10-08T12:06:02Z INFO [234/750] 6c3095fa-44cb-4ba3-9e69-2b6000662a32: 117 datasets; 1.7 s; peak memory 1149 MiB.
2026-10-08T12:06:04Z INFO [235/750] 6c310162-6d67-4f65-bfa4-c28b9a1cb576: 48 datasets; 1.5 s; peak memory 1149 MiB.
2026-10-08T12:06:07Z INFO [236/750] 6c3144c3-b0ce-48e0-aad6-17b3d9ed47fb: 85 datasets; 2.9 s; peak memory 1149 MiB.
2026-10-08T12:07:38Z INFO [237/750] 6c31763e-fc07-43f8-ba87-ebd4ac738f7b: 7114 datasets; 90.8 s; peak memory 1149 MiB.
2026-10-08T12:07:43Z INFO [238/750] 6c31cd0d-e731-43a8-9f25-18b013b395a6: 229 datasets; 5.9 s; peak memory 1149 MiB.
2026-10-08T12:08:01Z INFO [239/750] 6c32cc47-c6f5-4792-986d-ded49d2692e4: 1384 datasets; 17.7 s; peak memory 1149 MiB.
2026-10-08T12:08:03Z INFO [240/750] 6c32d9d5-270b-4c25-a1c8-b667d6a9b401: 79 datasets; 1.6 s; peak memory 1149 MiB.
2026-10-08T12:08:07Z INFO [241/750] 6c32e1a0-6980-4fcf-8c9f-6c3ad6098ca6: 38 datasets; 3.9 s; peak memory 1149 MiB.
2026-10-08T12:08:08Z INFO [242/750] 6c332644-29a9-4c03-8bf2-29b1870258cb: 46 datasets; 0.9 s; peak memory 1149 MiB.
2026-10-08T12:08:09Z INFO [243/750] 6c33c765-22ed-4cb5-9acf-b7e11d49c00f: 62 datasets; 1.6 s; peak memory 1149 MiB.
2026-10-08T12:08:11Z INFO [244/750] 6c33df59-2233-4d68-ad71-ce06122d6061: 52 datasets; 1.4 s; peak memory 1149 MiB.
2026-10-08T12:08:12Z INFO [245/750] 6c340746-2a3f-49d4-a7e9-83b3f6ec61b4: 48 datasets; 1.4 s; peak memory 1149 MiB.
2026-10-08T12:08:14Z INFO [246/750] 6c342996-a8e3-46f7-8937-aba2705ddec4: 49 datasets; 1.6 s; peak memory 1149 MiB.
2026-10-08T12:08:16Z INFO [247/750] 6c342e05-9bcc-4d05-bd06-6d542b21a611: 289 datasets; 1.7 s; peak memory 1149 MiB.
2026-10-08T12:08:17Z INFO [248/750] 6c351369-7940-49ba-8a34-e2dcf5b99da8: 46 datasets; 1.0 s; peak memory 1149 MiB.
2026-10-08T12:08:24Z INFO [249/750] 6c352085-67ef-4eb9-b2ad-adef3824d1af: 538 datasets; 7.2 s; peak memory 1149 MiB.
2026-10-08T12:08:25Z INFO [250/750] 6c355d9f-1f06-4087-844b-e0bd5404ee8d: 117 datasets; 1.4 s; peak memory 1149 MiB.
2026-10-08T12:08:25Z INFO [250/750] 6c355d9f-1f06-4087-844b-e0bd5404ee8d: checkpointed 99085 records.
2026-10-08T12:08:28Z INFO [251/750] 6c373fb5-bab8-4d04-bf2e-d1a8ce069561: 71 datasets; 2.7 s; peak memory 1149 MiB.
2026-10-08T12:08:38Z INFO [252/750] 6c376c71-4f6f-471c-aaca-49011e5ce1e8: 11477 datasets; 9.9 s; peak memory 1149 MiB.
2026-10-08T12:08:40Z INFO [253/750] 6c37b24e-0a4f-45a1-92e3-0c7de48da5bb: 69 datasets; 1.7 s; peak memory 1149 MiB.
2026-10-08T12:08:47Z INFO [254/750] 6c386ada-825e-4118-9c03-c47380c07022: 526 datasets; 7.2 s; peak memory 1149 MiB.
2026-10-08T12:08:48Z INFO [255/750] 6c3a11f8-5042-4e1c-a2d1-5fb1e3db7728: 57 datasets; 1.0 s; peak memory 1149 MiB.
2026-10-08T12:09:01Z INFO [256/750] 6c3a1849-e3ee-46cb-a605-d5060b17a72b: 699 datasets; 13.5 s; peak memory 1149 MiB.
2026-10-08T12:09:03Z INFO [257/750] 6c3aff41-5680-4ebd-9e94-2956d4c02f7b: 121 datasets; 1.3 s; peak memory 1149 MiB.
2026-10-08T12:09:06Z INFO [258/750] 6c3b6cba-8eab-435e-a195-5c332a19ccc0: 156 datasets; 3.6 s; peak memory 1149 MiB.
2026-10-08T12:09:08Z INFO [259/750] 6c3b9e69-ea6c-44a4-8581-35e2cdad97ad: 118 datasets; 1.5 s; peak memory 1149 MiB.
2026-10-08T12:09:10Z INFO [260/750] 6c3c606d-7b43-46ed-be9a-b831df6e9dd8: 112 datasets; 2.0 s; peak memory 1149 MiB.
2026-10-08T12:09:12Z INFO [261/750] 6c3e175b-1b18-4a2d-ae97-9c788a8cbe8b: 71 datasets; 2.1 s; peak memory 1149 MiB.
2026-10-08T12:09:14Z INFO [262/750] 6c3e2d01-ff7e-4bf1-99af-7f66a228bc07: 83 datasets; 1.8 s; peak memory 1149 MiB.
2026-10-08T12:09:20Z INFO [263/750] 6c3e4384-0d9e-4de5-984d-c9cff5a12664: 229 datasets; 6.4 s; peak memory 1149 MiB.
2026-10-08T12:09:21Z INFO [264/750] 6c3e4537-003e-474b-bcaa-7df18ff32b8f: 46 datasets; 1.0 s; peak memory 1149 MiB.
2026-10-08T12:09:23Z INFO [265/750] 6c3ec8de-d7c0-4623-b62f-601fe146fc86: 71 datasets; 2.1 s; peak memory 1149 MiB.
2026-10-08T12:09:24Z INFO [266/750] 6c3ed090-cad4-42f5-b388-542c22bcdd00: 48 datasets; 1.3 s; peak memory 1149 MiB.
2026-10-08T12:09:31Z INFO [267/750] 6c3ed96c-f447-43a0-b0c3-f6784d6c6774: 538 datasets; 7.0 s; peak memory 1149 MiB.
2026-10-08T12:09:33Z INFO [268/750] 6c3f9dbc-dd7e-445f-adea-156272488733: 48 datasets; 1.3 s; peak memory 1149 MiB.
2026-10-08T12:09:34Z INFO [269/750] 6c3fd227-6a58-4901-83f3-7cf4dbee592c: 110 datasets; 1.6 s; peak memory 1149 MiB.
2026-10-08T12:09:35Z INFO [270/750] 6c40874e-1bbf-490d-94e7-32a2b8605928: 45 datasets; 1.1 s; peak memory 1149 MiB.
2026-10-08T12:09:37Z INFO [271/750] 6c409603-606f-4d43-ab5b-0c504fcdf045: 69 datasets; 1.9 s; peak memory 1149 MiB.
2026-10-08T12:09:39Z INFO [272/750] 6c40b047-e900-4bea-b74e-e671f373cd39: 118 datasets; 1.9 s; peak memory 1149 MiB.
2026-10-08T12:09:41Z INFO [273/750] 6c40c783-f206-47e8-b1a9-251ba79ed8a9: 71 datasets; 2.2 s; peak memory 1149 MiB.
2026-10-08T12:09:44Z INFO [274/750] 6c4219e8-2b3a-4c4e-bd40-c1a4ba92eeb3: 78 datasets; 2.6 s; peak memory 1149 MiB.
2026-10-08T12:09:45Z INFO [275/750] 6c424dba-ccb2-422d-8339-660ccd6538aa: 118 datasets; 1.4 s; peak memory 1149 MiB.
2026-10-08T12:09:47Z INFO [276/750] 6c42d0e0-d3ef-4462-8d56-34ed566bd9b6: 117 datasets; 1.4 s; peak memory 1149 MiB.
2026-10-08T12:09:48Z INFO [277/750] 6c433fac-dae6-4fa0-a9c7-0532730295ec: 117 datasets; 1.3 s; peak memory 1149 MiB.
2026-10-08T12:09:49Z INFO [278/750] 6c441b64-dfd4-4e55-ba38-ee9ad58fe980: 46 datasets; 0.9 s; peak memory 1149 MiB.
2026-10-08T12:09:50Z INFO [279/750] 6c44235f-9274-44b5-be1d-1772c5181302: 48 datasets; 1.3 s; peak memory 1149 MiB.
2026-10-08T12:09:52Z INFO [280/750] 6c448aae-2a50-4abd-9e00-2470cf96938f: 48 datasets; 1.3 s; peak memory 1149 MiB.
2026-10-08T12:09:53Z INFO [281/750] 6c450ab2-e023-4fd6-b562-070220af6263: 55 datasets; 1.3 s; peak memory 1149 MiB.
2026-10-08T12:09:54Z INFO [282/750] 6c45d0e9-5d02-4372-be4b-99802f671a37: 114 datasets; 1.4 s; peak memory 1149 MiB.
2026-10-08T12:09:56Z INFO [283/750] 6c45e167-e644-40fe-83f2-1cef45562711: 118 datasets; 1.5 s; peak memory 1149 MiB.
2026-10-08T12:09:59Z INFO [284/750] 6c461cea-ffd5-4e82-9ff0-89a0715abc9f: 38 datasets; 2.8 s; peak memory 1149 MiB.
2026-10-08T12:10:01Z INFO [285/750] 6c4712bc-a9f7-4ff3-9529-3f7678bc3ab5: 70 datasets; 2.5 s; peak memory 1149 MiB.
2026-10-08T12:10:03Z INFO [286/750] 6c47cf8b-60b6-4207-a166-2b0930f9338d: 48 datasets; 1.3 s; peak memory 1149 MiB.
2026-10-08T12:10:18Z INFO [287/750] 6c47cfaa-68f5-4ae4-85b6-af73b1a1eea9: 971 datasets; 15.8 s; peak memory 1149 MiB.
2026-10-08T12:12:42Z INFO [288/750] 6c47ecb6-e16f-4a0f-b595-875b7fdc2b3e: 167 datasets; 143.4 s; peak memory 1149 MiB.
2026-10-08T12:12:43Z INFO [289/750] 6c495b5e-36fd-4e9d-9b82-48a97c56cad9: 50 datasets; 1.1 s; peak memory 1149 MiB.
2026-10-08T12:12:45Z INFO [290/750] 6c49cd9f-8ef9-44d8-a937-883d79c78d37: 71 datasets; 1.8 s; peak memory 1149 MiB.
2026-10-08T12:13:09Z INFO [291/750] 6c49d4f4-b027-4800-99e2-1db73053fe3b: 48 datasets; 24.0 s; peak memory 1149 MiB.
2026-10-08T12:13:11Z INFO [292/750] 6c4a60b1-99b4-4181-975c-f9fb53777f7e: 112 datasets; 2.0 s; peak memory 1149 MiB.
2026-10-08T12:13:21Z INFO [293/750] 6c4b5cd1-d2b4-4628-ad4c-b61f1898ab45: 11485 datasets; 9.9 s; peak memory 1149 MiB.
2026-10-08T12:13:22Z INFO [294/750] 6c4b8570-be71-470e-b2b7-770ebfceb440: 60 datasets; 1.6 s; peak memory 1149 MiB.
2026-10-08T12:13:24Z INFO [295/750] 6c4b97a9-40e1-42e1-87e1-3f5c4497941b: 117 datasets; 1.6 s; peak memory 1149 MiB.
2026-10-08T12:13:25Z INFO [296/750] 6c4cf650-94c5-4230-9d36-0b0516f5bb67: 48 datasets; 1.3 s; peak memory 1149 MiB.
2026-10-08T12:13:27Z INFO [297/750] 6c4d1996-a484-415e-8553-7be2e056431b: 39 datasets; 1.7 s; peak memory 1149 MiB.
2026-10-08T12:13:35Z INFO [298/750] 6c4d78df-7fa7-4b71-9de4-65b9a7842288: 628 datasets; 8.6 s; peak memory 1149 MiB.
2026-10-08T12:13:37Z INFO [299/750] 6c4d88e7-4f8a-48db-8d71-1e518c34cbb9: 72 datasets; 1.5 s; peak memory 1149 MiB.
2026-10-08T12:13:38Z INFO [300/750] 6c4e14c2-828a-4d7e-adc5-8c0ac5ecc125: 48 datasets; 1.3 s; peak memory 1149 MiB.
2026-10-08T12:13:38Z INFO [300/750] 6c4e14c2-828a-4d7e-adc5-8c0ac5ecc125: checkpointed 99135 records.
2026-10-08T12:13:44Z INFO [301/750] 6c4e7cf8-19f0-4f1b-aadd-4d2b8c068aec: 174 datasets; 5.8 s; peak memory 1149 MiB.
2026-10-08T12:13:45Z INFO [302/750] 6c508ad6-2e13-4062-a586-d1f65d7e0493: 56 datasets; 1.0 s; peak memory 1149 MiB.
2026-10-08T12:13:47Z INFO [303/750] 6c51fc93-850a-4a00-bd33-4b3e9876f732: 117 datasets; 1.5 s; peak memory 1149 MiB.
2026-10-08T12:13:48Z INFO [304/750] 6c520348-a451-4160-8b9a-88b88477ad1b: 84 datasets; 1.7 s; peak memory 1149 MiB.
2026-10-08T12:13:50Z INFO [305/750] 6c5382b8-4b95-479f-b83d-857de2ca9ce8: 48 datasets; 1.2 s; peak memory 1149 MiB.
2026-10-08T12:13:51Z INFO [306/750] 6c53cdf4-4efc-45ae-be70-f7176aef9067: 48 datasets; 1.2 s; peak memory 1149 MiB.
2026-10-08T12:14:00Z INFO [307/750] 6c53d968-b5e3-4f93-bd52-231a73bd71e9: 79 datasets; 9.6 s; peak memory 1149 MiB.
2026-10-08T12:14:02Z INFO [308/750] 6c53ddf4-ff24-4a8e-83fb-e24b2ef9b8d5: 48 datasets; 1.3 s; peak memory 1149 MiB.
2026-10-08T12:14:09Z INFO [309/750] 6c550193-03c7-456e-830d-deaa224956c3: 193 datasets; 7.4 s; peak memory 1149 MiB.
2026-10-08T12:14:18Z INFO [310/750] 6c5572c3-102b-41e5-8a78-a6e673dd8bd3: 38 datasets; 8.5 s; peak memory 1149 MiB.
2026-10-08T12:14:19Z INFO [311/750] 6c55bdc3-7040-43ae-8c34-0a7776b0522b: 53 datasets; 1.1 s; peak memory 1149 MiB.
2026-10-08T12:14:21Z INFO [312/750] 6c563e90-dd08-4a96-8460-a0d5e676abb4: 112 datasets; 2.2 s; peak memory 1149 MiB.
2026-10-08T12:14:44Z INFO [313/750] 6c576649-b057-4e4d-9fb0-2de85f07bc9e: 1763 datasets; 22.8 s; peak memory 1149 MiB.
2026-10-08T12:14:46Z INFO [314/750] 6c57bb25-f2fb-4647-9978-33291e2e4e9d: 49 datasets; 2.2 s; peak memory 1149 MiB.
2026-10-08T12:14:58Z INFO [315/750] 6c5893ea-f492-4f43-b8f9-ba4eaab7bbee: 486 datasets; 12.4 s; peak memory 1149 MiB.
2026-10-08T12:15:00Z INFO [316/750] 6c58e65e-520d-4e96-85e8-5cbb654b7550: 289 datasets; 1.7 s; peak memory 1149 MiB.
2026-10-08T12:15:02Z INFO [317/750] 6c5a7cdb-cf8c-4053-b2b9-71d1f35716bd: 112 datasets; 1.6 s; peak memory 1149 MiB.
2026-10-08T12:15:05Z INFO [318/750] 6c5b9646-64c7-4a16-b8a4-e29fd4c033e2: 114 datasets; 2.9 s; peak memory 1149 MiB.
2026-10-08T12:15:06Z INFO [319/750] 6c5cc044-ae9a-42cf-9076-5bb6cd0cb269: 46 datasets; 1.1 s; peak memory 1149 MiB.
2026-10-08T12:15:07Z INFO [320/750] 6c5d3f1f-40f0-46c9-a05b-119536c3546b: 40 datasets; 1.0 s; peak memory 1149 MiB.
2026-10-08T12:15:08Z INFO [321/750] 6c5daa07-f0a3-497d-81ca-56be1afdcab8: 48 datasets; 1.2 s; peak memory 1149 MiB.
2026-10-08T12:15:09Z INFO [322/750] 6c5dea8d-0d24-4dd4-9d7c-827d6ae56d4d: 48 datasets; 1.3 s; peak memory 1149 MiB.
2026-10-08T12:15:11Z INFO [323/750] 6c60e2b2-0bea-418c-a622-9711da4a9021: 68 datasets; 1.6 s; peak memory 1149 MiB.
2026-10-08T12:15:12Z INFO [324/750] 6c61d302-13c7-40cc-9d69-4500636e3095: 118 datasets; 1.4 s; peak memory 1149 MiB.
2026-10-08T12:15:16Z INFO [325/750] 6c624c8a-4800-4c47-ae3c-a7d741ec797e: 90 datasets; 4.0 s; peak memory 1149 MiB.
2026-10-08T12:15:18Z INFO [326/750] 6c62566a-6b4a-4537-80f3-a9785e5ccdf8: 117 datasets; 1.5 s; peak memory 1149 MiB.
2026-10-08T12:15:19Z INFO [327/750] 6c626f97-492a-4242-b560-0a3c3e1bb47a: 46 datasets; 1.7 s; peak memory 1149 MiB.
2026-10-08T12:15:21Z INFO [328/750] 6c628223-77a6-4719-a030-de24acaea77e: 66 datasets; 1.9 s; peak memory 1149 MiB.
2026-10-08T12:15:23Z INFO [329/750] 6c647d47-d2a1-4c4f-9cf5-470550118e6f: 65 datasets; 1.6 s; peak memory 1149 MiB.
2026-10-08T12:15:26Z INFO [330/750] 6c65596d-7a3f-4642-b56c-180a6f30e9f8: 53 datasets; 2.7 s; peak memory 1149 MiB.
2026-10-08T12:19:55Z INFO [331/750] 6c658106-d5d3-47f1-94ce-8c20bd2b68cf: 436 datasets; 269.5 s; peak memory 1149 MiB.
2026-10-08T12:19:56Z INFO [332/750] 6c67619d-2e48-4171-8b16-f34c1f7ae547: 48 datasets; 1.3 s; peak memory 1149 MiB.
2026-10-08T12:19:57Z INFO [333/750] 6c682132-d008-473e-b795-b961a4b825b2: 46 datasets; 1.1 s; peak memory 1149 MiB.
2026-10-08T12:19:59Z INFO [334/750] 6c692d1c-27a7-4fad-909e-4fffdb0d1c9d: 138 datasets; 1.7 s; peak memory 1149 MiB.
2026-10-08T12:20:04Z INFO [335/750] 6c6a2aa9-5326-456b-b4b6-2e665b9ed04b: 323 datasets; 4.6 s; peak memory 1149 MiB.
2026-10-08T12:20:05Z INFO [336/750] 6c6a32b2-0e2e-45e8-ae76-40ea9c69ab2f: 61 datasets; 1.1 s; peak memory 1149 MiB.
2026-10-08T12:20:07Z INFO [337/750] 6c6a8d45-2afa-41dd-83d2-a6ba2045d34c: 71 datasets; 2.1 s; peak memory 1149 MiB.
2026-10-08T12:20:08Z INFO [338/750] 6c6cef5c-6631-4885-8668-6e2092a4a0ea: 48 datasets; 1.4 s; peak memory 1149 MiB.
2026-10-08T12:20:10Z INFO [339/750] 6c6d2921-7b4e-4e52-8a37-659df3acd8da: 48 datasets; 1.3 s; peak memory 1149 MiB.
2026-10-08T12:20:11Z INFO [340/750] 6c6db1a4-3c4e-4dc4-a38f-27667cd148d0: 170 datasets; 1.6 s; peak memory 1149 MiB.
2026-10-08T12:20:31Z INFO [341/750] 6c6e94b0-2249-49b8-b660-4d086742805c: 823 datasets; 20.0 s; peak memory 1149 MiB.
2026-10-08T12:20:33Z INFO [342/750] 6c6ec1e2-8398-447e-b032-641ce008608b: 85 datasets; 1.7 s; peak memory 1149 MiB.
2026-10-08T12:20:34Z INFO [343/750] 6c6f38e2-90d5-4b4c-bac6-7b751acf4262: 48 datasets; 1.3 s; peak memory 1149 MiB.
2026-10-08T12:20:36Z INFO [344/750] 6c6ff775-3615-4190-8f67-00cb4183d2cb: 69 datasets; 1.9 s; peak memory 1149 MiB.
2026-10-08T12:20:42Z INFO [345/750] 6c70715e-0881-4301-b4a1-2654d6cc6403: 540 datasets; 6.1 s; peak memory 1149 MiB.
2026-10-08T12:20:43Z INFO [346/750] 6c70d10d-2938-4e54-9c05-8ca19612f22b: 56 datasets; 1.1 s; peak memory 1149 MiB.
2026-10-08T12:20:45Z INFO [347/750] 6c711398-206e-4c59-ae7d-304453b810a9: 118 datasets; 1.4 s; peak memory 1149 MiB.
2026-10-08T12:20:47Z INFO [348/750] 6c716b84-6f71-44cd-85ac-163790be1f83: 112 datasets; 1.9 s; peak memory 1149 MiB.
2026-10-08T12:20:51Z INFO [349/750] 6c718cbd-aea7-42ff-811d-cc232e702a3a: 206 datasets; 4.6 s; peak memory 1149 MiB.
2026-10-08T12:20:53Z INFO [350/750] 6c719daf-a99c-4c06-9921-2c014579211f: 47 datasets; 1.9 s; peak memory 1149 MiB.
2026-10-08T12:20:53Z INFO [350/750] 6c719daf-a99c-4c06-9921-2c014579211f: checkpointed 99185 records.
2026-10-08T12:20:55Z INFO [351/750] 6c71f7d8-d4d5-442b-a911-ce67be9c7d79: 118 datasets; 1.5 s; peak memory 1149 MiB.
2026-10-08T12:20:56Z INFO [352/750] 6c73360d-871c-4a9b-bf71-d61ba6f56290: 33 datasets; 1.0 s; peak memory 1149 MiB.
2026-10-08T12:20:57Z INFO [353/750] 6c7353e3-b829-4f80-b637-adb49b589caf: 39 datasets; 1.3 s; peak memory 1149 MiB.
2026-10-08T12:20:59Z INFO [354/750] 6c73570e-14f1-469f-8c1a-1fe7040adf3f: 116 datasets; 1.4 s; peak memory 1149 MiB.
2026-10-08T12:21:05Z INFO [355/750] 6c73ce6e-b397-4dca-9b4c-339119cc7c47: 222 datasets; 6.3 s; peak memory 1149 MiB.
2026-10-08T12:21:10Z INFO [356/750] 6c744de6-3a58-478a-9feb-6bb5eb7653c7: 179 datasets; 4.5 s; peak memory 1149 MiB.
2026-10-08T12:21:11Z INFO [357/750] 6c74826a-111e-4610-a42a-dcec9cee4b40: 69 datasets; 1.8 s; peak memory 1149 MiB.
2026-10-08T12:21:15Z INFO [358/750] 6c74a7c3-d24e-4fc4-bb5a-eae48c856794: 138 datasets; 3.3 s; peak memory 1149 MiB.
2026-10-08T12:21:21Z INFO [359/750] 6c74fc95-c4df-4105-9f96-11d9bc17f30a: 229 datasets; 6.3 s; peak memory 1149 MiB.
2026-10-08T12:21:24Z INFO [360/750] 6c75266b-593a-48b6-8dc2-acb290e14070: 156 datasets; 3.6 s; peak memory 1149 MiB.
2026-10-08T12:21:26Z INFO [361/750] 6c755401-40b6-4892-9dd0-58b3f34c6fa0: 117 datasets; 1.5 s; peak memory 1149 MiB.
2026-10-08T12:21:27Z INFO [362/750] 6c7581d6-19d8-4663-935a-f4e913aac98b: 38 datasets; 1.3 s; peak memory 1149 MiB.
2026-10-08T12:21:29Z INFO [363/750] 6c75a0e6-d25c-4488-bcc8-ac03f0a5f7f9: 116 datasets; 1.5 s; peak memory 1149 MiB.
2026-10-08T12:21:30Z INFO [364/750] 6c76382d-f4ca-4d36-a841-ef5a20e6bdd9: 35 datasets; 0.9 s; peak memory 1149 MiB.
2026-10-08T12:21:33Z INFO [365/750] 6c764f9f-6f59-4456-8516-835e49beae5e: 66 datasets; 2.9 s; peak memory 1149 MiB.
2026-10-08T12:21:37Z INFO [366/750] 6c782318-5b07-4328-94ef-3ae36857e04e: 455 datasets; 4.9 s; peak memory 1149 MiB.
2026-10-08T12:21:39Z INFO [367/750] 6c792fb0-9020-45f5-a721-a05ea91a2211: 112 datasets; 1.8 s; peak memory 1149 MiB.
2026-10-08T12:21:41Z INFO [368/750] 6c794cbd-a1a8-4413-b119-44e2fec8cd58: 71 datasets; 2.0 s; peak memory 1149 MiB.
2026-10-08T12:21:44Z INFO [369/750] 6c79edca-3109-4fb8-ba60-77a5bc9ef3e3: 53 datasets; 2.4 s; peak memory 1149 MiB.
2026-10-08T12:21:50Z INFO [370/750] 6c7a2158-14ae-4ca2-a0f4-3cdd0bd4ff98: 200 datasets; 6.1 s; peak memory 1149 MiB.
2026-10-08T12:21:51Z INFO [371/750] 6c7ac000-5cf2-4ef0-9f07-d9cd8b25f3b8: 117 datasets; 1.5 s; peak memory 1149 MiB.
2026-10-08T12:21:53Z INFO [372/750] 6c7b42c5-122d-4ef9-917f-8217729e72ff: 48 datasets; 1.4 s; peak memory 1149 MiB.
2026-10-08T12:21:55Z INFO [373/750] 6c7b8503-3dff-4abf-b8ea-70fe6ad11a30: 70 datasets; 2.3 s; peak memory 1149 MiB.
2026-10-08T12:22:02Z INFO [374/750] 6c7c7467-c6b3-4df4-af25-64fb64f79dfa: 194 datasets; 7.0 s; peak memory 1149 MiB.
2026-10-08T12:22:03Z INFO [375/750] 6c7cedbe-36c0-4d1b-977d-c00a7f733516: 69 datasets; 1.5 s; peak memory 1149 MiB.
2026-10-08T12:22:11Z INFO [376/750] 6c7cffce-e967-4444-a84f-048541c018a5: 538 datasets; 7.6 s; peak memory 1149 MiB.
2026-10-08T12:22:13Z INFO [377/750] 6c7d16d2-3894-4005-af82-a849b865c5f2: 71 datasets; 1.8 s; peak memory 1149 MiB.
2026-10-08T12:22:16Z INFO [378/750] 6c7d45d9-7a13-4ee7-8757-9efef2e0ffd0: 168 datasets; 3.5 s; peak memory 1149 MiB.
2026-10-08T12:22:17Z INFO [379/750] 6c7e7467-b421-46bf-b11c-118cfaf414c4: 46 datasets; 0.9 s; peak memory 1149 MiB.
2026-10-08T12:22:18Z INFO [380/750] 6c7e93bb-5eec-4f49-bde2-0a1c092e56ac: 62 datasets; 1.2 s; peak memory 1149 MiB.
2026-10-08T12:22:20Z INFO [381/750] 6c7f276a-394d-4853-b306-f8b58b2fdeef: 48 datasets; 1.3 s; peak memory 1149 MiB.
2026-10-08T12:22:21Z INFO [382/750] 6c7f6cb0-5dcd-471d-b227-34c0f75e550a: 46 datasets; 0.9 s; peak memory 1149 MiB.
2026-10-08T12:22:22Z INFO [383/750] 6c807931-522b-4da4-9b62-c899e72bb400: 70 datasets; 1.2 s; peak memory 1149 MiB.
2026-10-08T12:22:23Z INFO [384/750] 6c80ba9d-a103-4e48-a155-d425d972328c: 117 datasets; 1.5 s; peak memory 1149 MiB.
2026-10-08T12:22:24Z INFO [385/750] 6c81d49c-a39f-438c-9d22-f8d284bf8fe7: 48 datasets; 1.3 s; peak memory 1149 MiB.
2026-10-08T12:22:27Z INFO [386/750] 6c81d6e9-3449-4be6-91b0-d5ac07b6f818: 115 datasets; 2.9 s; peak memory 1149 MiB.
2026-10-08T12:22:30Z INFO [387/750] 6c82afac-426c-4db1-bd41-72063af863c3: 84 datasets; 3.1 s; peak memory 1149 MiB.
2026-10-08T12:22:35Z INFO [388/750] 6c839a00-ee2a-4d53-a71a-e9b112077550: 50 datasets; 4.4 s; peak memory 1149 MiB.
2026-10-08T12:22:36Z INFO [389/750] 6c83bb73-40d3-4f18-b7e9-dbd9b82167ff: 41 datasets; 1.3 s; peak memory 1149 MiB.
2026-10-08T12:22:38Z INFO [390/750] 6c852787-83f4-4fb2-9af0-7537fbfd0449: 48 datasets; 1.3 s; peak memory 1149 MiB.
2026-10-08T12:22:39Z INFO [391/750] 6c852d81-bcd4-4c71-9f91-650b87767792: 118 datasets; 1.5 s; peak memory 1149 MiB.
2026-10-08T12:22:45Z INFO [392/750] 6c85a61c-2bbe-4fef-84cf-555e75c704bb: 225 datasets; 6.2 s; peak memory 1149 MiB.
2026-10-08T12:22:47Z INFO [393/750] 6c85c370-640b-4f96-be2e-a4664d3139dc: 48 datasets; 1.4 s; peak memory 1149 MiB.
2026-10-08T12:22:48Z INFO [394/750] 6c8676d2-1114-4a3b-8051-161412c47f8a: 48 datasets; 1.4 s; peak memory 1149 MiB.
2026-10-08T12:22:49Z INFO [395/750] 6c8693ec-79a9-4a1a-b63b-f9cbf39fec00: 48 datasets; 1.3 s; peak memory 1149 MiB.
2026-10-08T12:22:51Z INFO [396/750] 6c869bf9-b618-4396-bbea-e3ba11ea56c6: 71 datasets; 2.0 s; peak memory 1149 MiB.
2026-10-08T12:22:53Z INFO [397/750] 6c87a7af-fc89-4587-9935-7afc8d2837a1: 67 datasets; 1.5 s; peak memory 1149 MiB.
2026-10-08T12:22:59Z INFO [398/750] 6c8826a6-1752-49a3-b457-d59b79346f28: 545 datasets; 6.0 s; peak memory 1149 MiB.
2026-10-08T12:23:01Z INFO [399/750] 6c89af0c-fea5-483c-881a-f02af064a019: 102 datasets; 2.1 s; peak memory 1149 MiB.
2026-10-08T12:23:03Z INFO [400/750] 6c8a8281-5292-497b-ba0a-57e73ebe4dec: 69 datasets; 2.2 s; peak memory 1149 MiB.
2026-10-08T12:23:03Z INFO [400/750] 6c8a8281-5292-497b-ba0a-57e73ebe4dec: checkpointed 99235 records.
2026-10-08T12:23:16Z INFO [401/750] 6c8ac2a6-8470-46c0-be37-f1b93caa28e1: 505 datasets; 12.7 s; peak memory 1149 MiB.
2026-10-08T12:23:20Z INFO [402/750] 6c8ac8ac-5b9f-43d2-95ae-6c04ffd36c7a: 92 datasets; 3.8 s; peak memory 1149 MiB.
2026-10-08T12:23:21Z INFO [403/750] 6c8c23a7-5822-4912-9b4c-8cd337a791a1: 48 datasets; 1.3 s; peak memory 1149 MiB.
2026-10-08T12:23:22Z INFO [404/750] 6c8c4b05-0267-46c1-b540-8e021ab68d32: 46 datasets; 0.9 s; peak memory 1149 MiB.
2026-10-08T12:23:25Z INFO [405/750] 6c8d168e-1eb7-4517-b400-409999719d4e: 71 datasets; 2.6 s; peak memory 1149 MiB.
2026-10-08T12:23:31Z INFO [406/750] 6c8d4008-1923-43d5-846c-1414cc94e84a: 574 datasets; 6.1 s; peak memory 1149 MiB.
2026-10-08T12:23:33Z INFO [407/750] 6c8dcbe9-8160-4c4a-9ef1-766a7b6b4286: 112 datasets; 2.0 s; peak memory 1149 MiB.
2026-10-08T12:23:38Z INFO [408/750] 6c8dd716-de3b-4d73-8d5a-82aa40dabb44: 348 datasets; 4.7 s; peak memory 1149 MiB.
2026-10-08T12:23:39Z INFO [409/750] 6c8ef482-add2-47aa-85aa-36d069bfe85a: 48 datasets; 1.3 s; peak memory 1149 MiB.
2026-10-08T12:23:58Z INFO [410/750] 6c8f272f-8932-44a2-8889-defb3c6fd343: 880 datasets; 18.6 s; peak memory 1149 MiB.
2026-10-08T12:23:59Z INFO [411/750] 6c90a27c-d01d-42f6-a5b3-01edb488bc1b: 48 datasets; 1.3 s; peak memory 1149 MiB.
2026-10-08T12:24:00Z INFO [412/750] 6c90a5a4-b928-44ed-9979-8c24c7d9f3c4: 46 datasets; 1.2 s; peak memory 1149 MiB.
2026-10-08T12:24:46Z INFO [413/750] 6c934e64-5133-4e4b-9513-93e46fd20c20: 847 datasets; 45.8 s; peak memory 1149 MiB.
2026-10-08T12:24:47Z INFO [414/750] 6c93918e-5014-40b0-95b3-47be8678763f: 50 datasets; 1.1 s; peak memory 1149 MiB.
2026-10-08T12:24:58Z INFO [415/750] 6c93ce2e-7afa-4d50-b742-6e2af2df2675: 410 datasets; 11.3 s; peak memory 1149 MiB.
2026-10-08T12:25:00Z INFO [416/750] 6c93f6bb-a5ae-4ee7-a363-10f9c28a0c7d: 112 datasets; 1.9 s; peak memory 1149 MiB.
2026-10-08T12:25:07Z INFO [417/750] 6c9556fc-0c11-4a16-a252-951646a412b4: 537 datasets; 6.5 s; peak memory 1149 MiB.
2026-10-08T12:25:10Z INFO [418/750] 6c95b5ed-550a-4373-b13b-34d276de81d2: 116 datasets; 3.1 s; peak memory 1149 MiB.
2026-10-08T12:25:11Z INFO [419/750] 6c95ed0f-bc70-486c-97e2-f9ac9f5f4d12: 48 datasets; 1.3 s; peak memory 1149 MiB.
2026-10-08T12:25:13Z INFO [420/750] 6c97924a-82c9-45e9-ac62-253e2a23c218: 116 datasets; 1.5 s; peak memory 1149 MiB.
2026-10-08T12:27:28Z INFO [421/750] 6c994c85-ec4d-4ab2-a12e-ddb61fc0ca53: 449 datasets; 135.2 s; peak memory 1149 MiB.
2026-10-08T12:27:29Z INFO [422/750] 6c995192-5084-44b4-8eab-36713916efbc: 112 datasets; 1.6 s; peak memory 1149 MiB.
2026-10-08T12:27:31Z INFO [423/750] 6c99b010-580f-4781-ad10-6e9a7694f272: 112 datasets; 1.9 s; peak memory 1149 MiB.
2026-10-08T12:27:33Z INFO [424/750] 6c99ba63-af25-460d-8dc2-5860fbc867c5: 112 datasets; 1.8 s; peak memory 1149 MiB.
2026-10-08T12:27:34Z INFO [425/750] 6c9a0f3d-52d6-4ec8-9412-893543e94448: 46 datasets; 1.2 s; peak memory 1149 MiB.
2026-10-08T12:27:38Z INFO [426/750] 6c9a18dc-e678-4de1-a163-691afb02a0b4: 156 datasets; 3.5 s; peak memory 1149 MiB.
2026-10-08T12:27:39Z INFO [427/750] 6c9b7ef6-ec72-4049-aad2-995e4cd304b9: 112 datasets; 1.6 s; peak memory 1149 MiB.
2026-10-08T12:27:41Z INFO [428/750] 6c9b8000-8632-4f93-b740-b3e92a3a83b3: 46 datasets; 1.0 s; peak memory 1149 MiB.
2026-10-08T12:27:43Z INFO [429/750] 6c9b982f-eff8-444f-955d-f6309f9729ab: 112 datasets; 2.0 s; peak memory 1149 MiB.
2026-10-08T12:27:44Z INFO [430/750] 6c9c2fab-7137-4f18-b605-94588bd78548: 117 datasets; 1.7 s; peak memory 1149 MiB.
2026-10-08T12:27:46Z INFO [431/750] 6c9ca6c5-8672-4d95-8c5e-7624d6063caa: 117 datasets; 1.7 s; peak memory 1149 MiB.
2026-10-08T12:27:47Z INFO [432/750] 6c9da112-8c0c-4766-b2e8-407183321c05: 116 datasets; 1.4 s; peak memory 1149 MiB.
2026-10-08T12:27:49Z INFO [433/750] 6c9e1561-f557-45e0-b630-517f6587c9a8: 69 datasets; 1.8 s; peak memory 1149 MiB.
2026-10-08T12:27:50Z INFO [434/750] 6c9e84b2-5fc3-42aa-a7d5-b335855b04d0: 48 datasets; 1.2 s; peak memory 1149 MiB.
2026-10-08T12:27:58Z INFO [435/750] 6c9ee7b4-1e19-4c26-8577-cb401ce64b1d: 538 datasets; 7.2 s; peak memory 1149 MiB.
2026-10-08T12:27:59Z INFO [436/750] 6c9f0e60-d561-4c77-b164-842b12bc5cf1: 112 datasets; 1.7 s; peak memory 1149 MiB.
2026-10-08T12:28:01Z INFO [437/750] 6c9f34aa-d879-4b36-8a42-dd161cd2c47f: 118 datasets; 1.6 s; peak memory 1149 MiB.
2026-10-08T12:28:21Z INFO [438/750] 6c9f49b0-f474-4fb1-a833-b78f159604c7: 48 datasets; 19.8 s; peak memory 1149 MiB.
2026-10-08T12:28:22Z INFO [439/750] 6ca056b8-5050-4629-989c-74a839d2aa9d: 46 datasets; 1.0 s; peak memory 1149 MiB.
2026-10-08T12:28:23Z INFO [440/750] 6ca0b4b4-29a6-471e-8e2a-081b5be3e856: 48 datasets; 1.2 s; peak memory 1149 MiB.
2026-10-08T12:28:24Z INFO [441/750] 6ca13701-e0af-4ebd-b911-9d63f26f2acf: 77 datasets; 1.3 s; peak memory 1149 MiB.
2026-10-08T12:28:26Z INFO [442/750] 6ca175d9-98a3-4f11-8b6b-1299c29c62f7: 48 datasets; 1.3 s; peak memory 1149 MiB.
2026-10-08T12:28:27Z INFO [443/750] 6ca2d542-0518-4b9a-a936-b0c50a7d749b: 65 datasets; 1.6 s; peak memory 1149 MiB.
2026-10-08T12:28:28Z INFO [444/750] 6ca36bd3-7e71-4465-83e5-d4dfffe78d33: 47 datasets; 1.2 s; peak memory 1149 MiB.
2026-10-08T12:28:35Z INFO [445/750] 6ca3d044-a1cf-4329-b984-bfccb79329e1: 229 datasets; 6.1 s; peak memory 1149 MiB.
2026-10-08T12:28:36Z INFO [446/750] 6ca4ce55-5c85-484a-b201-af093a31f762: 112 datasets; 1.9 s; peak memory 1149 MiB.
2026-10-08T12:28:44Z INFO [447/750] 6ca4e33f-f698-4861-a34f-e7f769d71b5b: 514 datasets; 7.2 s; peak memory 1149 MiB.
2026-10-08T12:28:47Z INFO [448/750] 6ca5985e-c4fc-4d92-a066-e6887af4304f: 156 datasets; 3.4 s; peak memory 1149 MiB.
2026-10-08T12:28:48Z INFO [449/750] 6ca5e31e-0df1-4e8b-bebe-b62f0eab9e1b: 48 datasets; 1.3 s; peak memory 1149 MiB.
2026-10-08T12:31:03Z INFO [450/750] 6ca698eb-f7df-4b4b-abf7-87719a95da61: 241 datasets; 134.9 s; peak memory 1149 MiB.
2026-10-08T12:31:03Z INFO [450/750] 6ca698eb-f7df-4b4b-abf7-87719a95da61: checkpointed 99285 records.
2026-10-08T12:31:06Z INFO [451/750] 6ca6dc45-a5dc-472d-87f3-1db5d6d976ff: 71 datasets; 2.3 s; peak memory 1149 MiB.
2026-10-08T12:31:07Z INFO [452/750] 6ca71e82-11ce-4de8-8006-ad273a0bafc8: 117 datasets; 1.6 s; peak memory 1149 MiB.
2026-10-08T12:31:09Z INFO [453/750] 6ca76acc-7a72-412f-9f09-b56a85fe3443: 116 datasets; 1.7 s; peak memory 1149 MiB.
2026-10-08T12:31:12Z INFO [454/750] 6ca82700-a0d9-4cb4-b909-199c1cd56470: 115 datasets; 3.1 s; peak memory 1149 MiB.
2026-10-08T12:31:28Z INFO [455/750] 6ca82965-fc33-4e25-a6e8-feaeb9d6f329: 1343 datasets; 16.3 s; peak memory 1149 MiB.
2026-10-08T12:31:30Z INFO [456/750] 6ca82a18-d592-485b-afc0-4bb32285f2c0: 48 datasets; 1.4 s; peak memory 1149 MiB.
2026-10-08T12:33:59Z INFO [457/750] 6ca83c06-7644-4e67-b1c8-aa12e7365be8: 413 datasets; 149.1 s; peak memory 1149 MiB.
2026-10-08T12:34:01Z INFO [458/750] 6ca84889-5cb3-4224-883f-c516b14e62b5: 117 datasets; 1.8 s; peak memory 1149 MiB.
2026-10-08T12:34:03Z INFO [459/750] 6ca853c2-c0c1-4483-a4b1-ba51d1814dca: 124 datasets; 2.3 s; peak memory 1149 MiB.
2026-10-08T12:34:05Z INFO [460/750] 6ca889ba-f8bd-4470-a7f8-48c649cd8a4b: 68 datasets; 1.6 s; peak memory 1149 MiB.
2026-10-08T12:34:06Z INFO [461/750] 6ca94dae-ebac-4d12-822a-32deab1e20a2: 48 datasets; 1.4 s; peak memory 1149 MiB.
2026-10-08T12:34:08Z INFO [462/750] 6caada87-a3a6-47dc-944a-89de3eaa262d: 76 datasets; 1.7 s; peak memory 1149 MiB.
2026-10-08T12:35:45Z INFO [463/750] 6cabb1f7-34f8-4183-ad92-07c02794ac24: 58 datasets; 97.4 s; peak memory 1149 MiB.
2026-10-08T12:35:47Z INFO [464/750] 6cae6985-a8ec-4930-b365-184bbe4b7e66: 66 datasets; 2.0 s; peak memory 1149 MiB.
2026-10-08T12:35:49Z INFO [465/750] 6caf5520-99db-4be9-9b6f-782d733689c7: 116 datasets; 1.4 s; peak memory 1149 MiB.
2026-10-08T12:35:49Z INFO [466/750] 6cb0735b-0def-4eb9-a47e-384592163d64: 46 datasets; 0.9 s; peak memory 1149 MiB.
2026-10-08T12:36:10Z INFO [467/750] 6cb09e11-75ea-4cbd-b260-cbccaab92eed: 1007 datasets; 20.1 s; peak memory 1149 MiB.
2026-10-08T12:36:11Z INFO [468/750] 6cb0db7c-0df2-4bb2-921d-7e3b7498208b: 48 datasets; 1.4 s; peak memory 1149 MiB.
2026-10-08T12:36:12Z INFO [469/750] 6cb13fba-686d-452a-9dfa-b5642c9a3654: 62 datasets; 1.6 s; peak memory 1149 MiB.
2026-10-08T12:36:14Z INFO [470/750] 6cb152af-63e3-4b05-99ca-d9f104d4fb59: 48 datasets; 1.4 s; peak memory 1149 MiB.
2026-10-08T12:36:20Z INFO [471/750] 6cb29158-7c64-43a8-a380-e6b6b98e9346: 229 datasets; 6.7 s; peak memory 1149 MiB.
2026-10-08T12:36:31Z INFO [472/750] 6cb29b0b-71f0-42d2-a70f-e5e603e14f0b: 738 datasets; 10.7 s; peak memory 1149 MiB.
2026-10-08T12:36:33Z INFO [473/750] 6cb310a7-f0ce-43c2-9b08-b359f7f3bd17: 116 datasets; 1.4 s; peak memory 1149 MiB.
2026-10-08T12:36:39Z INFO [474/750] 6cb3b591-be6c-4b33-a614-d06dfaad8d2c: 473 datasets; 6.4 s; peak memory 1149 MiB.
2026-10-08T12:36:41Z INFO [475/750] 6cb3d7dc-7a0c-43d8-becc-75c2284dcf9b: 117 datasets; 1.8 s; peak memory 1149 MiB.
2026-10-08T12:37:05Z INFO [476/750] 6cb400c7-09bd-4357-99f3-a39eb7d45b83: 48 datasets; 23.9 s; peak memory 1149 MiB.
2026-10-08T12:37:06Z INFO [477/750] 6cb41e7d-cad9-4707-9a55-b53b874a4dee: 48 datasets; 1.4 s; peak memory 1149 MiB.
2026-10-08T12:37:08Z INFO [478/750] 6cb45a60-06ce-4cc6-bf3c-2a55ef7ee67b: 112 datasets; 1.8 s; peak memory 1149 MiB.
2026-10-08T12:37:22Z INFO [479/750] 6cb48330-7470-467d-bf3b-301e89674eec: 1015 datasets; 13.9 s; peak memory 1149 MiB.
2026-10-08T12:37:23Z INFO [480/750] 6cb543c7-a0f2-4840-b2fe-ea68a24f0ccc: 86 datasets; 1.7 s; peak memory 1149 MiB.
2026-10-08T12:37:25Z INFO [481/750] 6cb5d860-e317-4fbe-a0fe-7af77d480bf7: 46 datasets; 1.4 s; peak memory 1149 MiB.
2026-10-08T12:37:26Z INFO [482/750] 6cb6a022-5fb5-42d8-9be6-8b0644e0101c: 48 datasets; 1.2 s; peak memory 1149 MiB.
2026-10-08T12:37:27Z INFO [483/750] 6cb705b6-56e8-4718-9a72-920bb10c863f: 48 datasets; 1.3 s; peak memory 1149 MiB.
2026-10-08T12:37:31Z INFO [484/750] 6cb78ba9-932e-48ba-8efe-2d670206bde8: 38 datasets; 3.8 s; peak memory 1149 MiB.
2026-10-08T12:37:37Z INFO [485/750] 6cb86a7e-ef09-4a94-ad29-15f3af6ebcb2: 49 datasets; 5.6 s; peak memory 1149 MiB.
2026-10-08T12:37:38Z INFO [486/750] 6cb95151-dc9b-47eb-a6ca-ecccb787ec36: 48 datasets; 1.4 s; peak memory 1149 MiB.
2026-10-08T12:37:46Z INFO [487/750] 6cb9a673-da56-4283-84ea-9771dfc3b181: 264 datasets; 7.5 s; peak memory 1149 MiB.
2026-10-08T12:37:47Z INFO [488/750] 6cb9bb92-e30e-465c-927b-68ddb3743269: 41 datasets; 1.2 s; peak memory 1149 MiB.
2026-10-08T12:37:50Z INFO [489/750] 6cba2fe2-a61d-472a-8857-384374c8e2ef: 115 datasets; 2.8 s; peak memory 1149 MiB.
2026-10-08T12:37:51Z INFO [490/750] 6cba5198-06c2-4b1e-b034-e11580afc851: 117 datasets; 1.5 s; peak memory 1149 MiB.
2026-10-08T12:37:53Z INFO [491/750] 6cbc18ed-4abf-43c3-bf97-d188459e8aa8: 112 datasets; 1.5 s; peak memory 1149 MiB.
2026-10-08T12:37:56Z INFO [492/750] 6cbc5728-0cf8-4f7f-8147-eb9ba04ecb1f: 119 datasets; 3.3 s; peak memory 1149 MiB.
2026-10-08T12:37:59Z INFO [493/750] 6cbd5bec-73ab-4426-8305-4ef6be2ba96b: 186 datasets; 3.2 s; peak memory 1149 MiB.
2026-10-08T12:38:11Z INFO [494/750] 6cbd5f01-8195-491c-a1a9-f517ee91ad4a: 406 datasets; 11.6 s; peak memory 1149 MiB.
2026-10-08T12:38:12Z INFO [495/750] 6cbd6533-72b4-4392-8e4a-4fb59cde5833: 52 datasets; 1.1 s; peak memory 1149 MiB.
2026-10-08T12:38:14Z INFO [496/750] 6cbef589-9558-4f92-a089-334a7818159d: 78 datasets; 2.4 s; peak memory 1149 MiB.
2026-10-08T12:38:22Z INFO [497/750] 6cbfbe58-73ac-4a51-b4d2-2c950d328ceb: 547 datasets; 7.9 s; peak memory 1149 MiB.
2026-10-08T12:38:24Z INFO [498/750] 6cbff0fc-fac0-4676-a296-36bc635ef3cb: 74 datasets; 1.5 s; peak memory 1149 MiB.
2026-10-08T12:38:25Z INFO [499/750] 6cc04e8f-00e9-41c5-84d5-6948f116f67f: 117 datasets; 1.8 s; peak memory 1149 MiB.
2026-10-08T12:38:27Z INFO [500/750] 6cc08054-9797-420d-94fa-cba42d02c486: 59 datasets; 1.6 s; peak memory 1149 MiB.
2026-10-08T12:38:27Z INFO [500/750] 6cc08054-9797-420d-94fa-cba42d02c486: checkpointed 99335 records.
2026-10-08T12:38:33Z INFO [501/750] 6cc09cfb-2a46-4397-a580-28eeaa407c38: 229 datasets; 5.8 s; peak memory 1149 MiB.
2026-10-08T12:38:35Z INFO [502/750] 6cc0f65a-aed3-4ac8-9c22-1ce7ae2ec5a0: 50 datasets; 1.9 s; peak memory 1149 MiB.
2026-10-08T12:38:36Z INFO [503/750] 6cc10061-efc5-4489-9060-db91d27793d8: 43 datasets; 1.3 s; peak memory 1149 MiB.
2026-10-08T12:38:39Z INFO [504/750] 6cc1011b-ee98-4c94-a89e-02fc2fbbddd4: 101 datasets; 2.4 s; peak memory 1149 MiB.
2026-10-08T12:38:41Z INFO [505/750] 6cc1b2dc-0d2f-48d4-8008-a93454d1d975: 66 datasets; 1.9 s; peak memory 1149 MiB.
2026-10-08T12:38:42Z INFO [506/750] 6cc229d3-da88-4fea-87c6-4f4fc562e228: 52 datasets; 1.3 s; peak memory 1149 MiB.
2026-10-08T12:38:44Z INFO [507/750] 6cc25518-983b-4cb8-95f9-180c5154773a: 71 datasets; 2.0 s; peak memory 1149 MiB.
2026-10-08T12:38:45Z INFO [508/750] 6cc31808-d64b-4abd-9c1b-6eacb315524f: 48 datasets; 1.3 s; peak memory 1149 MiB.
2026-10-08T12:38:46Z INFO [509/750] 6cc36d6e-1556-45ee-9a14-0a8a8c18c2ae: 48 datasets; 1.3 s; peak memory 1149 MiB.
2026-10-08T12:38:48Z INFO [510/750] 6cc3fdec-d957-4669-82ff-0ee0ed81046e: 112 datasets; 2.1 s; peak memory 1149 MiB.
2026-10-08T12:38:50Z INFO [511/750] 6cc5ac30-dfbf-469e-8911-0995fc7c975b: 289 datasets; 1.8 s; peak memory 1149 MiB.
2026-10-08T12:38:51Z INFO [512/750] 6cc6e836-3d18-40b3-a7c5-9ee6e3c6d33b: 46 datasets; 0.9 s; peak memory 1149 MiB.
2026-10-08T12:38:57Z INFO [513/750] 6cc76a9c-cb81-4f85-83a6-59ce609574be: 174 datasets; 5.9 s; peak memory 1149 MiB.
2026-10-08T12:38:58Z INFO [514/750] 6cc786ce-e5ab-49a6-a018-07f74c879e58: 48 datasets; 1.2 s; peak memory 1149 MiB.
2026-10-08T12:39:00Z INFO [515/750] 6cc809a0-8ac9-4444-a37b-ff3420f4d8ef: 112 datasets; 1.8 s; peak memory 1149 MiB.
2026-10-08T12:39:23Z INFO [516/750] 6cc82103-2722-4ceb-81f9-047dc6d665e2: 1705 datasets; 22.4 s; peak memory 1149 MiB.
2026-10-08T12:39:24Z INFO [517/750] 6cc8564c-c213-46b6-add8-32827c71af62: 48 datasets; 1.2 s; peak memory 1149 MiB.
2026-10-08T12:39:25Z INFO [518/750] 6cc972af-ddb4-4be8-9f04-bc4c15b8f616: 52 datasets; 1.3 s; peak memory 1149 MiB.
2026-10-08T12:39:32Z INFO [519/750] 6cca8a62-1baa-40e0-8a8b-8226d0c02433: 229 datasets; 6.5 s; peak memory 1149 MiB.
2026-10-08T12:39:33Z INFO [520/750] 6ccafac2-0b26-49a4-b564-e531be1d110c: 116 datasets; 1.5 s; peak memory 1149 MiB.
2026-10-08T12:39:35Z INFO [521/750] 6ccb2c19-0a16-42eb-a210-aa0327084c0c: 110 datasets; 1.7 s; peak memory 1149 MiB.
2026-10-08T12:39:36Z INFO [522/750] 6ccbe41f-81ea-4538-8deb-942cf3c65555: 46 datasets; 1.3 s; peak memory 1149 MiB.
2026-10-08T12:39:56Z INFO [523/750] 6ccd2634-83f8-45b0-a4e6-33ae89c60c62: 48 datasets; 19.6 s; peak memory 1149 MiB.
2026-10-08T12:39:57Z INFO [524/750] 6cce1e3e-5010-4cef-96c2-6ef608ca7dd9: 45 datasets; 1.7 s; peak memory 1149 MiB.
2026-10-08T12:39:59Z INFO [525/750] 6cce2be3-9ca8-4969-955d-2001c6288f7b: 52 datasets; 1.1 s; peak memory 1149 MiB.
2026-10-08T12:40:00Z INFO [526/750] 6ccfb1f7-40fc-44b5-8df1-3831d7659ce2: 119 datasets; 1.3 s; peak memory 1149 MiB.
2026-10-08T12:40:13Z INFO [527/750] 6cd051af-1113-4301-b2e5-4b3556f34318: 707 datasets; 13.2 s; peak memory 1149 MiB.
2026-10-08T12:40:15Z INFO [528/750] 6cd06980-4e27-4488-bddb-675e00003be4: 117 datasets; 1.6 s; peak memory 1149 MiB.
2026-10-08T12:40:16Z INFO [529/750] 6cd1229e-833e-4539-860d-e73c3b5a6d11: 117 datasets; 1.5 s; peak memory 1149 MiB.
2026-10-08T12:40:18Z INFO [530/750] 6cd16efc-a727-4917-b877-f52cb363c50f: 112 datasets; 2.2 s; peak memory 1149 MiB.
2026-10-08T12:40:49Z INFO [531/750] 6cd1c57a-04b6-4d12-b055-a5782f87d344: 1284 datasets; 30.6 s; peak memory 1149 MiB.
2026-10-08T12:40:50Z INFO [532/750] 6cd2017a-ec16-4fc9-9fec-7c87107df389: 41 datasets; 1.2 s; peak memory 1149 MiB.
2026-10-08T12:40:52Z INFO [533/750] 6cd20d72-4817-46cf-a710-43895e3772f3: 67 datasets; 1.7 s; peak memory 1149 MiB.
2026-10-08T12:40:53Z INFO [534/750] 6cd27349-1f0c-4f37-8b3a-9825cb9db4af: 90 datasets; 1.3 s; peak memory 1149 MiB.
2026-10-08T12:40:55Z INFO [535/750] 6cd2c295-aa02-43d5-97ef-a2b42dfb0cbf: 110 datasets; 1.6 s; peak memory 1149 MiB.
2026-10-08T12:41:01Z INFO [536/750] 6cd2da31-af4d-4eaa-8250-e6e381b13d27: 229 datasets; 5.9 s; peak memory 1149 MiB.
2026-10-08T12:41:02Z INFO [537/750] 6cd32d78-7a21-4ac1-a250-d8eda9eef4c7: 48 datasets; 1.3 s; peak memory 1149 MiB.
2026-10-08T12:41:09Z INFO [538/750] 6cd39996-3f7d-40f1-8510-913ce00f8f02: 208 datasets; 6.8 s; peak memory 1149 MiB.
2026-10-08T12:41:10Z INFO [539/750] 6cd4237d-85f8-4058-9c39-f553e32a61c9: 46 datasets; 1.3 s; peak memory 1149 MiB.
2026-10-08T12:41:27Z INFO [540/750] 6cd48859-7206-4600-880d-8f6d284b0b8a: 1370 datasets; 16.9 s; peak memory 1149 MiB.
2026-10-08T12:41:33Z INFO [541/750] 6cd5d517-d90a-4eae-8e73-33dbb54110d8: 538 datasets; 6.2 s; peak memory 1149 MiB.
2026-10-08T12:41:34Z INFO [542/750] 6cd5d7b0-e5ae-4da8-97c7-ae1c44ca7f37: 45 datasets; 1.2 s; peak memory 1149 MiB.
2026-10-08T12:41:41Z INFO [543/750] 6cd5feb5-24ba-4cca-89ec-dcafb9612124: 538 datasets; 6.6 s; peak memory 1149 MiB.
2026-10-08T12:41:42Z INFO [544/750] 6cd6db5d-1a8a-481f-bb48-6bc0314b4cf3: 121 datasets; 1.4 s; peak memory 1149 MiB.
2026-10-08T12:42:06Z INFO [545/750] 6cd7c6c2-9e72-4df3-82d1-5fd0743db43f: 48 datasets; 24.0 s; peak memory 1149 MiB.
2026-10-08T12:42:31Z INFO [546/750] 6cd81c1e-adcd-4844-a9b4-1fb7f095efec: 48 datasets; 24.4 s; peak memory 1149 MiB.
2026-10-08T12:42:32Z INFO [547/750] 6cd85948-baf2-47d1-a7c9-3d816282517b: 46 datasets; 1.0 s; peak memory 1149 MiB.
2026-10-08T12:42:39Z INFO [548/750] 6cd93d7c-d837-45f2-a15f-8db7fff69f96: 152 datasets; 7.5 s; peak memory 1149 MiB.
2026-10-08T12:42:42Z INFO [549/750] 6cd95eaa-34f9-4305-b462-f822c4c47dae: 115 datasets; 3.0 s; peak memory 1149 MiB.
2026-10-08T12:42:44Z INFO [550/750] 6cd960e2-3fa4-41c6-8488-4751424b88bf: 117 datasets; 1.4 s; peak memory 1149 MiB.
2026-10-08T12:42:44Z INFO [550/750] 6cd960e2-3fa4-41c6-8488-4751424b88bf: checkpointed 99385 records.
2026-10-08T12:42:46Z INFO [551/750] 6cda0bb1-1528-426a-8628-ea6ed330c9cc: 53 datasets; 2.3 s; peak memory 1149 MiB.
2026-10-08T12:42:47Z INFO [552/750] 6cdb5a38-8d43-4bab-9db0-071bdc896569: 48 datasets; 1.2 s; peak memory 1149 MiB.
2026-10-08T12:42:50Z INFO [553/750] 6cdbedcd-0bda-4ad0-88d6-694c8cf2ad4d: 70 datasets; 2.5 s; peak memory 1149 MiB.
2026-10-08T12:42:51Z INFO [554/750] 6cdc5fda-4a73-47d9-965b-a4b914caea9e: 42 datasets; 1.3 s; peak memory 1149 MiB.
2026-10-08T12:43:02Z INFO [555/750] 6cdcbf8c-a6b0-4103-a325-736e3a038335: 336 datasets; 10.5 s; peak memory 1149 MiB.
2026-10-08T12:43:10Z INFO [556/750] 6cdcca97-fbf5-4dd4-9b4e-2623ca412e3c: 219 datasets; 8.1 s; peak memory 1149 MiB.
2026-10-08T12:43:15Z INFO [557/750] 6cdd1560-3fdd-4f1f-82f1-9399be2b5b00: 229 datasets; 5.3 s; peak memory 1149 MiB.
2026-10-08T12:43:17Z INFO [558/750] 6cdd7369-f402-456a-bc1a-0af6e1051d47: 131 datasets; 1.8 s; peak memory 1149 MiB.
2026-10-08T12:43:18Z INFO [559/750] 6cde33d3-a200-4230-8d34-66e4d9375b1a: 117 datasets; 1.3 s; peak memory 1149 MiB.
2026-10-08T12:43:20Z INFO [560/750] 6cdecfa3-c8e7-4473-89f2-d17b0ff5738e: 117 datasets; 1.7 s; peak memory 1149 MiB.
2026-10-08T12:43:22Z INFO [561/750] 6cdf7775-f558-4d85-a47b-ae529f1d4e5b: 71 datasets; 2.2 s; peak memory 1149 MiB.
2026-10-08T12:43:23Z INFO [562/750] 6ce13eaa-f20c-4671-a2db-55df228584bb: 48 datasets; 1.3 s; peak memory 1149 MiB.
2026-10-08T12:43:25Z INFO [563/750] 6ce1c2da-a77e-4559-9fc4-fdbf2e3364d4: 48 datasets; 1.3 s; peak memory 1149 MiB.
2026-10-08T12:43:26Z INFO [564/750] 6ce24b2a-dd8c-4ef6-b8ed-7b2ba27cc726: 66 datasets; 1.3 s; peak memory 1149 MiB.
2026-10-08T12:43:28Z INFO [565/750] 6ce31656-c347-46b0-90f0-a78564fbc809: 118 datasets; 1.7 s; peak memory 1149 MiB.
2026-10-08T12:43:29Z INFO [566/750] 6ce3b1ff-0606-4293-aea0-af5927cb5d82: 48 datasets; 1.3 s; peak memory 1149 MiB.
2026-10-08T12:43:31Z INFO [567/750] 6ce3be33-6441-49e6-b8df-b9769c954dc2: 71 datasets; 2.1 s; peak memory 1149 MiB.
2026-10-08T12:43:32Z INFO [568/750] 6ce44aea-1d97-4d56-95eb-360685ccd94a: 48 datasets; 1.3 s; peak memory 1149 MiB.
2026-10-08T12:43:33Z INFO [569/750] 6ce4992d-cedc-4cea-b1f5-e11e9d32236f: 48 datasets; 1.3 s; peak memory 1149 MiB.
2026-10-08T12:43:35Z INFO [570/750] 6ce4bd0e-c35f-4122-9e6c-183401049c3c: 48 datasets; 1.2 s; peak memory 1149 MiB.
2026-10-08T12:53:51Z INFO [571/750] 6ce4e342-b871-484d-9514-a04c11f727f2: 109 datasets; 616.0 s; peak memory 1244 MiB.
2026-10-08T12:54:04Z INFO [572/750] 6ce4ed85-d712-421d-8c42-7eda9009e063: 800 datasets; 13.6 s; peak memory 1244 MiB.
2026-10-08T12:54:05Z INFO [573/750] 6ce4f678-cfdb-46e2-84af-421516aca104: 48 datasets; 1.3 s; peak memory 1244 MiB.
2026-10-08T12:54:08Z INFO [574/750] 6ce68233-4e28-4001-9ea7-bad1beb4e0c3: 66 datasets; 2.5 s; peak memory 1244 MiB.
2026-10-08T12:54:15Z INFO [575/750] 6ce7ab65-9382-4aaa-8736-a8040ab345f7: 257 datasets; 6.8 s; peak memory 1244 MiB.
2026-10-08T12:54:16Z INFO [576/750] 6ce7fa80-ef80-4ecd-93b1-6fb44ac3c7d0: 52 datasets; 1.4 s; peak memory 1244 MiB.
2026-10-08T12:54:22Z INFO [577/750] 6ce8abcd-b4ca-4103-8534-67b82735c48f: 287 datasets; 5.6 s; peak memory 1244 MiB.
2026-10-08T12:54:23Z INFO [578/750] 6ce8b608-846d-4415-9463-4ce685680a73: 117 datasets; 1.7 s; peak memory 1244 MiB.
2026-10-08T12:54:24Z INFO [579/750] 6ce94adc-f926-4c09-bb0d-e25251d52120: 45 datasets; 1.0 s; peak memory 1244 MiB.
2026-10-08T12:54:26Z INFO [580/750] 6ce9afb1-afe3-4427-b80b-4a9240d58148: 112 datasets; 1.8 s; peak memory 1244 MiB.
2026-10-08T12:54:27Z INFO [581/750] 6ce9b21b-fe55-4c87-8225-56088f28d1e8: 48 datasets; 1.2 s; peak memory 1244 MiB.
2026-10-08T12:54:33Z INFO [582/750] 6cea597f-e4b1-4775-8929-00486a94feb5: 200 datasets; 5.6 s; peak memory 1244 MiB.
2026-10-08T12:54:35Z INFO [583/750] 6cea8db7-bcf2-4b50-a965-0f88ce03c2a3: 112 datasets; 1.5 s; peak memory 1244 MiB.
2026-10-08T12:54:36Z INFO [584/750] 6ceaddf9-0a5b-411e-86e8-3d211e853128: 112 datasets; 1.8 s; peak memory 1244 MiB.
2026-10-08T12:54:38Z INFO [585/750] 6ceb4891-1235-4f2b-9c5d-2e35f01cff12: 71 datasets; 2.0 s; peak memory 1244 MiB.
2026-10-08T12:54:42Z INFO [586/750] 6cebbc62-49cb-4cba-92c1-90b25640baae: 53 datasets; 3.2 s; peak memory 1244 MiB.
2026-10-08T12:54:43Z INFO [587/750] 6cec29bd-875d-468b-9b3e-e462a6c31b83: 48 datasets; 1.2 s; peak memory 1244 MiB.
2026-10-08T12:54:44Z INFO [588/750] 6cecad26-1325-43d1-b048-6b1ce1666bf9: 57 datasets; 1.0 s; peak memory 1244 MiB.
2026-10-08T12:54:45Z INFO [589/750] 6cece0a5-4893-46d8-89c7-6402b797e210: 118 datasets; 1.4 s; peak memory 1244 MiB.
2026-10-08T12:54:48Z INFO [590/750] 6ced9ab2-497b-4e75-99a7-52894221dcee: 115 datasets; 2.8 s; peak memory 1244 MiB.
2026-10-08T12:54:49Z INFO [591/750] 6cef9f40-06c5-4531-b648-8155a9e5afb0: 48 datasets; 1.3 s; peak memory 1244 MiB.
2026-10-08T12:54:51Z INFO [592/750] 6cefb374-ce39-4028-a7cd-8ad4bbbc9f38: 48 datasets; 1.3 s; peak memory 1244 MiB.
2026-10-08T12:54:53Z INFO [593/750] 6cf00f1b-4cf1-4321-8b83-2151e6482425: 68 datasets; 2.1 s; peak memory 1244 MiB.
2026-10-08T12:54:54Z INFO [594/750] 6cf045b7-680e-4bc7-bb7d-fab42a3473df: 48 datasets; 1.3 s; peak memory 1244 MiB.
2026-10-08T12:54:55Z INFO [595/750] 6cf11af7-3f6a-46cb-8b52-154375d1c398: 43 datasets; 1.2 s; peak memory 1244 MiB.
2026-10-08T12:54:57Z INFO [596/750] 6cf1667f-218d-4ca6-8a7a-2e6dc0ad1b7d: 112 datasets; 1.7 s; peak memory 1244 MiB.
2026-10-08T12:54:58Z INFO [597/750] 6cf21a67-1e02-4eee-977d-9c51c4cb49f5: 52 datasets; 1.3 s; peak memory 1244 MiB.
2026-10-08T12:55:00Z INFO [598/750] 6cf23b83-8b03-4786-8636-d072556e7da2: 48 datasets; 1.3 s; peak memory 1244 MiB.
2026-10-08T12:55:01Z INFO [599/750] 6cf242d9-1efa-40d8-bc05-b5e62ef4eb79: 63 datasets; 1.3 s; peak memory 1244 MiB.
2026-10-08T12:55:25Z INFO [600/750] 6cf41644-d8b4-4711-b9a3-62292250dc3c: 1660 datasets; 23.8 s; peak memory 1244 MiB.
2026-10-08T12:55:25Z INFO [600/750] 6cf41644-d8b4-4711-b9a3-62292250dc3c: checkpointed 99435 records.
2026-10-08T12:55:27Z INFO [601/750] 6cf4dbe3-bca7-4451-95af-d48f15d8d601: 112 datasets; 2.1 s; peak memory 1244 MiB.
2026-10-08T12:55:28Z INFO [602/750] 6cf65ce5-8820-4778-99c9-d59a84175baf: 72 datasets; 1.3 s; peak memory 1244 MiB.
2026-10-08T12:55:30Z INFO [603/750] 6cf6cdae-3701-4648-8a17-7e27ef32731e: 48 datasets; 1.3 s; peak memory 1244 MiB.
2026-10-08T12:55:32Z INFO [604/750] 6cf8fdee-f28f-42be-8fb0-f6ed49775bf5: 112 datasets; 2.0 s; peak memory 1244 MiB.
2026-10-08T12:55:33Z INFO [605/750] 6cf93f66-9b26-4051-b574-255ca93f6daa: 46 datasets; 1.2 s; peak memory 1244 MiB.
2026-10-08T12:55:34Z INFO [606/750] 6cf997f7-d7e3-492b-806b-094dd10fdc56: 46 datasets; 1.0 s; peak memory 1244 MiB.
2026-10-08T12:55:36Z INFO [607/750] 6cf9991a-f146-4ba6-8437-92f8572b4b94: 69 datasets; 1.8 s; peak memory 1244 MiB.
2026-10-08T12:55:47Z INFO [608/750] 6cfb3ed2-d17d-45b8-a8e1-4ac593e44540: 3431 datasets; 11.8 s; peak memory 1244 MiB.
2026-10-08T12:55:54Z INFO [609/750] 6cfb3f54-65f9-44c8-997b-265b8f39cdcf: 536 datasets; 7.0 s; peak memory 1244 MiB.
2026-10-08T12:55:56Z INFO [610/750] 6cfb49d9-3015-4ce5-98b5-7d599d213c2f: 60 datasets; 1.6 s; peak memory 1244 MiB.
2026-10-08T12:55:57Z INFO [611/750] 6cfc4de1-ff8a-4da6-bf62-8d51512acffd: 56 datasets; 1.0 s; peak memory 1244 MiB.
2026-10-08T12:56:04Z INFO [612/750] 6cfcea5a-296d-4a39-9a69-ea16744c2e65: 538 datasets; 7.1 s; peak memory 1244 MiB.
2026-10-08T12:56:14Z INFO [613/750] 6cfe6914-8b5c-4f6e-921f-b90079a5e87d: 556 datasets; 9.5 s; peak memory 1244 MiB.
2026-10-08T12:56:15Z INFO [614/750] 6cff0bd0-8ebc-4607-b819-348eed1ce4cb: 112 datasets; 1.7 s; peak memory 1244 MiB.
2026-10-08T12:57:31Z INFO [615/750] 6cff1576-2914-4472-8e88-2ecfa089507d: 128 datasets; 76.1 s; peak memory 1244 MiB.
2026-10-08T12:57:33Z INFO [616/750] 6cff8216-47b2-4d2a-91a2-61d1d88e9b12: 117 datasets; 1.4 s; peak memory 1244 MiB.
2026-10-08T12:57:40Z INFO [617/750] 6d002c8e-3b7a-480c-98c8-32a8601659ae: 43 datasets; 6.7 s; peak memory 1244 MiB.
2026-10-08T13:06:17Z INFO [618/750] 6d01301d-ba19-45a3-aa16-2c3f8c25f13c: 430 datasets; 517.1 s; peak memory 1244 MiB.
2026-10-08T13:06:18Z INFO [619/750] 6d018577-3fa2-49ef-bb40-35cf4ab4c4a0: 66 datasets; 1.8 s; peak memory 1244 MiB.
2026-10-08T13:06:20Z INFO [620/750] 6d019436-68a8-49ca-a427-3f9b49cef4f5: 110 datasets; 1.7 s; peak memory 1244 MiB.
2026-10-08T13:06:22Z INFO [621/750] 6d01adb5-86a3-4922-afd8-badabb7bee89: 116 datasets; 1.7 s; peak memory 1244 MiB.
2026-10-08T13:06:25Z INFO [622/750] 6d01b610-daaf-442b-bbae-34c6fa7c3b8d: 156 datasets; 3.5 s; peak memory 1244 MiB.
2026-10-08T13:06:27Z INFO [623/750] 6d01c7ac-b4cb-411f-a138-199d13ff0561: 52 datasets; 1.4 s; peak memory 1244 MiB.
2026-10-08T13:06:29Z INFO [624/750] 6d01e239-0c12-477c-a48f-106c02f0d315: 261 datasets; 1.9 s; peak memory 1244 MiB.
2026-10-08T13:06:38Z INFO [625/750] 6d028f2f-369b-4ca1-a171-16db1218adc4: 11485 datasets; 9.5 s; peak memory 1244 MiB.
2026-10-08T13:06:40Z INFO [626/750] 6d02cea5-a8e4-4533-89ac-d90c575ab836: 110 datasets; 2.3 s; peak memory 1244 MiB.
2026-10-08T13:06:47Z INFO [627/750] 6d040958-2e1a-454f-8acd-81650bb6eec1: 484 datasets; 6.4 s; peak memory 1244 MiB.
2026-10-08T13:06:49Z INFO [628/750] 6d041567-2e28-48f3-ba30-05623ba94b04: 75 datasets; 2.7 s; peak memory 1244 MiB.
2026-10-08T13:06:51Z INFO [629/750] 6d058565-d934-499b-827d-3bd48531f970: 48 datasets; 1.5 s; peak memory 1244 MiB.
2026-10-08T13:06:53Z INFO [630/750] 6d05e74d-e535-4f3a-b2d0-2b4985c36a48: 112 datasets; 1.8 s; peak memory 1244 MiB.
2026-10-08T13:07:06Z INFO [631/750] 6d06967c-50d5-4005-9f54-7f628cee1fde: 870 datasets; 12.9 s; peak memory 1244 MiB.
2026-10-08T13:07:07Z INFO [632/750] 6d069f28-ed16-4a7c-8991-667fb46c4412: 117 datasets; 1.6 s; peak memory 1244 MiB.
2026-10-08T13:07:08Z INFO [633/750] 6d06c8fd-b87d-456a-b3d9-abfb172abe8a: 33 datasets; 1.0 s; peak memory 1244 MiB.
2026-10-08T13:07:15Z INFO [634/750] 6d0729b6-75d9-4edb-8f4e-b3f57d48e55e: 494 datasets; 6.8 s; peak memory 1244 MiB.
2026-10-08T13:07:17Z INFO [635/750] 6d086b02-cad3-4c8d-acfa-cadae01acef9: 66 datasets; 2.0 s; peak memory 1244 MiB.
2026-10-08T13:07:18Z INFO [636/750] 6d091364-6ce0-4130-8845-06e75501e34e: 48 datasets; 1.4 s; peak memory 1244 MiB.
2026-10-08T13:07:20Z INFO [637/750] 6d09ae35-40c1-4197-9ac0-0ad6074276ea: 41 datasets; 1.3 s; peak memory 1244 MiB.
2026-10-08T13:07:21Z INFO [638/750] 6d0a325e-531a-45a2-9187-7b36aa63c896: 117 datasets; 1.4 s; peak memory 1244 MiB.
2026-10-08T13:07:23Z INFO [639/750] 6d0c57b7-621d-4e29-87df-30da27d2eb5b: 112 datasets; 1.9 s; peak memory 1244 MiB.
2026-10-08T13:07:25Z INFO [640/750] 6d0cca8b-8180-46f8-9bd5-ea24997e7908: 71 datasets; 2.5 s; peak memory 1244 MiB.
2026-10-08T13:07:27Z INFO [641/750] 6d0d2f42-a275-4b74-a659-ed69fd100b80: 71 datasets; 2.1 s; peak memory 1244 MiB.
2026-10-08T13:07:31Z INFO [642/750] 6d0d6d75-72af-448e-81bc-c8f0fb14dd2a: 156 datasets; 3.4 s; peak memory 1244 MiB.
2026-10-08T13:07:32Z INFO [643/750] 6d0dbdef-5010-465a-8cba-0613d3216c3a: 58 datasets; 1.1 s; peak memory 1244 MiB.
2026-10-08T13:07:33Z INFO [644/750] 6d0ecdc2-7d8e-4c60-b258-d4d692a8bf0f: 48 datasets; 1.2 s; peak memory 1244 MiB.
2026-10-08T13:07:35Z INFO [645/750] 6d0ef552-dd1f-4d8c-955a-befd1e3521db: 78 datasets; 1.5 s; peak memory 1244 MiB.
2026-10-08T13:07:37Z INFO [646/750] 6d0f9192-d4ae-4c39-a94a-3ab3fd32cd58: 93 datasets; 2.6 s; peak memory 1244 MiB.
2026-10-08T13:07:39Z INFO [647/750] 6d0fe415-d8bf-46c0-83c6-abdc375f955a: 59 datasets; 1.7 s; peak memory 1244 MiB.
2026-10-08T13:07:42Z INFO [648/750] 6d103323-b3b0-44b2-a4b4-c270aa593977: 144 datasets; 2.4 s; peak memory 1244 MiB.
2026-10-08T13:07:43Z INFO [649/750] 6d106098-dbba-42d7-90d5-8d4a0ab9a2ef: 71 datasets; 1.9 s; peak memory 1244 MiB.
2026-10-08T13:07:45Z INFO [650/750] 6d108a10-6989-42a5-bc9f-fbfae14a2279: 51 datasets; 1.5 s; peak memory 1244 MiB.
2026-10-08T13:07:45Z INFO [650/750] 6d108a10-6989-42a5-bc9f-fbfae14a2279: checkpointed 99485 records.
2026-10-08T13:07:47Z INFO [651/750] 6d10aa78-07c2-4e93-99ad-e40bdaaea300: 71 datasets; 2.2 s; peak memory 1244 MiB.
2026-10-08T13:10:06Z INFO [652/750] 6d1252be-e119-4917-afd9-18d0e0367771: 269 datasets; 138.9 s; peak memory 1244 MiB.
2026-10-08T13:10:08Z INFO [653/750] 6d12bdd6-5b14-4259-946e-6597af121d71: 112 datasets; 1.9 s; peak memory 1244 MiB.
2026-10-08T13:10:09Z INFO [654/750] 6d1302f1-a4fa-4ad9-bef4-bff3a5a667eb: 48 datasets; 1.2 s; peak memory 1244 MiB.
2026-10-08T13:10:11Z INFO [655/750] 6d133dcb-39ba-4533-abf3-d12878946f00: 52 datasets; 1.3 s; peak memory 1244 MiB.
2026-10-08T13:10:13Z INFO [656/750] 6d13afb5-4233-4117-893b-45a9b280085e: 69 datasets; 2.0 s; peak memory 1244 MiB.
2026-10-08T13:10:14Z INFO [657/750] 6d145b23-2c2f-430e-b31f-efc85767bf18: 84 datasets; 1.8 s; peak memory 1244 MiB.
2026-10-08T13:10:16Z INFO [658/750] 6d146929-5097-44a8-9b43-4ebfcb729800: 44 datasets; 1.2 s; peak memory 1244 MiB.
2026-10-08T13:10:17Z INFO [659/750] 6d14774c-36eb-489b-a9db-882845887643: 112 datasets; 1.7 s; peak memory 1244 MiB.
2026-10-08T13:10:20Z INFO [660/750] 6d151332-9393-4051-94ff-0deb585c848d: 110 datasets; 2.2 s; peak memory 1244 MiB.
2026-10-08T13:10:21Z INFO [661/750] 6d15984b-878b-45fd-8766-0b8e766735b2: 117 datasets; 1.5 s; peak memory 1244 MiB.
2026-10-08T13:10:22Z INFO [662/750] 6d15f984-957b-4dd3-8fe1-0a26515d3500: 58 datasets; 1.0 s; peak memory 1244 MiB.
2026-10-08T13:10:26Z INFO [663/750] 6d161345-a82a-481e-92e5-f69dee46a2c1: 156 datasets; 3.5 s; peak memory 1244 MiB.
2026-10-08T13:10:29Z INFO [664/750] 6d164d80-1596-4a32-8333-f515f1a56002: 90 datasets; 3.0 s; peak memory 1244 MiB.
2026-10-08T13:10:30Z INFO [665/750] 6d164efd-7ee6-40cb-be2c-e5d08e698b69: 117 datasets; 1.9 s; peak memory 1244 MiB.
2026-10-08T13:10:32Z INFO [666/750] 6d175f4a-c93c-4c9d-a417-5e0950502115: 95 datasets; 1.9 s; peak memory 1244 MiB.
2026-10-08T13:10:34Z INFO [667/750] 6d189dc7-aa29-4e40-a190-08435a8e4aa3: 118 datasets; 1.3 s; peak memory 1244 MiB.
2026-10-08T13:10:35Z INFO [668/750] 6d18a420-7e1b-43f1-bb1a-3f790384fbef: 112 datasets; 1.6 s; peak memory 1244 MiB.
2026-10-08T13:10:36Z INFO [669/750] 6d18af04-a092-4e8f-b138-ffa979170041: 60 datasets; 1.3 s; peak memory 1244 MiB.
2026-10-08T13:10:40Z INFO [670/750] 6d19ed0d-86e5-4a6e-91c7-91cb40d60cff: 156 datasets; 3.9 s; peak memory 1244 MiB.
2026-10-08T13:12:56Z INFO [671/750] 6d1a0bd1-7145-4d10-a311-39327b40dce8: 241 datasets; 136.0 s; peak memory 1244 MiB.
2026-10-08T13:14:45Z INFO [672/750] 6d1a1c4e-9fc5-41bd-8f9a-c63911ed1c28: 135 datasets; 108.6 s; peak memory 1244 MiB.
2026-10-08T13:14:46Z INFO [673/750] 6d1acf50-edff-40d9-8d0d-6cb7c34760db: 48 datasets; 1.2 s; peak memory 1244 MiB.
2026-10-08T13:14:48Z INFO [674/750] 6d1b0ce8-4599-4b72-bf67-6eb66249a337: 71 datasets; 2.0 s; peak memory 1244 MiB.
2026-10-08T13:14:49Z INFO [675/750] 6d1b2dcd-c458-492b-8d76-8586434d5c49: 46 datasets; 1.4 s; peak memory 1244 MiB.
2026-10-08T13:14:51Z INFO [676/750] 6d1d1729-bc59-45a3-880b-29f6cf3bcf83: 46 datasets; 1.0 s; peak memory 1244 MiB.
2026-10-08T13:14:52Z INFO [677/750] 6d1d3d3e-475e-4938-8aa0-d08dc2b9b8bf: 115 datasets; 1.8 s; peak memory 1244 MiB.
2026-10-08T13:14:54Z INFO [678/750] 6d1d5b31-3961-414e-8f80-23a00ce7baff: 64 datasets; 1.7 s; peak memory 1244 MiB.
2026-10-08T13:14:56Z INFO [679/750] 6d1dacaa-acae-43c7-b69a-479b5de588b2: 112 datasets; 1.9 s; peak memory 1244 MiB.
2026-10-08T13:14:57Z INFO [680/750] 6d1dfec0-974f-4ffb-b288-2231a1bd9c2b: 52 datasets; 1.4 s; peak memory 1244 MiB.
2026-10-08T13:15:16Z INFO [681/750] 6d1f7abd-24a5-434d-a90a-71f606c49fb3: 1391 datasets; 19.2 s; peak memory 1244 MiB.
2026-10-08T13:15:18Z INFO [682/750] 6d1f9fd1-bab3-45e1-b609-f6683cc75a47: 66 datasets; 1.9 s; peak memory 1244 MiB.
2026-10-08T13:15:20Z INFO [683/750] 6d210523-37fe-4147-9059-f04aa4bc1565: 48 datasets; 1.4 s; peak memory 1244 MiB.
2026-10-08T13:15:21Z INFO [684/750] 6d211a63-7f4c-4ee5-83ee-54fab84e25b9: 47 datasets; 1.2 s; peak memory 1244 MiB.
2026-10-08T13:15:23Z INFO [685/750] 6d2128fc-1e53-4966-ba4c-7d1689a0e83b: 69 datasets; 1.7 s; peak memory 1244 MiB.
2026-10-08T13:15:25Z INFO [686/750] 6d2276db-d0c2-4d27-8f8d-b2b91cbdfad8: 71 datasets; 2.4 s; peak memory 1244 MiB.
2026-10-08T13:46:59Z INFO [687/750] 6d233dd2-4655-4cdd-9646-f4a792c07926: 231 datasets; 1894.0 s; peak memory 1244 MiB.
2026-10-08T13:47:00Z INFO [688/750] 6d236d17-970c-42f1-a699-2cae2838532d: 48 datasets; 1.3 s; peak memory 1244 MiB.
2026-10-08T13:47:02Z INFO [689/750] 6d2421e0-2ecd-4fed-ab7b-80cf22f91583: 118 datasets; 1.4 s; peak memory 1244 MiB.
2026-10-08T13:47:04Z INFO [690/750] 6d2614f3-6e89-43b8-b7cc-3ad911ba47c5: 124 datasets; 2.2 s; peak memory 1244 MiB.
2026-10-08T13:47:05Z INFO [691/750] 6d263b98-6453-4029-a0a2-8d99f8e282f7: 116 datasets; 1.4 s; peak memory 1244 MiB.
2026-10-08T13:47:08Z INFO [692/750] 6d2658c1-6231-48fb-8c0e-2c992a5bfcb9: 70 datasets; 2.1 s; peak memory 1244 MiB.
2026-10-08T13:47:10Z INFO [693/750] 6d26d7bc-cc32-4122-b18b-33eaae4472e7: 66 datasets; 2.3 s; peak memory 1244 MiB.
2026-10-08T13:48:08Z INFO [694/750] 6d27141e-013c-4fe7-848d-b96b42e84d10: 52 datasets; 58.4 s; peak memory 1244 MiB.
2026-10-08T13:48:12Z INFO [695/750] 6d2743fc-5bb3-4cf7-a323-ca7b6cc6a008: 155 datasets; 4.1 s; peak memory 1244 MiB.
2026-10-08T13:48:14Z INFO [696/750] 6d275098-271d-45d4-af70-1c9dbc008baf: 112 datasets; 2.0 s; peak memory 1244 MiB.
2026-10-08T13:48:16Z INFO [697/750] 6d2750bb-ad82-4d27-b23a-25d0981c9c1b: 48 datasets; 1.3 s; peak memory 1244 MiB.
2026-10-08T13:48:17Z INFO [698/750] 6d27d1e8-8ade-422e-a596-86900459dc4f: 112 datasets; 1.7 s; peak memory 1244 MiB.
2026-10-08T13:48:23Z INFO [699/750] 6d2858e3-d6f0-4d37-9534-212f1a2d4597: 229 datasets; 5.3 s; peak memory 1244 MiB.
2026-10-08T13:50:38Z INFO [700/750] 6d29862c-6e66-43c6-90b3-79b4996ce2e5: 246 datasets; 135.2 s; peak memory 1244 MiB.
2026-10-08T13:50:38Z INFO [700/750] 6d29862c-6e66-43c6-90b3-79b4996ce2e5: checkpointed 99535 records.
2026-10-08T13:50:39Z INFO [701/750] 6d29f155-085e-42e7-b769-4cab35f3a752: 48 datasets; 1.3 s; peak memory 1244 MiB.
2026-10-08T13:50:41Z INFO [702/750] 6d2a1816-3267-4f77-9925-47afbfbe3053: 99 datasets; 1.2 s; peak memory 1244 MiB.
2026-10-08T13:50:42Z INFO [703/750] 6d2a3ac9-c060-4a08-ae94-f6b444d04149: 109 datasets; 1.9 s; peak memory 1244 MiB.
2026-10-08T13:50:44Z INFO [704/750] 6d2a63d8-0ef4-42b4-94a7-5c27dbdda077: 48 datasets; 1.3 s; peak memory 1244 MiB.
2026-10-08T13:50:53Z INFO [705/750] 6d2ae9e2-071a-4d7d-ba24-bfaa2b5f31ea: 446 datasets; 8.9 s; peak memory 1244 MiB.
2026-10-08T13:50:55Z INFO [706/750] 6d2bfb77-d77f-4119-8416-ae4119ff4989: 112 datasets; 2.1 s; peak memory 1244 MiB.
2026-10-08T13:50:57Z INFO [707/750] 6d2d0d20-d423-4bc4-857a-5db32520fdd1: 66 datasets; 2.0 s; peak memory 1244 MiB.
2026-10-08T13:50:58Z INFO [708/750] 6d2d73d1-94f4-4d01-ba24-23977615da1b: 48 datasets; 1.2 s; peak memory 1244 MiB.
2026-10-08T13:51:12Z INFO [709/750] 6d2df180-5c88-46dd-ba7c-d31fcd5c35cf: 1317 datasets; 13.4 s; peak memory 1244 MiB.
2026-10-08T13:51:17Z INFO [710/750] 6d2e14a9-1309-43ce-bb95-3f288283668b: 168 datasets; 5.8 s; peak memory 1244 MiB.
2026-10-08T13:51:19Z INFO [711/750] 6d2e8f07-b2c9-4dfa-b45a-1d4712fabf46: 110 datasets; 2.0 s; peak memory 1244 MiB.
2026-10-08T13:51:21Z INFO [712/750] 6d2f5cfc-86d7-4f73-a982-e21d83f42332: 66 datasets; 1.8 s; peak memory 1244 MiB.
2026-10-08T13:51:23Z INFO [713/750] 6d2f6754-fb99-439e-9715-087f5a1ea2ff: 116 datasets; 1.4 s; peak memory 1244 MiB.
2026-10-08T13:51:24Z INFO [714/750] 6d2fb54a-a85b-4f86-b0dd-79fb4913bcac: 117 datasets; 1.5 s; peak memory 1244 MiB.
2026-10-08T13:51:25Z INFO [715/750] 6d2fd2b6-4375-493b-a0d6-1885a592ab81: 54 datasets; 1.0 s; peak memory 1244 MiB.
2026-10-08T13:51:26Z INFO [716/750] 6d303be1-6650-4d88-9284-456c986ec11a: 48 datasets; 1.3 s; peak memory 1244 MiB.
2026-10-08T13:51:28Z INFO [717/750] 6d30ca6e-abe0-4695-a4e1-dfef9ee07a27: 62 datasets; 1.8 s; peak memory 1244 MiB.
2026-10-08T13:51:29Z INFO [718/750] 6d30cbd5-0a11-4dcc-bcfd-0acbc2a3c6e5: 48 datasets; 1.2 s; peak memory 1244 MiB.
2026-10-08T13:51:31Z INFO [719/750] 6d310ab8-2e00-4a7b-8832-c58e6e7d0b6f: 52 datasets; 1.3 s; peak memory 1244 MiB.
2026-10-08T13:51:43Z INFO [720/750] 6d317086-f986-4714-9d2f-a59f7319cb46: 837 datasets; 12.0 s; peak memory 1244 MiB.
2026-10-08T13:51:44Z INFO [721/750] 6d320cf6-e0a2-4906-94c4-a4b4dc64eb31: 110 datasets; 1.7 s; peak memory 1244 MiB.
2026-10-08T13:51:51Z INFO [722/750] 6d320e99-57c4-46d0-90c8-07cfa889e1c2: 1430 datasets; 6.7 s; peak memory 1244 MiB.
2026-10-08T13:51:53Z INFO [723/750] 6d334085-0698-4501-a382-be254d3dfdee: 72 datasets; 1.9 s; peak memory 1244 MiB.
2026-10-08T13:51:54Z INFO [724/750] 6d36771d-9b3d-458e-abd6-ac1eb17b2334: 58 datasets; 1.0 s; peak memory 1244 MiB.
2026-10-08T13:51:56Z INFO [725/750] 6d36d733-c8c7-421f-89b7-ccd0779f4c4d: 66 datasets; 2.0 s; peak memory 1244 MiB.
2026-10-08T13:51:58Z INFO [726/750] 6d3806dd-c063-4d0a-9542-1dea3c09e4ef: 66 datasets; 1.9 s; peak memory 1244 MiB.
2026-10-08T13:52:10Z INFO [727/750] 6d38af12-f114-4d8d-8808-81183448c2a2: 771 datasets; 12.5 s; peak memory 1244 MiB.
2026-10-08T13:52:12Z INFO [728/750] 6d39a0db-4e7f-450e-808a-e26a2e0f0608: 170 datasets; 1.6 s; peak memory 1244 MiB.
2026-10-08T13:52:13Z INFO [729/750] 6d39be01-e73d-4f20-b2a6-2a931e74694e: 54 datasets; 1.0 s; peak memory 1244 MiB.
2026-10-08T13:52:20Z INFO [730/750] 6d3a3a19-f050-4ffa-a78c-dac3dcb8cf56: 229 datasets; 6.5 s; peak memory 1244 MiB.
2026-10-08T13:52:22Z INFO [731/750] 6d3aeccc-17d0-4899-b3e3-c1b006d42d86: 71 datasets; 2.1 s; peak memory 1244 MiB.
2026-10-08T13:52:23Z INFO [732/750] 6d3b0de8-06af-409f-8610-35825fd12bd9: 48 datasets; 1.3 s; peak memory 1244 MiB.
2026-10-08T13:52:45Z INFO [733/750] 6d3bfee8-7b41-4cd2-a39f-6a1be2ab6e6e: 282 datasets; 21.7 s; peak memory 1244 MiB.
2026-10-08T13:52:50Z INFO [734/750] 6d3c31da-981a-4e26-856b-3ed1747114d3: 504 datasets; 5.7 s; peak memory 1244 MiB.
2026-10-08T13:52:51Z INFO [735/750] 6d3c3568-f8d2-48c5-816c-5f47008dc79d: 46 datasets; 1.3 s; peak memory 1244 MiB.
2026-10-08T13:52:54Z INFO [736/750] 6d3c408c-f306-480f-a5b6-4e7bc00ba697: 57 datasets; 2.2 s; peak memory 1244 MiB.
2026-10-08T13:52:55Z INFO [737/750] 6d3e316e-15c3-4e00-a504-ef8d55c95478: 116 datasets; 1.4 s; peak memory 1244 MiB.
2026-10-08T13:52:56Z INFO [738/750] 6d3e8342-528a-4b61-ad60-7bd6c76a99aa: 48 datasets; 1.2 s; peak memory 1244 MiB.
2026-10-08T13:52:58Z INFO [739/750] 6d3ea48c-c21e-4acc-a496-622394d32c15: 49 datasets; 1.5 s; peak memory 1244 MiB.
2026-10-08T13:52:59Z INFO [740/750] 6d3f0879-3881-4173-8612-7c2289ddd8e0: 48 datasets; 1.2 s; peak memory 1244 MiB.
2026-10-08T13:53:01Z INFO [741/750] 6d3fb49d-fd1a-4c9b-997d-77d67fa60aa1: 117 datasets; 1.5 s; peak memory 1244 MiB.
2026-10-08T13:53:03Z INFO [742/750] 6d40945d-62d9-4589-8b44-c93528a66617: 38 datasets; 2.9 s; peak memory 1244 MiB.
2026-10-08T13:53:05Z INFO [743/750] 6d40b697-05c5-41b7-bd43-077a62e0d3be: 35 datasets; 1.1 s; peak memory 1244 MiB.
2026-10-08T13:53:06Z INFO [744/750] 6d415e21-6db7-47bc-959b-781a02edbcbd: 52 datasets; 1.3 s; peak memory 1244 MiB.
2026-10-08T13:53:07Z INFO [745/750] 6d417569-ab7e-454f-8f45-3beaef8c76be: 39 datasets; 1.1 s; peak memory 1244 MiB.
2026-10-08T13:53:09Z INFO [746/750] 6d41e2de-06a1-473e-a18e-2efd39f5310a: 112 datasets; 1.8 s; peak memory 1244 MiB.
2026-10-08T13:53:10Z INFO [747/750] 6d4209e2-43ec-47a8-97f4-58d76708e2db: 46 datasets; 0.9 s; peak memory 1244 MiB.
2026-10-08T13:53:12Z INFO [748/750] 6d423b55-67f8-42c9-9dee-caa73708d896: 123 datasets; 2.5 s; peak memory 1244 MiB.
2026-10-08T13:53:14Z INFO [749/750] 6d439714-c9cd-47cd-9f90-5ef4f507b485: 48 datasets; 1.4 s; peak memory 1244 MiB.
2026-10-08T13:53:15Z INFO [750/750] 6d43b7f0-92ea-48ff-bacc-0fe2ef848bf2: 48 datasets; 1.3 s; peak memory 1244 MiB.
2026-10-08T13:53:15Z INFO [750/750] 6d43b7f0-92ea-48ff-bacc-0fe2ef848bf2: checkpointed 99585 records.
2026-10-08T13:53:15Z INFO Wrote 99585 records to /tmp/derivatives/valid_nwb_file_to_number_of_datasets.jsonl (750 new, 0 failed) in 218.8 min (peak memory 1244 MiB).
