2026-10-05T14:42:15Z INFO Logging to /tmp/logs/update_2026-10-05T14-42-15Z.log.
2026-10-05T14:42:15Z INFO Update valid-nwb-file-to-number-of-datasets (base directory /tmp).
2026-10-05T14:42:15Z INFO Processing 750 items (79335 already recorded).
2026-10-05T14:42:16Z INFO [1/750] 433cc113-7d1c-40f9-9f1c-9c64af9a459a: 46 datasets; 1.3 s; peak memory 106 MiB.
2026-10-05T14:42:17Z INFO [2/750] 433dcfee-4fab-4734-85ba-d66e032ddc02: 72 datasets; 0.9 s; peak memory 108 MiB.
2026-10-05T14:42:18Z INFO [3/750] 433dda96-07ae-4c7d-a01b-3a035cd64e4c: 46 datasets; 0.7 s; peak memory 108 MiB.
2026-10-05T14:42:19Z INFO [4/750] 433e0be4-a09c-4cd1-8714-a9d169eecc1c: 48 datasets; 0.9 s; peak memory 108 MiB.
2026-10-05T14:42:32Z INFO [5/750] 433ec0ae-549c-4eb5-8203-160b7a97f5ce: 1397 datasets; 13.3 s; peak memory 162 MiB.
2026-10-05T14:42:33Z INFO [6/750] 433eceb1-43b1-4953-b8eb-b71594d2d0d2: 118 datasets; 0.9 s; peak memory 162 MiB.
2026-10-05T14:42:34Z INFO [7/750] 433fad85-de67-4585-8478-f468baa51305: 52 datasets; 0.9 s; peak memory 162 MiB.
2026-10-05T14:42:35Z INFO [8/750] 43408960-8a4b-4171-b45c-c406fdbddf66: 33 datasets; 0.6 s; peak memory 162 MiB.
2026-10-05T14:42:36Z INFO [9/750] 4341baee-1aa2-4da0-8b96-627dffdd2895: 50 datasets; 1.0 s; peak memory 162 MiB.
2026-10-05T14:42:38Z INFO [10/750] 4341ea60-e419-4d79-8015-b65abefe6f14: 102 datasets; 2.4 s; peak memory 162 MiB.
2026-10-05T14:42:39Z INFO [11/750] 43427c90-9288-4877-bb67-7ed59462769a: 48 datasets; 1.0 s; peak memory 162 MiB.
2026-10-05T14:42:41Z INFO [12/750] 4342de5d-8bed-46eb-81e5-1d348314ab60: 157 datasets; 2.4 s; peak memory 162 MiB.
2026-10-05T14:42:43Z INFO [13/750] 4342fd14-f001-41e8-a18a-a65cadf1e81a: 84 datasets; 1.2 s; peak memory 162 MiB.
2026-10-05T14:42:44Z INFO [14/750] 4343820a-76fb-4735-b582-e1a4f2038ed5: 112 datasets; 1.3 s; peak memory 162 MiB.
2026-10-05T14:42:46Z INFO [15/750] 4343b383-ebe3-4e38-b73e-cc79b588ba10: 186 datasets; 1.8 s; peak memory 163 MiB.
2026-10-05T14:42:47Z INFO [16/750] 4344320f-cdbc-4d6d-a8dd-ae4338838e31: 38 datasets; 1.6 s; peak memory 163 MiB.
2026-10-05T14:42:48Z INFO [17/750] 4344811c-1dd4-4056-a3f6-29fea03846eb: 48 datasets; 1.0 s; peak memory 163 MiB.
2026-10-05T14:42:49Z INFO [18/750] 4347e644-a7b5-483c-b10b-fe2f6d9f84d1: 64 datasets; 0.9 s; peak memory 164 MiB.
2026-10-05T14:42:54Z INFO [19/750] 4348665b-a7f3-4370-8434-6a2eb98e75b5: 229 datasets; 4.8 s; peak memory 164 MiB.
2026-10-05T14:42:58Z INFO [20/750] 43488aa3-9d8c-4bcd-ae37-7f7a61e004f9: 106 datasets; 3.6 s; peak memory 164 MiB.
2026-10-05T14:42:59Z INFO [21/750] 4349a0cd-1c1f-4a02-bb30-a3395afafc8c: 51 datasets; 1.1 s; peak memory 164 MiB.
2026-10-05T14:43:02Z INFO [22/750] 434a2cbd-9c44-4fea-bc92-6baa63e69724: 382 datasets; 3.5 s; peak memory 164 MiB.
2026-10-05T14:43:03Z INFO [23/750] 434b7195-1ac8-4f62-9139-7af1bad6f12f: 50 datasets; 0.7 s; peak memory 164 MiB.
2026-10-05T14:43:10Z INFO [24/750] 434ba82e-3b57-4929-8eb1-8e6db8f2dbf8: 693 datasets; 7.5 s; peak memory 165 MiB.
2026-10-05T14:43:12Z INFO [25/750] 434c28c2-34fd-4959-90ee-12ee7e630ec3: 117 datasets; 1.3 s; peak memory 165 MiB.
2026-10-05T14:43:13Z INFO [26/750] 434c9855-b119-48b4-bdca-5be45752f25d: 48 datasets; 1.0 s; peak memory 165 MiB.
2026-10-05T14:43:23Z INFO [27/750] 434d71e8-e65c-4b5f-a30b-56f37762e1ba: 927 datasets; 10.8 s; peak memory 166 MiB.
2026-10-05T14:43:30Z INFO [28/750] 434dda5b-3186-4b1e-8e6d-e025edcceffa: 257 datasets; 6.3 s; peak memory 166 MiB.
2026-10-05T14:43:32Z INFO [29/750] 434eb136-4e5e-4f93-94a5-9971db022e90: 156 datasets; 2.2 s; peak memory 166 MiB.
2026-10-05T14:43:33Z INFO [30/750] 434ece69-53a5-4ab0-98b2-4ad93e077249: 51 datasets; 1.2 s; peak memory 166 MiB.
2026-10-05T14:43:34Z INFO [31/750] 434fe792-e5a1-4946-b5bb-ed063882c59d: 112 datasets; 1.2 s; peak memory 166 MiB.
2026-10-05T14:43:35Z INFO [32/750] 434ff1ca-b442-4f5d-9001-42e39277f3ad: 118 datasets; 1.1 s; peak memory 166 MiB.
2026-10-05T14:43:36Z INFO [33/750] 435008f4-5e53-4e60-b930-98097b81a862: 112 datasets; 1.1 s; peak memory 166 MiB.
2026-10-05T14:43:37Z INFO [34/750] 43502a23-5d74-4927-8317-19a1b8b2484a: 38 datasets; 0.8 s; peak memory 166 MiB.
2026-10-05T14:43:39Z INFO [35/750] 43512500-e854-457d-b396-b30b6cdcfe7e: 52 datasets; 1.2 s; peak memory 166 MiB.
2026-10-05T14:43:44Z INFO [36/750] 43513dae-2a5f-46db-ba37-779b47550e7c: 229 datasets; 5.4 s; peak memory 166 MiB.
2026-10-05T14:43:45Z INFO [37/750] 43545710-d5b1-4c00-b7da-d9d7bfbff9b1: 75 datasets; 1.2 s; peak memory 166 MiB.
2026-10-05T14:43:57Z INFO [38/750] 43547ae4-103d-4f9d-83ff-7f6c6788a218: 439 datasets; 11.7 s; peak memory 166 MiB.
2026-10-05T14:43:58Z INFO [39/750] 43549e5a-ae1a-4059-913a-e915f1ee3c85: 118 datasets; 0.9 s; peak memory 166 MiB.
2026-10-05T14:43:59Z INFO [40/750] 43555c7f-58b4-4f8f-babe-db61e9e8fe32: 289 datasets; 1.0 s; peak memory 166 MiB.
2026-10-05T14:44:08Z INFO [41/750] 4355ff28-243f-4bd2-b9cf-c41c812e20c3: 98 datasets; 9.0 s; peak memory 166 MiB.
2026-10-05T14:44:09Z INFO [42/750] 43565752-8ab4-40dd-ab0f-da45e593170e: 48 datasets; 1.1 s; peak memory 166 MiB.
2026-10-05T14:44:09Z INFO [43/750] 435660e6-0651-45c8-9291-2f1fdd309c4e: 46 datasets; 0.5 s; peak memory 166 MiB.
2026-10-05T14:44:13Z INFO [44/750] 43571bfb-9085-4a57-8995-b1fdce4f254a: 84 datasets; 3.5 s; peak memory 166 MiB.
2026-10-05T14:44:15Z INFO [45/750] 43572b00-e8b7-46e9-aca5-a7c56ff08f4e: 123 datasets; 2.2 s; peak memory 166 MiB.
2026-10-05T14:44:16Z INFO [46/750] 43578407-3d31-48be-8c91-207f582db668: 52 datasets; 1.3 s; peak memory 167 MiB.
2026-10-05T14:44:18Z INFO [47/750] 43578462-aa9c-4738-9355-88de31f9879c: 38 datasets; 1.6 s; peak memory 167 MiB.
2026-10-05T14:44:19Z INFO [48/750] 43586e2a-d8cb-4321-a2e9-96f911088e69: 48 datasets; 0.9 s; peak memory 167 MiB.
2026-10-05T14:44:20Z INFO [49/750] 4358b6e8-8d43-4b59-b5d9-96cf0791181c: 153 datasets; 1.3 s; peak memory 167 MiB.
2026-10-05T14:44:21Z INFO [50/750] 4359533e-1fe0-438a-905b-1257e5ada910: 49 datasets; 1.1 s; peak memory 167 MiB.
2026-10-05T14:44:21Z INFO [50/750] 4359533e-1fe0-438a-905b-1257e5ada910: checkpointed 79385 records.
2026-10-05T14:44:22Z INFO [51/750] 4359e7f5-9ddd-4ef5-a4a7-f583277b1dbc: 48 datasets; 1.0 s; peak memory 167 MiB.
2026-10-05T14:44:28Z INFO [52/750] 435a62a3-9af9-46e1-8059-490a0eb50b23: 789 datasets; 5.5 s; peak memory 167 MiB.
2026-10-05T14:44:29Z INFO [53/750] 435a6a71-82ab-474f-8be1-3dcd56a57e71: 70 datasets; 1.6 s; peak memory 167 MiB.
2026-10-05T14:44:31Z INFO [54/750] 435b5ae5-33c5-4882-85bb-b910b213d8d9: 66 datasets; 1.2 s; peak memory 167 MiB.
2026-10-05T14:44:36Z INFO [55/750] 435bba40-beb1-4c50-83de-6f8cbb0adcd5: 537 datasets; 5.2 s; peak memory 167 MiB.
2026-10-05T14:44:37Z INFO [56/750] 435c02f3-ff0f-4261-91fb-bd6ad9ecf762: 57 datasets; 0.8 s; peak memory 167 MiB.
2026-10-05T14:44:38Z INFO [57/750] 435c3e5e-6672-499a-9a5a-6fcc4e88bfbc: 116 datasets; 1.0 s; peak memory 167 MiB.
2026-10-05T14:44:43Z INFO [58/750] 435d9a4c-7a3a-4c9e-b786-8a67cf07dea7: 522 datasets; 4.9 s; peak memory 167 MiB.
2026-10-05T14:44:45Z INFO [59/750] 435dca8d-3aa8-4d22-a619-ac75948b45f5: 362 datasets; 2.7 s; peak memory 167 MiB.
2026-10-05T14:44:47Z INFO [60/750] 435e2be9-54ee-43a7-8dc3-e2484b7710e3: 51 datasets; 1.3 s; peak memory 167 MiB.
2026-10-05T14:44:48Z INFO [61/750] 435ec437-c492-4e82-8665-219d01caab27: 48 datasets; 1.0 s; peak memory 167 MiB.
2026-10-05T14:44:50Z INFO [62/750] 43609a8f-1005-4275-abe6-aaf9f3ea5778: 149 datasets; 2.6 s; peak memory 167 MiB.
2026-10-05T14:44:51Z INFO [63/750] 4360ac6b-774a-4102-aaa3-7e552af42534: 45 datasets; 0.9 s; peak memory 167 MiB.
2026-10-05T14:44:52Z INFO [64/750] 4360d461-a5aa-4720-ae85-ccb27885194c: 117 datasets; 1.0 s; peak memory 167 MiB.
2026-10-05T14:44:53Z INFO [65/750] 4360fbfc-b1f7-460e-8ad8-9a351d23d7d6: 48 datasets; 0.7 s; peak memory 167 MiB.
2026-10-05T14:45:01Z INFO [66/750] 43616677-8f2c-434c-8649-68f5c6b09273: 902 datasets; 8.0 s; peak memory 167 MiB.
2026-10-05T14:45:02Z INFO [67/750] 43617136-62bd-4aab-b0a9-c806e5f88475: 117 datasets; 1.0 s; peak memory 167 MiB.
2026-10-05T14:45:11Z INFO [68/750] 43624974-6c2a-490f-bca0-3d4922408b0a: 936 datasets; 8.7 s; peak memory 167 MiB.
2026-10-05T14:45:11Z INFO [69/750] 43625996-1760-44e7-80dd-e1565568bf9f: 38 datasets; 0.7 s; peak memory 167 MiB.
2026-10-05T14:45:12Z INFO [70/750] 4362bf30-5418-4d84-a222-917d84469086: 112 datasets; 1.2 s; peak memory 167 MiB.
2026-10-05T14:45:13Z INFO [71/750] 43635618-4e77-45be-9fe2-bc1bd8888995: 52 datasets; 0.9 s; peak memory 167 MiB.
2026-10-05T14:45:14Z INFO [72/750] 43637abf-ef73-48a5-a5c5-94581a8115cd: 86 datasets; 0.6 s; peak memory 167 MiB.
2026-10-05T14:48:19Z INFO [73/750] 4363a7e0-6e3b-4db0-ae72-43b8e951c848: 58 datasets; 184.6 s; peak memory 349 MiB.
2026-10-05T14:48:23Z INFO [74/750] 4364509a-3ce1-4d3e-898f-29439578d888: 229 datasets; 4.4 s; peak memory 349 MiB.
2026-10-05T14:48:24Z INFO [75/750] 43648d85-bf68-4018-bbf3-6fcb56396ab2: 59 datasets; 0.7 s; peak memory 349 MiB.
2026-10-05T14:48:25Z INFO [76/750] 4364a6b4-5909-451f-a397-18089f6bea92: 118 datasets; 1.1 s; peak memory 349 MiB.
2026-10-05T14:48:26Z INFO [77/750] 436569fa-a034-49a9-86e7-f958b2bf96f0: 46 datasets; 1.0 s; peak memory 349 MiB.
2026-10-05T14:48:27Z INFO [78/750] 4365a8b3-5151-4401-8d2a-6cc8b7769523: 48 datasets; 1.3 s; peak memory 349 MiB.
2026-10-05T14:48:29Z INFO [79/750] 43671c04-3b52-497d-8a25-dc9106b512ff: 70 datasets; 1.9 s; peak memory 349 MiB.
2026-10-05T14:48:30Z INFO [80/750] 43674402-9173-47e0-b7b8-a05dc67701fe: 48 datasets; 0.9 s; peak memory 349 MiB.
2026-10-05T14:48:31Z INFO [81/750] 4367d540-2982-4d95-ae09-f1be5f57df9e: 48 datasets; 1.1 s; peak memory 349 MiB.
2026-10-05T14:48:32Z INFO [82/750] 4367fe92-a15b-408b-acdc-e5102d83a7d5: 48 datasets; 0.7 s; peak memory 349 MiB.
2026-10-05T14:48:33Z INFO [83/750] 4369476d-7e92-456e-90ac-6dd708445897: 52 datasets; 1.1 s; peak memory 349 MiB.
2026-10-05T14:48:35Z INFO [84/750] 436992c7-1501-453e-86a9-7feafbfd6193: 71 datasets; 2.0 s; peak memory 349 MiB.
2026-10-05T14:48:38Z INFO [85/750] 436aa4b8-ccf9-43d1-a51a-ea2e48e05bd5: 85 datasets; 2.9 s; peak memory 349 MiB.
2026-10-05T14:48:39Z INFO [86/750] 436ae88b-74b3-47b7-a365-40b489c485c5: 58 datasets; 1.6 s; peak memory 349 MiB.
2026-10-05T14:48:40Z INFO [87/750] 436b3e03-023f-4b90-99ee-1befdf58cb30: 48 datasets; 0.9 s; peak memory 349 MiB.
2026-10-05T14:48:45Z INFO [88/750] 436b63f9-ade3-41ae-96a7-968d0f39a869: 521 datasets; 4.7 s; peak memory 349 MiB.
2026-10-05T14:48:46Z INFO [89/750] 436b655c-0372-429f-a0fc-2640b4255fd0: 57 datasets; 1.7 s; peak memory 349 MiB.
2026-10-05T14:48:48Z INFO [90/750] 436fb40a-79ec-4952-b7d3-2e3cc5ed8e2a: 112 datasets; 1.2 s; peak memory 349 MiB.
2026-10-05T14:48:49Z INFO [91/750] 436ff440-ae2c-4cf2-9af6-6041addb3fd1: 48 datasets; 0.9 s; peak memory 349 MiB.
2026-10-05T14:48:49Z INFO [92/750] 43715af0-e575-4b22-bc20-0cc9e044186c: 55 datasets; 0.9 s; peak memory 349 MiB.
2026-10-05T14:48:52Z INFO [93/750] 4372a85e-b7e4-4b00-97b0-19b46ff00a3f: 318 datasets; 2.7 s; peak memory 349 MiB.
2026-10-05T14:48:54Z INFO [94/750] 4373eb66-5f70-4861-aa31-ee926677768b: 71 datasets; 2.3 s; peak memory 349 MiB.
2026-10-05T14:48:56Z INFO [95/750] 43743162-5419-4486-8eb7-e85c56206607: 117 datasets; 1.2 s; peak memory 349 MiB.
2026-10-05T14:48:57Z INFO [96/750] 4374345e-9897-484b-9d96-ebeec31c9ae5: 48 datasets; 1.0 s; peak memory 349 MiB.
2026-10-05T14:48:58Z INFO [97/750] 4374563d-e1d7-4d50-b360-afd19e75291e: 51 datasets; 1.3 s; peak memory 349 MiB.
2026-10-05T14:48:59Z INFO [98/750] 4375b0b8-61f6-4f5e-907f-6819b0158835: 117 datasets; 1.0 s; peak memory 349 MiB.
2026-10-05T14:49:00Z INFO [99/750] 437674dd-56a8-4da6-aa28-52e9e729db0a: 48 datasets; 1.0 s; peak memory 349 MiB.
2026-10-05T14:49:12Z INFO [100/750] 43769d52-9704-4595-b17f-7ee22e1a477b: 106 datasets; 12.1 s; peak memory 349 MiB.
2026-10-05T14:49:12Z INFO [100/750] 43769d52-9704-4595-b17f-7ee22e1a477b: checkpointed 79435 records.
2026-10-05T14:49:14Z INFO [101/750] 4376a4dd-1733-4c48-85e4-03ca6e0bf495: 38 datasets; 1.7 s; peak memory 349 MiB.
2026-10-05T14:49:14Z INFO [102/750] 43771d1f-ef64-4073-9e69-35d9fa799ccc: 48 datasets; 0.8 s; peak memory 349 MiB.
2026-10-05T14:49:15Z INFO [103/750] 43790a99-c9dc-439b-98f2-a33be79053a3: 74 datasets; 1.0 s; peak memory 349 MiB.
2026-10-05T14:49:16Z INFO [104/750] 4379448d-db5e-4b0e-a1b3-fe54ccf911cf: 110 datasets; 0.8 s; peak memory 349 MiB.
2026-10-05T14:49:21Z INFO [105/750] 437a7bdb-3cd3-4e40-ac94-95a662f1b82d: 225 datasets; 4.5 s; peak memory 349 MiB.
2026-10-05T14:49:22Z INFO [106/750] 437a8d18-9340-4c4a-a406-37067689a5d0: 112 datasets; 1.2 s; peak memory 349 MiB.
2026-10-05T14:49:23Z INFO [107/750] 437b093d-4a85-4c56-b0f2-9e973ab8f6ff: 117 datasets; 1.0 s; peak memory 349 MiB.
2026-10-05T14:49:24Z INFO [108/750] 437b7390-d0df-43f7-a296-1849225efa95: 112 datasets; 1.3 s; peak memory 349 MiB.
2026-10-05T14:49:27Z INFO [109/750] 437b9082-76de-4432-85a3-81a9fdb57518: 116 datasets; 2.3 s; peak memory 349 MiB.
2026-10-05T14:58:05Z INFO [110/750] 437c294b-b530-4168-b4d5-267d57f2af04: 109 datasets; 518.9 s; peak memory 1136 MiB.
2026-10-05T14:58:06Z INFO [111/750] 437c6ee2-cb18-49c5-859b-4832e57a6788: 48 datasets; 0.8 s; peak memory 1136 MiB.
2026-10-05T14:58:07Z INFO [112/750] 437c73b3-68d1-4987-b9f2-b6541c34dae5: 117 datasets; 1.1 s; peak memory 1136 MiB.
2026-10-05T14:58:08Z INFO [113/750] 437d6077-f02e-465d-84d2-8657f6e0758e: 48 datasets; 1.0 s; peak memory 1136 MiB.
2026-10-05T14:58:09Z INFO [114/750] 437e6d1c-af84-458b-a52b-a73c9cbdf572: 65 datasets; 1.0 s; peak memory 1136 MiB.
2026-10-05T14:58:10Z INFO [115/750] 437e94e2-936d-44eb-947f-ffcbe08702c6: 52 datasets; 1.0 s; peak memory 1136 MiB.
2026-10-05T14:58:11Z INFO [116/750] 437f585b-4a8b-4e97-b2a7-0c4a643ec7c6: 116 datasets; 1.0 s; peak memory 1136 MiB.
2026-10-05T14:58:21Z INFO [117/750] 437fdb3d-4cf3-416c-a032-9e898a434034: 1027 datasets; 9.3 s; peak memory 1136 MiB.
2026-10-05T14:58:22Z INFO [118/750] 437ffd58-6b24-4523-81f0-0fd55c9d2963: 117 datasets; 1.2 s; peak memory 1136 MiB.
2026-10-05T14:58:23Z INFO [119/750] 43808ba4-e1ff-4861-92b2-ed037c320cbe: 48 datasets; 0.9 s; peak memory 1136 MiB.
2026-10-05T14:58:24Z INFO [120/750] 4380f701-4d62-4e6f-9be2-1187173a5bfa: 83 datasets; 1.1 s; peak memory 1136 MiB.
2026-10-05T14:58:25Z INFO [121/750] 4381284d-3421-4679-8f9c-93bca0f2056c: 116 datasets; 1.2 s; peak memory 1136 MiB.
2026-10-05T14:58:26Z INFO [122/750] 438160cf-fc55-43c0-b9cb-490fc5ce7516: 46 datasets; 0.8 s; peak memory 1136 MiB.
2026-10-05T14:58:27Z INFO [123/750] 43819e6d-1bfb-4fce-bdcf-f7cd8e17dafa: 48 datasets; 1.0 s; peak memory 1136 MiB.
2026-10-05T14:58:32Z INFO [124/750] 43824226-76d4-4315-bad2-c88c674d6b6c: 193 datasets; 5.5 s; peak memory 1136 MiB.
2026-10-05T14:58:33Z INFO [125/750] 43827e6a-8615-4a6f-b4d3-e320460b0043: 48 datasets; 1.0 s; peak memory 1136 MiB.
2026-10-05T14:58:35Z INFO [126/750] 4382932e-3f52-4753-8948-d2f230d94bd8: 112 datasets; 1.3 s; peak memory 1136 MiB.
2026-10-05T14:58:36Z INFO [127/750] 438344a6-dd20-4508-b653-ce39f9fcaaf1: 48 datasets; 0.9 s; peak memory 1136 MiB.
2026-10-05T14:58:38Z INFO [128/750] 43846b27-df9c-4852-ae85-996fa8f969f8: 330 datasets; 2.4 s; peak memory 1136 MiB.
2026-10-05T14:58:39Z INFO [129/750] 4384ec08-3d1b-49e3-a173-d817ce4e303d: 70 datasets; 1.2 s; peak memory 1136 MiB.
2026-10-05T14:58:40Z INFO [130/750] 43856711-7439-458c-a202-54d36456d605: 116 datasets; 1.0 s; peak memory 1136 MiB.
2026-10-05T14:58:41Z INFO [131/750] 4385adf2-ec49-425e-8d6f-ec880a498888: 116 datasets; 1.0 s; peak memory 1136 MiB.
2026-10-05T14:58:52Z INFO [132/750] 438609d6-9503-4856-9728-7176cf17986d: 993 datasets; 10.4 s; peak memory 1136 MiB.
2026-10-05T14:58:53Z INFO [133/750] 43863ad6-7053-4750-8aac-9985e409bbcb: 131 datasets; 1.0 s; peak memory 1136 MiB.
2026-10-05T14:58:53Z INFO [134/750] 4386651d-1cea-48ea-b145-3a7a94c56122: 48 datasets; 0.8 s; peak memory 1136 MiB.
2026-10-05T14:58:55Z INFO [135/750] 43867711-63ae-4d4d-8ef3-3d9c112f7cf4: 117 datasets; 1.1 s; peak memory 1136 MiB.
2026-10-05T14:58:55Z INFO [136/750] 4386acf3-2dce-48c6-add1-cc80509d1e90: 46 datasets; 0.6 s; peak memory 1136 MiB.
2026-10-05T14:58:59Z INFO [137/750] 4386c360-a567-4f57-bd89-28c0edd86c0a: 219 datasets; 4.0 s; peak memory 1136 MiB.
2026-10-05T14:59:00Z INFO [138/750] 4386e909-2877-48cd-a530-309e497d2ef8: 48 datasets; 1.0 s; peak memory 1136 MiB.
2026-10-05T14:59:01Z INFO [139/750] 4387ba42-0e22-4daa-a0c0-5f66d4296c4f: 51 datasets; 1.1 s; peak memory 1136 MiB.
2026-10-05T14:59:38Z INFO [140/750] 43882c0b-d638-4012-af7c-09935e849ea9: 52 datasets; 37.1 s; peak memory 1136 MiB.
2026-10-05T14:59:39Z INFO [141/750] 43883ff8-f8b5-4d65-bab4-0fe0f8c38f14: 46 datasets; 0.7 s; peak memory 1136 MiB.
2026-10-05T14:59:40Z INFO [142/750] 438a2bfd-e048-4919-8a9d-fb8a57a7d30e: 118 datasets; 1.3 s; peak memory 1136 MiB.
2026-10-05T14:59:41Z INFO [143/750] 438abf6d-6e1d-425d-badd-fb8a57f894be: 117 datasets; 0.9 s; peak memory 1136 MiB.
2026-10-05T14:59:42Z INFO [144/750] 438aea05-8b05-4553-a4e4-96d9922e367b: 38 datasets; 0.7 s; peak memory 1136 MiB.
2026-10-05T14:59:43Z INFO [145/750] 438af3fe-d755-4291-92a2-59fa3cf48823: 48 datasets; 0.9 s; peak memory 1136 MiB.
2026-10-05T14:59:44Z INFO [146/750] 438b03f5-2e7e-4378-be21-906ddb5c6580: 48 datasets; 0.9 s; peak memory 1136 MiB.
2026-10-05T14:59:56Z INFO [147/750] 438ba913-f6da-4133-91e6-7c0e579ca818: 1765 datasets; 12.6 s; peak memory 1136 MiB.
2026-10-05T14:59:57Z INFO [148/750] 438c007c-bc4f-4897-adbc-450efb82c821: 112 datasets; 1.1 s; peak memory 1136 MiB.
2026-10-05T15:00:05Z INFO [149/750] 438d2eaf-0ac5-48bb-acbd-242978966d03: 369 datasets; 8.1 s; peak memory 1136 MiB.
2026-10-05T15:00:10Z INFO [150/750] 438d5e2a-c7b3-41ff-b96e-ace49db47d5f: 601 datasets; 4.4 s; peak memory 1136 MiB.
2026-10-05T15:00:10Z INFO [150/750] 438d5e2a-c7b3-41ff-b96e-ace49db47d5f: checkpointed 79485 records.
2026-10-05T15:00:11Z INFO [151/750] 438dc90d-f2a5-4250-aa9d-4b04bfa2a29e: 35 datasets; 0.8 s; peak memory 1136 MiB.
2026-10-05T15:00:13Z INFO [152/750] 438f2e38-50ff-4c85-9cdf-6bad8910c1af: 104 datasets; 2.2 s; peak memory 1136 MiB.
2026-10-05T15:00:14Z INFO [153/750] 438f8ebc-505d-492b-83b2-3c403461b74a: 45 datasets; 0.6 s; peak memory 1136 MiB.
2026-10-05T15:00:32Z INFO [154/750] 438ff96f-4d5d-470f-b626-47a761e57317: 951 datasets; 17.9 s; peak memory 1136 MiB.
2026-10-05T15:00:32Z INFO [155/750] 43901645-5e36-499b-989e-9e4bdba4b2db: 46 datasets; 0.7 s; peak memory 1136 MiB.
2026-10-05T15:00:33Z INFO [156/750] 439061fd-3efd-4c5c-95d9-92461421185c: 48 datasets; 0.8 s; peak memory 1136 MiB.
2026-10-05T15:00:34Z INFO [157/750] 43906774-b149-49de-b746-a1b0592940c5: 48 datasets; 1.0 s; peak memory 1136 MiB.
2026-10-05T15:00:36Z INFO [158/750] 43925bbd-1a9b-4a87-991e-01690ae543e1: 112 datasets; 1.6 s; peak memory 1136 MiB.
2026-10-05T15:00:37Z INFO [159/750] 439311f4-9583-4114-8129-1a8ce0a4df23: 110 datasets; 1.6 s; peak memory 1136 MiB.
2026-10-05T15:00:38Z INFO [160/750] 439553b2-ed95-40b7-a258-f5da0cbf39a2: 48 datasets; 0.9 s; peak memory 1136 MiB.
2026-10-05T15:00:43Z INFO [161/750] 43956747-e70e-48d0-8f7f-194d3310be0d: 497 datasets; 4.6 s; peak memory 1136 MiB.
2026-10-05T15:00:44Z INFO [162/750] 43957426-e03a-406f-8db4-2538ad521436: 91 datasets; 1.1 s; peak memory 1136 MiB.
2026-10-05T15:00:46Z INFO [163/750] 4395ef1d-1c4d-4458-a7e9-07b9e897c7d2: 168 datasets; 2.0 s; peak memory 1136 MiB.
2026-10-05T15:00:47Z INFO [164/750] 43964940-27da-47e0-81f6-2b286933d9bf: 152 datasets; 1.2 s; peak memory 1136 MiB.
2026-10-05T15:00:50Z INFO [165/750] 4396f824-bd27-4960-a56a-991cbd27a680: 225 datasets; 3.3 s; peak memory 1136 MiB.
2026-10-05T15:00:51Z INFO [166/750] 43972ac4-3802-49d0-98c3-60f99b112860: 48 datasets; 1.0 s; peak memory 1136 MiB.
2026-10-05T15:00:52Z INFO [167/750] 43978f2a-99df-432a-85e9-f34d8f2b38f3: 42 datasets; 0.8 s; peak memory 1136 MiB.
2026-10-05T15:00:53Z INFO [168/750] 439793d2-bc8c-4dfe-b05d-11545e0311fe: 48 datasets; 1.0 s; peak memory 1136 MiB.
2026-10-05T15:00:54Z INFO [169/750] 4397c6c7-ea88-414f-82a6-988fa1b78113: 69 datasets; 1.4 s; peak memory 1136 MiB.
2026-10-05T15:00:58Z INFO [170/750] 4397ece4-caec-4ff7-80d2-bde213967c26: 229 datasets; 4.0 s; peak memory 1136 MiB.
2026-10-05T15:00:59Z INFO [171/750] 43986d9a-dcb9-4c5c-a397-ae954a3cf2c8: 116 datasets; 1.0 s; peak memory 1136 MiB.
2026-10-05T15:01:00Z INFO [172/750] 4398a839-4cd6-4293-aca4-1dd28b4b4170: 50 datasets; 0.9 s; peak memory 1136 MiB.
2026-10-05T15:01:29Z INFO [173/750] 43991bd4-2027-46f0-ba58-3661cb56df5a: 13850 datasets; 29.1 s; peak memory 1136 MiB.
2026-10-05T15:01:30Z INFO [174/750] 43999bad-8020-4e8c-b9e7-52c13826022f: 56 datasets; 0.8 s; peak memory 1136 MiB.
2026-10-05T15:01:31Z INFO [175/750] 4399fdd6-09a4-4369-b26a-26fc0f02ebad: 48 datasets; 1.0 s; peak memory 1136 MiB.
2026-10-05T15:01:32Z INFO [176/750] 439aad59-ccdd-49d1-9a76-f19fec4ab890: 48 datasets; 1.2 s; peak memory 1136 MiB.
2026-10-05T15:01:34Z INFO [177/750] 439d7658-6af6-41c9-a0c7-90f0865ebc1c: 112 datasets; 1.2 s; peak memory 1136 MiB.
2026-10-05T15:01:35Z INFO [178/750] 439d958d-606d-45da-8d42-d0f6cb653443: 61 datasets; 0.9 s; peak memory 1136 MiB.
2026-10-05T15:01:36Z INFO [179/750] 439e95e4-a7e2-4ad3-87a5-0be0dbcbf7ef: 118 datasets; 1.0 s; peak memory 1136 MiB.
2026-10-05T15:01:37Z INFO [180/750] 439e9e7c-ee24-4c86-9c8e-71478a8c5f4a: 112 datasets; 1.4 s; peak memory 1136 MiB.
2026-10-05T15:01:38Z INFO [181/750] 439eb446-b29a-4ea2-bf23-45f23c6b9b37: 48 datasets; 1.0 s; peak memory 1136 MiB.
2026-10-05T15:01:59Z INFO [182/750] 439f9dda-6db8-4fe5-83cb-eb3ffe3ff108: 522 datasets; 21.1 s; peak memory 1136 MiB.
2026-10-05T15:06:12Z INFO [183/750] 439fe512-2b5e-4730-ae8e-3627a1a4dcfd: 283 datasets; 253.1 s; peak memory 1136 MiB.
2026-10-05T15:06:13Z INFO [184/750] 43a01631-cfe8-4827-931a-ab30f388d52e: 116 datasets; 0.9 s; peak memory 1136 MiB.
2026-10-05T15:06:14Z INFO [185/750] 43a07e28-b2a8-43d2-873c-e0b93bef37dd: 117 datasets; 1.2 s; peak memory 1136 MiB.
2026-10-05T15:06:18Z INFO [186/750] 43a0dc2c-b4f8-488e-815a-72f26a31c9b5: 92 datasets; 3.5 s; peak memory 1136 MiB.
2026-10-05T15:06:20Z INFO [187/750] 43a0f714-1614-495d-90e5-e693d04e7fab: 53 datasets; 1.8 s; peak memory 1136 MiB.
2026-10-05T15:06:21Z INFO [188/750] 43a11c66-d964-4695-b498-1432a8b225bb: 48 datasets; 1.0 s; peak memory 1136 MiB.
2026-10-05T15:06:21Z INFO [189/750] 43a13f86-23d5-4a89-bfc5-67f1c16b7932: 56 datasets; 0.8 s; peak memory 1136 MiB.
2026-10-05T15:06:23Z INFO [190/750] 43a1598f-214d-41c6-bb16-eefcc9a3b138: 62 datasets; 1.5 s; peak memory 1136 MiB.
2026-10-05T15:13:24Z INFO [191/750] 43a16e38-8d92-4a10-8361-529f331234e9: 99 datasets; 421.1 s; peak memory 1136 MiB.
2026-10-05T15:13:32Z INFO [192/750] 43a28a78-3a63-4f0c-963d-a0e8dbd77741: 371 datasets; 8.4 s; peak memory 1136 MiB.
2026-10-05T15:13:34Z INFO [193/750] 43a35714-ee17-422d-bcc8-e5055d364adb: 118 datasets; 1.8 s; peak memory 1136 MiB.
2026-10-05T15:13:40Z INFO [194/750] 43a3a140-3312-4227-ba0a-4fce76e558fe: 38 datasets; 5.7 s; peak memory 1136 MiB.
2026-10-05T15:13:44Z INFO [195/750] 43a3c08a-2862-41e4-9994-bbffaa149496: 538 datasets; 4.5 s; peak memory 1136 MiB.
2026-10-05T15:13:46Z INFO [196/750] 43a3e442-b3b4-41dd-9d5c-c1ae8688b956: 112 datasets; 1.2 s; peak memory 1136 MiB.
2026-10-05T15:13:47Z INFO [197/750] 43a4c971-6348-4d05-8af6-f2d91c1c5c2b: 48 datasets; 0.9 s; peak memory 1136 MiB.
2026-10-05T15:13:48Z INFO [198/750] 43a4f87d-9e53-43d5-b0e4-66062c1442a0: 112 datasets; 1.1 s; peak memory 1136 MiB.
2026-10-05T15:13:48Z INFO [199/750] 43a61648-a554-4013-9399-2ccfff86ed4d: 48 datasets; 0.8 s; peak memory 1136 MiB.
2026-10-05T15:13:49Z INFO [200/750] 43a61ea8-efcb-412b-b363-9c442149cc6d: 69 datasets; 1.0 s; peak memory 1136 MiB.
2026-10-05T15:13:50Z INFO [200/750] 43a61ea8-efcb-412b-b363-9c442149cc6d: checkpointed 79535 records.
2026-10-05T15:13:50Z INFO [201/750] 43a68409-e847-42ac-a33d-78cd098a9d49: 52 datasets; 0.8 s; peak memory 1136 MiB.
2026-10-05T15:13:53Z INFO [202/750] 43a68ad3-8a4f-44ae-b334-97a7b7d72611: 133 datasets; 2.2 s; peak memory 1136 MiB.
2026-10-05T15:18:29Z INFO [203/750] 43a695b0-58bb-4879-973b-cc6c08ffd337: 163 datasets; 276.4 s; peak memory 1136 MiB.
2026-10-05T15:18:30Z INFO [204/750] 43a69fe5-ddb5-4518-8fd9-87d86079db8d: 48 datasets; 0.9 s; peak memory 1136 MiB.
2026-10-05T15:18:31Z INFO [205/750] 43a70161-bb34-4933-bfa1-331c427813c8: 118 datasets; 1.1 s; peak memory 1136 MiB.
2026-10-05T15:18:33Z INFO [206/750] 43a70dac-6dcb-4e97-b6cf-1801828511a6: 71 datasets; 1.6 s; peak memory 1136 MiB.
2026-10-05T15:18:34Z INFO [207/750] 43a8b5f5-0c82-4747-945f-197b4a452669: 48 datasets; 0.9 s; peak memory 1136 MiB.
2026-10-05T15:18:38Z INFO [208/750] 43a937fd-9aa9-4047-bd82-33d837772f8a: 420 datasets; 4.2 s; peak memory 1136 MiB.
2026-10-05T15:18:42Z INFO [209/750] 43aa3281-f583-436a-ae13-f37cb6e82134: 287 datasets; 4.6 s; peak memory 1136 MiB.
2026-10-05T15:18:43Z INFO [210/750] 43aae4c0-25a1-4592-b680-caf4a2640d32: 46 datasets; 0.8 s; peak memory 1136 MiB.
2026-10-05T15:18:44Z INFO [211/750] 43ab2810-919c-4692-b671-c6b736392d80: 45 datasets; 0.8 s; peak memory 1136 MiB.
2026-10-05T15:18:47Z INFO [212/750] 43ab5c4e-fb0c-4724-843b-3193d4bf5cbb: 156 datasets; 3.1 s; peak memory 1136 MiB.
2026-10-05T15:18:49Z INFO [213/750] 43ac476c-591d-42be-9857-04658515f9c3: 101 datasets; 1.8 s; peak memory 1136 MiB.
2026-10-05T15:18:50Z INFO [214/750] 43acbeec-876d-4e44-8aff-c310a44e685d: 118 datasets; 1.1 s; peak memory 1136 MiB.
2026-10-05T15:18:51Z INFO [215/750] 43ad551c-054d-4b89-9363-1793e356fc7e: 84 datasets; 1.1 s; peak memory 1136 MiB.
2026-10-05T15:18:52Z INFO [216/750] 43ad8d98-f9c0-49aa-9ebc-1ecaf9f44cfd: 46 datasets; 0.7 s; peak memory 1136 MiB.
2026-10-05T15:18:53Z INFO [217/750] 43add4f9-3e83-4770-9eb7-a2e273064d35: 56 datasets; 0.8 s; peak memory 1136 MiB.
2026-10-05T15:18:54Z INFO [218/750] 43addd0b-0674-4137-8eaa-9df790dee1ce: 143 datasets; 1.6 s; peak memory 1136 MiB.
2026-10-05T15:18:56Z INFO [219/750] 43ae4d26-a0ff-4435-ad2b-bf98ef91e7f8: 115 datasets; 1.7 s; peak memory 1136 MiB.
2026-10-05T15:18:57Z INFO [220/750] 43aea1c1-fd89-4025-9f60-e172f6aa96ce: 116 datasets; 1.0 s; peak memory 1136 MiB.
2026-10-05T15:19:11Z INFO [221/750] 43aefa26-801b-429a-8a8e-8955cd8701da: 985 datasets; 13.7 s; peak memory 1136 MiB.
2026-10-05T15:19:11Z INFO [222/750] 43b2392d-e9e6-4fb5-8564-e4c74fc61b4b: 46 datasets; 0.6 s; peak memory 1136 MiB.
2026-10-05T15:23:45Z INFO [223/750] 43b2485f-1ac6-4965-9466-789d04466c23: 62 datasets; 274.1 s; peak memory 1136 MiB.
2026-10-05T15:23:47Z INFO [224/750] 43b25e6d-5107-4315-bdce-075166dc0786: 66 datasets; 1.3 s; peak memory 1136 MiB.
2026-10-05T15:23:48Z INFO [225/750] 43b2861f-73f3-4083-860b-b1b130b05689: 118 datasets; 1.0 s; peak memory 1136 MiB.
2026-10-05T15:23:54Z INFO [226/750] 43b370dd-0d3c-46f3-be87-9c261780901a: 11477 datasets; 5.9 s; peak memory 1136 MiB.
2026-10-05T15:23:54Z INFO [227/750] 43b3830d-8b1d-4a60-8f9f-66062bc34e0e: 45 datasets; 0.8 s; peak memory 1136 MiB.
2026-10-05T15:23:56Z INFO [228/750] 43b616ee-77a9-4f8c-b8f5-c29bdffa8af1: 90 datasets; 1.9 s; peak memory 1136 MiB.
2026-10-05T15:23:58Z INFO [229/750] 43b67f13-f765-4d3a-8efd-276d548b65df: 71 datasets; 1.4 s; peak memory 1136 MiB.
2026-10-05T15:23:58Z INFO [230/750] 43b690ec-9330-40c3-ba77-6afb54998c62: 33 datasets; 0.7 s; peak memory 1136 MiB.
2026-10-05T15:24:00Z INFO [231/750] 43b7167a-85e4-48ce-bcb8-18aab7d99329: 101 datasets; 1.5 s; peak memory 1136 MiB.
2026-10-05T15:24:02Z INFO [232/750] 43b72447-d21d-490d-b1e2-5d90595acf76: 119 datasets; 2.3 s; peak memory 1136 MiB.
2026-10-05T15:24:04Z INFO [233/750] 43b725dd-17f3-4580-87e7-1cf63a022777: 66 datasets; 1.4 s; peak memory 1136 MiB.
2026-10-05T15:24:05Z INFO [234/750] 43b93e3a-475e-4f3e-aee7-76f6c8a67028: 117 datasets; 1.1 s; peak memory 1136 MiB.
2026-10-05T15:24:06Z INFO [235/750] 43b98cf4-513e-4dd5-b827-306ccaff6977: 117 datasets; 1.0 s; peak memory 1136 MiB.
2026-10-05T15:24:07Z INFO [236/750] 43b9c5be-6acf-4046-9eca-cc947195bebf: 112 datasets; 1.1 s; peak memory 1136 MiB.
2026-10-05T15:24:15Z INFO [237/750] 43b9c699-644c-4282-a29e-3fbf0303dc2f: 572 datasets; 8.2 s; peak memory 1136 MiB.
2026-10-05T15:24:16Z INFO [238/750] 43b9ed08-177c-439c-9ce5-242f4c8a8aa3: 112 datasets; 1.0 s; peak memory 1136 MiB.
2026-10-05T15:24:17Z INFO [239/750] 43ba4d6c-fc6a-4cc2-bbc5-f9b6b95c261b: 118 datasets; 1.2 s; peak memory 1136 MiB.
2026-10-05T15:24:19Z INFO [240/750] 43ba5b32-59e4-4f41-bb1c-fa5c9da75fe4: 66 datasets; 1.3 s; peak memory 1136 MiB.
2026-10-05T15:24:20Z INFO [241/750] 43ba6c50-d03a-4692-a509-e8a8455bc69d: 48 datasets; 0.9 s; peak memory 1136 MiB.
2026-10-05T15:24:21Z INFO [242/750] 43ba8134-1d91-4dc9-9e2d-5cba3117837b: 48 datasets; 1.0 s; peak memory 1136 MiB.
2026-10-05T15:24:22Z INFO [243/750] 43bb65a9-1f33-43d9-913d-e7a58cf53c99: 158 datasets; 1.1 s; peak memory 1136 MiB.
2026-10-05T15:24:23Z INFO [244/750] 43bc0b81-0180-4fe0-80d1-f0d2b1e71990: 118 datasets; 0.9 s; peak memory 1136 MiB.
2026-10-05T15:24:27Z INFO [245/750] 43bc97c2-c8dc-4174-bb9f-7bc1257b66b5: 445 datasets; 4.5 s; peak memory 1136 MiB.
2026-10-05T15:24:28Z INFO [246/750] 43be5ed5-418f-4cef-b86f-9d7d094aaeb1: 57 datasets; 0.8 s; peak memory 1136 MiB.
2026-10-05T15:24:29Z INFO [247/750] 43bfd247-8f34-49e4-800e-0f4814a3505e: 112 datasets; 0.9 s; peak memory 1136 MiB.
2026-10-05T15:24:30Z INFO [248/750] 43bff22f-ce3c-49a5-ab11-352aee564e11: 48 datasets; 0.9 s; peak memory 1136 MiB.
2026-10-05T15:24:31Z INFO [249/750] 43c0433e-5f4e-46ec-bdda-3a4bec0f275e: 112 datasets; 1.3 s; peak memory 1136 MiB.
2026-10-05T15:24:32Z INFO [250/750] 43c29508-d0ee-43fe-bdba-1b71aa3fee6a: 71 datasets; 1.5 s; peak memory 1136 MiB.
2026-10-05T15:24:33Z INFO [250/750] 43c29508-d0ee-43fe-bdba-1b71aa3fee6a: checkpointed 79585 records.
2026-10-05T15:24:34Z INFO [251/750] 43c2e7fb-1242-4caa-8403-a7beab6eef84: 101 datasets; 1.3 s; peak memory 1136 MiB.
2026-10-05T15:24:36Z INFO [252/750] 43c58764-ab43-4356-a6bc-001aafd64d75: 115 datasets; 2.1 s; peak memory 1136 MiB.
2026-10-05T15:24:37Z INFO [253/750] 43c59b71-f586-4f89-9969-ee08fa035b8e: 52 datasets; 0.9 s; peak memory 1136 MiB.
2026-10-05T15:24:38Z INFO [254/750] 43c5f120-555a-42be-8170-5f3656d8906e: 48 datasets; 0.8 s; peak memory 1136 MiB.
2026-10-05T15:24:39Z INFO [255/750] 43c60a73-b560-4ad4-a6ed-8abb40e0bbbc: 118 datasets; 0.8 s; peak memory 1136 MiB.
2026-10-05T15:24:39Z INFO [256/750] 43c6b215-a2a5-4d9e-8037-7168c682342e: 48 datasets; 0.9 s; peak memory 1136 MiB.
2026-10-05T15:24:40Z INFO [257/750] 43c6cba9-9103-43aa-a5f0-b30e408a378b: 52 datasets; 0.5 s; peak memory 1136 MiB.
2026-10-05T15:24:41Z INFO [258/750] 43c7c593-0c62-4d9e-99a6-3b9227468ae6: 122 datasets; 0.7 s; peak memory 1136 MiB.
2026-10-05T15:24:42Z INFO [259/750] 43c8109a-beec-4cf2-8a45-bc954621689e: 118 datasets; 1.5 s; peak memory 1136 MiB.
2026-10-05T15:24:45Z INFO [260/750] 43c8455d-6dc3-4a44-bb18-f06e2ee18586: 156 datasets; 2.6 s; peak memory 1136 MiB.
2026-10-05T15:24:46Z INFO [261/750] 43c893c8-92d0-44c4-9809-3ecda456d593: 48 datasets; 0.8 s; peak memory 1136 MiB.
2026-10-05T15:24:46Z INFO [262/750] 43c8c8ad-9ffd-4226-8b97-ee9c92c4e1c3: 33 datasets; 0.6 s; peak memory 1136 MiB.
2026-10-05T15:24:48Z INFO [263/750] 43c91d98-6050-41fa-976f-d3caa6f2c076: 118 datasets; 2.2 s; peak memory 1136 MiB.
2026-10-05T15:24:49Z INFO [264/750] 43c9c903-29e1-40cb-ac95-e00cf5ec3259: 84 datasets; 1.0 s; peak memory 1136 MiB.
2026-10-05T15:24:51Z INFO [265/750] 43cab682-a24d-4022-9269-935021ccc01b: 112 datasets; 1.3 s; peak memory 1136 MiB.
2026-10-05T15:24:51Z INFO [266/750] 43cb84b0-c8a6-4eb0-8073-eaad0fec076a: 48 datasets; 0.7 s; peak memory 1136 MiB.
2026-10-05T15:24:53Z INFO [267/750] 43cd8ffe-faa5-4bdb-a6b7-2c81841e987f: 64 datasets; 1.4 s; peak memory 1136 MiB.
2026-10-05T15:24:54Z INFO [268/750] 43ce0e3c-5e20-4bcb-91f0-fea31dfb5c05: 52 datasets; 0.9 s; peak memory 1136 MiB.
2026-10-05T15:24:55Z INFO [269/750] 43cf0e06-93e4-4bb7-8120-093a30ed15e7: 112 datasets; 1.1 s; peak memory 1136 MiB.
2026-10-05T15:24:56Z INFO [270/750] 43cf5462-de2c-40cb-a133-c34f691450bc: 66 datasets; 1.1 s; peak memory 1136 MiB.
2026-10-05T15:24:57Z INFO [271/750] 43cf89f3-f68b-480a-bdc2-f1724d0b708c: 48 datasets; 0.9 s; peak memory 1136 MiB.
2026-10-05T15:24:58Z INFO [272/750] 43cfa373-ee1b-41e2-980b-227349f245b9: 62 datasets; 1.3 s; peak memory 1136 MiB.
2026-10-05T15:24:59Z INFO [273/750] 43d06a25-231a-4be9-acda-8a566bc9d2a4: 112 datasets; 1.1 s; peak memory 1136 MiB.
2026-10-05T15:25:00Z INFO [274/750] 43d0bb86-c672-4d4a-a689-ae270f6c2337: 48 datasets; 1.0 s; peak memory 1136 MiB.
2026-10-05T15:25:01Z INFO [275/750] 43d145fc-33e5-487e-a20b-56f3209f6a33: 48 datasets; 0.7 s; peak memory 1136 MiB.
2026-10-05T15:25:02Z INFO [276/750] 43d165ef-3287-4120-bf8b-b53fd4879dc5: 117 datasets; 0.9 s; peak memory 1136 MiB.
2026-10-05T15:25:03Z INFO [277/750] 43d1a121-262b-44c5-a766-d01f4c1832a4: 118 datasets; 0.9 s; peak memory 1136 MiB.
2026-10-05T15:25:07Z INFO [278/750] 43d1b1f9-35a2-49fe-8fd9-63b21f39c701: 238 datasets; 4.4 s; peak memory 1136 MiB.
2026-10-05T15:25:08Z INFO [279/750] 43d35493-86ad-4618-8573-d26009c4ecb6: 21 datasets; 0.5 s; peak memory 1136 MiB.
2026-10-05T15:25:09Z INFO [280/750] 43d48dbc-b81e-404e-89a3-4af319b31815: 118 datasets; 0.9 s; peak memory 1136 MiB.
2026-10-05T15:25:10Z INFO [281/750] 43d492aa-40e8-4fbc-85cd-3a524b6952c5: 46 datasets; 0.8 s; peak memory 1136 MiB.
2026-10-05T15:25:11Z INFO [282/750] 43d4b5a2-1a3b-4f90-b63f-dcfc4e1c5987: 78 datasets; 1.5 s; peak memory 1136 MiB.
2026-10-05T15:25:12Z INFO [283/750] 43d4d153-fd9e-4e56-98ea-7d11f3880c26: 35 datasets; 0.6 s; peak memory 1136 MiB.
2026-10-05T15:25:13Z INFO [284/750] 43d4f2a8-8d42-4c13-8df4-a23982798cc4: 48 datasets; 0.9 s; peak memory 1136 MiB.
2026-10-05T15:25:13Z INFO [285/750] 43d58ea0-eb68-4e05-9f79-7ea3116b8ffd: 48 datasets; 0.7 s; peak memory 1136 MiB.
2026-10-05T15:25:15Z INFO [286/750] 43d69a93-f9f9-41ad-88be-0a357a7f4a6e: 71 datasets; 1.5 s; peak memory 1136 MiB.
2026-10-05T15:25:16Z INFO [287/750] 43d71cb6-200f-4cc8-bfee-125a660e66cc: 60 datasets; 1.0 s; peak memory 1136 MiB.
2026-10-05T15:25:17Z INFO [288/750] 43d7d1a4-2b74-4d08-a0dc-7fd68a6a5775: 117 datasets; 1.2 s; peak memory 1136 MiB.
2026-10-05T15:25:18Z INFO [289/750] 43d8bbba-5b3b-472f-acb7-ed6ae0c1b4d5: 52 datasets; 0.9 s; peak memory 1136 MiB.
2026-10-05T15:25:19Z INFO [290/750] 43d99988-57d9-4134-9551-1e968016d7cf: 56 datasets; 0.7 s; peak memory 1136 MiB.
2026-10-05T15:25:21Z INFO [291/750] 43da0a02-d0d4-4f1f-bc22-8c47f6afe167: 152 datasets; 1.9 s; peak memory 1136 MiB.
2026-10-05T15:25:30Z INFO [292/750] 43da1170-bf82-4add-8538-c88fa6788432: 224 datasets; 9.3 s; peak memory 1136 MiB.
2026-10-05T15:25:31Z INFO [293/750] 43da1b2a-443a-4397-9f9b-f669a9b66c49: 37 datasets; 0.7 s; peak memory 1136 MiB.
2026-10-05T15:25:31Z INFO [294/750] 43dc8ecb-8c7b-4f3a-a84a-95b5ecaf418d: 52 datasets; 0.6 s; peak memory 1136 MiB.
2026-10-05T15:25:44Z INFO [295/750] 43dce357-955a-424c-8b96-e30c9463bda6: 1535 datasets; 13.2 s; peak memory 1136 MiB.
2026-10-05T15:28:03Z INFO [296/750] 43dd2443-556c-46e3-bb56-930da4f1eb85: 167 datasets; 138.3 s; peak memory 1136 MiB.
2026-10-05T15:28:04Z INFO [297/750] 43dd55b9-62d2-4569-8b26-228490aaddde: 118 datasets; 1.2 s; peak memory 1136 MiB.
2026-10-05T15:28:05Z INFO [298/750] 43dde4ee-340c-4a24-a4c9-330395864934: 117 datasets; 0.9 s; peak memory 1136 MiB.
2026-10-05T15:28:06Z INFO [299/750] 43de9151-7400-481b-9e27-8fe5a7035c30: 72 datasets; 1.1 s; peak memory 1136 MiB.
2026-10-05T15:28:07Z INFO [300/750] 43de9299-8f89-477c-aa7f-f11230825fe5: 117 datasets; 1.3 s; peak memory 1136 MiB.
2026-10-05T15:28:07Z INFO [300/750] 43de9299-8f89-477c-aa7f-f11230825fe5: checkpointed 79635 records.
2026-10-05T15:28:09Z INFO [301/750] 43dea309-4ea3-49f3-a5cf-4723596466c0: 261 datasets; 1.3 s; peak memory 1136 MiB.
2026-10-05T15:28:10Z INFO [302/750] 43dea474-d073-47c3-a72d-5d6d5594c21f: 116 datasets; 1.2 s; peak memory 1136 MiB.
2026-10-05T15:28:16Z INFO [303/750] 43df5308-f7df-4a38-97cc-838bf179b33f: 948 datasets; 6.6 s; peak memory 1136 MiB.
2026-10-05T15:28:18Z INFO [304/750] 43df9fd2-4427-4674-811f-e8fd20723de7: 71 datasets; 1.5 s; peak memory 1136 MiB.
2026-10-05T15:28:19Z INFO [305/750] 43dfa922-af85-4da5-8039-a16100b351bc: 48 datasets; 1.1 s; peak memory 1136 MiB.
2026-10-05T15:28:20Z INFO [306/750] 43dfe207-815e-440d-bcd6-d96889d54277: 42 datasets; 0.8 s; peak memory 1136 MiB.
2026-10-05T15:28:21Z INFO [307/750] 43e12de5-bcee-4b2e-b158-8414c6e99bb2: 82 datasets; 1.1 s; peak memory 1136 MiB.
2026-10-05T15:28:22Z INFO [308/750] 43e1531e-5ab5-4194-9b90-a9179cd0ab13: 117 datasets; 1.3 s; peak memory 1136 MiB.
2026-10-05T15:28:31Z INFO [309/750] 43e200d9-3248-40e5-b11f-977754432c11: 583 datasets; 9.1 s; peak memory 1136 MiB.
2026-10-05T15:28:33Z INFO [310/750] 43e2eaa9-a06b-4ed4-9486-cf3152cc24c2: 38 datasets; 2.1 s; peak memory 1136 MiB.
2026-10-05T15:28:34Z INFO [311/750] 43e2f163-63c2-489b-96e0-ae0efb913c6c: 46 datasets; 0.7 s; peak memory 1136 MiB.
2026-10-05T15:28:35Z INFO [312/750] 43e2f68d-fe6d-42d6-a556-463da9338be0: 69 datasets; 1.0 s; peak memory 1136 MiB.
2026-10-05T15:28:36Z INFO [313/750] 43e3ba0c-3b91-480e-b924-ba8cf35b45dd: 118 datasets; 0.9 s; peak memory 1136 MiB.
2026-10-05T15:28:37Z INFO [314/750] 43e51ec3-2575-44e6-bb43-db20a01ee2aa: 48 datasets; 0.8 s; peak memory 1136 MiB.
2026-10-05T15:28:38Z INFO [315/750] 43e55c99-83a9-4b2a-8a7d-87aad00c9c4a: 64 datasets; 1.2 s; peak memory 1136 MiB.
2026-10-05T15:28:39Z INFO [316/750] 43e59f32-ea8b-4b7f-aad4-e988387d3ee6: 112 datasets; 1.2 s; peak memory 1136 MiB.
2026-10-05T15:28:40Z INFO [317/750] 43e726ce-3df9-4d67-8eca-63df605518aa: 110 datasets; 1.1 s; peak memory 1136 MiB.
2026-10-05T15:28:42Z INFO [318/750] 43e7ff74-7612-4aa5-ba03-edc905ce593f: 116 datasets; 1.4 s; peak memory 1136 MiB.
2026-10-05T15:28:44Z INFO [319/750] 43e9a381-862f-414a-9940-45e37dd0bcf0: 156 datasets; 1.9 s; peak memory 1136 MiB.
2026-10-05T15:28:45Z INFO [320/750] 43e9a7fc-ce9f-437d-a59a-2c8981b55977: 49 datasets; 1.1 s; peak memory 1136 MiB.
2026-10-05T15:28:49Z INFO [321/750] 43e9bfcb-7e5e-4074-90f0-ffc16678773b: 503 datasets; 4.0 s; peak memory 1136 MiB.
2026-10-05T15:28:50Z INFO [322/750] 43ea098d-6a14-4625-953a-70f685981238: 66 datasets; 1.1 s; peak memory 1136 MiB.
2026-10-05T15:28:51Z INFO [323/750] 43eaaa1a-9f64-4bf7-9c54-9625df556a3f: 84 datasets; 0.8 s; peak memory 1136 MiB.
2026-10-05T15:28:59Z INFO [324/750] 43ead1ef-479f-47a1-a524-309cc374ae19: 759 datasets; 8.4 s; peak memory 1136 MiB.
2026-10-05T15:29:00Z INFO [325/750] 43ebe6db-8aef-4fc2-8d55-a2be05795bba: 63 datasets; 0.9 s; peak memory 1136 MiB.
2026-10-05T15:29:01Z INFO [326/750] 43ec02a2-a706-48f5-9585-69fe359a7e39: 69 datasets; 1.4 s; peak memory 1136 MiB.
2026-10-05T15:29:05Z INFO [327/750] 43ec0c75-bca1-47a7-a731-9267f5b358da: 200 datasets; 4.2 s; peak memory 1136 MiB.
2026-10-05T15:29:08Z INFO [328/750] 43ec8c57-2a24-4ca3-b62f-fe932909c3a0: 115 datasets; 2.3 s; peak memory 1136 MiB.
2026-10-05T15:29:16Z INFO [329/750] 43eca2ce-101a-4c9a-8246-04b995ca21c3: 49 datasets; 8.6 s; peak memory 1136 MiB.
2026-10-05T15:29:18Z INFO [330/750] 43ecc4ce-fce9-464b-8eba-5bcafda8ed4a: 163 datasets; 2.3 s; peak memory 1136 MiB.
2026-10-05T15:29:20Z INFO [331/750] 43ed0188-191a-43ee-9856-176a48a4c2f3: 66 datasets; 1.5 s; peak memory 1136 MiB.
2026-10-05T15:29:21Z INFO [332/750] 43ed3504-fb4b-4afd-b4d3-78841e52ff22: 117 datasets; 1.2 s; peak memory 1136 MiB.
2026-10-05T15:29:22Z INFO [333/750] 43ee43f2-faec-4f29-bb43-70e47ef21d0c: 84 datasets; 1.0 s; peak memory 1136 MiB.
2026-10-05T15:29:33Z INFO [334/750] 43ee44e8-67f4-4a59-a316-7afcb4b8ae42: 1341 datasets; 11.1 s; peak memory 1136 MiB.
2026-10-05T15:29:35Z INFO [335/750] 43ef0464-73af-4b91-bac8-50746edae4b7: 49 datasets; 1.3 s; peak memory 1136 MiB.
2026-10-05T15:29:35Z INFO [336/750] 43ef8e5d-f360-418f-b822-967db9efb614: 48 datasets; 0.9 s; peak memory 1136 MiB.
2026-10-05T15:29:37Z INFO [337/750] 43effbf3-6c65-4673-991e-4ffe3db6d6b5: 71 datasets; 1.6 s; peak memory 1136 MiB.
2026-10-05T15:29:42Z INFO [338/750] 43f28f27-6143-4f0f-be83-3b1d5721cf6c: 619 datasets; 5.4 s; peak memory 1136 MiB.
2026-10-05T15:29:43Z INFO [339/750] 43f2916c-8293-4ea0-9d5b-25faa004d760: 45 datasets; 0.9 s; peak memory 1136 MiB.
2026-10-05T15:29:46Z INFO [340/750] 43f2deb6-8d63-4a64-86f3-8a92288d791f: 179 datasets; 3.1 s; peak memory 1136 MiB.
2026-10-05T15:29:48Z INFO [341/750] 43f339f6-c8b4-41c2-941c-c1b8e6efbb33: 112 datasets; 1.2 s; peak memory 1136 MiB.
2026-10-05T15:29:49Z INFO [342/750] 43f38a7f-e86e-43f8-871d-f8e38b577b9b: 289 datasets; 1.3 s; peak memory 1136 MiB.
2026-10-05T15:29:50Z INFO [343/750] 43f3ad68-b7f7-4047-ba5a-87e5bf0a783a: 48 datasets; 0.8 s; peak memory 1136 MiB.
2026-10-05T15:29:51Z INFO [344/750] 43f40b62-d57c-434f-aad2-d580c8a8aa91: 75 datasets; 1.4 s; peak memory 1136 MiB.
2026-10-05T15:29:52Z INFO [345/750] 43f422c9-e15f-494b-87e6-d82254424b9a: 117 datasets; 0.8 s; peak memory 1136 MiB.
2026-10-05T15:29:55Z INFO [346/750] 43f4812e-7406-4e15-98d9-3d706274f01c: 156 datasets; 3.0 s; peak memory 1136 MiB.
2026-10-05T15:29:56Z INFO [347/750] 43f593b0-8b9b-403c-bcd0-26162e3f24e5: 50 datasets; 0.6 s; peak memory 1136 MiB.
2026-10-05T15:30:03Z INFO [348/750] 43f6219f-ac6e-4c26-8f0a-ab382e47a240: 49 datasets; 8.0 s; peak memory 1136 MiB.
2026-10-05T15:30:04Z INFO [349/750] 43f6389c-17cd-482c-a5a1-50993e7f89bb: 48 datasets; 0.9 s; peak memory 1136 MiB.
2026-10-05T15:30:05Z INFO [350/750] 43fa8501-137d-4bc8-b775-5c61f713777d: 49 datasets; 0.7 s; peak memory 1136 MiB.
2026-10-05T15:30:05Z INFO [350/750] 43fa8501-137d-4bc8-b775-5c61f713777d: checkpointed 79685 records.
2026-10-05T15:30:15Z INFO [351/750] 43fb9439-33b7-44b0-bc1b-d63cc718dc81: 1051 datasets; 9.7 s; peak memory 1136 MiB.
2026-10-05T15:30:16Z INFO [352/750] 43fb9945-4b3d-4441-840a-49651c00de69: 289 datasets; 1.2 s; peak memory 1136 MiB.
2026-10-05T15:30:20Z INFO [353/750] 43fbe02f-5492-4f3c-be99-4dada227b276: 560 datasets; 4.0 s; peak memory 1136 MiB.
2026-10-05T15:30:21Z INFO [354/750] 43fe010d-9991-4672-bd6d-f53afdd44e29: 112 datasets; 1.4 s; peak memory 1136 MiB.
2026-10-05T15:30:22Z INFO [355/750] 43ff25f1-cf3b-42fc-bd81-12f092769663: 46 datasets; 0.9 s; peak memory 1136 MiB.
2026-10-05T15:30:23Z INFO [356/750] 44002a05-91d4-4b82-b72c-ea359c08c9cf: 48 datasets; 0.8 s; peak memory 1136 MiB.
2026-10-05T15:30:25Z INFO [357/750] 4400d000-9af7-4841-aef2-8656acb6fd9b: 184 datasets; 1.6 s; peak memory 1136 MiB.
2026-10-05T15:30:27Z INFO [358/750] 44011696-9c9f-4ac7-b558-ed24fb28bcc3: 38 datasets; 2.3 s; peak memory 1136 MiB.
2026-10-05T15:30:28Z INFO [359/750] 44020a94-a64d-4177-b0d0-9b3c0a6ffee3: 48 datasets; 0.9 s; peak memory 1136 MiB.
2026-10-05T15:30:49Z INFO [360/750] 44023497-8ffb-40e8-b0ad-0ad0d9a0c117: 48 datasets; 20.6 s; peak memory 1136 MiB.
2026-10-05T15:30:50Z INFO [361/750] 44029cc2-8deb-468e-ab60-beec215da9bb: 117 datasets; 1.0 s; peak memory 1136 MiB.
2026-10-05T15:30:51Z INFO [362/750] 4402acd1-c5c5-4882-a9b3-68d72607d6e1: 46 datasets; 0.9 s; peak memory 1136 MiB.
2026-10-05T15:30:52Z INFO [363/750] 4403547c-0e21-4b24-a151-4be6bfb06129: 69 datasets; 1.1 s; peak memory 1136 MiB.
2026-10-05T15:31:02Z INFO [364/750] 440502da-8d0e-4988-b46f-d9185f0d8eb3: 963 datasets; 10.3 s; peak memory 1136 MiB.
2026-10-05T15:31:04Z INFO [365/750] 440576e4-d6a9-4008-909d-8770e0dde312: 58 datasets; 1.6 s; peak memory 1136 MiB.
2026-10-05T15:31:05Z INFO [366/750] 44079519-8f1e-46bd-919c-b13e3950b86d: 112 datasets; 1.2 s; peak memory 1136 MiB.
2026-10-05T15:31:08Z INFO [367/750] 4407a8a1-0b1d-48e8-b2be-d88c9859fabb: 229 datasets; 3.6 s; peak memory 1136 MiB.
2026-10-05T15:31:09Z INFO [368/750] 4408597a-6d4d-4d5f-8fd3-17d9ec0d074d: 41 datasets; 0.8 s; peak memory 1136 MiB.
2026-10-05T15:31:10Z INFO [369/750] 44092aed-d6fa-4e26-9637-32ad5dea5e08: 52 datasets; 1.0 s; peak memory 1136 MiB.
2026-10-05T15:31:11Z INFO [370/750] 44096ff8-b585-4867-9b9e-a5d4e11900ad: 48 datasets; 0.9 s; peak memory 1136 MiB.
2026-10-05T15:31:12Z INFO [371/750] 440974c7-5080-4eab-8358-cbf6b452f812: 118 datasets; 1.1 s; peak memory 1136 MiB.
2026-10-05T15:31:13Z INFO [372/750] 4409e7ff-f653-48c4-be52-6b4aa95cbb2b: 46 datasets; 0.7 s; peak memory 1136 MiB.
2026-10-05T15:31:14Z INFO [373/750] 4409e89b-348d-419e-90a0-506f28ebf36c: 116 datasets; 0.9 s; peak memory 1136 MiB.
2026-10-05T15:31:16Z INFO [374/750] 440a71b6-95eb-4b2f-b23d-ecf0c61be3c6: 110 datasets; 1.9 s; peak memory 1136 MiB.
2026-10-05T15:31:17Z INFO [375/750] 440b3529-5480-47f1-a57f-f7294b3178b2: 64 datasets; 1.3 s; peak memory 1136 MiB.
2026-10-05T15:31:27Z INFO [376/750] 440b6562-2fff-4c38-b437-4d3188fbbb44: 1533 datasets; 10.5 s; peak memory 1136 MiB.
2026-10-05T15:31:28Z INFO [377/750] 440b9674-53d2-4c84-8759-5c72ea6070d3: 48 datasets; 0.9 s; peak memory 1136 MiB.
2026-10-05T15:31:31Z INFO [378/750] 440bd9e7-c875-4ae3-9d22-8db9efdb5ee7: 390 datasets; 2.6 s; peak memory 1136 MiB.
2026-10-05T15:31:41Z INFO [379/750] 440c449e-6284-415e-b6a8-9555dde19efb: 674 datasets; 10.1 s; peak memory 1136 MiB.
2026-10-05T15:31:42Z INFO [380/750] 440c4be8-b050-4071-9f75-29c804e63d51: 117 datasets; 0.9 s; peak memory 1136 MiB.
2026-10-05T15:31:44Z INFO [381/750] 440c9c25-9164-4cca-a3df-1851c5639c58: 123 datasets; 2.1 s; peak memory 1136 MiB.
2026-10-05T15:31:45Z INFO [382/750] 440c9c47-09d6-41e3-b4c2-6bc4f101071a: 36 datasets; 0.7 s; peak memory 1136 MiB.
2026-10-05T15:31:47Z INFO [383/750] 440ccce5-12ed-44c9-961f-819ed9ae8d97: 111 datasets; 2.9 s; peak memory 1136 MiB.
2026-10-05T15:31:52Z INFO [384/750] 440d326e-6f0e-42ee-9467-6355a9a6f51e: 538 datasets; 4.9 s; peak memory 1136 MiB.
2026-10-05T15:31:55Z INFO [385/750] 440d4fde-169c-4f44-aa32-806745464584: 156 datasets; 2.4 s; peak memory 1136 MiB.
2026-10-05T15:31:56Z INFO [386/750] 440e41c5-46c4-4432-8057-2c3ad3f9705f: 112 datasets; 1.2 s; peak memory 1136 MiB.
2026-10-05T15:31:59Z INFO [387/750] 440f8132-8a4c-40ff-a063-459bae3e8c62: 114 datasets; 2.8 s; peak memory 1136 MiB.
2026-10-05T15:32:00Z INFO [388/750] 440f9de0-e3c8-4965-986c-7e50827e142d: 116 datasets; 1.0 s; peak memory 1136 MiB.
2026-10-05T15:32:01Z INFO [389/750] 4410ffce-0b92-4849-b0f0-8a91d908f0cd: 48 datasets; 1.1 s; peak memory 1136 MiB.
2026-10-05T15:32:02Z INFO [390/750] 44110f1f-4f52-411a-b4c1-a73a5d0490ca: 46 datasets; 0.8 s; peak memory 1136 MiB.
2026-10-05T15:32:02Z INFO [391/750] 44121ae4-a4a9-4c6e-9e14-ffde9acb50d8: 117 datasets; 1.0 s; peak memory 1136 MiB.
2026-10-05T15:32:03Z INFO [392/750] 441260f8-2032-45e8-bca3-7584eefb37ec: 48 datasets; 0.8 s; peak memory 1136 MiB.
2026-10-05T15:32:04Z INFO [393/750] 44133491-53fc-46e2-98ba-21c449649b31: 46 datasets; 0.7 s; peak memory 1136 MiB.
2026-10-05T15:32:05Z INFO [394/750] 4413495c-a19a-4a72-bdbd-7ba9102d3878: 76 datasets; 1.0 s; peak memory 1136 MiB.
2026-10-05T15:32:06Z INFO [395/750] 441365a4-8055-45ed-9f55-0997b9dc3117: 48 datasets; 0.8 s; peak memory 1136 MiB.
2026-10-05T15:32:07Z INFO [396/750] 441390c7-f2e6-46e0-bb6f-42da321854a1: 117 datasets; 0.9 s; peak memory 1136 MiB.
2026-10-05T15:32:08Z INFO [397/750] 4415cb52-4d1f-4d1d-a400-4f605593db16: 112 datasets; 1.1 s; peak memory 1136 MiB.
2026-10-05T15:32:09Z INFO [398/750] 44166645-d68d-4bab-b41d-a25a10a67640: 45 datasets; 1.5 s; peak memory 1136 MiB.
2026-10-05T15:32:10Z INFO [399/750] 44167364-34fd-4315-a27e-037a83da1e9f: 48 datasets; 1.0 s; peak memory 1136 MiB.
2026-10-05T15:32:14Z INFO [400/750] 44173bc4-7d00-46ea-abf0-4638936634c5: 231 datasets; 3.9 s; peak memory 1136 MiB.
2026-10-05T15:32:14Z INFO [400/750] 44173bc4-7d00-46ea-abf0-4638936634c5: checkpointed 79735 records.
2026-10-05T15:32:15Z INFO [401/750] 44176ec8-2764-4d10-9334-351bdd53d057: 48 datasets; 0.9 s; peak memory 1136 MiB.
2026-10-05T15:32:18Z INFO [402/750] 44179968-2c75-48b9-ba6f-f7cd93a0ead4: 192 datasets; 2.8 s; peak memory 1136 MiB.
2026-10-05T15:32:20Z INFO [403/750] 4417d22f-9c8c-49d7-ad17-3327ca146f53: 168 datasets; 1.8 s; peak memory 1136 MiB.
2026-10-05T15:32:20Z INFO [404/750] 4419aec3-1dee-490f-b298-a8eeac58cd70: 46 datasets; 0.8 s; peak memory 1136 MiB.
2026-10-05T15:32:22Z INFO [405/750] 441a761f-d06e-434a-b74b-8920d614844c: 112 datasets; 1.4 s; peak memory 1136 MiB.
2026-10-05T15:32:29Z INFO [406/750] 441b082d-7be5-4543-a009-c47d19f40ea2: 705 datasets; 7.2 s; peak memory 1136 MiB.
2026-10-05T15:32:30Z INFO [407/750] 441b662d-05db-4d54-8367-3dfbd6a950e0: 117 datasets; 1.0 s; peak memory 1136 MiB.
2026-10-05T15:32:31Z INFO [408/750] 441bad4d-7250-4e3a-8a6f-bf2a3e4b1796: 48 datasets; 0.8 s; peak memory 1136 MiB.
2026-10-05T15:32:36Z INFO [409/750] 441bb582-6afe-476f-9bc5-e38b3223a190: 152 datasets; 5.3 s; peak memory 1136 MiB.
2026-10-05T15:32:37Z INFO [410/750] 441c8d54-7a0e-469c-87c7-c019d6204baf: 289 datasets; 1.2 s; peak memory 1136 MiB.
2026-10-05T15:32:49Z INFO [411/750] 441d6c28-da32-45e6-ad06-ebc81aacdf1e: 38 datasets; 11.6 s; peak memory 1136 MiB.
2026-10-05T15:32:50Z INFO [412/750] 441d7973-4e41-465e-90be-e2a4909333f8: 46 datasets; 0.7 s; peak memory 1136 MiB.
2026-10-05T15:32:51Z INFO [413/750] 441e6496-b49c-4850-8596-e70a32b4a048: 116 datasets; 0.7 s; peak memory 1136 MiB.
2026-10-05T15:32:51Z INFO [414/750] 441ec622-1e0a-40ae-82aa-62dbe9930b5c: 48 datasets; 0.7 s; peak memory 1136 MiB.
2026-10-05T15:32:52Z INFO [415/750] 441ee090-1352-405c-958c-76c9bcfe2c16: 48 datasets; 0.9 s; peak memory 1136 MiB.
2026-10-05T15:32:53Z INFO [416/750] 441f0bec-4389-47b7-aa4f-50174d0d9aaa: 112 datasets; 1.1 s; peak memory 1136 MiB.
2026-10-05T15:32:54Z INFO [417/750] 441f43cc-42ef-4ba9-b667-966080fd83ad: 112 datasets; 1.1 s; peak memory 1136 MiB.
2026-10-05T15:33:02Z INFO [418/750] 441ff008-a306-4d1c-aaa5-be1c8c9424a9: 706 datasets; 7.3 s; peak memory 1136 MiB.
2026-10-05T15:33:03Z INFO [419/750] 44206623-e324-4acb-8bfc-b9166691fdbd: 66 datasets; 1.2 s; peak memory 1136 MiB.
2026-10-05T15:33:08Z INFO [420/750] 44216401-085e-461b-b025-6ad811c35379: 240 datasets; 5.4 s; peak memory 1136 MiB.
2026-10-05T15:33:09Z INFO [421/750] 442177a3-f322-497d-a6d3-f470f98506d6: 48 datasets; 0.9 s; peak memory 1136 MiB.
2026-10-05T15:33:10Z INFO [422/750] 4422b399-bc9f-4f61-b3e9-4f7f89434440: 46 datasets; 0.8 s; peak memory 1136 MiB.
2026-10-05T15:33:11Z INFO [423/750] 4422d9ad-ec67-4298-b3d0-739a582475f1: 48 datasets; 0.8 s; peak memory 1136 MiB.
2026-10-05T15:33:12Z INFO [424/750] 442319b6-767f-4715-adee-20003645fc6e: 42 datasets; 0.8 s; peak memory 1136 MiB.
2026-10-05T15:33:12Z INFO [425/750] 442373a5-de43-4da0-8a98-643fd43b3d1c: 45 datasets; 0.7 s; peak memory 1136 MiB.
2026-10-05T15:33:13Z INFO [426/750] 44246e59-b664-4018-9bd9-f48d7718f2e0: 76 datasets; 1.1 s; peak memory 1136 MiB.
2026-10-05T15:33:15Z INFO [427/750] 44259816-8392-4753-8659-b602c687b750: 115 datasets; 2.2 s; peak memory 1136 MiB.
2026-10-05T15:33:17Z INFO [428/750] 44259c4e-3458-4a4f-8ce0-255da4d090cf: 112 datasets; 1.3 s; peak memory 1136 MiB.
2026-10-05T15:33:18Z INFO [429/750] 4425c433-3f1a-42a7-a6ae-e00416407979: 49 datasets; 0.9 s; peak memory 1136 MiB.
2026-10-05T15:33:19Z INFO [430/750] 4425ff23-94d6-4fec-a969-3bcb414f94cd: 62 datasets; 1.3 s; peak memory 1136 MiB.
2026-10-05T15:33:20Z INFO [431/750] 44262b3f-3654-476e-8dfa-48ba863c85d0: 48 datasets; 0.8 s; peak memory 1136 MiB.
2026-10-05T15:33:21Z INFO [432/750] 4426b5c6-a89d-43c5-9e8b-1efc319bd861: 112 datasets; 1.0 s; peak memory 1136 MiB.
2026-10-05T15:33:22Z INFO [433/750] 4427b1ed-93de-4b44-9862-ee267be5f308: 39 datasets; 0.9 s; peak memory 1136 MiB.
2026-10-05T15:33:23Z INFO [434/750] 4427c256-7f48-436a-8454-13d4c4357d8b: 116 datasets; 1.0 s; peak memory 1136 MiB.
2026-10-05T15:33:24Z INFO [435/750] 44280349-ad19-4e24-b655-c79691f9cedc: 112 datasets; 1.0 s; peak memory 1136 MiB.
2026-10-05T15:33:24Z INFO [436/750] 4428563e-dd80-46cd-80f5-acc9dd4feb4c: 46 datasets; 0.8 s; peak memory 1136 MiB.
2026-10-05T15:33:25Z INFO [437/750] 4429887f-b216-429f-b47d-1318faecb707: 33 datasets; 0.8 s; peak memory 1136 MiB.
2026-10-05T15:33:26Z INFO [438/750] 4429fbd7-db87-41aa-8eec-c89572be3065: 72 datasets; 0.9 s; peak memory 1136 MiB.
2026-10-05T15:33:33Z INFO [439/750] 442a4633-51ed-45ff-a43b-223b8bc59690: 1149 datasets; 7.0 s; peak memory 1136 MiB.
2026-10-05T15:33:34Z INFO [440/750] 442c5666-a9ac-4a6a-b90d-e587f8fbc69d: 48 datasets; 1.0 s; peak memory 1136 MiB.
2026-10-05T15:33:38Z INFO [441/750] 442d6d5e-92dd-4424-aa07-8ee60eeeafd8: 525 datasets; 4.2 s; peak memory 1136 MiB.
2026-10-05T15:33:40Z INFO [442/750] 442e703d-4c20-4189-8181-1cd25665a791: 71 datasets; 1.8 s; peak memory 1136 MiB.
2026-10-05T15:33:41Z INFO [443/750] 442f9127-20a7-459e-ab68-e2aaa81e7cc0: 48 datasets; 1.0 s; peak memory 1136 MiB.
2026-10-05T15:33:42Z INFO [444/750] 442fb0fb-4295-4e6b-9059-04f8951e1514: 112 datasets; 1.2 s; peak memory 1136 MiB.
2026-10-05T15:33:47Z INFO [445/750] 442fd769-ca0e-49e6-b41b-48c8773a7a2b: 589 datasets; 4.2 s; peak memory 1136 MiB.
2026-10-05T15:33:48Z INFO [446/750] 44302ab2-5447-400c-96ac-244b6102ef60: 48 datasets; 1.1 s; peak memory 1136 MiB.
2026-10-05T15:33:49Z INFO [447/750] 4430b76c-122d-4cae-9725-3f3394f9d26c: 112 datasets; 1.2 s; peak memory 1136 MiB.
2026-10-05T15:33:50Z INFO [448/750] 4430f205-4e2a-4011-aa20-8510380673ed: 48 datasets; 1.1 s; peak memory 1136 MiB.
2026-10-05T15:33:51Z INFO [449/750] 44312748-e0ee-4d74-b585-248cdd460a2f: 117 datasets; 0.8 s; peak memory 1136 MiB.
2026-10-05T15:33:52Z INFO [450/750] 44326d3c-fa84-49a3-ab65-85b498affeb3: 116 datasets; 1.0 s; peak memory 1136 MiB.
2026-10-05T15:33:52Z INFO [450/750] 44326d3c-fa84-49a3-ab65-85b498affeb3: checkpointed 79785 records.
2026-10-05T15:34:07Z INFO [451/750] 44333275-dcd0-4665-b664-2711dbaebcab: 428 datasets; 14.8 s; peak memory 1136 MiB.
2026-10-05T15:34:08Z INFO [452/750] 4433c8a2-1d94-421b-84bc-e8ab8fe169d1: 112 datasets; 1.0 s; peak memory 1136 MiB.
2026-10-05T15:34:10Z INFO [453/750] 4435a843-3349-4783-b616-50f202c86c20: 118 datasets; 2.0 s; peak memory 1136 MiB.
2026-10-05T15:34:19Z INFO [454/750] 443693aa-8907-4e44-b0a2-48326f1b74b1: 847 datasets; 9.1 s; peak memory 1136 MiB.
2026-10-05T15:34:20Z INFO [455/750] 4438d7ac-c3ec-42d4-b0d4-16761a719ec8: 52 datasets; 1.0 s; peak memory 1136 MiB.
2026-10-05T15:34:21Z INFO [456/750] 44396262-64ab-4a0c-bb39-1f88c5b03915: 69 datasets; 1.0 s; peak memory 1136 MiB.
2026-10-05T15:34:25Z INFO [457/750] 44397ff4-98c8-4023-9564-2fba6cd2d900: 651 datasets; 4.6 s; peak memory 1136 MiB.
2026-10-05T15:34:27Z INFO [458/750] 4439a3a7-a919-4b0b-899e-af986b71a1d6: 66 datasets; 1.3 s; peak memory 1136 MiB.
2026-10-05T15:34:28Z INFO [459/750] 443a371f-1362-4c3f-9484-cc72acaf03de: 70 datasets; 1.3 s; peak memory 1136 MiB.
2026-10-05T15:34:29Z INFO [460/750] 443b6cde-388d-474b-82e1-31facc38e9af: 46 datasets; 0.6 s; peak memory 1136 MiB.
2026-10-05T15:34:30Z INFO [461/750] 443b967d-87a8-4c02-be6f-f790dc5cd926: 119 datasets; 1.6 s; peak memory 1136 MiB.
2026-10-05T15:34:31Z INFO [462/750] 443c7159-13b3-4ddf-b75e-d1e8b0445f29: 116 datasets; 0.9 s; peak memory 1136 MiB.
2026-10-05T15:34:32Z INFO [463/750] 443c8bfa-36bc-48bf-9222-40b0f339d6f5: 48 datasets; 0.9 s; peak memory 1136 MiB.
2026-10-05T15:34:33Z INFO [464/750] 443d29ba-6c62-4f49-8186-06a5813d3aa1: 63 datasets; 0.8 s; peak memory 1136 MiB.
2026-10-05T15:34:34Z INFO [465/750] 443f0887-7824-48dd-9bd5-9181a7f47f8c: 72 datasets; 0.9 s; peak memory 1136 MiB.
2026-10-05T15:34:46Z INFO [466/750] 443f603f-3ba3-4976-a6e3-5a2ac4d794e7: 1195 datasets; 12.2 s; peak memory 1136 MiB.
2026-10-05T15:34:47Z INFO [467/750] 443fbc41-2692-4ac6-9814-beaf69790c28: 46 datasets; 0.6 s; peak memory 1136 MiB.
2026-10-05T15:34:48Z INFO [468/750] 444007f8-3178-4069-9c71-e3f10132b3e8: 69 datasets; 1.4 s; peak memory 1136 MiB.
2026-10-05T15:34:49Z INFO [469/750] 444035d5-459b-49ec-9b5f-c73123a548c0: 118 datasets; 0.8 s; peak memory 1136 MiB.
2026-10-05T15:34:50Z INFO [470/750] 4440c9dd-0581-4879-b122-a3581cad3844: 84 datasets; 0.8 s; peak memory 1136 MiB.
2026-10-05T15:34:51Z INFO [471/750] 4441307e-00b4-472f-ab9c-29e3050b27ea: 48 datasets; 1.0 s; peak memory 1136 MiB.
2026-10-05T15:34:52Z INFO [472/750] 4441625c-2ac3-4fad-b695-a40cd3b54aff: 112 datasets; 1.1 s; peak memory 1136 MiB.
2026-10-05T15:34:53Z INFO [473/750] 444162d7-d9f5-4125-a8c4-9d5e56116754: 46 datasets; 1.0 s; peak memory 1136 MiB.
2026-10-05T15:34:53Z INFO [474/750] 44418587-a360-4781-b957-85420832075f: 48 datasets; 0.7 s; peak memory 1136 MiB.
2026-10-05T15:34:55Z INFO [475/750] 4441ede5-80b5-43f3-bfff-533941ab6d5d: 116 datasets; 1.1 s; peak memory 1136 MiB.
2026-10-05T15:34:55Z INFO [476/750] 444222fc-500f-434a-8f6a-d2ab0b786f4f: 48 datasets; 0.9 s; peak memory 1136 MiB.
2026-10-05T15:35:02Z INFO [477/750] 44429e27-b0dc-4244-b840-efb3c2eb2e05: 339 datasets; 6.9 s; peak memory 1136 MiB.
2026-10-05T15:35:03Z INFO [478/750] 4442a8ce-3b58-4dac-92a3-4d84d704a120: 289 datasets; 1.1 s; peak memory 1136 MiB.
2026-10-05T15:35:04Z INFO [479/750] 4442e79a-ac21-4fe6-a413-6452a2dec142: 58 datasets; 0.8 s; peak memory 1136 MiB.
2026-10-05T15:35:06Z INFO [480/750] 4443043c-74c5-4b89-8dee-cd2da011207a: 64 datasets; 1.5 s; peak memory 1136 MiB.
2026-10-05T15:35:15Z INFO [481/750] 444333b6-8248-4ac0-9164-b1467f14e079: 402 datasets; 9.5 s; peak memory 1136 MiB.
2026-10-05T15:35:16Z INFO [482/750] 4443cda5-d378-40c0-896f-1ab183eb7f1b: 48 datasets; 1.0 s; peak memory 1136 MiB.
2026-10-05T15:35:17Z INFO [483/750] 4443f640-3b4b-4dbf-9d7f-8b30b3f6d727: 46 datasets; 0.6 s; peak memory 1136 MiB.
2026-10-05T15:35:18Z INFO [484/750] 44441ded-2b0a-4b78-afb9-7e85f9f9d618: 118 datasets; 0.9 s; peak memory 1136 MiB.
2026-10-05T15:35:19Z INFO [485/750] 44442b8c-97fa-4831-b859-765263764814: 84 datasets; 1.2 s; peak memory 1136 MiB.
2026-10-05T15:35:20Z INFO [486/750] 44447fdd-5b1a-4855-a617-209ece1da830: 112 datasets; 1.2 s; peak memory 1136 MiB.
2026-10-05T15:35:21Z INFO [487/750] 4444fd23-254f-4fd0-a366-fa809f5bb8c6: 52 datasets; 1.0 s; peak memory 1136 MiB.
2026-10-05T15:35:23Z INFO [488/750] 4446cced-a176-4972-b9a2-7eaaeefca64b: 66 datasets; 1.9 s; peak memory 1136 MiB.
2026-10-05T15:35:24Z INFO [489/750] 4446da81-f7a5-4395-a27b-bc1ea3fdebf7: 48 datasets; 1.1 s; peak memory 1136 MiB.
2026-10-05T15:35:25Z INFO [490/750] 44472aed-e456-4aae-822f-e9a9c3825a5f: 66 datasets; 1.1 s; peak memory 1136 MiB.
2026-10-05T15:35:26Z INFO [491/750] 4447b7e0-516f-44a6-9e50-538336fe3251: 48 datasets; 0.8 s; peak memory 1136 MiB.
2026-10-05T15:35:31Z INFO [492/750] 4447f568-3080-44a0-9a9f-0345c00405fc: 223 datasets; 4.5 s; peak memory 1136 MiB.
2026-10-05T15:35:32Z INFO [493/750] 4448eca7-5ef1-4af7-87c0-aac0e53d3ce6: 48 datasets; 1.0 s; peak memory 1136 MiB.
2026-10-05T15:35:32Z INFO [494/750] 44494f07-88f1-4e3d-a0ff-2166cdf88e74: 114 datasets; 0.8 s; peak memory 1136 MiB.
2026-10-05T15:36:19Z INFO [495/750] 44496d14-ff18-45fc-9666-2beef5d22f66: 6479 datasets; 46.6 s; peak memory 1136 MiB.
2026-10-05T15:36:25Z INFO [496/750] 444af14f-626b-41b4-9407-5e723353bdc9: 804 datasets; 6.0 s; peak memory 1136 MiB.
2026-10-05T15:36:26Z INFO [497/750] 444b19e8-86c1-40fe-86cf-11aef4a552ed: 52 datasets; 0.9 s; peak memory 1136 MiB.
2026-10-05T15:36:27Z INFO [498/750] 444d703d-d46a-4bf4-a2c3-8a5d7dd75344: 48 datasets; 0.9 s; peak memory 1136 MiB.
2026-10-05T15:36:28Z INFO [499/750] 44500974-89af-411f-b535-6b40e1b7bedc: 48 datasets; 0.7 s; peak memory 1136 MiB.
2026-10-05T15:36:29Z INFO [500/750] 4451735d-9144-4417-8ce3-d6262a488aae: 117 datasets; 1.0 s; peak memory 1136 MiB.
2026-10-05T15:36:29Z INFO [500/750] 4451735d-9144-4417-8ce3-d6262a488aae: checkpointed 79835 records.
2026-10-05T15:36:30Z INFO [501/750] 44532b31-c15e-43ac-af37-fd8eb231993a: 48 datasets; 0.8 s; peak memory 1136 MiB.
2026-10-05T15:36:30Z INFO [502/750] 4454b4d1-648a-42cf-a8ea-8f566f32c22a: 117 datasets; 0.9 s; peak memory 1136 MiB.
2026-10-05T15:36:33Z INFO [503/750] 4454ed1e-be7c-4441-bd55-6da4331b3120: 140 datasets; 2.3 s; peak memory 1136 MiB.
2026-10-05T15:36:34Z INFO [504/750] 4454fdf8-334d-40b9-b91f-569ec2a5ee43: 48 datasets; 1.1 s; peak memory 1136 MiB.
2026-10-05T15:36:36Z INFO [505/750] 44553f55-ac81-4207-818a-b9d969320212: 71 datasets; 2.1 s; peak memory 1136 MiB.
2026-10-05T15:36:48Z INFO [506/750] 44559e8d-d6df-4b5d-a4d9-ec3629c0b31f: 1278 datasets; 11.8 s; peak memory 1136 MiB.
2026-10-05T15:36:49Z INFO [507/750] 4455ab7b-24e2-4d17-a137-38190b8fa344: 47 datasets; 1.0 s; peak memory 1136 MiB.
2026-10-05T15:36:50Z INFO [508/750] 445658e0-8d8a-4bb0-b93e-1c30deca76ff: 51 datasets; 1.3 s; peak memory 1136 MiB.
2026-10-05T15:36:51Z INFO [509/750] 44568b3e-0b87-4edd-8103-267518433f04: 48 datasets; 1.1 s; peak memory 1136 MiB.
2026-10-05T15:36:52Z INFO [510/750] 44570549-f3e7-4810-9d4d-d82c93e3ff83: 39 datasets; 0.8 s; peak memory 1136 MiB.
2026-10-05T15:36:53Z INFO [511/750] 44576033-9d4b-40db-acdf-fadc0964f65a: 112 datasets; 1.4 s; peak memory 1136 MiB.
2026-10-05T15:36:54Z INFO [512/750] 4457b769-9c97-4f43-bb39-ff983d8fa65f: 46 datasets; 0.7 s; peak memory 1136 MiB.
2026-10-05T15:36:57Z INFO [513/750] 44586f2b-e54d-48ab-9736-bebbdd091ccd: 48 datasets; 2.7 s; peak memory 1136 MiB.
2026-10-05T15:36:57Z INFO [514/750] 4458a92f-53db-4a22-9c33-8bba7f9e90a1: 57 datasets; 0.8 s; peak memory 1136 MiB.
2026-10-05T15:36:58Z INFO [515/750] 4458d327-c0e1-4c7d-acfc-2351f8ba408c: 38 datasets; 0.7 s; peak memory 1136 MiB.
2026-10-05T15:37:00Z INFO [516/750] 445979b2-7d14-46da-b746-f6c71027a353: 92 datasets; 2.1 s; peak memory 1136 MiB.
2026-10-05T15:37:01Z INFO [517/750] 4459a324-b3d1-485f-896c-8c693a05a1cd: 112 datasets; 1.1 s; peak memory 1136 MiB.
2026-10-05T15:37:03Z INFO [518/750] 445a3077-ff7e-4e2e-ae0a-20e60b1c2c81: 112 datasets; 1.5 s; peak memory 1136 MiB.
2026-10-05T15:37:05Z INFO [519/750] 445a8a63-e881-429a-8d6a-595f7ee3f4b5: 119 datasets; 1.9 s; peak memory 1136 MiB.
2026-10-05T15:37:06Z INFO [520/750] 445b781e-5516-4007-b36f-38d315dedf57: 112 datasets; 1.2 s; peak memory 1136 MiB.
2026-10-05T15:37:07Z INFO [521/750] 445b8c38-7755-4fb7-bb15-636b6dc12323: 69 datasets; 1.5 s; peak memory 1136 MiB.
2026-10-05T15:37:08Z INFO [522/750] 445cb086-f147-4a11-8eda-4ecffbd92485: 48 datasets; 1.0 s; peak memory 1136 MiB.
2026-10-05T15:37:10Z INFO [523/750] 445cbc1e-a4e1-41c0-ab30-0d71bc1669d8: 117 datasets; 1.2 s; peak memory 1136 MiB.
2026-10-05T15:37:14Z INFO [524/750] 445d7e01-a349-4973-9544-ee9b7a79c45a: 229 datasets; 4.1 s; peak memory 1136 MiB.
2026-10-05T15:37:15Z INFO [525/750] 445da409-147b-4306-a6f7-5385536b528d: 48 datasets; 1.0 s; peak memory 1136 MiB.
2026-10-05T15:37:20Z INFO [526/750] 445e1a11-42b9-44ec-8b3e-025418f5969d: 56 datasets; 5.1 s; peak memory 1136 MiB.
2026-10-05T15:37:21Z INFO [527/750] 445e7639-c6c8-43c4-aa86-8fa787769e28: 116 datasets; 1.1 s; peak memory 1136 MiB.
2026-10-05T15:37:23Z INFO [528/750] 445fcc88-3dca-4395-aba3-8ecb95863320: 90 datasets; 2.2 s; peak memory 1136 MiB.
2026-10-05T15:37:25Z INFO [529/750] 44601b47-87a7-4cbf-81c0-8afe70ff24c2: 115 datasets; 1.9 s; peak memory 1136 MiB.
2026-10-05T15:39:35Z INFO [530/750] 4460630d-17cb-4e90-ae2b-6ed5c7924e7d: 241 datasets; 129.8 s; peak memory 1136 MiB.
2026-10-05T15:39:36Z INFO [531/750] 4460f716-98f3-49ed-ae75-1e923bf82ad2: 38 datasets; 0.9 s; peak memory 1136 MiB.
2026-10-05T15:39:37Z INFO [532/750] 4461ef13-a1fa-4b4d-9a6c-574ec45ee19c: 112 datasets; 1.1 s; peak memory 1136 MiB.
2026-10-05T15:39:38Z INFO [533/750] 4461f012-0b2b-4ae9-8676-9a8628a745c9: 66 datasets; 1.2 s; peak memory 1136 MiB.
2026-10-05T15:39:39Z INFO [534/750] 44622073-a93e-4680-b9a3-78abbe1f553e: 117 datasets; 0.8 s; peak memory 1136 MiB.
2026-10-05T15:39:40Z INFO [535/750] 44624132-5955-4e6f-9c68-d2262d35fd18: 112 datasets; 1.4 s; peak memory 1136 MiB.
2026-10-05T15:39:41Z INFO [536/750] 44625006-6c8a-46a5-9a0c-3042e91d58a8: 50 datasets; 0.8 s; peak memory 1136 MiB.
2026-10-05T15:39:47Z INFO [537/750] 44633f59-0959-440a-b64c-90a9fa6ed1a7: 208 datasets; 6.5 s; peak memory 1136 MiB.
2026-10-05T15:39:59Z INFO [538/750] 44634eac-3af4-4358-beb3-c1279e1e6845: 38 datasets; 11.0 s; peak memory 1136 MiB.
2026-10-05T15:40:02Z INFO [539/750] 44637c57-b68b-4b4b-b5a6-ae83ec9c6c30: 246 datasets; 3.3 s; peak memory 1136 MiB.
2026-10-05T15:40:03Z INFO [540/750] 4465f280-f5bc-49f8-8179-000c568b5d41: 112 datasets; 1.3 s; peak memory 1136 MiB.
2026-10-05T15:40:14Z INFO [541/750] 44663b28-dec1-4a10-a331-876c7d0b4c99: 889 datasets; 11.3 s; peak memory 1136 MiB.
2026-10-05T15:40:23Z INFO [542/750] 446659d0-39a7-49fc-9bde-98b0d93e438e: 409 datasets; 8.5 s; peak memory 1136 MiB.
2026-10-05T15:40:24Z INFO [543/750] 446679c2-6108-4f42-ae9d-f1cb6d373c44: 48 datasets; 0.9 s; peak memory 1136 MiB.
2026-10-05T15:40:25Z INFO [544/750] 44682323-4375-4fe3-b902-6b93a3a95122: 48 datasets; 1.0 s; peak memory 1136 MiB.
2026-10-05T15:40:26Z INFO [545/750] 44687618-e9af-4d57-9eca-edbe712cbf11: 112 datasets; 0.9 s; peak memory 1136 MiB.
2026-10-05T15:40:29Z INFO [546/750] 4469ee1a-1bd3-4f59-af7a-67e05740524d: 528 datasets; 3.5 s; peak memory 1136 MiB.
2026-10-05T15:40:32Z INFO [547/750] 446a334e-47a0-4e4a-a7a0-97e652fdde61: 90 datasets; 2.5 s; peak memory 1136 MiB.
2026-10-05T15:40:43Z INFO [548/750] 446aacf9-cc8b-431c-a818-a1b41f812a5d: 1112 datasets; 10.9 s; peak memory 1136 MiB.
2026-10-05T15:40:43Z INFO [549/750] 446b1a99-7004-4955-bfd8-9778ec7d9408: 57 datasets; 0.8 s; peak memory 1136 MiB.
2026-10-05T15:40:47Z INFO [550/750] 446b4f1c-6f94-4192-96d7-6594b8d0d3cc: 229 datasets; 4.0 s; peak memory 1136 MiB.
2026-10-05T15:40:48Z INFO [550/750] 446b4f1c-6f94-4192-96d7-6594b8d0d3cc: checkpointed 79885 records.
2026-10-05T15:40:49Z INFO [551/750] 446b7b3e-3eec-4317-baba-75e5ba07f2af: 46 datasets; 1.0 s; peak memory 1136 MiB.
2026-10-05T15:40:49Z INFO [552/750] 446bcbcc-3b83-4577-b7f3-0351c54e10fb: 56 datasets; 0.7 s; peak memory 1136 MiB.
2026-10-05T15:40:51Z INFO [553/750] 446c660a-47e9-498c-9cc3-2a3cf564f910: 84 datasets; 1.9 s; peak memory 1136 MiB.
2026-10-05T15:40:52Z INFO [554/750] 446c6d01-acb6-42ef-ad9f-c099c09c9e31: 52 datasets; 0.9 s; peak memory 1136 MiB.
2026-10-05T15:40:53Z INFO [555/750] 446d12ea-1a33-4a44-a166-d67a889e801a: 112 datasets; 1.1 s; peak memory 1136 MiB.
2026-10-05T15:40:54Z INFO [556/750] 446d4010-ce71-4815-8dca-a697ae794e20: 77 datasets; 1.0 s; peak memory 1136 MiB.
2026-10-05T15:40:55Z INFO [557/750] 446e4c95-c597-481c-8fb4-71d978833b98: 112 datasets; 1.1 s; peak memory 1136 MiB.
2026-10-05T15:40:56Z INFO [558/750] 446e655b-bf1e-4dd3-a5da-e50ae642da36: 48 datasets; 0.8 s; peak memory 1136 MiB.
2026-10-05T15:40:57Z INFO [559/750] 446e6909-3435-41b0-b97c-cbf93753d895: 121 datasets; 0.9 s; peak memory 1136 MiB.
2026-10-05T15:40:58Z INFO [560/750] 447095f0-6cdc-4c56-ab12-0a4c450df032: 54 datasets; 1.4 s; peak memory 1136 MiB.
2026-10-05T15:41:07Z INFO [561/750] 447108c8-ce11-4265-b54e-cec79548147d: 107 datasets; 8.1 s; peak memory 1136 MiB.
2026-10-05T15:41:08Z INFO [562/750] 44710d5e-4612-4eaa-b1c5-2e66ba09a7f1: 74 datasets; 1.2 s; peak memory 1136 MiB.
2026-10-05T15:41:09Z INFO [563/750] 44712854-a17d-4dad-8317-db5d337fa153: 84 datasets; 1.2 s; peak memory 1136 MiB.
2026-10-05T15:41:16Z INFO [564/750] 44722c49-6b56-4973-b87b-f28e7a1f426d: 974 datasets; 7.3 s; peak memory 1136 MiB.
2026-10-05T15:41:17Z INFO [565/750] 44729cea-65ed-4b0d-82df-7f5c09000dfa: 49 datasets; 1.0 s; peak memory 1136 MiB.
2026-10-05T15:41:19Z INFO [566/750] 4472b41d-4987-472a-a9a8-de95ed9ac36d: 112 datasets; 1.3 s; peak memory 1136 MiB.
2026-10-05T15:41:20Z INFO [567/750] 4472b615-8fba-48f4-92b1-3355c9a3b502: 52 datasets; 0.9 s; peak memory 1136 MiB.
2026-10-05T15:41:20Z INFO [568/750] 44730d2b-1b64-4f76-9c33-089e81d8cb14: 48 datasets; 1.0 s; peak memory 1136 MiB.
2026-10-05T15:41:22Z INFO [569/750] 44734561-ca85-4df6-b5f5-ee8724770033: 112 datasets; 1.6 s; peak memory 1136 MiB.
2026-10-05T15:41:23Z INFO [570/750] 44741cee-1a4d-4717-ac72-22b29b7704a1: 112 datasets; 1.2 s; peak memory 1136 MiB.
2026-10-05T15:41:25Z INFO [571/750] 4474c11e-b0bb-4fea-98bb-1033f1f38de1: 124 datasets; 1.5 s; peak memory 1136 MiB.
2026-10-05T15:41:27Z INFO [572/750] 4474e9ba-5702-4585-8224-bee4c54a54dc: 116 datasets; 2.3 s; peak memory 1136 MiB.
2026-10-05T15:41:28Z INFO [573/750] 4474f892-bb90-48cf-8bcd-d35467ad48a5: 48 datasets; 0.8 s; peak memory 1136 MiB.
2026-10-05T15:41:29Z INFO [574/750] 44750d6d-d11b-4d82-b2e6-a31c819edcf1: 41 datasets; 0.9 s; peak memory 1136 MiB.
2026-10-05T15:41:30Z INFO [575/750] 44752c6b-fd63-43e2-915f-b1aa7a0d128c: 48 datasets; 1.0 s; peak memory 1136 MiB.
2026-10-05T15:41:31Z INFO [576/750] 44761f49-6154-4e28-9b90-556917ce96a0: 48 datasets; 0.9 s; peak memory 1136 MiB.
2026-10-05T15:41:32Z INFO [577/750] 44763bb1-a25c-462b-9afa-1a82ea0626d6: 48 datasets; 0.9 s; peak memory 1136 MiB.
2026-10-05T15:41:33Z INFO [578/750] 447650b8-8d4e-4e44-ada1-f7458e575ac9: 110 datasets; 1.2 s; peak memory 1136 MiB.
2026-10-05T15:41:36Z INFO [579/750] 4476f3ee-a04f-4fd3-ae2a-edbc3e190c76: 538 datasets; 3.3 s; peak memory 1136 MiB.
2026-10-05T15:41:51Z INFO [580/750] 447717f5-14b4-436e-9d05-706f8cf12492: 277 datasets; 14.8 s; peak memory 1136 MiB.
2026-10-05T15:41:51Z INFO [581/750] 447785d6-a726-4c6c-bf8f-17437aa1e098: 48 datasets; 0.6 s; peak memory 1136 MiB.
2026-10-05T15:41:52Z INFO [582/750] 4477cf45-d4f3-4dc8-a24c-a4e3aef9587d: 52 datasets; 0.8 s; peak memory 1136 MiB.
2026-10-05T15:41:53Z INFO [583/750] 447ab2d1-b2da-4cb0-97e7-3f094f1fcbae: 74 datasets; 0.9 s; peak memory 1136 MiB.
2026-10-05T15:42:06Z INFO [584/750] 447b21a9-9c91-4230-a11b-5b7f714ba498: 271 datasets; 13.2 s; peak memory 1136 MiB.
2026-10-05T15:42:07Z INFO [585/750] 447b52b2-66d0-4803-9e12-3191deeb60eb: 48 datasets; 1.0 s; peak memory 1136 MiB.
2026-10-05T15:42:09Z INFO [586/750] 447b90cb-67a6-466e-9855-069e83d22f5c: 112 datasets; 1.6 s; peak memory 1136 MiB.
2026-10-05T15:42:10Z INFO [587/750] 447bd01a-ec54-4e72-b259-53f32329aeaa: 46 datasets; 0.8 s; peak memory 1136 MiB.
2026-10-05T15:42:10Z INFO [588/750] 447bde26-4006-41ab-8e4a-896af2a54988: 46 datasets; 0.7 s; peak memory 1136 MiB.
2026-10-05T15:42:12Z INFO [589/750] 447c647e-d0f9-488c-92a0-6453ea59d9f3: 48 datasets; 1.1 s; peak memory 1136 MiB.
2026-10-05T15:42:13Z INFO [590/750] 447c9980-eed1-48ff-941f-59a9e312cdba: 69 datasets; 1.7 s; peak memory 1136 MiB.
2026-10-05T15:42:15Z INFO [591/750] 447d19f2-e73a-4565-9ca3-58580f467aa5: 78 datasets; 1.5 s; peak memory 1136 MiB.
2026-10-05T15:42:15Z INFO [592/750] 447d73a9-143d-4b0e-96ca-66f71c72d80a: 46 datasets; 0.6 s; peak memory 1136 MiB.
2026-10-05T15:42:18Z INFO [593/750] 447dd07c-d969-468c-9da0-d3a3368f28f5: 360 datasets; 2.8 s; peak memory 1136 MiB.
2026-10-05T15:42:19Z INFO [594/750] 447ddf6b-fc35-4d60-abbc-39e9ca72a3ff: 46 datasets; 0.6 s; peak memory 1136 MiB.
2026-10-05T15:42:20Z INFO [595/750] 447e49fa-9e71-41c0-9b0c-e311237cf147: 117 datasets; 0.9 s; peak memory 1136 MiB.
2026-10-05T15:42:20Z INFO [596/750] 447e9d1c-10b6-419c-b49d-9fea8b6d2397: 48 datasets; 0.7 s; peak memory 1136 MiB.
2026-10-05T15:42:21Z INFO [597/750] 447eb3f7-6165-4384-81f4-f95cfc05152f: 46 datasets; 0.7 s; peak memory 1136 MiB.
2026-10-05T15:42:25Z INFO [598/750] 447f62e1-0c02-4f2e-93a6-71bee7af59b2: 208 datasets; 4.2 s; peak memory 1136 MiB.
2026-10-05T15:42:56Z INFO [599/750] 44806c5b-254a-4090-a3af-1c5c16430f56: 58 datasets; 30.9 s; peak memory 1136 MiB.
2026-10-05T15:43:05Z INFO [600/750] 448071b5-5a9d-42c0-bd85-20d9c8916c16: 355 datasets; 9.1 s; peak memory 1136 MiB.
2026-10-05T15:43:05Z INFO [600/750] 448071b5-5a9d-42c0-bd85-20d9c8916c16: checkpointed 79935 records.
2026-10-05T15:43:07Z INFO [601/750] 448079a8-02a2-4893-b3a8-406d04dd4292: 71 datasets; 1.5 s; peak memory 1136 MiB.
2026-10-05T15:43:08Z INFO [602/750] 448129a1-a366-4586-9a3b-87d9eb975e3d: 66 datasets; 1.2 s; peak memory 1136 MiB.
2026-10-05T15:43:09Z INFO [603/750] 4481a4a2-25de-40cd-80ae-012d61987bb9: 48 datasets; 1.1 s; peak memory 1136 MiB.
2026-10-05T15:43:10Z INFO [604/750] 4482231d-47e0-440b-a62a-dfb2ba8086ab: 48 datasets; 1.0 s; peak memory 1136 MiB.
2026-10-05T15:43:14Z INFO [605/750] 44831cf1-7eda-4b2b-a635-6a032ac60cc9: 538 datasets; 4.2 s; peak memory 1136 MiB.
2026-10-05T15:43:16Z INFO [606/750] 4483d344-ae66-4588-8e4c-15e1f842560a: 101 datasets; 1.3 s; peak memory 1136 MiB.
2026-10-05T15:43:17Z INFO [607/750] 4483ff57-bc6b-4cf0-ab03-0afe4241cbcc: 69 datasets; 1.0 s; peak memory 1136 MiB.
2026-10-05T15:43:17Z INFO [608/750] 4484817e-f4ef-4ed3-affc-2475edd9d66f: 46 datasets; 0.6 s; peak memory 1136 MiB.
2026-10-05T15:43:19Z INFO [609/750] 4485bef7-f2be-43dd-a420-d7e42d32a4da: 47 datasets; 1.4 s; peak memory 1136 MiB.
2026-10-05T15:43:20Z INFO [610/750] 4485f579-d224-4611-94cf-f9b865f336be: 101 datasets; 1.1 s; peak memory 1136 MiB.
2026-10-05T15:43:21Z INFO [611/750] 448686f9-987f-4786-9ff0-9de7bb7a248d: 112 datasets; 1.1 s; peak memory 1136 MiB.
2026-10-05T15:43:25Z INFO [612/750] 448691f1-fa2e-4b43-88b1-fa9da1fbf535: 38 datasets; 3.5 s; peak memory 1136 MiB.
2026-10-05T15:43:25Z INFO [613/750] 4486979b-ac20-48b6-89df-dc9169f2db9d: 48 datasets; 0.9 s; peak memory 1136 MiB.
2026-10-05T15:43:34Z INFO [614/750] 4487a2ac-1f78-449a-90e6-932fa206012b: 82 datasets; 8.1 s; peak memory 1136 MiB.
2026-10-05T15:43:37Z INFO [615/750] 4487bfd6-d7bd-4434-8ed6-a7affa2583c0: 435 datasets; 3.7 s; peak memory 1136 MiB.
2026-10-05T15:43:39Z INFO [616/750] 44881576-91f5-4328-b2c6-8d723c203a4a: 66 datasets; 1.4 s; peak memory 1136 MiB.
2026-10-05T15:43:40Z INFO [617/750] 4488b360-020e-46a5-bcba-3a1bfc270991: 110 datasets; 1.0 s; peak memory 1136 MiB.
2026-10-05T15:43:40Z INFO [618/750] 448999f5-83b2-4399-930a-c755d7807790: 57 datasets; 0.5 s; peak memory 1136 MiB.
2026-10-05T15:43:50Z INFO [619/750] 4489e17d-099b-4547-ac94-1398723152e6: 86 datasets; 9.9 s; peak memory 1136 MiB.
2026-10-05T15:43:51Z INFO [620/750] 448a0caf-ed79-4f38-8f35-c1bc5d31b38f: 48 datasets; 0.8 s; peak memory 1136 MiB.
2026-10-05T15:43:52Z INFO [621/750] 448a23b6-cfaf-4998-ae6b-a3a13da1793d: 289 datasets; 1.3 s; peak memory 1136 MiB.
2026-10-05T15:43:54Z INFO [622/750] 448b82a0-3622-4091-baa6-7a7df30f4e36: 112 datasets; 1.5 s; peak memory 1136 MiB.
2026-10-05T15:43:58Z INFO [623/750] 448bc92d-6525-43ce-acf8-eb666f9ca9bc: 238 datasets; 4.5 s; peak memory 1136 MiB.
2026-10-05T15:43:59Z INFO [624/750] 448d01fc-79e1-4d88-97ac-50f4da0f4189: 118 datasets; 0.8 s; peak memory 1136 MiB.
2026-10-05T15:44:04Z INFO [625/750] 448df345-703e-4bf7-9976-59a50ce5c293: 499 datasets; 4.4 s; peak memory 1136 MiB.
2026-10-05T15:44:05Z INFO [626/750] 448e0b7c-c0e6-4b18-9673-a4a975988d0e: 69 datasets; 1.2 s; peak memory 1136 MiB.
2026-10-05T15:44:05Z INFO [627/750] 448f0b48-ae8a-425e-8c9e-6eaead40c5da: 54 datasets; 0.7 s; peak memory 1136 MiB.
2026-10-05T15:44:06Z INFO [628/750] 448f4c16-65f3-40c9-b6fb-b63a4005a238: 117 datasets; 1.0 s; peak memory 1136 MiB.
2026-10-05T15:44:07Z INFO [629/750] 44902528-9423-4599-bb93-f50db2d903ed: 48 datasets; 1.0 s; peak memory 1136 MiB.
2026-10-05T15:44:09Z INFO [630/750] 4490334e-e88d-49c2-8d56-f2b2dd313e0a: 124 datasets; 1.1 s; peak memory 1136 MiB.
2026-10-05T15:44:09Z INFO [631/750] 44903511-fbfd-442a-8cd8-9c3f229cd14a: 46 datasets; 0.5 s; peak memory 1136 MiB.
2026-10-05T15:44:10Z INFO [632/750] 4490bad9-be17-4d01-8971-2bcbb56190bd: 116 datasets; 1.0 s; peak memory 1136 MiB.
2026-10-05T15:44:11Z INFO [633/750] 4490f768-ca9a-45fc-8565-dd7e4729bf51: 52 datasets; 0.8 s; peak memory 1136 MiB.
2026-10-05T15:44:12Z INFO [634/750] 4491a312-191c-49fa-b81d-93442366655c: 48 datasets; 0.8 s; peak memory 1136 MiB.
2026-10-05T15:44:13Z INFO [635/750] 4492577b-461b-47d7-b230-cee210ceeb05: 112 datasets; 1.1 s; peak memory 1136 MiB.
2026-10-05T15:44:14Z INFO [636/750] 44935c34-da8c-4590-b7b7-2b2d41d34095: 116 datasets; 1.0 s; peak memory 1136 MiB.
2026-10-05T15:44:16Z INFO [637/750] 44939f26-a7bb-48c5-ab68-7d6a50bec646: 71 datasets; 1.7 s; peak memory 1136 MiB.
2026-10-05T15:44:16Z INFO [638/750] 4493ac03-984f-47e7-a0ba-e0e0f9a536d6: 38 datasets; 0.9 s; peak memory 1136 MiB.
2026-10-05T15:44:17Z INFO [639/750] 4494e702-6886-431d-a9a9-dbdfca514849: 66 datasets; 1.0 s; peak memory 1136 MiB.
2026-10-05T15:44:18Z INFO [640/750] 449692cb-f8c3-481b-8c92-911feb07a8e6: 48 datasets; 0.9 s; peak memory 1136 MiB.
2026-10-05T15:44:20Z INFO [641/750] 4497fd3c-3f80-4139-856d-dfd6eaf69033: 66 datasets; 1.5 s; peak memory 1136 MiB.
2026-10-05T15:44:20Z INFO [642/750] 44983f87-dbed-42eb-9877-e95bb2255564: 45 datasets; 0.7 s; peak memory 1136 MiB.
2026-10-05T15:44:21Z INFO [643/750] 449ae0cc-5e7c-41af-b5e5-81247edee4bf: 53 datasets; 0.8 s; peak memory 1136 MiB.
2026-10-05T15:44:22Z INFO [644/750] 449cbae4-a521-4626-b3fd-5e0893a397d4: 117 datasets; 1.1 s; peak memory 1136 MiB.
2026-10-05T15:44:30Z INFO [645/750] 449d32ac-8581-484c-9b91-c94a6c1a8495: 993 datasets; 7.4 s; peak memory 1136 MiB.
2026-10-05T15:44:32Z INFO [646/750] 449d3c71-3d20-44b9-89d0-b69ecbb938f8: 114 datasets; 2.6 s; peak memory 1136 MiB.
2026-10-05T15:44:33Z INFO [647/750] 449d7065-0575-4d80-9b81-ede2529d0f77: 48 datasets; 1.0 s; peak memory 1136 MiB.
2026-10-05T15:44:34Z INFO [648/750] 449d8be0-851e-4296-be4e-57c439b3abc7: 33 datasets; 0.6 s; peak memory 1136 MiB.
2026-10-05T15:44:35Z INFO [649/750] 449da8d4-ed94-46bf-8e70-97af9e5838ff: 46 datasets; 0.7 s; peak memory 1136 MiB.
2026-10-05T15:44:36Z INFO [650/750] 449e51b0-60f6-4a55-826b-5409368a411d: 33 datasets; 0.9 s; peak memory 1136 MiB.
2026-10-05T15:44:36Z INFO [650/750] 449e51b0-60f6-4a55-826b-5409368a411d: checkpointed 79985 records.
2026-10-05T15:44:47Z INFO [651/750] 449e6b70-e646-49ae-ae76-6586a2a63427: 1036 datasets; 11.5 s; peak memory 1136 MiB.
2026-10-05T15:44:51Z INFO [652/750] 449e7e08-c7bb-477f-9b54-d749b1de1daa: 85 datasets; 4.1 s; peak memory 1136 MiB.
2026-10-05T15:44:52Z INFO [653/750] 449e7e72-5e5b-4293-8acd-05c55d7e75fa: 48 datasets; 1.1 s; peak memory 1136 MiB.
2026-10-05T15:44:53Z INFO [654/750] 44a0afc7-f67e-4e36-9f9f-bf326ba0e3a0: 57 datasets; 0.7 s; peak memory 1136 MiB.
2026-10-05T15:44:55Z INFO [655/750] 44a0b4db-9062-49c4-9acf-38bf72dacdc0: 156 datasets; 2.3 s; peak memory 1136 MiB.
2026-10-05T15:44:58Z INFO [656/750] 44a17b6e-ef15-4b9a-877a-aab8cf217c6f: 138 datasets; 2.3 s; peak memory 1136 MiB.
2026-10-05T15:45:03Z INFO [657/750] 44a21162-3d2d-4428-becc-7d097f1a1c38: 538 datasets; 4.9 s; peak memory 1136 MiB.
2026-10-05T15:45:04Z INFO [658/750] 44a24ea8-333d-48e5-9708-04230870b55d: 79 datasets; 1.1 s; peak memory 1136 MiB.
2026-10-05T15:45:05Z INFO [659/750] 44a38f70-440b-4365-bf2a-1bc0eb438238: 117 datasets; 1.1 s; peak memory 1136 MiB.
2026-10-05T15:45:10Z INFO [660/750] 44a45c8a-2a2b-4da0-a054-3f897985ad72: 633 datasets; 5.5 s; peak memory 1136 MiB.
2026-10-05T15:45:11Z INFO [661/750] 44a4752c-396a-4e82-b65e-40715feb0731: 52 datasets; 0.7 s; peak memory 1136 MiB.
2026-10-05T15:45:12Z INFO [662/750] 44a4fa9a-a5d0-49ad-9233-271b2ac8f042: 48 datasets; 0.9 s; peak memory 1136 MiB.
2026-10-05T15:45:14Z INFO [663/750] 44a51724-9ff9-41af-8d41-f355a3ed83d2: 38 datasets; 2.0 s; peak memory 1136 MiB.
2026-10-05T15:45:16Z INFO [664/750] 44a594ad-ab3f-445a-8204-75658678c84e: 366 datasets; 2.6 s; peak memory 1136 MiB.
2026-10-05T15:45:21Z INFO [665/750] 44a60ae2-5887-471a-bdbd-bf7bb967ca9a: 229 datasets; 4.4 s; peak memory 1136 MiB.
2026-10-05T15:45:22Z INFO [666/750] 44a644e8-485c-468b-a130-dae843a18ded: 70 datasets; 1.0 s; peak memory 1136 MiB.
2026-10-05T15:45:23Z INFO [667/750] 44a6bb4e-2c8d-4e14-834e-8a0d04d2026c: 117 datasets; 1.0 s; peak memory 1136 MiB.
2026-10-05T15:45:24Z INFO [668/750] 44a6e94a-ee60-4fb0-94f9-7abb2c49610b: 69 datasets; 1.0 s; peak memory 1136 MiB.
2026-10-05T15:45:25Z INFO [669/750] 44a724cd-f551-462d-9011-a3dce62d2eaa: 116 datasets; 1.3 s; peak memory 1136 MiB.
2026-10-05T15:45:27Z INFO [670/750] 44a7a240-a349-4fba-b96e-0556a6a4f9b7: 115 datasets; 2.0 s; peak memory 1136 MiB.
2026-10-05T15:45:28Z INFO [671/750] 44a81a8b-946b-4ab5-80a2-7196b7299ce1: 48 datasets; 0.9 s; peak memory 1136 MiB.
2026-10-05T15:45:29Z INFO [672/750] 44a89378-92ba-4890-b679-9f5929b22740: 52 datasets; 0.7 s; peak memory 1136 MiB.
2026-10-05T15:45:30Z INFO [673/750] 44a8d1af-07a3-4a84-ba35-55ae12a4059f: 116 datasets; 1.2 s; peak memory 1136 MiB.
2026-10-05T15:45:31Z INFO [674/750] 44a8f123-bb0a-467a-ae82-53e99fb672fd: 118 datasets; 1.1 s; peak memory 1136 MiB.
2026-10-05T15:45:32Z INFO [675/750] 44a94af7-cdcd-4433-8ffe-c0dc2f212a1e: 118 datasets; 0.9 s; peak memory 1136 MiB.
2026-10-05T15:45:40Z INFO [676/750] 44aa4d23-6d30-4cba-920f-3cc2ebf2112f: 611 datasets; 8.7 s; peak memory 1136 MiB.
2026-10-05T15:45:43Z INFO [677/750] 44aab664-73de-4289-95f2-2d15484d9d17: 199 datasets; 2.7 s; peak memory 1136 MiB.
2026-10-05T15:45:44Z INFO [678/750] 44ad627d-bb9f-4944-8fb4-6b0cf2f5a8f4: 66 datasets; 1.2 s; peak memory 1136 MiB.
2026-10-05T15:45:46Z INFO [679/750] 44adc3ed-b6f0-4e8c-a11e-4422dabd1431: 131 datasets; 1.3 s; peak memory 1136 MiB.
2026-10-05T15:45:49Z INFO [680/750] 44add7fb-bcf6-4008-bf41-8dae30ed0deb: 381 datasets; 2.9 s; peak memory 1136 MiB.
2026-10-05T15:45:50Z INFO [681/750] 44adecb1-2387-4ffd-8209-a7549922081b: 69 datasets; 1.0 s; peak memory 1136 MiB.
2026-10-05T15:45:51Z INFO [682/750] 44ae2cd6-7a05-4478-a2c9-c865bdd6873c: 112 datasets; 1.3 s; peak memory 1136 MiB.
2026-10-05T15:46:32Z INFO [683/750] 44ae3f03-20d5-4ac0-826a-ea4507ef2a8c: 108 datasets; 41.0 s; peak memory 1136 MiB.
2026-10-05T15:46:33Z INFO [684/750] 44aec2d3-6699-4d7f-9a6a-d1a407ab623f: 110 datasets; 0.9 s; peak memory 1136 MiB.
2026-10-05T15:46:34Z INFO [685/750] 44afabfe-c206-4883-8c0e-9587161992e4: 57 datasets; 0.6 s; peak memory 1136 MiB.
2026-10-05T15:46:35Z INFO [686/750] 44b06858-bb45-4b12-bd0e-efe024d14162: 49 datasets; 1.4 s; peak memory 1136 MiB.
2026-10-05T15:46:36Z INFO [687/750] 44b0fc2d-7de4-49b7-be8c-8a808dd876d5: 117 datasets; 1.0 s; peak memory 1136 MiB.
2026-10-05T15:46:37Z INFO [688/750] 44b181c5-1bdd-417a-99f1-b92e4d5128f6: 112 datasets; 1.0 s; peak memory 1136 MiB.
2026-10-05T15:46:38Z INFO [689/750] 44b22324-0573-4f4a-9e03-084cf1d7e22a: 112 datasets; 1.2 s; peak memory 1136 MiB.
2026-10-05T15:46:39Z INFO [690/750] 44b2322d-8323-4a11-aff5-4630d5ebaeb7: 112 datasets; 1.1 s; peak memory 1136 MiB.
2026-10-05T15:46:40Z INFO [691/750] 44b2df7b-1b23-4c93-a7b3-e730c53af9f4: 112 datasets; 1.0 s; peak memory 1136 MiB.
2026-10-05T15:46:41Z INFO [692/750] 44b39666-3827-4f3a-a3b1-005aca554d28: 52 datasets; 1.0 s; peak memory 1136 MiB.
2026-10-05T15:46:43Z INFO [693/750] 44b3976c-32c4-4821-a5d1-314ee7031146: 74 datasets; 1.5 s; peak memory 1136 MiB.
2026-10-05T15:46:44Z INFO [694/750] 44b44ddf-3ee6-4344-b959-8a82fa3e0a13: 66 datasets; 1.3 s; peak memory 1136 MiB.
2026-10-05T15:46:46Z INFO [695/750] 44b45436-506a-4d1c-bb09-1970b6d62038: 71 datasets; 2.1 s; peak memory 1136 MiB.
2026-10-05T15:46:48Z INFO [696/750] 44b4ab5a-c706-4394-b65a-da3da4754cba: 275 datasets; 1.6 s; peak memory 1136 MiB.
2026-10-05T15:46:58Z INFO [697/750] 44b4baf4-45e8-4b8e-ac8d-1f842c401a63: 271 datasets; 10.3 s; peak memory 1136 MiB.
2026-10-05T15:46:59Z INFO [698/750] 44b4e668-6abc-49b6-89a1-b227a03bd367: 117 datasets; 0.9 s; peak memory 1136 MiB.
2026-10-05T15:47:00Z INFO [699/750] 44b63ee7-0417-4a26-ac49-323b517a583a: 116 datasets; 1.1 s; peak memory 1136 MiB.
2026-10-05T15:47:01Z INFO [700/750] 44b68721-8ebf-4ca0-8e20-837df980f581: 48 datasets; 0.9 s; peak memory 1136 MiB.
2026-10-05T15:47:01Z INFO [700/750] 44b68721-8ebf-4ca0-8e20-837df980f581: checkpointed 80035 records.
2026-10-05T15:47:02Z INFO [701/750] 44b76263-5375-4e03-aef1-1479314ea802: 83 datasets; 0.9 s; peak memory 1136 MiB.
2026-10-05T15:47:09Z INFO [702/750] 44b76755-c390-427c-aed4-0deb0a1d4086: 219 datasets; 6.5 s; peak memory 1136 MiB.
2026-10-05T15:47:09Z INFO [703/750] 44b77c59-cfb8-4028-91e2-b8a2a64aa8a1: 41 datasets; 0.8 s; peak memory 1136 MiB.
2026-10-05T15:47:56Z INFO [704/750] 44b792bf-c64f-4586-9f14-06ca21577bd0: 2188 datasets; 46.5 s; peak memory 1136 MiB.
2026-10-05T15:47:57Z INFO [705/750] 44b7d953-6701-49cf-b66a-612654732644: 52 datasets; 1.0 s; peak memory 1136 MiB.
2026-10-05T15:48:02Z INFO [706/750] 44b7e452-9459-4a7b-912c-cba8b466744f: 194 datasets; 5.4 s; peak memory 1136 MiB.
2026-10-05T15:48:04Z INFO [707/750] 44b901d8-345d-40ba-ae04-9c409d40f724: 124 datasets; 1.7 s; peak memory 1136 MiB.
2026-10-05T15:48:05Z INFO [708/750] 44b9a337-a268-4766-97d4-b6faa25bce1b: 71 datasets; 1.4 s; peak memory 1136 MiB.
2026-10-05T15:48:06Z INFO [709/750] 44ba0a3c-b20c-4836-a843-2143ff57b200: 110 datasets; 1.2 s; peak memory 1136 MiB.
2026-10-05T15:48:07Z INFO [710/750] 44bb088b-d465-44f8-8ba0-f45de901d1e0: 57 datasets; 0.6 s; peak memory 1136 MiB.
2026-10-05T15:48:08Z INFO [711/750] 44bc1a96-3372-4011-8049-1df4cf83452f: 118 datasets; 1.0 s; peak memory 1136 MiB.
2026-10-05T15:48:09Z INFO [712/750] 44bc280b-7a9b-4e85-9769-b936fe1864af: 48 datasets; 1.1 s; peak memory 1136 MiB.
2026-10-05T15:48:11Z INFO [713/750] 44bc4a78-4f9d-43da-9601-130f965f891e: 71 datasets; 2.0 s; peak memory 1136 MiB.
2026-10-05T15:48:12Z INFO [714/750] 44bca91e-c3e9-4cc7-bdda-a5ac8f4c7afa: 116 datasets; 1.2 s; peak memory 1136 MiB.
2026-10-05T15:48:15Z INFO [715/750] 44bd399d-ec60-491c-b844-50394419f00c: 156 datasets; 2.1 s; peak memory 1136 MiB.
2026-10-05T15:48:16Z INFO [716/750] 44bdf747-0e36-45f7-a925-0985eacfe2c7: 66 datasets; 1.4 s; peak memory 1136 MiB.
2026-10-05T15:48:23Z INFO [717/750] 44be51c0-a189-4b9c-80db-3a5c5f0d15da: 563 datasets; 6.9 s; peak memory 1136 MiB.
2026-10-05T15:48:27Z INFO [718/750] 44bef941-fd8e-4293-9359-02373e85f10e: 196 datasets; 4.6 s; peak memory 1136 MiB.
2026-10-05T15:48:28Z INFO [719/750] 44c06225-92cb-403c-b5d3-67edf026b2b9: 48 datasets; 0.8 s; peak memory 1136 MiB.
2026-10-05T15:48:29Z INFO [720/750] 44c22b03-d75e-4c48-a057-b5168a39b81d: 48 datasets; 1.1 s; peak memory 1136 MiB.
2026-10-05T15:48:31Z INFO [721/750] 44c26d9a-adba-49e6-890d-730501175cd8: 115 datasets; 1.2 s; peak memory 1136 MiB.
2026-10-05T15:48:32Z INFO [722/750] 44c2b893-4f1d-4d23-856f-fa62b5167ca9: 117 datasets; 1.1 s; peak memory 1136 MiB.
2026-10-05T15:48:33Z INFO [723/750] 44c2cc59-d1e8-4caa-9c78-654708335d76: 48 datasets; 1.0 s; peak memory 1136 MiB.
2026-10-05T15:48:34Z INFO [724/750] 44c2d08b-ca87-4e0f-9fd5-f21c3cc031b3: 84 datasets; 1.2 s; peak memory 1136 MiB.
2026-10-05T15:48:35Z INFO [725/750] 44c49686-9254-49f6-81b4-e64a5db995fb: 46 datasets; 0.7 s; peak memory 1136 MiB.
2026-10-05T15:48:36Z INFO [726/750] 44c4e348-9a0f-45c8-a888-89c96a3a9c17: 132 datasets; 0.9 s; peak memory 1136 MiB.
2026-10-05T15:48:36Z INFO [727/750] 44c4faa9-b45e-4a4c-90a9-abdaef242d49: 41 datasets; 0.7 s; peak memory 1136 MiB.
2026-10-05T15:48:37Z INFO [728/750] 44c624c0-89c7-46c8-81ba-01cbcdfa8657: 48 datasets; 1.0 s; peak memory 1136 MiB.
2026-10-05T15:48:38Z INFO [729/750] 44c6a011-09b8-4c74-ba9e-34615e94cf9e: 48 datasets; 0.9 s; peak memory 1136 MiB.
2026-10-05T15:48:40Z INFO [730/750] 44c6e7e8-d6c7-4bbd-b374-a823aae99520: 38 datasets; 1.8 s; peak memory 1136 MiB.
2026-10-05T15:48:41Z INFO [731/750] 44c708ea-d038-4a5f-803b-aa7b9bade225: 79 datasets; 1.2 s; peak memory 1136 MiB.
2026-10-05T15:48:42Z INFO [732/750] 44c77e64-c998-42ba-b1e6-9883e2df6f45: 289 datasets; 1.0 s; peak memory 1136 MiB.
2026-10-05T15:48:43Z INFO [733/750] 44c7dfdd-f1b6-45b8-855e-d35c36e45302: 31 datasets; 0.8 s; peak memory 1136 MiB.
2026-10-05T15:48:44Z INFO [734/750] 44c8bb52-462f-4c05-816c-f7440a2c2194: 61 datasets; 1.2 s; peak memory 1136 MiB.
2026-10-05T15:48:45Z INFO [735/750] 44c8d790-51a3-4fbd-90ed-607bd1804b8f: 48 datasets; 1.0 s; peak memory 1136 MiB.
2026-10-05T15:48:46Z INFO [736/750] 44c924e5-a983-4dc0-8012-de13c87be632: 117 datasets; 1.0 s; peak memory 1136 MiB.
2026-10-05T15:48:47Z INFO [737/750] 44caa0be-38ec-451c-90e8-b3e28e24ce24: 115 datasets; 1.1 s; peak memory 1136 MiB.
2026-10-05T15:48:52Z INFO [738/750] 44cb2693-ad39-4d2e-8fec-76739b44325b: 570 datasets; 5.0 s; peak memory 1136 MiB.
2026-10-05T15:48:57Z INFO [739/750] 44cb277a-3018-454e-9ec5-08248488bcc5: 196 datasets; 4.8 s; peak memory 1136 MiB.
2026-10-05T15:48:58Z INFO [740/750] 44cc0870-42ca-4814-aea2-f99366693202: 48 datasets; 0.9 s; peak memory 1136 MiB.
2026-10-05T15:48:59Z INFO [741/750] 44cd1fae-9eed-4256-93c1-619e79e73d49: 48 datasets; 0.8 s; peak memory 1136 MiB.
2026-10-05T15:49:00Z INFO [742/750] 44cd3de4-b792-48ac-92e2-c4486f5bfe83: 48 datasets; 0.9 s; peak memory 1136 MiB.
2026-10-05T15:49:01Z INFO [743/750] 44ce47b6-5bdb-47e4-bf18-32cf83039211: 48 datasets; 1.0 s; peak memory 1136 MiB.
2026-10-05T15:49:01Z INFO [744/750] 44cf9d6e-fda7-4ada-960c-71d9388a0a46: 46 datasets; 0.8 s; peak memory 1136 MiB.
2026-10-05T15:49:02Z INFO [745/750] 44d04730-71dd-4d9f-b924-6cd154b3910b: 112 datasets; 1.0 s; peak memory 1136 MiB.
2026-10-05T15:49:25Z INFO [746/750] 44d090d6-3ead-4e61-9274-95c72f48b873: 48 datasets; 22.2 s; peak memory 1136 MiB.
2026-10-05T15:49:26Z INFO [747/750] 44d0f504-0587-4a86-aaf0-7571849cfe19: 117 datasets; 1.1 s; peak memory 1136 MiB.
2026-10-05T15:49:27Z INFO [748/750] 44d10c53-8d6a-4dc0-a29c-d7ce0f4fe656: 66 datasets; 1.1 s; peak memory 1136 MiB.
2026-10-05T15:49:29Z INFO [749/750] 44d22694-2c55-4e93-b381-057d878a638a: 119 datasets; 2.0 s; peak memory 1136 MiB.
2026-10-05T15:49:30Z INFO [750/750] 44d2a103-b7a9-4d0a-a2ea-a5b20b38605d: 48 datasets; 0.8 s; peak memory 1136 MiB.
2026-10-05T15:49:30Z INFO [750/750] 44d2a103-b7a9-4d0a-a2ea-a5b20b38605d: checkpointed 80085 records.
2026-10-05T15:49:30Z INFO Wrote 80085 records to /tmp/derivatives/valid_nwb_file_to_number_of_datasets.jsonl (750 new, 0 failed) in 67.2 min (peak memory 1136 MiB).
