2026-09-18T20:45:05Z INFO Logging to /tmp/logs/update_2026-09-18T20-45-05Z.log.
2026-09-18T20:45:05Z INFO Update valid-nwb-file-to-number-of-datasets (base directory /tmp).
2026-09-18T20:45:05Z INFO Processing 369 items (49900 already recorded).
2026-09-18T20:45:06Z INFO [1/369] 064dbccc-cac7-4909-8c3f-2cc127d8fe60: 46 datasets; 0.9 s; peak memory 96 MiB.
2026-09-18T20:45:07Z INFO [2/369] 064dfd3f-a6d3-4494-9842-30eb6ac2d533: 118 datasets; 0.9 s; peak memory 101 MiB.
2026-09-18T20:45:09Z INFO [3/369] 064e1660-1e68-4ade-a363-40abdc7ea611: 90 datasets; 1.8 s; peak memory 102 MiB.
2026-09-18T20:45:10Z INFO [4/369] 064fefac-41fe-4311-968c-265ebcf46d87: 89 datasets; 0.7 s; peak memory 103 MiB.
2026-09-18T20:45:10Z INFO [5/369] 06508326-2418-47cd-b3fc-bea60f0c9e2e: 117 datasets; 0.7 s; peak memory 103 MiB.
2026-09-18T20:45:11Z INFO [6/369] 0650837b-7e7f-4e5e-ae30-433afc75e218: 112 datasets; 1.0 s; peak memory 104 MiB.
2026-09-18T20:45:12Z INFO [7/369] 06514b38-f075-4f13-971a-0c598258b934: 48 datasets; 0.7 s; peak memory 104 MiB.
2026-09-18T20:45:13Z INFO [8/369] 065286f4-88ef-48a8-b1f3-5b3c5af047c6: 116 datasets; 0.7 s; peak memory 104 MiB.
2026-09-18T20:45:13Z INFO [9/369] 06543034-a261-498b-a0e8-f7b3d32f359c: 42 datasets; 0.6 s; peak memory 104 MiB.
2026-09-18T20:45:16Z INFO [10/369] 0654a4f0-5300-4cc4-9f27-b8350bd04a36: 38 datasets; 2.3 s; peak memory 109 MiB.
2026-09-18T20:45:16Z INFO [11/369] 0654bbd6-3706-4d30-b4e7-bcfee7f1c3db: 48 datasets; 0.8 s; peak memory 109 MiB.
2026-09-18T20:45:23Z INFO [12/369] 06553df4-22a5-4c1c-8c62-d688b40edf2b: 580 datasets; 6.2 s; peak memory 120 MiB.
2026-09-18T20:45:27Z INFO [13/369] 0655595d-cce5-46c1-b57d-becc785c2660: 343 datasets; 4.7 s; peak memory 125 MiB.
2026-09-18T20:45:28Z INFO [14/369] 0655fca6-a89b-4fb0-b001-af59d773e192: 48 datasets; 0.6 s; peak memory 125 MiB.
2026-09-18T20:45:29Z INFO [15/369] 06564355-37a9-4e4e-a408-044fbb58d2ae: 71 datasets; 1.2 s; peak memory 125 MiB.
2026-09-18T20:45:30Z INFO [16/369] 06564d7c-eb5f-4c38-9839-0b683a842d88: 112 datasets; 0.6 s; peak memory 125 MiB.
2026-09-18T20:45:30Z INFO [17/369] 06566cfe-5f8b-4b83-9075-59629872c4cf: 48 datasets; 0.6 s; peak memory 125 MiB.
2026-09-18T20:45:33Z INFO [18/369] 0656b2ab-b374-40e0-bc3f-e24b4e8a0a65: 231 datasets; 3.0 s; peak memory 126 MiB.
2026-09-18T20:45:34Z INFO [19/369] 06572ae3-0f68-4e5b-9962-b62170a61fac: 48 datasets; 0.8 s; peak memory 126 MiB.
2026-09-18T20:45:35Z INFO [20/369] 06578be0-0314-4595-856e-067aba710103: 45 datasets; 0.5 s; peak memory 126 MiB.
2026-09-18T20:45:36Z INFO [21/369] 065875df-55d8-4785-abff-22e7c7d1e350: 112 datasets; 0.9 s; peak memory 126 MiB.
2026-09-18T20:45:37Z INFO [22/369] 06588843-144a-4294-a801-ae910f9ff18e: 112 datasets; 1.0 s; peak memory 126 MiB.
2026-09-18T20:45:37Z INFO [23/369] 065a21d1-8076-4e71-932d-1ba3fdf29136: 112 datasets; 0.8 s; peak memory 126 MiB.
2026-09-18T20:45:38Z INFO [24/369] 065a6a76-e45f-48f6-961b-00948e12bf44: 118 datasets; 0.7 s; peak memory 126 MiB.
2026-09-18T20:45:39Z INFO [25/369] 065b371e-770b-4113-b41b-27f8e204cc56: 101 datasets; 1.1 s; peak memory 126 MiB.
2026-09-18T20:45:44Z INFO [26/369] 065c0e14-a6a5-4caa-a11c-b1f846f616d7: 79 datasets; 5.1 s; peak memory 126 MiB.
2026-09-18T20:45:45Z INFO [27/369] 065c1f7b-13f4-47b7-a2a2-4caa60060261: 117 datasets; 0.6 s; peak memory 126 MiB.
2026-09-18T20:45:46Z INFO [28/369] 065ca47c-4b02-44ed-ba82-85561df18640: 66 datasets; 0.9 s; peak memory 126 MiB.
2026-09-18T20:45:46Z INFO [29/369] 065cb80e-45b9-4bee-a5c8-4621b015ddee: 38 datasets; 0.5 s; peak memory 126 MiB.
2026-09-18T20:45:47Z INFO [30/369] 065cda57-cb0c-4677-9a45-60f20e9a23f3: 69 datasets; 0.7 s; peak memory 126 MiB.
2026-09-18T20:45:48Z INFO [31/369] 065d10e1-f3b0-40f5-8f00-99f5477144d6: 116 datasets; 0.8 s; peak memory 126 MiB.
2026-09-18T20:45:48Z INFO [32/369] 065d4249-52e8-41d2-87ec-80e14b0ade0a: 48 datasets; 0.6 s; peak memory 126 MiB.
2026-09-18T20:45:49Z INFO [33/369] 065dd638-b41b-4bc5-a0d2-c15664653d87: 69 datasets; 0.8 s; peak memory 127 MiB.
2026-09-18T20:45:50Z INFO [34/369] 065e0c5d-baff-416f-9e97-f7a82f5e9d6c: 118 datasets; 0.8 s; peak memory 127 MiB.
2026-09-18T20:45:51Z INFO [35/369] 065e4a6e-387e-4183-9724-9885445fa205: 114 datasets; 0.7 s; peak memory 127 MiB.
2026-09-18T20:45:51Z INFO [36/369] 065eb967-79a0-4a95-b089-6f69fcdfb62d: 117 datasets; 0.7 s; peak memory 127 MiB.
2026-09-18T20:45:52Z INFO [37/369] 065ecdf5-9f65-4033-a914-3c6a23c9ee0d: 48 datasets; 0.6 s; peak memory 127 MiB.
2026-09-18T20:45:53Z INFO [38/369] 065fb623-256e-4537-bbc2-5956e35e675e: 48 datasets; 0.6 s; peak memory 127 MiB.
2026-09-18T20:45:53Z INFO [39/369] 06603511-00ed-450a-aca2-a5f9372f1f05: 48 datasets; 0.6 s; peak memory 127 MiB.
2026-09-18T20:45:54Z INFO [40/369] 06604994-2a1d-432e-9838-eaee4cf8c95a: 46 datasets; 0.6 s; peak memory 127 MiB.
2026-09-18T20:45:55Z INFO [41/369] 066081a4-b69c-4808-8a43-f724d8633f14: 69 datasets; 0.9 s; peak memory 127 MiB.
2026-09-18T20:45:55Z INFO [42/369] 0660ec7d-23c8-474c-b720-b5c0fc78d01b: 117 datasets; 0.7 s; peak memory 127 MiB.
2026-09-18T20:45:59Z INFO [43/369] 06619f0a-40a6-401e-853f-7a31f3f096e8: 196 datasets; 3.9 s; peak memory 127 MiB.
2026-09-18T20:46:00Z INFO [44/369] 0661b2f2-3fb4-437d-9e9b-66e727a0f45d: 48 datasets; 0.8 s; peak memory 127 MiB.
2026-09-18T20:46:02Z INFO [45/369] 0661c340-d589-40bb-ab5d-c225a5c504c3: 165 datasets; 1.5 s; peak memory 127 MiB.
2026-09-18T20:46:03Z INFO [46/369] 0661f13e-7eff-4247-aa95-2eae7b0c3960: 71 datasets; 1.2 s; peak memory 127 MiB.
2026-09-18T20:46:03Z INFO [47/369] 066263e7-9b25-402b-aa7d-f0458407b1f1: 50 datasets; 0.5 s; peak memory 127 MiB.
2026-09-18T20:46:04Z INFO [48/369] 0662a888-4665-4c5f-b2d8-838b3566f9ae: 52 datasets; 0.7 s; peak memory 127 MiB.
2026-09-18T20:46:05Z INFO [49/369] 066302da-48a8-4bb6-99ef-073175c3fbff: 52 datasets; 0.6 s; peak memory 127 MiB.
2026-09-18T20:46:05Z INFO [50/369] 066333ef-182a-43fa-81fb-88e3b616d707: 46 datasets; 0.4 s; peak memory 127 MiB.
2026-09-18T20:46:05Z INFO [50/369] 066333ef-182a-43fa-81fb-88e3b616d707: checkpointed 49950 records.
2026-09-18T20:46:06Z INFO [51/369] 06639d76-dba2-41b8-960e-a7f021ec0264: 45 datasets; 0.5 s; peak memory 127 MiB.
2026-09-18T20:46:07Z INFO [52/369] 0664090e-391b-4336-8e54-6cd92ca0346c: 119 datasets; 1.5 s; peak memory 127 MiB.
2026-09-18T20:46:08Z INFO [53/369] 0664def5-43fb-4126-81ef-eb5ac37952d4: 77 datasets; 0.8 s; peak memory 127 MiB.
2026-09-18T20:46:09Z INFO [54/369] 0665065c-e427-442e-a315-42233a9d6984: 118 datasets; 0.8 s; peak memory 127 MiB.
2026-09-18T20:46:10Z INFO [55/369] 06651b7f-133b-43aa-b4ff-c8ccd271b49a: 66 datasets; 1.1 s; peak memory 127 MiB.
2026-09-18T20:46:16Z INFO [56/369] 0665772e-6147-4057-85be-8caf934b2975: 793 datasets; 5.9 s; peak memory 140 MiB.
2026-09-18T20:46:16Z INFO [57/369] 0666c67b-5338-44f1-a199-0f9fe1341f43: 46 datasets; 0.5 s; peak memory 140 MiB.
2026-09-18T20:46:17Z INFO [58/369] 0666f5c2-5991-4cf5-afca-cc7131fd81af: 46 datasets; 0.6 s; peak memory 140 MiB.
2026-09-18T20:46:17Z INFO [59/369] 0668b06a-e095-41aa-9a5d-634035f9be47: 117 datasets; 0.8 s; peak memory 140 MiB.
2026-09-18T20:46:18Z INFO [60/369] 06696c11-d9c4-4b98-b994-1e0cc198140d: 112 datasets; 1.0 s; peak memory 140 MiB.
2026-09-18T20:46:19Z INFO [61/369] 0669daa2-eefb-4ffc-9e52-37fea0a92681: 118 datasets; 0.7 s; peak memory 140 MiB.
2026-09-18T20:46:20Z INFO [62/369] 066a734a-f816-4392-aedf-414b4cc0996f: 117 datasets; 1.2 s; peak memory 141 MiB.
2026-09-18T20:51:07Z INFO [63/369] 066ae256-4ec2-4da4-a5f2-c8e106beadcd: 99 datasets; 286.4 s; peak memory 1082 MiB.
2026-09-18T20:51:07Z INFO [64/369] 066b83e3-abd2-4e8a-92d1-b8852b924095: 38 datasets; 0.6 s; peak memory 1082 MiB.
2026-09-18T20:51:17Z INFO [65/369] 066b97ad-c2df-44a8-a5aa-97b88f3f4170: 533 datasets; 9.3 s; peak memory 1082 MiB.
2026-09-18T20:51:18Z INFO [66/369] 066ba34d-a0bd-4f6d-90de-1b9decfe64a9: 261 datasets; 0.9 s; peak memory 1082 MiB.
2026-09-18T20:51:19Z INFO [67/369] 066bfd6e-57ae-4fa2-9672-9101c374df6c: 66 datasets; 0.9 s; peak memory 1082 MiB.
2026-09-18T20:51:19Z INFO [68/369] 066d38d5-1a29-403e-9faa-01eaf255b2a1: 117 datasets; 0.8 s; peak memory 1082 MiB.
2026-09-18T20:51:24Z INFO [69/369] 066d4585-4e66-4588-91a9-ce90944f5943: 824 datasets; 5.0 s; peak memory 1082 MiB.
2026-09-18T20:51:26Z INFO [70/369] 066e8e7d-688b-4d06-8ef5-f266d187d4ba: 55 datasets; 1.7 s; peak memory 1082 MiB.
2026-09-18T20:51:30Z INFO [71/369] 066ee288-2f8c-4e66-9b37-72ab6748659c: 538 datasets; 3.7 s; peak memory 1082 MiB.
2026-09-18T20:51:31Z INFO [72/369] 066f1ceb-fe09-4b77-a07b-749c676de3bc: 117 datasets; 0.8 s; peak memory 1082 MiB.
2026-09-18T20:51:31Z INFO [73/369] 066fc6ea-7bd6-4858-a891-67c8ec07e205: 118 datasets; 0.8 s; peak memory 1082 MiB.
2026-09-18T20:53:03Z INFO [74/369] 066fe628-6620-4edc-941b-acd959ea1f25: 167 datasets; 91.6 s; peak memory 1082 MiB.
2026-09-18T20:53:08Z INFO [75/369] 0670ff4b-76ab-49c3-af60-449a7b3180ba: 107 datasets; 5.2 s; peak memory 1082 MiB.
2026-09-18T20:53:09Z INFO [76/369] 06713c4b-2793-4215-8347-0aa7ff15f92c: 66 datasets; 1.0 s; peak memory 1082 MiB.
2026-09-18T20:53:10Z INFO [77/369] 06716380-e13d-46ae-8e7e-fa21c09903ce: 48 datasets; 0.7 s; peak memory 1082 MiB.
2026-09-18T20:53:11Z INFO [78/369] 067173e7-2f5c-4e3a-9994-d2a9f19953f9: 48 datasets; 0.7 s; peak memory 1082 MiB.
2026-09-18T20:53:11Z INFO [79/369] 0671a1e4-f049-4f43-af47-dc24c11e7938: 66 datasets; 0.8 s; peak memory 1082 MiB.
2026-09-18T20:53:13Z INFO [80/369] 0671abb8-d94d-4b0d-b9b7-a2ea65b6b79e: 156 datasets; 1.9 s; peak memory 1082 MiB.
2026-09-18T20:53:14Z INFO [81/369] 06725e0c-b79a-487e-90f4-2fceb008408d: 48 datasets; 0.7 s; peak memory 1082 MiB.
2026-09-18T20:53:15Z INFO [82/369] 0672c6ea-b8a9-4268-afec-a5c0d7b40f6c: 112 datasets; 1.0 s; peak memory 1082 MiB.
2026-09-18T20:53:19Z INFO [83/369] 06737f00-1e12-4ffe-96b9-958a9ec6b770: 645 datasets; 4.1 s; peak memory 1082 MiB.
2026-09-18T20:53:20Z INFO [84/369] 0674b485-d393-44f1-80cf-85ad1eebd888: 62 datasets; 1.1 s; peak memory 1082 MiB.
2026-09-18T20:53:21Z INFO [85/369] 06752a67-dfaf-4987-840c-6b42ba1e1cc7: 112 datasets; 0.7 s; peak memory 1082 MiB.
2026-09-18T20:53:21Z INFO [86/369] 06760ea0-f991-4f89-ac3a-b7f77d3ee5ca: 48 datasets; 0.6 s; peak memory 1082 MiB.
2026-09-18T20:53:22Z INFO [87/369] 06770aa1-7f0c-4bca-926c-1986745019d9: 112 datasets; 0.8 s; peak memory 1082 MiB.
2026-09-18T20:53:23Z INFO [88/369] 067720cb-f739-4a07-b0e6-527c3138beb0: 112 datasets; 1.0 s; peak memory 1082 MiB.
2026-09-18T20:53:24Z INFO [89/369] 06779cd8-6ab1-428c-99b0-7c4b688cb5df: 110 datasets; 0.7 s; peak memory 1082 MiB.
2026-09-18T20:53:27Z INFO [90/369] 0677fdc3-5d92-4614-88d4-55ca0edf23da: 494 datasets; 3.1 s; peak memory 1082 MiB.
2026-09-18T20:53:28Z INFO [91/369] 067803a4-c8cb-4420-a04f-97858aa1dcdb: 112 datasets; 0.9 s; peak memory 1082 MiB.
2026-09-18T20:53:29Z INFO [92/369] 067899a7-e8d6-40d0-a8c7-5abeb032299d: 115 datasets; 1.4 s; peak memory 1082 MiB.
2026-09-18T20:53:30Z INFO [93/369] 0678dd83-d6c0-4fa0-9b12-11a77f62458f: 49 datasets; 0.8 s; peak memory 1082 MiB.
2026-09-18T20:53:32Z INFO [94/369] 0679437d-0e7c-424c-a8ee-5a23e63ae4a3: 115 datasets; 1.6 s; peak memory 1082 MiB.
2026-09-18T20:53:32Z INFO [95/369] 0679a6e6-4c44-4e66-ba4e-f1f3922cd155: 52 datasets; 0.7 s; peak memory 1082 MiB.
2026-09-18T20:53:37Z INFO [96/369] 067ab4db-be11-46c0-9988-ae251e4d92b4: 51 datasets; 4.1 s; peak memory 1082 MiB.
2026-09-18T20:53:37Z INFO [97/369] 067b1310-aa5a-4e65-967f-6f05df4993c3: 48 datasets; 0.6 s; peak memory 1082 MiB.
2026-09-18T20:53:39Z INFO [98/369] 067e0869-88d7-4858-8671-64bd9a4718b3: 71 datasets; 1.5 s; peak memory 1082 MiB.
2026-09-18T20:53:40Z INFO [99/369] 067e2a15-cd15-4f21-90d7-2368247d0440: 118 datasets; 1.2 s; peak memory 1082 MiB.
2026-09-18T20:53:41Z INFO [100/369] 067e99ec-def6-4ea4-a48f-4110ac40a042: 48 datasets; 0.6 s; peak memory 1082 MiB.
2026-09-18T20:53:41Z INFO [100/369] 067e99ec-def6-4ea4-a48f-4110ac40a042: checkpointed 50000 records.
2026-09-18T20:53:41Z INFO [101/369] 067ea211-38bd-4f0a-87d4-107267bd9b3b: 290 datasets; 0.8 s; peak memory 1082 MiB.
2026-09-18T20:53:42Z INFO [102/369] 067ea819-e5c4-418b-b391-ec5d803bbbc6: 118 datasets; 0.8 s; peak memory 1082 MiB.
2026-09-18T20:53:45Z INFO [103/369] 067f8a20-3286-4b8a-aab5-97caa767bf14: 229 datasets; 3.2 s; peak memory 1082 MiB.
2026-09-18T20:53:46Z INFO [104/369] 06800a34-27c5-4b64-bd5b-af269ad51f88: 48 datasets; 0.7 s; peak memory 1082 MiB.
2026-09-18T20:53:47Z INFO [105/369] 0680a097-c76e-4382-8258-357f58305cad: 116 datasets; 0.7 s; peak memory 1082 MiB.
2026-09-18T20:53:48Z INFO [106/369] 0681337e-3295-4bf2-bca6-4d88b3174b1c: 112 datasets; 0.9 s; peak memory 1082 MiB.
2026-09-18T20:53:48Z INFO [107/369] 06822e81-78a2-489b-8385-98ed313a0bc1: 52 datasets; 0.7 s; peak memory 1082 MiB.
2026-09-18T20:53:49Z INFO [108/369] 06823506-5894-477c-b550-f647813328bb: 117 datasets; 0.8 s; peak memory 1082 MiB.
2026-09-18T20:53:50Z INFO [109/369] 06839373-286c-4716-b9cd-ed9dbff95b70: 48 datasets; 0.7 s; peak memory 1082 MiB.
2026-09-18T20:53:54Z INFO [110/369] 06840152-7a68-4e42-a305-47635ddf2804: 240 datasets; 3.8 s; peak memory 1082 MiB.
2026-09-18T20:55:22Z INFO [111/369] 068544af-4a80-4c85-aacc-7f424bdddebe: 280 datasets; 87.9 s; peak memory 1082 MiB.
2026-09-18T20:55:23Z INFO [112/369] 0685cdec-9137-4d51-8a2c-7a03c41c3602: 112 datasets; 1.0 s; peak memory 1082 MiB.
2026-09-18T20:55:23Z INFO [113/369] 0685f8af-b619-44f4-97f9-730de0f0a0cc: 50 datasets; 0.7 s; peak memory 1082 MiB.
2026-09-18T20:55:24Z INFO [114/369] 06865f7a-9300-491f-b453-0579e039226d: 112 datasets; 1.0 s; peak memory 1082 MiB.
2026-09-18T20:55:25Z INFO [115/369] 0686d53a-7143-445f-b9b3-2db75fb0174c: 48 datasets; 0.8 s; peak memory 1082 MiB.
2026-09-18T20:55:26Z INFO [116/369] 0689954e-c04d-4da7-9c55-ffef5688914f: 46 datasets; 0.5 s; peak memory 1082 MiB.
2026-09-18T20:55:27Z INFO [117/369] 0689bdf1-3d01-4a85-81bb-5e7893a8c61f: 52 datasets; 0.8 s; peak memory 1082 MiB.
2026-09-18T20:55:27Z INFO [118/369] 068b1166-fad3-48d9-aeb9-f0c357b7e071: 118 datasets; 0.7 s; peak memory 1082 MiB.
2026-09-18T20:55:28Z INFO [119/369] 068b739d-8203-494f-ac0a-62bac0e9c629: 46 datasets; 0.6 s; peak memory 1082 MiB.
2026-09-18T20:55:29Z INFO [120/369] 068b9f1c-70d1-4bfe-a128-d3eb2266b2f5: 112 datasets; 0.8 s; peak memory 1082 MiB.
2026-09-18T20:55:33Z INFO [121/369] 068c3275-84c4-4fbe-b2ae-3f3b783d6ae4: 56 datasets; 4.1 s; peak memory 1082 MiB.
2026-09-18T20:55:33Z INFO [122/369] 068d32d5-549d-4bd9-a382-8614eb35bb41: 50 datasets; 0.6 s; peak memory 1082 MiB.
2026-09-18T20:55:37Z INFO [123/369] 068dc429-acd4-4c92-8c2b-c27fe3189b83: 229 datasets; 3.3 s; peak memory 1082 MiB.
2026-09-18T20:55:38Z INFO [124/369] 068e4a07-d6fb-42c2-a25a-06d488c926a5: 71 datasets; 0.9 s; peak memory 1082 MiB.
2026-09-18T20:55:45Z INFO [125/369] 068e68ea-e5a3-4e6f-8b0c-c4f16a87bc5c: 830 datasets; 7.0 s; peak memory 1082 MiB.
2026-09-18T20:55:47Z INFO [126/369] 068f7c23-e2cb-4a7e-92ea-2f9664da5f66: 157 datasets; 1.8 s; peak memory 1082 MiB.
2026-09-18T20:55:50Z INFO [127/369] 06901957-e0d6-4878-9777-c6548606507a: 200 datasets; 3.2 s; peak memory 1082 MiB.
2026-09-18T20:55:50Z INFO [128/369] 069032c7-9400-4a34-bed7-00b5b703e412: 48 datasets; 0.7 s; peak memory 1082 MiB.
2026-09-18T20:55:51Z INFO [129/369] 06903dde-6011-402f-91e0-3c09f75d822e: 112 datasets; 0.9 s; peak memory 1082 MiB.
2026-09-18T20:55:52Z INFO [130/369] 06907ff5-f13f-47d8-983c-1b4ad19e7d20: 48 datasets; 0.7 s; peak memory 1082 MiB.
2026-09-18T20:55:53Z INFO [131/369] 0690d756-6b17-4950-8aec-5ad3f576a8f5: 66 datasets; 1.2 s; peak memory 1082 MiB.
2026-09-18T20:55:54Z INFO [132/369] 06917472-079d-4450-aff0-3be17d684a7c: 42 datasets; 0.5 s; peak memory 1082 MiB.
2026-09-18T20:55:54Z INFO [133/369] 06934eb7-ba6e-4cd3-9ed8-c58d4f839b0d: 112 datasets; 0.7 s; peak memory 1082 MiB.
2026-09-18T20:55:55Z INFO [134/369] 0693fb77-1a5e-4d76-9007-c6bdc597d8cd: 117 datasets; 0.7 s; peak memory 1082 MiB.
2026-09-18T20:55:56Z INFO [135/369] 06945228-6d8d-4dd2-a4fb-2f0b4909a370: 48 datasets; 0.6 s; peak memory 1082 MiB.
2026-09-18T20:55:57Z INFO [136/369] 0694ea10-f91f-4812-8dfb-b07ac270fc98: 66 datasets; 1.0 s; peak memory 1082 MiB.
2026-09-18T20:55:58Z INFO [137/369] 06951bd4-070e-410a-988f-4be2c7799d7a: 71 datasets; 1.1 s; peak memory 1082 MiB.
2026-09-18T20:55:59Z INFO [138/369] 0695bf89-7f3e-4641-aec3-4890e462aaf1: 156 datasets; 1.6 s; peak memory 1082 MiB.
2026-09-18T20:56:00Z INFO [139/369] 0696455a-cfe2-4312-a3d6-b028ff5ea3eb: 62 datasets; 0.8 s; peak memory 1082 MiB.
2026-09-18T20:56:06Z INFO [140/369] 069661eb-7824-4010-bbe1-cb3bf218ac4a: 789 datasets; 6.1 s; peak memory 1082 MiB.
2026-09-18T20:56:07Z INFO [141/369] 0696c590-0c01-44f7-9c9c-801eace5d87d: 48 datasets; 0.7 s; peak memory 1082 MiB.
2026-09-18T20:56:08Z INFO [142/369] 06974da7-9166-4f1f-bfd0-50f5705ab1fd: 92 datasets; 0.7 s; peak memory 1082 MiB.
2026-09-18T20:56:08Z INFO [143/369] 06985895-4eb7-4004-8fcd-cafb41ce8761: 112 datasets; 0.8 s; peak memory 1082 MiB.
2026-09-18T20:56:09Z INFO [144/369] 069874f6-a203-45c4-a904-d8ac33082164: 71 datasets; 0.9 s; peak memory 1082 MiB.
2026-09-18T20:56:11Z INFO [145/369] 06995c9a-893b-4235-b386-65bf579eafab: 115 datasets; 1.5 s; peak memory 1082 MiB.
2026-09-18T20:56:12Z INFO [146/369] 069a0908-11ea-43fd-89c0-7161bb7a52a4: 112 datasets; 0.8 s; peak memory 1082 MiB.
2026-09-18T20:57:23Z INFO [147/369] 069a3250-8ccd-4b02-85a3-da1e8284e601: 55 datasets; 71.5 s; peak memory 1082 MiB.
2026-09-18T20:57:30Z INFO [148/369] 069a543e-c7e9-4015-987c-09fa1bbe122b: 876 datasets; 6.8 s; peak memory 1082 MiB.
2026-09-18T20:57:31Z INFO [149/369] 069abc52-978a-4528-829b-957d9e6db292: 48 datasets; 0.7 s; peak memory 1082 MiB.
2026-09-18T20:57:31Z INFO [150/369] 069b45d7-1d95-4679-b810-ad5ecef24d79: 112 datasets; 0.8 s; peak memory 1082 MiB.
2026-09-18T20:57:31Z INFO [150/369] 069b45d7-1d95-4679-b810-ad5ecef24d79: checkpointed 50050 records.
2026-09-18T20:57:32Z INFO [151/369] 069b8683-a0a8-41c1-a7ed-7f55d16264a4: 35 datasets; 0.4 s; peak memory 1082 MiB.
2026-09-18T20:57:40Z INFO [152/369] 069bab1e-cbca-440c-87ee-d561e180749f: 601 datasets; 7.9 s; peak memory 1082 MiB.
2026-09-18T20:57:40Z INFO [153/369] 069be5ca-4bce-4177-830b-a7e9b9395e78: 52 datasets; 0.4 s; peak memory 1082 MiB.
2026-09-18T20:57:41Z INFO [154/369] 069c27ca-2242-42f4-9c61-d5b107ee62ce: 48 datasets; 0.7 s; peak memory 1082 MiB.
2026-09-18T20:57:42Z INFO [155/369] 069c474d-9118-429a-a69c-034d8070ad1f: 71 datasets; 1.1 s; peak memory 1082 MiB.
2026-09-18T20:57:43Z INFO [156/369] 069cb574-8dd0-4c46-9c45-e73a673dc394: 84 datasets; 0.7 s; peak memory 1082 MiB.
2026-09-18T20:57:44Z INFO [157/369] 069d7758-9d88-4420-b691-a4bec2692b76: 66 datasets; 1.2 s; peak memory 1082 MiB.
2026-09-18T20:57:44Z INFO [158/369] 069da60f-2eeb-4c8d-8d11-6140332dd31f: 117 datasets; 0.7 s; peak memory 1082 MiB.
2026-09-18T20:57:45Z INFO [159/369] 069df294-cf2f-4195-b6dd-cd7471f17930: 118 datasets; 0.8 s; peak memory 1082 MiB.
2026-09-18T20:57:51Z INFO [160/369] 069ec362-d03a-4f3c-b126-45d035de7e56: 4215 datasets; 5.9 s; peak memory 1082 MiB.
2026-09-18T20:57:52Z INFO [161/369] 069f0101-1f71-4217-ad91-6cecb3262a42: 45 datasets; 0.7 s; peak memory 1082 MiB.
2026-09-18T20:57:53Z INFO [162/369] 06a07c0b-36cb-432a-a785-ae557877dc4a: 112 datasets; 0.9 s; peak memory 1082 MiB.
2026-09-18T20:57:53Z INFO [163/369] 06a0ca48-b819-4d49-8e4d-8ac0e0219a59: 49 datasets; 0.7 s; peak memory 1082 MiB.
2026-09-18T20:57:54Z INFO [164/369] 06a1998b-ef7d-4390-aa1d-42ac2e7ea983: 48 datasets; 0.7 s; peak memory 1082 MiB.
2026-09-18T20:57:55Z INFO [165/369] 06a2fb2e-48f7-4930-93d9-aeb6bfcce6e4: 117 datasets; 0.7 s; peak memory 1082 MiB.
2026-09-18T20:57:55Z INFO [166/369] 06a30362-8d18-4dd3-96ea-63ef600a3c0e: 116 datasets; 0.8 s; peak memory 1082 MiB.
2026-09-18T20:57:56Z INFO [167/369] 06a36259-7480-4845-bafc-25dcaf35d2d0: 46 datasets; 0.6 s; peak memory 1082 MiB.
2026-09-18T20:57:57Z INFO [168/369] 06a37b5d-0bda-4735-ab67-a4ab67f74eda: 69 datasets; 0.7 s; peak memory 1082 MiB.
2026-09-18T20:57:58Z INFO [169/369] 06a40fae-6f18-41cc-a11b-560a38ac0f01: 289 datasets; 0.8 s; peak memory 1082 MiB.
2026-09-18T20:58:14Z INFO [170/369] 06a42936-152f-4887-bf61-69f1f342b3b7: 48 datasets; 16.1 s; peak memory 1082 MiB.
2026-09-18T21:00:01Z INFO [171/369] 06a45a06-2c5e-46e0-b296-b0d2348f5b71: 413 datasets; 107.2 s; peak memory 1082 MiB.
2026-09-18T21:00:02Z INFO [172/369] 06a4ac18-4298-4c0e-8de7-262480d26fe7: 115 datasets; 1.7 s; peak memory 1082 MiB.
2026-09-18T21:00:03Z INFO [173/369] 06a4ba8d-3ee7-4b95-a526-cb115140ce6d: 118 datasets; 0.7 s; peak memory 1082 MiB.
2026-09-18T21:00:04Z INFO [174/369] 06a51566-2b6a-4710-a7b0-766aa7fdec86: 117 datasets; 0.8 s; peak memory 1082 MiB.
2026-09-18T21:00:29Z INFO [175/369] 06a6f7ca-0eb3-4bac-b3c3-92a3765e8411: 55 datasets; 25.2 s; peak memory 1082 MiB.
2026-09-18T21:00:30Z INFO [176/369] 06a7698f-c5a0-4b99-b69f-c83403fb46b5: 45 datasets; 0.9 s; peak memory 1082 MiB.
2026-09-18T21:00:31Z INFO [177/369] 06a7b248-dc05-43f6-b1ea-a3e94e9e1b2a: 39 datasets; 0.7 s; peak memory 1082 MiB.
2026-09-18T21:00:31Z INFO [178/369] 06a84a58-3e91-4511-b33b-5c800dbc13d8: 48 datasets; 0.6 s; peak memory 1082 MiB.
2026-09-18T21:00:32Z INFO [179/369] 06ab3ffb-96c8-4b4d-bca8-f703d14985e5: 66 datasets; 1.0 s; peak memory 1082 MiB.
2026-09-18T21:00:33Z INFO [180/369] 06ab54c6-cc4b-47d6-bf59-4afac59d43f6: 112 datasets; 0.7 s; peak memory 1082 MiB.
2026-09-18T21:00:34Z INFO [181/369] 06ac5207-b81a-4c1a-8f0b-7cd15dc2704d: 52 datasets; 0.7 s; peak memory 1082 MiB.
2026-09-18T21:00:39Z INFO [182/369] 06ac6271-2864-4cf8-b722-7c8397d45830: 3487 datasets; 5.5 s; peak memory 1082 MiB.
2026-09-18T21:00:40Z INFO [183/369] 06ac6daa-e3d7-4749-9a30-6332cd16fbcf: 117 datasets; 0.6 s; peak memory 1082 MiB.
2026-09-18T21:00:41Z INFO [184/369] 06acabc1-55cb-41ae-99ba-470e7db3d465: 69 datasets; 1.1 s; peak memory 1082 MiB.
2026-09-18T21:00:47Z INFO [185/369] 06acdb17-e04c-44b1-8b62-c1080201e2ff: 336 datasets; 5.5 s; peak memory 1082 MiB.
2026-09-18T21:00:54Z INFO [186/369] 06ad1bff-d004-452b-ba77-8f733be981e3: 1120 datasets; 6.8 s; peak memory 1082 MiB.
2026-09-18T21:00:55Z INFO [187/369] 06ad3f12-3e5e-46b1-b1c9-4205e07b00b3: 71 datasets; 1.1 s; peak memory 1082 MiB.
2026-09-18T21:00:55Z INFO [188/369] 06ad414d-b352-4ec2-b09b-08a4ac09e733: 52 datasets; 0.6 s; peak memory 1082 MiB.
2026-09-18T21:00:56Z INFO [189/369] 06adb2f1-0c3a-4342-b837-8527b75b99a1: 66 datasets; 1.0 s; peak memory 1082 MiB.
2026-09-18T21:00:57Z INFO [190/369] 06adf77a-2613-424c-8ce5-4f3d07408251: 46 datasets; 0.5 s; peak memory 1082 MiB.
2026-09-18T21:00:58Z INFO [191/369] 06ae25ee-2d16-479a-b2bc-17c91a6a38c8: 66 datasets; 0.9 s; peak memory 1082 MiB.
2026-09-18T21:01:03Z INFO [192/369] 06ae2a51-f31b-4cd5-96ed-0b4e6caff5a8: 369 datasets; 5.8 s; peak memory 1082 MiB.
2026-09-18T21:01:04Z INFO [193/369] 06af3bf0-6431-4fed-ae2b-71ee6133a5f0: 110 datasets; 0.8 s; peak memory 1082 MiB.
2026-09-18T21:01:05Z INFO [194/369] 06af6d3b-29e1-40ea-bcbf-4c6d7b4d90cd: 42 datasets; 0.6 s; peak memory 1082 MiB.
2026-09-18T21:01:10Z INFO [195/369] 06af9f8c-02e6-4c1f-8c42-dd53f6a005ba: 339 datasets; 4.8 s; peak memory 1082 MiB.
2026-09-18T21:01:10Z INFO [196/369] 06b1a6d6-af87-469c-9f6f-19adddfe35ef: 48 datasets; 0.6 s; peak memory 1082 MiB.
2026-09-18T21:01:11Z INFO [197/369] 06b2dc87-d51a-4266-ad20-c26a6785ec04: 117 datasets; 0.7 s; peak memory 1082 MiB.
2026-09-18T21:01:14Z INFO [198/369] 06b36388-bc43-438c-b223-1f1d1134cbdf: 538 datasets; 3.2 s; peak memory 1082 MiB.
2026-09-18T21:01:15Z INFO [199/369] 06b59672-1987-4e5d-b42b-562d1dd6fb5e: 101 datasets; 0.6 s; peak memory 1082 MiB.
2026-09-18T21:01:16Z INFO [200/369] 06b632fd-83d2-4b32-863f-0fa98e759dc7: 62 datasets; 0.9 s; peak memory 1082 MiB.
2026-09-18T21:01:16Z INFO [200/369] 06b632fd-83d2-4b32-863f-0fa98e759dc7: checkpointed 50100 records.
2026-09-18T21:01:19Z INFO [201/369] 06b673dd-5b95-4a11-8842-be670539ffe6: 229 datasets; 3.2 s; peak memory 1082 MiB.
2026-09-18T21:01:33Z INFO [202/369] 06b6d236-7acc-4b43-b7e8-0fb285f7476b: 49 datasets; 14.5 s; peak memory 1082 MiB.
2026-09-18T21:01:34Z INFO [203/369] 06b87680-a495-47ee-914a-164c2ab6ce22: 45 datasets; 1.0 s; peak memory 1082 MiB.
2026-09-18T21:01:39Z INFO [204/369] 06b939c9-ca7f-4051-8507-dcef3760e3c9: 1010 datasets; 4.6 s; peak memory 1082 MiB.
2026-09-18T21:01:40Z INFO [205/369] 06b948a5-44dd-4b83-a8b8-c2856a35a10d: 112 datasets; 0.7 s; peak memory 1082 MiB.
2026-09-18T21:01:40Z INFO [206/369] 06b96a59-f5f6-4a18-a3e3-8c0a0307ccfe: 48 datasets; 0.8 s; peak memory 1082 MiB.
2026-09-18T21:01:42Z INFO [207/369] 06b9f802-6066-4866-b081-0f938c7b8925: 71 datasets; 1.3 s; peak memory 1082 MiB.
2026-09-18T21:01:44Z INFO [208/369] 06ba0464-670b-485a-b95f-7f6d2aecbbf5: 489 datasets; 2.4 s; peak memory 1082 MiB.
2026-09-18T21:01:45Z INFO [209/369] 06ba45c5-df5d-4213-b3a6-ebd1f18cc60e: 48 datasets; 0.6 s; peak memory 1082 MiB.
2026-09-18T21:01:45Z INFO [210/369] 06ba9f0a-50ef-4ddb-b8a2-06f5d6452eaf: 48 datasets; 0.5 s; peak memory 1082 MiB.
2026-09-18T21:01:46Z INFO [211/369] 06bad4c6-b2f7-4d2f-9679-ea4493314f31: 48 datasets; 0.6 s; peak memory 1082 MiB.
2026-09-18T21:01:47Z INFO [212/369] 06bb0218-d354-4d35-87e2-fa007a946e19: 116 datasets; 0.7 s; peak memory 1082 MiB.
2026-09-18T21:01:47Z INFO [213/369] 06bb05e2-dfa6-44f7-8491-ecd85c5f8ea4: 21 datasets; 0.5 s; peak memory 1082 MiB.
2026-09-18T21:01:52Z INFO [214/369] 06bbb83c-6693-462a-8baa-ae74321eff8f: 41 datasets; 5.0 s; peak memory 1082 MiB.
2026-09-18T21:01:54Z INFO [215/369] 06bbba00-e75b-4026-9b43-6455ebe66ad7: 71 datasets; 1.5 s; peak memory 1082 MiB.
2026-09-18T21:01:54Z INFO [216/369] 06bbd2ee-f2fd-4f08-b04a-4bbeafe6216a: 39 datasets; 0.5 s; peak memory 1082 MiB.
2026-09-18T21:02:02Z INFO [217/369] 06bbf4c8-bf00-442c-a5c7-0aa4a8a92d52: 2326 datasets; 7.8 s; peak memory 1082 MiB.
2026-09-18T21:02:03Z INFO [218/369] 06bc3b1f-a27b-404b-ba6b-7ebb4abebcd2: 48 datasets; 0.7 s; peak memory 1082 MiB.
2026-09-18T21:02:03Z INFO [219/369] 06bc47d6-e262-4301-9ce9-2e5e20fe51d2: 51 datasets; 0.4 s; peak memory 1082 MiB.
2026-09-18T21:02:04Z INFO [220/369] 06bc75d9-df96-4627-8ccc-0d0e671b4a96: 112 datasets; 0.9 s; peak memory 1082 MiB.
2026-09-18T21:02:05Z INFO [221/369] 06bcd71c-c799-4fd7-9d4c-a9a56f031fcb: 66 datasets; 0.8 s; peak memory 1082 MiB.
2026-09-18T21:02:05Z INFO [222/369] 06bd46ab-8e6a-4fda-b7bb-1d598d741451: 48 datasets; 0.7 s; peak memory 1082 MiB.
2026-09-18T21:02:06Z INFO [223/369] 06bdd708-d431-4143-9e4e-d02baa006fb9: 48 datasets; 0.7 s; peak memory 1082 MiB.
2026-09-18T21:02:07Z INFO [224/369] 06be5078-b0e3-44e2-9c25-ef73b876fcbb: 303 datasets; 1.0 s; peak memory 1082 MiB.
2026-09-18T21:03:56Z INFO [225/369] 06be77f0-37a4-4e69-b173-3b1264d4f5e3: 414 datasets; 108.9 s; peak memory 1082 MiB.
2026-09-18T21:03:57Z INFO [226/369] 06bebdd1-bc00-406a-9ff8-ca0a034b2b21: 48 datasets; 0.7 s; peak memory 1082 MiB.
2026-09-18T21:03:58Z INFO [227/369] 06bee6e5-3021-422d-bd25-1630b9b97a4b: 119 datasets; 1.4 s; peak memory 1082 MiB.
2026-09-18T21:04:00Z INFO [228/369] 06c04671-cdc1-47d9-8ebf-e930fd7d0add: 84 datasets; 2.0 s; peak memory 1082 MiB.
2026-09-18T21:04:01Z INFO [229/369] 06c04ecb-34a0-4ec2-848d-7f5ae5903928: 46 datasets; 0.7 s; peak memory 1082 MiB.
2026-09-18T21:04:02Z INFO [230/369] 06c0852f-4274-4b87-86ba-0dcce0f391d5: 114 datasets; 1.6 s; peak memory 1082 MiB.
2026-09-18T21:04:04Z INFO [231/369] 06c10bff-f902-4390-8905-d7d3caddf49c: 153 datasets; 1.7 s; peak memory 1082 MiB.
2026-09-18T21:04:05Z INFO [232/369] 06c19121-b58c-4d1e-a9a2-8b0e15db9c80: 116 datasets; 0.8 s; peak memory 1082 MiB.
2026-09-18T21:04:06Z INFO [233/369] 06c20fd0-c33b-4190-bd8a-444e6d8bd559: 38 datasets; 1.3 s; peak memory 1082 MiB.
2026-09-18T21:04:07Z INFO [234/369] 06c22bf4-90fc-4c58-ae74-5a03cdf99482: 62 datasets; 0.8 s; peak memory 1082 MiB.
2026-09-18T21:04:08Z INFO [235/369] 06c2d84a-f3f5-4814-bf4b-e2378aebb6a3: 74 datasets; 0.9 s; peak memory 1082 MiB.
2026-09-18T21:04:08Z INFO [236/369] 06c2dd83-489b-4665-a4c4-ce80f90d42ea: 117 datasets; 0.7 s; peak memory 1082 MiB.
2026-09-18T21:04:16Z INFO [237/369] 06c3cec9-b949-4f2f-987e-21d332d4eac0: 1016 datasets; 8.1 s; peak memory 1082 MiB.
2026-09-18T21:04:17Z INFO [238/369] 06c3d9d6-2d5b-46a4-8767-4ecfef786be4: 118 datasets; 0.8 s; peak memory 1082 MiB.
2026-09-18T21:04:19Z INFO [239/369] 06c406c5-0b7d-4fa3-8c10-f1d837d51bec: 153 datasets; 1.7 s; peak memory 1082 MiB.
2026-09-18T21:04:19Z INFO [240/369] 06c50847-1e39-4739-8888-27b33551fe89: 46 datasets; 0.5 s; peak memory 1082 MiB.
2026-09-18T21:04:20Z INFO [241/369] 06c542eb-1cb7-4cf0-bb52-1a6b231acfe9: 48 datasets; 0.7 s; peak memory 1082 MiB.
2026-09-18T21:04:21Z INFO [242/369] 06c66c66-f38d-4380-a413-3f61021cad42: 117 datasets; 0.8 s; peak memory 1082 MiB.
2026-09-18T21:04:22Z INFO [243/369] 06c6ccac-13ef-4062-a36c-6629fc3ba100: 47 datasets; 0.6 s; peak memory 1082 MiB.
2026-09-18T21:04:29Z INFO [244/369] 06c87314-0af0-415a-9ec2-4c979956f046: 451 datasets; 7.0 s; peak memory 1082 MiB.
2026-09-18T21:04:29Z INFO [245/369] 06c8ec13-16fe-462a-b716-231bfa3755bf: 117 datasets; 0.8 s; peak memory 1082 MiB.
2026-09-18T21:04:33Z INFO [246/369] 06c92b40-d753-4258-a87b-ac2dace91d87: 54 datasets; 3.8 s; peak memory 1082 MiB.
2026-09-18T21:04:34Z INFO [247/369] 06c994a6-2512-4e1f-8047-7a27783fa13f: 48 datasets; 0.7 s; peak memory 1082 MiB.
2026-09-18T21:04:34Z INFO [248/369] 06c9985c-8afd-4fc1-8512-f7952082900f: 48 datasets; 0.5 s; peak memory 1082 MiB.
2026-09-18T21:04:36Z INFO [249/369] 06ca6240-e7b1-4c14-b85c-e944f1aa44ad: 115 datasets; 1.4 s; peak memory 1082 MiB.
2026-09-18T21:04:37Z INFO [250/369] 06cb8990-43e4-47ab-87cc-9ea334cc8d52: 110 datasets; 1.0 s; peak memory 1082 MiB.
2026-09-18T21:04:37Z INFO [250/369] 06cb8990-43e4-47ab-87cc-9ea334cc8d52: checkpointed 50150 records.
2026-09-18T21:04:37Z INFO [251/369] 06cbb96c-4939-4f27-af8f-512813abb0b2: 48 datasets; 0.6 s; peak memory 1082 MiB.
2026-09-18T21:04:38Z INFO [252/369] 06cc7740-f6c6-4ea3-9681-dbcbc8187e1e: 60 datasets; 0.8 s; peak memory 1082 MiB.
2026-09-18T21:04:39Z INFO [253/369] 06cd30bc-0dba-4d70-8270-02c4a552a462: 48 datasets; 0.7 s; peak memory 1082 MiB.
2026-09-18T21:04:46Z INFO [254/369] 06ce8281-62ab-4cd5-b8b4-f9e4737c7aef: 49 datasets; 7.2 s; peak memory 1082 MiB.
2026-09-18T21:04:55Z INFO [255/369] 06ceadf8-2b2f-4f6b-a381-e80283a89167: 752 datasets; 8.7 s; peak memory 1082 MiB.
2026-09-18T21:04:57Z INFO [256/369] 06cec589-03ac-417e-923a-5e5f266a9c2e: 53 datasets; 2.1 s; peak memory 1082 MiB.
2026-09-18T21:04:58Z INFO [257/369] 06cef23d-a24d-47a9-adc7-9f8b5b20c481: 275 datasets; 0.8 s; peak memory 1082 MiB.
2026-09-18T21:04:58Z INFO [258/369] 06cf651b-5308-4c15-bc17-5a0190a8438c: 48 datasets; 0.7 s; peak memory 1082 MiB.
2026-09-18T21:05:03Z INFO [259/369] 06d0fb30-3ae3-4f79-ba5e-40dc2d7db17c: 195 datasets; 4.7 s; peak memory 1082 MiB.
2026-09-18T21:05:04Z INFO [260/369] 06d11aca-94ed-4cf7-8326-0448efb15d02: 71 datasets; 1.4 s; peak memory 1082 MiB.
2026-09-18T21:05:06Z INFO [261/369] 06d12ec9-1968-42bc-805f-ccabe28df599: 112 datasets; 1.2 s; peak memory 1082 MiB.
2026-09-18T21:05:06Z INFO [262/369] 06d16ae2-f3a2-404e-83a5-d07f5a70e4a5: 118 datasets; 0.8 s; peak memory 1082 MiB.
2026-09-18T21:05:07Z INFO [263/369] 06d25ba4-8c20-4f6f-9769-4fca0bb337e8: 112 datasets; 1.0 s; peak memory 1082 MiB.
2026-09-18T21:06:52Z INFO [264/369] 06d28ad6-b425-4f51-8d14-1b49549730f4: 280 datasets; 104.8 s; peak memory 1082 MiB.
2026-09-18T21:06:53Z INFO [265/369] 06d313ec-ad43-4e30-962a-4b304e6ea6b7: 118 datasets; 1.1 s; peak memory 1082 MiB.
2026-09-18T21:06:54Z INFO [266/369] 06d32643-00da-4004-b879-471f34300df5: 48 datasets; 0.7 s; peak memory 1082 MiB.
2026-09-18T21:06:54Z INFO [267/369] 06d6dc25-6f9e-4b24-87e5-f487731cc6e9: 45 datasets; 0.5 s; peak memory 1082 MiB.
2026-09-18T21:06:55Z INFO [268/369] 06d7c812-cb9f-46ce-b6f5-3a5004bde741: 48 datasets; 0.7 s; peak memory 1082 MiB.
2026-09-18T21:06:56Z INFO [269/369] 06d8c67a-9191-475a-aaa9-c3f4a17e19c5: 54 datasets; 0.8 s; peak memory 1082 MiB.
2026-09-18T21:06:57Z INFO [270/369] 06d8f77b-84b3-4aa9-938c-d578dfa97fb1: 48 datasets; 0.7 s; peak memory 1082 MiB.
2026-09-18T21:06:57Z INFO [271/369] 06db3161-2640-4ad3-89bb-5cddd78a1167: 63 datasets; 0.7 s; peak memory 1082 MiB.
2026-09-18T21:07:02Z INFO [272/369] 06dbdb68-2b75-4a46-b1e7-c1ae7acb4557: 106 datasets; 4.3 s; peak memory 1082 MiB.
2026-09-18T21:07:05Z INFO [273/369] 06dcc3fa-9be5-464e-822d-dcbaed5cdb60: 537 datasets; 3.2 s; peak memory 1082 MiB.
2026-09-18T21:07:06Z INFO [274/369] 06dcd44b-7f1f-43b3-9dcd-ca85717046ba: 66 datasets; 1.2 s; peak memory 1082 MiB.
2026-09-18T21:07:13Z INFO [275/369] 06de4971-6636-470e-881d-d7fd3b459a80: 326 datasets; 7.6 s; peak memory 1082 MiB.
2026-09-18T21:07:14Z INFO [276/369] 06de9942-a456-4778-bdb8-7af4fcddaaeb: 48 datasets; 0.7 s; peak memory 1082 MiB.
2026-09-18T21:07:15Z INFO [277/369] 06e09502-583a-4aec-86ec-b7c0f47e8332: 112 datasets; 0.9 s; peak memory 1082 MiB.
2026-09-18T21:07:16Z INFO [278/369] 06e0c2de-42c6-41a3-a564-8541cdebd293: 48 datasets; 0.7 s; peak memory 1082 MiB.
2026-09-18T21:07:16Z INFO [279/369] 06e13c6d-9335-4112-a16c-3eb0edc50190: 112 datasets; 0.8 s; peak memory 1082 MiB.
2026-09-18T21:07:17Z INFO [280/369] 06e1bcc1-c249-4881-9c21-51f98cc10b30: 48 datasets; 0.6 s; peak memory 1082 MiB.
2026-09-18T21:07:37Z INFO [281/369] 06e2a615-8f69-4a81-b31a-12c1cd8d06d0: 48 datasets; 19.6 s; peak memory 1082 MiB.
2026-09-18T21:07:38Z INFO [282/369] 06e43f54-b408-4be3-815d-5caec0547692: 112 datasets; 0.8 s; peak memory 1082 MiB.
2026-09-18T21:07:38Z INFO [283/369] 06e46c02-ce70-4049-84c4-0e86db4d3bc8: 48 datasets; 0.7 s; peak memory 1082 MiB.
2026-09-18T21:07:39Z INFO [284/369] 06e476f3-8f89-4e80-bbbe-f84e986fc681: 118 datasets; 0.7 s; peak memory 1082 MiB.
2026-09-18T21:07:40Z INFO [285/369] 06e6fc99-1753-4f5f-9296-6ea4c90986ee: 116 datasets; 0.8 s; peak memory 1082 MiB.
2026-09-18T21:07:43Z INFO [286/369] 06e78a4e-0d80-40ee-800e-c95929835da7: 229 datasets; 3.0 s; peak memory 1082 MiB.
2026-09-18T21:07:43Z INFO [287/369] 06e7d33c-fd51-49d7-8496-b279d871d555: 112 datasets; 0.7 s; peak memory 1082 MiB.
2026-09-18T21:07:44Z INFO [288/369] 06e7dd0a-1bde-4f60-98ca-263e7306c773: 118 datasets; 0.9 s; peak memory 1082 MiB.
2026-09-18T21:07:45Z INFO [289/369] 06e82a3e-a375-4c5b-acce-84ce447a941d: 51 datasets; 0.8 s; peak memory 1082 MiB.
2026-09-18T21:07:50Z INFO [290/369] 06e835df-a95d-4619-897b-326a03a9fc1a: 660 datasets; 4.8 s; peak memory 1082 MiB.
2026-09-18T21:07:51Z INFO [291/369] 06e940c6-5b62-46a0-a5c2-85014d146978: 57 datasets; 0.5 s; peak memory 1082 MiB.
2026-09-18T21:07:51Z INFO [292/369] 06e9e181-fb03-49ca-8f09-720e675ed171: 48 datasets; 0.6 s; peak memory 1082 MiB.
2026-09-18T21:07:52Z INFO [293/369] 06eb1dd0-c897-431d-9096-5bc054b7e8bb: 110 datasets; 0.9 s; peak memory 1082 MiB.
2026-09-18T21:07:57Z INFO [294/369] 06eb855e-71d0-4f18-b414-bb242df0753c: 749 datasets; 5.3 s; peak memory 1082 MiB.
2026-09-18T21:08:15Z INFO [295/369] 06ebd6bf-3053-4ec4-b5bb-ca5afc7fc954: 48 datasets; 17.7 s; peak memory 1082 MiB.
2026-09-18T21:08:16Z INFO [296/369] 06ed2009-7b81-41a1-9b65-8816b40401f5: 112 datasets; 0.9 s; peak memory 1082 MiB.
2026-09-18T21:08:16Z INFO [297/369] 06ed35ac-acc7-457a-955f-1fc203adfcc9: 48 datasets; 0.6 s; peak memory 1082 MiB.
2026-09-18T21:08:17Z INFO [298/369] 06ed95e7-af10-4d7b-8f9c-ce24e2c7e4d5: 48 datasets; 0.6 s; peak memory 1082 MiB.
2026-09-18T21:08:18Z INFO [299/369] 06ef13db-f796-4940-8372-e5d1cb843615: 52 datasets; 0.7 s; peak memory 1082 MiB.
2026-09-18T21:08:19Z INFO [300/369] 06ef59aa-7f93-462c-91f3-0b201f6e5247: 112 datasets; 0.8 s; peak memory 1082 MiB.
2026-09-18T21:08:19Z INFO [300/369] 06ef59aa-7f93-462c-91f3-0b201f6e5247: checkpointed 50200 records.
2026-09-18T21:08:19Z INFO [301/369] 06f12bf9-59be-4f89-85b6-738469bcaea8: 114 datasets; 0.7 s; peak memory 1082 MiB.
2026-09-18T21:10:07Z INFO [302/369] 06f1585c-ce8d-43c5-83f5-695393283d0c: 413 datasets; 108.1 s; peak memory 1082 MiB.
2026-09-18T21:10:11Z INFO [303/369] 06f17a7e-eb1a-47f6-8a61-23d0a32d09e9: 692 datasets; 3.8 s; peak memory 1082 MiB.
2026-09-18T21:10:13Z INFO [304/369] 06f22148-1d77-4cea-a4eb-8a2628ab171a: 156 datasets; 1.7 s; peak memory 1082 MiB.
2026-09-18T21:10:14Z INFO [305/369] 06f257a6-436f-416d-b654-2fac9dd1d10b: 71 datasets; 1.5 s; peak memory 1082 MiB.
2026-09-18T21:10:15Z INFO [306/369] 06f2fd04-61a2-4aa5-b2dd-71ea210095e0: 117 datasets; 1.0 s; peak memory 1082 MiB.
2026-09-18T21:10:16Z INFO [307/369] 06f3755b-4e1b-44a0-adcd-bd6d3b2759f7: 44 datasets; 0.7 s; peak memory 1082 MiB.
2026-09-18T21:10:17Z INFO [308/369] 06f3f475-696a-4597-b0a9-cd713ae9699b: 66 datasets; 1.2 s; peak memory 1082 MiB.
2026-09-18T21:10:18Z INFO [309/369] 06f4e07e-45b2-4b05-8263-60565a16a381: 118 datasets; 0.7 s; peak memory 1082 MiB.
2026-09-18T21:10:19Z INFO [310/369] 06f54428-d52c-4ef0-b95f-198d4096b805: 117 datasets; 0.7 s; peak memory 1082 MiB.
2026-09-18T21:10:19Z INFO [311/369] 06f5a764-45fb-45a6-a0aa-10c356929d4e: 43 datasets; 0.6 s; peak memory 1082 MiB.
2026-09-18T21:10:20Z INFO [312/369] 06f61bcb-bd0c-44c0-942d-40d5c3249ed0: 73 datasets; 0.6 s; peak memory 1082 MiB.
2026-09-18T21:10:21Z INFO [313/369] 06f63e7e-d818-4771-81bb-0912290effa4: 152 datasets; 1.0 s; peak memory 1082 MiB.
2026-09-18T21:10:22Z INFO [314/369] 06f64097-73ad-4f74-9bb8-fb2a48843f20: 117 datasets; 0.7 s; peak memory 1082 MiB.
2026-09-18T21:10:22Z INFO [315/369] 06f6e545-50a8-40d1-b733-1fb4977078a9: 48 datasets; 0.6 s; peak memory 1082 MiB.
2026-09-18T21:10:25Z INFO [316/369] 06f7b773-24ca-40b1-8088-6990c585c856: 38 datasets; 2.4 s; peak memory 1082 MiB.
2026-09-18T21:10:37Z INFO [317/369] 06f8bad9-0b14-4f8f-bf22-36f9a2242a07: 970 datasets; 12.8 s; peak memory 1082 MiB.
2026-09-18T21:10:38Z INFO [318/369] 06f931a2-9506-4cc0-9fd1-c9c92df87adf: 112 datasets; 0.9 s; peak memory 1082 MiB.
2026-09-18T21:10:39Z INFO [319/369] 06f998a1-28f8-4fee-a22e-2474597bcbfe: 118 datasets; 0.7 s; peak memory 1082 MiB.
2026-09-18T21:10:40Z INFO [320/369] 06f9b155-a3ed-405f-9d5c-5213e0b0e71a: 48 datasets; 0.6 s; peak memory 1082 MiB.
2026-09-18T21:10:40Z INFO [321/369] 06fa60e0-a00b-4cc4-b923-b5dcabba25ce: 43 datasets; 0.6 s; peak memory 1082 MiB.
2026-09-18T21:10:41Z INFO [322/369] 06fb1ace-4ae1-4e18-a878-878abda15773: 116 datasets; 0.7 s; peak memory 1082 MiB.
2026-09-18T21:10:42Z INFO [323/369] 06fbc24f-d03a-4c68-b279-a2916544caf9: 112 datasets; 0.9 s; peak memory 1082 MiB.
2026-09-18T21:10:43Z INFO [324/369] 06fc4f50-2b5d-47e2-9aa6-e81fd51207a4: 38 datasets; 1.5 s; peak memory 1082 MiB.
2026-09-18T21:10:44Z INFO [325/369] 06fd00af-280d-4d53-b9e7-82c4e5ad438c: 64 datasets; 0.8 s; peak memory 1082 MiB.
2026-09-18T21:10:45Z INFO [326/369] 06fe3605-7ecf-4a3f-9e1d-853fb1ad4297: 66 datasets; 1.0 s; peak memory 1082 MiB.
2026-09-18T21:10:46Z INFO [327/369] 06fef91e-8699-4ea4-ad43-7ad0df5ac7df: 117 datasets; 0.8 s; peak memory 1082 MiB.
2026-09-18T21:12:27Z INFO [328/369] 06ffd573-4d8a-45bf-a653-9c735ae31be6: 167 datasets; 100.9 s; peak memory 1082 MiB.
2026-09-18T21:12:28Z INFO [329/369] 07003e4d-8bb0-4230-b029-3e012e13df7d: 118 datasets; 0.8 s; peak memory 1082 MiB.
2026-09-18T21:12:28Z INFO [330/369] 07008987-f27d-4ab0-a4c6-894c319ce8fb: 117 datasets; 0.8 s; peak memory 1082 MiB.
2026-09-18T21:13:59Z INFO [331/369] 070099e2-bc9f-41f9-a6ec-7d40420edfe1: 280 datasets; 90.5 s; peak memory 1082 MiB.
2026-09-18T21:14:00Z INFO [332/369] 0700da34-af7e-4176-bfc6-7732b031df60: 83 datasets; 1.0 s; peak memory 1082 MiB.
2026-09-18T21:14:00Z INFO [333/369] 0701ec53-cb26-40f4-997c-f406ebc7b4be: 46 datasets; 0.5 s; peak memory 1082 MiB.
2026-09-18T21:14:01Z INFO [334/369] 0701fbd8-3edb-442c-b894-4c9b6abc5cea: 48 datasets; 0.7 s; peak memory 1082 MiB.
2026-09-18T21:14:15Z INFO [335/369] 0702660c-3d22-4e8e-817b-cd4cacd923b3: 5016 datasets; 13.9 s; peak memory 1082 MiB.
2026-09-18T21:14:16Z INFO [336/369] 07034945-e336-413b-b87d-83fa49b30fd5: 71 datasets; 1.1 s; peak memory 1082 MiB.
2026-09-18T21:14:17Z INFO [337/369] 070357b8-7f0d-47b7-a35b-ee8d39d355f1: 46 datasets; 0.5 s; peak memory 1082 MiB.
2026-09-18T21:14:22Z INFO [338/369] 0703a4a8-e981-49c0-ada1-ce47d31d3fb2: 336 datasets; 5.0 s; peak memory 1082 MiB.
2026-09-18T21:14:27Z INFO [339/369] 07041944-de59-4ffb-98f3-cc23ce11a572: 365 datasets; 5.8 s; peak memory 1082 MiB.
2026-09-18T21:14:29Z INFO [340/369] 07042ef1-9788-4308-a7ee-56b9923b0129: 38 datasets; 1.3 s; peak memory 1082 MiB.
2026-09-18T21:14:29Z INFO [341/369] 0704849d-eeea-4f2c-8ac4-63988066a0bb: 48 datasets; 0.5 s; peak memory 1082 MiB.
2026-09-18T21:14:36Z INFO [342/369] 07063804-daf8-4f83-9f4e-9be0d8243d95: 577 datasets; 6.9 s; peak memory 1082 MiB.
2026-09-18T21:14:37Z INFO [343/369] 07066588-39ca-4e71-8b8f-a908405d326d: 110 datasets; 0.9 s; peak memory 1082 MiB.
2026-09-18T21:14:38Z INFO [344/369] 07067ca9-8423-4e3d-8b0a-04a8b68778b8: 71 datasets; 0.8 s; peak memory 1082 MiB.
2026-09-18T21:14:39Z INFO [345/369] 0706d397-73e8-45c6-a4f4-8c854728eff0: 48 datasets; 0.7 s; peak memory 1082 MiB.
2026-09-18T21:14:39Z INFO [346/369] 07071782-23ce-4650-8412-ec8396cdd1c6: 116 datasets; 0.6 s; peak memory 1082 MiB.
2026-09-18T21:14:40Z INFO [347/369] 07074908-486c-4c41-9842-07aef7048d4f: 69 datasets; 0.9 s; peak memory 1082 MiB.
2026-09-18T21:14:41Z INFO [348/369] 07077974-7a67-45b0-b1ce-4ba169f3a1e6: 41 datasets; 0.6 s; peak memory 1082 MiB.
2026-09-18T21:14:41Z INFO [349/369] 070789f6-d812-47af-b3b6-62a0da6b5619: 47 datasets; 0.6 s; peak memory 1082 MiB.
2026-09-18T21:14:42Z INFO [350/369] 070840dc-f5b0-47cf-bbf1-fd8cf9d8b416: 66 datasets; 0.8 s; peak memory 1082 MiB.
2026-09-18T21:14:42Z INFO [350/369] 070840dc-f5b0-47cf-bbf1-fd8cf9d8b416: checkpointed 50250 records.
2026-09-18T21:14:44Z INFO [351/369] 0708893d-ac08-44c3-b6d2-3145594260ff: 71 datasets; 1.3 s; peak memory 1082 MiB.
2026-09-18T21:14:48Z INFO [352/369] 070c4d31-440f-40b4-bf12-d35894905cd1: 339 datasets; 4.6 s; peak memory 1082 MiB.
2026-09-18T21:14:49Z INFO [353/369] 070d7bca-f72e-48b8-99be-c07008318fa0: 45 datasets; 0.7 s; peak memory 1082 MiB.
2026-09-18T21:14:50Z INFO [354/369] 070da36e-6a18-4a04-8d53-1b7beb1c3371: 46 datasets; 0.6 s; peak memory 1082 MiB.
2026-09-18T21:14:51Z INFO [355/369] 070dabe3-52c1-46d9-ae7d-3dfacfbff542: 112 datasets; 1.0 s; peak memory 1082 MiB.
2026-09-18T21:14:52Z INFO [356/369] 070f2492-8414-4f4f-a2b2-d66b88c95252: 112 datasets; 1.0 s; peak memory 1082 MiB.
2026-09-18T21:14:53Z INFO [357/369] 070f4517-a09a-4e19-bf1a-aa5075892d0b: 62 datasets; 1.0 s; peak memory 1082 MiB.
2026-09-18T21:14:53Z INFO [358/369] 070f4b83-a11a-48c4-8138-c3535495661d: 48 datasets; 0.7 s; peak memory 1082 MiB.
2026-09-18T21:14:54Z INFO [359/369] 0710d9ad-feb6-4af0-b2b7-be0e59b1b1f7: 48 datasets; 1.0 s; peak memory 1082 MiB.
2026-09-18T21:14:55Z INFO [360/369] 0711acaf-79ff-4381-b409-33a7576866d5: 45 datasets; 0.4 s; peak memory 1082 MiB.
2026-09-18T21:16:28Z INFO [361/369] 0712768f-5f2b-4c4e-95e0-c1ebbc71df7d: 260 datasets; 92.9 s; peak memory 1082 MiB.
2026-09-18T21:16:29Z INFO [362/369] 07128953-19af-4df4-877b-4cc922dccca2: 117 datasets; 0.9 s; peak memory 1082 MiB.
2026-09-18T21:16:29Z INFO [363/369] 0712d6a8-8c7e-4f4f-aedd-98733508674e: 118 datasets; 0.8 s; peak memory 1082 MiB.
2026-09-18T21:16:30Z INFO [364/369] 0713686f-e0d6-48a3-82c8-1eeb8b6481c9: 69 datasets; 0.9 s; peak memory 1082 MiB.
2026-09-18T21:18:01Z INFO [365/369] 07137e05-e05e-4c25-8f3f-63d149e2b53c: 260 datasets; 90.8 s; peak memory 1082 MiB.
2026-09-18T21:18:02Z INFO [366/369] 0713e2e1-ea0a-4621-86a0-65efa9fd2e8e: 38 datasets; 0.6 s; peak memory 1082 MiB.
2026-09-18T21:18:08Z INFO [367/369] 0713e7cf-0824-449b-9de5-13520f6ff6fb: 1269 datasets; 6.4 s; peak memory 1082 MiB.
2026-09-18T21:18:09Z INFO [368/369] 0713eb77-db1f-4aea-8ce0-06e9bc44a142: 49 datasets; 0.7 s; peak memory 1082 MiB.
2026-09-18T21:18:14Z INFO [369/369] 51ba1795-69cf-43af-b6fe-e443659e526f: 79 datasets; 5.0 s; peak memory 1082 MiB.
2026-09-18T21:18:14Z INFO Wrote 50269 records to /tmp/derivatives/valid_nwb_file_to_number_of_datasets.jsonl (369 new, 0 failed) in 33.1 min (peak memory 1082 MiB).
