2026-09-20T11:05:52Z INFO Logging to /tmp/logs/update_2026-09-20T11-05-52Z.log.
2026-09-20T11:05:52Z INFO Update valid-nwb-file-to-number-of-datasets (base directory /tmp).
2026-09-20T11:05:53Z INFO Processing 394 items (51373 already recorded).
2026-09-20T11:05:54Z INFO [1/394] 00e36e78-caf6-43db-ae84-71e3a02b5122: 131 datasets; 1.8 s; peak memory 100 MiB.
2026-09-20T11:05:58Z INFO [2/394] 00f15f38-bce9-441b-b55e-12956eee2592: 270 datasets; 3.7 s; peak memory 104 MiB.
2026-09-20T11:06:04Z INFO [3/394] 013b6125-db3c-4024-8f34-b4880e79406c: 174 datasets; 5.6 s; peak memory 107 MiB.
2026-09-20T11:06:07Z INFO [4/394] 0185c834-bca9-47aa-a30c-331cb6a35143: 274 datasets; 3.6 s; peak memory 107 MiB.
2026-09-20T11:06:10Z INFO [5/394] 01a9fffc-f243-4d53-b7c1-69f10b682dae: 131 datasets; 2.3 s; peak memory 107 MiB.
2026-09-20T11:06:11Z INFO [6/394] 0213d4a7-a1f7-4d08-bb5e-b16d22514a52: 131 datasets; 1.6 s; peak memory 108 MiB.
2026-09-20T11:06:14Z INFO [7/394] 027c833a-981b-4e5f-8b01-85f182f76fcd: 211 datasets; 2.7 s; peak memory 108 MiB.
2026-09-20T11:06:18Z INFO [8/394] 035f86c6-c72b-48b9-b645-0b7ef297a304: 274 datasets; 3.9 s; peak memory 108 MiB.
2026-09-20T11:06:19Z INFO [9/394] 03f85366-5aea-45fb-a203-36a6495c0705: 131 datasets; 1.5 s; peak memory 108 MiB.
2026-09-20T11:06:21Z INFO [10/394] 044cb660-5eed-472a-afee-70bc24f706a6: 131 datasets; 2.0 s; peak memory 108 MiB.
2026-09-20T11:06:23Z INFO [11/394] 04c3d246-eb00-4ca2-a600-f1c0b56f16eb: 131 datasets; 1.5 s; peak memory 108 MiB.
2026-09-20T11:06:29Z INFO [12/394] 04fdd2ad-76a3-48d1-99eb-81988085af64: 168 datasets; 5.9 s; peak memory 110 MiB.
2026-09-20T11:06:34Z INFO [13/394] 06cc677f-00c9-429c-b595-8b27223e4b5d: 174 datasets; 5.7 s; peak memory 110 MiB.
2026-09-20T11:06:40Z INFO [14/394] 08cde427-3ffe-46bd-b773-182a2fe5f1b7: 174 datasets; 5.6 s; peak memory 113 MiB.
2026-09-20T11:06:41Z INFO [15/394] 0935e4a8-b86f-4780-8d3d-d1334ff5a883: 131 datasets; 1.4 s; peak memory 113 MiB.
2026-09-20T11:06:43Z INFO [16/394] 09647473-9101-4fb0-922e-709ce062b2fc: 49 datasets; 1.5 s; peak memory 113 MiB.
2026-09-20T11:06:44Z INFO [17/394] 09649dfe-e39e-4b6d-be0a-bd553b9fa1c4: 116 datasets; 1.4 s; peak memory 113 MiB.
2026-09-20T11:06:54Z INFO [18/394] 0964c458-fa1d-49a2-92d5-70d6483681ff: 79 datasets; 9.9 s; peak memory 122 MiB.
2026-09-20T11:06:57Z INFO [19/394] 0965063a-ec06-496e-971c-bf70db2e4b6e: 156 datasets; 3.2 s; peak memory 122 MiB.
2026-09-20T11:07:00Z INFO [20/394] 0965967a-4578-40d6-b493-8f295916b866: 112 datasets; 2.2 s; peak memory 122 MiB.
2026-09-20T11:07:01Z INFO [21/394] 0965a0db-2575-4514-8b91-2a7dde8031e7: 39 datasets; 1.1 s; peak memory 122 MiB.
2026-09-20T11:07:11Z INFO [22/394] 0965b501-4165-43eb-91a8-33bf8463f3ef: 391 datasets; 10.3 s; peak memory 122 MiB.
2026-09-20T11:07:12Z INFO [23/394] 0965fd7f-4e91-477d-b54d-d5680d3c8bf8: 48 datasets; 1.2 s; peak memory 122 MiB.
2026-09-20T11:07:32Z INFO [24/394] 09661b05-133f-4878-953e-5c1c994fd881: 1185 datasets; 20.1 s; peak memory 166 MiB.
2026-09-20T11:07:34Z INFO [25/394] 09678cee-b092-4785-b239-8f2c27f5a8ea: 101 datasets; 2.0 s; peak memory 166 MiB.
2026-09-20T11:07:36Z INFO [26/394] 096870fa-46a5-4ae1-8dd4-6eeb17e6268f: 71 datasets; 2.2 s; peak memory 166 MiB.
2026-09-20T11:07:43Z INFO [27/394] 09689164-a484-4774-b000-bb5cf233a52a: 196 datasets; 6.9 s; peak memory 166 MiB.
2026-09-20T11:07:45Z INFO [28/394] 0969cdf0-6dda-405a-91ec-e6f81a697bf9: 117 datasets; 1.5 s; peak memory 166 MiB.
2026-09-20T11:07:46Z INFO [29/394] 096ad175-aa40-4bcc-a544-410c504d7f1a: 116 datasets; 1.3 s; peak memory 166 MiB.
2026-09-20T11:07:57Z INFO [30/394] 096b5d55-86cc-4aa0-b0d8-e58d3242d6c6: 687 datasets; 10.3 s; peak memory 167 MiB.
2026-09-20T11:07:58Z INFO [31/394] 096b5f13-1341-4928-aec2-b9a05fd21afe: 52 datasets; 1.3 s; peak memory 167 MiB.
2026-09-20T11:08:00Z INFO [32/394] 096c0315-7c72-479b-a605-887ed6b23b98: 71 datasets; 1.8 s; peak memory 167 MiB.
2026-09-20T11:08:01Z INFO [33/394] 096c10b0-3ec8-47dd-9bd4-bf9bc3bf0759: 46 datasets; 1.1 s; peak memory 167 MiB.
2026-09-20T11:11:31Z INFO [34/394] 096c4a64-33ae-475e-a94f-b9d01c39ce9f: 292 datasets; 210.0 s; peak memory 394 MiB.
2026-09-20T11:11:32Z INFO [35/394] 096c8d97-5cb6-4267-857e-ec1126eb88d5: 71 datasets; 1.7 s; peak memory 394 MiB.
2026-09-20T11:11:33Z INFO [36/394] 096ca5c6-9169-4ffa-b17b-f3763b5450c9: 37 datasets; 1.0 s; peak memory 394 MiB.
2026-09-20T11:11:35Z INFO [37/394] 096cde7d-d7f9-469c-943d-4de8645bb7fd: 73 datasets; 1.2 s; peak memory 394 MiB.
2026-09-20T11:11:36Z INFO [38/394] 096e0e47-2d48-456c-b634-4c0597147224: 66 datasets; 1.7 s; peak memory 394 MiB.
2026-09-20T11:11:39Z INFO [39/394] 096e1b12-c699-4bdd-9afe-c2379b5760bd: 124 datasets; 3.1 s; peak memory 394 MiB.
2026-09-20T11:11:40Z INFO [40/394] 096e279a-268c-4571-80ae-2f05602cc3e5: 46 datasets; 0.9 s; peak memory 394 MiB.
2026-09-20T11:11:42Z INFO [41/394] 096e36bf-5cc6-4d69-8ef8-5d7e28eac581: 48 datasets; 1.2 s; peak memory 394 MiB.
2026-09-20T11:11:43Z INFO [42/394] 096ec7c1-8d81-48b9-a94b-f6149e9e0d4b: 66 datasets; 1.7 s; peak memory 394 MiB.
2026-09-20T11:15:45Z INFO [43/394] 0971564d-fd17-4cee-aef9-0ac264f80551: 300 datasets; 241.6 s; peak memory 525 MiB.
2026-09-20T11:19:52Z INFO [44/394] 09719691-2817-4c0a-89d2-0723f9dda4aa: 283 datasets; 246.6 s; peak memory 525 MiB.
2026-09-20T11:19:53Z INFO [45/394] 0971d353-04b8-4766-8ac2-c6edbe01aa03: 112 datasets; 1.8 s; peak memory 525 MiB.
2026-09-20T11:19:55Z INFO [46/394] 0971e254-5d1e-4b40-b5d4-b27d35c5669c: 118 datasets; 1.9 s; peak memory 525 MiB.
2026-09-20T11:20:01Z INFO [47/394] 0971f66e-131d-4f60-a28f-5e4a16d461b4: 196 datasets; 6.1 s; peak memory 525 MiB.
2026-09-20T11:20:04Z INFO [48/394] 0972c602-425e-46b9-9dd0-54d4f2054ee9: 119 datasets; 2.4 s; peak memory 525 MiB.
2026-09-20T11:20:09Z INFO [49/394] 097326a9-ce81-4cc6-accf-90601610927a: 538 datasets; 5.5 s; peak memory 525 MiB.
2026-09-20T11:20:10Z INFO [50/394] 09736553-2d7a-4fec-9901-0899dad1037d: 52 datasets; 1.0 s; peak memory 525 MiB.
2026-09-20T11:20:10Z INFO [50/394] 09736553-2d7a-4fec-9901-0899dad1037d: checkpointed 51423 records.
2026-09-20T11:20:11Z INFO [51/394] 09749398-5605-434e-8d9c-0fc8ef234203: 41 datasets; 1.1 s; peak memory 525 MiB.
2026-09-20T11:20:13Z INFO [52/394] 09758102-67dd-4c82-9d4c-892d914ff0d6: 69 datasets; 1.4 s; peak memory 525 MiB.
2026-09-20T11:20:14Z INFO [53/394] 09758ed7-74eb-4827-a10f-4025786b8a52: 46 datasets; 0.9 s; peak memory 525 MiB.
2026-09-20T11:20:15Z INFO [54/394] 09760d37-dff6-410c-8631-f2f245d5a740: 117 datasets; 1.3 s; peak memory 525 MiB.
2026-09-20T11:20:22Z INFO [55/394] 097637b6-16dc-4c24-b996-60300e80fbf8: 538 datasets; 7.0 s; peak memory 525 MiB.
2026-09-20T11:20:23Z INFO [56/394] 09778676-459e-4ca8-8c72-95024be617c7: 117 datasets; 1.4 s; peak memory 525 MiB.
2026-09-20T11:20:31Z INFO [57/394] 09779add-14c8-421c-a25e-0fa5c2825452: 624 datasets; 7.3 s; peak memory 525 MiB.
2026-09-20T11:20:32Z INFO [58/394] 0977bee1-108e-496f-82b4-9dc73698c310: 117 datasets; 1.5 s; peak memory 525 MiB.
2026-09-20T11:20:33Z INFO [59/394] 09787e91-e112-4fed-9d58-ea550ec157ff: 39 datasets; 1.3 s; peak memory 525 MiB.
2026-09-20T11:20:35Z INFO [60/394] 0978ec2c-e737-441f-9a46-544ae275d097: 48 datasets; 1.2 s; peak memory 525 MiB.
2026-09-20T11:20:38Z INFO [61/394] 097a2674-7b2a-4749-bb4a-bb9aa3fd89c4: 90 datasets; 3.0 s; peak memory 525 MiB.
2026-09-20T11:20:40Z INFO [62/394] 097a47b2-2805-4931-8909-6b7403439366: 69 datasets; 1.9 s; peak memory 525 MiB.
2026-09-20T11:20:41Z INFO [63/394] 097a6748-8c7e-4809-89ac-8bfb6d58187f: 118 datasets; 1.5 s; peak memory 525 MiB.
2026-09-20T11:20:43Z INFO [64/394] 097a9f0e-f601-45a8-b707-fc704ac7a2e4: 116 datasets; 1.4 s; peak memory 525 MiB.
2026-09-20T11:20:44Z INFO [65/394] 097b5d39-cce5-45d8-8862-1004be1a9975: 112 datasets; 1.9 s; peak memory 525 MiB.
2026-09-20T11:21:05Z INFO [66/394] 097b79b2-e990-4fb4-9d37-fa97ed7365e2: 48 datasets; 20.1 s; peak memory 525 MiB.
2026-09-20T11:21:11Z INFO [67/394] 097bec89-e9c7-4bda-8e79-14368edface3: 200 datasets; 6.0 s; peak memory 525 MiB.
2026-09-20T11:21:27Z INFO [68/394] 097c1611-fba1-45af-8aaf-0d702cc3a579: 1405 datasets; 16.6 s; peak memory 525 MiB.
2026-09-20T11:21:30Z INFO [69/394] 097c8604-5a22-4102-85d5-e390887eb7a5: 118 datasets; 2.4 s; peak memory 525 MiB.
2026-09-20T11:21:31Z INFO [70/394] 097e0cbe-3acf-4d83-ac45-a4b659e5973d: 62 datasets; 1.6 s; peak memory 525 MiB.
2026-09-20T11:21:32Z INFO [71/394] 097f26c1-72ba-4817-a5cc-702a00fa4782: 49 datasets; 1.3 s; peak memory 525 MiB.
2026-09-20T11:21:47Z INFO [72/394] 097f77c7-f16b-41a4-bb00-d034f1c47022: 257 datasets; 15.0 s; peak memory 525 MiB.
2026-09-20T11:21:49Z INFO [73/394] 097f9bd1-5424-4708-8ebc-e3c105a09146: 112 datasets; 1.8 s; peak memory 525 MiB.
2026-09-20T11:21:50Z INFO [74/394] 097fc834-edcb-45a0-b708-1514cd47597e: 45 datasets; 0.9 s; peak memory 525 MiB.
2026-09-20T11:22:08Z INFO [75/394] 097fe1be-7132-4ffa-a9f5-039cb46ff725: 1754 datasets; 18.3 s; peak memory 525 MiB.
2026-09-20T11:22:11Z INFO [76/394] 0980544d-2f3d-4e84-8434-79306ace519f: 71 datasets; 2.2 s; peak memory 525 MiB.
2026-09-20T11:22:14Z INFO [77/394] 09806577-a6dd-40bc-b353-8ad30208ee48: 116 datasets; 3.0 s; peak memory 525 MiB.
2026-09-20T11:22:15Z INFO [78/394] 09812abd-9c25-4f44-a0db-3b2703aace86: 57 datasets; 1.0 s; peak memory 525 MiB.
2026-09-20T11:22:16Z INFO [79/394] 0981e14f-5998-4a9a-948f-16cc5a60b9c3: 66 datasets; 1.6 s; peak memory 525 MiB.
2026-09-20T11:22:17Z INFO [80/394] 09821e01-8cf5-491f-b209-ca5d24a6d834: 52 datasets; 1.3 s; peak memory 525 MiB.
2026-09-20T11:22:19Z INFO [81/394] 0982ec1e-efc0-4cd7-9311-6dd5633040dc: 48 datasets; 1.2 s; peak memory 525 MiB.
2026-09-20T11:22:20Z INFO [82/394] 09839265-d654-4f80-878d-921116eeb4ae: 77 datasets; 1.2 s; peak memory 525 MiB.
2026-09-20T11:22:21Z INFO [83/394] 0984734e-6522-4cef-831f-88ced1a0a592: 48 datasets; 1.1 s; peak memory 525 MiB.
2026-09-20T11:22:23Z INFO [84/394] 098498d9-c19f-4c99-ad75-0540b9d64d53: 70 datasets; 1.6 s; peak memory 525 MiB.
2026-09-20T11:22:31Z INFO [85/394] 098518aa-e4af-4bcc-815a-ac8ac2e9e647: 585 datasets; 8.6 s; peak memory 525 MiB.
2026-09-20T11:22:33Z INFO [86/394] 0985ecca-20d5-4cc7-ad11-6774ca94d910: 116 datasets; 1.5 s; peak memory 525 MiB.
2026-09-20T11:22:34Z INFO [87/394] 098629b8-ec82-4e96-a44e-35120dc9a1c5: 48 datasets; 1.2 s; peak memory 525 MiB.
2026-09-20T11:22:42Z INFO [88/394] 09863d29-45e3-4c10-bb53-9892503be146: 414 datasets; 8.4 s; peak memory 525 MiB.
2026-09-20T11:22:44Z INFO [89/394] 098658b6-345f-45f4-baee-b81cf571d3b8: 48 datasets; 1.2 s; peak memory 525 MiB.
2026-09-20T11:22:45Z INFO [90/394] 09873620-65a5-46f0-8014-6d5cd88cf751: 78 datasets; 1.5 s; peak memory 525 MiB.
2026-09-20T11:22:47Z INFO [91/394] 0987651e-b826-43b9-92e6-4c4a556017f8: 112 datasets; 1.7 s; peak memory 525 MiB.
2026-09-20T11:22:49Z INFO [92/394] 09876954-1e33-4a79-a74e-a7b299326cf1: 133 datasets; 2.3 s; peak memory 525 MiB.
2026-09-20T11:23:02Z INFO [93/394] 098784f5-269a-4339-a344-e26adcb52b9e: 98 datasets; 13.1 s; peak memory 525 MiB.
2026-09-20T11:23:03Z INFO [94/394] 09878df6-ffb5-4791-8f12-7b3b1694127c: 48 datasets; 1.2 s; peak memory 525 MiB.
2026-09-20T11:23:05Z INFO [95/394] 0987b974-011e-4e2e-9c59-8664a6b9981e: 49 datasets; 1.3 s; peak memory 525 MiB.
2026-09-20T11:23:06Z INFO [96/394] 0988f42f-3a50-49ad-aefd-bab16bf4d485: 48 datasets; 1.1 s; peak memory 525 MiB.
2026-09-20T11:23:07Z INFO [97/394] 09893102-0066-42eb-9de0-27a956283466: 112 datasets; 1.4 s; peak memory 525 MiB.
2026-09-20T11:23:10Z INFO [98/394] 098a33c9-4d81-497f-b0ad-0eb6ec3b664b: 115 datasets; 2.9 s; peak memory 525 MiB.
2026-09-20T11:23:12Z INFO [99/394] 098a72e4-ac54-485d-9dc4-e0bcdf510773: 68 datasets; 1.5 s; peak memory 525 MiB.
2026-09-20T11:23:14Z INFO [100/394] 098b770d-46dc-445d-b28a-d851db3f9389: 155 datasets; 2.2 s; peak memory 525 MiB.
2026-09-20T11:23:14Z INFO [100/394] 098b770d-46dc-445d-b28a-d851db3f9389: checkpointed 51473 records.
2026-09-20T11:23:16Z INFO [101/394] 098bcde2-22d5-44e6-84ba-78bb75b28dcc: 66 datasets; 1.6 s; peak memory 525 MiB.
2026-09-20T11:23:17Z INFO [102/394] 098c0ea8-29dc-43a1-bd33-c10ae5437531: 117 datasets; 1.4 s; peak memory 525 MiB.
2026-09-20T11:23:19Z INFO [103/394] 098c2ea4-71c2-435a-a98b-07c72ad5eef9: 119 datasets; 2.2 s; peak memory 525 MiB.
2026-09-20T11:23:20Z INFO [104/394] 098c5d34-41dc-4945-beda-a39bfe386d56: 48 datasets; 1.2 s; peak memory 525 MiB.
2026-09-20T11:23:22Z INFO [105/394] 098cb89b-a258-4c4f-80fd-e1b9e3e1d4e3: 48 datasets; 1.2 s; peak memory 525 MiB.
2026-09-20T11:23:23Z INFO [106/394] 098d37dd-fe4f-4a1d-8d88-17348ee86af1: 48 datasets; 1.1 s; peak memory 525 MiB.
2026-09-20T11:23:24Z INFO [107/394] 098ee658-eae9-4985-9ba3-979a0ecf5640: 48 datasets; 1.2 s; peak memory 525 MiB.
2026-09-20T11:23:25Z INFO [108/394] 098ef410-b85c-4731-bba8-073970e949c9: 118 datasets; 1.4 s; peak memory 525 MiB.
2026-09-20T11:23:27Z INFO [109/394] 09908b44-d72a-46e1-8d86-c6e673a5cf22: 112 datasets; 1.9 s; peak memory 525 MiB.
2026-09-20T11:23:28Z INFO [110/394] 09912a0a-113f-46d3-9c0b-465c99e950d2: 48 datasets; 1.2 s; peak memory 525 MiB.
2026-09-20T11:23:30Z INFO [111/394] 09912d28-b899-4a85-a876-13f3621f5a3b: 48 datasets; 1.1 s; peak memory 525 MiB.
2026-09-20T11:23:31Z INFO [112/394] 09914e95-3f57-4091-a558-3c8596f7b3bf: 84 datasets; 1.2 s; peak memory 525 MiB.
2026-09-20T11:23:32Z INFO [113/394] 09915080-2307-46b3-a0e6-1b375d2f3de7: 48 datasets; 1.2 s; peak memory 525 MiB.
2026-09-20T11:23:34Z INFO [114/394] 0992388d-e7d4-4507-8f1d-ef635e2bb4e9: 233 datasets; 1.9 s; peak memory 525 MiB.
2026-09-20T11:23:36Z INFO [115/394] 0992feb4-9e86-4b42-9520-f3b95cab0e05: 38 datasets; 2.4 s; peak memory 525 MiB.
2026-09-20T11:23:38Z INFO [116/394] 09931d97-340c-4f81-8584-01925c16af77: 78 datasets; 1.9 s; peak memory 525 MiB.
2026-09-20T11:23:39Z INFO [117/394] 09935913-d8b2-46b3-9354-336e4d294710: 48 datasets; 1.2 s; peak memory 525 MiB.
2026-09-20T11:23:58Z INFO [118/394] 0993e62f-43b8-432d-8c50-2d75139cb74d: 48 datasets; 18.9 s; peak memory 525 MiB.
2026-09-20T11:24:00Z INFO [119/394] 09941135-e381-45c2-93e5-f84547c53e8d: 152 datasets; 1.7 s; peak memory 525 MiB.
2026-09-20T11:24:02Z INFO [120/394] 09944479-3b08-456b-a802-6054f85c4fb5: 71 datasets; 1.7 s; peak memory 525 MiB.
2026-09-20T11:24:03Z INFO [121/394] 09952dc7-2be6-4580-936c-627e0fb4c6c8: 61 datasets; 1.6 s; peak memory 525 MiB.
2026-09-20T11:25:11Z INFO [122/394] 0995ba65-03e9-4da2-9684-77432458481c: 130 datasets; 67.5 s; peak memory 525 MiB.
2026-09-20T11:25:12Z INFO [123/394] 0996ade8-1d65-4162-ae52-1aa1a14b8b56: 117 datasets; 1.5 s; peak memory 525 MiB.
2026-09-20T11:25:14Z INFO [124/394] 0996c572-4126-40d6-92ab-ce42dda3ab48: 118 datasets; 1.4 s; peak memory 525 MiB.
2026-09-20T11:25:17Z INFO [125/394] 099744a0-cfb3-4292-a489-61f36302466a: 38 datasets; 2.9 s; peak memory 525 MiB.
2026-09-20T11:25:18Z INFO [126/394] 0997c584-645e-4a5e-9021-88f3fd499a91: 48 datasets; 1.2 s; peak memory 525 MiB.
2026-09-20T11:25:19Z INFO [127/394] 0997e173-ab09-4756-967a-a4f5f91a638f: 63 datasets; 1.2 s; peak memory 525 MiB.
2026-09-20T11:25:22Z INFO [128/394] 099b9e20-da06-4179-928d-97dca9a9b7ef: 158 datasets; 2.9 s; peak memory 525 MiB.
2026-09-20T11:25:24Z INFO [129/394] 099c2628-125f-48f4-89eb-53ddf1c08381: 261 datasets; 1.8 s; peak memory 525 MiB.
2026-09-20T11:25:25Z INFO [130/394] 099f0a6c-43be-4e9f-8e5e-fe20c1008049: 35 datasets; 0.9 s; peak memory 525 MiB.
2026-09-20T11:25:26Z INFO [131/394] 099fb701-58e9-4309-9ab9-ba0bb72b4635: 112 datasets; 1.7 s; peak memory 525 MiB.
2026-09-20T11:25:40Z INFO [132/394] 09a0751f-a0c3-4674-b8f4-396a15352ac5: 1160 datasets; 13.3 s; peak memory 525 MiB.
2026-09-20T11:25:41Z INFO [133/394] 09a1fb5f-9469-41fa-bab7-476fcbdfc76e: 48 datasets; 1.2 s; peak memory 525 MiB.
2026-09-20T11:26:01Z INFO [134/394] 09a2676d-83de-4779-834b-4178a3827b27: 2020 datasets; 20.0 s; peak memory 525 MiB.
2026-09-20T11:26:02Z INFO [135/394] 09a31724-5e58-4bcd-a6da-6757624a17a1: 72 datasets; 1.5 s; peak memory 525 MiB.
2026-09-20T11:26:14Z INFO [136/394] 09a3f3e8-30a9-4e06-b78c-19f97cebe968: 224 datasets; 11.7 s; peak memory 525 MiB.
2026-09-20T11:26:15Z INFO [137/394] 09a406bf-7d58-4f73-83e4-6d2be8f9f20c: 48 datasets; 1.2 s; peak memory 525 MiB.
2026-09-20T11:26:16Z INFO [138/394] 09a4332c-a177-4419-b191-fccf857bca7f: 48 datasets; 1.2 s; peak memory 525 MiB.
2026-09-20T11:26:23Z INFO [139/394] 09a4a979-7198-4db6-b31f-c38a11fa059f: 591 datasets; 6.8 s; peak memory 525 MiB.
2026-09-20T11:26:24Z INFO [140/394] 09a4bd91-523a-4696-8e81-79c3c3adfcd3: 48 datasets; 1.2 s; peak memory 525 MiB.
2026-09-20T11:26:26Z INFO [141/394] 09a57fb8-16f6-4be2-b034-20c0b508672b: 117 datasets; 1.5 s; peak memory 525 MiB.
2026-09-20T11:51:55Z INFO [142/394] 09a5b8c0-b6f7-444d-b547-c5674e07a72c: 99 datasets; 1528.7 s; peak memory 1122 MiB.
2026-09-20T11:51:56Z INFO [143/394] 09a6690d-622e-48ae-9781-62ba7a8d0845: 116 datasets; 1.6 s; peak memory 1122 MiB.
2026-09-20T11:51:58Z INFO [144/394] 09a6d809-86d2-4b48-9fd1-8082adc0ee76: 118 datasets; 1.5 s; peak memory 1122 MiB.
2026-09-20T11:51:59Z INFO [145/394] 09a80bd6-61e6-45c4-a7d9-d11cbb271e4a: 48 datasets; 1.2 s; peak memory 1122 MiB.
2026-09-20T11:52:13Z INFO [146/394] 09a84516-dd69-4208-915e-af986301faca: 1170 datasets; 14.1 s; peak memory 1122 MiB.
2026-09-20T11:52:14Z INFO [147/394] 09a87655-80fc-4f4b-8b6a-721a95fa0422: 117 datasets; 1.4 s; peak memory 1122 MiB.
2026-09-20T11:52:16Z INFO [148/394] 09a88377-c627-4e4b-b929-c94a909f28fa: 66 datasets; 1.7 s; peak memory 1122 MiB.
2026-09-20T11:52:19Z INFO [149/394] 09a89d29-756f-49c0-afbe-2f82edc49fb1: 115 datasets; 3.0 s; peak memory 1122 MiB.
2026-09-20T11:52:26Z INFO [150/394] 09a8de5e-04f0-40f8-9301-bf015a804674: 538 datasets; 7.2 s; peak memory 1122 MiB.
2026-09-20T11:52:26Z INFO [150/394] 09a8de5e-04f0-40f8-9301-bf015a804674: checkpointed 51523 records.
2026-09-20T11:52:28Z INFO [151/394] 09aa0e01-a104-48c4-9f9a-f9d373ea4d42: 62 datasets; 1.3 s; peak memory 1122 MiB.
2026-09-20T11:52:30Z INFO [152/394] 09aa62e5-c4e7-429e-acc5-4115d468fbd3: 115 datasets; 2.6 s; peak memory 1122 MiB.
2026-09-20T11:52:32Z INFO [153/394] 09ab8bde-2071-4bd8-bf46-1fc2e9475332: 71 datasets; 1.9 s; peak memory 1122 MiB.
2026-09-20T11:52:34Z INFO [154/394] 09abfac8-d134-4159-aaf8-efc9afc573ed: 51 datasets; 1.5 s; peak memory 1122 MiB.
2026-09-20T11:52:52Z INFO [155/394] 09ac3a12-a196-4e18-8984-6cb51848501f: 769 datasets; 18.0 s; peak memory 1122 MiB.
2026-09-20T11:52:54Z INFO [156/394] 09ac9506-031f-47b3-b29f-f6e07ea27942: 71 datasets; 1.7 s; peak memory 1122 MiB.
2026-09-20T11:52:56Z INFO [157/394] 09ac952e-e223-49b2-953a-5e8b0505a31c: 94 datasets; 2.5 s; peak memory 1122 MiB.
2026-09-20T11:52:57Z INFO [158/394] 09ace77d-78b3-4e2f-9a59-75755badc93d: 48 datasets; 1.2 s; peak memory 1122 MiB.
2026-09-20T11:53:17Z INFO [159/394] 09ad2dda-b346-40ea-8300-e2ab35d8e258: 942 datasets; 19.6 s; peak memory 1122 MiB.
2026-09-20T11:53:19Z INFO [160/394] 09ad32c4-820f-4905-931a-f54b13829def: 66 datasets; 1.7 s; peak memory 1122 MiB.
2026-09-20T11:53:20Z INFO [161/394] 09ad8f00-b801-48f1-b349-296820f775f0: 117 datasets; 1.6 s; peak memory 1122 MiB.
2026-09-20T11:53:27Z INFO [162/394] 09ade962-029c-4327-9acc-44308724f297: 538 datasets; 6.7 s; peak memory 1122 MiB.
2026-09-20T11:53:28Z INFO [163/394] 09ae8dcd-8066-4554-aaf2-5a541673faf4: 48 datasets; 1.2 s; peak memory 1122 MiB.
2026-09-20T11:53:29Z INFO [164/394] 09ae9e3f-7621-445e-b882-5ae2672f9001: 48 datasets; 1.2 s; peak memory 1122 MiB.
2026-09-20T11:53:31Z INFO [165/394] 09aeb529-249d-4af4-8617-106dca1cd6ba: 112 datasets; 1.6 s; peak memory 1122 MiB.
2026-09-20T11:53:38Z INFO [166/394] 09aec2cc-b4ff-4e90-875e-9847c938bf26: 537 datasets; 7.1 s; peak memory 1122 MiB.
2026-09-20T11:53:49Z INFO [167/394] 09b0085e-82c4-4832-ba14-c8bad253549a: 409 datasets; 10.7 s; peak memory 1122 MiB.
2026-09-20T11:53:54Z INFO [168/394] 09b09422-0ba4-4dea-810b-0acbc6ec9dac: 229 datasets; 5.2 s; peak memory 1122 MiB.
2026-09-20T11:53:55Z INFO [169/394] 09b0b83e-3195-4b35-b65f-b2bf2afb7723: 48 datasets; 1.1 s; peak memory 1122 MiB.
2026-09-20T11:53:56Z INFO [170/394] 09b1d782-bfa8-4677-a9ab-0d53c0620eff: 118 datasets; 1.5 s; peak memory 1122 MiB.
2026-09-20T11:54:11Z INFO [171/394] 09b2b687-9ad0-4b30-aaac-21d4a2186d91: 41 datasets; 14.6 s; peak memory 1122 MiB.
2026-09-20T11:54:12Z INFO [172/394] 09b37070-802c-4aa7-8db5-aef6cad7b081: 48 datasets; 1.2 s; peak memory 1122 MiB.
2026-09-20T11:54:14Z INFO [173/394] 09b3e523-dce2-4427-b362-1ca0dd9d5d57: 112 datasets; 1.7 s; peak memory 1122 MiB.
2026-09-20T11:54:15Z INFO [174/394] 09b40c3f-b544-4b2a-8633-43f5f45926ea: 52 datasets; 1.2 s; peak memory 1122 MiB.
2026-09-20T11:54:17Z INFO [175/394] 09b45f4d-30ac-48f6-8387-28a93d9d4b9f: 71 datasets; 2.0 s; peak memory 1122 MiB.
2026-09-20T11:54:18Z INFO [176/394] 09b51b9f-cc06-44f8-a958-f4e26c48dcfd: 48 datasets; 1.2 s; peak memory 1122 MiB.
2026-09-20T11:54:20Z INFO [177/394] 09b564ff-d3f7-4eec-860f-7f446c4349d4: 117 datasets; 1.4 s; peak memory 1122 MiB.
2026-09-20T11:54:28Z INFO [178/394] 09b58978-d38c-497d-a876-37993a4c4d0b: 709 datasets; 8.7 s; peak memory 1122 MiB.
2026-09-20T11:54:30Z INFO [179/394] 09b5b2f7-5578-4339-971e-b43d2d53b043: 48 datasets; 1.2 s; peak memory 1122 MiB.
2026-09-20T11:54:31Z INFO [180/394] 09b5de13-4177-4e1f-bcd9-a94bfee0727c: 69 datasets; 1.5 s; peak memory 1122 MiB.
2026-09-20T11:54:33Z INFO [181/394] 09b641e5-c137-49b6-bf97-68997810e52c: 112 datasets; 1.5 s; peak memory 1122 MiB.
2026-09-20T11:54:34Z INFO [182/394] 09b68144-bbfd-4c10-84e7-002a4974a8bf: 116 datasets; 1.4 s; peak memory 1122 MiB.
2026-09-20T11:54:38Z INFO [183/394] 09b78939-8441-4bf2-9a3c-ea0b21d25144: 190 datasets; 4.2 s; peak memory 1122 MiB.
2026-09-20T11:54:39Z INFO [184/394] 09b7a6cb-e084-4770-b04e-da8d1300a039: 48 datasets; 1.2 s; peak memory 1122 MiB.
2026-09-20T11:54:53Z INFO [185/394] 09b7d1d7-8b38-47b2-94f5-e0815ed37926: 1086 datasets; 13.6 s; peak memory 1122 MiB.
2026-09-20T11:55:00Z INFO [186/394] 09b81c90-bd08-4dad-bed1-ebaf4485156f: 484 datasets; 6.7 s; peak memory 1122 MiB.
2026-09-20T11:55:02Z INFO [187/394] 09b81f5f-0818-44a8-94cb-6b85e088cc0c: 71 datasets; 2.0 s; peak memory 1122 MiB.
2026-09-20T11:55:03Z INFO [188/394] 09b86bbb-cf45-46e6-9a4d-a7e7a4ddc785: 62 datasets; 1.7 s; peak memory 1122 MiB.
2026-09-20T11:55:05Z INFO [189/394] 09b8e0d1-1256-449b-87e1-2a6e29b594ee: 118 datasets; 1.4 s; peak memory 1122 MiB.
2026-09-20T11:55:21Z INFO [190/394] 09b95e2a-b015-46ea-8332-beb4b3f13ba0: 432 datasets; 16.1 s; peak memory 1122 MiB.
2026-09-20T11:55:22Z INFO [191/394] 09baf449-3c2b-4701-9f95-737798d6677d: 59 datasets; 1.5 s; peak memory 1122 MiB.
2026-09-20T11:55:23Z INFO [192/394] 09bbe124-7b0d-438c-b186-e0846a0e2c28: 48 datasets; 1.1 s; peak memory 1122 MiB.
2026-09-20T11:55:33Z INFO [193/394] 09bc8e09-ed3f-4842-8afe-c609f592b51b: 784 datasets; 9.4 s; peak memory 1122 MiB.
2026-09-20T11:55:34Z INFO [194/394] 09bcc6d3-aa79-4ff8-99da-4d39c157dfe9: 77 datasets; 1.4 s; peak memory 1122 MiB.
2026-09-20T11:55:36Z INFO [195/394] 09bf910d-7170-48fc-a68b-f8a1bf2689ae: 170 datasets; 1.6 s; peak memory 1122 MiB.
2026-09-20T11:55:39Z INFO [196/394] 09c126c2-b273-40ec-9a98-4623e22028ef: 84 datasets; 3.3 s; peak memory 1122 MiB.
2026-09-20T11:55:41Z INFO [197/394] 09c14d38-3fd2-4adc-a0db-db97d5f0e124: 52 datasets; 1.3 s; peak memory 1122 MiB.
2026-09-20T11:55:42Z INFO [198/394] 09c2b6af-4acc-4806-bf68-40d7c55058cf: 71 datasets; 1.9 s; peak memory 1122 MiB.
2026-09-20T11:55:44Z INFO [199/394] 09c2ba14-8dc3-499e-a38e-2f4a0723b32f: 553 datasets; 1.2 s; peak memory 1122 MiB.
2026-09-20T11:55:45Z INFO [200/394] 09c324f7-0769-4f54-82c2-66fae75657b9: 59 datasets; 1.2 s; peak memory 1122 MiB.
2026-09-20T11:55:45Z INFO [200/394] 09c324f7-0769-4f54-82c2-66fae75657b9: checkpointed 51573 records.
2026-09-20T11:55:46Z INFO [201/394] 09c331d9-cb20-4541-92dd-76fd4f9f521a: 84 datasets; 1.3 s; peak memory 1122 MiB.
2026-09-20T11:55:48Z INFO [202/394] 09c3a406-1669-464d-9ff7-1d29b8d18e91: 64 datasets; 1.6 s; peak memory 1122 MiB.
2026-09-20T11:55:50Z INFO [203/394] 09c3d0e7-3be4-4c70-b45a-7d2eeb20ffc2: 71 datasets; 2.4 s; peak memory 1122 MiB.
2026-09-20T11:55:51Z INFO [204/394] 09c488b8-8668-46f0-b2d5-63440f0d9ff3: 48 datasets; 1.2 s; peak memory 1122 MiB.
2026-09-20T11:59:17Z INFO [205/394] 09c4bd5a-f32e-4152-8324-e280a1c9a3db: 436 datasets; 205.6 s; peak memory 1122 MiB.
2026-09-20T11:59:25Z INFO [206/394] 09c52288-d38d-4da1-b6e9-471b2f9771a2: 56 datasets; 8.1 s; peak memory 1122 MiB.
2026-09-20T11:59:28Z INFO [207/394] 09c59f0a-e2c1-4888-a83d-19ba3457a68b: 101 datasets; 2.7 s; peak memory 1122 MiB.
2026-09-20T11:59:30Z INFO [208/394] 09c67de8-6e21-42fd-a802-cea92540ec8a: 66 datasets; 1.9 s; peak memory 1122 MiB.
2026-09-20T11:59:31Z INFO [209/394] 09c9ca88-48f7-43c3-8fa8-57d0a1813059: 69 datasets; 1.4 s; peak memory 1122 MiB.
2026-09-20T11:59:34Z INFO [210/394] 09cb3b6a-ec27-411d-9c5b-4d050f7cf0c0: 116 datasets; 2.9 s; peak memory 1122 MiB.
2026-09-20T12:01:23Z INFO [211/394] 09cb8322-6a8d-4a55-976a-bbd68e1817df: 269 datasets; 109.1 s; peak memory 1122 MiB.
2026-09-20T12:01:24Z INFO [212/394] 09cbc73d-2827-49b8-b9fd-826474189ff4: 117 datasets; 1.4 s; peak memory 1122 MiB.
2026-09-20T12:01:26Z INFO [213/394] 09cc0818-2dba-4aea-b20a-68d781523390: 84 datasets; 1.8 s; peak memory 1122 MiB.
2026-09-20T12:01:28Z INFO [214/394] 09ccd87f-e536-4b24-bd20-3669ffda36e9: 62 datasets; 1.5 s; peak memory 1122 MiB.
2026-09-20T12:01:31Z INFO [215/394] 09cd9469-9231-4329-b51d-cb4d3f805f22: 316 datasets; 3.7 s; peak memory 1122 MiB.
2026-09-20T12:01:33Z INFO [216/394] 09cdf7f4-a829-4d1c-8a8f-e26cfbc176a6: 117 datasets; 1.6 s; peak memory 1122 MiB.
2026-09-20T12:01:35Z INFO [217/394] 09ce209d-d361-4f58-9389-8dee28bfe020: 69 datasets; 1.6 s; peak memory 1122 MiB.
2026-09-20T12:01:36Z INFO [218/394] 09ce5490-26ea-468f-aafe-d8ac2da76591: 117 datasets; 1.4 s; peak memory 1122 MiB.
2026-09-20T12:01:51Z INFO [219/394] 09ce781a-e048-43a7-abd4-6bfc5be62863: 38 datasets; 14.7 s; peak memory 1122 MiB.
2026-09-20T12:01:54Z INFO [220/394] 09ce8d97-d61e-4b3a-99cb-a5c6a55b3122: 157 datasets; 3.0 s; peak memory 1122 MiB.
2026-09-20T12:01:55Z INFO [221/394] 09cf0271-4ce0-40d7-9a23-74f093233b70: 82 datasets; 1.5 s; peak memory 1122 MiB.
2026-09-20T12:01:57Z INFO [222/394] 09cfba07-9fff-4f01-92e6-ddf0a30fc76c: 73 datasets; 1.3 s; peak memory 1122 MiB.
2026-09-20T12:01:58Z INFO [223/394] 09cfd04a-da5d-49c1-8dbf-b98a34850cc9: 69 datasets; 1.6 s; peak memory 1122 MiB.
2026-09-20T12:01:59Z INFO [224/394] 09d02fff-1fab-43b1-ad67-282f3e160485: 48 datasets; 1.2 s; peak memory 1122 MiB.
2026-09-20T12:02:02Z INFO [225/394] 09d1979c-fa5c-491f-94d3-2173aa36e835: 71 datasets; 2.4 s; peak memory 1122 MiB.
2026-09-20T12:02:04Z INFO [226/394] 09d32b22-c5dc-4601-a11b-274ddf365ef7: 112 datasets; 1.8 s; peak memory 1122 MiB.
2026-09-20T12:02:05Z INFO [227/394] 09d3f976-6f83-4189-b06e-88ebf7f49295: 176 datasets; 1.6 s; peak memory 1122 MiB.
2026-09-20T12:02:07Z INFO [228/394] 09d418a7-938d-498e-88cc-b142794eba04: 112 datasets; 1.8 s; peak memory 1122 MiB.
2026-09-20T12:02:09Z INFO [229/394] 09d55c53-130d-4ec3-b29d-e57f3d00b74e: 110 datasets; 1.5 s; peak memory 1122 MiB.
2026-09-20T12:02:10Z INFO [230/394] 09d5b087-e3f0-4b4e-88da-dbff30f5881f: 46 datasets; 1.0 s; peak memory 1122 MiB.
2026-09-20T12:02:11Z INFO [231/394] 09d5f672-5836-40ee-86b8-77d02e914187: 48 datasets; 1.1 s; peak memory 1122 MiB.
2026-09-20T12:02:12Z INFO [232/394] 09d61dcf-77fe-440b-9f71-6c2984dea32a: 138 datasets; 1.5 s; peak memory 1122 MiB.
2026-09-20T12:02:14Z INFO [233/394] 09d88ae2-9ccc-4956-a6a5-e3de83c3a2c1: 112 datasets; 1.8 s; peak memory 1122 MiB.
2026-09-20T12:02:15Z INFO [234/394] 09d894ab-6c82-4ba0-bd4f-9b87e9b350e8: 62 datasets; 1.4 s; peak memory 1122 MiB.
2026-09-20T12:02:18Z INFO [235/394] 09d8a73d-83f7-412b-9ae3-76d879419bf1: 115 datasets; 2.6 s; peak memory 1122 MiB.
2026-09-20T12:02:20Z INFO [236/394] 09d9845a-6363-4b1c-bbe6-3e92963cdb0a: 117 datasets; 1.7 s; peak memory 1122 MiB.
2026-09-20T12:02:21Z INFO [237/394] 09dae43c-6f24-4da9-a77d-84623b266f7d: 116 datasets; 1.3 s; peak memory 1122 MiB.
2026-09-20T12:02:27Z INFO [238/394] 09db61bd-ebff-445b-8399-899d37f45095: 229 datasets; 5.8 s; peak memory 1122 MiB.
2026-09-20T12:02:28Z INFO [239/394] 09dc3210-8116-47a1-8473-9e4105f581e6: 48 datasets; 1.2 s; peak memory 1122 MiB.
2026-09-20T12:02:31Z INFO [240/394] 09dc738d-e023-44f3-890f-be3017a8f6c5: 115 datasets; 2.8 s; peak memory 1122 MiB.
2026-09-20T12:02:32Z INFO [241/394] 09dcab2f-e1f9-4d88-ae87-991fb55797c6: 37 datasets; 0.9 s; peak memory 1122 MiB.
2026-09-20T12:02:37Z INFO [242/394] 09dccc65-2177-4d83-a9a5-58ccdb6dea48: 569 datasets; 5.2 s; peak memory 1122 MiB.
2026-09-20T12:02:38Z INFO [243/394] 09dce58a-679a-462b-a67b-eb59f66fbec9: 52 datasets; 1.0 s; peak memory 1122 MiB.
2026-09-20T12:02:39Z INFO [244/394] 09dd8eb3-e064-4223-84cd-807228c536f5: 114 datasets; 1.2 s; peak memory 1122 MiB.
2026-09-20T12:02:41Z INFO [245/394] 09de817d-1b8d-46c8-b95f-f31555ecd87a: 72 datasets; 1.5 s; peak memory 1122 MiB.
2026-09-20T12:02:43Z INFO [246/394] 09dedd5f-2d29-4b99-b8f5-da356bbe9894: 119 datasets; 2.5 s; peak memory 1122 MiB.
2026-09-20T12:03:02Z INFO [247/394] 09df43ba-d42b-4fee-bf5f-4540a3cbb594: 48 datasets; 19.0 s; peak memory 1122 MiB.
2026-09-20T12:03:03Z INFO [248/394] 09df844b-8898-46dc-bc74-d5ff5ffb129f: 117 datasets; 1.4 s; peak memory 1122 MiB.
2026-09-20T12:03:05Z INFO [249/394] 09dfb829-b00f-4761-ab66-4b1ae4557b85: 48 datasets; 1.1 s; peak memory 1122 MiB.
2026-09-20T12:03:06Z INFO [250/394] 09dfc987-4167-446e-9aac-95106cddcdd1: 48 datasets; 1.2 s; peak memory 1122 MiB.
2026-09-20T12:03:06Z INFO [250/394] 09dfc987-4167-446e-9aac-95106cddcdd1: checkpointed 51623 records.
2026-09-20T12:03:27Z INFO [251/394] 09dff453-e589-4803-b94a-f7cb3da729ec: 549 datasets; 21.0 s; peak memory 1122 MiB.
2026-09-20T12:03:28Z INFO [252/394] 09e03788-3188-49b6-93f3-94a695be4a36: 92 datasets; 1.2 s; peak memory 1122 MiB.
2026-09-20T12:03:29Z INFO [253/394] 09e09925-28d4-4e25-a996-1a979eb61992: 110 datasets; 1.3 s; peak memory 1122 MiB.
2026-09-20T12:03:31Z INFO [254/394] 09e10cda-1047-475d-a34e-17c18169d246: 118 datasets; 1.4 s; peak memory 1122 MiB.
2026-09-20T12:03:32Z INFO [255/394] 09e19dcf-b354-4837-ad95-8f957175e164: 46 datasets; 1.3 s; peak memory 1122 MiB.
2026-09-20T12:03:34Z INFO [256/394] 09e1a3f1-b8dc-4daf-b865-495a895b66db: 116 datasets; 1.6 s; peak memory 1122 MiB.
2026-09-20T12:03:43Z INFO [257/394] 09e1dcea-126d-426f-b062-6cb679cdefc6: 369 datasets; 8.8 s; peak memory 1122 MiB.
2026-09-20T12:03:44Z INFO [258/394] 09e1e86f-de52-4eaf-8c2c-8845a0719e35: 49 datasets; 1.4 s; peak memory 1122 MiB.
2026-09-20T12:03:54Z INFO [259/394] 09e2058e-592b-4f6e-946f-dfac82fb932f: 409 datasets; 10.3 s; peak memory 1122 MiB.
2026-09-20T12:03:55Z INFO [260/394] 09e2424e-8afc-4b14-992a-14499e9ea7a2: 54 datasets; 1.0 s; peak memory 1122 MiB.
2026-09-20T12:03:57Z INFO [261/394] 09e24b80-5379-4e2d-8937-78743e30bdfd: 116 datasets; 1.4 s; peak memory 1122 MiB.
2026-09-20T12:03:59Z INFO [262/394] 09e29a29-fbb1-4cce-83d6-0476cd675754: 38 datasets; 2.6 s; peak memory 1122 MiB.
2026-09-20T12:04:01Z INFO [263/394] 09e2a404-b029-4bcd-b8a3-5a9a982fc82a: 112 datasets; 2.1 s; peak memory 1122 MiB.
2026-09-20T12:04:03Z INFO [264/394] 09e2ec5d-8722-4bb2-9a5c-95e4954be211: 112 datasets; 1.9 s; peak memory 1122 MiB.
2026-09-20T12:04:04Z INFO [265/394] 09e39016-49e6-4b79-bf75-c3843df166b1: 50 datasets; 1.1 s; peak memory 1122 MiB.
2026-09-20T12:04:06Z INFO [266/394] 09e3a9c8-66cd-496a-bf35-4cdc617bc6ab: 52 datasets; 1.2 s; peak memory 1122 MiB.
2026-09-20T12:04:06Z INFO [267/394] 09e60b83-41b6-4018-baa5-919f336af932: 35 datasets; 1.0 s; peak memory 1122 MiB.
2026-09-20T12:04:08Z INFO [268/394] 09e750cd-9386-4d68-ada5-5603f3566833: 117 datasets; 1.5 s; peak memory 1122 MiB.
2026-09-20T12:04:09Z INFO [269/394] 09e77ba5-07b8-40cf-8512-3602822cf44c: 48 datasets; 1.1 s; peak memory 1122 MiB.
2026-09-20T12:04:11Z INFO [270/394] 09e82e72-934b-4536-b61d-7f31c5a52267: 116 datasets; 1.4 s; peak memory 1122 MiB.
2026-09-20T12:04:12Z INFO [271/394] 09e921b5-3f4b-4014-b530-1f287a23095e: 72 datasets; 1.7 s; peak memory 1122 MiB.
2026-09-20T12:04:14Z INFO [272/394] 09e98317-6218-4c5a-83ea-c91aca8541ba: 66 datasets; 1.6 s; peak memory 1122 MiB.
2026-09-20T12:04:17Z INFO [273/394] 09ea1a9a-a5ab-496a-84a1-373c1e4c5cbf: 80 datasets; 3.6 s; peak memory 1122 MiB.
2026-09-20T12:04:19Z INFO [274/394] 09ea60c8-b381-40b1-b123-3ee29f1525e9: 59 datasets; 1.7 s; peak memory 1122 MiB.
2026-09-20T12:04:20Z INFO [275/394] 09ead2db-b9b7-4481-bf92-9f9ef160f2af: 48 datasets; 1.1 s; peak memory 1122 MiB.
2026-09-20T12:04:22Z INFO [276/394] 09ec20a1-6e30-4c6d-968f-cace49771e05: 117 datasets; 1.4 s; peak memory 1122 MiB.
2026-09-20T12:04:23Z INFO [277/394] 09ed1aa2-81eb-429c-b06f-24f73121cc78: 77 datasets; 1.3 s; peak memory 1122 MiB.
2026-09-20T12:04:25Z INFO [278/394] 09ed3f49-a741-4f12-8ecd-2611ad16e93d: 64 datasets; 1.6 s; peak memory 1122 MiB.
2026-09-20T12:04:26Z INFO [279/394] 09ee4cd3-358b-4181-869e-110128ca15d6: 48 datasets; 1.2 s; peak memory 1122 MiB.
2026-09-20T12:04:39Z INFO [280/394] 09ee5205-c046-439b-b11a-218d83b694a1: 1031 datasets; 13.6 s; peak memory 1122 MiB.
2026-09-20T12:04:41Z INFO [281/394] 09ee60fe-f2b8-4cc8-b3df-09062c54fd53: 117 datasets; 1.4 s; peak memory 1122 MiB.
2026-09-20T12:04:42Z INFO [282/394] 09ee6cdb-8155-45da-8c5c-881bbb8221f3: 118 datasets; 1.4 s; peak memory 1122 MiB.
2026-09-20T12:04:44Z INFO [283/394] 09eecd46-01c7-4ee6-9244-25aa9ba8664d: 112 datasets; 1.7 s; peak memory 1122 MiB.
2026-09-20T12:04:45Z INFO [284/394] 09eede6f-cb61-4797-bc85-a4f405fb2fae: 48 datasets; 1.2 s; peak memory 1122 MiB.
2026-09-20T12:04:46Z INFO [285/394] 09ef0b6e-2ec9-4b31-814f-c88c82e80e5f: 48 datasets; 1.2 s; peak memory 1122 MiB.
2026-09-20T12:04:56Z INFO [286/394] 09f0a2a4-56b0-4eac-a6fe-7195d2a3c329: 339 datasets; 9.8 s; peak memory 1122 MiB.
2026-09-20T12:04:58Z INFO [287/394] 09f14c2f-9098-4113-b22a-f57fd2a4a12c: 118 datasets; 1.5 s; peak memory 1122 MiB.
2026-09-20T12:05:00Z INFO [288/394] 09f1b19d-c5cd-4630-82a0-e111354cea6f: 144 datasets; 2.4 s; peak memory 1122 MiB.
2026-09-20T12:05:05Z INFO [289/394] 09f236ce-4dc1-4165-984f-e7524ab44eab: 229 datasets; 5.2 s; peak memory 1122 MiB.
2026-09-20T12:05:08Z INFO [290/394] 09f26db2-d44f-444b-8f58-df80fcc4ddf8: 116 datasets; 2.8 s; peak memory 1122 MiB.
2026-09-20T12:05:12Z INFO [291/394] 09f33317-5205-41a3-a2f5-eb40d511b037: 184 datasets; 4.1 s; peak memory 1122 MiB.
2026-09-20T12:05:14Z INFO [292/394] 09f371b5-53cb-4832-84d8-a9d3a33775af: 110 datasets; 2.2 s; peak memory 1122 MiB.
2026-09-20T12:05:16Z INFO [293/394] 09f5727c-0def-4727-8bd3-e219a326f329: 53 datasets; 1.9 s; peak memory 1122 MiB.
2026-09-20T12:05:17Z INFO [294/394] 09f65130-514f-4c9f-902d-4c9ccbef8f98: 48 datasets; 1.2 s; peak memory 1122 MiB.
2026-09-20T12:05:19Z INFO [295/394] 09f67f81-c647-4db7-9e0b-e7db11e8a9a8: 112 datasets; 1.7 s; peak memory 1122 MiB.
2026-09-20T12:05:21Z INFO [296/394] 09f6e499-af81-4c81-bad6-eb58868f1291: 51 datasets; 1.8 s; peak memory 1122 MiB.
2026-09-20T12:05:32Z INFO [297/394] 09f6f4cc-0eb7-43ba-b7c9-749153c3d2ca: 3795 datasets; 11.3 s; peak memory 1122 MiB.
2026-09-20T12:05:34Z INFO [298/394] 09f777f7-d91c-4dd2-86c5-f9815513dad1: 117 datasets; 1.3 s; peak memory 1122 MiB.
2026-09-20T12:05:36Z INFO [299/394] 09f81058-0945-43db-ab16-b1741c6c6860: 84 datasets; 2.8 s; peak memory 1122 MiB.
2026-09-20T12:05:38Z INFO [300/394] 09f838ef-763e-4063-a2a0-37ad294598ac: 117 datasets; 1.4 s; peak memory 1122 MiB.
2026-09-20T12:05:38Z INFO [300/394] 09f838ef-763e-4063-a2a0-37ad294598ac: checkpointed 51673 records.
2026-09-20T12:05:50Z INFO [301/394] 09f887da-3875-4649-922c-eb98d2f03798: 790 datasets; 12.0 s; peak memory 1122 MiB.
2026-09-20T12:06:02Z INFO [302/394] 09fa9e23-6f3c-4971-86a9-2fb0fdc1bc51: 331 datasets; 12.3 s; peak memory 1122 MiB.
2026-09-20T12:06:10Z INFO [303/394] 09fb49f0-4f96-465d-96e6-2d8b7889c902: 539 datasets; 7.6 s; peak memory 1122 MiB.
2026-09-20T12:06:11Z INFO [304/394] 09fb6fe2-dfa0-477b-8be9-a31e731a0004: 48 datasets; 1.2 s; peak memory 1122 MiB.
2026-09-20T12:06:12Z INFO [305/394] 09fbe36e-2cc9-4a8d-87b6-24d64a8f76f6: 120 datasets; 1.3 s; peak memory 1122 MiB.
2026-09-20T12:06:14Z INFO [306/394] 09fbfb31-326d-4c92-af2f-fb0fb644ff7d: 275 datasets; 1.7 s; peak memory 1122 MiB.
2026-09-20T12:06:15Z INFO [307/394] 09fc4152-83aa-4ce9-95b3-1d5acf94fbc0: 116 datasets; 1.3 s; peak memory 1122 MiB.
2026-09-20T12:06:16Z INFO [308/394] 09fdf6a8-4753-4f7e-8a94-e9851ed4ac09: 114 datasets; 1.1 s; peak memory 1122 MiB.
2026-09-20T12:06:18Z INFO [309/394] 09ffec85-2705-4732-9bd9-079e1a0eedbb: 66 datasets; 1.7 s; peak memory 1122 MiB.
2026-09-20T12:06:19Z INFO [310/394] 09fff81e-9259-4659-b56b-5298a402ca78: 68 datasets; 1.4 s; peak memory 1122 MiB.
2026-09-20T12:06:20Z INFO [311/394] 0a002c53-b7d5-426a-94ef-e0441afd5f1c: 122 datasets; 1.1 s; peak memory 1122 MiB.
2026-09-20T12:06:22Z INFO [312/394] 0a0052ec-492d-46c8-9a04-edcb4c93bf51: 71 datasets; 1.7 s; peak memory 1122 MiB.
2026-09-20T12:06:23Z INFO [313/394] 0a00f652-1dca-4908-8992-09e11136708b: 46 datasets; 1.1 s; peak memory 1122 MiB.
2026-09-20T12:06:25Z INFO [314/394] 0a0152d1-4b32-41d0-861c-04dc75feaebf: 52 datasets; 1.3 s; peak memory 1122 MiB.
2026-09-20T12:06:30Z INFO [315/394] 0a018fee-f1ac-4c0c-ba20-2e8cf39d1704: 509 datasets; 5.4 s; peak memory 1122 MiB.
2026-09-20T12:06:32Z INFO [316/394] 0a01a507-08e4-4a91-a20c-f466b016a6a6: 112 datasets; 1.7 s; peak memory 1122 MiB.
2026-09-20T12:06:33Z INFO [317/394] 0a01c3ee-0903-428a-afc7-9f96ed7e9af1: 48 datasets; 1.3 s; peak memory 1122 MiB.
2026-09-20T12:08:26Z INFO [318/394] 0a035564-1b8d-4f78-b7de-b872719acb23: 269 datasets; 113.1 s; peak memory 1122 MiB.
2026-09-20T12:08:28Z INFO [319/394] 0a042a69-eccf-4884-b1ce-a832a0e93a7d: 112 datasets; 1.7 s; peak memory 1122 MiB.
2026-09-20T12:08:29Z INFO [320/394] 0a043a89-1d2a-43d9-b19a-42cccc48bd7b: 66 datasets; 1.6 s; peak memory 1122 MiB.
2026-09-20T12:08:32Z INFO [321/394] 0a04ab27-b3dd-40c2-a80f-c38a5fa9c49a: 172 datasets; 3.0 s; peak memory 1122 MiB.
2026-09-20T12:08:34Z INFO [322/394] 0a0663b8-8952-4a04-9729-95445483c7aa: 48 datasets; 1.2 s; peak memory 1122 MiB.
2026-09-20T12:08:35Z INFO [323/394] 0a070227-9afd-4fad-80bf-fcff585b563a: 118 datasets; 1.3 s; peak memory 1122 MiB.
2026-09-20T12:08:36Z INFO [324/394] 0a07ae4c-db0b-46ba-8238-56c55f56ff85: 48 datasets; 1.2 s; peak memory 1122 MiB.
2026-09-20T12:08:38Z INFO [325/394] 0a083fcc-725e-43dc-adae-69e75007d644: 62 datasets; 1.6 s; peak memory 1122 MiB.
2026-09-20T12:08:39Z INFO [326/394] 0a08ca98-8588-402c-b08e-f1660c086617: 48 datasets; 1.3 s; peak memory 1122 MiB.
2026-09-20T12:08:45Z INFO [327/394] 0a0918f3-c445-4a58-833f-68d7df9f6200: 278 datasets; 6.1 s; peak memory 1122 MiB.
2026-09-20T12:08:47Z INFO [328/394] 0a0a41c2-fbdc-499a-8b14-432afa87241d: 71 datasets; 1.9 s; peak memory 1122 MiB.
2026-09-20T12:08:49Z INFO [329/394] 0a0ac47f-953b-4cea-857d-fa7eefd022ee: 102 datasets; 2.1 s; peak memory 1122 MiB.
2026-09-20T12:08:50Z INFO [330/394] 0a0aef74-273e-4507-bc6a-aebd2d9d1177: 48 datasets; 1.2 s; peak memory 1122 MiB.
2026-09-20T12:08:51Z INFO [331/394] 0a0b00cf-36ec-4acc-b360-1b7e92b10439: 48 datasets; 1.2 s; peak memory 1122 MiB.
2026-09-20T12:09:03Z INFO [332/394] 0a0bf277-e41b-4829-841e-416c6e9f0ffe: 1123 datasets; 11.4 s; peak memory 1122 MiB.
2026-09-20T12:09:04Z INFO [333/394] 0a0c8274-2343-4801-9326-57442dcddb7c: 48 datasets; 1.2 s; peak memory 1122 MiB.
2026-09-20T12:09:06Z INFO [334/394] 0a0cefd1-a226-489e-bb7e-a491e935219e: 112 datasets; 1.6 s; peak memory 1122 MiB.
2026-09-20T12:09:08Z INFO [335/394] 0a0d27ae-4f7f-4429-8837-1576bb9e372b: 87 datasets; 2.9 s; peak memory 1122 MiB.
2026-09-20T12:09:20Z INFO [336/394] 0a0d3640-3713-426c-8546-dc2a59263836: 1102 datasets; 11.8 s; peak memory 1122 MiB.
2026-09-20T12:09:21Z INFO [337/394] 0a0d4f83-7605-4e5c-963b-531cae4cb4ca: 48 datasets; 1.2 s; peak memory 1122 MiB.
2026-09-20T12:09:23Z INFO [338/394] 0a0e6099-fe5b-48b9-8122-ebe7bd130eea: 48 datasets; 1.2 s; peak memory 1122 MiB.
2026-09-20T12:09:25Z INFO [339/394] 0a0ee0b2-a690-46a0-8533-a350dff38caf: 38 datasets; 2.6 s; peak memory 1122 MiB.
2026-09-20T12:09:39Z INFO [340/394] 0a0f1443-7f6f-4d86-b5b8-801d9d1eca24: 848 datasets; 13.4 s; peak memory 1122 MiB.
2026-09-20T12:09:40Z INFO [341/394] 0a101534-fc42-4a06-9898-7068a94cb159: 112 datasets; 1.8 s; peak memory 1122 MiB.
2026-09-20T12:09:52Z INFO [342/394] 0a10a365-d47b-4824-a305-66a0db427312: 478 datasets; 11.6 s; peak memory 1122 MiB.
2026-09-20T12:10:05Z INFO [343/394] 0a1100f1-2e2c-480d-8099-7371d68155b8: 97 datasets; 12.6 s; peak memory 1122 MiB.
2026-09-20T12:10:08Z INFO [344/394] 0a110ad9-1a22-4794-8598-e4bcd0731bbb: 165 datasets; 3.2 s; peak memory 1122 MiB.
2026-09-20T12:10:10Z INFO [345/394] 0a111bf3-44f3-4ff3-8036-0b5652397aef: 113 datasets; 1.8 s; peak memory 1122 MiB.
2026-09-20T12:10:13Z INFO [346/394] 0a1132c0-776f-400c-b828-8fb0b51728cc: 114 datasets; 3.0 s; peak memory 1122 MiB.
2026-09-20T12:10:14Z INFO [347/394] 0a11761a-204d-4fc4-acb0-79583bb64597: 118 datasets; 1.5 s; peak memory 1122 MiB.
2026-09-20T12:10:16Z INFO [348/394] 0a132b71-910f-42b1-9917-e6c7a99fe093: 112 datasets; 1.7 s; peak memory 1122 MiB.
2026-09-20T12:10:17Z INFO [349/394] 0a14f80d-fe1b-4edf-8594-897c6aa1b2aa: 112 datasets; 1.6 s; peak memory 1122 MiB.
2026-09-20T12:10:19Z INFO [350/394] 0a1530ad-f62d-40ed-857b-6ecaec14ac5a: 48 datasets; 1.1 s; peak memory 1122 MiB.
2026-09-20T12:10:19Z INFO [350/394] 0a1530ad-f62d-40ed-857b-6ecaec14ac5a: checkpointed 51723 records.
2026-09-20T12:10:20Z INFO [351/394] 0a153cb0-0999-4b9d-814d-a6e2f86babbf: 117 datasets; 1.5 s; peak memory 1122 MiB.
2026-09-20T12:10:21Z INFO [352/394] 0a161b4d-7138-4123-b5a5-6d12146f6b6b: 116 datasets; 1.4 s; peak memory 1122 MiB.
2026-09-20T12:10:23Z INFO [353/394] 0a163c77-31a6-404e-8712-3d387f0ec368: 131 datasets; 1.6 s; peak memory 1122 MiB.
2026-09-20T12:10:25Z INFO [354/394] 0a17029e-1c28-4aff-aa7d-1ce13b28abbd: 112 datasets; 1.7 s; peak memory 1122 MiB.
2026-09-20T12:10:38Z INFO [355/394] 0a17a1f0-819a-477c-b16a-9664b174c9c3: 1239 datasets; 12.9 s; peak memory 1122 MiB.
2026-09-20T12:10:39Z INFO [356/394] 0a17a73c-5112-48b7-ae23-816892c3ae0b: 99 datasets; 1.8 s; peak memory 1122 MiB.
2026-09-20T12:10:41Z INFO [357/394] 0a17ed0f-e297-4baf-9f91-607ecf92c6b9: 117 datasets; 1.5 s; peak memory 1122 MiB.
2026-09-20T12:10:42Z INFO [358/394] 0a187b6c-d722-4fa5-a151-a6919fb0ca5d: 58 datasets; 0.9 s; peak memory 1122 MiB.
2026-09-20T12:10:46Z INFO [359/394] 0a188d88-2015-4b5a-b0df-95e24711c795: 92 datasets; 4.0 s; peak memory 1122 MiB.
2026-09-20T12:12:43Z INFO [360/394] 0a18ab25-0d8b-4042-a318-f6b7959a8879: 190 datasets; 117.1 s; peak memory 1122 MiB.
2026-09-20T12:12:44Z INFO [361/394] 0a18db80-cd5e-4378-b474-959646bc96f8: 44 datasets; 1.1 s; peak memory 1122 MiB.
2026-09-20T12:12:46Z INFO [362/394] 0a1929db-65f5-4669-9400-c4920e1e864e: 70 datasets; 1.8 s; peak memory 1122 MiB.
2026-09-20T12:12:47Z INFO [363/394] 0a19527b-3a64-4639-84dc-30981727a354: 48 datasets; 1.2 s; peak memory 1122 MiB.
2026-09-20T12:12:48Z INFO [364/394] 0a1aaec4-2946-47cf-80ec-08b222d4b688: 46 datasets; 1.3 s; peak memory 1122 MiB.
2026-09-20T12:12:54Z INFO [365/394] 0a1b5c7a-19ec-4302-ad3f-7361be18c6e2: 174 datasets; 5.9 s; peak memory 1122 MiB.
2026-09-20T12:12:55Z INFO [366/394] 0a1bc94c-77dd-4130-8c70-eca0b1e46482: 48 datasets; 1.1 s; peak memory 1122 MiB.
2026-09-20T12:12:57Z INFO [367/394] 0a1c0485-c153-43b0-8d65-8b520454a6b0: 118 datasets; 1.4 s; peak memory 1122 MiB.
2026-09-20T12:12:58Z INFO [368/394] 0a1c50fb-aeee-40d3-9d4b-6aaca8f8832a: 118 datasets; 1.5 s; peak memory 1122 MiB.
2026-09-20T12:13:00Z INFO [369/394] 0a1cb9ef-ab47-4292-b502-92d63559155f: 71 datasets; 1.9 s; peak memory 1122 MiB.
2026-09-20T12:13:02Z INFO [370/394] 0a1d3f67-63bc-4078-8e31-af683b3e9c98: 118 datasets; 1.5 s; peak memory 1122 MiB.
2026-09-20T12:13:03Z INFO [371/394] 0a1d42e0-2606-466a-bd9c-ec8dcf1bb64a: 50 datasets; 1.1 s; peak memory 1122 MiB.
2026-09-20T12:13:10Z INFO [372/394] 0a1d81d4-4120-4185-a655-a165b1d50791: 282 datasets; 7.6 s; peak memory 1122 MiB.
2026-09-20T12:13:12Z INFO [373/394] 0a1f3eaf-da7c-4cd3-9690-2d130e3c40d4: 60 datasets; 1.3 s; peak memory 1122 MiB.
2026-09-20T12:13:27Z INFO [374/394] 0a1fee76-2b92-4f0e-aed9-4961e5896237: 38 datasets; 14.9 s; peak memory 1122 MiB.
2026-09-20T12:13:29Z INFO [375/394] 0a1ffd59-f5f7-4a39-b84c-4b36d5cf3801: 71 datasets; 2.2 s; peak memory 1122 MiB.
2026-09-20T12:13:30Z INFO [376/394] 0a200f37-d090-4d5e-a26b-3602ac0e2ac6: 48 datasets; 1.2 s; peak memory 1122 MiB.
2026-09-20T12:13:32Z INFO [377/394] 0a202589-766d-4adf-9119-278830c9c2d2: 116 datasets; 1.5 s; peak memory 1122 MiB.
2026-09-20T12:13:34Z INFO [378/394] 0a212adc-3d55-4e62-a6a5-21656fc58d4b: 115 datasets; 2.9 s; peak memory 1122 MiB.
2026-09-20T12:13:37Z INFO [379/394] 0a21859e-1847-468d-b695-459384de2ea0: 75 datasets; 2.5 s; peak memory 1122 MiB.
2026-09-20T12:13:38Z INFO [380/394] 0a21b87e-0ecb-4435-9136-3ee8648f970d: 48 datasets; 1.2 s; peak memory 1122 MiB.
2026-09-20T12:13:40Z INFO [381/394] 0a226df8-6369-4e12-9295-375e922f307c: 113 datasets; 1.7 s; peak memory 1122 MiB.
2026-09-20T12:13:54Z INFO [382/394] 0a22e87b-abd4-4595-958e-daad7ddf85f8: 601 datasets; 14.2 s; peak memory 1122 MiB.
2026-09-20T12:13:55Z INFO [383/394] 0a22edda-1755-46b7-aa05-ed2961965f10: 59 datasets; 1.2 s; peak memory 1122 MiB.
2026-09-20T12:13:57Z INFO [384/394] 0a232f25-d29c-4733-9c5d-42afde52f487: 117 datasets; 1.5 s; peak memory 1122 MiB.
2026-09-20T12:14:00Z INFO [385/394] 0a236b77-23a2-43f1-8b79-004e1e35d806: 156 datasets; 3.4 s; peak memory 1122 MiB.
2026-09-20T12:14:06Z INFO [386/394] 0a245e9c-7c60-420c-b31b-ea3b23a31c2c: 194 datasets; 6.3 s; peak memory 1122 MiB.
2026-09-20T12:14:08Z INFO [387/394] 0a255f2d-641f-412c-889b-d6df83118357: 52 datasets; 1.4 s; peak memory 1122 MiB.
2026-09-20T12:51:05Z INFO [388/394] 0a2610ed-e0a2-4938-9d17-4063b0b88607: 274 datasets; 2217.2 s; peak memory 1122 MiB.
2026-09-20T12:51:06Z INFO [389/394] 0a262c82-399c-400f-8a62-342d680278ee: 116 datasets; 1.4 s; peak memory 1122 MiB.
2026-09-20T12:51:09Z INFO [390/394] 0a269587-9d72-4ace-886d-163bea24c673: 38 datasets; 2.5 s; peak memory 1122 MiB.
2026-09-20T12:51:10Z INFO [391/394] 0a26b077-6765-43f9-b0e4-4e35612185ef: 39 datasets; 1.4 s; peak memory 1122 MiB.
2026-09-20T12:51:12Z INFO [392/394] 0a27010a-116a-4006-9bbf-5525cadfa65f: 48 datasets; 1.2 s; peak memory 1122 MiB.
2026-09-20T12:51:13Z INFO [393/394] 0a278251-8137-426e-9dfe-f54cab94555a: 52 datasets; 1.5 s; peak memory 1122 MiB.
2026-09-20T12:51:15Z INFO [394/394] 0a2852ba-428a-42ec-aa7d-84828a0495a2: 69 datasets; 1.7 s; peak memory 1122 MiB.
2026-09-20T12:51:15Z INFO Wrote 51767 records to /tmp/derivatives/valid_nwb_file_to_number_of_datasets.jsonl (394 new, 0 failed) in 105.4 min (peak memory 1122 MiB).
