2026-09-19T10:43:10Z INFO Logging to /tmp/logs/update_2026-09-19T10-43-10Z.log.
2026-09-19T10:43:10Z INFO Update valid-nwb-file-to-number-of-datasets (base directory /tmp).
2026-09-19T10:43:10Z INFO Processing 374 items (50269 already recorded).
2026-09-19T10:43:15Z INFO [1/374] 049761b4-6a88-42dc-98a0-5a8be7ba6bd9: 104 datasets; 5.5 s; peak memory 106 MiB.
2026-09-19T10:43:16Z INFO [2/374] 071532d9-c694-4c9f-bb78-ab2f78cc4e66: 117 datasets; 0.8 s; peak memory 107 MiB.
2026-09-19T10:45:21Z INFO [3/374] 0715b077-c584-4b11-a0fe-0c00f10c9b55: 15353 datasets; 124.5 s; peak memory 521 MiB.
2026-09-19T10:45:21Z INFO [4/374] 0715b3a9-d579-4fe1-9fb2-782eb531c812: 48 datasets; 0.6 s; peak memory 521 MiB.
2026-09-19T10:45:22Z INFO [5/374] 0715d982-92b5-4d1d-a3fc-2d3e8508dc95: 53 datasets; 0.5 s; peak memory 521 MiB.
2026-09-19T10:45:23Z INFO [6/374] 0715db53-477d-4ff6-86db-c0b800ca74ba: 118 datasets; 0.9 s; peak memory 521 MiB.
2026-09-19T10:45:23Z INFO [7/374] 07178dd5-cb9f-4cb6-914f-7a9426f386f5: 48 datasets; 0.6 s; peak memory 521 MiB.
2026-09-19T10:45:31Z INFO [8/374] 07179e04-df54-4929-b0db-0485903a2eed: 1534 datasets; 7.8 s; peak memory 521 MiB.
2026-09-19T10:45:32Z INFO [9/374] 0717d38e-6908-4420-82f2-407333a224e7: 117 datasets; 0.7 s; peak memory 521 MiB.
2026-09-19T10:45:38Z INFO [10/374] 0717f896-750e-45a5-9e39-243a50fc9676: 752 datasets; 6.2 s; peak memory 521 MiB.
2026-09-19T10:45:39Z INFO [11/374] 07195b05-571c-4565-aee7-5b38736c4178: 48 datasets; 0.7 s; peak memory 521 MiB.
2026-09-19T10:45:39Z INFO [12/374] 07196402-94e5-48f1-8f6d-152bd9a088b7: 117 datasets; 0.6 s; peak memory 521 MiB.
2026-09-19T10:45:40Z INFO [13/374] 071966ba-39d0-4123-8025-bc3ff2f0842f: 48 datasets; 0.7 s; peak memory 522 MiB.
2026-09-19T10:45:45Z INFO [14/374] 071981bc-3d1d-4875-94f2-d4f8f7da46de: 614 datasets; 5.2 s; peak memory 522 MiB.
2026-09-19T10:45:46Z INFO [15/374] 0719b2ab-e5e1-4e5c-9422-d1bb724010f1: 118 datasets; 0.6 s; peak memory 522 MiB.
2026-09-19T10:45:47Z INFO [16/374] 071a0dd7-8a8d-484f-b569-cd47ac4893f3: 49 datasets; 0.7 s; peak memory 522 MiB.
2026-09-19T10:47:06Z INFO [17/374] 071aedc0-a111-4c80-82d8-595638a2a501: 129 datasets; 78.9 s; peak memory 522 MiB.
2026-09-19T10:47:07Z INFO [18/374] 071b7390-cd21-4a70-ada3-4ccaa729be12: 112 datasets; 1.0 s; peak memory 522 MiB.
2026-09-19T10:47:07Z INFO [19/374] 071b88d4-d6c7-4070-85c1-35c5a0b1c00c: 48 datasets; 0.6 s; peak memory 522 MiB.
2026-09-19T10:47:08Z INFO [20/374] 071bbac7-04f5-4dfc-9293-9fa05fade2e0: 48 datasets; 0.8 s; peak memory 522 MiB.
2026-09-19T10:47:09Z INFO [21/374] 071c06b2-8e72-4dca-9964-7b5e9eafbb27: 48 datasets; 0.7 s; peak memory 522 MiB.
2026-09-19T10:47:09Z INFO [22/374] 071c778a-d148-4325-bb5e-dedc6b25dad7: 48 datasets; 0.7 s; peak memory 522 MiB.
2026-09-19T10:47:10Z INFO [23/374] 071d11b9-f097-4808-952a-c04e45a5927e: 117 datasets; 0.8 s; peak memory 522 MiB.
2026-09-19T10:47:11Z INFO [24/374] 071dfbcf-3f2a-471a-a4eb-3b488844ed25: 112 datasets; 0.8 s; peak memory 522 MiB.
2026-09-19T10:47:13Z INFO [25/374] 071eb111-f73b-4ef1-93f1-935b88891f11: 156 datasets; 2.2 s; peak memory 522 MiB.
2026-09-19T10:47:18Z INFO [26/374] 071f06d4-06af-4f81-a035-17607a3f6607: 1047 datasets; 5.1 s; peak memory 522 MiB.
2026-09-19T10:47:20Z INFO [27/374] 071feb7b-58d2-41a2-ad55-d1fa98e7ca4b: 71 datasets; 1.3 s; peak memory 522 MiB.
2026-09-19T10:47:20Z INFO [28/374] 07208599-0f58-4298-94db-aaa0f198928f: 117 datasets; 0.8 s; peak memory 523 MiB.
2026-09-19T10:47:21Z INFO [29/374] 0720b77b-9127-4baa-ace5-4819c4b5802f: 44 datasets; 0.6 s; peak memory 523 MiB.
2026-09-19T10:47:22Z INFO [30/374] 07212f56-f4a9-4f1c-9c09-95b22d156d72: 69 datasets; 1.0 s; peak memory 523 MiB.
2026-09-19T10:47:30Z INFO [31/374] 07227210-5913-459a-b9f6-af33f40ed55e: 38 datasets; 8.3 s; peak memory 523 MiB.
2026-09-19T10:47:31Z INFO [32/374] 072402f1-8a75-4ae4-ad4e-7581540d3514: 275 datasets; 1.0 s; peak memory 523 MiB.
2026-09-19T10:47:32Z INFO [33/374] 0724dab7-2a6f-43cc-9752-c168d70ed3d2: 59 datasets; 0.8 s; peak memory 523 MiB.
2026-09-19T10:47:36Z INFO [34/374] 07257087-71a0-4a9c-95e3-a00c129d6b8d: 11477 datasets; 4.6 s; peak memory 525 MiB.
2026-09-19T10:47:41Z INFO [35/374] 07259e40-6f7e-4086-b6ae-3b008707a3ec: 723 datasets; 4.4 s; peak memory 525 MiB.
2026-09-19T10:47:41Z INFO [36/374] 07262202-2dad-42f6-8350-6219d9d99c9b: 48 datasets; 0.6 s; peak memory 525 MiB.
2026-09-19T10:47:43Z INFO [37/374] 07264206-5e57-4410-b345-f110514d57dc: 118 datasets; 1.7 s; peak memory 525 MiB.
2026-09-19T10:47:44Z INFO [38/374] 072642e8-131a-4910-bd9f-5125fc720238: 117 datasets; 0.8 s; peak memory 525 MiB.
2026-09-19T10:47:45Z INFO [39/374] 0726ec64-201e-4018-8830-5fdc0a1b8196: 46 datasets; 0.7 s; peak memory 525 MiB.
2026-09-19T10:47:45Z INFO [40/374] 07296b54-e9b6-4d23-8427-6e9bff940df8: 117 datasets; 0.8 s; peak memory 525 MiB.
2026-09-19T10:47:51Z INFO [41/374] 07297b87-9014-48a7-ab6b-a3e843d5c837: 729 datasets; 5.5 s; peak memory 525 MiB.
2026-09-19T10:47:52Z INFO [42/374] 0729bf5a-27fe-42b1-a38d-59191d07e171: 79 datasets; 0.7 s; peak memory 525 MiB.
2026-09-19T10:47:52Z INFO [43/374] 072b1466-36a3-495f-8b27-2ae0a383b68e: 59 datasets; 0.8 s; peak memory 525 MiB.
2026-09-19T10:47:53Z INFO [44/374] 072b2dfb-9be4-41f4-9899-e59b66e4f699: 65 datasets; 0.7 s; peak memory 525 MiB.
2026-09-19T10:47:54Z INFO [45/374] 072becdf-9505-48b9-a492-00757bad8b8f: 112 datasets; 1.0 s; peak memory 525 MiB.
2026-09-19T10:47:55Z INFO [46/374] 072c412e-3b37-47d9-ab4a-eaca817a1f40: 112 datasets; 0.9 s; peak memory 525 MiB.
2026-09-19T10:47:56Z INFO [47/374] 072dfe24-49e0-4d9b-9d8d-d816f83c332a: 48 datasets; 0.6 s; peak memory 525 MiB.
2026-09-19T10:47:56Z INFO [48/374] 072e4615-51f0-4f2d-82be-e9294e131b9f: 48 datasets; 0.7 s; peak memory 525 MiB.
2026-09-19T10:47:57Z INFO [49/374] 072efaa1-1fbf-4f4d-b09c-8e8ff53b94e1: 62 datasets; 0.7 s; peak memory 525 MiB.
2026-09-19T10:47:58Z INFO [50/374] 0730641a-570a-47dc-a507-0698ceb17478: 45 datasets; 0.8 s; peak memory 525 MiB.
2026-09-19T10:47:58Z INFO [50/374] 0730641a-570a-47dc-a507-0698ceb17478: checkpointed 50319 records.
2026-09-19T10:48:01Z INFO [51/374] 073080ed-5854-42fd-ae86-1c508b7aa193: 414 datasets; 2.7 s; peak memory 525 MiB.
2026-09-19T10:48:12Z INFO [52/374] 073127d5-1e41-460a-8efe-787c56873901: 1027 datasets; 11.0 s; peak memory 525 MiB.
2026-09-19T10:48:12Z INFO [53/374] 07315a1d-372d-4b79-a9d5-89b271611d0b: 66 datasets; 0.9 s; peak memory 525 MiB.
2026-09-19T10:48:13Z INFO [54/374] 0731f941-e66c-4925-b94d-845c825e01aa: 66 datasets; 0.6 s; peak memory 525 MiB.
2026-09-19T10:48:15Z INFO [55/374] 0732018e-73cf-4526-8473-d4b7e73a1f26: 197 datasets; 2.2 s; peak memory 525 MiB.
2026-09-19T10:48:18Z INFO [56/374] 0732599b-1232-448a-a04d-1aa0dbd3cdc8: 92 datasets; 2.3 s; peak memory 525 MiB.
2026-09-19T10:48:19Z INFO [57/374] 0732ec30-9f94-4432-bba0-377f08a8b842: 66 datasets; 0.9 s; peak memory 525 MiB.
2026-09-19T10:48:22Z INFO [58/374] 07331792-991e-491c-90fb-4a6c736dd774: 108 datasets; 3.3 s; peak memory 525 MiB.
2026-09-19T10:48:23Z INFO [59/374] 07333116-cfce-45d7-bde2-566d5820d945: 117 datasets; 1.0 s; peak memory 525 MiB.
2026-09-19T10:48:34Z INFO [60/374] 07337272-1ef4-40d2-94b6-18fb49d52508: 48 datasets; 10.8 s; peak memory 525 MiB.
2026-09-19T10:48:34Z INFO [61/374] 07344578-04af-41fd-9775-5abe3bb152e7: 117 datasets; 0.7 s; peak memory 525 MiB.
2026-09-19T10:48:35Z INFO [62/374] 073470e8-0af4-4959-bd47-dd46abc934f7: 117 datasets; 0.7 s; peak memory 525 MiB.
2026-09-19T10:48:40Z INFO [63/374] 07360033-3bc5-4616-b5ff-01882e17a110: 11477 datasets; 5.5 s; peak memory 525 MiB.
2026-09-19T10:48:43Z INFO [64/374] 073654ab-af1a-4f55-87e1-75d4e8033cd9: 489 datasets; 2.9 s; peak memory 525 MiB.
2026-09-19T10:48:44Z INFO [65/374] 07370406-fc37-4a37-9b82-85a0cd29bd92: 110 datasets; 0.9 s; peak memory 525 MiB.
2026-09-19T10:48:46Z INFO [66/374] 0737345d-36d6-4161-b0fc-adae6cf91139: 143 datasets; 1.3 s; peak memory 525 MiB.
2026-09-19T10:48:46Z INFO [67/374] 07376a45-eb5c-4936-9212-ef1e966a8aa8: 118 datasets; 0.8 s; peak memory 525 MiB.
2026-09-19T10:48:47Z INFO [68/374] 073798cd-3794-4d47-968f-5516667d3c64: 67 datasets; 0.7 s; peak memory 525 MiB.
2026-09-19T10:48:48Z INFO [69/374] 0738092e-c13a-46ca-a553-ed8742c09d09: 116 datasets; 0.6 s; peak memory 525 MiB.
2026-09-19T10:48:48Z INFO [70/374] 073834d2-6ec5-47a4-9c1c-0d43b3f0aec8: 46 datasets; 0.5 s; peak memory 525 MiB.
2026-09-19T10:48:49Z INFO [71/374] 07387a8a-1e7a-4f5b-9cdb-f0a7c0c34bec: 48 datasets; 0.7 s; peak memory 525 MiB.
2026-09-19T10:48:49Z INFO [72/374] 07389290-f0e4-47f1-80f5-3f10a4e3d0a0: 47 datasets; 0.5 s; peak memory 525 MiB.
2026-09-19T10:48:50Z INFO [73/374] 07394f4f-9319-4c8e-8941-bed9af9dfb87: 46 datasets; 0.5 s; peak memory 525 MiB.
2026-09-19T10:48:51Z INFO [74/374] 07395998-ace3-4f88-9238-93d2114ca561: 112 datasets; 0.8 s; peak memory 525 MiB.
2026-09-19T10:48:51Z INFO [75/374] 0739aee1-139d-4315-842b-2346717f1993: 49 datasets; 0.7 s; peak memory 525 MiB.
2026-09-19T10:48:59Z INFO [76/374] 0739c079-730e-4f94-8968-ac8a762e87a9: 44 datasets; 7.8 s; peak memory 525 MiB.
2026-09-19T10:49:00Z INFO [77/374] 073bbac3-923c-40f8-b818-7e939c11fbd2: 48 datasets; 0.7 s; peak memory 525 MiB.
2026-09-19T10:49:01Z INFO [78/374] 073d3d29-6a7e-493c-b0e9-a18fb8110c86: 84 datasets; 1.0 s; peak memory 525 MiB.
2026-09-19T10:49:07Z INFO [79/374] 073d521e-5655-4ede-ae1d-3a0fb7723ade: 964 datasets; 6.6 s; peak memory 525 MiB.
2026-09-19T10:49:08Z INFO [80/374] 073d5f1f-1329-4b2b-9407-e256fb9940dd: 48 datasets; 0.6 s; peak memory 525 MiB.
2026-09-19T10:49:08Z INFO [81/374] 073d6127-2f57-43dd-a84d-5974eccb2400: 52 datasets; 0.5 s; peak memory 525 MiB.
2026-09-19T10:49:09Z INFO [82/374] 073e8b63-a118-4530-9528-d57ae054fe03: 46 datasets; 0.4 s; peak memory 525 MiB.
2026-09-19T10:49:09Z INFO [83/374] 073f07fe-770a-4c15-9198-b494aad96e92: 38 datasets; 0.6 s; peak memory 525 MiB.
2026-09-19T10:49:24Z INFO [84/374] 073fab4a-745c-42ae-bb18-c5dfac413f18: 5050 datasets; 14.3 s; peak memory 525 MiB.
2026-09-19T10:49:25Z INFO [85/374] 073fc345-4dc7-4550-826c-932df63a1c8f: 71 datasets; 1.1 s; peak memory 525 MiB.
2026-09-19T10:49:26Z INFO [86/374] 07403379-4e25-4a8d-949c-da85153d82ca: 38 datasets; 1.3 s; peak memory 525 MiB.
2026-09-19T10:49:27Z INFO [87/374] 07409f96-5db8-481c-835f-5e44a5d9e2e5: 69 datasets; 0.9 s; peak memory 525 MiB.
2026-09-19T10:49:28Z INFO [88/374] 07413bc3-193c-4bc6-af16-d64577159d0d: 48 datasets; 0.5 s; peak memory 525 MiB.
2026-09-19T10:49:29Z INFO [89/374] 07419366-d1ce-44d8-92ea-5bc81a3770a5: 168 datasets; 1.8 s; peak memory 525 MiB.
2026-09-19T10:49:31Z INFO [90/374] 07423052-6e3e-46dc-8468-c875a7e94260: 119 datasets; 1.3 s; peak memory 525 MiB.
2026-09-19T10:49:37Z INFO [91/374] 07426c15-123e-47f6-a5c8-72ea9790ee0d: 834 datasets; 6.0 s; peak memory 525 MiB.
2026-09-19T10:49:37Z INFO [92/374] 07427eec-fdea-4959-b88b-107347957ea8: 48 datasets; 0.5 s; peak memory 525 MiB.
2026-09-19T10:49:38Z INFO [93/374] 0742bdef-666d-422b-a375-1fec0feb0166: 48 datasets; 0.7 s; peak memory 525 MiB.
2026-09-19T10:49:38Z INFO [94/374] 0742d926-1ded-4182-81b1-11b3a9fac04d: 117 datasets; 0.6 s; peak memory 525 MiB.
2026-09-19T10:49:39Z INFO [95/374] 0743524a-37ad-4930-b01a-d7d80419615f: 117 datasets; 0.8 s; peak memory 525 MiB.
2026-09-19T10:49:40Z INFO [96/374] 0743ebf1-1a58-48c8-b7d2-0538d3c8f769: 76 datasets; 0.7 s; peak memory 525 MiB.
2026-09-19T10:49:41Z INFO [97/374] 0744f0b8-0d03-44c2-b20e-d4614ead0a24: 42 datasets; 0.8 s; peak memory 525 MiB.
2026-09-19T10:49:42Z INFO [98/374] 07457fae-8cd5-4caf-8115-5fbef6e8bf68: 116 datasets; 0.9 s; peak memory 525 MiB.
2026-09-19T10:49:45Z INFO [99/374] 07459460-c253-4db1-b030-50e542edec2d: 200 datasets; 3.1 s; peak memory 525 MiB.
2026-09-19T10:49:46Z INFO [100/374] 0746aa17-7740-4f69-8651-710195be2827: 66 datasets; 1.1 s; peak memory 525 MiB.
2026-09-19T10:49:46Z INFO [100/374] 0746aa17-7740-4f69-8651-710195be2827: checkpointed 50369 records.
2026-09-19T10:49:47Z INFO [101/374] 074702ff-f65d-4938-9413-dcd8db3b2005: 48 datasets; 0.7 s; peak memory 525 MiB.
2026-09-19T10:49:48Z INFO [102/374] 0747af25-6590-4a8c-9f6f-0b2c9658c558: 112 datasets; 0.8 s; peak memory 525 MiB.
2026-09-19T10:49:48Z INFO [103/374] 0748c348-52c5-44eb-bdab-2a36d41c76ee: 48 datasets; 0.7 s; peak memory 525 MiB.
2026-09-19T10:49:49Z INFO [104/374] 074927a7-271c-4a14-8046-2d56acc8f150: 66 datasets; 0.9 s; peak memory 525 MiB.
2026-09-19T10:49:50Z INFO [105/374] 074a134e-8d86-465e-aebc-4c5edda77b35: 69 datasets; 0.7 s; peak memory 525 MiB.
2026-09-19T10:49:50Z INFO [106/374] 074a552f-0115-4aa2-a401-f8f1dbfb08e9: 41 datasets; 0.5 s; peak memory 525 MiB.
2026-09-19T10:49:51Z INFO [107/374] 074a7171-6039-46d4-aee0-01b167730558: 118 datasets; 0.8 s; peak memory 525 MiB.
2026-09-19T10:49:52Z INFO [108/374] 074a7c8c-db1a-4808-8139-4ee0409c9319: 48 datasets; 0.5 s; peak memory 525 MiB.
2026-09-19T10:49:52Z INFO [109/374] 074ba1ad-768f-41a8-8d68-626120e0b38b: 42 datasets; 0.5 s; peak memory 525 MiB.
2026-09-19T10:49:53Z INFO [110/374] 074bbce5-ac67-423e-bfa6-b6421580bd5a: 48 datasets; 0.5 s; peak memory 525 MiB.
2026-09-19T10:49:53Z INFO [111/374] 074c1c05-9dd7-44a6-909f-0a38431eef44: 52 datasets; 0.5 s; peak memory 525 MiB.
2026-09-19T10:49:55Z INFO [112/374] 074c3b3b-601b-4da7-b144-fda3f6a34f75: 156 datasets; 1.8 s; peak memory 525 MiB.
2026-09-19T10:49:57Z INFO [113/374] 074cd1df-6326-43bf-9603-d57c05838e23: 116 datasets; 1.8 s; peak memory 525 MiB.
2026-09-19T10:49:58Z INFO [114/374] 074cdbd8-019e-4f2c-b92a-b3cd632159a1: 93 datasets; 1.7 s; peak memory 525 MiB.
2026-09-19T10:50:03Z INFO [115/374] 074cf84e-cd59-45a3-9ac2-672052ff2605: 681 datasets; 4.9 s; peak memory 525 MiB.
2026-09-19T10:50:04Z INFO [116/374] 074cff72-0d5d-4eef-b9e6-666d745ba78a: 48 datasets; 0.5 s; peak memory 525 MiB.
2026-09-19T10:50:07Z INFO [117/374] 074d8f7c-fed3-4a32-919c-26346f21a8af: 537 datasets; 3.1 s; peak memory 525 MiB.
2026-09-19T10:50:08Z INFO [118/374] 074de621-78c7-4319-a08c-64588dc0f767: 112 datasets; 1.1 s; peak memory 525 MiB.
2026-09-19T11:02:01Z INFO [119/374] 074e26b3-d11b-4463-bbf1-eb0f615c35fd: 114 datasets; 712.7 s; peak memory 1187 MiB.
2026-09-19T11:02:02Z INFO [120/374] 074e772c-2558-48f8-8a3d-ec21f02afb3f: 71 datasets; 1.0 s; peak memory 1187 MiB.
2026-09-19T11:02:02Z INFO [121/374] 074fa7c3-08c4-4510-8f1f-b7dc04d6077f: 46 datasets; 0.4 s; peak memory 1187 MiB.
2026-09-19T11:02:04Z INFO [122/374] 074fb38d-8f97-437d-9e49-df2bf8330594: 215 datasets; 1.9 s; peak memory 1187 MiB.
2026-09-19T11:02:07Z INFO [123/374] 07503ca0-7693-4ccb-81fa-a827eac35250: 332 datasets; 3.0 s; peak memory 1187 MiB.
2026-09-19T11:02:11Z INFO [124/374] 0750e8f3-5e8a-4c42-aad4-303e0c61400c: 196 datasets; 4.0 s; peak memory 1187 MiB.
2026-09-19T11:02:12Z INFO [125/374] 07517ec6-ffd1-4c7d-9e45-6390bab8baf1: 113 datasets; 1.1 s; peak memory 1187 MiB.
2026-09-19T11:02:13Z INFO [126/374] 07521bf9-5f59-4cba-a716-ae822b8ba8b4: 72 datasets; 0.8 s; peak memory 1187 MiB.
2026-09-19T11:02:13Z INFO [127/374] 0752b896-4305-4d06-af73-6884e7d39df8: 45 datasets; 0.4 s; peak memory 1187 MiB.
2026-09-19T11:02:16Z INFO [128/374] 0752f0da-e95d-4054-8e40-ecd54108c951: 229 datasets; 3.2 s; peak memory 1187 MiB.
2026-09-19T11:02:17Z INFO [129/374] 07536aa9-7d6c-4e88-bd88-1d9517b4cb3a: 117 datasets; 0.7 s; peak memory 1187 MiB.
2026-09-19T11:02:21Z INFO [130/374] 07541557-74db-443c-b8d4-6d8d2978f08c: 788 datasets; 4.0 s; peak memory 1187 MiB.
2026-09-19T11:02:24Z INFO [131/374] 07544e97-08eb-4cd3-a8d6-db2ba4556544: 38 datasets; 2.7 s; peak memory 1187 MiB.
2026-09-19T11:02:24Z INFO [132/374] 075492ee-8235-4128-bda0-edf90b5986bd: 48 datasets; 0.7 s; peak memory 1187 MiB.
2026-09-19T11:02:25Z INFO [133/374] 0754dafe-459c-4823-9d00-5d670ce165a3: 48 datasets; 0.7 s; peak memory 1187 MiB.
2026-09-19T11:02:26Z INFO [134/374] 075519f8-98db-4d07-b118-768869f770aa: 52 datasets; 0.5 s; peak memory 1187 MiB.
2026-09-19T11:02:26Z INFO [135/374] 075656cd-6a00-4619-bc60-80be5a605f33: 117 datasets; 0.7 s; peak memory 1187 MiB.
2026-09-19T11:02:27Z INFO [136/374] 0756fa1a-bf6b-4647-a0b5-11c35510ec55: 48 datasets; 0.8 s; peak memory 1187 MiB.
2026-09-19T11:02:28Z INFO [137/374] 0758504e-115e-4c77-a84d-6ed9140fd392: 48 datasets; 0.6 s; peak memory 1187 MiB.
2026-09-19T11:02:35Z INFO [138/374] 07587f38-19c8-4b3c-9f6f-e8e70f1dbf68: 757 datasets; 7.5 s; peak memory 1187 MiB.
2026-09-19T11:02:37Z INFO [139/374] 0758df8d-7eaf-4318-82df-7cdfa27f1988: 69 datasets; 1.3 s; peak memory 1187 MiB.
2026-09-19T11:02:37Z INFO [140/374] 0758e09f-7f0b-4d58-b0f9-4c887926f01b: 46 datasets; 0.5 s; peak memory 1187 MiB.
2026-09-19T11:02:38Z INFO [141/374] 0758e696-430d-4519-a807-d9b33f800b11: 84 datasets; 0.7 s; peak memory 1187 MiB.
2026-09-19T11:02:39Z INFO [142/374] 07592932-5fe2-460a-a89e-c98bc2a4eec6: 42 datasets; 0.8 s; peak memory 1187 MiB.
2026-09-19T11:02:39Z INFO [143/374] 0759660a-ea15-427d-9d30-c52e673467d0: 46 datasets; 0.4 s; peak memory 1187 MiB.
2026-09-19T11:02:40Z INFO [144/374] 0759cf7c-abf0-4582-ab48-2e8196b0c069: 84 datasets; 1.2 s; peak memory 1187 MiB.
2026-09-19T11:02:42Z INFO [145/374] 075a3802-7434-4c93-91a0-aeda25695ac3: 114 datasets; 1.7 s; peak memory 1187 MiB.
2026-09-19T11:02:43Z INFO [146/374] 075a66a5-81c2-4a1f-bc55-03203bcd92ce: 62 datasets; 0.7 s; peak memory 1187 MiB.
2026-09-19T11:02:43Z INFO [147/374] 075a6c60-b4c2-4459-af51-2cdd73088430: 48 datasets; 0.6 s; peak memory 1187 MiB.
2026-09-19T11:03:07Z INFO [148/374] 075a7f4d-14f7-4c00-abd6-77b2420138c8: 12698 datasets; 23.5 s; peak memory 1187 MiB.
2026-09-19T11:03:08Z INFO [149/374] 075aad05-aeba-4425-bf4b-7d00633417a3: 33 datasets; 0.7 s; peak memory 1187 MiB.
2026-09-19T11:03:10Z INFO [150/374] 075af0bb-772e-4c90-b8ec-108485f1c83c: 472 datasets; 2.9 s; peak memory 1187 MiB.
2026-09-19T11:03:11Z INFO [150/374] 075af0bb-772e-4c90-b8ec-108485f1c83c: checkpointed 50419 records.
2026-09-19T11:03:13Z INFO [151/374] 075b7169-f709-4c34-8ef9-17fc53d37e5e: 85 datasets; 2.0 s; peak memory 1187 MiB.
2026-09-19T11:03:16Z INFO [152/374] 075c0e43-9f53-46de-a291-ef6809029819: 200 datasets; 3.3 s; peak memory 1187 MiB.
2026-09-19T11:03:17Z INFO [153/374] 075d4ed5-a566-4121-a011-e569905554ef: 275 datasets; 0.8 s; peak memory 1187 MiB.
2026-09-19T11:03:17Z INFO [154/374] 075e07b1-3365-4d4a-9a93-2045fbf84ee3: 46 datasets; 0.5 s; peak memory 1187 MiB.
2026-09-19T11:03:18Z INFO [155/374] 075e4178-2721-4a32-8f25-62d99cfd010c: 46 datasets; 0.7 s; peak memory 1187 MiB.
2026-09-19T11:03:21Z INFO [156/374] 075e5942-01c2-45a8-8373-c6634787298d: 53 datasets; 3.4 s; peak memory 1187 MiB.
2026-09-19T11:03:22Z INFO [157/374] 075e7da4-7592-4c20-82fd-934570ce17f0: 52 datasets; 0.7 s; peak memory 1187 MiB.
2026-09-19T11:03:22Z INFO [158/374] 076003fd-1997-40fa-b912-588a4dce50f1: 39 datasets; 0.4 s; peak memory 1187 MiB.
2026-09-19T11:03:23Z INFO [159/374] 076094fd-f3be-4273-96ee-26bffc5405b1: 48 datasets; 0.7 s; peak memory 1187 MiB.
2026-09-19T11:03:24Z INFO [160/374] 076142cf-0c4c-40c8-802c-47f477a6693c: 48 datasets; 0.7 s; peak memory 1187 MiB.
2026-09-19T11:03:25Z INFO [161/374] 0761e12a-b5f6-420d-8331-7110c42ff932: 112 datasets; 1.1 s; peak memory 1187 MiB.
2026-09-19T11:03:25Z INFO [162/374] 076268e0-bc73-46f0-9795-53adae880490: 70 datasets; 0.5 s; peak memory 1187 MiB.
2026-09-19T11:03:26Z INFO [163/374] 076274bd-6691-49d2-a0b6-e91a84891d89: 72 datasets; 0.9 s; peak memory 1187 MiB.
2026-09-19T11:03:27Z INFO [164/374] 076290cd-18a8-4c8e-934f-46b57e6e282e: 118 datasets; 0.7 s; peak memory 1187 MiB.
2026-09-19T11:03:28Z INFO [165/374] 07636724-679e-42e9-a1b6-fd17e6c44f05: 118 datasets; 0.8 s; peak memory 1187 MiB.
2026-09-19T11:03:28Z INFO [166/374] 076403b2-f9b0-478b-b723-38957c5de4f2: 48 datasets; 0.6 s; peak memory 1187 MiB.
2026-09-19T11:03:29Z INFO [167/374] 07642813-88ef-4ad7-8982-6a90c0785821: 21 datasets; 0.3 s; peak memory 1187 MiB.
2026-09-19T11:03:30Z INFO [168/374] 07649b54-5f16-48d2-aa7a-873005498334: 69 datasets; 0.8 s; peak memory 1187 MiB.
2026-09-19T11:03:36Z INFO [169/374] 07657b56-8630-49dd-b51a-e65374dbcccd: 783 datasets; 6.1 s; peak memory 1187 MiB.
2026-09-19T11:03:36Z INFO [170/374] 0766708e-7888-42f6-b3bd-018863016286: 50 datasets; 0.5 s; peak memory 1187 MiB.
2026-09-19T11:03:37Z INFO [171/374] 0766e4d4-a485-49b5-9673-2c43b461cfcf: 48 datasets; 0.6 s; peak memory 1187 MiB.
2026-09-19T11:03:38Z INFO [172/374] 0766e53f-422b-4492-8a5c-4b337c149505: 156 datasets; 1.6 s; peak memory 1187 MiB.
2026-09-19T11:03:39Z INFO [173/374] 07674dff-0f0f-4919-af2c-30f283d2cc19: 57 datasets; 0.3 s; peak memory 1187 MiB.
2026-09-19T11:03:40Z INFO [174/374] 07674ea0-3894-4d67-bea0-53606002cb8d: 118 datasets; 1.3 s; peak memory 1187 MiB.
2026-09-19T11:03:41Z INFO [175/374] 07681e55-667e-42f7-a262-6894ca5a23de: 48 datasets; 0.7 s; peak memory 1187 MiB.
2026-09-19T11:03:49Z INFO [176/374] 076832fa-ec96-46a2-b70b-beeae98a7418: 1152 datasets; 7.9 s; peak memory 1187 MiB.
2026-09-19T11:03:49Z INFO [177/374] 0768f31b-30e0-41be-a68d-94c875ab5954: 116 datasets; 0.6 s; peak memory 1187 MiB.
2026-09-19T11:03:53Z INFO [178/374] 076a3cfa-c6ec-4a73-ae17-90d9093f5e1d: 538 datasets; 3.2 s; peak memory 1187 MiB.
2026-09-19T11:03:53Z INFO [179/374] 076b4248-8d01-408a-a38b-fe578c475296: 46 datasets; 0.3 s; peak memory 1187 MiB.
2026-09-19T11:03:54Z INFO [180/374] 076b7011-052b-47f7-8ee2-2d3b5dec7c37: 123 datasets; 1.3 s; peak memory 1187 MiB.
2026-09-19T11:03:55Z INFO [181/374] 076c84d5-888f-4361-881f-a0931ce474b5: 117 datasets; 0.8 s; peak memory 1187 MiB.
2026-09-19T11:03:55Z INFO [182/374] 07700852-d819-4549-95c6-c2ef839c7ba0: 119 datasets; 0.5 s; peak memory 1187 MiB.
2026-09-19T11:04:00Z INFO [183/374] 0770840c-aa43-4f96-b5fd-0315824f815e: 369 datasets; 4.3 s; peak memory 1187 MiB.
2026-09-19T11:04:05Z INFO [184/374] 0771a0ae-5d35-4e00-b1c4-1dcaa14d75fd: 656 datasets; 4.9 s; peak memory 1187 MiB.
2026-09-19T11:04:05Z INFO [185/374] 07729c7a-0d6f-4eff-a354-a69e35b34f47: 44 datasets; 0.5 s; peak memory 1187 MiB.
2026-09-19T11:04:14Z INFO [186/374] 0772aa59-7a30-4a3f-b2e5-dab755d6b941: 1231 datasets; 8.8 s; peak memory 1187 MiB.
2026-09-19T11:04:23Z INFO [187/374] 07731772-cc4a-4818-b04f-7d7091a47371: 1280 datasets; 9.5 s; peak memory 1187 MiB.
2026-09-19T11:04:24Z INFO [188/374] 07735320-e4d4-43a7-ad2f-7386de7169fb: 72 datasets; 0.6 s; peak memory 1187 MiB.
2026-09-19T11:04:24Z INFO [189/374] 0773df98-736e-4063-99f9-93a8b652c9c2: 50 datasets; 0.4 s; peak memory 1187 MiB.
2026-09-19T11:04:25Z INFO [190/374] 077419b1-d88c-4171-9a33-e9c446ac84ca: 112 datasets; 0.9 s; peak memory 1187 MiB.
2026-09-19T11:04:26Z INFO [191/374] 0774d0b7-da7a-4592-8a3f-a8dd1654c310: 121 datasets; 0.6 s; peak memory 1187 MiB.
2026-09-19T11:04:28Z INFO [192/374] 0774dbd3-fdc5-47d8-a5b8-340178198f6b: 229 datasets; 2.6 s; peak memory 1187 MiB.
2026-09-19T11:04:29Z INFO [193/374] 0774fd54-3dee-44e0-9245-e53eb1f92017: 52 datasets; 0.4 s; peak memory 1187 MiB.
2026-09-19T11:04:30Z INFO [194/374] 077531a4-7bf6-432b-882d-d35b939db6db: 84 datasets; 0.6 s; peak memory 1187 MiB.
2026-09-19T11:04:30Z INFO [195/374] 0775bc73-063b-480f-82cb-73012c79a7d4: 116 datasets; 0.7 s; peak memory 1187 MiB.
2026-09-19T11:04:31Z INFO [196/374] 07762522-311e-4213-a000-f4b31470c550: 112 datasets; 0.9 s; peak memory 1187 MiB.
2026-09-19T11:04:32Z INFO [197/374] 07762eb6-e357-4bd3-a565-67b81b6c85bc: 48 datasets; 0.6 s; peak memory 1187 MiB.
2026-09-19T11:04:32Z INFO [198/374] 07763bae-b9af-4bd6-a26a-14877bc9fd15: 117 datasets; 0.7 s; peak memory 1187 MiB.
2026-09-19T11:04:33Z INFO [199/374] 0776f1f5-15a1-4a95-be81-e7b81298f85a: 48 datasets; 0.7 s; peak memory 1187 MiB.
2026-09-19T11:04:34Z INFO [200/374] 0777838b-11f1-428f-a0f5-a1fb5288ce38: 84 datasets; 0.6 s; peak memory 1187 MiB.
2026-09-19T11:04:34Z INFO [200/374] 0777838b-11f1-428f-a0f5-a1fb5288ce38: checkpointed 50469 records.
2026-09-19T11:04:35Z INFO [201/374] 077875ae-1695-4357-bf4a-e14fd871348e: 116 datasets; 1.5 s; peak memory 1187 MiB.
2026-09-19T11:04:37Z INFO [202/374] 0778be1f-b26a-4320-b701-106d44c31351: 38 datasets; 1.1 s; peak memory 1187 MiB.
2026-09-19T11:04:37Z INFO [203/374] 07792c3a-666d-43be-98b1-6718fa16b82d: 112 datasets; 0.8 s; peak memory 1187 MiB.
2026-09-19T11:04:38Z INFO [204/374] 07798d67-422b-442e-b0b0-29d8ccfcfadb: 170 datasets; 0.8 s; peak memory 1187 MiB.
2026-09-19T11:04:39Z INFO [205/374] 0779c792-23f9-4b33-abac-81b533dcf97d: 117 datasets; 0.7 s; peak memory 1187 MiB.
2026-09-19T11:04:39Z INFO [206/374] 077a4722-b95b-4324-b875-cc5fa8c5a1ff: 117 datasets; 0.6 s; peak memory 1187 MiB.
2026-09-19T11:04:44Z INFO [207/374] 077ac0ba-2bb5-42b8-b12f-7fe172d834bb: 538 datasets; 4.6 s; peak memory 1187 MiB.
2026-09-19T11:04:45Z INFO [208/374] 077b3356-94b3-49f4-87f0-b2d02b8ddbf1: 71 datasets; 0.9 s; peak memory 1187 MiB.
2026-09-19T11:04:46Z INFO [209/374] 077c155c-ef3c-495f-848e-f2894a09432c: 48 datasets; 0.7 s; peak memory 1187 MiB.
2026-09-19T11:04:46Z INFO [210/374] 077c79ef-4d58-45fa-a4ae-5b3c5714703b: 48 datasets; 0.7 s; peak memory 1187 MiB.
2026-09-19T11:04:47Z INFO [211/374] 077d5813-ea0d-48ff-a5fc-f28c94951c8d: 21 datasets; 0.5 s; peak memory 1187 MiB.
2026-09-19T11:04:48Z INFO [212/374] 077e9d94-b8fe-4e0e-b844-27b064979167: 69 datasets; 0.9 s; peak memory 1187 MiB.
2026-09-19T11:04:48Z INFO [213/374] 077ebac6-d065-4936-8205-4be6e534b4b9: 68 datasets; 0.7 s; peak memory 1187 MiB.
2026-09-19T11:04:49Z INFO [214/374] 077ecda9-6ab3-40ce-bdde-b49c5f2374c7: 84 datasets; 0.7 s; peak memory 1187 MiB.
2026-09-19T11:04:50Z INFO [215/374] 077f2bb7-919a-4d22-bff1-0ced73745fc4: 110 datasets; 0.8 s; peak memory 1187 MiB.
2026-09-19T11:04:51Z INFO [216/374] 077f63b5-58b8-4b7e-8904-989599a03744: 117 datasets; 0.7 s; peak memory 1187 MiB.
2026-09-19T11:04:52Z INFO [217/374] 077fd5c6-14f0-443d-89a2-c9ee72d59403: 112 datasets; 0.9 s; peak memory 1187 MiB.
2026-09-19T11:04:52Z INFO [218/374] 07802c0b-343b-4fc4-b3b2-0eca07f65ded: 48 datasets; 0.7 s; peak memory 1187 MiB.
2026-09-19T11:04:55Z INFO [219/374] 07807746-de49-4f12-baae-e3d16dedda16: 403 datasets; 2.8 s; peak memory 1187 MiB.
2026-09-19T11:04:56Z INFO [220/374] 0780ab94-8664-49dc-90a0-67ad0107f689: 117 datasets; 0.7 s; peak memory 1187 MiB.
2026-09-19T11:04:57Z INFO [221/374] 07824ad5-cd00-47be-bdd3-444a84a57fe8: 71 datasets; 1.2 s; peak memory 1187 MiB.
2026-09-19T11:06:23Z INFO [222/374] 0782b839-4485-486c-a27f-6f6d08af3cb4: 433 datasets; 86.5 s; peak memory 1187 MiB.
2026-09-19T11:06:41Z INFO [223/374] 07833880-c538-4546-8abb-60e36d57d161: 1363 datasets; 17.7 s; peak memory 1187 MiB.
2026-09-19T11:06:48Z INFO [224/374] 0783681d-f5fe-4770-9efd-3c2e2f98f6cd: 719 datasets; 7.4 s; peak memory 1187 MiB.
2026-09-19T11:06:49Z INFO [225/374] 078387a4-bd5c-4cf6-b899-2aa092d4adb0: 67 datasets; 0.9 s; peak memory 1187 MiB.
2026-09-19T11:06:50Z INFO [226/374] 0783dd49-2d3b-4341-b816-f5c2f4a129d5: 116 datasets; 0.8 s; peak memory 1187 MiB.
2026-09-19T11:06:51Z INFO [227/374] 07855470-88f5-4888-93f7-f57ef7e315f1: 123 datasets; 1.2 s; peak memory 1187 MiB.
2026-09-19T11:07:00Z INFO [228/374] 0785bb44-acfd-4693-9b5e-1e8b5657a658: 949 datasets; 8.8 s; peak memory 1187 MiB.
2026-09-19T11:07:01Z INFO [229/374] 0785c0b1-cab7-4efd-8892-8ef87f41a2af: 152 datasets; 0.9 s; peak memory 1187 MiB.
2026-09-19T11:07:08Z INFO [230/374] 07866686-a7eb-44dc-b692-8d1d1d72844e: 267 datasets; 6.9 s; peak memory 1187 MiB.
2026-09-19T11:07:09Z INFO [231/374] 078729ca-cc05-4090-8887-d8c4ec8413fc: 75 datasets; 0.9 s; peak memory 1187 MiB.
2026-09-19T11:07:10Z INFO [232/374] 07877587-9f3c-4b27-9721-1de69d560ace: 66 datasets; 0.9 s; peak memory 1187 MiB.
2026-09-19T11:07:11Z INFO [233/374] 07878b9d-d177-4611-a1dd-df1dc4ecf18d: 116 datasets; 0.8 s; peak memory 1187 MiB.
2026-09-19T11:07:11Z INFO [234/374] 078797e5-e7e0-40d8-a81c-cf0da4ab202b: 48 datasets; 0.6 s; peak memory 1187 MiB.
2026-09-19T11:07:13Z INFO [235/374] 07881ab4-3b82-4c9d-b271-c84eefb1925e: 115 datasets; 1.3 s; peak memory 1187 MiB.
2026-09-19T11:07:13Z INFO [236/374] 0788aa90-9234-4cb9-9fae-c28c28815e30: 118 datasets; 0.7 s; peak memory 1187 MiB.
2026-09-19T11:07:14Z INFO [237/374] 07890cc0-b737-44fc-bfeb-49ff4d00f05d: 48 datasets; 0.7 s; peak memory 1187 MiB.
2026-09-19T11:07:20Z INFO [238/374] 07892863-72fd-45fc-9657-65d4e66a0257: 268 datasets; 6.3 s; peak memory 1187 MiB.
2026-09-19T11:07:21Z INFO [239/374] 07892a01-00cd-49e9-ade4-177403a9a7fd: 69 datasets; 0.6 s; peak memory 1187 MiB.
2026-09-19T11:07:28Z INFO [240/374] 07892c74-bb49-4723-96b5-3cb327cbb0d3: 1218 datasets; 6.9 s; peak memory 1187 MiB.
2026-09-19T11:07:28Z INFO [241/374] 07896369-5928-48a0-b41c-eb2020037a78: 118 datasets; 0.7 s; peak memory 1187 MiB.
2026-09-19T11:07:29Z INFO [242/374] 0789a366-9400-44f7-a5da-0f104b593baa: 44 datasets; 0.4 s; peak memory 1187 MiB.
2026-09-19T11:07:30Z INFO [243/374] 078a88a8-0f3e-4fa3-9d11-4c0c18318d2e: 112 datasets; 1.0 s; peak memory 1187 MiB.
2026-09-19T11:07:31Z INFO [244/374] 078b349f-341f-463e-a1c3-c0e82d8d1eb1: 66 datasets; 0.6 s; peak memory 1187 MiB.
2026-09-19T11:07:31Z INFO [245/374] 078bd1e3-5015-4b20-a161-8fc9953b0635: 84 datasets; 0.6 s; peak memory 1187 MiB.
2026-09-19T11:07:32Z INFO [246/374] 078bd6a6-8291-4e08-ae5a-76e36cbb2581: 48 datasets; 0.6 s; peak memory 1187 MiB.
2026-09-19T11:07:32Z INFO [247/374] 078d2fc1-5daa-4002-9fc3-cd3101dd34df: 48 datasets; 0.7 s; peak memory 1187 MiB.
2026-09-19T11:07:33Z INFO [248/374] 07913df6-8092-48c2-8b61-60ea99b5958c: 46 datasets; 0.3 s; peak memory 1187 MiB.
2026-09-19T11:07:33Z INFO [249/374] 07915f8e-5a32-4c18-bc12-1803bf79a9ed: 47 datasets; 0.3 s; peak memory 1187 MiB.
2026-09-19T11:07:34Z INFO [250/374] 0791e89c-0745-4dcd-b912-d8d1f168fdda: 49 datasets; 0.8 s; peak memory 1187 MiB.
2026-09-19T11:07:34Z INFO [250/374] 0791e89c-0745-4dcd-b912-d8d1f168fdda: checkpointed 50519 records.
2026-09-19T11:07:34Z INFO [251/374] 0794a458-159e-421f-99c6-f265199b2d56: 48 datasets; 0.6 s; peak memory 1187 MiB.
2026-09-19T11:07:35Z INFO [252/374] 0794dfc9-873a-46e6-91dc-afb080ec5249: 45 datasets; 0.5 s; peak memory 1187 MiB.
2026-09-19T11:07:37Z INFO [253/374] 0794eaed-6aa5-4e5c-a106-992b24a8b9dc: 119 datasets; 1.7 s; peak memory 1187 MiB.
2026-09-19T11:07:38Z INFO [254/374] 079531cc-f247-4f26-be13-adae04eeaaea: 64 datasets; 0.9 s; peak memory 1187 MiB.
2026-09-19T11:07:46Z INFO [255/374] 0796bc45-62e0-46e6-9d73-626ac80e5a55: 632 datasets; 7.9 s; peak memory 1187 MiB.
2026-09-19T11:07:46Z INFO [256/374] 0796cc5d-7788-433b-9009-a79b81eb2306: 52 datasets; 0.5 s; peak memory 1187 MiB.
2026-09-19T11:07:47Z INFO [257/374] 079700a4-45d5-4a14-af81-694ac7215dd4: 48 datasets; 0.6 s; peak memory 1187 MiB.
2026-09-19T11:07:49Z INFO [258/374] 07970bab-b0fe-4f37-bda1-0a8e7803552a: 223 datasets; 2.5 s; peak memory 1187 MiB.
2026-09-19T11:07:52Z INFO [259/374] 07974c78-3d31-4572-9e27-d92e6946afde: 82 datasets; 2.4 s; peak memory 1187 MiB.
2026-09-19T11:07:52Z INFO [260/374] 07985c72-2cb0-46cc-9d14-7cf39f213881: 112 datasets; 0.7 s; peak memory 1187 MiB.
2026-09-19T11:07:53Z INFO [261/374] 0798c57a-b1f1-4f9e-96b0-50d1c01e3831: 48 datasets; 0.5 s; peak memory 1187 MiB.
2026-09-19T11:07:53Z INFO [262/374] 0798c954-590d-4c60-8130-5d31a6690827: 48 datasets; 0.7 s; peak memory 1187 MiB.
2026-09-19T11:07:56Z INFO [263/374] 079903a9-4da6-4c54-b31b-859f1be2b4cc: 49 datasets; 2.6 s; peak memory 1187 MiB.
2026-09-19T11:07:57Z INFO [264/374] 079919be-08ad-46f5-bbc0-6ee91d8ae793: 131 datasets; 0.7 s; peak memory 1187 MiB.
2026-09-19T11:07:57Z INFO [265/374] 07991a58-7650-47a9-8e66-876124d5cf1e: 70 datasets; 0.8 s; peak memory 1187 MiB.
2026-09-19T11:07:58Z INFO [266/374] 079a1b7c-f9ae-4d10-9450-f1ff5c089856: 93 datasets; 0.7 s; peak memory 1187 MiB.
2026-09-19T11:08:04Z INFO [267/374] 079b2db7-f74d-469a-9727-00ca244e0f32: 410 datasets; 5.7 s; peak memory 1187 MiB.
2026-09-19T11:09:22Z INFO [268/374] 079b6781-516c-4014-927e-ce41acf94acd: 394 datasets; 77.8 s; peak memory 1187 MiB.
2026-09-19T11:09:22Z INFO [269/374] 079b8698-8ed3-4f47-9383-c168bd9729b9: 52 datasets; 0.6 s; peak memory 1187 MiB.
2026-09-19T11:09:26Z INFO [270/374] 079b9200-de4a-44e8-8d6e-d395e4990fd7: 523 datasets; 3.3 s; peak memory 1187 MiB.
2026-09-19T11:09:27Z INFO [271/374] 079c586e-9658-40b3-b863-95fbd5439657: 132 datasets; 1.3 s; peak memory 1187 MiB.
2026-09-19T11:09:30Z INFO [272/374] 079c6245-91b2-45bd-9bea-11edcf39a13b: 229 datasets; 3.4 s; peak memory 1187 MiB.
2026-09-19T11:09:31Z INFO [273/374] 079caedb-0849-44c4-93c3-74c2c931c8b4: 71 datasets; 1.1 s; peak memory 1187 MiB.
2026-09-19T11:09:32Z INFO [274/374] 079e6188-5146-4312-91f4-6ef510137392: 110 datasets; 1.0 s; peak memory 1187 MiB.
2026-09-19T11:09:52Z INFO [275/374] 079e9dbb-9d41-47e9-a329-cf46fa662be6: 49 datasets; 19.6 s; peak memory 1187 MiB.
2026-09-19T11:10:03Z INFO [276/374] 07a18f03-cd69-4588-a405-b8693d5f5c01: 41 datasets; 10.8 s; peak memory 1187 MiB.
2026-09-19T11:10:03Z INFO [277/374] 07a1b019-3fb3-4af5-94b5-493756ee7440: 33 datasets; 0.5 s; peak memory 1187 MiB.
2026-09-19T11:10:05Z INFO [278/374] 07a1e496-22da-4030-8399-e0add02029cc: 152 datasets; 1.6 s; peak memory 1187 MiB.
2026-09-19T11:10:06Z INFO [279/374] 07a36dfa-40a7-44d6-ab15-0ebd488e837d: 117 datasets; 0.8 s; peak memory 1187 MiB.
2026-09-19T11:10:06Z INFO [280/374] 07a3b285-034f-4692-9e74-19c0075748af: 48 datasets; 0.6 s; peak memory 1187 MiB.
2026-09-19T11:10:07Z INFO [281/374] 07a3ee37-864a-4dd6-943d-81c5616dd34c: 48 datasets; 0.7 s; peak memory 1187 MiB.
2026-09-19T11:10:15Z INFO [282/374] 07a41cdf-4390-47ea-8f59-c11785c4a01a: 868 datasets; 7.8 s; peak memory 1187 MiB.
2026-09-19T11:10:16Z INFO [283/374] 07a45978-6095-4471-95b5-ab727242972f: 38 datasets; 1.2 s; peak memory 1187 MiB.
2026-09-19T11:10:17Z INFO [284/374] 07a46364-e315-4042-83c3-f1ffce44ba5e: 112 datasets; 0.9 s; peak memory 1187 MiB.
2026-09-19T11:10:20Z INFO [285/374] 07a5135a-ac93-4b1c-823a-1a473a7915cf: 229 datasets; 2.9 s; peak memory 1187 MiB.
2026-09-19T11:10:21Z INFO [286/374] 07a54386-9813-4867-a2da-4f164a03c1cc: 112 datasets; 1.0 s; peak memory 1187 MiB.
2026-09-19T11:10:21Z INFO [287/374] 07a5ce55-7404-49d1-96fa-bdd9b541f2d9: 117 datasets; 0.7 s; peak memory 1187 MiB.
2026-09-19T11:10:22Z INFO [288/374] 07a5fbe8-108d-4c84-9e6b-6f7259247251: 38 datasets; 0.4 s; peak memory 1187 MiB.
2026-09-19T11:10:22Z INFO [289/374] 07a60604-bf3a-42ed-b52b-7c57fce8f75d: 48 datasets; 0.7 s; peak memory 1187 MiB.
2026-09-19T11:10:23Z INFO [290/374] 07a669ed-80c5-4ff3-a34c-f9d153e9a945: 58 datasets; 0.4 s; peak memory 1187 MiB.
2026-09-19T11:10:24Z INFO [291/374] 07a6997d-caa4-4fb9-9b0b-b4b0f65970a9: 112 datasets; 0.8 s; peak memory 1187 MiB.
2026-09-19T11:10:24Z INFO [292/374] 07a6f758-cca2-4b46-abff-8dabe1facaac: 117 datasets; 0.8 s; peak memory 1187 MiB.
2026-09-19T11:10:26Z INFO [293/374] 07a7860c-8c10-47fb-a9cb-951582cbb2f7: 71 datasets; 1.5 s; peak memory 1187 MiB.
2026-09-19T11:10:27Z INFO [294/374] 07a838a6-4f3d-4bf3-9dbf-8c44c3a56a0b: 117 datasets; 0.6 s; peak memory 1187 MiB.
2026-09-19T11:10:31Z INFO [295/374] 07a8901f-c9a5-40aa-a58b-aad42783ff8e: 422 datasets; 4.5 s; peak memory 1187 MiB.
2026-09-19T11:10:32Z INFO [296/374] 07a9cd5d-2507-4a13-a536-607a6724fda8: 48 datasets; 0.5 s; peak memory 1187 MiB.
2026-09-19T11:10:32Z INFO [297/374] 07aa3393-ed6a-445d-b200-a9d1c19afc86: 112 datasets; 0.9 s; peak memory 1187 MiB.
2026-09-19T11:10:33Z INFO [298/374] 07aa70f7-c891-4dcf-b21b-14e80058a776: 66 datasets; 0.7 s; peak memory 1187 MiB.
2026-09-19T11:10:34Z INFO [299/374] 07aa895e-9c04-49bb-b2ec-cc63172e16b2: 38 datasets; 0.6 s; peak memory 1187 MiB.
2026-09-19T11:10:34Z INFO [300/374] 07ab2e06-12d6-46c8-bddd-27268f267f32: 38 datasets; 0.5 s; peak memory 1187 MiB.
2026-09-19T11:10:34Z INFO [300/374] 07ab2e06-12d6-46c8-bddd-27268f267f32: checkpointed 50569 records.
2026-09-19T11:10:35Z INFO [301/374] 07ab600b-f729-47e7-beb5-ef12faa87856: 66 datasets; 0.9 s; peak memory 1187 MiB.
2026-09-19T11:10:36Z INFO [302/374] 07ab87a1-6a48-42a2-a834-cacdfd58524d: 112 datasets; 1.0 s; peak memory 1187 MiB.
2026-09-19T11:10:39Z INFO [303/374] 07abc20e-5bb6-4ac0-b0fe-744562e49b49: 84 datasets; 2.3 s; peak memory 1187 MiB.
2026-09-19T11:10:39Z INFO [304/374] 07abc754-c667-4443-959d-4817e8893d41: 39 datasets; 0.7 s; peak memory 1187 MiB.
2026-09-19T11:10:40Z INFO [305/374] 07ad5401-dc86-4a92-8b0b-f643536eec23: 117 datasets; 0.9 s; peak memory 1187 MiB.
2026-09-19T11:10:41Z INFO [306/374] 07ad9d4a-98a0-4a3c-9828-55d70fba18c5: 116 datasets; 0.7 s; peak memory 1187 MiB.
2026-09-19T11:10:42Z INFO [307/374] 07adc3e9-e881-41c0-9d9b-1e57b1cbb51d: 110 datasets; 0.7 s; peak memory 1187 MiB.
2026-09-19T11:10:42Z INFO [308/374] 07aed3b7-ad3e-439d-b16e-8b7a1f6b8ae2: 72 datasets; 0.9 s; peak memory 1187 MiB.
2026-09-19T11:10:44Z INFO [309/374] 07af21f6-a080-4518-b0cd-73ff3014f4fd: 71 datasets; 1.3 s; peak memory 1187 MiB.
2026-09-19T11:10:44Z INFO [310/374] 07af5421-9536-456d-ac14-6b99967a2f58: 21 datasets; 0.4 s; peak memory 1187 MiB.
2026-09-19T11:10:45Z INFO [311/374] 07afa4b6-beca-43c1-9e6c-037828c02db4: 112 datasets; 1.0 s; peak memory 1187 MiB.
2026-09-19T11:10:46Z INFO [312/374] 07afda01-f792-4bf5-b4d3-50ebb2063e15: 112 datasets; 0.9 s; peak memory 1187 MiB.
2026-09-19T11:10:46Z INFO [313/374] 07aff2c2-50b9-4551-8810-1e6425b8a4b2: 46 datasets; 0.4 s; peak memory 1187 MiB.
2026-09-19T11:12:10Z INFO [314/374] 07b02509-324a-4e47-8472-03d4990ae5ee: 394 datasets; 83.5 s; peak memory 1187 MiB.
2026-09-19T11:12:11Z INFO [315/374] 07b04f95-309c-40f0-9247-9cdf833c333b: 117 datasets; 0.8 s; peak memory 1187 MiB.
2026-09-19T11:12:11Z INFO [316/374] 07b1818c-b669-4567-ac06-03b89b40da9c: 48 datasets; 0.6 s; peak memory 1187 MiB.
2026-09-19T11:12:12Z INFO [317/374] 07b19760-855e-49af-9318-7b30dce1399d: 84 datasets; 0.9 s; peak memory 1187 MiB.
2026-09-19T11:12:13Z INFO [318/374] 07b22c9d-fd12-4838-bb54-dc80d3c528b5: 112 datasets; 0.7 s; peak memory 1187 MiB.
2026-09-19T11:12:14Z INFO [319/374] 07b439f1-b6ee-4a1b-b939-98f27c0367fe: 112 datasets; 1.0 s; peak memory 1187 MiB.
2026-09-19T11:12:15Z INFO [320/374] 07b486bf-680f-4900-bb80-72ad284e9a4b: 112 datasets; 1.0 s; peak memory 1187 MiB.
2026-09-19T11:12:16Z INFO [321/374] 07b51e6f-f301-4eca-8920-245f95f0441a: 117 datasets; 0.7 s; peak memory 1187 MiB.
2026-09-19T11:12:16Z INFO [322/374] 07b5579d-eb47-43e1-861c-e07f40023a76: 230 datasets; 0.8 s; peak memory 1187 MiB.
2026-09-19T11:12:17Z INFO [323/374] 07b59997-8007-43fe-917f-f1435e5240fd: 116 datasets; 0.8 s; peak memory 1187 MiB.
2026-09-19T11:12:19Z INFO [324/374] 07b7a37c-b9f7-4a59-81cb-eb1193f309c9: 115 datasets; 1.5 s; peak memory 1187 MiB.
2026-09-19T11:12:19Z INFO [325/374] 07b95b1b-36b0-4251-ac55-8f8e11ea73da: 48 datasets; 0.5 s; peak memory 1187 MiB.
2026-09-19T11:12:20Z INFO [326/374] 07b96a2f-0e45-4e98-8d7e-0952cf8b571e: 48 datasets; 0.6 s; peak memory 1187 MiB.
2026-09-19T11:13:45Z INFO [327/374] 07b9bb76-67b7-4025-a2cc-9c76a6b51c58: 394 datasets; 84.8 s; peak memory 1187 MiB.
2026-09-19T11:13:46Z INFO [328/374] 07ba1bc9-42b8-43d8-92f8-a532dcadd851: 116 datasets; 1.5 s; peak memory 1187 MiB.
2026-09-19T11:13:50Z INFO [329/374] 07ba1fba-e7aa-488c-a24a-0804226f8307: 568 datasets; 3.3 s; peak memory 1187 MiB.
2026-09-19T11:13:50Z INFO [330/374] 07ba5034-ba1b-4f87-94d4-e2349674c9e7: 52 datasets; 0.7 s; peak memory 1187 MiB.
2026-09-19T11:13:51Z INFO [331/374] 07ba6ad1-8a6b-4761-bcae-0ccf3f0bfd7a: 71 datasets; 1.1 s; peak memory 1187 MiB.
2026-09-19T11:13:53Z INFO [332/374] 07ba9e57-6784-42b0-802f-65415b7b6d82: 77 datasets; 1.4 s; peak memory 1187 MiB.
2026-09-19T11:13:54Z INFO [333/374] 07bb52a8-06ad-4865-a8d8-4d61984ba9e0: 118 datasets; 1.0 s; peak memory 1187 MiB.
2026-09-19T11:13:54Z INFO [334/374] 07bb793c-618d-410f-8680-acdf1ccb1f6d: 112 datasets; 0.5 s; peak memory 1187 MiB.
2026-09-19T11:13:55Z INFO [335/374] 07bb7c7e-1125-4c64-ab10-cafb8838f1af: 51 datasets; 0.5 s; peak memory 1187 MiB.
2026-09-19T11:13:59Z INFO [336/374] 07bb8a60-72eb-4b69-b202-298e72896e89: 795 datasets; 4.4 s; peak memory 1187 MiB.
2026-09-19T11:14:00Z INFO [337/374] 07bbb388-c18c-4913-b86b-690f3e491230: 48 datasets; 0.7 s; peak memory 1187 MiB.
2026-09-19T11:14:00Z INFO [338/374] 07bc9fd8-a8c2-4974-b27a-cdffbf4ffd31: 33 datasets; 0.5 s; peak memory 1187 MiB.
2026-09-19T11:14:01Z INFO [339/374] 07bcd9fa-4715-40e2-8b4b-10681ae5e96f: 69 datasets; 0.9 s; peak memory 1187 MiB.
2026-09-19T11:14:51Z INFO [340/374] 07bd15a5-8176-4c51-9c02-8b467523fb03: 9098 datasets; 50.1 s; peak memory 1187 MiB.
2026-09-19T11:14:53Z INFO [341/374] 07bd3bbc-2249-4a9c-bc8e-fe58d229b230: 38 datasets; 2.2 s; peak memory 1187 MiB.
2026-09-19T11:14:54Z INFO [342/374] 07bd3fb6-c732-49e5-a221-ce8092153e6e: 48 datasets; 0.6 s; peak memory 1187 MiB.
2026-09-19T11:14:55Z INFO [343/374] 07bd7f91-9639-4916-9250-14062e90ac3e: 69 datasets; 0.9 s; peak memory 1187 MiB.
2026-09-19T11:14:56Z INFO [344/374] 07be3694-3e48-490e-bfe0-2831cc8a2187: 71 datasets; 1.0 s; peak memory 1187 MiB.
2026-09-19T11:14:56Z INFO [345/374] 07c02721-8c97-4b0c-b56a-a58b06b08bc2: 48 datasets; 0.5 s; peak memory 1187 MiB.
2026-09-19T11:14:57Z INFO [346/374] 07c041a6-583c-4d7c-8905-c015b4359e59: 118 datasets; 0.7 s; peak memory 1187 MiB.
2026-09-19T11:14:58Z INFO [347/374] 07c0e45f-fa9a-4f00-afec-92f70211f312: 49 datasets; 0.6 s; peak memory 1187 MiB.
2026-09-19T11:15:01Z INFO [348/374] 07c0f911-5568-4996-a841-00cdfc962ad4: 225 datasets; 2.8 s; peak memory 1187 MiB.
2026-09-19T11:15:02Z INFO [349/374] 07c122ff-5787-4065-8107-90f4791fc624: 156 datasets; 1.8 s; peak memory 1187 MiB.
2026-09-19T11:15:03Z INFO [350/374] 07c14be5-de30-438f-a04e-6917ee8209c7: 117 datasets; 0.8 s; peak memory 1187 MiB.
2026-09-19T11:15:03Z INFO [350/374] 07c14be5-de30-438f-a04e-6917ee8209c7: checkpointed 50619 records.
2026-09-19T11:15:04Z INFO [351/374] 07c227f9-69f0-47e7-81da-5b54a2d7dbd1: 48 datasets; 0.6 s; peak memory 1187 MiB.
2026-09-19T11:15:04Z INFO [352/374] 07c25080-652b-445a-a053-a5bdf22202ef: 46 datasets; 0.5 s; peak memory 1187 MiB.
2026-09-19T11:15:05Z INFO [353/374] 07c261f3-31bb-4484-b3f8-c42a7db83807: 117 datasets; 0.6 s; peak memory 1187 MiB.
2026-09-19T11:15:08Z INFO [354/374] 07c2f9cc-0d00-420f-ae77-5fec9a6c9723: 229 datasets; 2.5 s; peak memory 1187 MiB.
2026-09-19T11:15:09Z INFO [355/374] 07c31a20-5e47-460a-b451-37f6d89a946f: 115 datasets; 1.3 s; peak memory 1187 MiB.
2026-09-19T11:15:09Z INFO [356/374] 07c3bd7a-2e93-4069-abaf-ea9c2a20ea00: 46 datasets; 0.5 s; peak memory 1187 MiB.
2026-09-19T11:15:10Z INFO [357/374] 07c46038-244e-43b7-a78e-e23a6cd1239f: 112 datasets; 0.9 s; peak memory 1187 MiB.
2026-09-19T11:15:14Z INFO [358/374] 07c487eb-b259-4943-9a79-0d49b26059bf: 5521 datasets; 3.8 s; peak memory 1187 MiB.
2026-09-19T11:15:15Z INFO [359/374] 07c532d8-4be7-4d1c-a01b-0de0cb8b2d70: 119 datasets; 1.4 s; peak memory 1187 MiB.
2026-09-19T11:15:22Z INFO [360/374] 07c57c4f-0757-4470-8127-aa09d0f13dc1: 106 datasets; 7.1 s; peak memory 1187 MiB.
2026-09-19T11:15:23Z INFO [361/374] 07c66de8-7b75-49a5-93fc-7e07b84bce79: 117 datasets; 0.6 s; peak memory 1187 MiB.
2026-09-19T11:15:24Z INFO [362/374] 07ca34d0-126d-474f-a37f-94836d9f89d6: 82 datasets; 1.1 s; peak memory 1187 MiB.
2026-09-19T11:15:25Z INFO [363/374] 07cbdd59-9987-4237-8bb0-0c2d5817b91b: 112 datasets; 0.8 s; peak memory 1187 MiB.
2026-09-19T11:15:26Z INFO [364/374] 07cc04d2-4ef2-4795-a257-7fd4e13b0a8f: 72 datasets; 0.8 s; peak memory 1187 MiB.
2026-09-19T11:15:27Z INFO [365/374] 07cc57e6-cb92-417a-8773-84dbaa517432: 71 datasets; 1.2 s; peak memory 1187 MiB.
2026-09-19T11:15:28Z INFO [366/374] 07cca9cc-ed50-4300-880b-e19991e43b2d: 110 datasets; 0.6 s; peak memory 1187 MiB.
2026-09-19T11:15:28Z INFO [367/374] 07cd822f-5429-4b36-bac0-418b26d13eb7: 43 datasets; 0.6 s; peak memory 1187 MiB.
2026-09-19T11:15:29Z INFO [368/374] 07cd91df-9a75-414d-8efd-d260ad510683: 118 datasets; 0.7 s; peak memory 1187 MiB.
2026-09-19T11:15:29Z INFO [369/374] 07cda2c0-591f-46de-9e6c-6f685e4eaa29: 48 datasets; 0.5 s; peak memory 1187 MiB.
2026-09-19T11:15:45Z INFO [370/374] 07cddb08-a918-463f-8af0-03df53bcad5a: 48 datasets; 15.4 s; peak memory 1187 MiB.
2026-09-19T11:15:45Z INFO [371/374] 07cec34a-c230-4865-bca9-52a6908904cd: 47 datasets; 0.5 s; peak memory 1187 MiB.
2026-09-19T11:15:46Z INFO [372/374] 07ced732-04fe-49a8-91cc-56209e61978d: 117 datasets; 0.8 s; peak memory 1187 MiB.
2026-09-19T11:15:47Z INFO [373/374] 07cedb8d-4756-45c2-8236-4e271de13803: 117 datasets; 0.6 s; peak memory 1187 MiB.
2026-09-19T11:15:48Z INFO [374/374] 07cf66a6-380e-40c5-80c7-1fb8dd0fa09d: 118 datasets; 0.7 s; peak memory 1187 MiB.
2026-09-19T11:15:48Z INFO Wrote 50643 records to /tmp/derivatives/valid_nwb_file_to_number_of_datasets.jsonl (374 new, 0 failed) in 32.6 min (peak memory 1187 MiB).
