2026-10-08T21:51:34Z INFO Logging to /tmp/logs/update_2026-10-08T21-51-34Z.log.
2026-10-08T21:51:34Z INFO Update valid-nwb-file-to-number-of-datasets (base directory /tmp).
2026-10-08T21:51:34Z INFO Processing 750 items (103335 already recorded).
2026-10-08T21:51:36Z INFO [1/750] 75050928-c0c0-459a-875c-898ced9c9bab: 62 datasets; 2.1 s; peak memory 120 MiB.
2026-10-08T21:51:38Z INFO [2/750] 75051ce1-1297-4617-a4c0-92f2ebf70ed3: 66 datasets; 2.1 s; peak memory 121 MiB.
2026-10-08T21:51:41Z INFO [3/750] 7505d090-6413-4b1d-9cee-248264961d90: 114 datasets; 3.0 s; peak memory 123 MiB.
2026-10-08T21:51:43Z INFO [4/750] 75071610-5c0d-4f5b-bcc9-0c23f921679d: 52 datasets; 1.5 s; peak memory 124 MiB.
2026-10-08T21:51:44Z INFO [5/750] 75075ccd-1a15-4494-9230-a352e45ca57a: 46 datasets; 1.1 s; peak memory 124 MiB.
2026-10-08T21:51:45Z INFO [6/750] 7507b316-62f9-421d-9ace-06b55760bbd5: 117 datasets; 1.6 s; peak memory 126 MiB.
2026-10-08T21:51:47Z INFO [7/750] 75082570-4214-4d8d-966b-3dbd1bb94c09: 59 datasets; 1.2 s; peak memory 126 MiB.
2026-10-08T21:51:49Z INFO [8/750] 7508dbf3-088e-49b8-9d33-61194fa47443: 142 datasets; 2.0 s; peak memory 126 MiB.
2026-10-08T21:51:50Z INFO [9/750] 75093417-f985-4714-b4e2-c76531d08da1: 48 datasets; 1.3 s; peak memory 126 MiB.
2026-10-08T21:51:52Z INFO [10/750] 7509372d-52fe-481a-bdc1-395bfe2e27b7: 116 datasets; 1.6 s; peak memory 126 MiB.
2026-10-08T21:51:53Z INFO [11/750] 75095943-2775-4dfe-8d98-ba520e37424e: 48 datasets; 1.2 s; peak memory 126 MiB.
2026-10-08T21:52:00Z INFO [12/750] 75096c65-01aa-49bc-98cf-634f2a09f96a: 223 datasets; 7.4 s; peak memory 134 MiB.
2026-10-08T21:52:01Z INFO [13/750] 7509775b-324a-4fd7-abd3-1fc60641bf55: 48 datasets; 1.3 s; peak memory 134 MiB.
2026-10-08T21:52:03Z INFO [14/750] 750978d3-e689-4159-bea8-af408e67ed42: 117 datasets; 1.5 s; peak memory 134 MiB.
2026-10-08T21:52:06Z INFO [15/750] 7509f328-356b-4a25-82b9-6ac4649ad328: 104 datasets; 3.2 s; peak memory 134 MiB.
2026-10-08T21:52:07Z INFO [16/750] 750a3e48-501b-46ac-8b15-6d0e16427e31: 48 datasets; 1.3 s; peak memory 135 MiB.
2026-10-08T21:52:10Z INFO [17/750] 750bba60-a0a6-4a19-8644-dab34237f1c1: 71 datasets; 2.3 s; peak memory 135 MiB.
2026-10-08T21:52:16Z INFO [18/750] 750c2413-4df8-4471-a5b2-011cb617447c: 461 datasets; 6.2 s; peak memory 139 MiB.
2026-10-08T21:52:17Z INFO [19/750] 750c5aa1-2017-4e4d-bdc8-080200ced56f: 48 datasets; 1.3 s; peak memory 139 MiB.
2026-10-08T21:52:19Z INFO [20/750] 750d1c70-e995-47fa-8771-1cc695daa4c2: 48 datasets; 1.4 s; peak memory 139 MiB.
2026-10-08T21:52:20Z INFO [21/750] 750d43be-b718-4050-ab2b-5f0d4245d237: 66 datasets; 1.8 s; peak memory 139 MiB.
2026-10-08T21:52:22Z INFO [22/750] 750e73e5-14fc-4e04-a96e-9ad2390e60b8: 48 datasets; 1.3 s; peak memory 139 MiB.
2026-10-08T21:52:23Z INFO [23/750] 750f1716-f999-4dc6-bc1f-b06ed042a490: 48 datasets; 1.4 s; peak memory 139 MiB.
2026-10-08T21:52:24Z INFO [24/750] 7510c9a7-ff97-48d4-94f0-02c22649211b: 48 datasets; 1.3 s; peak memory 139 MiB.
2026-10-08T21:54:07Z INFO [25/750] 75120f3c-c476-4eae-99e5-e8567beb2d6f: 95 datasets; 102.7 s; peak memory 236 MiB.
2026-10-08T21:54:19Z INFO [26/750] 7512a1ef-ced0-4ffb-83f1-43482080b98b: 108 datasets; 12.1 s; peak memory 236 MiB.
2026-10-08T21:54:20Z INFO [27/750] 7512d6f6-730b-444b-a380-0dfcc0688850: 48 datasets; 1.3 s; peak memory 236 MiB.
2026-10-08T21:54:28Z INFO [28/750] 751316d7-26a8-4ad3-9f43-6f9b65c1918e: 710 datasets; 7.9 s; peak memory 236 MiB.
2026-10-08T21:54:38Z INFO [29/750] 751346a9-feaf-424c-ada8-ef3bb00a9e4a: 1053 datasets; 9.7 s; peak memory 236 MiB.
2026-10-08T21:54:39Z INFO [30/750] 75135a20-d488-40b6-b46a-59b6d2077120: 48 datasets; 1.2 s; peak memory 236 MiB.
2026-10-08T21:54:46Z INFO [31/750] 7513b958-0db9-480d-8ef6-c7f9ab63d0ba: 643 datasets; 7.1 s; peak memory 236 MiB.
2026-10-08T21:54:48Z INFO [32/750] 7513e458-2b08-4c40-a315-6502acf9e469: 117 datasets; 1.4 s; peak memory 236 MiB.
2026-10-08T21:54:50Z INFO [33/750] 75144a29-8fef-48d6-9308-c45c8604481c: 303 datasets; 1.9 s; peak memory 236 MiB.
2026-10-08T21:54:51Z INFO [34/750] 75148ec6-7ec4-4585-a07e-f708bdce46fb: 49 datasets; 1.7 s; peak memory 236 MiB.
2026-10-08T21:54:53Z INFO [35/750] 75156acc-30e6-4904-a457-cf7cb1587e93: 116 datasets; 1.6 s; peak memory 236 MiB.
2026-10-08T21:54:54Z INFO [36/750] 75158cb8-d755-4d20-81af-a1c775badd77: 117 datasets; 1.5 s; peak memory 236 MiB.
2026-10-08T21:54:56Z INFO [37/750] 751590ab-b05a-4765-b27b-45193ed829a6: 112 datasets; 1.8 s; peak memory 236 MiB.
2026-10-08T21:54:58Z INFO [38/750] 7515ddd4-41d6-4e42-9d66-4e917b111096: 112 datasets; 1.6 s; peak memory 236 MiB.
2026-10-08T21:55:03Z INFO [39/750] 7515e916-caea-4753-af05-040db77114c5: 229 datasets; 5.4 s; peak memory 236 MiB.
2026-10-08T21:55:05Z INFO [40/750] 75160b84-c12b-43c1-a8dc-b27e4f828b96: 60 datasets; 1.9 s; peak memory 236 MiB.
2026-10-08T21:55:06Z INFO [41/750] 7516de07-f6e8-402a-8385-4c20c310318f: 48 datasets; 1.2 s; peak memory 236 MiB.
2026-10-08T21:55:08Z INFO [42/750] 7516eaf7-88cd-4ca1-b259-576ee6a1054a: 48 datasets; 1.5 s; peak memory 236 MiB.
2026-10-08T21:55:09Z INFO [43/750] 75179308-ac7d-4c2f-84e1-c60ef1c51319: 38 datasets; 1.1 s; peak memory 236 MiB.
2026-10-08T21:55:10Z INFO [44/750] 7517b388-0494-42a4-87bd-c6d8e9a4d5b9: 52 datasets; 1.2 s; peak memory 236 MiB.
2026-10-08T21:55:11Z INFO [45/750] 751829dd-0c26-4872-b24d-ef5061bd8f40: 46 datasets; 1.0 s; peak memory 236 MiB.
2026-10-08T21:55:12Z INFO [46/750] 7518b29d-c0db-46a4-b7ef-4b256b0d644e: 41 datasets; 1.3 s; peak memory 236 MiB.
2026-10-08T21:55:14Z INFO [47/750] 75196855-5e1d-455e-b663-61c1fcb0fb88: 52 datasets; 1.4 s; peak memory 236 MiB.
2026-10-08T21:57:44Z INFO [48/750] 75196c9a-d7b4-4d3b-8f8b-07c7d8c26564: 241 datasets; 150.4 s; peak memory 300 MiB.
2026-10-08T21:57:45Z INFO [49/750] 75197ed7-19b7-4b0e-b6a3-a608237a4532: 48 datasets; 1.2 s; peak memory 300 MiB.
2026-10-08T21:57:46Z INFO [50/750] 75198180-f6a8-49f7-b712-ffd1a34c20d0: 46 datasets; 1.0 s; peak memory 300 MiB.
2026-10-08T21:57:47Z INFO [50/750] 75198180-f6a8-49f7-b712-ffd1a34c20d0: checkpointed 103385 new records.
2026-10-08T21:57:56Z INFO [51/750] 7519bf6a-e3b3-439b-b2dc-57dbfcb31fee: 1053 datasets; 9.2 s; peak memory 300 MiB.
2026-10-08T21:57:58Z INFO [52/750] 751a4f8b-c966-4c0b-ad8a-d0f210b063e8: 66 datasets; 1.7 s; peak memory 300 MiB.
2026-10-08T21:58:22Z INFO [53/750] 751ab042-6692-4697-a790-76635c659ae6: 52 datasets; 24.2 s; peak memory 300 MiB.
2026-10-08T21:58:23Z INFO [54/750] 751adde9-f3c2-4604-8981-c205df05fa22: 116 datasets; 1.7 s; peak memory 300 MiB.
2026-10-08T21:58:25Z INFO [55/750] 751b85db-06ba-495a-8e6e-de72eb010e85: 48 datasets; 1.4 s; peak memory 300 MiB.
2026-10-08T21:58:27Z INFO [56/750] 751c0d0b-4194-4de4-b0be-0313b971d656: 112 datasets; 2.3 s; peak memory 300 MiB.
2026-10-08T21:58:29Z INFO [57/750] 751c4560-f077-43ad-a39a-fb68ebb22a79: 122 datasets; 1.6 s; peak memory 300 MiB.
2026-10-08T21:58:30Z INFO [58/750] 751c956b-3676-4d6a-a72a-a74c899e017a: 41 datasets; 1.2 s; peak memory 300 MiB.
2026-10-08T21:58:31Z INFO [59/750] 751d8b8b-d777-4829-abe3-e50a20f8ed8d: 48 datasets; 1.2 s; peak memory 300 MiB.
2026-10-08T21:58:32Z INFO [60/750] 751e394e-3981-4a36-a3c3-5129770f85d5: 48 datasets; 1.3 s; peak memory 300 MiB.
2026-10-08T22:01:14Z INFO [61/750] 751e4c51-17b7-4594-b1ae-874bb74075fe: 433 datasets; 161.8 s; peak memory 305 MiB.
2026-10-08T22:01:31Z INFO [62/750] 751eec9b-b02a-4f5f-911d-a2cea5dde6be: 1014 datasets; 16.8 s; peak memory 305 MiB.
2026-10-08T22:01:33Z INFO [63/750] 751fec7e-619d-424d-b2a2-a597e2bc6518: 153 datasets; 1.7 s; peak memory 305 MiB.
2026-10-08T22:03:56Z INFO [64/750] 75202e42-fa61-4b66-b111-e2f867e85178: 260 datasets; 143.5 s; peak memory 305 MiB.
2026-10-08T22:03:58Z INFO [65/750] 75204d2a-0232-43c4-8be6-236ef3556d68: 117 datasets; 1.6 s; peak memory 305 MiB.
2026-10-08T22:03:59Z INFO [66/750] 75212f23-9a21-4673-88a6-e511ea3d0a06: 106 datasets; 1.4 s; peak memory 305 MiB.
2026-10-08T22:04:01Z INFO [67/750] 75213082-6ca5-423a-8ba1-a8e556370af6: 117 datasets; 1.5 s; peak memory 305 MiB.
2026-10-08T22:04:02Z INFO [68/750] 75213c87-fca1-4bff-b9f9-f73e85d9577d: 52 datasets; 1.3 s; peak memory 305 MiB.
2026-10-08T22:04:13Z INFO [69/750] 7521aa3a-e40a-4a93-81cf-685a742b481e: 716 datasets; 10.7 s; peak memory 305 MiB.
2026-10-08T22:04:16Z INFO [70/750] 7524588a-eb15-4b2f-820e-1f1224cd126e: 152 datasets; 3.7 s; peak memory 305 MiB.
2026-10-08T22:04:19Z INFO [71/750] 752473d8-7425-4244-9144-0861b75ee37e: 60 datasets; 2.9 s; peak memory 305 MiB.
2026-10-08T22:04:20Z INFO [72/750] 752499fa-9d38-452a-b855-c8eae3374512: 45 datasets; 1.1 s; peak memory 305 MiB.
2026-10-08T22:04:23Z INFO [73/750] 7524c3ee-c9de-451c-a2e5-9df9cf6cde3e: 60 datasets; 3.1 s; peak memory 305 MiB.
2026-10-08T22:04:25Z INFO [74/750] 752543a6-9afb-4fbc-bfc4-aa21b5b11bd9: 54 datasets; 1.2 s; peak memory 305 MiB.
2026-10-08T22:04:26Z INFO [75/750] 75254894-a1e0-49e2-88fb-7e42f439878b: 46 datasets; 1.0 s; peak memory 305 MiB.
2026-10-08T22:04:28Z INFO [76/750] 7525589c-eb33-44ba-b2de-bab23cc4438d: 110 datasets; 2.1 s; peak memory 305 MiB.
2026-10-08T22:04:36Z INFO [77/750] 75257edf-9e65-40f6-969a-2a0a2a581c90: 538 datasets; 8.2 s; peak memory 305 MiB.
2026-10-08T22:05:02Z INFO [78/750] 75258296-60cb-4f69-b8b9-6397dc174560: 48 datasets; 25.5 s; peak memory 305 MiB.
2026-10-08T22:05:03Z INFO [79/750] 7525a4ac-3c38-4e87-9f74-1422111c6560: 112 datasets; 1.7 s; peak memory 305 MiB.
2026-10-08T22:05:09Z INFO [80/750] 7526166d-1f37-4a3a-b9c7-aac30b79173b: 278 datasets; 5.9 s; peak memory 305 MiB.
2026-10-08T22:05:11Z INFO [81/750] 75264d0d-065f-4142-b250-c0e087000512: 116 datasets; 1.5 s; peak memory 305 MiB.
2026-10-08T22:05:13Z INFO [82/750] 752666f7-ec5f-4348-9cbc-23543cb4974d: 95 datasets; 2.1 s; peak memory 305 MiB.
2026-10-08T22:05:24Z INFO [83/750] 7527074d-8b13-4a82-978f-dbb5132a8d92: 369 datasets; 11.2 s; peak memory 305 MiB.
2026-10-08T22:05:25Z INFO [84/750] 75279b00-a109-4973-bc6f-77c5f4eea37c: 48 datasets; 1.4 s; peak memory 305 MiB.
2026-10-08T22:05:27Z INFO [85/750] 7527f989-1880-47e8-874b-4812dbd3d107: 66 datasets; 1.8 s; peak memory 305 MiB.
2026-10-08T22:05:28Z INFO [86/750] 75285cec-4eda-485c-9e80-38b325f559ae: 48 datasets; 1.3 s; peak memory 305 MiB.
2026-10-08T22:05:32Z INFO [87/750] 75287c82-7a54-4a1d-9290-9e90a42ead02: 115 datasets; 3.4 s; peak memory 305 MiB.
2026-10-08T22:05:34Z INFO [88/750] 75288ae9-ad3d-4c83-b7cf-4d0b09aea275: 85 datasets; 2.0 s; peak memory 305 MiB.
2026-10-08T22:05:37Z INFO [89/750] 7528b5f7-7705-424d-bfdf-854240286003: 115 datasets; 2.9 s; peak memory 305 MiB.
2026-10-08T22:05:38Z INFO [90/750] 75290a7c-4e4d-42de-bb0b-4453aacf451a: 46 datasets; 1.4 s; peak memory 305 MiB.
2026-10-08T22:05:40Z INFO [91/750] 75297e52-728c-4ac2-985e-e6779b4bb393: 69 datasets; 1.9 s; peak memory 305 MiB.
2026-10-08T22:05:41Z INFO [92/750] 752b83aa-db35-4d56-9997-9394a30fd16a: 50 datasets; 1.2 s; peak memory 305 MiB.
2026-10-08T22:05:44Z INFO [93/750] 752ba4fb-eaae-403f-ba45-b2647263ef49: 115 datasets; 2.8 s; peak memory 305 MiB.
2026-10-08T22:05:46Z INFO [94/750] 752bee94-31f1-4eb4-ad45-894ca2f6e327: 109 datasets; 2.0 s; peak memory 305 MiB.
2026-10-08T22:05:47Z INFO [95/750] 752c5f14-bd94-48bf-9ffb-ca3b1f91c83d: 48 datasets; 1.3 s; peak memory 305 MiB.
2026-10-08T22:05:49Z INFO [96/750] 752c6aa9-1593-407f-86a6-86634e3a1b10: 63 datasets; 1.4 s; peak memory 305 MiB.
2026-10-08T22:05:50Z INFO [97/750] 752cf881-f3a8-4abd-9fba-9952fbf9bb30: 39 datasets; 1.5 s; peak memory 305 MiB.
2026-10-08T22:05:51Z INFO [98/750] 752d6af4-b3b5-4eb7-b938-af1464ff53f3: 46 datasets; 1.1 s; peak memory 305 MiB.
2026-10-08T22:05:53Z INFO [99/750] 752db767-a50c-455d-ae55-a6636aef85ae: 127 datasets; 1.3 s; peak memory 305 MiB.
2026-10-08T22:05:54Z INFO [100/750] 752e19aa-1937-4f18-a9a5-66f422afeb4a: 118 datasets; 1.9 s; peak memory 305 MiB.
2026-10-08T22:05:55Z INFO [100/750] 752e19aa-1937-4f18-a9a5-66f422afeb4a: checkpointed 103435 new records.
2026-10-08T22:05:58Z INFO [101/750] 752f78c7-dcd3-4fe4-8354-789ba412c4a9: 123 datasets; 3.3 s; peak memory 305 MiB.
2026-10-08T22:05:59Z INFO [102/750] 7530283a-5f15-4241-a153-333cbac99a3c: 48 datasets; 1.3 s; peak memory 305 MiB.
2026-10-08T22:06:01Z INFO [103/750] 7531fdc8-9d55-41ef-a7f3-fa753b0e5292: 116 datasets; 1.6 s; peak memory 305 MiB.
2026-10-08T22:06:02Z INFO [104/750] 7532c141-56e1-4e02-949a-9223f4a9cb0d: 99 datasets; 1.1 s; peak memory 305 MiB.
2026-10-08T22:06:03Z INFO [105/750] 753332f7-d5eb-4b72-82fc-29b648e099e6: 48 datasets; 1.4 s; peak memory 305 MiB.
2026-10-08T22:06:07Z INFO [106/750] 7533e952-acdb-4b46-8136-33efaf7f079c: 156 datasets; 3.4 s; peak memory 305 MiB.
2026-10-08T22:06:09Z INFO [107/750] 7534c0d4-a068-4afb-a879-06befc19f43a: 158 datasets; 2.5 s; peak memory 305 MiB.
2026-10-08T22:06:11Z INFO [108/750] 7534d237-0049-4467-a12e-0279332c5f98: 66 datasets; 1.9 s; peak memory 305 MiB.
2026-10-08T22:06:13Z INFO [109/750] 75358f9b-cfb0-464b-a2b0-f98180a17cc9: 66 datasets; 1.9 s; peak memory 305 MiB.
2026-10-08T22:06:16Z INFO [110/750] 75365233-7520-40bb-a689-030ee9f74d45: 47 datasets; 3.4 s; peak memory 305 MiB.
2026-10-08T22:06:18Z INFO [111/750] 75373383-3243-45b0-982a-b554ed8b7fca: 117 datasets; 1.5 s; peak memory 305 MiB.
2026-10-08T22:06:19Z INFO [112/750] 7537a2e9-aaff-43d8-82a4-679979478ed1: 48 datasets; 1.4 s; peak memory 305 MiB.
2026-10-08T22:06:21Z INFO [113/750] 75393c5c-c8a3-4d81-8ce3-3179382e5009: 112 datasets; 1.4 s; peak memory 305 MiB.
2026-10-08T22:06:22Z INFO [114/750] 7539dafb-8444-4099-8d87-895390938c2d: 62 datasets; 1.6 s; peak memory 305 MiB.
2026-10-08T22:06:24Z INFO [115/750] 7539fcf8-c214-4ff2-9466-246e8ae2a8c4: 48 datasets; 1.2 s; peak memory 305 MiB.
2026-10-08T22:06:25Z INFO [116/750] 753aae72-561b-4cec-a2f2-c383196a1c1b: 72 datasets; 1.2 s; peak memory 305 MiB.
2026-10-08T22:06:26Z INFO [117/750] 753acf4d-bf26-44f4-8649-4cce8cc841b0: 74 datasets; 1.6 s; peak memory 305 MiB.
2026-10-08T22:06:30Z INFO [118/750] 753af55f-4012-433d-8693-00b6c12413ab: 154 datasets; 3.4 s; peak memory 305 MiB.
2026-10-08T22:06:33Z INFO [119/750] 753b6335-ed7f-4107-aca5-89cbb8aaf3e6: 154 datasets; 2.9 s; peak memory 305 MiB.
2026-10-08T22:06:34Z INFO [120/750] 753c0f4e-f955-406a-8911-d57edc9e9f00: 42 datasets; 1.2 s; peak memory 305 MiB.
2026-10-08T22:06:35Z INFO [121/750] 753c362f-b5ae-44a7-908c-ba695091485b: 48 datasets; 1.3 s; peak memory 305 MiB.
2026-10-08T22:06:36Z INFO [122/750] 753c7821-b654-4221-9421-744d243dd671: 46 datasets; 1.1 s; peak memory 305 MiB.
2026-10-08T22:06:38Z INFO [123/750] 753d7c9e-360d-42eb-8c09-1fb414a71f1b: 66 datasets; 1.8 s; peak memory 305 MiB.
2026-10-08T22:06:39Z INFO [124/750] 753db498-ca8f-49aa-9865-e200eb0a18e1: 48 datasets; 1.2 s; peak memory 305 MiB.
2026-10-08T22:06:41Z INFO [125/750] 753dbd9f-b510-401c-95f3-4f5921b2d7e8: 71 datasets; 2.1 s; peak memory 305 MiB.
2026-10-08T22:06:43Z INFO [126/750] 753dd791-09eb-47fa-a474-df674ef42bc6: 117 datasets; 1.6 s; peak memory 305 MiB.
2026-10-08T22:06:45Z INFO [127/750] 753de828-c3c1-4d0b-b092-2c5d231e98a5: 110 datasets; 2.0 s; peak memory 305 MiB.
2026-10-08T22:06:47Z INFO [128/750] 753f4c88-a71f-4a7f-afe0-4ec26fe34e88: 71 datasets; 2.3 s; peak memory 305 MiB.
2026-10-08T22:06:49Z INFO [129/750] 75400206-55ef-41f8-ae2e-f4a1c8bfa29f: 84 datasets; 1.5 s; peak memory 305 MiB.
2026-10-08T22:06:50Z INFO [130/750] 754042de-c264-4d53-8fde-586ff4992177: 66 datasets; 1.6 s; peak memory 305 MiB.
2026-10-08T22:06:51Z INFO [131/750] 7541321d-bf88-4ea6-958f-f26ec4fca9e6: 21 datasets; 1.0 s; peak memory 305 MiB.
2026-10-08T22:06:53Z INFO [132/750] 75419f5c-674c-45d0-9963-e4ea3b2c64f4: 62 datasets; 2.0 s; peak memory 305 MiB.
2026-10-08T22:06:55Z INFO [133/750] 75424f55-8425-4de4-bd4a-40b5b6873bda: 112 datasets; 1.9 s; peak memory 305 MiB.
2026-10-08T22:06:57Z INFO [134/750] 7543402b-8c53-4c0d-a64f-886b5027788e: 118 datasets; 1.7 s; peak memory 305 MiB.
2026-10-08T22:06:58Z INFO [135/750] 754391d4-fd29-47f8-a026-3f82fdfaa99b: 46 datasets; 1.0 s; peak memory 305 MiB.
2026-10-08T22:06:59Z INFO [136/750] 75439d8b-cca6-48cb-9280-804405aa161d: 63 datasets; 1.3 s; peak memory 305 MiB.
2026-10-08T22:07:18Z INFO [137/750] 7543c9a3-537c-4d10-beed-c4e6a013c180: 41 datasets; 18.7 s; peak memory 305 MiB.
2026-10-08T22:07:19Z INFO [138/750] 754534a5-553d-4793-8fb7-5c2e273d1e22: 76 datasets; 1.3 s; peak memory 305 MiB.
2026-10-08T22:07:21Z INFO [139/750] 7545d0ab-e118-48d7-a85e-a95d0f21da98: 48 datasets; 1.4 s; peak memory 305 MiB.
2026-10-08T22:07:22Z INFO [140/750] 75461cbe-9f8a-463b-99a0-5173f8381b93: 110 datasets; 1.7 s; peak memory 305 MiB.
2026-10-08T22:07:24Z INFO [141/750] 754627c9-3e55-4377-9acf-97328ef85789: 48 datasets; 1.4 s; peak memory 305 MiB.
2026-10-08T22:07:28Z INFO [142/750] 7547b7ae-26e7-4616-a77c-69be0e06e0e1: 405 datasets; 4.6 s; peak memory 305 MiB.
2026-10-08T22:07:30Z INFO [143/750] 754a296e-02e0-4879-bac2-8ee5594b560e: 116 datasets; 1.8 s; peak memory 305 MiB.
2026-10-08T22:07:32Z INFO [144/750] 754a45a1-1b2d-4871-98de-5220d4322cea: 142 datasets; 1.4 s; peak memory 305 MiB.
2026-10-08T22:07:33Z INFO [145/750] 754c9447-8ebc-473e-a98f-9779ab004cfc: 52 datasets; 1.4 s; peak memory 305 MiB.
2026-10-08T22:07:35Z INFO [146/750] 754ceaba-d32d-4e30-b7d9-6fed938f3e06: 69 datasets; 1.7 s; peak memory 305 MiB.
2026-10-08T22:07:45Z INFO [147/750] 754d2e7e-4269-4e48-8dae-e17a50076743: 391 datasets; 10.4 s; peak memory 305 MiB.
2026-10-08T22:07:46Z INFO [148/750] 754e1c73-d17a-4709-8d92-bd8e45479097: 45 datasets; 1.0 s; peak memory 305 MiB.
2026-10-08T22:07:48Z INFO [149/750] 754e372c-9155-4550-9513-9057a5c10eca: 112 datasets; 2.1 s; peak memory 305 MiB.
2026-10-08T22:08:04Z INFO [150/750] 754ee856-c84b-4a82-95ad-839e7fcdaefd: 901 datasets; 15.7 s; peak memory 305 MiB.
2026-10-08T22:08:04Z INFO [150/750] 754ee856-c84b-4a82-95ad-839e7fcdaefd: checkpointed 103485 new records.
2026-10-08T22:08:21Z INFO [151/750] 754feac4-9cd6-443a-9e53-8499eef7c135: 324 datasets; 16.2 s; peak memory 305 MiB.
2026-10-08T22:08:22Z INFO [152/750] 75518530-aaed-4170-bb34-1b5bf1d9c7e9: 48 datasets; 1.4 s; peak memory 305 MiB.
2026-10-08T22:08:23Z INFO [153/750] 7551f921-815b-4fd0-9669-634113a3bb56: 82 datasets; 1.6 s; peak memory 305 MiB.
2026-10-08T22:08:40Z INFO [154/750] 75525096-e9cb-4385-86d9-a69afd581d05: 663 datasets; 16.6 s; peak memory 305 MiB.
2026-10-08T22:08:52Z INFO [155/750] 75546b79-b17f-4339-a3aa-7585c9705e70: 767 datasets; 12.3 s; peak memory 305 MiB.
2026-10-08T22:08:54Z INFO [156/750] 7554d8c0-50ce-44c6-9a67-a8f4c8230e18: 84 datasets; 1.5 s; peak memory 305 MiB.
2026-10-08T22:08:57Z INFO [157/750] 75557e7d-5cf4-4872-a599-c516994b6d33: 119 datasets; 3.1 s; peak memory 305 MiB.
2026-10-08T22:08:58Z INFO [158/750] 7555f4b6-7713-44f4-af58-ce4e3bf7dd9c: 48 datasets; 1.3 s; peak memory 305 MiB.
2026-10-08T22:09:01Z INFO [159/750] 7555f584-f5e2-4b40-8609-991f99623b6f: 102 datasets; 2.4 s; peak memory 305 MiB.
2026-10-08T22:09:06Z INFO [160/750] 755612ff-d1a7-44cc-b4ec-746bcc129009: 470 datasets; 5.2 s; peak memory 305 MiB.
2026-10-08T22:09:08Z INFO [161/750] 7556694e-2f7c-4fd0-84e9-468e62e34c7f: 69 datasets; 1.8 s; peak memory 305 MiB.
2026-10-08T22:09:09Z INFO [162/750] 7556d897-28dd-42d5-8f19-3403f947ccc6: 46 datasets; 1.2 s; peak memory 305 MiB.
2026-10-08T22:09:10Z INFO [163/750] 7556ec1f-fc0b-4771-82c2-486583b19b28: 48 datasets; 1.2 s; peak memory 305 MiB.
2026-10-08T22:09:12Z INFO [164/750] 75575843-a32c-4cb0-9472-6b95815ce892: 69 datasets; 1.8 s; peak memory 305 MiB.
2026-10-08T22:09:13Z INFO [165/750] 75580553-63a8-4ff8-85bb-6aee2be4c7a4: 71 datasets; 1.5 s; peak memory 305 MiB.
2026-10-08T22:09:16Z INFO [166/750] 75581f8d-5a4b-4de4-9231-6ff18b46a46f: 62 datasets; 2.1 s; peak memory 305 MiB.
2026-10-08T22:09:17Z INFO [167/750] 7558c01e-9916-4b29-92bb-fe3eef79cfca: 48 datasets; 1.3 s; peak memory 305 MiB.
2026-10-08T22:09:18Z INFO [168/750] 7559265d-ba9a-4602-97f0-ea2bbb68803a: 48 datasets; 1.4 s; peak memory 305 MiB.
2026-10-08T22:09:20Z INFO [169/750] 755a6973-ceae-4d4d-a0b8-3e13276f3653: 112 datasets; 2.0 s; peak memory 305 MiB.
2026-10-08T22:09:22Z INFO [170/750] 755b8daa-42dc-4ffe-b20f-bd9aade50b58: 109 datasets; 2.2 s; peak memory 305 MiB.
2026-10-08T22:09:40Z INFO [171/750] 755bc401-dfbe-471f-affd-fabd2f8b9cf8: 363 datasets; 17.8 s; peak memory 305 MiB.
2026-10-08T22:09:47Z INFO [172/750] 755c7b0b-aac8-4e0d-9ca6-6e1950b58d77: 538 datasets; 6.5 s; peak memory 305 MiB.
2026-10-08T22:09:49Z INFO [173/750] 755cb00b-9b37-49ae-931a-579c0f53b12f: 45 datasets; 2.6 s; peak memory 305 MiB.
2026-10-08T22:09:51Z INFO [174/750] 755d1828-cbe6-481f-9350-7bfe81e4a641: 48 datasets; 1.3 s; peak memory 305 MiB.
2026-10-08T22:09:52Z INFO [175/750] 755d73a5-a347-4c8a-b2ab-6379abc5f451: 48 datasets; 1.2 s; peak memory 305 MiB.
2026-10-08T22:09:53Z INFO [176/750] 755dd88d-cf3c-4626-a02e-03464a01af63: 70 datasets; 1.3 s; peak memory 305 MiB.
2026-10-08T22:09:55Z INFO [177/750] 755e7432-a600-4b7b-a965-674704eec571: 117 datasets; 1.5 s; peak memory 305 MiB.
2026-10-08T22:09:58Z INFO [178/750] 755f4f69-55c2-4e8b-b824-6231d1a37e71: 118 datasets; 3.1 s; peak memory 305 MiB.
2026-10-08T22:09:59Z INFO [179/750] 755fe5a7-fe74-4fe1-8874-6b2ed6e56d75: 52 datasets; 1.0 s; peak memory 305 MiB.
2026-10-08T22:10:00Z INFO [180/750] 7560037c-e90a-4947-a3d6-a3b45ec6f7c8: 48 datasets; 1.3 s; peak memory 305 MiB.
2026-10-08T22:10:04Z INFO [181/750] 756042a4-0dbd-4d86-853e-e661cfa1d343: 351 datasets; 4.1 s; peak memory 305 MiB.
2026-10-08T22:10:05Z INFO [182/750] 7560aa63-f530-4780-95dc-a9bcb9dc47d8: 48 datasets; 1.3 s; peak memory 305 MiB.
2026-10-08T22:10:25Z INFO [183/750] 7560bfe3-7206-4bd6-852c-4052886815f2: 795 datasets; 19.3 s; peak memory 305 MiB.
2026-10-08T22:10:27Z INFO [184/750] 756176e7-c36e-4f78-b419-40a140ca2235: 112 datasets; 2.4 s; peak memory 305 MiB.
2026-10-08T22:10:28Z INFO [185/750] 7561955a-6cbc-469c-ac52-df4cd0337729: 48 datasets; 1.2 s; peak memory 305 MiB.
2026-10-08T22:10:31Z INFO [186/750] 75619a5a-1ac7-4096-8905-35203c4f5e54: 114 datasets; 3.2 s; peak memory 305 MiB.
2026-10-08T22:10:33Z INFO [187/750] 7561f260-4b74-40e0-af80-8e4139000e32: 46 datasets; 1.2 s; peak memory 305 MiB.
2026-10-08T22:10:34Z INFO [188/750] 756216ee-39ac-4a7b-bca5-c8a40f2bfa6b: 64 datasets; 1.5 s; peak memory 305 MiB.
2026-10-08T22:10:37Z INFO [189/750] 75624119-4805-4d57-a3bc-ac142c9b4f97: 38 datasets; 2.8 s; peak memory 305 MiB.
2026-10-08T22:10:46Z INFO [190/750] 7562c7f9-5774-4b23-89e0-50b3a6e18f4e: 677 datasets; 8.8 s; peak memory 305 MiB.
2026-10-08T22:10:48Z INFO [191/750] 7562cadc-df01-4ebc-a0cb-79e20bafb1a5: 119 datasets; 2.7 s; peak memory 305 MiB.
2026-10-08T22:10:50Z INFO [192/750] 75647e79-9665-4087-8a67-7574c6b5815e: 112 datasets; 1.9 s; peak memory 305 MiB.
2026-10-08T22:10:59Z INFO [193/750] 7564db1f-86bb-4771-9708-fba93e78b45a: 507 datasets; 8.3 s; peak memory 305 MiB.
2026-10-08T22:11:00Z INFO [194/750] 7565d3fe-000f-4337-a322-526a1d2b177f: 112 datasets; 1.8 s; peak memory 305 MiB.
2026-10-08T22:11:02Z INFO [195/750] 75669bcd-a65c-4fde-a69f-2044f434e9d1: 69 datasets; 1.8 s; peak memory 305 MiB.
2026-10-08T22:11:04Z INFO [196/750] 7566b257-5960-4c10-978e-b3d9f3d64723: 112 datasets; 2.1 s; peak memory 305 MiB.
2026-10-08T22:11:18Z INFO [197/750] 7567e0c4-416a-4085-a6f2-1a2a85778774: 667 datasets; 14.1 s; peak memory 305 MiB.
2026-10-08T22:11:20Z INFO [198/750] 7567fc00-ace4-4071-8b2a-371b7cb5fb78: 66 datasets; 1.6 s; peak memory 305 MiB.
2026-10-08T22:11:21Z INFO [199/750] 75693058-77a6-42ef-869b-82a3fcdd786b: 52 datasets; 1.0 s; peak memory 305 MiB.
2026-10-08T22:11:29Z INFO [200/750] 75695f96-1ede-44e6-9d81-7998719e12ab: 266 datasets; 8.2 s; peak memory 305 MiB.
2026-10-08T22:11:29Z INFO [200/750] 75695f96-1ede-44e6-9d81-7998719e12ab: checkpointed 103535 new records.
2026-10-08T22:11:31Z INFO [201/750] 7569efcb-2b0d-4719-ba3b-f7c61ae81a89: 45 datasets; 1.1 s; peak memory 305 MiB.
2026-10-08T22:11:37Z INFO [202/750] 756a087f-694e-49eb-a78a-21cafa4d7589: 502 datasets; 6.6 s; peak memory 305 MiB.
2026-10-08T22:11:39Z INFO [203/750] 756a6adb-7b8c-466c-a653-8d33a1201dcd: 62 datasets; 1.7 s; peak memory 305 MiB.
2026-10-08T22:11:40Z INFO [204/750] 756ab622-cc38-4090-b24a-48facc2ba86d: 116 datasets; 1.6 s; peak memory 305 MiB.
2026-10-08T22:12:06Z INFO [205/750] 756b7f66-a61a-45cb-8658-60553a128782: 86 datasets; 25.5 s; peak memory 305 MiB.
2026-10-08T22:12:08Z INFO [206/750] 756bd670-383b-43fe-873f-7128f53911e7: 112 datasets; 2.0 s; peak memory 305 MiB.
2026-10-08T22:12:09Z INFO [207/750] 756c3a5a-86d9-408d-abf1-73c7ebf39f6a: 48 datasets; 1.2 s; peak memory 305 MiB.
2026-10-08T22:12:10Z INFO [208/750] 756cb480-4279-4c1a-811c-b64d737c6868: 48 datasets; 1.2 s; peak memory 305 MiB.
2026-10-08T22:12:30Z INFO [209/750] 756d15ff-7797-46b0-bd19-377fe1f56cef: 723 datasets; 19.3 s; peak memory 305 MiB.
2026-10-08T22:12:31Z INFO [210/750] 756d53b1-a40e-4360-a718-c42464a86621: 48 datasets; 1.2 s; peak memory 305 MiB.
2026-10-08T22:12:32Z INFO [211/750] 756da060-c4d6-4d99-a6a0-5fae39debfea: 48 datasets; 1.3 s; peak memory 305 MiB.
2026-10-08T22:12:34Z INFO [212/750] 756f8db6-62c9-4b4f-a43d-875991582f5b: 64 datasets; 1.8 s; peak memory 305 MiB.
2026-10-08T22:12:36Z INFO [213/750] 756ffc77-0d86-4550-9a67-fee05c197014: 112 datasets; 1.8 s; peak memory 305 MiB.
2026-10-08T22:12:37Z INFO [214/750] 75710bc5-310d-4434-a0c8-3f42d357556f: 48 datasets; 1.3 s; peak memory 305 MiB.
2026-10-08T22:12:39Z INFO [215/750] 7571583c-06e0-4ca6-a800-6d041727f685: 70 datasets; 1.9 s; peak memory 305 MiB.
2026-10-08T22:12:40Z INFO [216/750] 757260ad-3862-4c84-8150-45f287294b8a: 112 datasets; 1.6 s; peak memory 305 MiB.
2026-10-08T22:12:42Z INFO [217/750] 75727987-5c38-434c-816d-b1904c97e297: 51 datasets; 1.7 s; peak memory 305 MiB.
2026-10-08T22:12:44Z INFO [218/750] 75748cb5-238b-493f-937e-b165509d604b: 69 datasets; 2.1 s; peak memory 305 MiB.
2026-10-08T22:12:52Z INFO [219/750] 75749cd6-d2f0-4081-bb3d-ef7a5d53f2c7: 651 datasets; 7.9 s; peak memory 305 MiB.
2026-10-08T22:12:53Z INFO [220/750] 7575280b-e8bc-48db-8e21-7523696ec222: 46 datasets; 1.2 s; peak memory 305 MiB.
2026-10-08T22:13:09Z INFO [221/750] 75754e31-d994-4280-ace6-7033a54a7721: 252 datasets; 15.5 s; peak memory 305 MiB.
2026-10-08T22:13:11Z INFO [222/750] 7578d5fc-3f41-4fce-a615-a78374b87690: 76 datasets; 2.5 s; peak memory 305 MiB.
2026-10-08T22:13:12Z INFO [223/750] 7579886b-76a2-4814-989b-65e60172ae9f: 43 datasets; 1.1 s; peak memory 305 MiB.
2026-10-08T22:13:15Z INFO [224/750] 757a49f5-b5fc-4b38-b7b5-20f00ee78d2c: 66 datasets; 2.1 s; peak memory 305 MiB.
2026-10-08T22:13:18Z INFO [225/750] 757aa55f-920d-4901-9452-d158ed6e32d3: 85 datasets; 3.6 s; peak memory 305 MiB.
2026-10-08T22:13:19Z INFO [226/750] 757aad90-03ba-4763-b570-dde96f49b278: 46 datasets; 1.3 s; peak memory 305 MiB.
2026-10-08T22:13:22Z INFO [227/750] 757af657-15c4-4f7b-9b85-20b2b09eeefc: 71 datasets; 2.1 s; peak memory 305 MiB.
2026-10-08T22:13:23Z INFO [228/750] 757af8ce-3c75-42d0-b7ac-8de4d23dec47: 117 datasets; 1.5 s; peak memory 305 MiB.
2026-10-08T22:13:38Z INFO [229/750] 757b510a-99a5-4e02-b737-3a9b66b98fbf: 1389 datasets; 15.1 s; peak memory 305 MiB.
2026-10-08T22:13:40Z INFO [230/750] 757b8795-8641-4532-8f57-ca0fd76d0894: 52 datasets; 1.5 s; peak memory 305 MiB.
2026-10-08T22:13:42Z INFO [231/750] 757c23e4-087d-4649-b02e-8c43f57bb0aa: 101 datasets; 2.2 s; peak memory 305 MiB.
2026-10-08T22:13:43Z INFO [232/750] 757cc0f9-b2c6-4fbc-8a9d-0492b01f94d6: 117 datasets; 1.6 s; peak memory 305 MiB.
2026-10-08T22:13:50Z INFO [233/750] 757cc440-03fa-4a10-96e2-c3922f9a0757: 519 datasets; 6.1 s; peak memory 305 MiB.
2026-10-08T22:13:51Z INFO [234/750] 757d21bc-af68-4654-833c-781bedc676f0: 116 datasets; 1.5 s; peak memory 305 MiB.
2026-10-08T22:13:53Z INFO [235/750] 757d3a34-65b6-4021-9d3d-dc58997c3785: 112 datasets; 2.1 s; peak memory 305 MiB.
2026-10-08T22:13:55Z INFO [236/750] 757da284-4663-42c3-8f60-5e28bdbf9e99: 66 datasets; 1.8 s; peak memory 305 MiB.
2026-10-08T22:13:57Z INFO [237/750] 757e305e-9494-4e85-b90d-5b07d1b16ddb: 52 datasets; 1.5 s; peak memory 305 MiB.
2026-10-08T22:13:58Z INFO [238/750] 757e4216-ed03-4552-8bf0-e8347293567a: 48 datasets; 1.2 s; peak memory 305 MiB.
2026-10-08T22:14:00Z INFO [239/750] 757e7098-5aea-49fc-9946-1e92c4455686: 112 datasets; 2.0 s; peak memory 305 MiB.
2026-10-08T22:14:02Z INFO [240/750] 757e9221-78ad-4798-8568-c8bce537595d: 112 datasets; 1.7 s; peak memory 305 MiB.
2026-10-08T22:14:03Z INFO [241/750] 757f9eae-6c30-430a-b0ed-30b8208a949c: 116 datasets; 1.5 s; peak memory 305 MiB.
2026-10-08T22:14:05Z INFO [242/750] 757fa087-767e-48a8-9286-4f2944810786: 51 datasets; 1.8 s; peak memory 305 MiB.
2026-10-08T22:14:06Z INFO [243/750] 75801632-48f8-4522-ab84-53723747d424: 116 datasets; 1.4 s; peak memory 305 MiB.
2026-10-08T22:14:08Z INFO [244/750] 758208ae-0ceb-4ba8-93e7-5b9f4e7c4ce7: 48 datasets; 1.3 s; peak memory 305 MiB.
2026-10-08T22:14:09Z INFO [245/750] 75838229-6898-4deb-9e63-cf88f9170d73: 45 datasets; 1.0 s; peak memory 305 MiB.
2026-10-08T22:14:10Z INFO [246/750] 7585f6f0-4fc8-466c-89b6-eb82779d7e2d: 48 datasets; 1.3 s; peak memory 305 MiB.
2026-10-08T22:14:12Z INFO [247/750] 7586829e-55dd-4113-b9e3-83aa07b62e08: 117 datasets; 1.6 s; peak memory 305 MiB.
2026-10-08T22:14:13Z INFO [248/750] 7586f17e-c588-46be-8244-10e21faf3a4a: 112 datasets; 2.0 s; peak memory 305 MiB.
2026-10-08T22:14:19Z INFO [249/750] 7587577c-c208-438d-9246-8e12c720a91b: 260 datasets; 5.6 s; peak memory 305 MiB.
2026-10-08T22:14:20Z INFO [250/750] 758778ff-6b97-4830-bf7d-b0371296db5d: 41 datasets; 1.2 s; peak memory 305 MiB.
2026-10-08T22:14:20Z INFO [250/750] 758778ff-6b97-4830-bf7d-b0371296db5d: checkpointed 103585 new records.
2026-10-08T22:14:27Z INFO [251/750] 7587a39a-c747-4619-8d0b-ba2631d28e73: 174 datasets; 6.2 s; peak memory 305 MiB.
2026-10-08T22:14:28Z INFO [252/750] 7588538d-25c8-4922-a86c-a52939baf5ec: 62 datasets; 1.8 s; peak memory 305 MiB.
2026-10-08T22:14:30Z INFO [253/750] 7588843d-591a-46ac-ab95-2742f383d531: 118 datasets; 1.6 s; peak memory 305 MiB.
2026-10-08T22:14:33Z INFO [254/750] 7589f34f-f42e-4316-90b7-eb33bd830df8: 71 datasets; 2.6 s; peak memory 305 MiB.
2026-10-08T22:14:41Z INFO [255/750] 758a0417-de63-47f5-98a9-e13c547bede6: 56 datasets; 8.9 s; peak memory 305 MiB.
2026-10-08T22:14:43Z INFO [256/750] 758a70b2-88cc-4b67-b529-1bc89558b47f: 112 datasets; 1.6 s; peak memory 305 MiB.
2026-10-08T22:14:44Z INFO [257/750] 758a70fc-e7bd-47ec-9b0f-3226d9118ef8: 48 datasets; 1.3 s; peak memory 305 MiB.
2026-10-08T22:14:55Z INFO [258/750] 758ac6da-ead8-46ff-bf64-16514aee9329: 980 datasets; 10.6 s; peak memory 305 MiB.
2026-10-08T22:14:56Z INFO [259/750] 758aefac-67ba-40b2-8d24-2fdf7c4d5194: 57 datasets; 1.1 s; peak memory 305 MiB.
2026-10-08T22:14:57Z INFO [260/750] 758bbdee-faa9-4da9-9a0f-fe6b60b5ee6b: 48 datasets; 1.2 s; peak memory 305 MiB.
2026-10-08T22:14:59Z INFO [261/750] 758d3e21-97ec-4d02-80ff-a7bae0342633: 61 datasets; 1.7 s; peak memory 305 MiB.
2026-10-08T22:15:00Z INFO [262/750] 758dfd82-2925-476d-85b0-9da095ee60bc: 46 datasets; 1.3 s; peak memory 305 MiB.
2026-10-08T22:15:02Z INFO [263/750] 758e1b6e-4caf-443a-aba5-6adad819a069: 118 datasets; 1.5 s; peak memory 305 MiB.
2026-10-08T22:15:03Z INFO [264/750] 75914f0b-c06f-467b-8c0b-bef76bc454b5: 48 datasets; 1.3 s; peak memory 305 MiB.
2026-10-08T22:15:06Z INFO [265/750] 7591a791-4dcc-4e2b-81f5-42a81d36380c: 114 datasets; 3.3 s; peak memory 305 MiB.
2026-10-08T22:15:07Z INFO [266/750] 7591b845-237d-43f5-a32e-fbd55aa7439f: 48 datasets; 1.2 s; peak memory 305 MiB.
2026-10-08T22:15:09Z INFO [267/750] 7592bad2-dcb4-48ec-bb8a-76ac16469d8b: 48 datasets; 1.3 s; peak memory 305 MiB.
2026-10-08T22:15:11Z INFO [268/750] 7592e550-a86e-4baf-a405-afd6b5122676: 70 datasets; 1.9 s; peak memory 305 MiB.
2026-10-08T22:15:14Z INFO [269/750] 759353bc-687d-474b-9694-52684d46d83a: 115 datasets; 2.8 s; peak memory 305 MiB.
2026-10-08T22:15:15Z INFO [270/750] 759358b5-ba8b-4f91-abca-a7bb8ab627a3: 112 datasets; 1.7 s; peak memory 305 MiB.
2026-10-08T22:15:19Z INFO [271/750] 7593ba94-7958-44f4-a31f-6f1152da9687: 156 datasets; 3.7 s; peak memory 305 MiB.
2026-10-08T22:15:24Z INFO [272/750] 7593e69c-ee85-48b6-8121-e720f0fc2522: 38 datasets; 4.8 s; peak memory 305 MiB.
2026-10-08T22:15:25Z INFO [273/750] 7594e4df-a8c4-447a-a357-915d9155921b: 131 datasets; 1.5 s; peak memory 305 MiB.
2026-10-08T22:15:27Z INFO [274/750] 7595059a-5f7e-46da-92c2-35b373afc251: 112 datasets; 1.7 s; peak memory 305 MiB.
2026-10-08T22:15:29Z INFO [275/750] 75950f26-eca3-41e5-b63c-a16a72ff1acb: 118 datasets; 1.7 s; peak memory 305 MiB.
2026-10-08T22:15:34Z INFO [276/750] 7596436d-decb-4ce0-83d8-f0c3c00a570b: 229 datasets; 5.7 s; peak memory 305 MiB.
2026-10-08T22:15:36Z INFO [277/750] 759734cc-9023-4566-bd6d-c09d45c0065f: 59 datasets; 1.7 s; peak memory 305 MiB.
2026-10-08T22:15:37Z INFO [278/750] 75977d88-8d7b-451d-bc8e-c0e052771a44: 46 datasets; 1.0 s; peak memory 305 MiB.
2026-10-08T22:15:38Z INFO [279/750] 7598761c-3b88-4be4-afe0-bb94314653ba: 48 datasets; 1.3 s; peak memory 305 MiB.
2026-10-08T22:15:40Z INFO [280/750] 7598ad69-f025-4852-bb06-b82701566a4c: 112 datasets; 1.7 s; peak memory 305 MiB.
2026-10-08T22:16:03Z INFO [281/750] 7598d150-638b-4ac9-8d3c-5dda1792b863: 48 datasets; 22.9 s; peak memory 305 MiB.
2026-10-08T22:16:04Z INFO [282/750] 75999294-6539-4ee4-aca5-3a0a6029b835: 117 datasets; 1.5 s; peak memory 305 MiB.
2026-10-08T22:16:09Z INFO [283/750] 7599b8fc-48d3-4a6b-9a47-1c0767c9318a: 50 datasets; 4.5 s; peak memory 305 MiB.
2026-10-08T22:16:10Z INFO [284/750] 759a15c8-e69f-49cb-a955-6023260c2d8f: 48 datasets; 1.2 s; peak memory 305 MiB.
2026-10-08T22:16:12Z INFO [285/750] 759a91ad-4bc7-41e8-8f8d-cb95ee480eb7: 52 datasets; 1.5 s; peak memory 305 MiB.
2026-10-08T22:16:14Z INFO [286/750] 759be5d9-3cb2-4f5a-8357-824775e7d35a: 38 datasets; 2.5 s; peak memory 305 MiB.
2026-10-08T22:16:16Z INFO [287/750] 759ce9da-a257-4514-8fad-0e6580ff9590: 62 datasets; 1.6 s; peak memory 305 MiB.
2026-10-08T22:16:17Z INFO [288/750] 759d1159-5ec8-4aed-baea-c06f61ab4c02: 48 datasets; 1.2 s; peak memory 305 MiB.
2026-10-08T22:16:18Z INFO [289/750] 759d7178-014d-4f1d-aa27-2cbb502a5598: 41 datasets; 1.2 s; peak memory 305 MiB.
2026-10-08T22:16:20Z INFO [290/750] 759e1069-445f-4c52-ad07-2ff9ae6d7bee: 118 datasets; 1.4 s; peak memory 305 MiB.
2026-10-08T22:16:21Z INFO [291/750] 759f0c7f-177e-4393-b9b0-f8431cce2919: 46 datasets; 1.1 s; peak memory 305 MiB.
2026-10-08T22:16:23Z INFO [292/750] 759f67d8-f020-459a-a5fb-c739462bb490: 66 datasets; 1.8 s; peak memory 305 MiB.
2026-10-08T22:16:24Z INFO [293/750] 759f822e-d54b-4e4a-8836-44d04c0a347f: 39 datasets; 1.2 s; peak memory 305 MiB.
2026-10-08T22:16:25Z INFO [294/750] 759ffc57-96f3-49dd-800a-863d4f5132aa: 110 datasets; 1.6 s; peak memory 305 MiB.
2026-10-08T22:16:28Z INFO [295/750] 75a0049f-662c-4a50-b54e-334a9880d995: 53 datasets; 2.4 s; peak memory 305 MiB.
2026-10-08T22:16:29Z INFO [296/750] 75a0e8a3-5907-4e76-ab49-8b0779811d91: 68 datasets; 1.5 s; peak memory 305 MiB.
2026-10-08T22:16:31Z INFO [297/750] 75a13888-2fdf-4e6b-8c3c-751e60d3876d: 83 datasets; 1.9 s; peak memory 305 MiB.
2026-10-08T22:18:20Z INFO [298/750] 75a14b2b-05f2-4bb1-abcb-e2af85579af2: 67 datasets; 108.9 s; peak memory 305 MiB.
2026-10-08T22:18:24Z INFO [299/750] 75a16183-d0b8-4c95-bd04-b817deb150cd: 101 datasets; 3.5 s; peak memory 305 MiB.
2026-10-08T22:18:25Z INFO [300/750] 75a1ee84-13f8-49c9-aa9b-2d89099a380d: 48 datasets; 1.3 s; peak memory 305 MiB.
2026-10-08T22:18:25Z INFO [300/750] 75a1ee84-13f8-49c9-aa9b-2d89099a380d: checkpointed 103635 new records.
2026-10-08T22:18:26Z INFO [301/750] 75a211fe-4a12-48ce-9b4d-8e538811c900: 39 datasets; 1.4 s; peak memory 305 MiB.
2026-10-08T22:18:28Z INFO [302/750] 75a2ff95-b1aa-4678-90fb-d1dd488b3f96: 69 datasets; 1.7 s; peak memory 305 MiB.
2026-10-08T22:18:30Z INFO [303/750] 75a356ee-6a20-4713-8381-c9a1244572a1: 66 datasets; 1.7 s; peak memory 305 MiB.
2026-10-08T22:18:31Z INFO [304/750] 75a36f81-ccae-4356-8c2f-56ef40c37476: 47 datasets; 1.5 s; peak memory 305 MiB.
2026-10-08T22:18:32Z INFO [305/750] 75a42c69-84b2-4b52-be9a-f0f1e5c738bb: 21 datasets; 1.0 s; peak memory 305 MiB.
2026-10-08T22:18:34Z INFO [306/750] 75a5fd7d-85f0-494e-8d68-951de24ec550: 112 datasets; 2.2 s; peak memory 305 MiB.
2026-10-08T22:18:35Z INFO [307/750] 75a6629c-6128-4509-983a-2a56af25e7fc: 56 datasets; 1.1 s; peak memory 305 MiB.
2026-10-08T22:18:37Z INFO [308/750] 75a740a8-f4be-4ad5-bc84-b81bd5720adb: 112 datasets; 1.6 s; peak memory 305 MiB.
2026-10-08T22:18:44Z INFO [309/750] 75aa2ac1-77d2-4d09-887a-cfe5dd43edb8: 579 datasets; 6.9 s; peak memory 305 MiB.
2026-10-08T22:18:45Z INFO [310/750] 75aa2b66-6aa4-4b45-bde2-5666eb761214: 45 datasets; 1.1 s; peak memory 305 MiB.
2026-10-08T22:18:48Z INFO [311/750] 75aa553f-62e4-4191-af99-6c1be7eb46e6: 156 datasets; 3.4 s; peak memory 305 MiB.
2026-10-08T22:18:52Z INFO [312/750] 75aaa4d4-7861-4fa6-a088-e7271b784b60: 115 datasets; 3.1 s; peak memory 305 MiB.
2026-10-08T22:18:54Z INFO [313/750] 75ab555b-2a7c-4445-8e2b-003defa376d0: 66 datasets; 2.2 s; peak memory 305 MiB.
2026-10-08T22:18:55Z INFO [314/750] 75ab5b88-7f75-4115-b1db-3454d8101a03: 85 datasets; 1.3 s; peak memory 305 MiB.
2026-10-08T22:18:57Z INFO [315/750] 75af2b26-e0c4-4cee-9796-a3a36ae099bb: 118 datasets; 1.5 s; peak memory 305 MiB.
2026-10-08T22:18:58Z INFO [316/750] 75af4386-71d3-47b6-b4aa-5caf5813afd3: 118 datasets; 1.5 s; peak memory 305 MiB.
2026-10-08T22:18:59Z INFO [317/750] 75b06fea-1488-4215-b6ee-e30ae6db2cca: 46 datasets; 1.3 s; peak memory 305 MiB.
2026-10-08T22:19:01Z INFO [318/750] 75b13674-f13e-4b0b-b7e5-33cf0ffcc5ab: 112 datasets; 1.6 s; peak memory 305 MiB.
2026-10-08T22:19:02Z INFO [319/750] 75b175df-8868-49a0-b672-c847778150ae: 117 datasets; 1.5 s; peak memory 305 MiB.
2026-10-08T22:19:04Z INFO [320/750] 75b1ebbd-1d29-4ae6-81e2-450725fdb956: 39 datasets; 1.1 s; peak memory 305 MiB.
2026-10-08T22:19:05Z INFO [321/750] 75b23f91-4f94-47d4-bbfb-6562b0688951: 48 datasets; 1.3 s; peak memory 305 MiB.
2026-10-08T22:19:06Z INFO [322/750] 75b373cb-0b49-445a-84fd-6f570c26891b: 48 datasets; 1.3 s; peak memory 305 MiB.
2026-10-08T22:19:20Z INFO [323/750] 75b451fb-a3c9-4025-80d2-9fbf6ee14bb0: 98 datasets; 14.1 s; peak memory 305 MiB.
2026-10-08T22:19:25Z INFO [324/750] 75b52ace-cea5-4f8f-97b5-3b7f32f94523: 125 datasets; 4.9 s; peak memory 305 MiB.
2026-10-08T22:19:29Z INFO [325/750] 75b5d8d7-54a2-4c73-9e90-a9f70f878bd4: 156 datasets; 3.5 s; peak memory 305 MiB.
2026-10-08T22:19:30Z INFO [326/750] 75b74928-5867-4edb-8f13-21fb007078e7: 54 datasets; 1.0 s; peak memory 305 MiB.
2026-10-08T22:19:31Z INFO [327/750] 75b82ec1-69d8-4d66-b099-358e9685d491: 117 datasets; 1.7 s; peak memory 305 MiB.
2026-10-08T22:19:32Z INFO [328/750] 75b85c73-fba9-4993-82c5-aeeae3eddf0e: 48 datasets; 1.3 s; peak memory 305 MiB.
2026-10-08T22:19:34Z INFO [329/750] 75b8a918-f6ff-425d-9629-b87d0bc24444: 48 datasets; 1.1 s; peak memory 305 MiB.
2026-10-08T22:19:35Z INFO [330/750] 75b95207-48d2-4408-9222-83cd6a5436ae: 79 datasets; 1.6 s; peak memory 305 MiB.
2026-10-08T22:19:51Z INFO [331/750] 75b9b0ea-e8fd-4903-8c62-4a1bc509ce87: 1184 datasets; 15.8 s; peak memory 305 MiB.
2026-10-08T22:19:52Z INFO [332/750] 75bab9fe-66f0-4d65-94b5-c5896724c407: 48 datasets; 1.3 s; peak memory 305 MiB.
2026-10-08T22:20:10Z INFO [333/750] 75bb80f8-a37b-4658-a6c6-35946c86b6e9: 523 datasets; 18.1 s; peak memory 305 MiB.
2026-10-08T22:20:11Z INFO [334/750] 75bb94e3-09ed-4d1a-928a-faa349d580f0: 54 datasets; 1.1 s; peak memory 305 MiB.
2026-10-08T22:20:13Z INFO [335/750] 75bc2d9e-eea2-4e3f-9a7a-baf452940131: 112 datasets; 2.0 s; peak memory 305 MiB.
2026-10-08T22:20:15Z INFO [336/750] 75bd3b5e-3fba-4848-98b7-796699a84b88: 119 datasets; 1.1 s; peak memory 305 MiB.
2026-10-08T22:20:21Z INFO [337/750] 75bd88ec-f71e-4a06-970f-de8b3e521458: 556 datasets; 6.5 s; peak memory 305 MiB.
2026-10-08T22:20:22Z INFO [338/750] 75be6d34-427f-416e-8a37-1414c3a147e2: 48 datasets; 1.3 s; peak memory 305 MiB.
2026-10-08T22:20:24Z INFO [339/750] 75becf39-3844-4742-9de3-53226f08d407: 48 datasets; 1.3 s; peak memory 305 MiB.
2026-10-08T22:20:35Z INFO [340/750] 75bf4f4b-6e25-44d6-8ee8-e1fc85bacf3d: 688 datasets; 11.8 s; peak memory 305 MiB.
2026-10-08T22:20:37Z INFO [341/750] 75c23069-9fcd-4503-9b46-c135e5466793: 48 datasets; 1.3 s; peak memory 305 MiB.
2026-10-08T22:20:44Z INFO [342/750] 75c24af8-5dfe-4f6c-9cb3-4eea9f68cece: 208 datasets; 7.4 s; peak memory 305 MiB.
2026-10-08T22:22:49Z INFO [343/750] 75c33e23-04d1-4bea-b1b7-efa8d3686ff9: 5606 datasets; 124.8 s; peak memory 436 MiB.
2026-10-08T22:22:55Z INFO [344/750] 75c37b54-5225-4c18-a1da-44b4ad4f0f35: 400 datasets; 5.7 s; peak memory 436 MiB.
2026-10-08T22:23:04Z INFO [345/750] 75c3b8d3-8599-4b8e-9142-1d83dff9c0ad: 9079 datasets; 9.1 s; peak memory 438 MiB.
2026-10-08T22:23:08Z INFO [346/750] 75c3e38d-c502-46ab-9e15-dcc416809e14: 156 datasets; 3.8 s; peak memory 438 MiB.
2026-10-08T22:23:09Z INFO [347/750] 75c4386d-37d2-4085-8789-7b10dd9667e9: 48 datasets; 1.4 s; peak memory 438 MiB.
2026-10-08T22:23:12Z INFO [348/750] 75c47523-9eef-429b-a1ab-0c850ec23641: 153 datasets; 3.5 s; peak memory 438 MiB.
2026-10-08T22:23:14Z INFO [349/750] 75c4ba3e-ff79-4919-b790-334c355f0215: 112 datasets; 1.7 s; peak memory 438 MiB.
2026-10-08T22:23:15Z INFO [350/750] 75c4f80f-8516-4d12-92c4-0ae115710c0f: 110 datasets; 1.3 s; peak memory 438 MiB.
2026-10-08T22:23:16Z INFO [350/750] 75c4f80f-8516-4d12-92c4-0ae115710c0f: checkpointed 103685 new records.
2026-10-08T22:23:17Z INFO [351/750] 75c50b0c-5513-4a62-8821-03857f5e70a8: 112 datasets; 1.8 s; peak memory 438 MiB.
2026-10-08T22:23:20Z INFO [352/750] 75c5176b-6f01-4133-9eba-f0d511612da0: 38 datasets; 2.9 s; peak memory 438 MiB.
2026-10-08T22:23:27Z INFO [353/750] 75c53b12-7e0d-4af4-b8bb-76e83864e1bd: 447 datasets; 6.6 s; peak memory 438 MiB.
2026-10-08T22:23:28Z INFO [354/750] 75c58aaf-3497-42c3-9dec-a0a051ba0ee7: 112 datasets; 1.5 s; peak memory 438 MiB.
2026-10-08T22:23:30Z INFO [355/750] 75c59c89-d886-4820-8642-6400ebfa2322: 112 datasets; 1.8 s; peak memory 438 MiB.
2026-10-08T22:23:32Z INFO [356/750] 75c5b0c0-2298-4d67-b2b8-0bd679df6730: 112 datasets; 1.7 s; peak memory 438 MiB.
2026-10-08T22:23:45Z INFO [357/750] 75c6fe43-7e21-4b31-9f71-9b716452d125: 731 datasets; 12.8 s; peak memory 438 MiB.
2026-10-08T22:23:46Z INFO [358/750] 75c73c9e-48ba-4333-a925-1b1d253d4dfc: 56 datasets; 1.0 s; peak memory 438 MiB.
2026-10-08T22:23:47Z INFO [359/750] 75c78812-8baf-415b-86c0-4e4d4551402e: 48 datasets; 1.2 s; peak memory 438 MiB.
2026-10-08T22:23:48Z INFO [360/750] 75c7939b-9180-4ead-b422-e4f2cf77dfcf: 48 datasets; 1.2 s; peak memory 438 MiB.
2026-10-08T22:23:49Z INFO [361/750] 75c87ec5-65c6-4897-a6ea-6ec02df35424: 52 datasets; 1.3 s; peak memory 438 MiB.
2026-10-08T22:26:23Z INFO [362/750] 75c8875c-f265-4f25-930e-a561706792d7: 394 datasets; 153.6 s; peak memory 440 MiB.
2026-10-08T22:26:25Z INFO [363/750] 75c92793-f664-4318-b44d-106dfac7c624: 112 datasets; 1.9 s; peak memory 440 MiB.
2026-10-08T22:26:27Z INFO [364/750] 75c94253-3385-4b89-97dd-d8c5610a98f6: 89 datasets; 1.6 s; peak memory 440 MiB.
2026-10-08T22:26:28Z INFO [365/750] 75c9a2ab-2df2-41c3-98cf-0e3c00e3292b: 48 datasets; 1.1 s; peak memory 440 MiB.
2026-10-08T22:26:32Z INFO [366/750] 75c9bf0e-cf24-4052-a9dc-d114336c2a6d: 48 datasets; 3.9 s; peak memory 440 MiB.
2026-10-08T22:26:33Z INFO [367/750] 75cb6ca8-4d74-4e78-8468-14f80318190f: 112 datasets; 1.8 s; peak memory 440 MiB.
2026-10-08T22:26:35Z INFO [368/750] 75cc05f9-e3d4-404b-9698-a473c063eebf: 289 datasets; 1.9 s; peak memory 440 MiB.
2026-10-08T22:26:37Z INFO [369/750] 75cd463c-02e0-4c96-9fc8-a2676692a3f9: 112 datasets; 1.8 s; peak memory 440 MiB.
2026-10-08T22:26:39Z INFO [370/750] 75cdaadc-0c7d-477b-83c1-ee7a8b6a8175: 110 datasets; 1.7 s; peak memory 440 MiB.
2026-10-08T22:26:40Z INFO [371/750] 75ce2b97-40ff-4feb-ba43-c4cf8d0b16c2: 59 datasets; 1.6 s; peak memory 440 MiB.
2026-10-08T22:26:42Z INFO [372/750] 75cebe4c-07b2-4944-87a3-f331eb7cd518: 57 datasets; 2.1 s; peak memory 440 MiB.
2026-10-08T22:26:44Z INFO [373/750] 75cedee1-de65-4ff1-9bfd-005bcd0a415f: 38 datasets; 1.1 s; peak memory 440 MiB.
2026-10-08T22:26:45Z INFO [374/750] 75cf5b47-fa97-40d7-83fe-50b16d9c702f: 48 datasets; 1.4 s; peak memory 440 MiB.
2026-10-08T22:27:05Z INFO [375/750] 75cf9c6f-89ba-43be-8b37-a579dabeb94c: 522 datasets; 20.0 s; peak memory 440 MiB.
2026-10-08T22:27:06Z INFO [376/750] 75d1032d-bdc1-4d70-8cf0-a33e3b671df8: 48 datasets; 1.2 s; peak memory 440 MiB.
2026-10-08T22:27:07Z INFO [377/750] 75d10de5-ff75-4cb5-a7f6-caa881d27bab: 48 datasets; 1.3 s; peak memory 440 MiB.
2026-10-08T22:27:09Z INFO [378/750] 75d1a3b5-508c-47e8-803d-8f76c20f5121: 52 datasets; 1.4 s; peak memory 440 MiB.
2026-10-08T22:27:10Z INFO [379/750] 75d1ca75-e8bf-4a9f-9604-f609070fa513: 48 datasets; 1.2 s; peak memory 440 MiB.
2026-10-08T22:27:11Z INFO [380/750] 75d1cdba-6465-4d27-9404-896d15c038fc: 48 datasets; 1.2 s; peak memory 440 MiB.
2026-10-08T22:27:13Z INFO [381/750] 75d1d712-239e-4612-9b4d-b443f6ba78dc: 117 datasets; 1.5 s; peak memory 440 MiB.
2026-10-08T22:27:28Z INFO [382/750] 75d20786-ed51-45e4-99ad-273fb9ed6407: 1302 datasets; 15.7 s; peak memory 440 MiB.
2026-10-08T22:27:30Z INFO [383/750] 75d236f7-6e66-481c-a6b6-31a8e38d6b9a: 112 datasets; 1.6 s; peak memory 440 MiB.
2026-10-08T22:27:31Z INFO [384/750] 75d2cf4a-3d3b-4ada-b339-fd6bcfad6970: 110 datasets; 1.4 s; peak memory 440 MiB.
2026-10-08T22:27:32Z INFO [385/750] 75d304c3-a288-47e9-978e-6354e2047dfa: 35 datasets; 1.0 s; peak memory 440 MiB.
2026-10-08T22:27:34Z INFO [386/750] 75d416c8-b6af-49f0-bb49-d718f12365e1: 112 datasets; 1.6 s; peak memory 440 MiB.
2026-10-08T22:27:39Z INFO [387/750] 75d56032-5bd0-448f-afe6-3c521a5c0d44: 38 datasets; 4.7 s; peak memory 440 MiB.
2026-10-08T22:27:41Z INFO [388/750] 75d56a5f-293b-49ea-9934-532f14b956a4: 71 datasets; 2.0 s; peak memory 440 MiB.
2026-10-08T22:27:42Z INFO [389/750] 75d58c06-4939-48f9-8a0b-552cd7cca42f: 64 datasets; 1.3 s; peak memory 440 MiB.
2026-10-08T22:27:51Z INFO [390/750] 75d613ce-5e8b-48b4-834b-a24cc9f95bbf: 671 datasets; 9.2 s; peak memory 440 MiB.
2026-10-08T22:27:52Z INFO [391/750] 75d61eab-5d17-4908-a064-5bc275524ca3: 46 datasets; 1.0 s; peak memory 440 MiB.
2026-10-08T22:27:59Z INFO [392/750] 75d639e3-2d98-4c52-8255-239f01d41029: 341 datasets; 6.9 s; peak memory 440 MiB.
2026-10-08T22:28:09Z INFO [393/750] 75d6fd07-c284-4fd1-936b-81067ffd323a: 339 datasets; 10.0 s; peak memory 440 MiB.
2026-10-08T22:28:11Z INFO [394/750] 75d77130-1274-4b0c-a2d9-ff0424ed9525: 69 datasets; 1.7 s; peak memory 440 MiB.
2026-10-08T22:28:13Z INFO [395/750] 75d905d9-f9fc-4014-bbd1-5d3d6392f78e: 112 datasets; 2.0 s; peak memory 440 MiB.
2026-10-08T22:28:14Z INFO [396/750] 75d961cd-de5e-458d-a480-aa371a9b0479: 117 datasets; 1.5 s; peak memory 440 MiB.
2026-10-08T22:28:16Z INFO [397/750] 75da25db-8c5a-4947-8402-86a48a387f74: 247 datasets; 1.9 s; peak memory 440 MiB.
2026-10-08T22:28:17Z INFO [398/750] 75da30d3-7ea6-4d5a-87d3-9667341209f6: 46 datasets; 1.0 s; peak memory 440 MiB.
2026-10-08T22:28:18Z INFO [399/750] 75da522d-71b9-432a-bae5-631b11b6828c: 46 datasets; 1.0 s; peak memory 440 MiB.
2026-10-08T22:28:19Z INFO [400/750] 75dbfd65-b16b-476a-970b-e684f7174de0: 48 datasets; 1.3 s; peak memory 440 MiB.
2026-10-08T22:28:20Z INFO [400/750] 75dbfd65-b16b-476a-970b-e684f7174de0: checkpointed 103735 new records.
2026-10-08T22:28:21Z INFO [401/750] 75dcf7e4-fff1-4891-91d6-1fc34347bf28: 52 datasets; 1.4 s; peak memory 440 MiB.
2026-10-08T22:28:22Z INFO [402/750] 75dd5555-1a01-46a6-a372-e39730b76941: 56 datasets; 1.1 s; peak memory 440 MiB.
2026-10-08T22:28:26Z INFO [403/750] 75de177d-22d2-4555-a2df-4642cce74123: 156 datasets; 3.9 s; peak memory 440 MiB.
2026-10-08T22:28:27Z INFO [404/750] 75de7361-6f3e-4fc4-9a7c-55839ba0079b: 46 datasets; 1.3 s; peak memory 440 MiB.
2026-10-08T22:28:29Z INFO [405/750] 75ded414-8d8b-4aa0-85a6-ca84cb9c1503: 48 datasets; 1.4 s; peak memory 440 MiB.
2026-10-08T22:28:42Z INFO [406/750] 75df11ed-c1a0-4090-87bd-698107116449: 886 datasets; 13.1 s; peak memory 440 MiB.
2026-10-08T22:28:44Z INFO [407/750] 75e0262d-641e-4c86-9fdb-6603a946b917: 101 datasets; 2.0 s; peak memory 440 MiB.
2026-10-08T22:28:45Z INFO [408/750] 75e06336-85b3-4159-ad16-896c8814eee1: 68 datasets; 1.6 s; peak memory 440 MiB.
2026-10-08T22:28:48Z INFO [409/750] 75e09048-720a-44d3-bd39-e40296041a18: 123 datasets; 3.0 s; peak memory 440 MiB.
2026-10-08T22:28:49Z INFO [410/750] 75e0d66f-46da-459e-82c8-f3dc3789eba5: 56 datasets; 1.0 s; peak memory 440 MiB.
2026-10-08T22:28:51Z INFO [411/750] 75e333df-d2dc-4d44-8cb4-be7741a417e7: 76 datasets; 1.9 s; peak memory 440 MiB.
2026-10-08T22:28:52Z INFO [412/750] 75e3f5dc-084d-42cb-ae9f-138b94621ba4: 49 datasets; 1.2 s; peak memory 440 MiB.
2026-10-08T22:28:54Z INFO [413/750] 75e466c8-bffc-40ea-a96e-71ae2727791c: 46 datasets; 1.3 s; peak memory 440 MiB.
2026-10-08T22:28:55Z INFO [414/750] 75e49440-4f13-41b3-87fe-c8c9b52cdd98: 50 datasets; 1.1 s; peak memory 440 MiB.
2026-10-08T22:29:04Z INFO [415/750] 75e4a39c-214c-4318-8f50-2a9df4de87a8: 827 datasets; 9.6 s; peak memory 440 MiB.
2026-10-08T22:29:05Z INFO [416/750] 75e5cd8c-96bf-4d8f-925a-d003179e6a1f: 46 datasets; 1.0 s; peak memory 440 MiB.
2026-10-08T22:29:12Z INFO [417/750] 75e6bde2-df54-4395-8d11-9d8984a7aa0d: 538 datasets; 6.7 s; peak memory 440 MiB.
2026-10-08T22:29:20Z INFO [418/750] 75e6e9d7-bb46-4a7c-b0c5-8a0b0f71566a: 266 datasets; 8.0 s; peak memory 440 MiB.
2026-10-08T22:29:21Z INFO [419/750] 75e70b6d-b3b9-4635-8e61-6f6d5a16c237: 121 datasets; 1.1 s; peak memory 440 MiB.
2026-10-08T22:29:23Z INFO [420/750] 75e7bca7-b5a9-47d0-9039-569462f2894e: 48 datasets; 1.3 s; peak memory 440 MiB.
2026-10-08T22:29:24Z INFO [421/750] 75e7fe84-f126-471d-939f-5dba0e580dce: 275 datasets; 1.8 s; peak memory 440 MiB.
2026-10-08T22:29:26Z INFO [422/750] 75e899b8-d5ec-493f-9436-c8a960066c71: 48 datasets; 1.1 s; peak memory 440 MiB.
2026-10-08T22:31:00Z INFO [423/750] 75e8aa43-3173-48c0-a57b-89fc2dcbb4d6: 58 datasets; 94.9 s; peak memory 440 MiB.
2026-10-08T22:31:02Z INFO [424/750] 75e8aba7-f2f9-472a-bbd3-efcbe4580186: 117 datasets; 1.8 s; peak memory 440 MiB.
2026-10-08T22:31:05Z INFO [425/750] 75e93a30-06d1-4377-ac24-e439b70138bf: 123 datasets; 2.3 s; peak memory 440 MiB.
2026-10-08T22:31:06Z INFO [426/750] 75e9c6ae-5ade-4881-9c5a-3fa955f4fce3: 48 datasets; 1.5 s; peak memory 440 MiB.
2026-10-08T22:31:07Z INFO [427/750] 75ea224a-9b35-4950-af0d-ee762895b8d6: 50 datasets; 1.2 s; peak memory 440 MiB.
2026-10-08T22:31:09Z INFO [428/750] 75ea2c12-7784-4f46-9615-56fbb9bbc756: 48 datasets; 1.4 s; peak memory 440 MiB.
2026-10-08T22:31:10Z INFO [429/750] 75ea85ab-5cfc-43de-bb0e-e73ed858f00e: 67 datasets; 1.7 s; peak memory 440 MiB.
2026-10-08T22:31:11Z INFO [430/750] 75eb0859-a169-4c4b-ba3f-07df65392153: 46 datasets; 1.2 s; peak memory 440 MiB.
2026-10-08T22:31:13Z INFO [431/750] 75eb19f1-0fd3-4c3b-b9ae-bedb684c7f7c: 112 datasets; 1.8 s; peak memory 440 MiB.
2026-10-08T22:31:15Z INFO [432/750] 75ec3199-a438-4712-ad86-5ae9e9f117ca: 48 datasets; 1.5 s; peak memory 440 MiB.
2026-10-08T22:31:30Z INFO [433/750] 75ece51f-b09b-4a32-afd5-6025483dcf32: 446 datasets; 15.1 s; peak memory 440 MiB.
2026-10-08T22:31:31Z INFO [434/750] 75ed295f-a7ee-468e-96c5-f246792fdbe3: 48 datasets; 1.1 s; peak memory 440 MiB.
2026-10-08T22:31:32Z INFO [435/750] 75ee2a64-39d3-4574-8507-1cc79ae20641: 46 datasets; 1.1 s; peak memory 440 MiB.
2026-10-08T22:31:42Z INFO [436/750] 75ef7646-bbc1-4662-9cae-de22f2b86bc8: 559 datasets; 9.6 s; peak memory 440 MiB.
2026-10-08T22:31:44Z INFO [437/750] 75ef9e83-6c29-4c86-8e92-8ec0a5a01293: 38 datasets; 2.7 s; peak memory 440 MiB.
2026-10-08T22:31:46Z INFO [438/750] 75efc83d-bee4-4400-92d4-e1cbc729f312: 84 datasets; 1.3 s; peak memory 440 MiB.
2026-10-08T22:31:47Z INFO [439/750] 75f08d8f-39ac-4946-afaf-5a17037318e4: 46 datasets; 1.0 s; peak memory 440 MiB.
2026-10-08T22:31:55Z INFO [440/750] 75f36ccd-f7ef-4a47-b6d7-5e431fcbdd54: 584 datasets; 8.2 s; peak memory 440 MiB.
2026-10-08T22:31:56Z INFO [441/750] 75f37a72-fb2c-4de0-a554-4a7e8463e8a6: 90 datasets; 1.3 s; peak memory 440 MiB.
2026-10-08T22:31:58Z INFO [442/750] 75f4165a-3e64-4e0f-bc6b-361443612990: 117 datasets; 1.6 s; peak memory 440 MiB.
2026-10-08T22:32:00Z INFO [443/750] 75f4ea2d-9ba6-4274-908b-a759be4fe48c: 66 datasets; 1.7 s; peak memory 440 MiB.
2026-10-08T22:32:02Z INFO [444/750] 75f527b2-727e-4150-b2f0-851bf86cc04a: 102 datasets; 2.1 s; peak memory 440 MiB.
2026-10-08T22:32:07Z INFO [445/750] 75f587b1-a2e2-42b2-9d97-1f8c9eae5308: 273 datasets; 4.9 s; peak memory 440 MiB.
2026-10-08T22:32:08Z INFO [446/750] 75f63869-1186-49cd-aa48-fcd96fc2e2cb: 118 datasets; 1.8 s; peak memory 440 MiB.
2026-10-08T22:32:11Z INFO [447/750] 75f68fee-0a97-4bd1-8a6c-b3074699ba9d: 74 datasets; 2.1 s; peak memory 440 MiB.
2026-10-08T22:32:29Z INFO [448/750] 75f73075-3b63-43f1-98af-fa1c450fbc59: 47 datasets; 18.6 s; peak memory 440 MiB.
2026-10-08T22:32:37Z INFO [449/750] 75f78a2f-778a-470b-98d7-bb20ac122ba7: 193 datasets; 7.7 s; peak memory 440 MiB.
2026-10-08T22:32:38Z INFO [450/750] 75f7cd82-85eb-460c-80e5-ecd2cd25f60b: 117 datasets; 1.5 s; peak memory 440 MiB.
2026-10-08T22:32:38Z INFO [450/750] 75f7cd82-85eb-460c-80e5-ecd2cd25f60b: checkpointed 103785 new records.
2026-10-08T22:32:40Z INFO [451/750] 75f7e967-1651-4e63-a86c-f52f570d4200: 56 datasets; 1.1 s; peak memory 440 MiB.
2026-10-08T22:32:41Z INFO [452/750] 75f7fca1-e27d-40ae-b88e-02bf70080e78: 76 datasets; 1.5 s; peak memory 440 MiB.
2026-10-08T22:32:49Z INFO [453/750] 75f808c4-601c-41ea-81e6-fd8f5a8f0c1c: 706 datasets; 7.9 s; peak memory 440 MiB.
2026-10-08T22:32:50Z INFO [454/750] 75fa080f-8e4b-47ab-a466-50d0af96af73: 57 datasets; 1.1 s; peak memory 440 MiB.
2026-10-08T22:33:02Z INFO [455/750] 75fa6635-22d9-4319-9e90-99608564a3c5: 782 datasets; 12.0 s; peak memory 440 MiB.
2026-10-08T22:33:05Z INFO [456/750] 75fbbf4c-ee82-47e9-ba81-f8107b65e168: 115 datasets; 3.0 s; peak memory 440 MiB.
2026-10-08T22:33:06Z INFO [457/750] 75fbcba4-b961-48c0-9f60-abd9329f2345: 48 datasets; 1.2 s; peak memory 440 MiB.
2026-10-08T22:33:08Z INFO [458/750] 75fc9b78-0def-4d2f-beee-f3a5bfb9d953: 66 datasets; 2.2 s; peak memory 440 MiB.
2026-10-08T22:33:10Z INFO [459/750] 75fcf3a3-5cb1-42d8-a6d4-53de7d743757: 112 datasets; 1.8 s; peak memory 440 MiB.
2026-10-08T22:33:11Z INFO [460/750] 75fd650f-852a-44ff-9c38-57ed950c2221: 48 datasets; 1.2 s; peak memory 440 MiB.
2026-10-08T22:33:13Z INFO [461/750] 75fe63c2-fe61-4483-9119-33028ba12c34: 48 datasets; 1.3 s; peak memory 440 MiB.
2026-10-08T22:33:14Z INFO [462/750] 75feab94-8433-4187-81dc-b6a759a125e8: 48 datasets; 1.3 s; peak memory 440 MiB.
2026-10-08T22:33:17Z INFO [463/750] 75fecad2-6f92-49bf-83bf-b761c941044d: 114 datasets; 3.0 s; peak memory 440 MiB.
2026-10-08T22:36:03Z INFO [464/750] 75ff18a0-25bf-4a71-93c8-e5a8149bedf3: 260 datasets; 165.9 s; peak memory 440 MiB.
2026-10-08T22:36:04Z INFO [465/750] 75ff1b26-0573-47b0-914a-7eb71c59df94: 48 datasets; 1.3 s; peak memory 440 MiB.
2026-10-08T22:36:29Z INFO [466/750] 75ff880e-814a-4760-beb1-d0d487137935: 46 datasets; 24.8 s; peak memory 440 MiB.
2026-10-08T22:36:30Z INFO [467/750] 76014185-7d0f-4cd9-8a51-8118ae540c45: 46 datasets; 1.1 s; peak memory 440 MiB.
2026-10-08T22:36:32Z INFO [468/750] 7601735f-5b0c-4d2e-938f-53f131953fbf: 109 datasets; 1.6 s; peak memory 440 MiB.
2026-10-08T22:36:33Z INFO [469/750] 76017383-af77-49c4-bf23-436167c81398: 117 datasets; 1.4 s; peak memory 440 MiB.
2026-10-08T22:36:34Z INFO [470/750] 76018d65-db50-4bbc-8e76-e6ebf79d10b0: 117 datasets; 1.3 s; peak memory 440 MiB.
2026-10-08T22:36:36Z INFO [471/750] 76027cde-7cba-4090-85e9-156f43d1ae34: 48 datasets; 1.3 s; peak memory 440 MiB.
2026-10-08T22:36:37Z INFO [472/750] 76027d0b-5668-4f93-9dd1-9c00ef2ae853: 62 datasets; 1.5 s; peak memory 440 MiB.
2026-10-08T22:36:39Z INFO [473/750] 7602889c-3c1b-467c-b694-40e85ed4eb0b: 110 datasets; 2.2 s; peak memory 440 MiB.
2026-10-08T22:36:41Z INFO [474/750] 76035a92-5407-449b-ace6-7b70dd053f37: 48 datasets; 1.3 s; peak memory 440 MiB.
2026-10-08T22:36:43Z INFO [475/750] 7604df33-40c1-44a1-bb35-cf225b30eaec: 112 datasets; 1.9 s; peak memory 440 MiB.
2026-10-08T22:36:44Z INFO [476/750] 76076372-e694-4873-89ad-f1984092dbae: 48 datasets; 1.4 s; peak memory 440 MiB.
2026-10-08T22:36:45Z INFO [477/750] 7608bead-815a-4c77-957b-fefb0cbb0b64: 119 datasets; 1.3 s; peak memory 440 MiB.
2026-10-08T22:36:47Z INFO [478/750] 7608ef28-1798-48a0-8573-bd2734f9fe8a: 117 datasets; 1.8 s; peak memory 440 MiB.
2026-10-08T22:36:49Z INFO [479/750] 7609b874-48da-40ac-b594-7acc65f5d6e8: 66 datasets; 2.0 s; peak memory 440 MiB.
2026-10-08T22:36:50Z INFO [480/750] 760a8e0d-6717-48f6-9503-76e1c330ae60: 48 datasets; 1.4 s; peak memory 440 MiB.
2026-10-08T22:37:13Z INFO [481/750] 760aab91-db1c-495d-bb01-377a5b7758b2: 48 datasets; 22.3 s; peak memory 440 MiB.
2026-10-08T22:37:14Z INFO [482/750] 760b2670-a9fe-40a5-bf22-5934e5c8baba: 46 datasets; 1.1 s; peak memory 440 MiB.
2026-10-08T22:37:15Z INFO [483/750] 760b7c12-2960-4468-aaa5-bc383b8cbb47: 116 datasets; 1.6 s; peak memory 440 MiB.
2026-10-08T22:37:16Z INFO [484/750] 760c4dc5-d5a5-405f-8f92-df79eed7648a: 46 datasets; 0.9 s; peak memory 440 MiB.
2026-10-08T22:37:33Z INFO [485/750] 760c71d0-2f89-451b-af08-3ee91ca75529: 49 datasets; 17.1 s; peak memory 440 MiB.
2026-10-08T22:37:35Z INFO [486/750] 760d0e3d-a015-4c0a-970c-02356c180d03: 42 datasets; 1.4 s; peak memory 440 MiB.
2026-10-08T22:37:42Z INFO [487/750] 760d1049-bc54-49a3-b9e6-c73543aa256f: 563 datasets; 7.5 s; peak memory 440 MiB.
2026-10-08T22:37:44Z INFO [488/750] 760f807f-d865-4b65-bc02-a55b47435ddf: 48 datasets; 1.2 s; peak memory 440 MiB.
2026-10-08T22:37:55Z INFO [489/750] 760fe107-3a9f-428a-bbdc-fa4ef7721d83: 537 datasets; 11.1 s; peak memory 440 MiB.
2026-10-08T22:37:56Z INFO [490/750] 760ff8a6-a7b4-42ec-a7c0-74d49fa35f61: 118 datasets; 1.6 s; peak memory 440 MiB.
2026-10-08T22:37:58Z INFO [491/750] 7611ed3f-296a-480a-a750-7dc2e985bc6c: 118 datasets; 1.6 s; peak memory 440 MiB.
2026-10-08T22:37:59Z INFO [492/750] 761219b6-5e4c-44e3-af6d-e08e6ccfbdc1: 118 datasets; 1.6 s; peak memory 440 MiB.
2026-10-08T22:38:01Z INFO [493/750] 76127dcd-0fda-4967-808e-25c578afc8ce: 63 datasets; 1.2 s; peak memory 440 MiB.
2026-10-08T22:38:03Z INFO [494/750] 761298c8-2987-48bc-89b8-fa2dc9c7c8c5: 112 datasets; 2.1 s; peak memory 440 MiB.
2026-10-08T22:38:04Z INFO [495/750] 7612aa04-4ae7-48dc-9cd0-8d6d5932e259: 110 datasets; 1.8 s; peak memory 440 MiB.
2026-10-08T22:38:06Z INFO [496/750] 761329c5-8b23-45b3-a0aa-5931fa76c0a7: 118 datasets; 1.5 s; peak memory 440 MiB.
2026-10-08T22:38:08Z INFO [497/750] 7613d013-83ac-4742-a397-9faa65de39a9: 112 datasets; 1.9 s; peak memory 440 MiB.
2026-10-08T22:38:09Z INFO [498/750] 7614df17-92a6-457e-a0ef-2d107ab6ef1c: 41 datasets; 1.2 s; peak memory 440 MiB.
2026-10-08T22:38:16Z INFO [499/750] 76150fd0-407f-4529-8422-4692272bcb44: 196 datasets; 7.5 s; peak memory 440 MiB.
2026-10-08T22:38:21Z INFO [500/750] 76168a6f-4d50-4d43-9cfa-be085d0afb35: 49 datasets; 4.7 s; peak memory 440 MiB.
2026-10-08T22:38:21Z INFO [500/750] 76168a6f-4d50-4d43-9cfa-be085d0afb35: checkpointed 103835 new records.
2026-10-08T22:38:23Z INFO [501/750] 7617d3b5-ba23-482e-9053-fffb532511cf: 48 datasets; 1.3 s; peak memory 440 MiB.
2026-10-08T22:38:24Z INFO [502/750] 7618157d-0481-4cf2-97d0-793bc4e01343: 116 datasets; 1.5 s; peak memory 440 MiB.
2026-10-08T22:38:26Z INFO [503/750] 7618ddf2-3965-4c89-bed8-7a1b3789b636: 118 datasets; 1.5 s; peak memory 440 MiB.
2026-10-08T22:38:27Z INFO [504/750] 7618e4ae-33d1-4ad5-bc1e-d838b1dbda0c: 117 datasets; 1.6 s; peak memory 440 MiB.
2026-10-08T22:38:38Z INFO [505/750] 76195f1d-1f83-4e2d-a7ae-cb379e27cc10: 49 datasets; 11.1 s; peak memory 440 MiB.
2026-10-08T22:38:47Z INFO [506/750] 7619985a-3557-45f7-893b-d1770a1ebb05: 652 datasets; 8.8 s; peak memory 440 MiB.
2026-10-08T22:38:50Z INFO [507/750] 761a1905-98bf-41a3-bb4e-a3c3493b1a1c: 98 datasets; 2.8 s; peak memory 440 MiB.
2026-10-08T22:38:51Z INFO [508/750] 761aaaa4-ce33-4703-96b6-4f7f53840510: 41 datasets; 1.1 s; peak memory 440 MiB.
2026-10-08T22:38:59Z INFO [509/750] 761b39f7-8b5d-4029-a857-5f70afee6111: 576 datasets; 7.6 s; peak memory 440 MiB.
2026-10-08T22:39:02Z INFO [510/750] 761b7201-2915-4cd7-a71b-007b423b63b5: 115 datasets; 3.0 s; peak memory 440 MiB.
2026-10-08T22:39:04Z INFO [511/750] 761c12d4-7433-46d7-a011-92a980601ac2: 69 datasets; 2.0 s; peak memory 440 MiB.
2026-10-08T22:39:05Z INFO [512/750] 761c13a8-6188-4f89-ab5b-9fe3635b1ee4: 72 datasets; 1.6 s; peak memory 440 MiB.
2026-10-08T22:39:07Z INFO [513/750] 761c9b07-9e8b-4d68-8c93-2b569e67af0e: 115 datasets; 1.5 s; peak memory 440 MiB.
2026-10-08T22:39:13Z INFO [514/750] 761d6938-ab24-4a74-883f-0b9ea334f637: 747 datasets; 6.1 s; peak memory 440 MiB.
2026-10-08T22:39:14Z INFO [515/750] 761e47da-80e7-418b-89ad-fcda9b794a2b: 36 datasets; 1.3 s; peak memory 440 MiB.
2026-10-08T22:39:16Z INFO [516/750] 761e632c-a1a9-4070-9f1b-a2f01c3f847e: 118 datasets; 1.4 s; peak memory 440 MiB.
2026-10-08T22:39:20Z INFO [517/750] 761ef2ae-2c40-457c-9459-806aad9594aa: 309 datasets; 4.6 s; peak memory 440 MiB.
2026-10-08T22:39:42Z INFO [518/750] 761f3712-2e35-4e62-b78b-bbd5b572a351: 1377 datasets; 22.2 s; peak memory 440 MiB.
2026-10-08T22:39:44Z INFO [519/750] 761f5fa5-8982-4144-a540-5aa5ec6aa1ec: 117 datasets; 1.6 s; peak memory 440 MiB.
2026-10-08T22:39:45Z INFO [520/750] 761f7f19-eaac-4451-a6da-48adb5e03cff: 83 datasets; 1.3 s; peak memory 440 MiB.
2026-10-08T22:39:46Z INFO [521/750] 761f9303-e8ca-4d51-885b-0dfbb9c0fdc8: 48 datasets; 1.3 s; peak memory 440 MiB.
2026-10-08T22:39:48Z INFO [522/750] 7620d410-7212-4e8f-8f12-48ffcaa0857b: 45 datasets; 1.1 s; peak memory 440 MiB.
2026-10-08T22:39:49Z INFO [523/750] 7620e815-303b-4438-a25a-ce6aa3a010ec: 57 datasets; 1.0 s; peak memory 440 MiB.
2026-10-08T22:39:51Z INFO [524/750] 762176fb-507f-4469-a208-efafa6425ea8: 70 datasets; 2.1 s; peak memory 440 MiB.
2026-10-08T22:39:52Z INFO [525/750] 7622200d-ebc2-4498-bf1a-c7fa8f330e6a: 117 datasets; 1.5 s; peak memory 440 MiB.
2026-10-08T22:39:54Z INFO [526/750] 7622dd20-ae33-45e8-a8ff-26103bc40df6: 48 datasets; 1.4 s; peak memory 440 MiB.
2026-10-08T22:40:02Z INFO [527/750] 762312ab-48c7-4796-8a38-a1bf37e89c15: 1577 datasets; 8.2 s; peak memory 440 MiB.
2026-10-08T22:40:05Z INFO [528/750] 762396d3-d910-43a9-b238-659120fc9d1d: 156 datasets; 3.5 s; peak memory 440 MiB.
2026-10-08T22:40:07Z INFO [529/750] 76250496-428e-4a7d-864d-b717982242a0: 48 datasets; 1.4 s; peak memory 440 MiB.
2026-10-08T23:19:56Z INFO [530/750] 7625a9ed-7ea0-4d12-8a6d-d3c6379f4688: 1493 datasets; 2389.4 s; peak memory 1261 MiB.
2026-10-08T23:19:59Z INFO [531/750] 76263024-a2a2-425d-9233-af4974c6cb26: 71 datasets; 2.8 s; peak memory 1261 MiB.
2026-10-08T23:22:14Z INFO [532/750] 76263a08-3e93-4f71-bcf2-2af378c4bf83: 269 datasets; 134.9 s; peak memory 1261 MiB.
2026-10-08T23:22:15Z INFO [533/750] 762663e4-34f3-4b1e-987c-b10da53c2f70: 46 datasets; 1.3 s; peak memory 1261 MiB.
2026-10-08T23:22:32Z INFO [534/750] 7626ba5b-bc98-47da-95b1-1627758f6eef: 278 datasets; 16.5 s; peak memory 1261 MiB.
2026-10-08T23:22:33Z INFO [535/750] 7626d48a-f5c6-469e-acdc-21aacaa97586: 52 datasets; 1.2 s; peak memory 1261 MiB.
2026-10-08T23:22:36Z INFO [536/750] 76275bd9-0687-4754-ab9c-9f48e1d2a0e6: 115 datasets; 3.3 s; peak memory 1261 MiB.
2026-10-08T23:22:42Z INFO [537/750] 76278590-6833-4475-980f-3493846c45d8: 229 datasets; 6.2 s; peak memory 1261 MiB.
2026-10-08T23:22:44Z INFO [538/750] 7628b159-d993-47d9-bba8-18992551490d: 48 datasets; 1.2 s; peak memory 1261 MiB.
2026-10-08T23:22:45Z INFO [539/750] 7628de1d-d5bf-4ae6-a6ed-8da6121156c8: 48 datasets; 1.3 s; peak memory 1261 MiB.
2026-10-08T23:22:48Z INFO [540/750] 762932a2-4d1a-41cb-9938-2c3f1891cb05: 115 datasets; 3.2 s; peak memory 1261 MiB.
2026-10-08T23:22:49Z INFO [541/750] 76293601-0302-4946-8e65-c5f4ee003fcd: 46 datasets; 1.3 s; peak memory 1261 MiB.
2026-10-08T23:22:54Z INFO [542/750] 7629434f-12d6-4d62-b197-3600dd4bc183: 347 datasets; 4.2 s; peak memory 1261 MiB.
2026-10-08T23:22:55Z INFO [543/750] 7629d367-0b75-4932-806b-7d862c0ab01c: 46 datasets; 1.1 s; peak memory 1261 MiB.
2026-10-08T23:22:56Z INFO [544/750] 7629fc77-80b7-4e5f-94be-5791ae1b1c3c: 48 datasets; 1.2 s; peak memory 1261 MiB.
2026-10-08T23:22:57Z INFO [545/750] 762aac15-b019-44bb-8cd8-7c8933e865a5: 118 datasets; 1.4 s; peak memory 1261 MiB.
2026-10-08T23:22:59Z INFO [546/750] 762b1f55-6bdb-4903-970d-37af9e841d21: 52 datasets; 1.6 s; peak memory 1261 MiB.
2026-10-08T23:23:12Z INFO [547/750] 762b3203-2516-4b58-b853-45b2cd0ef24b: 598 datasets; 13.3 s; peak memory 1261 MiB.
2026-10-08T23:23:14Z INFO [548/750] 762b51cc-5a98-403b-a765-41f667b5ca3e: 112 datasets; 1.7 s; peak memory 1261 MiB.
2026-10-08T23:25:35Z INFO [549/750] 762b6965-accd-4454-b180-8b118dfffceb: 167 datasets; 140.8 s; peak memory 1261 MiB.
2026-10-08T23:25:38Z INFO [550/750] 762b8352-6ba3-4512-8232-2c7f1f34c1a7: 147 datasets; 3.0 s; peak memory 1261 MiB.
2026-10-08T23:25:38Z INFO [550/750] 762b8352-6ba3-4512-8232-2c7f1f34c1a7: checkpointed 103885 new records.
2026-10-08T23:25:41Z INFO [551/750] 762b83a9-6226-47c8-b8dd-890729e145b9: 156 datasets; 3.6 s; peak memory 1261 MiB.
2026-10-08T23:25:44Z INFO [552/750] 762c0f1f-d7be-4ab9-8254-a99c60ae884c: 69 datasets; 2.2 s; peak memory 1261 MiB.
2026-10-08T23:25:45Z INFO [553/750] 762d13a0-0bd5-428d-be6f-c2e6ad2d048a: 59 datasets; 1.6 s; peak memory 1261 MiB.
2026-10-08T23:25:46Z INFO [554/750] 762d1454-a89f-4939-8a3f-7896c2244be6: 84 datasets; 1.2 s; peak memory 1261 MiB.
2026-10-08T23:25:48Z INFO [555/750] 76303af1-b0e8-4630-94ad-9cdf6340c931: 118 datasets; 1.9 s; peak memory 1261 MiB.
2026-10-08T23:25:50Z INFO [556/750] 76305766-0594-412f-adc8-bb43c363f835: 68 datasets; 1.5 s; peak memory 1261 MiB.
2026-10-08T23:25:51Z INFO [557/750] 7630ff93-adba-4951-9608-fa47664fa256: 57 datasets; 1.0 s; peak memory 1261 MiB.
2026-10-08T23:25:52Z INFO [558/750] 76310aab-684f-432d-8198-918b06614c03: 48 datasets; 1.4 s; peak memory 1261 MiB.
2026-10-08T23:25:54Z INFO [559/750] 76317ef2-b429-4fc5-8b4c-448da1c74729: 117 datasets; 1.5 s; peak memory 1261 MiB.
2026-10-08T23:26:09Z INFO [560/750] 7631addf-a1bc-4983-8ea6-b5b3bec4211a: 6688 datasets; 15.1 s; peak memory 1261 MiB.
2026-10-08T23:26:10Z INFO [561/750] 76327e96-2f73-447f-9e69-3881086e4487: 47 datasets; 1.1 s; peak memory 1261 MiB.
2026-10-08T23:26:11Z INFO [562/750] 7632ac5c-c33d-4a9e-8460-be4750b42425: 45 datasets; 1.1 s; peak memory 1261 MiB.
2026-10-08T23:26:14Z INFO [563/750] 76331f12-a4d1-47ac-8d19-c3244b30f6df: 168 datasets; 2.9 s; peak memory 1261 MiB.
2026-10-08T23:26:27Z INFO [564/750] 76341f1e-abc1-48ca-b781-283454d82edd: 793 datasets; 13.3 s; peak memory 1261 MiB.
2026-10-08T23:26:28Z INFO [565/750] 7634560b-de01-4362-8ac9-c3e31da002f2: 48 datasets; 1.2 s; peak memory 1261 MiB.
2026-10-08T23:26:30Z INFO [566/750] 763466e8-d515-42fa-ad9c-3f5ea6c1f7bf: 118 datasets; 1.5 s; peak memory 1261 MiB.
2026-10-08T23:26:31Z INFO [567/750] 763497b7-c9cb-48dc-8caa-96f568f36a88: 48 datasets; 1.3 s; peak memory 1261 MiB.
2026-10-08T23:26:33Z INFO [568/750] 7634a46a-caf0-41bf-be82-e7d6c00c3011: 62 datasets; 2.0 s; peak memory 1261 MiB.
2026-10-08T23:26:36Z INFO [569/750] 7634be79-2bbe-4749-8e6a-edb8e743918c: 121 datasets; 2.5 s; peak memory 1261 MiB.
2026-10-08T23:26:37Z INFO [570/750] 7635604f-d3b8-4c4c-aba8-9ae23e75115e: 38 datasets; 1.1 s; peak memory 1261 MiB.
2026-10-08T23:26:40Z INFO [571/750] 7635c881-722e-4b66-821b-7b643ad490a9: 156 datasets; 3.4 s; peak memory 1261 MiB.
2026-10-08T23:26:42Z INFO [572/750] 7635cd1f-5070-4692-a634-76d421c94367: 48 datasets; 1.3 s; peak memory 1261 MiB.
2026-10-08T23:26:43Z INFO [573/750] 76370560-009f-4e17-83d4-dc4ac07fd6e2: 52 datasets; 1.6 s; peak memory 1261 MiB.
2026-10-08T23:26:45Z INFO [574/750] 763915ec-74b7-49ee-812d-b44bad121f91: 110 datasets; 1.5 s; peak memory 1261 MiB.
2026-10-08T23:26:46Z INFO [575/750] 76396f53-d210-4b3d-90f8-2d64d9321b33: 52 datasets; 1.4 s; peak memory 1261 MiB.
2026-10-08T23:27:01Z INFO [576/750] 763a9451-6eeb-41e8-91ed-55569533e7fd: 2947 datasets; 15.1 s; peak memory 1261 MiB.
2026-10-08T23:27:03Z INFO [577/750] 763c54ad-6de8-47b1-948d-b0d29f514d6e: 48 datasets; 1.2 s; peak memory 1261 MiB.
2026-10-08T23:27:04Z INFO [578/750] 763cc217-6b13-402c-b8e2-4088d2598623: 48 datasets; 1.2 s; peak memory 1261 MiB.
2026-10-08T23:27:06Z INFO [579/750] 763dcfec-779c-4e9b-b090-e89c30f26f42: 112 datasets; 1.9 s; peak memory 1261 MiB.
2026-10-08T23:27:08Z INFO [580/750] 763de3ad-4e6e-4430-aaf2-4dff67cfcdc5: 112 datasets; 1.8 s; peak memory 1261 MiB.
2026-10-08T23:27:11Z INFO [581/750] 763ea749-abb7-4947-8253-910c74ca6e48: 116 datasets; 3.2 s; peak memory 1261 MiB.
2026-10-08T23:27:13Z INFO [582/750] 763ede1a-1b75-408e-909a-188d2f2fdb0a: 64 datasets; 2.1 s; peak memory 1261 MiB.
2026-10-08T23:27:14Z INFO [583/750] 7640c153-1f6c-47c5-885a-0224d3595ae2: 48 datasets; 1.3 s; peak memory 1261 MiB.
2026-10-08T23:27:15Z INFO [584/750] 7642785d-d905-4154-ab7e-a6490a06337d: 48 datasets; 1.2 s; peak memory 1261 MiB.
2026-10-08T23:27:29Z INFO [585/750] 764289e0-61dc-4455-ab7e-0cd8e4bc4fec: 962 datasets; 14.1 s; peak memory 1261 MiB.
2026-10-08T23:27:30Z INFO [586/750] 7642ef01-edf5-4c2a-a2ed-30ac7ba86649: 45 datasets; 1.0 s; peak memory 1261 MiB.
2026-10-08T23:27:32Z INFO [587/750] 764359cf-6fa8-4060-843f-1123a8deeda5: 118 datasets; 1.5 s; peak memory 1261 MiB.
2026-10-08T23:27:34Z INFO [588/750] 764365d7-d19f-4c98-9b57-98fe350869dc: 81 datasets; 2.4 s; peak memory 1261 MiB.
2026-10-08T23:27:36Z INFO [589/750] 7643f48a-1686-45d6-9099-b7becd8748ac: 112 datasets; 1.9 s; peak memory 1261 MiB.
2026-10-08T23:27:39Z INFO [590/750] 7644342b-d770-4d42-8073-a0c35a7f45d9: 114 datasets; 3.0 s; peak memory 1261 MiB.
2026-10-08T23:27:41Z INFO [591/750] 7644be24-9cfb-4738-8fee-4860d8d300ed: 112 datasets; 2.1 s; peak memory 1261 MiB.
2026-10-08T23:27:47Z INFO [592/750] 7644d734-d091-431c-bd2f-4e7e3c644151: 223 datasets; 5.9 s; peak memory 1261 MiB.
2026-10-08T23:28:07Z INFO [593/750] 7645173b-e9ea-41cd-a4a1-8ce9970a16d3: 38 datasets; 20.3 s; peak memory 1261 MiB.
2026-10-08T23:28:08Z INFO [594/750] 7645677d-2a63-42ea-848b-af3254839f6c: 31 datasets; 1.1 s; peak memory 1261 MiB.
2026-10-08T23:28:10Z INFO [595/750] 7645bd4a-26e0-4eb6-84d6-333246baaaa0: 48 datasets; 1.3 s; peak memory 1261 MiB.
2026-10-08T23:28:11Z INFO [596/750] 7646e981-24c9-44ba-a815-47fb29b6662f: 46 datasets; 1.0 s; peak memory 1261 MiB.
2026-10-08T23:28:12Z INFO [597/750] 7647c4f2-4543-41b9-b093-14560b0ffed1: 48 datasets; 1.1 s; peak memory 1261 MiB.
2026-10-08T23:28:26Z INFO [598/750] 76481755-f8d5-4ac8-8023-fb7a283db0ad: 691 datasets; 14.5 s; peak memory 1261 MiB.
2026-10-08T23:28:28Z INFO [599/750] 7648ed47-3eea-4f6a-84d7-c782208a63c2: 102 datasets; 2.1 s; peak memory 1261 MiB.
2026-10-08T23:28:34Z INFO [600/750] 7648f8b2-c945-43ba-8abf-b32e43a8b343: 223 datasets; 5.9 s; peak memory 1261 MiB.
2026-10-08T23:28:35Z INFO [600/750] 7648f8b2-c945-43ba-8abf-b32e43a8b343: checkpointed 103935 new records.
2026-10-08T23:28:36Z INFO [601/750] 76491b69-4fdb-42ea-b8ca-90ba81dc5f16: 69 datasets; 1.7 s; peak memory 1261 MiB.
2026-10-08T23:28:38Z INFO [602/750] 76498ba3-b383-4f59-a808-7bae246b5201: 48 datasets; 1.4 s; peak memory 1261 MiB.
2026-10-08T23:29:31Z INFO [603/750] 764a244d-4d2e-456f-adfd-6a3e2d3d4bdc: 2583 datasets; 53.3 s; peak memory 1261 MiB.
2026-10-08T23:29:32Z INFO [604/750] 764a5b31-b01f-4c32-bde7-2bb745cf6c76: 117 datasets; 1.5 s; peak memory 1261 MiB.
2026-10-08T23:29:34Z INFO [605/750] 764ad7d8-6ed1-4b35-923e-5d4a85e2d353: 112 datasets; 1.9 s; peak memory 1261 MiB.
2026-10-08T23:29:36Z INFO [606/750] 764b1fae-425c-4c52-9bf4-64ac4ad2d964: 174 datasets; 1.8 s; peak memory 1261 MiB.
2026-10-08T23:29:38Z INFO [607/750] 764b2256-74d3-4ed7-a4ca-aea142650f7c: 116 datasets; 1.4 s; peak memory 1261 MiB.
2026-10-08T23:29:39Z INFO [608/750] 764b629e-e6eb-4658-8f0a-b3afb4622a82: 66 datasets; 1.9 s; peak memory 1261 MiB.
2026-10-08T23:29:44Z INFO [609/750] 764c8200-07c3-4790-a299-1c267d583aca: 233 datasets; 4.6 s; peak memory 1261 MiB.
2026-10-08T23:29:45Z INFO [610/750] 764d91c1-fd0f-4caf-9871-585220f81961: 48 datasets; 1.3 s; peak memory 1261 MiB.
2026-10-08T23:29:55Z INFO [611/750] 764de754-f7dd-41ba-bff1-7e8208ecfed4: 49 datasets; 9.3 s; peak memory 1261 MiB.
2026-10-08T23:30:06Z INFO [612/750] 764e4dfd-1112-42e6-b41b-c442669ebf25: 1240 datasets; 11.7 s; peak memory 1261 MiB.
2026-10-08T23:30:08Z INFO [613/750] 764eca10-4a71-4282-bc24-3c0452378d21: 110 datasets; 1.7 s; peak memory 1261 MiB.
2026-10-08T23:30:10Z INFO [614/750] 764f302d-0569-48c2-a72f-fee2f9062f0f: 84 datasets; 1.7 s; peak memory 1261 MiB.
2026-10-08T23:30:11Z INFO [615/750] 764fa62d-bf64-444c-8af5-46f8c8383dbc: 110 datasets; 1.7 s; peak memory 1261 MiB.
2026-10-08T23:30:13Z INFO [616/750] 764fadb5-4bb8-4168-9bb5-93890c37f618: 72 datasets; 1.6 s; peak memory 1261 MiB.
2026-10-08T23:30:15Z INFO [617/750] 764fbcd9-634c-4f8c-8d7a-04e8045c9530: 71 datasets; 2.3 s; peak memory 1261 MiB.
2026-10-08T23:30:16Z INFO [618/750] 76502bc1-421c-4e32-96d0-4dd418cec068: 48 datasets; 1.2 s; peak memory 1261 MiB.
2026-10-08T23:30:20Z INFO [619/750] 76514a87-d822-45fc-96e8-58a214103fbd: 115 datasets; 3.0 s; peak memory 1261 MiB.
2026-10-08T23:30:21Z INFO [620/750] 76518747-68f8-40a9-9299-ba77c4710c9d: 112 datasets; 1.7 s; peak memory 1261 MiB.
2026-10-08T23:30:23Z INFO [621/750] 76532c29-bfa8-49fe-b858-7be8418215ba: 132 datasets; 1.5 s; peak memory 1261 MiB.
2026-10-08T23:30:27Z INFO [622/750] 76535630-5742-4648-8cc4-f6c365f805f1: 84 datasets; 3.8 s; peak memory 1261 MiB.
2026-10-08T23:30:29Z INFO [623/750] 7653998b-810c-48ea-99ac-c0cc7639d5c6: 112 datasets; 2.0 s; peak memory 1261 MiB.
2026-10-08T23:30:40Z INFO [624/750] 7653d71d-abbe-4f3b-ba6d-dcef713d7ce9: 49 datasets; 11.1 s; peak memory 1261 MiB.
2026-10-08T23:30:41Z INFO [625/750] 7655547b-e0a6-4c8a-9bda-aff351063394: 52 datasets; 1.1 s; peak memory 1261 MiB.
2026-10-08T23:32:45Z INFO [626/750] 76558a47-bdbb-45dd-b731-195c9b7a3e46: 55 datasets; 124.5 s; peak memory 1261 MiB.
2026-10-08T23:35:31Z INFO [627/750] 76562bf2-b59b-4f27-98cc-115fc638c9d6: 257 datasets; 165.5 s; peak memory 1261 MiB.
2026-10-08T23:35:32Z INFO [628/750] 76576a4b-0a3f-43b3-ba93-4c3098cbca8d: 41 datasets; 1.3 s; peak memory 1261 MiB.
2026-10-08T23:35:33Z INFO [629/750] 7657aa6b-fd77-40b4-bdbd-d529c421f56b: 70 datasets; 1.3 s; peak memory 1261 MiB.
2026-10-08T23:39:56Z INFO [630/750] 765963cc-3139-4ea8-afc8-4507c9a796e1: 55 datasets; 262.5 s; peak memory 1261 MiB.
2026-10-08T23:40:19Z INFO [631/750] 7659b673-d42d-419e-97cf-f26d3e228e26: 48 datasets; 22.8 s; peak memory 1261 MiB.
2026-10-08T23:40:20Z INFO [632/750] 765be44b-12da-4eb0-a01b-27fd0e684a43: 48 datasets; 1.4 s; peak memory 1261 MiB.
2026-10-08T23:40:21Z INFO [633/750] 765c7276-07dd-45f6-b05e-2747f5ea6829: 48 datasets; 1.3 s; peak memory 1261 MiB.
2026-10-08T23:40:31Z INFO [634/750] 765cf976-3304-44c7-8aa5-fc6b8c9ab897: 82 datasets; 9.2 s; peak memory 1261 MiB.
2026-10-08T23:40:32Z INFO [635/750] 765d15bc-420c-4ef0-a804-7e6d48d146fa: 46 datasets; 1.0 s; peak memory 1261 MiB.
2026-10-08T23:40:33Z INFO [636/750] 765e988e-f1cf-4c0a-85a6-02ca1663ae63: 48 datasets; 1.3 s; peak memory 1261 MiB.
2026-10-08T23:40:35Z INFO [637/750] 765e9ac2-1abe-436e-bb84-82b622c32740: 117 datasets; 1.7 s; peak memory 1261 MiB.
2026-10-08T23:40:36Z INFO [638/750] 765ed047-e158-4edf-80b3-da39cf461301: 46 datasets; 1.1 s; peak memory 1261 MiB.
2026-10-08T23:40:37Z INFO [639/750] 765f0230-9c65-4ac8-87a2-7e1af66a3d24: 48 datasets; 1.5 s; peak memory 1261 MiB.
2026-10-08T23:40:39Z INFO [640/750] 765f0c97-527c-414a-b851-b0b39c9a0da2: 118 datasets; 1.6 s; peak memory 1261 MiB.
2026-10-08T23:40:42Z INFO [641/750] 7661fe9c-8a67-4839-a3b7-78800ad9c87c: 115 datasets; 2.9 s; peak memory 1261 MiB.
2026-10-08T23:40:43Z INFO [642/750] 76627677-2df3-4c0b-ada3-133896ad4d22: 116 datasets; 1.6 s; peak memory 1261 MiB.
2026-10-08T23:40:45Z INFO [643/750] 76637885-f882-4abb-897d-eeb2f3327108: 66 datasets; 1.8 s; peak memory 1261 MiB.
2026-10-08T23:40:46Z INFO [644/750] 76643a45-1c13-4fda-967d-3c3f24b2b290: 63 datasets; 1.2 s; peak memory 1261 MiB.
2026-10-08T23:40:48Z INFO [645/750] 76655d1e-5c14-420a-8c8d-191b78740a5a: 71 datasets; 2.3 s; peak memory 1261 MiB.
2026-10-08T23:40:50Z INFO [646/750] 7665fe97-4955-4e89-a666-93f4b29e2b25: 69 datasets; 1.7 s; peak memory 1261 MiB.
2026-10-08T23:41:12Z INFO [647/750] 76665e9a-d8aa-434b-9ca2-95ffaf1323ad: 48 datasets; 21.4 s; peak memory 1261 MiB.
2026-10-08T23:41:13Z INFO [648/750] 76666439-21ef-48f9-9f41-60e118864f28: 50 datasets; 1.2 s; peak memory 1261 MiB.
2026-10-08T23:41:16Z INFO [649/750] 76671f3f-fb40-4839-a868-8e4e4f236ac4: 156 datasets; 3.6 s; peak memory 1261 MiB.
2026-10-08T23:41:20Z INFO [650/750] 7668b8ee-87b3-4331-ab0e-87b7c6100640: 156 datasets; 3.9 s; peak memory 1261 MiB.
2026-10-08T23:41:21Z INFO [650/750] 7668b8ee-87b3-4331-ab0e-87b7c6100640: checkpointed 103985 new records.
2026-10-08T23:41:22Z INFO [651/750] 7668fb8a-8a04-4d12-8115-a873c3e28c89: 92 datasets; 1.3 s; peak memory 1261 MiB.
2026-10-08T23:41:24Z INFO [652/750] 766942fa-7923-4c39-8c09-738b6424497d: 117 datasets; 2.3 s; peak memory 1261 MiB.
2026-10-08T23:41:25Z INFO [653/750] 7669531a-e744-4b5d-998e-58b3875d9d08: 46 datasets; 1.3 s; peak memory 1261 MiB.
2026-10-08T23:41:26Z INFO [654/750] 7669e9c7-ef06-4d07-89c6-6fe85a390f09: 46 datasets; 1.0 s; peak memory 1261 MiB.
2026-10-08T23:41:28Z INFO [655/750] 766b2d7b-67bd-4123-a2c7-58eb5da27b2e: 48 datasets; 1.3 s; peak memory 1261 MiB.
2026-10-08T23:41:30Z INFO [656/750] 766b72cc-e41c-419e-9962-3f6e3922b9ce: 117 datasets; 1.8 s; peak memory 1261 MiB.
2026-10-08T23:41:32Z INFO [657/750] 766b80c0-e225-4fe3-af09-f90b978dabd5: 112 datasets; 2.3 s; peak memory 1261 MiB.
2026-10-08T23:41:35Z INFO [658/750] 766bc325-416b-4c7e-8584-fd4beaafd227: 115 datasets; 3.1 s; peak memory 1261 MiB.
2026-10-08T23:41:36Z INFO [659/750] 766bfdb7-43f8-4321-8a51-637405d7c206: 48 datasets; 1.2 s; peak memory 1261 MiB.
2026-10-08T23:41:38Z INFO [660/750] 766e2d6f-7ba1-4f21-9ae6-5bdb31bfaad5: 101 datasets; 2.1 s; peak memory 1261 MiB.
2026-10-08T23:41:41Z INFO [661/750] 766e2e87-55c2-4683-bdc4-3442f15d43ea: 204 datasets; 2.9 s; peak memory 1261 MiB.
2026-10-08T23:41:43Z INFO [662/750] 766e3143-f8d7-4b8e-a9a0-626e663ab37b: 48 datasets; 1.3 s; peak memory 1261 MiB.
2026-10-08T23:41:44Z INFO [663/750] 766ee555-c29d-42de-84bb-22322f55c372: 33 datasets; 1.0 s; peak memory 1261 MiB.
2026-10-08T23:41:45Z INFO [664/750] 766f34af-672f-4ee0-b9bc-031fe5b9560b: 230 datasets; 1.7 s; peak memory 1261 MiB.
2026-10-08T23:41:46Z INFO [665/750] 766fa073-eb2a-437c-b02b-cf762c45d705: 48 datasets; 1.2 s; peak memory 1261 MiB.
2026-10-08T23:41:48Z INFO [666/750] 767007a3-4998-4dac-8d96-6bf0eb8e2fe6: 117 datasets; 1.5 s; peak memory 1261 MiB.
2026-10-08T23:41:49Z INFO [667/750] 7671a9be-250b-4027-9eba-3afe5cb3752c: 46 datasets; 1.2 s; peak memory 1261 MiB.
2026-10-08T23:41:51Z INFO [668/750] 7671eda3-3450-459a-ad05-85f1cf8a39e1: 117 datasets; 1.8 s; peak memory 1261 MiB.
2026-10-08T23:41:55Z INFO [669/750] 76738375-0a10-4c4e-aff8-77213f8b27a7: 84 datasets; 4.1 s; peak memory 1261 MiB.
2026-10-08T23:41:57Z INFO [670/750] 7673e2c7-adde-478e-bd53-05caba115379: 112 datasets; 1.7 s; peak memory 1261 MiB.
2026-10-08T23:41:59Z INFO [671/750] 76742c59-3965-470b-944f-5a25817364eb: 64 datasets; 1.8 s; peak memory 1261 MiB.
2026-10-08T23:42:00Z INFO [672/750] 76745cba-4e0b-4219-83b5-00e420e04597: 110 datasets; 1.7 s; peak memory 1261 MiB.
2026-10-08T23:42:02Z INFO [673/750] 7674d9be-3a57-451b-94eb-264dc5929c67: 118 datasets; 1.5 s; peak memory 1261 MiB.
2026-10-08T23:42:05Z INFO [674/750] 76761553-e479-4c83-a02d-fb3a16485848: 114 datasets; 3.3 s; peak memory 1261 MiB.
2026-10-08T23:42:07Z INFO [675/750] 76771d62-f218-42d0-8b10-990599779524: 112 datasets; 1.9 s; peak memory 1261 MiB.
2026-10-08T23:42:08Z INFO [676/750] 76783bf0-c991-4eec-9ca3-1fbcfdda1dbc: 48 datasets; 1.4 s; peak memory 1261 MiB.
2026-10-08T23:42:10Z INFO [677/750] 76789746-4564-46c4-b273-c67454858787: 118 datasets; 1.6 s; peak memory 1261 MiB.
2026-10-08T23:42:12Z INFO [678/750] 76794ba7-c343-49f8-b44e-ae4932da726c: 64 datasets; 2.3 s; peak memory 1261 MiB.
2026-10-08T23:42:14Z INFO [679/750] 76794f56-dd83-4612-8e98-20de21c57e72: 70 datasets; 2.0 s; peak memory 1261 MiB.
2026-10-08T23:42:16Z INFO [680/750] 7679f3b1-bda0-4277-90e9-4af26aa7e2f0: 69 datasets; 1.5 s; peak memory 1261 MiB.
2026-10-08T23:42:17Z INFO [681/750] 767a6f6c-595a-41b9-bb3e-daef420af069: 50 datasets; 1.2 s; peak memory 1261 MiB.
2026-10-08T23:42:18Z INFO [682/750] 767b28cb-1713-41ab-93fd-c625dcdd0f60: 48 datasets; 1.3 s; peak memory 1261 MiB.
2026-10-08T23:42:20Z INFO [683/750] 767b86d2-1bad-4ca4-8075-7e44f35b0b84: 116 datasets; 1.6 s; peak memory 1261 MiB.
2026-10-08T23:42:21Z INFO [684/750] 767bd4d2-84be-47c4-9da2-c922a171f7b4: 46 datasets; 1.0 s; peak memory 1261 MiB.
2026-10-08T23:42:22Z INFO [685/750] 767c107e-9ccd-49ba-9c22-1571e3b6aeca: 41 datasets; 1.2 s; peak memory 1261 MiB.
2026-10-08T23:42:23Z INFO [686/750] 767c8428-f9eb-4fd2-9198-b95a46ec9278: 41 datasets; 1.2 s; peak memory 1261 MiB.
2026-10-08T23:42:25Z INFO [687/750] 767c8e66-969f-4cf7-8938-e7b07335709d: 69 datasets; 1.7 s; peak memory 1261 MiB.
2026-10-08T23:42:34Z INFO [688/750] 767da96e-7468-45b6-9c5e-b091731f3009: 366 datasets; 9.1 s; peak memory 1261 MiB.
2026-10-08T23:42:36Z INFO [689/750] 767dc625-1114-4ff5-aa0b-b7d63f5c7f6b: 51 datasets; 1.7 s; peak memory 1261 MiB.
2026-10-08T23:42:41Z INFO [690/750] 767e8076-386b-42f3-8830-2a340c5d8fb9: 225 datasets; 5.6 s; peak memory 1261 MiB.
2026-10-08T23:42:43Z INFO [691/750] 767edbb4-8b77-49bb-b026-dede6df62742: 48 datasets; 1.2 s; peak memory 1261 MiB.
2026-10-08T23:42:44Z INFO [692/750] 767f148b-eadb-46c7-863c-e9b61583ba38: 41 datasets; 1.1 s; peak memory 1261 MiB.
2026-10-08T23:42:45Z INFO [693/750] 767f48ff-f7c3-4d89-9939-1ede0d2ffa41: 116 datasets; 1.5 s; peak memory 1261 MiB.
2026-10-08T23:42:46Z INFO [694/750] 767fb4d8-03c1-4c1b-8cc3-a4193ad31b81: 39 datasets; 1.1 s; peak memory 1261 MiB.
2026-10-08T23:42:48Z INFO [695/750] 767fd09f-062d-4c6d-97ca-9b25d31cfd22: 109 datasets; 1.7 s; peak memory 1261 MiB.
2026-10-08T23:42:50Z INFO [696/750] 76801eb2-2619-498f-a07b-f88a2e4eb2b2: 117 datasets; 1.6 s; peak memory 1261 MiB.
2026-10-08T23:42:51Z INFO [697/750] 7680ceb8-8334-4899-8519-701815fbd1c2: 71 datasets; 1.7 s; peak memory 1261 MiB.
2026-10-08T23:43:43Z INFO [698/750] 76811231-10da-4ba6-86b4-8b45214d8fd4: 24461 datasets; 51.9 s; peak memory 1261 MiB.
2026-10-08T23:43:45Z INFO [699/750] 76814e0f-2e52-4a67-82ca-bd9a06d52d73: 48 datasets; 1.3 s; peak memory 1261 MiB.
2026-10-08T23:43:46Z INFO [700/750] 7681b0c8-90dd-4523-b575-de1070e6dd2f: 42 datasets; 1.5 s; peak memory 1261 MiB.
2026-10-08T23:43:46Z INFO [700/750] 7681b0c8-90dd-4523-b575-de1070e6dd2f: checkpointed 104035 new records.
2026-10-08T23:43:48Z INFO [701/750] 76843d97-2b1a-4bf7-806e-96ae2231e1e5: 111 datasets; 1.6 s; peak memory 1261 MiB.
2026-10-08T23:43:49Z INFO [702/750] 7685a7e2-e2ef-48a8-8a2b-71820da5833d: 48 datasets; 1.3 s; peak memory 1261 MiB.
2026-10-08T23:43:53Z INFO [703/750] 7685e74d-1d63-4c7a-a7d9-56738ade5b68: 80 datasets; 3.9 s; peak memory 1261 MiB.
2026-10-08T23:43:59Z INFO [704/750] 76866bd3-08cd-4028-af31-a430ae7e6049: 38 datasets; 6.0 s; peak memory 1261 MiB.
2026-10-08T23:46:35Z INFO [705/750] 7686e214-ad58-4e14-a9ba-b0f3521b21b6: 167 datasets; 155.8 s; peak memory 1261 MiB.
2026-10-08T23:46:39Z INFO [706/750] 76875ff2-1cc9-46a6-8364-48bdd413fd10: 156 datasets; 3.7 s; peak memory 1261 MiB.
2026-10-08T23:46:40Z INFO [707/750] 7687684f-7fc9-4f3d-9a2f-48840422d697: 48 datasets; 1.3 s; peak memory 1261 MiB.
2026-10-08T23:46:51Z INFO [708/750] 7687a509-0531-4e05-9ccc-a78050b04c58: 675 datasets; 10.7 s; peak memory 1261 MiB.
2026-10-08T23:46:52Z INFO [709/750] 7687d25f-a1d5-4007-9e13-53ca5aa01ec1: 48 datasets; 1.2 s; peak memory 1261 MiB.
2026-10-08T23:46:53Z INFO [710/750] 7688ff9d-9fd9-413e-8e54-8e17efc5c074: 48 datasets; 1.3 s; peak memory 1261 MiB.
2026-10-08T23:49:03Z INFO [711/750] 7689528e-7d2d-4af3-a242-c9b1c88b168e: 280 datasets; 130.1 s; peak memory 1261 MiB.
2026-10-08T23:49:08Z INFO [712/750] 768ab0ad-f606-49d2-a14b-cfaf006a720d: 538 datasets; 5.0 s; peak memory 1261 MiB.
2026-10-08T23:49:09Z INFO [713/750] 768ac088-dd02-4538-89a1-7d98c84826f3: 46 datasets; 1.1 s; peak memory 1261 MiB.
2026-10-08T23:49:12Z INFO [714/750] 768c5306-16a9-4fbe-a60e-5d14e94d2c78: 112 datasets; 2.2 s; peak memory 1261 MiB.
2026-10-08T23:49:13Z INFO [715/750] 768db24f-6e5d-457e-9a6d-8d9c41ad3147: 117 datasets; 1.5 s; peak memory 1261 MiB.
2026-10-08T23:49:14Z INFO [716/750] 768e1cbc-0b57-4f83-ba20-c4571daba286: 48 datasets; 1.4 s; peak memory 1261 MiB.
2026-10-08T23:49:22Z INFO [717/750] 768e2b7e-37c6-4ed9-90e0-cc9f47a6b4f6: 562 datasets; 7.6 s; peak memory 1261 MiB.
2026-10-08T23:49:24Z INFO [718/750] 768f5d7e-9239-40f0-a934-59cddc8dffb3: 51 datasets; 1.6 s; peak memory 1261 MiB.
2026-10-08T23:49:26Z INFO [719/750] 768fb859-b5af-4b86-a64c-fb21adfb08a1: 38 datasets; 2.6 s; peak memory 1261 MiB.
2026-10-08T23:49:27Z INFO [720/750] 769095ed-f597-44d2-9fdd-156e2ae574b4: 47 datasets; 1.2 s; peak memory 1261 MiB.
2026-10-08T23:49:29Z INFO [721/750] 7690c1ff-f914-46c5-ae48-de7d3c648e41: 46 datasets; 1.1 s; peak memory 1261 MiB.
2026-10-08T23:49:30Z INFO [722/750] 7690ebd2-2281-4728-bdfc-bbf299acf632: 43 datasets; 1.3 s; peak memory 1261 MiB.
2026-10-08T23:49:32Z INFO [723/750] 7691899e-e81f-43e6-924b-8efc98dafd64: 112 datasets; 1.8 s; peak memory 1261 MiB.
2026-10-08T23:49:43Z INFO [724/750] 7692ba5d-d008-4d37-94ff-5875438b5065: 842 datasets; 11.2 s; peak memory 1261 MiB.
2026-10-08T23:49:49Z INFO [725/750] 7692f568-7e17-45e0-92fc-2f723ea8fd6a: 229 datasets; 6.1 s; peak memory 1261 MiB.
2026-10-08T23:49:51Z INFO [726/750] 76937601-9fbd-48bd-9e5f-059e144c30e3: 51 datasets; 1.8 s; peak memory 1261 MiB.
2026-10-08T23:49:52Z INFO [727/750] 7693832b-e0d4-41da-a048-0710268c2b4c: 84 datasets; 1.2 s; peak memory 1261 MiB.
2026-10-08T23:49:53Z INFO [728/750] 7693e3bc-1047-452b-b99d-70295512bc69: 48 datasets; 1.3 s; peak memory 1261 MiB.
2026-10-08T23:49:55Z INFO [729/750] 76947c97-2886-4d13-ae24-0f9cdf2d5009: 66 datasets; 1.7 s; peak memory 1261 MiB.
2026-10-08T23:49:56Z INFO [730/750] 7694bfcf-d508-40cd-b163-a733a9439a92: 45 datasets; 1.0 s; peak memory 1261 MiB.
2026-10-08T23:49:57Z INFO [731/750] 7695ee05-9332-4e3b-ad35-492dd88c50c4: 117 datasets; 1.4 s; peak memory 1261 MiB.
2026-10-08T23:49:59Z INFO [732/750] 7696372e-5db7-4651-b989-426e6a0562b7: 50 datasets; 1.2 s; peak memory 1261 MiB.
2026-10-08T23:50:15Z INFO [733/750] 76966b55-339e-4d87-9eca-aaceebd1be0d: 1542 datasets; 16.2 s; peak memory 1261 MiB.
2026-10-08T23:50:16Z INFO [734/750] 76969474-0b39-42fc-b78a-644485dcbb41: 48 datasets; 1.2 s; peak memory 1261 MiB.
2026-10-08T23:50:18Z INFO [735/750] 76970b3d-46e6-4601-b1d7-804cc4d9b8c1: 131 datasets; 1.8 s; peak memory 1261 MiB.
2026-10-08T23:50:19Z INFO [736/750] 769830e2-70a8-4590-bb52-a2acb7061005: 48 datasets; 1.3 s; peak memory 1261 MiB.
2026-10-08T23:50:20Z INFO [737/750] 76999ed8-4106-4528-a640-4c83ca34e7d0: 48 datasets; 1.2 s; peak memory 1261 MiB.
2026-10-08T23:50:22Z INFO [738/750] 7699d95e-459e-45e5-8963-5a103414bc14: 261 datasets; 1.8 s; peak memory 1261 MiB.
2026-10-08T23:50:24Z INFO [739/750] 769a74ea-1cef-4784-b7a3-4433985f5d80: 117 datasets; 1.6 s; peak memory 1261 MiB.
2026-10-08T23:50:25Z INFO [740/750] 769b3c40-68c9-479b-928b-d362b28454a2: 48 datasets; 1.4 s; peak memory 1261 MiB.
2026-10-08T23:50:26Z INFO [741/750] 769b902d-b33c-4375-ac58-930a853ab0ea: 37 datasets; 1.0 s; peak memory 1261 MiB.
2026-10-08T23:50:28Z INFO [742/750] 769b9942-04ff-41f9-b346-00698e1d5808: 110 datasets; 1.8 s; peak memory 1261 MiB.
2026-10-08T23:50:29Z INFO [743/750] 769bd1c5-1c8b-468e-bec0-65f4c9f9c46c: 116 datasets; 1.5 s; peak memory 1261 MiB.
2026-10-08T23:50:31Z INFO [744/750] 769cd67b-2e4c-4666-88f5-79e07b6d4953: 233 datasets; 1.9 s; peak memory 1261 MiB.
2026-10-08T23:50:33Z INFO [745/750] 769d4e8e-079c-4370-84ad-3c3bde5bb119: 69 datasets; 1.9 s; peak memory 1261 MiB.
2026-10-08T23:50:37Z INFO [746/750] 769db03e-ee75-4d51-b2ae-ef5049a51cd3: 184 datasets; 4.4 s; peak memory 1261 MiB.
2026-10-08T23:50:49Z INFO [747/750] 769e071d-4d36-45bd-8e29-1a90b1fac2d7: 1027 datasets; 11.8 s; peak memory 1261 MiB.
2026-10-08T23:50:50Z INFO [748/750] 769e3a9a-48db-462e-aaf8-5acd7da59c15: 63 datasets; 1.0 s; peak memory 1261 MiB.
2026-10-08T23:50:52Z INFO [749/750] 769e53ab-44c9-4949-99b8-61aa6caad0b2: 66 datasets; 2.3 s; peak memory 1261 MiB.
2026-10-08T23:50:54Z INFO [750/750] 769e8c1f-384b-45aa-9245-4031325cc741: 48 datasets; 1.4 s; peak memory 1261 MiB.
2026-10-08T23:50:54Z INFO [750/750] 769e8c1f-384b-45aa-9245-4031325cc741: checkpointed 104085 new records.
2026-10-08T23:50:54Z INFO Wrote 104085 records to /tmp/derivatives/valid_nwb_file_to_number_of_datasets.jsonl (750 new, 0 failed) in 119.3 min (peak memory 1261 MiB).
